03-02 00:57:41.811  1507  1507 I SurfaceFlinger: [LayerHierarchy{RequestedLayerState{a5d3a68 StatusBar#109 parentId=156760} 1 children}] reparent to LayerHierarchy{RequestedLayerState{Surface(name=a5d3a68 StatusBar)/@0xd5726d6 - animation-leash of insets_animation#156760 parentId=108} 1 children}
03-02 00:57:41.811  1507  1507 I SurfaceFlinger: [LayerHierarchy{RequestedLayerState{Surface(name=c536234 NavigationBar0)/@0xfac847b - animation-leash of insets_animation#156750} no children}] reparent to OffscreenRoot
03-02 00:57:41.811  1507  1507 I SurfaceFlinger: [LayerHierarchy{RequestedLayerState{Surface(name=c536234 NavigationBar0)/@0xfac847b - animation-leash of insets_animation#156750} no children}] RelativeParent to null
03-02 00:57:41.811  1507  1507 I SurfaceFlinger: [LayerHierarchy{RequestedLayerState{Surface(name=a5d3a68 StatusBar)/@0xd5726d6 - animation-leash of insets_animation#156751} no children}] reparent to OffscreenRoot
03-02 00:57:41.811  1507  1507 I SurfaceFlinger: [LayerHierarchy{RequestedLayerState{Surface(name=a5d3a68 StatusBar)/@0xd5726d6 - animation-leash of insets_animation#156751} no children}] RelativeParent to null
03-02 00:57:41.821 14885 16783 D Native  : [TTNativeML] NativeMLTaskRunner 2.3-2.4 code：BuildInputs: CostTime 0.39 ms
03-02 00:57:41.821 14885 16783 D Native  : [TTNativeML] NativeMLTaskRunner 3-4 code：AdapterSetInputs: cost time 0.08 ms
03-02 00:57:41.821 14885 16783 D Native  : [TTNativeML] NativeMLTaskRunner 4-5 code：AdapterInference: cost time 0.35 ms
03-02 00:57:41.825 14885 14885 I System.out: SceneSafeLifecycleDispatcher: onStopped Start
03-02 00:57:41.825 14885 14885 I System.out: SAFActivity V Scene Framework: NavigationMessageQueue postSync start
03-02 00:57:41.825 14885 14885 I System.out: SAFActivity V Scene Framework: NavigationMessageQueue postSync run current task start 14_Y.ARunnableS108S0200000_32@f26a11c
03-02 00:57:41.825 14885 14885 I System.out: SAFActivity V Scene Framework: NavigationSceneManager Sync Scene SAFFragmentRootScene{79e191c} Lifecycle [STARTED -> ACTIVITY_CREATED] without saved State
03-02 00:57:41.825 14885 14885 I System.out: SAFFragmentRootScene: onStop Start (SAFFragmentRootScene{79e191c})
03-02 00:57:41.826  2991  3778 D SatelliteController: isInCarrierRoamingNbIotNtn: satellite is disabled
03-02 00:57:41.827  3438  3438 I EPDG -- SIM0 [SMARTCELLULAR]: onSignalStrengthsChanged: SignalStrength:{mCdma=Invalid,mGsm=Invalid,mWcdma=Invalid,mTdscdma=Invalid,mLte=CellSignalStrengthLte: rssi=-105 rsrp=-105 rsrq=-8 rssnr=7 cqiTableIndex=2147483647 cqi=2147483647 ta=2147483647 level=3 parametersUseForLevel=0,mNr=Invalid,SignalBarInfo{ lteLevel=2 },rat=14,primary=CellSignalStrengthLte}
03-02 00:57:41.828  3438  4395 I EPDG -- SIM0 [SMARTCELLULAR]: lastLteRSRP is -105 currentLteRSRP is -105 lastLteRSRQ is -7 currentLteRSRQ is -8 lastLteSNR is 5 currentLteSNR is 7
03-02 00:57:41.829  2991  3757 I LocationAccessPolicy: checkLocationPermission - callingUid: 10492, callingPid: 14636, result: DENIED_SOFT
03-02 00:57:41.829  2991  3757 I LocationAccessPolicy: checkLocationPermission - callingUid: 10492, callingPid: 14636, result: DENIED_SOFT
03-02 00:57:41.833 14885 14885 I System.out: SAFActivity V Scene Framework: NavigationMessageQueue postSync run current task finish 14_Y.ARunnableS108S0200000_32@f26a11c
03-02 00:57:41.833 14885 14885 I System.out: SAFActivity V Scene Framework: NavigationMessageQueue postSync finish
03-02 00:57:41.833 14885 14885 I System.out: SceneSafeLifecycleDispatcher: onStopped End STOP
03-02 00:57:41.834 14885 14885 I System.out: SAFActivity: com.ss.android.ugc.aweme.main.MainActivity@c20428f,  onStop End
03-02 00:57:41.834 14885 14885 D SV[6876039 SplashActivity]: updateSurface: surface is not valid
03-02 00:57:41.834 14885 14885 I SV[6876039 SplashActivity]: releaseSurfaces: viewRoot = VRI[SplashActivity]@35f4eb8
03-02 00:57:41.834 14885 14885 D VRI[SplashActivity]@35f4eb8: applyTransactionOnDraw applyImmediately
03-02 00:57:41.834  2013  4823 I WindowManager: Relayout Window{d64afe u0 com.podcast.app.debug/androidx.activity.ComponentActivity}: viewVisibility=0 req=900x796 ty=2 d0
03-02 00:57:41.834 14885 14885 D SV[7374587 SplashActivity]: updateSurface: surface is not valid
03-02 00:57:41.834 14885 14885 I SV[7374587 SplashActivity]: releaseSurfaces: viewRoot = VRI[SplashActivity]@35f4eb8
03-02 00:57:41.834 14885 14885 D VRI[SplashActivity]@35f4eb8: applyTransactionOnDraw applyImmediately
03-02 00:57:41.835 14885 14885 D SV[137774491 SplashActivity]: updateSurface: surface is not valid
03-02 00:57:41.835 14885 14885 I SV[137774491 SplashActivity]: releaseSurfaces: viewRoot = VRI[SplashActivity]@35f4eb8
03-02 00:57:41.835 14885 14885 D VRI[SplashActivity]@35f4eb8: applyTransactionOnDraw applyImmediately
03-02 00:57:41.835  2991  3757 I LocationAccessPolicy: checkLocationPermission - callingUid: 10492, callingPid: 14636, result: DENIED_SOFT
03-02 00:57:41.835  2991  3757 I LocationAccessPolicy: checkLocationPermission - callingUid: 10492, callingPid: 14636, result: DENIED_SOFT
03-02 00:57:41.835  1507  1562 I SurfaceFlinger: id=156761 createSurf, flag=44004, com.podcast.app.debug/androidx.activity.ComponentActivity$_17121#156761
03-02 00:57:41.837  2013  4823 I WindowManager: Relayout hash=d64afe, pid=17121, syncId=-1: mAttrs={(0,0)(wrapxwrap) gr=CENTER sim={adjust=pan} ty=APPLICATION fmt=TRANSPARENT wanim=0x1030318 surfaceInsets=Rect(90, 90 - 90, 90)
03-02 00:57:41.837  2013  4823 I WindowManager:   fl=1800002
03-02 00:57:41.837  2013  4823 I WindowManager:   pfl=40000800
03-02 00:57:41.837  2013  4823 I WindowManager:   bhv=1
03-02 00:57:41.837  2013  4823 I WindowManager:   fitTypes=207
03-02 00:57:41.837  2013  4823 I WindowManager:   frameRateBoostOnTouch=true
03-02 00:57:41.837  2013  4823 I WindowManager:   dvrrWindowFrameRateHint=true
03-02 00:57:41.837  2013  4823 I WindowManager:  dimAmount=0.6 naviIconColor=0}
03-02 00:57:41.837 14885 14885 I System.out: SAFActivity V Scene Framework: NavigationSceneManager forceExecutePendingNavigationOperation start
03-02 00:57:41.837 14885 14885 I System.out: SAFActivity V Scene Framework: NavigationMessageQueue postSync start
03-02 00:57:41.837 14885 14885 I System.out: SAFActivity V Scene Framework: NavigationMessageQueue postSync run current task start 0_Y.ARunnableS90S0000000_15@9355c88
03-02 00:57:41.837 14885 14885 I System.out: SAFActivity V Scene Framework: NavigationMessageQueue postSync run current task finish 0_Y.ARunnableS90S0000000_15@9355c88
03-02 00:57:41.837 14885 14885 I System.out: SAFActivity V Scene Framework: NavigationMessageQueue postSync finish
03-02 00:57:41.838 14885 14885 I System.out: SAFActivity V Scene Framework: NavigationSceneManager forceExecutePendingNavigationOperation finish
03-02 00:57:41.838 14885 14885 I System.out: SAFActivity: com.ss.android.ugc.aweme.main.MainActivity@c20428f,  onSaveInstanceState Start
03-02 00:57:41.838 17121 17121 I InsetsSourceConsumer: applyRequestedVisibilityToControl: visible=true, type=navigationBars, host=com.podcast.app.debug/androidx.activity.ComponentActivity
03-02 00:57:41.838 17121 17121 I InsetsSourceConsumer: applyRequestedVisibilityToControl: visible=true, type=statusBars, host=com.podcast.app.debug/androidx.activity.ComponentActivity
03-02 00:57:41.839 14885 14885 I System.out: SceneSafeLifecycleDispatcher: onSaveInstanceState Start
03-02 00:57:41.839 17121 17121 D BufferQueueConsumer: [](id:42e100000023,api:0,p:-1,c:17121) connect: controlledByApp=false
03-02 00:57:41.839 14885 14885 I System.out: SAFFragmentRootScene: onSaveInstanceState Start (SAFFragmentRootScene{79e191c})
03-02 00:57:41.839 17121 17121 I BLASTBufferQueue: [VRI[ComponentActivity]@9aac595#35](f:0,a:0,s:0) constructor()
03-02 00:57:41.839 14885 14885 I System.out: SceneSafeLifecycleDispatcher: onSaveInstanceState End STOP
03-02 00:57:41.839 14885 14885 I System.out: SAFActivity: com.ss.android.ugc.aweme.main.MainActivity@c20428f,  onSaveInstanceState End
03-02 00:57:41.839 17121 17121 I BLASTBufferQueue_Java: new BLASTBufferQueue, mName= VRI[ComponentActivity]@9aac595 mNativeObject= 0xb400007867aa1400 caller= android.view.ViewRootImpl.updateBlastSurfaceIfNeeded:3585 android.view.ViewRootImpl.relayoutWindow:11685 android.view.ViewRootImpl.performTraversals:4804 android.view.ViewRootImpl.doTraversal:3924 android.view.ViewRootImpl$TraversalRunnable.run:12903 android.view.Choreographer$CallbackRecord.run:1901 android.view.Choreographer$CallbackRecord.run:1910 android.view.Choreographer.doCallbacks:1367 android.view.Choreographer.doFrame:1292 android.view.Choreographer$FrameDisplayEventReceiver.run:1870
03-02 00:57:41.839 17121 17121 I BLASTBufferQueue_Java: update, w= 1080 h= 976 mName = VRI[ComponentActivity]@9aac595 mNativeObject= 0xb400007867aa1400 sc.mNativeObject= 0xb40000772b476640 format= -2 caller= android.view.ViewRootImpl.updateBlastSurfaceIfNeeded:3590 android.view.ViewRootImpl.relayoutWindow:11685 android.view.ViewRootImpl.performTraversals:4804 android.view.ViewRootImpl.doTraversal:3924 android.view.ViewRootImpl$TraversalRunnable.run:12903 android.view.Choreographer$CallbackRecord.run:1901
03-02 00:57:41.839 17121 17121 I BLASTBufferQueue: [VRI[ComponentActivity]@9aac595#35](f:0,a:0,s:0) update width=1080 height=976 format=-2 mTransformHint=0
03-02 00:57:41.840  2991  3757 I LocationAccessPolicy: checkLocationPermission - callingUid: 10492, callingPid: 14636, result: DENIED_SOFT
03-02 00:57:41.840 14885 14885 W System.err: onActivityPostSaveInstanceState store finished---->com.ss.android.ugc.aweme.main.MainActivity@c20428f
03-02 00:57:41.840 17121 17121 I VRI[ComponentActivity]@9aac595: Relayout returned: old=(0,80,1080,2298) new=(90,791,990,1587) relayoutAsync=false req=(900,796)0 dur=5 res=0x3 s={true 0xb40000786789e000} ch=true seqId=0
03-02 00:57:41.840 17121 17121 I VRI[ComponentActivity]@9aac595: performConfigurationChange setNightDimText nightDimLevel=0
03-02 00:57:41.841 17121 17121 D VRI[ComponentActivity]@9aac595: mThreadedRenderer.initialize() mSurface={isValid=true 0xb40000786789e000} hwInitialized=true
03-02 00:57:41.843 14885 14885 D SV[6876039 SplashActivity]: updateSurface: surface is not valid
03-02 00:57:41.843 14885 14885 I SV[6876039 SplashActivity]: releaseSurfaces: viewRoot = VRI[SplashActivity]@35f4eb8
03-02 00:57:41.843 14885 14885 D VRI[SplashActivity]@35f4eb8: applyTransactionOnDraw applyImmediately
03-02 00:57:41.843  1507  1507 I SurfaceFlinger: [com.podcast.app.debug/androidx.activity.ComponentActivity$_17121#156761] attach to parent LayerHierarchy{RequestedLayerState{d64afe com.podcast.app.debug/androidx.activity.ComponentActivity#156758 parentId=156745 z=1} 2 children}
03-02 00:57:41.843 14885 14885 D SV[7374587 SplashActivity]: updateSurface: surface is not valid
03-02 00:57:41.843 14885 14885 I SV[7374587 SplashActivity]: releaseSurfaces: viewRoot = VRI[SplashActivity]@35f4eb8
03-02 00:57:41.843 14885 14885 D VRI[SplashActivity]@35f4eb8: applyTransactionOnDraw applyImmediately
03-02 00:57:41.844 14885 14885 D SV[137774491 SplashActivity]: updateSurface: surface is not valid
03-02 00:57:41.844 14885 14885 I SV[137774491 SplashActivity]: releaseSurfaces: viewRoot = VRI[SplashActivity]@35f4eb8
03-02 00:57:41.844 14885 14885 D VRI[SplashActivity]@35f4eb8: applyTransactionOnDraw applyImmediately
03-02 00:57:41.848  1445  2902 W C2MtkBufferManager: [0xB4000070F507E520] fetchNewCcBlock: wait fence 0x0xb4000070f5058270 timed out. ret 110
03-02 00:57:41.850 17121 17121 D VRI[ComponentActivity]@9aac595: reportNextDraw android.view.ViewRootImpl.performTraversals:5443 android.view.ViewRootImpl.doTraversal:3924 android.view.ViewRootImpl$TraversalRunnable.run:12903 android.view.Choreographer$CallbackRecord.run:1901 android.view.Choreographer$CallbackRecord.run:1910
03-02 00:57:41.851 17121 17121 D VRI[ComponentActivity]@9aac595: Setup new sync=wmsSync-VRI[ComponentActivity]@9aac595#70
03-02 00:57:41.851 17121 17121 I VRI[ComponentActivity]@9aac595: Creating new active sync group VRI[ComponentActivity]@9aac595#71
03-02 00:57:41.851 17121 17121 D VRI[ComponentActivity]@9aac595: registerCallbacksForSync syncBuffer=false
03-02 00:57:41.854  1507  1507 I SurfaceFlinger: [LayerHierarchy{RequestedLayerState{com.zhiliaoapp.musically/com.ss.android.ugc.aweme.splash.SplashActivity$_14885#156725} no children}] reparent to OffscreenRoot
03-02 00:57:41.854  1507  1507 I SurfaceFlinger: [LayerHierarchy{RequestedLayerState{com.zhiliaoapp.musically/com.ss.android.ugc.aweme.splash.SplashActivity$_14885#156725} no children}] RelativeParent to null
03-02 00:57:41.856 17121 17414 D VRI[ComponentActivity]@9aac595: Received frameDrawingCallback syncResult=0 frameNum=1.
03-02 00:57:41.856 17121 17414 I VRI[ComponentActivity]@9aac595: mWNT: t=0xb4000078677d8c80 mBlastBufferQueue=0xb400007867aa1400 fn= 1 HdrRenderState mRenderHdrSdrRatio=1.0 caller= android.view.ViewRootImpl$12.onFrameDraw:15441 android.view.ThreadedRenderer$1.onFrameDraw:718 <bottom of call stack>
03-02 00:57:41.856 17121 17414 I VRI[ComponentActivity]@9aac595: Setting up sync and frameCommitCallback
03-02 00:57:41.857 14885 18452 W System.err: FlagsHookHelper: skip hook flags method getInstanceHook
03-02 00:57:41.858  1507  1507 I SurfaceFlinger: onHandleDestroyed: layerId=156725, name=com.zhiliaoapp.musically/com.ss.android.ugc.aweme.splash.SplashActivity$_14885#156725
03-02 00:57:41.858  1507  1507 I SurfaceFlinger: id=156725 Removed com.zhiliaoapp.musically/com.ss.android.ugc.aweme.splash.SplashActivity$_14885#156725 (334)
03-02 00:57:41.859 17121 17389 I BLASTBufferQueue: [VRI[ComponentActivity]@9aac595#35](f:0,a:0,s:0) onFrameAvailable the first frame is available
03-02 00:57:41.860 17121 17389 I BLASTBufferQueue: [VRI[ComponentActivity]@9aac595#35](f:0,a:1,s:0) acquireNextBufferLocked size=1080x976 mFrameNumber=1 applyTransaction=true mTimestamp=491140860643119(auto) mPendingTransactions.size=0 graphicBufferId=73534135074960 transform=0
03-02 00:57:41.860 17121 17389 I VRI[ComponentActivity]@9aac595: Received frameCommittedCallback lastAttemptedDrawFrameNum=1 didProduceBuffer=true
03-02 00:57:41.861 17121 17389 D HWUI    : CFMS:: SetUp Pid : 17121    Tid : 17389
03-02 00:57:41.861 17121 17121 D VRI[ComponentActivity]@9aac595: reportDrawFinished seqId=0
03-02 00:57:41.862  1507  1845 D SurfaceFlinger: [input] setFocusedWindow: d64afe com.podcast.app.debug/androidx.activity.ComponentActivity
03-02 00:57:41.862  1507  1845 D SurfaceFlinger: updateWinowInfo=1, setFocusedWindow timestamp=491140838620965, windowName=d64afe com.podcast.app.debug/androidx.activity.ComponentActivity
03-02 00:57:41.862 17121 17389 D HWUI    : HWUI - treat SMPTE_170M as sRGB
03-02 00:57:41.862  2013  4835 D InputDispatcher: Once focus requested (0): d64afe com.podcast.app.debug/androidx.activity.ComponentActivity
03-02 00:57:41.862  2013  4835 D InputDispatcher: Focus request (0): d64afe com.podcast.app.debug/androidx.activity.ComponentActivity but waiting because NO_WINDOW
03-02 00:57:41.862  2013  4835 D InputDispatcher: Focus left window (0): 59f13cb com.podcast.app.debug/androidx.activity.ComponentActivity
03-02 00:57:41.865  1507  1507 I SurfaceFlinger: destroyed com.zhiliaoapp.musically/com.ss.android.ugc.aweme.splash.SplashActivity$_14885#156725
03-02 00:57:41.866 17121 17121 I BLASTBufferQueue_Java: update, w= 1080 h= 976 mName = VRI[ComponentActivity]@9aac595 mNativeObject= 0xb400007867aa1400 sc.mNativeObject= 0xb40000772b476640 format= -2 caller= android.view.ViewRootImpl.updateBlastSurfaceIfNeeded:3574 android.view.ViewRootImpl.relayoutWindow:11685 android.view.ViewRootImpl.performTraversals:4804 android.view.ViewRootImpl.doTraversal:3924 android.view.ViewRootImpl$TraversalRunnable.run:12903 android.view.Choreographer$CallbackRecord.run:1901
03-02 00:57:41.866  1507  1562 I SurfaceFlinger: id=156762 createSurf, flag=24004, Surface(name=d64afe com.podcast.app.debug/androidx.activity.ComponentActivity)/@0x8d9dd44 - animation-leash of window_animation#156762
03-02 00:57:41.866 17121 17121 I VRI[ComponentActivity]@9aac595: Relayout returned: old=(90,791,990,1587) new=(90,791,990,1587) relayoutAsync=true req=(900,796)0 dur=0 res=0x0 s={true 0xb40000786789e000} ch=false seqId=0
03-02 00:57:41.869  1507  1507 I Layer   : id=156725 Destroyed com.zhiliaoapp.musically/com.ss.android.ugc.aweme.splash.SplashActivity$_14885#156725
03-02 00:57:41.871 14885 15878 W NaviWarn: StackPtr is not 8-byte aligned.
03-02 00:57:41.872 17121 17121 I VRI[ComponentActivity]@9aac595: registerCallbackForPendingTransactions
03-02 00:57:41.872  1507  1562 I SurfaceFlinger: onHandleDestroyed: layerId=156750, name=Surface(name=c536234 NavigationBar0)/@0xfac847b - animation-leash of insets_animation#156750
03-02 00:57:41.872  1507  1562 I SurfaceFlinger: id=156750 Removed Surface(name=c536234 NavigationBar0)/@0xfac847b - animation-leash of insets_animation#156750 (334)
03-02 00:57:41.873  1507  1562 I SurfaceFlinger: onHandleDestroyed: layerId=156751, name=Surface(name=a5d3a68 StatusBar)/@0xd5726d6 - animation-leash of insets_animation#156751
03-02 00:57:41.873  1507  1562 I SurfaceFlinger: id=156751 Removed Surface(name=a5d3a68 StatusBar)/@0xd5726d6 - animation-leash of insets_animation#156751 (334)
03-02 00:57:41.873 17121 17121 I ImeFocusController: onPreWindowFocus: skipped hasWindowFocus=false mHasImeFocus=true
03-02 00:57:41.873 17121 17415 I VRI[ComponentActivity]@9aac595: mWNT: t=0xb4000078677d9100 mBlastBufferQueue=0xb400007867aa1400 fn= 2 HdrRenderState mRenderHdrSdrRatio=1.0 caller= android.view.ViewRootImpl$10.onFrameDraw:6536 android.view.ViewRootImpl$4.onFrameDraw:2489 android.view.ThreadedRenderer$1.onFrameDraw:718
03-02 00:57:41.874 17121 17121 I ImeFocusController: onPostWindowFocus: skipped hasWindowFocus=false mHasImeFocus=true
03-02 00:57:41.875  1507  2128 I SurfaceFlinger: id=156763 createSurf, flag=20004, Dim Layer for - Task=44900#156763
03-02 00:57:41.876  1507  1507 I SurfaceFlinger: destroyed Surface(name=c536234 NavigationBar0)/@0xfac847b - animation-leash of insets_animation#156750
03-02 00:57:41.876  1507  1507 I SurfaceFlinger: destroyed Surface(name=a5d3a68 StatusBar)/@0xd5726d6 - animation-leash of insets_animation#156751
03-02 00:57:41.876  1507  1507 I SurfaceFlinger: [Dim Layer for - Task=44900#156763] attach to parent LayerHierarchy{RequestedLayerState{Task=44900#156744 parentId=10 z=41} 2 children}
03-02 00:57:41.876  1507  1507 I SurfaceFlinger: [Surface(name=d64afe com.podcast.app.debug/androidx.activity.ComponentActivity)/@0x8d9dd44 - animation-leash of window_animation#156762] attach to parent LayerHierarchy{RequestedLayerState{ActivityRecord{74123549 u0 com.podcast.app.debug/androidx.activity.ComponentActivity t44900}#156745 parentId=156744} 5 children}
03-02 00:57:41.877  1507  1507 I Layer   : id=156751 Destroyed Surface(name=a5d3a68 StatusBar)/@0xd5726d6 - animation-leash of insets_animation#156751
03-02 00:57:41.877  1507  1507 I Layer   : id=156750 Destroyed Surface(name=c536234 NavigationBar0)/@0xfac847b - animation-leash of insets_animation#156750
03-02 00:57:41.877  2013  4823 I WindowManager: Relayout Window{d64afe u0 com.podcast.app.debug/androidx.activity.ComponentActivity}: viewVisibility=0 req=900x796 ty=2 d0
03-02 00:57:41.881  2013  4823 I WindowManager: Relayout hash=d64afe, pid=0, syncId=-1: mAttrs={(0,0)(wrapxwrap) gr=CENTER sim={adjust=pan} ty=APPLICATION fmt=TRANSPARENT wanim=0x1030318 surfaceInsets=Rect(90, 90 - 90, 90)
03-02 00:57:41.881  2013  4823 I WindowManager:   fl=1800002
03-02 00:57:41.881  2013  4823 I WindowManager:   pfl=40000800
03-02 00:57:41.881  2013  4823 I WindowManager:   bhv=1
03-02 00:57:41.881  2013  4823 I WindowManager:   fitTypes=207
03-02 00:57:41.881  2013  4823 I WindowManager:   frameRateBoostOnTouch=true
03-02 00:57:41.881  2013  4823 I WindowManager:   dvrrWindowFrameRateHint=true
03-02 00:57:41.881  2013  4823 I WindowManager:  dimAmount=0.6 naviIconColor=0}
03-02 00:57:41.881  1507  1825 I SurfaceFlinger: Capture layer list: 	 com.podcast.app.debug/androidx.activity.ComponentActivity$_17121#156749(seamlessTransition:0)
03-02 00:57:41.887 14885 17075 W System.err: FlagsHookHelper: skip hook flags method getInstanceHook
03-02 00:57:41.887  1507  1507 I SurfaceFlinger: [Display 0 name="Built-in Screen"#49] setFrameRateCategory: High
03-02 00:57:41.887  1507  1507 I SurfaceFlinger: RequestedLayer [Surface(name=d64afe com.podcast.app.[...]ion-leash of window_animation#156762] hidden!! flag  from(1) --> to(0)
03-02 00:57:41.887  1507  1507 E SurfaceFlinger: alpha changed 1.000 -> 0.000 - Surface(name=d64afe com.podcast.app.debug/androidx.activity.ComponentActivity)/@0x8d9dd44 - animation-leash of window_animation#156762
03-02 00:57:41.887  1507  1507 I SurfaceFlinger: RequestedLayer [com.podcast.app.debug/androidx.activity.ComponentActivity$_17121#156761] hidden!! flag  from(1) --> to(0)
03-02 00:57:41.887  1507  1507 I SurfaceFlinger: RequestedLayer [Dim Layer for - Task=44900#156763] hidden!! flag  from(1) --> to(0)
03-02 00:57:41.887  1507  1507 E SurfaceFlinger: alpha changed 1.000 -> 0.000 - Dim Layer for - Task=44900#156763
03-02 00:57:41.887  1507  1507 E SurfaceFlinger: alpha changed 0.000 -> 0.000 - Surface(name=d64afe com.podcast.app.debug/androidx.activity.ComponentActivity)/@0x8d9dd44 - animation-leash of window_animation#156762
03-02 00:57:41.887  1507  1507 E SurfaceFlinger: alpha changed 0.000 -> 0.000 - Dim Layer for - Task=44900#156763
03-02 00:57:41.887  1507  1507 E SurfaceFlinger: alpha changed 0.000 -> 0.000 - Dim Layer for - Task=44900#156763
03-02 00:57:41.888  1507  1507 I SurfaceFlinger: [LayerHierarchy{RequestedLayerState{Dim Layer for - Task=44900#156763 parentId=156744 relativeParentId=156758 z=-1} no children}] reparent to LayerHierarchy{RequestedLayerState{Task=44900#156744 parentId=10 z=41} 2 children}
03-02 00:57:41.888  1507  1507 I SurfaceFlinger: [LayerHierarchy{RequestedLayerState{Dim Layer for - Task=44900#156763 parentId=156744 relativeParentId=156758 z=-1} no children}] RelativeParent to LayerHierarchy{RequestedLayerState{d64afe com.podcast.app.debug/androidx.activity.ComponentActivity#156758 parentId=156762 z=1} 3 children}
03-02 00:57:41.888  1507  1507 I SurfaceFlinger: [LayerHierarchy{RequestedLayerState{d64afe com.podcast.app.debug/androidx.activity.ComponentActivity#156758 parentId=156762 z=1} 3 children}] reparent to LayerHierarchy{RequestedLayerState{Surface(name=d64afe com.podcast.app.debug/androidx.activity.ComponentActivity)/@0x8d9dd44 - animation-leash of window_animation#156762 parentId=156745 z=1} 1 children}
03-02 00:57:41.895  2013  2575 D ConnectivityService: notifyType CALLBACK_CAP_CHANGED for [318 WIFI]
03-02 00:57:41.897 14885 15878 W NaviWarn: StackPtr is not 8-byte aligned.
03-02 00:57:41.898  3438  3438 I EPDG -- SIM0 [SMARTWIFI]: isProfiling, hash=103173838, started=true
03-02 00:57:41.898  2013  2656 I SemWifiLinkQualityMonitor: Link stat: 0 / 0 / 1.00 (160) / 58 / -70.0 || 100.0 : 58.00 / B (B) || 63618b082412: 0.241 / 33.224 / D || N N / 0 0 / Y 2.0 / Y X 0 / 491140898 0 || Invalid
03-02 00:57:41.898  2013  6778 D SemWifiUsabilityStatsMonitor: onWifiUsabilityStats - seqNum 30965, isSameBssidAndFreq true
03-02 00:57:41.898  1507  1507 E SurfaceFlinger: alpha changed 0.000 -> 0.036 - Surface(name=d64afe com.podcast.app.debug/androidx.activity.ComponentActivity)/@0x8d9dd44 - animation-leash of window_animation#156762
03-02 00:57:41.898  1507  1507 E SurfaceFlinger: alpha changed 0.000 -> 0.033 - Dim Layer for - Task=44900#156763
03-02 00:57:41.900  3438  3438 I EPDG -- SIM0 [SMARTWIFI]: isProfiling, hash=103173838, started=true
03-02 00:57:41.902 14636 14636 W JobService: onNetworkChanged() not implemented in androidx.work.impl.background.systemjob.SystemJobService. Must override in a subclass.
03-02 00:57:41.902  2013  2610 D SemWifiApNsd:Client: lpInterface:wlan0
03-02 00:57:41.903  2013  2610 D SemWifiSwitchForIndividualAppsService: stopTCPMonitoring : already stopped
03-02 00:57:41.903  2013  2610 I WifiConnectivityMonitor.NCC: sNetworkCallback(oCC) FULL : 318(valid: true/captive: false)
03-02 00:57:41.903  3438  3438 I EPDG -- SIM0 [SMARTWIFI]: Rssi : -70 highrange : -75 lowrange : -85 mIsRssiInHystersis : false
03-02 00:57:41.903  3438  3438 I EPDG -- SIM0 [SMARTWIFI]: Rssi : -70 highrange : -75 lowrange : -85 mIsRssiInHystersis : false
03-02 00:57:41.903  3438  3438 I EPDG -- SIM0 [SMARTWIFI]: Wifi signal is Upgraded : (lastStrength-86 : mWeakWifiLevel2 : mWifiRoveIn-74 : mWifiRoveOut-85 : currentStrength)-70
03-02 00:57:41.904  2746  2927 I WifiPickerTracker: NetworkCallback : onCapabilitiesChanged
03-02 00:57:41.904  2013  2610 I WifiConnectivityMonitor.NCC: [ Transports: WIFI Capabilities: NOT_METERED&INTERNET&NOT_RESTRICTED&TRUSTED&NOT_VPN&VALIDATED&NOT_ROAMING&FOREGROUND&NOT_CONGESTED&NOT_SUSPENDED&NOT_VCN_MANAGED&NOT_BANDWIDTH_CONSTRAINED LinkUpBandwidth>=12000Kbps LinkDnBandwidth>=30000Kbps TransportInfo: <SSID: <unknown ssid>, BSSID: 02:00:00:**:**:00, MAC: 02:00:00:**:**:00, IP: /192.***.*.104, Security type: 2, Supplicant state: COMPLETED, Wi-Fi standard: 11n, RSSI: -70, Link speed: 58Mbps, Tx Link speed: 58Mbps, Max Supported Tx Link speed: 150Mbps, Rx Link speed: -1Mbps, Max Supported Rx Link speed: 150Mbps, Frequency: 2412MHz, Net ID: -1, Metered hint: false, score: 60, isUsable: true, CarrierMerged: false, SubscriptionId: -1, IsPrimary: 1, Trusted: true, Restricted: false, Ephemeral: false, OEM paid: false, OEM private: false, OSU AP: false, FQDN: <none>, Provider friendly name: <none>, Requesting package name: <none><none>MLO Information: , Is TID-To-Link negotiation supported by the AP: false, AP MLD Address: <none>, AP MLO Link Id: <none>, AP MLO Affiliated links: <none>, Vendor Data: <none>> SignalStrength: -70 AdminUids: [1000] SSID: "WE617D39" UnderlyingNetworks: Null]
03-02 00:57:41.904  2746  2927 D WifiPickerTracker: updateWifiEntries capabilities
03-02 00:57:41.904  2013  2679 D WifiConnectivityMonitor: HANDLE_ON_CAPABILITIES_CHANGED
03-02 00:57:41.904  2013  2679 I WifiConnectivityMonitor: determineMode : MODE_AGG_BY_SWITCH_TO_MOBILE_DATA_OPTION
03-02 00:57:41.904  2013  2679 D OpenNetworkQos[4.00]: updateBssidNoInternet: mBssidNoInternet = false
03-02 00:57:41.904  2013  2679 D OpenNetworkQos[4.00]: getOpenNetworkQosNoInternetStatus: false
03-02 00:57:41.904  2013  2679 D OpenNetworkQos[4.00]: getOpenNetworkQosScores: 23 23 23
03-02 00:57:41.905  2013  2679 I WifiProfileShare: network QoS data was changed (internet), updateQoSData networkType: true, qosData: false
03-02 00:57:41.905  2013  2679 D WifiConnectivityMonitor: VALIDATED_DETECTED
03-02 00:57:41.905  2013  3555 V WifiProfileShare.Caster: update wips network, size: 0
03-02 00:57:41.905  2013  3555 D WifiProfileShare: nearby scanning settings run
03-02 00:57:41.905  2013  3555 D WifiProfileShare: network score provider settings enabled
03-02 00:57:41.905  2013  3555 D OpenNetworkQos[4.00]: getOpenNetworkQosScores: 23 23 23
03-02 00:57:41.905  2013  3555 D OpenNetworkQos[4.00]: getOpenNetworkQosNoInternetStatus: false
03-02 00:57:41.905  2013  3555 I WifiProfileShare.Caster: current network type: 0, score: [23, 23, 23]
03-02 00:57:41.905  2013  3555 V WifiProfileShare.Caster: captive portal configuration was set
03-02 00:57:41.906  2013  3555 V WifiProfileShare.Cache: update network score 0c:80:63:**:**:08
03-02 00:57:41.906  2013  3555 D WifiProfileShare.ScanMatcher: getMcfDataList size:1
03-02 00:57:41.906  2013  3555 I WifiProfileShare.Caster: qos data was updated , before:type:QOS, pBssid:e1:e8:04, qosData:da after:type:QOS, pBssid:e1:e8:04, qosData:da
03-02 00:57:41.906  2013  3555 I [MCFSDK_android_1.3.7026]_4_McfCasterImpl: isNetworkEnabled - type : 1 ret : true
03-02 00:57:41.906  2013  3555 D WifiProfileShare.McfCast: -ME--- mIsNetworkEnabled :true
03-02 00:57:41.906  2013  3555 D WifiProfileShare.McfCast: updateQoSData ignored, same contents
03-02 00:57:41.906  2013  3555 D WifiProfileShare.MCF: success update QosData !
03-02 00:57:41.907  1507  1507 D SurfaceFlinger: Display 4627039422300187648 HWC layers:
03-02 00:57:41.907  1507  1507 D SurfaceFlinger:        DEVICE |           73534135074956 | 00002102 | RGBA_8888    |    0.0    0.0 1080.0 2340.0 |    0    0 1080 2340 | com.podcast.app.debug/androidx.activity.ComponentActivity$_17121#156749 (2)
03-02 00:57:41.907  1507  1507 D SurfaceFlinger:   SOLID_COLOR |                        0 | 00000000 | N/A          |    0.0    0.0    0.0    0.0 |    0    0 1080 2340 | Dim Layer for - Task=44900#156763 (0)
03-02 00:57:41.907  1507  1507 D SurfaceFlinger:        DEVICE |           73534135074959 | 00002100 | RGBA_8888    |    0.0    0.0 1080.0  976.0 |    0  755 1080 1731 | com.podcast.app.debug/androidx.activity.ComponentActivity$_17121#156761 (2)
03-02 00:57:41.907  1507  1507 D SurfaceFlinger:        DEVICE |           11793980281854 | 00002100 | RGBA_8888    |    0.0    0.0 1080.0   80.0 |    0    0 1080   80 | StatusBar$_2746#117 (211208)
03-02 00:57:41.907  1507  1507 D SurfaceFlinger:        DEVICE |           13752485304097 | 00002100 | RGBA_8888    |    0.0    0.0   67.0  346.0 | 1013  454 1080  800 | com.sec.android.app.launcher/com.sam[...].app.CocktailBarService$_3202#152779 (1)
03-02 00:57:41.907  1507  1507 D SurfaceFlinger:        DEVICE |           11793980283768 | 00002100 | RGBA_8888    |    0.0
03-02 00:57:41.907  1507  1507 D SurfaceFlinger:   0.0  229.0  724.0 |  851  551 1080 1275 | VolumePanelWindow$_2746#156664 (40)
03-02 00:57:41.907  1507  1507 D SurfaceFlinger:        DEVICE |           11793980281853 | 00002100 | RGBA_8888    |    0.0    0.0 1080.0  135.0 |    0 2205 1080 2340 | NavigationBar0$_2746#113 (188213)
03-02 00:57:41.907  1507  1507 D SurfaceFlinger:
03-02 00:57:41.907  2013  3555 I [MCFSDK_android_1.3.7026]_4_McfCasterImpl: isNetworkEnabled - type : 1 ret : true
03-02 00:57:41.907  2013  3555 D WifiProfileShare.McfCast: -ME--- mIsNetworkEnabled :true
03-02 00:57:41.907  2013  3555 D WifiProfileShare.McfCast: -ME--- updatePasswordDate pwdData size:1
03-02 00:57:41.907  2013  4763 D InputDispatcher: Focus entered window (0): d64afe com.podcast.app.debug/androidx.activity.ComponentActivity
03-02 00:57:41.908  3438  3438 I EPDG -- : getSubIdFromSpecifier() : specifier null
03-02 00:57:41.908  3438  3438 I EPDG -- : getSubIdFromSpecifier() : return : 7
03-02 00:57:41.908  2746  2927 D WifiPickerTracker: update AutoHotspot Entries() : bleAccessPoints -> 0
03-02 00:57:41.908  3438  3438 I EPDG -- SIM1 [UTILS]: isWifiConnected: [type: WIFI[], state: CONNECTED/CONNECTED, reason: (unspecified), extra: , failover: false, available: true, roaming: false]
03-02 00:57:41.908  2746  2927 D WifiPickerTracker: handleNetworkCapabilitiesChanged
03-02 00:57:41.909  2746  2927 I WifiPickerTracker: DefaultNetworkCallback : onCapabilitiesChanged
03-02 00:57:41.913  5235  5999 I HBD     : g onCapabilitiesChanged network : 318 current network state : wifi
03-02 00:57:41.913  2746  2874 D WifiInteractor: get wifiIconGroup ePDGConnected : false
03-02 00:57:41.913  2746  2874 D WifiInteractor: get wifiIconGroup ePDGConnected : false
03-02 00:57:41.916 17121 17121 D VRI[ComponentActivity]@9aac595: mThreadedRenderer.initializeIfNeeded()#2 mSurface={isValid=true 0xb40000786789e000}
03-02 00:57:41.918 17121 17121 D InputMethodManagerUtils: startInputInner - Id : 0
03-02 00:57:41.918 17121 17121 I InputMethodManager: startInputInner - IInputMethodManagerGlobalInvoker.startInputOrWindowGainedFocus
03-02 00:57:41.921  1445  2902 W C2MtkBufferManager: [0xB4000070F507E520] fetchNewCcBlock: wait fence 0x0xb4000070f5058270 timed out. ret 110
03-02 00:57:41.922  3438  3438 I EPDG -- SIM0 [SMARTWIFI]: captiveAuthenticated=false
03-02 00:57:41.922  3438  3438 I EPDG -- SIM0 [SMARTWIFI]: captiveAuthenticated=false
03-02 00:57:41.922  3438  3438 I EPDG -- SIM0 [SMARTWIFI]: unable to find status about connected wifi
03-02 00:57:41.922  3438  3438 I EPDG -- SIM0 [SMARTWIFI]: setResultOfRunnableForCannotSwitchToWifi: set to false
03-02 00:57:41.922  3438  3438 I EPDG -- SIM0 [SMARTWIFI]: isCaptivePortalAuthenticated: defaultValue: true wifiLinkStatus: UNDETERMINABLE
03-02 00:57:41.923  2013  2065 D PkgPredictorService-SecIpmManagerServiceImpl: bg information pid:14885 uid:10350 pkgName:com.zhiliaoapp.musically
03-02 00:57:41.924  3438  4248 I EPDG -- SIM0 [SMARTWIFI]: isL2WHandoverProfilingRunning: returning: false
03-02 00:57:41.924  3438  4248 I EPDG -- SIM0 [SMARTCELLULAR]: setLteThreshold: Good Rsrp: -110 Low Rsrp: -118 Good Rsrq: 0 Low Rsrq: 0
03-02 00:57:41.924  3438  4248 I EPDG -- [THROTTLETIMER]: Request throttled. Time left in counter: 0 = 66812  Current time: 767678316
03-02 00:57:41.924  3438  4248 I EPDG -- SIM0 [ThrottleController]: isThrottleTimerRunning: apnType: ims. result: true
03-02 00:57:41.924  3438  4248 I EPDG -- SIM0 [EpdgSubscription]: State is throttle. Waiting for the state to be reset.
03-02 00:57:41.925  2013  2322 I ImeTracker: com.podcast.app.debug:15cffc72: onRequestHide at ORIGIN_SERVER reason HIDE_UNSPECIFIED_WINDOW fromUser false
03-02 00:57:41.926  3438  3438 I EPDG -- : getSubIdFromSpecifier() : specifier null
03-02 00:57:41.926  3438  3438 I EPDG -- : getSubIdFromSpecifier() : return : 7
03-02 00:57:41.927  3438  3438 I EPDG -- SIM1 [UTILS]: isWifiConnected: [type: WIFI[], state: CONNECTED/CONNECTED, reason: (unspecified), extra: , failover: false, available: true, roaming: false]
03-02 00:57:41.927 17121 17121 I InputMethodManager: handleMessage: setImeVisibility visible=false
03-02 00:57:41.927 14885 14885 D BBA2    : setIsFg isFg = false; delayValue 3999ms
03-02 00:57:41.927 17121 17121 D InsetsController: hide(ime(), fromIme=false)
03-02 00:57:41.928 17121 17121 I ImeTracker: com.podcast.app.debug:15cffc72: onCancelled at PHASE_CLIENT_ALREADY_HIDDEN
03-02 00:57:41.929  2013  2322 D InputTransport: Input channel constructed: 'ClientS', fd=1036
03-02 00:57:41.929 17121 17900 D InputTransport: Input channel constructed: 'ClientS', fd=192
03-02 00:57:41.929  2013  2067 I ChimeraSystemEventListener: appLaunchIntent package name is: com.podcast.app.debug.test
03-02 00:57:41.930  5235  5235 I HBD     : HoneyBoardService onFinishInput
03-02 00:57:41.931  5235  5235 I HBD     : a IC have been unbinding,  RemoteInputConnection{idHash=#d7ae581}
03-02 00:57:41.931  5235  5235 I HBD     : HoneyBoardService [PF_CL][onFinishInput]  0 ms
03-02 00:57:41.931  5235  5235 I HBD     : HoneyBoardService [IMI] onStartInput - caller pid : 17121 , caller uid : 10685
03-02 00:57:41.931  5235  5235 I HBD     : k updateConfigs
03-02 00:57:41.931  5235  5235 I HBD     : k isEnabledNightMode : true
03-02 00:57:41.931  5235  5235 I HBD     : a IC have been binding, RemoteInputConnection{idHash=#d7ae581}
03-02 00:57:41.931  5235  5235 I HBD     : h [EditorInputType]setPrivateImeOptionsToTable privateImeOptions ( null )
03-02 00:57:41.931  5235  5235 I HBD     : b incognitoMode : false
03-02 00:57:41.932  2013  2322 D InputTransport: Input channel destroyed: 'ClientS', fd=1036
03-02 00:57:41.932  5235  5235 I HBD     : c needOff = true , isForceOff = false, isNullInputClass : true
03-02 00:57:41.932  5235  5235 I HBD     : h getDefaultInputRange : UNKNOWN
03-02 00:57:41.932  5235  5235 I HBD     : h getDefaultInputRange : UNKNOWN
03-02 00:57:41.932  5235  5235 I HBD     : h getDefaultInputRange : UNKNOWN
03-02 00:57:41.933  2746  2818 D Tile.WifiTile: handleUpdateState isTransient=false transientEnabling =false cb.isTransient=false state.state = 2 mStateBeforeClick.value =false enabled =true
03-02 00:57:41.936  5235  5235 I HBD     : c needOff = true , isForceOff = false, isNullInputClass : true
03-02 00:57:41.936  5235  5235 I HBD     : c update cached prediction status : false
03-02 00:57:41.936  5235  5235 I HBD     : h getDefaultInputRange : UNKNOWN
03-02 00:57:41.936  5235  5235 I HBD     : a currentState : 0
03-02 00:57:41.936  5235  5235 I HBD     : a [UpdatePolicy] [post] a: 0 cl: 65538 kit: [0/0] vt: 0 ir: 1
03-02 00:57:41.937 32251 32293 I BugleRcsEngine: handleMessage processing message:[NOTIFY_UPTIME_IGNORE_STATE_CHANGED] with [non-null]:RcsEngineImpl reference [CONTEXT log_prefix="RcsEngineImpl[DUAL_REG]:[3ef368a4-2613]>Handler" thread_id=3358 ]
03-02 00:57:41.940  1464  1492 I mtkpower@impl: [setMode] type:5, enabled:1
03-02 00:57:41.940  2013  3441 I SemDvfsHyPerManager: acquire hyper - AMS_APP_SWITCH/2013@20, type = -999
03-02 00:57:41.940  5235  5235 I HBD     : a [NRIC] resetNoResponseState
03-02 00:57:41.940  5235  5235 I HBD     : c needOff = true , isForceOff = false, isNullInputClass : true
03-02 00:57:41.940  5235  5235 I HBD     : c update cached prediction status : false
03-02 00:57:41.940  5235  5235 I HBD     : b [AiWriter] setContact : com.podcast.app.debug
03-02 00:57:41.940 32251 32285 I BugleRcsEngine: Connected state: [1], networkType: [WIFI] [CONTEXT thread_id=3352 ]
03-02 00:57:41.941  1450  1487 I HYPER-HAL: [RequestManager.cpp]acquire(): Acquired ID : 2067581  [2013 / 20]    HINT : AMS_ACT_SWITCH    list :
03-02 00:57:41.941  1450  1487 I mtkpower_client: perf_lock_rel, hdl:76774, pid: 1450, tid:1487
03-02 00:57:41.941  4784  4784 I SemDvfsHyPerManager: acquire hyper - APP_START_SHORT/4784@15, type = -999
03-02 00:57:41.941  5235  5235 I HBD     : HoneyBoardService [PF_OP][onStartInput]  10 ms
03-02 00:57:41.941  1450  1487 I mtkpower_client: perf_lock_acq, hdl:0, dur:0, num:2, pid:1450, tid:1487
03-02 00:57:41.942  1464  1529 I libPowerHal: [perfLockRel] hdl:76774, idx:2
03-02 00:57:41.942  1507  2128 I SurfaceFlinger: id=156764 createSurf, flag=24004, Task=44901#156764
03-02 00:57:41.943  1464  1529 I libPowerHal: [PD] vendor.samsung. update cmd:1000000 param:-1 pr:6
03-02 00:57:41.943  1507  1507 I SurfaceFlinger: [Task=44901#156764] attach to parent LayerHierarchy{RequestedLayerState{DefaultTaskDisplayArea_d0#10 parentId=9} 46 children}
03-02 00:57:41.943  1464  1529 I libPowerHal: [perfLockRel] Done for hdl : 76774
03-02 00:57:41.944  1450  1487 I mtkpower_client: ret_hdl:76775
03-02 00:57:41.944  1450  1487 I mtkpower_client: perf_lock_rel, hdl:76772, pid: 1450, tid:1487
03-02 00:57:41.944  1464  1529 I libPowerHal: [perfLockAcq] idx:6 hdl:76775 hint:-1 pid:1450 tid:1487 duration:0 lock_user:vendor.samsung. => ret_hdl:76775
03-02 00:57:41.945  1464  1529 I libPowerHal: [setDvfsrcDevFreqOpp] opp:0, freq:4266000000
03-02 00:57:41.945  1464  1529 I libPowerHal: [PE] vendor.samsung. update cmd:1000000 param:0 pr:3
03-02 00:57:41.945  1464  1529 I libPowerHal: [perfLockAcq] Done for hdl : 76775
03-02 00:57:41.945  1450  1487 I mtkpower_client: perf_lock_acq, hdl:0, dur:0, num:2, pid:1450, tid:1487
03-02 00:57:41.945  1464  1529 I libPowerHal: [perfLockRel] hdl:76772, idx:8
03-02 00:57:41.945  1464  1529 I libPowerHal: [PD] vendor.samsung. update cmd:400000 param:-1 pr:6
03-02 00:57:41.946  1464  1529 I libPowerHal: [recordCPUFreqInfo] set cluster[0] min(-1): -1 max(-1): -1 cluster[1] min(-1): -1 max(-1): -1
03-02 00:57:41.947  1464  1529 I libPowerHal: [perfLockRel] Done for hdl : 76772
03-02 00:57:41.948  3438  3438 I EPDG -- SIM0 [SMARTWIFI]: captiveAuthenticated=false
03-02 00:57:41.948  3438  3438 I EPDG -- SIM0 [SMARTWIFI]: captiveAuthenticated=false
03-02 00:57:41.948  3438  3438 I EPDG -- SIM0 [SMARTWIFI]: unable to find status about connected wifi
03-02 00:57:41.948  3438  3438 I EPDG -- SIM0 [SMARTWIFI]: setResultOfRunnableForCannotSwitchToWifi: set to false
03-02 00:57:41.948  3438  3438 I EPDG -- SIM0 [SMARTWIFI]: isCaptivePortalAuthenticated: defaultValue: true wifiLinkStatus: UNDETERMINABLE
03-02 00:57:41.948  3438  3438 I EPDG -- SIM0 [SMARTWIFI]: EPDI (STRONG_WIFI_SIGNAL)
03-02 00:57:41.949  1450  1487 I mtkpower_client: ret_hdl:76776
03-02 00:57:41.949  1507  1907 I SurfaceFlinger: id=156765 createSurf, flag=84004, ActivityRecord{201383222 u0 com.podcast.app.debug.test/androidx.test.core.app.InstrumentationActivityInvoker$EmptyActivity t44901}#156765
03-02 00:57:41.949  1450  1487 I HYPER-HAL: [RequestManager.cpp]acquire(): Acquired ID : 11517615  [4784 / 15]    HINT : APP_START    list : [TIMEOUT / 1500]
03-02 00:57:41.949  1464  1529 I libPowerHal: [perfLockAcq] idx:2 hdl:76776 hint:-1 pid:1450 tid:1487 duration:0 lock_user:vendor.samsung. => ret_hdl:76776
03-02 00:57:41.949  1464  1529 I libPowerHal: [PE] vendor.samsung. update cmd:400000 param:2000000 pr:3
03-02 00:57:41.950  1464  1529 I libPowerHal: [recordCPUFreqInfo] set cluster[0] min(vendor.samsung.): 2000000 max(-1): -1 cluster[1] min(-1): -1 max(-1): -1
03-02 00:57:41.950  1464  1529 I libPowerHal: [perfLockAcq] Done for hdl : 76776
03-02 00:57:41.951  3438  3438 I EPDG -- SIM1 [SMARTWIFI]: isProfiling, hash=59853931, started=true
03-02 00:57:41.951  3438  3438 I EPDG -- SIM1 [SMARTWIFI]: isProfiling, hash=59853931, started=true
03-02 00:57:41.952  3438  3438 I EPDG -- SIM1 [SMARTWIFI]: Rssi : -70 highrange : -75 lowrange : -85 mIsRssiInHystersis : false
03-02 00:57:41.952  3438  3438 I EPDG -- SIM1 [SMARTWIFI]: Rssi : -70 highrange : -75 lowrange : -85 mIsRssiInHystersis : false
03-02 00:57:41.952  3438  3438 I EPDG -- SIM1 [SMARTWIFI]: Wifi signal is Upgraded : (lastStrength-86 : mWeakWifiLevel2 : mWifiRoveIn-74 : mWifiRoveOut-85 : currentStrength)-70
03-02 00:57:41.953  3438  3438 I EPDG -- : getSubIdFromSpecifier() : specifier null
03-02 00:57:41.953  3438  3438 I EPDG -- : getSubIdFromSpecifier() : return : 3
03-02 00:57:41.953  3438  3438 I EPDG -- SIM1 [UTILS]: isWifiConnected: [type: WIFI[], state: CONNECTED/CONNECTED, reason: (unspecified), extra: , failover: false, available: true, roaming: false]
03-02 00:57:41.954  1507  1507 I SurfaceFlinger: [ActivityRecord{201383222 u0 com.podcast.app.debug.test/androidx.test.core.app.InstrumentationActivityInvoker$EmptyActivity t44901}#156765] attach to parent LayerHierarchy{RequestedLayerState{Task=44901#156764 parentId=10} 1 children}
03-02 00:57:41.954 14636 14636 D WM-SystemJobService: onStopJob for WorkGenerationalId(workSpecId=f23029b8-b7a3-4a93-aaf6-b7c7a26dfe9e, generation=0)
03-02 00:57:41.955 14636 15263 D WM-Processor: WorkerWrapper interrupted for f23029b8-b7a3-4a93-aaf6-b7c7a26dfe9e
03-02 00:57:41.955 14636 15263 D WM-StopWorkRunnable: StopWorkRunnable for f23029b8-b7a3-4a93-aaf6-b7c7a26dfe9e; Processor.stopWork = true
03-02 00:57:41.956  2746  2808 I ViewRootImpl: dVRR is disabled
03-02 00:57:41.957  1507  1507 I BufferQueueProducer: [StatusBar$_2746#117](this:0xb400007a1be07638,id:-1,api:0,p:-1,c:1507) queueBuffer: fps=12.10 dur=1074.37 max=916.06 min=7.67
03-02 00:57:41.957  2746  2870 D NativeCustomFrequencyManager: [NativeCFMS] BpCustomFrequencyManager::BpCustomFrequencyManager()
03-02 00:57:41.959  2746  2798 D ShellDesktopMode: handleRequest: TransitionRequestInfo {type=1, tid=44901, debugId=11305}
03-02 00:57:41.959  2013  4844 I SemDvfsHyPerManager: acquire hyper - AMS_APP_LAUNCH/2013@17, type = -999
03-02 00:57:41.959  1450  1487 I HYPER-HAL: [RequestManager.cpp]acquire(): Acquired ID : 2061482  [2013 / 17]    HINT : AMS_APP_LAUNCH    list :
03-02 00:57:41.961 17121 17121 D LifecycleMonitor: Lifecycle status change: androidx.activity.ComponentActivity@59d93de in: PAUSED
03-02 00:57:41.961 17121 17121 V ActivityScenario: Update currentActivityStage to PAUSED, currentActivity=androidx.activity.ComponentActivity@59d93de
03-02 00:57:41.963  1646  2917 I CameraService: onUidStateChanged: uid=10062, procState is changed. (0 -> 1)
03-02 00:57:41.963  4784  4784 I SemDvfsHyPerManager: acquire hyper - APP_START/4784@17, type = -999
03-02 00:57:41.964  1450  1487 I HYPER-HAL: [RequestManager.cpp]acquire(): Acquired ID : 11527218  [4784 / 17]    HINT : APP_START    list :
03-02 00:57:41.968  3506  3506 E pageboostd: Received HALT command code 2
03-02 00:57:41.970  2013  2834 D InputDispatcher: Focused application(0): ActivityRecord{201383222 u0 com.podcast.app.debug.test/androidx.test.core.app.InstrumentationActivityInvoker$EmptyActivity t44901}
03-02 00:57:41.971  1646  2917 I CameraService: onUidStateChanged: uid=10492, procState is changed. (8 -> 10)
03-02 00:57:41.971  2013  4835 D GraphicsStatsService: requestRenderEngineFor(com.podcast.app.debug.test)
03-02 00:57:41.972  1507  1563 I SurfaceFlinger: id=156766 createSurf, flag=24000, Surface(name=c536234 NavigationBar0)/@0xfac847b - animation-leash of insets_animation#156766
03-02 00:57:41.973  1507  1563 I SurfaceFlinger: id=156767 createSurf, flag=24000, Surface(name=a5d3a68 StatusBar)/@0xd5726d6 - animation-leash of insets_animation#156767
03-02 00:57:41.975 14636 15264 I WM-WorkerWrapper: Work [ id=f23029b8-b7a3-4a93-aaf6-b7c7a26dfe9e, tags={ com.urbanairship.job.AirshipWorker,airship } ] was cancelled
03-02 00:57:41.975 14636 15264 I WM-WorkerWrapper: androidx.work.impl.WorkerStoppedException
03-02 00:57:41.975 14636 15264 I WM-WorkerWrapper: 	at o.setEnabledWhenDeviceHasQuirk.AnimatedBarChartKtAnimatedBarChart1112(:348)
03-02 00:57:41.975 14636 15264 I WM-WorkerWrapper: 	at o.MutableConfig.AnimatedBarChartKtAnimatedBarChart1(:439)
03-02 00:57:41.975 14636 15264 I WM-WorkerWrapper: 	at o.MutableConfig.AnimatedBarChartKtAnimatedBarChart1112(:259)
03-02 00:57:41.975 14636 15264 I WM-WorkerWrapper: 	at o.getUseCaseInfo.run(:49)
03-02 00:57:41.975 14636 15264 I WM-WorkerWrapper: 	at o.TagBundle$Architecture.run(:96)
03-02 00:57:41.975 14636 15264 I WM-WorkerWrapper: 	at java.util.concurrent.ThreadPoolExecutor.runWorker(ThreadPoolExecutor.java:1154)
03-02 00:57:41.975 14636 15264 I WM-WorkerWrapper: 	at java.util.concurrent.ThreadPoolExecutor$Worker.run(ThreadPoolExecutor.java:652)
03-02 00:57:41.975 14636 15264 I WM-WorkerWrapper: 	at java.lang.Thread.run(Thread.java:1563)
03-02 00:57:41.976  1507  1507 I SurfaceFlinger: [Surface(name=c536234 NavigationBar0)/@0xfac847b - animation-leash of insets_animation#156766] attach to parent LayerHierarchy{RequestedLayerState{WindowToken{5cf38d1 type=2019 android.os.BinderProxy@916675b}#101 parentId=34} 2 children}
03-02 00:57:41.976  1507  1507 I SurfaceFlinger: [Surface(name=a5d3a68 StatusBar)/@0xd5726d6 - animation-leash of insets_animation#156767] attach to parent LayerHierarchy{RequestedLayerState{WindowToken{d05298b type=2000 android.os.BinderProxy@163b705}#108 parentId=17} 2 children}
03-02 00:57:41.977 14636 15264 D WM-WorkerWrapper: Status for f23029b8-b7a3-4a93-aaf6-b7c7a26dfe9e is RUNNING; not doing any work and rescheduling for later execution
03-02 00:57:41.979  2013  4829 D InputTransport: Input channel constructed: '3a261f ', fd=1036
03-02 00:57:41.979  2013  4829 D InputTransport: Input channel constructed: '3a261f ', fd=1074
03-02 00:57:41.979  2013  4829 D InputTransport: Input channel constructed: '3a261f ', fd=1119
03-02 00:57:41.979  2013  4829 D InputTransport: Input channel destroyed: '3a261f ', fd=1074
03-02 00:57:41.979  3438  3438 I EPDG -- SIM1 [SMARTWIFI]: captiveAuthenticated=false
03-02 00:57:41.979  3438  3438 I EPDG -- SIM1 [SMARTWIFI]: captiveAuthenticated=false
03-02 00:57:41.979  3438  3438 I EPDG -- SIM1 [SMARTWIFI]: unable to find status about connected wifi
03-02 00:57:41.979  3438  3438 I EPDG -- SIM1 [SMARTWIFI]: setResultOfRunnableForCannotSwitchToWifi: set to false
03-02 00:57:41.980  1507  1563 I SurfaceFlinger: id=156768 createSurf, flag=84004, 3a261f Splash Screen com.podcast.app.debug.test#156768
03-02 00:57:41.980  3438  3438 I EPDG -- SIM1 [SMARTWIFI]: isCaptivePortalAuthenticated: defaultValue: true wifiLinkStatus: UNDETERMINABLE
03-02 00:57:41.981 14636 14636 D WM-Processor: MutableConfig f23029b8-b7a3-4a93-aaf6-b7c7a26dfe9e executed; reschedule = true
03-02 00:57:41.981  3438  3438 I EPDG -- : getSubIdFromSpecifier() : specifier null
03-02 00:57:41.981  3438  3438 I EPDG -- : getSubIdFromSpecifier() : return : 3
03-02 00:57:41.982  3438  3438 I EPDG -- SIM1 [UTILS]: isWifiConnected: [type: WIFI[], state: CONNECTED/CONNECTED, reason: (unspecified), extra: , failover: false, available: true, roaming: false]
03-02 00:57:41.983  3438  4274 I EPDG -- SIM1 [SMARTWIFI]: isL2WHandoverProfilingRunning: returning: false
03-02 00:57:41.983  3438  4274 I EPDG -- SIM1 [SMARTCELLULAR]: setLteThreshold: Good Rsrp: -110 Low Rsrp: -118 Good Rsrq: 0 Low Rsrq: 0
03-02 00:57:41.983  3438  4274 I EPDG -- SIM1 [ThrottleController]: isThrottleTimerRunning: apnType: ims. result: false
03-02 00:57:41.983  3438  4274 I EPDG -- SIM1 [EpdgSubscription]: No SM for apnType: ims
03-02 00:57:41.983  3438  4274 I EPDG -- SIM1 [EpdgSubscription]: isPdnConnectedOverCellularData: returning result: false for apnType: ims
03-02 00:57:41.983  3438  4274 I EPDG -- SIM1 [EpdgSubscription]: No SM for apnType: emergency
03-02 00:57:41.983  3438  4274 I EPDG -- SIM1 [EpdgSubscription]: isPdnConnectedOverCellularData: returning result: false for apnType: emergency
03-02 00:57:41.983  3438  4274 I EPDG -- SIM1 [HO_OPTIMIZATION]: [OH_CRITERIA]RSSI (-70) >= TH (-74)
03-02 00:57:41.983  3438  4274 I EPDG -- SIM1 [HO_OPTIMIZATION]: [OH_CRITERIA] WLAN is available :true
03-02 00:57:41.983  3438  4274 I EPDG -- SIM1 [EPDG-->RIL]: SEND NET REGISTER -- EPDG AVAILABLE
03-02 00:57:41.983  2013  4829 D InputTransport: Input channel destroyed: '3a261f ', fd=1119
03-02 00:57:41.984  1507  1563 I SurfaceFlinger: id=156769 createSurf, flag=24004, Surface(name=2141cda InputMethod)/@0x5ea0b56 - animation-leash of insets_animation#156769
03-02 00:57:41.984  2013  4763 I ImeTracker: system_server:6e66c662: onRequestHide at ORIGIN_SERVER reason IME_REQUESTED_CHANGED_LISTENER fromUser false
03-02 00:57:41.986  3438  4274 I EPDG -- SIM1 [IPCDISPATCHER]: [Tx]: Main: IPC_NET_CMD Sub: IPC_NET_REGIST Cmd Type: IPC_CMD_NOTI Param: 30 03 02 00 00 00 00 00 00 00 00 00 00 00 00 00 00 00 00 00
03-02 00:57:41.987  3438  4274 I EPDG -- SIM1 [EpdgSubscription]: updateEpdgHoThreshold: lteRsrpRovein: 110 lteRsrpRoveout: 118 lteRsrqRovein: 255 lteRsrqRoveout: 255 lteSinrRovein: 0 lteSinrRoveout: 0 3gRscpRovein: 100 3gRscpRoveout: 110
