03-02 00:57:45.586 17532 17532 D VRI[InstrumentationActivityInvoker$EmptyActivity]@422cc61: Not drawing due to not visible. Reason=!mAppVisible && !mForceDecorViewVisibility
03-02 00:57:45.587 17532 17563 D HWUI    : CacheManager::trimMemory(40)
03-02 00:57:45.589  1464  1492 I mtkpower@impl: [setMode] type:6, enabled:1
03-02 00:57:45.589  1464  1492 E mtkpower@impl: [setMode] unknown type
03-02 00:57:45.590  2013  4763 W ParceledListSlice: Element #30 is 21544 bytes.
03-02 00:57:45.591  1507  1507 I BufferQueueProducer: [FramebufferSurface](this:0xb400007a458f0370,id:-1,api:1,p:1507,c:1507) queueBuffer: fps=45.74 dur=1333.55 max=422.07 min=5.89
03-02 00:57:45.593 17532 17532 I VRI[InstrumentationActivityInvoker$EmptyActivity]@422cc61: stopped(true) old = false
03-02 00:57:45.595 17532 17532 D VRI[InstrumentationActivityInvoker$EmptyActivity]@422cc61: WindowStopped on com.podcast.app.debug.test/androidx.test.core.app.InstrumentationActivityInvoker$EmptyActivity set to true
03-02 00:57:45.597  1507  2393 I SurfaceFlinger: id=156906 createSurf, flag=24000, Surface(name=cc2a3a6 com.podcast.app.debug/androidx.activity.ComponentActivity)/@0x42b4542 - animation-leash of starting_reveal#156906
03-02 00:57:45.599 17532 17532 W WindowOnBackDispatcher: sendCancelIfRunning: isInProgress=false callback=android.view.ViewRootImpl$$ExternalSyntheticLambda16@85ecd9d
03-02 00:57:45.599  2013  4823 D InputDispatcher: Focus entered window (0): cc2a3a6 com.podcast.app.debug/androidx.activity.ComponentActivity
03-02 00:57:45.600 17532 17532 D ViewRootImpl: Skipping stats log for color mode
03-02 00:57:45.600 17532 17532 I VRI[InstrumentationActivityInvoker$EmptyActivity]@422cc61: dispatchDetachedFromWindow
03-02 00:57:45.602  2746  2798 D ShellTaskOrganizer: removeStartingWindow, removalInfo=StartingWindowRemovalInfo{taskId=44906 frame=Rect(0, 0 - 1080, 2340) playRevealAnimation=true roundedCornerRadius=0.0 deferRemoveMode=0 windowlessSurface=false removeImmediately=false}
03-02 00:57:45.602 17121 17121 D VRI[ComponentActivity]@d21f893: mThreadedRenderer.initializeIfNeeded()#2 mSurface={isValid=true 0xb400007837ca5a00}
03-02 00:57:45.602  2013  4763 D InputTransport: Input channel destroyed: 'c7eceaa', fd=1119
03-02 00:57:45.602 17121 17121 D InputMethodManagerUtils: startInputInner - Id : 0
03-02 00:57:45.602 17121 17121 I InputMethodManager: startInputInner - IInputMethodManagerGlobalInvoker.startInputOrWindowGainedFocus
03-02 00:57:45.602  2013  2065 D PkgPredictorService-SecIpmManagerServiceImpl: bg information pid:17532 uid:10687 pkgName:com.podcast.app.debug.test
03-02 00:57:45.604  2013  3345 W system_server: Large reply transaction of 325152 bytes, interface descriptor android.app.IActivityTaskManager, code 26
03-02 00:57:45.605  1507  1507 E SurfaceFlinger: alpha changed 0.000 -> 0.013 - DimTransitionLayer for Surface(name=Task=44906)/@0xc034bc8#156905
03-02 00:57:45.605  1507  1507 I SurfaceFlinger: [Surface(name=cc2a3a6 com.podcast.app.debug/androidx.activity.ComponentActivity)/@0x42b4542 - animation-leash of starting_reveal#156906] attach to parent LayerHierarchy{RequestedLayerState{ActivityRecord{110822610 u0 com.podcast.app.debug/androidx.activity.ComponentActivity t44906}#156896 parentId=156895} 4 children}
03-02 00:57:45.609 17532 17532 D InputTransport: Input channel destroyed: 'c7eceaa', fd=119
03-02 00:57:45.610  2746  2865 I VRI[debug]@ff4da44: mWNT: t=0xb40000771f55fd00 mBlastBufferQueue=0xb40000772ae65c00 fn= 2 HdrRenderState mRenderHdrSdrRatio=1.0 caller= android.view.SyncRtSurfaceTransactionApplier.applyTransaction:100 android.view.SyncRtSurfaceTransactionApplier.lambda$scheduleApply$0:73 android.view.SyncRtSurfaceTransactionApplier.$r8$lambda$afI4fXg3U3-nBZQEDQMiNy-B06s:0
03-02 00:57:45.610  2746  2865 I VRI[debug]@ff4da44: mWNT: t=0xb40000771f55fe80 mBlastBufferQueue=0xb40000772ae65c00 fn= 2 HdrRenderState mRenderHdrSdrRatio=1.0 caller= android.view.SyncRtSurfaceTransactionApplier.applyTransaction:100 android.view.SyncRtSurfaceTransactionApplier.lambda$scheduleApply$0:73 android.view.SyncRtSurfaceTransactionApplier.$r8$lambda$afI4fXg3U3-nBZQEDQMiNy-B06s:0
03-02 00:57:45.610  2013  2322 I ImeTracker: com.podcast.app.debug:6e725f7d: onRequestHide at ORIGIN_SERVER reason HIDE_UNSPECIFIED_WINDOW fromUser false
03-02 00:57:45.612 17121 17121 I InputMethodManager: handleMessage: setImeVisibility visible=false
03-02 00:57:45.612 17121 17121 D InsetsController: hide(ime(), fromIme=false)
03-02 00:57:45.612 17121 17121 I ImeTracker: com.podcast.app.debug:6e725f7d: onCancelled at PHASE_CLIENT_ALREADY_HIDDEN
03-02 00:57:45.613  1507  1507 D SurfaceFlinger: Display 4627039422300187648 HWC layers:
03-02 00:57:45.613  1507  1507 D SurfaceFlinger:   SOLID_COLOR |                        0 | 00000002 | N/A          |    0.0    0.0    0.0    0.0 |    0    0   -1   -1 | Background for 68eb87 SurfaceView[co[...]weme.splash.SplashActivity]@0#156881 (0)
03-02 00:57:45.613  1507  1507 D SurfaceFlinger:        CLIENT |                        0 | 00000002 | N/A          |    0.0    0.0    0.0    0.0 |    0   80 1059 2000 | Background for 7086fb SurfaceView[co[...]weme.splash.SplashActivity]@0#156884 (0)
03-02 00:57:45.613  1507  1507 D SurfaceFlinger:   SOLID_COLOR |                        0 | 00000002 | N/A          |    0.0    0.0    0.0    0.0 |    0    0   -1   -1 | Background for 836459b SurfaceView[c[...]weme.splash.SplashActivity]@0#156887 (0)
03-02 00:57:45.613  1507  1507 D SurfaceFlinger:        CLIENT |           63930588202280 | 00002100 | RGBA_8888    |   21.0    0.0 1080.0 2340.0 |    0    0 1080 2340 | com.zhiliaoapp.musically/com.ss.andr[...].splash.SplashActivity$_14885#156875 (4)
03-02 00:57:45.613  1507  1507 D SurfaceFlinger:   SOLID_COLOR |                        0 | 00000000 | N/A          |    0.0    0.0    0.0    0.0 |    0    0 1080 2340 | DimTransitionLayer for Surface(name=Task=44906)/@0
03-02 00:57:45.613  1507  1507 D SurfaceFlinger: xc034bc8#156905 (0)
03-02 00:57:45.613  1507  1507 D SurfaceFlinger:        DEVICE |           73534135074969 | 00002102 | RGBA_8888    |    0.0    0.0   68.0 2340.0 | 1012    0 1080 2340 | com.podcast.app.debug/androidx.activity.ComponentActivity$_17121#156898 (1)
03-02 00:57:45.613  1507  1507 D SurfaceFlinger:        DEVICE |           11793980283882 | 00002100 | RGBA_8888    |    0.0    0.0   68.0 2340.0 | 1012    0 1080 2340 | Splash Screen com.podcast.app.debug$_2746#156902 (1)
03-02 00:57:45.613  1507  1507 D SurfaceFlinger:        DEVICE |           11793980281879 | 00002100 | RGBA_8888    |    0.0    0.0 1080.0   80.0 |    0    0 1080   80 | StatusBar$_2746#117 (211269)
03-02 00:57:45.613  1507  1507 D SurfaceFlinger:        DEVICE |           13752485304097 | 00002100 | RGBA_8888    |    0.0    0.0   67.0  346.0 | 1013  454 1080  800 | com.sec.android.app.launcher/com.sam[...].app.CocktailBarService$_3202#152779 (1)
03-02 00:57:45.613  1507  1507 D SurfaceFlinger:        DEVICE |           11793980283856 | 00002100 | RGBA_8888    |    0.0    0.0  229.0  724.0 |  851  551 1080 1275 | VolumePanelWindow$_2746#156850 (47)
03-02 00:57:45.613  1507  1507 D SurfaceFlinger:        DEVICE |           11793980281862 | 00002100 | RGBA_8888    |    0.0    0.0 1080.0  135.0 |    0 2205 1080 2340 | N
03-02 00:57:45.613  1507  1507 D SurfaceFlinger: avigationBar0$_2746#113 (188300)
03-02 00:57:45.613  1507  1507 D SurfaceFlinger:
03-02 00:57:45.614 10943 10943 I AudioManagerWrapper: getCurrentMediaVolume() : current media volume is 5
03-02 00:57:45.615 14885 14885 D InputTransport: Input channel destroyed: 'ClientS', fd=727
03-02 00:57:45.618  2746  2866 I VRI[debug]@ff4da44: mWNT: t=0xb40000771f6f0000 mBlastBufferQueue=0xb40000772ae65c00 fn= 3 HdrRenderState mRenderHdrSdrRatio=1.0 caller= android.view.SyncRtSurfaceTransactionApplier.applyTransaction:100 android.view.SyncRtSurfaceTransactionApplier.lambda$scheduleApply$0:73 android.view.SyncRtSurfaceTransactionApplier.$r8$lambda$afI4fXg3U3-nBZQEDQMiNy-B06s:0
03-02 00:57:45.619  1445 18689 W C2MtkBufferManager: [0xB4000070F68A8D20] fetchNewCcBlock: wait fence 0x0xb4000070f692fcb0 timed out. ret 110
03-02 00:57:45.622  2013  4843 W ParceledListSlice: Element #30 is 21544 bytes.
03-02 00:57:45.622  1507  1563 I SurfaceFlinger: onHandleDestroyed: layerId=156889, name=5b747f2 ActivityRecordInputSink com.podcast.app.debug.test/androidx.test.core.app.InstrumentationActivityInvoker$EmptyActivity#156889
03-02 00:57:45.622  1507  1563 I SurfaceFlinger: id=156889 Removed 5b747f2 ActivityRecordInputSink com.podcast.app.debug.test/androidx.test.core.app.InstrumentationActivityInvoker$EmptyActivity#156889 (343)
03-02 00:57:45.623  1507  1907 I SurfaceFlinger: id=156907 createSurf, flag=24004, Task=44905#156907
03-02 00:57:45.626  1445  2902 W C2MtkBufferManager: [0xB4000070F507E520] fetchNewCcBlock: wait fence 0x0xb4000070f5058270 timed out. ret 110
03-02 00:57:45.627  1507  1507 I SurfaceFlinger: [LayerHierarchy{RequestedLayerState{c7eceaa com.podcast.app.debug.test/androidx.test.core.app.InstrumentationActivityInvoker$EmptyActivity#156866} 1 children}] reparent to OffscreenRoot
03-02 00:57:45.627  1507  1507 I SurfaceFlinger: [LayerHierarchy{RequestedLayerState{c7eceaa com.podcast.app.debug.test/androidx.test.core.app.InstrumentationActivityInvoker$EmptyActivity#156866} 1 children}] RelativeParent to null
03-02 00:57:45.627  1507  1507 I SurfaceFlinger: [LayerHierarchy{RequestedLayerState{com.podcast.app.debug.test/androidx.test.core.app.InstrumentationActivityInvoker$EmptyActivity$_17532#156868} no children}] reparent to OffscreenRoot
03-02 00:57:45.627  1507  1507 I SurfaceFlinger: [LayerHierarchy{RequestedLayerState{com.podcast.app.debug.test/androidx.test.core.app.InstrumentationActivityInvoker$EmptyActivity$_17532#156868} no children}] RelativeParent to null
03-02 00:57:45.627  1507  1507 I SurfaceFlinger: [LayerHierarchy{RequestedLayerState{cc2a3a6 com.podcast.app.debug/androidx.activity.ComponentActivity#156897 parentId=156906} 1 children}] reparent to LayerHierarchy{RequestedLayerState{Surface(name=cc2a3a6 com.podcast.app.debug/androidx.activity.ComponentActivity)/@0x42b4542 - animation-leash of starting_reveal#156906 parentId=156896} 1 children}
03-02 00:57:45.627  1507  1507 I SurfaceFlinger: [Task=44905#156907] attach to parent Root
03-02 00:57:45.631  2013  4763 W system_server: Large reply transaction of 325152 bytes, interface descriptor android.app.IActivityTaskManager, code 26
03-02 00:57:45.632  1507  1507 I SurfaceFlinger: onHandleDestroyed: layerId=156866, name=c7eceaa com.podcast.app.debug.test/androidx.test.core.app.InstrumentationActivityInvoker$EmptyActivity#156866
03-02 00:57:45.632  1507  1507 I SurfaceFlinger: id=156866 Removed c7eceaa com.podcast.app.debug.test/androidx.test.core.app.InstrumentationActivityInvoker$EmptyActivity#156866 (344)
03-02 00:57:45.632  1507  1507 I SurfaceFlinger: onHandleDestroyed: layerId=156868, name=com.podcast.app.debug.test/androidx.test.core.app.InstrumentationActivityInvoker$EmptyActivity$_17532#156868
03-02 00:57:45.632  1507  1507 I SurfaceFlinger: id=156868 Removed com.podcast.app.debug.test/androidx.test.core.app.InstrumentationActivityInvoker$EmptyActivity$_17532#156868 (344)
03-02 00:57:45.633  3202 31843 I HoneySpace.RecentTasks: onRunningTaskVanished
03-02 00:57:45.634  3202 31843 I HoneySpace.RecentTasks: onRecentTasksChanged
03-02 00:57:45.637  2746  2865 I VRI[debug]@ff4da44: mWNT: t=0xb40000772adfc600 mBlastBufferQueue=0xb40000772ae65c00 fn= 4 HdrRenderState mRenderHdrSdrRatio=1.0 caller= android.view.SyncRtSurfaceTransactionApplier.applyTransaction:100 android.view.SyncRtSurfaceTransactionApplier.lambda$scheduleApply$0:73 android.view.SyncRtSurfaceTransactionApplier.$r8$lambda$afI4fXg3U3-nBZQEDQMiNy-B06s:0
03-02 00:57:45.638  3202  3202 I HoneySpace.TaskStackChangeRepositoryImpl: onTaskRemoved : 44905
03-02 00:57:45.638  3202  3202 I HoneySpace.TaskListViewModel[160530624]: taskRemoveId, 44905
03-02 00:57:45.639  3202  3202 W HoneySpace.TaskListViewModel[160530624]: task is already removed: 44905
03-02 00:57:45.639  2013  2322 D InputTransport: Input channel constructed: 'ClientS', fd=1116
03-02 00:57:45.639  3202  3386 I HoneySpace.TopTaskSource: onTaskRemoved: 44905
03-02 00:57:45.639  2013  2322 D InputTransport: Input channel destroyed: 'ClientS', fd=1116
03-02 00:57:45.640  3202  3202 I HoneySpace.TaskStackChangeRepositoryImpl: onTaskRemoved : 44905
03-02 00:57:45.641  3202  3202 I HoneySpace.TaskListViewModel[160530624]: taskRemoveId, 44905
03-02 00:57:45.641  1507  1507 I SurfaceFlinger: destroyed c7eceaa com.podcast.app.debug.test/androidx.test.core.app.InstrumentationActivityInvoker$EmptyActivity#156866
03-02 00:57:45.641  1507  1507 I SurfaceFlinger: destroyed com.podcast.app.debug.test/androidx.test.core.app.InstrumentationActivityInvoker$EmptyActivity$_17532#156868
03-02 00:57:45.641  1507  1507 I SurfaceFlinger: [LayerHierarchy{RequestedLayerState{Task=44905#156863 z=40} 1 children}] reparent to OffscreenRoot
03-02 00:57:45.641  3202  3202 W HoneySpace.TaskListViewModel[160530624]: task is already removed: 44905
03-02 00:57:45.641  1507  1507 I SurfaceFlinger: [LayerHierarchy{RequestedLayerState{Task=44905#156863 z=40} 1 children}] RelativeParent to null
03-02 00:57:45.641  1507  1507 I SurfaceFlinger: [LayerHierarchy{RequestedLayerState{ActivityRecord{141831360 u0 com.podcast.app.debug.test/androidx.test.core.app.InstrumentationActivityInvoker$EmptyActivity t44905}#156864} 1 children}] reparent to OffscreenRoot
03-02 00:57:45.641  1507  1507 I SurfaceFlinger: [LayerHierarchy{RequestedLayerState{ActivityRecord{141831360 u0 com.podcast.app.debug.test/androidx.test.core.app.InstrumentationActivityInvoker$EmptyActivity t44905}#156864} 1 children}] RelativeParent to null
03-02 00:57:45.641  1507  1507 I SurfaceFlinger: [LayerHierarchy{RequestedLayerState{Task=44905#156907 z=40} no children}] reparent to OffscreenRoot
03-02 00:57:45.641  1507  1507 I SurfaceFlinger: [LayerHierarchy{RequestedLayerState{Task=44905#156907 z=40} no children}] RelativeParent to null
03-02 00:57:45.642 17121 17133 D InputTransport: Input channel constructed: 'ClientS', fd=156
03-02 00:57:45.645  5235  5235 I HBD     : HoneyBoardService onFinishInput
03-02 00:57:45.646  1507  1507 I Layer   : id=156868 Destroyed com.podcast.app.debug.test/androidx.test.core.app.InstrumentationActivityInvoker$EmptyActivity$_17532#156868
03-02 00:57:45.646  1507  1507 I Layer   : id=156866 Destroyed c7eceaa com.podcast.app.debug.test/androidx.test.core.app.InstrumentationActivityInvoker$EmptyActivity#156866
03-02 00:57:45.647  1507  1507 I SurfaceFlinger: onHandleDestroyed: layerId=156907, name=Task=44905#156907
03-02 00:57:45.647  1507  1507 I SurfaceFlinger: id=156907 Removed Task=44905#156907 (342)
03-02 00:57:45.647  1507  1507 I SurfaceFlinger: onHandleDestroyed: layerId=156864, name=ActivityRecord{141831360 u0 com.podcast.app.debug.test/androidx.test.core.app.InstrumentationActivityInvoker$EmptyActivity t44905}#156864
03-02 00:57:45.647  1507  1507 I SurfaceFlinger: id=156864 Removed ActivityRecord{141831360 u0 com.podcast.app.debug.test/androidx.test.core.app.InstrumentationActivityInvoker$EmptyActivity t44905}#156864 (342)
03-02 00:57:45.648  5235  5235 I HBD     : a IC have been unbinding,  RemoteInputConnection{idHash=#8731110}
03-02 00:57:45.648  5235  5235 I HBD     : HoneyBoardService [PF_CL][onFinishInput]  2 ms
03-02 00:57:45.648  1507  1907 I SurfaceFlinger: id=156908 createSurf, flag=24004, Surface(name=2141cda InputMethod)/@0x5ea0b56 - animation-leash of insets_animation#156908
03-02 00:57:45.648  2746  2866 I VRI[debug]@ff4da44: mWNT: t=0xb40000772adfd380 mBlastBufferQueue=0xb40000772ae65c00 fn= 5 HdrRenderState mRenderHdrSdrRatio=1.0 caller= android.view.SyncRtSurfaceTransactionApplier.applyTransaction:100 android.view.SyncRtSurfaceTransactionApplier.lambda$scheduleApply$0:73 android.view.SyncRtSurfaceTransactionApplier.$r8$lambda$afI4fXg3U3-nBZQEDQMiNy-B06s:0
03-02 00:57:45.649  5235  5235 I HBD     : HoneyBoardService [IMI] onStartInput - caller pid : 17121 , caller uid : 10685
03-02 00:57:45.649  5235  5235 I HBD     : k updateConfigs
03-02 00:57:45.649  5235  5235 I HBD     : k isEnabledNightMode : true
03-02 00:57:45.649  5235  5235 I HBD     : a IC have been binding, RemoteInputConnection{idHash=#d77be27}
03-02 00:57:45.650  5235  5235 I HBD     : h [EditorInputType]setPrivateImeOptionsToTable privateImeOptions ( null )
03-02 00:57:45.650  5235  5235 I HBD     : b incognitoMode : false
03-02 00:57:45.650  5235  5235 I HBD     : c needOff = true , isForceOff = false, isNullInputClass : true
03-02 00:57:45.650  5235  5235 I HBD     : h getDefaultInputRange : UNKNOWN
03-02 00:57:45.650  5235  5235 I HBD     : h getDefaultInputRange : UNKNOWN
03-02 00:57:45.650  5235  5235 I HBD     : h getDefaultInputRange : UNKNOWN
03-02 00:57:45.651  2013  4763 I ImeTracker: system_server:27e38221: onRequestHide at ORIGIN_SERVER reason IME_REQUESTED_CHANGED_LISTENER fromUser false
03-02 00:57:45.652  2746  2865 I VRI[debug]@ff4da44: mWNT: t=0xb40000772af33c00 mBlastBufferQueue=0xb40000772ae65c00 fn= 6 HdrRenderState mRenderHdrSdrRatio=1.0 caller= android.view.SyncRtSurfaceTransactionApplier.applyTransaction:100 android.view.SyncRtSurfaceTransactionApplier.lambda$scheduleApply$0:73 android.view.SyncRtSurfaceTransactionApplier.$r8$lambda$afI4fXg3U3-nBZQEDQMiNy-B06s:0
03-02 00:57:45.652  1444  1461 I hwcomposer: [HWCDisplay] (0 updateFps():4131), (type:1, mode:2) fps:84.417046,dur:1006.91,max:24.23,min:5.71
03-02 00:57:45.653  3202  3386 I HoneySpace.TopTaskSource: onTaskRemoved: 44905
03-02 00:57:45.654  5235  5235 I HBD     : c needOff = true , isForceOff = false, isNullInputClass : true
03-02 00:57:45.654  1507  1507 I SurfaceFlinger: destroyed ActivityRecord{141831360 u0 com.podcast.app.debug.test/androidx.test.core.app.InstrumentationActivityInvoker$EmptyActivity t44905}#156864
03-02 00:57:45.654  1507  1507 I SurfaceFlinger: destroyed Task=44905#156907
03-02 00:57:45.654  1507  1507 I SurfaceFlinger: destroyed 5b747f2 ActivityRecordInputSink com.podcast.app.debug.test/androidx.test.core.app.InstrumentationActivityInvoker$EmptyActivity#156889
03-02 00:57:45.654  1507  1507 I SurfaceFlinger: [Surface(name=2141cda InputMethod)/@0x5ea0b56 - animation-leash of insets_animation#156908] attach to parent LayerHierarchy{RequestedLayerState{WindowToken{4048e94 type=2011 android.os.Binder@219c2e7}#143 parentId=15} 2 children}
03-02 00:57:45.654  5235  5235 I HBD     : c update cached prediction status : false
03-02 00:57:45.654  5235  5235 I HBD     : h getDefaultInputRange : UNKNOWN
03-02 00:57:45.655  5235  5235 I HBD     : a currentState : 0
03-02 00:57:45.655  2013  2029 W system_server: Large reply transaction of 325152 bytes, interface descriptor android.app.IActivityTaskManager, code 26
03-02 00:57:45.655  5235  5235 I HBD     : a [UpdatePolicy] [post] a: 0 cl: 65538 kit: [0/0] vt: 0 ir: 1
03-02 00:57:45.656  1507  1507 I Layer   : id=156889 Destroyed 5b747f2 ActivityRecordInputSink com.podcast.app.debug.test/androidx.test.core.app.InstrumentationActivityInvoker$EmptyActivity#156889
03-02 00:57:45.656  1507  1507 I Layer   : id=156864 Destroyed ActivityRecord{141831360 u0 com.podcast.app.debug.test/androidx.test.core.app.InstrumentationActivityInvoker$EmptyActivity t44905}#156864
03-02 00:57:45.656  1507  1507 I Layer   : id=156907 Destroyed Task=44905#156907
03-02 00:57:45.658  2013  2067 I ImeTracker: system_server:27e38221: onCancelled at PHASE_SERVER_SHOULD_HIDE
03-02 00:57:45.659  1445 18689 W C2MtkBufferManager: [0xB4000070F68A8D20] fetchNewCcBlock: wait fence 0x0xb4000070f692fcb0 timed out. ret 110
03-02 00:57:45.660  1445  2902 D C2MtkBufferManager: over 5000ms not request from VCodec but callback hooked, slow BM Cc fetch thread. Last get time was 90629071ms ago.
03-02 00:57:45.666  2991  3778 D SatelliteController: isInCarrierRoamingNbIotNtn: satellite is disabled
03-02 00:57:45.667  1646  3125 I CameraService: onUidStateChanged: uid=10062, procState is changed. (1 -> 0)
03-02 00:57:45.669  5235  5235 I HBD     : a [NRIC] resetNoResponseState
03-02 00:57:45.669  5235  5235 I HBD     : c needOff = true , isForceOff = false, isNullInputClass : true
03-02 00:57:45.669  5235  5235 I HBD     : c update cached prediction status : false
03-02 00:57:45.669  5235  5235 I HBD     : b [AiWriter] setContact : com.podcast.app.debug
03-02 00:57:45.669  5235  5235 I HBD     : a [AiWriter] setContact : com.podcast.app.debug
03-02 00:57:45.670  5235  5235 I HBD     : o0 EBD si S 0
03-02 00:57:45.670  5235  5235 I HBD     : r updateContactDBLanguage : 65538
03-02 00:57:45.671  2746  2746 D SystemUIService: SYSUI_RAM_OPTIMIZATION onTrimMemory=20
03-02 00:57:45.671  2746  2746 D CentralSurfaces: SYSUI_RAM_OPTIMIZATION onTrimMemory=20
03-02 00:57:45.672  3438  3438 I EPDG -- SIM0 [SMARTCELLULAR]: onSignalStrengthsChanged: SignalStrength:{mCdma=Invalid,mGsm=Invalid,mWcdma=Invalid,mTdscdma=Invalid,mLte=CellSignalStrengthLte: rssi=-105 rsrp=-105 rsrq=-7 rssnr=6 cqiTableIndex=2147483647 cqi=2147483647 ta=2147483647 level=3 parametersUseForLevel=0,mNr=Invalid,SignalBarInfo{ lteLevel=2 },rat=14,primary=CellSignalStrengthLte}
03-02 00:57:45.672  2746  2870 D HWUI    : CacheManager::trimMemory(20)
03-02 00:57:45.672  3438  4395 I EPDG -- SIM0 [SMARTCELLULAR]: lastLteRSRP is -106 currentLteRSRP is -105 lastLteRSRQ is -8 currentLteRSRQ is -7 lastLteSNR is 7 currentLteSNR is 6
03-02 00:57:45.672  5235  5235 I HBD     : g isCoverDisplay : false, cached selected json info : SelectedLanguageInfo(languageVersion=4.2, currentLanguageOrder=0, selectedLanguageList=[SelectedLanguage(id=65538, isUsed=true, engName=English, inputType=qwerty, activeOptionList=[auto_replace, auto_spacing, writing_assistant, prediction], bilingualId=-1), SelectedLanguage(id=5308416, isUsed=true, engName=Arabic, inputType=qwerty, activeOptionList=[auto_replace, auto_spacing, prediction], bilingualId=-1)])
03-02 00:57:45.672  5235  5235 I HBD     : g updateSelectedLanguageCache is succeeded. English
03-02 00:57:45.673  5235  5235 I HBD     : l writeToFile path : /data/user/0/com.samsung.android.honeyboard/files/selected.json
03-02 00:57:45.673  5235  5235 I HBD     : l writeToFile json : {"version":"4.2","currentLanguageOrder":0,"selected":[{"activeOptionList":["auto_replace","auto_spacing","writing_assistant","prediction"],"bilingualId":-1,"engName":"English","id":65538,"inputType":"qwerty","isUsed":true},{"activeOptionList":["auto_replace","auto_spacing","prediction"],"bilingualId":-1,"engName":"Arabic","id":5308416,"inputType":"qwerty","isUsed":true}]}
03-02 00:57:45.675  2013  2029 I WindowManager: Relayout Window{74e3df5 u0 Splash Screen com.podcast.app.debug}: viewVisibility=8 req=1080x2340 ty=3 d0
03-02 00:57:45.675  1628  1637 E thermal_core: find_tz_idx_by_name:"Failed to find thermal zone index of ap_ntc\n"
03-02 00:57:45.675  1628  1637 E thermal_core: find_tz_idx_by_name:"Failed to find thermal zone index of mtk-master-charger\n"
03-02 00:57:45.677  2013  3345 W ParceledListSlice: Element #30 is 21544 bytes.
03-02 00:57:45.677  5235  5235 I HBD     : l writeToFile complete
03-02 00:57:45.678  5235 19224 I HBD     : l Write selected lang for DE
03-02 00:57:45.679  5235 19224 I HBD     : l writeToFile path : /data/user_de/0/com.samsung.android.honeyboard/files/selected.json
03-02 00:57:45.679  5235  5235 I HBD     : g isCoverDisplay : false, cached selected json info : SelectedLanguageInfo(languageVersion=4.2, currentLanguageOrder=0, selectedLanguageList=[SelectedLanguage(id=65538, isUsed=true, engName=English, inputType=qwerty, activeOptionList=[auto_replace, auto_spacing, writing_assistant, prediction], bilingualId=-1), SelectedLanguage(id=5308416, isUsed=true, engName=Arabic, inputType=qwerty, activeOptionList=[auto_replace, auto_spacing, prediction], bilingualId=-1)])
03-02 00:57:45.679  5235 19224 I HBD     : l writeToFile json : {"version":"4.2","currentLanguageOrder":0,"selected":[{"activeOptionList":["auto_replace","auto_spacing","writing_assistant","prediction"],"bilingualId":-1,"engName":"English","id":65538,"inputType":"qwerty","isUsed":true},{"activeOptionList":["auto_replace","auto_spacing","prediction"],"bilingualId":-1,"engName":"Arabic","id":5308416,"inputType":"qwerty","isUsed":true}]}
03-02 00:57:45.679  5235  5235 I HBD     : n updateActionOptionFromPreference isCover = false
03-02 00:57:45.679  5235  5235 I HBD     : n before lang.activeOptionList =  [auto_replace, auto_spacing, writing_assistant, prediction]
03-02 00:57:45.679  1507  1825 I SurfaceFlinger: Capture layer list: 	 com.zhiliaoapp.musically/com.ss.android.ugc.aweme.splash.SplashActivity$_14885#156875(seamlessTransition:0)
03-02 00:57:45.679  2013  2029 I WindowManager: Relayout hash=74e3df5, pid=2746, syncId=-1: mAttrs={(0,0)(fillxfill) sim={adjust=pan} layoutInDisplayCutoutMode=always ty=APPLICATION_STARTING fmt=TRANSLUCENT wanim=0x1030317
03-02 00:57:45.679  2013  2029 I WindowManager:   fl=81030118
03-02 00:57:45.679  2013  2029 I WindowManager:   pfl=10000810
03-02 00:57:45.679  2013  2029 I WindowManager:   bhv=1
03-02 00:57:45.679  2013  2029 I WindowManager:   fitSides=0
03-02 00:57:45.679  2013  2029 I WindowManager:   frameRateBoostOnTouch=true
03-02 00:57:45.679  2013  2029 I WindowManager:   dvrrWindowFrameRateHint=true naviIconColor=0}
03-02 00:57:45.679  1507  1825 I SurfaceFlinger: Capture layer list: 	 DimTransitionLayer for Surface(name=Task=44906)/@0xc034bc8#156905(seamlessTransition:0)
03-02 00:57:45.679  1507  1825 I SurfaceFlinger: Capture layer list: 	 com.podcast.app.debug/androidx.activity.ComponentActivity$_17121#156898(seamlessTransition:0)
03-02 00:57:45.679  1507  1825 I SurfaceFlinger: Capture layer list: 	 Splash Screen com.podcast.app.debug$_2746#156902(seamlessTransition:0)
03-02 00:57:45.680  5235  5235 I HBD     : n after lang.activeOptionList = [auto_replace, auto_spacing, writing_assistant, prediction]
03-02 00:57:45.680  2746  2808 I VRI[debug]@ff4da44: onActiveControlsChanged, removed=false, mAdded=true, caller=android.view.ViewRootImpl.handleInsetsControlChanged:3002 android.view.ViewRootImpl.relayoutWindow:11629 android.view.ViewRootImpl.performTraversals:4804 android.view.ViewRootImpl.doTraversal:3924 android.view.ViewRootImpl$TraversalRunnable.run:12903
03-02 00:57:45.680  2746  2808 I BLASTBufferQueue: [VRI[debug]@ff4da44#7743](f:0,a:1,s:0) destructor()
03-02 00:57:45.681  2746  2808 D BufferQueueConsumer: [VRI[debug]@ff4da44#7743(BLAST Consumer)7743](id:aba00001e3f,api:0,p:-1,c:2746) disconnect
03-02 00:57:45.681  2746  2808 I VRI[debug]@ff4da44: Relayout returned: old=(0,0,1080,2340) new=(0,0,1080,2340) relayoutAsync=false req=(1080,2340)8 dur=7 res=0x2 s={false 0x0} ch=true seqId=0
03-02 00:57:45.681  2746  2808 D VRI[debug]@ff4da44: Not drawing due to not visible. Reason=View.GONE
03-02 00:57:45.681  5235  5235 I HBD     : l writeToFile path : /data/user/0/com.samsung.android.honeyboard/files/selected.json
03-02 00:57:45.681  5235  5235 I HBD     : l writeToFile json : {"version":"4.2","currentLanguageOrder":0,"selected":[{"activeOptionList":["auto_replace","auto_spacing","writing_assistant","prediction"],"bilingualId":-1,"engName":"English","id":65538,"inputType":"qwerty","isUsed":true},{"activeOptionList":["auto_replace","auto_spacing","prediction"],"bilingualId":-1,"engName":"Arabic","id":5308416,"inputType":"qwerty","isUsed":true}]}
03-02 00:57:45.682  2746  2808 W WindowOnBackDispatcher: sendCancelIfRunning: isInProgress=false callback=android.view.ViewRootImpl$$ExternalSyntheticLambda16@929b929
03-02 00:57:45.682  5235 19224 I HBD     : l writeToFile complete
03-02 00:57:45.682  2746  2808 I VRI[debug]@ff4da44: dispatchDetachedFromWindow
03-02 00:57:45.682  1507  1507 I SurfaceFlinger: RequestedLayer [Surface(name=2141cda InputMethod)/@0[...]ion-leash of insets_animation#156908] hidden!! flag  from(1) --> to(0)
03-02 00:57:45.682  1507  1507 E SurfaceFlinger: alpha changed 1.000 -> 0.000 - Surface(name=2141cda InputMethod)/@0x5ea0b56 - animation-leash of insets_animation#156908
03-02 00:57:45.682  1507  1507 I SurfaceFlinger: RequestedLayer [Splash Screen com.podcast.app.debug$_2746#156902] hidden!! flag  from(0) --> to(1)
03-02 00:57:45.682  1507  1507 I SurfaceFlinger: [LayerHierarchy{RequestedLayerState{ImeContainer#15 parentId=156896 relativeParentId=156896 z=3} 1 children}] reparent to LayerHierarchy{RequestedLayerState{ActivityRecord{110822610 u0 com.podcast.app.debug/androidx.activity.ComponentActivity t44906}#156896 parentId=156895} 4 children}
03-02 00:57:45.682  1507  1507 I SurfaceFlinger: [LayerHierarchy{RequestedLayerState{ImeContainer#15 parentId=156896 relativeParentId=156896 z=3} 1 children}] RelativeParent to null
03-02 00:57:45.682  1507  1507 I SurfaceFlinger: [LayerHierarchy{RequestedLayerState{2141cda InputMethod#159 parentId=156908} no children}] reparent to LayerHierarchy{RequestedLayerState{Surface(name=2141cda InputMethod)/@0x5ea0b56 - animation-leash of insets_animation#156908 parentId=143} 1 children}
03-02 00:57:45.682  1507  1507 I SurfaceFlinger: [LayerHierarchy{RequestedLayerState{Surface(name=2141cda InputMethod)/@0x5ea0b56 - animation-leash of insets_animation#156893} no children}] reparent to OffscreenRoot
03-02 00:57:45.682  1507  1507 I SurfaceFlinger: [LayerHierarchy{RequestedLayerState{Surface(name=2141cda InputMethod)/@0x5ea0b56 - animation-leash of insets_animation#156893} no children}] RelativeParent to null
03-02 00:57:45.683  5235  5235 I HBD     : l writeToFile complete
03-02 00:57:45.683  5235  5235 I HBD     : m normal : updateLanguage : English
03-02 00:57:45.683  5235  5235 I HBD     : g isCoverDisplay : false, cached selected json info : SelectedLanguageInfo(languageVersion=4.2, currentLanguageOrder=0, selectedLanguageList=[SelectedLanguage(id=65538, isUsed=true, engName=English, inputType=qwerty, activeOptionList=[auto_replace, auto_spacing, writing_assistant, prediction], bilingualId=-1), SelectedLanguage(id=5308416, isUsed=true, engName=Arabic, inputType=qwerty, activeOptionList=[auto_replace, auto_spacing, prediction], bilingualId=-1)])
03-02 00:57:45.683  2991  3003 I LocationAccessPolicy: checkLocationPermission - callingUid: 10492, callingPid: 14636, result: DENIED_SOFT
03-02 00:57:45.683  2991  3003 I LocationAccessPolicy: checkLocationPermission - callingUid: 10492, callingPid: 14636, result: DENIED_SOFT
03-02 00:57:45.683  5235 19225 I HBD     : l Write selected lang for DE
03-02 00:57:45.684  5235 19225 I HBD     : l writeToFile path : /data/user_de/0/com.samsung.android.honeyboard/files/selected.json
03-02 00:57:45.684  2013  4835 D InputTransport: Input channel destroyed: '74e3df5', fd=1131
03-02 00:57:45.684  5235 19225 I HBD     : l writeToFile json : {"version":"4.2","currentLanguageOrder":0,"selected":[{"activeOptionList":["auto_replace","auto_spacing","writing_assistant","prediction"],"bilingualId":-1,"engName":"English","id":65538,"inputType":"qwerty","isUsed":true},{"activeOptionList":["auto_replace","auto_spacing","prediction"],"bilingualId":-1,"engName":"Arabic","id":5308416,"inputType":"qwerty","isUsed":true}]}
03-02 00:57:45.684  5235  5235 I HBD     : g isCoverDisplay : false, cached selected json info : SelectedLanguageInfo(languageVersion=4.2, currentLanguageOrder=0, selectedLanguageList=[SelectedLanguage(id=65538, isUsed=true, engName=English, inputType=qwerty, activeOptionList=[auto_replace, auto_spacing, writing_assistant, prediction], bilingualId=-1), SelectedLanguage(id=5308416, isUsed=true, engName=Arabic, inputType=qwerty, activeOptionList=[auto_replace, auto_spacing, prediction], bilingualId=-1)])
03-02 00:57:45.684  5235  5235 I HBD     : n updateActionOptionFromPreference isCover = false
03-02 00:57:45.684  5235  5235 I HBD     : n before lang.activeOptionList =  [auto_replace, auto_spacing, writing_assistant, prediction]
03-02 00:57:45.685  5235  5235 I HBD     : n after lang.activeOptionList = [auto_replace, auto_spacing, writing_assistant, prediction]
03-02 00:57:45.686  1507  1907 I SurfaceFlinger: onHandleDestroyed: layerId=156893, name=Surface(name=2141cda InputMethod)/@0x5ea0b56 - animation-leash of insets_animation#156893
03-02 00:57:45.686  1507  1907 I SurfaceFlinger: id=156893 Removed Surface(name=2141cda InputMethod)/@0x5ea0b56 - animation-leash of insets_animation#156893 (340)
03-02 00:57:45.686 14885 18629 I BLASTBufferQueue: [7086fb SurfaceView[com.zhiliaoapp.musically/com.ss.android.ugc.aweme.splash.SplashActivity]@0#148](f:0,a:0,s:0) onFrameAvailable the first frame is available
03-02 00:57:45.686 14885 18629 I BLASTBufferQueue: [7086fb SurfaceView[com.zhiliaoapp.musically/com.ss.android.ugc.aweme.splash.SplashActivity]@0#148](f:0,a:1,s:0) acquireNextBufferLocked size=1080x1920 mFrameNumber=1 applyTransaction=true mTimestamp=491144686228350 mPendingTransactions.size=0 graphicBufferId=63930588202297 transform=0
03-02 00:57:45.686  5235 19225 I HBD     : l writeToFile complete
03-02 00:57:45.686  5235  5235 I HBD     : l writeToFile path : /data/user/0/com.samsung.android.honeyboard/files/selected.json
03-02 00:57:45.687  5235  5235 I HBD     : l writeToFile json : {"version":"4.2","currentLanguageOrder":0,"selected":[{"activeOptionList":["auto_replace","auto_spacing","writing_assistant","prediction"],"bilingualId":-1,"engName":"English","id":65538,"inputType":"qwerty","isUsed":true},{"activeOptionList":["auto_replace","auto_spacing","prediction"],"bilingualId":-1,"engName":"Arabic","id":5308416,"inputType":"qwerty","isUsed":true}]}
03-02 00:57:45.688  5235  5235 I HBD     : l writeToFile complete
03-02 00:57:45.689  1507  1568 E mali_winsys: Unrecognised Android chroma siting range: [2, 2]. Applying default
03-02 00:57:45.689  5235  5235 I HBD     : m normal : updateLanguage : English
03-02 00:57:45.689  5235 19226 I HBD     : l Write selected lang for DE
03-02 00:57:45.689  5235 19226 I HBD     : l writeToFile path : /data/user_de/0/com.samsung.android.honeyboard/files/selected.json
03-02 00:57:45.689  5235 19226 I HBD     : l writeToFile json : {"version":"4.2","currentLanguageOrder":0,"selected":[{"activeOptionList":["auto_replace","auto_spacing","writing_assistant","prediction"],"bilingualId":-1,"engName":"English","id":65538,"inputType":"qwerty","isUsed":true},{"activeOptionList":["auto_replace","auto_spacing","prediction"],"bilingualId":-1,"engName":"Arabic","id":5308416,"inputType":"qwerty","isUsed":true}]}
03-02 00:57:45.689  5235  5235 I HBD     : g isCoverDisplay : false, cached selected json info : SelectedLanguageInfo(languageVersion=4.2, currentLanguageOrder=0, selectedLanguageList=[SelectedLanguage(id=65538, isUsed=true, engName=English, inputType=qwerty, activeOptionList=[auto_replace, auto_spacing, writing_assistant, prediction], bilingualId=-1), SelectedLanguage(id=5308416, isUsed=true, engName=Arabic, inputType=qwerty, activeOptionList=[auto_replace, auto_spacing, prediction], bilingualId=-1)])
03-02 00:57:45.690  5235  5235 I HBD     : g isCoverDisplay : false, cached selected json info : SelectedLanguageInfo(languageVersion=4.2, currentLanguageOrder=0, selectedLanguageList=[SelectedLanguage(id=65538, isUsed=true, engName=English, inputType=qwerty, activeOptionList=[auto_replace, auto_spacing, writing_assistant, prediction], bilingualId=-1), SelectedLanguage(id=5308416, isUsed=true, engName=Arabic, inputType=qwerty, activeOptionList=[auto_replace, auto_spacing, prediction], bilingualId=-1)])
03-02 00:57:45.690  5235  5235 I HBD     : g updateSelectedLanguageCache is succeeded. English
03-02 00:57:45.691  1507  1507 D SurfaceFlinger: Display 4627039422300187648 HWC layers:
03-02 00:57:45.691  1507  1507 D SurfaceFlinger:   SOLID_COLOR |                        0 | 00000002 | N/A          |    0.0    0.0    0.0    0.0 |    0    0   -1   -1 | Background for 68eb87 SurfaceView[co[...]weme.splash.SplashActivity]@0#156881 (0)
03-02 00:57:45.691  1507  1507 D SurfaceFlinger:        CLIENT |                        0 | 00000002 | N/A          |    0.0    0.0    0.0    0.0 |    0   80  855 2000 | Background for 7086fb SurfaceView[co[...]weme.splash.SplashActivity]@0#156884 (0)
03-02 00:57:45.691  1507  1507 D SurfaceFlinger:   SOLID_COLOR |                        0 | 00000002 | N/A          |    0.0    0.0    0.0    0.0 |    0    0   -1   -1 | Background for 836459b SurfaceView[c[...]weme.splash.SplashActivity]@0#156887 (0)
03-02 00:57:45.691  1507  1507 D SurfaceFlinger:        CLIENT |           63930588202280 | 00002100 | RGBA_8888    |  225.0    0.0 1080.0 2340.0 |    0    0 1080 2340 | com.zhiliaoapp.musically/com.ss.andr[...].splash.SplashActivity$_14885#156875 (4)
03-02 00:57:45.691  1507  1507 D SurfaceFlinger:   SOLID_COLOR |                        0 | 00000000 | N/A          |    0.0    0.0    0.0    0.0 |    0    0 1080 2340 | DimTransitionLayer for Surface(name=Task=44906)/@0
03-02 00:57:45.691  1507  1507 D SurfaceFlinger: xc034bc8#156905 (0)
03-02 00:57:45.691  1507  1507 D SurfaceFlinger:        DEVICE |           73534135074969 | 00002102 | RGBA_8888    |    0.0    0.0  719.0 2340.0 |  361    0 1080 2340 | com.podcast.app.debug/androidx.activity.ComponentActivity$_17121#156898 (1)
03-02 00:57:45.691  1507  1507 D SurfaceFlinger:        DEVICE |           11793980281879 | 00002100 | RGBA_8888    |    0.0    0.0 1080.0   80.0 |    0    0 1080   80 | StatusBar$_2746#117 (211269)
03-02 00:57:45.691  1507  1507 D SurfaceFlinger:        DEVICE |           13752485304097 | 00002100 | RGBA_8888    |    0.0    0.0   67.0  346.0 | 1013  454 1080  800 | com.sec.android.app.launcher/com.sam[...].app.CocktailBarService$_3202#152779 (1)
03-02 00:57:45.691  1507  1507 D SurfaceFlinger:        DEVICE |           11793980283856 | 00002100 | RGBA_8888    |    0.0    0.0  229.0  724.0 |  851  551 1080 1275 | VolumePanelWindow$_2746#156850 (47)
03-02 00:57:45.691  1507  1507 D SurfaceFlinger:        DEVICE |           11793980281867 | 00002100 | RGBA_8888    |    0.0    0.0 1080.0  135.0 |    0 2205 1080 2340 | NavigationBar0$_2746#113 (188306)
03-02 00:57:45.691  1507  1507 D SurfaceFlinger:
03-02 00:57:45.691  5235  5235 I HBD     : l writeToFile path : /data/user/0/com.samsung.android.honeyboard/files/selected.json
03-02 00:57:45.691  5235  5235 I HBD     : l writeToFile json : {"version":"4.2","currentLanguageOrder":0,"selected":[{"activeOptionList":["auto_replace","auto_spacing","writing_assistant","prediction"],"bilingualId":-1,"engName":"English","id":65538,"inputType":"qwerty","isUsed":true},{"activeOptionList":["auto_replace","auto_spacing","prediction"],"bilingualId":-1,"engName":"Arabic","id":5308416,"inputType":"qwerty","isUsed":true}]}
03-02 00:57:45.693  1507  1507 I SurfaceFlinger: destroyed Surface(name=2141cda InputMethod)/@0x5ea0b56 - animation-leash of insets_animation#156893
03-02 00:57:45.693  5235  5235 I HBD     : l writeToFile complete
03-02 00:57:45.694  2991  3003 I LocationAccessPolicy: checkLocationPermission - callingUid: 10492, callingPid: 14636, result: DENIED_SOFT
03-02 00:57:45.694  2991  3003 I LocationAccessPolicy: checkLocationPermission - callingUid: 10492, callingPid: 14636, result: DENIED_SOFT
03-02 00:57:45.694  5235 19226 I HBD     : l writeToFile complete
03-02 00:57:45.695  5235 19227 I HBD     : l Write selected lang for DE
03-02 00:57:45.695  5235 19227 I HBD     : l writeToFile path : /data/user_de/0/com.samsung.android.honeyboard/files/selected.json
03-02 00:57:45.695  5235 19227 I HBD     : l writeToFile json : {"version":"4.2","currentLanguageOrder":0,"selected":[{"activeOptionList":["auto_replace","auto_spacing","writing_assistant","prediction"],"bilingualId":-1,"engName":"English","id":65538,"inputType":"qwerty","isUsed":true},{"activeOptionList":["auto_replace","auto_spacing","prediction"],"bilingualId":-1,"engName":"Arabic","id":5308416,"inputType":"qwerty","isUsed":true}]}
03-02 00:57:45.696  5235  5235 I HBD     : g isCoverDisplay : false, cached selected json info : SelectedLanguageInfo(languageVersion=4.2, currentLanguageOrder=0, selectedLanguageList=[SelectedLanguage(id=65538, isUsed=true, engName=English, inputType=qwerty, activeOptionList=[auto_replace, auto_spacing, writing_assistant, prediction], bilingualId=-1), SelectedLanguage(id=5308416, isUsed=true, engName=Arabic, inputType=qwerty, activeOptionList=[auto_replace, auto_spacing, prediction], bilingualId=-1)])
03-02 00:57:45.696  2746  2808 D InputTransport: Input channel destroyed: '74e3df5', fd=704
03-02 00:57:45.696  5235  5235 I HBD     : g updateSelectedLanguageCache is succeeded. English
03-02 00:57:45.696  2013  4835 D SecContentProvider: query(), uri = 17 selection = isSettingsChangesAllowed
03-02 00:57:45.697  5235  5235 I HBD     : l writeToFile path : /data/user/0/com.samsung.android.honeyboard/files/selected.json
03-02 00:57:45.697  5235  5235 I HBD     : l writeToFile json : {"version":"4.2","currentLanguageOrder":0,"selected":[{"activeOptionList":["auto_replace","auto_spacing","writing_assistant","prediction"],"bilingualId":-1,"engName":"English","id":65538,"inputType":"qwerty","isUsed":true},{"activeOptionList":["auto_replace","auto_spacing","prediction"],"bilingualId":-1,"engName":"Arabic","id":5308416,"inputType":"qwerty","isUsed":true}]}
03-02 00:57:45.697  1507  1568 E mali_winsys: Unrecognised Android chroma siting range: [2, 2]. Applying default
03-02 00:57:45.697  2013  4835 D SecContentProvider: query(), uri = 17 selection = isSettingsChangesAllowed
03-02 00:57:45.698  1507  1507 I Layer   : id=156893 Destroyed Surface(name=2141cda InputMethod)/@0x5ea0b56 - animation-leash of insets_animation#156893
03-02 00:57:45.699  5235 12848 I HBD     : u updated Sub Types. English
03-02 00:57:45.699  1445 18689 W C2MtkBufferManager: [0xB4000070F68A8D20] fetchNewCcBlock: wait fence 0x0xb4000070f692fcb0 timed out. ret 110
03-02 00:57:45.700  5235  5235 I HBD     : l writeToFile complete
03-02 00:57:45.700  1445  2902 W C2MtkBufferManager: [0xB4000070F507E520] fetchNewCcBlock: wait fence 0x0xb4000070f5058270 timed out. ret 110
03-02 00:57:45.700  5235 19227 I HBD     : l writeToFile complete
03-02 00:57:45.701  5235  5235 I HBD     : a [UpdatePolicy] [post] a: 31 cl: 65538 kit: [0/0] vt: 0 ir: 1
03-02 00:57:45.701  5235  5235 I HBD     : HoneyBoardService [PF_OP][onStartInput]  52 ms
03-02 00:57:45.701  1444  1461 D libcomposer_ext: DeviceImplAidl::DeviceClientContextAidl::NotifyHwcComposition()
03-02 00:57:45.701  1444  1461 D libcomposer_ext: DeviceImplAidl::DeviceClientContextAidl::NotifyHwcComposition()
03-02 00:57:45.701  1698  1698 D libcomposer_ext: ClientCallbackAidl::asyncPerform(12)
03-02 00:57:45.701  1698  1698 D libcomposer_ext: ClientImplAidl::ParseNotifyHwcComposition()
03-02 00:57:45.702  5235 19229 I HBD     : l Write selected lang for DE
03-02 00:57:45.702  5235 19228 I HBD     : b InputMethodSubtype is set as local:en_GB
03-02 00:57:45.702  5235 19229 I HBD     : l writeToFile path : /data/user_de/0/com.samsung.android.honeyboard/files/selected.json
03-02 00:57:45.702  5235 19229 I HBD     : l writeToFile json : {"version":"4.2","currentLanguageOrder":0,"selected":[{"activeOptionList":["auto_replace","auto_spacing","writing_assistant","prediction"],"bilingualId":-1,"engName":"English","id":65538,"inputType":"qwerty","isUsed":true},{"activeOptionList":["auto_replace","auto_spacing","prediction"],"bilingualId":-1,"engName":"Arabic","id":5308416,"inputType":"qwerty","isUsed":true}]}
03-02 00:57:45.703  1507  2128 D libcomposer_ext: ClientCallbackAidl::asyncPerform(12)
03-02 00:57:45.703  1507  2128 D libcomposer_ext: ClientImplAidl::ParseNotifyHwcComposition()
03-02 00:57:45.703  1507  2128 D SurfaceFlinger: NotifyHwcComposition(), id 0, mode 1
03-02 00:57:45.703  5235  5235 I InputMethodService: scheduleImeSurfaceRemoval: canceled, mShowInputRequested=false, mWindowVisible=false, IsmWindowNull=false, IsmImeSurfaceRemoverRunnableNotNull=true
03-02 00:57:45.703  2013  4835 D SecContentProvider: query(), uri = 17 selection = isSettingsChangesAllowed
03-02 00:57:45.703  2991  3003 I LocationAccessPolicy: checkLocationPermission - callingUid: 10492, callingPid: 14636, result: DENIED_SOFT
03-02 00:57:45.705  1484  3507 D AudioFlinger: setParameters: filtered dev setParameters keyvalue audioHDR=0
03-02 00:57:45.706  1509  1509 D Audio_ParameterParser: parseVendorParameters: scope: MODULE, keys/values: audioHDR=0
03-02 00:57:45.706  1439 32089 D AudioALSAHardware: +setParameters(): audioHDR=0
03-02 00:57:45.706  1439 32089 D AudioALSAHardware: -setParameters(): audioHDR=0
03-02 00:57:45.706  1439 32089 E AHAL_Module: setVendorParameters: default: unrecognized parameter "audioHDR=0"
03-02 00:57:45.706  1484  3507 E ConversionHelperAidl: Function: parseAndSetVendorParameters Line: 94 Failed
03-02 00:57:45.706  1509  1509 D Audio_ParameterParser: parseVendorParameters: scope: MODULE, keys/values: audioHDR=0
03-02 00:57:45.706  1444  1461 I hwcomposer: [DBQ] (q2:0xb4000074f4d1cf00) Buffer queue is created with size(3), m_id(45820), q2
03-02 00:57:45.706  5235 19229 I HBD     : l writeToFile complete
03-02 00:57:45.707  1444  1461 I hwcomposer: [DBQ] (q2:0xb4000074f4d1cf00) Reallocate Slot(0), pool(0 -> -183674848) size(0 -> 5054400) secure(0 -> 0)
03-02 00:57:45.707  1509  1509 D Audio_ParameterParser: parseVendorParameters: scope: MODULE, keys/values: audioHDR=0
03-02 00:57:45.707  1439 16888 D AHAL_ModuleBluetooth: setVendorParameters unrecognized parameter: audioHDR=0
03-02 00:57:45.708  2013  4835 D SecContentProvider: query(), uri = 17 selection = isSettingsChangesAllowed
03-02 00:57:45.709  1444  1461 I hwcomposer: [DBQ] (q2:0xb4000074f4d1cf00) Alloc Slot(0), handle=0xb4000074f4c24c00 c=0 w=1080 h=2340 p=1088 ys=1088 vs=2340 f=268 sec=0 sh=0, usage=0x800
03-02 00:57:45.709  1444  1808 D MDP     : [PQSessionManager] findVideoID[f50d5820] found on index 7
03-02 00:57:45.709  1444  1808 D MDP     : [PQSessionManager] createPQSession(7) user(0xb4000074f4d46d80)
03-02 00:57:45.709  1444  1808 D MDP     : [PQSessionManager] Duplicated ID[7] found, please check if double createPQSession!
03-02 00:57:45.709  1444  1808 D MDP     : [PQSessionManager] getPQSessionListHandle id[7]
03-02 00:57:45.709  1444  1808 D MDP     : [PQSessionManager] getPQSessionListHandle, find id[7]
03-02 00:57:45.709  1444  1808 D MDP     : [PQSession] incRefCount id[7] user[0xb4000074f4d46d80] existed
03-02 00:57:45.709  1444  1808 D MDP     : [PQSession] incRefCount id[7] user[0xb4000074f4d46d80] numOfUser[1]
03-02 00:57:45.709  1444  1808 D MDP     : [PQSession] numElements[0] key[0] metaData[0]
03-02 00:57:45.709  1444  1808 D MDP     : [PQSession] setPQParam() id[7] enable[0], scenario[1]
03-02 00:57:45.709  1444  1808 D PQ      : PQDSConfig::getEnableStatus check1  time 0 ms
03-02 00:57:45.710  1444  1808 D PQ      : [PQDSConfig] PQDSConfig::getEnableStatus = 1
03-02 00:57:45.710  1444  1808 D PQ      : [PQDSConfig] m_TDSHPTableInit 1
03-02 00:57:45.710  1444  1808 D PQ      : [PQDSConfig] getAshmemContext(SHP_ENABLE) = 1
03-02 00:57:45.710  1444  1808 D PQ      : PQDSConfig::getEnableStatus check2  time 1 ms
03-02 00:57:45.710  1444  1808 D PQ      : [PQDSConfig] PQDSConfig::getUREnableStatus = 1
03-02 00:57:45.710  1444  1808 D MDP     : [PQSession] setDpPqConfig m_svp = 0, enDRE = 0
03-02 00:57:45.710  1444  1808 D MDP     : setPQParam globalPQSupport = [0] globalPQSwitch = [0] globalPQStrength = [0] globalPQType = [0]
03-02 00:57:45.710  1444  1808 D MDP     : [PQSession] setPQparam userId[0x0], scenario[1], enDRE[0]
03-02 00:57:45.710  1444  1808 D MDP     : [PQSession] getDpPqConfig() id[7] enable[0], scenario[1]
03-02 00:57:45.710  1444  1808 D MDP     : [PQSession] getDpPqConfig() enSharp[0] enDC[0] enColor[0] enHDR[0] enHDRVivid[0] enUR[0] enReFocus[0] enCcorr[0] enDRE[0] enHFG[0] enAIPQ[0] enAISDR2HDR[0] enAIRegionPQ[0] mAdaptiveEnable[0]
03-02 00:57:45.710  1444  1808 D MDP     : [PQSession] setPQDREParam userId[0x0] scenario[1] enDRE[0]
03-02 00:57:45.710  1444  1808 D MDP     : [PQSessionManager] findVideoID[f50d5820] found on index 7
03-02 00:57:45.710  1444  1808 D PQ_HDR  : DpAsyncBlit: job:(2071449 132) in:(720, 1280)[720 368] C8s P1.1.1.0.1, alpha 0, sec0 flush:0 Buffer 1035724: plane=3 bufVA={0x84,0x84,0x84} bufMVA={0x0,0x0,0x0} bufSize={0xe1000,0x39800,0x39800} proxy={0xb4000074f4c6a800,0x0,0x0}fence=-1
03-02 00:57:45.710  1444  1808 D PQ_HDR  : DpAsyncBlit: out 0:(840, 1920)[2176 0] C5 P1.1.1.0.1 R:0 F:0 S:0 A:0 HDR:0 COLOR:0 CCORR:0 sec0 flush:0 Buffer 1035724: plane=1 bufVA={0x8b,0x0,0x0} bufMVA={0x0,0x0,0x0} bufSize={0x4db200,0x0,0x0} proxy={0xb4000074f4c6a6c0,0x0,0x0}fence=-1
03-02 00:57:45.710  1444  1808 D PQ_HDR  : DpAsyncBlit: crop 0:(160.0, 0.0, 560.0, 1280.0) compose:(0, 0, 840, 1920)
03-02 00:57:45.710  5235 28894 I HBD     : u updated Sub Types. English
03-02 00:57:45.710  1444  1808 D MDP     : [PQSessionManager] PQSessionManager::getPQSession id[7]
03-02 00:57:45.710  1444  1808 D MDP     : [PQSessionManager] getPQSessionListHandle id[7]
03-02 00:57:45.710  1444  1808 D MDP     : [PQSessionManager] getPQSessionListHandle, find id[7]
03-02 00:57:45.710  1444  1808 D MDP     : [PQSessionManager] PQSessionManager::getPQSession id[7]
03-02 00:57:45.710  1444  1808 D MDP     : [PQSessionManager] getPQSessionListHandle id[7]
03-02 00:57:45.710  1444  1808 D MDP     : [PQSessionManager] getPQSessionListHandle, find id[7]
03-02 00:57:45.710  1444  1808 D MDP     : PQSession:setPipeNum m_PipeNum[1] value[1] ID[7] DCPath[0] DCDone[0] addr[73225d5f]
03-02 00:57:45.710  1444  1808 D MDP     : [PQSession] getDpPqConfig() id[7] enable[0], scenario[1]
03-02 00:57:45.710  1444  1808 D MDP     : [PQSession] getDpPqConfig() enSharp[0] enDC[0] enColor[0] enHDR[0] enHDRVivid[0] enUR[0] enReFocus[0] enCcorr[0] enDRE[0] enHFG[0] enAIPQ[0] enAISDR2HDR[0] enAIRegionPQ[0] mAdaptiveEnable[0]
03-02 00:57:45.710  1444  1808 D PQ      : [PQRSZConfig] PQRSZConfig::getUREnableStatus = 1
