03-02 00:57:12.921  1444  1808 D MDP     : [PQSession] setDpPqConfig m_svp = 0, enDRE = 0
03-02 00:57:12.921  1444  1808 D MDP     : setPQParam globalPQSupport = [0] globalPQSwitch = [0] globalPQStrength = [0] globalPQType = [0]
03-02 00:57:12.921  1444  1808 D MDP     : [PQSession] setPQparam userId[0x0], scenario[1], enDRE[0]
03-02 00:57:12.921  1444  1808 D MDP     : [PQSession] getDpPqConfig() id[a] enable[1], scenario[1]
03-02 00:57:12.921  1444  1808 D MDP     : [PQSession] getDpPqConfig() enSharp[1] enDC[0] enColor[0] enHDR[0] enHDRVivid[0] enUR[0] enReFocus[0] enCcorr[1] enDRE[0] enHFG[0] enAIPQ[0] enAISDR2HDR[0] enAIRegionPQ[0] mAdaptiveEnable[0]
03-02 00:57:12.921  1444  1808 D MDP     : [PQSession] setPQDREParam userId[0x0] scenario[1] enDRE[0]
03-02 00:57:12.921  1444  1808 D MDP     : [PQSessionManager] findVideoID[f6840820] found on index a
03-02 00:57:12.921  1444  1808 D PQ_HDR  : DpAsyncBlit: job:(2070791 133) in:(720, 1280)[720 368] C8s P1.1.1.0.1, alpha 0, sec0 flush:0 Buffer 1035395: plane=3 bufVA={0x85,0x85,0x85} bufMVA={0x0,0x0,0x0} bufSize={0xe1000,0x39800,0x39800} proxy={0xb40000747320b7a0,0x0,0x0}fence=-1
03-02 00:57:12.921  1444  1808 D PQ_HDR  : DpAsyncBlit: out 0:(774, 1920)[2176 0] C5 P1.1.1.0.1 R:0 F:0 S:1 A:0 HDR:0 COLOR:0 CCORR:1 sec0 flush:0 Buffer 1035395: plane=1 bufVA={0x88,0x0,0x0} bufMVA={0x0,0x0,0x0} bufSize={0x4db200,0x0,0x0} proxy={0xb40000747320b400,0x0,0x0}fence=-1
03-02 00:57:12.921  1444  1808 D PQ_HDR  : DpAsyncBlit: crop 0:(204.0, 0.0, 516.0, 1280.0) compose:(0, 0, 774, 1920)
03-02 00:57:12.921  3202  3202 I HoneySpace.TaskListViewModel[160530624]: taskRemoveId, 44860
03-02 00:57:12.922  3202  3202 W HoneySpace.TaskListViewModel[160530624]: task is already removed: 44860
03-02 00:57:12.922  5235 18278 I HBD     : l Write selected lang for DE
03-02 00:57:12.922  5235  5235 I HBD     : g isCoverDisplay : false, cached selected json info : SelectedLanguageInfo(languageVersion=4.2, currentLanguageOrder=0, selectedLanguageList=[SelectedLanguage(id=65538, isUsed=true, engName=English, inputType=qwerty, activeOptionList=[auto_replace, auto_spacing, writing_assistant, prediction], bilingualId=-1), SelectedLanguage(id=5308416, isUsed=true, engName=Arabic, inputType=qwerty, activeOptionList=[auto_replace, auto_spacing, prediction], bilingualId=-1)])
03-02 00:57:12.922  5235  5235 I HBD     : g updateSelectedLanguageCache is succeeded. English
03-02 00:57:12.922  1444  1808 D MDP     : [PQSessionManager] PQSessionManager::getPQSession id[a]
03-02 00:57:12.922  1444  1808 D MDP     : [PQSessionManager] getPQSessionListHandle id[a]
03-02 00:57:12.922  5235 18278 I HBD     : l writeToFile path : /data/user_de/0/com.samsung.android.honeyboard/files/selected.json
03-02 00:57:12.922  1444  1808 D MDP     : [PQSessionManager] getPQSessionListHandle, find id[a]
03-02 00:57:12.922  3202  3202 I HoneySpace.TaskListViewModel[160530624]: taskRemoveId, 44860
03-02 00:57:12.922  1444  1808 D MDP     : [PQSessionManager] PQSessionManager::getPQSession id[a]
03-02 00:57:12.922  1444  1808 D MDP     : [PQSessionManager] getPQSessionListHandle id[a]
03-02 00:57:12.922  1444  1808 D MDP     : [PQSessionManager] getPQSessionListHandle, find id[a]
03-02 00:57:12.922  5235 18278 I HBD     : l writeToFile json : {"version":"4.2","currentLanguageOrder":0,"selected":[{"activeOptionList":["auto_replace","auto_spacing","writing_assistant","prediction"],"bilingualId":-1,"engName":"English","id":65538,"inputType":"qwerty","isUsed":true},{"activeOptionList":["auto_replace","auto_spacing","prediction"],"bilingualId":-1,"engName":"Arabic","id":5308416,"inputType":"qwerty","isUsed":true}]}
03-02 00:57:12.922  1444  1808 D MDP     : PQSession:setPipeNum m_PipeNum[1] value[1] ID[a] DCPath[0] DCDone[0] addr[732261df]
03-02 00:57:12.922  1444  1808 D MDP     : [PQSession] getDpPqConfig() id[a] enable[1], scenario[1]
03-02 00:57:12.922  1444  1808 D MDP     : [PQSession] getDpPqConfig() enSharp[1] enDC[0] enColor[0] enHDR[0] enHDRVivid[0] enUR[0] enReFocus[0] enCcorr[1] enDRE[0] enHFG[0] enAIPQ[0] enAISDR2HDR[0] enAIRegionPQ[0] mAdaptiveEnable[0]
03-02 00:57:12.922  1444  1808 D PQ      : [PQRSZConfig] PQRSZConfig::getUREnableStatus = 1
03-02 00:57:12.922  3202  3202 W HoneySpace.TaskListViewModel[160530624]: task is already removed: 44860
03-02 00:57:12.922  1444  1808 D MDP     : [PQSessionManager] PQSessionManager::getPQSession id[a]
03-02 00:57:12.922  1444  1808 D MDP     : [PQSessionManager] getPQSessionListHandle id[a]
03-02 00:57:12.922  1444  1808 D MDP     : [PQSessionManager] getPQSessionListHandle, find id[a]
03-02 00:57:12.922  1444  1808 D AAL     : [PQEngineInterface] DpEngineTDSHPConfigFrame(0) pqSessionId = a
03-02 00:57:12.922  1444  1808 D MDP     : [PQSession] getDpPqConfig() id[a] enable[1], scenario[1]
03-02 00:57:12.922  1444  1808 D MDP     : [PQSession] getDpPqConfig() enSharp[1] enDC[0] enColor[0] enHDR[0] enHDRVivid[0] enUR[0] enReFocus[0] enCcorr[1] enDRE[0] enHFG[0] enAIPQ[0] enAISDR2HDR[0] enAIRegionPQ[0] mAdaptiveEnable[0]
03-02 00:57:12.922  1444  1808 D AAL     : [PQEngineInterface] DpEngineTDSHPConfigFrame(0) tdshpEnable(1) enSharp(1) enDC(0) enHFG(0)
03-02 00:57:12.922  1444  1808 D MDP     : PQSession:setPipeNum m_PipeNum[1] value[1] ID[a] DCPath[0] DCDone[0] addr[732261df]
03-02 00:57:12.922  1444  1808 D AAL     : [PQEngineInterface] DpEngineTDSHPConfigFrame(0) adl_enable = 0
03-02 00:57:12.922  1444  1808 D PQ      : [PQHFGConfig] PQHFGConfig::isEnabled = 2
03-02 00:57:12.922  1444  1808 D MDP     : [PQSession] getDpPqConfig() id[a] enable[1], scenario[1]
03-02 00:57:12.922  1444  1808 D MDP     : [PQSession] getDpPqConfig() enSharp[1] enDC[0] enColor[0] enHDR[0] enHDRVivid[0] enUR[0] enReFocus[0] enCcorr[1] enDRE[0] enHFG[0] enAIPQ[0] enAISDR2HDR[0] enAIRegionPQ[0] mAdaptiveEnable[0]
03-02 00:57:12.922  1444  1808 D AAL     : [PQEngineInterface] DpEngineTDSHPConfigFrame(0) hfg_enable = 0
03-02 00:57:12.922  1444  1808 D AAL     : PQEngineInterface] DpEngineTDSHPConfigFrame(0) shp_enable = 0
03-02 00:57:12.922  5235  5235 I HBD     : l writeToFile path : /data/user/0/com.samsung.android.honeyboard/files/selected.json
03-02 00:57:12.922  5235  5235 I HBD     : l writeToFile json : {"version":"4.2","currentLanguageOrder":0,"selected":[{"activeOptionList":["auto_replace","auto_spacing","writing_assistant","prediction"],"bilingualId":-1,"engName":"English","id":65538,"inputType":"qwerty","isUsed":true},{"activeOptionList":["auto_replace","auto_spacing","prediction"],"bilingualId":-1,"engName":"Arabic","id":5308416,"inputType":"qwerty","isUsed":true}]}
03-02 00:57:12.922  1444  1808 D MDP     : [PQSessionManager] PQSessionManager::getPQSession id[a]
03-02 00:57:12.922  1444  1808 D MDP     : [PQSessionManager] getPQSessionListHandle id[a]
03-02 00:57:12.922  1444  1808 D MDP     : [PQSessionManager] getPQSessionListHandle, find id[a]
03-02 00:57:12.922  1444  1808 D MDP     : [PQSession] getDpPqConfig() id[a] enable[1], scenario[1]
03-02 00:57:12.923  1444  1808 D MDP     : [PQSession] getDpPqConfig() enSharp[1] enDC[0] enColor[0] enHDR[0] enHDRVivid[0] enUR[0] enReFocus[0] enCcorr[1] enDRE[0] enHFG[0] enAIPQ[0] enAISDR2HDR[0] enAIRegionPQ[0] mAdaptiveEnable[0]
03-02 00:57:12.923  1444  1808 W AAL     : DpEngine_AAL: relay 1
03-02 00:57:12.923  1444  1808 D AAL     : [PQEngineInterface] DpEngineTDSHPConfigTile(0) InpSize: 774, 1920, OutSize: 774, 1920
03-02 00:57:12.923  1444  1808 D MDP     : [PQSessionManager] PQSessionManager::getPQSession id[a]
03-02 00:57:12.923  1444  1808 D MDP     : [PQSessionManager] getPQSessionListHandle id[a]
03-02 00:57:12.923  1444  1808 D MDP     : [PQSessionManager] getPQSessionListHandle, find id[a]
03-02 00:57:12.923  1444  1808 D PQ      : [PQHFGConfig] PQHFGConfig::isEnabled = 2
03-02 00:57:12.923  1444  1808 D MDP     : [PQSession] getDpPqConfig() id[a] enable[1], scenario[1]
03-02 00:57:12.923  1444  1808 D MDP     : [PQSession] getDpPqConfig() enSharp[1] enDC[0] enColor[0] enHDR[0] enHDRVivid[0] enUR[0] enReFocus[0] enCcorr[1] enDRE[0] enHFG[0] enAIPQ[0] enAISDR2HDR[0] enAIRegionPQ[0] mAdaptiveEnable[0]
03-02 00:57:12.923  1444  1808 D AAL     : [PQEngineInterface] DpEngineAALCongTile(0) MDP_aal_size = 34604288
03-02 00:57:12.923  1444  1808 D AAL     : [PQEngineInterface(1791345034)::MDP_AAL_output_offset = 0
03-02 00:57:12.923  1444  1808 D AAL     : [PQEngineInterface] DpEngineAALCongTile(0) MDP_AAL_output_size = 34080000
03-02 00:57:12.923  3202  3386 I HoneySpace.TopTaskSource: onTaskRemoved: 44860
03-02 00:57:12.923  1444  1808 D AAL     : [PQEngineInterface] DpEngineAALCongTile(0) inTileXRight = 719, inTileXLeft = 192
03-02 00:57:12.923  1444  1808 D AAL     : [PQEngineInterface] DpEngineAALCongTile(0) inTileYBottom = 719, inTileYTop = 0
03-02 00:57:12.923  1444  1808 D AAL     : [PQEngineInterface] DpEngineAALCongTile(0) outTileXRight = 1279, outTileXLeft = 200
03-02 00:57:12.923  1444  1808 D AAL     : [PQEngineInterface] DpEngineAALCongTile(0) m_outTileYBottom = 1279, m_outTileYTop = 0
03-02 00:57:12.923  1444  1808 D MDP     : [PQSessionManager] PQSessionManager::getPQSession id[a]
03-02 00:57:12.923  1444  1808 D MDP     : [PQSessionManager] getPQSessionListHandle id[a]
03-02 00:57:12.923  1444  1808 D MDP     : [PQSessionManager] getPQSessionListHandle, find id[a]
03-02 00:57:12.923  1444  1808 D AAL     : [PQEngineInterface] DpEngineAALCongTile(0)cropOffset[X, Y]=[1, 192], crop[Wid, Hei]=[0, 528]
03-02 00:57:12.923  1444  1808 D MDP     : [PQSessionManager] PQSessionManager::getPQSession id[a]
03-02 00:57:12.923  1444  1808 D MDP     : [PQSessionManager] getPQSessionListHandle id[a]
03-02 00:57:12.923  1444  1808 D MDP     : [PQSessionManager] getPQSessionListHandle, find id[a]
03-02 00:57:12.923  1444  1808 D AAL     : [PQEngineInterface] DpEngineHDRConfigTile(0) outTileXLeft = 192, outTileXRight = 719
03-02 00:57:12.923  1444  1808 D AAL     : [PQEngineInterface] DpEngineHDRConfigTile(0) inTileXLeft = 192, inTileXRight = 719
03-02 00:57:12.923  1444  1808 D AAL     : [PQEngineInterface] DpEngineHDRConfigTile(0) HDR_out_start_x = 0, HDR_out_end_x = 527, src h: 528,v: 1280
03-02 00:57:12.923  1444  1808 D AAL     : [PQEngineInterface] DpEngineHDRConfigTile(0) HDR_hist_end_x = 0, HDR_hist_begin_x = 0
03-02 00:57:12.923  1444  1808 D AAL     : [PQEngineInterface] DpEngineHDRConfigTile(0) HDR_first_tile = 0, HDR_last_tile = 0
03-02 00:57:12.923  1444  1808 D AAL     : [PQEngineInterface] DpEngineHDRConfigTile(0) inFrameWidth = 720 , middlePosX = 0
03-02 00:57:12.923  1444  1808 D MDP     : [PQSessionManager] PQSessionManager::getPQSession id[a]
03-02 00:57:12.923  1444  1808 D MDP     : [PQSessionManager] getPQSessionListHandle id[a]
03-02 00:57:12.923  1444  1808 D MDP     : [PQSessionManager] getPQSessionListHandle, find id[a]
03-02 00:57:12.923  1444  1808 D MDP     : [PQSessionManager] PQSessionManager::getPQSession id[a]
03-02 00:57:12.923  1444  1808 D MDP     : [PQSessionManager] getPQSessionListHandle id[a]
03-02 00:57:12.923  1444  1808 D MDP     : [PQSessionManager] getPQSessionListHandle, find id[a]
03-02 00:57:12.923  2013  4903 D SecContentProvider: query(), uri = 17 selection = isSettingsChangesAllowed
03-02 00:57:12.924  2013  3645 D SecContentProvider: query(), uri = 17 selection = isSettingsChangesAllowed
03-02 00:57:12.926  5235  5235 I HBD     : l writeToFile complete
03-02 00:57:12.926  1507  1507 I SurfaceFlinger: destroyed Surface(name=2141cda InputMethod)/@0x5ea0b56 - animation-leash of insets_animation#155771
03-02 00:57:12.926  1507  1507 I SurfaceFlinger: [LayerHierarchy{RequestedLayerState{ActivityRecord{64960898 u0 com.podcast.app.debug/androidx.activity.ComponentActivity t44860}#155760} 2 children}] reparent to OffscreenRoot
03-02 00:57:12.926  1507  1507 I SurfaceFlinger: [LayerHierarchy{RequestedLayerState{ActivityRecord{64960898 u0 com.podcast.app.debug/androidx.activity.ComponentActivity t44860}#155760} 2 children}] RelativeParent to null
03-02 00:57:12.926  1507  1507 I SurfaceFlinger: [LayerHierarchy{RequestedLayerState{Task=44860#155806 z=40} no children}] reparent to OffscreenRoot
03-02 00:57:12.926  1507  1507 I SurfaceFlinger: [LayerHierarchy{RequestedLayerState{Task=44860#155806 z=40} no children}] RelativeParent to null
03-02 00:57:12.926  1507  1507 I SurfaceFlinger: [LayerHierarchy{RequestedLayerState{f0a4a8a com.podcast.app.debug/androidx.activity.ComponentActivity#155763} 1 children}] reparent to OffscreenRoot
03-02 00:57:12.926  1507  1507 I SurfaceFlinger: [LayerHierarchy{RequestedLayerState{f0a4a8a com.podcast.app.debug/androidx.activity.ComponentActivity#155763} 1 children}] RelativeParent to null
03-02 00:57:12.926  1507  1507 I SurfaceFlinger: [LayerHierarchy{RequestedLayerState{Task=44860#155759 z=40} no children}] reparent to OffscreenRoot
03-02 00:57:12.926  1507  1507 I SurfaceFlinger: [LayerHierarchy{RequestedLayerState{Task=44860#155759 z=40} no children}] RelativeParent to null
03-02 00:57:12.926  1507  1507 I SurfaceFlinger: [LayerHierarchy{RequestedLayerState{com.podcast.app.debug/androidx.activity.ComponentActivity$_17121#155764} no children}] reparent to OffscreenRoot
03-02 00:57:12.926  1507  1507 I SurfaceFlinger: [LayerHierarchy{RequestedLayerState{com.podcast.app.debug/androidx.activity.ComponentActivity$_17121#155764} no children}] RelativeParent to null
03-02 00:57:12.926  5235 18277 I HBD     : l writeToFile complete
03-02 00:57:12.927  5235  5235 I HBD     : a [UpdatePolicy] [post] a: 31 cl: 65538 kit: [0/0] vt: 0 ir: 1
03-02 00:57:12.927  5235 18278 E AtomicFile: Failed to rename /data/user_de/0/com.samsung.android.honeyboard/files/selected.json.new to /data/user_de/0/com.samsung.android.honeyboard/files/selected.json
03-02 00:57:12.927  1444  1809 D MDP     : [PQSessionManager] PQSessionManager::getPQSession id[a]
03-02 00:57:12.927  1444  1809 D MDP     : [PQSessionManager] getPQSessionListHandle id[a]
03-02 00:57:12.927  5235 18278 I HBD     : l writeToFile complete
03-02 00:57:12.927  1444  1809 D MDP     : [PQSessionManager] getPQSessionListHandle, find id[a]
03-02 00:57:12.927 12859 12960 I SGPController: onForegroundAppChanged() update=false, cn=ComponentInfo{com.zhiliaoapp.musically/com.ss.android.ugc.aweme.main.MainActivity}, r=SkRegion((0,0,198,2340)(882,0,1080,2340))
03-02 00:57:12.927  1444  1809 D MDP     : [PQSessionManager] findVideoID[f6840820] found on index a
03-02 00:57:12.927  5235 12847 I HBD     : u updated Sub Types. English
03-02 00:57:12.927 17121 17305 D IdlingRegistry: Unregistering idling resources: [androidx.compose.ui.test.EspressoLink@7bcbcc4]
03-02 00:57:12.928  1507  1507 I Layer   : id=155771 Destroyed Surface(name=2141cda InputMethod)/@0x5ea0b56 - animation-leash of insets_animation#155771
03-02 00:57:12.928  5235  5235 I HBD     : HoneyBoardService [PF_OP][onStartInput]  31 ms
03-02 00:57:12.928  5235 18280 I HBD     : l Write selected lang for DE
03-02 00:57:12.928  5235 18280 I HBD     : l writeToFile path : /data/user_de/0/com.samsung.android.honeyboard/files/selected.json
03-02 00:57:12.928  5235 18280 I HBD     : l writeToFile json : {"version":"4.2","currentLanguageOrder":0,"selected":[{"activeOptionList":["auto_replace","auto_spacing","writing_assistant","prediction"],"bilingualId":-1,"engName":"English","id":65538,"inputType":"qwerty","isUsed":true},{"activeOptionList":["auto_replace","auto_spacing","prediction"],"bilingualId":-1,"engName":"Arabic","id":5308416,"inputType":"qwerty","isUsed":true}]}
03-02 00:57:12.930  3202  3202 I HoneySpace.EdgePanel.EdgeVisibilityRepository: getComputedTrayVisible : keyguardState = 1
03-02 00:57:12.930  1444  1444 I hwcomposer: [DBQ] (q2:0xb4000074f4d1c000) Reallocate Slot(2), pool(0 -> -159119328) size(0 -> 5054400) secure(0 -> 0)
03-02 00:57:12.930  3202  3202 I HoneySpace.EdgePanel.EdgeVisibilityRepository: updateTrayVisible: State = 0x1, visible = true, current containerState = 0, specificMode = 0
03-02 00:57:12.930  3202  3202 I HoneySpace.EdgePanel.EdgeVisibilityRepository: Same container state 0
03-02 00:57:12.931  2013  4834 D SecContentProvider: query(), uri = 17 selection = isSettingsChangesAllowed
03-02 00:57:12.931  5235 18281 I HBD     : b InputMethodSubtype is set as local:en_GB
03-02 00:57:12.931  1507  2128 I SurfaceFlinger: onHandleDestroyed: layerId=155763, name=f0a4a8a com.podcast.app.debug/androidx.activity.ComponentActivity#155763
03-02 00:57:12.932  1507  2128 I SurfaceFlinger: id=155763 Removed f0a4a8a com.podcast.app.debug/androidx.activity.ComponentActivity#155763 (340)
03-02 00:57:12.932 17121 17305 I TestRunner: finished: miniPlayer_is_displayed(com.podcast.app.ui.MiniPlayerBarTest)
