03-02 00:57:31.268 17121 17121 I BLASTBufferQueue_Java: new BLASTBufferQueue, mName= VRI[ComponentActivity]@d832a0d mNativeObject= 0xb40000786797d800 caller= android.view.ViewRootImpl.updateBlastSurfaceIfNeeded:3585 android.view.ViewRootImpl.relayoutWindow:11685 android.view.ViewRootImpl.performTraversals:4804 android.view.ViewRootImpl.doTraversal:3924 android.view.ViewRootImpl$TraversalRunnable.run:12903 android.view.Choreographer$CallbackRecord.run:1901 android.view.Choreographer$CallbackRecord.run:1910 android.view.Choreographer.doCallbacks:1367 android.view.Choreographer.doFrame:1292 android.view.Choreographer$FrameDisplayEventReceiver.run:1870
03-02 00:57:31.268  1507  1507 I SurfaceFlinger: [Surface(name=c536234 NavigationBar0)/@0xfac847b - animation-leash of insets_animation#156394] attach to parent LayerHierarchy{RequestedLayerState{WindowToken{5cf38d1 type=2019 android.os.BinderProxy@916675b}#101 parentId=34} 2 children}
03-02 00:57:31.268  1507  1507 I SurfaceFlinger: [Surface(name=a5d3a68 StatusBar)/@0xd5726d6 - animation-leash of insets_animation#156395] attach to parent LayerHierarchy{RequestedLayerState{WindowToken{d05298b type=2000 android.os.BinderProxy@163b705}#108 parentId=17} 2 children}
03-02 00:57:31.268 17121 17121 I BLASTBufferQueue_Java: update, w= 1080 h= 2340 mName = VRI[ComponentActivity]@d832a0d mNativeObject= 0xb40000786797d800 sc.mNativeObject= 0xb4000078679cfb00 format= -1 caller= android.view.ViewRootImpl.updateBlastSurfaceIfNeeded:3590 android.view.ViewRootImpl.relayoutWindow:11685 android.view.ViewRootImpl.performTraversals:4804 android.view.ViewRootImpl.doTraversal:3924 android.view.ViewRootImpl$TraversalRunnable.run:12903 android.view.Choreographer$CallbackRecord.run:1901
03-02 00:57:31.268 17121 17121 I BLASTBufferQueue: [VRI[ComponentActivity]@d832a0d#24](f:0,a:0,s:0) update width=1080 height=2340 format=-1 mTransformHint=0
03-02 00:57:31.269 17121 17121 I VRI[ComponentActivity]@d832a0d: Relayout returned: old=(0,0,1080,2340) new=(0,0,1080,2340) relayoutAsync=false req=(1080,2340)0 dur=7 res=0x3 s={true 0xb400007867baa100} ch=true seqId=0
03-02 00:57:31.269 17121 17121 I VRI[ComponentActivity]@d832a0d: performConfigurationChange setNightDimText nightDimLevel=0
03-02 00:57:31.270 17121 17121 D VRI[ComponentActivity]@d832a0d: mThreadedRenderer.initialize() mSurface={isValid=true 0xb400007867baa100} hwInitialized=true
03-02 00:57:31.270  2013  2065 D PkgPredictorService-SecIpmManagerServiceImpl: onForegroundActivitiesChanged pid:17121 uid:10685
03-02 00:57:31.270 17121 17121 D VRI[ComponentActivity]@d832a0d: reportNextDraw android.view.ViewRootImpl.performTraversals:5443 android.view.ViewRootImpl.doTraversal:3924 android.view.ViewRootImpl$TraversalRunnable.run:12903 android.view.Choreographer$CallbackRecord.run:1901 android.view.Choreographer$CallbackRecord.run:1910
03-02 00:57:31.270 17121 17121 D VRI[ComponentActivity]@d832a0d: Setup new sync=wmsSync-VRI[ComponentActivity]@d832a0d#48
03-02 00:57:31.270 17121 17121 I VRI[ComponentActivity]@d832a0d: Creating new active sync group VRI[ComponentActivity]@d832a0d#49
03-02 00:57:31.270 17121 17121 D VRI[ComponentActivity]@d832a0d: registerCallbacksForSync syncBuffer=false
03-02 00:57:31.271  1507  1507 I BufferQueueProducer: [NavigationBar0$_2746#113](this:0xb400007a17b59e38,id:-1,api:0,p:-1,c:1507) queueBuffer: fps=65.60 dur=1067.01 max=167.50 min=7.99
03-02 00:57:31.271 17121 17414 D VRI[ComponentActivity]@d832a0d: Received frameDrawingCallback syncResult=0 frameNum=1.
03-02 00:57:31.271 17121 17414 I VRI[ComponentActivity]@d832a0d: mWNT: t=0xb400007867d40b80 mBlastBufferQueue=0xb40000786797d800 fn= 1 HdrRenderState mRenderHdrSdrRatio=1.0 caller= android.view.ViewRootImpl$12.onFrameDraw:15441 android.view.ThreadedRenderer$1.onFrameDraw:718 <bottom of call stack>
03-02 00:57:31.272 17121 17414 I VRI[ComponentActivity]@d832a0d: Setting up sync and frameCommitCallback
03-02 00:57:31.273  2013  4835 I WindowManager: Relayout Window{9ffea6b u0 Splash Screen com.podcast.app.debug}: viewVisibility=0 req=1080x2340 ty=3 d0
03-02 00:57:31.274  1507  1563 I SurfaceFlinger: id=156396 createSurf, flag=44004, Splash Screen com.podcast.app.debug$_2746#156396
03-02 00:57:31.274  1445  2902 W C2MtkBufferManager: [0xB4000070F507E520] fetchNewCcBlock: wait fence 0x0xb4000070f5058270 timed out. ret 110
03-02 00:57:31.275  2013  4835 I WindowManager: Relayout hash=9ffea6b, pid=2746, syncId=-1: mAttrs={(0,0)(fillxfill) sim={adjust=pan} layoutInDisplayCutoutMode=always ty=APPLICATION_STARTING fmt=TRANSLUCENT wanim=0x1030317
03-02 00:57:31.275  2013  4835 I WindowManager:   fl=81030118
03-02 00:57:31.275  2013  4835 I WindowManager:   pfl=10000810
03-02 00:57:31.275  2013  4835 I WindowManager:   bhv=1
03-02 00:57:31.275  2013  4835 I WindowManager:   fitSides=0
03-02 00:57:31.275  2013  4835 I WindowManager:   frameRateBoostOnTouch=true
03-02 00:57:31.275  2013  4835 I WindowManager:   dvrrWindowFrameRateHint=true naviIconColor=0}
03-02 00:57:31.276  1484  1921 D DlbEffectContext: setParam() received parameter EFFECT_PARAM_SEEK
03-02 00:57:31.276  1484  1921 D DlbEffectContext: handleSeek(seek operation starts, current profile is 2)
03-02 00:57:31.276  1484  1921 D DlbEffectContext: transformExternalGain() volume:0x0 fVol:0.000000 extVal:-2080
03-02 00:57:31.276  1484  1921 D DlbEndpointParamCache: commitChangedParams()
03-02 00:57:31.276  1484  1921 D DlbEndpointParamCache: commit() Applying parameters for device 0x40000000
03-02 00:57:31.276  1484  1921 D DlbDap2Process: setParam(preg = #1[-2080])
03-02 00:57:31.276  1484  1921 D DlbDap2Process: setSystemGain(vol = 0)
03-02 00:57:31.276  1484  1921 D DlbDap2Process: setParam(svol = #1[-2080])
03-02 00:57:31.276  1484  1921 D DlbEndpointParamCache: doCommit() Committed 2 parameters out of 15.
03-02 00:57:31.276  1484  1921 D DlbEndpointParamCache: commit() Overriding parameters for current device 0x00000002
03-02 00:57:31.276  1484  1921 D DlbEndpointParamCache: doCommit() Committed 0 parameters out of 60.
03-02 00:57:31.276  1484  1921 I SoundBoosterEffectPlus: SB_setVolume(0xb400007075106040)
03-02 00:57:31.276  1484  1921 I SoundBoosterEffectPlus: command EFFECT_CMD_SET_VOLUME left = 0.000000, right =0.000000
03-02 00:57:31.276  2746  2808 I VRI[debug]@a376db2: onActiveControlsChanged, removed=false, mAdded=true, caller=android.view.ViewRootImpl.handleInsetsControlChanged:3002 android.view.ViewRootImpl.relayoutWindow:11629 android.view.ViewRootImpl.performTraversals:4804 android.view.ViewRootImpl.doTraversal:3924 android.view.ViewRootImpl$TraversalRunnable.run:12903
03-02 00:57:31.276  1484  1921 I SoundBooster_Interface2000_a64: BuffClear() mMode: 1
03-02 00:57:31.276  1484  1921 I SoundBoosterEffectPlus: SB_reset SoundBooster sessionId(-2102)
03-02 00:57:31.276  1484  1921 I SAG_EQ a64: SetVolumeFloat() inst_num [424238335] VolumeFloat [-100.000000] mModeFW [1] mMode [1]
03-02 00:57:31.276  1484  1921 I SAG_EQ a64: mIsVolumeTableValid yes
03-02 00:57:31.276  1484  1921 I SAG_EQ a64: SetVolume() VolumeIndexInt [1]
03-02 00:57:31.276  2746  2808 D BufferQueueConsumer: [](id:aba00001e29,api:0,p:-1,c:2746) connect: controlledByApp=false
03-02 00:57:31.275  2013  3645 D WindowManager: takeScreenshotToTargetWindow: targetSurface=null, sourceCrop=Rect(909, 609 - 1027, 1200)
03-02 00:57:31.277  2746  2808 I BLASTBufferQueue: [VRI[debug]@a376db2#7721](f:0,a:0,s:0) constructor()
03-02 00:57:31.276  1439 16890 D MTKAdapterStreamLayer: updateMetadataCommon(),
03-02 00:57:31.277  2746  2808 I BLASTBufferQueue_Java: new BLASTBufferQueue, mName= VRI[debug]@a376db2 mNativeObject= 0xb400007672274400 caller= android.view.ViewRootImpl.updateBlastSurfaceIfNeeded:3585 android.view.ViewRootImpl.relayoutWindow:11685 android.view.ViewRootImpl.performTraversals:4804 android.view.ViewRootImpl.doTraversal:3924 android.view.ViewRootImpl$TraversalRunnable.run:12903 android.view.Choreographer$CallbackRecord.run:1901 android.view.Choreographer$CallbackRecord.run:1910 android.view.Choreographer.doCallbacks:1367 android.view.Choreographer.doFrame:1292 android.view.Choreographer$FrameDisplayEventReceiver.run:1870
03-02 00:57:31.277  2746  2808 I BLASTBufferQueue_Java: update, w= 1080 h= 2340 mName = VRI[debug]@a376db2 mNativeObject= 0xb400007672274400 sc.mNativeObject= 0xb40000783d284e40 format= -3 caller= android.view.ViewRootImpl.updateBlastSurfaceIfNeeded:3590 android.view.ViewRootImpl.relayoutWindow:11685 android.view.ViewRootImpl.performTraversals:4804 android.view.ViewRootImpl.doTraversal:3924 android.view.ViewRootImpl$TraversalRunnable.run:12903 android.view.Choreographer$CallbackRecord.run:1901
03-02 00:57:31.277  2746  2808 I BLASTBufferQueue: [VRI[debug]@a376db2#7721](f:0,a:0,s:0) update width=1080 height=2340 format=-3 mTransformHint=0
03-02 00:57:31.278  2746  2808 I VRI[debug]@a376db2: Relayout returned: old=(0,0,1080,2340) new=(0,0,1080,2340) relayoutAsync=false req=(1080,2340)0 dur=14 res=0x3 s={true 0xb40000768d3dc500} ch=true seqId=0
03-02 00:57:31.278  1484  1921 I SoundBooster_Interface2000_a64: [AE_LOG] Exe() mMode : 1,  n : 2048    VolumeIndexFloat : -100.000000 mSamplingRate : 48000
03-02 00:57:31.279 17121 17389 I BLASTBufferQueue: [VRI[ComponentActivity]@d832a0d#24](f:0,a:0,s:0) onFrameAvailable the first frame is available
03-02 00:57:31.279  2746  2808 I VRI[debug]@a376db2: performConfigurationChange setNightDimText nightDimLevel=0
03-02 00:57:31.279 17121 17389 I BLASTBufferQueue: [VRI[ComponentActivity]@d832a0d#24](f:0,a:1,s:0) acquireNextBufferLocked size=1080x2340 mFrameNumber=1 applyTransaction=true mTimestamp=491130279036888(auto) mPendingTransactions.size=0 graphicBufferId=73534135074913 transform=0
03-02 00:57:31.279  1507  1507 I SurfaceFlinger: [LayerHierarchy{RequestedLayerState{c536234 NavigationBar0#102 parentId=156394} 1 children}] reparent to LayerHierarchy{RequestedLayerState{Surface(name=c536234 NavigationBar0)/@0xfac847b - animation-leash of insets_animation#156394 parentId=101} 1 children}
03-02 00:57:31.279  1507  1507 I SurfaceFlinger: [LayerHierarchy{RequestedLayerState{a5d3a68 StatusBar#109 parentId=156395} 1 children}] reparent to LayerHierarchy{RequestedLayerState{Surface(name=a5d3a68 StatusBar)/@0xd5726d6 - animation-leash of insets_animation#156395 parentId=108} 1 children}
03-02 00:57:31.279  1507  1507 I SurfaceFlinger: [LayerHierarchy{RequestedLayerState{Surface(name=a5d3a68 StatusBar)/@0xd5726d6 - animation-leash of insets_animation#156368} no children}] reparent to OffscreenRoot
03-02 00:57:31.279  1507  1507 I SurfaceFlinger: [LayerHierarchy{RequestedLayerState{Surface(name=a5d3a68 StatusBar)/@0xd5726d6 - animation-leash of insets_animation#156368} no children}] RelativeParent to null
03-02 00:57:31.279  1507  1507 I SurfaceFlinger: [LayerHierarchy{RequestedLayerState{Surface(name=c536234 NavigationBar0)/@0xfac847b - animation-leash of insets_animation#156367} no children}] reparent to OffscreenRoot
03-02 00:57:31.279  1507  1507 I SurfaceFlinger: [LayerHierarchy{RequestedLayerState{Surface(name=c536234 NavigationBar0)/@0xfac847b - animation-leash of insets_animation#156367} no children}] RelativeParent to null
03-02 00:57:31.279  1507  1507 I SurfaceFlinger: [Splash Screen com.podcast.app.debug$_2746#156396] attach to parent LayerHierarchy{RequestedLayerState{9ffea6b Splash Screen com.podcast.app.debug#156392 parentId=156387} 1 children}
03-02 00:57:31.279 17121 17389 I VRI[ComponentActivity]@d832a0d: Received frameCommittedCallback lastAttemptedDrawFrameNum=1 didProduceBuffer=true
03-02 00:57:31.280  2746  2808 D VRI[debug]@a376db2: mThreadedRenderer.initialize() mSurface={isValid=true 0xb40000768d3dc500} hwInitialized=true
03-02 00:57:31.281  2746  2808 D VRI[debug]@a376db2: reportNextDraw android.view.ViewRootImpl.performTraversals:5443 android.view.ViewRootImpl.doTraversal:3924 android.view.ViewRootImpl$TraversalRunnable.run:12903 android.view.Choreographer$CallbackRecord.run:1901 android.view.Choreographer$CallbackRecord.run:1910
03-02 00:57:31.281  2746  2808 D VRI[debug]@a376db2: Setup new sync=wmsSync-VRI[debug]@a376db2#59
03-02 00:57:31.281  2746  2808 I VRI[debug]@a376db2: Creating new active sync group VRI[debug]@a376db2#60
03-02 00:57:31.281  2013  3645 I SurfaceComposerClient: captureDisplay:default, 118x591
03-02 00:57:31.282  1507  1563 I SurfaceFlinger: captureDisplay:layerHandle is a NULL
03-02 00:57:31.282 17121 17389 D HWUI    : CFMS:: SetUp Pid : 17121    Tid : 17389
03-02 00:57:31.282 17121 17121 D VRI[ComponentActivity]@d832a0d: reportDrawFinished seqId=0
03-02 00:57:31.282  2746  2808 D VRI[debug]@a376db2: registerCallbacksForSync syncBuffer=false
03-02 00:57:31.283  2746  2866 D VRI[debug]@a376db2: Received frameDrawingCallback syncResult=0 frameNum=1.
03-02 00:57:31.283  2746  2866 I VRI[debug]@a376db2: mWNT: t=0xb40000772ad87a00 mBlastBufferQueue=0xb400007672274400 fn= 1 HdrRenderState mRenderHdrSdrRatio=1.0 caller= android.view.ViewRootImpl$12.onFrameDraw:15441 android.view.ThreadedRenderer$1.onFrameDraw:718 <bottom of call stack>
03-02 00:57:31.283  2746  2866 I VRI[debug]@a376db2: Setting up sync and frameCommitCallback
03-02 00:57:31.283 25915 26075 I Rubin   : [4019] M.c0.k(Unknown Source) : Notify com.samsung.android.rubin.inferenceengine.contextanalytics.engine.loggers.AppUsageLogger's database is updated.
03-02 00:57:31.284  1464  1492 I mtkpower@impl: [setMode] type:5, enabled:0
03-02 00:57:31.285  2013  2834 I SemDvfsHyPerManager: acquire hyper - AMS_RESUME_TAIL/2013@18, type = -999
03-02 00:57:31.285  2013  2834 I SemDvfsHyPerManager: acquire hyper - AMS_ACT_LAZY/2013@19, type = -999
03-02 00:57:31.285  1450  1487 I HYPER-HAL: [RequestManager.cpp]acquire(): Acquired ID : 2063514  [2013 / 18]    HINT : AMS_RESUME_TAIL    list :
03-02 00:57:31.285  1450  1487 I mtkpower_client: perf_lock_rel, hdl:76654, pid: 1450, tid:1487
03-02 00:57:31.286  1450  1487 I mtkpower_client: perf_lock_acq, hdl:0, dur:0, num:2, pid:1450, tid:1487
03-02 00:57:31.286  1464  1529 I libPowerHal: [perfLockRel] hdl:76654, idx:6
03-02 00:57:31.287  1464  1529 I libPowerHal: [set_cpuidle] enable:1, fd:17, scn:0xb40000737b614050
03-02 00:57:31.287  1464  1529 I libPowerHal: [PD] vendor.samsung. update cmd:1c3c100 param:1 pr:6
03-02 00:57:31.287  1507  1845 D SurfaceFlinger: [input] setFocusedWindow: <null>
03-02 00:57:31.287  1507  1845 D SurfaceFlinger: updateWinowInfo=1, setFocusedWindow timestamp=491130257407426, windowName=<null>
03-02 00:57:31.287  1464  1529 I libPowerHal: [perfLockRel] Done for hdl : 76654
03-02 00:57:31.288  2013  4834 W ParceledListSlice: Element #30 is 21544 bytes.
03-02 00:57:31.288  1450  1487 I mtkpower_client: ret_hdl:76657
03-02 00:57:31.288  1450  1487 I mtkpower_client: perf_lock_rel, hdl:76656, pid: 1450, tid:1487
03-02 00:57:31.288  1464  1529 I libPowerHal: [perfLockAcq] idx:3 hdl:76657 hint:-1 pid:1450 tid:1487 duration:0 lock_user:vendor.samsung. => ret_hdl:76657
03-02 00:57:31.288  1464  1529 I libPowerHal: [set_cpuidle] enable:0, fd:17, scn:0xb40000737b60a5e8
03-02 00:57:31.288  1464  1529 I libPowerHal: [get_cpu_dma_latency_value] 0
03-02 00:57:31.288  1464  1529 I libPowerHal: [PE] vendor.samsung. update cmd:1c3c100 param:0 pr:3
03-02 00:57:31.289  1464  1529 I libPowerHal: [perfLockAcq] Done for hdl : 76657
03-02 00:57:31.289  1450  1487 I mtkpower_client: perf_lock_acq, hdl:0, dur:0, num:2, pid:1450, tid:1487
03-02 00:57:31.289  1464  1529 I libPowerHal: [perfLockRel] hdl:76656, idx:2
03-02 00:57:31.290  1464  1529 I libPowerHal: [PD] vendor.samsung. update cmd:1000000 param:-1 pr:6
03-02 00:57:31.290  1464  1529 I libPowerHal: [perfLockRel] Done for hdl : 76656
03-02 00:57:31.291  1450  1487 I mtkpower_client: ret_hdl:76658
03-02 00:57:31.291  2013  3345 D InputDispatcher: Focus left window (0): cd2d6b5 com.zhiliaoapp.musically/com.ss.android.ugc.aweme.splash.SplashActivity
03-02 00:57:31.291  1464  1529 I libPowerHal: [perfLockAcq] idx:2 hdl:76658 hint:-1 pid:1450 tid:1487 duration:0 lock_user:vendor.samsung. => ret_hdl:76658
03-02 00:57:31.291  2013  3566 D InputDispatcher: Once focus requested (0): <null>
03-02 00:57:31.291  1450  1487 I mtkpower_client: perf_lock_rel, hdl:76658, pid: 1450, tid:1487
03-02 00:57:31.291  1464  1529 I libPowerHal: [setDvfsrcDevFreqOpp] opp:0, freq:4266000000
03-02 00:57:31.291  1464  1529 I libPowerHal: [PE] vendor.samsung. update cmd:1000000 param:0 pr:3
03-02 00:57:31.291  1464  1529 I libPowerHal: [perfLockAcq] Done for hdl : 76658
03-02 00:57:31.292 14885 14885 I ImeFocusController: onPreWindowFocus: skipped hasWindowFocus=false mHasImeFocus=true
03-02 00:57:31.292 14885 14885 I System.out: SAFActivity V Scene Framework: NavigationSceneManager onWindowFocusChanged false
03-02 00:57:31.292  1464  1529 I libPowerHal: [perfLockRel] hdl:76658, idx:2
03-02 00:57:31.292 14885 14885 I ImeFocusController: onPostWindowFocus: skipped hasWindowFocus=false mHasImeFocus=true
03-02 00:57:31.292  1450  1487 I mtkpower_client: perf_lock_acq, hdl:0, dur:0, num:2, pid:1450, tid:1487
03-02 00:57:31.293  1464  1529 I libPowerHal: [PD] vendor.samsung. update cmd:1000000 param:-1 pr:6
03-02 00:57:31.293  1464  1529 I libPowerHal: [perfLockRel] Done for hdl : 76658
03-02 00:57:31.294  1450  1487 I mtkpower_client: ret_hdl:76659
03-02 00:57:31.294  1450  1487 I mtkpower_client: perf_lock_rel, hdl:76655, pid: 1450, tid:1487
03-02 00:57:31.295  1464  1529 I libPowerHal: [perfLockAcq] idx:2 hdl:76659 hint:-1 pid:1450 tid:1487 duration:0 lock_user:vendor.samsung. => ret_hdl:76659
03-02 00:57:31.295  1464  1529 I libPowerHal: [setDvfsrcDevFreqOpp] opp:0, freq:4266000000
03-02 00:57:31.295  1464  1529 I libPowerHal: [PE] vendor.samsung. update cmd:1000000 param:0 pr:3
03-02 00:57:31.295  1464  1529 I libPowerHal: [perfLockAcq] Done for hdl : 76659
03-02 00:57:31.295  1464  1529 I libPowerHal: [perfLockRel] hdl:76655, idx:8
03-02 00:57:31.295  1450  1487 I mtkpower_client: perf_lock_acq, hdl:0, dur:0, num:2, pid:1450, tid:1487
03-02 00:57:31.295  1464  1529 I libPowerHal: [PD] vendor.samsung. update cmd:400000 param:-1 pr:6
03-02 00:57:31.295  1464  1529 I libPowerHal: [recordCPUFreqInfo] set cluster[0] min(-1): -1 max(-1): -1 cluster[1] min(-1): -1 max(-1): -1
03-02 00:57:31.295  1464  1529 I libPowerHal: [perfLockRel] Done for hdl : 76655
03-02 00:57:31.296  1464  1529 I libPowerHal: [perfLockAcq] idx:6 hdl:76660 hint:-1 pid:1450 tid:1487 duration:0 lock_user:vendor.samsung. => ret_hdl:76660
03-02 00:57:31.296  1450  1487 I mtkpower_client: ret_hdl:76660
03-02 00:57:31.296  1464  1529 I libPowerHal: [PE] vendor.samsung. update cmd:400000 param:2000000 pr:3
03-02 00:57:31.296  1464  1529 I libPowerHal: [recordCPUFreqInfo] set cluster[0] min(vendor.samsung.): 2000000 max(-1): -1 cluster[1] min(-1): -1 max(-1): -1
03-02 00:57:31.296  1464  1529 I libPowerHal: [perfLockAcq] Done for hdl : 76660
03-02 00:57:31.296  1450  1487 I HYPER-HAL: [RequestManager.cpp]releaseLocked(): Released ID : 2067581
03-02 00:57:31.296 17121 17121 I InsetsSourceConsumer: applyRequestedVisibilityToControl: visible=true, type=navigationBars, host=com.podcast.app.debug/androidx.activity.ComponentActivity
03-02 00:57:31.296  1507  1907 I SurfaceFlinger: onHandleDestroyed: layerId=156367, name=Surface(name=c536234 NavigationBar0)/@0xfac847b - animation-leash of insets_animation#156367
03-02 00:57:31.297 17121 17121 I InsetsSourceConsumer: applyRequestedVisibilityToControl: visible=true, type=statusBars, host=com.podcast.app.debug/androidx.activity.ComponentActivity
03-02 00:57:31.297  1507  1907 I SurfaceFlinger: id=156367 Removed Surface(name=c536234 NavigationBar0)/@0xfac847b - animation-leash of insets_animation#156367 (331)
03-02 00:57:31.297  1507  1907 I SurfaceFlinger: onHandleDestroyed: layerId=156368, name=Surface(name=a5d3a68 StatusBar)/@0xd5726d6 - animation-leash of insets_animation#156368
03-02 00:57:31.297  1507  1907 I SurfaceFlinger: id=156368 Removed Surface(name=a5d3a68 StatusBar)/@0xd5726d6 - animation-leash of insets_animation#156368 (331)
03-02 00:57:31.300  1507  1507 I SurfaceFlinger: RequestedLayer [VolumePanelWindow$_2746#156390] hidden!! flag  from(1) --> to(0)
03-02 00:57:31.300  1507  1507 I SurfaceFlinger: destroyed Surface(name=a5d3a68 StatusBar)/@0xd5726d6 - animation-leash of insets_animation#156368
03-02 00:57:31.300  1507  1507 I SurfaceFlinger: destroyed Surface(name=c536234 NavigationBar0)/@0xfac847b - animation-leash of insets_animation#156367
03-02 00:57:31.300  1507  1563 I SurfaceFlinger: Capture layer list: 	 Background for 68eb87 SurfaceView[com.zhiliaoapp.musically/com.ss.android.ugc.aweme.splash.SplashActivity]@0#156372(seamlessTransition:0)
03-02 00:57:31.300  1507  1563 I SurfaceFlinger: Capture layer list: 	 Background for 7086fb SurfaceView[com.zhiliaoapp.musically/com.ss.android.ugc.aweme.splash.SplashActivity]@0#156375(seamlessTransition:0)
03-02 00:57:31.300  1507  1563 I SurfaceFlinger: Capture layer list: 	 Background for 836459b SurfaceView[com.zhiliaoapp.musically/com.ss.android.ugc.aweme.splash.SplashActivity]@0#156378(seamlessTransition:0)
03-02 00:57:31.300  1507  1563 I SurfaceFlinger: Capture layer list: 	 com.zhiliaoapp.musically/com.ss.android.ugc.aweme.splash.SplashActivity$_14885#156366(seamlessTransition:0)
03-02 00:57:31.300  1507  1563 I SurfaceFlinger: Capture layer list: 	 StatusBar$_2746#117(seamlessTransition:0)
03-02 00:57:31.300  1507  1563 I SurfaceFlinger: Capture layer list: 	 com.sec.android.app.launcher/com.samsung.app.honeyspace.edge.edgepanel.app.CocktailBarService$_3202#152779(seamlessTransition:0)
03-02 00:57:31.300  1507  1563 I SurfaceFlinger: Capture layer list: 	 NavigationBar0$_2746#113(seamlessTransition:0)
03-02 00:57:31.303  1484  1921 I SoundBooster_Interface2000_a64: BuffClear_apply() mMode: 1
03-02 00:57:31.303  1484  1921 I SoundAlive_Interface_a64: [dB = -100.000000 ]
03-02 00:57:31.304  1507  1507 I Layer   : id=156368 Destroyed Surface(name=a5d3a68 StatusBar)/@0xd5726d6 - animation-leash of insets_animation#156368
03-02 00:57:31.304  1507  1507 I Layer   : id=156367 Destroyed Surface(name=c536234 NavigationBar0)/@0xfac847b - animation-leash of insets_animation#156367
03-02 00:57:31.305  2746  2870 I BLASTBufferQueue: [VRI[debug]@a376db2#7721](f:0,a:0,s:0) onFrameAvailable the first frame is available
03-02 00:57:31.305  2746  2870 I BLASTBufferQueue: [VRI[debug]@a376db2#7721](f:0,a:1,s:0) acquireNextBufferLocked size=1080x2340 mFrameNumber=1 applyTransaction=true mTimestamp=491130306378195(auto) mPendingTransactions.size=0 graphicBufferId=11793980283649 transform=0
03-02 00:57:31.306  2746  2870 I VRI[debug]@a376db2: Received frameCommittedCallback lastAttemptedDrawFrameNum=1 didProduceBuffer=true
03-02 00:57:31.306  2746  2870 D HWUI    : CFMS:: SetUp Pid : 2746    Tid : 2870
03-02 00:57:31.306  2746  2808 D VRI[debug]@a376db2: reportDrawFinished seqId=0
03-02 00:57:31.309  1507  1507 D SurfaceFlinger: Display 4627039422300187648 HWC layers:
03-02 00:57:31.309  1507  1507 D SurfaceFlinger:   SOLID_COLOR |                        0 | 00000002 | N/A          |    0.0    0.0    0.0    0.0 |    0    0   -1   -1 | Background for 68eb87 SurfaceView[co[...]weme.splash.SplashActivity]@0#156372 (0)
03-02 00:57:31.309  1507  1507 D SurfaceFlinger:   SOLID_COLOR |                        0 | 00000002 | N/A          |    0.0    0.0    0.0    0.0 |    0   80 1080 2000 | Background for 7086fb SurfaceView[co[...]weme.splash.SplashActivity]@0#156375 (0)
03-02 00:57:31.309  1507  1507 D SurfaceFlinger:   SOLID_COLOR |                        0 | 00000002 | N/A          |    0.0    0.0    0.0    0.0 |    0    0   -1   -1 | Background for 836459b SurfaceView[c[...]weme.splash.SplashActivity]@0#156378 (0)
03-02 00:57:31.309  1507  1507 D SurfaceFlinger:        DEVICE |           63930588202197 | 00002100 | RGBA_8888    |    0.0    0.0 1080.0 2340.0 |    0    0 1080 2340 | com.zhiliaoapp.musically/com.ss.andr[...].splash.SplashActivity$_14885#156366 (7)
03-02 00:57:31.309  1507  1507 D SurfaceFlinger:        DEVICE |           11793980281879 | 00002100 | RGBA_8888    |    0.0    0.0 1080.0   80.0 |    0    0 1080   80 | StatusBar$_2746#117 (211113)
03-02 00:57:31.309  1507  1507 D SurfaceFlinger:        DEVICE |
03-02 00:57:31.309  1507  1507 D SurfaceFlinger:      13752485304097 | 00002100 | RGBA_8888    |    0.0    0.0   67.0  346.0 | 1013  454 1080  800 | com.sec.android.app.launcher/com.sam[...].app.CocktailBarService$_3202#152779 (1)
03-02 00:57:31.309  1507  1507 D SurfaceFlinger:        DEVICE |           11793980283645 | 00002100 | RGBA_8888    |    0.0    0.0  229.0  724.0 |  851  551 1080 1275 | VolumePanelWindow$_2746#156390 (1)
03-02 00:57:31.309  1507  1507 D SurfaceFlinger:        DEVICE |           11793980281853 | 00002100 | RGBA_8888    |    0.0    0.0 1080.0  135.0 |    0 2205 1080 2340 | NavigationBar0$_2746#113 (188021)
03-02 00:57:31.309  1507  1507 D SurfaceFlinger:
03-02 00:57:31.310  1507  1845 D SurfaceFlinger: [input] setFocusedWindow: 67c9bdc com.podcast.app.debug/androidx.activity.ComponentActivity
03-02 00:57:31.310  1507  1845 D SurfaceFlinger: updateWinowInfo=1, setFocusedWindow timestamp=491130284749580, windowName=67c9bdc com.podcast.app.debug/androidx.activity.ComponentActivity
03-02 00:57:31.310  2013  4835 D InputDispatcher: Once focus requested (0): 67c9bdc com.podcast.app.debug/androidx.activity.ComponentActivity
03-02 00:57:31.310  2013  4835 D InputDispatcher: Focus request (0): 67c9bdc com.podcast.app.debug/androidx.activity.ComponentActivity but waiting because NO_WINDOW
03-02 00:57:31.314  1507  1563 I SurfaceFlinger: id=156397 createSurf, flag=84004, Transition Root: Task=44886#156397
03-02 00:57:31.314 25915 26075 I Rubin   : [4019] com.samsung.android.rubin.inferenceengine.contextanalytics.engine.monitors.moment.exercise.ExercisingWithCalendarMonitor.isSatisfiedByCalendarEvent(Unknown Source) : isSatisfiedByCalendarEvent is false
03-02 00:57:31.316 25915 26075 I Rubin   : [4019] com.samsung.android.rubin.inferenceengine.contextanalytics.engine.monitors.moment.exercise.ExercisingWithCmhMonitor.isSatisfiedByCmh(Unknown Source) : isSatisfiedByCmh is false
03-02 00:57:31.316  2013  2068 I SurfaceControlRegistry: show, t=StartTransaction_SyncId<11284> sc=ActivityRecord{100054639 u0 com.podcast.app.debug/androidx.activity.ComponentActivity t44886}, caller=android.view.SurfaceControl$Transaction.show:3557 com.android.server.wm.Transition.onTransactionReady:2048 com.android.server.wm.BLASTSyncEngine$SyncGroup.finishNow:240 com.android.server.wm.BLASTSyncEngine.onSurfacePlacement:263 com.android.server.wm.RootWindowContainer.performSurfacePlacementNoTrace:1083 com.android.server.wm.WindowSurfacePlacer.performSurfacePlacement:166
03-02 00:57:31.317  2746  2746 D View    : semSetBlurInfo, blurInfo : android.view.SemBlurInfo@a7ca62d {BLUR_MODE_WINDOW_CAPTURED, mBlurRadius = 300, mCapturedBitmap = android.graphics.Bitmap@8b58544, mColorCurve = android.view.SemBlurInfo$ColorCurve@582a762 {minX = 5.0, minY = 17.8, maxX = 235.0, maxY = 247.3, curveBias = 12.0, saturation = 0.3}}, android.widget.ImageView{f27b1b0 V.ED..... ......ID 52,52-170,643 #7f0a0f38 app:id/volume_panel_blur}
03-02 00:57:31.317  2746  2746 D RenderEffectImageFilter: Use RenderEffectImageFilter
03-02 00:57:31.318  2013  2068 D ScreenCapture: [Capture_TEST] : setIsScreenShotBySystem false
03-02 00:57:31.318  2013  2068 I SurfaceComposerClient: captureLayers:childrenOnly:1, sync:1
03-02 00:57:31.323  2746  2746 I {OngoingActivityController}: onTaskFocusChanged but OA data is empty
03-02 00:57:31.324  2013  2064 I PkgPredictorService-SecIpmManagerServiceImpl: reportToNAP uid:10685 com.podcast.app.debug/androidx.activity.ComponentActivity thisTime:116
03-02 00:57:31.324  2013  2064 D PkgPredictorService-SecIpmManagerServiceImpl: reportToNAP: mHeavyLaunchCounter is false
03-02 00:57:31.324  2013  2064 I ActivityTaskManager: Displayed com.podcast.app.debug/androidx.activity.ComponentActivity for user 0: +116ms
03-02 00:57:31.325  3506  3506 E pageboostd: Received HALT command code 2
03-02 00:57:31.326  1646  1892 I CameraService: onUidStateChanged: uid=10062, procState is changed. (0 -> 1)
03-02 00:57:31.330  1507  1563 I SurfaceFlinger: Capture layer list: 	 Background for 68eb87 SurfaceView[com.zhiliaoapp.musically/com.ss.android.ugc.aweme.splash.SplashActivity]@0#156372(seamlessTransition:0)
03-02 00:57:31.330  1507  1563 I SurfaceFlinger: Capture layer list: 	 Background for 7086fb SurfaceView[com.zhiliaoapp.musically/com.ss.android.ugc.aweme.splash.SplashActivity]@0#156375(seamlessTransition:0)
03-02 00:57:31.330  1507  1563 I SurfaceFlinger: Capture layer list: 	 Background for 836459b SurfaceView[com.zhiliaoapp.musically/com.ss.android.ugc.aweme.splash.SplashActivity]@0#156378(seamlessTransition:0)
03-02 00:57:31.330  1507  1563 I SurfaceFlinger: Capture layer list: 	 com.zhiliaoapp.musically/com.ss.android.ugc.aweme.splash.SplashActivity$_14885#156366(seamlessTransition:0)
03-02 00:57:31.335  1507  1507 I SurfaceFlinger: [Transition Root: Task=44886#156397] attach to parent LayerHierarchy{RequestedLayerState{DefaultTaskDisplayArea_d0#10 parentId=9} 46 children}
03-02 00:57:31.335  1646  1892 I CameraService: onUidStateChanged: uid=10492, procState is changed. (19 -> 8)
03-02 00:57:31.344  1507  1563 I SurfaceFlinger: id=156398 createSurf, flag=84000, d54d849 ActivityRecordInputSink com.podcast.app.debug/androidx.activity.ComponentActivity#156398
03-02 00:57:31.345 18627 18868 D ProfileInstaller: Skipping profile installation for com.osp.app.signin
03-02 00:57:31.345  1507  1507 I SurfaceFlinger: [d54d849 ActivityRecordInputSink com.podcast.app.debug/androidx.activity.ComponentActivity#156398] attach to parent LayerHierarchy{RequestedLayerState{ActivityRecord{100054639 u0 com.podcast.app.debug/androidx.activity.ComponentActivity t44886}#156387 parentId=156386} 3 children}
03-02 00:57:31.346 14636 14636 D WM-SystemJobService: onStartJob for WorkGenerationalId(workSpecId=f23029b8-b7a3-4a93-aaf6-b7c7a26dfe9e, generation=0)
03-02 00:57:31.348  1445  2902 W C2MtkBufferManager: [0xB4000070F507E520] fetchNewCcBlock: wait fence 0x0xb4000070f5058270 timed out. ret 110
03-02 00:57:31.349  2013  3645 W ParceledListSlice: Element #30 is 21544 bytes.
03-02 00:57:31.350 14636 15264 D WM-Processor: MutableConfig: processing WorkGenerationalId(workSpecId=f23029b8-b7a3-4a93-aaf6-b7c7a26dfe9e, generation=0)
03-02 00:57:31.354 14636 14636 D WM-WorkerWrapper: Starting work for com.urbanairship.job.AirshipWorker
03-02 00:57:31.354  2746  2798 I SurfaceControlRegistry: hide, t=FinishTransaction_SyncId<11284> sc=Task=44543, caller=android.view.SurfaceControl$Transaction.hide:3583 com.android.wm.shell.transition.Transitions.dispatchReady:1263 com.android.wm.shell.transition.Transitions.onTransitionReady:251 com.android.wm.shell.transition.Transitions$TransitionPlayerImpl$$ExternalSyntheticLambda0.run:13 android.os.Handler.handleCallback:995 android.os.Handler.dispatchMessage:103
03-02 00:57:31.354 14636 14636 V Ana Vodafone - UALib: AirshipWorker - Running job: JobInfo{action='ACTION_UPDATE_CHANNEL', airshipComponentName='com.urbanairship.channel.AirshipChannel', isNetworkAccessRequired=true, minDelayMs=0, conflictStrategy=2, initialBackOffMs=30000, extras={}, rateLimitIds=[]}, work Id: f23029b8-b7a3-4a93-aaf6-b7c7a26dfe9e run attempt: 309
03-02 00:57:31.355  2746  2798 I SurfaceControlRegistry: show, t=StartTransaction_SyncId<11284> sc=Task=44886, caller=android.view.SurfaceControl$Transaction.show:3557 com.android.wm.shell.transition.Transitions.dispatchReady:1279 com.android.wm.shell.transition.Transitions.onTransitionReady:251 com.android.wm.shell.transition.Transitions$TransitionPlayerImpl$$ExternalSyntheticLambda0.run:13 android.os.Handler.handleCallback:995 android.os.Handler.dispatchMessage:103
03-02 00:57:31.355 14636 14636 V Ana Vodafone - UALib: JobDispatcher - Running job: JobInfo{action='ACTION_UPDATE_CHANNEL', airshipComponentName='com.urbanairship.channel.AirshipChannel', isNetworkAccessRequired=true, minDelayMs=0, conflictStrategy=2, initialBackOffMs=30000, extras={}, rateLimitIds=[]}, run attempt: 309
03-02 00:57:31.355  2746  2798 I SurfaceControlRegistry: show, t=FinishTransaction_SyncId<11284> sc=Task=44886, caller=android.view.SurfaceControl$Transaction.show:3557 com.android.wm.shell.transition.Transitions.dispatchReady:1330 com.android.wm.shell.transition.Transitions.onTransitionReady:251 com.android.wm.shell.transition.Transitions$TransitionPlayerImpl$$ExternalSyntheticLambda0.run:13 android.os.Handler.handleCallback:995 android.os.Handler.dispatchMessage:103
03-02 00:57:31.355  2746  2798 I SurfaceControlRegistry: show, t=StartTransaction_SyncId<11284> sc=Transition Root: Task=44886, caller=android.view.SurfaceControl$Transaction.show:3557 com.android.wm.shell.transition.Transitions.playTransition:79 com.android.wm.shell.transition.Transitions.processReadyQueue:239 com.android.wm.shell.transition.Transitions.dispatchReady:1352 com.android.wm.shell.transition.Transitions.onTransitionReady:251 com.android.wm.shell.transition.Transitions$TransitionPlayerImpl$$ExternalSyntheticLambda0.run:13
03-02 00:57:31.359  1507  1563 I SurfaceFlinger: id=156399 createSurf, flag=20004, DimTransitionLayer for Surface(name=Task=44886)/@0xf6d50f3#156399
03-02 00:57:31.360  2746  2798 I SurfaceControlRegistry: show, t=StartTransaction_SyncId<11284> sc=DimTransitionLayer for Surface(name=Task=44886)/@0xf6d50f3, caller=android.view.SurfaceControl$Transaction.show:3557 com.android.wm.shell.transition.DefaultTransitionHandler.startAnimation:2837 com.android.wm.shell.transition.Transitions.dispatchTransition:90 com.android.wm.shell.transition.Transitions.playTransition:774 com.android.wm.shell.transition.Transitions.processReadyQueue:239 com.android.wm.shell.transition.Transitions.dispatchReady:1352
03-02 00:57:31.360  2746  2798 I SurfaceControlRegistry: apply, t=StartTransaction_SyncId<11284>, caller=android.view.SurfaceControl$Transaction.apply:3459 android.view.SurfaceControl$Transaction.apply:3447 android.view.SurfaceControl$Transaction.apply:3397 com.android.wm.shell.transition.DefaultTransitionHandler.startAnimation:3292 com.android.wm.shell.transition.Transitions.dispatchTransition:90 com.android.wm.shell.transition.Transitions.playTransition:774
03-02 00:57:31.360  2013  3345 W system_server: Large reply transaction of 325152 bytes, interface descriptor android.app.IActivityTaskManager, code 26
03-02 00:57:31.362  3202 31843 I HoneySpace.RecentTasks: onRunningTaskAppeared
03-02 00:57:31.362  3202 31843 I HoneySpace.RecentTasks: onRecentTasksChanged
03-02 00:57:31.363  3202  4698 I HoneySpace.RecentTasks: onRecentTasksChanged
03-02 00:57:31.364  1507  1825 I SurfaceFlinger: Capture layer list: 	 com.zhiliaoapp.musically/com.ss.android.ugc.aweme.splash.SplashActivity$_14885#156366(seamlessTransition:0)
03-02 00:57:31.368  1507  1507 I SurfaceFlinger: RequestedLayer [9ffea6b Splash Screen com.podcast.app.debug#156392] hidden!! flag  from(1) --> to(0)
03-02 00:57:31.368  1507  1507 I SurfaceFlinger: RequestedLayer [67c9bdc com.podcast.app.debug/androidx.activity.ComponentActivity#156391] hidden!! flag  from(1) --> to(0)
03-02 00:57:31.368  1507  1507 I SurfaceFlinger: RequestedLayer [Splash Screen com.podcast.app.debug$_2746#156396] hidden!! flag  from(1) --> to(0)
03-02 00:57:31.368  1507  1507 I SurfaceFlinger: RequestedLayer [com.podcast.app.debug/androidx.activity.ComponentActivity$_17121#156393] hidden!! flag  from(1) --> to(0)
03-02 00:57:31.368  1507  1507 I SurfaceFlinger: RequestedLayer [Task=44886#156386] hidden!! flag  from(1) --> to(0)
03-02 00:57:31.368  1507  1507 E SurfaceFlinger: alpha changed 1.000 -> 0.000 - Task=44886#156386
03-02 00:57:31.368  1507  1507 I SurfaceFlinger: RequestedLayer [Transition Root: Task=44886#156397] hidden!! flag  from(1) --> to(0)
03-02 00:57:31.368  1507  1507 I SurfaceFlinger: RequestedLayer [ActivityRecord{100054639 u0 com.podc[...]ity.ComponentActivity t44886}#156387] hidden!! flag  from(1) --> to(0)
03-02 00:57:31.368  1507  1507 I SurfaceFlinger: RequestedLayer [DimTransitionLayer for Surface(name=Task=44886)/@0xf6d50f3#156399] hidden!! flag  from(1) --> to(0)
03-02 00:57:31.368  1507  1507 E SurfaceFlinger: alpha changed 1.000 -> 0.000 - DimTransitionLayer for Surface(name=Task=44886)/@0xf6d50f3#156399
03-02 00:57:31.368  1507  1507 E SurfaceFlinger: alpha changed 0.000 -> 1.000 - Task=44886#156386
03-02 00:57:31.368  1507  1507 E SurfaceFlinger: alpha changed 0.000 -> 0.000 - DimTransitionLayer for Surface(name=Task=44886)/@0xf6d50f3#156399
03-02 00:57:31.368  1507  1507 I SurfaceFlinger: [LayerHierarchy{RequestedLayerState{Task=44543#147901 parentId=156397 z=2} 1 children}] reparent to LayerHierarchy{RequestedLayerState{Transition Root: Task=44886#156397 parentId=10 z=41} 1 children}
03-02 00:57:31.368  1507  1507 I SurfaceFlinger: [LayerHierarchy{RequestedLayerState{Task=44886#156386 parentId=156397 z=5} 1 children}] reparent to LayerHierarchy{RequestedLayerState{Transition Root: Task=44886#156397 parentId=10 z=41} 2 children}
03-02 00:57:31.368  1507  1507 I SurfaceFlinger: [DimTransitionLayer for Surface(name=Task=44886)/@0xf6d50f3#156399] attach to parent LayerHierarchy{RequestedLayerState{Transition Root: Task=44886#156397 parentId=10 z=41} 3 children}
03-02 00:57:31.371  2013  3645 W ParceledListSlice: Element #30 is 21544 bytes.
03-02 00:57:31.372  2013  2834 W system_server: Large reply transaction of 325152 bytes, interface descriptor android.app.IActivityTaskManager, code 26
03-02 00:57:31.375  1507  2393 I SurfaceFlinger: id=156400 createSurf, flag=24000, Surface(name=67c9bdc com.podcast.app.debug/androidx.activity.ComponentActivity)/@0x6119c28 - animation-leash of starting_reveal#156400
03-02 00:57:31.376  1464  1492 I mtkpower@impl: [setMode] type:6, enabled:1
03-02 00:57:31.376  1464  1492 E mtkpower@impl: [setMode] unknown type
03-02 00:57:31.376  2746  2798 D ShellTaskOrganizer: removeStartingWindow, removalInfo=StartingWindowRemovalInfo{taskId=44886 frame=Rect(0, 0 - 1080, 2340) playRevealAnimation=true roundedCornerRadius=0.0 deferRemoveMode=0 windowlessSurface=false removeImmediately=false}
03-02 00:57:31.380  1507  1507 I SurfaceFlinger: [Surface(name=67c9bdc com.podcast.app.debug/androidx.activity.ComponentActivity)/@0x6119c28 - animation-leash of starting_reveal#156400] attach to parent LayerHierarchy{RequestedLayerState{ActivityRecord{100054639 u0 com.podcast.app.debug/androidx.activity.ComponentActivity t44886}#156387 parentId=156386} 4 children}
03-02 00:57:31.381  2013  2834 D InputDispatcher: Focus entered window (0): 67c9bdc com.podcast.app.debug/androidx.activity.ComponentActivity
03-02 00:57:31.382 17121 17121 D VRI[ComponentActivity]@d832a0d: mThreadedRenderer.initializeIfNeeded()#2 mSurface={isValid=true 0xb400007867baa100}
03-02 00:57:31.382 17121 17121 D InputMethodManagerUtils: startInputInner - Id : 0
03-02 00:57:31.382 17121 17121 I InputMethodManager: startInputInner - IInputMethodManagerGlobalInvoker.startInputOrWindowGainedFocus
03-02 00:57:31.384  2013  2322 I ImeTracker: com.podcast.app.debug:c726da42: onRequestHide at ORIGIN_SERVER reason HIDE_UNSPECIFIED_WINDOW fromUser false
03-02 00:57:31.385  2746  2865 I VRI[debug]@a376db2: mWNT: t=0xb40000772ad87d00 mBlastBufferQueue=0xb400007672274400 fn= 2 HdrRenderState mRenderHdrSdrRatio=1.0 caller= android.view.SyncRtSurfaceTransactionApplier.applyTransaction:100 android.view.SyncRtSurfaceTransactionApplier.lambda$scheduleApply$0:73 android.view.SyncRtSurfaceTransactionApplier.$r8$lambda$afI4fXg3U3-nBZQEDQMiNy-B06s:0
03-02 00:57:31.385  2746  2865 I VRI[debug]@a376db2: mWNT: t=0xb40000772adfc180 mBlastBufferQueue=0xb400007672274400 fn= 2 HdrRenderState mRenderHdrSdrRatio=1.0 caller= android.view.SyncRtSurfaceTransactionApplier.applyTransaction:100 android.view.SyncRtSurfaceTransactionApplier.lambda$scheduleApply$0:73 android.view.SyncRtSurfaceTransactionApplier.$r8$lambda$afI4fXg3U3-nBZQEDQMiNy-B06s:0
03-02 00:57:31.386 14885 14885 D InputTransport: Input channel destroyed: 'ClientS', fd=623
03-02 00:57:31.386 17121 17121 I InputMethodManager: handleMessage: setImeVisibility visible=false
03-02 00:57:31.386 17121 17121 D InsetsController: hide(ime(), fromIme=false)
03-02 00:57:31.386 17121 17121 I ImeTracker: com.podcast.app.debug:c726da42: onCancelled at PHASE_CLIENT_ALREADY_HIDDEN
03-02 00:57:31.389  2013  2322 D InputTransport: Input channel constructed: 'ClientS', fd=1036
03-02 00:57:31.389  2013  2322 D InputTransport: Input channel destroyed: 'ClientS', fd=1036
03-02 00:57:31.389 17121 17133 D InputTransport: Input channel constructed: 'ClientS', fd=158
03-02 00:57:31.391  1507  1507 E SurfaceFlinger: alpha changed 0.000 -> 0.013 - DimTransitionLayer for Surface(name=Task=44886)/@0xf6d50f3#156399
03-02 00:57:31.392  2013  3645 W system_server: Large reply transaction of 325152 bytes, interface descriptor android.app.IActivityTaskManager, code 26
03-02 00:57:31.394  5235  5235 I HBD     : HoneyBoardService onFinishInput
03-02 00:57:31.394  5235  5235 I HBD     : a IC have been unbinding,  RemoteInputConnection{idHash=#dac579c}
03-02 00:57:31.395  5235  5235 I HBD     : HoneyBoardService [PF_CL][onFinishInput]  1 ms
03-02 00:57:31.396  5235  5235 I HBD     : HoneyBoardService [IMI] onStartInput - caller pid : 17121 , caller uid : 10685
03-02 00:57:31.396  5235  5235 I HBD     : k updateConfigs
03-02 00:57:31.397  5235  5235 I HBD     : k isEnabledNightMode : true
03-02 00:57:31.397  5235  5235 I HBD     : a IC have been binding, RemoteInputConnection{idHash=#50f12a3}
03-02 00:57:31.397  5235  5235 I HBD     : h [EditorInputType]setPrivateImeOptionsToTable privateImeOptions ( null )
03-02 00:57:31.397  5235  5235 I HBD     : b incognitoMode : false
03-02 00:57:31.397  5235  5235 I HBD     : c needOff = true , isForceOff = false, isNullInputClass : true
03-02 00:57:31.397  5235  5235 I HBD     : h getDefaultInputRange : UNKNOWN
03-02 00:57:31.397  5235  5235 I HBD     : h getDefaultInputRange : UNKNOWN
03-02 00:57:31.397  5235  5235 I HBD     : h getDefaultInputRange : UNKNOWN
03-02 00:57:31.398  5235  5235 I HBD     : c needOff = true , isForceOff = false, isNullInputClass : true
03-02 00:57:31.398  5235  5235 I HBD     : c update cached prediction status : false
03-02 00:57:31.398  5235  5235 I HBD     : h getDefaultInputRange : UNKNOWN
03-02 00:57:31.398  5235  5235 I HBD     : a currentState : 0
03-02 00:57:31.398  5235  5235 I HBD     : a [UpdatePolicy] [post] a: 0 cl: 65538 kit: [0/0] vt: 0 ir: 1
03-02 00:57:31.399  5235  5235 I HBD     : a [NRIC] resetNoResponseState
03-02 00:57:31.399  5235  5235 I HBD     : c needOff = true , isForceOff = false, isNullInputClass : true
03-02 00:57:31.399  5235  5235 I HBD     : c update cached prediction status : false
03-02 00:57:31.399  5235  5235 I HBD     : b [AiWriter] setContact : com.podcast.app.debug
03-02 00:57:31.399  5235  5235 I HBD     : a [AiWriter] setContact : com.podcast.app.debug
03-02 00:57:31.400  5235  5235 I HBD     : o0 EBD si S 0
03-02 00:57:31.400  5235  5235 I HBD     : r updateContactDBLanguage : 65538
03-02 00:57:31.402  5235  5235 I HBD     : g isCoverDisplay : false, cached selected json info : SelectedLanguageInfo(languageVersion=4.2, currentLanguageOrder=0, selectedLanguageList=[SelectedLanguage(id=65538, isUsed=true, engName=English, inputType=qwerty, activeOptionList=[auto_replace, auto_spacing, writing_assistant, prediction], bilingualId=-1), SelectedLanguage(id=5308416, isUsed=true, engName=Arabic, inputType=qwerty, activeOptionList=[auto_replace, auto_spacing, prediction], bilingualId=-1)])
03-02 00:57:31.402  5235  5235 I HBD     : g updateSelectedLanguageCache is succeeded. English
03-02 00:57:31.403  1507  1507 D SurfaceFlinger: Display 4627039422300187648 HWC layers:
03-02 00:57:31.403  1507  1507 D SurfaceFlinger:   SOLID_COLOR |                        0 | 00000002 | N/A          |    0.0    0.0    0.0    0.0 |    0    0   -1   -1 | Background for 68eb87 SurfaceView[co[...]weme.splash.SplashActivity]@0#156372 (0)
03-02 00:57:31.403  1507  1507 D SurfaceFlinger:        CLIENT |                        0 | 00000002 | N/A          |    0.0    0.0    0.0    0.0 |    0   80 1059 2000 | Background for 7086fb SurfaceView[co[...]weme.splash.SplashActivity]@0#156375 (0)
03-02 00:57:31.403  1507  1507 D SurfaceFlinger:   SOLID_COLOR |                        0 | 00000002 | N/A          |    0.0    0.0    0.0    0.0 |    0    0   -1   -1 | Background for 836459b SurfaceView[c[...]weme.splash.SplashActivity]@0#156378 (0)
03-02 00:57:31.403  1507  1507 D SurfaceFlinger:        CLIENT |           63930588202197 | 00002100 | RGBA_8888    |   21.0    0.0 1080.0 2340.0 |    0    0 1080 2340 | com.zhiliaoapp.musically/com.ss.andr[...].splash.SplashActivity$_14885#156366 (7)
03-02 00:57:31.403  1507  1507 D SurfaceFlinger:   SOLID_COLOR |                        0 | 00000000 | N/A          |    0.0    0.0    0.0    0.0 |    0    0 1080 2340 | DimTransitionLayer for Surface(name=Task=44886)/@0
03-02 00:57:31.403  5235  5235 I HBD     : l writeToFile path : /data/user/0/com.samsung.android.honeyboard/files/selected.json
03-02 00:57:31.403  1507  1507 D SurfaceFlinger: xf6d50f3#156399 (0)
03-02 00:57:31.403  1507  1507 D SurfaceFlinger:        DEVICE |           73534135074913 | 00002102 | RGBA_8888    |    0.0    0.0   68.0 2340.0 | 1012    0 1080 2340 | com.podcast.app.debug/androidx.activity.ComponentActivity$_17121#156393 (1)
03-02 00:57:31.403  1507  1507 D SurfaceFlinger:        DEVICE |           11793980283652 | 00002100 | RGBA_8888    |    0.0    0.0   68.0 2340.0 | 1012    0 1080 2340 | Splash Screen com.podcast.app.debug$_2746#156396 (2)
03-02 00:57:31.403  1507  1507 D SurfaceFlinger:        DEVICE |           11793980281879 | 00002100 | RGBA_8888    |    0.0    0.0 1080.0   80.0 |    0    0 1080   80 | StatusBar$_2746#117 (211113)
03-02 00:57:31.403  1507  1507 D SurfaceFlinger:        DEVICE |           13752485304097 | 00002100 | RGBA_8888    |    0.0    0.0   67.0  346.0 | 1013  454 1080  800 | com.sec.android.app.launcher/com.sam[...].app.CocktailBarService$_3202#152779 (1)
03-02 00:57:31.403  1507  1507 D SurfaceFlinger:        DEVICE |           11793980283647 | 00002100 | RGBA_8888    |    0.0    0.0  229.0  724.0 |  851  551 1080 1275 | VolumePanelWindow$_2746#156390 (7)
03-02 00:57:31.403  1507  1507 D SurfaceFlinger:        DEVICE |           11793980281853 | 00002100 | RGBA_8888    |    0.0    0.0 1080.0  135.0 |    0 2205 1080 2340 | Na
03-02 00:57:31.403  1507  1507 D SurfaceFlinger: vigationBar0$_2746#113 (188021)
03-02 00:57:31.403  1507  1507 D SurfaceFlinger:
03-02 00:57:31.403  5235  5235 I HBD     : l writeToFile json : {"version":"4.2","currentLanguageOrder":0,"selected":[{"activeOptionList":["auto_replace","auto_spacing","writing_assistant","prediction"],"bilingualId":-1,"engName":"English","id":65538,"inputType":"qwerty","isUsed":true},{"activeOptionList":["auto_replace","auto_spacing","prediction"],"bilingualId":-1,"engName":"Arabic","id":5308416,"inputType":"qwerty","isUsed":true}]}
03-02 00:57:31.404  1484  1816 V APM_AudioPolicyManager: stopOutput portId 13560
03-02 00:57:31.404  1484  1816 V APM_AudioPolicyManager: stopOutput() output 21, stream 3, session 126033
03-02 00:57:31.404  1484  1816 V APM_AudioPolicyManager: setBeaconMute(1) mBeaconMuteRefCount=8 mBeaconPlayingRefCount=0
03-02 00:57:31.404  1484  1816 V APM_AudioPolicyManager: getNewOutputDevices selected devices AUDIO_DEVICE_NONE
03-02 00:57:31.404  1484  1816 V APM_AudioPolicyManager: setOutputDevices caller stopSource[[portId:5][io:21, deep-buffer]] device AUDIO_DEVICE_NONE delayMs 170
03-02 00:57:31.405  1484  1816 V APM_AudioPolicyManager: setOutputDevices caller stopSource[[portId:5][io:21, deep-buffer]] setting same device AUDIO_DEVICE_NONE or null device, force=0, patch handle=11429
03-02 00:57:31.405  1439 16890 D MTKAdapterStreamLayer: updateMetadataCommon(),
03-02 00:57:31.406  1507  1907 I SurfaceFlinger: id=156401 createSurf, flag=24004, Surface(name=2141cda InputMethod)/@0x5ea0b56 - animation-leash of insets_animation#156401
03-02 00:57:31.407  1484  1816 W AudioFlinger: moveEffectChain_ll: effect chain for session 0 not on source thread 0xb400007066671a50
03-02 00:57:31.407  1484  1816 V APM_AudioPolicyManager: selectOutputForMusicEffects selected output 13
03-02 00:57:31.407  5235  5235 I HBD     : l writeToFile complete
03-02 00:57:31.407  2013  3345 I ImeTracker: system_server:8fedfda: onRequestHide at ORIGIN_SERVER reason IME_REQUESTED_CHANGED_LISTENER fromUser false
03-02 00:57:31.408  5235  5235 I HBD     : g isCoverDisplay : false, cached selected json info : SelectedLanguageInfo(languageVersion=4.2, currentLanguageOrder=0, selectedLanguageList=[SelectedLanguage(id=65538, isUsed=true, engName=English, inputType=qwerty, activeOptionList=[auto_replace, auto_spacing, writing_assistant, prediction], bilingualId=-1), SelectedLanguage(id=5308416, isUsed=true, engName=Arabic, inputType=qwerty, activeOptionList=[auto_replace, auto_spacing, prediction], bilingualId=-1)])
03-02 00:57:31.408  5235  5235 I HBD     : n updateActionOptionFromPreference isCover = false
03-02 00:57:31.408  5235 18869 I HBD     : l Write selected lang for DE
03-02 00:57:31.408  5235 18869 I HBD     : l writeToFile path : /data/user_de/0/com.samsung.android.honeyboard/files/selected.json
03-02 00:57:31.408  5235 18869 I HBD     : l writeToFile json : {"version":"4.2","currentLanguageOrder":0,"selected":[{"activeOptionList":["auto_replace","auto_spacing","writing_assistant","prediction"],"bilingualId":-1,"engName":"English","id":65538,"inputType":"qwerty","isUsed":true},{"activeOptionList":["auto_replace","auto_spacing","prediction"],"bilingualId":-1,"engName":"Arabic","id":5308416,"inputType":"qwerty","isUsed":true}]}
