03-02 00:57:35.358  1439  1902 D aurisys_lib_handler: aurisys_arsi_parsing_param_file(), gProductInfo "platform=MT6789,device=a15,model=SM-A155F", file_path "/vendor/etc/audio_param", enhancement_mode 0, param_buf_size 128, data_size 128, custom_info SetAudioCustomScene=Default;
03-02 00:57:35.358  1439  1902 D aurisys_lib_handler: aurisys_arsi_create_handler(), lib_name aurisys_demo, [queried_size] dram:896 [avail_size] dram:4294967295
03-02 00:57:35.358  1439  1902 D aurisys_lib_handler: aurisys_arsi_create_handler(), lib_name aurisys_demo, 0xb400006fecaa7000, process_type 1, arsi_handler 0xb400006feca82600, retval 0x0
03-02 00:57:35.358  1439  1902 D aurisys_lib_handler: aurisys_arsi_create_handler(), arsi_query_process_unit_bytes, ul 4096, dl 4096, retval 0
03-02 00:57:35.358  1439  1902 D aurisys_lib_manager: DL Lib, lib_name aurisys_demo, 0xb400006fecaa7000, sample_rate: 48000 => 48000, num_channels: 2 => 2, audio_format: 0x1 => 0x3, interleave: 1 => 1, frame: 0 => 0
03-02 00:57:35.358  1439  1902 D aurisys_lib_manager: DL out, sample_rate: 48000 => 48000, num_channels: 2 => 2, audio_format: 0x3 => 0x3, interleave: 1 => 1, frame: 0 => 0
03-02 00:57:35.358  1484  3507 D NativePermissionController: checkPermission: missing 13 for 10130
03-02 00:57:35.359  1439  1902 D audio_sw_mixer: sw_mixer_source_attach(), MIXER_PLAYBACK  , name T_DEEP       order 2 sz 8192 fmt 3 ch 2 rate 48000 latency_us 21333
03-02 00:57:35.359 14885 18629 D SurfaceUtils: disconnecting from surface 0x6f9d394c10, reason disconnectFromSurface
03-02 00:57:35.359  1439  1902 D AudioUtility: chooseTargetSampleRate() hiFiState 0 isDeviceSupportHiFi 0 sampleRate 48000 targetSampleRate 48000, isUltra96k 0
03-02 00:57:35.359  1439  1902 D AudioALSAStreamManager: +createPlaybackHandler(), mAudioMode = 0, output_devices = 0x2, isMixerOut = 1, isBypassAurisys = 1, flag = 8, isIEMsSource = 0, isIEMsOn = 0
03-02 00:57:35.359  1439  1902 D AudioALSAStreamManager: needEnableVoip(), output_devices = 0x2, flags: 0x8, mAvailableOutputFlags: 0x1000e, enable: 0
03-02 00:57:35.359  1439  1902 D AudioSpeechEnhanceInfo: IsAPDMNRTuningEnable(), 0
03-02 00:57:35.359  1439  1902 D AudioALSAPlaybackHandlerNormal: +open(), flag = 8, source output_devices = 0x2, audio_format = 3, buffer_size = 16384, sample_rate = 48000
03-02 00:57:35.359  1439  1902 D AudioALSAPlaybackHandlerNormal: open(), isolated deep buffer keypcmDeepBuffer = Playback_3
03-02 00:57:35.359  1439  1902 D AudioALSADeviceConfigManager: ApplyDeviceTurnonSequenceByName() DeviceName = PLAYBACK3_TO_I2S3 descriptor->DeviceStatusCounte = 0, Ctlsize=4
03-02 00:57:35.360  1484 15560 D NativePermissionController: checkPermission: missing 13 for 10476
03-02 00:57:35.360  1484  1566 D NativePermissionController: checkPermission: missing 13 for 10492
03-02 00:57:35.361  2991  3810 I LocationAccessPolicy: checkLocationPermission - callingUid: 10492, callingPid: 14636, result: DENIED_SOFT
03-02 00:57:35.361  2991  3810 I LocationAccessPolicy: checkLocationPermission - callingUid: 10492, callingPid: 14636, result: DENIED_SOFT
03-02 00:57:35.361  1484 24378 D NativePermissionController: checkPermission: missing 13 for 10248
03-02 00:57:35.361 14885 16246 D AudioTrack: setVolume(1.000000, 1.000000) pid : 14885
03-02 00:57:35.362  1484  9573 D NativePermissionController: checkPermission: missing 13 for 10350
03-02 00:57:35.363  1484 24378 D NativePermissionController: checkPermission: missing 13 for 10248
03-02 00:57:35.364  1439  1902 D AudioUtility: chooseTargetSampleRate() hiFiState 0 isDeviceSupportHiFi 0 sampleRate 48000 targetSampleRate 48000, isUltra96k 0
03-02 00:57:35.364  1484 15560 D NativePermissionController: checkPermission: missing 13 for 10492
03-02 00:57:35.364  1439  1902 D AudioALSAPlaybackHandlerBase: transferAudioFormatToPcmFormat(), audio_format(0x4) => pcm_format(0x3)
03-02 00:57:35.364  1439  1902 D AudioALSAPlaybackHandlerNormal: open(), flag = 8, mConfig: channels = 2, sample_rate(target) = 48000, period_size = 1024, period_count = 4, format = 3, avail_min = 2048, start_threshold = 0
03-02 00:57:35.365  1484 24378 D NativePermissionController: checkPermission: missing 13 for 10350
03-02 00:57:35.365  1484 10083 D NativePermissionController: checkPermission: missing 13 for 10351
03-02 00:57:35.368  1484  9573 D NativePermissionController: checkPermission: missing 13 for 10476
03-02 00:57:35.369  1484  9573 D NativePermissionController: checkPermission: missing 13 for 10351
03-02 00:57:35.369  2013  3505 I NSLocationMonitor: getGPSUsingApps() called
03-02 00:57:35.370  3477 22276 I NSLocationManager_FLP: getGPSUsingApps, No change
03-02 00:57:35.370  1439  1902 D AudioALSAPlaybackHandlerBase: openPcmDriverWithFlag(), pcm device = 3 flag = 0xc mPcm = 0xb400006feb0387c0
03-02 00:57:35.370  1439  1902 D AudioALSAPlaybackHandlerBase: CreateAurisysLibManager, ph type: 10, voip: 0, mAurisysScenario: 9
03-02 00:57:35.370  1439  1902 D aurisys_utility: input dev: 0x80000080 0x0, fmt = 0x3, fs: 48000, max fs: 48000, ch: 2, max ch: 2, ch maks: 0x3, hw_info_mask: 0x0; output dev: 0x2 0x0, fmt = 0x3, fs: 48000, max fs: 48000, ch: 2, max ch: 4, ch maks: 0x3, hw_info_mask: 0x8; task_scene: 32, audio_mode: 0, stream_type: 3, output_flags: 0x8, input_source: 0, input_flags: 0x0; network_info: 0, enhancement_feature_mask: 0x0
03-02 00:57:35.370  1439  1902 D AudioUtility: setupCustomInfoStr(), custom_info = "SetAudioCustomScene=Default;", (scene = Default, vol_level = -1, bt_codec = -1, gameChatMode = -1)
03-02 00:57:35.370  1439  1902 D aurisys_utility: lib, working fs: 48000, fmt: 0x3, frame = 0, b_interleave = 1, num_ul_ref_buf_array = 0, num_dl_ref_buf_array = 0
03-02 00:57:35.370  1439  1902 D aurisys_utility: dl in[type:2], ch: 2, ch_mask: 0x3, buf fs: 48000, buf content fs: 48000, fmt: 0x3; dl out[type:3], ch: 2, ch_mask: 0x3, buf fs: 48000, buf content fs: 48000, fmt: 0x3
03-02 00:57:35.370  1439  1902 I [Awinic]: aw_skt_arsi_query_param_buf_size_by_custom_info:reserve2 [0] cust_scene[0] ---> aw_scene[0]
03-02 00:57:35.370  1439  1902 I [Awinic]: find [] scene_block with id 0
03-02 00:57:35.370  1439  1902 I [Awinic]: aw_skt_arsi_query_param_buf_size_by_custom_info:aw_scene[] params len is 11884
03-02 00:57:35.370  1439  1902 D aurisys_lib_handler: [LIB] Awinic Info: aw_skt_arsi_query_param_buf_size_by_custom_info done!
03-02 00:57:35.370  1439  1902 I [Awinic]: aw_skt_arsi_parsing_param_file_by_custom_info:reserve2 [0] cust_scene[0] ---> aw_scene[0]
03-02 00:57:35.370  1439  1902 I [Awinic]: find [] scene_block with id 0
03-02 00:57:35.370  1439  1902 E [Awinic]: open awinic params file [vendor/etc/demo//AW_SPIN_MODE.bin] failed
03-02 00:57:35.370  1439  1902 D [Awinic]: aw_skt_arsi_get_spin_mode_table: read awinic spin mode file failed
03-02 00:57:35.370  1439  1902 I [Awinic]: aw_skt_arsi_parsing_param_file_by_custom_info:load aw_scene[] params done
03-02 00:57:35.370  1439  1902 D aurisys_lib_handler: aurisys_arsi_parsing_param_file(), gProductInfo "platform=MT6789,device=a15,model=SM-A155F", file_path "/vendor/etc/audio_param", enhancement_mode 0, param_buf_size 11884, data_size 11860, custom_info SetAudioCustomScene=Default;
03-02 00:57:35.370  1439  1902 D aurisys_lib_handler: [LIB] Awinic Info: aw_skt_arsi_query_working_buf_size(), scene = 32
03-02 00:57:35.370  1439  1902 D aurisys_lib_handler: [LIB] Awinic Info: input dev: 0x80000080 0x0, fmt = 0x3, fs: 48000, max fs: 48000, ch: 2, max ch: 2
03-02 00:57:35.370  1439  1902 D aurisys_lib_handler: [LIB] Awinic Info: output dev: 0x2 0x0, fmt = 0x3, fs: 48000, max fs: 48000, ch: 2, max ch: 4
03-02 00:57:35.370  1439  1902 D aurisys_lib_handler: [LIB] Awinic Info: lib, working fs: 48000, fmt: 0x3, frame = 0, b_interleave = 1
03-02 00:57:35.370  1439  1902 D aurisys_lib_handler: [LIB] Awinic Info: dl in, ch: 2, buf fs: 48000, read data fs: 48000, fmt: 0x3
03-02 00:57:35.370  1439  1902 D aurisys_lib_handler: [LIB] Awinic Info: dl out, ch: 2, buf fs: 48000, read data fs: 48000, fmt: 0x3
03-02 00:57:35.370  1439  1902 D [Awinic]: [I]Awinic <aw_get_algo_propert>get prop_id: 0x00010001 start!
03-02 00:57:35.370  1439  1902 D [Awinic]: [I]Awinic <aw_get_algo_propert>get prop_id: 0x00010001 success!
03-02 00:57:35.370  1439  1902 D [Awinic]: [I]Awinic <aw_get_algo_propert>get prop_id: 0x00010002 start!
03-02 00:57:35.370  1439  1902 D [Awinic]: [I]Awinic <aw_get_algo_propert>get prop_id: 0x00010002 success!
03-02 00:57:35.370  1439  1902 D [Awinic]: [I]Awinic <aw_get_algo_propert>get prop_id: 0x00010005 start!
03-02 00:57:35.370  1439  1902 D [Awinic]: [I]Awinic <aw_get_algo_propert>get prop_id: 0x00010005 success!
03-02 00:57:35.370  1439  1902 D [Awinic]: [I]Awinic <aw_set_algo_propert>set prop_id: 0x00020005 start!
03-02 00:57:35.370  1439  1902 D [Awinic]: [I]Awinic <aw_set_algo_propert>set prop_id: 0x00020005 success!
03-02 00:57:35.370  1439  1902 D [Awinic]: [I]Awinic <aw_set_algo_propert>set prop_id: 0x00020003 start!
03-02 00:57:35.370  1439  1902 D [Awinic]: [I]Awinic <elog_start>Awinic Logger Init Done!
03-02 00:57:35.370  1439  1902 D [Awinic]: [I]Awinic <aw_set_algo_propert>set prop_id: 0x00020003 success!
03-02 00:57:35.371  1439  1902 D aurisys_lib_handler: [LIB] Awinic Info: (null)(), work_buf size, SLB:0 L2SRAM:621232 DRAM:213176718
03-02 00:57:35.371  1439  1902 D aurisys_lib_handler: [LIB] Awinic Info: aw_skt_arsi_query_working_buf_size done!
03-02 00:57:35.371  1439  1902 D aurisys_lib_handler: aurisys_arsi_create_handler(), lib_name smartpa_aw88xxx, [queried_size] dram:621232 [avail_size] dram:4294967295
03-02 00:57:35.371  1439  1902 D aurisys_lib_handler: [LIB] SLB address: 0x0 size: 0, L2SRAM address: 0x0 size: 0, DRAM address: 0xe1dc73c0 size: 621232
03-02 00:57:35.371  1439  1902 D aurisys_lib_handler: [LIB] Awinic Info: skt_cfg_size : 618744
03-02 00:57:35.371  1439  1902 D [Awinic]: [I]Awinic <aw_get_algo_propert>get prop_id: 0x00010006 start!
03-02 00:57:35.371  1439  1902 D [Awinic]: [I]Awinic <aw_get_algo_propert>get prop_id: 0x00010006 success!
03-02 00:57:35.371  1439  1902 I [Awinic]: SKTune version is SKTune_V6.5_v1.1.5[2].1
03-02 00:57:35.371  1439  1902 I [Awinic]: API version is SKTune_api_v0.0.4.10
03-02 00:57:35.371  1439  1902 D [Awinic]: mix_init init done!
03-02 00:57:35.371  1439  1902 D [Awinic]: mix_init init done!
03-02 00:57:35.371  1439  1902 D [Awinic]: spin init done!
03-02 00:57:35.371  1439  1902 D [Awinic]: mix_init init done!
03-02 00:57:35.372  1439  1902 D [Awinic]: init Done !
03-02 00:57:35.372  1439  1902 D [Awinic]: [I]Awinic <aw_gse_lib_set_preset>GSE Preset convert END!
03-02 00:57:35.372  1439  1902 D [Awinic]: [D]Awinic <aw_gse_ch_set_params>classification or deq is not enabled
03-02 00:57:35.372  1439  1902 D [Awinic]: [D]Awinic <aw_gse_ch_set_params>classification or deq is not enabled
03-02 00:57:35.372  1439  1902 D [Awinic]: [I]Awinic <aw_sToneEvalSetParams>Origin cfg->cali_Re: -98000ohm, set param->cali_Re: 6259mohm!
03-02 00:57:35.372  1439  1902 D [Awinic]: [I]Awinic <aw_sToneEvalSetParams>Origin cfg->cali_Re: -98000ohm, set param->cali_Re: 8000mohm!
03-02 00:57:35.372  1439  1902 D [Awinic]: [D]Awinic <aw_mecLibSetParams_v2>set parameter done!
03-02 00:57:35.372  1439  1902 I [Awinic]: AW_UI_PRESET set done!
03-02 00:57:35.372  1439  1902 I [Awinic]: params data random code is 10902!
03-02 00:57:35.372  1439  1902 D [Awinic]: fadein mix start, pre_gain:[1048576], post_gain:[1048576], mix state: 5
03-02 00:57:35.372  1439  1902 D [Awinic]: set params for cfg[0] done
03-02 00:57:35.372  1439  1902 D aurisys_lib_handler: [LIB] Awinic Info: format 0x3 , num_channels 2, sampling_rate 48000
03-02 00:57:35.373  1439  1902 I [Awinic]: aw_vmax_kctl_dev_init: Awinic dev[0]'s monitor switch kcontrol is not accessible!
03-02 00:57:35.373  1439  1902 I [Awinic]: aw_vmax_kctl_dev_init: Awinic dev[1]'s monitor switch kcontrol is not accessible!
03-02 00:57:35.373  1439  1902 I [Awinic]: aw_vamx_node_init: Awinic open monitor_node_path: /sys/class/power_supply/battery/capacity failed, close monitor
03-02 00:57:35.373  1439  1902 D [Awinic]: set dtc_status: interval_time: 0 s, tma_pre: 220182, tcm_pre: 16811
03-02 00:57:35.373  1439  1902 D [Awinic]: [D]Awinic <tpc_ppc_set_centre_state>cfg->dtc_enable: 1, state->interval_time: 0
03-02 00:57:35.373  1439  1902 E [Awinic]: Open env_te attr[/sys/class/power_supply/battery/temp] failed, errno: 13, due to Permission denied!
03-02 00:57:35.373  1439  1902 D aurisys_lib_handler: [LIB] Awinic Info: aw_skt_arsi_create_handler done!
03-02 00:57:35.373  1439  1902 D aurisys_lib_handler: aurisys_arsi_create_handler(), lib_name smartpa_aw88xxx, 0xb400006feb041000, process_type 1, arsi_handler 0xb400006fe1dc73c0, retval 0x0
03-02 00:57:35.373  1439  1902 D aurisys_lib_handler: [LIB] Awinic Info: aw_skt_arsi_set_debug_log_fp done!
03-02 00:57:35.373  1439  1902 D aurisys_lib_handler: [LIB] Awinic Info: aw_skt_arsi_query_process_unit_bytes done!
03-02 00:57:35.373  1439  1902 D aurisys_lib_handler: aurisys_arsi_create_handler(), arsi_query_process_unit_bytes, ul 4096, dl 4096, retval 0
03-02 00:57:35.373  1439  1902 D aurisys_lib_manager: DL Lib, lib_name smartpa_aw88xxx, 0xb400006feb041000, sample_rate: 48000 => 48000, num_channels: 2 => 2, audio_format: 0x3 => 0x3, interleave: 1 => 1, frame: 0 => 0
03-02 00:57:35.373  1439  1902 D aurisys_lib_manager: DL out, sample_rate: 48000 => 48000, num_channels: 2 => 2, audio_format: 0x3 => 0x4, interleave: 1 => 1, frame: 0 => 0
03-02 00:57:35.374  1439  1902 D AudioALSAHardwareResourceManager: +startOutputDevice(), new_devices = 0x2, mOutputDevices = 0x0, mStartOutputDevicesCount = 0 SampleRate = 48000
03-02 00:57:35.374  1439  1902 D AudioSmartPaController: +dspOnBoardSpeakerOn(), SampleRate: 48000, MD_type: 0, isI2sInEchoRefEn: 0
03-02 00:57:35.374  1439  1902 D AudioALSAHardwareResourceManager: notifyOutputDeviceStatusChange(), device = 2, status = 0, sampleRate = 48000, mOpenSpeakerPathCount = 1
03-02 00:57:35.374  1439  1902 D AudioALSAStreamManager: speakerStatusChangeCb(), status = 0, sampleRate = 48000
03-02 00:57:35.374  1439  1902 D AudioALSAPlaybackHandlerNormal: -open()
03-02 00:57:35.374  1439  1902 D audio_sw_mixer: sw_mixer_target_attach(), MIXER_PLAYBACK  , name T_PRIMARY    order 4 sz 16384 fmt 3 ch 2 rate 48000 latency_us 42666
03-02 00:57:35.374  1439  1902 D audio_sw_mixer: sw_mixer_manager_create_path(), MIXER_PLAYBACK  , path T_DEEP=>T_PRIMARY   , uuid 305984145, source: order 2 sz 8192 fmt 3 ch 2 rate 48000 latency_us 21333, target: order 4 sz 16384 fmt 3 ch 2 rate 48000 latency_us 42666
03-02 00:57:35.374  1439  1902 D audio_sw_mixer: dump_path_list(), MIXER_PLAYBACK  , T_DEEP=>T_PRIMARY   [8192, 2, n]
03-02 00:57:35.374  1439  1902 D AudioALSAPlaybackHandlerMixer: open(-), target flag 8, mDevice 0x2, buffer_size 16384, frame_count 2048, sample_rate 48000
03-02 00:57:35.374  1439  1620 D audio_sw_mixer: sw_mixer_mix_thread(), thread mix1:0 running: target T_PRIMARY
03-02 00:57:35.374  1439  1902 D AudioALSAStreamManager: setPlaybackStreamActive(), is_active = 1, stream_type = 3, mIsMusicStreamActive = 1
03-02 00:57:35.374  1439  1902 D AudioALSAStreamOut: -open(), flags 8
03-02 00:57:35.374  1439  1902 D AudioALSAPlaybackHandlerMixer: setScreenState(), buffer_size 8192 => 16384
03-02 00:57:35.374  1439  1902 D AudioALSAPlaybackHandlerNormal: setScreenState(), flag = 8, rate = 2048, mInterrupt = 0.042667, mode = 1, sample_rate(target) = 48000, buffer_size = 16384, channel = 2, format = 4, reduceInterruptSize = 1024
03-02 00:57:35.374  1484  9573 D NativePermissionController: checkPermission: missing 13 for 10350
03-02 00:57:35.374  1439  1902 W audio_sw_mixer: sw_mixer_source_update_write_bytes(), MIXER_PLAYBACK  , name T_DEEP       order 2 sz 8192=>16384 fmt 3 ch 2 rate 48000 latency_us 42666
03-02 00:57:35.374  1439  1902 W AudioALSAPlaybackHandlerBase: getQueuedFramesInfo(), mTimeStampValid false!!
03-02 00:57:35.375  1507  1507 I BufferQueueProducer: [StatusBar$_2746#117](this:0xb400007a1be07638,id:-1,api:0,p:-1,c:1507) queueBuffer: fps=10.51 dur=1331.76 max=1187.96 min=10.59
03-02 00:57:35.375  1484  1921 E StreamHalAidl: Function: getPresentationPosition Line: 1037 Failed
03-02 00:57:35.375  1484  1921 I SoundAlive_SRC384 arch64: ~SoundAlive_SRC384(): instance 6730
03-02 00:57:35.376  1439 16888 D MTKAdapterStreamLayer: updateMetadataCommon(),
03-02 00:57:35.376  1484  1921 I SoundAlive_SRC384 arch64: SoundAlive_SRC384() ID = 6731 GID = 6732
03-02 00:57:35.376  1484  1921 I SoundAlive_SRC384 arch64: SoundAlive_SRC384: Instance 6731 Init(outFs 7, InFs 7, chnum 0, outBW 0, inBW 0)
03-02 00:57:35.376  1484  1921 I Samsung_SoundAlive_SRC arch64: SRC384 version Samsung SoundAlive SRC ver320 arch64  2021.08.04 (Cppref for ARM64, ver.300.c 32bit 07_10_2016 based)
03-02 00:57:35.376  1484  1921 D SoundAliveResampler: [SoundAliveResampler] Init+++
03-02 00:57:35.376  1484  1921 I SoundAlive_SRC384 arch64: SoundAlive_SRC384: Instance 6731 Init(outFs 8, InFs 7, chnum 2, outBW 3, inBW 3)
03-02 00:57:35.376  1484  1921 I Samsung_SoundAlive_SRC arch64: SRC384 version Samsung SoundAlive SRC ver320 arch64  2021.08.04 (Cppref for ARM64, ver.300.c 32bit 07_10_2016 based)
03-02 00:57:35.377  1484  9573 D NativePermissionController: checkPermission: missing 13 for 10130
03-02 00:57:35.379 17121 17121 I VRI[ComponentActivity]@16d6e13: handleAppVisibility mAppVisible = true visible = false
03-02 00:57:35.379  1439  1902 W AudioALSAPlaybackHandlerBase: getQueuedFramesInfo(), mTimeStampValid false!!
03-02 00:57:35.379  1484  9573 D NativePermissionController: checkPermission: missing 13 for 10350
03-02 00:57:35.379 17121 17121 D VRI[ComponentActivity]@16d6e13: visibilityChanged oldVisibility=true newVisibility=false
03-02 00:57:35.380  1507  1563 I SurfaceFlinger: id=156537 createSurf, flag=84000, ef03246 ActivityRecordInputSink com.podcast.app.debug.test/androidx.test.core.app.InstrumentationActivityInvoker$EmptyActivity#156537
03-02 00:57:35.381  1484  9573 D NativePermissionController: checkPermission: missing 13 for 10130
03-02 00:57:35.381  2991  3810 I LocationAccessPolicy: checkLocationPermission - callingUid: 10492, callingPid: 14636, result: DENIED_SOFT
03-02 00:57:35.381  1484 15560 D NativePermissionController: checkPermission: missing 13 for 10350
03-02 00:57:35.381  2746  2798 I SurfaceControlRegistry: show, t=StartTransaction_SyncId<11291> sc=Transition Root: Task=44543, caller=android.view.SurfaceControl$Transaction.show:3557 com.android.wm.shell.transition.Transitions.playTransition:79 com.android.wm.shell.transition.Transitions.processReadyQueue:239 com.android.wm.shell.transition.Transitions.onFinish:528 com.android.wm.shell.transition.Transitions$$ExternalSyntheticLambda7.onTransitionFinished:12 com.android.wm.shell.transition.DefaultTransitionHandler$$ExternalSyntheticLambda6.run:36
03-02 00:57:35.381  1439  1620 D [Awinic]: mix fade in done, switch to MIX_DONE
03-02 00:57:35.381  1439  1620 D [Awinic]: mix_reset reset done!
03-02 00:57:35.382  1446  1498 I SensorsHub: LightSensor: lux = 34, time = 767671766416889
03-02 00:57:35.384  1507  1563 I SurfaceFlinger: id=156538 createSurf, flag=20004, DimTransitionLayer for Surface(name=Task=44891)/@0x20f2e6#156538
03-02 00:57:35.384  1484 15560 D NativePermissionController: checkPermission: missing 13 for 10350
03-02 00:57:35.384  2746  2798 I SurfaceControlRegistry: show, t=StartTransaction_SyncId<11291> sc=DimTransitionLayer for Surface(name=Task=44891)/@0x20f2e6, caller=android.view.SurfaceControl$Transaction.show:3557 com.android.wm.shell.transition.DefaultTransitionHandler.startAnimation:2837 com.android.wm.shell.transition.Transitions.dispatchTransition:90 com.android.wm.shell.transition.Transitions.playTransition:774 com.android.wm.shell.transition.Transitions.processReadyQueue:239 com.android.wm.shell.transition.Transitions.onFinish:528
03-02 00:57:35.384  1484  9573 D NativePermissionController: checkPermission: missing 13 for 10350
03-02 00:57:35.385  1445  2902 W C2MtkBufferManager: [0xB4000070F507E520] fetchNewCcBlock: wait fence 0x0xb4000070f5058270 timed out. ret 110
03-02 00:57:35.385  1464  1492 I mtkpower@impl: [setMode] type:5, enabled:0
03-02 00:57:35.386  1507  1507 I SurfaceFlinger: [LayerHierarchy{RequestedLayerState{Transition Root: Task=44891#156519 z=42} no children}] reparent to OffscreenRoot
03-02 00:57:35.386  1507  1507 I SurfaceFlinger: [LayerHierarchy{RequestedLayerState{Transition Root: Task=44891#156519 z=42} no children}] RelativeParent to null
03-02 00:57:35.386  1507  1507 I SurfaceFlinger: [ef03246 ActivityRecordInputSink com.podcast.app.debug.test/androidx.test.core.app.InstrumentationActivityInvoker$EmptyActivity#156537] attach to parent LayerHierarchy{RequestedLayerState{ActivityRecord{250270004 u0 com.podcast.app.debug.test/androidx.test.core.app.InstrumentationActivityInvoker$EmptyActivity t44891}#156510 parentId=156509} 3 children}
03-02 00:57:35.386  1507  1507 I SurfaceFlinger: [DimTransitionLayer for Surface(name=Task=44891)/@0x20f2e6#156538] attach to parent LayerHierarchy{RequestedLayerState{Transition Root: Task=44543#156536 parentId=10} 1 children}
03-02 00:57:35.386  2746  3671 D SoundCraft.PlayingAudioConditionHandler: onPlaybackConfigChanged : lastStartedPackageName=com.zhiliaoapp.musically, lastStartedUid=10350, newStartedUid=10350, newStartPackageName=com.zhiliaoapp.musically, thread=Thread[RoutineHandlerThread,5,main]
03-02 00:57:35.387  1507  1507 I SurfaceFlinger: onHandleDestroyed: layerId=156519, name=Transition Root: Task=44891#156519
03-02 00:57:35.387  1507  1507 I SurfaceFlinger: id=156519 Removed Transition Root: Task=44891#156519 (347)
03-02 00:57:35.388  2746  2746 D SamsungLightBarControlHelper: updateStatusBar (WHITE icon) numStacks:1, StatusBarMode:MODE_TRANSPARENT, lightBarBounds:[], StatusBarState:SHADE, packageName:, isWhiteKeyguardStatusBar:true
03-02 00:57:35.389  2746  2746 D SamsungLightBarControlHelper: onStatusBarAppearanceChanged() -  sbModeChanged:false, statusBarMode:0, barState:MODE_TRANSPARENT, isKeyguardShowing:false, navbarColorManagedByIme:false, (AppearanceRegion{ bounds=[0,0][1080,2340]}, )
03-02 00:57:35.391  2746  2798 I SurfaceControlRegistry: apply, t=StartTransaction_SyncId<11291>, caller=android.view.SurfaceControl$Transaction.apply:3459 android.view.SurfaceControl$Transaction.apply:3447 android.view.SurfaceControl$Transaction.apply:3397 com.android.wm.shell.transition.DefaultTransitionHandler.startAnimation:3292 com.android.wm.shell.transition.Transitions.dispatchTransition:90 com.android.wm.shell.transition.Transitions.playTransition:774
03-02 00:57:35.394 17121 17389 D HWUI    : endAllActiveAnimators on 0xb400007838009600 (UnprojectedRipple) with handle 0xb40000786811bea0
03-02 00:57:35.396  2013  2252 I WindowManager: Relayout Window{29e2e40 u0 com.podcast.app.debug/androidx.activity.ComponentActivity}: viewVisibility=8 req=900x796 ty=2 d0
03-02 00:57:35.397  1507  1507 I SurfaceFlinger: RequestedLayer [ActivityRecord{95982241 u0 com.podca[...]ity.ComponentActivity t44890}#156489] hidden!! flag  from(0) --> to(1)
03-02 00:57:35.397  1507  1507 I SurfaceFlinger: RequestedLayer [com.podcast.app.debug/androidx.activity.ComponentActivity$_17121#156492] hidden!! flag  from(0) --> to(1)
03-02 00:57:35.397  1507  1507 I SurfaceFlinger: RequestedLayer [com.podcast.app.debug/androidx.activity.ComponentActivity$_17121#156505] hidden!! flag  from(0) --> to(1)
03-02 00:57:35.397  1507  1507 I SurfaceFlinger: RequestedLayer [Task=44543#147901] hidden!! flag  from(1) --> to(0)
03-02 00:57:35.397  1507  1507 I SurfaceFlinger: RequestedLayer [com.zhiliaoapp.musically/com.ss.andr[...].splash.SplashActivity$_14885#156523] hidden!! flag  from(1) --> to(0)
03-02 00:57:35.397  2013  3505 I NSLocationMonitor: getGPSUsingApps() called
03-02 00:57:35.397  1507  1507 I SurfaceFlinger: RequestedLayer [Transition Root: Task=44543#156536] hidden!! flag  from(1) --> to(0)
03-02 00:57:35.397  1507  1507 I SurfaceFlinger: RequestedLayer [ActivityRecord{2751228 u0 com.zhilia[...]splash.SplashActivity t44543}#147902] hidden!! flag  from(1) --> to(0)
03-02 00:57:35.397  1507  1507 I SurfaceFlinger: RequestedLayer [DimTransitionLayer for Surface(name=Task=44891)/@0x20f2e6#156538] hidden!! flag  from(1) --> to(0)
03-02 00:57:35.397  1507  1507 E SurfaceFlinger: alpha changed 1.000 -> 0.000 - DimTransitionLayer for Surface(name=Task=44891)/@0x20f2e6#156538
03-02 00:57:35.397  1507  1507 E SurfaceFlinger: alpha changed 0.000 -> 0.180 - DimTransitionLayer for Surface(name=Task=44891)/@0x20f2e6#156538
03-02 00:57:35.397  1507  1507 I SurfaceFlinger: destroyed Transition Root: Task=44891#156519
03-02 00:57:35.397  1507  1507 I SurfaceFlinger: [LayerHierarchy{RequestedLayerState{Task=44543#147901 parentId=156536 z=3} 1 children}] reparent to LayerHierarchy{RequestedLayerState{Transition Root: Task=44543#156536 parentId=10 z=42} 2 children}
03-02 00:57:35.397  1507  1507 I SurfaceFlinger: [LayerHierarchy{RequestedLayerState{Task=44891#156509 parentId=156536 z=4} 1 children}] reparent to LayerHierarchy{RequestedLayerState{Transition Root: Task=44543#156536 parentId=10 z=42} 3 children}
03-02 00:57:35.397  1507  1507 I SurfaceFlinger: [LayerHierarchy{RequestedLayerState{DimTransitionLayer for Surface(name=Task=44891)/@0x20f2e6#156538 parentId=156536 relativeParentId=156509 z=-1} no children}] RelativeParent to LayerHierarchy{RequestedLayerState{Task=44891#156509 parentId=156536 z=4} 2 children}
03-02 00:57:35.397  1484  1921 E StreamHalAidl: Function: getPresentationPosition Line: 1037 Failed
03-02 00:57:35.398  1507  1507 I BufferQueueProducer: [NavigationBar0$_2746#113](this:0xb400007a17b59e38,id:-1,api:0,p:-1,c:1507) queueBuffer: fps=12.05 dur=1577.09 max=922.46 min=10.72
03-02 00:57:35.399  1507  1507 I Layer   : id=156519 Destroyed Transition Root: Task=44891#156519
03-02 00:57:35.401  1439  1620 D audio_sw_mixer: sw_mixer_wait_to_mix(), MIXER_PLAYBACK  , target T_PRIMARY    thread enter direct mode
03-02 00:57:35.401  3477 22276 I NSLocationManager_FLP: getGPSUsingApps, No change
03-02 00:57:35.404 14636 14636 D WM-SystemJobService: onStartJob for WorkGenerationalId(workSpecId=f23029b8-b7a3-4a93-aaf6-b7c7a26dfe9e, generation=0)
03-02 00:57:35.404  2013  2253 D InputDispatcher: Focus entered window (0): cd2d6b5 com.zhiliaoapp.musically/com.ss.android.ugc.aweme.splash.SplashActivity
03-02 00:57:35.404 14885 14885 D VRI[SplashActivity]@35f4eb8: mThreadedRenderer.initializeIfNeeded()#2 mSurface={isValid=true 0x6fe05f9d00}
03-02 00:57:35.404  1646  2917 I CameraService: onUidStateChanged: uid=10492, procState is changed. (19 -> 8)
03-02 00:57:35.405 14885 14885 I System.out: SAFActivity V Scene Framework: NavigationSceneManager onWindowFocusChanged true
03-02 00:57:35.405 14885 14885 I System.out: SAFFragmentRootScene: onWindowFocusChanged: com.ss.android.ugc.aweme.main.MainRootFragment, MainRootFragment{e89d275} (8a90a2f7-f51b-4f8d-88b5-38e0125851ad tag=root_fragment), true (SAFFragmentRootScene{79e191c})
03-02 00:57:35.406 14636 15266 D WM-Processor: MutableConfig: processing WorkGenerationalId(workSpecId=f23029b8-b7a3-4a93-aaf6-b7c7a26dfe9e, generation=0)
03-02 00:57:35.406  2013  2252 I WindowManager: Relayout hash=29e2e40, pid=17121, syncId=-1: mAttrs={(0,0)(wrapxwrap) gr=CENTER sim={adjust=pan} ty=APPLICATION fmt=TRANSPARENT wanim=0x1030318 surfaceInsets=Rect(90, 90 - 90, 90)
03-02 00:57:35.406  2013  2252 I WindowManager:   fl=1800002
03-02 00:57:35.406  2013  2252 I WindowManager:   pfl=40000800
03-02 00:57:35.406  2013  2252 I WindowManager:   bhv=1
03-02 00:57:35.406  2013  2252 I WindowManager:   fitTypes=207
03-02 00:57:35.406  2013  2252 I WindowManager:   frameRateBoostOnTouch=true
03-02 00:57:35.406  2013  2252 I WindowManager:   dvrrWindowFrameRateHint=true
03-02 00:57:35.406  2013  2252 I WindowManager:  dimAmount=0.6 naviIconColor=0}
03-02 00:57:35.408  1507  2393 I SurfaceFlinger: id=156539 createSurf, flag=24000, Surface(name=ffeea56 com.podcast.app.debug.test/androidx.test.core.app.InstrumentationActivityInvoker$EmptyActivity)/@0x90b843e - animation-leash of starting_reveal#156539
03-02 00:57:35.409  2746  2798 D ShellTaskOrganizer: removeStartingWindow, removalInfo=StartingWindowRemovalInfo{taskId=44891 frame=Rect(0, 0 - 1080, 2340) playRevealAnimation=true roundedCornerRadius=0.0 deferRemoveMode=0 windowlessSurface=false removeImmediately=false}
03-02 00:57:35.409 14885 14885 D InputMethodManagerUtils: startInputInner - Id : 0
03-02 00:57:35.409 14885 14885 I InputMethodManager: startInputInner - IInputMethodManagerGlobalInvoker.startInputOrWindowGainedFocus
03-02 00:57:35.412 17121 17121 I VRI[ComponentActivity]@16d6e13: Relayout returned: old=(90,791,990,1587) new=(90,791,990,1587) relayoutAsync=false req=(900,796)8 dur=17 res=0x2 s={false 0x0} ch=true seqId=0
03-02 00:57:35.412 17121 18063 I BLASTBufferQueue: [VRI[ComponentActivity]@16d6e13#28](f:0,a:1,s:0) destructor()
03-02 00:57:35.412 17121 18063 D BufferQueueConsumer: [VRI[ComponentActivity]@16d6e13#28(BLAST Consumer)28](id:42e10000001c,api:0,p:-1,c:17121) disconnect
03-02 00:57:35.412 17121 17121 D VRI[ComponentActivity]@16d6e13: Not drawing due to not visible. Reason=!mAppVisible && !mForceDecorViewVisibility
03-02 00:57:35.413 17121 17121 I VRI[ComponentActivity]@1fd9ccb: handleAppVisibility mAppVisible = true visible = false
03-02 00:57:35.413 17121 17121 D VRI[ComponentActivity]@1fd9ccb: visibilityChanged oldVisibility=true newVisibility=false
03-02 00:57:35.414 17121 17121 I VRI[ComponentActivity]@16d6e13: stopped(true) old = false
03-02 00:57:35.415 17121 17121 D VRI[ComponentActivity]@16d6e13: WindowStopped on com.podcast.app.debug/androidx.activity.ComponentActivity set to true
03-02 00:57:35.415 14636 14636 D WM-WorkerWrapper: Starting work for com.urbanairship.job.AirshipWorker
03-02 00:57:35.415  2013  2322 I ImeTracker: com.zhiliaoapp.musically:e35e86c6: onRequestHide at ORIGIN_SERVER reason HIDE_UNSPECIFIED_WINDOW fromUser false
03-02 00:57:35.416 14636 14636 V Ana Vodafone - UALib: AirshipWorker - Running job: JobInfo{action='ACTION_UPDATE_CHANNEL', airshipComponentName='com.urbanairship.channel.AirshipChannel', isNetworkAccessRequired=true, minDelayMs=0, conflictStrategy=2, initialBackOffMs=30000, extras={}, rateLimitIds=[]}, work Id: f23029b8-b7a3-4a93-aaf6-b7c7a26dfe9e run attempt: 314
03-02 00:57:35.416 14636 14636 V Ana Vodafone - UALib: JobDispatcher - Running job: JobInfo{action='ACTION_UPDATE_CHANNEL', airshipComponentName='com.urbanairship.channel.AirshipChannel', isNetworkAccessRequired=true, minDelayMs=0, conflictStrategy=2, initialBackOffMs=30000, extras={}, rateLimitIds=[]}, run attempt: 314
03-02 00:57:35.416 14885 16239 W System.err: FlagsHookHelper: skip hook flags method getInstanceHook
03-02 00:57:35.417 17121 17121 I VRI[ComponentActivity]@1fd9ccb: stopped(true) old = false
03-02 00:57:35.417 17121 17121 D VRI[ComponentActivity]@1fd9ccb: WindowStopped on com.podcast.app.debug/androidx.activity.ComponentActivity set to true
03-02 00:57:35.417 17121 17389 D HWUI    : CacheManager::trimMemory(20)
03-02 00:57:35.417 14885 14885 I InputMethodManager: handleMessage: setImeVisibility visible=false
03-02 00:57:35.417 14885 14885 D InsetsController: hide(ime(), fromIme=false)
03-02 00:57:35.417 14885 14885 I ImeTracker: com.zhiliaoapp.musically:e35e86c6: onCancelled at PHASE_CLIENT_ALREADY_HIDDEN
03-02 00:57:35.419  1507  1507 E SurfaceFlinger: alpha changed 0.000 -> 0.210 - Dim Layer for - Task=44890#156507
03-02 00:57:35.419  1507  1507 I SurfaceFlinger: [LayerHierarchy{RequestedLayerState{Dim Layer for - Task=44890#156507 z=-1} no children}] reparent to OffscreenRoot
03-02 00:57:35.419  1507  1507 I SurfaceFlinger: [LayerHierarchy{RequestedLayerState{Dim Layer for - Task=44890#156507 z=-1} no children}] RelativeParent to null
03-02 00:57:35.419  1507  1507 I SurfaceFlinger: [LayerHierarchy{RequestedLayerState{ffeea56 com.podcast.app.debug.test/androidx.test.core.app.InstrumentationActivityInvoker$EmptyActivity#156515 parentId=156539} 1 children}] reparent to LayerHierarchy{RequestedLayerState{Surface(name=ffeea56 com.podcast.app.debug.test/androidx.test.core.app.InstrumentationActivityInvoker$EmptyActivity)/@0x90b843e - animation-leash of starting_reveal#156539 parentId=156510} 1 children}
03-02 00:57:35.419  1507  1507 I SurfaceFlinger: [Surface(name=ffeea56 com.podcast.app.debug.test/androidx.test.core.app.InstrumentationActivityInvoker$EmptyActivity)/@0x90b843e - animation-leash of starting_reveal#156539] attach to parent LayerHierarchy{RequestedLayerState{ActivityRecord{250270004 u0 com.podcast.app.debug.test/androidx.test.core.app.InstrumentationActivityInvoker$EmptyActivity t44891}#156510 parentId=156509} 3 children}
03-02 00:57:35.420 17121 17121 D LifecycleMonitor: Lifecycle status change: androidx.activity.ComponentActivity@f811124 in: STOPPED
03-02 00:57:35.420 17121 17121 V ActivityScenario: Update currentActivityStage to STOPPED, currentActivity=androidx.activity.ComponentActivity@f811124
03-02 00:57:35.421  2013  2065 D PkgPredictorService-SecIpmManagerServiceImpl: bg information pid:17121 uid:10685 pkgName:com.podcast.app.debug
03-02 00:57:35.421  1507  1507 I SurfaceFlinger: onHandleDestroyed: layerId=156507, name=Dim Layer for - Task=44890#156507
03-02 00:57:35.421  1507  1507 I SurfaceFlinger: id=156507 Removed Dim Layer for - Task=44890#156507 (347)
03-02 00:57:35.422  2013  2322 D InputTransport: Input channel constructed: 'ClientS', fd=1083
03-02 00:57:35.422  2013  2322 D InputTransport: Input channel destroyed: 'ClientS', fd=1083
03-02 00:57:35.422 14885 14903 D InputTransport: Input channel constructed: 'ClientS', fd=585
03-02 00:57:35.423  5235  5235 I HBD     : HoneyBoardService onFinishInput
03-02 00:57:35.424  2991  3778 D SatelliteController: isInCarrierRoamingNbIotNtn: satellite is disabled
03-02 00:57:35.424  1439  1902 W audio_sw_mixer: sw_mixer_mix_fp_direct_write(-),   MIXER_PLAYBACK  , path T_DEEP=>T_PRIMARY   , size_out 16384, rb     0, latency/total: 42.666/44.975 (22.054+0.001+22.920) ms
03-02 00:57:35.424  1507  1562 I SurfaceFlinger: id=156540 createSurf, flag=24004, Surface(name=2141cda InputMethod)/@0x5ea0b56 - animation-leash of insets_animation#156540
03-02 00:57:35.424  1484  1921 D AudioFlinger: mixer(0xb40000706662d000) throttle end: throttle time(17)
03-02 00:57:35.424  5235  5235 I HBD     : a IC have been unbinding,  RemoteInputConnection{idHash=#47eabd7}
03-02 00:57:35.424  5235  5235 I HBD     : HoneyBoardService [PF_CL][onFinishInput]  1 ms
03-02 00:57:35.425  5235  5235 I HBD     : HoneyBoardService [IMI] onStartInput - caller pid : 14885 , caller uid : 10350
03-02 00:57:35.425  5235  5235 I HBD     : k updateConfigs
03-02 00:57:35.425  5235  5235 I HBD     : k isEnabledNightMode : true
03-02 00:57:35.425  5235  5235 I HBD     : a IC have been binding, RemoteInputConnection{idHash=#404943a}
03-02 00:57:35.425  5235  5235 I HBD     : h [EditorInputType]setPrivateImeOptionsToTable privateImeOptions ( null )
03-02 00:57:35.425  5235  5235 I HBD     : b incognitoMode : false
03-02 00:57:35.425  5235  5235 I HBD     : c needOff = true , isForceOff = false, isNullInputClass : true
03-02 00:57:35.425  5235  5235 I HBD     : h getDefaultInputRange : UNKNOWN
03-02 00:57:35.425  5235  5235 I HBD     : h getDefaultInputRange : UNKNOWN
03-02 00:57:35.425  5235  5235 I HBD     : h getDefaultInputRange : UNKNOWN
03-02 00:57:35.425  1507  1507 D SurfaceFlinger: Display 4627039422300187648 HWC layers:
03-02 00:57:35.425  1507  1507 D SurfaceFlinger:   SOLID_COLOR |                        0 | 00000002 | N/A          |    0.0    0.0    0.0    0.0 |    0    0   -1   -1 | Background for 68eb87 SurfaceView[co[...]weme.splash.SplashActivity]@0#156529 (0)
03-02 00:57:35.425  1507  1507 D SurfaceFlinger:   SOLID_COLOR |                        0 | 00000002 | N/A          |    0.0    0.0    0.0    0.0 |    0   80  756 2000 | Background for 7086fb SurfaceView[co[...]weme.splash.SplashActivity]@0#156532 (0)
03-02 00:57:35.425  1507  1507 D SurfaceFlinger:   SOLID_COLOR |                        0 | 00000002 | N/A          |    0.0    0.0    0.0    0.0 |    0    0   -1   -1 | Background for 836459b SurfaceView[c[...]weme.splash.SplashActivity]@0#156535 (0)
03-02 00:57:35.425  1507  1507 D SurfaceFlinger:        DEVICE |           63930588202218 | 00002100 | RGBA_8888    |  324.0    0.0 1080.0 2340.0 |    0    0  756 2340 | com.zhiliaoapp.musically/com.ss.andr[...].splash.SplashActivity$_14885#156523 (3)
03-02 00:57:35.425  1507  1507 D SurfaceFlinger:   SOLID_COLOR |                        0 | 00000000 | N/A          |    0.0    0.0    0.0    0.0 |    0    0 1080 2340 | DimTransitionLayer for Surface(name=Task=44891)/@0
03-02 00:57:35.426  1507  1507 D SurfaceFlinger: x20f2e6#156538 (0)
03-02 00:57:35.426  1507  1507 D SurfaceFlinger:        DEVICE |           75299366633576 | 00002102 | RGBA_8888    |    0.0    0.0 1037.0 2340.0 |   43    0 1080 2340 | com.podcast.app.debug.test/androidx.[...]yInvoker$EmptyActivity$_17532#156516 (1)
03-02 00:57:35.426  1507  1507 D SurfaceFlinger:        DEVICE |           11793980283699 | 00002100 | RGBA_8888    |    0.0    0.0 1037.0 2340.0 |   43    0 1080 2340 | Splash Screen com.podcast.app.debug.test$_2746#156514 (1)
03-02 00:57:35.426  1507  1507 D SurfaceFlinger:        DEVICE |           11793980281879 | 00002100 | RGBA_8888    |    0.0    0.0 1080.0   80.0 |    0    0 1080   80 | StatusBar$_2746#117 (211133)
03-02 00:57:35.426  1507  1507 D SurfaceFlinger:        DEVICE |           13752485304097 | 00002100 | RGBA_8888    |    0.0    0.0   67.0  346.0 | 1013  454 1080  800 | com.sec.android.app.launcher/com.sam[...].app.CocktailBarService$_3202#152779 (1)
03-02 00:57:35.426  1507  1507 D SurfaceFlinger:        DEVICE |           11793980281868 | 00002100 | RGBA_8888    |    0.0    0.0 1080.0  135.0 |    0 2205 1080 2340 | NavigationBar0$_2746#113 (188043)
03-02 00:57:35.426  1507  1507 D SurfaceFlinger:
03-02 00:57:35.427  5235  5235 I HBD     : c needOff = true , isForceOff = false, isNullInputClass : true
03-02 00:57:35.427  5235  5235 I HBD     : c update cached prediction status : false
03-02 00:57:35.427  5235  5235 I HBD     : h getDefaultInputRange : UNKNOWN
03-02 00:57:35.427  5235  5235 I HBD     : a currentState : 0
03-02 00:57:35.427  5235  5235 I HBD     : a [UpdatePolicy] [post] a: 0 cl: 65538 kit: [0/0] vt: 0 ir: 1
03-02 00:57:35.428  5235  5235 I HBD     : a [NRIC] resetNoResponseState
03-02 00:57:35.428  5235  5235 I HBD     : c needOff = true , isForceOff = false, isNullInputClass : true
03-02 00:57:35.428  5235  5235 I HBD     : c update cached prediction status : false
03-02 00:57:35.428  5235  5235 I HBD     : b [AiWriter] setContact : com.zhiliaoapp.musically
03-02 00:57:35.428  5235  5235 I HBD     : a [AiWriter] setContact : com.zhiliaoapp.musically
03-02 00:57:35.428  5235  5235 I HBD     : o0 EBD si S 0
03-02 00:57:35.428  5235  5235 I HBD     : r updateContactDBLanguage : 65538
03-02 00:57:35.428  2746  2865 I VRI[test]@538d84f: mWNT: t=0xb4000076d39e0380 mBlastBufferQueue=0xb400007672274400 fn= 2 HdrRenderState mRenderHdrSdrRatio=1.0 caller= android.view.SyncRtSurfaceTransactionApplier.applyTransaction:100 android.view.SyncRtSurfaceTransactionApplier.lambda$scheduleApply$0:73 android.view.SyncRtSurfaceTransactionApplier.$r8$lambda$afI4fXg3U3-nBZQEDQMiNy-B06s:0
03-02 00:57:35.428  5235  5235 I HBD     : g isCoverDisplay : false, cached selected json info : SelectedLanguageInfo(languageVersion=4.2, currentLanguageOrder=0, selectedLanguageList=[SelectedLanguage(id=65538, isUsed=true, engName=English, inputType=qwerty, activeOptionList=[auto_replace, auto_spacing, writing_assistant, prediction], bilingualId=-1), SelectedLanguage(id=5308416, isUsed=true, engName=Arabic, inputType=qwerty, activeOptionList=[auto_replace, auto_spacing, prediction], bilingualId=-1)])
03-02 00:57:35.429  5235  5235 I HBD     : g updateSelectedLanguageCache is succeeded. English
03-02 00:57:35.429  2746  2865 I VRI[test]@538d84f: mWNT: t=0xb4000076d39e0500 mBlastBufferQueue=0xb400007672274400 fn= 2 HdrRenderState mRenderHdrSdrRatio=1.0 caller= android.view.SyncRtSurfaceTransactionApplier.applyTransaction:100 android.view.SyncRtSurfaceTransactionApplier.lambda$scheduleApply$0:73 android.view.SyncRtSurfaceTransactionApplier.$r8$lambda$afI4fXg3U3-nBZQEDQMiNy-B06s:0
03-02 00:57:35.429  3202  3918 I HoneySpace.RecentTasks: onRecentTasksChanged
03-02 00:57:35.430  1507  1507 I SurfaceFlinger: destroyed Dim Layer for - Task=44890#156507
03-02 00:57:35.430  1507  1507 I SurfaceFlinger: [Surface(name=2141cda InputMethod)/@0x5ea0b56 - animation-leash of insets_animation#156540] attach to parent LayerHierarchy{RequestedLayerState{WindowToken{4048e94 type=2011 android.os.Binder@219c2e7}#143 parentId=15} 2 children}
03-02 00:57:35.431  3438  3438 I EPDG -- SIM0 [SMARTCELLULAR]: onSignalStrengthsChanged: SignalStrength:{mCdma=Invalid,mGsm=Invalid,mWcdma=Invalid,mTdscdma=Invalid,mLte=CellSignalStrengthLte: rssi=-109 rsrp=-109 rsrq=-9 rssnr=4 cqiTableIndex=2147483647 cqi=2147483647 ta=2147483647 level=2 parametersUseForLevel=0,mNr=Invalid,SignalBarInfo{ lteLevel=2 },rat=14,primary=CellSignalStrengthLte}
03-02 00:57:35.431  3438  4395 I EPDG -- SIM0 [SMARTCELLULAR]: lastLteRSRP is -108 currentLteRSRP is -109 lastLteRSRQ is -11 currentLteRSRQ is -9 lastLteSNR is 4 currentLteSNR is 4
03-02 00:57:35.432  1507  1507 I Layer   : id=156507 Destroyed Dim Layer for - Task=44890#156507
03-02 00:57:35.432  1484  9573 D AudioFlinger: setParameters: filtered dev setParameters keyvalue audioHDR=0
03-02 00:57:35.432  2991  3810 I LocationAccessPolicy: checkLocationPermission - callingUid: 10492, callingPid: 14636, result: DENIED_SOFT
03-02 00:57:35.432  2013  4903 I ImeTracker: system_server:2f21a369: onRequestHide at ORIGIN_SERVER reason IME_REQUESTED_CHANGED_LISTENER fromUser false
03-02 00:57:35.432  2991  3810 I LocationAccessPolicy: checkLocationPermission - callingUid: 10492, callingPid: 14636, result: DENIED_SOFT
03-02 00:57:35.432  1509  1509 D Audio_ParameterParser: parseVendorParameters: scope: MODULE, keys/values: audioHDR=0
03-02 00:57:35.433  1439 16888 D AudioALSAHardware: +setParameters(): audioHDR=0
03-02 00:57:35.433  1439 16888 D AudioALSAHardware: -setParameters(): audioHDR=0
03-02 00:57:35.433  1439 16888 E AHAL_Module: setVendorParameters: default: unrecognized parameter "audioHDR=0"
03-02 00:57:35.433  1484  9573 E ConversionHelperAidl: Function: parseAndSetVendorParameters Line: 94 Failed
03-02 00:57:35.434  1509  1509 D Audio_ParameterParser: parseVendorParameters: scope: MODULE, keys/values: audioHDR=0
03-02 00:57:35.434  1509  1509 D Audio_ParameterParser: parseVendorParameters: scope: MODULE, keys/values: audioHDR=0
03-02 00:57:35.434  5235  5235 I HBD     : l writeToFile path : /data/user/0/com.samsung.android.honeyboard/files/selected.json
03-02 00:57:35.434  5235  5235 I HBD     : l writeToFile json : {"version":"4.2","currentLanguageOrder":0,"selected":[{"activeOptionList":["auto_replace","auto_spacing","writing_assistant","prediction"],"bilingualId":-1,"engName":"English","id":65538,"inputType":"qwerty","isUsed":true},{"activeOptionList":["auto_replace","auto_spacing","prediction"],"bilingualId":-1,"engName":"Arabic","id":5308416,"inputType":"qwerty","isUsed":true}]}
03-02 00:57:35.434  1439 16888 D AHAL_ModuleBluetooth: setVendorParameters unrecognized parameter: audioHDR=0
03-02 00:57:35.440  5235  5235 I HBD     : l writeToFile complete
03-02 00:57:35.441  2746  2866 I VRI[test]@538d84f: mWNT: t=0xb40000772af34500 mBlastBufferQueue=0xb400007672274400 fn= 3 HdrRenderState mRenderHdrSdrRatio=1.0 caller= android.view.SyncRtSurfaceTransactionApplier.applyTransaction:100 android.view.SyncRtSurfaceTransactionApplier.lambda$scheduleApply$0:73 android.view.SyncRtSurfaceTransactionApplier.$r8$lambda$afI4fXg3U3-nBZQEDQMiNy-B06s:0
03-02 00:57:35.442  2991  3757 I LocationAccessPolicy: checkLocationPermission - callingUid: 10492, callingPid: 14636, result: DENIED_SOFT
03-02 00:57:35.442  2013  3345 W system_server: Large reply transaction of 322012 bytes, interface descriptor android.app.IActivityTaskManager, code 26
03-02 00:57:35.443  2991  3757 I LocationAccessPolicy: checkLocationPermission - callingUid: 10492, callingPid: 14636, result: DENIED_SOFT
03-02 00:57:35.443  5235  5235 I HBD     : g isCoverDisplay : false, cached selected json info : SelectedLanguageInfo(languageVersion=4.2, currentLanguageOrder=0, selectedLanguageList=[SelectedLanguage(id=65538, isUsed=true, engName=English, inputType=qwerty, activeOptionList=[auto_replace, auto_spacing, writing_assistant, prediction], bilingualId=-1), SelectedLanguage(id=5308416, isUsed=true, engName=Arabic, inputType=qwerty, activeOptionList=[auto_replace, auto_spacing, prediction], bilingualId=-1)])
03-02 00:57:35.444  5235  5235 I HBD     : n updateActionOptionFromPreference isCover = false
03-02 00:57:35.444  5235  5235 I HBD     : n before lang.activeOptionList =  [auto_replace, auto_spacing, writing_assistant, prediction]
03-02 00:57:35.445  5235 18951 I HBD     : l Write selected lang for DE
03-02 00:57:35.445  5235 18951 I HBD     : l writeToFile path : /data/user_de/0/com.samsung.android.honeyboard/files/selected.json
03-02 00:57:35.445  5235 18951 I HBD     : l writeToFile json : {"version":"4.2","currentLanguageOrder":0,"selected":[{"activeOptionList":["auto_replace","auto_spacing","writing_assistant","prediction"],"bilingualId":-1,"engName":"English","id":65538,"inputType":"qwerty","isUsed":true},{"activeOptionList":["auto_replace","auto_spacing","prediction"],"bilingualId":-1,"engName":"Arabic","id":5308416,"inputType":"qwerty","isUsed":true}]}
03-02 00:57:35.447 17121 17121 I WindowManager: WindowManagerGlobal#removeView, ty=2, view=com.android.internal.policy.DecorView{66a8502 V.E...... R.....ID 0,0-900,796 aid=1073741824}[ComponentActivity], caller=android.view.WindowManagerGlobal.removeView:654 android.view.WindowManagerImpl.removeViewImmediate:216 android.app.Dialog.dismissDialog:850
03-02 00:57:35.448 17121 17121 W WindowOnBackDispatcher: sendCancelIfRunning: isInProgress=false callback=android.view.ViewRootImpl$$ExternalSyntheticLambda16@8b20c2f
03-02 00:57:35.449  5235 18951 I HBD     : l writeToFile complete
03-02 00:57:35.449  2746  2865 I VRI[test]@538d84f: mWNT: t=0xb40000771f55d300 mBlastBufferQueue=0xb400007672274400 fn= 4 HdrRenderState mRenderHdrSdrRatio=1.0 caller= android.view.SyncRtSurfaceTransactionApplier.applyTransaction:100 android.view.SyncRtSurfaceTransactionApplier.lambda$scheduleApply$0:73 android.view.SyncRtSurfaceTransactionApplier.$r8$lambda$afI4fXg3U3-nBZQEDQMiNy-B06s:0
03-02 00:57:35.449  5235  5235 I HBD     : n after lang.activeOptionList = [auto_replace, auto_spacing, writing_assistant, prediction]
03-02 00:57:35.450  5235  5235 I HBD     : l writeToFile path : /data/user/0/com.samsung.android.honeyboard/files/selected.json
03-02 00:57:35.450  5235  5235 I HBD     : l writeToFile json : {"version":"4.2","currentLanguageOrder":0,"selected":[{"activeOptionList":["auto_replace","auto_spacing","writing_assistant","prediction"],"bilingualId":-1,"engName":"English","id":65538,"inputType":"qwerty","isUsed":true},{"activeOptionList":["auto_replace","auto_spacing","prediction"],"bilingualId":-1,"engName":"Arabic","id":5308416,"inputType":"qwerty","isUsed":true}]}
03-02 00:57:35.452  2013  3645 W ParceledListSlice: Element #30 is 21544 bytes.
03-02 00:57:35.454 17121 17389 D HWUI    : CacheManager::trimMemory(20)
03-02 00:57:35.454 17121 17121 D ViewRootImpl: Skipping stats log for color mode
03-02 00:57:35.455 17121 17121 I VRI[ComponentActivity]@16d6e13: dispatchDetachedFromWindow
03-02 00:57:35.455  2991  3810 I LocationAccessPolicy: checkLocationPermission - callingUid: 10492, callingPid: 14636, result: DENIED_SOFT
03-02 00:57:35.456  5235  5235 I HBD     : l writeToFile complete
03-02 00:57:35.457  1507  1825 I SurfaceFlinger: Capture layer list: 	 com.zhiliaoapp.musically/com.ss.android.ugc.aweme.splash.SplashActivity$_14885#156523(seamlessTransition:0)
03-02 00:57:35.457  1507  1825 I SurfaceFlinger: Capture layer list: 	 DimTransitionLayer for Surface(name=Task=44891)/@0x20f2e6#156538(seamlessTransition:0)
03-02 00:57:35.457  1507  1825 I SurfaceFlinger: Capture layer list: 	 com.podcast.app.debug.test/androidx.test.core.app.InstrumentationActivityInvoker$EmptyActivity$_17532#156516(seamlessTransition:0)
03-02 00:57:35.457  1507  1825 I SurfaceFlinger: Capture layer list: 	 Splash Screen com.podcast.app.debug.test$_2746#156514(seamlessTransition:0)
03-02 00:57:35.458 10943 10943 I AudioPathManager: loadAudioPath() : loaded audio path is speaker (0)
03-02 00:57:35.458 10943 10943 I ModelUtil: isHighEndModel() : this model is SM-A155F
03-02 00:57:35.458 10943 10943 I EffectManager: isSupportDolbyAtmosOnThisAudioPath() : path is speaker (0)
03-02 00:57:35.458 10943 10943 I AudioPathManager: loadAudioPath() : loaded audio path is speaker (0)
03-02 00:57:35.458 10943 10943 I EffectManager: isSupportVolumeNormalizationOnCurrentAudioPath() : path is speaker (0)
03-02 00:57:35.458 10943 10943 I DVFSHelper: isNecessaryToBoostCPU() : isDolbyOn? false, isUHQUpscalerOn? false, isVoiceBoostOn? false, isVolumeNormalizationOn? false
03-02 00:57:35.458  1445  2902 W C2MtkBufferManager: [0xB4000070F507E520] fetchNewCcBlock: wait fence 0x0xb4000070f5058270 timed out. ret 110
03-02 00:57:35.459  2013  3645 D InputTransport: Input channel destroyed: '29e2e40', fd=964
03-02 00:57:35.460  2746  2866 I VRI[test]@538d84f: mWNT: t=0xb40000771f6f0000 mBlastBufferQueue=0xb400007672274400 fn= 5 HdrRenderState mRenderHdrSdrRatio=1.0 caller= android.view.SyncRtSurfaceTransactionApplier.applyTransaction:100 android.view.SyncRtSurfaceTransactionApplier.lambda$scheduleApply$0:73 android.view.SyncRtSurfaceTransactionApplier.$r8$lambda$afI4fXg3U3-nBZQEDQMiNy-B06s:0
