03-02 00:57:08.580  2746  2866 I VRI[debug]@d170f76: mWNT: t=0xb40000772adfe100 mBlastBufferQueue=0xb40000771f5cb800 fn= 3 HdrRenderState mRenderHdrSdrRatio=1.0 caller= android.view.SyncRtSurfaceTransactionApplier.applyTransaction:100 android.view.SyncRtSurfaceTransactionApplier.lambda$scheduleApply$0:73 android.view.SyncRtSurfaceTransactionApplier.$r8$lambda$afI4fXg3U3-nBZQEDQMiNy-B06s:0
03-02 00:57:08.581 17121 17137 D InputTransport: Input channel constructed: 'ClientS', fd=152
03-02 00:57:08.582  5235  5235 I HBD     : HoneyBoardService onFinishInput
03-02 00:57:08.583  1507  1825 I SurfaceFlinger: Capture layer list: 	 com.zhiliaoapp.musically/com.ss.android.ugc.aweme.splash.SplashActivity$_14885#155646(seamlessTransition:0)
03-02 00:57:08.583  1507  1825 I SurfaceFlinger: Capture layer list: 	 DimTransitionLayer for Surface(name=Task=44856)/@0x2c25d80#155677(seamlessTransition:0)
03-02 00:57:08.583  3202  3918 I HoneySpace.RecentTasks: onRunningTaskVanished
03-02 00:57:08.583  3202  3918 I HoneySpace.RecentTasks: onRecentTasksChanged
03-02 00:57:08.583  5235  5235 I HBD     : a IC have been unbinding,  RemoteInputConnection{idHash=#99fab25}
03-02 00:57:08.583  5235  5235 I HBD     : HoneyBoardService [PF_CL][onFinishInput]  1 ms
03-02 00:57:08.584  5235  5235 I HBD     : HoneyBoardService [IMI] onStartInput - caller pid : 17121 , caller uid : 10685
03-02 00:57:08.584  5235  5235 I HBD     : k updateConfigs
03-02 00:57:08.584  5235  5235 I HBD     : k isEnabledNightMode : true
03-02 00:57:08.584  5235  5235 I HBD     : a IC have been binding, RemoteInputConnection{idHash=#bcabd20}
03-02 00:57:08.584  5235  5235 I HBD     : h [EditorInputType]setPrivateImeOptionsToTable privateImeOptions ( null )
03-02 00:57:08.584  5235  5235 I HBD     : b incognitoMode : false
03-02 00:57:08.584  5235  5235 I HBD     : c needOff = true , isForceOff = false, isNullInputClass : true
03-02 00:57:08.584  5235  5235 I HBD     : h getDefaultInputRange : UNKNOWN
03-02 00:57:08.584  5235  5235 I HBD     : h getDefaultInputRange : UNKNOWN
03-02 00:57:08.584  5235  5235 I HBD     : h getDefaultInputRange : UNKNOWN
03-02 00:57:08.585  1507  1562 I SurfaceFlinger: id=155680 createSurf, flag=24004, Surface(name=2141cda InputMethod)/@0x5ea0b56 - animation-leash of insets_animation#155680
03-02 00:57:08.585  1628  1637 E thermal_core: find_tz_idx_by_name:"Failed to find thermal zone index of ap_ntc\n"
03-02 00:57:08.585  1628  1637 E thermal_core: find_tz_idx_by_name:"Failed to find thermal zone index of mtk-master-charger\n"
03-02 00:57:08.585  3202  3202 I HoneySpace.TaskStackChangeRepositoryImpl: onTaskRemoved : 44855
03-02 00:57:08.585  3202  3386 I HoneySpace.TopTaskSource: onTaskRemoved: 44855
03-02 00:57:08.586  2013  4834 I ImeTracker: system_server:64acdcc9: onRequestHide at ORIGIN_SERVER reason IME_REQUESTED_CHANGED_LISTENER fromUser false
03-02 00:57:08.586  3202  3202 I HoneySpace.TaskListViewModel[160530624]: taskRemoveId, 44855
03-02 00:57:08.586  3202  3202 W HoneySpace.TaskListViewModel[160530624]: task is already removed: 44855
03-02 00:57:08.586  1507  1507 I SurfaceFlinger: destroyed ActivityRecord{96368495 u0 com.podcast.app.debug.test/androidx.test.core.app.InstrumentationActivityInvoker$EmptyActivity t44855}#155632
03-02 00:57:08.586  1507  1507 I SurfaceFlinger: destroyed cfc7149 ActivityRecordInputSink com.podcast.app.debug.test/androidx.test.core.app.InstrumentationActivityInvoker$EmptyActivity#155643
03-02 00:57:08.586  1507  1507 I SurfaceFlinger: destroyed Task=44855#155679
03-02 00:57:08.586  1507  1507 I SurfaceFlinger: [Surface(name=2141cda InputMethod)/@0x5ea0b56 - animation-leash of insets_animation#155680] attach to parent LayerHierarchy{RequestedLayerState{WindowToken{4048e94 type=2011 android.os.Binder@219c2e7}#143 parentId=15} 2 children}
03-02 00:57:08.586  2013  2067 I ImeTracker: system_server:64acdcc9: onCancelled at PHASE_SERVER_SHOULD_HIDE
03-02 00:57:08.588  1507  1507 I Layer   : id=155643 Destroyed cfc7149 ActivityRecordInputSink com.podcast.app.debug.test/androidx.test.core.app.InstrumentationActivityInvoker$EmptyActivity#155643
03-02 00:57:08.588  1507  1507 I Layer   : id=155679 Destroyed Task=44855#155679
03-02 00:57:08.588  1507  1507 I Layer   : id=155632 Destroyed ActivityRecord{96368495 u0 com.podcast.app.debug.test/androidx.test.core.app.InstrumentationActivityInvoker$EmptyActivity t44855}#155632
03-02 00:57:08.589  5235  5235 I HBD     : c needOff = true , isForceOff = false, isNullInputClass : true
03-02 00:57:08.589  5235  5235 I HBD     : c update cached prediction status : false
03-02 00:57:08.589  5235  5235 I HBD     : h getDefaultInputRange : UNKNOWN
03-02 00:57:08.589  5235  5235 I HBD     : a currentState : 0
03-02 00:57:08.589  2013  4829 W system_server: Large reply transaction of 325152 bytes, interface descriptor android.app.IActivityTaskManager, code 26
03-02 00:57:08.589  5235  5235 I HBD     : a [UpdatePolicy] [post] a: 0 cl: 65538 kit: [0/0] vt: 0 ir: 1
03-02 00:57:08.590  3202  3202 I HoneySpace.TaskStackChangeRepositoryImpl: onTaskRemoved : 44855
03-02 00:57:08.590  3202  3202 I HoneySpace.TaskListViewModel[160530624]: taskRemoveId, 44855
03-02 00:57:08.591  3202  3202 W HoneySpace.TaskListViewModel[160530624]: task is already removed: 44855
03-02 00:57:08.591  5235  5235 I HBD     : a [NRIC] resetNoResponseState
03-02 00:57:08.591  5235  5235 I HBD     : c needOff = true , isForceOff = false, isNullInputClass : true
03-02 00:57:08.591  5235  5235 I HBD     : c update cached prediction status : false
03-02 00:57:08.592  5235  5235 I HBD     : b [AiWriter] setContact : com.podcast.app.debug
03-02 00:57:08.592  5235  5235 I HBD     : a [AiWriter] setContact : com.podcast.app.debug
03-02 00:57:08.592  5235  5235 I HBD     : o0 EBD si S 0
03-02 00:57:08.592  5235  5235 I HBD     : r updateContactDBLanguage : 65538
03-02 00:57:08.592  5235  5235 I HBD     : g isCoverDisplay : false, cached selected json info : SelectedLanguageInfo(languageVersion=4.2, currentLanguageOrder=0, selectedLanguageList=[SelectedLanguage(id=65538, isUsed=true, engName=English, inputType=qwerty, activeOptionList=[auto_replace, auto_spacing, writing_assistant, prediction], bilingualId=-1), SelectedLanguage(id=5308416, isUsed=true, engName=Arabic, inputType=qwerty, activeOptionList=[auto_replace, auto_spacing, prediction], bilingualId=-1)])
03-02 00:57:08.592  5235  5235 I HBD     : g updateSelectedLanguageCache is succeeded. English
03-02 00:57:08.595  5235  5235 I HBD     : l writeToFile path : /data/user/0/com.samsung.android.honeyboard/files/selected.json
03-02 00:57:08.595  5235  5235 I HBD     : l writeToFile json : {"version":"4.2","currentLanguageOrder":0,"selected":[{"activeOptionList":["auto_replace","auto_spacing","writing_assistant","prediction"],"bilingualId":-1,"engName":"English","id":65538,"inputType":"qwerty","isUsed":true},{"activeOptionList":["auto_replace","auto_spacing","prediction"],"bilingualId":-1,"engName":"Arabic","id":5308416,"inputType":"qwerty","isUsed":true}]}
03-02 00:57:08.598  2746  2865 I VRI[debug]@d170f76: mWNT: t=0xb40000772adfe880 mBlastBufferQueue=0xb40000771f5cb800 fn= 4 HdrRenderState mRenderHdrSdrRatio=1.0 caller= android.view.SyncRtSurfaceTransactionApplier.applyTransaction:100 android.view.SyncRtSurfaceTransactionApplier.lambda$scheduleApply$0:73 android.view.SyncRtSurfaceTransactionApplier.$r8$lambda$afI4fXg3U3-nBZQEDQMiNy-B06s:0
03-02 00:57:08.602  5235  5235 I HBD     : l writeToFile complete
03-02 00:57:08.603  3202  3386 I HoneySpace.TopTaskSource: onTaskRemoved: 44855
03-02 00:57:08.606  5235  5235 I HBD     : g isCoverDisplay : false, cached selected json info : SelectedLanguageInfo(languageVersion=4.2, currentLanguageOrder=0, selectedLanguageList=[SelectedLanguage(id=65538, isUsed=true, engName=English, inputType=qwerty, activeOptionList=[auto_replace, auto_spacing, writing_assistant, prediction], bilingualId=-1), SelectedLanguage(id=5308416, isUsed=true, engName=Arabic, inputType=qwerty, activeOptionList=[auto_replace, auto_spacing, prediction], bilingualId=-1)])
03-02 00:57:08.607  5235  5235 I HBD     : n updateActionOptionFromPreference isCover = false
03-02 00:57:08.607  5235  5235 I HBD     : n before lang.activeOptionList =  [auto_replace, auto_spacing, writing_assistant, prediction]
03-02 00:57:08.607  2013  2065 D PkgPredictorService-SecIpmManagerServiceImpl: bg information pid:17532 uid:10687 pkgName:com.podcast.app.debug.test
03-02 00:57:08.608  5235 18065 I HBD     : l Write selected lang for DE
03-02 00:57:08.608  5235  5235 I HBD     : n after lang.activeOptionList = [auto_replace, auto_spacing, writing_assistant, prediction]
03-02 00:57:08.609  5235 18065 I HBD     : l writeToFile path : /data/user_de/0/com.samsung.android.honeyboard/files/selected.json
03-02 00:57:08.609  5235 18065 I HBD     : l writeToFile json : {"version":"4.2","currentLanguageOrder":0,"selected":[{"activeOptionList":["auto_replace","auto_spacing","writing_assistant","prediction"],"bilingualId":-1,"engName":"English","id":65538,"inputType":"qwerty","isUsed":true},{"activeOptionList":["auto_replace","auto_spacing","prediction"],"bilingualId":-1,"engName":"Arabic","id":5308416,"inputType":"qwerty","isUsed":true}]}
03-02 00:57:08.612  2013  4834 W system_server: Large reply transaction of 325152 bytes, interface descriptor android.app.IActivityTaskManager, code 26
03-02 00:57:08.612  5235  5235 I HBD     : l writeToFile path : /data/user/0/com.samsung.android.honeyboard/files/selected.json
03-02 00:57:08.613  5235  5235 I HBD     : l writeToFile json : {"version":"4.2","currentLanguageOrder":0,"selected":[{"activeOptionList":["auto_replace","auto_spacing","writing_assistant","prediction"],"bilingualId":-1,"engName":"English","id":65538,"inputType":"qwerty","isUsed":true},{"activeOptionList":["auto_replace","auto_spacing","prediction"],"bilingualId":-1,"engName":"Arabic","id":5308416,"inputType":"qwerty","isUsed":true}]}
03-02 00:57:08.613  2746  2866 I VRI[debug]@d170f76: mWNT: t=0xb40000772af33f00 mBlastBufferQueue=0xb40000771f5cb800 fn= 5 HdrRenderState mRenderHdrSdrRatio=1.0 caller= android.view.SyncRtSurfaceTransactionApplier.applyTransaction:100 android.view.SyncRtSurfaceTransactionApplier.lambda$scheduleApply$0:73 android.view.SyncRtSurfaceTransactionApplier.$r8$lambda$afI4fXg3U3-nBZQEDQMiNy-B06s:0
03-02 00:57:08.615  5235  5235 I HBD     : l writeToFile complete
03-02 00:57:08.616  5235 18065 I HBD     : l writeToFile complete
03-02 00:57:08.616  5235 18066 I HBD     : l Write selected lang for DE
03-02 00:57:08.616  5235  5235 I HBD     : m normal : updateLanguage : English
03-02 00:57:08.616  5235 18066 I HBD     : l writeToFile path : /data/user_de/0/com.samsung.android.honeyboard/files/selected.json
03-02 00:57:08.616  5235 18066 I HBD     : l writeToFile json : {"version":"4.2","currentLanguageOrder":0,"selected":[{"activeOptionList":["auto_replace","auto_spacing","writing_assistant","prediction"],"bilingualId":-1,"engName":"English","id":65538,"inputType":"qwerty","isUsed":true},{"activeOptionList":["auto_replace","auto_spacing","prediction"],"bilingualId":-1,"engName":"Arabic","id":5308416,"inputType":"qwerty","isUsed":true}]}
03-02 00:57:08.617  5235  5235 I HBD     : g isCoverDisplay : false, cached selected json info : SelectedLanguageInfo(languageVersion=4.2, currentLanguageOrder=0, selectedLanguageList=[SelectedLanguage(id=65538, isUsed=true, engName=English, inputType=qwerty, activeOptionList=[auto_replace, auto_spacing, writing_assistant, prediction], bilingualId=-1), SelectedLanguage(id=5308416, isUsed=true, engName=Arabic, inputType=qwerty, activeOptionList=[auto_replace, auto_spacing, prediction], bilingualId=-1)])
03-02 00:57:08.617  5235  5235 I HBD     : g isCoverDisplay : false, cached selected json info : SelectedLanguageInfo(languageVersion=4.2, currentLanguageOrder=0, selectedLanguageList=[SelectedLanguage(id=65538, isUsed=true, engName=English, inputType=qwerty, activeOptionList=[auto_replace, auto_spacing, writing_assistant, prediction], bilingualId=-1), SelectedLanguage(id=5308416, isUsed=true, engName=Arabic, inputType=qwerty, activeOptionList=[auto_replace, auto_spacing, prediction], bilingualId=-1)])
03-02 00:57:08.617  5235  5235 I HBD     : n updateActionOptionFromPreference isCover = false
03-02 00:57:08.617  5235  5235 I HBD     : n before lang.activeOptionList =  [auto_replace, auto_spacing, writing_assistant, prediction]
03-02 00:57:08.618  5235  5235 I HBD     : n after lang.activeOptionList = [auto_replace, auto_spacing, writing_assistant, prediction]
03-02 00:57:08.619  2013  4829 W ParceledListSlice: Element #30 is 21544 bytes.
03-02 00:57:08.619  1507  1507 I SurfaceFlinger: RequestedLayer [Surface(name=2141cda InputMethod)/@0[...]ion-leash of insets_animation#155680] hidden!! flag  from(1) --> to(0)
03-02 00:57:08.619  1507  1507 E SurfaceFlinger: alpha changed 1.000 -> 0.000 - Surface(name=2141cda InputMethod)/@0x5ea0b56 - animation-leash of insets_animation#155680
03-02 00:57:08.619  1507  1507 I SurfaceFlinger: [LayerHierarchy{RequestedLayerState{ImeContainer#15 parentId=155668 relativeParentId=155668 z=3} 1 children}] reparent to LayerHierarchy{RequestedLayerState{ActivityRecord{19472629 u0 com.podcast.app.debug/androidx.activity.ComponentActivity t44856}#155668 parentId=155667} 4 children}
03-02 00:57:08.619  1507  1507 I SurfaceFlinger: [LayerHierarchy{RequestedLayerState{ImeContainer#15 parentId=155668 relativeParentId=155668 z=3} 1 children}] RelativeParent to null
03-02 00:57:08.619  1507  1507 I SurfaceFlinger: [LayerHierarchy{RequestedLayerState{2141cda InputMethod#159 parentId=155680} no children}] reparent to LayerHierarchy{RequestedLayerState{Surface(name=2141cda InputMethod)/@0x5ea0b56 - animation-leash of insets_animation#155680 parentId=143} 1 children}
03-02 00:57:08.619  1507  1507 I SurfaceFlinger: [LayerHierarchy{RequestedLayerState{Surface(name=2141cda InputMethod)/@0x5ea0b56 - animation-leash of insets_animation#155662} no children}] reparent to OffscreenRoot
03-02 00:57:08.619  1507  1507 I SurfaceFlinger: [LayerHierarchy{RequestedLayerState{Surface(name=2141cda InputMethod)/@0x5ea0b56 - animation-leash of insets_animation#155662} no children}] RelativeParent to null
03-02 00:57:08.620  5235  5235 I HBD     : l writeToFile path : /data/user/0/com.samsung.android.honeyboard/files/selected.json
03-02 00:57:08.620  5235  5235 I HBD     : l writeToFile json : {"version":"4.2","currentLanguageOrder":0,"selected":[{"activeOptionList":["auto_replace","auto_spacing","writing_assistant","prediction"],"bilingualId":-1,"engName":"English","id":65538,"inputType":"qwerty","isUsed":true},{"activeOptionList":["auto_replace","auto_spacing","prediction"],"bilingualId":-1,"engName":"Arabic","id":5308416,"inputType":"qwerty","isUsed":true}]}
03-02 00:57:08.620  5235 18066 I HBD     : l writeToFile complete
03-02 00:57:08.622  1507  2393 I SurfaceFlinger: onHandleDestroyed: layerId=155662, name=Surface(name=2141cda InputMethod)/@0x5ea0b56 - animation-leash of insets_animation#155662
03-02 00:57:08.622  1507  2393 I SurfaceFlinger: id=155662 Removed Surface(name=2141cda InputMethod)/@0x5ea0b56 - animation-leash of insets_animation#155662 (344)
03-02 00:57:08.622  5235  5235 I HBD     : l writeToFile complete
03-02 00:57:08.623  5235  5235 I HBD     : m normal : updateLanguage : English
03-02 00:57:08.624  5235  5235 I HBD     : g isCoverDisplay : false, cached selected json info : SelectedLanguageInfo(languageVersion=4.2, currentLanguageOrder=0, selectedLanguageList=[SelectedLanguage(id=65538, isUsed=true, engName=English, inputType=qwerty, activeOptionList=[auto_replace, auto_spacing, writing_assistant, prediction], bilingualId=-1), SelectedLanguage(id=5308416, isUsed=true, engName=Arabic, inputType=qwerty, activeOptionList=[auto_replace, auto_spacing, prediction], bilingualId=-1)])
03-02 00:57:08.624  5235 18067 I HBD     : l Write selected lang for DE
03-02 00:57:08.624  5235 18067 I HBD     : l writeToFile path : /data/user_de/0/com.samsung.android.honeyboard/files/selected.json
03-02 00:57:08.624  5235 18067 I HBD     : l writeToFile json : {"version":"4.2","currentLanguageOrder":0,"selected":[{"activeOptionList":["auto_replace","auto_spacing","writing_assistant","prediction"],"bilingualId":-1,"engName":"English","id":65538,"inputType":"qwerty","isUsed":true},{"activeOptionList":["auto_replace","auto_spacing","prediction"],"bilingualId":-1,"engName":"Arabic","id":5308416,"inputType":"qwerty","isUsed":true}]}
03-02 00:57:08.624  5235  5235 I HBD     : g isCoverDisplay : false, cached selected json info : SelectedLanguageInfo(languageVersion=4.2, currentLanguageOrder=0, selectedLanguageList=[SelectedLanguage(id=65538, isUsed=true, engName=English, inputType=qwerty, activeOptionList=[auto_replace, auto_spacing, writing_assistant, prediction], bilingualId=-1), SelectedLanguage(id=5308416, isUsed=true, engName=Arabic, inputType=qwerty, activeOptionList=[auto_replace, auto_spacing, prediction], bilingualId=-1)])
03-02 00:57:08.624  5235  5235 I HBD     : g updateSelectedLanguageCache is succeeded. English
03-02 00:57:08.625  2746  2865 I VRI[debug]@d170f76: mWNT: t=0xb40000772af34080 mBlastBufferQueue=0xb40000771f5cb800 fn= 6 HdrRenderState mRenderHdrSdrRatio=1.0 caller= android.view.SyncRtSurfaceTransactionApplier.applyTransaction:100 android.view.SyncRtSurfaceTransactionApplier.lambda$scheduleApply$0:73 android.view.SyncRtSurfaceTransactionApplier.$r8$lambda$afI4fXg3U3-nBZQEDQMiNy-B06s:0
03-02 00:57:08.626  5235  5235 I HBD     : l writeToFile path : /data/user/0/com.samsung.android.honeyboard/files/selected.json
03-02 00:57:08.626  5235  5235 I HBD     : l writeToFile json : {"version":"4.2","currentLanguageOrder":0,"selected":[{"activeOptionList":["auto_replace","auto_spacing","writing_assistant","prediction"],"bilingualId":-1,"engName":"English","id":65538,"inputType":"qwerty","isUsed":true},{"activeOptionList":["auto_replace","auto_spacing","prediction"],"bilingualId":-1,"engName":"Arabic","id":5308416,"inputType":"qwerty","isUsed":true}]}
03-02 00:57:08.628  1445  2902 W C2MtkBufferManager: [0xB4000070F507E520] fetchNewCcBlock: wait fence 0x0xb4000070f5058270 timed out. ret 110
03-02 00:57:08.629  5235  5235 I HBD     : l writeToFile complete
03-02 00:57:08.630  2013  2027 W system_server: Large reply transaction of 325152 bytes, interface descriptor android.app.IActivityTaskManager, code 26
03-02 00:57:08.630  1507  1507 I SurfaceFlinger: destroyed Surface(name=2141cda InputMethod)/@0x5ea0b56 - animation-leash of insets_animation#155662
03-02 00:57:08.631  5235  5235 I HBD     : g isCoverDisplay : false, cached selected json info : SelectedLanguageInfo(languageVersion=4.2, currentLanguageOrder=0, selectedLanguageList=[SelectedLanguage(id=65538, isUsed=true, engName=English, inputType=qwerty, activeOptionList=[auto_replace, auto_spacing, writing_assistant, prediction], bilingualId=-1), SelectedLanguage(id=5308416, isUsed=true, engName=Arabic, inputType=qwerty, activeOptionList=[auto_replace, auto_spacing, prediction], bilingualId=-1)])
03-02 00:57:08.632  5235  5235 I HBD     : g updateSelectedLanguageCache is succeeded. English
03-02 00:57:08.632  1507  1507 I Layer   : id=155662 Destroyed Surface(name=2141cda InputMethod)/@0x5ea0b56 - animation-leash of insets_animation#155662
03-02 00:57:08.632  5235 18068 I HBD     : l Write selected lang for DE
03-02 00:57:08.632  5235 18068 I HBD     : l writeToFile path : /data/user_de/0/com.samsung.android.honeyboard/files/selected.json
03-02 00:57:08.632  5235 18068 I HBD     : l writeToFile json : {"version":"4.2","currentLanguageOrder":0,"selected":[{"activeOptionList":["auto_replace","auto_spacing","writing_assistant","prediction"],"bilingualId":-1,"engName":"English","id":65538,"inputType":"qwerty","isUsed":true},{"activeOptionList":["auto_replace","auto_spacing","prediction"],"bilingualId":-1,"engName":"Arabic","id":5308416,"inputType":"qwerty","isUsed":true}]}
03-02 00:57:08.634  5235  5235 I HBD     : l writeToFile path : /data/user/0/com.samsung.android.honeyboard/files/selected.json
03-02 00:57:08.637  5235  5235 I HBD     : l writeToFile json : {"version":"4.2","currentLanguageOrder":0,"selected":[{"activeOptionList":["auto_replace","auto_spacing","writing_assistant","prediction"],"bilingualId":-1,"engName":"English","id":65538,"inputType":"qwerty","isUsed":true},{"activeOptionList":["auto_replace","auto_spacing","prediction"],"bilingualId":-1,"engName":"Arabic","id":5308416,"inputType":"qwerty","isUsed":true}]}
03-02 00:57:08.638  2013  4834 D SecContentProvider: query(), uri = 17 selection = isSettingsChangesAllowed
03-02 00:57:08.639  5235 18067 E AtomicFile: Failed to rename /data/user_de/0/com.samsung.android.honeyboard/files/selected.json.new to /data/user_de/0/com.samsung.android.honeyboard/files/selected.json
03-02 00:57:08.640  5235 18067 I HBD     : l writeToFile complete
03-02 00:57:08.641  5235 18068 I HBD     : l writeToFile complete
03-02 00:57:08.643  5235  5235 I HBD     : l writeToFile complete
03-02 00:57:08.644  5235 18069 I HBD     : l Write selected lang for DE
03-02 00:57:08.644  5235 18069 I HBD     : l writeToFile path : /data/user_de/0/com.samsung.android.honeyboard/files/selected.json
03-02 00:57:08.645  2013  4829 D SecContentProvider: query(), uri = 17 selection = isSettingsChangesAllowed
03-02 00:57:08.644  5235 18069 I HBD     : l writeToFile json : {"version":"4.2","currentLanguageOrder":0,"selected":[{"activeOptionList":["auto_replace","auto_spacing","writing_assistant","prediction"],"bilingualId":-1,"engName":"English","id":65538,"inputType":"qwerty","isUsed":true},{"activeOptionList":["auto_replace","auto_spacing","prediction"],"bilingualId":-1,"engName":"Arabic","id":5308416,"inputType":"qwerty","isUsed":true}]}
03-02 00:57:08.646  5235  5235 I HBD     : a [UpdatePolicy] [post] a: 31 cl: 65538 kit: [0/0] vt: 0 ir: 1
03-02 00:57:08.646  5235  5235 I HBD     : HoneyBoardService [PF_OP][onStartInput]  62 ms
03-02 00:57:08.647  5235  5235 I InputMethodService: scheduleImeSurfaceRemoval: canceled, mShowInputRequested=false, mWindowVisible=false, IsmWindowNull=false, IsmImeSurfaceRemoverRunnableNotNull=true
03-02 00:57:08.647  1646  2917 I CameraService: onUidStateChanged: uid=10062, procState is changed. (1 -> 0)
03-02 00:57:08.649  2013  4834 D SecContentProvider: query(), uri = 17 selection = isSettingsChangesAllowed
03-02 00:57:08.650  2013  2027 D SecContentProvider: query(), uri = 17 selection = isSettingsChangesAllowed
03-02 00:57:08.651  5235 18069 I HBD     : l writeToFile complete
03-02 00:57:08.652  6655 17755 I .gms.persistent: Explicit concurrent mark compact GC freed 27MB AllocSpace bytes, 6(120KB) LOS objects, 66% free, 21MB/65MB, paused 858us,5.999ms total 629.744ms
03-02 00:57:08.654  2013  4823 W system_server: Large reply transaction of 325152 bytes, interface descriptor android.app.IActivityTaskManager, code 26
03-02 00:57:08.657  5235 12847 I HBD     : u updated Sub Types. English
03-02 00:57:08.657 12859 12960 I SGPController: onForegroundAppChanged() update=false, cn=ComponentInfo{com.podcast.app.debug/androidx.activity.ComponentActivity}, r=SkRegion((0,0,198,2340)(882,0,1080,2340))
03-02 00:57:08.659  5235 12722 I HBD     : u updated Sub Types. English
03-02 00:57:08.660  5235 18071 I HBD     : b InputMethodSubtype is set as local:en_GB
03-02 00:57:08.662  1445  2902 D C2MtkBufferManager: over 5000ms not request from VCodec but callback hooked, slow BM Cc fetch thread. Last get time was 90592072ms ago.
03-02 00:57:08.664  2746  2746 D SystemUIService: SYSUI_RAM_OPTIMIZATION onTrimMemory=20
03-02 00:57:08.664  2746  2746 D CentralSurfaces: SYSUI_RAM_OPTIMIZATION onTrimMemory=20
03-02 00:57:08.665  2013  3645 I WindowManager: Relayout Window{43440cf u0 Splash Screen com.podcast.app.debug}: viewVisibility=8 req=1080x2340 ty=3 d0
03-02 00:57:08.667  3202  3202 I HoneySpace.EdgePanel.EdgeVisibilityRepository: getComputedTrayVisible : keyguardState = 1
03-02 00:57:08.667  3202  3202 I HoneySpace.EdgePanel.EdgeVisibilityRepository: updateTrayVisible: State = 0x1, visible = true, current containerState = 0, specificMode = 0
03-02 00:57:08.667  3202  3202 I HoneySpace.EdgePanel.EdgeVisibilityRepository: Same container state 0
03-02 00:57:08.668  2013  3645 I WindowManager: Relayout hash=43440cf, pid=2746, syncId=-1: mAttrs={(0,0)(fillxfill) sim={adjust=pan} layoutInDisplayCutoutMode=always ty=APPLICATION_STARTING fmt=TRANSLUCENT wanim=0x1030317
03-02 00:57:08.668  2013  3645 I WindowManager:   fl=81030118
03-02 00:57:08.668  2013  3645 I WindowManager:   pfl=10000810
03-02 00:57:08.668  2013  3645 I WindowManager:   bhv=1
03-02 00:57:08.668  2013  3645 I WindowManager:   fitSides=0
03-02 00:57:08.668  2013  3645 I WindowManager:   frameRateBoostOnTouch=true
03-02 00:57:08.668  2013  3645 I WindowManager:   dvrrWindowFrameRateHint=true naviIconColor=0}
03-02 00:57:08.669  2746  2808 I InsetsController: onStateChanged: host=Splash Screen com.podcast.app.debug, from=android.view.ViewRootImpl.onInsetsStateChanged:3026, state=InsetsState: {mDisplayFrame=Rect(0, 0 - 1080, 2340), mDisplayCutout=DisplayCutout{insets=Rect(0, 80 - 0, 0) waterfall=Insets{left=0, top=0, right=0, bottom=0} boundingRect={Bounds=[Rect(0, 0 - 0, 0), Rect(472, 0 - 608, 80), Rect(0, 0 - 0, 0), Rect(0, 0 - 0, 0)]} cutoutPathParserInfo={CutoutPathParserInfo{displayWidth=1080 displayHeight=2340 physicalDisplayWidth=1080 physicalDisplayHeight=2340 density={2.8125} cutoutSpec={M 0,0 H -24.177777778 V 28.4444444444 H 24.177777778 V 0 H 0 Z @dp} rotation={0} scale={1.0} physicalPixelDisplaySizeRatio={1.0}}} sideOverrides={}}, mRoundedCorners=RoundedCorners{[RoundedCorner{position=TopLeft, radius=113, center=Point(113, 113)}, RoundedCorner{position=TopRight, radius=113, center=Point(967, 113)}, RoundedCorner{position=BottomRight, radius=113, center=Point(967, 2227)}, RoundedCorner{position=BottomLeft, radius=113, center=Point(113, 2227)}]}  mRoundedCornerFrame=Rect(0, 0 - 1080, 2340), mPrivacyIndicatorBounds=PrivacyIndicatorBounds {static bounds=Rect(956, 0 - 1080, 80) rotation=0}, mDisplayShape=DisplayShape{ spec=-311912193 displayWidth=1080 displayHeight=2340 physicalPixelDisplaySizeRatio=1.0 rotation=0 offsetX=0 offsetY=0 scale=1.0}, mSources= { InsetsSource: {e9af0000 mType=statusBars mFrame=[0,0][1080,80] mVisible=true mFlags= mSideHint=TOP mBoundingRects=null}, InsetsSource: {e9af0005 mType=mandatorySystemGestures mFrame=[0,0][1080,114] mVisible=true mFlags= mSideHint=TOP mBoundingRects=null}, InsetsSource: {e9af0006 mType=tappableElement mFrame=[0,0][1080,80] mVisible=true mFlags= mSideHint=TOP mBoundingRects=null}, InsetsSource: {3 mType=ime mFrame=[0,0][0,0] mVisible=false mFlags= mSideHint=NONE mBoundingRects=null}, InsetsSource: {27 mType=displayCutout mFrame=[0,0][1080,80] mVisible=true mFlags= mSideHint=TOP mBoundingRects=null}, InsetsSource: {26ed0001 mType=navigationBars mFrame=[0,2298][1080,2340] mVisible=true mFlags=SUPPRESS_SCRIM mSideHint=BOTTOM mBoundingRects=null}, InsetsSource: {26ed0004 mType=systemGestures mFrame=[0,0][84,2340] mVisible=true mFlags= mSideHint=LEFT mBoundingRects=null}, InsetsSource: {26ed0005 mType=mandatorySystemGestures mFrame=[0,2250][1080,2340] mVisible=true mFlags= mSideHint=BOTTOM mBoundingRects=null}, InsetsSource: {26ed0006 mType=tappableElement mFrame=[0,0][0,0] mVisible=true mFlags= mSideHint=NONE mBoundingRects=null}, InsetsSource: {26ed0024 mType=systemGestures mFrame=[996,0][1080,2340] mVisible=true mFlags= mSideHint=RIGHT mBoundingRects=null} }
03-02 00:57:08.670  2746  2808 I VRI[debug]@d170f76: onActiveControlsChanged, removed=false, mAdded=true, caller=android.view.ViewRootImpl.handleInsetsControlChanged:3002 android.view.ViewRootImpl.relayoutWindow:11629 android.view.ViewRootImpl.performTraversals:4804 android.view.ViewRootImpl.doTraversal:3924 android.view.ViewRootImpl$TraversalRunnable.run:12903
03-02 00:57:08.671  2746  2808 I BLASTBufferQueue: [VRI[debug]@d170f76#7689](f:0,a:1,s:0) destructor()
03-02 00:57:08.671  2746  2808 D BufferQueueConsumer: [VRI[debug]@d170f76#7689(BLAST Consumer)7689](id:aba00001e09,api:0,p:-1,c:2746) disconnect
03-02 00:57:08.671  2746  2808 I VRI[debug]@d170f76: Relayout returned: old=(0,0,1080,2340) new=(0,0,1080,2340) relayoutAsync=false req=(1080,2340)8 dur=7 res=0x2 s={false 0x0} ch=true seqId=0
03-02 00:57:08.671  2746  2808 D VRI[debug]@d170f76: Not drawing due to not visible. Reason=View.GONE
03-02 00:57:08.671  2746  2808 W WindowOnBackDispatcher: sendCancelIfRunning: isInProgress=false callback=android.view.ViewRootImpl$$ExternalSyntheticLambda16@6aa606f
03-02 00:57:08.671  2746  2808 I VRI[debug]@d170f76: dispatchDetachedFromWindow
03-02 00:57:08.675  2013  2731 D InputTransport: Input channel destroyed: '43440cf', fd=1036
03-02 00:57:08.677  2746  2870 D HWUI    : CacheManager::trimMemory(20)
03-02 00:57:08.679  2746  2808 D InputTransport: Input channel destroyed: '43440cf', fd=703
03-02 00:57:08.681  5235 18072 I HBD     : b InputMethodSubtype is set as local:en_GB
03-02 00:57:08.685  2013  4823 W ParceledListSlice: Element #30 is 21544 bytes.
03-02 00:57:08.686  1507  1507 I SurfaceFlinger: RequestedLayer [Splash Screen com.podcast.app.debug$_2746#155670] hidden!! flag  from(0) --> to(1)
03-02 00:57:08.686  1507  1507 I SurfaceFlinger: [LayerHierarchy{RequestedLayerState{e183ab6 com.podcast.app.debug/androidx.activity.ComponentActivity#155671 parentId=155668} 1 children}] reparent to LayerHierarchy{RequestedLayerState{ActivityRecord{19472629 u0 com.podcast.app.debug/androidx.activity.ComponentActivity t44856}#155668 parentId=155667} 5 children}
03-02 00:57:08.686  1507  1507 I SurfaceFlinger: [LayerHierarchy{RequestedLayerState{Surface(name=e183ab6 com.podcast.app.debug/androidx.activity.ComponentActivity)/@0xc88254a - animation-leash of starting_reveal#155678} no children}] reparent to OffscreenRoot
03-02 00:57:08.686  1507  1507 I SurfaceFlinger: [LayerHierarchy{RequestedLayerState{Surface(name=e183ab6 com.podcast.app.debug/androidx.activity.ComponentActivity)/@0xc88254a - animation-leash of starting_reveal#155678} no children}] RelativeParent to null
03-02 00:57:08.696  1507  1507 D SurfaceFlinger: Display 4627039422300187648 HWC layers:
03-02 00:57:08.696  1507  1507 D SurfaceFlinger:   SOLID_COLOR |                        0 | 00000002 | N/A          |    0.0    0.0    0.0    0.0 |    0    0   -1   -1 | Background for 68eb87 SurfaceView[co[...]weme.splash.SplashActivity]@0#155652 (0)
03-02 00:57:08.696  1507  1507 D SurfaceFlinger:   SOLID_COLOR |                        0 | 00000002 | N/A          |    0.0    0.0    0.0    0.0 |    0    0   -1   -1 | Background for 7086fb SurfaceView[co[...]weme.splash.SplashActivity]@0#155655 (0)
03-02 00:57:08.696  1507  1507 D SurfaceFlinger:   SOLID_COLOR |                        0 | 00000002 | N/A          |    0.0    0.0    0.0    0.0 |    0    0   -1   -1 | Background for 836459b SurfaceView[c[...]weme.splash.SplashActivity]@0#155658 (0)
03-02 00:57:08.696  1507  1507 D SurfaceFlinger:        CLIENT |           63930588201766 | 00000102 | 0x32315659   |  187.0    0.0  720.0 1280.0 |    0   80  800 2000 | 7086fb SurfaceView[com.zhiliaoapp.mu[...]lash.SplashActivity]@0(BLAST)#155654 (9)
03-02 00:57:08.696  1507  1507 D SurfaceFlinger:        CLIENT |           63930588201742 | 00002100 | RGBA_8888    |  280.0    0.0 1080.0 2340.0 |    0    0 1080 2340 | com.zhiliaoapp.musically/com.ss.andr[...].splash.S
03-02 00:57:08.696  1507  1507 D SurfaceFlinger: plashActivity$_14885#155646 (5)
03-02 00:57:08.696  1507  1507 D SurfaceFlinger:   SOLID_COLOR |                        0 | 00000000 | N/A          |    0.0    0.0    0.0    0.0 |    0    0 1080 2340 | DimTransitionLayer for Surface(name=Task=44856)/@0x2c25d80#155677 (0)
03-02 00:57:08.696  1507  1507 D SurfaceFlinger:        DEVICE |           73534135074852 | 00002102 | RGBA_8888    |    0.0    0.0  897.0 2340.0 |  183    0 1080 2340 | com.podcast.app.debug/androidx.activity.ComponentActivity$_17121#155672 (1)
03-02 00:57:08.696  1507  1507 D SurfaceFlinger:        DEVICE |           11793980281879 | 00002100 | RGBA_8888    |    0.0    0.0 1080.0   80.0 |    0    0 1080   80 | StatusBar$_2746#117 (210949)
03-02 00:57:08.696  1507  1507 D SurfaceFlinger:        DEVICE |           13752485304097 | 00002100 | RGBA_8888    |    0.0    0.0   67.0  346.0 | 1013  454 1080  800 | com.sec.android.app.launcher/com.sam[...].app.CocktailBarService$_3202#152779 (1)
03-02 00:57:08.696  1507  1507 D SurfaceFlinger:        DEVICE |           11793980283319 | 00002100 | RGBA_8888    |    0.0    0.0  229.0  724.0 |  851  551 1080 1275 | VolumePanelWindow$_2746#155666 (18)
03-02 00:57:08.696  1507  1507 D SurfaceFlinger:        DEVICE |           11793980281868 | 00002100 | RGBA_8888    |    0.0    0.0 1080.0  13
03-02 00:57:08.696  1507  1507 D SurfaceFlinger: 5.0 |    0 2205 1080 2340 | NavigationBar0$_2746#113 (187583)
03-02 00:57:08.696  1507  1507 D SurfaceFlinger:
03-02 00:57:08.699  1484  9269 D AudioFlinger: setParameters: filtered dev setParameters keyvalue audioHDR=0
03-02 00:57:08.699  1509  1509 D Audio_ParameterParser: parseVendorParameters: scope: MODULE, keys/values: audioHDR=0
03-02 00:57:08.700  1439 32089 D AudioALSAHardware: +setParameters(): audioHDR=0
03-02 00:57:08.700  1439 32089 D AudioALSAHardware: -setParameters(): audioHDR=0
03-02 00:57:08.700  1439 32089 E AHAL_Module: setVendorParameters: default: unrecognized parameter "audioHDR=0"
03-02 00:57:08.701  1484  9269 E ConversionHelperAidl: Function: parseAndSetVendorParameters Line: 94 Failed
03-02 00:57:08.701  1509  1509 D Audio_ParameterParser: parseVendorParameters: scope: MODULE, keys/values: audioHDR=0
03-02 00:57:08.701  1509  1509 D Audio_ParameterParser: parseVendorParameters: scope: MODULE, keys/values: audioHDR=0
03-02 00:57:08.702  1445  2902 W C2MtkBufferManager: [0xB4000070F507E520] fetchNewCcBlock: wait fence 0x0xb4000070f5058270 timed out. ret 110
03-02 00:57:08.702  1439 32089 D AHAL_ModuleBluetooth: setVendorParameters unrecognized parameter: audioHDR=0
03-02 00:57:08.704  1507  1825 I SurfaceFlinger: Capture layer list: 	 com.zhiliaoapp.musically/com.ss.android.ugc.aweme.splash.SplashActivity$_14885#155646(seamlessTransition:0)
03-02 00:57:08.704  1507  1825 I SurfaceFlinger: Capture layer list: 	 DimTransitionLayer for Surface(name=Task=44856)/@0x2c25d80#155677(seamlessTransition:0)
03-02 00:57:08.704  1507  1825 I SurfaceFlinger: Capture layer list: 	 com.podcast.app.debug/androidx.activity.ComponentActivity$_17121#155672(seamlessTransition:0)
03-02 00:57:08.716  1646  2917 I CameraService: onUidStateChanged: uid=10492, procState is changed. (19 -> 8)
03-02 00:57:08.717  5235  5235 I InputMethodService: removeImeSurface
03-02 00:57:08.717  5235  5235 I InputMethodService: cancelImeSurfaceRemoval: removeCallbacks
03-02 00:57:08.724 14636 14636 D WM-SystemJobService: onStartJob for WorkGenerationalId(workSpecId=f23029b8-b7a3-4a93-aaf6-b7c7a26dfe9e, generation=0)
03-02 00:57:08.726 14636 15264 D WM-Processor: MutableConfig: processing WorkGenerationalId(workSpecId=f23029b8-b7a3-4a93-aaf6-b7c7a26dfe9e, generation=0)
03-02 00:57:08.733  2013  6778 D SemWifiUsabilityStatsMonitor: onWifiUsabilityStats - seqNum 30954, isSameBssidAndFreq true
03-02 00:57:08.733 14636 14636 D WM-WorkerWrapper: Starting work for com.urbanairship.job.AirshipWorker
03-02 00:57:08.734  2013  2656 I SemWifiLinkQualityMonitor: Link stat: 0 / 0 / 1.00 (62) / 58 / -79.0 || 100.0 : 58.00 / B (B) || 63618b082412: 0.241 / 33.224 / D || N N / 0 0 / Y 2.0 / Y X 0 / 491107734 0 || Invalid
03-02 00:57:08.734 14636 14636 V Ana Vodafone - UALib: AirshipWorker - Running job: JobInfo{action='ACTION_UPDATE_CHANNEL', airshipComponentName='com.urbanairship.channel.AirshipChannel', isNetworkAccessRequired=true, minDelayMs=0, conflictStrategy=2, initialBackOffMs=30000, extras={}, rateLimitIds=[]}, work Id: f23029b8-b7a3-4a93-aaf6-b7c7a26dfe9e run attempt: 280
03-02 00:57:08.734 14636 14636 V Ana Vodafone - UALib: JobDispatcher - Running job: JobInfo{action='ACTION_UPDATE_CHANNEL', airshipComponentName='com.urbanairship.channel.AirshipChannel', isNetworkAccessRequired=true, minDelayMs=0, conflictStrategy=2, initialBackOffMs=30000, extras={}, rateLimitIds=[]}, run attempt: 280
03-02 00:57:08.740  5235 12848 I HBD     : a [SKE_SPECIFIC] specific model[com.podcast.app.debug] loaded, 92561538 ns
03-02 00:57:08.775  1445  2902 W C2MtkBufferManager: [0xB4000070F507E520] fetchNewCcBlock: wait fence 0x0xb4000070f5058270 timed out. ret 110
03-02 00:57:08.799  1450 18064 I mtkpower_client: perf_lock_rel, hdl:76377, pid: 1450, tid:18064
03-02 00:57:08.800  1450 18064 I mtkpower_client: perf_lock_acq, hdl:0, dur:0, num:2, pid:1450, tid:18064
03-02 00:57:08.800  1464  1529 I libPowerHal: [perfLockRel] hdl:76377, idx:7
03-02 00:57:08.800  1464  1529 I libPowerHal: [set_cpuidle] enable:1, fd:17, scn:0xb40000737b6173c8
03-02 00:57:08.800  1464  1529 I libPowerHal: [PD] vendor.samsung. update cmd:1c3c100 param:1 pr:6
03-02 00:57:08.800  1464  1529 I libPowerHal: [perfLockRel] Done for hdl : 76377
03-02 00:57:08.801  1450 18064 I mtkpower_client: ret_hdl:76381
03-02 00:57:08.801  1450 18064 I mtkpower_client: perf_lock_rel, hdl:76379, pid: 1450, tid:18064
03-02 00:57:08.801  1464  1529 I libPowerHal: [perfLockAcq] idx:7 hdl:76381 hint:-1 pid:1450 tid:18064 duration:0 lock_user:vendor.samsung. => ret_hdl:76381
03-02 00:57:08.801  1464  1529 I libPowerHal: [set_cpuidle] enable:0, fd:17, scn:0xb40000737b6173c8
03-02 00:57:08.802  1464  1529 I libPowerHal: [get_cpu_dma_latency_value] 0
03-02 00:57:08.802  1464  1529 I libPowerHal: [PE] vendor.samsung. update cmd:1c3c100 param:0 pr:3
03-02 00:57:08.802  1464  1529 I libPowerHal: [perfLockAcq] Done for hdl : 76381
03-02 00:57:08.802  1450 18064 I mtkpower_client: perf_lock_acq, hdl:0, dur:0, num:2, pid:1450, tid:18064
03-02 00:57:08.803  1464  1529 I libPowerHal: [perfLockRel] hdl:76379, idx:5
03-02 00:57:08.803  1464  1529 I libPowerHal: [PD] vendor.samsung. update cmd:1000000 param:-1 pr:6
03-02 00:57:08.803  1464  1529 I libPowerHal: [perfLockRel] Done for hdl : 76379
03-02 00:57:08.804  1507  1825 I SurfaceFlinger: Capture layer list: 	 com.zhiliaoapp.musically/com.ss.android.ugc.aweme.splash.SplashActivity$_14885#155646(seamlessTransition:0)
03-02 00:57:08.804  1507  1825 I SurfaceFlinger: Capture layer list: 	 DimTransitionLayer for Surface(name=Task=44856)/@0x2c25d80#155677(seamlessTransition:0)
03-02 00:57:08.804  1507  1825 I SurfaceFlinger: Capture layer list: 	 com.podcast.app.debug/androidx.activity.ComponentActivity$_17121#155672(seamlessTransition:0)
03-02 00:57:08.804  1450 18064 I mtkpower_client: ret_hdl:76382
03-02 00:57:08.804  1464  1529 I libPowerHal: [perfLockAcq] idx:8 hdl:76382 hint:-1 pid:1450 tid:18064 duration:0 lock_user:vendor.samsung. => ret_hdl:76382
03-02 00:57:08.805  1464  1529 I libPowerHal: [setDvfsrcDevFreqOpp] opp:0, freq:4266000000
03-02 00:57:08.805  1464  1529 I libPowerHal: [PE] vendor.samsung. update cmd:1000000 param:0 pr:3
03-02 00:57:08.805  1464  1529 I libPowerHal: [perfLockAcq] Done for hdl : 76382
03-02 00:57:08.805  1450 18064 I HYPER-HAL: [RequestManager.cpp]releaseLocked(): Released ID : 2063514
03-02 00:57:08.806  3438  3438 I EPDG -- SIM0 [SMARTWIFI]: isProfiling, hash=103173838, started=true
03-02 00:57:08.807  3438  3438 I EPDG -- SIM0 [SMARTWIFI]: isProfiling, hash=103173838, started=true
03-02 00:57:08.809  3438  3438 I EPDG -- SIM0 [SMARTWIFI]: Rssi : -79 highrange : -75 lowrange : -85 mIsRssiInHystersis : true
03-02 00:57:08.809  3438  3438 I EPDG -- SIM0 [SMARTWIFI]: Rssi : -79 highrange : -75 lowrange : -85 mIsRssiInHystersis : true
03-02 00:57:08.810  3438  3438 I EPDG -- SIM1 [SMARTWIFI]: isProfiling, hash=59853931, started=true
03-02 00:57:08.810  3438  3438 I EPDG -- SIM1 [SMARTWIFI]: isProfiling, hash=59853931, started=true
03-02 00:57:08.811  3438  3438 I EPDG -- SIM1 [SMARTWIFI]: Rssi : -79 highrange : -75 lowrange : -85 mIsRssiInHystersis : true
03-02 00:57:08.811  3438  3438 I EPDG -- SIM1 [SMARTWIFI]: Rssi : -79 highrange : -75 lowrange : -85 mIsRssiInHystersis : true
03-02 00:57:08.848  1445  2902 W C2MtkBufferManager: [0xB4000070F507E520] fetchNewCcBlock: wait fence 0x0xb4000070f5058270 timed out. ret 110
03-02 00:57:08.904  1507  1825 I SurfaceFlinger: Capture layer list: 	 com.zhiliaoapp.musically/com.ss.android.ugc.aweme.splash.SplashActivity$_14885#155646(seamlessTransition:0)
03-02 00:57:08.904  1507  1825 I SurfaceFlinger: Capture layer list: 	 DimTransitionLayer for Surface(name=Task=44856)/@0x2c25d80#155677(seamlessTransition:0)
03-02 00:57:08.904  1507  1825 I SurfaceFlinger: Capture layer list: 	 com.podcast.app.debug/androidx.activity.ComponentActivity$_17121#155672(seamlessTransition:0)
03-02 00:57:08.921  1445  2902 W C2MtkBufferManager: [0xB4000070F507E520] fetchNewCcBlock: wait fence 0x0xb4000070f5058270 timed out. ret 110
03-02 00:57:08.934 14885 16783 D Native  : [TTNativeML] NativeMLTaskRunner 2.3-2.4 code：BuildInputs: CostTime 0.07 ms
03-02 00:57:08.935 14885 16783 D Native  : [TTNativeML] NativeMLTaskRunner 3-4 code：AdapterSetInputs: cost time 0.04 ms
03-02 00:57:08.935 14885 16783 D Native  : [TTNativeML] NativeMLTaskRunner 4-5 code：AdapterInference: cost time 0.21 ms
03-02 00:57:08.938  2013  3505 I NSLocationMonitor: getGPSUsingApps() called
03-02 00:57:08.938  3477 10041 I NSLocationManager_FLP: getGPSUsingApps, No change
03-02 00:57:08.939  2013  3505 W Binder  : Outgoing transactions from this process must be FLAG_ONEWAY
03-02 00:57:08.939  2013  3505 W Binder  : java.lang.Throwable
03-02 00:57:08.939  2013  3505 W Binder  : 	at android.os.BinderProxy.transact(BinderProxy.java:566)
03-02 00:57:08.939  2013  3505 W Binder  : 	at android.bluetooth.IBluetoothGatt$Stub$Proxy.getAdvertisingSetUids(IBluetoothGatt.java:1678)
03-02 00:57:08.939  2013  3505 W Binder  : 	at android.bluetooth.BluetoothAdapter.getAdvertisingSetUids(BluetoothAdapter.java:8476)
03-02 00:57:08.939  2013  3505 W Binder  : 	at android.bluetooth.BluetoothAdapter.getHWUsingApps(BluetoothAdapter.java:1342)
03-02 00:57:08.939  2013  3505 W Binder  : 	at com.android.server.am.mars.filter.filter.BlueToothConnectedFilter.updateBTUsingPackages(qb/105350715 268999f8a14e7f8abd6a326b97f385fa09379427d12c342cfc170109611a7a5c:22)
03-02 00:57:08.939  2013  3505 W Binder  : 	at com.android.server.am.FreecessController.freeze(qb/105350715 268999f8a14e7f8abd6a326b97f385fa09379427d12c342cfc170109611a7a5c:117)
03-02 00:57:08.939  2013  3505 W Binder  : 	at com.android.server.am.FreecessHandler$MainHandler.handleLcdOnFreeze(qb/105350715 268999f8a14e7f8abd6a326b97f385fa09379427d12c342cfc170109611a7a5c:55)
03-02 00:57:08.939  2013  3505 W Binder  : 	at com.android.server.am.FreecessHandler$MainHandler.handleMessage(qb/105350715 268999f8a14e7f8abd6a326b97f385fa09379427d12c342cfc170109611a7a5c:793)
03-02 00:57:08.939  2013  3505 W Binder  : 	at android.os.Handler.dispatchMessage(Handler.java:110)
03-02 00:57:08.939  2013  3505 W Binder  : 	at android.os.Looper.loopOnce(Looper.java:273)
03-02 00:57:08.939  2013  3505 W Binder  : 	at android.os.Looper.loop(Looper.java:363)
03-02 00:57:08.939  2013  3505 W Binder  : 	at android.os.HandlerThread.run(HandlerThread.java:85)
03-02 00:57:08.963 17798 17825 I Finsky  : [4021] Device is eligible for platform Cronet and will attempt to use it.
03-02 00:57:08.970  2013  2706 D NetdEventListenerService: DNS Requested by 318, 10234(com.android.vending), SUCCESS, 4ms
03-02 00:57:08.974  2013  2706 D NetdEventListenerService: DNS Requested by 318, 10234(com.android.vending), SUCCESS, 1ms
03-02 00:57:08.980  2013  2706 D NetdEventListenerService: DNS Requested by 318, 10234(com.android.vending), SUCCESS, 3ms
03-02 00:57:08.980 17798 18086 D HttpFlagsLoader: Not loading HTTP flags because they are disabled in the manifest
03-02 00:57:08.987  2746  2798 I SurfaceControlRegistry: apply, t=FinishTransaction_SyncId<11244>, caller=android.view.SurfaceControl$Transaction.apply:3459 android.view.SurfaceControl$Transaction.apply:3447 android.view.SurfaceControl$Transaction.apply:3397 com.android.wm.shell.transition.Transitions.onFinish:315 com.android.wm.shell.transition.Transitions$$ExternalSyntheticLambda7.onTransitionFinished:12 com.android.wm.shell.transition.DefaultTransitionHandler$$ExternalSyntheticLambda6.run:36
03-02 00:57:08.990  1444  1444 D libcomposer_ext: DeviceImplAidl::DeviceClientContextAidl::NotifyHwcComposition()
03-02 00:57:08.991  1444  1444 D libcomposer_ext: DeviceImplAidl::DeviceClientContextAidl::NotifyHwcComposition()
03-02 00:57:08.991  1698  1698 D libcomposer_ext: ClientCallbackAidl::asyncPerform(12)
03-02 00:57:08.991  1698  1698 D libcomposer_ext: ClientImplAidl::ParseNotifyHwcComposition()
03-02 00:57:08.991  1464  1492 I mtkpower@impl: [setMode] type:6, enabled:0
03-02 00:57:08.991  1464  1492 E mtkpower@impl: [setMode] unknown type
03-02 00:57:08.991  1507  2393 D libcomposer_ext: ClientCallbackAidl::asyncPerform(12)
03-02 00:57:08.991  1507  2393 D libcomposer_ext: ClientImplAidl::ParseNotifyHwcComposition()
03-02 00:57:08.991  1507  2393 D SurfaceFlinger: NotifyHwcComposition(), id 0, mode 0
03-02 00:57:08.991  2013  2706 D NetdEventListenerService: DNS Requested by 318, 10234(com.android.vending), SUCCESS, 8ms
03-02 00:57:08.992 17798 17825 I cn_CronetLibraryLoader: Cronet version: 141.0.7340.3, arch: aarch64
03-02 00:57:08.993  1507  1507 D SurfaceFlinger: Display 4627039422300187648 HWC layers:
03-02 00:57:08.993  1507  1507 D SurfaceFlinger:   SOLID_COLOR |                        0 | 00000002 | N/A          |    0.0    0.0    0.0    0.0 |    0    0   -1   -1 | Background for 68eb87 SurfaceView[co[...]weme.splash.SplashActivity]@0#155652 (0)
03-02 00:57:08.993  1507  1507 D SurfaceFlinger:   SOLID_COLOR |                        0 | 00000002 | N/A          |    0.0    0.0    0.0    0.0 |    0    0   -1   -1 | Background for 7086fb SurfaceView[co[...]weme.splash.SplashActivity]@0#155655 (0)
03-02 00:57:08.993  1507  1507 D SurfaceFlinger:   SOLID_COLOR |                        0 | 00000002 | N/A          |    0.0    0.0    0.0    0.0 |    0    0   -1   -1 | Background for 836459b SurfaceView[c[...]weme.splash.SplashActivity]@0#155658 (0)
03-02 00:57:08.993  1507  1507 D SurfaceFlinger:        DEVICE |           63930588201766 | 00000102 | 0x32315659   |    0.0    0.0    0.0    0.0 |    0    0   -1   -1 | 7086fb SurfaceView[com.zhiliaoapp.mu[...]lash.SplashActivity]@0(BLAST)#155654 (9)
03-02 00:57:08.993  1507  1507 D SurfaceFlinger:        DEVICE |           63930588201742 | 00002100 | RGBA_8888    |    0.0    0.0    0.0    0.0 |    0    0   -1   -1 | com.zhiliaoapp.musically/com.ss.andr[...].splash.S
03-02 00:57:08.993  1507  1507 D SurfaceFlinger: plashActivity$_14885#155646 (5)
03-02 00:57:08.993  1507  1507 D SurfaceFlinger:   SOLID_COLOR |                        0 | 00000000 | N/A          |    0.0    0.0    0.0    0.0 |    0    0   -1   -1 | DimTransitionLayer for Surface(name=Task=44856)/@0x2c25d80#155677 (0)
03-02 00:57:08.993  1507  1507 D SurfaceFlinger:        DEVICE |           73534135074852 | 00002102 | RGBA_8888    |    0.0    0.0 1080.0 2340.0 |    0    0 1080 2340 | com.podcast.app.debug/androidx.activity.ComponentActivity$_17121#155672 (1)
03-02 00:57:08.993  1507  1507 D SurfaceFlinger:        DEVICE |           11793980281879 | 00002100 | RGBA_8888    |    0.0    0.0 1080.0   80.0 |    0    0 1080   80 | StatusBar$_2746#117 (210949)
03-02 00:57:08.993  1507  1507 D SurfaceFlinger:        DEVICE |           13752485304097 | 00002100 | RGBA_8888    |    0.0    0.0   67.0  346.0 | 1013  454 1080  800 | com.sec.android.app.launcher/com.sam[...].app.CocktailBarService$_3202#152779 (1)
03-02 00:57:08.993  1507  1507 D SurfaceFlinger:        DEVICE |           11793980283317 | 00002100 | RGBA_8888    |    0.0    0.0  229.0  724.0 |  851  551 1080 1275 | VolumePanelWindow$_2746#155666 (44)
03-02 00:57:08.993  1507  1507 D SurfaceFlinger:        DEVICE |           11793980281868 | 00002100 | RGBA_8888    |    0.0    0.0 1080.0  13
03-02 00:57:08.993  1507  1507 D SurfaceFlinger: 5.0 |    0 2205 1080 2340 | NavigationBar0$_2746#113 (187583)
03-02 00:57:08.993  1507  1507 D SurfaceFlinger:
03-02 00:57:08.994  1445  2902 W C2MtkBufferManager: [0xB4000070F507E520] fetchNewCcBlock: wait fence 0x0xb4000070f5058270 timed out. ret 110
03-02 00:57:08.995 14885 14885 I VRI[SplashActivity]@35f4eb8: handleAppVisibility mAppVisible = true visible = false
03-02 00:57:08.995 14885 14885 D VRI[SplashActivity]@35f4eb8: visibilityChanged oldVisibility=true newVisibility=false
03-02 00:57:08.997  2013  2706 D NetdEventListenerService: DNS Requested by 318, 10234(com.android.vending), SUCCESS, 2ms
03-02 00:57:08.997 14885 14885 I SV[6876039 SplashActivity]: onWindowVisibilityChanged(8) false X.0fk7{68eb87 V.E...... ........ 0,80-1080,2000} of VRI[SplashActivity]@35f4eb8
03-02 00:57:08.997  2746  2746 D SystemUIService: SYSUI_RAM_OPTIMIZATION onTrimMemory=20
03-02 00:57:08.997 14885 14885 I SurfaceView: 6876039 Changes: creating=false format=false size=false visible=true alpha=false hint=false left=false top=false z=false attached=true lifecycleStrategy=false
03-02 00:57:08.997  2746  2746 D CentralSurfaces: SYSUI_RAM_OPTIMIZATION onTrimMemory=20
03-02 00:57:08.997 14885 14885 I SurfaceView: 6876039 Cur surface: Surface(name=null mNativeObject=509415006464)/@0x56b4ffd
03-02 00:57:08.997 14885 14885 I SurfaceView: 6876039 surfaceDestroyed
03-02 00:57:08.997 14885 14885 I SV[6876039 SplashActivity]: surfaceDestroyed callback.size 1 #2 X.0fk7{68eb87 V.E...... ........ 0,80-1080,2000}
03-02 00:57:08.997 14885 14885 I SV[6876039 SplashActivity]: updateSurface: mVisible = false mSurface.isValid() = true
