03-02 00:57:39.106 17121 17121 I BLASTBufferQueue_Java: update, w= 1080 h= 976 mName = VRI[ComponentActivity]@afbe2f6 mNativeObject= 0xb400007867aa1400 sc.mNativeObject= 0xb400007837ff6840 format= -2 caller= android.view.ViewRootImpl.updateBlastSurfaceIfNeeded:3590 android.view.ViewRootImpl.relayoutWindow:11685 android.view.ViewRootImpl.performTraversals:4804 android.view.ViewRootImpl.doTraversal:3924 android.view.ViewRootImpl$TraversalRunnable.run:12903 android.view.Choreographer$CallbackRecord.run:1901
03-02 00:57:39.106 17121 17121 I BLASTBufferQueue: [VRI[ComponentActivity]@afbe2f6#32](f:0,a:0,s:0) update width=1080 height=976 format=-2 mTransformHint=0
03-02 00:57:39.106 17121 17121 I VRI[ComponentActivity]@afbe2f6: Relayout returned: old=(0,80,1080,2298) new=(90,791,990,1587) relayoutAsync=false req=(900,796)0 dur=8 res=0x3 s={true 0xb40000772b406c00} ch=true seqId=0
03-02 00:57:39.107 17121 17121 I VRI[ComponentActivity]@afbe2f6: performConfigurationChange setNightDimText nightDimLevel=0
03-02 00:57:39.108 17121 17121 D VRI[ComponentActivity]@afbe2f6: mThreadedRenderer.initialize() mSurface={isValid=true 0xb40000772b406c00} hwInitialized=true
03-02 00:57:39.119 17121 17121 D VRI[ComponentActivity]@afbe2f6: reportNextDraw android.view.ViewRootImpl.performTraversals:5443 android.view.ViewRootImpl.doTraversal:3924 android.view.ViewRootImpl$TraversalRunnable.run:12903 android.view.Choreographer$CallbackRecord.run:1901 android.view.Choreographer$CallbackRecord.run:1910
03-02 00:57:39.119 17121 17121 D VRI[ComponentActivity]@afbe2f6: Setup new sync=wmsSync-VRI[ComponentActivity]@afbe2f6#64
03-02 00:57:39.119 17121 17121 I VRI[ComponentActivity]@afbe2f6: Creating new active sync group VRI[ComponentActivity]@afbe2f6#65
03-02 00:57:39.119 17121 17121 D VRI[ComponentActivity]@afbe2f6: registerCallbacksForSync syncBuffer=false
03-02 00:57:39.120  1507  1845 D SurfaceFlinger: [input] setFocusedWindow: 88ba56b com.podcast.app.debug/androidx.activity.ComponentActivity
03-02 00:57:39.120  1507  1845 D SurfaceFlinger: updateWinowInfo=1, setFocusedWindow timestamp=491138104543965, windowName=88ba56b com.podcast.app.debug/androidx.activity.ComponentActivity
03-02 00:57:39.122  2013  2834 D InputDispatcher: Once focus requested (0): 88ba56b com.podcast.app.debug/androidx.activity.ComponentActivity
03-02 00:57:39.122  2013  2834 D InputDispatcher: Focus request (0): 88ba56b com.podcast.app.debug/androidx.activity.ComponentActivity but waiting because NOT_VISIBLE
03-02 00:57:39.122  2013  2834 D InputDispatcher: Focus left window (0): fe1c469 com.podcast.app.debug/androidx.activity.ComponentActivity
03-02 00:57:39.124  2746  2746 D SecVolume.VolumePanelStore: subscribe : observer count=4, observer=com.android.systemui.volume.view.VolumeRowView{6dbebd9 V.E...... ......I. 0,0-0,0 #7f0a0f58 app:id/volume_row_view}
03-02 00:57:39.124  2746  2746 D SecVolume.VolumePanelStore: subscribe : observer count=5, observer=com.android.systemui.volume.view.VolumeSeekBar{55b99e V.ED..... ......ID 0,0-0,0 #7f0a0f59 app:id/volume_seekbar}
03-02 00:57:39.124  2746  2746 D SecVolume.VolumePanelStore: subscribe : observer count=6, observer=com.android.systemui.volume.view.icon.VPVolumeIcon{1425c7f V.E...... ......I. 0,0-0,0 #7f0a0f0e app:id/volume_button}
03-02 00:57:39.124  1507  1507 I SurfaceFlinger: [LayerHierarchy{RequestedLayerState{com.zhiliaoapp.musically/com.ss.android.ugc.aweme.splash.SplashActivity$_14885#156621} no children}] reparent to OffscreenRoot
03-02 00:57:39.125  1507  1507 I SurfaceFlinger: [LayerHierarchy{RequestedLayerState{com.zhiliaoapp.musically/com.ss.android.ugc.aweme.splash.SplashActivity$_14885#156621} no children}] RelativeParent to null
03-02 00:57:39.125 17121 17414 D VRI[ComponentActivity]@afbe2f6: Received frameDrawingCallback syncResult=0 frameNum=1.
03-02 00:57:39.126 17121 17414 I VRI[ComponentActivity]@afbe2f6: mWNT: t=0xb40000772b201100 mBlastBufferQueue=0xb400007867aa1400 fn= 1 HdrRenderState mRenderHdrSdrRatio=1.0 caller= android.view.ViewRootImpl$12.onFrameDraw:15441 android.view.ThreadedRenderer$1.onFrameDraw:718 <bottom of call stack>
03-02 00:57:39.126 17121 17414 I VRI[ComponentActivity]@afbe2f6: Setting up sync and frameCommitCallback
03-02 00:57:39.128  1507  1507 I SurfaceFlinger: onHandleDestroyed: layerId=156621, name=com.zhiliaoapp.musically/com.ss.android.ugc.aweme.splash.SplashActivity$_14885#156621
03-02 00:57:39.128  1507  1507 I SurfaceFlinger: id=156621 Removed com.zhiliaoapp.musically/com.ss.android.ugc.aweme.splash.SplashActivity$_14885#156621 (323)
03-02 00:57:39.130 17121 17389 I BLASTBufferQueue: [VRI[ComponentActivity]@afbe2f6#32](f:0,a:0,s:0) onFrameAvailable the first frame is available
03-02 00:57:39.130 17121 17389 I BLASTBufferQueue: [VRI[ComponentActivity]@afbe2f6#32](f:0,a:1,s:0) acquireNextBufferLocked size=1080x976 mFrameNumber=1 applyTransaction=true mTimestamp=491138130835350(auto) mPendingTransactions.size=0 graphicBufferId=73534135074948 transform=0
03-02 00:57:39.131 17121 17389 I VRI[ComponentActivity]@afbe2f6: Received frameCommittedCallback lastAttemptedDrawFrameNum=1 didProduceBuffer=true
03-02 00:57:39.132  2746  2746 D SecVolume.VolumePanelWindow: onStart
03-02 00:57:39.132  2746  2746 I WindowManager: WindowManagerGlobal#addView, ty=2020, view=com.android.internal.policy.DecorView{d2707c7 V.E...... R.....ID 0,0-223,712}[VolumePanelWindow], caller=android.view.WindowManagerImpl.addView:158 android.app.Dialog.show:540 com.android.systemui.volume.view.standard.VolumePanelWindow.onChanged:1950
03-02 00:57:39.133  1445  2902 W C2MtkBufferManager: [0xB4000070F507E520] fetchNewCcBlock: wait fence 0x0xb4000070f5058270 timed out. ret 110
03-02 00:57:39.133 17121 17389 D HWUI    : CFMS:: SetUp Pid : 17121    Tid : 17389
03-02 00:57:39.133 17121 17121 D VRI[ComponentActivity]@afbe2f6: reportDrawFinished seqId=0
03-02 00:57:39.133 17121 17389 D HWUI    : HWUI - treat SMPTE_170M as sRGB
03-02 00:57:39.133  2746  2746 I ViewRootImpl: dVRR is disabled
03-02 00:57:39.134  2746  2870 D NativeCustomFrequencyManager: [NativeCFMS] BpCustomFrequencyManager::BpCustomFrequencyManager()
03-02 00:57:39.135  1507  1507 I SurfaceFlinger: destroyed com.zhiliaoapp.musically/com.ss.android.ugc.aweme.splash.SplashActivity$_14885#156621
03-02 00:57:39.138 17121 17121 I BLASTBufferQueue_Java: update, w= 1080 h= 976 mName = VRI[ComponentActivity]@afbe2f6 mNativeObject= 0xb400007867aa1400 sc.mNativeObject= 0xb400007837ff6840 format= -2 caller= android.view.ViewRootImpl.updateBlastSurfaceIfNeeded:3574 android.view.ViewRootImpl.relayoutWindow:11685 android.view.ViewRootImpl.performTraversals:4804 android.view.ViewRootImpl.doTraversal:3924 android.view.ViewRootImpl$TraversalRunnable.run:12903 android.view.Choreographer$CallbackRecord.run:1901
03-02 00:57:39.138  1507  1562 I SurfaceFlinger: id=156660 createSurf, flag=24004, Surface(name=88ba56b com.podcast.app.debug/androidx.activity.ComponentActivity)/@0x7074799 - animation-leash of window_animation#156660
03-02 00:57:39.138 17121 17121 I VRI[ComponentActivity]@afbe2f6: Relayout returned: old=(90,791,990,1587) new=(90,791,990,1587) relayoutAsync=true req=(900,796)0 dur=1 res=0x0 s={true 0xb40000772b406c00} ch=false seqId=0
03-02 00:57:39.139  1507  1507 I Layer   : id=156621 Destroyed com.zhiliaoapp.musically/com.ss.android.ugc.aweme.splash.SplashActivity$_14885#156621
03-02 00:57:39.142  2013  2834 I WindowManager: Relayout Window{88ba56b u0 com.podcast.app.debug/androidx.activity.ComponentActivity}: viewVisibility=0 req=900x796 ty=2 d0
03-02 00:57:39.143 14885 18455 W System.err: FlagsHookHelper: skip hook flags method getInstanceHook
03-02 00:57:39.144 17121 17121 I VRI[ComponentActivity]@afbe2f6: registerCallbackForPendingTransactions
03-02 00:57:39.145  1507  2128 I SurfaceFlinger: onHandleDestroyed: layerId=156649, name=Surface(name=c536234 NavigationBar0)/@0xfac847b - animation-leash of insets_animation#156649
03-02 00:57:39.146  1507  2393 I SurfaceFlinger: onHandleDestroyed: layerId=156650, name=Surface(name=a5d3a68 StatusBar)/@0xd5726d6 - animation-leash of insets_animation#156650
03-02 00:57:39.146  1507  2393 I SurfaceFlinger: id=156650 Removed Surface(name=a5d3a68 StatusBar)/@0xd5726d6 - animation-leash of insets_animation#156650 (323)
03-02 00:57:39.146 17121 17121 I ImeFocusController: onPreWindowFocus: skipped hasWindowFocus=false mHasImeFocus=true
03-02 00:57:39.146 17121 17121 I ImeFocusController: onPostWindowFocus: skipped hasWindowFocus=false mHasImeFocus=true
03-02 00:57:39.147  1507  1507 I SurfaceFlinger: destroyed Surface(name=c536234 NavigationBar0)/@0xfac847b - animation-leash of insets_animation#156649
03-02 00:57:39.147  1507  1507 I SurfaceFlinger: destroyed Surface(name=a5d3a68 StatusBar)/@0xd5726d6 - animation-leash of insets_animation#156650
03-02 00:57:39.147  1507  1507 I SurfaceFlinger: [Surface(name=88ba56b com.podcast.app.debug/androidx.activity.ComponentActivity)/@0x7074799 - animation-leash of window_animation#156660] attach to parent LayerHierarchy{RequestedLayerState{ActivityRecord{161386323 u0 com.podcast.app.debug/androidx.activity.ComponentActivity t44896}#156641 parentId=156640} 5 children}
03-02 00:57:39.146  1507  2128 I SurfaceFlinger: id=156649 Removed Surface(name=c536234 NavigationBar0)/@0xfac847b - animation-leash of insets_animation#156649 (323)
03-02 00:57:39.148 17121 17415 I VRI[ComponentActivity]@afbe2f6: mWNT: t=0xb40000772b201700 mBlastBufferQueue=0xb400007867aa1400 fn= 2 HdrRenderState mRenderHdrSdrRatio=1.0 caller= android.view.ViewRootImpl$10.onFrameDraw:6536 android.view.ViewRootImpl$4.onFrameDraw:2489 android.view.ThreadedRenderer$1.onFrameDraw:718
03-02 00:57:39.149  2013  2834 I WindowManager: Relayout hash=88ba56b, pid=0, syncId=-1: mAttrs={(0,0)(wrapxwrap) gr=CENTER sim={adjust=pan} ty=APPLICATION fmt=TRANSPARENT wanim=0x1030318 surfaceInsets=Rect(90, 90 - 90, 90)
03-02 00:57:39.149  2013  2834 I WindowManager:   fl=1800002
03-02 00:57:39.149  2013  2834 I WindowManager:   pfl=40000800
03-02 00:57:39.149  2013  2834 I WindowManager:   bhv=1
03-02 00:57:39.149  2013  2834 I WindowManager:   fitTypes=207
03-02 00:57:39.149  2013  2834 I WindowManager:   frameRateBoostOnTouch=true
03-02 00:57:39.149  2013  2834 I WindowManager:   dvrrWindowFrameRateHint=true
03-02 00:57:39.149  2013  2834 I WindowManager:  dimAmount=0.6 naviIconColor=0}
03-02 00:57:39.150  1507  1563 I SurfaceFlinger: id=156661 createSurf, flag=84004, WindowToken{d73230c type=2020 android.os.BinderProxy@7bc7e3f}#156661
03-02 00:57:39.150  1507  1507 I Layer   : id=156650 Destroyed Surface(name=a5d3a68 StatusBar)/@0xd5726d6 - animation-leash of insets_animation#156650
03-02 00:57:39.151  2013  2253 D InputTransport: Input channel constructed: '5fbc455', fd=1083
03-02 00:57:39.151  2013  2253 D InputTransport: Input channel constructed: '5fbc455', fd=1100
03-02 00:57:39.151  2013  2253 D InputTransport: Input channel constructed: '5fbc455', fd=1119
03-02 00:57:39.151  2013  2253 D InputTransport: Input channel destroyed: '5fbc455', fd=1100
03-02 00:57:39.152  1507  1562 I SurfaceFlinger: id=156662 createSurf, flag=84004, 5fbc455 VolumePanelWindow#156662
03-02 00:57:39.153  1507  2128 I SurfaceFlinger: id=156663 createSurf, flag=20004, Dim Layer for - Task=44896#156663
03-02 00:57:39.154  1507  1825 I SurfaceFlinger: Capture layer list: 	 com.podcast.app.debug/androidx.activity.ComponentActivity$_17121#156646(seamlessTransition:0)
03-02 00:57:39.155  2013  2253 D InputTransport: Input channel destroyed: '5fbc455', fd=1119
03-02 00:57:39.155  2746  2746 D InputTransport: Input channel constructed: '5fbc455', fd=485
03-02 00:57:39.156  2746  2746 I InsetsController: onStateChanged: host=VolumePanelWindow, from=android.view.ViewRootImpl.onInsetsStateChanged:3026, state=InsetsState: {mDisplayFrame=Rect(0, 0 - 1080, 2340), mDisplayCutout=DisplayCutout{insets=Rect(0, 80 - 0, 0) waterfall=Insets{left=0, top=0, right=0, bottom=0} boundingRect={Bounds=[Rect(0, 0 - 0, 0), Rect(472, 0 - 608, 80), Rect(0, 0 - 0, 0), Rect(0, 0 - 0, 0)]} cutoutPathParserInfo={CutoutPathParserInfo{displayWidth=1080 displayHeight=2340 physicalDisplayWidth=1080 physicalDisplayHeight=2340 density={2.8125} cutoutSpec={M 0,0 H -24.177777778 V 28.4444444444 H 24.177777778 V 0 H 0 Z @dp} rotation={0} scale={1.0} physicalPixelDisplaySizeRatio={1.0}}} sideOverrides={}}, mRoundedCorners=RoundedCorners{[RoundedCorner{position=TopLeft, radius=113, center=Point(113, 113)}, RoundedCorner{position=TopRight, radius=113, center=Point(967, 113)}, RoundedCorner{position=BottomRight, radius=113, center=Point(967, 2227)}, RoundedCorner{position=BottomLeft, radius=113, center=Point(113, 2227)}]}  mRoundedCornerFrame=Rect(0, 0 - 0, 0), mPrivacyIndicatorBounds=PrivacyIndicatorBounds {static bounds=Rect(956, 0 - 1080, 80) rotation=0}, mDisplayShape=DisplayShape{ spec=-311912193 displayWidth=1080 displayHeight=2340 physicalPixelDisplaySizeRatio=1.0 rotation=0 offsetX=0 offsetY=0 scale=1.0}, mSources= { InsetsSource: {e9af0005 mType=mandatorySystemGestures mFrame=[0,0][1080,114] mVisible=true mFlags= mSideHint=TOP mBoundingRects=null}, InsetsSource: {27 mType=displayCutout mFrame=[0,0][1080,80] mVisible=true mFlags= mSideHint=TOP mBoundingRects=null}, InsetsSource: {26ed0001 mType=navigationBars mFrame=[0,2298][1080,2340] mVisible=true mFlags=SUPPRESS_SCRIM mSideHint=BOTTOM mBoundingRects=null}, InsetsSource: {26ed0004 mType=systemGestures mFrame=[0,0][84,2340] mVisible=true mFlags= mSideHint=LEFT mBoundingRects=null}, InsetsSource: {26ed0005 mType=mandatorySystemGestures mFrame=[0,2250][1080,2340] mVisible=true mFlags= mSideHint=BOTTOM mBoundingRects=null}, InsetsSource: {26ed0006 mType=tappableElement mFrame=[0,0][0,0] mVisible=true mFlags= mSideHint=NONE mBoundingRects=null}, InsetsSource: {26ed0024 mType=systemGestures mFrame=[996,0][1080,2340] mVisible=true mFlags= mSideHint=RIGHT mBoundingRects=null} }
03-02 00:57:39.156  2746  2746 I VRI[VolumePanelWindow]@d67f95a: synced displayState. AttachInfo displayState=2
03-02 00:57:39.156  2746  2746 I VRI[VolumePanelWindow]@d67f95a: setView = com.android.internal.policy.DecorView@d2707c7 IsHRR=false mFlingFrameRateChange=0 TM=true
03-02 00:57:39.156 14885 15878 W NaviWarn: StackPtr is not 8-byte aligned.
03-02 00:57:39.157  2746  2746 D AppController: AppControlSensorListener.onSensorChanged, Rotation: 0
03-02 00:57:39.157  2746  2746 D AppController: AppControlSensorListener.onSensorChanged, Rotation: -1
03-02 00:57:39.157  1507  1507 E SurfaceFlinger: alpha changed 1.000 -> 0.000 - Surface(name=88ba56b com.podcast.app.debug/androidx.activity.ComponentActivity)/@0x7074799 - animation-leash of window_animation#156660
03-02 00:57:39.158  1507  1507 I SurfaceFlinger: [WindowToken{d73230c type=2020 android.os.BinderProxy@7bc7e3f}#156661] attach to parent LayerHierarchy{RequestedLayerState{Leaf:22:22#31 parentId=25 z=3} 1 children}
03-02 00:57:39.158  1507  1507 I SurfaceFlinger: [5fbc455 VolumePanelWindow#156662] attach to parent LayerHierarchy{RequestedLayerState{WindowToken{d73230c type=2020 android.os.BinderProxy@7bc7e3f}#156661 parentId=31} 1 children}
03-02 00:57:39.158  1507  1507 I SurfaceFlinger: [Dim Layer for - Task=44896#156663] attach to parent LayerHierarchy{RequestedLayerState{Task=44896#156640 parentId=10 z=41} 2 children}
03-02 00:57:39.158  2746  2746 W WindowOnBackDispatcher: sendCancelIfRunning: isInProgress=false callback=android.app.Dialog$$ExternalSyntheticLambda4@66ca505
03-02 00:57:39.159  1507  1507 I Layer   : id=156649 Destroyed Surface(name=c536234 NavigationBar0)/@0xfac847b - animation-leash of insets_animation#156649
03-02 00:57:39.162  2013  2253 I WindowManager: Relayout Window{5fbc455 u0 VolumePanelWindow}: viewVisibility=0 req=223x712 ty=2020 d0
03-02 00:57:39.163  1507  2128 I SurfaceFlinger: id=156664 createSurf, flag=44004, VolumePanelWindow$_2746#156664
03-02 00:57:39.165 14885 17072 W System.err: FlagsHookHelper: skip hook flags method getInstanceHook
03-02 00:57:39.166  2013  2253 I WindowManager: Relayout hash=5fbc455, pid=2746, syncId=-1: mAttrs={(0,557)(wrapxwrap) gr=TOP RIGHT CENTER sim={adjust=pan forwardNavigation} ty=VOLUME_OVERLAY fmt=TRANSPARENT wanim=0xffffffff surfaceInsets=Rect(6, 6 - 6, 6)
03-02 00:57:39.166  2013  2253 I WindowManager:   fl=58c0528
03-02 00:57:39.166  2013  2253 I WindowManager:   pfl=10000880
03-02 00:57:39.166  2013  2253 I WindowManager:   vsysui=500
03-02 00:57:39.166  2013  2253 I WindowManager:   bhv=2
03-02 00:57:39.166  2013  2253 I WindowManager:   fitTypes=2
03-02 00:57:39.166  2013  2253 I WindowManager:   frameRateBoostOnTouch=true
03-02 00:57:39.166  2013  2253 I WindowManager:   dvrrWindowFrameRateHint=true
03-02 00:57:39.166  2013  2253 I WindowManager:  dimAmount=0.65 dimDuration=150 naviIconColor=0}
03-02 00:57:39.168  2746  2746 D BufferQueueConsumer: [](id:aba00001e34,api:0,p:-1,c:2746) connect: controlledByApp=false
03-02 00:57:39.168  2746  2746 I BLASTBufferQueue: [VRI[VolumePanelWindow]@d67f95a#7732](f:0,a:0,s:0) constructor()
03-02 00:57:39.169  1507  1507 I SurfaceFlinger: [Display 0 name="Built-in Screen"#49] setFrameRateCategory: High
03-02 00:57:39.169  1507  1507 I SurfaceFlinger: RequestedLayer [Surface(name=88ba56b com.podcast.app[...]ion-leash of window_animation#156660] hidden!! flag  from(1) --> to(0)
03-02 00:57:39.169  1507  1507 I SurfaceFlinger: RequestedLayer [com.podcast.app.debug/androidx.activity.ComponentActivity$_17121#156659] hidden!! flag  from(1) --> to(0)
03-02 00:57:39.169  1507  1507 I SurfaceFlinger: RequestedLayer [WindowToken{d73230c type=2020 android.os.BinderProxy@7bc7e3f}#156661] hidden!! flag  from(1) --> to(0)
03-02 00:57:39.169  1507  1507 I SurfaceFlinger: RequestedLayer [5fbc455 VolumePanelWindow#156662] hidden!! flag  from(1) --> to(0)
03-02 00:57:39.169  1507  1507 I SurfaceFlinger: RequestedLayer [Dim Layer for - Task=44896#156663] hidden!! flag  from(1) --> to(0)
03-02 00:57:39.169  1507  1507 E SurfaceFlinger: alpha changed 1.000 -> 0.000 - Dim Layer for - Task=44896#156663
03-02 00:57:39.169  1507  1507 E SurfaceFlinger: alpha changed 0.000 -> 0.029 - Surface(name=88ba56b com.podcast.app.debug/androidx.activity.ComponentActivity)/@0x7074799 - animation-leash of window_animation#156660
03-02 00:57:39.169  1507  1507 E SurfaceFlinger: alpha changed 0.000 -> 0.000 - Dim Layer for - Task=44896#156663
03-02 00:57:39.169  1507  1507 E SurfaceFlinger: alpha changed 0.000 -> 0.000 - Dim Layer for - Task=44896#156663
03-02 00:57:39.169  1507  1507 I SurfaceFlinger: [LayerHierarchy{RequestedLayerState{88ba56b com.podcast.app.debug/androidx.activity.ComponentActivity#156656 parentId=156660 z=1} 2 children}] reparent to LayerHierarchy{RequestedLayerState{Surface(name=88ba56b com.podcast.app.debug/androidx.activity.ComponentActivity)/@0x7074799 - animation-leash of window_animation#156660 parentId=156641 z=1} 1 children}
03-02 00:57:39.169  1507  1507 I SurfaceFlinger: [LayerHierarchy{RequestedLayerState{Dim Layer for - Task=44896#156663 parentId=156640 relativeParentId=156656 z=-1} no children}] reparent to LayerHierarchy{RequestedLayerState{Task=44896#156640 parentId=10 z=41} 2 children}
03-02 00:57:39.169  1507  1507 I SurfaceFlinger: [LayerHierarchy{RequestedLayerState{Dim Layer for - Task=44896#156663 parentId=156640 relativeParentId=156656 z=-1} no children}] RelativeParent to LayerHierarchy{RequestedLayerState{88ba56b com.podcast.app.debug/androidx.activity.ComponentActivity#156656 parentId=156660 z=1} 3 children}
03-02 00:57:39.169  1507  1507 I SurfaceFlinger: [VolumePanelWindow$_2746#156664] attach to parent LayerHierarchy{RequestedLayerState{5fbc455 VolumePanelWindow#156662 parentId=156661} 1 children}
03-02 00:57:39.171  2746  2746 I BLASTBufferQueue_Java: new BLASTBufferQueue, mName= VRI[VolumePanelWindow]@d67f95a mNativeObject= 0xb4000076e6681c00 caller= android.view.ViewRootImpl.updateBlastSurfaceIfNeeded:3585 android.view.ViewRootImpl.relayoutWindow:11685 android.view.ViewRootImpl.performTraversals:4804 android.view.ViewRootImpl.doTraversal:3924 android.view.ViewRootImpl$TraversalRunnable.run:12903 android.view.Choreographer$CallbackRecord.run:1901 android.view.Choreographer$CallbackRecord.run:1910 android.view.Choreographer.doCallbacks:1367 android.view.Choreographer.doFrame:1292 android.view.Choreographer$FrameDisplayEventReceiver.run:1870
03-02 00:57:39.172  2746  2746 I BLASTBufferQueue_Java: update, w= 235 h= 724 mName = VRI[VolumePanelWindow]@d67f95a mNativeObject= 0xb4000076e6681c00 sc.mNativeObject= 0xb4000076ee01dc00 format= -2 caller= android.view.ViewRootImpl.updateBlastSurfaceIfNeeded:3590 android.view.ViewRootImpl.relayoutWindow:11685 android.view.ViewRootImpl.performTraversals:4804 android.view.ViewRootImpl.doTraversal:3924 android.view.ViewRootImpl$TraversalRunnable.run:12903 android.view.Choreographer$CallbackRecord.run:1901
03-02 00:57:39.172  2746  2746 I BLASTBufferQueue: [VRI[VolumePanelWindow]@d67f95a#7732](f:0,a:0,s:0) update width=235 height=724 format=-2 mTransformHint=0
03-02 00:57:39.173  2746  2746 I VRI[VolumePanelWindow]@d67f95a: Relayout returned: old=(0,80,1080,2298) new=(857,557,1080,1269) relayoutAsync=false req=(223,712)0 dur=7 res=0x3 s={true 0xb40000770f572800} ch=true seqId=0
03-02 00:57:39.174  2746  2746 I VRI[VolumePanelWindow]@d67f95a: performConfigurationChange setNightDimText nightDimLevel=0
03-02 00:57:39.174 14885 15878 W NaviWarn: StackPtr is not 8-byte aligned.
03-02 00:57:39.175  2746  2746 D VRI[VolumePanelWindow]@d67f95a: mThreadedRenderer.initialize() mSurface={isValid=true 0xb40000770f572800} hwInitialized=true
03-02 00:57:39.177  2746  2746 D VRI[VolumePanelWindow]@d67f95a: reportNextDraw android.view.ViewRootImpl.performTraversals:5443 android.view.ViewRootImpl.doTraversal:3924 android.view.ViewRootImpl$TraversalRunnable.run:12903 android.view.Choreographer$CallbackRecord.run:1901 android.view.Choreographer$CallbackRecord.run:1910
03-02 00:57:39.177  1507  1507 D SurfaceFlinger: Display 4627039422300187648 HWC layers:
03-02 00:57:39.177  1507  1507 D SurfaceFlinger:        DEVICE |           73534135074944 | 00002102 | RGBA_8888    |    0.0    0.0 1080.0 2340.0 |    0    0 1080 2340 | com.podcast.app.debug/androidx.activity.ComponentActivity$_17121#156646 (2)
03-02 00:57:39.177  1507  1507 D SurfaceFlinger:        DEVICE |           73534135074947 | 00002100 | RGBA_8888    |    0.0    0.0 1080.0  976.0 |    0  756 1080 1732 | com.podcast.app.debug/androidx.activity.ComponentActivity$_17121#156659 (2)
03-02 00:57:39.177  1507  1507 D SurfaceFlinger:        DEVICE |           11793980281879 | 00002100 | RGBA_8888    |    0.0    0.0 1080.0   80.0 |    0    0 1080   80 | StatusBar$_2746#117 (211185)
03-02 00:57:39.177  1507  1507 D SurfaceFlinger:        DEVICE |           13752485304097 | 00002100 | RGBA_8888    |    0.0    0.0   67.0  346.0 | 1013  454 1080  800 | com.sec.android.app.launcher/com.sam[...].app.CocktailBarService$_3202#152779 (1)
03-02 00:57:39.177  1507  1507 D SurfaceFlinger:        DEVICE |           11793980281862 | 00002100 | RGBA_8888    |    0.0    0.0 1080.0  135.0 |    0 2205 1080 2340 | NavigationBar0$_2746#113 (188152)
03-02 00:57:39.177  1507  1507 D SurfaceFlinger:
03-02 00:57:39.178  2746  2746 D VRI[VolumePanelWindow]@d67f95a: Setup new sync=wmsSync-VRI[VolumePanelWindow]@d67f95a#81
03-02 00:57:39.178  2746  2746 I VRI[VolumePanelWindow]@d67f95a: Creating new active sync group VRI[VolumePanelWindow]@d67f95a#82
03-02 00:57:39.178  2746  2746 D VRI[VolumePanelWindow]@d67f95a: registerCallbacksForSync syncBuffer=false
03-02 00:57:39.180  1507  1507 E SurfaceFlinger: alpha changed 0.000 -> 0.030 - Dim Layer for - Task=44896#156663
03-02 00:57:39.182  2746  2866 D VRI[VolumePanelWindow]@d67f95a: Received frameDrawingCallback syncResult=0 frameNum=1.
03-02 00:57:39.182  2746  2866 I VRI[VolumePanelWindow]@d67f95a: mWNT: t=0xb4000076ee175b00 mBlastBufferQueue=0xb4000076e6681c00 fn= 1 HdrRenderState mRenderHdrSdrRatio=1.0 caller= android.view.ViewRootImpl$12.onFrameDraw:15441 android.view.ThreadedRenderer$1.onFrameDraw:718 <bottom of call stack>
03-02 00:57:39.182  2746  2866 I VRI[VolumePanelWindow]@d67f95a: Setting up sync and frameCommitCallback
03-02 00:57:39.183  2013  2834 D InputDispatcher: Focus entered window (0): 88ba56b com.podcast.app.debug/androidx.activity.ComponentActivity
03-02 00:57:39.184 17121 17121 D VRI[ComponentActivity]@afbe2f6: mThreadedRenderer.initializeIfNeeded()#2 mSurface={isValid=true 0xb40000772b406c00}
03-02 00:57:39.184  2013  2067 I ChimeraSystemEventListener: appLaunchIntent package name is: com.podcast.app.debug.test
03-02 00:57:39.185 17121 17121 D InputMethodManagerUtils: startInputInner - Id : 0
03-02 00:57:39.185 17121 17121 I InputMethodManager: startInputInner - IInputMethodManagerGlobalInvoker.startInputOrWindowGainedFocus
03-02 00:57:39.187  1507  1507 D SurfaceFlinger: Display 4627039422300187648 HWC layers:
03-02 00:57:39.187  1507  1507 D SurfaceFlinger:        DEVICE |           73534135074944 | 00002102 | RGBA_8888    |    0.0    0.0 1080.0 2340.0 |    0    0 1080 2340 | com.podcast.app.debug/androidx.activity.ComponentActivity$_17121#156646 (2)
03-02 00:57:39.187  1507  1507 D SurfaceFlinger:   SOLID_COLOR |                        0 | 00000000 | N/A          |    0.0    0.0    0.0    0.0 |    0    0 1080 2340 | Dim Layer for - Task=44896#156663 (0)
03-02 00:57:39.187  1507  1507 D SurfaceFlinger:        DEVICE |           73534135074947 | 00002100 | RGBA_8888    |    0.0    0.0 1080.0  976.0 |    0  748 1080 1724 | com.podcast.app.debug/androidx.activity.ComponentActivity$_17121#156659 (2)
03-02 00:57:39.187  1507  1507 D SurfaceFlinger:        DEVICE |           11793980281879 | 00002100 | RGBA_8888    |    0.0    0.0 1080.0   80.0 |    0    0 1080   80 | StatusBar$_2746#117 (211185)
03-02 00:57:39.187  1507  1507 D SurfaceFlinger:        DEVICE |           13752485304097 | 00002100 | RGBA_8888    |    0.0    0.0   67.0  346.0 | 1013  454 1080  800 | com.sec.android.app.launcher/com.sam[...].app.CocktailBarService$_3202#152779 (1)
03-02 00:57:39.187  1507  1507 D SurfaceFlinger:        DEVICE |           11793980281862 | 00002100 | RGBA_8888    |    0.0
03-02 00:57:39.187  1507  1507 D SurfaceFlinger:   0.0 1080.0  135.0 |    0 2205 1080 2340 | NavigationBar0$_2746#113 (188152)
03-02 00:57:39.187  1507  1507 D SurfaceFlinger:
03-02 00:57:39.188  2746  2870 I BLASTBufferQueue: [VRI[VolumePanelWindow]@d67f95a#7732](f:0,a:0,s:0) onFrameAvailable the first frame is available
03-02 00:57:39.189  2746  2870 I BLASTBufferQueue: [VRI[VolumePanelWindow]@d67f95a#7732](f:0,a:1,s:0) acquireNextBufferLocked size=235x724 mFrameNumber=1 applyTransaction=true mTimestamp=491138188651657(auto) mPendingTransactions.size=0 graphicBufferId=11793980283769 transform=0
03-02 00:57:39.189  2746  2870 I VRI[VolumePanelWindow]@d67f95a: Received frameCommittedCallback lastAttemptedDrawFrameNum=1 didProduceBuffer=true
03-02 00:57:39.191  2746  2870 D HWUI    : CFMS:: SetUp Pid : 2746    Tid : 2870
03-02 00:57:39.192  2746  2746 D VRI[VolumePanelWindow]@d67f95a: reportDrawFinished seqId=0
03-02 00:57:39.192  2746  2746 D SecVolume.VolumePanelStore: dispatch [ACTION_CAPTION_COMPONENT_CHANGED with [STATE_SHOW], currentAction={isFromOutside : true, isCaptionComponentEnabled : true}, currentState={activeStream=3(vol=320), stream=3(vol=320) } isPendingState : true, isShowing : true, isHasVibrator : true, isVoiceCapable : true, isSetupWizardComplete : true, isCaptionComponentEnabled : true, isMediaDefaultEnabled : true, ringerModeInternal : 2, timeOutControlsText : 0, cutoutHeight : 0, iconTargetState : 1, pinDevice : 0, activeStream : 3, iconCurrentState : 1, timeOutControls : 0, timeOut : 3000, stream : 3, earProtectLevel : 909, systemTimeNow : 491138033}
03-02 00:57:39.193  2746  2746 D SecVolume.VolumePanelStore:   > New State : [STATE_CAPTION_COMPONENT_CHANGED]
03-02 00:57:39.193  2746  2746 D NavigationBar: onRotationProposal proposedRotation=-1, isValid=false, mNavBarWindowState=WINDOW_STATE_SHOWING, rotateSuggestionsDisabled=false, isRotateButtonVisible=false
03-02 00:57:39.193  2746  2746 D RotationButtonController: onRotationProposal unknown rotation
03-02 00:57:39.195  1464  1492 I mtkpower@impl: [setMode] type:5, enabled:1
03-02 00:57:39.195  2013  3441 I SemDvfsHyPerManager: acquire hyper - AMS_APP_SWITCH/2013@20, type = -999
03-02 00:57:39.196  1450  1487 I HYPER-HAL: [RequestManager.cpp]acquire(): Acquired ID : 2067581  [2013 / 20]    HINT : AMS_ACT_SWITCH    list :
03-02 00:57:39.196  1507  2128 I SurfaceFlinger: id=156665 createSurf, flag=24004, Task=44897#156665
03-02 00:57:39.196  1450  1487 I mtkpower_client: perf_lock_rel, hdl:76742, pid: 1450, tid:1487
03-02 00:57:39.196  1450  1487 I mtkpower_client: perf_lock_acq, hdl:0, dur:0, num:2, pid:1450, tid:1487
03-02 00:57:39.196  1464  1529 I libPowerHal: [perfLockRel] hdl:76742, idx:2
03-02 00:57:39.197  1464  1529 I libPowerHal: [PD] vendor.samsung. update cmd:1000000 param:-1 pr:6
03-02 00:57:39.197  1464  1529 I libPowerHal: [perfLockRel] Done for hdl : 76742
03-02 00:57:39.197  2013  2253 I RefreshRateTokenController: Adding refreshRateToken={ RefreshRateToken[->RefreshRateMinLimitToken:VolumePanelView, mRefreshRate:60 acquire at 491138196 (2 ms ago)}, caller=com.android.server.display.mode.RefreshRateController.createRefreshRateMinLimitToken:32 com.android.server.display.DisplayManagerService$BinderService.acquireRefreshRateMinLimitToken:29 android.hardware.display.IDisplayManager$Stub.onTransact:1936 android.os.Binder.execTransactInternal:1462 android.os.Binder.execTransact:1401
03-02 00:57:39.197  1450  1487 I mtkpower_client: ret_hdl:76743
03-02 00:57:39.197  1450  1487 I mtkpower_client: perf_lock_rel, hdl:76740, pid: 1450, tid:1487
03-02 00:57:39.197  1464  1529 I libPowerHal: [perfLockAcq] idx:8 hdl:76743 hint:-1 pid:1450 tid:1487 duration:0 lock_user:vendor.samsung. => ret_hdl:76743
03-02 00:57:39.197  1464  1529 I libPowerHal: [setDvfsrcDevFreqOpp] opp:0, freq:4266000000
03-02 00:57:39.197  1464  1529 I libPowerHal: [PE] vendor.samsung. update cmd:1000000 param:0 pr:3
03-02 00:57:39.197  1464  1529 I libPowerHal: [perfLockAcq] Done for hdl : 76743
03-02 00:57:39.198  1464  1529 I libPowerHal: [perfLockRel] hdl:76740, idx:6
03-02 00:57:39.198  1450  1487 I mtkpower_client: perf_lock_acq, hdl:0, dur:0, num:2, pid:1450, tid:1487
03-02 00:57:39.198  1464  1529 I libPowerHal: [PD] vendor.samsung. update cmd:400000 param:-1 pr:6
03-02 00:57:39.198  1464  1529 I libPowerHal: [recordCPUFreqInfo] set cluster[0] min(-1): -1 max(-1): -1 cluster[1] min(-1): -1 max(-1): -1
03-02 00:57:39.198  1464  1529 I libPowerHal: [perfLockRel] Done for hdl : 76740
03-02 00:57:39.199  1464  1529 I libPowerHal: [perfLockAcq] idx:2 hdl:76744 hint:-1 pid:1450 tid:1487 duration:0 lock_user:vendor.samsung. => ret_hdl:76744
03-02 00:57:39.199  1450  1487 I mtkpower_client: ret_hdl:76744
03-02 00:57:39.199  1464  1529 I libPowerHal: [PE] vendor.samsung. update cmd:400000 param:2000000 pr:3
03-02 00:57:39.199  2746  2746 D VolumePanelView: enableRefreshRateMinLimit
03-02 00:57:39.199  1464  1529 I libPowerHal: [recordCPUFreqInfo] set cluster[0] min(vendor.samsung.): 2000000 max(-1): -1 cluster[1] min(-1): -1 max(-1): -1
03-02 00:57:39.199  1464  1529 I libPowerHal: [perfLockAcq] Done for hdl : 76744
03-02 00:57:39.199  4784  4784 I SemDvfsHyPerManager: acquire hyper - APP_START_SHORT/4784@15, type = -999
03-02 00:57:39.200  2746  2870 D HWUI    : HWUI - treat SMPTE_170M as sRGB
03-02 00:57:39.200  1507  2128 I SurfaceFlinger: id=156666 createSurf, flag=84004, ActivityRecord{246200848 u0 com.podcast.app.debug.test/androidx.test.core.app.InstrumentationActivityInvoker$EmptyActivity t44897}#156666
03-02 00:57:39.200  1450  1487 I HYPER-HAL: [RequestManager.cpp]acquire(): Acquired ID : 11517615  [4784 / 15]    HINT : APP_START    list : [TIMEOUT / 1500]
03-02 00:57:39.200  2013  2834 D WindowManager: takeScreenshotToTargetWindow: display=0, target=2036, containsTarget=true, crop=Rect(909, 609 - 1027, 1200), w=118, h=591, useIdentityTransform=true, ignorePolicy=true, caller=com.android.server.wm.WindowManagerService.takeScreenshotToTargetWindowFromCapture:52 com.android.server.wm.WindowManagerService.takeScreenshotToTargetWindow:14 android.view.IWindowManager$Stub.onTransact:4171
03-02 00:57:39.202  1507  1507 I SurfaceFlinger: [Task=44897#156665] attach to parent LayerHierarchy{RequestedLayerState{DefaultTaskDisplayArea_d0#10 parentId=9} 46 children}
03-02 00:57:39.202  1507  1507 I SurfaceFlinger: [ActivityRecord{246200848 u0 com.podcast.app.debug.test/androidx.test.core.app.InstrumentationActivityInvoker$EmptyActivity t44897}#156666] attach to parent LayerHierarchy{RequestedLayerState{Task=44897#156665 parentId=10} 1 children}
03-02 00:57:39.204  2746  2808 I ViewRootImpl: dVRR is disabled
03-02 00:57:39.205 14636 14636 D WM-SystemJobService: onStopJob for WorkGenerationalId(workSpecId=f23029b8-b7a3-4a93-aaf6-b7c7a26dfe9e, generation=0)
03-02 00:57:39.205  2746  2870 D NativeCustomFrequencyManager: [NativeCFMS] BpCustomFrequencyManager::BpCustomFrequencyManager()
03-02 00:57:39.206  1445  2902 W C2MtkBufferManager: [0xB4000070F507E520] fetchNewCcBlock: wait fence 0x0xb4000070f5058270 timed out. ret 110
03-02 00:57:39.206  2013  4835 I SemDvfsHyPerManager: acquire hyper - AMS_APP_LAUNCH/2013@17, type = -999
03-02 00:57:39.206  1450  1487 I HYPER-HAL: [RequestManager.cpp]acquire(): Acquired ID : 2061482  [2013 / 17]    HINT : AMS_APP_LAUNCH    list :
03-02 00:57:39.207  2746  2798 D ShellDesktopMode: handleRequest: TransitionRequestInfo {type=1, tid=44897, debugId=11299}
03-02 00:57:39.207  4784  4784 I SemDvfsHyPerManager: acquire hyper - APP_START/4784@17, type = -999
03-02 00:57:39.207  1450  1487 I HYPER-HAL: [RequestManager.cpp]acquire(): Acquired ID : 11527218  [4784 / 17]    HINT : APP_START    list :
03-02 00:57:39.207 14636 15263 D WM-Processor: WorkerWrapper interrupted for f23029b8-b7a3-4a93-aaf6-b7c7a26dfe9e
03-02 00:57:39.207 14636 15263 D WM-StopWorkRunnable: StopWorkRunnable for f23029b8-b7a3-4a93-aaf6-b7c7a26dfe9e; Processor.stopWork = true
03-02 00:57:39.207  2013  3345 D InputTransport: Input channel constructed: '2136f7d', fd=1074
03-02 00:57:39.207  2013  3345 D InputTransport: Input channel constructed: '2136f7d', fd=1100
03-02 00:57:39.208 17121 17121 D LifecycleMonitor: Lifecycle status change: androidx.activity.ComponentActivity@950740c in: PAUSED
03-02 00:57:39.208 17121 17121 V ActivityScenario: Update currentActivityStage to PAUSED, currentActivity=androidx.activity.ComponentActivity@950740c
03-02 00:57:39.208  2013  3345 D InputTransport: Input channel constructed: '2136f7d', fd=1119
03-02 00:57:39.208  2013  3345 D InputTransport: Input channel destroyed: '2136f7d', fd=1100
03-02 00:57:39.208  2013  2322 I ImeTracker: com.podcast.app.debug:faf2fac9: onRequestHide at ORIGIN_SERVER reason HIDE_UNSPECIFIED_WINDOW fromUser false
03-02 00:57:39.209  1507  2128 I SurfaceFlinger: id=156667 createSurf, flag=84004, 2136f7d Splash Screen com.podcast.app.debug.test#156667
03-02 00:57:39.210  2013  3345 D InputTransport: Input channel destroyed: '2136f7d', fd=1119
03-02 00:57:39.210  2746  2808 D InputTransport: Input channel constructed: '2136f7d', fd=707
03-02 00:57:39.211  2746  2808 I InsetsController: onStateChanged: host=Splash Screen com.podcast.app.debug.test, from=android.view.ViewRootImpl.onInsetsStateChanged:3026, state=InsetsState: {mDisplayFrame=Rect(0, 0 - 1080, 2340), mDisplayCutout=DisplayCutout{insets=Rect(0, 80 - 0, 0) waterfall=Insets{left=0, top=0, right=0, bottom=0} boundingRect={Bounds=[Rect(0, 0 - 0, 0), Rect(472, 0 - 608, 80), Rect(0, 0 - 0, 0), Rect(0, 0 - 0, 0)]} cutoutPathParserInfo={CutoutPathParserInfo{displayWidth=1080 displayHeight=2340 physicalDisplayWidth=1080 physicalDisplayHeight=2340 density={2.8125} cutoutSpec={M 0,0 H -24.177777778 V 28.4444444444 H 24.177777778 V 0 H 0 Z @dp} rotation={0} scale={1.0} physicalPixelDisplaySizeRatio={1.0}}} sideOverrides={}}, mRoundedCorners=RoundedCorners{[RoundedCorner{position=TopLeft, radius=113, center=Point(113, 113)}, RoundedCorner{position=TopRight, radius=113, center=Point(967, 113)}, RoundedCorner{position=BottomRight, radius=113, center=Point(967, 2227)}, RoundedCorner{position=BottomLeft, radius=113, center=Point(113, 2227)}]}  mRoundedCornerFrame=Rect(0, 0 - 1080, 2340), mPrivacyIndicatorBounds=PrivacyIndicatorBounds {static bounds=Rect(956, 0 - 1080, 80) rotation=0}, mDisplayShape=DisplayShape{ spec=-311912193 displayWidth=1080 displayHeight=2340 physicalPixelDisplaySizeRatio=1.0 rotation=0 offsetX=0 offsetY=0 scale=1.0}, mSources= { InsetsSource: {e9af0000 mType=statusBars mFrame=[0,0][1080,80] mVisible=true mFlags= mSideHint=TOP mBoundingRects=null}, InsetsSource: {e9af0005 mType=mandatorySystemGestures mFrame=[0,0][1080,114] mVisible=true mFlags= mSideHint=TOP mBoundingRects=null}, InsetsSource: {e9af0006 mType=tappableElement mFrame=[0,0][1080,80] mVisible=true mFlags= mSideHint=TOP mBoundingRects=null}, InsetsSource: {27 mType=displayCutout mFrame=[0,0][1080,80] mVisible=true mFlags= mSideHint=TOP mBoundingRects=null}, InsetsSource: {26ed0001 mType=navigationBars mFrame=[0,2298][1080,2340] mVisible=true mFlags=SUPPRESS_SCRIM mSideHint=BOTTOM mBoundingRects=null}, InsetsSource: {26ed0004 mType=systemGestures mFrame=[0,0][84,2340] mVisible=true mFlags= mSideHint=LEFT mBoundingRects=null}, InsetsSource: {26ed0005 mType=mandatorySystemGestures mFrame=[0,2250][1080,2340] mVisible=true mFlags= mSideHint=BOTTOM mBoundingRects=null}, InsetsSource: {26ed0006 mType=tappableElement mFrame=[0,0][0,0] mVisible=true mFlags= mSideHint=NONE mBoundingRects=null}, InsetsSource: {26ed0024 mType=systemGestures mFrame=[996,0][1080,2340] mVisible=true mFlags= mSideHint=RIGHT mBoundingRects=null} }
03-02 00:57:39.212  2746  2808 I VRI[test]@6425efe: onActiveControlsChanged, removed=false, mAdded=true, caller=android.view.ViewRootImpl.handleInsetsControlChanged:3002 android.view.ViewRootImpl.setView:2014 android.view.WindowManagerGlobal.addView:604 com.android.wm.shell.startingsurface.SplashscreenWindowCreator.addWindow:38 com.android.wm.shell.startingsurface.StartingWindowController$$ExternalSyntheticLambda4.run:1365
03-02 00:57:39.212  2746  2808 I VRI[test]@6425efe: synced displayState. AttachInfo displayState=2
03-02 00:57:39.212  2746  2808 I VRI[test]@6425efe: setView = android.widget.FrameLayout@33dd398 IsHRR=false mFlingFrameRateChange=0 TM=true
03-02 00:57:39.212  2746  2870 D HWUI    : HWUI - treat SMPTE_170M as sRGB
03-02 00:57:39.213  1507  1507 I SurfaceFlinger: [2136f7d Splash Screen com.podcast.app.debug.test#156667] attach to parent LayerHierarchy{RequestedLayerState{ActivityRecord{246200848 u0 com.podcast.app.debug.test/androidx.test.core.app.InstrumentationActivityInvoker$EmptyActivity t44897}#156666 parentId=156665} 1 children}
03-02 00:57:39.216  3506  3506 E pageboostd: Received HALT command code 2
03-02 00:57:39.218  2013  2253 D GraphicsStatsService: requestRenderEngineFor(com.podcast.app.debug.test)
03-02 00:57:39.218 14636 15217 I WM-WorkerWrapper: Work [ id=f23029b8-b7a3-4a93-aaf6-b7c7a26dfe9e, tags={ com.urbanairship.job.AirshipWorker,airship } ] was cancelled
03-02 00:57:39.218 14636 15217 I WM-WorkerWrapper: androidx.work.impl.WorkerStoppedException
03-02 00:57:39.218 14636 15217 I WM-WorkerWrapper: 	at o.setEnabledWhenDeviceHasQuirk.AnimatedBarChartKtAnimatedBarChart1112(:348)
03-02 00:57:39.218 14636 15217 I WM-WorkerWrapper: 	at o.MutableConfig.AnimatedBarChartKtAnimatedBarChart1(:439)
03-02 00:57:39.218 14636 15217 I WM-WorkerWrapper: 	at o.MutableConfig.AnimatedBarChartKtAnimatedBarChart1112(:259)
03-02 00:57:39.218 14636 15217 I WM-WorkerWrapper: 	at o.getUseCaseInfo.run(:49)
03-02 00:57:39.218 14636 15217 I WM-WorkerWrapper: 	at o.TagBundle$Architecture.run(:96)
03-02 00:57:39.218 14636 15217 I WM-WorkerWrapper: 	at java.util.concurrent.ThreadPoolExecutor.runWorker(ThreadPoolExecutor.java:1154)
03-02 00:57:39.218 14636 15217 I WM-WorkerWrapper: 	at java.util.concurrent.ThreadPoolExecutor$Worker.run(ThreadPoolExecutor.java:652)
03-02 00:57:39.218 14636 15217 I WM-WorkerWrapper: 	at java.lang.Thread.run(Thread.java:1563)
03-02 00:57:39.220  2013  4844 D InputDispatcher: Focused application(0): ActivityRecord{246200848 u0 com.podcast.app.debug.test/androidx.test.core.app.InstrumentationActivityInvoker$EmptyActivity t44897}
03-02 00:57:39.220 14636 15217 D WM-WorkerWrapper: Status for f23029b8-b7a3-4a93-aaf6-b7c7a26dfe9e is RUNNING; not doing any work and rescheduling for later execution
03-02 00:57:39.221 14636 14636 D WM-Processor: MutableConfig f23029b8-b7a3-4a93-aaf6-b7c7a26dfe9e executed; reschedule = true
03-02 00:57:39.223  1507  2128 I SurfaceFlinger: id=156668 createSurf, flag=24000, Surface(name=c536234 NavigationBar0)/@0xfac847b - animation-leash of insets_animation#156668
03-02 00:57:39.224  1507  1507 I SurfaceFlinger: [Surface(name=c536234 NavigationBar0)/@0xfac847b - animation-leash of insets_animation#156668] attach to parent LayerHierarchy{RequestedLayerState{WindowToken{5cf38d1 type=2019 android.os.BinderProxy@916675b}#101 parentId=34} 2 children}
03-02 00:57:39.225  1507  2128 I SurfaceFlinger: id=156669 createSurf, flag=24000, Surface(name=a5d3a68 StatusBar)/@0xd5726d6 - animation-leash of insets_animation#156669
03-02 00:57:39.225 14636 15217 D WM-GreedyScheduler: Cancelling work ID f23029b8-b7a3-4a93-aaf6-b7c7a26dfe9e
03-02 00:57:39.229 17121 17121 I InputMethodManager: handleMessage: setImeVisibility visible=false
03-02 00:57:39.229 17121 17121 D InsetsController: hide(ime(), fromIme=false)
03-02 00:57:39.229 17121 17121 I ImeTracker: com.podcast.app.debug:faf2fac9: onCancelled at PHASE_CLIENT_ALREADY_HIDDEN
03-02 00:57:39.231  2013  2065 D PkgPredictorService-SecIpmManagerServiceImpl: bg information pid:14885 uid:10350 pkgName:com.zhiliaoapp.musically
03-02 00:57:39.232  2013  2023 I system_server: Background concurrent mark compact GC freed 46MB AllocSpace bytes, 202(3940KB) LOS objects, 22% free, 165MB/213MB, paused 4.039ms,12.945ms total 762.067ms
03-02 00:57:39.232  1646 10643 I CameraService: onUidStateChanged: uid=10492, procState is changed. (8 -> 19)
03-02 00:57:39.233 14636 15217 W JobInfo : Requested important-while-foreground flag for job3703 is ignored and takes no effect
03-02 00:57:39.234 14636 15217 D WM-SystemJobScheduler: Scheduling work ID f23029b8-b7a3-4a93-aaf6-b7c7a26dfe9eJob ID 3703
03-02 00:57:39.235  1507  1507 I SurfaceFlinger: [LayerHierarchy{RequestedLayerState{ImeContainer#15 parentId=156641 relativeParentId=156641 z=1} 1 children}] RelativeParent to null
03-02 00:57:39.235  1507  1507 I SurfaceFlinger: [LayerHierarchy{RequestedLayerState{c536234 NavigationBar0#102 parentId=156668} 1 children}] reparent to LayerHierarchy{RequestedLayerState{Surface(name=c536234 NavigationBar0)/@0xfac847b - animation-leash of insets_animation#156668 parentId=101} 1 children}
03-02 00:57:39.235  1507  1507 I SurfaceFlinger: [LayerHierarchy{RequestedLayerState{a5d3a68 StatusBar#109 parentId=156669} 1 children}] reparent to LayerHierarchy{RequestedLayerState{Surface(name=a5d3a68 StatusBar)/@0xd5726d6 - animation-leash of insets_animation#156669 parentId=108} 1 children}
03-02 00:57:39.235  1507  1507 I SurfaceFlinger: [LayerHierarchy{RequestedLayerState{Surface(name=a5d3a68 StatusBar)/@0xd5726d6 - animation-leash of insets_animation#156658} no children}] reparent to OffscreenRoot
03-02 00:57:39.235  1507  1507 I SurfaceFlinger: [LayerHierarchy{RequestedLayerState{Surface(name=a5d3a68 StatusBar)/@0xd5726d6 - animation-leash of insets_animation#156658} no children}] RelativeParent to null
03-02 00:57:39.236  1507  1507 I SurfaceFlinger: [LayerHierarchy{RequestedLayerState{Surface(name=c536234 NavigationBar0)/@0xfac847b - animation-leash of insets_animation#156657} no children}] reparent to OffscreenRoot
03-02 00:57:39.236  1507  1507 I SurfaceFlinger: [LayerHierarchy{RequestedLayerState{Surface(name=c536234 NavigationBar0)/@0xfac847b - animation-leash of insets_animation#156657} no children}] RelativeParent to null
03-02 00:57:39.236  1507  1507 I SurfaceFlinger: [Surface(name=a5d3a68 StatusBar)/@0xd5726d6 - animation-leash of insets_animation#156669] attach to parent LayerHierarchy{RequestedLayerState{WindowToken{d05298b type=2000 android.os.BinderProxy@163b705}#108 parentId=17} 1 children}
03-02 00:57:39.241  3202  3977 I HoneySpace.RecentTasks: onRecentTasksChanged
03-02 00:57:39.241  2013  3345 I WindowManager: Relayout Window{2136f7d u0 Splash Screen com.podcast.app.debug.test}: viewVisibility=0 req=1080x2340 ty=3 d0
03-02 00:57:39.241  3202  3386 I HoneySpace.TopTaskSource: onTaskMovedToFront : taskId = 44897, displayId = 0
03-02 00:57:39.241  3202 15778 I HoneySpace.RecentTasks: onRecentTasksChanged
03-02 00:57:39.242  3202  3390 I HoneySpace.TopTaskUseCase: topTasks 44897 ComponentInfo{com.podcast.app.debug.test/androidx.test.core.app.InstrumentationActivityInvoker$EmptyActivity}[displayId=0]
03-02 00:57:39.242  1507  2393 I SurfaceFlinger: id=156670 createSurf, flag=44004, Splash Screen com.podcast.app.debug.test$_2746#156670
03-02 00:57:39.244 14885 14885 D BBA2    : setIsFg isFg = false; delayValue 3999ms
03-02 00:57:39.245  2013  2322 D InputTransport: Input channel constructed: 'ClientS', fd=1100
03-02 00:57:39.245  5235  5235 I HBD     : HoneyBoardService onFinishInput
03-02 00:57:39.245  2013  3345 I WindowManager: Relayout hash=2136f7d, pid=2746, syncId=-1: mAttrs={(0,0)(fillxfill) sim={adjust=pan} layoutInDisplayCutoutMode=always ty=APPLICATION_STARTING fmt=TRANSLUCENT
03-02 00:57:39.245  2013  3345 I WindowManager:   fl=81030118
03-02 00:57:39.245  2013  3345 I WindowManager:   pfl=10000810
03-02 00:57:39.245  2013  3345 I WindowManager:   apr=18
03-02 00:57:39.245  2013  3345 I WindowManager:   bhv=1
03-02 00:57:39.245  2013  3345 I WindowManager:   fitSides=0
03-02 00:57:39.245  2013  3345 I WindowManager:   frameRateBoostOnTouch=true
03-02 00:57:39.245  2013  3345 I WindowManager:   dvrrWindowFrameRateHint=true naviIconColor=0}
03-02 00:57:39.245  2013  2834 D WindowManager: takeScreenshotToTargetWindow: targetSurface=null, sourceCrop=Rect(909, 609 - 1027, 1200)
03-02 00:57:39.246  5235  5235 I HBD     : a IC have been unbinding,  RemoteInputConnection{idHash=#679896d}
03-02 00:57:39.246  5235  5235 I HBD     : HoneyBoardService [PF_CL][onFinishInput]  1 ms
03-02 00:57:39.246  5235  5235 I HBD     : HoneyBoardService [IMI] onStartInput - caller pid : 17121 , caller uid : 10685
03-02 00:57:39.246  5235  5235 I HBD     : k updateConfigs
03-02 00:57:39.246  5235  5235 I HBD     : k isEnabledNightMode : true
03-02 00:57:39.246  5235  5235 I HBD     : a IC have been binding, RemoteInputConnection{idHash=#679896d}
03-02 00:57:39.246  5235  5235 I HBD     : h [EditorInputType]setPrivateImeOptionsToTable privateImeOptions ( null )
03-02 00:57:39.246  5235  5235 I HBD     : b incognitoMode : false
03-02 00:57:39.246  5235  5235 I HBD     : c needOff = true , isForceOff = false, isNullInputClass : true
03-02 00:57:39.246  1507  1507 I SurfaceFlinger: [Splash Screen com.podcast.app.debug.test$_2746#156670] attach to parent LayerHierarchy{RequestedLayerState{2136f7d Splash Screen com.podcast.app.debug.test#156667 parentId=156666} 1 children}
03-02 00:57:39.247  5235  5235 I HBD     : h getDefaultInputRange : UNKNOWN
