03-02 00:57:17.507  5235 18398 I HBD     : l writeToFile path : /data/user_de/0/com.samsung.android.honeyboard/files/selected.json
03-02 00:57:17.507  5235  5235 I HBD     : n updateActionOptionFromPreference isCover = false
03-02 00:57:17.507  5235 18398 I HBD     : l writeToFile json : {"version":"4.2","currentLanguageOrder":0,"selected":[{"activeOptionList":["auto_replace","auto_spacing","writing_assistant","prediction"],"bilingualId":-1,"engName":"English","id":65538,"inputType":"qwerty","isUsed":true},{"activeOptionList":["auto_replace","auto_spacing","prediction"],"bilingualId":-1,"engName":"Arabic","id":5308416,"inputType":"qwerty","isUsed":true}]}
03-02 00:57:17.507  5235  5235 I HBD     : n before lang.activeOptionList =  [auto_replace, auto_spacing, writing_assistant, prediction]
03-02 00:57:17.508  1484  9961 V APM_AudioPolicyManager: checkAndSetVolume: output 29, stream 3, index 3, devices 0x2, volume 0.010300, delayMs 0, muted false
03-02 00:57:17.511  5235  5235 I HBD     : n after lang.activeOptionList = [auto_replace, auto_spacing, writing_assistant, prediction]
03-02 00:57:17.511  2991  3778 D SatelliteController: isInCarrierRoamingNbIotNtn: satellite is disabled
03-02 00:57:17.511  5235 18398 I HBD     : l writeToFile complete
03-02 00:57:17.512  1445  2902 W C2MtkBufferManager: [0xB4000070F507E520] fetchNewCcBlock: wait fence 0x0xb4000070f5058270 timed out. ret 110
03-02 00:57:17.513  2013  2013 D AS.AudioService: adjustStreamVolume() stream=3, dir=0, flags=4116, caller=android
03-02 00:57:17.513  2013  2600 I AS.AudioService: fine volume : l_volume_fine_key;index=32;device=2
03-02 00:57:17.514  2991  3004 I LocationAccessPolicy: checkLocationPermission - callingUid: 10492, callingPid: 14636, result: DENIED_SOFT
03-02 00:57:17.514  2991  3004 I LocationAccessPolicy: checkLocationPermission - callingUid: 10492, callingPid: 14636, result: DENIED_SOFT
03-02 00:57:17.514  3438  3438 I EPDG -- SIM0 [SMARTCELLULAR]: onSignalStrengthsChanged: SignalStrength:{mCdma=Invalid,mGsm=Invalid,mWcdma=Invalid,mTdscdma=Invalid,mLte=CellSignalStrengthLte: rssi=-109 rsrp=-108 rsrq=-8 rssnr=5 cqiTableIndex=2147483647 cqi=2147483647 ta=2147483647 level=3 parametersUseForLevel=0,mNr=Invalid,SignalBarInfo{ lteLevel=2 },rat=14,primary=CellSignalStrengthLte}
03-02 00:57:17.514  1484  9961 V APM_AudioPolicyManager: setAudioPolicyConfig: audioParam;l_volume_fine_key;index=32;device=1
03-02 00:57:17.514  1484  9961 V APM_AudioPolicyManager: setVolumeCurveIndex stream AUDIO_STREAM_MUSIC, device 0x00000001, index 3  muted 0
03-02 00:57:17.514  3438  4395 I EPDG -- SIM0 [SMARTCELLULAR]: lastLteRSRP is -108 currentLteRSRP is -108 lastLteRSRQ is -10 currentLteRSRQ is -8 lastLteSNR is 4 currentLteSNR is 5
03-02 00:57:17.515  1484  9961 V APM_AudioPolicyManager: getNewOutputDevices selected devices AUDIO_DEVICE_NONE
03-02 00:57:17.515  5235  5235 I HBD     : l writeToFile path : /data/user/0/com.samsung.android.honeyboard/files/selected.json
03-02 00:57:17.515  5235  5235 I HBD     : l writeToFile json : {"version":"4.2","currentLanguageOrder":0,"selected":[{"activeOptionList":["auto_replace","auto_spacing","writing_assistant","prediction"],"bilingualId":-1,"engName":"English","id":65538,"inputType":"qwerty","isUsed":true},{"activeOptionList":["auto_replace","auto_spacing","prediction"],"bilingualId":-1,"engName":"Arabic","id":5308416,"inputType":"qwerty","isUsed":true}]}
03-02 00:57:17.515  2013  3645 I WindowManager: Relayout Window{7d11da4 u0 Splash Screen com.podcast.app.debug}: viewVisibility=8 req=1080x2340 ty=3 d0
03-02 00:57:17.515  1484  9961 V APM_AudioPolicyManager: checkAndSetVolume: output 13, stream 3, index 3, devices 0x2, volume 0.010300, delayMs 0, muted false
03-02 00:57:17.517  1484  9961 V APM_AudioPolicyManager: checkAndSetVolume: output 21, stream 3, index 3, devices 0x2, volume 0.010300, delayMs 0, muted false
03-02 00:57:17.517 14636 14636 D WM-SystemJobService: onStartJob for WorkGenerationalId(workSpecId=f23029b8-b7a3-4a93-aaf6-b7c7a26dfe9e, generation=0)
03-02 00:57:17.518  1484  9961 V APM_AudioPolicyManager: checkAndSetVolume: output 29, stream 3, index 3, devices 0x2, volume 0.010300, delayMs 0, muted false
03-02 00:57:17.519 14636 15263 D WM-Processor: MutableConfig: processing WorkGenerationalId(workSpecId=f23029b8-b7a3-4a93-aaf6-b7c7a26dfe9e, generation=0)
03-02 00:57:17.520  5235  5235 I HBD     : l writeToFile complete
03-02 00:57:17.520  2013  2600 I AS.AudioService: fine volume : l_volume_fine_key;index=32;device=1
03-02 00:57:17.521  5235  5235 I HBD     : m normal : updateLanguage : English
03-02 00:57:17.521  5235 18399 I HBD     : l Write selected lang for DE
03-02 00:57:17.521  5235 18399 I HBD     : l writeToFile path : /data/user_de/0/com.samsung.android.honeyboard/files/selected.json
03-02 00:57:17.521  5235 18399 I HBD     : l writeToFile json : {"version":"4.2","currentLanguageOrder":0,"selected":[{"activeOptionList":["auto_replace","auto_spacing","writing_assistant","prediction"],"bilingualId":-1,"engName":"English","id":65538,"inputType":"qwerty","isUsed":true},{"activeOptionList":["auto_replace","auto_spacing","prediction"],"bilingualId":-1,"engName":"Arabic","id":5308416,"inputType":"qwerty","isUsed":true}]}
03-02 00:57:17.521  5235  5235 I HBD     : g isCoverDisplay : false, cached selected json info : SelectedLanguageInfo(languageVersion=4.2, currentLanguageOrder=0, selectedLanguageList=[SelectedLanguage(id=65538, isUsed=true, engName=English, inputType=qwerty, activeOptionList=[auto_replace, auto_spacing, writing_assistant, prediction], bilingualId=-1), SelectedLanguage(id=5308416, isUsed=true, engName=Arabic, inputType=qwerty, activeOptionList=[auto_replace, auto_spacing, prediction], bilingualId=-1)])
03-02 00:57:17.522  5235  5235 I HBD     : g isCoverDisplay : false, cached selected json info : SelectedLanguageInfo(languageVersion=4.2, currentLanguageOrder=0, selectedLanguageList=[SelectedLanguage(id=65538, isUsed=true, engName=English, inputType=qwerty, activeOptionList=[auto_replace, auto_spacing, writing_assistant, prediction], bilingualId=-1), SelectedLanguage(id=5308416, isUsed=true, engName=Arabic, inputType=qwerty, activeOptionList=[auto_replace, auto_spacing, prediction], bilingualId=-1)])
03-02 00:57:17.522  2746  3672 I vol.Events: writeEvent active_stream_changed STREAM_MUSIC
03-02 00:57:17.522  5235  5235 I HBD     : n updateActionOptionFromPreference isCover = false
03-02 00:57:17.522  5235  5235 I HBD     : n before lang.activeOptionList =  [auto_replace, auto_spacing, writing_assistant, prediction]
03-02 00:57:17.522  5235  5235 I HBD     : n after lang.activeOptionList = [auto_replace, auto_spacing, writing_assistant, prediction]
03-02 00:57:17.523  5235  5235 I HBD     : l writeToFile path : /data/user/0/com.samsung.android.honeyboard/files/selected.json
03-02 00:57:17.523  5235  5235 I HBD     : l writeToFile json : {"version":"4.2","currentLanguageOrder":0,"selected":[{"activeOptionList":["auto_replace","auto_spacing","writing_assistant","prediction"],"bilingualId":-1,"engName":"English","id":65538,"inputType":"qwerty","isUsed":true},{"activeOptionList":["auto_replace","auto_spacing","prediction"],"bilingualId":-1,"engName":"Arabic","id":5308416,"inputType":"qwerty","isUsed":true}]}
03-02 00:57:17.524  5235 18399 I HBD     : l writeToFile complete
03-02 00:57:17.524  2013  4903 W system_server: Large reply transaction of 325152 bytes, interface descriptor android.app.IActivityTaskManager, code 26
03-02 00:57:17.525 14636 14636 D WM-WorkerWrapper: Starting work for com.urbanairship.job.AirshipWorker
03-02 00:57:17.526 14636 14636 V Ana Vodafone - UALib: AirshipWorker - Running job: JobInfo{action='ACTION_UPDATE_CHANNEL', airshipComponentName='com.urbanairship.channel.AirshipChannel', isNetworkAccessRequired=true, minDelayMs=0, conflictStrategy=2, initialBackOffMs=30000, extras={}, rateLimitIds=[]}, work Id: f23029b8-b7a3-4a93-aaf6-b7c7a26dfe9e run attempt: 292
03-02 00:57:17.526  2746  3672 I vol.Events: writeEvent level_changed STREAM_MUSIC 320
03-02 00:57:17.527 14636 14636 V Ana Vodafone - UALib: JobDispatcher - Running job: JobInfo{action='ACTION_UPDATE_CHANNEL', airshipComponentName='com.urbanairship.channel.AirshipChannel', isNetworkAccessRequired=true, minDelayMs=0, conflictStrategy=2, initialBackOffMs=30000, extras={}, rateLimitIds=[]}, run attempt: 292
03-02 00:57:17.527  2746  3672 D vol.VolumeDialogControl: onVolumeChangedW stream = 3, flags = 69649, lastAudibleStreamVolume = 320, changed = true, showUI = true, dualAudio = false, musicStreamState=[routedToHeadset=false, routedToBuds=false, routedToBuds3=false, routedToHomeMini=false, routedToMusicFrame=false, routedToHearingAid=false, remoteFixedVolume=false, remoteSpeaker=false]
03-02 00:57:17.528  2013  3645 I WindowManager: Relayout hash=7d11da4, pid=2746, syncId=-1: mAttrs={(0,0)(fillxfill) sim={adjust=pan} layoutInDisplayCutoutMode=always ty=APPLICATION_STARTING fmt=TRANSLUCENT wanim=0x1030317
03-02 00:57:17.528  2013  3645 I WindowManager:   fl=81030118
03-02 00:57:17.528  2013  3645 I WindowManager:   pfl=10000810
03-02 00:57:17.528  2013  3645 I WindowManager:   bhv=1
03-02 00:57:17.528  2013  3645 I WindowManager:   fitSides=0
03-02 00:57:17.528  2013  3645 I WindowManager:   frameRateBoostOnTouch=true
03-02 00:57:17.528  2013  3645 I WindowManager:   dvrrWindowFrameRateHint=true naviIconColor=0}
03-02 00:57:17.529 10943 10943 I AudioManagerWrapper: getCurrentMediaVolume() : current media volume is 4
03-02 00:57:17.529  5235  5235 I HBD     : l writeToFile complete
03-02 00:57:17.530  5019  5019 I [MCFDs]_IntentUtil: emitToConsumer - (BLUETOOTH_AUDIO_STATE) ACTION_ID_BLUETOOTH_AUDIO_VOLUME_CHANGED, consumer size=1
03-02 00:57:17.532 10943 10943 I DVFSHelper: onReceive() : SEM_VOLUME_CHANGED_ACTION has received
03-02 00:57:17.532 10943 10943 I DVFSHelper: onReceive() : changed volume level is 4
03-02 00:57:17.532  5235  5235 I HBD     : m normal : updateLanguage : English
03-02 00:57:17.532  2746  2808 I VRI[debug]@4c1db8f: onActiveControlsChanged, removed=false, mAdded=true, caller=android.view.ViewRootImpl.handleInsetsControlChanged:3002 android.view.ViewRootImpl.relayoutWindow:11629 android.view.ViewRootImpl.performTraversals:4804 android.view.ViewRootImpl.doTraversal:3924 android.view.ViewRootImpl$TraversalRunnable.run:12903
03-02 00:57:17.532  5235  5235 I HBD     : g isCoverDisplay : false, cached selected json info : SelectedLanguageInfo(languageVersion=4.2, currentLanguageOrder=0, selectedLanguageList=[SelectedLanguage(id=65538, isUsed=true, engName=English, inputType=qwerty, activeOptionList=[auto_replace, auto_spacing, writing_assistant, prediction], bilingualId=-1), SelectedLanguage(id=5308416, isUsed=true, engName=Arabic, inputType=qwerty, activeOptionList=[auto_replace, auto_spacing, prediction], bilingualId=-1)])
03-02 00:57:17.532  2746  2808 I BLASTBufferQueue: [VRI[debug]@4c1db8f#7701](f:0,a:1,s:0) destructor()
03-02 00:57:17.532  2746  2808 D BufferQueueConsumer: [VRI[debug]@4c1db8f#7701(BLAST Consumer)7701](id:aba00001e15,api:0,p:-1,c:2746) disconnect
03-02 00:57:17.533  5019  5019 I [MCFDs]_BudsDeviceObserver: updateDeviceVolume - 42 to 32
03-02 00:57:17.533  5235 18400 I HBD     : l Write selected lang for DE
03-02 00:57:17.533  2746  2808 I VRI[debug]@4c1db8f: Relayout returned: old=(0,0,1080,2340) new=(0,0,1080,2340) relayoutAsync=false req=(1080,2340)8 dur=28 res=0x2 s={false 0x0} ch=true seqId=0
03-02 00:57:17.533  2746  2808 D VRI[debug]@4c1db8f: Not drawing due to not visible. Reason=View.GONE
03-02 00:57:17.533  5235 18400 I HBD     : l writeToFile path : /data/user_de/0/com.samsung.android.honeyboard/files/selected.json
03-02 00:57:17.533  5235 18400 I HBD     : l writeToFile json : {"version":"4.2","currentLanguageOrder":0,"selected":[{"activeOptionList":["auto_replace","auto_spacing","writing_assistant","prediction"],"bilingualId":-1,"engName":"English","id":65538,"inputType":"qwerty","isUsed":true},{"activeOptionList":["auto_replace","auto_spacing","prediction"],"bilingualId":-1,"engName":"Arabic","id":5308416,"inputType":"qwerty","isUsed":true}]}
03-02 00:57:17.533  2746  2808 W WindowOnBackDispatcher: sendCancelIfRunning: isInProgress=false callback=android.view.ViewRootImpl$$ExternalSyntheticLambda16@a4109c6
03-02 00:57:17.534  2746  2808 I VRI[debug]@4c1db8f: dispatchDetachedFromWindow
03-02 00:57:17.534 10943 18401 I DVFSHelper: run() : beginning of thread for SEM_VOLUME_CHANGED_ACTION
03-02 00:57:17.534 10943 18401 I DVFSHelper: setCurrentMediaVolume() : current media volume is active, so need to boost cpu
03-02 00:57:17.534 10943 18401 I DVFSHelper: run() : end of thread for SEM_VOLUME_CHANGED_ACTION
03-02 00:57:17.535  5235  5235 I HBD     : g isCoverDisplay : false, cached selected json info : SelectedLanguageInfo(languageVersion=4.2, currentLanguageOrder=0, selectedLanguageList=[SelectedLanguage(id=65538, isUsed=true, engName=English, inputType=qwerty, activeOptionList=[auto_replace, auto_spacing, writing_assistant, prediction], bilingualId=-1), SelectedLanguage(id=5308416, isUsed=true, engName=Arabic, inputType=qwerty, activeOptionList=[auto_replace, auto_spacing, prediction], bilingualId=-1)])
03-02 00:57:17.535  5235  5235 I HBD     : g updateSelectedLanguageCache is succeeded. English
03-02 00:57:17.536  2746  3672 I SoundCraft.VolumeManager: updateVolumeState VolumeModel(volume=32, minVolume=0, maxVolume=150, device=2, enable=true, isBroadcast=false, isAllSoundMute=false, isZenMode=0, isZenModeDisabled=false, isSmartViewEnabled=false, isMusicShareEnabled=false, isDisallowAdjustVolume=false)
03-02 00:57:17.536  2746  3672 D VolumeSeekBar: [QP volume] updateVolumeModel model: VolumeModel(volume=32, minVolume=0, maxVolume=150, device=0, enable=true, isBroadcast=false, isAllSoundMute=false, isZenMode=0, isZenModeDisabled=false, isSmartViewEnabled=false, isMusicShareEnabled=false, isDisallowAdjustVolume=false) isTracking : false
03-02 00:57:17.536  2746  3672 D VolumeSeekBar: [QP volume] updateVolumeModel model: VolumeModel(volume=32, minVolume=0, maxVolume=150, device=0, enable=true, isBroadcast=false, isAllSoundMute=false, isZenMode=0, isZenModeDisabled=false, isSmartViewEnabled=false, isMusicShareEnabled=false, isDisallowAdjustVolume=false) isTracking : false
03-02 00:57:17.536  5235  5235 I HBD     : l writeToFile path : /data/user/0/com.samsung.android.honeyboard/files/selected.json
03-02 00:57:17.538  5235  5235 I HBD     : l writeToFile json : {"version":"4.2","currentLanguageOrder":0,"selected":[{"activeOptionList":["auto_replace","auto_spacing","writing_assistant","prediction"],"bilingualId":-1,"engName":"English","id":65538,"inputType":"qwerty","isUsed":true},{"activeOptionList":["auto_replace","auto_spacing","prediction"],"bilingualId":-1,"engName":"Arabic","id":5308416,"inputType":"qwerty","isUsed":true}]}
03-02 00:57:17.538  2746  3672 I vol.Events: writeEvent key STREAM_MUSIC 320
03-02 00:57:17.538  2746  2746 D SecVolume.VolumePanelStore: dispatch [ACTION_STATE_CHANGED with [STATE_UPDATE], currentAction={isFromOutside : true, isVoiceCapble : true, activeStream : 3}, currentState={activeStream=3(vol=420), stream=3(vol=420) } isPendingState : true, isHasVibrator : true, isVoiceCapable : true, isSetupWizardComplete : true, isCaptionComponentEnabled : true, isMediaDefaultEnabled : true, ringerModeInternal : 2, timeOutControlsText : 0, cutoutHeight : 0, iconTargetState : 2, pinDevice : 0, activeStream : 3, iconCurrentState : 2, timeOutControls : 0, timeOut : 3000, stream : 3, earProtectLevel : 909, systemTimeNow : 491110610}
03-02 00:57:17.539  2746  2746 D SecVolume.SmartViewInteractor: isSmartView=false
03-02 00:57:17.539  1646  2917 I CameraService: onUidStateChanged: uid=10062, procState is changed. (1 -> 0)
03-02 00:57:17.540  2746  2746 D SecVolume.VolumePanelStore:   > New State : [STATE_UPDATE]
03-02 00:57:17.540  2746  2746 D SecVolume.JSonLogger: applyVolumeRow 3: {"boolMap":{"ICON_ENABLED":false,"DYNAMIC":false,"VISIBILITY":true,"ICON_CLICKABLE":true,"MUTED":false,"SLIDER_ENABLED":true,"TRACKING":false,"ROUTED_TO_BLUETOOTH":false,"IMPORTANT":true,"ACTIVE_NOW":false},"intMap":{"ORIGINAL_PRIORITY":5,"PRIORITY":0,"LEVEL_MAX":15,"ICON_TYPE":3,"EAR_PROTECT_LEVEL":-1,"LEVEL":320,"REAL_LEVEL":320,"AUDIBLE_LEVEL":320,"LEVEL_MIN":0},"longMap":{"USER_ATTEMPT_TIME":490387300},"streamType":3,"stringMap":{"NAME_RES":"com.android.systemui:string/volumepanel_media","REMOTE_LABEL":"","DUAL_BT_DEVICE_ADDRESS":"","DUAL_BT_DEVICE_NAME":"","SMART_VIEW_LABEL":""}}
03-02 00:57:17.541  5235  5235 I HBD     : l writeToFile complete
03-02 00:57:17.541  2746  2746 D SecVolume.VolumePanelStore: dispatch [ACTION_PANEL_SHOW with [STATE_UPDATE], currentAction={isFromOutside : true}, currentState={activeStream=3(vol=320), stream=3(vol=320) } isPendingState : true, isHasVibrator : true, isVoiceCapable : true, isSetupWizardComplete : true, isCaptionComponentEnabled : true, isMediaDefaultEnabled : true, ringerModeInternal : 2, timeOutControlsText : 0, cutoutHeight : 0, iconTargetState : 2, pinDevice : 0, activeStream : 3, iconCurrentState : 2, timeOutControls : 0, timeOut : 3000, stream : 3, earProtectLevel : 909, systemTimeNow : 491116539}
03-02 00:57:17.542  5235  5235 I HBD     : g isCoverDisplay : false, cached selected json info : SelectedLanguageInfo(languageVersion=4.2, currentLanguageOrder=0, selectedLanguageList=[SelectedLanguage(id=65538, isUsed=true, engName=English, inputType=qwerty, activeOptionList=[auto_replace, auto_spacing, writing_assistant, prediction], bilingualId=-1), SelectedLanguage(id=5308416, isUsed=true, engName=Arabic, inputType=qwerty, activeOptionList=[auto_replace, auto_spacing, prediction], bilingualId=-1)])
03-02 00:57:17.543  5235 18402 I HBD     : l Write selected lang for DE
03-02 00:57:17.543  5235  5235 I HBD     : g updateSelectedLanguageCache is succeeded. English
03-02 00:57:17.543  5235 18402 I HBD     : l writeToFile path : /data/user_de/0/com.samsung.android.honeyboard/files/selected.json
03-02 00:57:17.543  5235 18402 I HBD     : l writeToFile json : {"version":"4.2","currentLanguageOrder":0,"selected":[{"activeOptionList":["auto_replace","auto_spacing","writing_assistant","prediction"],"bilingualId":-1,"engName":"English","id":65538,"inputType":"qwerty","isUsed":true},{"activeOptionList":["auto_replace","auto_spacing","prediction"],"bilingualId":-1,"engName":"Arabic","id":5308416,"inputType":"qwerty","isUsed":true}]}
03-02 00:57:17.544  5235  5235 I HBD     : l writeToFile path : /data/user/0/com.samsung.android.honeyboard/files/selected.json
03-02 00:57:17.544  5235  5235 I HBD     : l writeToFile json : {"version":"4.2","currentLanguageOrder":0,"selected":[{"activeOptionList":["auto_replace","auto_spacing","writing_assistant","prediction"],"bilingualId":-1,"engName":"English","id":65538,"inputType":"qwerty","isUsed":true},{"activeOptionList":["auto_replace","auto_spacing","prediction"],"bilingualId":-1,"engName":"Arabic","id":5308416,"inputType":"qwerty","isUsed":true}]}
03-02 00:57:17.544  2746  2746 D SecVolume.AudioManagerController: device=2, pinDevice=0, isSmartView=false, isAudioMirroring=false, isLeBroadcasting=false, isImportant=false
03-02 00:57:17.544  5235 18400 I HBD     : l writeToFile complete
03-02 00:57:17.544  2013  4903 D AS.AudioService: getPinAppInfo, device=0, pinappinfo=
03-02 00:57:17.545  2746  2746 D SecVolume.VolumePanelStore:   > New State : [STATE_SHOW]
03-02 00:57:17.547  2746  2746 D SemDlnaDevice: SemDlnaDevice name: null, ip: null, mac: , macFromArp: , netType: , uid: null, dlnaType : 0, isSwitchingDevice : false, uri : null, dlnaType : 0, dlnaSupportTypes : 0, connectionState : 0
03-02 00:57:17.547  5235  5235 I HBD     : l writeToFile complete
03-02 00:57:17.547  2746  2746 D SecVolume.VolumeInfraMediatorImpl: supportTvVolumeControl=false, screenSharing=false, supportTvVolumeControl=false, dlnaEnabled=false, validPlayerType=false
03-02 00:57:17.547  2013  4823 D SecContentProvider: query(), uri = 17 selection = isSettingsChangesAllowed
03-02 00:57:17.547  2746  2746 D VolumePanelView: addRows: rows=[STREAM_MUSIC(vol=320)]
03-02 00:57:17.548  2991  3004 I LocationAccessPolicy: checkLocationPermission - callingUid: 10492, callingPid: 14636, result: DENIED_SOFT
03-02 00:57:17.548  2991  3004 I LocationAccessPolicy: checkLocationPermission - callingUid: 10492, callingPid: 14636, result: DENIED_SOFT
03-02 00:57:17.549  5235 18403 I HBD     : l Write selected lang for DE
03-02 00:57:17.549  5235 18403 I HBD     : l writeToFile path : /data/user_de/0/com.samsung.android.honeyboard/files/selected.json
03-02 00:57:17.549  5235 18403 I HBD     : l writeToFile json : {"version":"4.2","currentLanguageOrder":0,"selected":[{"activeOptionList":["auto_replace","auto_spacing","writing_assistant","prediction"],"bilingualId":-1,"engName":"English","id":65538,"inputType":"qwerty","isUsed":true},{"activeOptionList":["auto_replace","auto_spacing","prediction"],"bilingualId":-1,"engName":"Arabic","id":5308416,"inputType":"qwerty","isUsed":true}]}
03-02 00:57:17.549  5235  5235 I HBD     : a [UpdatePolicy] [post] a: 31 cl: 65538 kit: [0/0] vt: 0 ir: 1
03-02 00:57:17.550  5235  5235 I HBD     : HoneyBoardService [PF_OP][onStartInput]  76 ms
03-02 00:57:17.550  2013  3645 D InputTransport: Input channel destroyed: '7d11da4', fd=964
03-02 00:57:17.550  2746  3672 D vol.VolumeDialogControl: onVolumeChangedW stream = 3, flags = 4112, lastAudibleStreamVolume = 320, changed = false, showUI = false, dualAudio = false, musicStreamState=[routedToHeadset=false, routedToBuds=false, routedToBuds3=false, routedToHomeMini=false, routedToMusicFrame=false, routedToHearingAid=false, remoteFixedVolume=false, remoteSpeaker=false]
03-02 00:57:17.550  2013  4823 D SecContentProvider: query(), uri = 17 selection = isSettingsChangesAllowed
03-02 00:57:17.551  2013  4829 D AS.AudioService: forceVolumeControlStream(3)
03-02 00:57:17.551  2013  4903 D SecContentProvider: query(), uri = 17 selection = isSettingsChangesAllowed
03-02 00:57:17.552  5235 18403 I HBD     : l writeToFile complete
03-02 00:57:17.552  1507  1507 I SurfaceFlinger: RequestedLayer [Surface(name=2141cda InputMethod)/@0[...]ion-leash of insets_animation#155969] hidden!! flag  from(1) --> to(0)
03-02 00:57:17.552  1507  1507 E SurfaceFlinger: alpha changed 1.000 -> 0.000 - Surface(name=2141cda InputMethod)/@0x5ea0b56 - animation-leash of insets_animation#155969
03-02 00:57:17.552  1507  1507 I SurfaceFlinger: RequestedLayer [Splash Screen com.podcast.app.debug$_2746#155958] hidden!! flag  from(0) --> to(1)
03-02 00:57:17.552  1507  1507 I SurfaceFlinger: [LayerHierarchy{RequestedLayerState{ImeContainer#15 parentId=155956 relativeParentId=155956 z=3} 1 children}] reparent to LayerHierarchy{RequestedLayerState{ActivityRecord{98768518 u0 com.podcast.app.debug/androidx.activity.ComponentActivity t44868}#155956 parentId=155955} 4 children}
03-02 00:57:17.552  1507  1507 I SurfaceFlinger: [LayerHierarchy{RequestedLayerState{ImeContainer#15 parentId=155956 relativeParentId=155956 z=3} 1 children}] RelativeParent to null
03-02 00:57:17.552  1507  1507 I SurfaceFlinger: [LayerHierarchy{RequestedLayerState{2141cda InputMethod#159 parentId=155969} no children}] reparent to LayerHierarchy{RequestedLayerState{Surface(name=2141cda InputMethod)/@0x5ea0b56 - animation-leash of insets_animation#155969 parentId=143} 1 children}
03-02 00:57:17.552  1507  1507 I SurfaceFlinger: [LayerHierarchy{RequestedLayerState{Surface(name=2141cda InputMethod)/@0x5ea0b56 - animation-leash of insets_animation#155954} no children}] reparent to OffscreenRoot
03-02 00:57:17.552  1507  1507 I SurfaceFlinger: [LayerHierarchy{RequestedLayerState{Surface(name=2141cda InputMethod)/@0x5ea0b56 - animation-leash of insets_animation#155954} no children}] RelativeParent to null
03-02 00:57:17.552  1507  1507 I SurfaceFlinger: [LayerHierarchy{RequestedLayerState{ActivityRecord{116444417 u0 com.podcast.app.debug.test/androidx.test.core.app.InstrumentationActivityInvoker$EmptyActivity t44867}#155919} 1 children}] reparent to OffscreenRoot
03-02 00:57:17.552  1507  1507 I SurfaceFlinger: [LayerHierarchy{RequestedLayerState{ActivityRecord{116444417 u0 com.podcast.app.debug.test/androidx.test.core.app.InstrumentationActivityInvoker$EmptyActivity t44867}#155919} 1 children}] RelativeParent to null
03-02 00:57:17.552  1507  1507 I SurfaceFlinger: [LayerHierarchy{RequestedLayerState{Task=44867#155918 z=40} no children}] reparent to OffscreenRoot
03-02 00:57:17.552  1507  1507 I SurfaceFlinger: [LayerHierarchy{RequestedLayerState{Task=44867#155918 z=40} no children}] RelativeParent to null
03-02 00:57:17.553  1507  1507 I SurfaceFlinger: [LayerHierarchy{RequestedLayerState{Task=44867#155970 z=40} no children}] reparent to OffscreenRoot
03-02 00:57:17.553  1507  1507 I SurfaceFlinger: [LayerHierarchy{RequestedLayerState{Task=44867#155970 z=40} no children}] RelativeParent to null
03-02 00:57:17.554  5235 12848 I HBD     : u updated Sub Types. English
03-02 00:57:17.555  1507  1563 I SurfaceFlinger: onHandleDestroyed: layerId=155954, name=Surface(name=2141cda InputMethod)/@0x5ea0b56 - animation-leash of insets_animation#155954
03-02 00:57:17.555  1507  1563 I SurfaceFlinger: id=155954 Removed Surface(name=2141cda InputMethod)/@0x5ea0b56 - animation-leash of insets_animation#155954 (353)
03-02 00:57:17.556  1507  1563 I SurfaceFlinger: onHandleDestroyed: layerId=155919, name=ActivityRecord{116444417 u0 com.podcast.app.debug.test/androidx.test.core.app.InstrumentationActivityInvoker$EmptyActivity t44867}#155919
03-02 00:57:17.556  5235 18405 I HBD     : b InputMethodSubtype is set as local:en_GB
03-02 00:57:17.557  5235 18402 E AtomicFile: Failed to rename /data/user_de/0/com.samsung.android.honeyboard/files/selected.json.new to /data/user_de/0/com.samsung.android.honeyboard/files/selected.json
03-02 00:57:17.557  5235 18402 I HBD     : l writeToFile complete
03-02 00:57:17.558  2991  3757 I LocationAccessPolicy: checkLocationPermission - callingUid: 10492, callingPid: 14636, result: DENIED_SOFT
03-02 00:57:17.559  2013  4823 D AS.AudioService: Volume controller visible: true
03-02 00:57:17.560  1507  1507 D SurfaceFlinger: Display 4627039422300187648 HWC layers:
03-02 00:57:17.560  1507  1507 D SurfaceFlinger:   SOLID_COLOR |                        0 | 00000002 | N/A          |    0.0    0.0    0.0    0.0 |    0    0   -1   -1 | Background for 68eb87 SurfaceView[co[...]weme.splash.SplashActivity]@0#155939 (0)
03-02 00:57:17.560  1507  1507 D SurfaceFlinger:   SOLID_COLOR |                        0 | 00000002 | N/A          |    0.0    0.0    0.0    0.0 |    0    0   -1   -1 | Background for 836459b SurfaceView[c[...]weme.splash.SplashActivity]@0#155945 (0)
03-02 00:57:17.560  1507  1507 D SurfaceFlinger:   SOLID_COLOR |                        0 | 00000002 | N/A          |    0.0    0.0    0.0    0.0 |    0    0   -1   -1 | Background for 7086fb SurfaceView[co[...]weme.splash.SplashActivity]@0#155951 (0)
03-02 00:57:17.560  1507  1507 D SurfaceFlinger:        CLIENT |           63930588201985 | 00000102 | 0x32315659   |  187.0    0.0  720.0 1280.0 |    0   80  800 2000 | 7086fb SurfaceView[com.zhiliaoapp.mu[...]lash.SplashActivity]@0(BLAST)#155950 (2)
03-02 00:57:17.560  1507  1507 D SurfaceFlinger:        CLIENT |           63930588201980 | 00002100 | RGBA_8888    |  280.0    0.0 1080.0 2340.0 |    0    0 1080 2340 | com.zhiliaoapp.musically/com.ss.andr[...].splash.S
03-02 00:57:17.560  1507  1507 D SurfaceFlinger: plashActivity$_14885#155933 (6)
03-02 00:57:17.560  1507  1507 D SurfaceFlinger:   SOLID_COLOR |                        0 | 00000000 | N/A          |    0.0    0.0    0.0    0.0 |    0    0 1080 2340 | DimTransitionLayer for Surface(name=Task=44868)/@0x1bc5d9#155965 (0)
03-02 00:57:17.560  1507  1507 D SurfaceFlinger:        DEVICE |           73534135074877 | 00002102 | RGBA_8888    |    0.0    0.0  897.0 2340.0 |  183    0 1080 2340 | com.podcast.app.debug/androidx.activity.ComponentActivity$_17121#155962 (1)
03-02 00:57:17.560  1507  1507 D SurfaceFlinger:        DEVICE |           11793980281879 | 00002100 | RGBA_8888    |    0.0    0.0 1080.0   80.0 |    0    0 1080   80 | StatusBar$_2746#117 (211013)
03-02 00:57:17.560  1507  1507 D SurfaceFlinger:        DEVICE |           13752485304097 | 00002100 | RGBA_8888    |    0.0    0.0   67.0  346.0 | 1013  454 1080  800 | com.sec.android.app.launcher/com.sam[...].app.CocktailBarService$_3202#152779 (1)
03-02 00:57:17.560  1507  1507 D SurfaceFlinger:        DEVICE |           11793980281868 | 00002100 | RGBA_8888    |    0.0    0.0 1080.0  135.0 |    0 2205 1080 2340 | NavigationBar0$_2746#113 (187683)
03-02 00:57:17.560  1507  1507 D SurfaceFlinger:
03-02 00:57:17.562  1507  1563 I SurfaceFlinger: id=155919 Removed ActivityRecord{116444417 u0 com.podcast.app.debug.test/androidx.test.core.app.InstrumentationActivityInvoker$EmptyActivity t44867}#155919 (353)
03-02 00:57:17.562  1507  1563 I SurfaceFlinger: onHandleDestroyed: layerId=155970, name=Task=44867#155970
03-02 00:57:17.562  1507  1563 I SurfaceFlinger: id=155970 Removed Task=44867#155970 (353)
03-02 00:57:17.562  2746  2808 D InputTransport: Input channel destroyed: '7d11da4', fd=493
03-02 00:57:17.563  1507  1507 I SurfaceFlinger: destroyed Surface(name=2141cda InputMethod)/@0x5ea0b56 - animation-leash of insets_animation#155954
03-02 00:57:17.563  1507  1507 I SurfaceFlinger: destroyed ActivityRecord{116444417 u0 com.podcast.app.debug.test/androidx.test.core.app.InstrumentationActivityInvoker$EmptyActivity t44867}#155919
03-02 00:57:17.563  1507  1507 I SurfaceFlinger: destroyed Task=44867#155970
03-02 00:57:17.563  1507  1507 I SurfaceFlinger: destroyed e0cf40b ActivityRecordInputSink com.podcast.app.debug.test/androidx.test.core.app.InstrumentationActivityInvoker$EmptyActivity#155925
03-02 00:57:17.565  1507  1507 I Layer   : id=155925 Destroyed e0cf40b ActivityRecordInputSink com.podcast.app.debug.test/androidx.test.core.app.InstrumentationActivityInvoker$EmptyActivity#155925
03-02 00:57:17.565  1507  1507 I Layer   : id=155970 Destroyed Task=44867#155970
03-02 00:57:17.565  1507  1507 I Layer   : id=155919 Destroyed ActivityRecord{116444417 u0 com.podcast.app.debug.test/androidx.test.core.app.InstrumentationActivityInvoker$EmptyActivity t44867}#155919
03-02 00:57:17.565  1507  1507 I Layer   : id=155954 Destroyed Surface(name=2141cda InputMethod)/@0x5ea0b56 - animation-leash of insets_animation#155954
03-02 00:57:17.571  2013  3648 D SecContentProvider: query(), uri = 17 selection = isSettingsChangesAllowed
03-02 00:57:17.572  5235 12846 I HBD     : u updated Sub Types. English
03-02 00:57:17.575  1507  1507 I SurfaceFlinger: [LayerHierarchy{RequestedLayerState{ImeContainer#15 parentId=155956 relativeParentId=155961 z=1} 1 children}] RelativeParent to LayerHierarchy{RequestedLayerState{f627e96 com.podcast.app.debug/androidx.activity.ComponentActivity#155961 parentId=155956} 2 children}
03-02 00:57:17.575  1507  1507 I SurfaceFlinger: [LayerHierarchy{RequestedLayerState{f627e96 com.podcast.app.debug/androidx.activity.ComponentActivity#155961 parentId=155956} 2 children}] reparent to LayerHierarchy{RequestedLayerState{ActivityRecord{98768518 u0 com.podcast.app.debug/androidx.activity.ComponentActivity t44868}#155956 parentId=155955} 5 children}
03-02 00:57:17.575  1507  1507 I SurfaceFlinger: [LayerHierarchy{RequestedLayerState{Splash Screen com.podcast.app.debug$_2746#155958} no children}] reparent to OffscreenRoot
03-02 00:57:17.575  1507  1507 I SurfaceFlinger: [LayerHierarchy{RequestedLayerState{Splash Screen com.podcast.app.debug$_2746#155958} no children}] RelativeParent to null
03-02 00:57:17.575  1507  1507 I SurfaceFlinger: [LayerHierarchy{RequestedLayerState{Surface(name=f627e96 com.podcast.app.debug/androidx.activity.ComponentActivity)/@0xa396388 - animation-leash of starting_reveal#155968} no children}] reparent to OffscreenRoot
03-02 00:57:17.575  1507  1507 I SurfaceFlinger: [LayerHierarchy{RequestedLayerState{Surface(name=f627e96 com.podcast.app.debug/androidx.activity.ComponentActivity)/@0xa396388 - animation-leash of starting_reveal#155968} no children}] RelativeParent to null
03-02 00:57:17.575  1507  1507 I SurfaceFlinger: [LayerHierarchy{RequestedLayerState{7d11da4 Splash Screen com.podcast.app.debug#155957 z=2147483647} no children}] reparent to OffscreenRoot
03-02 00:57:17.575  1507  1507 I SurfaceFlinger: [LayerHierarchy{RequestedLayerState{7d11da4 Splash Screen com.podcast.app.debug#155957 z=2147483647} no children}] RelativeParent to null
03-02 00:57:17.575  5235 18406 I HBD     : b InputMethodSubtype is set as local:en_GB
03-02 00:57:17.581  5235  5235 I InputMethodService: scheduleImeSurfaceRemoval: canceled, mShowInputRequested=false, mWindowVisible=false, IsmWindowNull=false, IsmImeSurfaceRemoverRunnableNotNull=true
03-02 00:57:17.582  2013  4843 W ParceledListSlice: Element #30 is 21544 bytes.
03-02 00:57:17.584  2013  2067 I ImeTracker: system_server:58b2d25b: onCancelled at PHASE_SERVER_SHOULD_HIDE
03-02 00:57:17.585  1445  2902 W C2MtkBufferManager: [0xB4000070F507E520] fetchNewCcBlock: wait fence 0x0xb4000070f5058270 timed out. ret 110
03-02 00:57:17.587  2746  2746 D SecVolume.VolumePanelStore: subscribe : observer count=4, observer=com.android.systemui.volume.view.VolumeRowView{b2d5dac V.E...... ......I. 0,0-0,0 #7f0a0f58 app:id/volume_row_view}
03-02 00:57:17.587  2746  2746 D SecVolume.VolumePanelStore: subscribe : observer count=5, observer=com.android.systemui.volume.view.VolumeSeekBar{3e37a75 V.ED..... ......ID 0,0-0,0 #7f0a0f59 app:id/volume_seekbar}
03-02 00:57:17.587  2746  2746 D SecVolume.VolumePanelStore: subscribe : observer count=6, observer=com.android.systemui.volume.view.icon.VPVolumeIcon{2a8fa0a V.E...... ......I. 0,0-0,0 #7f0a0f0e app:id/volume_button}
03-02 00:57:17.588  3202  3202 I HoneySpace.TaskStackChangeRepositoryImpl: onTaskRemoved : 44867
03-02 00:57:17.589  3202  3202 I HoneySpace.TaskListViewModel[160530624]: taskRemoveId, 44867
03-02 00:57:17.590  3202  3202 W HoneySpace.TaskListViewModel[160530624]: task is already removed: 44867
03-02 00:57:17.590  3202  3202 I HoneySpace.TaskStackChangeRepositoryImpl: onTaskRemoved : 44867
03-02 00:57:17.590  2013  3648 W system_server: Large reply transaction of 325152 bytes, interface descriptor android.app.IActivityTaskManager, code 26
03-02 00:57:17.590  3202  3202 I HoneySpace.TaskListViewModel[160530624]: taskRemoveId, 44867
03-02 00:57:17.590  3202  3202 W HoneySpace.TaskListViewModel[160530624]: task is already removed: 44867
03-02 00:57:17.591  3202  3386 I HoneySpace.TopTaskSource: onTaskRemoved: 44867
03-02 00:57:17.592  1507  1825 I SurfaceFlinger: Capture layer list: 	 com.zhiliaoapp.musically/com.ss.android.ugc.aweme.splash.SplashActivity$_14885#155933(seamlessTransition:0)
03-02 00:57:17.592  1507  1825 I SurfaceFlinger: Capture layer list: 	 DimTransitionLayer for Surface(name=Task=44868)/@0x1bc5d9#155965(seamlessTransition:0)
03-02 00:57:17.592  1507  1825 I SurfaceFlinger: Capture layer list: 	 com.podcast.app.debug/androidx.activity.ComponentActivity$_17121#155962(seamlessTransition:0)
03-02 00:57:17.594  1628  1637 E thermal_core: find_tz_idx_by_name:"Failed to find thermal zone index of ap_ntc\n"
03-02 00:57:17.594  1628  1637 E thermal_core: find_tz_idx_by_name:"Failed to find thermal zone index of mtk-master-charger\n"
03-02 00:57:17.597  2746  2746 D SecVolume.VolumePanelWindow: onStart
03-02 00:57:17.597  2746  2746 I WindowManager: WindowManagerGlobal#addView, ty=2020, view=com.android.internal.policy.DecorView{d2707c7 V.E...... R.....ID 0,0-223,712}[VolumePanelWindow], caller=android.view.WindowManagerImpl.addView:158 android.app.Dialog.show:540 com.android.systemui.volume.view.standard.VolumePanelWindow.onChanged:1950
03-02 00:57:17.597  3202  3386 I HoneySpace.TopTaskSource: onTaskRemoved: 44867
03-02 00:57:17.598  2746  2746 I ViewRootImpl: dVRR is disabled
03-02 00:57:17.598  2746  2870 D NativeCustomFrequencyManager: [NativeCFMS] BpCustomFrequencyManager::BpCustomFrequencyManager()
03-02 00:57:17.600  1507  1563 I SurfaceFlinger: id=155971 createSurf, flag=84004, WindowToken{444f4e7 type=2020 android.os.BinderProxy@56b52a6}#155971
03-02 00:57:17.601  2013  4903 D InputTransport: Input channel constructed: '5a4d894', fd=964
03-02 00:57:17.601  2013  4903 D InputTransport: Input channel constructed: '5a4d894', fd=1083
03-02 00:57:17.601  2013  4903 D InputTransport: Input channel constructed: '5a4d894', fd=1090
03-02 00:57:17.601  2013  4903 D InputTransport: Input channel destroyed: '5a4d894', fd=1083
03-02 00:57:17.602  1507  1563 I SurfaceFlinger: id=155972 createSurf, flag=84004, 5a4d894 VolumePanelWindow#155972
03-02 00:57:17.604  2013  4903 D InputTransport: Input channel destroyed: '5a4d894', fd=1090
03-02 00:57:17.606  2746  2746 D InputTransport: Input channel constructed: '5a4d894', fd=493
03-02 00:57:17.606  2746  2746 I InsetsController: onStateChanged: host=VolumePanelWindow, from=android.view.ViewRootImpl.onInsetsStateChanged:3026, state=InsetsState: {mDisplayFrame=Rect(0, 0 - 1080, 2340), mDisplayCutout=DisplayCutout{insets=Rect(0, 80 - 0, 0) waterfall=Insets{left=0, top=0, right=0, bottom=0} boundingRect={Bounds=[Rect(0, 0 - 0, 0), Rect(472, 0 - 608, 80), Rect(0, 0 - 0, 0), Rect(0, 0 - 0, 0)]} cutoutPathParserInfo={CutoutPathParserInfo{displayWidth=1080 displayHeight=2340 physicalDisplayWidth=1080 physicalDisplayHeight=2340 density={2.8125} cutoutSpec={M 0,0 H -24.177777778 V 28.4444444444 H 24.177777778 V 0 H 0 Z @dp} rotation={0} scale={1.0} physicalPixelDisplaySizeRatio={1.0}}} sideOverrides={}}, mRoundedCorners=RoundedCorners{[RoundedCorner{position=TopLeft, radius=113, center=Point(113, 113)}, RoundedCorner{position=TopRight, radius=113, center=Point(967, 113)}, RoundedCorner{position=BottomRight, radius=113, center=Point(967, 2227)}, RoundedCorner{position=BottomLeft, radius=113, center=Point(113, 2227)}]}  mRoundedCornerFrame=Rect(0, 0 - 0, 0), mPrivacyIndicatorBounds=PrivacyIndicatorBounds {static bounds=Rect(956, 0 - 1080, 80) rotation=0}, mDisplayShape=DisplayShape{ spec=-311912193 displayWidth=1080 displayHeight=2340 physicalPixelDisplaySizeRatio=1.0 rotation=0 offsetX=0 offsetY=0 scale=1.0}, mSources= { InsetsSource: {e9af0005 mType=mandatorySystemGestures mFrame=[0,0][1080,114] mVisible=true mFlags= mSideHint=TOP mBoundingRects=null}, InsetsSource: {27 mType=displayCutout mFrame=[0,0][1080,80] mVisible=true mFlags= mSideHint=TOP mBoundingRects=null}, InsetsSource: {26ed0001 mType=navigationBars mFrame=[0,2298][1080,2340] mVisible=true mFlags=SUPPRESS_SCRIM mSideHint=BOTTOM mBoundingRects=null}, InsetsSource: {26ed0004 mType=systemGestures mFrame=[0,0][84,2340] mVisible=true mFlags= mSideHint=LEFT mBoundingRects=null}, InsetsSource: {26ed0005 mType=mandatorySystemGestures mFrame=[0,2250][1080,2340] mVisible=true mFlags= mSideHint=BOTTOM mBoundingRects=null}, InsetsSource: {26ed0006 mType=tappableElement mFrame=[0,0][0,0] mVisible=true mFlags= mSideHint=NONE mBoundingRects=null}, InsetsSource: {26ed0024 mType=systemGestures mFrame=[996,0][1080,2340] mVisible=true mFlags= mSideHint=RIGHT mBoundingRects=null} }
03-02 00:57:17.607  2746  2746 I VRI[VolumePanelWindow]@8e25061: synced displayState. AttachInfo displayState=2
03-02 00:57:17.607  2746  2746 I VRI[VolumePanelWindow]@8e25061: setView = com.android.internal.policy.DecorView@d2707c7 IsHRR=false mFlingFrameRateChange=0 TM=true
03-02 00:57:17.608  1507  1507 I SurfaceFlinger: [WindowToken{444f4e7 type=2020 android.os.BinderProxy@56b52a6}#155971] attach to parent LayerHierarchy{RequestedLayerState{Leaf:22:22#31 parentId=25 z=3} 1 children}
03-02 00:57:17.608  1507  1507 I SurfaceFlinger: [5a4d894 VolumePanelWindow#155972] attach to parent LayerHierarchy{RequestedLayerState{WindowToken{444f4e7 type=2020 android.os.BinderProxy@56b52a6}#155971 parentId=31} 1 children}
03-02 00:57:17.610  2746  2746 W WindowOnBackDispatcher: sendCancelIfRunning: isInProgress=false callback=android.app.Dialog$$ExternalSyntheticLambda4@1a367c8
03-02 00:57:17.613  2013  4903 I WindowManager: Relayout Window{5a4d894 u0 VolumePanelWindow}: viewVisibility=0 req=223x712 ty=2020 d0
03-02 00:57:17.613  1507  1563 I SurfaceFlinger: id=155973 createSurf, flag=44004, VolumePanelWindow$_2746#155973
03-02 00:57:17.613  2013  4843 W system_server: Large reply transaction of 325152 bytes, interface descriptor android.app.IActivityTaskManager, code 26
03-02 00:57:17.617  2013  4903 I WindowManager: Relayout hash=5a4d894, pid=2746, syncId=-1: mAttrs={(0,557)(wrapxwrap) gr=TOP RIGHT CENTER sim={adjust=pan forwardNavigation} ty=VOLUME_OVERLAY fmt=TRANSPARENT wanim=0xffffffff surfaceInsets=Rect(6, 6 - 6, 6)
03-02 00:57:17.617  2013  4903 I WindowManager:   fl=58c0528
03-02 00:57:17.617  2013  4903 I WindowManager:   pfl=10000880
03-02 00:57:17.617  2013  4903 I WindowManager:   vsysui=500
03-02 00:57:17.617  2013  4903 I WindowManager:   bhv=2
03-02 00:57:17.617  2013  4903 I WindowManager:   fitTypes=2
03-02 00:57:17.617  2013  4903 I WindowManager:   frameRateBoostOnTouch=true
03-02 00:57:17.617  2013  4903 I WindowManager:   dvrrWindowFrameRateHint=true
03-02 00:57:17.617  2013  4903 I WindowManager:  dimAmount=0.65 dimDuration=150 naviIconColor=0}
03-02 00:57:17.619  1507  1507 I SurfaceFlinger: RequestedLayer [WindowToken{444f4e7 type=2020 android.os.BinderProxy@56b52a6}#155971] hidden!! flag  from(1) --> to(0)
03-02 00:57:17.619  1507  1507 I SurfaceFlinger: RequestedLayer [5a4d894 VolumePanelWindow#155972] hidden!! flag  from(1) --> to(0)
03-02 00:57:17.619  1507  1507 I SurfaceFlinger: [VolumePanelWindow$_2746#155973] attach to parent LayerHierarchy{RequestedLayerState{5a4d894 VolumePanelWindow#155972 parentId=155971} 1 children}
03-02 00:57:17.619  2746  2746 D BufferQueueConsumer: [](id:aba00001e16,api:0,p:-1,c:2746) connect: controlledByApp=false
03-02 00:57:17.620  2013  4903 W ParceledListSlice: Element #30 is 21544 bytes.
03-02 00:57:17.620  1445  2902 D C2MtkBufferManager: over 5000ms not request from VCodec but callback hooked, slow BM Cc fetch thread. Last get time was 90601031ms ago.
03-02 00:57:17.620  2746  2746 I BLASTBufferQueue: [VRI[VolumePanelWindow]@8e25061#7702](f:0,a:0,s:0) constructor()
03-02 00:57:17.621  2746  2746 I BLASTBufferQueue_Java: new BLASTBufferQueue, mName= VRI[VolumePanelWindow]@8e25061 mNativeObject= 0xb4000076e6585400 caller= android.view.ViewRootImpl.updateBlastSurfaceIfNeeded:3585 android.view.ViewRootImpl.relayoutWindow:11685 android.view.ViewRootImpl.performTraversals:4804 android.view.ViewRootImpl.doTraversal:3924 android.view.ViewRootImpl$TraversalRunnable.run:12903 android.view.Choreographer$CallbackRecord.run:1901 android.view.Choreographer$CallbackRecord.run:1910 android.view.Choreographer.doCallbacks:1367 android.view.Choreographer.doFrame:1292 android.view.Choreographer$FrameDisplayEventReceiver.run:1870
03-02 00:57:17.621  2746  2746 I BLASTBufferQueue_Java: update, w= 235 h= 724 mName = VRI[VolumePanelWindow]@8e25061 mNativeObject= 0xb4000076e6585400 sc.mNativeObject= 0xb4000076ee4407c0 format= -2 caller= android.view.ViewRootImpl.updateBlastSurfaceIfNeeded:3590 android.view.ViewRootImpl.relayoutWindow:11685 android.view.ViewRootImpl.performTraversals:4804 android.view.ViewRootImpl.doTraversal:3924 android.view.ViewRootImpl$TraversalRunnable.run:12903 android.view.Choreographer$CallbackRecord.run:1901
03-02 00:57:17.621  2746  2746 I BLASTBufferQueue: [VRI[VolumePanelWindow]@8e25061#7702](f:0,a:0,s:0) update width=235 height=724 format=-2 mTransformHint=0
03-02 00:57:17.622  2746  2746 I VRI[VolumePanelWindow]@8e25061: Relayout returned: old=(0,80,1080,2298) new=(857,557,1080,1269) relayoutAsync=false req=(223,712)0 dur=6 res=0x3 s={true 0xb4000076e8fcca00} ch=true seqId=0
03-02 00:57:17.623  2746  2746 I VRI[VolumePanelWindow]@8e25061: performConfigurationChange setNightDimText nightDimLevel=0
03-02 00:57:17.625  2746  2746 D VRI[VolumePanelWindow]@8e25061: mThreadedRenderer.initialize() mSurface={isValid=true 0xb4000076e8fcca00} hwInitialized=true
03-02 00:57:17.628  2746  2746 D VRI[VolumePanelWindow]@8e25061: reportNextDraw android.view.ViewRootImpl.performTraversals:5443 android.view.ViewRootImpl.doTraversal:3924 android.view.ViewRootImpl$TraversalRunnable.run:12903 android.view.Choreographer$CallbackRecord.run:1901 android.view.Choreographer$CallbackRecord.run:1910
03-02 00:57:17.629  3202  3202 I HoneySpace.EdgePanel.EdgeVisibilityRepository: getComputedTrayVisible : keyguardState = 1
03-02 00:57:17.629  3202  3202 I HoneySpace.EdgePanel.EdgeVisibilityRepository: updateTrayVisible: State = 0x1, visible = true, current containerState = 0, specificMode = 0
03-02 00:57:17.629  3202  3202 I HoneySpace.EdgePanel.EdgeVisibilityRepository: Same container state 0
03-02 00:57:17.629  2746  2746 D VRI[VolumePanelWindow]@8e25061: Setup new sync=wmsSync-VRI[VolumePanelWindow]@8e25061#21
03-02 00:57:17.631  2746  2746 I VRI[VolumePanelWindow]@8e25061: Creating new active sync group VRI[VolumePanelWindow]@8e25061#22
03-02 00:57:17.632  2746  2746 D VRI[VolumePanelWindow]@8e25061: registerCallbacksForSync syncBuffer=false
03-02 00:57:17.635  2746  2866 D VRI[VolumePanelWindow]@8e25061: Received frameDrawingCallback syncResult=0 frameNum=1.
03-02 00:57:17.635  2746  2866 I VRI[VolumePanelWindow]@8e25061: mWNT: t=0xb4000076e58c5800 mBlastBufferQueue=0xb4000076e6585400 fn= 1 HdrRenderState mRenderHdrSdrRatio=1.0 caller= android.view.ViewRootImpl$12.onFrameDraw:15441 android.view.ThreadedRenderer$1.onFrameDraw:718 <bottom of call stack>
03-02 00:57:17.635  2746  2866 I VRI[VolumePanelWindow]@8e25061: Setting up sync and frameCommitCallback
03-02 00:57:17.638  2746  2870 I BLASTBufferQueue: [VRI[VolumePanelWindow]@8e25061#7702](f:0,a:0,s:0) onFrameAvailable the first frame is available
03-02 00:57:17.639  2746  2870 I BLASTBufferQueue: [VRI[VolumePanelWindow]@8e25061#7702](f:0,a:1,s:0) acquireNextBufferLocked size=235x724 mFrameNumber=1 applyTransaction=true mTimestamp=491116639311041(auto) mPendingTransactions.size=0 graphicBufferId=11793980283456 transform=0
03-02 00:57:17.639  2746  2870 I VRI[VolumePanelWindow]@8e25061: Received frameCommittedCallback lastAttemptedDrawFrameNum=1 didProduceBuffer=true
03-02 00:57:17.640  2746  2870 D HWUI    : CFMS:: SetUp Pid : 2746    Tid : 2870
03-02 00:57:17.640  2746  2746 D VRI[VolumePanelWindow]@8e25061: reportDrawFinished seqId=0
03-02 00:57:17.641  2746  2746 D SystemUIService: SYSUI_RAM_OPTIMIZATION onTrimMemory=20
03-02 00:57:17.641  2013  4903 W system_server: Large reply transaction of 325152 bytes, interface descriptor android.app.IActivityTaskManager, code 26
03-02 00:57:17.642  2746  2746 D CentralSurfaces: SYSUI_RAM_OPTIMIZATION onTrimMemory=20
03-02 00:57:17.642  2746  2870 D HWUI    : CacheManager::trimMemory(20)
03-02 00:57:17.644  2013  4843 I RefreshRateTokenController: Adding refreshRateToken={ RefreshRateToken[->RefreshRateMinLimitToken:VolumePanelView, mRefreshRate:60 acquire at 491116645 (now)}, caller=com.android.server.display.mode.RefreshRateController.createRefreshRateMinLimitToken:32 com.android.server.display.DisplayManagerService$BinderService.acquireRefreshRateMinLimitToken:29 android.hardware.display.IDisplayManager$Stub.onTransact:1936 android.os.Binder.execTransactInternal:1462 android.os.Binder.execTransact:1401
03-02 00:57:17.645  2746  2746 D VolumePanelView: enableRefreshRateMinLimit
03-02 00:57:17.645  5235 12847 I HBD     : a [SKE_SPECIFIC] specific model[com.podcast.app.debug] loaded, 94227000 ns
03-02 00:57:17.645  2746  2746 D SecVolume.VolumePanelStore: dispatch [ACTION_CAPTION_COMPONENT_CHANGED with [STATE_SHOW], currentAction={isFromOutside : true, isCaptionComponentEnabled : true}, currentState={activeStream=3(vol=320), stream=3(vol=320) } isPendingState : true, isShowing : true, isHasVibrator : true, isVoiceCapable : true, isSetupWizardComplete : true, isCaptionComponentEnabled : true, isMediaDefaultEnabled : true, ringerModeInternal : 2, timeOutControlsText : 0, cutoutHeight : 0, iconTargetState : 2, pinDevice : 0, activeStream : 3, iconCurrentState : 2, timeOutControls : 0, timeOut : 3000, stream : 3, earProtectLevel : 909, systemTimeNow : 491116539}
03-02 00:57:17.645  2746  2746 D SecVolume.VolumePanelStore:   > New State : [STATE_CAPTION_COMPONENT_CHANGED]
03-02 00:57:17.646  2746  2870 D HWUI    : HWUI - treat SMPTE_170M as sRGB
03-02 00:57:17.648  2013  4903 D WindowManager: takeScreenshotToTargetWindow: display=0, target=2036, containsTarget=true, crop=Rect(909, 609 - 1027, 1200), w=118, h=591, useIdentityTransform=true, ignorePolicy=true, caller=com.android.server.wm.WindowManagerService.takeScreenshotToTargetWindowFromCapture:52 com.android.server.wm.WindowManagerService.takeScreenshotToTargetWindow:14 android.view.IWindowManager$Stub.onTransact:4171
03-02 00:57:17.648  2013  4903 D WindowManager: takeScreenshotToTargetWindow: targetSurface=null, sourceCrop=Rect(909, 609 - 1027, 1200)
03-02 00:57:17.649  2013  4903 I SurfaceComposerClient: captureDisplay:default, 118x591
03-02 00:57:17.649  1507  1562 I SurfaceFlinger: captureDisplay:layerHandle is a NULL
03-02 00:57:17.654  1507  1562 I SurfaceFlinger: Capture layer list: 	 Background for 68eb87 SurfaceView[com.zhiliaoapp.musically/com.ss.android.ugc.aweme.splash.SplashActivity]@0#155939(seamlessTransition:0)
03-02 00:57:17.654  1507  1562 I SurfaceFlinger: Capture layer list: 	 Background for 836459b SurfaceView[com.zhiliaoapp.musically/com.ss.android.ugc.aweme.splash.SplashActivity]@0#155945(seamlessTransition:0)
03-02 00:57:17.654  1507  1562 I SurfaceFlinger: Capture layer list: 	 Background for 7086fb SurfaceView[com.zhiliaoapp.musically/com.ss.android.ugc.aweme.splash.SplashActivity]@0#155951(seamlessTransition:0)
