03-02 00:57:17.245  1509  1509 D Audio_ParameterParser: parseVendorParameters: scope: MODULE, keys/values: audioHDR=0
03-02 00:57:17.245  2746  2870 D NativeCustomFrequencyManager: [NativeCFMS] BpCustomFrequencyManager::BpCustomFrequencyManager()
03-02 00:57:17.245  1509  1509 D Audio_ParameterParser: parseVendorParameters: scope: MODULE, keys/values: audioHDR=0
03-02 00:57:17.246  1439 16890 D AHAL_ModuleBluetooth: setVendorParameters unrecognized parameter: audioHDR=0
03-02 00:57:17.246  1646  2917 I CameraService: onUidStateChanged: uid=10062, procState is changed. (0 -> 1)
03-02 00:57:17.246  1444  1808 D MDP     : [PQSessionManager] findVideoID[f6840820] found on index a
03-02 00:57:17.246  1444  1808 D MDP     : [PQSessionManager] createPQSession(a) user(0xb4000074f4d46d80)
03-02 00:57:17.246  1444  1808 D MDP     : [PQSessionManager] Duplicated ID[a] found, please check if double createPQSession!
03-02 00:57:17.246  1444  1808 D MDP     : [PQSessionManager] getPQSessionListHandle id[a]
03-02 00:57:17.246  1444  1808 D MDP     : [PQSessionManager] getPQSessionListHandle, find id[a]
03-02 00:57:17.246  1444  1808 D MDP     : [PQSession] incRefCount id[a] user[0xb4000074f4d46d80] existed
03-02 00:57:17.247  1444  1808 D MDP     : [PQSession] incRefCount id[a] user[0xb4000074f4d46d80] numOfUser[1]
03-02 00:57:17.247  1444  1808 D MDP     : [PQSession] numElements[0] key[0] metaData[0]
03-02 00:57:17.247  1444  1808 D MDP     : [PQSession] setPQParam() id[a] enable[1], scenario[1]
03-02 00:57:17.247  1444  1808 D MDP     : [PQSession] video TS [12833]
03-02 00:57:17.247  1444  1808 D PQ      : PQDSConfig::getEnableStatus check1  time 0 ms
03-02 00:57:17.247  1444  1808 D PQ      : [PQDSConfig] PQDSConfig::getEnableStatus = 1
03-02 00:57:17.247  1444  1808 D PQ      : [PQDSConfig] m_TDSHPTableInit 1
03-02 00:57:17.247  1444  1808 D PQ      : [PQDSConfig] getAshmemContext(SHP_ENABLE) = 1
03-02 00:57:17.247  1444  1808 D PQ      : PQDSConfig::getEnableStatus check2  time 0 ms
03-02 00:57:17.247  1444  1808 D PQ      : [PQDSConfig] PQDSConfig::getUREnableStatus = 1
03-02 00:57:17.247  1444  1808 D MDP     : [PQSession] setDpPqConfig m_svp = 0, enDRE = 0
03-02 00:57:17.247  1444  1808 D MDP     : setPQParam globalPQSupport = [0] globalPQSwitch = [0] globalPQStrength = [0] globalPQType = [0]
03-02 00:57:17.247  1444  1808 D MDP     : [PQSession] setPQparam userId[0x0], scenario[1], enDRE[0]
03-02 00:57:17.247  1444  1808 D MDP     : [PQSession] getDpPqConfig() id[a] enable[1], scenario[1]
03-02 00:57:17.247  1444  1808 D MDP     : [PQSession] getDpPqConfig() enSharp[1] enDC[0] enColor[0] enHDR[0] enHDRVivid[0] enUR[0] enReFocus[0] enCcorr[1] enDRE[0] enHFG[0] enAIPQ[0] enAISDR2HDR[0] enAIRegionPQ[0] mAdaptiveEnable[0]
03-02 00:57:17.247  1444  1808 D MDP     : [PQSession] setPQDREParam userId[0x0] scenario[1] enDRE[0]
03-02 00:57:17.247  1444  1808 D MDP     : [PQSessionManager] findVideoID[f6840820] found on index a
03-02 00:57:17.247  1444  1808 D PQ_HDR  : DpAsyncBlit: job:(2070983 121) in:(720, 1280)[720 368] C8s P1.1.1.0.1, alpha 0, sec0 flush:0 Buffer 1035491: plane=3 bufVA={0x79,0x79,0x79} bufMVA={0x0,0x0,0x0} bufSize={0xe1000,0x39800,0x39800} proxy={0xb40000747320b780,0x0,0x0}fence=-1
03-02 00:57:17.247  1444  1808 D PQ_HDR  : DpAsyncBlit: out 0:(1008, 1920)[2176 0] C5 P1.1.1.0.1 R:0 F:0 S:1 A:0 HDR:0 COLOR:0 CCORR:1 sec0 flush:0 Buffer 1035491: plane=1 bufVA={0x78,0x0,0x0} bufMVA={0x0,0x0,0x0} bufSize={0x4db200,0x0,0x0} proxy={0xb40000747320b400,0x0,0x0}fence=139
03-02 00:57:17.247  1444  1808 D PQ_HDR  : DpAsyncBlit: crop 0:(49.0, 0.0, 671.0, 1280.0) compose:(0, 0, 1007, 1920)
03-02 00:57:17.247  1444  1808 D MDP     : [PQSessionManager] PQSessionManager::getPQSession id[a]
03-02 00:57:17.247  1444  1808 D MDP     : [PQSessionManager] getPQSessionListHandle id[a]
03-02 00:57:17.247  1444  1808 D MDP     : [PQSessionManager] getPQSessionListHandle, find id[a]
03-02 00:57:17.247  1444  1808 D MDP     : [PQSessionManager] PQSessionManager::getPQSession id[a]
03-02 00:57:17.247  1444  1808 D MDP     : [PQSessionManager] getPQSessionListHandle id[a]
03-02 00:57:17.247  1444  1808 D MDP     : [PQSessionManager] getPQSessionListHandle, find id[a]
03-02 00:57:17.247  1444  1808 D MDP     : PQSession:setPipeNum m_PipeNum[1] value[1] ID[a] DCPath[0] DCDone[0] addr[732261df]
03-02 00:57:17.247  1444  1808 D MDP     : [PQSession] getDpPqConfig() id[a] enable[1], scenario[1]
03-02 00:57:17.247  1444  1808 D MDP     : [PQSession] getDpPqConfig() enSharp[1] enDC[0] enColor[0] enHDR[0] enHDRVivid[0] enUR[0] enReFocus[0] enCcorr[1] enDRE[0] enHFG[0] enAIPQ[0] enAISDR2HDR[0] enAIRegionPQ[0] mAdaptiveEnable[0]
03-02 00:57:17.247  1444  1808 D PQ      : [PQRSZConfig] PQRSZConfig::getUREnableStatus = 1
03-02 00:57:17.247  1444  1808 D MDP     : [PQSessionManager] PQSessionManager::getPQSession id[a]
03-02 00:57:17.247  1446  1446 I SensorsHub: flush: handle=1
03-02 00:57:17.247  1444  1808 D MDP     : [PQSessionManager] getPQSessionListHandle id[a]
03-02 00:57:17.247  1444  1808 D MDP     : [PQSessionManager] getPQSessionListHandle, find id[a]
03-02 00:57:17.247  1444  1808 D AAL     : [PQEngineInterface] DpEngineTDSHPConfigFrame(0) pqSessionId = a
03-02 00:57:17.247  1444  1808 D MDP     : [PQSession] getDpPqConfig() id[a] enable[1], scenario[1]
03-02 00:57:17.248  1444  1808 D MDP     : [PQSession] getDpPqConfig() enSharp[1] enDC[0] enColor[0] enHDR[0] enHDRVivid[0] enUR[0] enReFocus[0] enCcorr[1] enDRE[0] enHFG[0] enAIPQ[0] enAISDR2HDR[0] enAIRegionPQ[0] mAdaptiveEnable[0]
03-02 00:57:17.248  1444  1808 D AAL     : [PQEngineInterface] DpEngineTDSHPConfigFrame(0) tdshpEnable(1) enSharp(1) enDC(0) enHFG(0)
03-02 00:57:17.248  1444  1808 D MDP     : PQSession:setPipeNum m_PipeNum[1] value[1] ID[a] DCPath[0] DCDone[0] addr[732261df]
03-02 00:57:17.248  1444  1808 D AAL     : [PQEngineInterface] DpEngineTDSHPConfigFrame(0) adl_enable = 0
03-02 00:57:17.248  1444  1808 D PQ      : [PQHFGConfig] PQHFGConfig::isEnabled = 2
03-02 00:57:17.248  1444  1808 D MDP     : [PQSession] getDpPqConfig() id[a] enable[1], scenario[1]
03-02 00:57:17.248  1444  1808 D MDP     : [PQSession] getDpPqConfig() enSharp[1] enDC[0] enColor[0] enHDR[0] enHDRVivid[0] enUR[0] enReFocus[0] enCcorr[1] enDRE[0] enHFG[0] enAIPQ[0] enAISDR2HDR[0] enAIRegionPQ[0] mAdaptiveEnable[0]
03-02 00:57:17.248  1444  1808 D AAL     : [PQEngineInterface] DpEngineTDSHPConfigFrame(0) hfg_enable = 0
03-02 00:57:17.248  1444  1808 D AAL     : PQEngineInterface] DpEngineTDSHPConfigFrame(0) shp_enable = 0
03-02 00:57:17.248  1444  1808 D MDP     : [PQSessionManager] PQSessionManager::getPQSession id[a]
03-02 00:57:17.248  1444  1808 D MDP     : [PQSessionManager] getPQSessionListHandle id[a]
03-02 00:57:17.248  1444  1808 D MDP     : [PQSessionManager] getPQSessionListHandle, find id[a]
03-02 00:57:17.248  1444  1808 D MDP     : [PQSession] getDpPqConfig() id[a] enable[1], scenario[1]
03-02 00:57:17.248  1444  1808 D MDP     : [PQSession] getDpPqConfig() enSharp[1] enDC[0] enColor[0] enHDR[0] enHDRVivid[0] enUR[0] enReFocus[0] enCcorr[1] enDRE[0] enHFG[0] enAIPQ[0] enAISDR2HDR[0] enAIRegionPQ[0] mAdaptiveEnable[0]
03-02 00:57:17.248  1444  1808 W AAL     : DpEngine_AAL: relay 1
03-02 00:57:17.248  1444  1808 D AAL     : [PQEngineInterface] DpEngineTDSHPConfigTile(0) InpSize: 803, 1920, OutSize: 803, 1920
03-02 00:57:17.248  1444  1808 D MDP     : [PQSessionManager] PQSessionManager::getPQSession id[a]
03-02 00:57:17.248  1444  1808 D MDP     : [PQSessionManager] getPQSessionListHandle id[a]
03-02 00:57:17.248  1444  1808 D MDP     : [PQSessionManager] getPQSessionListHandle, find id[a]
03-02 00:57:17.248  1444  1808 D PQ      : [PQHFGConfig] PQHFGConfig::isEnabled = 2
03-02 00:57:17.248  1444  1808 D MDP     : [PQSession] getDpPqConfig() id[a] enable[1], scenario[1]
03-02 00:57:17.248  1444  1808 D MDP     : [PQSession] getDpPqConfig() enSharp[1] enDC[0] enColor[0] enHDR[0] enHDRVivid[0] enUR[0] enReFocus[0] enCcorr[1] enDRE[0] enHFG[0] enAIPQ[0] enAISDR2HDR[0] enAIRegionPQ[0] mAdaptiveEnable[0]
03-02 00:57:17.248  1444  1808 D AAL     : [PQEngineInterface] DpEngineAALCongTile(0) MDP_aal_size = 36701440
03-02 00:57:17.248  1444  1808 D AAL     : [PQEngineInterface(1791345034)::MDP_AAL_output_offset = 0
03-02 00:57:17.248  1444  1808 D AAL     : [PQEngineInterface] DpEngineAALCongTile(0) MDP_AAL_output_size = 35652864
03-02 00:57:17.248  1444  1808 D AAL     : [PQEngineInterface] DpEngineAALCongTile(0) inTileXRight = 597, inTileXLeft = 38
03-02 00:57:17.248  1444  1808 D AAL     : [PQEngineInterface] DpEngineAALCongTile(0) inTileYBottom = 589, inTileYTop = 0
03-02 00:57:17.248  1444  1808 D AAL     : [PQEngineInterface] DpEngineAALCongTile(0) outTileXRight = 1279, outTileXLeft = 46
03-02 00:57:17.248  1444  1808 D AAL     : [PQEngineInterface] DpEngineAALCongTile(0) m_outTileYBottom = 1279, m_outTileYTop = 0
03-02 00:57:17.248  1444  1808 D MDP     : [PQSessionManager] PQSessionManager::getPQSession id[a]
03-02 00:57:17.248  1444  1808 D MDP     : [PQSessionManager] getPQSessionListHandle id[a]
03-02 00:57:17.248  1444  1808 D MDP     : [PQSessionManager] getPQSessionListHandle, find id[a]
03-02 00:57:17.248  1444  1808 D AAL     : [PQEngineInterface] DpEngineAALCongTile(0)cropOffset[X, Y]=[1, 38], crop[Wid, Hei]=[0, 682]
03-02 00:57:17.248  1444  1808 D MDP     : [PQSessionManager] PQSessionManager::getPQSession id[a]
03-02 00:57:17.248  1444  1808 D MDP     : [PQSessionManager] getPQSessionListHandle id[a]
03-02 00:57:17.248  1444  1808 D MDP     : [PQSessionManager] getPQSessionListHandle, find id[a]
03-02 00:57:17.248  1444  1808 D AAL     : [PQEngineInterface] DpEngineHDRConfigTile(0) outTileXLeft = 38, outTileXRight = 597
03-02 00:57:17.248  1444  1808 D AAL     : [PQEngineInterface] DpEngineHDRConfigTile(0) inTileXLeft = 38, inTileXRight = 597
03-02 00:57:17.248  1444  1808 D AAL     : [PQEngineInterface] DpEngineHDRConfigTile(0) HDR_out_start_x = 0, HDR_out_end_x = 559, src h: 560,v: 1280
03-02 00:57:17.248  2746  2798 D ShellDesktopMode: handleRequest: TransitionRequestInfo {type=1, tid=44868, debugId=11259}
03-02 00:57:17.248  1444  1808 D AAL     : [PQEngineInterface] DpEngineHDRConfigTile(0) HDR_hist_end_x = 0, HDR_hist_begin_x = 0
03-02 00:57:17.248  1444  1808 D AAL     : [PQEngineInterface] DpEngineHDRConfigTile(0) HDR_first_tile = 0, HDR_last_tile = 0
03-02 00:57:17.248  1444  1808 D AAL     : [PQEngineInterface] DpEngineHDRConfigTile(0) inFrameWidth = 720 , middlePosX = 0
03-02 00:57:17.248  1444  1808 D AAL     : [PQEngineInterface] DpEngineTDSHPConfigTile(0) InpSize: 206, 1920, OutSize: 206, 1920
03-02 00:57:17.248  1444  1808 D MDP     : [PQSessionManager] PQSessionManager::getPQSession id[a]
03-02 00:57:17.248  1444  1808 D MDP     : [PQSessionManager] getPQSessionListHandle id[a]
03-02 00:57:17.248  1444  1808 D MDP     : [PQSessionManager] getPQSessionListHandle, find id[a]
03-02 00:57:17.248  1444  1808 D PQ      : [PQHFGConfig] PQHFGConfig::isEnabled = 2
03-02 00:57:17.248  1444  1808 D MDP     : [PQSession] getDpPqConfig() id[a] enable[1], scenario[1]
03-02 00:57:17.248  1444  1808 D MDP     : [PQSession] getDpPqConfig() enSharp[1] enDC[0] enColor[0] enHDR[0] enHDRVivid[0] enUR[0] enReFocus[0] enCcorr[1] enDRE[0] enHFG[0] enAIPQ[0] enAISDR2HDR[0] enAIRegionPQ[0] mAdaptiveEnable[0]
03-02 00:57:17.248  1444  1808 D AAL     : [PQEngineInterface] DpEngineAALCongTile(0) MDP_aal_size = 9700608
03-02 00:57:17.248  1444  1808 D AAL     : [PQEngineInterface(1791345034)::MDP_AAL_output_offset = 0
03-02 00:57:17.248  1444  1808 D AAL     : [PQEngineInterface] DpEngineAALCongTile(0) MDP_AAL_output_size = 9176320
03-02 00:57:17.248  1444  1808 D AAL     : [PQEngineInterface] DpEngineAALCongTile(0) inTileXRight = 719, inTileXLeft = 572
03-02 00:57:17.248  1444  1808 D AAL     : [PQEngineInterface] DpEngineAALCongTile(0) inTileYBottom = 719, inTileYTop = 0
03-02 00:57:17.248  1444  1808 D AAL     : [PQEngineInterface] DpEngineAALCongTile(0) outTileXRight = 1279, outTileXLeft = 580
03-02 00:57:17.248  1444  1808 D AAL     : [PQEngineInterface] DpEngineAALCongTile(0) m_outTileYBottom = 1279, m_outTileYTop = 0
03-02 00:57:17.248  1444  1808 D MDP     : [PQSessionManager] PQSessionManager::getPQSession id[a]
03-02 00:57:17.248  1444  1808 D MDP     : [PQSessionManager] getPQSessionListHandle id[a]
03-02 00:57:17.249  1444  1808 D MDP     : [PQSessionManager] getPQSessionListHandle, find id[a]
03-02 00:57:17.248  1446  1498 E SensorsHub: AccSensor : Meta event
03-02 00:57:17.249  1444  1808 D AAL     : [PQEngineInterface] DpEngineAALCongTile(0)cropOffset[X, Y]=[1, 38], crop[Wid, Hei]=[0, 682]
03-02 00:57:17.249  1444  1808 D MDP     : [PQSessionManager] PQSessionManager::getPQSession id[a]
03-02 00:57:17.249  1444  1808 D MDP     : [PQSessionManager] getPQSessionListHandle id[a]
03-02 00:57:17.249  1444  1808 D MDP     : [PQSessionManager] getPQSessionListHandle, find id[a]
03-02 00:57:17.249  1444  1808 D AAL     : [PQEngineInterface] DpEngineHDRConfigTile(0) outTileXLeft = 572, outTileXRight = 719
03-02 00:57:17.249  1444  1808 D AAL     : [PQEngineInterface] DpEngineHDRConfigTile(0) inTileXLeft = 572, inTileXRight = 719
03-02 00:57:17.249  1444  1808 D AAL     : [PQEngineInterface] DpEngineHDRConfigTile(0) HDR_out_start_x = 0, HDR_out_end_x = 147, src h: 148,v: 1280
03-02 00:57:17.249  1444  1808 D AAL     : [PQEngineInterface] DpEngineHDRConfigTile(0) HDR_hist_end_x = 0, HDR_hist_begin_x = 0
03-02 00:57:17.249  1444  1808 D AAL     : [PQEngineInterface] DpEngineHDRConfigTile(0) HDR_first_tile = 0, HDR_last_tile = 0
03-02 00:57:17.249  1444  1808 D AAL     : [PQEngineInterface] DpEngineHDRConfigTile(0) inFrameWidth = 720 , middlePosX = 0
03-02 00:57:17.249  1444  1808 D MDP     : [PQSessionManager] PQSessionManager::getPQSession id[a]
03-02 00:57:17.249  1444  1808 D MDP     : [PQSessionManager] getPQSessionListHandle id[a]
03-02 00:57:17.249  1444  1808 D MDP     : [PQSessionManager] getPQSessionListHandle, find id[a]
03-02 00:57:17.249  1444  1808 D MDP     : [PQSessionManager] PQSessionManager::getPQSession id[a]
03-02 00:57:17.249  1444  1808 D MDP     : [PQSessionManager] getPQSessionListHandle id[a]
03-02 00:57:17.249  1444  1808 D MDP     : [PQSessionManager] getPQSessionListHandle, find id[a]
03-02 00:57:17.249  1646  2917 I CameraService: onUidStateChanged: uid=10492, procState is changed. (8 -> 10)
03-02 00:57:17.249 14885 15919 D SensorManager: registerListener :: 1, LIS2DLC12 Accelerometer, 200000, 0,
03-02 00:57:17.250  2013  4829 I SemDvfsHyPerManager: acquire hyper - AMS_APP_LAUNCH/2013@17, type = -999
03-02 00:57:17.250  1450  1487 I HYPER-HAL: [RequestManager.cpp]acquire(): Acquired ID : 2061482  [2013 / 17]    HINT : AMS_APP_LAUNCH    list :
03-02 00:57:17.251 14636 15266 I WM-WorkerWrapper: Work [ id=f23029b8-b7a3-4a93-aaf6-b7c7a26dfe9e, tags={ com.urbanairship.job.AirshipWorker,airship } ] was cancelled
03-02 00:57:17.251 14636 15266 I WM-WorkerWrapper: androidx.work.impl.WorkerStoppedException
03-02 00:57:17.251 14636 15266 I WM-WorkerWrapper: 	at o.setEnabledWhenDeviceHasQuirk.AnimatedBarChartKtAnimatedBarChart1112(:348)
03-02 00:57:17.251 14636 15266 I WM-WorkerWrapper: 	at o.MutableConfig.AnimatedBarChartKtAnimatedBarChart1(:439)
03-02 00:57:17.251 14636 15266 I WM-WorkerWrapper: 	at o.MutableConfig.AnimatedBarChartKtAnimatedBarChart1112(:259)
03-02 00:57:17.251 14636 15266 I WM-WorkerWrapper: 	at o.getUseCaseInfo.run(:49)
03-02 00:57:17.251 14636 15266 I WM-WorkerWrapper: 	at o.TagBundle$Architecture.run(:96)
03-02 00:57:17.251 14636 15266 I WM-WorkerWrapper: 	at java.util.concurrent.ThreadPoolExecutor.runWorker(ThreadPoolExecutor.java:1154)
03-02 00:57:17.251 14636 15266 I WM-WorkerWrapper: 	at java.util.concurrent.ThreadPoolExecutor$Worker.run(ThreadPoolExecutor.java:652)
03-02 00:57:17.251 14636 15266 I WM-WorkerWrapper: 	at java.lang.Thread.run(Thread.java:1563)
03-02 00:57:17.251 14885 14885 I System.out: SAFActivity: com.ss.android.ugc.aweme.main.MainActivity@c20428f,  onPause Start
03-02 00:57:17.252 14636 15266 D WM-WorkerWrapper: Status for f23029b8-b7a3-4a93-aaf6-b7c7a26dfe9e is RUNNING; not doing any work and rescheduling for later execution
03-02 00:57:17.252  4784  4784 I SemDvfsHyPerManager: acquire hyper - APP_START/4784@17, type = -999
03-02 00:57:17.253 14885 14885 I System.out: SceneSafeLifecycleDispatcher: onPaused Start
03-02 00:57:17.253 14885 14885 I System.out: SAFActivity V Scene Framework: NavigationMessageQueue postSync start
03-02 00:57:17.253 14885 14885 I System.out: SAFActivity V Scene Framework: NavigationMessageQueue postSync run current task start 14_Y.ARunnableS108S0200000_32@2b95b21
03-02 00:57:17.253 14885 14885 I System.out: SAFActivity V Scene Framework: NavigationSceneManager Sync Scene SAFFragmentRootScene{79e191c} Lifecycle [RESUMED -> STARTED] without saved State
03-02 00:57:17.253 14885 14885 I System.out: SAFFragmentRootScene: onPause Start (SAFFragmentRootScene{79e191c})
03-02 00:57:17.253  1450  1487 I HYPER-HAL: [RequestManager.cpp]acquire(): Acquired ID : 11527218  [4784 / 17]    HINT : APP_START    list :
03-02 00:57:17.253  1444  1809 D MDP     : [PQSessionManager] PQSessionManager::getPQSession id[a]
03-02 00:57:17.253  1444  1809 D MDP     : [PQSessionManager] getPQSessionListHandle id[a]
03-02 00:57:17.253  1444  1809 D MDP     : [PQSessionManager] getPQSessionListHandle, find id[a]
03-02 00:57:17.253  1444  1809 D MDP     : [PQSessionManager] findVideoID[f6840820] found on index a
03-02 00:57:17.255  2013  4903 D InputTransport: Input channel constructed: '7d11da4', fd=964
03-02 00:57:17.255  2013  4903 D InputTransport: Input channel constructed: '7d11da4', fd=1036
03-02 00:57:17.255  2013  4903 D InputTransport: Input channel constructed: '7d11da4', fd=1083
03-02 00:57:17.255  2013  4903 D InputTransport: Input channel destroyed: '7d11da4', fd=1036
03-02 00:57:17.257  1444  1808 D MDP     : [PQSessionManager] findVideoID[f6840820] found on index a
03-02 00:57:17.257  1444  1808 D MDP     : [PQSessionManager] createPQSession(a) user(0xb4000074f4d46d80)
03-02 00:57:17.257  1444  1808 D MDP     : [PQSessionManager] Duplicated ID[a] found, please check if double createPQSession!
03-02 00:57:17.257  1444  1808 D MDP     : [PQSessionManager] getPQSessionListHandle id[a]
03-02 00:57:17.257  1444  1808 D MDP     : [PQSessionManager] getPQSessionListHandle, find id[a]
03-02 00:57:17.257  1444  1808 D MDP     : [PQSession] incRefCount id[a] user[0xb4000074f4d46d80] existed
03-02 00:57:17.257  1444  1808 D MDP     : [PQSession] incRefCount id[a] user[0xb4000074f4d46d80] numOfUser[1]
03-02 00:57:17.257  1444  1808 D MDP     : [PQSession] numElements[0] key[0] metaData[0]
03-02 00:57:17.257  1507  1563 I SurfaceFlinger: id=155957 createSurf, flag=84004, 7d11da4 Splash Screen com.podcast.app.debug#155957
03-02 00:57:17.257  1444  1808 D MDP     : [PQSession] setPQParam() id[a] enable[1], scenario[1]
03-02 00:57:17.257  1444  1808 D MDP     : [PQSession] video TS [12833]
03-02 00:57:17.257  1444  1808 D PQ      : PQDSConfig::getEnableStatus check1  time 0 ms
03-02 00:57:17.257  1444  1808 D PQ      : [PQDSConfig] PQDSConfig::getEnableStatus = 1
03-02 00:57:17.257  1444  1808 D PQ      : [PQDSConfig] m_TDSHPTableInit 1
03-02 00:57:17.257  1444  1808 D PQ      : [PQDSConfig] getAshmemContext(SHP_ENABLE) = 1
03-02 00:57:17.257  1444  1808 D PQ      : PQDSConfig::getEnableStatus check2  time 0 ms
03-02 00:57:17.257  1444  1808 D PQ      : [PQDSConfig] PQDSConfig::getUREnableStatus = 1
03-02 00:57:17.257  1444  1808 D MDP     : [PQSession] setDpPqConfig m_svp = 0, enDRE = 0
03-02 00:57:17.257  1444  1808 D MDP     : setPQParam globalPQSupport = [0] globalPQSwitch = [0] globalPQStrength = [0] globalPQType = [0]
03-02 00:57:17.257  1444  1808 D MDP     : [PQSession] setPQparam userId[0x0], scenario[1], enDRE[0]
03-02 00:57:17.257  1444  1808 D MDP     : [PQSession] getDpPqConfig() id[a] enable[1], scenario[1]
03-02 00:57:17.257  1444  1808 D MDP     : [PQSession] getDpPqConfig() enSharp[1] enDC[0] enColor[0] enHDR[0] enHDRVivid[0] enUR[0] enReFocus[0] enCcorr[1] enDRE[0] enHFG[0] enAIPQ[0] enAISDR2HDR[0] enAIRegionPQ[0] mAdaptiveEnable[0]
03-02 00:57:17.257  1444  1808 D MDP     : [PQSession] setPQDREParam userId[0x0] scenario[1] enDRE[0]
03-02 00:57:17.257  1444  1808 D MDP     : [PQSessionManager] findVideoID[f6840820] found on index a
03-02 00:57:17.257  1444  1808 D PQ_HDR  : DpAsyncBlit: job:(2070985 98) in:(720, 1280)[720 368] C8s P1.1.1.0.1, alpha 0, sec0 flush:0 Buffer 1035492: plane=3 bufVA={0x62,0x62,0x62} bufMVA={0x0,0x0,0x0} bufSize={0xe1000,0x39800,0x39800} proxy={0xb40000747320b500,0x0,0x0}fence=-1
03-02 00:57:17.257  1444  1808 D PQ_HDR  : DpAsyncBlit: out 0:(1016, 1920)[2176 0] C5 P1.1.1.0.1 R:0 F:0 S:1 A:0 HDR:0 COLOR:0 CCORR:1 sec0 flush:0 Buffer 1035492: plane=1 bufVA={0x7e,0x0,0x0} bufMVA={0x0,0x0,0x0} bufSize={0x4db200,0x0,0x0} proxy={0xb40000747320b6e0,0x0,0x0}fence=147
03-02 00:57:17.257  1444  1808 D PQ_HDR  : DpAsyncBlit: crop 0:(43.0, 0.0, 677.0, 1280.0) compose:(0, 0, 1016, 1920)
03-02 00:57:17.258  1444  1808 D MDP     : [PQSessionManager] PQSessionManager::getPQSession id[a]
03-02 00:57:17.258  1444  1808 D MDP     : [PQSessionManager] getPQSessionListHandle id[a]
03-02 00:57:17.258  1444  1808 D MDP     : [PQSessionManager] getPQSessionListHandle, find id[a]
03-02 00:57:17.258  1444  1808 D MDP     : [PQSessionManager] PQSessionManager::getPQSession id[a]
03-02 00:57:17.258  1444  1808 D MDP     : [PQSessionManager] getPQSessionListHandle id[a]
03-02 00:57:17.258  1444  1808 D MDP     : [PQSessionManager] getPQSessionListHandle, find id[a]
03-02 00:57:17.258  1444  1808 D MDP     : PQSession:setPipeNum m_PipeNum[1] value[1] ID[a] DCPath[0] DCDone[0] addr[732261df]
03-02 00:57:17.258  1444  1808 D MDP     : [PQSession] getDpPqConfig() id[a] enable[1], scenario[1]
03-02 00:57:17.258  1444  1808 D MDP     : [PQSession] getDpPqConfig() enSharp[1] enDC[0] enColor[0] enHDR[0] enHDRVivid[0] enUR[0] enReFocus[0] enCcorr[1] enDRE[0] enHFG[0] enAIPQ[0] enAISDR2HDR[0] enAIRegionPQ[0] mAdaptiveEnable[0]
03-02 00:57:17.258  1444  1808 D PQ      : [PQRSZConfig] PQRSZConfig::getUREnableStatus = 1
03-02 00:57:17.258  1444  1808 D MDP     : [PQSessionManager] PQSessionManager::getPQSession id[a]
03-02 00:57:17.258  1444  1808 D MDP     : [PQSessionManager] getPQSessionListHandle id[a]
03-02 00:57:17.258  1444  1808 D MDP     : [PQSessionManager] getPQSessionListHandle, find id[a]
03-02 00:57:17.258  1444  1808 D AAL     : [PQEngineInterface] DpEngineTDSHPConfigFrame(0) pqSessionId = a
03-02 00:57:17.258  1444  1808 D MDP     : [PQSession] getDpPqConfig() id[a] enable[1], scenario[1]
03-02 00:57:17.258  1646  1892 I CameraService: onUidStateChanged: uid=10492, procState is changed. (10 -> 19)
03-02 00:57:17.258  1444  1808 D MDP     : [PQSession] getDpPqConfig() enSharp[1] enDC[0] enColor[0] enHDR[0] enHDRVivid[0] enUR[0] enReFocus[0] enCcorr[1] enDRE[0] enHFG[0] enAIPQ[0] enAISDR2HDR[0] enAIRegionPQ[0] mAdaptiveEnable[0]
03-02 00:57:17.258  1444  1808 D AAL     : [PQEngineInterface] DpEngineTDSHPConfigFrame(0) tdshpEnable(1) enSharp(1) enDC(0) enHFG(0)
03-02 00:57:17.258  1444  1808 D MDP     : PQSession:setPipeNum m_PipeNum[1] value[1] ID[a] DCPath[0] DCDone[0] addr[732261df]
03-02 00:57:17.258  1444  1808 D AAL     : [PQEngineInterface] DpEngineTDSHPConfigFrame(0) adl_enable = 0
03-02 00:57:17.258  1444  1808 D PQ      : [PQHFGConfig] PQHFGConfig::isEnabled = 2
03-02 00:57:17.258  1444  1808 D MDP     : [PQSession] getDpPqConfig() id[a] enable[1], scenario[1]
03-02 00:57:17.258  1444  1808 D MDP     : [PQSession] getDpPqConfig() enSharp[1] enDC[0] enColor[0] enHDR[0] enHDRVivid[0] enUR[0] enReFocus[0] enCcorr[1] enDRE[0] enHFG[0] enAIPQ[0] enAISDR2HDR[0] enAIRegionPQ[0] mAdaptiveEnable[0]
03-02 00:57:17.258  1444  1808 D AAL     : [PQEngineInterface] DpEngineTDSHPConfigFrame(0) hfg_enable = 0
03-02 00:57:17.258  1444  1808 D AAL     : PQEngineInterface] DpEngineTDSHPConfigFrame(0) shp_enable = 0
03-02 00:57:17.259  1444  1808 D MDP     : [PQSessionManager] PQSessionManager::getPQSession id[a]
03-02 00:57:17.259  1444  1808 D MDP     : [PQSessionManager] getPQSessionListHandle id[a]
03-02 00:57:17.259  1444  1808 D MDP     : [PQSessionManager] getPQSessionListHandle, find id[a]
03-02 00:57:17.259  1444  1808 D MDP     : [PQSession] getDpPqConfig() id[a] enable[1], scenario[1]
03-02 00:57:17.259  1444  1808 D MDP     : [PQSession] getDpPqConfig() enSharp[1] enDC[0] enColor[0] enHDR[0] enHDRVivid[0] enUR[0] enReFocus[0] enCcorr[1] enDRE[0] enHFG[0] enAIPQ[0] enAISDR2HDR[0] enAIRegionPQ[0] mAdaptiveEnable[0]
03-02 00:57:17.259  1444  1808 W AAL     : DpEngine_AAL: relay 1
03-02 00:57:17.259  1444  1808 D AAL     : [PQEngineInterface] DpEngineTDSHPConfigTile(0) InpSize: 803, 1920, OutSize: 803, 1920
03-02 00:57:17.259  1444  1808 D MDP     : [PQSessionManager] PQSessionManager::getPQSession id[a]
03-02 00:57:17.259  1444  1808 D MDP     : [PQSessionManager] getPQSessionListHandle id[a]
03-02 00:57:17.259  1444  1808 D MDP     : [PQSessionManager] getPQSessionListHandle, find id[a]
03-02 00:57:17.259  1444  1808 D PQ      : [PQHFGConfig] PQHFGConfig::isEnabled = 2
03-02 00:57:17.259  1444  1808 D MDP     : [PQSession] getDpPqConfig() id[a] enable[1], scenario[1]
03-02 00:57:17.259  1444  1808 D MDP     : [PQSession] getDpPqConfig() enSharp[1] enDC[0] enColor[0] enHDR[0] enHDRVivid[0] enUR[0] enReFocus[0] enCcorr[1] enDRE[0] enHFG[0] enAIPQ[0] enAISDR2HDR[0] enAIRegionPQ[0] mAdaptiveEnable[0]
03-02 00:57:17.259  1444  1808 D AAL     : [PQEngineInterface] DpEngineAALCongTile(0) MDP_aal_size = 36701440
03-02 00:57:17.259  1444  1808 D AAL     : [PQEngineInterface(1791345034)::MDP_AAL_output_offset = 0
03-02 00:57:17.259  1444  1808 D AAL     : [PQEngineInterface] DpEngineAALCongTile(0) MDP_AAL_output_size = 35652864
03-02 00:57:17.259  1444  1808 D AAL     : [PQEngineInterface] DpEngineAALCongTile(0) inTileXRight = 591, inTileXLeft = 32
03-02 00:57:17.259  1444  1808 D AAL     : [PQEngineInterface] DpEngineAALCongTile(0) inTileYBottom = 583, inTileYTop = 0
03-02 00:57:17.259  1444  1808 D AAL     : [PQEngineInterface] DpEngineAALCongTile(0) outTileXRight = 1279, outTileXLeft = 40
03-02 00:57:17.259  1444  1808 D AAL     : [PQEngineInterface] DpEngineAALCongTile(0) m_outTileYBottom = 1279, m_outTileYTop = 0
03-02 00:57:17.259  1444  1808 D MDP     : [PQSessionManager] PQSessionManager::getPQSession id[a]
03-02 00:57:17.259  1444  1808 D MDP     : [PQSessionManager] getPQSessionListHandle id[a]
03-02 00:57:17.259  1444  1808 D MDP     : [PQSessionManager] getPQSessionListHandle, find id[a]
03-02 00:57:17.259  1444  1808 D AAL     : [PQEngineInterface] DpEngineAALCongTile(0)cropOffset[X, Y]=[1, 32], crop[Wid, Hei]=[0, 688]
03-02 00:57:17.259  1444  1808 D MDP     : [PQSessionManager] PQSessionManager::getPQSession id[a]
03-02 00:57:17.259  1444  1808 D MDP     : [PQSessionManager] getPQSessionListHandle id[a]
03-02 00:57:17.259  1444  1808 D MDP     : [PQSessionManager] getPQSessionListHandle, find id[a]
03-02 00:57:17.259  1444  1808 D AAL     : [PQEngineInterface] DpEngineHDRConfigTile(0) outTileXLeft = 32, outTileXRight = 591
03-02 00:57:17.259  1444  1808 D AAL     : [PQEngineInterface] DpEngineHDRConfigTile(0) inTileXLeft = 32, inTileXRight = 591
03-02 00:57:17.259  1444  1808 D AAL     : [PQEngineInterface] DpEngineHDRConfigTile(0) HDR_out_start_x = 0, HDR_out_end_x = 559, src h: 560,v: 1280
03-02 00:57:17.259  1444  1808 D AAL     : [PQEngineInterface] DpEngineHDRConfigTile(0) HDR_hist_end_x = 0, HDR_hist_begin_x = 0
03-02 00:57:17.259  1444  1808 D AAL     : [PQEngineInterface] DpEngineHDRConfigTile(0) HDR_first_tile = 0, HDR_last_tile = 0
03-02 00:57:17.259  1444  1808 D AAL     : [PQEngineInterface] DpEngineHDRConfigTile(0) inFrameWidth = 720 , middlePosX = 0
03-02 00:57:17.259  2013  4903 D InputTransport: Input channel destroyed: '7d11da4', fd=1083
03-02 00:57:17.259  3506  3506 E pageboostd: Received HALT command code 2
03-02 00:57:17.259  1444  1808 D AAL     : [PQEngineInterface] DpEngineTDSHPConfigTile(0) InpSize: 214, 1920, OutSize: 214, 1920
03-02 00:57:17.259  1444  1808 D MDP     : [PQSessionManager] PQSessionManager::getPQSession id[a]
03-02 00:57:17.259  1444  1808 D MDP     : [PQSessionManager] getPQSessionListHandle id[a]
03-02 00:57:17.259  1444  1808 D MDP     : [PQSessionManager] getPQSessionListHandle, find id[a]
03-02 00:57:17.259  1444  1808 D PQ      : [PQHFGConfig] PQHFGConfig::isEnabled = 2
03-02 00:57:17.259  1444  1808 D MDP     : [PQSession] getDpPqConfig() id[a] enable[1], scenario[1]
03-02 00:57:17.259  1444  1808 D MDP     : [PQSession] getDpPqConfig() enSharp[1] enDC[0] enColor[0] enHDR[0] enHDRVivid[0] enUR[0] enReFocus[0] enCcorr[1] enDRE[0] enHFG[0] enAIPQ[0] enAISDR2HDR[0] enAIRegionPQ[0] mAdaptiveEnable[0]
03-02 00:57:17.259  1444  1808 D AAL     : [PQEngineInterface] DpEngineAALCongTile(0) MDP_aal_size = 10093824
03-02 00:57:17.259  1444  1808 D AAL     : [PQEngineInterface(1791345034)::MDP_AAL_output_offset = 0
03-02 00:57:17.259  1444  1808 D AAL     : [PQEngineInterface] DpEngineAALCongTile(0) MDP_AAL_output_size = 9569536
03-02 00:57:17.259  1444  1808 D AAL     : [PQEngineInterface] DpEngineAALCongTile(0) inTileXRight = 719, inTileXLeft = 566
03-02 00:57:17.259  1444  1808 D AAL     : [PQEngineInterface] DpEngineAALCongTile(0) inTileYBottom = 719, inTileYTop = 0
03-02 00:57:17.259  1444  1808 D AAL     : [PQEngineInterface] DpEngineAALCongTile(0) outTileXRight = 1279, outTileXLeft = 574
03-02 00:57:17.259  1444  1808 D AAL     : [PQEngineInterface] DpEngineAALCongTile(0) m_outTileYBottom = 1279, m_outTileYTop = 0
03-02 00:57:17.260  1444  1808 D MDP     : [PQSessionManager] PQSessionManager::getPQSession id[a]
03-02 00:57:17.260  1444  1808 D MDP     : [PQSessionManager] getPQSessionListHandle id[a]
03-02 00:57:17.260  1444  1808 D MDP     : [PQSessionManager] getPQSessionListHandle, find id[a]
03-02 00:57:17.260  1444  1808 D AAL     : [PQEngineInterface] DpEngineAALCongTile(0)cropOffset[X, Y]=[1, 32], crop[Wid, Hei]=[0, 688]
03-02 00:57:17.260  1444  1808 D MDP     : [PQSessionManager] PQSessionManager::getPQSession id[a]
03-02 00:57:17.260  1444  1808 D MDP     : [PQSessionManager] getPQSessionListHandle id[a]
03-02 00:57:17.260  1444  1808 D MDP     : [PQSessionManager] getPQSessionListHandle, find id[a]
03-02 00:57:17.260  2746  2808 D InputTransport: Input channel constructed: '7d11da4', fd=493
03-02 00:57:17.260  1444  1808 D AAL     : [PQEngineInterface] DpEngineHDRConfigTile(0) outTileXLeft = 566, outTileXRight = 719
03-02 00:57:17.260  1444  1808 D AAL     : [PQEngineInterface] DpEngineHDRConfigTile(0) inTileXLeft = 566, inTileXRight = 719
03-02 00:57:17.260  1444  1808 D AAL     : [PQEngineInterface] DpEngineHDRConfigTile(0) HDR_out_start_x = 0, HDR_out_end_x = 153, src h: 154,v: 1280
03-02 00:57:17.260  1444  1808 D AAL     : [PQEngineInterface] DpEngineHDRConfigTile(0) HDR_hist_end_x = 0, HDR_hist_begin_x = 0
03-02 00:57:17.260  1444  1808 D AAL     : [PQEngineInterface] DpEngineHDRConfigTile(0) HDR_first_tile = 0, HDR_last_tile = 0
03-02 00:57:17.260  1444  1808 D AAL     : [PQEngineInterface] DpEngineHDRConfigTile(0) inFrameWidth = 720 , middlePosX = 0
03-02 00:57:17.260  1444  1808 D MDP     : [PQSessionManager] PQSessionManager::getPQSession id[a]
03-02 00:57:17.260  1444  1808 D MDP     : [PQSessionManager] getPQSessionListHandle id[a]
03-02 00:57:17.260  1444  1808 D MDP     : [PQSessionManager] getPQSessionListHandle, find id[a]
03-02 00:57:17.260  1444  1808 D MDP     : [PQSessionManager] PQSessionManager::getPQSession id[a]
03-02 00:57:17.260  1444  1808 D MDP     : [PQSessionManager] getPQSessionListHandle id[a]
03-02 00:57:17.260  1444  1808 D MDP     : [PQSessionManager] getPQSessionListHandle, find id[a]
03-02 00:57:17.260  2746  2808 I InsetsController: onStateChanged: host=Splash Screen com.podcast.app.debug, from=android.view.ViewRootImpl.onInsetsStateChanged:3026, state=InsetsState: {mDisplayFrame=Rect(0, 0 - 1080, 2340), mDisplayCutout=DisplayCutout{insets=Rect(0, 80 - 0, 0) waterfall=Insets{left=0, top=0, right=0, bottom=0} boundingRect={Bounds=[Rect(0, 0 - 0, 0), Rect(472, 0 - 608, 80), Rect(0, 0 - 0, 0), Rect(0, 0 - 0, 0)]} cutoutPathParserInfo={CutoutPathParserInfo{displayWidth=1080 displayHeight=2340 physicalDisplayWidth=1080 physicalDisplayHeight=2340 density={2.8125} cutoutSpec={M 0,0 H -24.177777778 V 28.4444444444 H 24.177777778 V 0 H 0 Z @dp} rotation={0} scale={1.0} physicalPixelDisplaySizeRatio={1.0}}} sideOverrides={}}, mRoundedCorners=RoundedCorners{[RoundedCorner{position=TopLeft, radius=113, center=Point(113, 113)}, RoundedCorner{position=TopRight, radius=113, center=Point(967, 113)}, RoundedCorner{position=BottomRight, radius=113, center=Point(967, 2227)}, RoundedCorner{position=BottomLeft, radius=113, center=Point(113, 2227)}]}  mRoundedCornerFrame=Rect(0, 0 - 1080, 2340), mPrivacyIndicatorBounds=PrivacyIndicatorBounds {static bounds=Rect(956, 0 - 1080, 80) rotation=0}, mDisplayShape=DisplayShape{ spec=-311912193 displayWidth=1080 displayHeight=2340 physicalPixelDisplaySizeRatio=1.0 rotation=0 offsetX=0 offsetY=0 scale=1.0}, mSources= { InsetsSource: {e9af0000 mType=statusBars mFrame=[0,0][1080,80] mVisible=true mFlags= mSideHint=TOP mBoundingRects=null}, InsetsSource: {e9af0005 mType=mandatorySystemGestures mFrame=[0,0][1080,114] mVisible=true mFlags= mSideHint=TOP mBoundingRects=null}, InsetsSource: {e9af0006 mType=tappableElement mFrame=[0,0][1080,80] mVisible=true mFlags= mSideHint=TOP mBoundingRects=null}, InsetsSource: {27 mType=displayCutout mFrame=[0,0][1080,80] mVisible=true mFlags= mSideHint=TOP mBoundingRects=null}, InsetsSource: {26ed0001 mType=navigationBars mFrame=[0,2298][1080,2340] mVisible=true mFlags=SUPPRESS_SCRIM mSideHint=BOTTOM mBoundingRects=null}, InsetsSource: {26ed0004 mType=systemGestures mFrame=[0,0][84,2340] mVisible=true mFlags= mSideHint=LEFT mBoundingRects=null}, InsetsSource: {26ed0005 mType=mandatorySystemGestures mFrame=[0,2250][1080,2340] mVisible=true mFlags= mSideHint=BOTTOM mBoundingRects=null}, InsetsSource: {26ed0006 mType=tappableElement mFrame=[0,0][0,0] mVisible=true mFlags= mSideHint=NONE mBoundingRects=null}, InsetsSource: {26ed0024 mType=systemGestures mFrame=[996,0][1080,2340] mVisible=true mFlags= mSideHint=RIGHT mBoundingRects=null} }
03-02 00:57:17.261  2746  2808 I VRI[debug]@4c1db8f: onActiveControlsChanged, removed=false, mAdded=true, caller=android.view.ViewRootImpl.handleInsetsControlChanged:3002 android.view.ViewRootImpl.setView:2014 android.view.WindowManagerGlobal.addView:604 com.android.wm.shell.startingsurface.SplashscreenWindowCreator.addWindow:38 com.android.wm.shell.startingsurface.StartingWindowController$$ExternalSyntheticLambda4.run:1365
03-02 00:57:17.261  2746  2808 I VRI[debug]@4c1db8f: synced displayState. AttachInfo displayState=2
03-02 00:57:17.261  2746  2808 I VRI[debug]@4c1db8f: setView = android.widget.FrameLayout@2f43a1 IsHRR=false mFlingFrameRateChange=0 TM=true
03-02 00:57:17.261 14636 14636 D WM-Processor: MutableConfig f23029b8-b7a3-4a93-aaf6-b7c7a26dfe9e executed; reschedule = true
03-02 00:57:17.261  2746  2870 D HWUI    : HWUI - treat SMPTE_170M as sRGB
03-02 00:57:17.263  2013  2252 I WindowManager: Relayout Window{7d11da4 u0 Splash Screen com.podcast.app.debug}: viewVisibility=0 req=1080x2340 ty=3 d0
03-02 00:57:17.265  1444  1809 D MDP     : [PQSessionManager] PQSessionManager::getPQSession id[a]
03-02 00:57:17.265  1444  1809 D MDP     : [PQSessionManager] getPQSessionListHandle id[a]
03-02 00:57:17.265  1444  1809 D MDP     : [PQSessionManager] getPQSessionListHandle, find id[a]
03-02 00:57:17.265  1444  1809 D MDP     : [PQSessionManager] findVideoID[f6840820] found on index a
03-02 00:57:17.265  1507  1907 I SurfaceFlinger: id=155958 createSurf, flag=44004, Splash Screen com.podcast.app.debug$_2746#155958
03-02 00:57:17.265  1507  1507 E SurfaceFlinger: alpha changed 0.007 -> 0.000 - DimTransitionLayer for Surface(name=Task=44867)/@0x680c2bf#155947
03-02 00:57:17.265  1507  1507 I SurfaceFlinger: [7d11da4 Splash Screen com.podcast.app.debug#155957] attach to parent LayerHierarchy{RequestedLayerState{ActivityRecord{98768518 u0 com.podcast.app.debug/androidx.activity.ComponentActivity t44868}#155956 parentId=155955} 1 children}
03-02 00:57:17.265  1507  1507 I SurfaceFlinger: [Splash Screen com.podcast.app.debug$_2746#155958] attach to parent LayerHierarchy{RequestedLayerState{7d11da4 Splash Screen com.podcast.app.debug#155957 parentId=155956} 1 children}
03-02 00:57:17.267 14636 15263 D WM-GreedyScheduler: Cancelling work ID f23029b8-b7a3-4a93-aaf6-b7c7a26dfe9e
03-02 00:57:17.268  1444  1808 D MDP     : [PQSessionManager] findVideoID[f6840820] found on index a
03-02 00:57:17.268  1444  1808 D MDP     : [PQSessionManager] createPQSession(a) user(0xb4000074f4d46d80)
03-02 00:57:17.268  1444  1808 D MDP     : [PQSessionManager] Duplicated ID[a] found, please check if double createPQSession!
03-02 00:57:17.268  1444  1808 D MDP     : [PQSessionManager] getPQSessionListHandle id[a]
03-02 00:57:17.268  1444  1808 D MDP     : [PQSessionManager] getPQSessionListHandle, find id[a]
03-02 00:57:17.268  1444  1808 D MDP     : [PQSession] incRefCount id[a] user[0xb4000074f4d46d80] existed
03-02 00:57:17.268  1444  1808 D MDP     : [PQSession] incRefCount id[a] user[0xb4000074f4d46d80] numOfUser[1]
03-02 00:57:17.268  1444  1808 D MDP     : [PQSession] numElements[0] key[0] metaData[0]
03-02 00:57:17.269  1444  1808 D MDP     : [PQSession] setPQParam() id[a] enable[1], scenario[1]
03-02 00:57:17.269  1444  1808 D MDP     : [PQSession] video TS [12833]
03-02 00:57:17.269  1444  1808 D PQ      : PQDSConfig::getEnableStatus check1  time 0 ms
03-02 00:57:17.269  1444  1808 D PQ      : [PQDSConfig] PQDSConfig::getEnableStatus = 1
03-02 00:57:17.269  1444  1808 D PQ      : [PQDSConfig] m_TDSHPTableInit 1
03-02 00:57:17.269  1444  1808 D PQ      : [PQDSConfig] getAshmemContext(SHP_ENABLE) = 1
03-02 00:57:17.269  1444  1808 D PQ      : PQDSConfig::getEnableStatus check2  time 0 ms
03-02 00:57:17.269  1444  1808 D PQ      : [PQDSConfig] PQDSConfig::getUREnableStatus = 1
03-02 00:57:17.269  1444  1808 D MDP     : [PQSession] setDpPqConfig m_svp = 0, enDRE = 0
03-02 00:57:17.269  1444  1808 D MDP     : setPQParam globalPQSupport = [0] globalPQSwitch = [0] globalPQStrength = [0] globalPQType = [0]
03-02 00:57:17.269  1444  1808 D MDP     : [PQSession] setPQparam userId[0x0], scenario[1], enDRE[0]
03-02 00:57:17.269  1444  1808 D MDP     : [PQSession] getDpPqConfig() id[a] enable[1], scenario[1]
03-02 00:57:17.269  1444  1808 D MDP     : [PQSession] getDpPqConfig() enSharp[1] enDC[0] enColor[0] enHDR[0] enHDRVivid[0] enUR[0] enReFocus[0] enCcorr[1] enDRE[0] enHFG[0] enAIPQ[0] enAISDR2HDR[0] enAIRegionPQ[0] mAdaptiveEnable[0]
03-02 00:57:17.269  1444  1808 D MDP     : [PQSession] setPQDREParam userId[0x0] scenario[1] enDRE[0]
03-02 00:57:17.269  1444  1808 D MDP     : [PQSessionManager] findVideoID[f6840820] found on index a
03-02 00:57:17.269  1444  1808 D PQ_HDR  : DpAsyncBlit: job:(2070987 112) in:(720, 1280)[720 368] C8s P1.1.1.0.1, alpha 0, sec0 flush:0 Buffer 1035493: plane=3 bufVA={0x70,0x70,0x70} bufMVA={0x0,0x0,0x0} bufSize={0xe1000,0x39800,0x39800} proxy={0xb4000074f4c6a780,0x0,0x0}fence=-1
03-02 00:57:17.269  1444  1808 D PQ_HDR  : DpAsyncBlit: out 0:(1024, 1920)[2176 0] C5 P1.1.1.0.1 R:0 F:0 S:1 A:0 HDR:0 COLOR:0 CCORR:1 sec0 flush:0 Buffer 1035493: plane=1 bufVA={0x66,0x0,0x0} bufMVA={0x0,0x0,0x0} bufSize={0x4db200,0x0,0x0} proxy={0xb40000747320b840,0x0,0x0}fence=146
03-02 00:57:17.269  1444  1808 D PQ_HDR  : DpAsyncBlit: crop 0:(38.0, 0.0, 682.0, 1280.0) compose:(0, 0, 1024, 1920)
03-02 00:57:17.269  1507  1507 D SurfaceFlinger: Display 4627039422300187648 HWC layers:
03-02 00:57:17.269  1507  1507 D SurfaceFlinger:   SOLID_COLOR |                        0 | 00000002 | N/A          |    0.0    0.0    0.0    0.0 |    0    0   -1   -1 | Background for 68eb87 SurfaceView[co[...]weme.splash.SplashActivity]@0#155939 (0)
03-02 00:57:17.269  1507  1507 D SurfaceFlinger:   SOLID_COLOR |                        0 | 00000002 | N/A          |    0.0    0.0    0.0    0.0 |    0    0   -1   -1 | Background for 836459b SurfaceView[c[...]weme.splash.SplashActivity]@0#155945 (0)
03-02 00:57:17.269  1507  1507 D SurfaceFlinger:   SOLID_COLOR |                        0 | 00000002 | N/A          |    0.0    0.0    0.0    0.0 |    0    0   -1   -1 | Background for 7086fb SurfaceView[co[...]weme.splash.SplashActivity]@0#155951 (0)
03-02 00:57:17.269  1507  1507 D SurfaceFlinger:        DEVICE |           63930588201984 | 00000102 | 0x32315659   |   38.0    0.0  720.0 1280.0 |    0   80 1024 2000 | 7086fb SurfaceView[com.zhiliaoapp.mu[...]lash.SplashActivity]@0(BLAST)#155950 (1)
03-02 00:57:17.269  1507  1507 D SurfaceFlinger:        DEVICE |           63930588201979 | 00002100 | RGBA_8888    |   56.0    0.0 1080.0 2340.0 |    0    0 1024 2340 | com.zhiliaoapp.musically/com.ss.andr[...].splash.S
03-02 00:57:17.269  1507  1507 D SurfaceFlinger: plashActivity$_14885#155933 (5)
03-02 00:57:17.269  1507  1507 D SurfaceFlinger:        DEVICE |           75299366633528 | 00002102 | RGBA_8888    |    0.0    0.0  180.0 2340.0 |  900    0 1080 2340 | com.podcast.app.debug.test/androidx.[...]yInvoker$EmptyActivity$_17532#155926 (1)
03-02 00:57:17.269  1507  1507 D SurfaceFlinger:        DEVICE |           11793980281879 | 00002100 | RGBA_8888    |    0.0    0.0 1080.0   80.0 |    0    0 1080   80 | StatusBar$_2746#117 (211013)
03-02 00:57:17.269  1507  1507 D SurfaceFlinger:        DEVICE |           13752485304097 | 00002100 | RGBA_8888    |    0.0    0.0   67.0  346.0 | 1013  454 1080  800 | com.sec.android.app.launcher/com.sam[...].app.CocktailBarService$_3202#152779 (1)
03-02 00:57:17.269  1507  1507 D SurfaceFlinger:        DEVICE |           11793980281862 | 00002100 | RGBA_8888    |    0.0    0.0 1080.0  135.0 |    0 2205 1080 2340 | NavigationBar0$_2746#113 (187672)
03-02 00:57:17.269  1507  1507 D SurfaceFlinger:
03-02 00:57:17.269  1444  1808 D MDP     : [PQSessionManager] PQSessionManager::getPQSession id[a]
03-02 00:57:17.269  1444  1808 D MDP     : [PQSessionManager] getPQSessionListHandle id[a]
03-02 00:57:17.269  1444  1808 D MDP     : [PQSessionManager] getPQSessionListHandle, find id[a]
03-02 00:57:17.269  1444  1808 D MDP     : [PQSessionManager] PQSessionManager::getPQSession id[a]
03-02 00:57:17.269  1444  1808 D MDP     : [PQSessionManager] getPQSessionListHandle id[a]
03-02 00:57:17.269  1444  1808 D MDP     : [PQSessionManager] getPQSessionListHandle, find id[a]
03-02 00:57:17.269  1444  1808 D MDP     : PQSession:setPipeNum m_PipeNum[1] value[1] ID[a] DCPath[0] DCDone[0] addr[732261df]
03-02 00:57:17.269  1444  1808 D MDP     : [PQSession] getDpPqConfig() id[a] enable[1], scenario[1]
03-02 00:57:17.269  1444  1808 D MDP     : [PQSession] getDpPqConfig() enSharp[1] enDC[0] enColor[0] enHDR[0] enHDRVivid[0] enUR[0] enReFocus[0] enCcorr[1] enDRE[0] enHFG[0] enAIPQ[0] enAISDR2HDR[0] enAIRegionPQ[0] mAdaptiveEnable[0]
03-02 00:57:17.269  1444  1808 D PQ      : [PQRSZConfig] PQRSZConfig::getUREnableStatus = 1
03-02 00:57:17.270  1444  1808 D MDP     : [PQSessionManager] PQSessionManager::getPQSession id[a]
03-02 00:57:17.270  1444  1808 D MDP     : [PQSessionManager] getPQSessionListHandle id[a]
03-02 00:57:17.270  1444  1808 D MDP     : [PQSessionManager] getPQSessionListHandle, find id[a]
03-02 00:57:17.270  1444  1808 D AAL     : [PQEngineInterface] DpEngineTDSHPConfigFrame(0) pqSessionId = a
03-02 00:57:17.270  1444  1808 D MDP     : [PQSession] getDpPqConfig() id[a] enable[1], scenario[1]
03-02 00:57:17.270  1444  1808 D MDP     : [PQSession] getDpPqConfig() enSharp[1] enDC[0] enColor[0] enHDR[0] enHDRVivid[0] enUR[0] enReFocus[0] enCcorr[1] enDRE[0] enHFG[0] enAIPQ[0] enAISDR2HDR[0] enAIRegionPQ[0] mAdaptiveEnable[0]
03-02 00:57:17.270  1444  1808 D AAL     : [PQEngineInterface] DpEngineTDSHPConfigFrame(0) tdshpEnable(1) enSharp(1) enDC(0) enHFG(0)
03-02 00:57:17.270  1444  1808 D MDP     : PQSession:setPipeNum m_PipeNum[1] value[1] ID[a] DCPath[0] DCDone[0] addr[732261df]
03-02 00:57:17.270  1444  1808 D AAL     : [PQEngineInterface] DpEngineTDSHPConfigFrame(0) adl_enable = 0
03-02 00:57:17.270  1444  1808 D PQ      : [PQHFGConfig] PQHFGConfig::isEnabled = 2
03-02 00:57:17.270  1444  1808 D MDP     : [PQSession] getDpPqConfig() id[a] enable[1], scenario[1]
03-02 00:57:17.270  1444  1808 D MDP     : [PQSession] getDpPqConfig() enSharp[1] enDC[0] enColor[0] enHDR[0] enHDRVivid[0] enUR[0] enReFocus[0] enCcorr[1] enDRE[0] enHFG[0] enAIPQ[0] enAISDR2HDR[0] enAIRegionPQ[0] mAdaptiveEnable[0]
03-02 00:57:17.270  1444  1808 D AAL     : [PQEngineInterface] DpEngineTDSHPConfigFrame(0) hfg_enable = 0
03-02 00:57:17.270  1444  1808 D AAL     : PQEngineInterface] DpEngineTDSHPConfigFrame(0) shp_enable = 0
03-02 00:57:17.270  1444  1808 D MDP     : [PQSessionManager] PQSessionManager::getPQSession id[a]
03-02 00:57:17.270  1444  1808 D MDP     : [PQSessionManager] getPQSessionListHandle id[a]
03-02 00:57:17.270  1444  1808 D MDP     : [PQSessionManager] getPQSessionListHandle, find id[a]
03-02 00:57:17.270  1444  1808 D MDP     : [PQSession] getDpPqConfig() id[a] enable[1], scenario[1]
03-02 00:57:17.270  1444  1808 D MDP     : [PQSession] getDpPqConfig() enSharp[1] enDC[0] enColor[0] enHDR[0] enHDRVivid[0] enUR[0] enReFocus[0] enCcorr[1] enDRE[0] enHFG[0] enAIPQ[0] enAISDR2HDR[0] enAIRegionPQ[0] mAdaptiveEnable[0]
03-02 00:57:17.270  1444  1808 W AAL     : DpEngine_AAL: relay 1
03-02 00:57:17.270  2013  2252 I WindowManager: Relayout hash=7d11da4, pid=2746, syncId=-1: mAttrs={(0,0)(fillxfill) sim={adjust=pan} layoutInDisplayCutoutMode=always ty=APPLICATION_STARTING fmt=TRANSLUCENT wanim=0x1030317
03-02 00:57:17.270  2013  2252 I WindowManager:   fl=81030118
03-02 00:57:17.270  2013  2252 I WindowManager:   pfl=10000810
03-02 00:57:17.270  2013  2252 I WindowManager:   bhv=1
03-02 00:57:17.270  2013  2252 I WindowManager:   fitSides=0
03-02 00:57:17.270  2013  2252 I WindowManager:   frameRateBoostOnTouch=true
03-02 00:57:17.270  2013  2252 I WindowManager:   dvrrWindowFrameRateHint=true naviIconColor=0}
03-02 00:57:17.270  1444  1808 D AAL     : [PQEngineInterface] DpEngineTDSHPConfigTile(0) InpSize: 803, 1920, OutSize: 803, 1920
03-02 00:57:17.270  1444  1808 D MDP     : [PQSessionManager] PQSessionManager::getPQSession id[a]
03-02 00:57:17.270  1444  1808 D MDP     : [PQSessionManager] getPQSessionListHandle id[a]
03-02 00:57:17.270  1444  1808 D MDP     : [PQSessionManager] getPQSessionListHandle, find id[a]
03-02 00:57:17.270  1444  1808 D PQ      : [PQHFGConfig] PQHFGConfig::isEnabled = 2
03-02 00:57:17.270  1444  1808 D MDP     : [PQSession] getDpPqConfig() id[a] enable[1], scenario[1]
03-02 00:57:17.270  1444  1808 D MDP     : [PQSession] getDpPqConfig() enSharp[1] enDC[0] enColor[0] enHDR[0] enHDRVivid[0] enUR[0] enReFocus[0] enCcorr[1] enDRE[0] enHFG[0] enAIPQ[0] enAISDR2HDR[0] enAIRegionPQ[0] mAdaptiveEnable[0]
03-02 00:57:17.270  1444  1808 D AAL     : [PQEngineInterface] DpEngineAALCongTile(0) MDP_aal_size = 36701440
03-02 00:57:17.270  1444  1808 D AAL     : [PQEngineInterface(1791345034)::MDP_AAL_output_offset = 0
03-02 00:57:17.270  1444  1808 D AAL     : [PQEngineInterface] DpEngineAALCongTile(0) MDP_AAL_output_size = 35652864
03-02 00:57:17.270  1444  1808 D AAL     : [PQEngineInterface] DpEngineAALCongTile(0) inTileXRight = 585, inTileXLeft = 26
03-02 00:57:17.270  1444  1808 D AAL     : [PQEngineInterface] DpEngineAALCongTile(0) inTileYBottom = 577, inTileYTop = 0
03-02 00:57:17.270  1444  1808 D AAL     : [PQEngineInterface] DpEngineAALCongTile(0) outTileXRight = 1279, outTileXLeft = 34
03-02 00:57:17.270  1444  1808 D AAL     : [PQEngineInterface] DpEngineAALCongTile(0) m_outTileYBottom = 1279, m_outTileYTop = 0
03-02 00:57:17.270  1444  1808 D MDP     : [PQSessionManager] PQSessionManager::getPQSession id[a]
03-02 00:57:17.270  1444  1808 D MDP     : [PQSessionManager] getPQSessionListHandle id[a]
03-02 00:57:17.270  1444  1808 D MDP     : [PQSessionManager] getPQSessionListHandle, find id[a]
03-02 00:57:17.270  1444  1808 D AAL     : [PQEngineInterface] DpEngineAALCongTile(0)cropOffset[X, Y]=[1, 26], crop[Wid, Hei]=[0, 694]
03-02 00:57:17.270  1444  1808 D MDP     : [PQSessionManager] PQSessionManager::getPQSession id[a]
03-02 00:57:17.270  1444  1808 D MDP     : [PQSessionManager] getPQSessionListHandle id[a]
03-02 00:57:17.270  1444  1808 D MDP     : [PQSessionManager] getPQSessionListHandle, find id[a]
03-02 00:57:17.270  1444  1808 D AAL     : [PQEngineInterface] DpEngineHDRConfigTile(0) outTileXLeft = 26, outTileXRight = 585
03-02 00:57:17.270  1444  1808 D AAL     : [PQEngineInterface] DpEngineHDRConfigTile(0) inTileXLeft = 26, inTileXRight = 585
03-02 00:57:17.270  1444  1808 D AAL     : [PQEngineInterface] DpEngineHDRConfigTile(0) HDR_out_start_x = 0, HDR_out_end_x = 559, src h: 560,v: 1280
03-02 00:57:17.270  1444  1808 D AAL     : [PQEngineInterface] DpEngineHDRConfigTile(0) HDR_hist_end_x = 0, HDR_hist_begin_x = 0
03-02 00:57:17.270  1444  1808 D AAL     : [PQEngineInterface] DpEngineHDRConfigTile(0) HDR_first_tile = 0, HDR_last_tile = 0
03-02 00:57:17.270  1444  1808 D AAL     : [PQEngineInterface] DpEngineHDRConfigTile(0) inFrameWidth = 720 , middlePosX = 0
03-02 00:57:17.270  1444  1808 D AAL     : [PQEngineInterface] DpEngineTDSHPConfigTile(0) InpSize: 222, 1920, OutSize: 222, 1920
03-02 00:57:17.270  1444  1808 D MDP     : [PQSessionManager] PQSessionManager::getPQSession id[a]
03-02 00:57:17.270  1444  1808 D MDP     : [PQSessionManager] getPQSessionListHandle id[a]
03-02 00:57:17.270  1444  1808 D MDP     : [PQSessionManager] getPQSessionListHandle, find id[a]
