03-02 00:56:50.053 16938 17087 I Routine@Core[4.9.04.16]: AppFunctionsMetadataCollector: collect: incoming metadata={"displayNameRes":0,"functionId":"com.samsung.android.support.senl.nt.app.main.appfunction#FolderFunctions_createFolder","isEffectivelyEnabled":true,"packageName":"com.samsung.android.app.notes","parameters":[{"description":"CREATEFOLDER_PARAMETER_DESCRIPTION_TEMPLATE","id":"createFolderParams","name":"createFolderParams","namespace":"androidx.appsearch.functions","parameterType":{"dataType":3,"documentType":"com.google.android.appfunctions.schema.common.v1.notes.CreateFolderParams","id":"com.google.android.appfunctions.schema.common.v1.notes#createFolder#PARAMETER_TYPE","isList":false,"isNullable":false,"namespace":"androidx.appsearch.functions"}}],"returnType":{"dataType":3,"documentType":"com.google.android.appfunctions.schema.common.v1.notes.Folder","id":"com.google.android.appfunctions.schema.common.v1.notes#createFolder#RETURN_TYPE","isList":false,"isNullable":false,"namespace":"androidx.appsearch.functions"},"schemaMetadata":{"schemaCategory":"notes","schemaName":"createFolder","schemaVersion":1},"shouldRestrictCallersWithExecuteAppFunctions":false}
03-02 00:56:50.057 16938 17087 E Routine@Core[4.9.04.16]: AppFunctionsSchemaMetadataConverter: isSupportedMetadata: not supported schema. name=createFolder
03-02 00:56:50.057 16938 17087 W Routine@Core[4.9.04.16]: AppFunctionsMetadataCollector: collect: isSupportedMetaData = false, schemaCategory/schemaName=notes/createFolder
03-02 00:56:50.059 16938 17087 I Routine@Core[4.9.04.16]: AppFunctionsMetadataCollector: collect: incoming metadata={"displayNameRes":0,"functionId":"com.samsung.android.support.senl.nt.app.main.appfunction#NoteFunctions_getNotes","isEffectivelyEnabled":true,"packageName":"com.samsung.android.app.notes","parameters":[{"description":"GETNOTES_PARAMETER_DESCRIPTION_TEMPLATE","id":"noteIds","name":"noteIds","namespace":"androidx.appsearch.functions","parameterType":{"dataType":8,"id":"com.google.android.appfunctions.schema.common.v1.notes#getNotes#PARAMETER_TYPE","isList":true,"isNullable":false,"namespace":"androidx.appsearch.functions"}}],"returnType":{"dataType":3,"documentType":"com.google.android.appfunctions.schema.common.v1.notes.Note","id":"com.google.android.appfunctions.schema.common.v1.notes#getNotes#RETURN_TYPE","isList":true,"isNullable":false,"namespace":"androidx.appsearch.functions"},"schemaMetadata":{"schemaCategory":"notes","schemaName":"getNotes","schemaVersion":1},"shouldRestrictCallersWithExecuteAppFunctions":false}
03-02 00:56:50.059 16938 17087 E Routine@Core[4.9.04.16]: AppFunctionsSchemaMetadataConverter: isSupportedMetadata: not supported schema. name=getNotes
03-02 00:56:50.059 16938 17087 W Routine@Core[4.9.04.16]: AppFunctionsMetadataCollector: collect: isSupportedMetaData = false, schemaCategory/schemaName=notes/getNotes
03-02 00:56:50.059 17208 17208 W SmApplication: onTrimMemory : 40
03-02 00:56:50.060 16938 17087 I Routine@Core[4.9.04.16]: AppFunctionsMetadataCollector: collect: incoming metadata={"displayNameRes":0,"functionId":"com.samsung.android.support.senl.nt.app.main.appfunction#NoteFunctions_findNotes","isEffectivelyEnabled":true,"packageName":"com.samsung.android.app.notes","parameters":[{"description":"FINDNOTES_PARAMETER_DESCRIPTION_TEMPLATE","id":"findNotesParams","name":"findNotesParams","namespace":"androidx.appsearch.functions","parameterType":{"dataType":3,"documentType":"com.google.android.appfunctions.schema.common.v1.notes.FindNotesParams","id":"com.google.android.appfunctions.schema.common.v1.notes#findNotes#PARAMETER_TYPE","isList":false,"isNullable":false,"namespace":"androidx.appsearch.functions"}}],"returnType":{"dataType":3,"documentType":"com.google.android.appfunctions.schema.common.v1.notes.Note","id":"com.google.android.appfunctions.schema.common.v1.notes#findNotes#RETURN_TYPE","isList":true,"isNullable":false,"namespace":"androidx.appsearch.functions"},"schemaMetadata":{"schemaCategory":"notes","schemaName":"findNotes","schemaVersion":1},"shouldRestrictCallersWithExecuteAppFunctions":false}
03-02 00:56:50.061 16938 17087 I Routine@Core[4.9.04.16]: AppFunctionsMetadataCollector: collect: supportState : schemaCategory/schemaName=notes/findNotes
03-02 00:56:50.062 16938 17087 I Routine@Core[4.9.04.16]: AppFunctionsMetadataCollector: collect: converted meta=RawActionMeta(id=-1, tag=appfunction://com.samsung.android.support.senl.nt.app.main.appfunction#NoteFunctions_findNotes, packageName=com.samsung.android.app.notes, componentName=notes|findNotes, componentType=v3, labelResourceId=2131887572, subLabelResourceId=0, descriptionResourceId=0, enabledLabelResourceId=0, negativeEnabledLabelResourceId=0, supportNegative=0, iconResourceId=2131231996, category=samsung_notes, configActivity=@template/DYNAMIC, defaultParameter=null, defaultParameterLabel=null, uri=null, correctParam=null, parameterSpecSet={"inputParameterSpecs":[{"isPrimary":false,"key":"__key_notes_find_specific_keyword__","name":-1,"structure":"MAP","type":"STRING"}],"outputParameterSpecs":[{"isPrimary":false,"key":"key_notes_find_result_notes","name":-1,"structure":"PLAIN_OBJECT","type":"LIST_NOTE"}]}, supportState=0, attributes=irreversible|programmable|representation_supported|getter|find, version=1, defaultLabel=null)
03-02 00:56:50.064 17121 17305 W Settings: Setting always_finish_activities has moved from android.provider.Settings.System to android.provider.Settings.Global, returning read-only value.
03-02 00:56:50.065  2013  2706 D NetdEventListenerService: DNS Requested by 318, 10346(com.instagram.barcelona), SUCCESS, 7ms
03-02 00:56:50.067 17208 17208 I DC.AppIconCache: clear icon cache
03-02 00:56:50.067 16938 17087 I Routine@Core[4.9.04.16]: AppFunctionsMetadataCollector: collect: incoming metadata={"displayNameRes":0,"functionId":"com.samsung.android.app.sharelive.appfunction#ShareFunction_shareFilesToNearbyDevice","isEffectivelyEnabled":true,"packageName":"com.samsung.android.app.sharelive","parameters":[{"description":"SHAREFILESTONEARBYDEVICE_PARAMETER_DESCRIPTION_TEMPLATE","id":"shareFilesToNearbyDeviceParams","name":"shareFilesToNearbyDeviceParams","namespace":"androidx.appsearch.functions","parameterType":{"dataType":3,"documentType":"com.google.android.appfunctions.schema.common.v1.nearbysharing.ShareFilesToNearbyDeviceParams","id":"com.google.android.appfunctions.schema.common.v1.nearbysharing#shareFilesToNearbyDevice#PARAMETER_TYPE","isList":false,"isNullable":false,"namespace":"androidx.appsearch.functions"}}],"returnType":{"dataType":0,"id":"com.google.android.appfunctions.schema.common.v1.nearbysharing#shareFilesToNearbyDevice#RETURN_TYPE","isList":false,"isNullable":false,"namespace":"androidx.appsearch.functions"},"schemaMetadata":{"schemaCategory":"nearby_sharing","schemaName":"shareFilesToNearbyDevice","schemaVersion":1},"shouldRestrictCallersWithExecuteAppFunctions":false}
03-02 00:56:50.067 16938 17087 E Routine@Core[4.9.04.16]: AppFunctionsSchemaMetadataFactory: getMetadata: AppFunction not supported category. category=nearby_sharing
03-02 00:56:50.067 16938 17087 E Routine@Core[4.9.04.16]: AppFunctionsSchemaMetadataConverter: isSupportedMetadata: not supported schema. name=shareFilesToNearbyDevice
03-02 00:56:50.067 16938 17087 W Routine@Core[4.9.04.16]: AppFunctionsMetadataCollector: collect: isSupportedMetaData = false, schemaCategory/schemaName=nearby_sharing/shareFilesToNearbyDevice
03-02 00:56:50.068 16938 17087 I Routine@Core[4.9.04.16]: AppFunctionsMetadataCollector: collect: incoming metadata={"displayNameRes":0,"functionId":"com.samsung.android.app.sharelive.appfunction#ShareFunction_findNearbyDevices","isEffectivelyEnabled":true,"packageName":"com.samsung.android.app.sharelive","parameters":[{"description":"FINDNEARBYDEVICES_PARAMETER_DESCRIPTION_TEMPLATE","id":"findNearbyDevicesParams","name":"findNearbyDevicesParams","namespace":"androidx.appsearch.functions","parameterType":{"dataType":3,"documentType":"com.google.android.appfunctions.schema.common.v1.nearbysharing.FindNearbyDevicesParams","id":"com.google.android.appfunctions.schema.common.v1.nearbysharing#findNearbyDevices#PARAMETER_TYPE","isList":false,"isNullable":false,"namespace":"androidx.appsearch.functions"}}],"returnType":{"dataType":3,"documentType":"com.google.android.appfunctions.schema.common.v1.nearbysharing.NearbyDevice","id":"com.google.android.appfunctions.schema.common.v1.nearbysharing#findNearbyDevices#RETURN_TYPE","isList":true,"isNullable":false,"namespace":"androidx.appsearch.functions"},"schemaMetadata":{"schemaCategory":"nearby_sharing","schemaName":"findNearbyDevices","schemaVersion":1},"shouldRestrictCallersWithExecuteAppFunctions":false}
03-02 00:56:50.068 16938 17087 E Routine@Core[4.9.04.16]: AppFunctionsSchemaMetadataFactory: getMetadata: AppFunction not supported category. category=nearby_sharing
03-02 00:56:50.068 16938 17087 E Routine@Core[4.9.04.16]: AppFunctionsSchemaMetadataConverter: isSupportedMetadata: not supported schema. name=findNearbyDevices
03-02 00:56:50.068 16938 17087 W Routine@Core[4.9.04.16]: AppFunctionsMetadataCollector: collect: isSupportedMetaData = false, schemaCategory/schemaName=nearby_sharing/findNearbyDevices
03-02 00:56:50.069 16938 17087 I Routine@Core[4.9.04.16]: MetadataLoadManager: updateMetaLoadedPackageList to Pref
03-02 00:56:50.069  1444  1808 D MDP     : [PQSessionManager] findVideoID[f6840820] found on index a
03-02 00:56:50.069  1444  1808 D MDP     : [PQSessionManager] createPQSession(a) user(0xb4000074f4d46d80)
03-02 00:56:50.069 16938 17087 I Routine@Core[4.9.04.16]: MetadataPackageUtil: savePackagesHavingMetadata - containMetadataPackages : [, com.samsung.android.sidegesturepad, com.samsung.android.smartmirroring, com.samsung.android.app.reminder, com.samsung.android.app.routines, com.samsung.android.app.clockpack, com.samsung.android.game.gametools, com.samsung.android.calendar, com.sec.android.app.soundalive, com.samsung.android.app.smartcapture, com.samsung.android.inputshare, com.sec.android.app.clockpackage, com.android.systemui, com.sec.android.gallery3d, com.samsung.accessibility, com.samsung.android.honeyboard, com.samsung.android.app.dressroom, com.android.settings, com.samsung.android.app.notes, com.samsung.android.app.telephonyui, com.samsung.android.lool, com.samsung.android.app.sharelive, com.sec.android.app.launcher, com.samsung.android.game.gos]
03-02 00:56:50.069  1444  1808 D MDP     : [PQSessionManager] Duplicated ID[a] found, please check if double createPQSession!
03-02 00:56:50.069  1444  1808 D MDP     : [PQSessionManager] getPQSessionListHandle id[a]
03-02 00:56:50.069  1444  1808 D MDP     : [PQSessionManager] getPQSessionListHandle, find id[a]
03-02 00:56:50.069  1444  1808 D MDP     : [PQSession] incRefCount id[a] user[0xb4000074f4d46d80] existed
03-02 00:56:50.069  1444  1808 D MDP     : [PQSession] incRefCount id[a] user[0xb4000074f4d46d80] numOfUser[1]
03-02 00:56:50.069 16938 17087 I Routine@Core[4.9.04.16]: MetadataPackageUtil: savePackagesHavingMetadata - saveData Size : 24, saveData : [, com.samsung.android.sidegesturepad, com.samsung.android.smartmirroring, com.samsung.android.app.reminder, com.samsung.android.app.routines, com.samsung.android.app.clockpack, com.samsung.android.game.gametools, com.samsung.android.calendar, com.sec.android.app.soundalive, com.samsung.android.app.smartcapture, com.samsung.android.inputshare, com.sec.android.app.clockpackage, com.android.systemui, com.sec.android.gallery3d, com.samsung.accessibility, com.samsung.android.honeyboard, com.samsung.android.app.dressroom, com.android.settings, com.samsung.android.app.notes, com.samsung.android.app.telephonyui, com.samsung.android.lool, com.samsung.android.app.sharelive, com.sec.android.app.launcher, com.samsung.android.game.gos]
03-02 00:56:50.069  1444  1808 D MDP     : [PQSession] numElements[0] key[0] metaData[0]
03-02 00:56:50.069  1444  1808 D MDP     : [PQSession] setPQParam() id[a] enable[1], scenario[1]
03-02 00:56:50.069  1444  1808 D MDP     : [PQSession] video TS [4767]
03-02 00:56:50.069  1444  1808 D PQ      : PQDSConfig::getEnableStatus check1  time 0 ms
03-02 00:56:50.069 16938 17087 I Routine@Core[4.9.04.16]: Pref: putSharedPrefsData: key=pref_packages_for_routine, data.size=708
03-02 00:56:50.069  1444  1808 D PQ      : [PQDSConfig] PQDSConfig::getEnableStatus = 1
03-02 00:56:50.069  1444  1808 D PQ      : [PQDSConfig] m_TDSHPTableInit 1
03-02 00:56:50.069  1444  1808 D PQ      : [PQDSConfig] getAshmemContext(SHP_ENABLE) = 1
03-02 00:56:50.069  1444  1808 D PQ      : PQDSConfig::getEnableStatus check2  time 0 ms
03-02 00:56:50.069  1444  1808 D PQ      : [PQDSConfig] PQDSConfig::getUREnableStatus = 1
03-02 00:56:50.069  1444  1808 D MDP     : [PQSession] setDpPqConfig m_svp = 0, enDRE = 0
03-02 00:56:50.069  1444  1808 D MDP     : setPQParam globalPQSupport = [0] globalPQSwitch = [0] globalPQStrength = [0] globalPQType = [0]
03-02 00:56:50.070  1444  1808 D MDP     : [PQSession] setPQparam userId[0x0], scenario[1], enDRE[0]
03-02 00:56:50.070  1444  1808 D MDP     : [PQSession] getDpPqConfig() id[a] enable[1], scenario[1]
03-02 00:56:50.070  1444  1808 D MDP     : [PQSession] getDpPqConfig() enSharp[1] enDC[0] enColor[0] enHDR[0] enHDRVivid[0] enUR[0] enReFocus[0] enCcorr[1] enDRE[0] enHFG[0] enAIPQ[0] enAISDR2HDR[0] enAIRegionPQ[0] mAdaptiveEnable[0]
03-02 00:56:50.070  1444  1808 D MDP     : [PQSession] setPQDREParam userId[0x0] scenario[1] enDRE[0]
03-02 00:56:50.070  1444  1808 D MDP     : [PQSessionManager] findVideoID[f6840820] found on index a
03-02 00:56:50.070  1444  1808 D MDP     : [PQSessionManager] PQSessionManager::getPQSession id[a]
03-02 00:56:50.070  1444  1808 D MDP     : [PQSessionManager] getPQSessionListHandle id[a]
03-02 00:56:50.070  1444  1808 D MDP     : [PQSessionManager] getPQSessionListHandle, find id[a]
03-02 00:56:50.070  1444  1808 D MDP     : [PQSession] getDpPqConfig() id[a] enable[1], scenario[1]
03-02 00:56:50.070  1444  1808 D MDP     : [PQSession] getDpPqConfig() enSharp[1] enDC[0] enColor[0] enHDR[0] enHDRVivid[0] enUR[0] enReFocus[0] enCcorr[1] enDRE[0] enHFG[0] enAIPQ[0] enAISDR2HDR[0] enAIRegionPQ[0] mAdaptiveEnable[0]
03-02 00:56:50.070  1444  1808 D MDP     : [PQSessionManager] PQSessionManager::getPQSession id[a]
03-02 00:56:50.070  1444  1808 D MDP     : [PQSessionManager] getPQSessionListHandle id[a]
03-02 00:56:50.070  1444  1808 D MDP     : [PQSessionManager] getPQSessionListHandle, find id[a]
03-02 00:56:50.070  1444  1808 D AAL     : [PQEngineInterface] DpEngineTDSHPReConfigFrame(0)
03-02 00:56:50.070  1444  1808 D MDP     : [PQSession] getDpPqConfig() id[a] enable[1], scenario[1]
03-02 00:56:50.070  1444  1808 D MDP     : [PQSession] getDpPqConfig() enSharp[1] enDC[0] enColor[0] enHDR[0] enHDRVivid[0] enUR[0] enReFocus[0] enCcorr[1] enDRE[0] enHFG[0] enAIPQ[0] enAISDR2HDR[0] enAIRegionPQ[0] mAdaptiveEnable[0]
03-02 00:56:50.070  1444  1808 D AAL     : [PQEngineInterface] DpEngineTDSHPReConfigFrame(0) tdshpEnable(1) enSharp(1) enDC(0) enHFG(0)
03-02 00:56:50.070  1444  1808 D MDP     : PQSession:setPipeNum m_PipeNum[1] value[1] ID[a] DCPath[0] DCDone[0] addr[732261df]
03-02 00:56:50.070  1444  1808 D AAL     : [PQEngineInterface] DpEngineTDSHPReConfigFrame(0)  adl_enable = 0
03-02 00:56:50.070  1444  1808 D AAL     : [PQEngineInterface] DpEngineTDSHPReConfigFrame(0) Scenario = 0
03-02 00:56:50.070  1444  1808 D MDP     : [PQSessionManager] PQSessionManager::getPQSession id[a]
03-02 00:56:50.070  1444  1808 D MDP     : [PQSessionManager] getPQSessionListHandle id[a]
03-02 00:56:50.070  1444  1808 D MDP     : [PQSessionManager] getPQSessionListHandle, find id[a]
03-02 00:56:50.070  1444  1808 W AAL     : DpEngine_HDR::onReconfigTiles : PABufferIndex no change do nothing
03-02 00:56:50.074 17121 17305 E ashmem  : Pinning is deprecated since Android Q. Please use trim or other methods.
03-02 00:56:50.075  1444  1809 D MDP     : [PQSessionManager] PQSessionManager::getPQSession id[a]
03-02 00:56:50.075  1444  1809 D MDP     : [PQSessionManager] getPQSessionListHandle id[a]
03-02 00:56:50.075  1444  1809 D MDP     : [PQSessionManager] getPQSessionListHandle, find id[a]
03-02 00:56:50.075  1444  1809 D MDP     : [PQSessionManager] findVideoID[f6840820] found on index a
03-02 00:56:50.079  2013  2067 I ChimeraSystemEventListener: appLaunchIntent package name is: com.podcast.app.debug
03-02 00:56:50.080  2013  3566 E system_server: No package ID 7f found for resource ID 0x7f130000.
03-02 00:56:50.084 16938 17087 I Routine@Core[4.9.04.16]: MetadataLoadManager: doPostCollectionTasks - packageName:com.podcast.app.debug.test
03-02 00:56:50.084 16938 16948 I Routine@Core[4.9.04.16]: MetadataSyncHistory: isMetaDataSyncedWithVersion: latest=dcfeca94e59922de043a92f2a637291a878ecefe, currentVersion=dcfeca94e59922de043a92f2a637291a878ecefe
03-02 00:56:50.084  1445  2902 W C2MtkBufferManager: [0xB4000070F507E520] fetchNewCcBlock: wait fence 0x0xb4000070f5058270 timed out. ret 110
03-02 00:56:50.085  2013  2706 D NetdEventListenerService: DNS Requested by 318, 10346(com.instagram.barcelona), SUCCESS, 8ms
03-02 00:56:50.086  1464  1492 I mtkpower@impl: [setMode] type:5, enabled:1
03-02 00:56:50.086  2013  3441 I SemDvfsHyPerManager: acquire hyper - AMS_APP_SWITCH/2013@20, type = -999
03-02 00:56:50.087  1450  1487 I HYPER-HAL: [RequestManager.cpp]acquire(): Acquired ID : 2067581  [2013 / 20]    HINT : AMS_ACT_SWITCH    list :
03-02 00:56:50.088  1450  1487 I mtkpower_client: perf_lock_rel, hdl:76175, pid: 1450, tid:1487
03-02 00:56:50.088  1450  1487 I mtkpower_client: perf_lock_acq, hdl:0, dur:0, num:2, pid:1450, tid:1487
03-02 00:56:50.090  1464  1529 I libPowerHal: [perfLockRel] hdl:76175, idx:2
03-02 00:56:50.090  1464  1529 I libPowerHal: [PD] vendor.samsung. update cmd:1000000 param:-1 pr:6
03-02 00:56:50.090  1464  1529 I libPowerHal: [perfLockRel] Done for hdl : 76175
03-02 00:56:50.090  1450  1487 I mtkpower_client: ret_hdl:76176
03-02 00:56:50.090  1450  1487 I mtkpower_client: perf_lock_acq, hdl:0, dur:0, num:2, pid:1450, tid:1487
03-02 00:56:50.090  1464  1529 I libPowerHal: [perfLockAcq] idx:5 hdl:76176 hint:-1 pid:1450 tid:1487 duration:0 lock_user:vendor.samsung. => ret_hdl:76176
03-02 00:56:50.091  1464  1529 I libPowerHal: [setDvfsrcDevFreqOpp] opp:0, freq:4266000000
03-02 00:56:50.091  1464  1529 I libPowerHal: [PE] vendor.samsung. update cmd:1000000 param:0 pr:3
03-02 00:56:50.091  1464  1529 I libPowerHal: [perfLockAcq] Done for hdl : 76176
03-02 00:56:50.091  1464  1529 I libPowerHal: [perfLockAcq] idx:2 hdl:76177 hint:-1 pid:1450 tid:1487 duration:0 lock_user:vendor.samsung. => ret_hdl:76177
03-02 00:56:50.091  1450  1487 I mtkpower_client: ret_hdl:76177
03-02 00:56:50.092  1464  1529 I libPowerHal: [PE] vendor.samsung. update cmd:400000 param:2000000 pr:3
03-02 00:56:50.092  1464  1529 I libPowerHal: [recordCPUFreqInfo] set cluster[0] min(vendor.samsung.): 2000000 max(-1): -1 cluster[1] min(-1): -1 max(-1): -1
03-02 00:56:50.092  1464  1529 I libPowerHal: [perfLockAcq] Done for hdl : 76177
03-02 00:56:50.092  1507  2393 I SurfaceFlinger: id=155235 createSurf, flag=24004, Task=44838#155235
03-02 00:56:50.094  4784  4784 I SemDvfsHyPerManager: acquire hyper - APP_START_SHORT/4784@15, type = -999
03-02 00:56:50.095  1450  1487 I HYPER-HAL: [RequestManager.cpp]acquire(): Acquired ID : 11517615  [4784 / 15]    HINT : APP_START    list : [TIMEOUT / 1500]
03-02 00:56:50.096 14636 14636 D WM-SystemJobService: onStopJob for WorkGenerationalId(workSpecId=f23029b8-b7a3-4a93-aaf6-b7c7a26dfe9e, generation=0)
03-02 00:56:50.096  1450  1487 I HYPER-HAL: [RequestManager.cpp]releaseLocked(): Released ID : 11460081
03-02 00:56:50.099  1507  1507 I SurfaceFlinger: [Task=44838#155235] attach to parent LayerHierarchy{RequestedLayerState{DefaultTaskDisplayArea_d0#10 parentId=9} 45 children}
03-02 00:56:50.102 14636 15266 D WM-Processor: WorkerWrapper interrupted for f23029b8-b7a3-4a93-aaf6-b7c7a26dfe9e
03-02 00:56:50.102 14636 15266 D WM-StopWorkRunnable: StopWorkRunnable for f23029b8-b7a3-4a93-aaf6-b7c7a26dfe9e; Processor.stopWork = true
03-02 00:56:50.103  1507  2393 I SurfaceFlinger: id=155236 createSurf, flag=84004, ActivityRecord{252681117 u0 com.podcast.app.debug/androidx.activity.ComponentActivity t44838}#155236
03-02 00:56:50.106  1444  1808 D MDP     : [PQSessionManager] findVideoID[f6840820] found on index a
03-02 00:56:50.106  1444  1808 D MDP     : [PQSessionManager] createPQSession(a) user(0xb4000074f4d46d80)
03-02 00:56:50.106  1444  1808 D MDP     : [PQSessionManager] Duplicated ID[a] found, please check if double createPQSession!
03-02 00:56:50.106  1444  1808 D MDP     : [PQSessionManager] getPQSessionListHandle id[a]
03-02 00:56:50.106  1444  1808 D MDP     : [PQSessionManager] getPQSessionListHandle, find id[a]
03-02 00:56:50.106  1444  1808 D MDP     : [PQSession] incRefCount id[a] user[0xb4000074f4d46d80] existed
03-02 00:56:50.106  1444  1808 D MDP     : [PQSession] incRefCount id[a] user[0xb4000074f4d46d80] numOfUser[1]
03-02 00:56:50.106  1444  1808 D MDP     : [PQSession] numElements[0] key[0] metaData[0]
03-02 00:56:50.106  1444  1808 D MDP     : [PQSession] setPQParam() id[a] enable[1], scenario[1]
03-02 00:56:50.106  1444  1808 D MDP     : [PQSession] video TS [4800]
03-02 00:56:50.106  1444  1808 D PQ      : PQDSConfig::getEnableStatus check1  time 0 ms
03-02 00:56:50.106  1444  1808 D PQ      : [PQDSConfig] PQDSConfig::getEnableStatus = 1
03-02 00:56:50.106  1444  1808 D PQ      : [PQDSConfig] m_TDSHPTableInit 1
03-02 00:56:50.106  1444  1808 D PQ      : [PQDSConfig] getAshmemContext(SHP_ENABLE) = 1
03-02 00:56:50.106  1444  1808 D PQ      : PQDSConfig::getEnableStatus check2  time 0 ms
03-02 00:56:50.106  1444  1808 D PQ      : [PQDSConfig] PQDSConfig::getUREnableStatus = 1
03-02 00:56:50.106  1444  1808 D MDP     : [PQSession] setDpPqConfig m_svp = 0, enDRE = 0
03-02 00:56:50.106  1444  1808 D MDP     : setPQParam globalPQSupport = [0] globalPQSwitch = [0] globalPQStrength = [0] globalPQType = [0]
03-02 00:56:50.106  1444  1808 D MDP     : [PQSession] setPQparam userId[0x0], scenario[1], enDRE[0]
03-02 00:56:50.106  1444  1808 D MDP     : [PQSession] getDpPqConfig() id[a] enable[1], scenario[1]
03-02 00:56:50.106  1444  1808 D MDP     : [PQSession] getDpPqConfig() enSharp[1] enDC[0] enColor[0] enHDR[0] enHDRVivid[0] enUR[0] enReFocus[0] enCcorr[1] enDRE[0] enHFG[0] enAIPQ[0] enAISDR2HDR[0] enAIRegionPQ[0] mAdaptiveEnable[0]
03-02 00:56:50.106  1444  1808 D MDP     : [PQSession] setPQDREParam userId[0x0] scenario[1] enDRE[0]
03-02 00:56:50.106  1444  1808 D MDP     : [PQSessionManager] findVideoID[f6840820] found on index a
03-02 00:56:50.106  1444  1808 D MDP     : [PQSessionManager] PQSessionManager::getPQSession id[a]
03-02 00:56:50.106  1444  1808 D MDP     : [PQSessionManager] getPQSessionListHandle id[a]
03-02 00:56:50.106  1444  1808 D MDP     : [PQSessionManager] getPQSessionListHandle, find id[a]
03-02 00:56:50.106  1444  1808 D MDP     : [PQSession] getDpPqConfig() id[a] enable[1], scenario[1]
03-02 00:56:50.106  1444  1808 D MDP     : [PQSession] getDpPqConfig() enSharp[1] enDC[0] enColor[0] enHDR[0] enHDRVivid[0] enUR[0] enReFocus[0] enCcorr[1] enDRE[0] enHFG[0] enAIPQ[0] enAISDR2HDR[0] enAIRegionPQ[0] mAdaptiveEnable[0]
03-02 00:56:50.106  1444  1808 D MDP     : [PQSessionManager] PQSessionManager::getPQSession id[a]
03-02 00:56:50.106  1444  1808 D MDP     : [PQSessionManager] getPQSessionListHandle id[a]
03-02 00:56:50.106  1444  1808 D MDP     : [PQSessionManager] getPQSessionListHandle, find id[a]
03-02 00:56:50.106  1444  1808 D AAL     : [PQEngineInterface] DpEngineTDSHPReConfigFrame(0)
03-02 00:56:50.106  1444  1808 D MDP     : [PQSession] getDpPqConfig() id[a] enable[1], scenario[1]
03-02 00:56:50.106  1444  1808 D MDP     : [PQSession] getDpPqConfig() enSharp[1] enDC[0] enColor[0] enHDR[0] enHDRVivid[0] enUR[0] enReFocus[0] enCcorr[1] enDRE[0] enHFG[0] enAIPQ[0] enAISDR2HDR[0] enAIRegionPQ[0] mAdaptiveEnable[0]
03-02 00:56:50.106  1444  1808 D AAL     : [PQEngineInterface] DpEngineTDSHPReConfigFrame(0) tdshpEnable(1) enSharp(1) enDC(0) enHFG(0)
03-02 00:56:50.106  1444  1808 D MDP     : PQSession:setPipeNum m_PipeNum[1] value[1] ID[a] DCPath[0] DCDone[0] addr[732261df]
03-02 00:56:50.106  1444  1808 D AAL     : [PQEngineInterface] DpEngineTDSHPReConfigFrame(0)  adl_enable = 0
03-02 00:56:50.106  1444  1808 D AAL     : [PQEngineInterface] DpEngineTDSHPReConfigFrame(0) Scenario = 0
03-02 00:56:50.106  1444  1808 D MDP     : [PQSessionManager] PQSessionManager::getPQSession id[a]
03-02 00:56:50.106  1444  1808 D MDP     : [PQSessionManager] getPQSessionListHandle id[a]
03-02 00:56:50.106  1444  1808 D MDP     : [PQSessionManager] getPQSessionListHandle, find id[a]
03-02 00:56:50.106  1444  1808 W AAL     : DpEngine_HDR::onReconfigTiles : PABufferIndex no change do nothing
03-02 00:56:50.111  1444  1809 D MDP     : [PQSessionManager] PQSessionManager::getPQSession id[a]
03-02 00:56:50.111  1444  1809 D MDP     : [PQSessionManager] getPQSessionListHandle id[a]
03-02 00:56:50.111  1444  1809 D MDP     : [PQSessionManager] getPQSessionListHandle, find id[a]
03-02 00:56:50.111  1444  1809 D MDP     : [PQSessionManager] findVideoID[f6840820] found on index a
03-02 00:56:50.114  2746  2798 D ShellDesktopMode: handleRequest: TransitionRequestInfo {type=1, tid=44838, debugId=11219}
03-02 00:56:50.115  2013  3566 I SemDvfsHyPerManager: acquire hyper - AMS_APP_LAUNCH/2013@17, type = -999
03-02 00:56:50.116  1450  1487 I HYPER-HAL: [RequestManager.cpp]acquire(): Acquired ID : 2061482  [2013 / 17]    HINT : AMS_APP_LAUNCH    list :
03-02 00:56:50.116  1646 17197 I CameraService: onUidStateChanged: uid=10492, procState is changed. (8 -> 10)
03-02 00:56:50.117  1450  1487 I mtkpower_client: perf_lock_acq, hdl:0, dur:0, num:2, pid:1450, tid:1487
03-02 00:56:50.118 14636 15263 I WM-WorkerWrapper: Work [ id=f23029b8-b7a3-4a93-aaf6-b7c7a26dfe9e, tags={ com.urbanairship.job.AirshipWorker,airship } ] was cancelled
03-02 00:56:50.118 14636 15263 I WM-WorkerWrapper: androidx.work.impl.WorkerStoppedException
03-02 00:56:50.118 14636 15263 I WM-WorkerWrapper: 	at o.setEnabledWhenDeviceHasQuirk.AnimatedBarChartKtAnimatedBarChart1112(:348)
03-02 00:56:50.118 14636 15263 I WM-WorkerWrapper: 	at o.MutableConfig.AnimatedBarChartKtAnimatedBarChart1(:439)
03-02 00:56:50.118 14636 15263 I WM-WorkerWrapper: 	at o.MutableConfig.AnimatedBarChartKtAnimatedBarChart1112(:259)
03-02 00:56:50.118 14636 15263 I WM-WorkerWrapper: 	at o.getUseCaseInfo.run(:49)
03-02 00:56:50.118 14636 15263 I WM-WorkerWrapper: 	at o.TagBundle$Architecture.run(:96)
03-02 00:56:50.118 14636 15263 I WM-WorkerWrapper: 	at java.util.concurrent.ThreadPoolExecutor.runWorker(ThreadPoolExecutor.java:1154)
03-02 00:56:50.118 14636 15263 I WM-WorkerWrapper: 	at java.util.concurrent.ThreadPoolExecutor$Worker.run(ThreadPoolExecutor.java:652)
03-02 00:56:50.118 14636 15263 I WM-WorkerWrapper: 	at java.lang.Thread.run(Thread.java:1563)
03-02 00:56:50.119  1450  1487 I mtkpower_client: ret_hdl:76178
03-02 00:56:50.119  1450  1487 I mtkpower_client: perf_lock_acq, hdl:0, dur:0, num:2, pid:1450, tid:1487
03-02 00:56:50.120  1450  1487 I mtkpower_client: ret_hdl:76179
03-02 00:56:50.120  1450  1487 I mtkpower_client: perf_lock_rel, hdl:76177, pid: 1450, tid:1487
03-02 00:56:50.120  1464  1529 I libPowerHal: [perfLockAcq] idx:6 hdl:76178 hint:-1 pid:1450 tid:1487 duration:0 lock_user:vendor.samsung. => ret_hdl:76178
03-02 00:56:50.120  1464  1529 I libPowerHal: [PE] vendor.samsung. update cmd:300c000, param:15, pr:3
03-02 00:56:50.120  1464  1529 I libPowerHal: [perfLockAcq] Done for hdl : 76178
03-02 00:56:50.120  1464  1529 I libPowerHal: [perfLockAcq] idx:7 hdl:76179 hint:-1 pid:1450 tid:1487 duration:0 lock_user:vendor.samsung. => ret_hdl:76179
03-02 00:56:50.121  1464  1529 I libPowerHal: [set_cpuidle] enable:0, fd:17, scn:0xb40000737b6173c8
03-02 00:56:50.121  1464  1529 I libPowerHal: [get_cpu_dma_latency_value] 0
03-02 00:56:50.121  1464  1529 I libPowerHal: [PE] vendor.samsung. update cmd:1c3c100 param:0 pr:3
03-02 00:56:50.121  1464  1529 I libPowerHal: [perfLockAcq] Done for hdl : 76179
03-02 00:56:50.121  1450  1487 I mtkpower_client: perf_lock_acq, hdl:0, dur:0, num:2, pid:1450, tid:1487
03-02 00:56:50.121  1507  1507 I SurfaceFlinger: [ActivityRecord{252681117 u0 com.podcast.app.debug/androidx.activity.ComponentActivity t44838}#155236] attach to parent LayerHierarchy{RequestedLayerState{Task=44838#155235 parentId=10} 1 children}
03-02 00:56:50.122  1450  1487 I mtkpower_client: ret_hdl:76180
03-02 00:56:50.122  1450  1487 I mtkpower_client: perf_lock_rel, hdl:76176, pid: 1450, tid:1487
03-02 00:56:50.122  1464  1529 I libPowerHal: [perfLockRel] hdl:76177, idx:2
03-02 00:56:50.123  1464  1529 I libPowerHal: [PD] vendor.samsung. update cmd:400000 param:-1 pr:6
03-02 00:56:50.123  1464  1529 I libPowerHal: [recordCPUFreqInfo] set cluster[0] min(-1): -1 max(-1): -1 cluster[1] min(-1): -1 max(-1): -1
03-02 00:56:50.123  1464  1529 I libPowerHal: [perfLockRel] Done for hdl : 76177
03-02 00:56:50.124 14885 14885 I System.out: SAFActivity: com.ss.android.ugc.aweme.main.MainActivity@c20428f,  onPause Start
03-02 00:56:50.124  1464  1529 I libPowerHal: [perfLockAcq] idx:8 hdl:76180 hint:-1 pid:1450 tid:1487 duration:0 lock_user:vendor.samsung. => ret_hdl:76180
03-02 00:56:50.124  4784  4784 I SemDvfsHyPerManager: acquire hyper - APP_START/4784@17, type = -999
03-02 00:56:50.124  1464  1529 I libPowerHal: [PE] vendor.samsung. update cmd:400000 param:2000000 pr:3
03-02 00:56:50.124  1464  1529 I libPowerHal: [recordCPUFreqInfo] set cluster[0] min(vendor.samsung.): 2000000 max(-1): -1 cluster[1] min(-1): -1 max(-1): -1
03-02 00:56:50.124  1464  1529 I libPowerHal: [perfLockAcq] Done for hdl : 76180
03-02 00:56:50.127  2991  3757 D PhoneInterfaceManager: setDataEnabledForReason() Reason=1 Pid=2013 App=system
03-02 00:56:50.127  1450  1487 I mtkpower_client: perf_lock_acq, hdl:0, dur:0, num:2, pid:1450, tid:1487
03-02 00:56:50.128  3506  3506 E pageboostd: Received HALT command code 2
03-02 00:56:50.128  1464  1529 I libPowerHal: [perfLockRel] hdl:76176, idx:5
03-02 00:56:50.128  1464  1529 I libPowerHal: [PD] vendor.samsung. update cmd:1000000 param:-1 pr:6
03-02 00:56:50.129  1464  1529 I libPowerHal: [perfLockRel] Done for hdl : 76176
03-02 00:56:50.130  1464  1529 I libPowerHal: [perfLockAcq] idx:2 hdl:76181 hint:-1 pid:1450 tid:1487 duration:0 lock_user:vendor.samsung. => ret_hdl:76181
03-02 00:56:50.130  1464  1529 I libPowerHal: [setDvfsrcDevFreqOpp] opp:0, freq:4266000000
03-02 00:56:50.130  1464  1529 I libPowerHal: [PE] vendor.samsung. update cmd:1000000 param:0 pr:3
03-02 00:56:50.130  1464  1529 I libPowerHal: [perfLockAcq] Done for hdl : 76181
03-02 00:56:50.130  1450  1487 I mtkpower_client: ret_hdl:76181
03-02 00:56:50.131  1507  1825 I SurfaceFlinger: Capture layer list: 	 com.zhiliaoapp.musically/com.ss.android.ugc.aweme.splash.SplashActivity$_14885#155211(seamlessTransition:0)
03-02 00:56:50.131  1450  1487 I HYPER-HAL: [RequestManager.cpp]acquire(): Acquired ID : 11527218  [4784 / 17]    HINT : APP_START    list :
03-02 00:56:50.132  1507  1507 I SurfaceFlinger: [Display 0 name="Built-in Screen"#49] setFrameRateCategory: High
03-02 00:56:50.133 14636 15263 D WM-WorkerWrapper: Status for f23029b8-b7a3-4a93-aaf6-b7c7a26dfe9e is RUNNING; not doing any work and rescheduling for later execution
03-02 00:56:50.133 14885 14885 I System.out: SceneSafeLifecycleDispatcher: onPaused Start
03-02 00:56:50.134 14885 14885 I System.out: SAFActivity V Scene Framework: NavigationMessageQueue postSync start
03-02 00:56:50.134 14885 14885 I System.out: SAFActivity V Scene Framework: NavigationMessageQueue postSync run current task start 14_Y.ARunnableS108S0200000_32@da9e1ba
03-02 00:56:50.134 14885 14885 I System.out: SAFActivity V Scene Framework: NavigationSceneManager Sync Scene SAFFragmentRootScene{79e191c} Lifecycle [RESUMED -> STARTED] without saved State
03-02 00:56:50.134 14885 14885 I System.out: SAFFragmentRootScene: onPause Start (SAFFragmentRootScene{79e191c})
03-02 00:56:50.137  1507  1507 I BpBinder: onLastStrongRef automatically unlinking death recipients:
03-02 00:56:50.137 14636 14636 D WM-Processor: MutableConfig f23029b8-b7a3-4a93-aaf6-b7c7a26dfe9e executed; reschedule = true
03-02 00:56:50.138  1444  1461 I hwcomposer: [HWCDisplay] (0 updateFps():4131), (type:1, mode:2) fps:46.884850,dur:1002.46,max:44.75,min:10.36
03-02 00:56:50.139  2991  3757 D PhoneInterfaceManager: setDataEnabledForReason() Reason=1 Pid=2013 App=system
03-02 00:56:50.139  1444  1808 D MDP     : [PQSessionManager] findVideoID[f6840820] found on index a
03-02 00:56:50.139  1444  1808 D MDP     : [PQSessionManager] createPQSession(a) user(0xb4000074f4d46d80)
03-02 00:56:50.139  1444  1808 D MDP     : [PQSessionManager] Duplicated ID[a] found, please check if double createPQSession!
03-02 00:56:50.139  1444  1808 D MDP     : [PQSessionManager] getPQSessionListHandle id[a]
03-02 00:56:50.139  1444  1808 D MDP     : [PQSessionManager] getPQSessionListHandle, find id[a]
03-02 00:56:50.139  1444  1808 D MDP     : [PQSession] incRefCount id[a] user[0xb4000074f4d46d80] existed
03-02 00:56:50.139  1444  1808 D MDP     : [PQSession] incRefCount id[a] user[0xb4000074f4d46d80] numOfUser[1]
03-02 00:56:50.139  1444  1808 D MDP     : [PQSession] numElements[0] key[0] metaData[0]
03-02 00:56:50.139  1444  1808 D MDP     : [PQSession] setPQParam() id[a] enable[1], scenario[1]
03-02 00:56:50.139  1444  1808 D MDP     : [PQSession] video TS [4833]
03-02 00:56:50.139  1444  1808 D PQ      : PQDSConfig::getEnableStatus check1  time 0 ms
03-02 00:56:50.139  1444  1808 D PQ      : [PQDSConfig] PQDSConfig::getEnableStatus = 1
03-02 00:56:50.139  1444  1808 D PQ      : [PQDSConfig] m_TDSHPTableInit 1
03-02 00:56:50.139  1444  1808 D PQ      : [PQDSConfig] getAshmemContext(SHP_ENABLE) = 1
03-02 00:56:50.139  1444  1808 D PQ      : PQDSConfig::getEnableStatus check2  time 0 ms
03-02 00:56:50.139  1444  1808 D PQ      : [PQDSConfig] PQDSConfig::getUREnableStatus = 1
03-02 00:56:50.139  1444  1808 D MDP     : [PQSession] setDpPqConfig m_svp = 0, enDRE = 0
03-02 00:56:50.139  1444  1808 D MDP     : setPQParam globalPQSupport = [0] globalPQSwitch = [0] globalPQStrength = [0] globalPQType = [0]
03-02 00:56:50.139  1444  1808 D MDP     : [PQSession] setPQparam userId[0x0], scenario[1], enDRE[0]
03-02 00:56:50.140  1444  1808 D MDP     : [PQSession] getDpPqConfig() id[a] enable[1], scenario[1]
03-02 00:56:50.140  1444  1808 D MDP     : [PQSession] getDpPqConfig() enSharp[1] enDC[0] enColor[0] enHDR[0] enHDRVivid[0] enUR[0] enReFocus[0] enCcorr[1] enDRE[0] enHFG[0] enAIPQ[0] enAISDR2HDR[0] enAIRegionPQ[0] mAdaptiveEnable[0]
03-02 00:56:50.140  1444  1808 D MDP     : [PQSession] setPQDREParam userId[0x0] scenario[1] enDRE[0]
03-02 00:56:50.140  1444  1808 D MDP     : [PQSessionManager] findVideoID[f6840820] found on index a
03-02 00:56:50.140  1444  1808 D MDP     : [PQSessionManager] PQSessionManager::getPQSession id[a]
03-02 00:56:50.140  1444  1808 D MDP     : [PQSessionManager] getPQSessionListHandle id[a]
03-02 00:56:50.140  1444  1808 D MDP     : [PQSessionManager] getPQSessionListHandle, find id[a]
03-02 00:56:50.140  1444  1808 D MDP     : [PQSession] getDpPqConfig() id[a] enable[1], scenario[1]
03-02 00:56:50.140  1444  1808 D MDP     : [PQSession] getDpPqConfig() enSharp[1] enDC[0] enColor[0] enHDR[0] enHDRVivid[0] enUR[0] enReFocus[0] enCcorr[1] enDRE[0] enHFG[0] enAIPQ[0] enAISDR2HDR[0] enAIRegionPQ[0] mAdaptiveEnable[0]
03-02 00:56:50.140  1444  1808 D MDP     : [PQSessionManager] PQSessionManager::getPQSession id[a]
03-02 00:56:50.140 16938 17087 I Routine@Core[4.9.04.16]: MetaUpdater: update
03-02 00:56:50.140  1444  1808 D MDP     : [PQSessionManager] getPQSessionListHandle id[a]
03-02 00:56:50.140  1444  1808 D MDP     : [PQSessionManager] getPQSessionListHandle, find id[a]
03-02 00:56:50.140  1444  1808 D AAL     : [PQEngineInterface] DpEngineTDSHPReConfigFrame(0)
03-02 00:56:50.140  1444  1808 D MDP     : [PQSession] getDpPqConfig() id[a] enable[1], scenario[1]
03-02 00:56:50.140  1444  1808 D MDP     : [PQSession] getDpPqConfig() enSharp[1] enDC[0] enColor[0] enHDR[0] enHDRVivid[0] enUR[0] enReFocus[0] enCcorr[1] enDRE[0] enHFG[0] enAIPQ[0] enAISDR2HDR[0] enAIRegionPQ[0] mAdaptiveEnable[0]
03-02 00:56:50.140  1444  1808 D AAL     : [PQEngineInterface] DpEngineTDSHPReConfigFrame(0) tdshpEnable(1) enSharp(1) enDC(0) enHFG(0)
03-02 00:56:50.140  1444  1808 D MDP     : PQSession:setPipeNum m_PipeNum[1] value[1] ID[a] DCPath[0] DCDone[0] addr[732261df]
03-02 00:56:50.140  1444  1808 D AAL     : [PQEngineInterface] DpEngineTDSHPReConfigFrame(0)  adl_enable = 0
03-02 00:56:50.140  1444  1808 D AAL     : [PQEngineInterface] DpEngineTDSHPReConfigFrame(0) Scenario = 0
03-02 00:56:50.140  1444  1808 D MDP     : [PQSessionManager] PQSessionManager::getPQSession id[a]
03-02 00:56:50.140  1444  1808 D MDP     : [PQSessionManager] getPQSessionListHandle id[a]
03-02 00:56:50.140  1444  1808 D MDP     : [PQSessionManager] getPQSessionListHandle, find id[a]
03-02 00:56:50.140  1444  1808 W AAL     : DpEngine_HDR::onReconfigTiles : PABufferIndex no change do nothing
03-02 00:56:50.143  3202  3386 I HoneySpace.TopTaskSource: onTaskMovedToFront : taskId = 44838, displayId = 0
03-02 00:56:50.145  1444  1809 D MDP     : [PQSessionManager] PQSessionManager::getPQSession id[a]
03-02 00:56:50.145  1444  1809 D MDP     : [PQSessionManager] getPQSessionListHandle id[a]
03-02 00:56:50.145  1444  1809 D MDP     : [PQSessionManager] getPQSessionListHandle, find id[a]
03-02 00:56:50.145  1444  1809 D MDP     : [PQSessionManager] findVideoID[f6840820] found on index a
03-02 00:56:50.145  3202  3921 I HoneySpace.RecentTasks: onRecentTasksChanged
03-02 00:56:50.148  1646  1892 I CameraService: onUidStateChanged: uid=10492, procState is changed. (10 -> 19)
03-02 00:56:50.149  1507  1565 E SfCpu   :  sched_setaffinity return fail 1461
03-02 00:56:50.149  1507  1565 E SfCpu   :  sched_setaffinity return fail 1444
03-02 00:56:50.149  1507  1565 E SfCpu   :  sched_setaffinity return fail 1461
03-02 00:56:50.149  1507  1565 E SfCpu   :  sched_setaffinity return fail 1444
03-02 00:56:50.151  3202  3390 I HoneySpace.TopTaskUseCase: topTasks 44838 ComponentInfo{com.podcast.app.debug/androidx.activity.ComponentActivity}[displayId=0]
03-02 00:56:50.155 14636 15263 D WM-GreedyScheduler: Cancelling work ID f23029b8-b7a3-4a93-aaf6-b7c7a26dfe9e
03-02 00:56:50.156  2746  2808 I ViewRootImpl: dVRR is disabled
03-02 00:56:50.157 14885 15977 W ttmn    : <PID-4><76e3415538,av_cmd_queue.cpp,dequeueTarget,48>not find target: 86
03-02 00:56:50.158  1445  2902 W C2MtkBufferManager: [0xB4000070F507E520] fetchNewCcBlock: wait fence 0x0xb4000070f5058270 timed out. ret 110
03-02 00:56:50.159 14636 15263 W JobInfo : Requested important-while-foreground flag for job3645 is ignored and takes no effect
03-02 00:56:50.159 14636 15263 D WM-SystemJobScheduler: Scheduling work ID f23029b8-b7a3-4a93-aaf6-b7c7a26dfe9eJob ID 3645
03-02 00:56:50.159 14885 15975 W [mammon]android-14.91.3-mt: [mammon]android-14.91.3-mt[SAMICORE: SAMICoreCreateHandleByIdentify@sami_core.cpp,620]  create handle by 115
03-02 00:56:50.159 14885 15975 W [mammon]android-14.91.3-mt: [mammon]android-14.91.3-mt[SAMICORE: setParameters@loudness_strategy_graph.cpp,468] speech_ratio_loudness_adjust ab is false
03-02 00:56:50.159 14885 15975 W [mammon]android-14.91.3-mt: [mammon]android-14.91.3-mt[SAMICORE: setParameters@loudness_strategy_graph.cpp,481] pre business_tag_: default, business_subtag_: homepage_hot.
03-02 00:56:50.160 14885 15975 W [mammon]android-14.91.3-mt: [mammon]android-14.91.3-mt[SAMICORE: setParameters@loudness_strategy_graph.cpp,493] print libraData from Libra: {"content_type":0,"enable_panorama_enhance":0,"env_type":0,"eq_params":"","large_spl_target_LU":-12,"limiter_peak":-1,"max_block_size":2048,"medium_spl_target_LU":-10,"norm_peak":0,"small_spl_target_LU":-10,"use_no_mdsp_graph":1,"user_preference":0,"perf_opt_level":0,"enable_sami_sdk_ab":1}
03-02 00:56:50.160 14885 15975 W [mammon]android-14.91.3-mt: [mammon]android-14.91.3-mt[SAMICORE: setParameters@loudness_strategy_graph.cpp,506] no device_playback_ability in libra, use value from client.
03-02 00:56:50.161  2746  2870 D NativeCustomFrequencyManager: [NativeCFMS] BpCustomFrequencyManager::BpCustomFrequencyManager()
03-02 00:56:50.163 14885 15975 W [mammon]android-14.91.3-mt: [mammon]android-14.91.3-mt[SAMICORE: setParameters@loudness_strategy_graph.cpp,840] before_creation_loudness: -14.200000, before_creation_peak_db: -5.400029, creation_gain_change: -3.800000.
03-02 00:56:50.163 14885 15975 W [mammon]android-14.91.3-mt: [mammon]android-14.91.3-mt[SAMICORE: setParameters@loudness_strategy_graph.cpp,855] after_creation_loudness -18.000000 after_creation_peak_db -9.200029
03-02 00:56:50.164 14885 15975 W [mammon]android-14.91.3-mt: [mammon]android-14.91.3-mt[SAMICORE: setParameters@loudness_strategy_graph.cpp,862] meta: {"Loudness":-14.2,"LoudnessRange":11.5,"LoudnessRangeEnd":-9.9,"LoudnessRangeStart":-21.4,"MaximumMomentaryLoudness":-8.5,"MaximumShortTermLoudness":-9.8,"Metrics":{"AEDInfo":{"MusicRatio":1,"SingingRatio":0.09,"SpeechRatio":0},"Cutoff":{"FCenL":1253.22,"FCenR":1247.08,"Spkr100G":1.39,"Spkr150G":2.31,"Spkr200G":3.09},"Loudness":{"Integrated":-14.201},"Phase":{"RMSDownmixDiff":-0.173},"RMSStats":{"LRDiff":0.036,"LTotal":-15.248,"Peak":-5.4,"RTotal":-15.285},"Version":"1.4.2"},"Peak":0.53703,"Version":2}
03-02 00:56:50.164 14885 15975 W [mammon]android-14.91.3-mt: [mammon]android-14.91.3-mt[SAMICORE: getDrc@loudness_strategy_graph.cpp,2057] set drc_request 1
03-02 00:56:50.164 14885 15975 W [mammon]android-14.91.3-mt: [mammon]android-14.91.3-mt[SAMICORE: getDrc@loudness_strategy_graph.cpp,2155] max_lra:8.000000, ratio:1.437500
03-02 00:56:50.164 14885 15975 W [mammon]android-14.91.3-mt: [mammon]android-14.91.3-mt[SAMICORE: calcLimiterMakeupGain@loudness_strategy_graph.cpp,1320]
03-02 00:56:50.164 14885 15975 W [mammon]android-14.91.3-mt: make_up_gain_limiter < 0, has protected!
03-02 00:56:50.164 14885 15975 W [mammon]android-14.91.3-mt: ===limiter make up gain is=== 0
03-02 00:56:50.164 14885 15975 W [mammon]android-14.91.3-mt: compressed_peak is -1.20003
03-02 00:56:50.164 14885 15975 W [mammon]android-14.91.3-mt:
03-02 00:56:50.164 14885 15975 W [mammon]android-14.91.3-mt: [mammon]android-14.91.3-mt[SAMICORE: setConfig2@loudness_strategy_graph.cpp,1436] ctx_.duration = 34.101
03-02 00:56:50.164 14885 15975 W [mammon]android-14.91.3-mt: get gain = 8
03-02 00:56:50.164 14885 15975 W [mammon]android-14.91.3-mt: max short lu is -5.6
03-02 00:56:50.164 14885 15975 W [mammon]android-14.91.3-mt: target lu is -10
03-02 00:56:50.164 14885 15975 W [mammon]android-14.91.3-mt: thresh compress: -17.2
03-02 00:56:50.164 14885 15975 W [mammon]android-14.91.3-mt: thresh expand: -23.2
03-02 00:56:50.164 14885 15975 W [mammon]android-14.91.3-mt: ratio compress: 1.4375
03-02 00:56:50.164 14885 15975 W [mammon]android-14.91.3-mt: ratio expand: 1
03-02 00:56:50.164 14885 15975 W [mammon]android-14.91.3-mt: compress k width: 4
03-02 00:56:50.164 14885 15975 W [mammon]android-14.91.3-mt: expand k width: 0
03-02 00:56:50.164 14885 15975 W [mammon]android-14.91.3-mt: make up gain: 3.19131
03-02 00:56:50.164 14885 15975 W [mammon]android-14.91.3-mt: final gain ratio is 1.62181
03-02 00:56:50.164 14885 15975 W [mammon]android-14.91.3-mt: limiter makeup gain is 0
03-02 00:56:50.164 14885 15975 W [mammon]android-14.91.3-mt: [mammon]android-14.91.3-mt[SAMICORE: calc_bypass_level@loudness_strategy_graph.cpp,2362] bypass level is 49
03-02 00:56:50.164 14885 15975 W [mammon]android-14.91.3-mt: [mammon]android-14.91.3-mt[SAMICORE: init@sami_core_effect_tools.cpp,190] [loudness_strategy] using no graph context
03-02 00:56:50.164 14885 15975 W [mammon]android-14.91.3-mt: [mammon]android-14.91.3-mt[SAMICORE: StaticGainProcessor@sami_core_static_gain_processor.cpp,28] SAMICoreTiga StaticGainProcessor performance_enable is 1
03-02 00:56:50.164 14885 15975 W [mammon]android-14.91.3-mt: [mammon]android-14.91.3-mt[SAMICORE: DrcProcessor@sami_core_drc_processor.cpp,36] SAMICoreTiga DrcProcessor performance_enable is 1
03-02 00:56:50.164 14885 15975 W [mammon]android-14.91.3-mt: [mammon]android-14.91.3-mt[SAMICORE: initialize@peak_limiter.cpp,21] SAMICoreTiga PeakLimiter performance_enable is 1
03-02 00:56:50.164  2013  3566 D InputTransport: Input channel constructed: '8a489c5', fd=767
03-02 00:56:50.164  2013  3566 D InputTransport: Input channel constructed: '8a489c5', fd=1044
03-02 00:56:50.164 14885 15975 W [mammon]android-14.91.3-mt: [mammon]android-14.91.3-mt[SAMICORE: SAMICoreEffectContextPrepare@sami_core_effect_context.cpp,914] Loudness strategy graph is prepared!
03-02 00:56:50.164  2013  3566 D InputTransport: Input channel constructed: '8a489c5', fd=1066
03-02 00:56:50.164  2013  3566 D InputTransport: Input channel destroyed: '8a489c5', fd=1044
03-02 00:56:50.167  1507  1562 I SurfaceFlinger: id=155237 createSurf, flag=84004, 8a489c5 Splash Screen com.podcast.app.debug#155237
03-02 00:56:50.169  1444  1808 D MDP     : [PQSessionManager] findVideoID[f6840820] found on index a
03-02 00:56:50.169  1444  1808 D MDP     : [PQSessionManager] createPQSession(a) user(0xb4000074f4d46d80)
03-02 00:56:50.169  1444  1808 D MDP     : [PQSessionManager] Duplicated ID[a] found, please check if double createPQSession!
03-02 00:56:50.169  1444  1808 D MDP     : [PQSessionManager] getPQSessionListHandle id[a]
03-02 00:56:50.169  1444  1808 D MDP     : [PQSessionManager] getPQSessionListHandle, find id[a]
03-02 00:56:50.169  1444  1808 D MDP     : [PQSession] incRefCount id[a] user[0xb4000074f4d46d80] existed
03-02 00:56:50.169  1444  1808 D MDP     : [PQSession] incRefCount id[a] user[0xb4000074f4d46d80] numOfUser[1]
03-02 00:56:50.169  1444  1808 D MDP     : [PQSession] numElements[0] key[0] metaData[0]
03-02 00:56:50.169  1444  1808 D MDP     : [PQSession] setPQParam() id[a] enable[1], scenario[1]
03-02 00:56:50.169  1444  1808 D MDP     : [PQSession] video TS [4867]
03-02 00:56:50.169  1444  1808 D PQ      : PQDSConfig::getEnableStatus check1  time 0 ms
03-02 00:56:50.169  1444  1808 D PQ      : [PQDSConfig] PQDSConfig::getEnableStatus = 1
03-02 00:56:50.169  1444  1808 D PQ      : [PQDSConfig] m_TDSHPTableInit 1
03-02 00:56:50.169  1444  1808 D PQ      : [PQDSConfig] getAshmemContext(SHP_ENABLE) = 1
03-02 00:56:50.169  1444  1808 D PQ      : PQDSConfig::getEnableStatus check2  time 0 ms
03-02 00:56:50.169  1444  1808 D PQ      : [PQDSConfig] PQDSConfig::getUREnableStatus = 1
03-02 00:56:50.169  1444  1808 D MDP     : [PQSession] setDpPqConfig m_svp = 0, enDRE = 0
03-02 00:56:50.169  1444  1808 D MDP     : setPQParam globalPQSupport = [0] globalPQSwitch = [0] globalPQStrength = [0] globalPQType = [0]
03-02 00:56:50.169  1444  1808 D MDP     : [PQSession] setPQparam userId[0x0], scenario[1], enDRE[0]
03-02 00:56:50.169  1444  1808 D MDP     : [PQSession] getDpPqConfig() id[a] enable[1], scenario[1]
03-02 00:56:50.169  1444  1808 D MDP     : [PQSession] getDpPqConfig() enSharp[1] enDC[0] enColor[0] enHDR[0] enHDRVivid[0] enUR[0] enReFocus[0] enCcorr[1] enDRE[0] enHFG[0] enAIPQ[0] enAISDR2HDR[0] enAIRegionPQ[0] mAdaptiveEnable[0]
03-02 00:56:50.169  1444  1808 D MDP     : [PQSession] setPQDREParam userId[0x0] scenario[1] enDRE[0]
03-02 00:56:50.169  1444  1808 D MDP     : [PQSessionManager] findVideoID[f6840820] found on index a
03-02 00:56:50.169  1444  1808 D MDP     : [PQSessionManager] PQSessionManager::getPQSession id[a]
03-02 00:56:50.169  1444  1808 D MDP     : [PQSessionManager] getPQSessionListHandle id[a]
03-02 00:56:50.169  1444  1808 D MDP     : [PQSessionManager] getPQSessionListHandle, find id[a]
03-02 00:56:50.169  1444  1808 D MDP     : [PQSession] getDpPqConfig() id[a] enable[1], scenario[1]
03-02 00:56:50.169  1444  1808 D MDP     : [PQSession] getDpPqConfig() enSharp[1] enDC[0] enColor[0] enHDR[0] enHDRVivid[0] enUR[0] enReFocus[0] enCcorr[1] enDRE[0] enHFG[0] enAIPQ[0] enAISDR2HDR[0] enAIRegionPQ[0] mAdaptiveEnable[0]
03-02 00:56:50.169  1444  1808 D MDP     : [PQSessionManager] PQSessionManager::getPQSession id[a]
03-02 00:56:50.169  1444  1808 D MDP     : [PQSessionManager] getPQSessionListHandle id[a]
03-02 00:56:50.169  1444  1808 D MDP     : [PQSessionManager] getPQSessionListHandle, find id[a]
03-02 00:56:50.169  1444  1808 D AAL     : [PQEngineInterface] DpEngineTDSHPReConfigFrame(0)
03-02 00:56:50.169  1444  1808 D MDP     : [PQSession] getDpPqConfig() id[a] enable[1], scenario[1]
03-02 00:56:50.169  1444  1808 D MDP     : [PQSession] getDpPqConfig() enSharp[1] enDC[0] enColor[0] enHDR[0] enHDRVivid[0] enUR[0] enReFocus[0] enCcorr[1] enDRE[0] enHFG[0] enAIPQ[0] enAISDR2HDR[0] enAIRegionPQ[0] mAdaptiveEnable[0]
03-02 00:56:50.169  1444  1808 D AAL     : [PQEngineInterface] DpEngineTDSHPReConfigFrame(0) tdshpEnable(1) enSharp(1) enDC(0) enHFG(0)
03-02 00:56:50.169  1444  1808 D MDP     : PQSession:setPipeNum m_PipeNum[1] value[1] ID[a] DCPath[0] DCDone[0] addr[732261df]
03-02 00:56:50.169  1444  1808 D AAL     : [PQEngineInterface] DpEngineTDSHPReConfigFrame(0)  adl_enable = 0
03-02 00:56:50.169  1444  1808 D AAL     : [PQEngineInterface] DpEngineTDSHPReConfigFrame(0) Scenario = 0
03-02 00:56:50.169  1444  1808 D MDP     : [PQSessionManager] PQSessionManager::getPQSession id[a]
03-02 00:56:50.169  1444  1808 D MDP     : [PQSessionManager] getPQSessionListHandle id[a]
03-02 00:56:50.169  1444  1808 D MDP     : [PQSessionManager] getPQSessionListHandle, find id[a]
03-02 00:56:50.169  1444  1808 W AAL     : DpEngine_HDR::onReconfigTiles : PABufferIndex no change do nothing
