03-02 00:57:26.968  2746  2866 I VRI[debug]@e122327: mWNT: t=0xb40000771f55d480 mBlastBufferQueue=0xb400007672269000 fn= 6 HdrRenderState mRenderHdrSdrRatio=1.0 caller= android.view.SyncRtSurfaceTransactionApplier.applyTransaction:100 android.view.SyncRtSurfaceTransactionApplier.lambda$scheduleApply$0:73 android.view.SyncRtSurfaceTransactionApplier.$r8$lambda$afI4fXg3U3-nBZQEDQMiNy-B06s:0
03-02 00:57:26.968 14636 14636 D WM-WorkerWrapper: Starting work for com.urbanairship.job.AirshipWorker
03-02 00:57:26.969  5235 28894 I HBD     : u updated Sub Types. English
03-02 00:57:26.970  2013  4834 W ParceledListSlice: Element #30 is 21544 bytes.
03-02 00:57:26.972  5235  5235 I HBD     : g onCapabilityChanged  setNetworkState currentNetworkState : wifi
03-02 00:57:26.972 14636 14636 V Ana Vodafone - UALib: AirshipWorker - Running job: JobInfo{action='ACTION_UPDATE_CHANNEL', airshipComponentName='com.urbanairship.channel.AirshipChannel', isNetworkAccessRequired=true, minDelayMs=0, conflictStrategy=2, initialBackOffMs=30000, extras={}, rateLimitIds=[]}, work Id: f23029b8-b7a3-4a93-aaf6-b7c7a26dfe9e run attempt: 303
03-02 00:57:26.972  5235  5235 I HBD     : h LogTag.TAG_LMDOWNLOAD network status is changed.
03-02 00:57:26.973  5235 18772 I HBD     : b InputMethodSubtype is set as local:en_GB
03-02 00:57:26.973  1507  1507 I SurfaceFlinger: destroyed Task=44879#156261
03-02 00:57:26.973  1507  1507 I SurfaceFlinger: destroyed f36e9e1 ActivityRecordInputSink com.podcast.app.debug.test/androidx.test.core.app.InstrumentationActivityInvoker$EmptyActivity#156224
03-02 00:57:26.973  1507  1507 I SurfaceFlinger: destroyed ActivityRecord{209018311 u0 com.podcast.app.debug.test/androidx.test.core.app.InstrumentationActivityInvoker$EmptyActivity t44879}#156213
03-02 00:57:26.973  5235 12848 I HBD     : u updated Sub Types. English
03-02 00:57:26.975  3202  3386 I HoneySpace.TopTaskSource: onTaskRemoved: 44879
03-02 00:57:26.975  1507  1507 I Layer   : id=156224 Destroyed f36e9e1 ActivityRecordInputSink com.podcast.app.debug.test/androidx.test.core.app.InstrumentationActivityInvoker$EmptyActivity#156224
03-02 00:57:26.975  1507  1507 I Layer   : id=156261 Destroyed Task=44879#156261
03-02 00:57:26.975  1507  1507 I Layer   : id=156213 Destroyed ActivityRecord{209018311 u0 com.podcast.app.debug.test/androidx.test.core.app.InstrumentationActivityInvoker$EmptyActivity t44879}#156213
03-02 00:57:26.975 14636 14636 V Ana Vodafone - UALib: JobDispatcher - Running job: JobInfo{action='ACTION_UPDATE_CHANNEL', airshipComponentName='com.urbanairship.channel.AirshipChannel', isNetworkAccessRequired=true, minDelayMs=0, conflictStrategy=2, initialBackOffMs=30000, extras={}, rateLimitIds=[]}, run attempt: 303
03-02 00:57:26.977  5235 18770 I HBD     : l writeToFile path : /data/user_de/0/com.samsung.android.honeyboard/files/selected.json
03-02 00:57:26.977  5235 18770 I HBD     : l writeToFile json : {"version":"4.2","currentLanguageOrder":0,"selected":[{"activeOptionList":["auto_replace","auto_spacing","writing_assistant","prediction"],"bilingualId":-1,"engName":"English","id":65538,"inputType":"qwerty","isUsed":true},{"activeOptionList":["auto_replace","auto_spacing","prediction"],"bilingualId":-1,"engName":"Arabic","id":5308416,"inputType":"qwerty","isUsed":true}]}
03-02 00:57:26.977  3438  4274 I EPDG -- SIM1 [PolicyMgr]: getApnRatPolicy: default,idle only LTE is allowed RAT
03-02 00:57:26.977  3438  4274 I EPDG -- SIM1 [PolicyMgr]: getApnRatPolicy: default,idle result=LTE
03-02 00:57:26.977  3438  4274 I EPDG -- SIM1 [EpdgSubscription]: getIsAirplaneMode: returning: false
03-02 00:57:26.977  3202 31843 I HoneySpace.RecentTasks: onRunningTaskVanished
03-02 00:57:26.977  3438  4274 I EPDG -- SIM1 [IfomTable]: checkIsRuleforApn: appStr is: idle apnType is: mms
03-02 00:57:26.977  3438  4274 I EPDG -- SIM1 [PolicyMgr]: getApnRatPolicy: mms,idle should go to LTE
03-02 00:57:26.977  3438  4274 I EPDG -- SIM1 [PolicyMgr]: getApnRatPolicy: mms,idle result=LTE:IWLAN
03-02 00:57:26.977  3202 31843 I HoneySpace.RecentTasks: onRecentTasksChanged
03-02 00:57:26.978  2013  2253 W system_server: Large reply transaction of 325152 bytes, interface descriptor android.app.IActivityTaskManager, code 26
03-02 00:57:26.978  3438  4274 I EPDG -- SIM1 [EpdgSubscription]: getIsAirplaneMode: returning: false
03-02 00:57:26.979  3438  4274 I EPDG -- SIM1 [PolicyMgr]: getApnRatPolicy: supl,idle only LTE is allowed RAT
03-02 00:57:26.979  3438  4274 I EPDG -- SIM1 [PolicyMgr]: getApnRatPolicy: supl,idle result=LTE
03-02 00:57:26.979  3438  4274 I EPDG -- SIM1 [PolicyMgr]: getApnRatPolicy: dun,idle only LTE is allowed RAT
03-02 00:57:26.979  3438  4274 I EPDG -- SIM1 [PolicyMgr]: getApnRatPolicy: dun,idle result=LTE
03-02 00:57:26.979  3438  4274 I EPDG -- SIM1 [PolicyMgr]: getApnRatPolicy: hipri,idle only LTE is allowed RAT
03-02 00:57:26.979  3438  4274 I EPDG -- SIM1 [PolicyMgr]: getApnRatPolicy: hipri,idle result=LTE
03-02 00:57:26.979  3438  4274 I EPDG -- SIM1 [PolicyMgr]: getApnRatPolicy: fota,idle only LTE is allowed RAT
03-02 00:57:26.979  3438  4274 I EPDG -- SIM1 [PolicyMgr]: getApnRatPolicy: fota,idle result=LTE
03-02 00:57:26.979  3438  4274 I EPDG -- SIM1 [EpdgSubscription]: getIsAirplaneMode: returning: false
03-02 00:57:26.979  3438  4274 I EPDG -- SIM1 [IfomTable]: checkIsRuleforApn: appStr is: idle apnType is: ims
03-02 00:57:26.979  3438  4274 I EPDG -- SIM1 [PolicyMgr]: getApnRatPolicy: ims,idle should go to LTE
03-02 00:57:26.979  3438  4274 I EPDG -- SIM1 [PolicyMgr]: getApnRatPolicy: ims,idle result=LTE:IWLAN
03-02 00:57:26.979  3438  4274 I EPDG -- SIM1 [EpdgSubscription]: getIsAirplaneMode: returning: false
03-02 00:57:26.980  5235  5235 I InputMethodService: scheduleImeSurfaceRemoval: canceled, mShowInputRequested=false, mWindowVisible=false, IsmWindowNull=false, IsmImeSurfaceRemoverRunnableNotNull=true
03-02 00:57:26.980  3438  4274 I EPDG -- SIM1 [SMARTCELLULAR]: LTE Available: true
03-02 00:57:26.982  2013  3505 I NSLocationMonitor: getGPSUsingApps() called
03-02 00:57:26.982  3438  4274 I EPDG -- SIM1 [EpdgSubscription]: No SM for apnType: ims
03-02 00:57:26.982  3477 10041 I NSLocationManager_FLP: getGPSUsingApps, No change
03-02 00:57:26.982  3438  4274 I EPDG -- SIM1 [EpdgSubscription]: isPdnConnectedOverWifi: returning result: false for apnType: ims
03-02 00:57:26.983  3438  4274 I EPDG -- SIM1 [SMARTCELLULAR]: LTE Available: true
03-02 00:57:26.983  3438  4274 I EPDG -- SIM1 [EpdgRatDeterminator]: isW2LRecommendedForIms, EPDG available:false, LteAvailable:true
03-02 00:57:26.983  3438  4274 I EPDG -- SIM1 [EpdgRatDeterminator]: isW2LRecommendedForImsWithOperator, ims,LTE:IWLAN
03-02 00:57:26.983  3438  4274 I EPDG -- SIM1 [PolicyMgr]: getApnRatPolicy: cbs,idle only LTE is allowed RAT
03-02 00:57:26.983  3438  4274 I EPDG -- SIM1 [PolicyMgr]: getApnRatPolicy: cbs,idle result=LTE
03-02 00:57:26.983  3438  4274 I EPDG -- SIM1 [PolicyMgr]: getApnRatPolicy: ia,idle only LTE is allowed RAT
03-02 00:57:26.984  3438  4274 I EPDG -- SIM1 [PolicyMgr]: getApnRatPolicy: ia,idle result=LTE
03-02 00:57:26.984  3438  4274 I EPDG -- SIM1 [EpdgSubscription]: getIsAirplaneMode: returning: false
03-02 00:57:26.984  3438  4274 I EPDG -- SIM1 [IfomTable]: checkIsRuleforApn: appStr is: idle apnType is: emergency
03-02 00:57:26.984  3438  4274 I EPDG -- SIM1 [PolicyMgr]: getApnRatPolicy: emergency,idle should go to LTE
03-02 00:57:26.984  3438  4274 I EPDG -- SIM1 [PolicyMgr]: getApnRatPolicy: emergency,idle result=LTE:IWLAN
03-02 00:57:26.984  3438  4274 I EPDG -- SIM1 [EpdgSubscription]: getIsAirplaneMode: returning: false
03-02 00:57:26.984  5235 18770 I HBD     : l writeToFile complete
03-02 00:57:26.984  2013  3505 W Binder  : Outgoing transactions from this process must be FLAG_ONEWAY
03-02 00:57:26.984  2013  3505 W Binder  : java.lang.Throwable
03-02 00:57:26.984  2013  3505 W Binder  : 	at android.os.BinderProxy.transact(BinderProxy.java:566)
03-02 00:57:26.984  2013  3505 W Binder  : 	at android.bluetooth.IBluetoothGatt$Stub$Proxy.getAdvertisingSetUids(IBluetoothGatt.java:1678)
03-02 00:57:26.984  2013  3505 W Binder  : 	at android.bluetooth.BluetoothAdapter.getAdvertisingSetUids(BluetoothAdapter.java:8476)
03-02 00:57:26.984  2013  3505 W Binder  : 	at android.bluetooth.BluetoothAdapter.getHWUsingApps(BluetoothAdapter.java:1342)
03-02 00:57:26.984  2013  3505 W Binder  : 	at com.android.server.am.mars.filter.filter.BlueToothConnectedFilter.updateBTUsingPackages(qb/105350715 268999f8a14e7f8abd6a326b97f385fa09379427d12c342cfc170109611a7a5c:22)
03-02 00:57:26.984  2013  3505 W Binder  : 	at com.android.server.am.FreecessController.freeze(qb/105350715 268999f8a14e7f8abd6a326b97f385fa09379427d12c342cfc170109611a7a5c:117)
03-02 00:57:26.984  2013  3505 W Binder  : 	at com.android.server.am.FreecessHandler$MainHandler.handleLcdOnFreeze(qb/105350715 268999f8a14e7f8abd6a326b97f385fa09379427d12c342cfc170109611a7a5c:55)
03-02 00:57:26.984  2013  3505 W Binder  : 	at com.android.server.am.FreecessHandler$MainHandler.handleMessage(qb/105350715 268999f8a14e7f8abd6a326b97f385fa09379427d12c342cfc170109611a7a5c:793)
03-02 00:57:26.984  2013  3505 W Binder  : 	at android.os.Handler.dispatchMessage(Handler.java:110)
03-02 00:57:26.984  2013  3505 W Binder  : 	at android.os.Looper.loopOnce(Looper.java:273)
03-02 00:57:26.984  2013  3505 W Binder  : 	at android.os.Looper.loop(Looper.java:363)
03-02 00:57:26.984  2013  3505 W Binder  : 	at android.os.HandlerThread.run(HandlerThread.java:85)
03-02 00:57:26.984  3438  4274 I EPDG -- SIM1 [PolicyMgr]: getApnRatPolicy: mcx,idle only LTE is allowed RAT
03-02 00:57:26.984  3438  4274 I EPDG -- SIM1 [PolicyMgr]: getApnRatPolicy: mcx,idle result=LTE
03-02 00:57:26.985  3438  4274 I EPDG -- SIM1 [EpdgSubscription]: getIsAirplaneMode: returning: false
03-02 00:57:26.985  3438  4274 I EPDG -- SIM1 [IfomTable]: checkIsRuleforApn: appStr is: idle apnType is: xcap
03-02 00:57:26.985  3438  4274 I EPDG -- SIM1 [PolicyMgr]: getApnRatPolicy: xcap,idle should go to LTE
03-02 00:57:26.985  3438  4274 I EPDG -- SIM1 [PolicyMgr]: getApnRatPolicy: xcap,idle result=LTE:IWLAN
03-02 00:57:26.985  3438  4274 I EPDG -- SIM1 [EpdgSubscription]: getIsAirplaneMode: returning: false
03-02 00:57:26.985  3438  4274 I EPDG -- SIM1 [EpdgRatDeterminator]: isW2LRecommended, xcap,LTE:IWLAN => LTE
03-02 00:57:26.985  3438  4274 I EPDG -- SIM1 [EpdgSubscription]: getHandoverEnable: false
03-02 00:57:26.985  3438  4274 I EPDG -- SIM1 [EpdgSubscription]: getIsImsCallConnected: returning: false
03-02 00:57:26.985  3438  4274 I EPDG -- SIM1 [EpdgSubscription]: isCalling, phoneId=1, connected=false, started=false
03-02 00:57:26.985  3438  4274 I EPDG -- SIM1 [EpdgSubscription]: getIsImsCallConnected: returning: false
03-02 00:57:26.985  3438  4274 I EPDG -- SIM1 [EpdgSubscription]: getIsAirplaneMode: returning: false
03-02 00:57:26.986  3438  4274 I EPDG -- : getSubIdFromSpecifier() : specifier null
03-02 00:57:26.986  3438  4274 I EPDG -- : getSubIdFromSpecifier() : return : 3
03-02 00:57:26.986  3438  4274 I EPDG -- : getNetworkForType, subIdFromSpecifier=3/3
03-02 00:57:26.986  3438  4274 I EPDG -- : getNetworkForType, network null
03-02 00:57:26.986  3438  4274 I EPDG -- SIM1 [EpdgSubscription]: notifyQualifiedNetworksChange to telephony
03-02 00:57:26.986  3438  4274 I EPDG -- SIM1 [SMARTWIFI]: getResultOfRunnableForCannotSwitchToWifi: value is false
03-02 00:57:26.986  3438  4274 I EPDG -- SIM1 [EpdgRunnable]: Start mLteMeasurement, stop TEPDGRTPHANDINRETRY because it is not needed
03-02 00:57:26.987  2013  2731 I WindowManager: Relayout Window{f5fb46 u0 Splash Screen com.podcast.app.debug}: viewVisibility=8 req=1080x2340 ty=3 d0
03-02 00:57:26.987  3438  4274 I EPDG -- SIM1 [EpdgSubscription]: getIsImsCallConnected: returning: false
03-02 00:57:26.988  2746  2746 D SystemUIService: SYSUI_RAM_OPTIMIZATION onTrimMemory=20
03-02 00:57:26.988  2746  2746 D CentralSurfaces: SYSUI_RAM_OPTIMIZATION onTrimMemory=20
03-02 00:57:26.988  2746  2870 D HWUI    : CacheManager::trimMemory(20)
03-02 00:57:26.989  2013  2731 I WindowManager: Relayout hash=f5fb46, pid=2746, syncId=-1: mAttrs={(0,0)(fillxfill) sim={adjust=pan} layoutInDisplayCutoutMode=always ty=APPLICATION_STARTING fmt=TRANSLUCENT wanim=0x1030317
03-02 00:57:26.989  2013  2731 I WindowManager:   fl=81030118
03-02 00:57:26.989  2013  2731 I WindowManager:   pfl=10000810
03-02 00:57:26.989  2013  2731 I WindowManager:   bhv=1
03-02 00:57:26.989  2013  2731 I WindowManager:   fitSides=0
03-02 00:57:26.989  2013  2731 I WindowManager:   frameRateBoostOnTouch=true
03-02 00:57:26.989  2013  2731 I WindowManager:   dvrrWindowFrameRateHint=true naviIconColor=0}
03-02 00:57:26.990  1646 17197 I CameraService: onUidStateChanged: uid=10062, procState is changed. (1 -> 0)
03-02 00:57:26.990  2746  2808 I VRI[debug]@e122327: onActiveControlsChanged, removed=false, mAdded=true, caller=android.view.ViewRootImpl.handleInsetsControlChanged:3002 android.view.ViewRootImpl.relayoutWindow:11629 android.view.ViewRootImpl.performTraversals:4804 android.view.ViewRootImpl.doTraversal:3924 android.view.ViewRootImpl$TraversalRunnable.run:12903
03-02 00:57:26.990  2746  2808 I VRI[debug]@e122327: Relayout returned: old=(0,0,1080,2340) new=(0,0,1080,2340) relayoutAsync=false req=(1080,2340)8 dur=4 res=0x2 s={false 0x0} ch=true seqId=0
03-02 00:57:26.990  2746  2808 D VRI[debug]@e122327: Not drawing due to not visible. Reason=View.GONE
03-02 00:57:26.990  2746  2808 W WindowOnBackDispatcher: sendCancelIfRunning: isInProgress=false callback=android.view.ViewRootImpl$$ExternalSyntheticLambda16@a80b7be
03-02 00:57:26.992  2746  2808 I VRI[debug]@e122327: dispatchDetachedFromWindow
03-02 00:57:26.992  2746  4753 I BLASTBufferQueue: [VRI[debug]@e122327#7714](f:0,a:1,s:0) destructor()
03-02 00:57:26.992  2746  4753 D BufferQueueConsumer: [VRI[debug]@e122327#7714(BLAST Consumer)7714](id:aba00001e22,api:0,p:-1,c:2746) disconnect
03-02 00:57:26.992  1507  1825 I SurfaceFlinger: Capture layer list: 	 com.zhiliaoapp.musically/com.ss.android.ugc.aweme.splash.SplashActivity$_14885#156230(seamlessTransition:0)
03-02 00:57:26.992  1507  1825 I SurfaceFlinger: Capture layer list: 	 DimTransitionLayer for Surface(name=Task=44880)/@0x31993b1#156258(seamlessTransition:0)
03-02 00:57:26.992  1507  1825 I SurfaceFlinger: Capture layer list: 	 com.podcast.app.debug/androidx.activity.ComponentActivity$_17121#156253(seamlessTransition:0)
03-02 00:57:26.992  1507  1825 I SurfaceFlinger: Capture layer list: 	 Splash Screen com.podcast.app.debug$_2746#156251(seamlessTransition:0)
03-02 00:57:26.993  2013  4834 D InputTransport: Input channel destroyed: 'f5fb46 ', fd=1083
03-02 00:57:26.994  2746  2808 D InputTransport: Input channel destroyed: 'f5fb46 ', fd=520
03-02 00:57:26.996  2013  2253 W system_server: Large reply transaction of 325152 bytes, interface descriptor android.app.IActivityTaskManager, code 26
03-02 00:57:26.999  5235 18773 I HBD     : b InputMethodSubtype is set as local:en_GB
03-02 00:57:27.004  1445 18689 W C2MtkBufferManager: [0xB4000070F68A8D20] fetchNewCcBlock: wait fence 0x0xb4000070f692fcb0 timed out. ret 110
03-02 00:57:27.007  1507  1507 I SurfaceFlinger: RequestedLayer [Splash Screen com.podcast.app.debug$_2746#156251] hidden!! flag  from(0) --> to(1)
03-02 00:57:27.007  1507  1507 I SurfaceFlinger: [LayerHierarchy{RequestedLayerState{c69a3cc com.podcast.app.debug/androidx.activity.ComponentActivity#156252 parentId=156249} 1 children}] reparent to LayerHierarchy{RequestedLayerState{ActivityRecord{65726066 u0 com.podcast.app.debug/androidx.activity.ComponentActivity t44880}#156249 parentId=156248} 5 children}
03-02 00:57:27.007  1507  1507 I SurfaceFlinger: [LayerHierarchy{RequestedLayerState{Surface(name=c69a3cc com.podcast.app.debug/androidx.activity.ComponentActivity)/@0x8daf82c - animation-leash of starting_reveal#156259} no children}] reparent to OffscreenRoot
03-02 00:57:27.007  1507  1507 I SurfaceFlinger: [LayerHierarchy{RequestedLayerState{Surface(name=c69a3cc com.podcast.app.debug/androidx.activity.ComponentActivity)/@0x8daf82c - animation-leash of starting_reveal#156259} no children}] RelativeParent to null
03-02 00:57:27.014  1507  1507 D SurfaceFlinger: Display 4627039422300187648 HWC layers:
03-02 00:57:27.014  1507  1507 D SurfaceFlinger:   SOLID_COLOR |                        0 | 00000002 | N/A          |    0.0    0.0    0.0    0.0 |    0    0   -1   -1 | Background for 68eb87 SurfaceView[co[...]weme.splash.SplashActivity]@0#156236 (0)
03-02 00:57:27.014  1507  1507 D SurfaceFlinger:   SOLID_COLOR |                        0 | 00000002 | N/A          |    0.0    0.0    0.0    0.0 |    0    0   -1   -1 | Background for 7086fb SurfaceView[co[...]weme.splash.SplashActivity]@0#156239 (0)
03-02 00:57:27.014  1507  1507 D SurfaceFlinger:   SOLID_COLOR |                        0 | 00000002 | N/A          |    0.0    0.0    0.0    0.0 |    0    0   -1   -1 | Background for 836459b SurfaceView[c[...]weme.splash.SplashActivity]@0#156242 (0)
03-02 00:57:27.014  1507  1507 D SurfaceFlinger:        CLIENT |           63930588202179 | 00000102 | 0x32315659   |  175.0    0.0  720.0 1280.0 |    0   80  817 2000 | 7086fb SurfaceView[com.zhiliaoapp.mu[...]lash.SplashActivity]@0(BLAST)#156238 (1)
03-02 00:57:27.014  1507  1507 D SurfaceFlinger:        CLIENT |           63930588202181 | 00002100 | RGBA_8888    |  263.0    0.0 1080.0 2340.0 |    0    0 1080 2340 | com.zhiliaoapp.musically/com.ss.andr[...].splash.S
03-02 00:57:27.014  1507  1507 D SurfaceFlinger: plashActivity$_14885#156230 (5)
03-02 00:57:27.014  1507  1507 D SurfaceFlinger:   SOLID_COLOR |                        0 | 00000000 | N/A          |    0.0    0.0    0.0    0.0 |    0    0 1080 2340 | DimTransitionLayer for Surface(name=Task=44880)/@0x31993b1#156258 (0)
03-02 00:57:27.014  1507  1507 D SurfaceFlinger:        DEVICE |           73534135074901 | 00002102 | RGBA_8888    |    0.0    0.0  842.0 2340.0 |  238    0 1080 2340 | com.podcast.app.debug/androidx.activity.ComponentActivity$_17121#156253 (1)
03-02 00:57:27.014  1507  1507 D SurfaceFlinger:        DEVICE |           11793980281878 | 00002100 | RGBA_8888    |    0.0    0.0 1080.0   80.0 |    0    0 1080   80 | StatusBar$_2746#117 (211082)
03-02 00:57:27.014  1507  1507 D SurfaceFlinger:        DEVICE |           13752485304097 | 00002100 | RGBA_8888    |    0.0    0.0   67.0  346.0 | 1013  454 1080  800 | com.sec.android.app.launcher/com.sam[...].app.CocktailBarService$_3202#152779 (1)
03-02 00:57:27.014  1507  1507 D SurfaceFlinger:        DEVICE |           11793980281862 | 00002100 | RGBA_8888    |    0.0    0.0 1080.0  135.0 |    0 2205 1080 2340 | NavigationBar0$_2746#113 (187880)
03-02 00:57:27.014  1507  1507 D SurfaceFlinger:
03-02 00:57:27.018  2013  2253 W ParceledListSlice: Element #30 is 21544 bytes.
03-02 00:57:27.018  1445  2902 W C2MtkBufferManager: [0xB4000070F507E520] fetchNewCcBlock: wait fence 0x0xb4000070f5058270 timed out. ret 110
03-02 00:57:27.025 12859 12960 I SGPController: onForegroundAppChanged() update=false, cn=ComponentInfo{com.podcast.app.debug/androidx.activity.ComponentActivity}, r=SkRegion((0,0,198,2340)(882,0,1080,2340))
03-02 00:57:27.034  3202  3202 I HoneySpace.EdgePanel.EdgeVisibilityRepository: getComputedTrayVisible : keyguardState = 1
03-02 00:57:27.034  3202  3202 I HoneySpace.EdgePanel.EdgeVisibilityRepository: updateTrayVisible: State = 0x1, visible = true, current containerState = 0, specificMode = 0
03-02 00:57:27.035  3202  3202 I HoneySpace.EdgePanel.EdgeVisibilityRepository: Same container state 0
03-02 00:57:27.044  1445 18689 W C2MtkBufferManager: [0xB4000070F68A8D20] fetchNewCcBlock: wait fence 0x0xb4000070f692fcb0 timed out. ret 110
03-02 00:57:27.047  5235 28894 I HBD     : a [SKE_SPECIFIC] specific model[com.podcast.app.debug] loaded, 78036846 ns
03-02 00:57:27.056 18627 18717 D CompatChangeReporter: Compat change id reported: 288912692; UID 10106; state: ENABLED
03-02 00:57:27.085  1445 18689 W C2MtkBufferManager: [0xB4000070F68A8D20] fetchNewCcBlock: wait fence 0x0xb4000070f692fcb0 timed out. ret 110
03-02 00:57:27.091  1445  2902 W C2MtkBufferManager: [0xB4000070F507E520] fetchNewCcBlock: wait fence 0x0xb4000070f5058270 timed out. ret 110
03-02 00:57:27.094  5235  5235 I InputMethodService: removeImeSurface
03-02 00:57:27.094  5235  5235 I InputMethodService: cancelImeSurfaceRemoval: removeCallbacks
03-02 00:57:27.100  1507  1825 I SurfaceFlinger: Capture layer list: 	 com.zhiliaoapp.musically/com.ss.android.ugc.aweme.splash.SplashActivity$_14885#156230(seamlessTransition:0)
03-02 00:57:27.100  1507  1825 I SurfaceFlinger: Capture layer list: 	 DimTransitionLayer for Surface(name=Task=44880)/@0x31993b1#156258(seamlessTransition:0)
03-02 00:57:27.100  1507  1825 I SurfaceFlinger: Capture layer list: 	 com.podcast.app.debug/androidx.activity.ComponentActivity$_17121#156253(seamlessTransition:0)
03-02 00:57:27.105  1450 18764 I mtkpower_client: perf_lock_rel, hdl:76601, pid: 1450, tid:18764
03-02 00:57:27.105  2013  3505 I NSLocationMonitor: getGPSUsingApps() called
03-02 00:57:27.105  3477 10041 I NSLocationManager_FLP: getGPSUsingApps, No change
03-02 00:57:27.106  1450 18764 I mtkpower_client: perf_lock_acq, hdl:0, dur:0, num:2, pid:1450, tid:18764
03-02 00:57:27.106  1464  1529 I libPowerHal: [perfLockRel] hdl:76601, idx:6
03-02 00:57:27.106  1464  1529 I libPowerHal: [set_cpuidle] enable:1, fd:17, scn:0xb40000737b614050
03-02 00:57:27.106  1464  1529 I libPowerHal: [PD] vendor.samsung. update cmd:1c3c100 param:1 pr:6
03-02 00:57:27.106  1464  1529 I libPowerHal: [perfLockRel] Done for hdl : 76601
03-02 00:57:27.107  1450 18764 I mtkpower_client: ret_hdl:76605
03-02 00:57:27.107  1450 18764 I mtkpower_client: perf_lock_rel, hdl:76603, pid: 1450, tid:18764
03-02 00:57:27.107  1464  1529 I libPowerHal: [perfLockAcq] idx:8 hdl:76605 hint:-1 pid:1450 tid:18764 duration:0 lock_user:vendor.samsung. => ret_hdl:76605
03-02 00:57:27.107  1464  1529 I libPowerHal: [set_cpuidle] enable:0, fd:17, scn:0xb40000737b61a740
03-02 00:57:27.107  1464  1529 I libPowerHal: [get_cpu_dma_latency_value] 0
03-02 00:57:27.107  1464  1529 I libPowerHal: [PE] vendor.samsung. update cmd:1c3c100 param:0 pr:3
03-02 00:57:27.107  1464  1529 I libPowerHal: [perfLockAcq] Done for hdl : 76605
03-02 00:57:27.107  1450 18764 I mtkpower_client: perf_lock_acq, hdl:0, dur:0, num:2, pid:1450, tid:18764
03-02 00:57:27.108  1464  1529 I libPowerHal: [perfLockRel] hdl:76603, idx:5
03-02 00:57:27.108  1464  1529 I libPowerHal: [PD] vendor.samsung. update cmd:1000000 param:-1 pr:6
03-02 00:57:27.108  1464  1529 I libPowerHal: [perfLockRel] Done for hdl : 76603
03-02 00:57:27.108  1450 18764 I mtkpower_client: ret_hdl:76606
03-02 00:57:27.109  1464  1529 I libPowerHal: [perfLockAcq] idx:6 hdl:76606 hint:-1 pid:1450 tid:18764 duration:0 lock_user:vendor.samsung. => ret_hdl:76606
03-02 00:57:27.109  1464  1529 I libPowerHal: [setDvfsrcDevFreqOpp] opp:0, freq:4266000000
03-02 00:57:27.109  1464  1529 I libPowerHal: [PE] vendor.samsung. update cmd:1000000 param:0 pr:3
03-02 00:57:27.109  1464  1529 I libPowerHal: [perfLockAcq] Done for hdl : 76606
03-02 00:57:27.109  1450 18764 I HYPER-HAL: [RequestManager.cpp]releaseLocked(): Released ID : 2063514
03-02 00:57:27.124  1445 18689 W C2MtkBufferManager: [0xB4000070F68A8D20] fetchNewCcBlock: wait fence 0x0xb4000070f692fcb0 timed out. ret 110
03-02 00:57:27.137  2991  3757 I LocationAccessPolicy: checkLocationPermission - callingUid: 10492, callingPid: 14636, result: DENIED_SOFT
03-02 00:57:27.137  2991  3757 I LocationAccessPolicy: checkLocationPermission - callingUid: 10492, callingPid: 14636, result: DENIED_SOFT
03-02 00:57:27.142  2013  2253 D LocationManagerService: passive provider getLastLocation from : 10492/com.emeint.android.myservices
03-02 00:57:27.143  2013  2731 D LocationManagerService: network provider getLastLocation from : 10492/com.emeint.android.myservices
03-02 00:57:27.143  2013  2731 D LocationManagerService: fused provider getLastLocation from : 10492/com.emeint.android.myservices
03-02 00:57:27.144  2013  2253 D LocationManagerService: gps provider getLastLocation from : 10492/com.emeint.android.myservices
03-02 00:57:27.145  2991  3757 I LocationAccessPolicy: checkLocationPermission - callingUid: 10492, callingPid: 14636, result: DENIED_SOFT
03-02 00:57:27.153  2991  3757 I LocationAccessPolicy: checkLocationPermission - callingUid: 10492, callingPid: 14636, result: DENIED_SOFT
03-02 00:57:27.155  2991  3757 I LocationAccessPolicy: checkLocationPermission - callingUid: 10492, callingPid: 14636, result: DENIED_SOFT
03-02 00:57:27.155  2991  3757 I LocationAccessPolicy: checkLocationPermission - callingUid: 10492, callingPid: 14636, result: DENIED_SOFT
03-02 00:57:27.164  1445  2902 W C2MtkBufferManager: [0xB4000070F507E520] fetchNewCcBlock: wait fence 0x0xb4000070f5058270 timed out. ret 110
03-02 00:57:27.164  2991  3810 I LocationAccessPolicy: checkLocationPermission - callingUid: 10492, callingPid: 14636, result: DENIED_SOFT
03-02 00:57:27.164  1445 18689 W C2MtkBufferManager: [0xB4000070F68A8D20] fetchNewCcBlock: wait fence 0x0xb4000070f692fcb0 timed out. ret 110
03-02 00:57:27.167  2991  3810 I LocationAccessPolicy: checkLocationPermission - callingUid: 10492, callingPid: 14636, result: DENIED_SOFT
03-02 00:57:27.167  2991  3810 I LocationAccessPolicy: checkLocationPermission - callingUid: 10492, callingPid: 14636, result: DENIED_SOFT
03-02 00:57:27.173  2991  3810 I LocationAccessPolicy: checkLocationPermission - callingUid: 10492, callingPid: 14636, result: DENIED_SOFT
03-02 00:57:27.177  2991  3757 I LocationAccessPolicy: checkLocationPermission - callingUid: 10492, callingPid: 14636, result: DENIED_SOFT
03-02 00:57:27.177  2991  3757 I LocationAccessPolicy: checkLocationPermission - callingUid: 10492, callingPid: 14636, result: DENIED_SOFT
03-02 00:57:27.182  2991  3810 I LocationAccessPolicy: checkLocationPermission - callingUid: 10492, callingPid: 14636, result: DENIED_SOFT
03-02 00:57:27.183  2991  3810 I LocationAccessPolicy: checkLocationPermission - callingUid: 10492, callingPid: 14636, result: DENIED_SOFT
03-02 00:57:27.189  2991  3757 I LocationAccessPolicy: checkLocationPermission - callingUid: 10492, callingPid: 14636, result: DENIED_SOFT
03-02 00:57:27.189  2991  3757 I LocationAccessPolicy: checkLocationPermission - callingUid: 10492, callingPid: 14636, result: DENIED_SOFT
03-02 00:57:27.197  2991  3810 I LocationAccessPolicy: checkLocationPermission - callingUid: 10492, callingPid: 14636, result: DENIED_SOFT
03-02 00:57:27.197  2991  3810 I LocationAccessPolicy: checkLocationPermission - callingUid: 10492, callingPid: 14636, result: DENIED_SOFT
03-02 00:57:27.200  1507  1825 I SurfaceFlinger: Capture layer list: 	 com.zhiliaoapp.musically/com.ss.android.ugc.aweme.splash.SplashActivity$_14885#156230(seamlessTransition:0)
03-02 00:57:27.200  1507  1825 I SurfaceFlinger: Capture layer list: 	 DimTransitionLayer for Surface(name=Task=44880)/@0x31993b1#156258(seamlessTransition:0)
03-02 00:57:27.200  1507  1825 I SurfaceFlinger: Capture layer list: 	 com.podcast.app.debug/androidx.activity.ComponentActivity$_17121#156253(seamlessTransition:0)
03-02 00:57:27.204  1445 18689 W C2MtkBufferManager: [0xB4000070F68A8D20] fetchNewCcBlock: wait fence 0x0xb4000070f692fcb0 timed out. ret 110
03-02 00:57:27.204  2991  3757 I LocationAccessPolicy: checkLocationPermission - callingUid: 10492, callingPid: 14636, result: DENIED_SOFT
03-02 00:57:27.204  2991  3757 I LocationAccessPolicy: checkLocationPermission - callingUid: 10492, callingPid: 14636, result: DENIED_SOFT
03-02 00:57:27.211  2991  3810 I LocationAccessPolicy: checkLocationPermission - callingUid: 10492, callingPid: 14636, result: DENIED_SOFT
03-02 00:57:27.211  2991  3810 I LocationAccessPolicy: checkLocationPermission - callingUid: 10492, callingPid: 14636, result: DENIED_SOFT
03-02 00:57:27.237  1445  2902 W C2MtkBufferManager: [0xB4000070F507E520] fetchNewCcBlock: wait fence 0x0xb4000070f5058270 timed out. ret 110
03-02 00:57:27.241  2013  3505 I NSLocationMonitor: getGPSUsingApps() called
03-02 00:57:27.242  3477 10041 I NSLocationManager_FLP: getGPSUsingApps, No change
03-02 00:57:27.244  1445 18689 W C2MtkBufferManager: [0xB4000070F68A8D20] fetchNewCcBlock: wait fence 0x0xb4000070f692fcb0 timed out. ret 110
03-02 00:57:27.255  2013  3505 I NSLocationMonitor: getGPSUsingApps() called
03-02 00:57:27.256  3477 10041 I NSLocationManager_FLP: getGPSUsingApps, No change
03-02 00:57:27.283  1445 18689 W C2MtkBufferManager: [0xB4000070F68A8D20] fetchNewCcBlock: wait fence 0x0xb4000070f692fcb0 timed out. ret 110
03-02 00:57:27.300  1507  1825 I SurfaceFlinger: Capture layer list: 	 com.zhiliaoapp.musically/com.ss.android.ugc.aweme.splash.SplashActivity$_14885#156230(seamlessTransition:0)
03-02 00:57:27.300  1507  1825 I SurfaceFlinger: Capture layer list: 	 DimTransitionLayer for Surface(name=Task=44880)/@0x31993b1#156258(seamlessTransition:0)
03-02 00:57:27.300  1507  1825 I SurfaceFlinger: Capture layer list: 	 com.podcast.app.debug/androidx.activity.ComponentActivity$_17121#156253(seamlessTransition:0)
03-02 00:57:27.310  1445  2902 W C2MtkBufferManager: [0xB4000070F507E520] fetchNewCcBlock: wait fence 0x0xb4000070f5058270 timed out. ret 110
03-02 00:57:27.323  1445 18689 W C2MtkBufferManager: [0xB4000070F68A8D20] fetchNewCcBlock: wait fence 0x0xb4000070f692fcb0 timed out. ret 110
03-02 00:57:27.330  1444  1444 D libcomposer_ext: DeviceImplAidl::DeviceClientContextAidl::NotifyHwcComposition()
03-02 00:57:27.331  1444  1444 D libcomposer_ext: DeviceImplAidl::DeviceClientContextAidl::NotifyHwcComposition()
03-02 00:57:27.331  2746  2798 I SurfaceControlRegistry: apply, t=FinishTransaction_SyncId<11276>, caller=android.view.SurfaceControl$Transaction.apply:3459 android.view.SurfaceControl$Transaction.apply:3447 android.view.SurfaceControl$Transaction.apply:3397 com.android.wm.shell.transition.Transitions.onFinish:315 com.android.wm.shell.transition.Transitions$$ExternalSyntheticLambda7.onTransitionFinished:12 com.android.wm.shell.transition.DefaultTransitionHandler$$ExternalSyntheticLambda6.run:36
03-02 00:57:27.331  1698  1698 D libcomposer_ext: ClientCallbackAidl::asyncPerform(12)
03-02 00:57:27.331  1698  1698 D libcomposer_ext: ClientImplAidl::ParseNotifyHwcComposition()
03-02 00:57:27.331  1464  1492 I mtkpower@impl: [setMode] type:6, enabled:0
03-02 00:57:27.331  1464  1492 E mtkpower@impl: [setMode] unknown type
03-02 00:57:27.331  1507  1562 D libcomposer_ext: ClientCallbackAidl::asyncPerform(12)
03-02 00:57:27.331  1507  1562 D libcomposer_ext: ClientImplAidl::ParseNotifyHwcComposition()
03-02 00:57:27.331  1507  1562 D SurfaceFlinger: NotifyHwcComposition(), id 0, mode 0
03-02 00:57:27.332  1507  1507 D SurfaceFlinger: Display 4627039422300187648 HWC layers:
03-02 00:57:27.332  1507  1507 D SurfaceFlinger:   SOLID_COLOR |                        0 | 00000002 | N/A          |    0.0    0.0    0.0    0.0 |    0    0   -1   -1 | Background for 68eb87 SurfaceView[co[...]weme.splash.SplashActivity]@0#156236 (0)
03-02 00:57:27.332  1507  1507 D SurfaceFlinger:   SOLID_COLOR |                        0 | 00000002 | N/A          |    0.0    0.0    0.0    0.0 |    0    0   -1   -1 | Background for 7086fb SurfaceView[co[...]weme.splash.SplashActivity]@0#156239 (0)
03-02 00:57:27.332  1507  1507 D SurfaceFlinger:   SOLID_COLOR |                        0 | 00000002 | N/A          |    0.0    0.0    0.0    0.0 |    0    0   -1   -1 | Background for 836459b SurfaceView[c[...]weme.splash.SplashActivity]@0#156242 (0)
03-02 00:57:27.332  1507  1507 D SurfaceFlinger:        DEVICE |           63930588202179 | 00000102 | 0x32315659   |    0.0    0.0    0.0    0.0 |    0    0   -1   -1 | 7086fb SurfaceView[com.zhiliaoapp.mu[...]lash.SplashActivity]@0(BLAST)#156238 (1)
03-02 00:57:27.332  1507  1507 D SurfaceFlinger:        DEVICE |           63930588202181 | 00002100 | RGBA_8888    |    0.0    0.0    0.0    0.0 |    0    0   -1   -1 | com.zhiliaoapp.musically/com.ss.andr[...].splash.S
03-02 00:57:27.332  1507  1507 D SurfaceFlinger: plashActivity$_14885#156230 (5)
03-02 00:57:27.332  1507  1507 D SurfaceFlinger:   SOLID_COLOR |                        0 | 00000000 | N/A          |    0.0    0.0    0.0    0.0 |    0    0   -1   -1 | DimTransitionLayer for Surface(name=Task=44880)/@0x31993b1#156258 (0)
03-02 00:57:27.332  1507  1507 D SurfaceFlinger:        DEVICE |           73534135074901 | 00002102 | RGBA_8888    |    0.0    0.0 1080.0 2340.0 |    0    0 1080 2340 | com.podcast.app.debug/androidx.activity.ComponentActivity$_17121#156253 (1)
03-02 00:57:27.332  1507  1507 D SurfaceFlinger:        DEVICE |           11793980281878 | 00002100 | RGBA_8888    |    0.0    0.0 1080.0   80.0 |    0    0 1080   80 | StatusBar$_2746#117 (211082)
03-02 00:57:27.332  1507  1507 D SurfaceFlinger:        DEVICE |           13752485304097 | 00002100 | RGBA_8888    |    0.0    0.0   67.0  346.0 | 1013  454 1080  800 | com.sec.android.app.launcher/com.sam[...].app.CocktailBarService$_3202#152779 (1)
03-02 00:57:27.332  1507  1507 D SurfaceFlinger:        DEVICE |           11793980281862 | 00002100 | RGBA_8888    |    0.0    0.0 1080.0  135.0 |    0 2205 1080 2340 | NavigationBar0$_2746#113 (187880)
03-02 00:57:27.332  1507  1507 D SurfaceFlinger:
03-02 00:57:27.334 14885 14885 I VRI[SplashActivity]@35f4eb8: handleAppVisibility mAppVisible = true visible = false
03-02 00:57:27.334 14885 14885 D VRI[SplashActivity]@35f4eb8: visibilityChanged oldVisibility=true newVisibility=false
03-02 00:57:27.340  2746  2746 D SystemUIService: SYSUI_RAM_OPTIMIZATION onTrimMemory=20
03-02 00:57:27.340  2746  2746 D CentralSurfaces: SYSUI_RAM_OPTIMIZATION onTrimMemory=20
03-02 00:57:27.340  2746  2870 D HWUI    : CacheManager::trimMemory(20)
03-02 00:57:27.340  1507  1507 I SurfaceFlinger: RequestedLayer [Task=44543#147901] hidden!! flag  from(0) --> to(1)
03-02 00:57:27.340  1507  1507 I SurfaceFlinger: [Display 0 name="Built-in Screen"#49] setFrameRateCategory: Default
03-02 00:57:27.340  1507  1507 I SurfaceFlinger: [LayerHierarchy{RequestedLayerState{Task=44543#147901 parentId=10 z=41} 1 children}] reparent to LayerHierarchy{RequestedLayerState{DefaultTaskDisplayArea_d0#10 parentId=9} 45 children}
03-02 00:57:27.340  1507  1507 I SurfaceFlinger: [LayerHierarchy{RequestedLayerState{Transition Root: Task=44880#156256 z=42} 2 children}] reparent to OffscreenRoot
03-02 00:57:27.340  1507  1507 I SurfaceFlinger: [LayerHierarchy{RequestedLayerState{Transition Root: Task=44880#156256 z=42} 2 children}] RelativeParent to null
03-02 00:57:27.340  1507  1507 I SurfaceFlinger: [LayerHierarchy{RequestedLayerState{DimTransitionLayer for Surface(name=Task=44880)/@0x31993b1#156258 z=-1} no children}] reparent to OffscreenRoot
03-02 00:57:27.340  1507  1507 I SurfaceFlinger: [LayerHierarchy{RequestedLayerState{DimTransitionLayer for Surface(name=Task=44880)/@0x31993b1#156258 z=-1} no children}] RelativeParent to null
03-02 00:57:27.340  1507  1507 I SurfaceFlinger: [LayerHierarchy{RequestedLayerState{Task=44880#156248 parentId=10 z=42} 1 children}] reparent to LayerHierarchy{RequestedLayerState{DefaultTaskDisplayArea_d0#10 parentId=9} 45 children}
03-02 00:57:27.342  1507  1507 I SurfaceFlinger: onHandleDestroyed: layerId=156258, name=DimTransitionLayer for Surface(name=Task=44880)/@0x31993b1#156258
03-02 00:57:27.342  1507  1507 I SurfaceFlinger: id=156258 Removed DimTransitionLayer for Surface(name=Task=44880)/@0x31993b1#156258 (336)
03-02 00:57:27.342  1507  1507 I SurfaceFlinger: onHandleDestroyed: layerId=156256, name=Transition Root: Task=44880#156256
03-02 00:57:27.342  1507  1507 I SurfaceFlinger: id=156256 Removed Transition Root: Task=44880#156256 (336)
03-02 00:57:27.342  1507  1507 I SurfaceFlinger: onHandleDestroyed: layerId=156214, name=dbd0d51 Splash Screen com.podcast.app.debug.test#156214
03-02 00:57:27.342  1507  1507 I SurfaceFlinger: id=156214 Removed dbd0d51 Splash Screen com.podcast.app.debug.test#156214 (336)
03-02 00:57:27.342  1507  1507 E RefreshRateSelector: Can't find HRR max refresh rate by policy with the same group 0
03-02 00:57:27.343 14885 14885 I SV[6876039 SplashActivity]: onWindowVisibilityChanged(8) false X.0fk7{68eb87 V.E...... ........ 0,80-1080,2000} of VRI[SplashActivity]@35f4eb8
03-02 00:57:27.343 14885 14885 I SurfaceView: 6876039 Changes: creating=false format=false size=false visible=true alpha=false hint=false left=false top=false z=false attached=true lifecycleStrategy=false
03-02 00:57:27.343 14885 14885 I SurfaceView: 6876039 Cur surface: Surface(name=null mNativeObject=499546536192)/@0x56b4ffd
03-02 00:57:27.343 14885 14885 I SurfaceView: 6876039 surfaceDestroyed
03-02 00:57:27.343 14885 14885 I SV[6876039 SplashActivity]: surfaceDestroyed callback.size 1 #2 X.0fk7{68eb87 V.E...... ........ 0,80-1080,2000}
03-02 00:57:27.343 14885 14885 I SV[6876039 SplashActivity]: updateSurface: mVisible = false mSurface.isValid() = true
03-02 00:57:27.343 14885 14885 I BLASTBufferQueue: [68eb87 SurfaceView[com.zhiliaoapp.musically/com.ss.android.ugc.aweme.splash.SplashActivity]@0#94](f:0,a:0,s:0) destructor()
03-02 00:57:27.343 14885 14885 D BufferQueueConsumer: [68eb87 SurfaceView[com.zhiliaoapp.musically/com.ss.android.ugc.aweme.splash.SplashActivity]@0#94(BLAST Consumer)94](id:3a2500000063,api:0,p:-1,c:14885) disconnect
03-02 00:57:27.344 14885 14885 I SV[6876039 SplashActivity]: releaseSurfaces: viewRoot = VRI[SplashActivity]@35f4eb8
03-02 00:57:27.345 14885 14885 V SurfaceView: Layout: x=4320 y=-2080 w=1080 h=1920, frame=Rect(0, 0 - 1080, 1920)
03-02 00:57:27.345 14885 14885 I SV[7374587 SplashActivity]: onWindowVisibilityChanged(8) false X.0fk7{7086fb V.E...... ........ 0,80-1080,2000} of VRI[SplashActivity]@35f4eb8
03-02 00:57:27.345 14885 14885 I SurfaceView: 7374587 Changes: creating=false format=false size=false visible=true alpha=false hint=false left=false top=false z=false attached=true lifecycleStrategy=false
03-02 00:57:27.345 14885 14885 I SurfaceView: 7374587 Cur surface: Surface(name=null mNativeObject=499558285312)/@0x5798c7e
03-02 00:57:27.345 14885 14885 I SurfaceView: 7374587 surfaceDestroyed
03-02 00:57:27.345 14885 14885 I SV[7374587 SplashActivity]: surfaceDestroyed callback.size 2 #2 X.0fk7{7086fb V.E...... ........ 0,80-1080,2000}
03-02 00:57:27.345  1646 17197 I CameraService: onUidStateChanged: uid=10235, procState is changed. (3 -> 4)
03-02 00:57:27.348 14885 18629 D SurfaceUtils: connecting to surface 0x6f9d394c10, reason connectToSurface
03-02 00:57:27.348 14885 18629 I MediaCodec: [c2.mtk.hevc.decoder] setting surface generation to 15242298
03-02 00:57:27.348 14885 18629 D SurfaceUtils: disconnecting from surface 0x6f9d394c10, reason connectToSurface(reconnect)
03-02 00:57:27.348 14885 18629 D SurfaceUtils: connecting to surface 0x6f9d394c00, reason connectToSurface(reconnect-with-listener)
03-02 00:57:27.349 14885 18629 D GraphicsTracker: new surface in configuration: maxDequeueRequested(0), maxDequeueCommitted(24)
03-02 00:57:27.349 14885 18629 D GraphicsTracker: new surface configured with id:63930588201057 gen:15242298 maxDequeue:24
03-02 00:57:27.349 14885 18629 D GraphicsTracker: maxDequeueCount is already 24
03-02 00:57:27.349 14885 18629 D Codec2Client: setOutputSurface -- generation=15242298 consumer usage=0x900
03-02 00:57:27.350 14885 18629 D SurfaceUtils: disconnecting from surface 0x6f9d395610, reason disconnectFromSurface
03-02 00:57:27.352  1507  1507 I SurfaceFlinger: RequestedLayer [com.zhiliaoapp.musically/com.ss.andr[...].splash.SplashActivity$_14885#156230] hidden!! flag  from(0) --> to(1)
03-02 00:57:27.352  1507  1507 I SurfaceFlinger: RequestedLayer [ActivityRecord{2751228 u0 com.zhilia[...]splash.SplashActivity t44543}#147902] hidden!! flag  from(0) --> to(1)
03-02 00:57:27.352  1507  1507 I SurfaceFlinger: destroyed dbd0d51 Splash Screen com.podcast.app.debug.test#156214
03-02 00:57:27.352  1507  1507 I SurfaceFlinger: destroyed Transition Root: Task=44880#156256
03-02 00:57:27.352  1507  1507 I SurfaceFlinger: destroyed DimTransitionLayer for Surface(name=Task=44880)/@0x31993b1#156258
03-02 00:57:27.352  1507  1507 I SurfaceFlinger: [LayerHierarchy{RequestedLayerState{ImeContainer#15 parentId=156249 relativeParentId=156252 z=1} 1 children}] RelativeParent to LayerHierarchy{RequestedLayerState{c69a3cc com.podcast.app.debug/androidx.activity.ComponentActivity#156252 parentId=156249} 2 children}
03-02 00:57:27.352  1507  1507 I SurfaceFlinger: [LayerHierarchy{RequestedLayerState{Splash Screen com.podcast.app.debug$_2746#156251} no children}] reparent to OffscreenRoot
03-02 00:57:27.352  1507  1507 I SurfaceFlinger: [LayerHierarchy{RequestedLayerState{Splash Screen com.podcast.app.debug$_2746#156251} no children}] RelativeParent to null
03-02 00:57:27.352  1507  1507 I SurfaceFlinger: [LayerHierarchy{RequestedLayerState{f5fb46 Splash Screen com.podcast.app.debug#156250 z=2147483647} no children}] reparent to OffscreenRoot
03-02 00:57:27.352  1507  1507 I SurfaceFlinger: [LayerHierarchy{RequestedLayerState{f5fb46 Splash Screen com.podcast.app.debug#156250 z=2147483647} no children}] RelativeParent to null
03-02 00:57:27.352 14885 14885 I SV[7374587 SplashActivity]: updateSurface: mVisible = false mSurface.isValid() = true
03-02 00:57:27.353 14885 14885 I BLASTBufferQueue: [7086fb SurfaceView[com.zhiliaoapp.musically/com.ss.android.ugc.aweme.splash.SplashActivity]@0#95](f:0,a:1,s:0) destructor()
03-02 00:57:27.353  1507  1507 I Layer   : id=156214 Destroyed dbd0d51 Splash Screen com.podcast.app.debug.test#156214
03-02 00:57:27.353  1507  1507 I Layer   : id=156256 Destroyed Transition Root: Task=44880#156256
03-02 00:57:27.353  1507  1507 I Layer   : id=156258 Destroyed DimTransitionLayer for Surface(name=Task=44880)/@0x31993b1#156258
03-02 00:57:27.353  1507  1507 I SurfaceFlinger: onHandleDestroyed: layerId=156250, name=f5fb46 Splash Screen com.podcast.app.debug#156250
03-02 00:57:27.353  1507  1507 I SurfaceFlinger: id=156250 Removed f5fb46 Splash Screen com.podcast.app.debug#156250 (333)
03-02 00:57:27.353  1507  1507 I SurfaceFlinger: onHandleDestroyed: layerId=156251, name=Splash Screen com.podcast.app.debug$_2746#156251
03-02 00:57:27.353  1507  1507 I SurfaceFlinger: id=156251 Removed Splash Screen com.podcast.app.debug$_2746#156251 (333)
03-02 00:57:27.353 14885 14885 D BufferQueueConsumer: [7086fb SurfaceView[com.zhiliaoapp.musically/com.ss.android.ugc.aweme.splash.SplashActivity]@0#95(BLAST Consumer)95](id:3a2500000064,api:0,p:-1,c:14885) disconnect
03-02 00:57:27.354 14885 14885 I SV[7374587 SplashActivity]: releaseSurfaces: viewRoot = VRI[SplashActivity]@35f4eb8
03-02 00:57:27.354 14885 14885 V SurfaceView: Layout: x=0 y=80 w=1080 h=1920, frame=Rect(0, 0 - 1080, 1920)
03-02 00:57:27.355 14885 14885 I SV[137774491 SplashActivity]: onWindowVisibilityChanged(8) false X.0fk7{836459b V.E...... ........ 0,81-1080,1998} of VRI[SplashActivity]@35f4eb8
03-02 00:57:27.355 14885 14885 I SurfaceView: 137774491 Changes: creating=false format=false size=false visible=true alpha=false hint=false left=false top=false z=false attached=true lifecycleStrategy=false
03-02 00:57:27.355 14885 14885 I SurfaceView: 137774491 Cur surface: Surface(name=null mNativeObject=499558727936)/@0xe7e74a9
03-02 00:57:27.355 14885 14885 I SurfaceView: 137774491 surfaceDestroyed
03-02 00:57:27.355 14885 14885 I SV[137774491 SplashActivity]: surfaceDestroyed callback.size 1 #2 X.0fk7{836459b V.E...... ........ 0,81-1080,1998}
03-02 00:57:27.355 14885 14885 I SV[137774491 SplashActivity]: updateSurface: mVisible = false mSurface.isValid() = true
03-02 00:57:27.355 14885 14885 I BLASTBufferQueue: [836459b SurfaceView[com.zhiliaoapp.musically/com.ss.android.ugc.aweme.splash.SplashActivity]@0#96](f:0,a:0,s:0) destructor()
03-02 00:57:27.356 14885 14885 D BufferQueueConsumer: [836459b SurfaceView[com.zhiliaoapp.musically/com.ss.android.ugc.aweme.splash.SplashActivity]@0#96(BLAST Consumer)96](id:3a2500000065,api:0,p:-1,c:14885) disconnect
03-02 00:57:27.356 14885 14885 I SV[137774491 SplashActivity]: releaseSurfaces: viewRoot = VRI[SplashActivity]@35f4eb8
03-02 00:57:27.356 14885 14885 V SurfaceView: Layout: x=4320 y=2240 w=1080 h=1917, frame=Rect(0, 0 - 1080, 1917)
03-02 00:57:27.359 14885 15423 D SurfaceView: 116346285 windowPositionLost, frameNr = 0
03-02 00:57:27.360 14885 15423 D SurfaceView: 240974050 windowPositionLost, frameNr = 0
03-02 00:57:27.360 14885 15423 D SurfaceView: 37160051 windowPositionLost, frameNr = 0
03-02 00:57:27.363  1507  1507 I SurfaceFlinger: destroyed Splash Screen com.podcast.app.debug$_2746#156251
03-02 00:57:27.363  1507  1507 I SurfaceFlinger: destroyed f5fb46 Splash Screen com.podcast.app.debug#156250
03-02 00:57:27.364 14885 15423 D HWUI    : CacheManager::trimMemory(20)
03-02 00:57:27.364  1507  1507 I Layer   : id=156251 Destroyed Splash Screen com.podcast.app.debug$_2746#156251
03-02 00:57:27.364  1507  1507 I Layer   : id=156250 Destroyed f5fb46 Splash Screen com.podcast.app.debug#156250
03-02 00:57:27.367  2013  4843 I WindowManager: Relayout Window{cd2d6b5 u0 com.zhiliaoapp.musically/com.ss.android.ugc.aweme.splash.SplashActivity}: viewVisibility=8 req=1080x2340 ty=1 d0
03-02 00:57:27.368  2013  4843 I WindowManager: Relayout hash=cd2d6b5, pid=14885, syncId=-1: mAttrs={(0,0)(fillxfill) sim={adjust=pan} layoutInDisplayCutoutMode=always ty=BASE_APPLICATION fmt=TRANSLUCENT wanim=0x1030317
03-02 00:57:27.368  2013  4843 I WindowManager:   fl=81810180
03-02 00:57:27.368  2013  4843 I WindowManager:   pfl=10008840
03-02 00:57:27.368  2013  4843 I WindowManager:   vsysui=400
03-02 00:57:27.368  2013  4843 I WindowManager:   apr=10
03-02 00:57:27.368  2013  4843 I WindowManager:   bhv=1
03-02 00:57:27.368  2013  4843 I WindowManager:   fitSides=0
03-02 00:57:27.368  2013  4843 I WindowManager:   frameRateBoostOnTouch=true
03-02 00:57:27.368  2013  4843 I WindowManager:   dvrrWindowFrameRateHint=true naviIconColor=0
03-02 00:57:27.368  2013  4843 I WindowManager:   sfl=100000}
03-02 00:57:27.370 14885 14885 I BLASTBufferQueue: [VRI[SplashActivity]@35f4eb8#93](f:0,a:1,s:0) destructor()
03-02 00:57:27.370 14885 14885 D BufferQueueConsumer: [VRI[SplashActivity]@35f4eb8#93(BLAST Consumer)93](id:3a2500000062,api:0,p:-1,c:14885) disconnect
03-02 00:57:27.371 14885 14885 I VRI[SplashActivity]@35f4eb8: Relayout returned: old=(0,0,1080,2340) new=(0,0,1080,2340) relayoutAsync=false req=(1080,2340)8 dur=4 res=0x2 s={false 0x0} ch=true seqId=0
03-02 00:57:27.372 14885 14885 I SV[6876039 SplashActivity]: windowStopped(true) false X.0fk7{68eb87 V.E...... ........ 0,80-1080,2000} of VRI[SplashActivity]@35f4eb8
03-02 00:57:27.372 14885 14885 D SV[6876039 SplashActivity]: updateSurface: surface is not valid
03-02 00:57:27.372 14885 14885 I SV[6876039 SplashActivity]: releaseSurfaces: viewRoot = VRI[SplashActivity]@35f4eb8
03-02 00:57:27.372 14885 14885 D VRI[SplashActivity]@35f4eb8: applyTransactionOnDraw applyImmediately
03-02 00:57:27.372 14885 14885 I SV[7374587 SplashActivity]: windowStopped(true) false X.0fk7{7086fb V.E...... ........ 0,80-1080,2000} of VRI[SplashActivity]@35f4eb8
03-02 00:57:27.372 14885 14885 D SV[7374587 SplashActivity]: updateSurface: surface is not valid
03-02 00:57:27.372 14885 14885 I SV[7374587 SplashActivity]: releaseSurfaces: viewRoot = VRI[SplashActivity]@35f4eb8
03-02 00:57:27.372 14885 14885 D VRI[SplashActivity]@35f4eb8: applyTransactionOnDraw applyImmediately
03-02 00:57:27.373 14885 14885 I SV[137774491 SplashActivity]: windowStopped(true) false X.0fk7{836459b V.E...... ........ 0,81-1080,1998} of VRI[SplashActivity]@35f4eb8
03-02 00:57:27.373 14885 14885 D SV[137774491 SplashActivity]: updateSurface: surface is not valid
03-02 00:57:27.373 14885 14885 I SV[137774491 SplashActivity]: releaseSurfaces: viewRoot = VRI[SplashActivity]@35f4eb8
03-02 00:57:27.373 14885 14885 D VRI[SplashActivity]@35f4eb8: applyTransactionOnDraw applyImmediately
03-02 00:57:27.373 14885 14885 D SV[6876039 SplashActivity]: updateSurface: surface is not valid
03-02 00:57:27.373 14885 14885 I SV[6876039 SplashActivity]: releaseSurfaces: viewRoot = VRI[SplashActivity]@35f4eb8
03-02 00:57:27.373 14885 14885 D VRI[SplashActivity]@35f4eb8: applyTransactionOnDraw applyImmediately
03-02 00:57:27.374  1507  1507 I SurfaceFlinger: [LayerHierarchy{RequestedLayerState{Bounds for - com.zhiliaoapp.musically/com.ss.android.ugc.aweme.splash.SplashActivity@21#156233} 3 children}] reparent to OffscreenRoot
03-02 00:57:27.374 14885 14885 D SV[7374587 SplashActivity]: updateSurface: surface is not valid
03-02 00:57:27.374  1507  1507 I SurfaceFlinger: [LayerHierarchy{RequestedLayerState{Bounds for - com.zhiliaoapp.musically/com.ss.android.ugc.aweme.splash.SplashActivity@21#156233} 3 children}] RelativeParent to null
03-02 00:57:27.374 14885 14885 I SV[7374587 SplashActivity]: releaseSurfaces: viewRoot = VRI[SplashActivity]@35f4eb8
03-02 00:57:27.374 14885 14885 D VRI[SplashActivity]@35f4eb8: applyTransactionOnDraw applyImmediately
03-02 00:57:27.374 14885 14885 D SV[137774491 SplashActivity]: updateSurface: surface is not valid
03-02 00:57:27.374 14885 14885 I SV[137774491 SplashActivity]: releaseSurfaces: viewRoot = VRI[SplashActivity]@35f4eb8
03-02 00:57:27.374 14885 14885 D VRI[SplashActivity]@35f4eb8: applyTransactionOnDraw applyImmediately
03-02 00:57:27.375 14885 14885 D VRI[SplashActivity]@35f4eb8: Not drawing due to not visible. Reason=!mAppVisible && !mForceDecorViewVisibility
03-02 00:57:27.375 14885 14885 D VRI[SplashActivity]@35f4eb8: Pending transaction will not be applied in sync with a draw due to view not visible
