03-02 00:57:02.921  1484  1921 D DlbProfileParamCache: resetParam() resend the parameter value got from xml.
03-02 00:57:02.921  1484  1921 D DlbProfileParamCache: resetParam() resend the parameter value got from xml.
03-02 00:57:02.921  1484  1921 D DlbEndpointParamCache: commitChangedParams()
03-02 00:57:02.921  1484  1921 D DlbEndpointParamCache: commit() Applying parameters for device 0x40000000
03-02 00:57:02.921  1484  1921 D DlbEndpointParamCache: doCommit() Committed 0 parameters out of 15.
03-02 00:57:02.921  1484  1921 D DlbEndpointParamCache: commit() Overriding parameters for current device 0x00000002
03-02 00:57:02.921  1484  1921 D DlbDap2Process: setParam(dvli = #1[-256])
03-02 00:57:02.921  1484  1921 D DlbEndpointParamCache: doCommit() Committed 1 parameters out of 60.
03-02 00:57:02.921  1484  1921 D DlbProfileParamCache: resetParam(param=dvlo)
03-02 00:57:02.921  1484  1921 D DlbProfileParamArray: getProfileParams(profile = 2)
03-02 00:57:02.921  1484  1921 D DlbProfileParamCache: resetParam() resend the parameter value got from xml.
03-02 00:57:02.921  1484  1921 D DlbProfileParamCache: resetParam() resend the parameter value got from xml.
03-02 00:57:02.921  1484  1921 D DlbProfileParamCache: resetParam() resend the parameter value got from xml.
03-02 00:57:02.921  1484  1921 D DlbProfileParamCache: resetParam() resend the parameter value got from xml.
03-02 00:57:02.921  1484  1921 D DlbProfileParamCache: resetParam() resend the parameter value got from xml.
03-02 00:57:02.921  1484  1921 D DlbProfileParamCache: resetParam() resend the parameter value got from xml.
03-02 00:57:02.921  1484  1921 D DlbProfileParamCache: resetParam() resend the parameter value got from xml.
03-02 00:57:02.921  1484  1921 D DlbEndpointParamCache: commitChangedParams()
03-02 00:57:02.921  1484  1921 D DlbEndpointParamCache: commit() Applying parameters for device 0x40000000
03-02 00:57:02.921  1484  1921 D DlbEndpointParamCache: doCommit() Committed 0 parameters out of 15.
03-02 00:57:02.921  1484  1921 D DlbEndpointParamCache: commit() Overriding parameters for current device 0x00000002
03-02 00:57:02.921  1484  1921 D DlbDap2Process: setParam(dvlo = #1[-224])
03-02 00:57:02.921  1484  1921 D DlbEndpointParamCache: doCommit() Committed 1 parameters out of 60.
03-02 00:57:02.921  1484  1921 D DlbProfileParamCache: resetParam(param=vmb)
03-02 00:57:02.921  1484  1921 D DlbProfileParamArray: getProfileParams(profile = 2)
03-02 00:57:02.921  1484  1921 D DlbProfileParamCache: resetParam() resend the parameter value got from xml.
03-02 00:57:02.921  1484  1921 D DlbProfileParamCache: resetParam() resend the parameter value got from xml.
03-02 00:57:02.921  1484  1921 D DlbProfileParamCache: resetParam() resend the parameter value got from xml.
03-02 00:57:02.921  1484  1921 D DlbProfileParamCache: resetParam() resend the parameter value got from xml.
03-02 00:57:02.921  1484  1921 D DlbProfileParamCache: resetParam() resend the parameter value got from xml.
03-02 00:57:02.921  1484  1921 D DlbProfileParamCache: resetParam() resend the parameter value got from xml.
03-02 00:57:02.921  1484  1921 D DlbProfileParamCache: resetParam() resend the parameter value got from xml.
03-02 00:57:02.921  1484  1921 D DlbEndpointParamCache: commitChangedParams()
03-02 00:57:02.921  1484  1921 D DlbEndpointParamCache: commit() Applying parameters for device 0x40000000
03-02 00:57:02.921  2013  3505 W Binder  : Outgoing transactions from this process must be FLAG_ONEWAY
03-02 00:57:02.921  2013  3505 W Binder  : java.lang.Throwable
03-02 00:57:02.921  2013  3505 W Binder  : 	at android.os.BinderProxy.transact(BinderProxy.java:566)
03-02 00:57:02.921  2013  3505 W Binder  : 	at android.bluetooth.IBluetoothGatt$Stub$Proxy.getAdvertisingSetUids(IBluetoothGatt.java:1678)
03-02 00:57:02.921  2013  3505 W Binder  : 	at android.bluetooth.BluetoothAdapter.getAdvertisingSetUids(BluetoothAdapter.java:8476)
03-02 00:57:02.921  2013  3505 W Binder  : 	at android.bluetooth.BluetoothAdapter.getHWUsingApps(BluetoothAdapter.java:1342)
03-02 00:57:02.921  2013  3505 W Binder  : 	at com.android.server.am.mars.filter.filter.BlueToothConnectedFilter.updateBTUsingPackages(qb/105350715 268999f8a14e7f8abd6a326b97f385fa09379427d12c342cfc170109611a7a5c:22)
03-02 00:57:02.921  2013  3505 W Binder  : 	at com.android.server.am.FreecessController.freeze(qb/105350715 268999f8a14e7f8abd6a326b97f385fa09379427d12c342cfc170109611a7a5c:117)
03-02 00:57:02.921  2013  3505 W Binder  : 	at com.android.server.am.FreecessHandler$MainHandler.handleLcdOnFreeze(qb/105350715 268999f8a14e7f8abd6a326b97f385fa09379427d12c342cfc170109611a7a5c:55)
03-02 00:57:02.921  2013  3505 W Binder  : 	at com.android.server.am.FreecessHandler$MainHandler.handleMessage(qb/105350715 268999f8a14e7f8abd6a326b97f385fa09379427d12c342cfc170109611a7a5c:793)
03-02 00:57:02.921  2013  3505 W Binder  : 	at android.os.Handler.dispatchMessage(Handler.java:110)
03-02 00:57:02.921  2013  3505 W Binder  : 	at android.os.Looper.loopOnce(Looper.java:273)
03-02 00:57:02.921  2013  3505 W Binder  : 	at android.os.Looper.loop(Looper.java:363)
03-02 00:57:02.921  2013  3505 W Binder  : 	at android.os.HandlerThread.run(HandlerThread.java:85)
03-02 00:57:02.922  1484  1921 D DlbEndpointParamCache: doCommit() Committed 0 parameters out of 15.
03-02 00:57:02.922  1484  1921 D DlbEndpointParamCache: commit() Overriding parameters for current device 0x00000002
03-02 00:57:02.922  1484  1921 D DlbDap2Process: setParam(vmb = #1[0])
03-02 00:57:02.922  1484  1921 D DlbEndpointParamCache: doCommit() Committed 1 parameters out of 60.
03-02 00:57:02.922  1484  1921 D DlbProfileParamCache: resetParam(param=dea)
03-02 00:57:02.922  1484  1921 D DlbProfileParamArray: getProfileParams(profile = 2)
03-02 00:57:02.922  1484  1921 D DlbProfileParamCache: resetParam() resend the parameter value got from xml.
03-02 00:57:02.922  1484  1921 D DlbProfileParamCache: resetParam() resend the parameter value got from xml.
03-02 00:57:02.922  1484  1921 D DlbProfileParamCache: resetParam() resend the parameter value got from xml.
03-02 00:57:02.922  1484  1921 D DlbProfileParamCache: resetParam() resend the parameter value got from xml.
03-02 00:57:02.922  1484  1921 D DlbProfileParamCache: resetParam() resend the parameter value got from xml.
03-02 00:57:02.922  1484  1921 D DlbProfileParamCache: resetParam() resend the parameter value got from xml.
03-02 00:57:02.922  1484  1921 D DlbProfileParamCache: resetParam() resend the parameter value got from xml.
03-02 00:57:02.922  1484  1921 D DlbEndpointParamCache: commitChangedParams()
03-02 00:57:02.922  1484  1921 D DlbEndpointParamCache: commit() Applying parameters for device 0x40000000
03-02 00:57:02.922  1484  1921 D DlbEndpointParamCache: doCommit() Committed 0 parameters out of 15.
03-02 00:57:02.922  1484  1921 D DlbEndpointParamCache: commit() Overriding parameters for current device 0x00000002
03-02 00:57:02.922  1484  1921 D DlbDap2Process: setParam(dea = #1[0])
03-02 00:57:02.922  1484  1921 D DlbEndpointParamCache: doCommit() Committed 1 parameters out of 60.
03-02 00:57:02.922  1484  1921 D DlbProfileParamCache: resetParam(param=deon)
03-02 00:57:02.922  1484  1921 D DlbProfileParamArray: getProfileParams(profile = 2)
03-02 00:57:02.922  1484  1921 D DlbProfileParamCache: resetParam() resend the parameter value got from xml.
03-02 00:57:02.922  1484  1921 D DlbProfileParamCache: resetParam() resend the parameter value got from xml.
03-02 00:57:02.922  1484  1921 D DlbProfileParamCache: resetParam() resend the parameter value got from xml.
03-02 00:57:02.922  1484  1921 D DlbProfileParamCache: resetParam() resend the parameter value got from xml.
03-02 00:57:02.922  1484  1921 D DlbProfileParamCache: resetParam() resend the parameter value got from xml.
03-02 00:57:02.922  1484  1921 D DlbProfileParamCache: resetParam() resend the parameter value got from xml.
03-02 00:57:02.922  1484  1921 D DlbProfileParamCache: resetParam() resend the parameter value got from xml.
03-02 00:57:02.922  1484  1921 D DlbEndpointParamCache: commitChangedParams()
03-02 00:57:02.922  1484  1921 D DlbEndpointParamCache: commit() Applying parameters for device 0x40000000
03-02 00:57:02.922  1484  1921 D DlbEndpointParamCache: doCommit() Committed 0 parameters out of 15.
03-02 00:57:02.922  1484  1921 D DlbEndpointParamCache: commit() Overriding parameters for current device 0x00000002
03-02 00:57:02.922  1484  1921 D DlbDap2Process: setParam(deon = #1[0])
03-02 00:57:02.922  1484  1921 D DlbEndpointParamCache: doCommit() Committed 1 parameters out of 60.
03-02 00:57:02.922  1484  1921 D DlbProfileParamCache: resetParam(param=mdee)
03-02 00:57:02.922  1484  1921 D DlbProfileParamArray: getProfileParams(profile = 2)
03-02 00:57:02.922  1484  1921 D DlbProfileParamCache: resetParam() resend the parameter value got from xml.
03-02 00:57:02.922  1484  1921 D DlbEndpointParamCache: commitChangedParams()
03-02 00:57:02.922  1484  1921 D DlbEndpointParamCache: commit() Applying parameters for device 0x40000000
03-02 00:57:02.922  1484  1921 D DlbDap2Process: setParam(mdee = #1[0])
03-02 00:57:02.922  1484  1921 D DlbEndpointParamCache: doCommit() Committed 1 parameters out of 15.
03-02 00:57:02.922  1484  1921 D DlbEndpointParamCache: commit() Overriding parameters for current device 0x00000002
03-02 00:57:02.922  1484  1921 D DlbEndpointParamCache: doCommit() Committed 0 parameters out of 60.
03-02 00:57:02.922  1484  1921 D DlbEffectContext: transformExternalGain() volume:0xED3D8 fVol:0.057920 extVal:-395
03-02 00:57:02.922  1484  1921 D DlbEndpointParamCache: commitChangedParams()
03-02 00:57:02.922  1484  1921 D DlbEndpointParamCache: commit() Applying parameters for device 0x40000000
03-02 00:57:02.922  1484  1921 D DlbDap2Process: setParam(preg = #1[0])
03-02 00:57:02.922  1484  1921 D DlbDap2Process: setSystemGain(vol = 0)
03-02 00:57:02.922  1484  1921 D DlbDap2Process: setParam(svol = #1[-395])
03-02 00:57:02.922  1484  1921 D DlbEndpointParamCache: doCommit() Committed 2 parameters out of 15.
03-02 00:57:02.922  1484  1921 D DlbEndpointParamCache: commit() Overriding parameters for current device 0x00000002
03-02 00:57:02.922  1484  1921 D DlbEndpointParamCache: doCommit() Committed 0 parameters out of 60.
03-02 00:57:02.922  1484  1921 I SoundBoosterEffectPlus: SB_setVolume(0xb400007075106040)
03-02 00:57:02.922  1484  1921 I SoundBoosterEffectPlus: command EFFECT_CMD_SET_VOLUME left = 0.057920, right =0.057920
03-02 00:57:02.922  1484  1921 I SAG_EQ a64: SetVolumeFloat() inst_num [424238335] VolumeFloat [-24.741934] mModeFW [1] mMode [1]
03-02 00:57:02.922  1484  1921 I SAG_EQ a64: mIsVolumeTableValid yes
03-02 00:57:02.922  1484  1921 I SAG_EQ a64: SetVolume() VolumeIndexInt [6]
03-02 00:57:02.923  1439 32089 D MTKAdapterStreamLayer: updateMetadataCommon(),
03-02 00:57:02.923  1484  1921 I SoundAlive_SRC384 arch64: SoundAlive_SRC384() ID = 6710 GID = 6711
03-02 00:57:02.923  1484  1921 I SoundAlive_SRC384 arch64: SoundAlive_SRC384: Instance 6710 Init(outFs 7, InFs 7, chnum 0, outBW 0, inBW 0)
03-02 00:57:02.924  1484  1921 I Samsung_SoundAlive_SRC arch64: SRC384 version Samsung SoundAlive SRC ver320 arch64  2021.08.04 (Cppref for ARM64, ver.300.c 32bit 07_10_2016 based)
03-02 00:57:02.924  1484  1921 D SoundAliveResampler: [SoundAliveResampler] Init+++
03-02 00:57:02.924  1484  1921 I SoundAlive_SRC384 arch64: SoundAlive_SRC384: Instance 6710 Init(outFs 8, InFs 7, chnum 2, outBW 3, inBW 3)
03-02 00:57:02.924  1484  1921 I Samsung_SoundAlive_SRC arch64: SRC384 version Samsung SoundAlive SRC ver320 arch64  2021.08.04 (Cppref for ARM64, ver.300.c 32bit 07_10_2016 based)
03-02 00:57:02.924  1484 24378 D NativePermissionController: checkPermission: missing 13 for 10476
03-02 00:57:02.924  1484  1921 I SoundBooster_Interface2000_a64: [AE_LOG] Exe() mMode : 1,  n : 2048    VolumeIndexFloat : -24.741934 mSamplingRate : 48000
03-02 00:57:02.925  1484 24378 D NativePermissionController: checkPermission: missing 13 for 10476
03-02 00:57:02.925  1484  1921 I SoundAlive_Interface_a64: [ 0 ][ 48000 ]FlushBuffers()
03-02 00:57:02.926  1484  1921 I SoundAlive_Interface_a64: [dB = -24.741934 ]
03-02 00:57:02.930  1484  1567 D NativePermissionController: checkPermission: missing 13 for 10476
03-02 00:57:02.931  1507  1507 D SurfaceFlinger: Display 4627039422300187648 HWC layers:
03-02 00:57:02.931  1507  1507 D SurfaceFlinger:        DEVICE |           73534135074839 | 00002102 | RGBA_8888    |    0.0    0.0    0.0    0.0 |    0    0   -1   -1 | com.podcast.app.debug/androidx.activity.ComponentActivity$_17121#155479 (2)
03-02 00:57:02.931  1507  1507 D SurfaceFlinger:   SOLID_COLOR |                        0 | 00000000 | N/A          |    0.0    0.0    0.0    0.0 |    0    0   -1   -1 | DimTransitionLayer for Surface(name=Task=44849)/@0x8be7aea#155493 (0)
03-02 00:57:02.931  1507  1507 D SurfaceFlinger:        DEVICE |           75299366633492 | 00002102 | RGBA_8888    |    0.0    0.0 1080.0 2340.0 |    0    0 1080 2340 | com.podcast.app.debug.test/androidx.[...]yInvoker$EmptyActivity$_17532#155494 (1)
03-02 00:57:02.931  1507  1507 D SurfaceFlinger:        DEVICE |           11793980283235 | 00002100 | RGBA_8888    |    0.0    0.0 1080.0 2340.0 |    0    0 1080 2340 | Splash Screen com.podcast.app.debug.test$_2746#155490 (1)
03-02 00:57:02.931  1507  1507 D SurfaceFlinger:        DEVICE |           11793980281879 | 00002100 | RGBA_8888    |    0.0    0.0 1080.0   80.0 |    0    0 1080   80 | StatusBar$_2746#117 (210905)
03-02 00:57:02.931  1507  1507 D SurfaceFlinger:        DEVICE |           13752485304097 | 00002100 | RGBA_8888
03-02 00:57:02.931  1507  1507 D SurfaceFlinger:     |    0.0    0.0   67.0  346.0 | 1013  454 1080  800 | com.sec.android.app.launcher/com.sam[...].app.CocktailBarService$_3202#152779 (1)
03-02 00:57:02.931  1507  1507 D SurfaceFlinger:        DEVICE |           11793980281867 | 00002100 | RGBA_8888    |    0.0    0.0 1080.0  135.0 |    0 2205 1080 2340 | NavigationBar0$_2746#113 (187430)
03-02 00:57:02.931  1507  1507 D SurfaceFlinger:
03-02 00:57:02.932  2746  2798 I SurfaceControlRegistry: apply, t=FinishTransaction_SyncId<11234>, caller=android.view.SurfaceControl$Transaction.apply:3459 android.view.SurfaceControl$Transaction.apply:3447 android.view.SurfaceControl$Transaction.apply:3397 com.android.wm.shell.transition.Transitions.onFinish:315 com.android.wm.shell.transition.Transitions$$ExternalSyntheticLambda7.onTransitionFinished:12 com.android.wm.shell.transition.DefaultTransitionHandler$$ExternalSyntheticLambda6.run:36
03-02 00:57:02.932 14885 16837 D GraphicsTracker: new surface in configuration: maxDequeueRequested(0), maxDequeueCommitted(24)
03-02 00:57:02.932 14885 16837 D GraphicsTracker: new surface configured with id:63930588200992 gen:15242259 maxDequeue:24
03-02 00:57:02.932 14885 16837 D GraphicsTracker: maxDequeueCount is already 24
03-02 00:57:02.932 14885 16837 D Codec2Client: setOutputSurface -- generation=15242259 consumer usage=0x900
03-02 00:57:02.932 14885 16837 D SurfaceUtils: disconnecting from surface 0x6f9d803610, reason disconnectFromSurface
03-02 00:57:02.932  1507  1825 I SurfaceFlinger: Capture layer list: 	 com.podcast.app.debug/androidx.activity.ComponentActivity$_17121#155479(seamlessTransition:0)
03-02 00:57:02.932  1507  1825 I SurfaceFlinger: Capture layer list: 	 DimTransitionLayer for Surface(name=Task=44849)/@0x8be7aea#155493(seamlessTransition:0)
03-02 00:57:02.932  1507  1825 I SurfaceFlinger: Capture layer list: 	 com.podcast.app.debug.test/androidx.test.core.app.InstrumentationActivityInvoker$EmptyActivity$_17532#155494(seamlessTransition:0)
03-02 00:57:02.932  1507  1825 I SurfaceFlinger: Capture layer list: 	 Splash Screen com.podcast.app.debug.test$_2746#155490(seamlessTransition:0)
03-02 00:57:02.935  1484  9961 D NativePermissionController: checkPermission: missing 13 for 10351
03-02 00:57:02.935 14885 16246 D AudioTrack: setVolume(1.000000, 1.000000) pid : 14885
03-02 00:57:02.936 14885 14885 I SurfaceView: 7374587 Changes: creating=false format=false size=false visible=true alpha=false hint=false left=false top=false z=false attached=true lifecycleStrategy=false
03-02 00:57:02.936 14885 14885 I SurfaceView: 7374587 Cur surface: Surface(name=null mNativeObject=499554946560)/@0x5798c7e
03-02 00:57:02.936 14885 14885 I SurfaceView: 7374587 surfaceDestroyed
03-02 00:57:02.936 14885 14885 I SV[7374587 SplashActivity]: surfaceDestroyed callback.size 2 #3 X.0fk7{7086fb G.E...... ......I. 0,80-1080,2000}
03-02 00:57:02.936  1484  1567 D NativePermissionController: checkPermission: missing 13 for 10130
03-02 00:57:02.939  1507  1507 I SurfaceFlinger: RequestedLayer [Task=44848#155474] hidden!! flag  from(0) --> to(1)
03-02 00:57:02.939  1507  1507 I SurfaceFlinger: [LayerHierarchy{RequestedLayerState{Task=44848#155474 parentId=10 z=41} 1 children}] reparent to LayerHierarchy{RequestedLayerState{DefaultTaskDisplayArea_d0#10 parentId=9} 47 children}
03-02 00:57:02.939  1507  1507 I SurfaceFlinger: [LayerHierarchy{RequestedLayerState{Task=44849#155487 parentId=10 z=42} 2 children}] reparent to LayerHierarchy{RequestedLayerState{DefaultTaskDisplayArea_d0#10 parentId=9} 48 children}
03-02 00:57:02.939  1507  1507 I SurfaceFlinger: [LayerHierarchy{RequestedLayerState{Transition Root: Task=44849#155492 z=42} 1 children}] reparent to OffscreenRoot
03-02 00:57:02.939  1507  1507 I SurfaceFlinger: [LayerHierarchy{RequestedLayerState{Transition Root: Task=44849#155492 z=42} 1 children}] RelativeParent to null
03-02 00:57:02.939  1507  1507 I SurfaceFlinger: [LayerHierarchy{RequestedLayerState{DimTransitionLayer for Surface(name=Task=44849)/@0x8be7aea#155493 z=-1} no children}] reparent to OffscreenRoot
03-02 00:57:02.939  1507  1507 I SurfaceFlinger: [LayerHierarchy{RequestedLayerState{DimTransitionLayer for Surface(name=Task=44849)/@0x8be7aea#155493 z=-1} no children}] RelativeParent to null
03-02 00:57:02.939 14885 16837 I BLASTBufferQueue: [7086fb SurfaceView[com.zhiliaoapp.musically/com.ss.android.ugc.aweme.splash.SplashActivity]@0#29](f:0,a:0,s:0) onFrameAvailable the first frame is available
03-02 00:57:02.939 14885 16837 I BLASTBufferQueue: [7086fb SurfaceView[com.zhiliaoapp.musically/com.ss.android.ugc.aweme.splash.SplashActivity]@0#29](f:0,a:1,s:0) acquireNextBufferLocked size=1080x1920 mFrameNumber=1 applyTransaction=true mTimestamp=491101935704040 mPendingTransactions.size=0 graphicBufferId=63930588201649 transform=0
03-02 00:57:02.940  1484  1567 D NativePermissionController: checkPermission: missing 13 for 10476
03-02 00:57:02.940  1507  1507 I SurfaceFlinger: onHandleDestroyed: layerId=155493, name=DimTransitionLayer for Surface(name=Task=44849)/@0x8be7aea#155493
03-02 00:57:02.940  1507  1507 I SurfaceFlinger: id=155493 Removed DimTransitionLayer for Surface(name=Task=44849)/@0x8be7aea#155493 (347)
03-02 00:57:02.942  1484  1567 D NativePermissionController: checkPermission: missing 13 for 10351
03-02 00:57:02.943  1484  9961 D NativePermissionController: checkPermission: missing 13 for 10350
03-02 00:57:02.943  1484  9961 D NativePermissionController: checkPermission: missing 13 for 10350
03-02 00:57:02.944 17121 17121 I VRI[ComponentActivity]@263d939: handleAppVisibility mAppVisible = true visible = false
03-02 00:57:02.944 17121 17121 D VRI[ComponentActivity]@263d939: visibilityChanged oldVisibility=true newVisibility=false
03-02 00:57:02.944  1484  1567 D NativePermissionController: checkPermission: missing 13 for 10350
03-02 00:57:02.945  1484  1567 D NativePermissionController: checkPermission: missing 13 for 10350
03-02 00:57:02.945 14885 16837 D SurfaceUtils: connecting to surface 0x6f9d803610, reason connectToSurface
03-02 00:57:02.945  2746  2798 I SurfaceControlRegistry: show, t=StartTransaction_SyncId<11235> sc=Transition Root: Task=44543, caller=android.view.SurfaceControl$Transaction.show:3557 com.android.wm.shell.transition.Transitions.playTransition:79 com.android.wm.shell.transition.Transitions.processReadyQueue:239 com.android.wm.shell.transition.Transitions.onFinish:528 com.android.wm.shell.transition.Transitions$$ExternalSyntheticLambda7.onTransitionFinished:12 com.android.wm.shell.transition.DefaultTransitionHandler$$ExternalSyntheticLambda6.run:36
03-02 00:57:02.945 14885 16837 I MediaCodec: [c2.mtk.hevc.decoder] setting surface generation to 15242260
03-02 00:57:02.945 14885 16837 D SurfaceUtils: disconnecting from surface 0x6f9d803610, reason connectToSurface(reconnect)
03-02 00:57:02.945 14885 16837 D SurfaceUtils: connecting to surface 0x6f9d803600, reason connectToSurface(reconnect-with-listener)
03-02 00:57:02.945 14885 16837 D GraphicsTracker: new surface in configuration: maxDequeueRequested(0), maxDequeueCommitted(24)
03-02 00:57:02.945 14885 16837 D GraphicsTracker: new surface configured with id:63930588200968 gen:15242260 maxDequeue:24
03-02 00:57:02.946 14885 16837 D GraphicsTracker: maxDequeueCount is already 24
03-02 00:57:02.946 14885 16837 D Codec2Client: setOutputSurface -- generation=15242260 consumer usage=0x900
03-02 00:57:02.946 14885 16837 D SurfaceUtils: disconnecting from surface 0x6f9da2e010, reason disconnectFromSurface
03-02 00:57:02.946  2013  2834 W system_server: Large reply transaction of 322012 bytes, interface descriptor android.app.IActivityTaskManager, code 26
03-02 00:57:02.947  1484  9961 D NativePermissionController: checkPermission: missing 13 for 10350
03-02 00:57:02.947  2746  2746 D SamsungLightBarControlHelper: updateStatusBar (WHITE icon) numStacks:1, StatusBarMode:MODE_TRANSPARENT, lightBarBounds:[], StatusBarState:SHADE, packageName:, isWhiteKeyguardStatusBar:true
03-02 00:57:02.947  2013  2067 D PhoneWindowManager: handleKeyGestureEvent, type=11 keyguardOn=false displayId=0
03-02 00:57:02.947  2746  2746 D SamsungLightBarControlHelper: onStatusBarAppearanceChanged() -  sbModeChanged:false, statusBarMode:0, barState:MODE_TRANSPARENT, isKeyguardShowing:false, navbarColorManagedByIme:false, (AppearanceRegion{ bounds=[0,0][1080,2340]}, )
03-02 00:57:02.947  1484  1567 D NativePermissionController: checkPermission: missing 13 for 10350
03-02 00:57:02.947  2013  2067 D PhoneWindowManager: handleKeyGestureEvent, type=11 keyguardOn=false displayId=0
03-02 00:57:02.948  1507  1563 I SurfaceFlinger: id=155516 createSurf, flag=20004, DimTransitionLayer for Surface(name=Task=44849)/@0x6845fa#155516
03-02 00:57:02.949 14885 14885 I SV[7374587 SplashActivity]: updateSurface: mVisible = false mSurface.isValid() = true
03-02 00:57:02.949 14885 14885 I SV[7374587 SplashActivity]: releaseSurfaces: viewRoot = VRI[SplashActivity]@35f4eb8
03-02 00:57:02.949  2746  2798 I SurfaceControlRegistry: show, t=StartTransaction_SyncId<11235> sc=DimTransitionLayer for Surface(name=Task=44849)/@0x6845fa, caller=android.view.SurfaceControl$Transaction.show:3557 com.android.wm.shell.transition.DefaultTransitionHandler.startAnimation:2837 com.android.wm.shell.transition.Transitions.dispatchTransition:90 com.android.wm.shell.transition.Transitions.playTransition:774 com.android.wm.shell.transition.Transitions.processReadyQueue:239 com.android.wm.shell.transition.Transitions.onFinish:528
03-02 00:57:02.949  2746  3671 D SoundCraft.PlayingAudioConditionHandler: onPlaybackConfigChanged : lastStartedPackageName=com.zhiliaoapp.musically, lastStartedUid=10350, newStartedUid=10350, newStartPackageName=com.zhiliaoapp.musically, thread=Thread[RoutineHandlerThread,5,main]
03-02 00:57:02.950  1507  1507 I SurfaceFlinger: destroyed DimTransitionLayer for Surface(name=Task=44849)/@0x8be7aea#155493
03-02 00:57:02.950  1507  1507 I SurfaceFlinger: [LayerHierarchy{RequestedLayerState{Transition Root: Task=44849#155492 z=42} no children}] reparent to OffscreenRoot
03-02 00:57:02.950  1507  1507 I SurfaceFlinger: [LayerHierarchy{RequestedLayerState{Transition Root: Task=44849#155492 z=42} no children}] RelativeParent to null
03-02 00:57:02.950  1507  1507 I SurfaceFlinger: [DimTransitionLayer for Surface(name=Task=44849)/@0x6845fa#155516] attach to parent LayerHierarchy{RequestedLayerState{Transition Root: Task=44543#155515 parentId=10} 1 children}
03-02 00:57:02.951  1507  1507 I Layer   : id=155493 Destroyed DimTransitionLayer for Surface(name=Task=44849)/@0x8be7aea#155493
03-02 00:57:02.952  1507  1507 I SurfaceFlinger: onHandleDestroyed: layerId=155492, name=Transition Root: Task=44849#155492
03-02 00:57:02.952  1507  1507 I SurfaceFlinger: id=155492 Removed Transition Root: Task=44849#155492 (347)
03-02 00:57:02.952 17121 17389 D HWUI    : CacheManager::trimMemory(20)
03-02 00:57:02.953 14885 14885 V SurfaceView: Layout: x=0 y=80 w=1080 h=1920, frame=Rect(0, 0 - 1080, 1920)
03-02 00:57:02.953 14885 14885 I SurfaceView: 7374587 Changes: creating=true format=false size=false visible=true alpha=false hint=false left=false top=false z=false attached=true lifecycleStrategy=false
03-02 00:57:02.953  2746  2798 I SurfaceControlRegistry: apply, t=StartTransaction_SyncId<11235>, caller=android.view.SurfaceControl$Transaction.apply:3459 android.view.SurfaceControl$Transaction.apply:3447 android.view.SurfaceControl$Transaction.apply:3397 com.android.wm.shell.transition.DefaultTransitionHandler.startAnimation:3292 com.android.wm.shell.transition.Transitions.dispatchTransition:90 com.android.wm.shell.transition.Transitions.playTransition:774
03-02 00:57:02.954  1507  1907 I SurfaceFlinger: id=155517 createSurf, flag=84004, 7086fb SurfaceView[com.zhiliaoapp.musically/com.ss.android.ugc.aweme.splash.SplashActivity]@0#155517
03-02 00:57:02.955 14885 16044 I BLASTBufferQueue: [7086fb SurfaceView[com.zhiliaoapp.musically/com.ss.android.ugc.aweme.splash.SplashActivity]@0#29](f:0,a:1,s:0) destructor()
03-02 00:57:02.955 14885 16044 D BufferQueueConsumer: [7086fb SurfaceView[com.zhiliaoapp.musically/com.ss.android.ugc.aweme.splash.SplashActivity]@0#29(BLAST Consumer)29](id:3a2500000020,api:0,p:-1,c:14885) disconnect
03-02 00:57:02.955  1507  1563 I SurfaceFlinger: id=155518 createSurf, flag=44400, 7086fb SurfaceView[com.zhiliaoapp.musically/com.ss.android.ugc.aweme.splash.SplashActivity]@0(BLAST)#155518
03-02 00:57:02.956  1507  2128 I SurfaceFlinger: id=155519 createSurf, flag=20404, Background for 7086fb SurfaceView[com.zhiliaoapp.musically/com.ss.android.ugc.aweme.splash.SplashActivity]@0#155519
03-02 00:57:02.956 14885 14885 D BufferQueueConsumer: [](id:3a2500000022,api:0,p:-1,c:14885) connect: controlledByApp=false
03-02 00:57:02.956 14885 14885 I BLASTBufferQueue: [7086fb SurfaceView[com.zhiliaoapp.musically/com.ss.android.ugc.aweme.splash.SplashActivity]@0#31](f:0,a:0,s:0) constructor()
03-02 00:57:02.957 14885 14885 I BLASTBufferQueue_Java: new BLASTBufferQueue, mName= 7086fb SurfaceView[com.zhiliaoapp.musically/com.ss.android.ugc.aweme.splash.SplashActivity]@0 mNativeObject= 0x6fe0ef9000 caller= android.view.SurfaceView.createBlastSurfaceControls:1781 android.view.SurfaceView.updateSurface:1450 android.view.SurfaceView.setVisibility:613 X.0fk7.setVisibility:16777219 X.0T6E.LJLJJLL:33554432 com.ss.android.ugc.playerkit.videoview.SurfaceViewWrapper.LJIIL:16777263 com.ss.android.ugc.playerkit.videoview.SurfaceViewWrapper.LJIIIZ:2 Y.ARunnableS132S0100000_20.run$53:16777271 Y.ARunnableS132S0100000_20.run:330 android.os.Handler.handleCallback:995
03-02 00:57:02.957 14885 14885 I BLASTBufferQueue_Java: update, w= 1080 h= 1920 mName = 7086fb SurfaceView[com.zhiliaoapp.musically/com.ss.android.ugc.aweme.splash.SplashActivity]@0 mNativeObject= 0x6fe0ef9000 sc.mNativeObject= 0x6f59573000 format= 4 caller= android.view.SurfaceView.createBlastSurfaceControls:1782 android.view.SurfaceView.updateSurface:1450 android.view.SurfaceView.setVisibility:613 X.0fk7.setVisibility:16777219 X.0T6E.LJLJJLL:33554432 com.ss.android.ugc.playerkit.videoview.SurfaceViewWrapper.LJIIL:16777263
03-02 00:57:02.957 14885 14885 I BLASTBufferQueue: [7086fb SurfaceView[com.zhiliaoapp.musically/com.ss.android.ugc.aweme.splash.SplashActivity]@0#31](f:0,a:0,s:0) update width=1080 height=1920 format=4 mTransformHint=0
03-02 00:57:02.957 14885 14885 I SurfaceView: 7374587 Cur surface: Surface(name=null mNativeObject=0)/@0x5798c7e
03-02 00:57:02.957 14885 14885 I SV[7374587 SplashActivity]: pST: sr = Rect(0, 80 - 1080, 2000) sw = 1080 sh = 1920
03-02 00:57:02.957 14885 14885 D SurfaceView: 7374587 performSurfaceTransaction RenderWorker position = [0, 80, 1080, 2000] surfaceSize = 1080x1920
03-02 00:57:02.957 14885 14885 I SV[7374587 SplashActivity]: updateSurface: mVisible = true mSurface.isValid() = true
03-02 00:57:02.957 14885 14885 I SV[7374587 SplashActivity]: updateSurface: mSurfaceCreated = false surfaceChanged = true visibleChanged = true
03-02 00:57:02.957 14885 14885 I SurfaceView: 7374587 visibleChanged -- surfaceCreated
03-02 00:57:02.958 14885 14885 I SV[7374587 SplashActivity]: surfaceCreated 2 #3 X.0fk7{7086fb V.E...... ......ID 0,80-1080,2000}
03-02 00:57:02.960  2013  2027 I WindowManager: Relayout Window{23799d8 u0 com.podcast.app.debug/androidx.activity.ComponentActivity}: viewVisibility=8 req=1080x2340 ty=1 d0
03-02 00:57:02.961  1507  1507 I SurfaceFlinger: RequestedLayer [ActivityRecord{64970818 u0 com.podca[...]ity.ComponentActivity t44848}#155475] hidden!! flag  from(0) --> to(1)
03-02 00:57:02.961  1507  1507 I SurfaceFlinger: RequestedLayer [com.podcast.app.debug/androidx.activity.ComponentActivity$_17121#155479] hidden!! flag  from(0) --> to(1)
03-02 00:57:02.961  1507  1507 I SurfaceFlinger: RequestedLayer [Task=44543#147901] hidden!! flag  from(1) --> to(0)
03-02 00:57:02.961  1507  1507 I SurfaceFlinger: RequestedLayer [com.zhiliaoapp.musically/com.ss.andr[...].splash.SplashActivity$_14885#155502] hidden!! flag  from(1) --> to(0)
03-02 00:57:02.961  1507  1507 I SurfaceFlinger: RequestedLayer [Transition Root: Task=44543#155515] hidden!! flag  from(1) --> to(0)
03-02 00:57:02.961  1507  1507 I SurfaceFlinger: RequestedLayer [ActivityRecord{2751228 u0 com.zhilia[...]splash.SplashActivity t44543}#147902] hidden!! flag  from(1) --> to(0)
03-02 00:57:02.961  1507  1507 I SurfaceFlinger: RequestedLayer [DimTransitionLayer for Surface(name=Task=44849)/@0x6845fa#155516] hidden!! flag  from(1) --> to(0)
03-02 00:57:02.961  1507  1507 E SurfaceFlinger: alpha changed 1.000 -> 0.000 - DimTransitionLayer for Surface(name=Task=44849)/@0x6845fa#155516
03-02 00:57:02.961  1507  1507 E SurfaceFlinger: alpha changed 0.000 -> 0.180 - DimTransitionLayer for Surface(name=Task=44849)/@0x6845fa#155516
03-02 00:57:02.961  1507  1507 I SurfaceFlinger: destroyed Transition Root: Task=44849#155492
03-02 00:57:02.961  1507  1507 I SurfaceFlinger: [LayerHierarchy{RequestedLayerState{Task=44543#147901 parentId=155515 z=3} 1 children}] reparent to LayerHierarchy{RequestedLayerState{Transition Root: Task=44543#155515 parentId=10 z=42} 2 children}
03-02 00:57:02.961  1507  1507 I SurfaceFlinger: [LayerHierarchy{RequestedLayerState{Task=44849#155487 parentId=155515 z=4} 1 children}] reparent to LayerHierarchy{RequestedLayerState{Transition Root: Task=44543#155515 parentId=10 z=42} 3 children}
03-02 00:57:02.961  1507  1507 I SurfaceFlinger: [Background for 7086fb SurfaceView[com.zhiliaoapp.musically/com.ss.android.ugc.aweme.splash.SplashActivity]@0#155519] attach to parent LayerHierarchy{RequestedLayerState{7086fb SurfaceView[com.zhiliaoapp.musically/com.ss.android.ugc.aweme.splash.SplashActivity]@0#155517 parentId=155505} 1 children}
03-02 00:57:02.961  1507  1507 I SurfaceFlinger: [LayerHierarchy{RequestedLayerState{DimTransitionLayer for Surface(name=Task=44849)/@0x6845fa#155516 parentId=155515 relativeParentId=155487 z=-1} no children}] RelativeParent to LayerHierarchy{RequestedLayerState{Task=44849#155487 parentId=155515 z=4} 2 children}
03-02 00:57:02.961  1507  1507 I SurfaceFlinger: [7086fb SurfaceView[com.zhiliaoapp.musically/com.ss.android.ugc.aweme.splash.SplashActivity]@0#155517] attach to parent LayerHierarchy{RequestedLayerState{Bounds for - com.zhiliaoapp.musically/com.ss.android.ugc.aweme.splash.SplashActivity@6#155505 parentId=155502} 4 children}
03-02 00:57:02.961  1507  1507 I SurfaceFlinger: [7086fb SurfaceView[com.zhiliaoapp.musically/com.ss.android.ugc.aweme.splash.SplashActivity]@0(BLAST)#155518] attach to parent LayerHierarchy{RequestedLayerState{7086fb SurfaceView[com.zhiliaoapp.musically/com.ss.android.ugc.aweme.splash.SplashActivity]@0#155517 parentId=155505} 2 children}
03-02 00:57:02.963  1507  1507 I Layer   : id=155492 Destroyed Transition Root: Task=44849#155492
03-02 00:57:02.963  1445  2902 W C2MtkBufferManager: [0xB4000070F507E520] fetchNewCcBlock: wait fence 0x0xb4000070f5058270 timed out. ret 110
03-02 00:57:02.964 14885 14885 I SurfaceView: 7374587 surfaceChanged -- format=4 w=1080 h=1920
03-02 00:57:02.964 14885 14885 I SV[7374587 SplashActivity]: surfaceChanged (1080,1920) 2 #3 X.0fk7{7086fb V.E...... ......ID 0,80-1080,2000}
03-02 00:57:02.964 14885 14885 I SurfaceView: 7374587 surfaceRedrawNeeded
03-02 00:57:02.965 14885 16246 D AudioTrack: setVolume(1.000000, 1.000000) pid : 14885
03-02 00:57:02.966  2013  2065 D PkgPredictorService-SecIpmManagerServiceImpl: bg information pid:17121 uid:10685 pkgName:com.podcast.app.debug
03-02 00:57:02.966 14885 14885 I SurfaceView: 7374587 finishedDrawing
03-02 00:57:02.966  2013  2027 I WindowManager: Relayout hash=23799d8, pid=17121, syncId=-1: mAttrs={(0,0)(fillxfill) sim={adjust=pan forwardNavigation} layoutInDisplayCutoutMode=always ty=BASE_APPLICATION wanim=0x1030317
03-02 00:57:02.966  2013  2027 I WindowManager:   fl=81810100
03-02 00:57:02.966  2013  2027 I WindowManager:   pfl=100088c0
03-02 00:57:02.966  2013  2027 I WindowManager:   bhv=1
03-02 00:57:02.966  2013  2027 I WindowManager:   fitSides=0
03-02 00:57:02.966  2013  2027 I WindowManager:   frameRateBoostOnTouch=true
03-02 00:57:02.966  2013  2027 I WindowManager:   dvrrWindowFrameRateHint=true naviIconColor=0}
03-02 00:57:02.966 14885 14885 V SurfaceView: Layout: x=0 y=80 w=1080 h=1920, frame=Rect(0, 0 - 1080, 1920)
03-02 00:57:02.966 14885 16246 D AudioTrack: setVolume(1.000000, 1.000000) pid : 14885
03-02 00:57:02.967  2013  2834 D InputDispatcher: Focus entered window (0): cd2d6b5 com.zhiliaoapp.musically/com.ss.android.ugc.aweme.splash.SplashActivity
03-02 00:57:02.967 14885 14885 I VRI[SplashActivity]@35f4eb8: registerCallbackForPendingTransactions
03-02 00:57:02.968 17121 17121 I BLASTBufferQueue: [VRI[ComponentActivity]@263d939#5](f:0,a:1,s:0) destructor()
03-02 00:57:02.968 17121 17121 D BufferQueueConsumer: [VRI[ComponentActivity]@263d939#5(BLAST Consumer)5](id:42e100000005,api:0,p:-1,c:17121) disconnect
03-02 00:57:02.968 17121 17121 I VRI[ComponentActivity]@263d939: Relayout returned: old=(0,0,1080,2340) new=(0,0,1080,2340) relayoutAsync=false req=(1080,2340)8 dur=15 res=0x2 s={false 0x0} ch=true seqId=0
03-02 00:57:02.969 14885 15423 D SurfaceView: 7374587 updateSurfacePosition RenderWorker, frameNr = 4, position = [0, 80, 1080, 2000] surfaceSize = 1080x1920
03-02 00:57:02.969 14885 15423 I SV[7374587 SplashActivity]: uSP: rtp = Rect(0, 80 - 1080, 2000) rtsw = 1080 rtsh = 1920
03-02 00:57:02.969 14885 15423 I SV[7374587 SplashActivity]: onSSPAndSRT: pl = 0 pt = 80 sx = 1.0 sy = 1.0
03-02 00:57:02.969 17121 17121 D VRI[ComponentActivity]@263d939: Not drawing due to not visible. Reason=!mAppVisible && !mForceDecorViewVisibility
03-02 00:57:02.969 14885 15423 I SV[7374587 SplashActivity]: aOrMT: VRI[SplashActivity]@35f4eb8 t = android.view.SurfaceControl$Transaction@922d1e6 fN = 4 android.view.SurfaceView.-$$Nest$mapplyOrMergeTransaction:0 android.view.SurfaceView$SurfaceViewPositionUpdateListener.positionChanged:1932 android.graphics.RenderNode$CompositePositionUpdateListener.positionChanged:401
03-02 00:57:02.969 14885 15423 I VRI[SplashActivity]@35f4eb8: mWNT: t=0x769b877900 mBlastBufferQueue=0x769b545000 fn= 4 HdrRenderState mRenderHdrSdrRatio=1.0 caller= android.view.SurfaceView.applyOrMergeTransaction:1863 android.view.SurfaceView.-$$Nest$mapplyOrMergeTransaction:0 android.view.SurfaceView$SurfaceViewPositionUpdateListener.positionChanged:1932
03-02 00:57:02.969 17121 17121 I VRI[ComponentActivity]@263d939: stopped(true) old = false
03-02 00:57:02.969 17121 17121 D VRI[ComponentActivity]@263d939: WindowStopped on com.podcast.app.debug/androidx.activity.ComponentActivity set to true
03-02 00:57:02.969 17121 17389 D HWUI    : CacheManager::trimMemory(20)
03-02 00:57:02.970  1507  1563 I SurfaceFlinger: id=155520 createSurf, flag=24000, Surface(name=1d588f8 com.podcast.app.debug.test/androidx.test.core.app.InstrumentationActivityInvoker$EmptyActivity)/@0xd19f539 - animation-leash of starting_reveal#155520
03-02 00:57:02.970 17121 17121 D LifecycleMonitor: Lifecycle status change: androidx.activity.ComponentActivity@a4ecdda in: STOPPED
03-02 00:57:02.970 17121 17121 V ActivityScenario: Update currentActivityStage to STOPPED, currentActivity=androidx.activity.ComponentActivity@a4ecdda
03-02 00:57:02.970  2013  2305 I InputDispatcher: Delivering key to (14885): VD action: 0x0 (0), f=0x8, m=0x0, d=0, 'cd2d6b5'
03-02 00:57:02.971 14885 15781 I VRI[SplashActivity]@35f4eb8: mWNT: t=0x769b877d80 mBlastBufferQueue=0x769b545000 fn= 4 HdrRenderState mRenderHdrSdrRatio=1.0 caller= android.view.ViewRootImpl$10.onFrameDraw:6536 android.view.ViewRootImpl$4.onFrameDraw:2489 android.view.ThreadedRenderer$1.onFrameDraw:718
03-02 00:57:02.972  2013  2305 D PhoneWindowManager: interceptKeyTi keyCode=25 action=1 repeatCount=0 keyguardOn=false canceled=false
03-02 00:57:02.972  2013  2305 D PhoneWindowManagerExt: interceptKeyTi code=25 down=false repeatCount=0 displayId=-1 interactive=true
03-02 00:57:02.972  1507  1507 I SurfaceFlinger: [Surface(name=1d588f8 com.podcast.app.debug.test/androidx.test.core.app.InstrumentationActivityInvoker$EmptyActivity)/@0xd19f539 - animation-leash of starting_reveal#155520] attach to parent LayerHierarchy{RequestedLayerState{ActivityRecord{172282582 u0 com.podcast.app.debug.test/androidx.test.core.app.InstrumentationActivityInvoker$EmptyActivity t44849}#155488 parentId=155487} 4 children}
03-02 00:57:02.977 17121 17121 D LifecycleMonitor: Lifecycle status change: androidx.activity.ComponentActivity@a4ecdda in: DESTROYED
03-02 00:57:02.977 14885 14885 D VRI[SplashActivity]@35f4eb8: mThreadedRenderer.initializeIfNeeded()#2 mSurface={isValid=true 0x6fe0f37500}
03-02 00:57:02.977 17121 17121 V ActivityScenario: Update currentActivityStage to DESTROYED, currentActivity=null
03-02 00:57:02.977 14885 14885 I System.out: SAFActivity V Scene Framework: NavigationSceneManager onWindowFocusChanged true
03-02 00:57:02.977 14885 14885 I System.out: SAFFragmentRootScene: onWindowFocusChanged: com.ss.android.ugc.aweme.main.MainRootFragment, MainRootFragment{e89d275} (8a90a2f7-f51b-4f8d-88b5-38e0125851ad tag=root_fragment), true (SAFFragmentRootScene{79e191c})
03-02 00:57:02.977 17121 17121 W WindowOnBackDispatcher: sendCancelIfRunning: isInProgress=false callback=android.view.ViewRootImpl$$ExternalSyntheticLambda16@d1fcff5
03-02 00:57:02.978 14885 14885 D InputMethodManagerUtils: startInputInner - Id : 0
03-02 00:57:02.979 14885 14885 I InputMethodManager: startInputInner - IInputMethodManagerGlobalInvoker.startInputOrWindowGainedFocus
03-02 00:57:02.979 14885 14885 I VRI[SplashActivity]@35f4eb8: ViewPostIme key 0
03-02 00:57:02.980 14885 14885 I System.out: SAFFragmentRootScene: onActivityKeyDown Start (SAFFragmentRootScene{79e191c})
03-02 00:57:02.980 14885 16837 D SurfaceUtils: connecting to surface 0x6f9da2e010, reason connectToSurface
03-02 00:57:02.980 14885 16837 I MediaCodec: [c2.mtk.hevc.decoder] setting surface generation to 15242261
03-02 00:57:02.980  2746  2798 D ShellTaskOrganizer: removeStartingWindow, removalInfo=StartingWindowRemovalInfo{taskId=44849 frame=Rect(0, 0 - 1080, 2340) playRevealAnimation=true roundedCornerRadius=0.0 deferRemoveMode=0 windowlessSurface=false removeImmediately=false}
03-02 00:57:02.980 14885 16837 D SurfaceUtils: disconnecting from surface 0x6f9da2e010, reason connectToSurface(reconnect)
03-02 00:57:02.980 14885 16837 D SurfaceUtils: connecting to surface 0x6f9da2e000, reason connectToSurface(reconnect-with-listener)
03-02 00:57:02.981  2013  4834 D MediaSessionService: dispatchVolumeKeyEvent, pkg=com.zhiliaoapp.musically, opPkg=com.zhiliaoapp.musically, pid=14885, uid=10350, asSystem=true, event=KeyEvent { action=ACTION_DOWN, keyCode=KEYCODE_VOLUME_DOWN, scanCode=114, metaState=0, flags=0x8, repeatCount=0, eventTime=491101763585000, downTime=491101763585000, deviceId=3, source=0x101, displayId=-1 }, stream=-2147483648, musicOnly=false
03-02 00:57:02.981 14885 16837 D GraphicsTracker: new surface in configuration: maxDequeueRequested(0), maxDequeueCommitted(24)
03-02 00:57:02.981 14885 16837 D GraphicsTracker: new surface configured with id:63930588200994 gen:15242261 maxDequeue:24
03-02 00:57:02.981  2013  3645 W system_server: Large reply transaction of 322012 bytes, interface descriptor android.app.IActivityTaskManager, code 26
03-02 00:57:02.981 14885 16837 D GraphicsTracker: maxDequeueCount is already 24
03-02 00:57:02.981 14885 16837 D Codec2Client: setOutputSurface -- generation=15242261 consumer usage=0x900
03-02 00:57:02.982  2013  4834 D MediaSessionService: Adjusting suggestedStream=-2147483648 by -1. flags=4113, preferSuggestedStream=false, session=null
03-02 00:57:02.982  2013  2305 I InputDispatcher: Delivering key to (14885): VD action: 0x1 (0), f=0x8, m=0x0, d=0, 'cd2d6b5'
03-02 00:57:02.983  2013  2013 D AudioManager: adjustSuggestedStreamVolumeForUid : suggestedStreamType=-2147483648, direction=-1 callers=MediaSessionService$SessionManagerImpl$3.run:56<-Handler.handleCallback:995<-Handler.dispatchMessage:103<-Looper.loopOnce:273<-Looper.loop:363
03-02 00:57:02.983  2013  2013 D AS.AudioService: adjustSuggestedStreamVolume() stream=-2147483648, flags=4113, caller=android, volControlStream=-1, userSelect=false
03-02 00:57:02.983 14885 16837 D SurfaceUtils: disconnecting from surface 0x6f9d803610, reason disconnectFromSurface
03-02 00:57:02.983 14885 14885 I VRI[SplashActivity]@35f4eb8: ViewPostIme key 1
03-02 00:57:02.983  1507  1507 I SurfaceFlinger: RequestedLayer [7086fb SurfaceView[com.zhiliaoapp.mu[...]weme.splash.SplashActivity]@0#155517] hidden!! flag  from(1) --> to(0)
03-02 00:57:02.983  1507  1507 I SurfaceFlinger: RequestedLayer [Background for 7086fb SurfaceView[co[...]weme.splash.SplashActivity]@0#155519] hidden!! flag  from(1) --> to(0)
03-02 00:57:02.983  1507  1507 I SurfaceFlinger: [LayerHierarchy{RequestedLayerState{1d588f8 com.podcast.app.debug.test/androidx.test.core.app.InstrumentationActivityInvoker$EmptyActivity#155491 parentId=155520} 1 children}] reparent to LayerHierarchy{RequestedLayerState{Surface(name=1d588f8 com.podcast.app.debug.test/androidx.test.core.app.InstrumentationActivityInvoker$EmptyActivity)/@0xd19f539 - animation-leash of starting_reveal#155520 parentId=155488} 1 children}
03-02 00:57:02.983  1507  1507 I SurfaceFlinger: [LayerHierarchy{RequestedLayerState{Background for 7086fb SurfaceView[com.zhiliaoapp.musically/com.ss.android.ugc.aweme.splash.SplashActivity]@0#155519 parentId=155517 relativeParentId=155502 z=-2147483648} no children}] RelativeParent to LayerHierarchy{RequestedLayerState{com.zhiliaoapp.musically/com.ss.android.ugc.aweme.splash.SplashActivity$_14885#155502 parentId=155210} 8 children}
03-02 00:57:02.983  1507  1507 I SurfaceFlinger: [LayerHierarchy{RequestedLayerState{7086fb SurfaceView[com.zhiliaoapp.musically/com.ss.android.ugc.aweme.splash.SplashActivity]@0#155509 z=-2} 2 children}] reparent to OffscreenRoot
03-02 00:57:02.983  1507  1507 I SurfaceFlinger: [LayerHierarchy{RequestedLayerState{7086fb SurfaceView[com.zhiliaoapp.musically/com.ss.android.ugc.aweme.splash.SplashActivity]@0#155509 z=-2} 2 children}] RelativeParent to null
03-02 00:57:02.983  1507  1507 I SurfaceFlinger: [LayerHierarchy{RequestedLayerState{7086fb SurfaceView[com.zhiliaoapp.musically/com.ss.android.ugc.aweme.splash.SplashActivity]@0(BLAST)#155510} no children}] reparent to OffscreenRoot
03-02 00:57:02.983  1507  1507 I SurfaceFlinger: [LayerHierarchy{RequestedLayerState{7086fb SurfaceView[com.zhiliaoapp.musically/com.ss.android.ugc.aweme.splash.SplashActivity]@0(BLAST)#155510} no children}] RelativeParent to null
03-02 00:57:02.983  1507  1507 I SurfaceFlinger: [LayerHierarchy{RequestedLayerState{Background for 7086fb SurfaceView[com.zhiliaoapp.musically/com.ss.android.ugc.aweme.splash.SplashActivity]@0#155511 z=-2147483648} no children}] reparent to OffscreenRoot
03-02 00:57:02.983  1507  1507 I SurfaceFlinger: [LayerHierarchy{RequestedLayerState{Background for 7086fb SurfaceView[com.zhiliaoapp.musically/com.ss.android.ugc.aweme.splash.SplashActivity]@0#155511 z=-2147483648} no children}] RelativeParent to null
03-02 00:57:02.983  1507  1507 I SurfaceFlinger: [LayerHierarchy{RequestedLayerState{7086fb SurfaceView[com.zhiliaoapp.musically/com.ss.android.ugc.aweme.splash.SplashActivity]@0#155517 parentId=155505 relativeParentId=155502 z=-2} 2 children}] RelativeParent to LayerHierarchy{RequestedLayerState{com.zhiliaoapp.musically/com.ss.android.ugc.aweme.splash.SplashActivity$_14885#155502 parentId=155210} 7 children}
03-02 00:57:02.983  2013  4834 D MediaSessionService: dispatchVolumeKeyEvent, pkg=com.zhiliaoapp.musically, opPkg=com.zhiliaoapp.musically, pid=14885, uid=10350, asSystem=true, event=KeyEvent { action=ACTION_UP, keyCode=KEYCODE_VOLUME_DOWN, scanCode=114, metaState=0, flags=0x8, repeatCount=0, eventTime=491101913385000, downTime=491101763585000, deviceId=3, source=0x101, displayId=-1 }, stream=-2147483648, musicOnly=false
03-02 00:57:02.984  2013  4834 D MediaSessionService: Adjusting suggestedStream=-2147483648 by 0. flags=4116, preferSuggestedStream=false, session=null
03-02 00:57:02.984  2013  3505 I NSLocationMonitor: getGPSUsingApps() called
03-02 00:57:02.985  3477 22276 I NSLocationManager_FLP: getGPSUsingApps, No change
03-02 00:57:02.985  1484  1567 V APM_AudioPolicyManager: getAudioPolicyConfig: audioParam;l_stream_active
03-02 00:57:02.987  2013  2322 I ImeTracker: com.zhiliaoapp.musically:faddc9e8: onRequestHide at ORIGIN_SERVER reason HIDE_UNSPECIFIED_WINDOW fromUser false
03-02 00:57:02.987 17121 17389 D HWUI    : CacheManager::trimMemory(20)
03-02 00:57:02.987  2013  2013 D AS.AudioService: adjustStreamVolume() stream=3, dir=-1, flags=4113, caller=android
03-02 00:57:02.989  1484  9961 V APM_AudioPolicyManager: getAudioPolicyConfig: audioParam;l_fmradio_record_active
03-02 00:57:02.989  1507  1507 D SurfaceFlinger: Display 4627039422300187648 HWC layers:
03-02 00:57:02.989  1507  1507 D SurfaceFlinger:   SOLID_COLOR |                        0 | 00000002 | N/A          |    0.0    0.0    0.0    0.0 |    0    0   -1   -1 | Background for 68eb87 SurfaceView[co[...]weme.splash.SplashActivity]@0#155508 (0)
03-02 00:57:02.989  1507  1507 D SurfaceFlinger:   SOLID_COLOR |                        0 | 00000002 | N/A          |    0.0    0.0    0.0    0.0 |    0    0   -1   -1 | Background for 836459b SurfaceView[c[...]weme.splash.SplashActivity]@0#155514 (0)
03-02 00:57:02.989  1507  1507 D SurfaceFlinger:   SOLID_COLOR |                        0 | 00000002 | N/A          |    0.0    0.0    0.0    0.0 |    0   80  756 2000 | Background for 7086fb SurfaceView[co[...]weme.splash.SplashActivity]@0#155519 (0)
03-02 00:57:02.989  1507  1507 D SurfaceFlinger:        DEVICE |           63930588201645 | 00002100 | RGBA_8888    |  324.0    0.0 1080.0 2340.0 |    0    0  756 2340 | com.zhiliaoapp.musically/com.ss.andr[...].splash.SplashActivity$_14885#155502 (4)
03-02 00:57:02.989  1507  1507 D SurfaceFlinger:   SOLID_COLOR |                        0 | 00000000 | N/A          |    0.0    0.0    0.0    0.0 |    0    0 1080 2340 | DimTransitionLayer for Surface(name=Task=44849)/@0
03-02 00:57:02.989  1507  1507 D SurfaceFlinger: x6845fa#155516 (0)
03-02 00:57:02.989  1507  1507 D SurfaceFlinger:        DEVICE |           75299366633492 | 00002102 | RGBA_8888    |    0.0    0.0 1037.0 2340.0 |   43    0 1080 2340 | com.podcast.app.debug.test/androidx.[...]yInvoker$EmptyActivity$_17532#155494 (1)
03-02 00:57:02.989  1507  1507 D SurfaceFlinger:        DEVICE |           11793980283235 | 00002100 | RGBA_8888    |    0.0    0.0 1037.0 2340.0 |   43    0 1080 2340 | Splash Screen com.podcast.app.debug.test$_2746#155490 (1)
03-02 00:57:02.989  1507  1507 D SurfaceFlinger:        DEVICE |           11793980281878 | 00002100 | RGBA_8888    |    0.0    0.0 1080.0   80.0 |    0    0 1080   80 | StatusBar$_2746#117 (210906)
03-02 00:57:02.989  1507  1507 D SurfaceFlinger:        DEVICE |           13752485304097 | 00002100 | RGBA_8888    |    0.0    0.0   67.0  346.0 | 1013  454 1080  800 | com.sec.android.app.launcher/com.sam[...].app.CocktailBarService$_3202#152779 (1)
03-02 00:57:02.989  1507  1507 D SurfaceFlinger:        DEVICE |           11793980281867 | 00002100 | RGBA_8888    |    0.0    0.0 1080.0  135.0 |    0 2205 1080 2340 | NavigationBar0$_2746#113 (187430)
03-02 00:57:02.989  1507  1507 D SurfaceFlinger:
03-02 00:57:02.990 17121 17121 D ViewRootImpl: Skipping stats log for color mode
03-02 00:57:02.990 17121 17121 I VRI[ComponentActivity]@263d939: dispatchDetachedFromWindow
03-02 00:57:02.990  2013  2834 D InputTransport: Input channel destroyed: '23799d8', fd=1044
03-02 00:57:02.991  2013  2013 D AS.AudioService: updateVolumeGroupIndex for stream 10, muted=false, device=2, index=59, group AUDIO_STREAM_ACCESSIBILITY Muted=false, Index=6, forceMuteState=false
03-02 00:57:02.991 14885 14885 I InputMethodManager: handleMessage: setImeVisibility visible=false
03-02 00:57:02.991 14885 14885 D InsetsController: hide(ime(), fromIme=false)
03-02 00:57:02.991 14885 14885 I ImeTracker: com.zhiliaoapp.musically:faddc9e8: onCancelled at PHASE_CLIENT_ALREADY_HIDDEN
