03-02 00:57:13.476  1507  1825 I SurfaceFlinger: Capture layer list: 	 DimTransitionLayer for Surface(name=Task=44862)/@0xc4be3d2#155819(seamlessTransition:0)
03-02 00:57:13.476  1507  1825 I SurfaceFlinger: Capture layer list: 	 com.podcast.app.debug/androidx.activity.ComponentActivity$_17121#155813(seamlessTransition:0)
03-02 00:57:13.482  2991  3002 I LocationAccessPolicy: checkLocationPermission - callingUid: 10492, callingPid: 14636, result: DENIED_SOFT
03-02 00:57:13.482  2991  3002 I LocationAccessPolicy: checkLocationPermission - callingUid: 10492, callingPid: 14636, result: DENIED_SOFT
03-02 00:57:13.486  1450 18290 I mtkpower_client: perf_lock_rel, hdl:76425, pid: 1450, tid:18290
03-02 00:57:13.486  1450 18290 I mtkpower_client: perf_lock_acq, hdl:0, dur:0, num:2, pid:1450, tid:18290
03-02 00:57:13.487  1464  1529 I libPowerHal: [perfLockRel] hdl:76425, idx:8
03-02 00:57:13.487  1464  1529 I libPowerHal: [set_cpuidle] enable:1, fd:17, scn:0xb40000737b61a740
03-02 00:57:13.488  1464  1529 I libPowerHal: [PD] vendor.samsung. update cmd:1c3c100 param:1 pr:6
03-02 00:57:13.488  1464  1529 I libPowerHal: [perfLockRel] Done for hdl : 76425
03-02 00:57:13.488  1450 18290 I mtkpower_client: ret_hdl:76429
03-02 00:57:13.488  1450 18290 I mtkpower_client: perf_lock_rel, hdl:76427, pid: 1450, tid:18290
03-02 00:57:13.488  1464  1529 I libPowerHal: [perfLockAcq] idx:2 hdl:76429 hint:-1 pid:1450 tid:18290 duration:0 lock_user:vendor.samsung. => ret_hdl:76429
03-02 00:57:13.488  1464  1529 I libPowerHal: [set_cpuidle] enable:0, fd:17, scn:0xb40000737b607270
03-02 00:57:13.489  1464  1529 I libPowerHal: [get_cpu_dma_latency_value] 0
03-02 00:57:13.489  1464  1529 I libPowerHal: [PE] vendor.samsung. update cmd:1c3c100 param:0 pr:3
03-02 00:57:13.489  1464  1529 I libPowerHal: [perfLockAcq] Done for hdl : 76429
03-02 00:57:13.489  1450 18290 I mtkpower_client: perf_lock_acq, hdl:0, dur:0, num:2, pid:1450, tid:18290
03-02 00:57:13.489  1464  1529 I libPowerHal: [perfLockRel] hdl:76427, idx:7
03-02 00:57:13.490  2991  3002 I LocationAccessPolicy: checkLocationPermission - callingUid: 10492, callingPid: 14636, result: DENIED_SOFT
03-02 00:57:13.490  2991  3002 I LocationAccessPolicy: checkLocationPermission - callingUid: 10492, callingPid: 14636, result: DENIED_SOFT
03-02 00:57:13.490  1464  1529 I libPowerHal: [PD] vendor.samsung. update cmd:1000000 param:-1 pr:6
03-02 00:57:13.491  1464  1529 I libPowerHal: [perfLockRel] Done for hdl : 76427
03-02 00:57:13.491  1450 18290 I mtkpower_client: ret_hdl:76430
03-02 00:57:13.491  1464  1529 I libPowerHal: [perfLockAcq] idx:8 hdl:76430 hint:-1 pid:1450 tid:18290 duration:0 lock_user:vendor.samsung. => ret_hdl:76430
03-02 00:57:13.492  1464  1529 I libPowerHal: [setDvfsrcDevFreqOpp] opp:0, freq:4266000000
03-02 00:57:13.492  1464  1529 I libPowerHal: [PE] vendor.samsung. update cmd:1000000 param:0 pr:3
03-02 00:57:13.492  1464  1529 I libPowerHal: [perfLockAcq] Done for hdl : 76430
03-02 00:57:13.492  1450 18290 I HYPER-HAL: [RequestManager.cpp]releaseLocked(): Released ID : 2063514
03-02 00:57:13.549  1445  2902 W C2MtkBufferManager: [0xB4000070F507E520] fetchNewCcBlock: wait fence 0x0xb4000070f5058270 timed out. ret 110
03-02 00:57:13.555  2991  3778 D SatelliteController: isInCarrierRoamingNbIotNtn: satellite is disabled
03-02 00:57:13.557  3438  3438 I EPDG -- SIM1 [SMARTCELLULAR]: onSignalStrengthsChanged: SignalStrength:{mCdma=Invalid,mGsm=Invalid,mWcdma=Invalid,mTdscdma=Invalid,mLte=CellSignalStrengthLte: rssi=-99 rsrp=-98 rsrq=-12 rssnr=3 cqiTableIndex=2147483647 cqi=2147483647 ta=2147483647 level=4 parametersUseForLevel=0,mNr=Invalid,SignalBarInfo{ lteLevel=3 },rat=14,primary=CellSignalStrengthLte}
03-02 00:57:13.561  3438  4448 I EPDG -- SIM1 [SMARTCELLULAR]: lastLteRSRP is -99 currentLteRSRP is -98 lastLteRSRQ is -13 currentLteRSRQ is -12 lastLteSNR is 3 currentLteSNR is 3
03-02 00:57:13.562  2991  3004 I LocationAccessPolicy: checkLocationPermission - callingUid: 10492, callingPid: 14636, result: DENIED_SOFT
03-02 00:57:13.562  2991  3004 I LocationAccessPolicy: checkLocationPermission - callingUid: 10492, callingPid: 14636, result: DENIED_SOFT
03-02 00:57:13.576  2991  3004 I LocationAccessPolicy: checkLocationPermission - callingUid: 10492, callingPid: 14636, result: DENIED_SOFT
03-02 00:57:13.576  2991  3004 I LocationAccessPolicy: checkLocationPermission - callingUid: 10492, callingPid: 14636, result: DENIED_SOFT
03-02 00:57:13.584  2991  3004 I LocationAccessPolicy: checkLocationPermission - callingUid: 10492, callingPid: 14636, result: DENIED_SOFT
03-02 00:57:13.588  1628  1637 E thermal_core: find_tz_idx_by_name:"Failed to find thermal zone index of ap_ntc\n"
03-02 00:57:13.586  1507  1825 I SurfaceFlinger: Capture layer list: 	 com.zhiliaoapp.musically/com.ss.android.ugc.aweme.splash.SplashActivity$_14885#155790(seamlessTransition:0)
03-02 00:57:13.588  1628  1637 E thermal_core: find_tz_idx_by_name:"Failed to find thermal zone index of mtk-master-charger\n"
03-02 00:57:13.588  1507  1825 I SurfaceFlinger: Capture layer list: 	 DimTransitionLayer for Surface(name=Task=44862)/@0xc4be3d2#155819(seamlessTransition:0)
03-02 00:57:13.588  1507  1825 I SurfaceFlinger: Capture layer list: 	 com.podcast.app.debug/androidx.activity.ComponentActivity$_17121#155813(seamlessTransition:0)
03-02 00:57:13.605  2991  2998 I m.android.phone: Background concurrent mark compact GC freed 41MB AllocSpace bytes, 48(2032KB) LOS objects, 66% free, 21MB/63MB, paused 591us,2.344ms total 132.729ms
03-02 00:57:13.615  2746  2798 I SurfaceControlRegistry: apply, t=FinishTransaction_SyncId<11251>, caller=android.view.SurfaceControl$Transaction.apply:3459 android.view.SurfaceControl$Transaction.apply:3447 android.view.SurfaceControl$Transaction.apply:3397 com.android.wm.shell.transition.Transitions.onFinish:315 com.android.wm.shell.transition.Transitions$$ExternalSyntheticLambda7.onTransitionFinished:12 com.android.wm.shell.transition.DefaultTransitionHandler$$ExternalSyntheticLambda6.run:36
03-02 00:57:13.615  1444  1444 D libcomposer_ext: DeviceImplAidl::DeviceClientContextAidl::NotifyHwcComposition()
03-02 00:57:13.615  1444  1444 D libcomposer_ext: DeviceImplAidl::DeviceClientContextAidl::NotifyHwcComposition()
03-02 00:57:13.615  1698  1698 D libcomposer_ext: ClientCallbackAidl::asyncPerform(12)
03-02 00:57:13.615  1698  1698 D libcomposer_ext: ClientImplAidl::ParseNotifyHwcComposition()
03-02 00:57:13.615  1507  1907 D libcomposer_ext: ClientCallbackAidl::asyncPerform(12)
03-02 00:57:13.615  1507  1907 D libcomposer_ext: ClientImplAidl::ParseNotifyHwcComposition()
03-02 00:57:13.615  1507  1907 D SurfaceFlinger: NotifyHwcComposition(), id 0, mode 0
03-02 00:57:13.616  1464  1492 I mtkpower@impl: [setMode] type:6, enabled:0
03-02 00:57:13.616  1464  1492 E mtkpower@impl: [setMode] unknown type
03-02 00:57:13.617  1507  1507 D SurfaceFlinger: Display 4627039422300187648 HWC layers:
03-02 00:57:13.617  1507  1507 D SurfaceFlinger:   SOLID_COLOR |                        0 | 00000002 | N/A          |    0.0    0.0    0.0    0.0 |    0    0   -1   -1 | Background for 68eb87 SurfaceView[co[...]weme.splash.SplashActivity]@0#155796 (0)
03-02 00:57:13.617  1507  1507 D SurfaceFlinger:   SOLID_COLOR |                        0 | 00000002 | N/A          |    0.0    0.0    0.0    0.0 |    0    0   -1   -1 | Background for 7086fb SurfaceView[co[...]weme.splash.SplashActivity]@0#155799 (0)
03-02 00:57:13.617  1507  1507 D SurfaceFlinger:   SOLID_COLOR |                        0 | 00000002 | N/A          |    0.0    0.0    0.0    0.0 |    0    0   -1   -1 | Background for 836459b SurfaceView[c[...]weme.splash.SplashActivity]@0#155802 (0)
03-02 00:57:13.617  1507  1507 D SurfaceFlinger:        DEVICE |           63930588201886 | 00000102 | 0x32315659   |    0.0    0.0    0.0    0.0 |    0    0   -1   -1 | 7086fb SurfaceView[com.zhiliaoapp.mu[...]lash.SplashActivity]@0(BLAST)#155798 (5)
03-02 00:57:13.617  1507  1507 D SurfaceFlinger:        DEVICE |           63930588201879 | 00002100 | RGBA_8888    |    0.0    0.0    0.0    0.0 |    0    0   -1   -1 | com.zhiliaoapp.musically/com.ss.andr[...].splash.S
03-02 00:57:13.617  1507  1507 D SurfaceFlinger: plashActivity$_14885#155790 (5)
03-02 00:57:13.617  1507  1507 D SurfaceFlinger:   SOLID_COLOR |                        0 | 00000000 | N/A          |    0.0    0.0    0.0    0.0 |    0    0   -1   -1 | DimTransitionLayer for Surface(name=Task=44862)/@0xc4be3d2#155819 (0)
03-02 00:57:13.617  1507  1507 D SurfaceFlinger:        DEVICE |           73534135074865 | 00002102 | RGBA_8888    |    0.0    0.0 1080.0 2340.0 |    0    0 1080 2340 | com.podcast.app.debug/androidx.activity.ComponentActivity$_17121#155813 (1)
03-02 00:57:13.617  1507  1507 D SurfaceFlinger:        DEVICE |           11793980281856 | 00002100 | RGBA_8888    |    0.0    0.0 1080.0   80.0 |    0    0 1080   80 | StatusBar$_2746#117 (210971)
03-02 00:57:13.617  1507  1507 D SurfaceFlinger:        DEVICE |           13752485304097 | 00002100 | RGBA_8888    |    0.0    0.0   67.0  346.0 | 1013  454 1080  800 | com.sec.android.app.launcher/com.sam[...].app.CocktailBarService$_3202#152779 (1)
03-02 00:57:13.617  1507  1507 D SurfaceFlinger:        DEVICE |           11793980281862 | 00002100 | RGBA_8888    |    0.0    0.0 1080.0  135.0 |    0 2205 1080 2340 | NavigationBar0$_2746#113 (187604)
03-02 00:57:13.617  1507  1507 D SurfaceFlinger:
03-02 00:57:13.621 14885 14885 I VRI[SplashActivity]@35f4eb8: handleAppVisibility mAppVisible = true visible = false
03-02 00:57:13.621 14885 14885 D VRI[SplashActivity]@35f4eb8: visibilityChanged oldVisibility=true newVisibility=false
03-02 00:57:13.622  1445  2902 W C2MtkBufferManager: [0xB4000070F507E520] fetchNewCcBlock: wait fence 0x0xb4000070f5058270 timed out. ret 110
03-02 00:57:13.624  2746  2746 D SystemUIService: SYSUI_RAM_OPTIMIZATION onTrimMemory=20
03-02 00:57:13.624 14885 14885 I SV[6876039 SplashActivity]: onWindowVisibilityChanged(8) false X.0fk7{68eb87 V.E...... ........ 0,80-1080,2000} of VRI[SplashActivity]@35f4eb8
03-02 00:57:13.624  2746  2746 D CentralSurfaces: SYSUI_RAM_OPTIMIZATION onTrimMemory=20
03-02 00:57:13.624 14885 14885 I SurfaceView: 6876039 Changes: creating=false format=false size=false visible=true alpha=false hint=false left=false top=false z=false attached=true lifecycleStrategy=false
03-02 00:57:13.624 14885 14885 I SurfaceView: 6876039 Cur surface: Surface(name=null mNativeObject=499552292352)/@0x56b4ffd
03-02 00:57:13.624 14885 14885 I SurfaceView: 6876039 surfaceDestroyed
03-02 00:57:13.625 14885 14885 I SV[6876039 SplashActivity]: surfaceDestroyed callback.size 1 #2 X.0fk7{68eb87 V.E...... ........ 0,80-1080,2000}
03-02 00:57:13.625 14885 14885 I SV[6876039 SplashActivity]: updateSurface: mVisible = false mSurface.isValid() = true
03-02 00:57:13.625 14885 14885 I BLASTBufferQueue: [68eb87 SurfaceView[com.zhiliaoapp.musically/com.ss.android.ugc.aweme.splash.SplashActivity]@0#54](f:0,a:0,s:0) destructor()
03-02 00:57:13.625 14885 14885 D BufferQueueConsumer: [68eb87 SurfaceView[com.zhiliaoapp.musically/com.ss.android.ugc.aweme.splash.SplashActivity]@0#54(BLAST Consumer)54](id:3a2500000039,api:0,p:-1,c:14885) disconnect
03-02 00:57:13.625 14885 14885 I SV[6876039 SplashActivity]: releaseSurfaces: viewRoot = VRI[SplashActivity]@35f4eb8
03-02 00:57:13.625  2746  2870 D HWUI    : CacheManager::trimMemory(20)
03-02 00:57:13.625  1507  1507 I SurfaceFlinger: RequestedLayer [Task=44543#147901] hidden!! flag  from(0) --> to(1)
03-02 00:57:13.625  1507  1507 I SurfaceFlinger: [LayerHierarchy{RequestedLayerState{Task=44543#147901 parentId=10 z=41} 1 children}] reparent to LayerHierarchy{RequestedLayerState{DefaultTaskDisplayArea_d0#10 parentId=9} 45 children}
03-02 00:57:13.625  1507  1507 I SurfaceFlinger: [LayerHierarchy{RequestedLayerState{DimTransitionLayer for Surface(name=Task=44862)/@0xc4be3d2#155819 z=-1} no children}] reparent to OffscreenRoot
03-02 00:57:13.625  1507  1507 I SurfaceFlinger: [LayerHierarchy{RequestedLayerState{DimTransitionLayer for Surface(name=Task=44862)/@0xc4be3d2#155819 z=-1} no children}] RelativeParent to null
03-02 00:57:13.625  1507  1507 I SurfaceFlinger: [LayerHierarchy{RequestedLayerState{Transition Root: Task=44862#155812 z=42} 1 children}] reparent to OffscreenRoot
03-02 00:57:13.625  1507  1507 I SurfaceFlinger: [LayerHierarchy{RequestedLayerState{Transition Root: Task=44862#155812 z=42} 1 children}] RelativeParent to null
03-02 00:57:13.625  1507  1507 I SurfaceFlinger: [LayerHierarchy{RequestedLayerState{Task=44862#155807 parentId=10 z=42} 1 children}] reparent to LayerHierarchy{RequestedLayerState{DefaultTaskDisplayArea_d0#10 parentId=9} 45 children}
03-02 00:57:13.627 14885 14885 V SurfaceView: Layout: x=4320 y=-2080 w=1080 h=1920, frame=Rect(0, 0 - 1080, 1920)
03-02 00:57:13.627 14885 14885 I SV[7374587 SplashActivity]: onWindowVisibilityChanged(8) false X.0fk7{7086fb V.E...... ........ 0,80-1080,2000} of VRI[SplashActivity]@35f4eb8
03-02 00:57:13.627 14885 14885 I SurfaceView: 7374587 Changes: creating=false format=false size=false visible=true alpha=false hint=false left=false top=false z=false attached=true lifecycleStrategy=false
03-02 00:57:13.627 14885 14885 I SurfaceView: 7374587 Cur surface: Surface(name=null mNativeObject=499554955520)/@0x5798c7e
03-02 00:57:13.627 14885 14885 I SurfaceView: 7374587 surfaceDestroyed
03-02 00:57:13.628 14885 14885 I SV[7374587 SplashActivity]: surfaceDestroyed callback.size 2 #2 X.0fk7{7086fb V.E...... ........ 0,80-1080,2000}
03-02 00:57:13.628 14885 16837 D SurfaceUtils: connecting to surface 0x6f9d803610, reason connectToSurface
03-02 00:57:13.628 14885 16837 I MediaCodec: [c2.mtk.hevc.decoder] setting surface generation to 15242274
03-02 00:57:13.628 14885 16837 D SurfaceUtils: disconnecting from surface 0x6f9d803610, reason connectToSurface(reconnect)
03-02 00:57:13.628 14885 16837 D SurfaceUtils: connecting to surface 0x6f9d803600, reason connectToSurface(reconnect-with-listener)
03-02 00:57:13.628 14885 16837 D GraphicsTracker: new surface in configuration: maxDequeueRequested(0), maxDequeueCommitted(24)
03-02 00:57:13.628 14885 16837 D GraphicsTracker: new surface configured with id:63930588200968 gen:15242274 maxDequeue:24
03-02 00:57:13.629 14885 16837 D GraphicsTracker: maxDequeueCount is already 24
03-02 00:57:13.629 14885 16837 D Codec2Client: setOutputSurface -- generation=15242274 consumer usage=0x900
03-02 00:57:13.629 14885 16837 D SurfaceUtils: disconnecting from surface 0x6f9da2e010, reason disconnectFromSurface
03-02 00:57:13.629  1507  1507 I SurfaceFlinger: onHandleDestroyed: layerId=155819, name=DimTransitionLayer for Surface(name=Task=44862)/@0xc4be3d2#155819
03-02 00:57:13.629  1507  1507 I SurfaceFlinger: id=155819 Removed DimTransitionLayer for Surface(name=Task=44862)/@0xc4be3d2#155819 (338)
03-02 00:57:13.629  1507  1507 I SurfaceFlinger: onHandleDestroyed: layerId=155812, name=Transition Root: Task=44862#155812
03-02 00:57:13.629  1507  1507 I SurfaceFlinger: id=155812 Removed Transition Root: Task=44862#155812 (338)
03-02 00:57:13.629  1507  1507 I SurfaceFlinger: onHandleDestroyed: layerId=155774, name=bbdc023 Splash Screen com.podcast.app.debug.test#155774
03-02 00:57:13.629  1507  1507 I SurfaceFlinger: id=155774 Removed bbdc023 Splash Screen com.podcast.app.debug.test#155774 (338)
03-02 00:57:13.632 14885 14885 I SV[7374587 SplashActivity]: updateSurface: mVisible = false mSurface.isValid() = true
03-02 00:57:13.632 14885 14885 I BLASTBufferQueue: [7086fb SurfaceView[com.zhiliaoapp.musically/com.ss.android.ugc.aweme.splash.SplashActivity]@0#55](f:0,a:1,s:0) destructor()
03-02 00:57:13.632 14885 14885 D BufferQueueConsumer: [7086fb SurfaceView[com.zhiliaoapp.musically/com.ss.android.ugc.aweme.splash.SplashActivity]@0#55(BLAST Consumer)55](id:3a250000003a,api:0,p:-1,c:14885) disconnect
03-02 00:57:13.632 14885 14885 I SV[7374587 SplashActivity]: releaseSurfaces: viewRoot = VRI[SplashActivity]@35f4eb8
03-02 00:57:13.633 14885 14885 V SurfaceView: Layout: x=0 y=80 w=1080 h=1920, frame=Rect(0, 0 - 1080, 1920)
03-02 00:57:13.633 14885 14885 I SV[137774491 SplashActivity]: onWindowVisibilityChanged(8) false X.0fk7{836459b V.E...... ........ 0,81-1080,1998} of VRI[SplashActivity]@35f4eb8
03-02 00:57:13.633 14885 14885 I SurfaceView: 137774491 Changes: creating=false format=false size=false visible=true alpha=false hint=false left=false top=false z=false attached=true lifecycleStrategy=false
03-02 00:57:13.633 14885 14885 I SurfaceView: 137774491 Cur surface: Surface(name=null mNativeObject=499558286592)/@0xe7e74a9
03-02 00:57:13.633 14885 14885 I SurfaceView: 137774491 surfaceDestroyed
03-02 00:57:13.633 14885 14885 I SV[137774491 SplashActivity]: surfaceDestroyed callback.size 1 #2 X.0fk7{836459b V.E...... ........ 0,81-1080,1998}
03-02 00:57:13.633 14885 14885 I SV[137774491 SplashActivity]: updateSurface: mVisible = false mSurface.isValid() = true
03-02 00:57:13.633 14885 14885 I BLASTBufferQueue: [836459b SurfaceView[com.zhiliaoapp.musically/com.ss.android.ugc.aweme.splash.SplashActivity]@0#56](f:0,a:0,s:0) destructor()
03-02 00:57:13.633 14885 14885 D BufferQueueConsumer: [836459b SurfaceView[com.zhiliaoapp.musically/com.ss.android.ugc.aweme.splash.SplashActivity]@0#56(BLAST Consumer)56](id:3a250000003b,api:0,p:-1,c:14885) disconnect
03-02 00:57:13.633 14885 14885 I SV[137774491 SplashActivity]: releaseSurfaces: viewRoot = VRI[SplashActivity]@35f4eb8
03-02 00:57:13.633 14885 14885 V SurfaceView: Layout: x=4320 y=2240 w=1080 h=1917, frame=Rect(0, 0 - 1080, 1917)
03-02 00:57:13.636 14885 15423 D SurfaceView: 173992362 windowPositionLost, frameNr = 0
03-02 00:57:13.636  1507  1507 I SurfaceFlinger: [Display 0 name="Built-in Screen"#49] setFrameRateCategory: Default
03-02 00:57:13.636 14885 15423 D SurfaceView: 152533403 windowPositionLost, frameNr = 0
03-02 00:57:13.636  1507  1507 I SurfaceFlinger: RequestedLayer [com.zhiliaoapp.musically/com.ss.andr[...].splash.SplashActivity$_14885#155790] hidden!! flag  from(0) --> to(1)
03-02 00:57:13.636  1507  1507 I SurfaceFlinger: RequestedLayer [ActivityRecord{2751228 u0 com.zhilia[...]splash.SplashActivity t44543}#147902] hidden!! flag  from(0) --> to(1)
03-02 00:57:13.636  1507  1507 I SurfaceFlinger: destroyed DimTransitionLayer for Surface(name=Task=44862)/@0xc4be3d2#155819
03-02 00:57:13.636  1507  1507 I SurfaceFlinger: destroyed bbdc023 Splash Screen com.podcast.app.debug.test#155774
03-02 00:57:13.637  1507  1507 I SurfaceFlinger: destroyed Transition Root: Task=44862#155812
03-02 00:57:13.637  1507  1507 I SurfaceFlinger: [LayerHierarchy{RequestedLayerState{ImeContainer#15 parentId=155808 relativeParentId=155811 z=1} 1 children}] RelativeParent to LayerHierarchy{RequestedLayerState{27daa3d com.podcast.app.debug/androidx.activity.ComponentActivity#155811 parentId=155808} 2 children}
03-02 00:57:13.637  1507  1507 I SurfaceFlinger: [LayerHierarchy{RequestedLayerState{Splash Screen com.podcast.app.debug$_2746#155810} no children}] reparent to OffscreenRoot
03-02 00:57:13.637  1507  1507 I SurfaceFlinger: [LayerHierarchy{RequestedLayerState{Splash Screen com.podcast.app.debug$_2746#155810} no children}] RelativeParent to null
03-02 00:57:13.637  1507  1507 I SurfaceFlinger: [LayerHierarchy{RequestedLayerState{4c42f91 Splash Screen com.podcast.app.debug#155809 z=2147483647} no children}] reparent to OffscreenRoot
03-02 00:57:13.637  1507  1507 I SurfaceFlinger: [LayerHierarchy{RequestedLayerState{4c42f91 Splash Screen com.podcast.app.debug#155809 z=2147483647} no children}] RelativeParent to null
03-02 00:57:13.637 14885 15423 D SurfaceView: 250491192 windowPositionLost, frameNr = 0
03-02 00:57:13.639 14885 15423 D HWUI    : CacheManager::trimMemory(20)
03-02 00:57:13.639  1646  1646 I CameraService: onUidStateChanged: uid=10235, procState is changed. (3 -> 4)
03-02 00:57:13.641  1507  1507 I Layer   : id=155774 Destroyed bbdc023 Splash Screen com.podcast.app.debug.test#155774
03-02 00:57:13.641  1507  1507 I Layer   : id=155812 Destroyed Transition Root: Task=44862#155812
03-02 00:57:13.641  1507  1507 I Layer   : id=155819 Destroyed DimTransitionLayer for Surface(name=Task=44862)/@0xc4be3d2#155819
03-02 00:57:13.641  2013  3645 I WindowManager: Relayout Window{cd2d6b5 u0 com.zhiliaoapp.musically/com.ss.android.ugc.aweme.splash.SplashActivity}: viewVisibility=8 req=1080x2340 ty=1 d0
03-02 00:57:13.641  1507  1507 I SurfaceFlinger: onHandleDestroyed: layerId=155809, name=4c42f91 Splash Screen com.podcast.app.debug#155809
03-02 00:57:13.642  1507  1507 I SurfaceFlinger: id=155809 Removed 4c42f91 Splash Screen com.podcast.app.debug#155809 (335)
03-02 00:57:13.642  1507  1507 I SurfaceFlinger: onHandleDestroyed: layerId=155810, name=Splash Screen com.podcast.app.debug$_2746#155810
03-02 00:57:13.642  1507  1507 I SurfaceFlinger: id=155810 Removed Splash Screen com.podcast.app.debug$_2746#155810 (335)
03-02 00:57:13.642  1507  1507 E RefreshRateSelector: Can't find HRR max refresh rate by policy with the same group 0
03-02 00:57:13.643  2013  3645 I WindowManager: Relayout hash=cd2d6b5, pid=14885, syncId=-1: mAttrs={(0,0)(fillxfill) sim={adjust=pan} layoutInDisplayCutoutMode=always ty=BASE_APPLICATION fmt=TRANSLUCENT wanim=0x1030317
03-02 00:57:13.643  2013  3645 I WindowManager:   fl=81810180
03-02 00:57:13.643  2013  3645 I WindowManager:   pfl=10008840
03-02 00:57:13.643  2013  3645 I WindowManager:   vsysui=400
03-02 00:57:13.643  2013  3645 I WindowManager:   apr=10
03-02 00:57:13.643  2013  3645 I WindowManager:   bhv=1
03-02 00:57:13.643  2013  3645 I WindowManager:   fitSides=0
03-02 00:57:13.643  2013  3645 I WindowManager:   frameRateBoostOnTouch=true
03-02 00:57:13.643  2013  3645 I WindowManager:   dvrrWindowFrameRateHint=true naviIconColor=0
03-02 00:57:13.643  2013  3645 I WindowManager:   sfl=100000}
03-02 00:57:13.647  1507  1507 I SurfaceFlinger: destroyed Splash Screen com.podcast.app.debug$_2746#155810
03-02 00:57:13.647  1507  1507 I SurfaceFlinger: destroyed 4c42f91 Splash Screen com.podcast.app.debug#155809
03-02 00:57:13.647  1507  1507 I SurfaceFlinger: [LayerHierarchy{RequestedLayerState{Bounds for - com.zhiliaoapp.musically/com.ss.android.ugc.aweme.splash.SplashActivity@12#155793} 3 children}] reparent to OffscreenRoot
03-02 00:57:13.647  1507  1507 I SurfaceFlinger: [LayerHierarchy{RequestedLayerState{Bounds for - com.zhiliaoapp.musically/com.ss.android.ugc.aweme.splash.SplashActivity@12#155793} 3 children}] RelativeParent to null
03-02 00:57:13.647 14885 14885 I BLASTBufferQueue: [VRI[SplashActivity]@35f4eb8#53](f:0,a:1,s:0) destructor()
03-02 00:57:13.647 14885 14885 D BufferQueueConsumer: [VRI[SplashActivity]@35f4eb8#53(BLAST Consumer)53](id:3a2500000038,api:0,p:-1,c:14885) disconnect
03-02 00:57:13.648 14885 14885 I VRI[SplashActivity]@35f4eb8: Relayout returned: old=(0,0,1080,2340) new=(0,0,1080,2340) relayoutAsync=false req=(1080,2340)8 dur=5 res=0x2 s={false 0x0} ch=true seqId=0
03-02 00:57:13.648  1507  1507 I Layer   : id=155810 Destroyed Splash Screen com.podcast.app.debug$_2746#155810
03-02 00:57:13.648  1507  1507 I Layer   : id=155809 Destroyed 4c42f91 Splash Screen com.podcast.app.debug#155809
03-02 00:57:13.648  1507  1507 I SurfaceFlinger: onHandleDestroyed: layerId=155793, name=Bounds for - com.zhiliaoapp.musically/com.ss.android.ugc.aweme.splash.SplashActivity@12#155793
03-02 00:57:13.648  1507  1507 I SurfaceFlinger: id=155793 Removed Bounds for - com.zhiliaoapp.musically/com.ss.android.ugc.aweme.splash.SplashActivity@12#155793 (333)
03-02 00:57:13.649 14885 14885 I SV[6876039 SplashActivity]: windowStopped(true) false X.0fk7{68eb87 V.E...... ........ 0,80-1080,2000} of VRI[SplashActivity]@35f4eb8
03-02 00:57:13.649 14885 14885 D SV[6876039 SplashActivity]: updateSurface: surface is not valid
03-02 00:57:13.649 14885 14885 I SV[6876039 SplashActivity]: releaseSurfaces: viewRoot = VRI[SplashActivity]@35f4eb8
03-02 00:57:13.649 14885 14885 D VRI[SplashActivity]@35f4eb8: applyTransactionOnDraw applyImmediately
03-02 00:57:13.649 14885 14885 I SV[7374587 SplashActivity]: windowStopped(true) false X.0fk7{7086fb V.E...... ........ 0,80-1080,2000} of VRI[SplashActivity]@35f4eb8
03-02 00:57:13.649 14885 14885 D SV[7374587 SplashActivity]: updateSurface: surface is not valid
03-02 00:57:13.649 14885 14885 I SV[7374587 SplashActivity]: releaseSurfaces: viewRoot = VRI[SplashActivity]@35f4eb8
03-02 00:57:13.649 14885 14885 D VRI[SplashActivity]@35f4eb8: applyTransactionOnDraw applyImmediately
03-02 00:57:13.650 14885 14885 I SV[137774491 SplashActivity]: windowStopped(true) false X.0fk7{836459b V.E...... ........ 0,81-1080,1998} of VRI[SplashActivity]@35f4eb8
03-02 00:57:13.650 14885 14885 D SV[137774491 SplashActivity]: updateSurface: surface is not valid
03-02 00:57:13.650 14885 14885 I SV[137774491 SplashActivity]: releaseSurfaces: viewRoot = VRI[SplashActivity]@35f4eb8
03-02 00:57:13.650 14885 14885 D VRI[SplashActivity]@35f4eb8: applyTransactionOnDraw applyImmediately
03-02 00:57:13.652 14885 14885 D SV[6876039 SplashActivity]: updateSurface: surface is not valid
03-02 00:57:13.652 14885 14885 I SV[6876039 SplashActivity]: releaseSurfaces: viewRoot = VRI[SplashActivity]@35f4eb8
03-02 00:57:13.652 14885 14885 D VRI[SplashActivity]@35f4eb8: applyTransactionOnDraw applyImmediately
03-02 00:57:13.654 14885 14885 D SV[7374587 SplashActivity]: updateSurface: surface is not valid
03-02 00:57:13.654 14885 14885 I SV[7374587 SplashActivity]: releaseSurfaces: viewRoot = VRI[SplashActivity]@35f4eb8
03-02 00:57:13.654 14885 14885 D VRI[SplashActivity]@35f4eb8: applyTransactionOnDraw applyImmediately
03-02 00:57:13.654 14885 14885 D SV[137774491 SplashActivity]: updateSurface: surface is not valid
03-02 00:57:13.654 14885 14885 I SV[137774491 SplashActivity]: releaseSurfaces: viewRoot = VRI[SplashActivity]@35f4eb8
03-02 00:57:13.654 14885 14885 D VRI[SplashActivity]@35f4eb8: applyTransactionOnDraw applyImmediately
03-02 00:57:13.654 14885 14885 D VRI[SplashActivity]@35f4eb8: Not drawing due to not visible. Reason=!mAppVisible && !mForceDecorViewVisibility
03-02 00:57:13.655 14885 14885 D VRI[SplashActivity]@35f4eb8: Pending transaction will not be applied in sync with a draw due to view not visible
03-02 00:57:13.655 14885 14885 I VRI[SplashActivity]@35f4eb8: mWNT: t=0x769ac0ba00 mBlastBufferQueue=0xnull fn= 0 HdrRenderState mRenderHdrSdrRatio=1.0 caller= android.view.ViewRootImpl.handleSyncRequestWhenNoAsyncDraw:6733 android.view.ViewRootImpl.performTraversals:5504 android.view.ViewRootImpl.doTraversal:3924
03-02 00:57:13.655  1445  2902 D C2MtkBufferManager: over 5000ms not request from VCodec but callback hooked, slow BM Cc fetch thread. Last get time was 90597066ms ago.
03-02 00:57:13.658 14885 15423 D HWUI    : CacheManager::trimMemory(20)
03-02 00:57:13.658  1507  1507 I SurfaceFlinger: destroyed Bounds for - com.zhiliaoapp.musically/com.ss.android.ugc.aweme.splash.SplashActivity@12#155793
03-02 00:57:13.658  1507  1507 I SurfaceFlinger: [LayerHierarchy{RequestedLayerState{68eb87 SurfaceView[com.zhiliaoapp.musically/com.ss.android.ugc.aweme.splash.SplashActivity]@0#155794 z=-2} 2 children}] reparent to OffscreenRoot
03-02 00:57:13.658  1507  1507 I SurfaceFlinger: [LayerHierarchy{RequestedLayerState{68eb87 SurfaceView[com.zhiliaoapp.musically/com.ss.android.ugc.aweme.splash.SplashActivity]@0#155794 z=-2} 2 children}] RelativeParent to null
03-02 00:57:13.658  1507  1507 I SurfaceFlinger: [LayerHierarchy{RequestedLayerState{7086fb SurfaceView[com.zhiliaoapp.musically/com.ss.android.ugc.aweme.splash.SplashActivity]@0(BLAST)#155798} no children}] reparent to OffscreenRoot
03-02 00:57:13.658  1507  1507 I SurfaceFlinger: [LayerHierarchy{RequestedLayerState{7086fb SurfaceView[com.zhiliaoapp.musically/com.ss.android.ugc.aweme.splash.SplashActivity]@0(BLAST)#155798} no children}] RelativeParent to null
03-02 00:57:13.658 14885 14885 I VRI[SplashActivity]@35f4eb8: stopped(true) old = false
03-02 00:57:13.658  1507  1507 I SurfaceFlinger: [LayerHierarchy{RequestedLayerState{7086fb SurfaceView[com.zhiliaoapp.musically/com.ss.android.ugc.aweme.splash.SplashActivity]@0#155797 z=-2} 1 children}] reparent to OffscreenRoot
03-02 00:57:13.659  1507  1507 I SurfaceFlinger: [LayerHierarchy{RequestedLayerState{7086fb SurfaceView[com.zhiliaoapp.musically/com.ss.android.ugc.aweme.splash.SplashActivity]@0#155797 z=-2} 1 children}] RelativeParent to null
03-02 00:57:13.659 14885 14885 D VRI[SplashActivity]@35f4eb8: WindowStopped on com.zhiliaoapp.musically/com.ss.android.ugc.aweme.splash.SplashActivity set to true
03-02 00:57:13.659  1507  1507 I SurfaceFlinger: [LayerHierarchy{RequestedLayerState{Background for 68eb87 SurfaceView[com.zhiliaoapp.musically/com.ss.android.ugc.aweme.splash.SplashActivity]@0#155796 z=-2147483648} no children}] reparent to OffscreenRoot
03-02 00:57:13.659  1507  1507 I SurfaceFlinger: [LayerHierarchy{RequestedLayerState{Background for 68eb87 SurfaceView[com.zhiliaoapp.musically/com.ss.android.ugc.aweme.splash.SplashActivity]@0#155796 z=-2147483648} no children}] RelativeParent to null
03-02 00:57:13.659  1507  1507 I SurfaceFlinger: [LayerHierarchy{RequestedLayerState{Background for 836459b SurfaceView[com.zhiliaoapp.musically/com.ss.android.ugc.aweme.splash.SplashActivity]@0#155802 z=-2147483648} no children}] reparent to OffscreenRoot
03-02 00:57:13.659  1507  1507 I SurfaceFlinger: [LayerHierarchy{RequestedLayerState{Background for 836459b SurfaceView[com.zhiliaoapp.musically/com.ss.android.ugc.aweme.splash.SplashActivity]@0#155802 z=-2147483648} no children}] RelativeParent to null
03-02 00:57:13.659  1507  1507 I SurfaceFlinger: [LayerHierarchy{RequestedLayerState{68eb87 SurfaceView[com.zhiliaoapp.musically/com.ss.android.ugc.aweme.splash.SplashActivity]@0(BLAST)#155795} no children}] reparent to OffscreenRoot
03-02 00:57:13.659  1507  1507 I SurfaceFlinger: [LayerHierarchy{RequestedLayerState{68eb87 SurfaceView[com.zhiliaoapp.musically/com.ss.android.ugc.aweme.splash.SplashActivity]@0(BLAST)#155795} no children}] RelativeParent to null
03-02 00:57:13.659  1507  1507 I SurfaceFlinger: [LayerHierarchy{RequestedLayerState{836459b SurfaceView[com.zhiliaoapp.musically/com.ss.android.ugc.aweme.splash.SplashActivity]@0(BLAST)#155801} no children}] reparent to OffscreenRoot
03-02 00:57:13.659  1507  1507 I SurfaceFlinger: [LayerHierarchy{RequestedLayerState{836459b SurfaceView[com.zhiliaoapp.musically/com.ss.android.ugc.aweme.splash.SplashActivity]@0(BLAST)#155801} no children}] RelativeParent to null
03-02 00:57:13.659  1507  1507 I SurfaceFlinger: [LayerHierarchy{RequestedLayerState{836459b SurfaceView[com.zhiliaoapp.musically/com.ss.android.ugc.aweme.splash.SplashActivity]@0#155800 z=-2} no children}] reparent to OffscreenRoot
03-02 00:57:13.659 14885 15423 D HWUI    : CacheManager::trimMemory(20)
03-02 00:57:13.659  1507  1507 I SurfaceFlinger: [LayerHierarchy{RequestedLayerState{836459b SurfaceView[com.zhiliaoapp.musically/com.ss.android.ugc.aweme.splash.SplashActivity]@0#155800 z=-2} no children}] RelativeParent to null
03-02 00:57:13.659  1507  1507 I SurfaceFlinger: [LayerHierarchy{RequestedLayerState{Background for 7086fb SurfaceView[com.zhiliaoapp.musically/com.ss.android.ugc.aweme.splash.SplashActivity]@0#155799 z=-2147483648} no children}] reparent to OffscreenRoot
03-02 00:57:13.659  1507  1507 I SurfaceFlinger: [LayerHierarchy{RequestedLayerState{Background for 7086fb SurfaceView[com.zhiliaoapp.musically/com.ss.android.ugc.aweme.splash.SplashActivity]@0#155799 z=-2147483648} no children}] RelativeParent to null
03-02 00:57:13.660 14885 14885 I System.out: SAFActivity: com.ss.android.ugc.aweme.main.MainActivity@c20428f,  onStop Start
03-02 00:57:13.662  1507  1507 I Layer   : id=155793 Destroyed Bounds for - com.zhiliaoapp.musically/com.ss.android.ugc.aweme.splash.SplashActivity@12#155793
03-02 00:57:13.662  1507  1507 I SurfaceFlinger: onHandleDestroyed: layerId=155801, name=836459b SurfaceView[com.zhiliaoapp.musically/com.ss.android.ugc.aweme.splash.SplashActivity]@0(BLAST)#155801
03-02 00:57:13.662  1507  1507 I SurfaceFlinger: id=155801 Removed 836459b SurfaceView[com.zhiliaoapp.musically/com.ss.android.ugc.aweme.splash.SplashActivity]@0(BLAST)#155801 (332)
03-02 00:57:13.662  1507  1507 I SurfaceFlinger: onHandleDestroyed: layerId=155800, name=836459b SurfaceView[com.zhiliaoapp.musically/com.ss.android.ugc.aweme.splash.SplashActivity]@0#155800
03-02 00:57:13.662  1507  1507 I SurfaceFlinger: id=155800 Removed 836459b SurfaceView[com.zhiliaoapp.musically/com.ss.android.ugc.aweme.splash.SplashActivity]@0#155800 (332)
03-02 00:57:13.662  1507  1507 I SurfaceFlinger: onHandleDestroyed: layerId=155802, name=Background for 836459b SurfaceView[com.zhiliaoapp.musically/com.ss.android.ugc.aweme.splash.SplashActivity]@0#155802
03-02 00:57:13.662  1507  1507 I SurfaceFlinger: id=155802 Removed Background for 836459b SurfaceView[com.zhiliaoapp.musically/com.ss.android.ugc.aweme.splash.SplashActivity]@0#155802 (332)
03-02 00:57:13.662  1507  1507 I SurfaceFlinger: onHandleDestroyed: layerId=155798, name=7086fb SurfaceView[com.zhiliaoapp.musically/com.ss.android.ugc.aweme.splash.SplashActivity]@0(BLAST)#155798
03-02 00:57:13.662  1507  1507 I SurfaceFlinger: id=155798 Removed 7086fb SurfaceView[com.zhiliaoapp.musically/com.ss.android.ugc.aweme.splash.SplashActivity]@0(BLAST)#155798 (332)
03-02 00:57:13.662  1507  1507 I SurfaceFlinger: onHandleDestroyed: layerId=155797, name=7086fb SurfaceView[com.zhiliaoapp.musically/com.ss.android.ugc.aweme.splash.SplashActivity]@0#155797
03-02 00:57:13.662  1507  1507 I SurfaceFlinger: id=155797 Removed 7086fb SurfaceView[com.zhiliaoapp.musically/com.ss.android.ugc.aweme.splash.SplashActivity]@0#155797 (332)
03-02 00:57:13.662  1507  1507 I SurfaceFlinger: onHandleDestroyed: layerId=155799, name=Background for 7086fb SurfaceView[com.zhiliaoapp.musically/com.ss.android.ugc.aweme.splash.SplashActivity]@0#155799
03-02 00:57:13.662  1507  1507 I SurfaceFlinger: id=155799 Removed Background for 7086fb SurfaceView[com.zhiliaoapp.musically/com.ss.android.ugc.aweme.splash.SplashActivity]@0#155799 (332)
03-02 00:57:13.662  1507  1507 I SurfaceFlinger: onHandleDestroyed: layerId=155795, name=68eb87 SurfaceView[com.zhiliaoapp.musically/com.ss.android.ugc.aweme.splash.SplashActivity]@0(BLAST)#155795
03-02 00:57:13.662  1507  1507 I SurfaceFlinger: id=155795 Removed 68eb87 SurfaceView[com.zhiliaoapp.musically/com.ss.android.ugc.aweme.splash.SplashActivity]@0(BLAST)#155795 (332)
03-02 00:57:13.662  1507  1507 I SurfaceFlinger: onHandleDestroyed: layerId=155794, name=68eb87 SurfaceView[com.zhiliaoapp.musically/com.ss.android.ugc.aweme.splash.SplashActivity]@0#155794
03-02 00:57:13.662  1507  1507 I SurfaceFlinger: id=155794 Removed 68eb87 SurfaceView[com.zhiliaoapp.musically/com.ss.android.ugc.aweme.splash.SplashActivity]@0#155794 (332)
03-02 00:57:13.662  1507  1507 I SurfaceFlinger: onHandleDestroyed: layerId=155796, name=Background for 68eb87 SurfaceView[com.zhiliaoapp.musically/com.ss.android.ugc.aweme.splash.SplashActivity]@0#155796
03-02 00:57:13.662  1507  1507 I SurfaceFlinger: id=155796 Removed Background for 68eb87 SurfaceView[com.zhiliaoapp.musically/com.ss.android.ugc.aweme.splash.SplashActivity]@0#155796 (332)
03-02 00:57:13.667  1446  1446 I SensorsHub: queueActivate: handle 5 enable 0
03-02 00:57:13.668  1446  1446 I SensorsHub: type : 5, enable : 0
03-02 00:57:13.669 14885 15375 D SensorManager: unregisterListener
03-02 00:57:13.669  1507  1507 I SurfaceFlinger: destroyed 68eb87 SurfaceView[com.zhiliaoapp.musically/com.ss.android.ugc.aweme.splash.SplashActivity]@0#155794
03-02 00:57:13.669  1507  1507 I SurfaceFlinger: destroyed 7086fb SurfaceView[com.zhiliaoapp.musically/com.ss.android.ugc.aweme.splash.SplashActivity]@0(BLAST)#155798
03-02 00:57:13.669  1507  1507 I SurfaceFlinger: destroyed 7086fb SurfaceView[com.zhiliaoapp.musically/com.ss.android.ugc.aweme.splash.SplashActivity]@0#155797
03-02 00:57:13.669  1507  1507 I SurfaceFlinger: destroyed Background for 7086fb SurfaceView[com.zhiliaoapp.musically/com.ss.android.ugc.aweme.splash.SplashActivity]@0#155799
03-02 00:57:13.669  1507  1507 I SurfaceFlinger: destroyed 836459b SurfaceView[com.zhiliaoapp.musically/com.ss.android.ugc.aweme.splash.SplashActivity]@0#155800
03-02 00:57:13.669  1507  1507 I SurfaceFlinger: destroyed 836459b SurfaceView[com.zhiliaoapp.musically/com.ss.android.ugc.aweme.splash.SplashActivity]@0(BLAST)#155801
03-02 00:57:13.669  1507  1507 I SurfaceFlinger: destroyed Background for 68eb87 SurfaceView[com.zhiliaoapp.musically/com.ss.android.ugc.aweme.splash.SplashActivity]@0#155796
03-02 00:57:13.669  1507  1507 I SurfaceFlinger: destroyed Background for 836459b SurfaceView[com.zhiliaoapp.musically/com.ss.android.ugc.aweme.splash.SplashActivity]@0#155802
03-02 00:57:13.669  1507  1507 I SurfaceFlinger: destroyed 68eb87 SurfaceView[com.zhiliaoapp.musically/com.ss.android.ugc.aweme.splash.SplashActivity]@0(BLAST)#155795
03-02 00:57:13.672  1507  1507 I Layer   : id=155796 Destroyed Background for 68eb87 SurfaceView[com.zhiliaoapp.musically/com.ss.android.ugc.aweme.splash.SplashActivity]@0#155796
03-02 00:57:13.673  1507  1507 I Layer   : id=155794 Destroyed 68eb87 SurfaceView[com.zhiliaoapp.musically/com.ss.android.ugc.aweme.splash.SplashActivity]@0#155794
03-02 00:57:13.673  1507  1507 I Layer   : id=155795 Destroyed 68eb87 SurfaceView[com.zhiliaoapp.musically/com.ss.android.ugc.aweme.splash.SplashActivity]@0(BLAST)#155795
03-02 00:57:13.673  1507  1507 I Layer   : id=155799 Destroyed Background for 7086fb SurfaceView[com.zhiliaoapp.musically/com.ss.android.ugc.aweme.splash.SplashActivity]@0#155799
03-02 00:57:13.673  1507  1507 I Layer   : id=155797 Destroyed 7086fb SurfaceView[com.zhiliaoapp.musically/com.ss.android.ugc.aweme.splash.SplashActivity]@0#155797
03-02 00:57:13.673  1507  1507 I Layer   : id=155798 Destroyed 7086fb SurfaceView[com.zhiliaoapp.musically/com.ss.android.ugc.aweme.splash.SplashActivity]@0(BLAST)#155798
03-02 00:57:13.673  1507  1507 I Layer   : id=155802 Destroyed Background for 836459b SurfaceView[com.zhiliaoapp.musically/com.ss.android.ugc.aweme.splash.SplashActivity]@0#155802
03-02 00:57:13.673  1507  1507 I Layer   : id=155800 Destroyed 836459b SurfaceView[com.zhiliaoapp.musically/com.ss.android.ugc.aweme.splash.SplashActivity]@0#155800
03-02 00:57:13.673  1507  1507 I Layer   : id=155801 Destroyed 836459b SurfaceView[com.zhiliaoapp.musically/com.ss.android.ugc.aweme.splash.SplashActivity]@0(BLAST)#155801
03-02 00:57:13.677  2013  2252 I MediaFocusControl: abandonAudioFocus() from uid/pid 10350/14885 clientId=android.media.AudioManager@b7fcc9dX.143s@4302512 callingPack=com.zhiliaoapp.musically
03-02 00:57:13.677  2013  2252 D AS.AudioService: [Android Auto] isConnectedAndroidAuto = false
03-02 00:57:13.677  2013  2252 D MediaFocusControl: selectFocusStack, uid = 10350, appDevice = 0, device = 2
03-02 00:57:13.677  2013  2252 I MediaFocusControl: removeFocusStackEntry client:android.media.AudioManager@b7fcc9dX.143s@4302512
03-02 00:57:13.686  1507  1825 I SurfaceFlinger: Capture layer list: 	 com.podcast.app.debug/androidx.activity.ComponentActivity$_17121#155813(seamlessTransition:0)
03-02 00:57:13.695  1445  2902 W C2MtkBufferManager: [0xB4000070F507E520] fetchNewCcBlock: wait fence 0x0xb4000070f5058270 timed out. ret 110
03-02 00:57:13.696 14885 14885 I System.out: SceneSafeLifecycleDispatcher: onStopped Start
03-02 00:57:13.697 14885 14885 I System.out: SAFActivity V Scene Framework: NavigationMessageQueue postSync start
03-02 00:57:13.697 14885 14885 I System.out: SAFActivity V Scene Framework: NavigationMessageQueue postSync run current task start 14_Y.ARunnableS108S0200000_32@792f45c
03-02 00:57:13.697 14885 14885 I System.out: SAFActivity V Scene Framework: NavigationSceneManager Sync Scene SAFFragmentRootScene{79e191c} Lifecycle [STARTED -> ACTIVITY_CREATED] without saved State
03-02 00:57:13.697 14885 14885 I System.out: SAFFragmentRootScene: onStop Start (SAFFragmentRootScene{79e191c})
03-02 00:57:13.701 14885 14885 I System.out: SAFActivity V Scene Framework: NavigationMessageQueue postSync run current task finish 14_Y.ARunnableS108S0200000_32@792f45c
03-02 00:57:13.701 14885 14885 I System.out: SAFActivity V Scene Framework: NavigationMessageQueue postSync finish
03-02 00:57:13.701 14885 14885 I System.out: SceneSafeLifecycleDispatcher: onStopped End STOP
03-02 00:57:13.701 14885 14885 I System.out: SAFActivity: com.ss.android.ugc.aweme.main.MainActivity@c20428f,  onStop End
03-02 00:57:13.701 14885 14885 D SV[6876039 SplashActivity]: updateSurface: surface is not valid
03-02 00:57:13.701 14885 14885 I SV[6876039 SplashActivity]: releaseSurfaces: viewRoot = VRI[SplashActivity]@35f4eb8
03-02 00:57:13.701 14885 14885 D VRI[SplashActivity]@35f4eb8: applyTransactionOnDraw applyImmediately
03-02 00:57:13.702 14885 14885 D SV[7374587 SplashActivity]: updateSurface: surface is not valid
03-02 00:57:13.702 14885 14885 I SV[7374587 SplashActivity]: releaseSurfaces: viewRoot = VRI[SplashActivity]@35f4eb8
03-02 00:57:13.702 14885 14885 D VRI[SplashActivity]@35f4eb8: applyTransactionOnDraw applyImmediately
03-02 00:57:13.702 14885 14885 D SV[137774491 SplashActivity]: updateSurface: surface is not valid
03-02 00:57:13.702 14885 14885 I SV[137774491 SplashActivity]: releaseSurfaces: viewRoot = VRI[SplashActivity]@35f4eb8
03-02 00:57:13.703 14885 14885 D VRI[SplashActivity]@35f4eb8: applyTransactionOnDraw applyImmediately
03-02 00:57:13.705 14885 14885 I System.out: SAFActivity V Scene Framework: NavigationSceneManager forceExecutePendingNavigationOperation start
03-02 00:57:13.705 14885 14885 I System.out: SAFActivity V Scene Framework: NavigationMessageQueue postSync start
03-02 00:57:13.705 14885 14885 I System.out: SAFActivity V Scene Framework: NavigationMessageQueue postSync run current task start 0_Y.ARunnableS90S0000000_15@ae623c8
03-02 00:57:13.705 14885 14885 I System.out: SAFActivity V Scene Framework: NavigationMessageQueue postSync run current task finish 0_Y.ARunnableS90S0000000_15@ae623c8
03-02 00:57:13.705 14885 14885 I System.out: SAFActivity V Scene Framework: NavigationMessageQueue postSync finish
03-02 00:57:13.705 14885 14885 I System.out: SAFActivity V Scene Framework: NavigationSceneManager forceExecutePendingNavigationOperation finish
03-02 00:57:13.705 14885 14885 I System.out: SAFActivity: com.ss.android.ugc.aweme.main.MainActivity@c20428f,  onSaveInstanceState Start
03-02 00:57:13.707 14885 14885 I System.out: SceneSafeLifecycleDispatcher: onSaveInstanceState Start
03-02 00:57:13.707 14885 14885 I System.out: SAFFragmentRootScene: onSaveInstanceState Start (SAFFragmentRootScene{79e191c})
03-02 00:57:13.707 14885 14885 I System.out: SceneSafeLifecycleDispatcher: onSaveInstanceState End STOP
03-02 00:57:13.707 14885 14885 I System.out: SAFActivity: com.ss.android.ugc.aweme.main.MainActivity@c20428f,  onSaveInstanceState End
03-02 00:57:13.708 14885 14885 W System.err: onActivityPostSaveInstanceState store finished---->com.ss.android.ugc.aweme.main.MainActivity@c20428f
03-02 00:57:13.710 14885 14885 D SV[6876039 SplashActivity]: updateSurface: surface is not valid
03-02 00:57:13.710 14885 14885 I SV[6876039 SplashActivity]: releaseSurfaces: viewRoot = VRI[SplashActivity]@35f4eb8
03-02 00:57:13.710 14885 14885 D VRI[SplashActivity]@35f4eb8: applyTransactionOnDraw applyImmediately
03-02 00:57:13.710 14885 14885 D SV[7374587 SplashActivity]: updateSurface: surface is not valid
03-02 00:57:13.710 14885 14885 I SV[7374587 SplashActivity]: releaseSurfaces: viewRoot = VRI[SplashActivity]@35f4eb8
03-02 00:57:13.710 14885 14885 D VRI[SplashActivity]@35f4eb8: applyTransactionOnDraw applyImmediately
03-02 00:57:13.711 14885 14885 D SV[137774491 SplashActivity]: updateSurface: surface is not valid
03-02 00:57:13.711 14885 14885 I SV[137774491 SplashActivity]: releaseSurfaces: viewRoot = VRI[SplashActivity]@35f4eb8
03-02 00:57:13.711 14885 14885 D VRI[SplashActivity]@35f4eb8: applyTransactionOnDraw applyImmediately
03-02 00:57:13.724  1507  1507 I SurfaceFlinger: [LayerHierarchy{RequestedLayerState{com.zhiliaoapp.musically/com.ss.android.ugc.aweme.splash.SplashActivity$_14885#155790} no children}] reparent to OffscreenRoot
03-02 00:57:13.724  1507  1507 I SurfaceFlinger: [LayerHierarchy{RequestedLayerState{com.zhiliaoapp.musically/com.ss.android.ugc.aweme.splash.SplashActivity$_14885#155790} no children}] RelativeParent to null
03-02 00:57:13.725  1507  1507 I SurfaceFlinger: onHandleDestroyed: layerId=155790, name=com.zhiliaoapp.musically/com.ss.android.ugc.aweme.splash.SplashActivity$_14885#155790
03-02 00:57:13.725  1507  1507 I SurfaceFlinger: id=155790 Removed com.zhiliaoapp.musically/com.ss.android.ugc.aweme.splash.SplashActivity$_14885#155790 (323)
03-02 00:57:13.731 14885 16800 D Native  : [TTNativeML] NativeMLTaskRunner 2.3-2.4 code：BuildInputs: CostTime 0.17 ms
03-02 00:57:13.731 14885 16800 D Native  : [TTNativeML] NativeMLTaskRunner 3-4 code：AdapterSetInputs: cost time 0.08 ms
03-02 00:57:13.731  2013  2067 I ChimeraSystemEventListener: appLaunchIntent package name is: com.podcast.app.debug.test
03-02 00:57:13.731 14885 16800 D Native  : [TTNativeML] NativeMLTaskRunner 4-5 code：AdapterInference: cost time 0.32 ms
03-02 00:57:13.735  1507  1507 I SurfaceFlinger: destroyed com.zhiliaoapp.musically/com.ss.android.ugc.aweme.splash.SplashActivity$_14885#155790
03-02 00:57:13.738  2013  3441 I SemDvfsHyPerManager: acquire hyper - AMS_APP_SWITCH/2013@20, type = -999
03-02 00:57:13.738  1507  1507 I Layer   : id=155790 Destroyed com.zhiliaoapp.musically/com.ss.android.ugc.aweme.splash.SplashActivity$_14885#155790
03-02 00:57:13.739  1464  1492 I mtkpower@impl: [setMode] type:5, enabled:1
03-02 00:57:13.739  1450  1487 I HYPER-HAL: [RequestManager.cpp]acquire(): Acquired ID : 2067581  [2013 / 20]    HINT : AMS_ACT_SWITCH    list :
03-02 00:57:13.739  1450  1487 I mtkpower_client: perf_lock_rel, hdl:76430, pid: 1450, tid:1487
03-02 00:57:13.740  1450  1487 I mtkpower_client: perf_lock_acq, hdl:0, dur:0, num:2, pid:1450, tid:1487
03-02 00:57:13.740  1464  1529 I libPowerHal: [perfLockRel] hdl:76430, idx:8
03-02 00:57:13.741  1464  1529 I libPowerHal: [PD] vendor.samsung. update cmd:1000000 param:-1 pr:6
03-02 00:57:13.741  1464  1529 I libPowerHal: [perfLockRel] Done for hdl : 76430
03-02 00:57:13.741  1450  1487 I mtkpower_client: ret_hdl:76431
03-02 00:57:13.741  1450  1487 I mtkpower_client: perf_lock_rel, hdl:76428, pid: 1450, tid:1487
03-02 00:57:13.739  4784  4784 I SemDvfsHyPerManager: acquire hyper - APP_START_SHORT/4784@15, type = -999
03-02 00:57:13.742  1464  1529 I libPowerHal: [perfLockAcq] idx:7 hdl:76431 hint:-1 pid:1450 tid:1487 duration:0 lock_user:vendor.samsung. => ret_hdl:76431
03-02 00:57:13.742  1464  1529 I libPowerHal: [setDvfsrcDevFreqOpp] opp:0, freq:4266000000
03-02 00:57:13.742  1464  1529 I libPowerHal: [PE] vendor.samsung. update cmd:1000000 param:0 pr:3
03-02 00:57:13.742  1464  1529 I libPowerHal: [perfLockAcq] Done for hdl : 76431
03-02 00:57:13.743  1464  1529 I libPowerHal: [perfLockRel] hdl:76428, idx:5
03-02 00:57:13.743  1464  1529 I libPowerHal: [PD] vendor.samsung. update cmd:400000 param:-1 pr:6
03-02 00:57:13.743  1464  1529 I libPowerHal: [recordCPUFreqInfo] set cluster[0] min(-1): -1 max(-1): -1 cluster[1] min(-1): -1 max(-1): -1
03-02 00:57:13.743  1464  1529 I libPowerHal: [perfLockRel] Done for hdl : 76428
03-02 00:57:13.743  1450  1487 I mtkpower_client: perf_lock_acq, hdl:0, dur:0, num:2, pid:1450, tid:1487
03-02 00:57:13.744  1507  1563 I SurfaceFlinger: id=155823 createSurf, flag=24004, Task=44863#155823
03-02 00:57:13.744  1450  1487 I mtkpower_client: ret_hdl:76432
03-02 00:57:13.744  1450  1487 I HYPER-HAL: [RequestManager.cpp]acquire(): Acquired ID : 11517615  [4784 / 15]    HINT : APP_START    list : [TIMEOUT / 1500]
03-02 00:57:13.744  1464  1529 I libPowerHal: [perfLockAcq] idx:5 hdl:76432 hint:-1 pid:1450 tid:1487 duration:0 lock_user:vendor.samsung. => ret_hdl:76432
03-02 00:57:13.744  1464  1529 I libPowerHal: [PE] vendor.samsung. update cmd:400000 param:2000000 pr:3
03-02 00:57:13.744  1464  1529 I libPowerHal: [recordCPUFreqInfo] set cluster[0] min(vendor.samsung.): 2000000 max(-1): -1 cluster[1] min(-1): -1 max(-1): -1
03-02 00:57:13.744  1464  1529 I libPowerHal: [perfLockAcq] Done for hdl : 76432
03-02 00:57:13.746  1507  1563 I SurfaceFlinger: id=155824 createSurf, flag=84004, ActivityRecord{6017959 u0 com.podcast.app.debug.test/androidx.test.core.app.InstrumentationActivityInvoker$EmptyActivity t44863}#155824
03-02 00:57:13.746  1507  1507 I SurfaceFlinger: [Task=44863#155823] attach to parent LayerHierarchy{RequestedLayerState{DefaultTaskDisplayArea_d0#10 parentId=9} 46 children}
03-02 00:57:13.746  1507  1507 I SurfaceFlinger: [ActivityRecord{6017959 u0 com.podcast.app.debug.test/androidx.test.core.app.InstrumentationActivityInvoker$EmptyActivity t44863}#155824] attach to parent LayerHierarchy{RequestedLayerState{Task=44863#155823 parentId=10} 1 children}
03-02 00:57:13.749 14636 14636 D WM-SystemJobService: onStopJob for WorkGenerationalId(workSpecId=f23029b8-b7a3-4a93-aaf6-b7c7a26dfe9e, generation=0)
03-02 00:57:13.750 14636 15266 D WM-Processor: WorkerWrapper interrupted for f23029b8-b7a3-4a93-aaf6-b7c7a26dfe9e
03-02 00:57:13.750 14636 15266 D WM-StopWorkRunnable: StopWorkRunnable for f23029b8-b7a3-4a93-aaf6-b7c7a26dfe9e; Processor.stopWork = true
03-02 00:57:13.750  2013  4903 I SemDvfsHyPerManager: acquire hyper - AMS_APP_LAUNCH/2013@17, type = -999
03-02 00:57:13.750  1450  1487 I HYPER-HAL: [RequestManager.cpp]acquire(): Acquired ID : 2061482  [2013 / 17]    HINT : AMS_APP_LAUNCH    list :
03-02 00:57:13.751  4784  4784 I SemDvfsHyPerManager: acquire hyper - APP_START/4784@17, type = -999
