03-02 00:56:50.170  1439  1935 D AudioALSAStreamOut: getPresentationPosition(), radhe no playback handler flags 65536, *frames = 0, timestamp 0.000000000
03-02 00:56:50.172 14885 14885 I System.out: SAFFragmentRootScene: onWindowFocusChanged: com.ss.android.ugc.aweme.main.MainRootFragment, MainRootFragment{e89d275} (8a90a2f7-f51b-4f8d-88b5-38e0125851ad tag=root_fragment), true (SAFFragmentRootScene{79e191c})
03-02 00:56:50.172 14885 14885 I System.out: SAFActivity V Scene Framework: NavigationMessageQueue postSync run current task finish 14_Y.ARunnableS108S0200000_32@da9e1ba
03-02 00:56:50.172 14885 14885 I System.out: SAFActivity V Scene Framework: NavigationMessageQueue postSync finish
03-02 00:56:50.172 14885 14885 I System.out: SceneSafeLifecycleDispatcher: onPaused End PAUSE
03-02 00:56:50.172 14885 14885 I System.out: SAFActivity: com.ss.android.ugc.aweme.main.MainActivity@c20428f,  onPause End
03-02 00:56:50.173  2013  3566 D InputTransport: Input channel destroyed: '8a489c5', fd=1066
03-02 00:56:50.174  1484  2000 I AF::Track: setMixerOutConfig return default condition, mixer key 2002, thread key 202
03-02 00:56:50.174  1484  2000 I AudioPolicyEffectException: MySpaceHandler::checkDetachCondition media 1, ring 0, mp 0
03-02 00:56:50.174  1484  2000 I AudioPolicyEffectException: MySpace detach value 1
03-02 00:56:50.174  1484  2000 V APM_AudioPolicyManager: startOutput portId 13561
03-02 00:56:50.174  1484  2000 V APM_AudioPolicyManager: startOutput() output 21, stream 3, session 126041
03-02 00:56:50.174  1484  2000 V APM_AudioPolicyManager: setBeaconMute(1) mBeaconMuteRefCount=10 mBeaconPlayingRefCount=0
03-02 00:56:50.174  1484  2000 V APM_AudioPolicyManager: selectOutputForMusicEffects activeOnly 1 output 21 flags 0x00000008
03-02 00:56:50.174  1484  2000 V APM_AudioPolicyManager: selectOutputForMusicEffects selected output 21
03-02 00:56:50.174  1444  1809 D MDP     : [PQSessionManager] PQSessionManager::getPQSession id[a]
03-02 00:56:50.174  1444  1809 D MDP     : [PQSessionManager] getPQSessionListHandle id[a]
03-02 00:56:50.174  1444  1809 D MDP     : [PQSessionManager] getPQSessionListHandle, find id[a]
03-02 00:56:50.174  1444  1809 D MDP     : [PQSessionManager] findVideoID[f6840820] found on index a
03-02 00:56:50.174  2746  2808 D InputTransport: Input channel constructed: '8a489c5', fd=776
03-02 00:56:50.176  2746  2808 I InsetsController: onStateChanged: host=Splash Screen com.podcast.app.debug, from=android.view.ViewRootImpl.onInsetsStateChanged:3026, state=InsetsState: {mDisplayFrame=Rect(0, 0 - 1080, 2340), mDisplayCutout=DisplayCutout{insets=Rect(0, 80 - 0, 0) waterfall=Insets{left=0, top=0, right=0, bottom=0} boundingRect={Bounds=[Rect(0, 0 - 0, 0), Rect(472, 0 - 608, 80), Rect(0, 0 - 0, 0), Rect(0, 0 - 0, 0)]} cutoutPathParserInfo={CutoutPathParserInfo{displayWidth=1080 displayHeight=2340 physicalDisplayWidth=1080 physicalDisplayHeight=2340 density={2.8125} cutoutSpec={M 0,0 H -24.177777778 V 28.4444444444 H 24.177777778 V 0 H 0 Z @dp} rotation={0} scale={1.0} physicalPixelDisplaySizeRatio={1.0}}} sideOverrides={}}, mRoundedCorners=RoundedCorners{[RoundedCorner{position=TopLeft, radius=113, center=Point(113, 113)}, RoundedCorner{position=TopRight, radius=113, center=Point(967, 113)}, RoundedCorner{position=BottomRight, radius=113, center=Point(967, 2227)}, RoundedCorner{position=BottomLeft, radius=113, center=Point(113, 2227)}]}  mRoundedCornerFrame=Rect(0, 0 - 1080, 2340), mPrivacyIndicatorBounds=PrivacyIndicatorBounds {static bounds=Rect(956, 0 - 1080, 80) rotation=0}, mDisplayShape=DisplayShape{ spec=-311912193 displayWidth=1080 displayHeight=2340 physicalPixelDisplaySizeRatio=1.0 rotation=0 offsetX=0 offsetY=0 scale=1.0}, mSources= { InsetsSource: {e9af0000 mType=statusBars mFrame=[0,0][1080,80] mVisible=true mFlags= mSideHint=TOP mBoundingRects=null}, InsetsSource: {e9af0005 mType=mandatorySystemGestures mFrame=[0,0][1080,114] mVisible=true mFlags= mSideHint=TOP mBoundingRects=null}, InsetsSource: {e9af0006 mType=tappableElement mFrame=[0,0][1080,80] mVisible=true mFlags= mSideHint=TOP mBoundingRects=null}, InsetsSource: {27 mType=displayCutout mFrame=[0,0][1080,80] mVisible=true mFlags= mSideHint=TOP mBoundingRects=null}, InsetsSource: {26ed0001 mType=navigationBars mFrame=[0,2298][1080,2340] mVisible=true mFlags=SUPPRESS_SCRIM mSideHint=BOTTOM mBoundingRects=null}, InsetsSource: {26ed0004 mType=systemGestures mFrame=[0,0][84,2340] mVisible=true mFlags= mSideHint=LEFT mBoundingRects=null}, InsetsSource: {26ed0005 mType=mandatorySystemGestures mFrame=[0,2250][1080,2340] mVisible=true mFlags= mSideHint=BOTTOM mBoundingRects=null}, InsetsSource: {26ed0006 mType=tappableElement mFrame=[0,0][0,0] mVisible=true mFlags= mSideHint=NONE mBoundingRects=null}, InsetsSource: {26ed0024 mType=systemGestures mFrame=[996,0][1080,2340] mVisible=true mFlags= mSideHint=RIGHT mBoundingRects=null} }
03-02 00:56:50.176  1484  2000 I AudioFlinger: updateStageIndex new -2102
03-02 00:56:50.176  2746  2808 I VRI[debug]@2a7e919: onActiveControlsChanged, removed=false, mAdded=true, caller=android.view.ViewRootImpl.handleInsetsControlChanged:3002 android.view.ViewRootImpl.setView:2014 android.view.WindowManagerGlobal.addView:604 com.android.wm.shell.startingsurface.SplashscreenWindowCreator.addWindow:38 com.android.wm.shell.startingsurface.StartingWindowController$$ExternalSyntheticLambda4.run:1365
03-02 00:56:50.176  2746  2808 I VRI[debug]@2a7e919: synced displayState. AttachInfo displayState=2
03-02 00:56:50.176  2746  2808 I VRI[debug]@2a7e919: setView = android.widget.FrameLayout@4c4fdd5 IsHRR=false mFlingFrameRateChange=0 TM=true
03-02 00:56:50.177  1427  1427 D Zygote  : Forked child process 17386
03-02 00:56:50.178  2013  2013 D AudioPlayerStateMonitor: Found a new active media playback. AudioPlaybackConfiguration piid:92751 deviceIds:[] type:android.media.AudioTrack u/pid:10350/14885 state:started attr:AudioAttributes: usage=USAGE_MEDIA content=CONTENT_TYPE_UNKNOWN flags=0xA00 tags= bundle=null sessionId:126041 mutedState:none  FormatInfo{isSpatialized=false, channelMask=0x0, sampleRate=0}
03-02 00:56:50.178  2746  2870 D HWUI    : HWUI - treat SMPTE_170M as sRGB
03-02 00:56:50.186  1439  1541 D MTKAdapterStreamLayer: updateMetadataCommon(),
03-02 00:56:50.186  1484  2000 D NativePermissionController: checkPermission: missing 13 for 10350
03-02 00:56:50.187 14885 15555 W ByteVC2_dec: decoder [info]: BVC2: decoder flush, ctx = 0x6f9e9cd840
03-02 00:56:50.188 14885 15555 W ByteVC2_dec: decoder [info]: BVC2: decoder destroy, ctx = 0x6f9e9cd840
03-02 00:56:50.190 14885 15555 W [mammon]android-14.91.3-mt: [mammon]android-14.91.3-mt[SAMICORE: uploadTackerData@loudness_strategy_graph.cpp,2473] business_tag_: default, business_subtag_: homepage_hot.
03-02 00:56:50.191  2013  2013 D MediaSessionService: Audio playback is changed, config=AudioPlaybackConfiguration piid:92751 deviceIds:[] type:android.media.AudioTrack u/pid:10350/14885 state:started attr:AudioAttributes: usage=USAGE_MEDIA content=CONTENT_TYPE_UNKNOWN flags=0xA00 tags= bundle=null sessionId:126041 mutedState:none  FormatInfo{isSpatialized=false, channelMask=0x0, sampleRate=0}, removed=false
03-02 00:56:50.192  1484  2000 D NativePermissionController: checkPermission: missing 13 for 10350
03-02 00:56:50.193  1484  2000 D NativePermissionController: checkPermission: missing 13 for 10350
03-02 00:56:50.194  1484  1566 D NativePermissionController: checkPermission: missing 13 for 10350
03-02 00:56:50.194 14885 16304 D AudioTrack: stop(13561): called with 0 frames delivered
03-02 00:56:50.197  2013  2013 D MediaSessionStack: updateMediaButtonSessionIfNeeded, callers=com.android.server.media.AudioPlayerStateMonitor$MessageHandler.handleMessage:19 android.os.Handler.dispatchMessage:110
03-02 00:56:50.198  2013  2844 W ParceledListSlice: Element #29 is 21544 bytes.
03-02 00:56:50.203  2013  4759 D InputDispatcher: Focused application(0): ActivityRecord{252681117 u0 com.podcast.app.debug/androidx.activity.ComponentActivity t44838}
03-02 00:56:50.205  2013  2013 D MediaSessionStack: updateMediaButtonSessionIfNeeded, skipping uid=10350
03-02 00:56:50.205  2013  2013 D MediaSessionStack: updateMediaButtonSessionIfNeeded, skipping uid=10342
03-02 00:56:50.205  2013  2013 D MediaSessionStack: updateMediaButtonSessionIfNeeded, skipping uid=10317
03-02 00:56:50.205  2013  2013 D MediaSessionStack: updateMediaButtonSessionIfNeeded, skipping uid=10672
03-02 00:56:50.206  2013  2013 D MediaSessionService: Audio playback is changed, config=AudioPlaybackConfiguration piid:92751 deviceIds:[3] type:android.media.AudioTrack u/pid:10350/14885 state:released attr:AudioAttributes: usage=USAGE_MEDIA content=CONTENT_TYPE_UNKNOWN flags=0xA00 tags= bundle=null sessionId:126041 mutedState:none  FormatInfo{isSpatialized=false, channelMask=0x3, sampleRate=44100}, removed=false
03-02 00:56:50.209  2013  4903 D GraphicsStatsService: requestRenderEngineFor(com.podcast.app.debug)
03-02 00:56:50.209 17121 17121 D HWUI    : HWUI - treat SMPTE_170M as sRGB
03-02 00:56:50.213 17386 17386 I .android.chrome: Using CollectorTypeCMC GC.
03-02 00:56:50.214  2013  2013 D MediaSessionStack: updateMediaButtonSessionIfNeeded, callers=com.android.server.media.AudioPlayerStateMonitor$MessageHandler.handleMessage:19 android.os.Handler.dispatchMessage:110
03-02 00:56:50.214  2013  2013 D MediaSessionStack: updateMediaButtonSessionIfNeeded, skipping uid=10350
03-02 00:56:50.215  2013  2013 D MediaSessionStack: updateMediaButtonSessionIfNeeded, skipping uid=10342
03-02 00:56:50.215  2013  2013 D MediaSessionStack: updateMediaButtonSessionIfNeeded, skipping uid=10317
03-02 00:56:50.215  2013  2013 D MediaSessionStack: updateMediaButtonSessionIfNeeded, skipping uid=10672
03-02 00:56:50.215  2746  3671 D SoundCraft.PlayingAudioConditionHandler: onPlaybackConfigChanged : lastStartedPackageName=com.zhiliaoapp.musically, lastStartedUid=10350, newStartedUid=10350, newStartPackageName=com.zhiliaoapp.musically, thread=Thread[RoutineHandlerThread,5,main]
03-02 00:56:50.216  2746  3671 D SoundCraft.PlayingAudioConditionHandler: onPlaybackConfigChanged : lastStartedPackageName=com.zhiliaoapp.musically, lastStartedUid=10350, newStartedUid=10350, newStartPackageName=com.zhiliaoapp.musically, thread=Thread[RoutineHandlerThread,5,main]
03-02 00:56:50.216  2746  3671 D SoundCraft.PlayingAudioConditionHandler: onPlaybackConfigChanged : lastStartedPackageName=com.zhiliaoapp.musically, lastStartedUid=10350, newStartedUid=10350, newStartPackageName=com.zhiliaoapp.musically, thread=Thread[RoutineHandlerThread,5,main]
03-02 00:56:50.216  2746  3671 D SoundCraft.PlayingAudioConditionHandler: onPlaybackConfigChanged : lastStartedPackageName=com.zhiliaoapp.musically, lastStartedUid=10350, newStartedUid=10350, newStartPackageName=com.zhiliaoapp.musically, thread=Thread[RoutineHandlerThread,5,main]
03-02 00:56:50.216  2746  3671 D SoundCraft.PlayingAudioConditionHandler: onPlaybackConfigChanged : lastStartedPackageName=com.zhiliaoapp.musically, lastStartedUid=10350, newStartedUid=10350, newStartPackageName=com.zhiliaoapp.musically, thread=Thread[RoutineHandlerThread,5,main]
03-02 00:56:50.218 14885 17071 W mediavcn: <0x0,VCNHttpParser.cpp,httpParserGetSocketBufferAvailableSize,2818>get fioread value:4186 off:211988 endoff:314713 filesize:8318851
03-02 00:56:50.221  1507  1507 I SurfaceFlinger: [LayerHierarchy{RequestedLayerState{ImeContainer#15 parentId=147902 relativeParentId=147902 z=1} 1 children}] RelativeParent to null
03-02 00:56:50.222  1507  1507 I SurfaceFlinger: [8a489c5 Splash Screen com.podcast.app.debug#155237] attach to parent LayerHierarchy{RequestedLayerState{ActivityRecord{252681117 u0 com.podcast.app.debug/androidx.activity.ComponentActivity t44838}#155236 parentId=155235} 1 children}
03-02 00:56:50.223 17121 17389 D HWUI    : CacheManager constructor. deviceInfo=(1080, 1920)
03-02 00:56:50.223 17121 17389 D libMEOW : meow new tls: 0xb4000078384b7840
03-02 00:56:50.224 17121 17389 D libMEOW : meow reload base cfg path: na
03-02 00:56:50.224 17121 17389 D libMEOW : meow reload overlay cfg path: na
03-02 00:56:50.224 17121 17389 D libMEOW : applied 0 plugin for [com.podcast.app.debug].
03-02 00:56:50.224 17121 17389 I mali    : Successfully parsed 2 environment variable(s) from /vendor/etc/mali_platform.config.
03-02 00:56:50.225 17121 17389 I mali    : Successfully parsed 2 environment variable(s) from /vendor/etc/mali_platform.config.
03-02 00:56:50.230  1507  1825 I SurfaceFlinger: Capture layer list: 	 com.zhiliaoapp.musically/com.ss.android.ugc.aweme.splash.SplashActivity$_14885#155211(seamlessTransition:0)
03-02 00:56:50.231  2013  2253 I WindowManager: Relayout Window{8a489c5 u0 Splash Screen com.podcast.app.debug}: viewVisibility=0 req=1080x2340 ty=3 d0
03-02 00:56:50.231  1507  1845 D SurfaceFlinger: [input] setFocusedWindow: <null>
03-02 00:56:50.231  1507  1845 D SurfaceFlinger: updateWinowInfo=1, setFocusedWindow timestamp=491089213779654, windowName=<null>
03-02 00:56:50.231  1484  1816 V APM_AudioPolicyManager: stopOutput portId 13561
03-02 00:56:50.232  1484  1816 V APM_AudioPolicyManager: stopOutput() output 21, stream 3, session 126041
03-02 00:56:50.232  1484  1816 V APM_AudioPolicyManager: setBeaconMute(1) mBeaconMuteRefCount=9 mBeaconPlayingRefCount=0
03-02 00:56:50.232  1484  1816 V APM_AudioPolicyManager: selectOutputForMusicEffects activeOnly 1 output 21 flags 0x00000008
03-02 00:56:50.232  1484  1816 V APM_AudioPolicyManager: selectOutputForMusicEffects selected output 21
03-02 00:56:50.232  1484  1816 V APM_AudioPolicyManager: releaseOutput portId 13561
03-02 00:56:50.232  1484  1816 V APM_AudioPolicyManager: releaseOutput() 21
03-02 00:56:50.233  2013  3648 D InputDispatcher: Focus left window (0): cd2d6b5 com.zhiliaoapp.musically/com.ss.android.ugc.aweme.splash.SplashActivity
03-02 00:56:50.234  1439  1541 D MTKAdapterStreamLayer: updateMetadataCommon(),
03-02 00:56:50.235 14885 14885 I ImeFocusController: onPreWindowFocus: skipped hasWindowFocus=false mHasImeFocus=true
03-02 00:56:50.235  1445  2902 W C2MtkBufferManager: [0xB4000070F507E520] fetchNewCcBlock: wait fence 0x0xb4000070f5058270 timed out. ret 110
03-02 00:56:50.235 14885 14885 I System.out: SAFActivity V Scene Framework: NavigationSceneManager onWindowFocusChanged false
03-02 00:56:50.235 14885 14885 I ImeFocusController: onPostWindowFocus: skipped hasWindowFocus=false mHasImeFocus=true
03-02 00:56:50.236 17386 17386 D nativeloader: Load libframework-connectivity-tiramisu-jni.so using APEX ns com_android_tethering for caller /apex/com.android.tethering/javalib/framework-connectivity-t.jar: ok
03-02 00:56:50.238  1507  2393 I SurfaceFlinger: id=155238 createSurf, flag=44004, Splash Screen com.podcast.app.debug$_2746#155238
03-02 00:56:50.238  2013  4757 D InputDispatcher: Once focus requested (0): <null>
03-02 00:56:50.241 17386 17386 D ActivityThread: setConscryptValidator
03-02 00:56:50.241 17386 17386 D ActivityThread: setConscryptValidator - put
03-02 00:56:50.242  2013  2013 D MediaSessionService: Audio playback is changed, config=AudioPlaybackConfiguration piid:92743 deviceIds:[3] type:android.media.AudioTrack u/pid:10350/14885 state:paused attr:AudioAttributes: usage=USAGE_MEDIA content=CONTENT_TYPE_UNKNOWN flags=0xA00 tags= bundle=null sessionId:126033 mutedState:none  FormatInfo{isSpatialized=false, channelMask=0x3, sampleRate=44100}, removed=false
03-02 00:56:50.242  2013  2013 D MediaSessionStack: updateMediaButtonSessionIfNeeded, callers=com.android.server.media.AudioPlayerStateMonitor$MessageHandler.handleMessage:19 android.os.Handler.dispatchMessage:110
03-02 00:56:50.242  2013  2013 D MediaSessionStack: updateMediaButtonSessionIfNeeded, skipping uid=10350
03-02 00:56:50.242  2013  2013 D MediaSessionStack: updateMediaButtonSessionIfNeeded, skipping uid=10342
03-02 00:56:50.242  2013  2013 D MediaSessionStack: updateMediaButtonSessionIfNeeded, skipping uid=10317
03-02 00:56:50.242  2013  2013 D MediaSessionStack: updateMediaButtonSessionIfNeeded, skipping uid=10672
03-02 00:56:50.243  1507  1507 I SurfaceFlinger: [Splash Screen com.podcast.app.debug$_2746#155238] attach to parent LayerHierarchy{RequestedLayerState{8a489c5 Splash Screen com.podcast.app.debug#155237 parentId=155236} 1 children}
03-02 00:56:50.246  1507  1507 I BufferQueueProducer: [com.zhiliaoapp.musically/com.ss.android.ugc.aweme.splash.SplashActivity$_14885#155211](this:0xb400007a1c76a638,id:-1,api:0,p:-1,c:1507) queueBuffer: fps=3.87 dur=1034.31 max=322.91 min=101.02
03-02 00:56:50.246  2746  3671 D SoundCraft.PlayingAudioConditionHandler: onPlaybackConfigChanged : lastStartedPackageName=com.zhiliaoapp.musically, lastStartedUid=10350, newStartedUid=-1, newStartPackageName=null, thread=Thread[RoutineHandlerThread,5,main]
03-02 00:56:50.247 16938 17087 I Routine@Core[4.9.04.16]: MetaUpdater: updateMeta: newMeta=appfunction://com.samsung.android.app.reminder.data.crossappactions#TaskFunctions_showTask(id=-1)
03-02 00:56:50.248 16938 17087 I Routine@Core[4.9.04.16]: MetaUpdater: updateMeta: newMeta=appfunction://com.sec.android.app.clockpackage.crossappactions#StopwatchCrossAppFunctions_stopStopwatch(id=-1)
03-02 00:56:50.249 16938 17087 I Routine@Core[4.9.04.16]: MetaUpdater: updateMeta: newMeta=appfunction://com.sec.android.app.clockpackage.crossappactions#AlarmCrossAppActions_createAlarm(id=-1)
03-02 00:56:50.249  2013  2253 I WindowManager: Relayout hash=8a489c5, pid=2746, syncId=-1: mAttrs={(0,0)(fillxfill) sim={adjust=pan} layoutInDisplayCutoutMode=always ty=APPLICATION_STARTING fmt=TRANSLUCENT wanim=0x1030317
03-02 00:56:50.249  2013  2253 I WindowManager:   fl=81030118
03-02 00:56:50.249  2013  2253 I WindowManager:   pfl=10000810
03-02 00:56:50.249  2013  2253 I WindowManager:   bhv=1
03-02 00:56:50.249  2013  2253 I WindowManager:   fitSides=0
03-02 00:56:50.249  2013  2253 I WindowManager:   frameRateBoostOnTouch=true
03-02 00:56:50.249  2013  2253 I WindowManager:   dvrrWindowFrameRateHint=true naviIconColor=0}
03-02 00:56:50.250 16938 17087 I Routine@Core[4.9.04.16]: MetaUpdater: updateMeta: newMeta=appfunction://com.sec.android.app.clockpackage.crossappactions#AlarmCrossAppActions_updateAlarm(id=-1)
03-02 00:56:50.251 16938 17087 I Routine@Core[4.9.04.16]: MetaUpdater: updateMeta: newMeta=appfunction://com.sec.android.app.clockpackage.crossappactions#StopwatchCrossAppFunctions_resetStopwatch(id=-1)
03-02 00:56:50.252  2746  2808 I InsetsController: onStateChanged: host=Splash Screen com.podcast.app.debug, from=android.view.ViewRootImpl.onInsetsStateChanged:3026, state=InsetsState: {mDisplayFrame=Rect(0, 0 - 1080, 2340), mDisplayCutout=DisplayCutout{insets=Rect(0, 80 - 0, 0) waterfall=Insets{left=0, top=0, right=0, bottom=0} boundingRect={Bounds=[Rect(0, 0 - 0, 0), Rect(472, 0 - 608, 80), Rect(0, 0 - 0, 0), Rect(0, 0 - 0, 0)]} cutoutPathParserInfo={CutoutPathParserInfo{displayWidth=1080 displayHeight=2340 physicalDisplayWidth=1080 physicalDisplayHeight=2340 density={2.8125} cutoutSpec={M 0,0 H -24.177777778 V 28.4444444444 H 24.177777778 V 0 H 0 Z @dp} rotation={0} scale={1.0} physicalPixelDisplaySizeRatio={1.0}}} sideOverrides={}}, mRoundedCorners=RoundedCorners{[RoundedCorner{position=TopLeft, radius=113, center=Point(113, 113)}, RoundedCorner{position=TopRight, radius=113, center=Point(967, 113)}, RoundedCorner{position=BottomRight, radius=113, center=Point(967, 2227)}, RoundedCorner{position=BottomLeft, radius=113, center=Point(113, 2227)}]}  mRoundedCornerFrame=Rect(0, 0 - 1080, 2340), mPrivacyIndicatorBounds=PrivacyIndicatorBounds {static bounds=Rect(956, 0 - 1080, 80) rotation=0}, mDisplayShape=DisplayShape{ spec=-311912193 displayWidth=1080 displayHeight=2340 physicalPixelDisplaySizeRatio=1.0 rotation=0 offsetX=0 offsetY=0 scale=1.0}, mSources= { InsetsSource: {e9af0000 mType=statusBars mFrame=[0,0][1080,80] mVisible=true mFlags= mSideHint=TOP mBoundingRects=null}, InsetsSource: {e9af0005 mType=mandatorySystemGestures mFrame=[0,0][1080,114] mVisible=true mFlags= mSideHint=TOP mBoundingRects=null}, InsetsSource: {e9af0006 mType=tappableElement mFrame=[0,0][1080,80] mVisible=true mFlags= mSideHint=TOP mBoundingRects=null}, InsetsSource: {3 mType=ime mFrame=[0,0][0,0] mVisible=false mFlags= mSideHint=NONE mBoundingRects=null}, InsetsSource: {27 mType=displayCutout mFrame=[0,0][1080,80] mVisible=true mFlags= mSideHint=TOP mBoundingRects=null}, InsetsSource: {26ed0001 mType=navigationBars mFrame=[0,2298][1080,2340] mVisible=true mFlags=SUPPRESS_SCRIM mSideHint=BOTTOM mBoundingRects=null}, InsetsSource: {26ed0004 mType=systemGestures mFrame=[0,0][84,2340] mVisible=true mFlags= mSideHint=LEFT mBoundingRects=null}, InsetsSource: {26ed0005 mType=mandatorySystemGestures mFrame=[0,2250][1080,2340] mVisible=true mFlags= mSideHint=BOTTOM mBoundingRects=null}, InsetsSource: {26ed0006 mType=tappableElement mFrame=[0,0][0,0] mVisible=true mFlags= mSideHint=NONE mBoundingRects=null}, InsetsSource: {26ed0024 mType=systemGestures mFrame=[996,0][1080,2340] mVisible=true mFlags= mSideHint=RIGHT mBoundingRects=null} }
03-02 00:56:50.252 16938 17087 I Routine@Core[4.9.04.16]: MetaUpdater: updateMeta: newMeta=appfunction://com.sec.android.app.clockpackage.crossappactions#AlarmCrossAppActions_findAlarms(id=-1)
03-02 00:56:50.253  2746  2808 I VRI[debug]@2a7e919: onActiveControlsChanged, removed=false, mAdded=true, caller=android.view.ViewRootImpl.handleInsetsControlChanged:3002 android.view.ViewRootImpl.relayoutWindow:11629 android.view.ViewRootImpl.performTraversals:4804 android.view.ViewRootImpl.doTraversal:3924 android.view.ViewRootImpl$TraversalRunnable.run:12903
03-02 00:56:50.253 16938 17087 I Routine@Core[4.9.04.16]: MetaUpdater: updateMeta: newMeta=appfunction://com.sec.android.app.clockpackage.crossappactions#StopwatchCrossAppFunctions_startStopwatch(id=-1)
03-02 00:56:50.254 16938 17087 I Routine@Core[4.9.04.16]: MetaUpdater: updateMeta: newMeta=appfunction://com.samsung.android.gallery.crossapp.function#PhotoFunctions_findMediaItems(id=-1)
03-02 00:56:50.255  2746  2808 D BufferQueueConsumer: [](id:aba00001df4,api:0,p:-1,c:2746) connect: controlledByApp=false
03-02 00:56:50.255 16938 17087 I Routine@Core[4.9.04.16]: MetaUpdater: updateMeta: newMeta=appfunction://com.samsung.android.app.calendar.crossapp#CrossAppEvent_findEvents(id=-1)
03-02 00:56:50.257 16938 17087 I Routine@Core[4.9.04.16]: MetaUpdater: updateMeta: newMeta=appfunction://com.samsung.android.app.calendar.crossapp#CrossAppEvent_createEvent(id=-1)
03-02 00:56:50.258 16938 17087 I Routine@Core[4.9.04.16]: MetaUpdater: updateMeta: newMeta=appfunction://com.samsung.android.app.calendar.crossapp#CrossAppEvent_updateEvent(id=-1)
03-02 00:56:50.259 16938 17087 I Routine@Core[4.9.04.16]: MetaUpdater: updateMeta: newMeta=appfunction://com.samsung.android.app.calendar.crossapp#CrossAppEvent_showEvent(id=-1)
03-02 00:56:50.261 16938 17087 I Routine@Core[4.9.04.16]: MetaUpdater: updateMeta: newMeta=appfunction://com.samsung.android.app.reminder.data.crossappactions#TaskFunctions_updateTask(id=-1)
03-02 00:56:50.262 16938 17087 I Routine@Core[4.9.04.16]: MetaUpdater: updateMeta: newMeta=appfunction://com.samsung.android.app.reminder.data.crossappactions#TaskFunctions_findTasks(id=-1)
03-02 00:56:50.262 16938 17087 I Routine@Core[4.9.04.16]: MetaUpdater: updateMeta: newMeta=appfunction://com.samsung.android.app.reminder.data.crossappactions#TaskFunctions_createTask(id=-1)
03-02 00:56:50.263  2746  2808 I BLASTBufferQueue: [VRI[debug]@2a7e919#7668](f:0,a:0,s:0) constructor()
03-02 00:56:50.264  2746  2808 I BLASTBufferQueue_Java: new BLASTBufferQueue, mName= VRI[debug]@2a7e919 mNativeObject= 0xb4000076ae318400 caller= android.view.ViewRootImpl.updateBlastSurfaceIfNeeded:3585 android.view.ViewRootImpl.relayoutWindow:11685 android.view.ViewRootImpl.performTraversals:4804 android.view.ViewRootImpl.doTraversal:3924 android.view.ViewRootImpl$TraversalRunnable.run:12903 android.view.Choreographer$CallbackRecord.run:1901 android.view.Choreographer$CallbackRecord.run:1910 android.view.Choreographer.doCallbacks:1367 android.view.Choreographer.doFrame:1292 android.view.Choreographer$FrameDisplayEventReceiver.run:1870
03-02 00:56:50.264  2746  2808 I BLASTBufferQueue_Java: update, w= 1080 h= 2340 mName = VRI[debug]@2a7e919 mNativeObject= 0xb4000076ae318400 sc.mNativeObject= 0xb40000772aec5d40 format= -3 caller= android.view.ViewRootImpl.updateBlastSurfaceIfNeeded:3590 android.view.ViewRootImpl.relayoutWindow:11685 android.view.ViewRootImpl.performTraversals:4804 android.view.ViewRootImpl.doTraversal:3924 android.view.ViewRootImpl$TraversalRunnable.run:12903 android.view.Choreographer$CallbackRecord.run:1901
03-02 00:56:50.264  2746  2808 I BLASTBufferQueue: [VRI[debug]@2a7e919#7668](f:0,a:0,s:0) update width=1080 height=2340 format=-3 mTransformHint=0
03-02 00:56:50.265   460   460 I hwservicemanager: getTransport: Cannot find entry android.hardware.configstore@1.0::ISurfaceFlingerConfigs/default in either framework or device VINTF manifest.
03-02 00:56:50.266 16938 17087 I Routine@Core[4.9.04.16]: MetaUpdater: updateMeta: newMeta=appfunction://com.samsung.android.support.senl.nt.app.main.appfunction#NoteFunctions_createNote(id=-1)
03-02 00:56:50.268 16938 17087 I Routine@Core[4.9.04.16]: MetaUpdater: updateMeta: newMeta=appfunction://com.samsung.android.support.senl.nt.app.main.appfunction#NoteFunctions_showNote(id=-1)
03-02 00:56:50.268  2746  2808 I VRI[debug]@2a7e919: Relayout returned: old=(0,0,1080,2340) new=(0,0,1080,2340) relayoutAsync=false req=(1080,2340)0 dur=73 res=0x3 s={true 0xb40000772ad67900} ch=true seqId=0
03-02 00:56:50.269 16938 17087 I Routine@Core[4.9.04.16]: MetaUpdater: updateMeta: newMeta=appfunction://com.samsung.android.support.senl.nt.app.main.appfunction#NoteFunctions_updateNote(id=-1)
03-02 00:56:50.272  1484  1921 D DlbEffectContext: setParam() received parameter EFFECT_PARAM_SEEK
03-02 00:56:50.272  1484  1921 D DlbEffectContext: handleSeek(seek operation starts, current profile is 2)
03-02 00:56:50.272  1484  1921 D DlbEffectContext: transformExternalGain() volume:0x0 fVol:0.000000 extVal:-2080
03-02 00:56:50.272  1484  1921 D DlbEndpointParamCache: commitChangedParams()
03-02 00:56:50.272  1484  1921 D DlbEndpointParamCache: commit() Applying parameters for device 0x40000000
03-02 00:56:50.272  1484  1921 D DlbDap2Process: setParam(preg = #1[-2080])
03-02 00:56:50.272  1484  1921 D DlbDap2Process: setSystemGain(vol = 0)
03-02 00:56:50.272  1484  1921 D DlbDap2Process: setParam(svol = #1[-2080])
03-02 00:56:50.272  1484  1921 D DlbEndpointParamCache: doCommit() Committed 2 parameters out of 15.
03-02 00:56:50.272  1484  1921 D DlbEndpointParamCache: commit() Overriding parameters for current device 0x00000002
03-02 00:56:50.272  1484  1921 D DlbEndpointParamCache: doCommit() Committed 0 parameters out of 60.
03-02 00:56:50.272  1484  1921 I SoundBoosterEffectPlus: SB_setVolume(0xb400007075106040)
03-02 00:56:50.272  1484  1921 I SoundBoosterEffectPlus: command EFFECT_CMD_SET_VOLUME left = 0.000000, right =0.000000
03-02 00:56:50.272  1484  1921 I SoundBooster_Interface2000_a64: BuffClear() mMode: 1
03-02 00:56:50.272  1484  1921 I SoundBoosterEffectPlus: SB_reset SoundBooster sessionId(-2102)
03-02 00:56:50.272  1484  1921 I SAG_EQ a64: SetVolumeFloat() inst_num [424238335] VolumeFloat [-100.000000] mModeFW [1] mMode [1]
03-02 00:56:50.272  1484  1921 I SAG_EQ a64: mIsVolumeTableValid yes
03-02 00:56:50.272  1484  1921 I SAG_EQ a64: SetVolume() VolumeIndexInt [1]
03-02 00:56:50.272  1439  1541 D MTKAdapterStreamLayer: updateMetadataCommon(),
03-02 00:56:50.273  1484  1921 I SoundBooster_Interface2000_a64: [AE_LOG] Exe() mMode : 1,  n : 2048    VolumeIndexFloat : -100.000000 mSamplingRate : 48000
03-02 00:56:50.274  1484  1921 I SoundBooster_Interface2000_a64: BuffClear_apply() mMode: 1
03-02 00:56:50.274  1484  1921 I SoundAlive_Interface_a64: [dB = -100.000000 ]
03-02 00:56:50.274 16938 17087 I Routine@Core[4.9.04.16]: MetaUpdater: updateMeta: newMeta=appfunction://com.samsung.android.support.senl.nt.app.main.appfunction#NoteFunctions_findNotes(id=-1)
03-02 00:56:50.276  2746  2808 I VRI[debug]@2a7e919: performConfigurationChange setNightDimText nightDimLevel=0
03-02 00:56:50.276  2746  2808 D VRI[debug]@2a7e919: mThreadedRenderer.initialize() mSurface={isValid=true 0xb40000772ad67900} hwInitialized=true
03-02 00:56:50.277  2746  2808 D VRI[debug]@2a7e919: reportNextDraw android.view.ViewRootImpl.performTraversals:5443 android.view.ViewRootImpl.doTraversal:3924 android.view.ViewRootImpl$TraversalRunnable.run:12903 android.view.Choreographer$CallbackRecord.run:1901 android.view.Choreographer$CallbackRecord.run:1910
03-02 00:56:50.277  2746  2808 D VRI[debug]@2a7e919: Setup new sync=wmsSync-VRI[debug]@2a7e919#51
03-02 00:56:50.277  2746  2808 I VRI[debug]@2a7e919: Creating new active sync group VRI[debug]@2a7e919#52
03-02 00:56:50.278 16938 17087 I Routine@Core[4.9.04.16]: SupportStateUpdater: update
03-02 00:56:50.283  2746  2808 D VRI[debug]@2a7e919: registerCallbacksForSync syncBuffer=false
03-02 00:56:50.286 16938 17087 I Routine@Core[4.9.04.16]: TASKD/ActionTaskAdapterFactoryImpl: getAdapter - metaId=appfunction://com.samsung.android.app.reminder.data.crossappactions#TaskFunctions_showTask(id=370)
03-02 00:56:50.287  2746  2866 D VRI[debug]@2a7e919: Received frameDrawingCallback syncResult=0 frameNum=1.
03-02 00:56:50.287  2746  2866 I VRI[debug]@2a7e919: mWNT: t=0xb40000771f55fd00 mBlastBufferQueue=0xb4000076ae318400 fn= 1 HdrRenderState mRenderHdrSdrRatio=1.0 caller= android.view.ViewRootImpl$12.onFrameDraw:15441 android.view.ThreadedRenderer$1.onFrameDraw:718 <bottom of call stack>
03-02 00:56:50.287  2746  2866 I VRI[debug]@2a7e919: Setting up sync and frameCommitCallback
03-02 00:56:50.275  2013  2675 D SemWifiTransportLayerMonitor.TcpMonitorHandler: MSG_SAVE_PACKAGE_INFO
03-02 00:56:50.287  2013  2675 D SemWifiTransportLayerFileManager: saveWifiPackageInfoToFile
03-02 00:56:50.289  2013  2675 D SemWifiTransportLayerFileManager: writeWifiPackageInfoList
03-02 00:56:50.295  2746  2870 I BLASTBufferQueue: [VRI[debug]@2a7e919#7668](f:0,a:0,s:0) onFrameAvailable the first frame is available
03-02 00:56:50.297  2746  2870 I BLASTBufferQueue: [VRI[debug]@2a7e919#7668](f:0,a:1,s:0) acquireNextBufferLocked size=1080x2340 mFrameNumber=1 applyTransaction=true mTimestamp=491089296654193(auto) mPendingTransactions.size=0 graphicBufferId=11793980283112 transform=0
03-02 00:56:50.297  2013  2600 D AS.MultiSoundManager: mForegroundUid = 10685
03-02 00:56:50.299  2746  2870 I VRI[debug]@2a7e919: Received frameCommittedCallback lastAttemptedDrawFrameNum=1 didProduceBuffer=true
03-02 00:56:50.303  2746  2870 D HWUI    : CFMS:: SetUp Pid : 2746    Tid : 2870
03-02 00:56:50.305  2746  2808 D VRI[debug]@2a7e919: reportDrawFinished seqId=0
03-02 00:56:50.308  1445  2902 W C2MtkBufferManager: [0xB4000070F507E520] fetchNewCcBlock: wait fence 0x0xb4000070f5058270 timed out. ret 110
03-02 00:56:50.310 17121 17121 D LifecycleMonitor: Lifecycle status change: androidx.activity.ComponentActivity@335998f in: PRE_ON_CREATE
03-02 00:56:50.310 17121 17121 V ActivityScenario: Activity lifecycle changed event received but ignored because the reported transition was not ON_CREATE while the last known transition was PRE_ON_CREATE
03-02 00:56:50.314 17121 17121 E dcast.app.debug: Invalid resource ID 0x00000000.
03-02 00:56:50.323  1507  1562 I SurfaceFlinger: id=155239 createSurf, flag=84004, Transition Root: Task=44838#155239
03-02 00:56:50.327 17121 17121 D CompatChangeReporter: Compat change id reported: 309578419; UID 10685; state: ENABLED
03-02 00:56:50.330 17121 17121 D DesktopModeFlags: Toggle override initialized to: OVERRIDE_UNSET
03-02 00:56:50.332  1446  1446 I SensorsHub: queueBatch: handle=1 period=50000000 timeout=0
03-02 00:56:50.332 10943 10943 I AudioPathManager: loadAudioPath() : loaded audio path is speaker (0)
03-02 00:56:50.332 10943 10943 I ModelUtil: isHighEndModel() : this model is SM-A155F
03-02 00:56:50.332 10943 10943 I EffectManager: isSupportDolbyAtmosOnThisAudioPath() : path is speaker (0)
03-02 00:56:50.332 10943 10943 I AudioPathManager: loadAudioPath() : loaded audio path is speaker (0)
03-02 00:56:50.332 10943 10943 I EffectManager: isSupportVolumeNormalizationOnCurrentAudioPath() : path is speaker (0)
03-02 00:56:50.332 10943 10943 I DVFSHelper: isNecessaryToBoostCPU() : isDolbyOn? false, isUHQUpscalerOn? false, isVoiceBoostOn? false, isVolumeNormalizationOn? false
03-02 00:56:50.333 14885 16404 D SensorManager: unregisterListener
03-02 00:56:50.333  2013  2068 I SurfaceControlRegistry: show, t=StartTransaction_SyncId<11219> sc=ActivityRecord{252681117 u0 com.podcast.app.debug/androidx.activity.ComponentActivity t44838}, caller=android.view.SurfaceControl$Transaction.show:3557 com.android.server.wm.Transition.onTransactionReady:2048 com.android.server.wm.BLASTSyncEngine$SyncGroup.finishNow:240 com.android.server.wm.BLASTSyncEngine.onSurfacePlacement:263 com.android.server.wm.RootWindowContainer.performSurfacePlacementNoTrace:1083 com.android.server.wm.WindowSurfacePlacer.performSurfacePlacement:166
03-02 00:56:50.336  1507  1825 I SurfaceFlinger: Capture layer list: 	 com.zhiliaoapp.musically/com.ss.android.ugc.aweme.splash.SplashActivity$_14885#155211(seamlessTransition:0)
03-02 00:56:50.337 17121 17121 I DecorView: setWindowBackground: isPopOver=false color=ff0f0f0f d=android.graphics.drawable.ColorDrawable@93d2b87
03-02 00:56:50.345  2746  2798 I SurfaceControlRegistry: hide, t=FinishTransaction_SyncId<11219> sc=Task=44543, caller=android.view.SurfaceControl$Transaction.hide:3583 com.android.wm.shell.transition.Transitions.dispatchReady:1263 com.android.wm.shell.transition.Transitions.onTransitionReady:251 com.android.wm.shell.transition.Transitions$TransitionPlayerImpl$$ExternalSyntheticLambda0.run:13 android.os.Handler.handleCallback:995 android.os.Handler.dispatchMessage:103
03-02 00:56:50.345  2746  2798 I SurfaceControlRegistry: show, t=StartTransaction_SyncId<11219> sc=Task=44838, caller=android.view.SurfaceControl$Transaction.show:3557 com.android.wm.shell.transition.Transitions.dispatchReady:1279 com.android.wm.shell.transition.Transitions.onTransitionReady:251 com.android.wm.shell.transition.Transitions$TransitionPlayerImpl$$ExternalSyntheticLambda0.run:13 android.os.Handler.handleCallback:995 android.os.Handler.dispatchMessage:103
03-02 00:56:50.346  2746  2798 I SurfaceControlRegistry: show, t=FinishTransaction_SyncId<11219> sc=Task=44838, caller=android.view.SurfaceControl$Transaction.show:3557 com.android.wm.shell.transition.Transitions.dispatchReady:1330 com.android.wm.shell.transition.Transitions.onTransitionReady:251 com.android.wm.shell.transition.Transitions$TransitionPlayerImpl$$ExternalSyntheticLambda0.run:13 android.os.Handler.handleCallback:995 android.os.Handler.dispatchMessage:103
03-02 00:56:50.346  2746  2798 I SurfaceControlRegistry: show, t=StartTransaction_SyncId<11219> sc=Transition Root: Task=44838, caller=android.view.SurfaceControl$Transaction.show:3557 com.android.wm.shell.transition.Transitions.playTransition:79 com.android.wm.shell.transition.Transitions.processReadyQueue:239 com.android.wm.shell.transition.Transitions.dispatchReady:1352 com.android.wm.shell.transition.Transitions.onTransitionReady:251 com.android.wm.shell.transition.Transitions$TransitionPlayerImpl$$ExternalSyntheticLambda0.run:13
03-02 00:56:50.348  2013  2068 D ScreenCapture: [Capture_TEST] : setIsScreenShotBySystem false
03-02 00:56:50.348  2013  2068 I SurfaceComposerClient: captureLayers:childrenOnly:1, sync:1
03-02 00:56:50.358 17121 17121 D LifecycleMonitor: Lifecycle status change: androidx.activity.ComponentActivity@335998f in: CREATED
03-02 00:56:50.359 17121 17121 V ActivityScenario: Update currentActivityStage to CREATED, currentActivity=androidx.activity.ComponentActivity@335998f
03-02 00:56:50.362  1507  2393 I SurfaceFlinger: Capture layer list: 	 Background for 68eb87 SurfaceView[com.zhiliaoapp.musically/com.ss.android.ugc.aweme.splash.SplashActivity]@0#155225(seamlessTransition:0)
03-02 00:56:50.362  1507  2393 I SurfaceFlinger: Capture layer list: 	 Background for 7086fb SurfaceView[com.zhiliaoapp.musically/com.ss.android.ugc.aweme.splash.SplashActivity]@0#155228(seamlessTransition:0)
03-02 00:56:50.362  1507  2393 I SurfaceFlinger: Capture layer list: 	 Background for 836459b SurfaceView[com.zhiliaoapp.musically/com.ss.android.ugc.aweme.splash.SplashActivity]@0#155231(seamlessTransition:0)
03-02 00:56:50.362  1507  2393 I SurfaceFlinger: Capture layer list: 	 68eb87 SurfaceView[com.zhiliaoapp.musically/com.ss.android.ugc.aweme.splash.SplashActivity]@0(BLAST)#155224(seamlessTransition:0)
03-02 00:56:50.362  1507  2393 I SurfaceFlinger: Capture layer list: 	 7086fb SurfaceView[com.zhiliaoapp.musically/com.ss.android.ugc.aweme.splash.SplashActivity]@0(BLAST)#155227(seamlessTransition:0)
03-02 00:56:50.362  1507  2393 I SurfaceFlinger: Capture layer list: 	 836459b SurfaceView[com.zhiliaoapp.musically/com.ss.android.ugc.aweme.splash.SplashActivity]@0(BLAST)#155230(seamlessTransition:0)
03-02 00:56:50.362  1507  2393 I SurfaceFlinger: Capture layer list: 	 com.zhiliaoapp.musically/com.ss.android.ugc.aweme.splash.SplashActivity$_14885#155211(seamlessTransition:0)
03-02 00:56:50.364  1507  1562 I SurfaceFlinger: id=155240 createSurf, flag=20004, DimTransitionLayer for Surface(name=Task=44838)/@0xf80128d#155240
03-02 00:56:50.364  1507  1568 E mali_winsys: Unrecognised Android chroma siting range: [2, 2]. Applying default
03-02 00:56:50.364 17121 17121 D LifecycleMonitor: Lifecycle status change: androidx.activity.ComponentActivity@335998f in: STARTED
03-02 00:56:50.364 17121 17121 V ActivityScenario: Update currentActivityStage to STARTED, currentActivity=androidx.activity.ComponentActivity@335998f
03-02 00:56:50.365  2746  2798 I SurfaceControlRegistry: show, t=StartTransaction_SyncId<11219> sc=DimTransitionLayer for Surface(name=Task=44838)/@0xf80128d, caller=android.view.SurfaceControl$Transaction.show:3557 com.android.wm.shell.transition.DefaultTransitionHandler.startAnimation:2837 com.android.wm.shell.transition.Transitions.dispatchTransition:90 com.android.wm.shell.transition.Transitions.playTransition:774 com.android.wm.shell.transition.Transitions.processReadyQueue:239 com.android.wm.shell.transition.Transitions.dispatchReady:1352
03-02 00:56:50.366  2746  2798 I SurfaceControlRegistry: apply, t=StartTransaction_SyncId<11219>, caller=android.view.SurfaceControl$Transaction.apply:3459 android.view.SurfaceControl$Transaction.apply:3447 android.view.SurfaceControl$Transaction.apply:3397 com.android.wm.shell.transition.DefaultTransitionHandler.startAnimation:3292 com.android.wm.shell.transition.Transitions.dispatchTransition:90 com.android.wm.shell.transition.Transitions.playTransition:774
03-02 00:56:50.377  1507  1507 I SurfaceFlinger: RequestedLayer [8a489c5 Splash Screen com.podcast.app.debug#155237] hidden!! flag  from(1) --> to(0)
03-02 00:56:50.377  1507  1507 I SurfaceFlinger: RequestedLayer [Splash Screen com.podcast.app.debug$_2746#155238] hidden!! flag  from(1) --> to(0)
03-02 00:56:50.377  1507  1507 I SurfaceFlinger: RequestedLayer [Task=44838#155235] hidden!! flag  from(1) --> to(0)
03-02 00:56:50.377  1507  1507 E SurfaceFlinger: alpha changed 1.000 -> 0.000 - Task=44838#155235
03-02 00:56:50.377  1507  1507 I SurfaceFlinger: RequestedLayer [Transition Root: Task=44838#155239] hidden!! flag  from(1) --> to(0)
03-02 00:56:50.377  1507  1507 I SurfaceFlinger: RequestedLayer [ActivityRecord{252681117 u0 com.podc[...]ity.ComponentActivity t44838}#155236] hidden!! flag  from(1) --> to(0)
03-02 00:56:50.377  1507  1507 I SurfaceFlinger: RequestedLayer [DimTransitionLayer for Surface(name=Task=44838)/@0xf80128d#155240] hidden!! flag  from(1) --> to(0)
03-02 00:56:50.377  1507  1507 E SurfaceFlinger: alpha changed 1.000 -> 0.000 - DimTransitionLayer for Surface(name=Task=44838)/@0xf80128d#155240
03-02 00:56:50.377  1507  1507 E SurfaceFlinger: alpha changed 0.000 -> 1.000 - Task=44838#155235
03-02 00:56:50.377  1507  1507 E SurfaceFlinger: alpha changed 0.000 -> 0.000 - DimTransitionLayer for Surface(name=Task=44838)/@0xf80128d#155240
03-02 00:56:50.377  1507  1507 I SurfaceFlinger: [LayerHierarchy{RequestedLayerState{Task=44543#147901 parentId=155239 z=2} 1 children}] reparent to LayerHierarchy{RequestedLayerState{Transition Root: Task=44838#155239 parentId=10 z=41} 1 children}
03-02 00:56:50.377  1507  1507 I SurfaceFlinger: [LayerHierarchy{RequestedLayerState{Task=44838#155235 parentId=155239 z=5} 1 children}] reparent to LayerHierarchy{RequestedLayerState{Transition Root: Task=44838#155239 parentId=10 z=41} 2 children}
03-02 00:56:50.377  1507  1507 I SurfaceFlinger: [Transition Root: Task=44838#155239] attach to parent LayerHierarchy{RequestedLayerState{DefaultTaskDisplayArea_d0#10 parentId=9} 44 children}
03-02 00:56:50.377  1507  1507 I SurfaceFlinger: [DimTransitionLayer for Surface(name=Task=44838)/@0xf80128d#155240] attach to parent LayerHierarchy{RequestedLayerState{Transition Root: Task=44838#155239 parentId=10 z=41} 3 children}
03-02 00:56:50.379 16938 17087 I Routine@Core[4.9.04.16]: AppFunctionsActionHandler: isSupported: supportStatus = SUPPORTED, tag = appfunction://com.samsung.android.app.reminder.data.crossappactions#TaskFunctions_showTask
03-02 00:56:50.379 17121 17121 D LifecycleMonitor: Lifecycle status change: androidx.activity.ComponentActivity@335998f in: RESUMED
03-02 00:56:50.379 17121 17121 V ActivityScenario: Update currentActivityStage to RESUMED, currentActivity=androidx.activity.ComponentActivity@335998f
03-02 00:56:50.382 17121 17121 D CompatChangeReporter: Compat change id reported: 352594277; UID 10685; state: ENABLED
03-02 00:56:50.383 16938 17087 I Routine@Core[4.9.04.16]: TASKD/ActionTaskAdapterFactoryImpl: getAdapter - metaId=appfunction://com.sec.android.app.clockpackage.crossappactions#StopwatchCrossAppFunctions_stopStopwatch(id=371)
03-02 00:56:50.383  1444  1461 I hwcomposer: [HWCLayer] (0 id:45498 setHwlayerType():839), pending release queue sp q2_45498, type 3 -> 0
03-02 00:56:50.383  1444  1461 D libcomposer_ext: DeviceImplAidl::DeviceClientContextAidl::NotifyHwcComposition()
03-02 00:56:50.384  1444  1461 D libcomposer_ext: DeviceImplAidl::DeviceClientContextAidl::NotifyHwcComposition()
03-02 00:56:50.384  1698  1698 D libcomposer_ext: ClientCallbackAidl::asyncPerform(12)
03-02 00:56:50.384  1698  1698 D libcomposer_ext: ClientImplAidl::ParseNotifyHwcComposition()
03-02 00:56:50.385  1507  1562 D libcomposer_ext: ClientCallbackAidl::asyncPerform(12)
03-02 00:56:50.385  1507  1562 D libcomposer_ext: ClientImplAidl::ParseNotifyHwcComposition()
03-02 00:56:50.385  1507  1562 D SurfaceFlinger: NotifyHwcComposition(), id 0, mode 1
03-02 00:56:50.385  1464  1492 I mtkpower@impl: [setMode] type:6, enabled:1
03-02 00:56:50.385  1464  1492 E mtkpower@impl: [setMode] unknown type
03-02 00:56:50.388  1445  2902 W C2MtkBufferManager: [0xB4000070F507E520] fetchNewCcBlock: wait fence 0x0xb4000070f5058270 timed out. ret 110
03-02 00:56:50.388  1507  1507 I BufferQueueProducer: [FramebufferSurface](this:0xb400007a458f0370,id:-1,api:1,p:1507,c:1507) queueBuffer: fps=0.16 dur=24831.20 max=23921.32 min=132.09
03-02 00:56:50.389  1444  1461 I hwcomposer: [HWCLayer] (0 id:45498 afterPresent():797), release queue sp q2_45498
03-02 00:56:50.389  1444  1461 I hwcomposer: [DBQ] (q2:0xb4000074f4d1cf00) Buffer queue is destroyed, m_id(45498)
03-02 00:56:50.389  1444  1461 I hwcomposer: [DBQ] (q2:0xb4000074f4d1cf00) ~DisplayBufferQueue(), m_id(45498), release buf
03-02 00:56:50.390  1444  1461 I hwcomposer: [DBQ] (q2:0xb4000074f4d1cf00) Free Slot(0), handle=0xb4000074f4c24ac0, 5054400 -> 0
03-02 00:56:50.390  1444  1461 I hwcomposer: [DBQ] (q2:0xb4000074f4d1cf00) Free Slot(1), handle=0xb4000074f4c23940, 5054400 -> 0
03-02 00:56:50.390  1444  1461 I hwcomposer: [DBQ] (q2:0xb4000074f4d1cf00) Free Slot(2), handle=0xb4000074f4c24840, 5054400 -> 0
03-02 00:56:50.395 13664 13690 W CrashLoopRemedyLog: unable to delete remedy log, instaCrash: true
03-02 00:56:50.397 17121 17121 D CompatChangeReporter: Compat change id reported: 349153669; UID 10685; state: ENABLED
03-02 00:56:50.399  1507  1507 E SurfaceFlinger: alpha changed 0.000 -> 0.013 - DimTransitionLayer for Surface(name=Task=44838)/@0xf80128d#155240
03-02 00:56:50.399  1507  1563 I SurfaceFlinger: id=155241 createSurf, flag=84000, 83ae247 ActivityRecordInputSink com.podcast.app.debug/androidx.activity.ComponentActivity#155241
03-02 00:56:50.400 17121 17121 I ViewRootImpl: dVRR is disabled
03-02 00:56:50.401 17121 17121 D HardwareRenderer: onDisplayChanged. displayId=0 current wxh=1080x2340 mLargest wxh=0x0
03-02 00:56:50.401 17121 17121 W HWUI    : Unknown dataspace 0
03-02 00:56:50.402  1439  1541 D MTKAdapterStreamLayer: updateMetadataCommon(),
03-02 00:56:50.402  1484  1816 V APM_AudioPolicyManager: stopOutput portId 13560
03-02 00:56:50.402  1484  1816 V APM_AudioPolicyManager: stopOutput() output 21, stream 3, session 126033
03-02 00:56:50.402  1484  1816 V APM_AudioPolicyManager: setBeaconMute(1) mBeaconMuteRefCount=8 mBeaconPlayingRefCount=0
03-02 00:56:50.402  1484  1816 V APM_AudioPolicyManager: getNewOutputDevices selected devices AUDIO_DEVICE_NONE
03-02 00:56:50.402  1484  1816 V APM_AudioPolicyManager: setOutputDevices caller stopSource[[portId:5][io:21, deep-buffer]] device AUDIO_DEVICE_NONE delayMs 170
03-02 00:56:50.402  1484  1816 V APM_AudioPolicyManager: setOutputDevices caller stopSource[[portId:5][io:21, deep-buffer]] setting same device AUDIO_DEVICE_NONE or null device, force=0, patch handle=11429
03-02 00:56:50.403 17121 17389 D HWUI    : setMaxSurfaceArea requested wxh=(1080,2340) requestedSurfaceArea(2527200) mMaxSurfaceArea(2073600)
03-02 00:56:50.403 17121 17121 D HardwareRenderer: Set largestWidth and largestHeight as logical resolution. (1080x2340)
03-02 00:56:50.404  1484  1816 W AudioFlinger: moveEffectChain_ll: effect chain for session 0 not on source thread 0xb400007066671a50
03-02 00:56:50.404  1484  1816 V APM_AudioPolicyManager: selectOutputForMusicEffects selected output 13
03-02 00:56:50.404 17121 17389 D NativeCustomFrequencyManager: [NativeCFMS] BpCustomFrequencyManager::BpCustomFrequencyManager()
03-02 00:56:50.410  2013  2065 D PkgPredictorService-SecIpmManagerServiceImpl: onForegroundActivitiesChanged pid:17121 uid:10685
03-02 00:56:50.413  1507  1507 D SurfaceFlinger: Display 4627039422300187648 HWC layers:
03-02 00:56:50.413  1507  1507 D SurfaceFlinger:   SOLID_COLOR |                        0 | 00000002 | N/A          |    0.0    0.0    0.0    0.0 |    0    0   -1   -1 | Background for 68eb87 SurfaceView[co[...]weme.splash.SplashActivity]@0#155225 (0)
03-02 00:56:50.413  1507  1507 D SurfaceFlinger:   SOLID_COLOR |                        0 | 00000002 | N/A          |    0.0    0.0    0.0    0.0 |    0    0   -1   -1 | Background for 7086fb SurfaceView[co[...]weme.splash.SplashActivity]@0#155228 (0)
03-02 00:56:50.413  1507  1507 D SurfaceFlinger:   SOLID_COLOR |                        0 | 00000002 | N/A          |    0.0    0.0    0.0    0.0 |    0    0   -1   -1 | Background for 836459b SurfaceView[c[...]weme.splash.SplashActivity]@0#155231 (0)
03-02 00:56:50.413  1507  1507 D SurfaceFlinger:        DEVICE |           63930588201254 | 00000102 | 0x32315659   |    0.0    0.0    0.0    0.0 |    0    0   -1   -1 | 68eb87 SurfaceView[com.zhiliaoapp.mu[...]lash.SplashActivity]@0(BLAST)#155224 (131)
03-02 00:56:50.413  1507  1507 D SurfaceFlinger:        CLIENT |           63930588201259 | 00000102 | 0x32315659   |   14.0    0.0  720.0 1280.0 |    0   80 1059 2000 | 7086fb SurfaceView[com.zhiliaoapp.mu[...]lash.Sp
03-02 00:56:50.413  1507  1507 D SurfaceFlinger: lashActivity]@0(BLAST)#155227 (145)
03-02 00:56:50.413  1507  1507 D SurfaceFlinger:        DEVICE |           63930588201318 | 00000102 | 0x32315659   |    0.0    0.0    0.0    0.0 |    0    0   -1   -1 | 836459b SurfaceView[com.zhiliaoapp.m[...]lash.SplashActivity]@0(BLAST)#155230 (1)
03-02 00:56:50.413  1507  1507 D SurfaceFlinger:        CLIENT |           63930588201001 | 00002100 | RGBA_8888    |   21.0    0.0 1080.0 2340.0 |    0    0 1080 2340 | com.zhiliaoapp.musically/com.ss.andr[...].splash.SplashActivity$_14885#155211 (272)
03-02 00:56:50.413  1507  1507 D SurfaceFlinger:   SOLID_COLOR |                        0 | 00000000 | N/A          |    0.0    0.0    0.0    0.0 |    0    0 1080 2340 | DimTransitionLayer for Surface(name=Task=44838)/@0xf80128d#155240 (0)
03-02 00:56:50.413  1507  1507 D SurfaceFlinger:        DEVICE |           11793980283112 | 00002100 | RGBA_8888    |    0.0    0.0   68.0 2340.0 | 1012    0 1080 2340 | Splash Screen com.podcast.app.debug$_2746#155238 (1)
03-02 00:56:50.413  1507  1507 D SurfaceFlinger:        DEVICE |           11793980281854 | 00002100 | RGBA_8888    |    0.0    0.0 1080.0   80.0 |    0    0 1080   80 | StatusBar$_2746#117 (210836)
03-02 00:56:50.413  1507  1507 D SurfaceFlinger:        DEVICE |           13752485304097 | 00002100 | RGBA_8888
03-02 00:56:50.413  1507  1507 D SurfaceFlinger:    |    0.0    0.0   67.0  346.0 | 1013  454 1080  800 | com.sec.android.app.launcher/com.sam[...].app.CocktailBarService$_3202#152779 (1)
03-02 00:56:50.413  1507  1507 D SurfaceFlinger:        DEVICE |           11793980283111 | 00002100 | RGBA_8888    |    0.0    0.0  229.0  724.0 |  851  551 1080 1275 | VolumePanelWindow$_2746#155234 (62)
03-02 00:56:50.413  1507  1507 D SurfaceFlinger:        DEVICE |           11793980281868 | 00002100 | RGBA_8888    |    0.0    0.0 1080.0  135.0 |    0 2205 1080 2340 | NavigationBar0$_2746#113 (187215)
03-02 00:56:50.413  1507  1507 D SurfaceFlinger:
