03-02 00:56:56.230  1444  1808 D MDP     : [PQSessionManager] getPQSessionListHandle id[a]
03-02 00:56:56.230  1444  1808 D MDP     : [PQSessionManager] getPQSessionListHandle, find id[a]
03-02 00:56:56.230  1444  1808 D PQ      : [PQHFGConfig] PQHFGConfig::isEnabled = 2
03-02 00:56:56.230  1444  1808 D MDP     : [PQSession] getDpPqConfig() id[a] enable[1], scenario[1]
03-02 00:56:56.230  1444  1808 D MDP     : [PQSession] getDpPqConfig() enSharp[1] enDC[0] enColor[0] enHDR[0] enHDRVivid[0] enUR[0] enReFocus[0] enCcorr[1] enDRE[0] enHFG[0] enAIPQ[0] enAISDR2HDR[0] enAIRegionPQ[0] mAdaptiveEnable[0]
03-02 00:56:56.230  1444  1808 D AAL     : [PQEngineInterface] DpEngineAALCongTile(0) MDP_aal_size = 36177152
03-02 00:56:56.230  1444  1808 D AAL     : [PQEngineInterface(1791345034)::MDP_AAL_output_offset = 0
03-02 00:56:56.230  1444  1808 D AAL     : [PQEngineInterface] DpEngineAALCongTile(0) MDP_AAL_output_size = 35652864
03-02 00:56:56.230  1444  1808 D AAL     : [PQEngineInterface] DpEngineAALCongTile(0) inTileXRight = 551, inTileXLeft = 0
03-02 00:56:56.230  1444  1808 D AAL     : [PQEngineInterface] DpEngineAALCongTile(0) inTileYBottom = 543, inTileYTop = 0
03-02 00:56:56.230  1444  1808 D AAL     : [PQEngineInterface] DpEngineAALCongTile(0) outTileXRight = 1279, outTileXLeft = 0
03-02 00:56:56.230  1444  1808 D AAL     : [PQEngineInterface] DpEngineAALCongTile(0) m_outTileYBottom = 1279, m_outTileYTop = 0
03-02 00:56:56.230  1444  1808 D MDP     : [PQSessionManager] PQSessionManager::getPQSession id[a]
03-02 00:56:56.230  1444  1808 D MDP     : [PQSessionManager] getPQSessionListHandle id[a]
03-02 00:56:56.230  1444  1808 D MDP     : [PQSessionManager] getPQSessionListHandle, find id[a]
03-02 00:56:56.230  1444  1808 D AAL     : [PQEngineInterface] DpEngineAALCongTile(0)cropOffset[X, Y]=[1, 0], crop[Wid, Hei]=[0, 720]
03-02 00:56:56.230  1444  1808 D MDP     : [PQSessionManager] PQSessionManager::getPQSession id[a]
03-02 00:56:56.230  1444  1808 D MDP     : [PQSessionManager] getPQSessionListHandle id[a]
03-02 00:56:56.230  1444  1808 D MDP     : [PQSessionManager] getPQSessionListHandle, find id[a]
03-02 00:56:56.231  1444  1808 D AAL     : [PQEngineInterface] DpEngineHDRConfigTile(0) outTileXLeft = 0, outTileXRight = 551
03-02 00:56:56.231  1444  1808 D AAL     : [PQEngineInterface] DpEngineHDRConfigTile(0) inTileXLeft = 0, inTileXRight = 551
03-02 00:56:56.231  1444  1808 D AAL     : [PQEngineInterface] DpEngineHDRConfigTile(0) HDR_out_start_x = 0, HDR_out_end_x = 551, src h: 552,v: 1280
03-02 00:56:56.231  1444  1808 D AAL     : [PQEngineInterface] DpEngineHDRConfigTile(0) HDR_hist_end_x = 0, HDR_hist_begin_x = 0
03-02 00:56:56.231  1444  1808 D AAL     : [PQEngineInterface] DpEngineHDRConfigTile(0) HDR_first_tile = 0, HDR_last_tile = 0
03-02 00:56:56.231  1444  1808 D AAL     : [PQEngineInterface] DpEngineHDRConfigTile(0) inFrameWidth = 720 , middlePosX = 0
03-02 00:56:56.231  1444  1808 D AAL     : [PQEngineInterface] DpEngineTDSHPConfigTile(0) InpSize: 274, 1920, OutSize: 274, 1920
03-02 00:56:56.231  1444  1808 D MDP     : [PQSessionManager] PQSessionManager::getPQSession id[a]
03-02 00:56:56.231  1444  1808 D MDP     : [PQSessionManager] getPQSessionListHandle id[a]
03-02 00:56:56.231  1444  1808 D MDP     : [PQSessionManager] getPQSessionListHandle, find id[a]
03-02 00:56:56.231  1444  1808 D PQ      : [PQHFGConfig] PQHFGConfig::isEnabled = 2
03-02 00:56:56.231  1444  1808 D MDP     : [PQSession] getDpPqConfig() id[a] enable[1], scenario[1]
03-02 00:56:56.231  1444  1808 D MDP     : [PQSession] getDpPqConfig() enSharp[1] enDC[0] enColor[0] enHDR[0] enHDRVivid[0] enUR[0] enReFocus[0] enCcorr[1] enDRE[0] enHFG[0] enAIPQ[0] enAISDR2HDR[0] enAIRegionPQ[0] mAdaptiveEnable[0]
03-02 00:56:56.231  1444  1808 D AAL     : [PQEngineInterface] DpEngineAALCongTile(0) MDP_aal_size = 12715264
03-02 00:56:56.231  1444  1808 D AAL     : [PQEngineInterface(1791345034)::MDP_AAL_output_offset = 0
03-02 00:56:56.231  1444  1808 D AAL     : [PQEngineInterface] DpEngineAALCongTile(0) MDP_AAL_output_size = 12190976
03-02 00:56:56.231  1444  1808 D AAL     : [PQEngineInterface] DpEngineAALCongTile(0) inTileXRight = 719, inTileXLeft = 526
03-02 00:56:56.231  1444  1808 D AAL     : [PQEngineInterface] DpEngineAALCongTile(0) inTileYBottom = 719, inTileYTop = 0
03-02 00:56:56.231  1444  1808 D AAL     : [PQEngineInterface] DpEngineAALCongTile(0) outTileXRight = 1279, outTileXLeft = 534
03-02 00:56:56.231  1444  1808 D AAL     : [PQEngineInterface] DpEngineAALCongTile(0) m_outTileYBottom = 1279, m_outTileYTop = 0
03-02 00:56:56.231  1444  1808 D MDP     : [PQSessionManager] PQSessionManager::getPQSession id[a]
03-02 00:56:56.231  1444  1808 D MDP     : [PQSessionManager] getPQSessionListHandle id[a]
03-02 00:56:56.231  1444  1808 D MDP     : [PQSessionManager] getPQSessionListHandle, find id[a]
03-02 00:56:56.231  1444  1808 D AAL     : [PQEngineInterface] DpEngineAALCongTile(0)cropOffset[X, Y]=[1, 0], crop[Wid, Hei]=[0, 720]
03-02 00:56:56.231  1444  1808 D MDP     : [PQSessionManager] PQSessionManager::getPQSession id[a]
03-02 00:56:56.231  1444  1808 D MDP     : [PQSessionManager] getPQSessionListHandle id[a]
03-02 00:56:56.231  1444  1808 D MDP     : [PQSessionManager] getPQSessionListHandle, find id[a]
03-02 00:56:56.231  1444  1808 D AAL     : [PQEngineInterface] DpEngineHDRConfigTile(0) outTileXLeft = 526, outTileXRight = 719
03-02 00:56:56.231  1444  1808 D AAL     : [PQEngineInterface] DpEngineHDRConfigTile(0) inTileXLeft = 526, inTileXRight = 719
03-02 00:56:56.231  1444  1808 D AAL     : [PQEngineInterface] DpEngineHDRConfigTile(0) HDR_out_start_x = 0, HDR_out_end_x = 193, src h: 194,v: 1280
03-02 00:56:56.231  1444  1808 D AAL     : [PQEngineInterface] DpEngineHDRConfigTile(0) HDR_hist_end_x = 0, HDR_hist_begin_x = 0
03-02 00:56:56.231  1444  1808 D AAL     : [PQEngineInterface] DpEngineHDRConfigTile(0) HDR_first_tile = 0, HDR_last_tile = 0
03-02 00:56:56.231  1444  1808 D AAL     : [PQEngineInterface] DpEngineHDRConfigTile(0) inFrameWidth = 720 , middlePosX = 0
03-02 00:56:56.231  1444  1808 D MDP     : [PQSessionManager] PQSessionManager::getPQSession id[a]
03-02 00:56:56.231  1444  1808 D MDP     : [PQSessionManager] getPQSessionListHandle id[a]
03-02 00:56:56.231  1444  1808 D MDP     : [PQSessionManager] getPQSessionListHandle, find id[a]
03-02 00:56:56.231  1444  1808 D MDP     : [PQSessionManager] PQSessionManager::getPQSession id[a]
03-02 00:56:56.231  1444  1808 D MDP     : [PQSessionManager] getPQSessionListHandle id[a]
03-02 00:56:56.231  1444  1808 D MDP     : [PQSessionManager] getPQSessionListHandle, find id[a]
03-02 00:56:56.236  1444  1809 D MDP     : [PQSessionManager] PQSessionManager::getPQSession id[a]
03-02 00:56:56.236  1444  1809 D MDP     : [PQSessionManager] getPQSessionListHandle id[a]
03-02 00:56:56.236  1444  1809 D MDP     : [PQSessionManager] getPQSessionListHandle, find id[a]
03-02 00:56:56.236  1444  1809 D MDP     : [PQSessionManager] findVideoID[f6840820] found on index a
03-02 00:56:56.237  1507  1568 E mali_winsys: Unrecognised Android chroma siting range: [2, 2]. Applying default
03-02 00:56:56.240  1444  1808 D MDP     : [PQSessionManager] findVideoID[f6840820] found on index a
03-02 00:56:56.240  1444  1808 D MDP     : [PQSessionManager] createPQSession(a) user(0xb4000074f4d46d80)
03-02 00:56:56.240  1444  1808 D MDP     : [PQSessionManager] Duplicated ID[a] found, please check if double createPQSession!
03-02 00:56:56.240  1444  1808 D MDP     : [PQSessionManager] getPQSessionListHandle id[a]
03-02 00:56:56.240  1444  1808 D MDP     : [PQSessionManager] getPQSessionListHandle, find id[a]
03-02 00:56:56.240  1444  1808 D MDP     : [PQSession] incRefCount id[a] user[0xb4000074f4d46d80] existed
03-02 00:56:56.240  1444  1808 D MDP     : [PQSession] incRefCount id[a] user[0xb4000074f4d46d80] numOfUser[1]
03-02 00:56:56.240  1444  1808 D MDP     : [PQSession] numElements[0] key[0] metaData[0]
03-02 00:56:56.240  1444  1808 D MDP     : [PQSession] setPQParam() id[a] enable[1], scenario[1]
03-02 00:56:56.240  1444  1808 D MDP     : [PQSession] video TS [5933]
03-02 00:56:56.240  1444  1808 D PQ      : PQDSConfig::getEnableStatus check1  time 0 ms
03-02 00:56:56.240  1444  1808 D PQ      : [PQDSConfig] PQDSConfig::getEnableStatus = 1
03-02 00:56:56.240  1444  1808 D PQ      : [PQDSConfig] m_TDSHPTableInit 1
03-02 00:56:56.240  1444  1808 D PQ      : [PQDSConfig] getAshmemContext(SHP_ENABLE) = 1
03-02 00:56:56.240  1444  1808 D PQ      : PQDSConfig::getEnableStatus check2  time 0 ms
03-02 00:56:56.240  1444  1808 D PQ      : [PQDSConfig] PQDSConfig::getUREnableStatus = 1
03-02 00:56:56.240  1444  1808 D MDP     : [PQSession] setDpPqConfig m_svp = 0, enDRE = 0
03-02 00:56:56.240  1444  1808 D MDP     : setPQParam globalPQSupport = [0] globalPQSwitch = [0] globalPQStrength = [0] globalPQType = [0]
03-02 00:56:56.240  1444  1808 D MDP     : [PQSession] setPQparam userId[0x0], scenario[1], enDRE[0]
03-02 00:56:56.240  1444  1808 D MDP     : [PQSession] getDpPqConfig() id[a] enable[1], scenario[1]
03-02 00:56:56.240  1444  1808 D MDP     : [PQSession] getDpPqConfig() enSharp[1] enDC[0] enColor[0] enHDR[0] enHDRVivid[0] enUR[0] enReFocus[0] enCcorr[1] enDRE[0] enHFG[0] enAIPQ[0] enAISDR2HDR[0] enAIRegionPQ[0] mAdaptiveEnable[0]
03-02 00:56:56.240  1444  1808 D MDP     : [PQSession] setPQDREParam userId[0x0] scenario[1] enDRE[0]
03-02 00:56:56.240  1444  1808 D MDP     : [PQSessionManager] findVideoID[f6840820] found on index a
03-02 00:56:56.240  1444  1808 D PQ_HDR  : DpAsyncBlit: job:(2070123 173) in:(720, 1280)[720 368] C8s P1.1.1.0.1, alpha 0, sec0 flush:0 Buffer 1035061: plane=3 bufVA={0xad,0xad,0xad} bufMVA={0x0,0x0,0x0} bufSize={0xe1000,0x39800,0x39800} proxy={0xb40000747320b500,0x0,0x0}fence=-1
03-02 00:56:56.240  1444  1808 D PQ_HDR  : DpAsyncBlit: out 0:(1072, 1920)[2176 0] C5 P1.1.1.0.1 R:0 F:0 S:1 A:0 HDR:0 COLOR:0 CCORR:1 sec0 flush:0 Buffer 1035061: plane=1 bufVA={0x96,0x0,0x0} bufMVA={0x0,0x0,0x0} bufSize={0x4db200,0x0,0x0} proxy={0xb40000747320b860,0x0,0x0}fence=198
03-02 00:56:56.240  1444  1808 D PQ_HDR  : DpAsyncBlit: crop 0:(5.0, 0.0, 715.0, 1280.0) compose:(0, 0, 1072, 1920)
03-02 00:56:56.240  1444  1808 D MDP     : [PQSessionManager] PQSessionManager::getPQSession id[a]
03-02 00:56:56.240  1444  1808 D MDP     : [PQSessionManager] getPQSessionListHandle id[a]
03-02 00:56:56.240  1444  1808 D MDP     : [PQSessionManager] getPQSessionListHandle, find id[a]
03-02 00:56:56.240  1444  1808 D MDP     : [PQSessionManager] PQSessionManager::getPQSession id[a]
03-02 00:56:56.240  1444  1808 D MDP     : [PQSessionManager] getPQSessionListHandle id[a]
03-02 00:56:56.240  1444  1808 D MDP     : [PQSessionManager] getPQSessionListHandle, find id[a]
03-02 00:56:56.241  1444  1808 D MDP     : PQSession:setPipeNum m_PipeNum[1] value[1] ID[a] DCPath[0] DCDone[0] addr[732261df]
03-02 00:56:56.241  1444  1808 D MDP     : [PQSession] getDpPqConfig() id[a] enable[1], scenario[1]
03-02 00:56:56.241  1444  1808 D MDP     : [PQSession] getDpPqConfig() enSharp[1] enDC[0] enColor[0] enHDR[0] enHDRVivid[0] enUR[0] enReFocus[0] enCcorr[1] enDRE[0] enHFG[0] enAIPQ[0] enAISDR2HDR[0] enAIRegionPQ[0] mAdaptiveEnable[0]
03-02 00:56:56.241  1444  1808 D PQ      : [PQRSZConfig] PQRSZConfig::getUREnableStatus = 1
03-02 00:56:56.241  1444  1808 D MDP     : [PQSessionManager] PQSessionManager::getPQSession id[a]
03-02 00:56:56.241  1444  1808 D MDP     : [PQSessionManager] getPQSessionListHandle id[a]
03-02 00:56:56.241  1444  1808 D MDP     : [PQSessionManager] getPQSessionListHandle, find id[a]
03-02 00:56:56.241  1444  1808 D AAL     : [PQEngineInterface] DpEngineTDSHPConfigFrame(0) pqSessionId = a
03-02 00:56:56.241  1444  1808 D MDP     : [PQSession] getDpPqConfig() id[a] enable[1], scenario[1]
03-02 00:56:56.241  1444  1808 D MDP     : [PQSession] getDpPqConfig() enSharp[1] enDC[0] enColor[0] enHDR[0] enHDRVivid[0] enUR[0] enReFocus[0] enCcorr[1] enDRE[0] enHFG[0] enAIPQ[0] enAISDR2HDR[0] enAIRegionPQ[0] mAdaptiveEnable[0]
03-02 00:56:56.241  1444  1808 D AAL     : [PQEngineInterface] DpEngineTDSHPConfigFrame(0) tdshpEnable(1) enSharp(1) enDC(0) enHFG(0)
03-02 00:56:56.241  1444  1808 D MDP     : PQSession:setPipeNum m_PipeNum[1] value[1] ID[a] DCPath[0] DCDone[0] addr[732261df]
03-02 00:56:56.241  1444  1808 D AAL     : [PQEngineInterface] DpEngineTDSHPConfigFrame(0) adl_enable = 0
03-02 00:56:56.241  1444  1808 D PQ      : [PQHFGConfig] PQHFGConfig::isEnabled = 2
03-02 00:56:56.241  1444  1808 D MDP     : [PQSession] getDpPqConfig() id[a] enable[1], scenario[1]
03-02 00:56:56.241  1444  1808 D MDP     : [PQSession] getDpPqConfig() enSharp[1] enDC[0] enColor[0] enHDR[0] enHDRVivid[0] enUR[0] enReFocus[0] enCcorr[1] enDRE[0] enHFG[0] enAIPQ[0] enAISDR2HDR[0] enAIRegionPQ[0] mAdaptiveEnable[0]
03-02 00:56:56.241  1444  1808 D AAL     : [PQEngineInterface] DpEngineTDSHPConfigFrame(0) hfg_enable = 0
03-02 00:56:56.241  1444  1808 D AAL     : PQEngineInterface] DpEngineTDSHPConfigFrame(0) shp_enable = 0
03-02 00:56:56.241  1444  1808 D MDP     : [PQSessionManager] PQSessionManager::getPQSession id[a]
03-02 00:56:56.241  1444  1808 D MDP     : [PQSessionManager] getPQSessionListHandle id[a]
03-02 00:56:56.241  1444  1808 D MDP     : [PQSessionManager] getPQSessionListHandle, find id[a]
03-02 00:56:56.241  1444  1808 D MDP     : [PQSession] getDpPqConfig() id[a] enable[1], scenario[1]
03-02 00:56:56.241  1444  1808 D MDP     : [PQSession] getDpPqConfig() enSharp[1] enDC[0] enColor[0] enHDR[0] enHDRVivid[0] enUR[0] enReFocus[0] enCcorr[1] enDRE[0] enHFG[0] enAIPQ[0] enAISDR2HDR[0] enAIRegionPQ[0] mAdaptiveEnable[0]
03-02 00:56:56.241  1444  1808 W AAL     : DpEngine_AAL: relay 1
03-02 00:56:56.241  1444  1808 D AAL     : [PQEngineInterface] DpEngineTDSHPConfigTile(0) InpSize: 801, 1920, OutSize: 801, 1920
03-02 00:56:56.241  1444  1808 D MDP     : [PQSessionManager] PQSessionManager::getPQSession id[a]
03-02 00:56:56.241  1444  1808 D MDP     : [PQSessionManager] getPQSessionListHandle id[a]
03-02 00:56:56.241  1444  1808 D MDP     : [PQSessionManager] getPQSessionListHandle, find id[a]
03-02 00:56:56.241  1444  1808 D PQ      : [PQHFGConfig] PQHFGConfig::isEnabled = 2
03-02 00:56:56.241  1444  1808 D MDP     : [PQSession] getDpPqConfig() id[a] enable[1], scenario[1]
03-02 00:56:56.241  1444  1808 D MDP     : [PQSession] getDpPqConfig() enSharp[1] enDC[0] enColor[0] enHDR[0] enHDRVivid[0] enUR[0] enReFocus[0] enCcorr[1] enDRE[0] enHFG[0] enAIPQ[0] enAISDR2HDR[0] enAIRegionPQ[0] mAdaptiveEnable[0]
03-02 00:56:56.241  1444  1808 D AAL     : [PQEngineInterface] DpEngineAALCongTile(0) MDP_aal_size = 36177152
03-02 00:56:56.241  1444  1808 D AAL     : [PQEngineInterface(1791345034)::MDP_AAL_output_offset = 0
03-02 00:56:56.241  1444  1808 D AAL     : [PQEngineInterface] DpEngineAALCongTile(0) MDP_AAL_output_size = 35652864
03-02 00:56:56.241  1444  1808 D AAL     : [PQEngineInterface] DpEngineAALCongTile(0) inTileXRight = 551, inTileXLeft = 0
03-02 00:56:56.241  1444  1808 D AAL     : [PQEngineInterface] DpEngineAALCongTile(0) inTileYBottom = 543, inTileYTop = 0
03-02 00:56:56.241  1444  1808 D AAL     : [PQEngineInterface] DpEngineAALCongTile(0) outTileXRight = 1279, outTileXLeft = 0
03-02 00:56:56.241  1444  1808 D AAL     : [PQEngineInterface] DpEngineAALCongTile(0) m_outTileYBottom = 1279, m_outTileYTop = 0
03-02 00:56:56.241  1444  1808 D MDP     : [PQSessionManager] PQSessionManager::getPQSession id[a]
03-02 00:56:56.241  1444  1808 D MDP     : [PQSessionManager] getPQSessionListHandle id[a]
03-02 00:56:56.241  1444  1808 D MDP     : [PQSessionManager] getPQSessionListHandle, find id[a]
03-02 00:56:56.241  1444  1808 D AAL     : [PQEngineInterface] DpEngineAALCongTile(0)cropOffset[X, Y]=[1, 0], crop[Wid, Hei]=[0, 720]
03-02 00:56:56.241  1444  1808 D MDP     : [PQSessionManager] PQSessionManager::getPQSession id[a]
03-02 00:56:56.241  1444  1808 D MDP     : [PQSessionManager] getPQSessionListHandle id[a]
03-02 00:56:56.241  1444  1808 D MDP     : [PQSessionManager] getPQSessionListHandle, find id[a]
03-02 00:56:56.241  1444  1808 D AAL     : [PQEngineInterface] DpEngineHDRConfigTile(0) outTileXLeft = 0, outTileXRight = 551
03-02 00:56:56.241  1444  1808 D AAL     : [PQEngineInterface] DpEngineHDRConfigTile(0) inTileXLeft = 0, inTileXRight = 551
03-02 00:56:56.241  1444  1808 D AAL     : [PQEngineInterface] DpEngineHDRConfigTile(0) HDR_out_start_x = 0, HDR_out_end_x = 551, src h: 552,v: 1280
03-02 00:56:56.241  1444  1808 D AAL     : [PQEngineInterface] DpEngineHDRConfigTile(0) HDR_hist_end_x = 0, HDR_hist_begin_x = 0
03-02 00:56:56.241  1444  1808 D AAL     : [PQEngineInterface] DpEngineHDRConfigTile(0) HDR_first_tile = 0, HDR_last_tile = 0
03-02 00:56:56.241  1444  1808 D AAL     : [PQEngineInterface] DpEngineHDRConfigTile(0) inFrameWidth = 720 , middlePosX = 0
03-02 00:56:56.242  1444  1808 D AAL     : [PQEngineInterface] DpEngineTDSHPConfigTile(0) InpSize: 272, 1920, OutSize: 272, 1920
03-02 00:56:56.242  1444  1808 D MDP     : [PQSessionManager] PQSessionManager::getPQSession id[a]
03-02 00:56:56.242  1444  1808 D MDP     : [PQSessionManager] getPQSessionListHandle id[a]
03-02 00:56:56.242  1444  1808 D MDP     : [PQSessionManager] getPQSessionListHandle, find id[a]
03-02 00:56:56.242  1444  1808 D PQ      : [PQHFGConfig] PQHFGConfig::isEnabled = 2
03-02 00:56:56.242  1444  1808 D MDP     : [PQSession] getDpPqConfig() id[a] enable[1], scenario[1]
03-02 00:56:56.242  1444  1808 D MDP     : [PQSession] getDpPqConfig() enSharp[1] enDC[0] enColor[0] enHDR[0] enHDRVivid[0] enUR[0] enReFocus[0] enCcorr[1] enDRE[0] enHFG[0] enAIPQ[0] enAISDR2HDR[0] enAIRegionPQ[0] mAdaptiveEnable[0]
03-02 00:56:56.242  1444  1808 D AAL     : [PQEngineInterface] DpEngineAALCongTile(0) MDP_aal_size = 12715264
03-02 00:56:56.242  1444  1808 D AAL     : [PQEngineInterface(1791345034)::MDP_AAL_output_offset = 0
03-02 00:56:56.242  1444  1808 D AAL     : [PQEngineInterface] DpEngineAALCongTile(0) MDP_AAL_output_size = 12190976
03-02 00:56:56.242  1444  1808 D AAL     : [PQEngineInterface] DpEngineAALCongTile(0) inTileXRight = 719, inTileXLeft = 526
03-02 00:56:56.242  1444  1808 D AAL     : [PQEngineInterface] DpEngineAALCongTile(0) inTileYBottom = 719, inTileYTop = 0
03-02 00:56:56.242  1444  1808 D AAL     : [PQEngineInterface] DpEngineAALCongTile(0) outTileXRight = 1279, outTileXLeft = 534
03-02 00:56:56.242  1444  1808 D AAL     : [PQEngineInterface] DpEngineAALCongTile(0) m_outTileYBottom = 1279, m_outTileYTop = 0
03-02 00:56:56.242  1444  1808 D MDP     : [PQSessionManager] PQSessionManager::getPQSession id[a]
03-02 00:56:56.242  1444  1808 D MDP     : [PQSessionManager] getPQSessionListHandle id[a]
03-02 00:56:56.242  1444  1808 D MDP     : [PQSessionManager] getPQSessionListHandle, find id[a]
03-02 00:56:56.242  1444  1808 D AAL     : [PQEngineInterface] DpEngineAALCongTile(0)cropOffset[X, Y]=[1, 0], crop[Wid, Hei]=[0, 720]
03-02 00:56:56.242  1444  1808 D MDP     : [PQSessionManager] PQSessionManager::getPQSession id[a]
03-02 00:56:56.242  1444  1808 D MDP     : [PQSessionManager] getPQSessionListHandle id[a]
03-02 00:56:56.242  1444  1808 D MDP     : [PQSessionManager] getPQSessionListHandle, find id[a]
03-02 00:56:56.242  1444  1808 D AAL     : [PQEngineInterface] DpEngineHDRConfigTile(0) outTileXLeft = 526, outTileXRight = 719
03-02 00:56:56.242  1444  1808 D AAL     : [PQEngineInterface] DpEngineHDRConfigTile(0) inTileXLeft = 526, inTileXRight = 719
03-02 00:56:56.242  1444  1808 D AAL     : [PQEngineInterface] DpEngineHDRConfigTile(0) HDR_out_start_x = 0, HDR_out_end_x = 193, src h: 194,v: 1280
03-02 00:56:56.242  1444  1808 D AAL     : [PQEngineInterface] DpEngineHDRConfigTile(0) HDR_hist_end_x = 0, HDR_hist_begin_x = 0
03-02 00:56:56.242  1444  1808 D AAL     : [PQEngineInterface] DpEngineHDRConfigTile(0) HDR_first_tile = 0, HDR_last_tile = 0
03-02 00:56:56.242  1444  1808 D AAL     : [PQEngineInterface] DpEngineHDRConfigTile(0) inFrameWidth = 720 , middlePosX = 0
03-02 00:56:56.242  1444  1808 D MDP     : [PQSessionManager] PQSessionManager::getPQSession id[a]
03-02 00:56:56.242  1444  1808 D MDP     : [PQSessionManager] getPQSessionListHandle id[a]
03-02 00:56:56.242  1444  1808 D MDP     : [PQSessionManager] getPQSessionListHandle, find id[a]
03-02 00:56:56.242  1444  1808 D MDP     : [PQSessionManager] PQSessionManager::getPQSession id[a]
03-02 00:56:56.242  1444  1808 D MDP     : [PQSessionManager] getPQSessionListHandle id[a]
03-02 00:56:56.242  1444  1808 D MDP     : [PQSessionManager] getPQSessionListHandle, find id[a]
03-02 00:56:56.242  2013  3345 W ParceledListSlice: Element #30 is 21544 bytes.
03-02 00:56:56.246  5235 12846 I HBD     : a [SKE_SPECIFIC] specific model[com.zhiliaoapp.musically] loaded, 180062539 ns
03-02 00:56:56.247  1444  1809 D MDP     : [PQSessionManager] PQSessionManager::getPQSession id[a]
03-02 00:56:56.247  1444  1809 D MDP     : [PQSessionManager] getPQSessionListHandle id[a]
03-02 00:56:56.247  1444  1809 D MDP     : [PQSessionManager] getPQSessionListHandle, find id[a]
03-02 00:56:56.247  1444  1809 D MDP     : [PQSessionManager] findVideoID[f6840820] found on index a
03-02 00:56:56.249  1507  1568 E mali_winsys: Unrecognised Android chroma siting range: [2, 2]. Applying default
03-02 00:56:56.250  1444  1444 I hwcomposer: [HWCDisplay] (0 updateFps():4131), (type:1, mode:2) fps:79.347130,dur:1008.23,max:29.37,min:5.00
03-02 00:56:56.251  1444  1808 D MDP     : [PQSessionManager] findVideoID[f6840820] found on index a
03-02 00:56:56.251  1444  1808 D MDP     : [PQSessionManager] createPQSession(a) user(0xb4000074f4d46d80)
03-02 00:56:56.251  1444  1808 D MDP     : [PQSessionManager] Duplicated ID[a] found, please check if double createPQSession!
03-02 00:56:56.251  1444  1808 D MDP     : [PQSessionManager] getPQSessionListHandle id[a]
03-02 00:56:56.251  1444  1808 D MDP     : [PQSessionManager] getPQSessionListHandle, find id[a]
03-02 00:56:56.251  1444  1808 D MDP     : [PQSession] incRefCount id[a] user[0xb4000074f4d46d80] existed
03-02 00:56:56.251  1444  1808 D MDP     : [PQSession] incRefCount id[a] user[0xb4000074f4d46d80] numOfUser[1]
03-02 00:56:56.251  1444  1808 D MDP     : [PQSession] numElements[0] key[0] metaData[0]
03-02 00:56:56.251  1444  1808 D MDP     : [PQSession] setPQParam() id[a] enable[0], scenario[1]
03-02 00:56:56.251  1444  1808 D PQ      : PQDSConfig::getEnableStatus check1  time 0 ms
03-02 00:56:56.251  1444  1808 D PQ      : [PQDSConfig] PQDSConfig::getEnableStatus = 1
03-02 00:56:56.251  1444  1808 D PQ      : [PQDSConfig] m_TDSHPTableInit 1
03-02 00:56:56.251  1444  1808 D PQ      : [PQDSConfig] getAshmemContext(SHP_ENABLE) = 1
03-02 00:56:56.251  1444  1808 D PQ      : PQDSConfig::getEnableStatus check2  time 0 ms
03-02 00:56:56.251  1444  1808 D PQ      : [PQDSConfig] PQDSConfig::getUREnableStatus = 1
03-02 00:56:56.251  1444  1808 D MDP     : [PQSession] setDpPqConfig m_svp = 0, enDRE = 0
03-02 00:56:56.251  1444  1808 D MDP     : setPQParam globalPQSupport = [0] globalPQSwitch = [0] globalPQStrength = [0] globalPQType = [0]
03-02 00:56:56.251  1444  1808 D MDP     : [PQSession] setPQparam userId[0x0], scenario[1], enDRE[0]
03-02 00:56:56.251  1444  1808 D MDP     : [PQSession] getDpPqConfig() id[a] enable[0], scenario[1]
03-02 00:56:56.251  1444  1808 D MDP     : [PQSession] getDpPqConfig() enSharp[0] enDC[0] enColor[0] enHDR[0] enHDRVivid[0] enUR[0] enReFocus[0] enCcorr[0] enDRE[0] enHFG[0] enAIPQ[0] enAISDR2HDR[0] enAIRegionPQ[0] mAdaptiveEnable[0]
03-02 00:56:56.252  1444  1808 D MDP     : [PQSession] setPQDREParam userId[0x0] scenario[1] enDRE[0]
03-02 00:56:56.252  1444  1808 D MDP     : [PQSessionManager] findVideoID[f6840820] found on index a
03-02 00:56:56.252  1444  1808 D PQ_HDR  : DpAsyncBlit: job:(2070125 191) in:(720, 1280)[720 368] C8s P1.1.1.0.1, alpha 0, sec0 flush:0 Buffer 1035062: plane=3 bufVA={0xbf,0xbf,0xbf} bufMVA={0x0,0x0,0x0} bufSize={0xe1000,0x39800,0x39800} proxy={0xb40000747320b4a0,0x0,0x0}fence=-1
03-02 00:56:56.252  1444  1808 D PQ_HDR  : DpAsyncBlit: out 0:(1074, 1920)[2176 0] C5 P1.1.1.0.1 R:0 F:0 S:0 A:0 HDR:0 COLOR:0 CCORR:0 sec0 flush:0 Buffer 1035062: plane=1 bufVA={0x8e,0x0,0x0} bufMVA={0x0,0x0,0x0} bufSize={0x4db200,0x0,0x0} proxy={0xb40000747320b7a0,0x0,0x0}fence=206
03-02 00:56:56.252  1444  1808 D PQ_HDR  : DpAsyncBlit: crop 0:(4.0, 0.0, 716.0, 1280.0) compose:(0, 0, 1074, 1920)
03-02 00:56:56.252  1444  1808 D MDP     : [PQSessionManager] PQSessionManager::getPQSession id[a]
03-02 00:56:56.252  1444  1808 D MDP     : [PQSessionManager] getPQSessionListHandle id[a]
03-02 00:56:56.252  1444  1808 D MDP     : [PQSessionManager] getPQSessionListHandle, find id[a]
03-02 00:56:56.252  1444  1808 D MDP     : [PQSessionManager] PQSessionManager::getPQSession id[a]
03-02 00:56:56.252  1444  1808 D MDP     : [PQSessionManager] getPQSessionListHandle id[a]
03-02 00:56:56.252  1444  1808 D MDP     : [PQSessionManager] getPQSessionListHandle, find id[a]
03-02 00:56:56.252  1444  1808 D MDP     : PQSession:setPipeNum m_PipeNum[1] value[1] ID[a] DCPath[0] DCDone[0] addr[732261df]
03-02 00:56:56.252  1444  1808 D MDP     : [PQSession] getDpPqConfig() id[a] enable[0], scenario[1]
03-02 00:56:56.252  1444  1808 D MDP     : [PQSession] getDpPqConfig() enSharp[0] enDC[0] enColor[0] enHDR[0] enHDRVivid[0] enUR[0] enReFocus[0] enCcorr[0] enDRE[0] enHFG[0] enAIPQ[0] enAISDR2HDR[0] enAIRegionPQ[0] mAdaptiveEnable[0]
03-02 00:56:56.252  1444  1808 D PQ      : [PQRSZConfig] PQRSZConfig::getUREnableStatus = 1
03-02 00:56:56.252  1444  1808 D MDP     : [PQSessionManager] PQSessionManager::getPQSession id[a]
03-02 00:56:56.252  1444  1808 D MDP     : [PQSessionManager] getPQSessionListHandle id[a]
03-02 00:56:56.252  1444  1808 D MDP     : [PQSessionManager] getPQSessionListHandle, find id[a]
03-02 00:56:56.252  1444  1808 D AAL     : [PQEngineInterface] DpEngineTDSHPConfigFrame(0) pqSessionId = a
03-02 00:56:56.253  1444  1808 D MDP     : [PQSession] getDpPqConfig() id[a] enable[0], scenario[1]
03-02 00:56:56.253  1444  1808 D MDP     : [PQSession] getDpPqConfig() enSharp[0] enDC[0] enColor[0] enHDR[0] enHDRVivid[0] enUR[0] enReFocus[0] enCcorr[0] enDRE[0] enHFG[0] enAIPQ[0] enAISDR2HDR[0] enAIRegionPQ[0] mAdaptiveEnable[0]
03-02 00:56:56.253  1444  1808 D AAL     : [PQEngineInterface] DpEngineTDSHPConfigFrame(0) tdshpEnable(0) enSharp(0) enDC(0) enHFG(0)
03-02 00:56:56.253  1444  1808 D MDP     : [PQSessionManager] PQSessionManager::getPQSession id[a]
03-02 00:56:56.253  1444  1808 D MDP     : [PQSessionManager] getPQSessionListHandle id[a]
03-02 00:56:56.253  1444  1808 D MDP     : [PQSessionManager] getPQSessionListHandle, find id[a]
03-02 00:56:56.253  1444  1808 D MDP     : [PQSession] getDpPqConfig() id[a] enable[0], scenario[1]
03-02 00:56:56.253  3202  3386 I HoneySpace.TopTaskSource: onTaskRemoved: 44840
03-02 00:56:56.253  1444  1808 D MDP     : [PQSession] getDpPqConfig() enSharp[0] enDC[0] enColor[0] enHDR[0] enHDRVivid[0] enUR[0] enReFocus[0] enCcorr[0] enDRE[0] enHFG[0] enAIPQ[0] enAISDR2HDR[0] enAIRegionPQ[0] mAdaptiveEnable[0]
03-02 00:56:56.253  1444  1808 W AAL     : DpEngine_AAL: relay 1
03-02 00:56:56.253  1444  1808 D AAL     : [PQEngineInterface] DpEngineTDSHPConfigTile(0) InpSize: 801, 1920, OutSize: 801, 1920
03-02 00:56:56.253  1444  1808 D MDP     : [PQSessionManager] PQSessionManager::getPQSession id[a]
03-02 00:56:56.253  1444  1808 D MDP     : [PQSessionManager] getPQSessionListHandle id[a]
03-02 00:56:56.253  1444  1808 D MDP     : [PQSessionManager] getPQSessionListHandle, find id[a]
03-02 00:56:56.253  1444  1808 D PQ      : [PQHFGConfig] PQHFGConfig::isEnabled = 2
03-02 00:56:56.253  1444  1808 D MDP     : [PQSession] getDpPqConfig() id[a] enable[0], scenario[1]
03-02 00:56:56.253  1444  1808 D MDP     : [PQSession] getDpPqConfig() enSharp[0] enDC[0] enColor[0] enHDR[0] enHDRVivid[0] enUR[0] enReFocus[0] enCcorr[0] enDRE[0] enHFG[0] enAIPQ[0] enAISDR2HDR[0] enAIRegionPQ[0] mAdaptiveEnable[0]
03-02 00:56:56.253  1444  1808 D AAL     : [PQEngineInterface] DpEngineAALCongTile(0) MDP_aal_size = 36177152
03-02 00:56:56.253  1444  1808 D AAL     : [PQEngineInterface(1791345034)::MDP_AAL_output_offset = 0
03-02 00:56:56.253  1444  1808 D AAL     : [PQEngineInterface] DpEngineAALCongTile(0) MDP_AAL_output_size = 35652864
03-02 00:56:56.253  1444  1808 D AAL     : [PQEngineInterface] DpEngineAALCongTile(0) inTileXRight = 551, inTileXLeft = 0
03-02 00:56:56.253  1444  1808 D AAL     : [PQEngineInterface] DpEngineAALCongTile(0) inTileYBottom = 543, inTileYTop = 0
03-02 00:56:56.253  1444  1808 D AAL     : [PQEngineInterface] DpEngineAALCongTile(0) outTileXRight = 1279, outTileXLeft = 0
03-02 00:56:56.253  1444  1808 D AAL     : [PQEngineInterface] DpEngineAALCongTile(0) m_outTileYBottom = 1279, m_outTileYTop = 0
03-02 00:56:56.253  1444  1808 D MDP     : [PQSessionManager] PQSessionManager::getPQSession id[a]
03-02 00:56:56.253  1444  1808 D MDP     : [PQSessionManager] getPQSessionListHandle id[a]
03-02 00:56:56.253  1444  1808 D MDP     : [PQSessionManager] getPQSessionListHandle, find id[a]
03-02 00:56:56.253  1444  1808 D AAL     : [PQEngineInterface] DpEngineAALCongTile(0)cropOffset[X, Y]=[1, 0], crop[Wid, Hei]=[0, 720]
03-02 00:56:56.253  1444  1808 D MDP     : [PQSessionManager] PQSessionManager::getPQSession id[a]
03-02 00:56:56.253  1444  1808 D MDP     : [PQSessionManager] getPQSessionListHandle id[a]
03-02 00:56:56.254  2013  2067 I ChimeraSystemEventListener: appLaunchIntent package name is: com.podcast.app.debug
03-02 00:56:56.264  1507  1825 I SurfaceFlinger: Capture layer list: 	 com.zhiliaoapp.musically/com.ss.android.ugc.aweme.splash.SplashActivity$_14885#155318(seamlessTransition:0)
03-02 00:56:56.272  2013  3441 I SemDvfsHyPerManager: acquire hyper - AMS_APP_SWITCH/2013@20, type = -999
03-02 00:56:56.273  1450  1487 I HYPER-HAL: [RequestManager.cpp]acquire(): Acquired ID : 2067581  [2013 / 20]    HINT : AMS_ACT_SWITCH    list :
03-02 00:56:56.273  1445  2902 W C2MtkBufferManager: [0xB4000070F507E520] fetchNewCcBlock: wait fence 0x0xb4000070f5058270 timed out. ret 110
03-02 00:56:56.273  1450  1487 I mtkpower_client: perf_lock_acq, hdl:0, dur:0, num:2, pid:1450, tid:1487
03-02 00:56:56.274  1450  1487 I mtkpower_client: ret_hdl:76231
03-02 00:56:56.274  1464  1492 I mtkpower@impl: [setMode] type:5, enabled:1
03-02 00:56:56.274  1450  1487 I mtkpower_client: perf_lock_acq, hdl:0, dur:0, num:2, pid:1450, tid:1487
03-02 00:56:56.275  1464  1529 I libPowerHal: [perfLockAcq] idx:2 hdl:76231 hint:-1 pid:1450 tid:1487 duration:0 lock_user:vendor.samsung. => ret_hdl:76231
03-02 00:56:56.275  1464  1529 I libPowerHal: [setDvfsrcDevFreqOpp] opp:0, freq:4266000000
03-02 00:56:56.275  1464  1529 I libPowerHal: [PE] vendor.samsung. update cmd:1000000 param:0 pr:3
03-02 00:56:56.275  1464  1529 I libPowerHal: [perfLockAcq] Done for hdl : 76231
03-02 00:56:56.276  1450  1487 I mtkpower_client: ret_hdl:76232
03-02 00:56:56.276  1464  1529 I libPowerHal: [perfLockAcq] idx:5 hdl:76232 hint:-1 pid:1450 tid:1487 duration:0 lock_user:vendor.samsung. => ret_hdl:76232
03-02 00:56:56.276  1464  1529 I libPowerHal: [PE] vendor.samsung. update cmd:400000 param:2000000 pr:3
03-02 00:56:56.276  1464  1529 I libPowerHal: [recordCPUFreqInfo] set cluster[0] min(vendor.samsung.): 2000000 max(-1): -1 cluster[1] min(-1): -1 max(-1): -1
03-02 00:56:56.276  1464  1529 I libPowerHal: [perfLockAcq] Done for hdl : 76232
03-02 00:56:56.276  4784  4784 I SemDvfsHyPerManager: acquire hyper - APP_START_SHORT/4784@15, type = -999
03-02 00:56:56.279  1450  1487 I HYPER-HAL: [RequestManager.cpp]acquire(): Acquired ID : 11517615  [4784 / 15]    HINT : APP_START    list : [TIMEOUT / 1500]
03-02 00:56:56.280 17514 17723 W AudioCapabilities: Unsupported mime audio/x-ima
03-02 00:56:56.283 17514 17723 W AudioCapabilities: Unsupported mime audio/mpeg-L1
03-02 00:56:56.283 17514 17723 W AudioCapabilities: Unsupported mime audio/mpeg-L2
03-02 00:56:56.283  1507  1907 I SurfaceFlinger: id=155338 createSurf, flag=24004, Task=44842#155338
03-02 00:56:56.284 17514 17723 W VideoCapabilities: Unsupported mime video/wvc1
03-02 00:56:56.284 17514 17723 W VideoCapabilities: Unsupported mime video/wvc1
03-02 00:56:56.284 17514 17723 W VideoCapabilities: Unsupported mime video/x-ms-wmv
03-02 00:56:56.285   457   457 I lmkd    : cached 0, sandbox(not0) 0
03-02 00:56:56.286   457   457 I lmkd    : Reclaim 'com.android.vending' (14616), uid 10234, oom_score_adj 945, state 19 to free 214788kB rss, 38924kB swap; reason: low watermark is breached and swap is low (4585108kB < 4613732kB)
03-02 00:56:56.290  1507  2393 I SurfaceFlinger: id=155339 createSurf, flag=84004, ActivityRecord{143907430 u0 com.podcast.app.debug/androidx.activity.ComponentActivity t44842}#155339
03-02 00:56:56.292  1507  1507 I SurfaceFlinger: [Task=44842#155338] attach to parent LayerHierarchy{RequestedLayerState{DefaultTaskDisplayArea_d0#10 parentId=9} 45 children}
03-02 00:56:56.292  1507  1507 I SurfaceFlinger: [ActivityRecord{143907430 u0 com.podcast.app.debug/androidx.activity.ComponentActivity t44842}#155339] attach to parent LayerHierarchy{RequestedLayerState{Task=44842#155338 parentId=10} 1 children}
03-02 00:56:56.292 14636 14636 D WM-SystemJobService: onStopJob for WorkGenerationalId(workSpecId=f23029b8-b7a3-4a93-aaf6-b7c7a26dfe9e, generation=0)
03-02 00:56:56.293 14636 15264 D WM-Processor: WorkerWrapper interrupted for f23029b8-b7a3-4a93-aaf6-b7c7a26dfe9e
03-02 00:56:56.293 14636 15264 D WM-StopWorkRunnable: StopWorkRunnable for f23029b8-b7a3-4a93-aaf6-b7c7a26dfe9e; Processor.stopWork = true
03-02 00:56:56.295 17514 17723 W AudioCapabilities: Unsupported mime audio/iamf
03-02 00:56:56.300  1507  1568 E mali_winsys: Unrecognised Android chroma siting range: [2, 2]. Applying default
03-02 00:56:56.304  1507  1568 E mali_winsys: Unrecognised Android chroma siting range: [2, 2]. Applying default
03-02 00:56:56.305  2746  2808 I ViewRootImpl: dVRR is disabled
03-02 00:56:56.305 17514 17723 W VideoCapabilities: Unsupported mime image/vnd.android.heic
03-02 00:56:56.306 17514 17723 W VideoCapabilities: Unsupported mime image/vnd.android.heic
03-02 00:56:56.306 17514 17723 W VideoCapabilities: Unsupported mime image/vnd.android.heic
03-02 00:56:56.310 17514 17723 W VideoCapabilities: Unsupported mime image/vnd.android.heic
03-02 00:56:56.310  2013  3645 I SemDvfsHyPerManager: acquire hyper - AMS_APP_LAUNCH/2013@17, type = -999
03-02 00:56:56.311  1450  1487 I HYPER-HAL: [RequestManager.cpp]acquire(): Acquired ID : 2061482  [2013 / 17]    HINT : AMS_APP_LAUNCH    list :
03-02 00:56:56.311  1646  1646 I CameraService: onUidStateChanged: uid=10492, procState is changed. (8 -> 10)
03-02 00:56:56.312  1450  1487 I mtkpower_client: perf_lock_acq, hdl:0, dur:0, num:2, pid:1450, tid:1487
03-02 00:56:56.312 14636 15217 I WM-WorkerWrapper: Work [ id=f23029b8-b7a3-4a93-aaf6-b7c7a26dfe9e, tags={ com.urbanairship.job.AirshipWorker,airship } ] was cancelled
03-02 00:56:56.312 14636 15217 I WM-WorkerWrapper: androidx.work.impl.WorkerStoppedException
03-02 00:56:56.312 14636 15217 I WM-WorkerWrapper: 	at o.setEnabledWhenDeviceHasQuirk.AnimatedBarChartKtAnimatedBarChart1112(:348)
03-02 00:56:56.312 14636 15217 I WM-WorkerWrapper: 	at o.MutableConfig.AnimatedBarChartKtAnimatedBarChart1(:439)
03-02 00:56:56.312 14636 15217 I WM-WorkerWrapper: 	at o.MutableConfig.AnimatedBarChartKtAnimatedBarChart1112(:259)
03-02 00:56:56.312 14636 15217 I WM-WorkerWrapper: 	at o.getUseCaseInfo.run(:49)
03-02 00:56:56.312 14636 15217 I WM-WorkerWrapper: 	at o.TagBundle$Architecture.run(:96)
03-02 00:56:56.312 14636 15217 I WM-WorkerWrapper: 	at java.util.concurrent.ThreadPoolExecutor.runWorker(ThreadPoolExecutor.java:1154)
03-02 00:56:56.312 14636 15217 I WM-WorkerWrapper: 	at java.util.concurrent.ThreadPoolExecutor$Worker.run(ThreadPoolExecutor.java:652)
03-02 00:56:56.312 14636 15217 I WM-WorkerWrapper: 	at java.lang.Thread.run(Thread.java:1563)
03-02 00:56:56.312 17514 17723 W VideoCapabilities: Unrecognized profile/level 32768/256 for video/mp4v-es
03-02 00:56:56.312 17514 17723 W VideoCapabilities: Unrecognized profile/level 32768/256 for video/mp4v-es
03-02 00:56:56.314  1450  1487 I mtkpower_client: ret_hdl:76233
03-02 00:56:56.314  1450  1487 I mtkpower_client: perf_lock_acq, hdl:0, dur:0, num:2, pid:1450, tid:1487
03-02 00:56:56.315 17514 17723 W VideoCapabilities: Unrecognized profile/level 32768/256 for video/mp4v-es
03-02 00:56:56.315  1464  1529 I libPowerHal: [perfLockAcq] idx:6 hdl:76233 hint:-1 pid:1450 tid:1487 duration:0 lock_user:vendor.samsung. => ret_hdl:76233
03-02 00:56:56.315  1464  1529 I libPowerHal: [PE] vendor.samsung. update cmd:300c000, param:15, pr:3
03-02 00:56:56.315  1464  1529 I libPowerHal: [perfLockAcq] Done for hdl : 76233
03-02 00:56:56.316  1450  1487 I mtkpower_client: ret_hdl:76234
03-02 00:56:56.316  1450  1487 I mtkpower_client: perf_lock_rel, hdl:76232, pid: 1450, tid:1487
03-02 00:56:56.316  1464  1529 I libPowerHal: [perfLockAcq] idx:7 hdl:76234 hint:-1 pid:1450 tid:1487 duration:0 lock_user:vendor.samsung. => ret_hdl:76234
03-02 00:56:56.316  1464  1529 I libPowerHal: [set_cpuidle] enable:0, fd:17, scn:0xb40000737b6173c8
03-02 00:56:56.316  1464  1529 I libPowerHal: [get_cpu_dma_latency_value] 0
03-02 00:56:56.316  1464  1529 I libPowerHal: [PE] vendor.samsung. update cmd:1c3c100 param:0 pr:3
03-02 00:56:56.316  1464  1529 I libPowerHal: [perfLockAcq] Done for hdl : 76234
03-02 00:56:56.316 14636 15217 D WM-WorkerWrapper: Status for f23029b8-b7a3-4a93-aaf6-b7c7a26dfe9e is RUNNING; not doing any work and rescheduling for later execution
03-02 00:56:56.317 14885 14885 I System.out: SAFActivity: com.ss.android.ugc.aweme.main.MainActivity@c20428f,  onPause Start
03-02 00:56:56.318  1450  1487 I mtkpower_client: perf_lock_acq, hdl:0, dur:0, num:2, pid:1450, tid:1487
03-02 00:56:56.318  1464  1529 I libPowerHal: [perfLockRel] hdl:76232, idx:5
03-02 00:56:56.318  1464  1529 I libPowerHal: [PD] vendor.samsung. update cmd:400000 param:-1 pr:6
03-02 00:56:56.319  1464  1529 I libPowerHal: [recordCPUFreqInfo] set cluster[0] min(-1): -1 max(-1): -1 cluster[1] min(-1): -1 max(-1): -1
03-02 00:56:56.319  2746  2798 D ShellDesktopMode: handleRequest: TransitionRequestInfo {type=1, tid=44842, debugId=11225}
03-02 00:56:56.319  1464  1529 I libPowerHal: [perfLockRel] Done for hdl : 76232
03-02 00:56:56.320  1450  1487 I mtkpower_client: ret_hdl:76235
03-02 00:56:56.320  1450  1487 I mtkpower_client: perf_lock_rel, hdl:76231, pid: 1450, tid:1487
03-02 00:56:56.320  1464  1529 I libPowerHal: [perfLockAcq] idx:5 hdl:76235 hint:-1 pid:1450 tid:1487 duration:0 lock_user:vendor.samsung. => ret_hdl:76235
03-02 00:56:56.320  1464  1529 I libPowerHal: [PE] vendor.samsung. update cmd:400000 param:2000000 pr:3
03-02 00:56:56.320  1464  1529 I libPowerHal: [recordCPUFreqInfo] set cluster[0] min(vendor.samsung.): 2000000 max(-1): -1 cluster[1] min(-1): -1 max(-1): -1
03-02 00:56:56.320  1464  1529 I libPowerHal: [perfLockAcq] Done for hdl : 76235
03-02 00:56:56.321  1450  1487 I mtkpower_client: perf_lock_acq, hdl:0, dur:0, num:2, pid:1450, tid:1487
03-02 00:56:56.321  1464  1529 I libPowerHal: [perfLockRel] hdl:76231, idx:2
03-02 00:56:56.321 14885 14885 I System.out: SceneSafeLifecycleDispatcher: onPaused Start
03-02 00:56:56.321 14885 14885 I System.out: SAFActivity V Scene Framework: NavigationMessageQueue postSync start
03-02 00:56:56.321  3506  3506 E pageboostd: Received HALT command code 2
03-02 00:56:56.321 14885 14885 I System.out: SAFActivity V Scene Framework: NavigationMessageQueue postSync run current task start 14_Y.ARunnableS108S0200000_32@dba6c5a
03-02 00:56:56.321 14885 14885 I System.out: SAFActivity V Scene Framework: NavigationSceneManager Sync Scene SAFFragmentRootScene{79e191c} Lifecycle [RESUMED -> STARTED] without saved State
03-02 00:56:56.321 14885 14885 I System.out: SAFFragmentRootScene: onPause Start (SAFFragmentRootScene{79e191c})
03-02 00:56:56.322  1464  1529 I libPowerHal: [PD] vendor.samsung. update cmd:1000000 param:-1 pr:6
03-02 00:56:56.322  1464  1529 I libPowerHal: [perfLockRel] Done for hdl : 76231
03-02 00:56:56.322  1450  1487 I mtkpower_client: ret_hdl:76236
03-02 00:56:56.323  1464  1529 I libPowerHal: [perfLockAcq] idx:8 hdl:76236 hint:-1 pid:1450 tid:1487 duration:0 lock_user:vendor.samsung. => ret_hdl:76236
03-02 00:56:56.323  1464  1529 I libPowerHal: [setDvfsrcDevFreqOpp] opp:0, freq:4266000000
03-02 00:56:56.323  1464  1529 I libPowerHal: [PE] vendor.samsung. update cmd:1000000 param:0 pr:3
03-02 00:56:56.323  1464  1529 I libPowerHal: [perfLockAcq] Done for hdl : 76236
03-02 00:56:56.326 14636 14636 D WM-Processor: MutableConfig f23029b8-b7a3-4a93-aaf6-b7c7a26dfe9e executed; reschedule = true
03-02 00:56:56.332  4784  4784 I SemDvfsHyPerManager: acquire hyper - APP_START/4784@17, type = -999
03-02 00:56:56.333  1450  1487 I HYPER-HAL: [RequestManager.cpp]acquire(): Acquired ID : 11527218  [4784 / 17]    HINT : APP_START    list :
03-02 00:56:56.334  1507  1568 E mali_winsys: Unrecognised Android chroma siting range: [2, 2]. Applying default
03-02 00:56:56.338 14636 15217 D WM-GreedyScheduler: Cancelling work ID f23029b8-b7a3-4a93-aaf6-b7c7a26dfe9e
03-02 00:56:56.339  1507  1568 E mali_winsys: Unrecognised Android chroma siting range: [2, 2]. Applying default
03-02 00:56:56.346  1445  2902 W C2MtkBufferManager: [0xB4000070F507E520] fetchNewCcBlock: wait fence 0x0xb4000070f5058270 timed out. ret 110
03-02 00:56:56.347  1696  1756 I VPUD    : == vdec_codec_msg_handler() == msg_id = 0xA001, codec_id = 1
03-02 00:56:56.349  1696  1756 E VPUD    : [info] H265_fillGeneralBuf: bIsHDR10plus 0 bIsCUVAHDR 0 u4MetaDataRawSize 0
03-02 00:56:56.353 14636 15217 W JobInfo : Requested important-while-foreground flag for job3648 is ignored and takes no effect
03-02 00:56:56.353 14636 15217 D WM-SystemJobScheduler: Scheduling work ID f23029b8-b7a3-4a93-aaf6-b7c7a26dfe9eJob ID 3648
03-02 00:56:56.354  1696  1756 I VPUD    : == vdec_codec_msg_handler() == msg_id = 0xA001, codec_id = 1
03-02 00:56:56.356  1507  1507 D SurfaceFlinger: Display 4627039422300187648 HWC layers:
03-02 00:56:56.356  1507  1507 D SurfaceFlinger:   SOLID_COLOR |                        0 | 00000002 | N/A          |    0.0    0.0    0.0    0.0 |    0    0   -1   -1 | Background for 68eb87 SurfaceView[co[...]weme.splash.SplashActivity]@0#155324 (0)
03-02 00:56:56.356  1507  1507 D SurfaceFlinger:   SOLID_COLOR |                        0 | 00000002 | N/A          |    0.0    0.0    0.0    0.0 |    0    0   -1   -1 | Background for 836459b SurfaceView[c[...]weme.splash.SplashActivity]@0#155330 (0)
03-02 00:56:56.356  1507  1507 D SurfaceFlinger:   SOLID_COLOR |                        0 | 00000002 | N/A          |    0.0    0.0    0.0    0.0 |    0    0   -1   -1 | Background for 7086fb SurfaceView[co[...]weme.splash.SplashActivity]@0#155334 (0)
03-02 00:56:56.356  1507  1507 D SurfaceFlinger:        DEVICE |           63930588201518 | 00000102 | 0x32315659   |    0.0    0.0  720.0 1280.0 |    0   80 1080 2000 | 7086fb SurfaceView[com.zhiliaoapp.mu[...]lash.SplashActivity]@0(BLAST)#155333 (14)
03-02 00:56:56.356  1507  1507 D SurfaceFlinger:        DEVICE |           63930588201475 | 00002100 | RGBA_8888    |    0.0    0.0 1080.0 2340.0 |    0    0 1080 2340 | com.zhiliaoapp.musically/com.ss.andr[...].splash.
03-02 00:56:56.356  1696  1756 E VPUD    : [info] H265_fillGeneralBuf: bIsHDR10plus 0 bIsCUVAHDR 0 u4MetaDataRawSize 0
03-02 00:56:56.356  1507  1507 D SurfaceFlinger: SplashActivity$_14885#155318 (7)
03-02 00:56:56.356  1507  1507 D SurfaceFlinger:        DEVICE |           75299366633476 | 00002102 | RGBA_8888    |    0.0    0.0    0.0    0.0 |    0    0   -1   -1 | com.podcast.app.debug.test/androidx.[...]yInvoker$EmptyActivity$_17532#155304 (1)
03-02 00:56:56.356  1507  1507 D SurfaceFlinger:        DEVICE |           11793980281879 | 00002100 | RGBA_8888    |    0.0    0.0 1080.0   80.0 |    0    0 1080   80 | StatusBar$_2746#117 (210865)
03-02 00:56:56.356  1507  1507 D SurfaceFlinger:        DEVICE |           13752485304097 | 00002100 | RGBA_8888    |    0.0    0.0   67.0  346.0 | 1013  454 1080  800 | com.sec.android.app.launcher/com.sam[...].app.CocktailBarService$_3202#152779 (1)
03-02 00:56:56.356  1507  1507 D SurfaceFlinger:        DEVICE |           11793980283148 | 00002100 | RGBA_8888    |    0.0    0.0  229.0  724.0 |  851  551 1080 1275 | VolumePanelWindow$_2746#155312 (21)
03-02 00:56:56.356  1507  1507 D SurfaceFlinger:        DEVICE |           11793980281867 | 00002100 | RGBA_8888    |    0.0    0.0 1080.0  135.0 |    0 2205 1080 2340 | NavigationBar0$_2746#113 (187254)
03-02 00:56:56.356  1507  1507 D SurfaceFlinger:
03-02 00:56:56.357  2013  2013 D MediaSessionService: Audio playback is changed, config=AudioPlaybackConfiguration piid:92743 deviceIds:[3] type:android.media.AudioTrack u/pid:10350/14885 state:paused attr:AudioAttributes: usage=USAGE_MEDIA content=CONTENT_TYPE_UNKNOWN flags=0xA00 tags= bundle=null sessionId:126033 mutedState:none  FormatInfo{isSpatialized=false, channelMask=0x3, sampleRate=44100}, removed=false
03-02 00:56:56.357  2013  2013 D MediaSessionStack: updateMediaButtonSessionIfNeeded, callers=com.android.server.media.AudioPlayerStateMonitor$MessageHandler.handleMessage:19 android.os.Handler.dispatchMessage:110
03-02 00:56:56.357  2013  2013 D MediaSessionStack: updateMediaButtonSessionIfNeeded, skipping uid=10350
03-02 00:56:56.357  2013  2013 D MediaSessionStack: updateMediaButtonSessionIfNeeded, skipping uid=10342
03-02 00:56:56.357  2013  2013 D MediaSessionStack: updateMediaButtonSessionIfNeeded, skipping uid=10317
03-02 00:56:56.357  2013  2013 D MediaSessionStack: updateMediaButtonSessionIfNeeded, skipping uid=10672
03-02 00:56:56.358  1696  1756 I VPUD    : == vdec_codec_msg_handler() == msg_id = 0xA001, codec_id = 1
03-02 00:56:56.360  1696  1756 E VPUD    : [info] H265_fillGeneralBuf: bIsHDR10plus 0 bIsCUVAHDR 0 u4MetaDataRawSize 0
03-02 00:56:56.361  2746  2870 D NativeCustomFrequencyManager: [NativeCFMS] BpCustomFrequencyManager::BpCustomFrequencyManager()
03-02 00:56:56.362 14885 14885 I System.out: SAFFragmentRootScene: onWindowFocusChanged: com.ss.android.ugc.aweme.main.MainRootFragment, MainRootFragment{e89d275} (8a90a2f7-f51b-4f8d-88b5-38e0125851ad tag=root_fragment), true (SAFFragmentRootScene{79e191c})
03-02 00:56:56.362  1696  1756 I VPUD    : == vdec_codec_msg_handler() == msg_id = 0xA001, codec_id = 1
03-02 00:56:56.362 14885 14885 I System.out: SAFActivity V Scene Framework: NavigationMessageQueue postSync run current task finish 14_Y.ARunnableS108S0200000_32@dba6c5a
03-02 00:56:56.362 14885 14885 I System.out: SAFActivity V Scene Framework: NavigationMessageQueue postSync finish
03-02 00:56:56.362 14885 14885 I System.out: SceneSafeLifecycleDispatcher: onPaused End PAUSE
03-02 00:56:56.362 14885 14885 I System.out: SAFActivity: com.ss.android.ugc.aweme.main.MainActivity@c20428f,  onPause End
03-02 00:56:56.363  1696  1756 E VPUD    : [info] H265_fillGeneralBuf: bIsHDR10plus 0 bIsCUVAHDR 0 u4MetaDataRawSize 0
03-02 00:56:56.365  1696  1756 I VPUD    : == vdec_codec_msg_handler() == msg_id = 0xA001, codec_id = 1
03-02 00:56:56.366  1696  1756 E VPUD    : [info] H265_fillGeneralBuf: bIsHDR10plus 0 bIsCUVAHDR 0 u4MetaDataRawSize 0
03-02 00:56:56.368  1696  1756 I VPUD    : == vdec_codec_msg_handler() == msg_id = 0xA001, codec_id = 1
03-02 00:56:56.369  1696  1756 E VPUD    : [info] H265_fillGeneralBuf: bIsHDR10plus 0 bIsCUVAHDR 0 u4MetaDataRawSize 0
03-02 00:56:56.369  2746  2798 I SurfaceControlRegistry: apply, t=FinishTransaction_SyncId<11224>, caller=android.view.SurfaceControl$Transaction.apply:3459 android.view.SurfaceControl$Transaction.apply:3447 android.view.SurfaceControl$Transaction.apply:3397 com.android.wm.shell.transition.Transitions.onFinish:315 com.android.wm.shell.transition.Transitions$$ExternalSyntheticLambda7.onTransitionFinished:12 com.android.wm.shell.transition.DefaultTransitionHandler$$ExternalSyntheticLambda6.run:36
03-02 00:56:56.370  3202  3386 I HoneySpace.TopTaskSource: onTaskMovedToFront : taskId = 44842, displayId = 0
03-02 00:56:56.372  3202  3390 I HoneySpace.TopTaskUseCase: topTasks 44842 ComponentInfo{com.podcast.app.debug/androidx.activity.ComponentActivity}[displayId=0]
03-02 00:56:56.378  1646  5384 I CameraService: onUidStateChanged: uid=10062, procState is changed. (0 -> 1)
03-02 00:56:56.380  1507  1507 I SurfaceFlinger: RequestedLayer [Task=44841#155297] hidden!! flag  from(0) --> to(1)
03-02 00:56:56.380  1507  1507 I SurfaceFlinger: [LayerHierarchy{RequestedLayerState{Task=44543#147901 parentId=10 z=42} 1 children}] reparent to LayerHierarchy{RequestedLayerState{DefaultTaskDisplayArea_d0#10 parentId=9} 46 children}
03-02 00:56:56.380  1507  1507 I SurfaceFlinger: [LayerHierarchy{RequestedLayerState{Transition Root: Task=44543#155331 z=42} 2 children}] reparent to OffscreenRoot
03-02 00:56:56.380  1507  1507 I SurfaceFlinger: [LayerHierarchy{RequestedLayerState{Transition Root: Task=44543#155331 z=42} 2 children}] RelativeParent to null
03-02 00:56:56.380  1507  1507 I SurfaceFlinger: [LayerHierarchy{RequestedLayerState{Task=44841#155297 parentId=10 z=41} 2 children}] reparent to LayerHierarchy{RequestedLayerState{DefaultTaskDisplayArea_d0#10 parentId=9} 46 children}
03-02 00:56:56.380  1507  1507 I SurfaceFlinger: [LayerHierarchy{RequestedLayerState{DimTransitionLayer for Surface(name=Task=44841)/@0x7e969ec#155335 z=-1} no children}] reparent to OffscreenRoot
03-02 00:56:56.380  1507  1507 I SurfaceFlinger: [LayerHierarchy{RequestedLayerState{DimTransitionLayer for Surface(name=Task=44841)/@0x7e969ec#155335 z=-1} no children}] RelativeParent to null
03-02 00:56:56.380 17386 17493 W chromium: [WARNING:net/cert/ev_root_ca_metadata.cc:118] Not implemented
