03-02 00:56:52.404  3202  3390 I HoneySpace.TopTaskUseCase: topTasks 44839 ComponentInfo{com.podcast.app.debug.test/androidx.test.core.app.InstrumentationActivityInvoker$EmptyActivity}[displayId=0]
03-02 00:56:52.405 17121 17121 I ImeFocusController: onPreWindowFocus: skipped hasWindowFocus=false mHasImeFocus=true
03-02 00:56:52.405 17121 17121 I ImeFocusController: onPostWindowFocus: skipped hasWindowFocus=false mHasImeFocus=true
03-02 00:56:52.409  2746  3672 I vol.Events: writeEvent key STREAM_MUSIC 420
03-02 00:56:52.412  2013  2253 I WindowManager: Relayout Window{a295732 u0 Splash Screen com.podcast.app.debug.test}: viewVisibility=0 req=1080x2340 ty=3 d0
03-02 00:56:52.412  1507  2128 I SurfaceFlinger: id=155253 createSurf, flag=44004, Splash Screen com.podcast.app.debug.test$_2746#155253
03-02 00:56:52.414 22395 13686 I AdvertisingIdClient: shouldSendLog 766497105
03-02 00:56:52.414 22395 13686 I AdvertisingIdClient: GetInfoInternal elapse 21ms
03-02 00:56:52.414  1646  2917 I CameraService: onUidStateChanged: uid=10062, procState is changed. (0 -> 1)
03-02 00:56:52.418  1507  1507 I SurfaceFlinger: [Splash Screen com.podcast.app.debug.test$_2746#155253] attach to parent LayerHierarchy{RequestedLayerState{a295732 Splash Screen com.podcast.app.debug.test#155252 parentId=155251} 1 children}
03-02 00:56:52.421 14885 15645 W X.12ho  : Exception thrown by removal listener
03-02 00:56:52.421 14885 15645 W X.12ho  : java.lang.NullPointerException: Attempt to read from field 'android.os.MessageQueue android.os.Looper.mQueue' on a null object reference in method 'android.os.MessageQueue android.os.Looper.myQueue()'
03-02 00:56:52.421 14885 15645 W X.12ho  : 	at android.os.Looper.myQueue(Looper.java:476)
03-02 00:56:52.421 14885 15645 W X.12ho  : 	at X.0ZNu.LIZLLL(SourceFile:33554550)
03-02 00:56:52.421 14885 15645 W X.12ho  : 	at X.0ZSn.LIZJ(SourceFile:16777246)
03-02 00:56:52.421 14885 15645 W X.12ho  : 	at X.12hp.LJIJJLI(SourceFile:20)
03-02 00:56:52.421 14885 15645 W X.12ho  : 	at X.12ho.remove(SourceFile:16777331)
03-02 00:56:52.421 14885 15645 W X.12ho  : 	at X.0ZNu.get(SourceFile:16777252)
03-02 00:56:52.421 14885 15645 W X.12ho  : 	at X.15Kl.LIZ(SourceFile:16777243)
03-02 00:56:52.421 14885 15645 W X.12ho  : 	at com.ss.android.ugc.aweme.awemeservice.AwemeService.LLILII(SourceFile:16777222)
03-02 00:56:52.421 14885 15645 W X.12ho  : 	at X.0LE3.LIZ(SourceFile:16777223)
03-02 00:56:52.421 14885 15645 W X.12ho  : 	at X.0fnk.execute(SourceFile:15)
03-02 00:56:52.421 14885 15645 W X.12ho  : 	at X.0fnZ.LIZ(SourceFile:33554436)
03-02 00:56:52.421 14885 15645 W X.12ho  : 	at X.0fsB.LIZJ(SourceFile:16777398)
03-02 00:56:52.421 14885 15645 W X.12ho  : 	at X.0fsI.execute(SourceFile:9)
03-02 00:56:52.421 14885 15645 W X.12ho  : 	at X.0fnZ.LIZ(SourceFile:33554436)
03-02 00:56:52.421 14885 15645 W X.12ho  : 	at X.0foe.LIZ(SourceFile:33554497)
03-02 00:56:52.421 14885 15645 W X.12ho  : 	at X.0fpA.LIZLLL(SourceFile:67109172)
03-02 00:56:52.421 14885 15645 W X.12ho  : 	at X.0fpD.LIZ(SourceFile:50331651)
03-02 00:56:52.421 14885 15645 W X.12ho  : 	at X.0foU.LIZ(SourceFile:83886163)
03-02 00:56:52.421 14885 15645 W X.12ho  : 	at X.0flw.selectBitrateJsonString(SourceFile:33555071)
03-02 00:56:52.424  2746  2746 D SecVolume.VolumePanelStore: dispatch [ACTION_STATE_CHANGED with [STATE_NO_DISPATCH], currentAction={isFromOutside : true, isVoiceCapble : true, activeStream : 3}, currentState={activeStream=3(vol=520), stream=3(vol=520) } isPendingState : true, isShowing : true, isHasVibrator : true, isVoiceCapable : true, isSetupWizardComplete : true, isCaptionComponentEnabled : true, isWithAnimation : true, isMediaDefaultEnabled : true, isAnimating : true, ringerModeInternal : 2, timeOutControlsText : 0, cutoutHeight : 0, iconTargetState : 2, pinDevice : 0, activeStream : 3, iconCurrentState : 2, timeOutControls : 0, timeOut : 3000, stream : 3, earProtectLevel : 909, systemTimeNow : 491088274}
03-02 00:56:52.424  2013  2253 I WindowManager: Relayout hash=a295732, pid=2746, syncId=-1: mAttrs={(0,0)(fillxfill) sim={adjust=pan} layoutInDisplayCutoutMode=always ty=APPLICATION_STARTING fmt=TRANSLUCENT
03-02 00:56:52.424  2013  2253 I WindowManager:   fl=81030118
03-02 00:56:52.424  2013  2253 I WindowManager:   pfl=10000810
03-02 00:56:52.424  2013  2253 I WindowManager:   apr=18
03-02 00:56:52.424  2013  2253 I WindowManager:   bhv=1
03-02 00:56:52.424  2013  2253 I WindowManager:   fitSides=0
03-02 00:56:52.424  2013  2253 I WindowManager:   frameRateBoostOnTouch=true
03-02 00:56:52.424  2013  2253 I WindowManager:   dvrrWindowFrameRateHint=true naviIconColor=0}
03-02 00:56:52.425  2746  2808 I InsetsController: onStateChanged: host=Splash Screen com.podcast.app.debug.test, from=android.view.ViewRootImpl.onInsetsStateChanged:3026, state=InsetsState: {mDisplayFrame=Rect(0, 0 - 1080, 2340), mDisplayCutout=DisplayCutout{insets=Rect(0, 80 - 0, 0) waterfall=Insets{left=0, top=0, right=0, bottom=0} boundingRect={Bounds=[Rect(0, 0 - 0, 0), Rect(472, 0 - 608, 80), Rect(0, 0 - 0, 0), Rect(0, 0 - 0, 0)]} cutoutPathParserInfo={CutoutPathParserInfo{displayWidth=1080 displayHeight=2340 physicalDisplayWidth=1080 physicalDisplayHeight=2340 density={2.8125} cutoutSpec={M 0,0 H -24.177777778 V 28.4444444444 H 24.177777778 V 0 H 0 Z @dp} rotation={0} scale={1.0} physicalPixelDisplaySizeRatio={1.0}}} sideOverrides={}}, mRoundedCorners=RoundedCorners{[RoundedCorner{position=TopLeft, radius=113, center=Point(113, 113)}, RoundedCorner{position=TopRight, radius=113, center=Point(967, 113)}, RoundedCorner{position=BottomRight, radius=113, center=Point(967, 2227)}, RoundedCorner{position=BottomLeft, radius=113, center=Point(113, 2227)}]}  mRoundedCornerFrame=Rect(0, 0 - 1080, 2340), mPrivacyIndicatorBounds=PrivacyIndicatorBounds {static bounds=Rect(956, 0 - 1080, 80) rotation=0}, mDisplayShape=DisplayShape{ spec=-311912193 displayWidth=1080 displayHeight=2340 physicalPixelDisplaySizeRatio=1.0 rotation=0 offsetX=0 offsetY=0 scale=1.0}, mSources= { InsetsSource: {e9af0000 mType=statusBars mFrame=[0,0][1080,80] mVisible=true mFlags= mSideHint=TOP mBoundingRects=null}, InsetsSource: {e9af0005 mType=mandatorySystemGestures mFrame=[0,0][1080,114] mVisible=true mFlags= mSideHint=TOP mBoundingRects=null}, InsetsSource: {e9af0006 mType=tappableElement mFrame=[0,0][1080,80] mVisible=true mFlags= mSideHint=TOP mBoundingRects=null}, InsetsSource: {3 mType=ime mFrame=[0,0][0,0] mVisible=false mFlags= mSideHint=NONE mBoundingRects=null}, InsetsSource: {27 mType=displayCutout mFrame=[0,0][1080,80] mVisible=true mFlags= mSideHint=TOP mBoundingRects=null}, InsetsSource: {26ed0001 mType=navigationBars mFrame=[0,2298][1080,2340] mVisible=true mFlags=SUPPRESS_SCRIM mSideHint=BOTTOM mBoundingRects=null}, InsetsSource: {26ed0004 mType=systemGestures mFrame=[0,0][84,2340] mVisible=true mFlags= mSideHint=LEFT mBoundingRects=null}, InsetsSource: {26ed0005 mType=mandatorySystemGestures mFrame=[0,2250][1080,2340] mVisible=true mFlags= mSideHint=BOTTOM mBoundingRects=null}, InsetsSource: {26ed0006 mType=tappableElement mFrame=[0,0][0,0] mVisible=true mFlags= mSideHint=NONE mBoundingRects=null}, InsetsSource: {26ed0024 mType=systemGestures mFrame=[996,0][1080,2340] mVisible=true mFlags= mSideHint=RIGHT mBoundingRects=null} }
03-02 00:56:52.425  2746  2808 I VRI[test]@e670c16: onActiveControlsChanged, removed=false, mAdded=true, caller=android.view.ViewRootImpl.handleInsetsControlChanged:3002 android.view.ViewRootImpl.relayoutWindow:11629 android.view.ViewRootImpl.performTraversals:4804 android.view.ViewRootImpl.doTraversal:3924 android.view.ViewRootImpl$TraversalRunnable.run:12903
03-02 00:56:52.427  2746  2746 D SecVolume.SmartViewInteractor: isSmartView=false
03-02 00:56:52.427  2746  2746 D SecVolume.VolumePanelStore:   > New State : [STATE_NO_DISPATCH]
03-02 00:56:52.429 17386 17386 W cr_SearchEngineDelegate: ensureIsDeviceChoiceRequiredSupplier() called on ineligible device
03-02 00:56:52.431 14636 15217 D WM-GreedyScheduler: Cancelling work ID f23029b8-b7a3-4a93-aaf6-b7c7a26dfe9e
03-02 00:56:52.432 14616 14616 E Finsky  : [2] Setup::DSE: Failed to sync Phenotype experiments, time out after PT0.001S (Waited 1 milliseconds (plus 159000 nanoseconds delay) for jes@5100822[status=PENDING, info=[tag=[jeq@69a02b3]]])
03-02 00:56:52.433 14616 14681 I Finsky  : [4012] Triggered update for experiment package com.google.android.finsky.regular.
03-02 00:56:52.436 17142 17326 I CategoryBloomFilter: BloomFilterSize:- 2778349
03-02 00:56:52.439  2746  2808 D BufferQueueConsumer: [](id:aba00001df5,api:0,p:-1,c:2746) connect: controlledByApp=false
03-02 00:56:52.440  2746  2808 I BLASTBufferQueue: [VRI[test]@e670c16#7669](f:0,a:0,s:0) constructor()
03-02 00:56:52.440  2746  2808 I BLASTBufferQueue_Java: new BLASTBufferQueue, mName= VRI[test]@e670c16 mNativeObject= 0xb4000076ae318400 caller= android.view.ViewRootImpl.updateBlastSurfaceIfNeeded:3585 android.view.ViewRootImpl.relayoutWindow:11685 android.view.ViewRootImpl.performTraversals:4804 android.view.ViewRootImpl.doTraversal:3924 android.view.ViewRootImpl$TraversalRunnable.run:12903 android.view.Choreographer$CallbackRecord.run:1901 android.view.Choreographer$CallbackRecord.run:1910 android.view.Choreographer.doCallbacks:1367 android.view.Choreographer.doFrame:1292 android.view.Choreographer$FrameDisplayEventReceiver.run:1870
03-02 00:56:52.440  2746  2808 I BLASTBufferQueue_Java: update, w= 1080 h= 2340 mName = VRI[test]@e670c16 mNativeObject= 0xb4000076ae318400 sc.mNativeObject= 0xb40000772aec6f40 format= -3 caller= android.view.ViewRootImpl.updateBlastSurfaceIfNeeded:3590 android.view.ViewRootImpl.relayoutWindow:11685 android.view.ViewRootImpl.performTraversals:4804 android.view.ViewRootImpl.doTraversal:3924 android.view.ViewRootImpl$TraversalRunnable.run:12903 android.view.Choreographer$CallbackRecord.run:1901
03-02 00:56:52.440  2746  2808 I BLASTBufferQueue: [VRI[test]@e670c16#7669](f:0,a:0,s:0) update width=1080 height=2340 format=-3 mTransformHint=0
03-02 00:56:52.440  2746  2808 I VRI[test]@e670c16: Relayout returned: old=(0,0,1080,2340) new=(0,0,1080,2340) relayoutAsync=false req=(1080,2340)0 dur=31 res=0x3 s={true 0xb40000772ad67900} ch=true seqId=0
03-02 00:56:52.441  1507  1507 I SurfaceFlinger: [LayerHierarchy{RequestedLayerState{ImeContainer#15 parentId=155236 relativeParentId=155236 z=1} 1 children}] RelativeParent to null
03-02 00:56:52.442  6655  8391 I NetworkScheduler: (REDACTED) Error inserting %s
03-02 00:56:52.444  2746  2808 I VRI[test]@e670c16: performConfigurationChange setNightDimText nightDimLevel=0
03-02 00:56:52.444 14636 15217 W JobInfo : Requested important-while-foreground flag for job3646 is ignored and takes no effect
03-02 00:56:52.445  2746  2808 D VRI[test]@e670c16: mThreadedRenderer.initialize() mSurface={isValid=true 0xb40000772ad67900} hwInitialized=true
03-02 00:56:52.446  2746  2808 D VRI[test]@e670c16: reportNextDraw android.view.ViewRootImpl.performTraversals:5443 android.view.ViewRootImpl.doTraversal:3924 android.view.ViewRootImpl$TraversalRunnable.run:12903 android.view.Choreographer$CallbackRecord.run:1901 android.view.Choreographer$CallbackRecord.run:1910
03-02 00:56:52.446  2746  2808 D VRI[test]@e670c16: Setup new sync=wmsSync-VRI[test]@e670c16#53
03-02 00:56:52.446  2746  2808 I VRI[test]@e670c16: Creating new active sync group VRI[test]@e670c16#54
03-02 00:56:52.448  2746  2746 D SecVolume.VolumePanelStore: dispatch [ACTION_PANEL_SHOW with [STATE_NO_DISPATCH], currentAction={isFromOutside : true}, currentState={activeStream=3(vol=420), stream=3(vol=420) } isPendingState : true, isShowing : true, isHasVibrator : true, isVoiceCapable : true, isSetupWizardComplete : true, isCaptionComponentEnabled : true, isWithAnimation : true, isMediaDefaultEnabled : true, isAnimating : true, ringerModeInternal : 2, timeOutControlsText : 0, cutoutHeight : 0, iconTargetState : 2, pinDevice : 0, activeStream : 3, iconCurrentState : 2, timeOutControls : 0, timeOut : 3000, stream : 3, earProtectLevel : 909, systemTimeNow : 491091425}
03-02 00:56:52.449 14636 15217 D WM-SystemJobScheduler: Scheduling work ID f23029b8-b7a3-4a93-aaf6-b7c7a26dfe9eJob ID 3646
03-02 00:56:52.452  2746  2746 D SecVolume.VolumePanelStore:   > New State : [STATE_NO_DISPATCH]
03-02 00:56:52.454  2746  2808 D VRI[test]@e670c16: registerCallbacksForSync syncBuffer=false
03-02 00:56:52.464  2746  2865 D VRI[test]@e670c16: Received frameDrawingCallback syncResult=0 frameNum=1.
03-02 00:56:52.464  2746  2865 I VRI[test]@e670c16: mWNT: t=0xb40000771f6f2100 mBlastBufferQueue=0xb4000076ae318400 fn= 1 HdrRenderState mRenderHdrSdrRatio=1.0 caller= android.view.ViewRootImpl$12.onFrameDraw:15441 android.view.ThreadedRenderer$1.onFrameDraw:718 <bottom of call stack>
03-02 00:56:52.464  2746  2865 I VRI[test]@e670c16: Setting up sync and frameCommitCallback
03-02 00:56:52.465  2746  2870 I BLASTBufferQueue: [VRI[test]@e670c16#7669](f:0,a:0,s:0) onFrameAvailable the first frame is available
03-02 00:56:52.465  1445  2902 W C2MtkBufferManager: [0xB4000070F507E520] fetchNewCcBlock: wait fence 0x0xb4000070f5058270 timed out. ret 110
03-02 00:56:52.465  2746  2870 I BLASTBufferQueue: [VRI[test]@e670c16#7669](f:0,a:1,s:0) acquireNextBufferLocked size=1080x2340 mFrameNumber=1 applyTransaction=true mTimestamp=491091466441501(auto) mPendingTransactions.size=0 graphicBufferId=11793980283121 transform=0
03-02 00:56:52.466  2746  2870 I VRI[test]@e670c16: Received frameCommittedCallback lastAttemptedDrawFrameNum=1 didProduceBuffer=true
03-02 00:56:52.469  2746  2870 D HWUI    : CFMS:: SetUp Pid : 2746    Tid : 2870
03-02 00:56:52.470  3202  4698 I HoneySpace.RecentTasks: onRecentTasksChanged
03-02 00:56:52.471  1646  2917 I CameraService: onUidStateChanged: uid=10492, procState is changed. (10 -> 19)
03-02 00:56:52.475  2746  2746 D SecVolume.VolumePanelStore: dispatch [ACTION_CAPTION_COMPONENT_CHANGED with [STATE_NO_DISPATCH], currentAction={isFromOutside : true, isCaptionComponentEnabled : true}, currentState={activeStream=3(vol=420), stream=3(vol=420) } isPendingState : true, isShowing : true, isHasVibrator : true, isVoiceCapable : true, isSetupWizardComplete : true, isCaptionComponentEnabled : true, isWithAnimation : true, isMediaDefaultEnabled : true, isAnimating : true, ringerModeInternal : 2, timeOutControlsText : 0, cutoutHeight : 0, iconTargetState : 2, pinDevice : 0, activeStream : 3, iconCurrentState : 2, timeOutControls : 0, timeOut : 3000, stream : 3, earProtectLevel : 909, systemTimeNow : 491091425}
03-02 00:56:52.475  2746  2746 D SecVolume.VolumePanelStore:   > New State : [STATE_CAPTION_COMPONENT_CHANGED]
03-02 00:56:52.477  2746  2808 D VRI[test]@e670c16: reportDrawFinished seqId=0
03-02 00:56:52.478  6655 11493 I NetworkScheduler: (REDACTED) Error inserting %s
03-02 00:56:52.491  1507  1825 I SurfaceFlinger: Capture layer list: 	 com.podcast.app.debug/androidx.activity.ComponentActivity$_17121#155243(seamlessTransition:0)
03-02 00:56:52.500  2013  2013 D AudioManager: adjustSuggestedStreamVolumeForUid : suggestedStreamType=-2147483648, direction=0 callers=MediaSessionService$SessionManagerImpl$3.run:56<-Handler.handleCallback:995<-Handler.dispatchMessage:103<-Looper.loopOnce:273<-Looper.loop:363
03-02 00:56:52.500  2013  2013 D AS.AudioService: adjustSuggestedStreamVolume() stream=-2147483648, flags=4116, caller=android, volControlStream=3, userSelect=false
03-02 00:56:52.504  2013  2675 D SemWifiTransportLayerMonitor.TcpMonitorHandler: MSG_SAVE_PACKAGE_INFO
03-02 00:56:52.504  2013  2675 D SemWifiTransportLayerFileManager: saveWifiPackageInfoToFile
03-02 00:56:52.504  2013  2675 D SemWifiTransportLayerFileManager: writeWifiPackageInfoList
03-02 00:56:52.508  1427  1427 D Zygote  : Forked child process 17532
03-02 00:56:52.511  1484  2000 V APM_AudioPolicyManager: getAudioPolicyConfig: audioParam;l_stream_active
03-02 00:56:52.512 16938 17087 I Routine@Core[4.9.04.16]: AppFunctionsActionHandler: isSupported: supportStatus = SUPPORTED, tag = appfunction://com.samsung.android.support.senl.nt.app.main.appfunction#NoteFunctions_findNotes
03-02 00:56:52.512  2013  2013 D AS.AudioService: adjustStreamVolume() stream=3, dir=0, flags=4116, caller=android
03-02 00:56:52.513 16938 17087 I Routine@Core[4.9.04.16]: ConflictItemConverter: convertConflictActions - 19
03-02 00:56:52.513 16938 17087 I Routine@Core[4.9.04.16]: RoutineDataMigrator: migration - begin
03-02 00:56:52.518  1507  2393 I SurfaceFlinger: id=155254 createSurf, flag=84004, Transition Root: Task=44839#155254
03-02 00:56:52.523  2013  2719 W ParceledListSlice: Element #30 is 21544 bytes.
03-02 00:56:52.530 14616 14681 I Finsky  : [4012] Already at the latest configurations for experiment package com.google.android.finsky.regular.
03-02 00:56:52.531 14616 14681 I Finsky  : [4012] Triggered update for experiment package com.google.android.finsky.stable.
03-02 00:56:52.533  2746  3672 D vol.VolumeDialogControl: onVolumeChangedW stream = 3, flags = 4112, lastAudibleStreamVolume = 420, changed = false, showUI = false, dualAudio = false, musicStreamState=[routedToHeadset=false, routedToBuds=false, routedToBuds3=false, routedToHomeMini=false, routedToMusicFrame=false, routedToHearingAid=false, remoteFixedVolume=false, remoteSpeaker=false]
03-02 00:56:52.538  1445  2902 W C2MtkBufferManager: [0xB4000070F507E520] fetchNewCcBlock: wait fence 0x0xb4000070f5058270 timed out. ret 110
03-02 00:56:52.540 17532 17532 I .app.debug.test: Late-enabling -Xcheck:jni
03-02 00:56:52.541  1507  1507 I SurfaceFlinger: [Transition Root: Task=44839#155254] attach to parent LayerHierarchy{RequestedLayerState{DefaultTaskDisplayArea_d0#10 parentId=9} 47 children}
03-02 00:56:52.544  2013  2068 I SurfaceControlRegistry: show, t=StartTransaction_SyncId<11220> sc=ActivityRecord{132252253 u0 com.podcast.app.debug.test/androidx.test.core.app.InstrumentationActivityInvoker$EmptyActivity t44839}, caller=android.view.SurfaceControl$Transaction.show:3557 com.android.server.wm.Transition.onTransactionReady:2048 com.android.server.wm.BLASTSyncEngine$SyncGroup.finishNow:240 com.android.server.wm.BLASTSyncEngine.onSurfacePlacement:263 com.android.server.wm.RootWindowContainer.performSurfacePlacementNoTrace:1083 com.android.server.wm.WindowSurfacePlacer.performSurfacePlacement:166
03-02 00:56:52.553  2013  2068 D ScreenCapture: [Capture_TEST] : setIsScreenShotBySystem false
03-02 00:56:52.554  2013  2068 I SurfaceComposerClient: captureLayers:childrenOnly:1, sync:1
03-02 00:56:52.560  2746  2798 I SurfaceControlRegistry: hide, t=FinishTransaction_SyncId<11220> sc=Task=44838, caller=android.view.SurfaceControl$Transaction.hide:3583 com.android.wm.shell.transition.Transitions.dispatchReady:1263 com.android.wm.shell.transition.Transitions.onTransitionReady:251 com.android.wm.shell.transition.Transitions$TransitionPlayerImpl$$ExternalSyntheticLambda0.run:13 android.os.Handler.handleCallback:995 android.os.Handler.dispatchMessage:103
03-02 00:56:52.560  2746  2798 I SurfaceControlRegistry: show, t=StartTransaction_SyncId<11220> sc=Task=44839, caller=android.view.SurfaceControl$Transaction.show:3557 com.android.wm.shell.transition.Transitions.dispatchReady:1279 com.android.wm.shell.transition.Transitions.onTransitionReady:251 com.android.wm.shell.transition.Transitions$TransitionPlayerImpl$$ExternalSyntheticLambda0.run:13 android.os.Handler.handleCallback:995 android.os.Handler.dispatchMessage:103
03-02 00:56:52.560  2746  2798 I SurfaceControlRegistry: show, t=FinishTransaction_SyncId<11220> sc=Task=44839, caller=android.view.SurfaceControl$Transaction.show:3557 com.android.wm.shell.transition.Transitions.dispatchReady:1330 com.android.wm.shell.transition.Transitions.onTransitionReady:251 com.android.wm.shell.transition.Transitions$TransitionPlayerImpl$$ExternalSyntheticLambda0.run:13 android.os.Handler.handleCallback:995 android.os.Handler.dispatchMessage:103
03-02 00:56:52.561  2746  2798 I SurfaceControlRegistry: show, t=StartTransaction_SyncId<11220> sc=Transition Root: Task=44839, caller=android.view.SurfaceControl$Transaction.show:3557 com.android.wm.shell.transition.Transitions.playTransition:79 com.android.wm.shell.transition.Transitions.processReadyQueue:239 com.android.wm.shell.transition.Transitions.dispatchReady:1352 com.android.wm.shell.transition.Transitions.onTransitionReady:251 com.android.wm.shell.transition.Transitions$TransitionPlayerImpl$$ExternalSyntheticLambda0.run:13
03-02 00:56:52.567  1507  2393 I SurfaceFlinger: Capture layer list: 	 com.podcast.app.debug/androidx.activity.ComponentActivity$_17121#155243(seamlessTransition:0)
03-02 00:56:52.569  1507  1562 I SurfaceFlinger: id=155255 createSurf, flag=20004, DimTransitionLayer for Surface(name=Task=44839)/@0x29f34a1#155255
03-02 00:56:52.571  2746  2798 I SurfaceControlRegistry: show, t=StartTransaction_SyncId<11220> sc=DimTransitionLayer for Surface(name=Task=44839)/@0x29f34a1, caller=android.view.SurfaceControl$Transaction.show:3557 com.android.wm.shell.transition.DefaultTransitionHandler.startAnimation:2837 com.android.wm.shell.transition.Transitions.dispatchTransition:90 com.android.wm.shell.transition.Transitions.playTransition:774 com.android.wm.shell.transition.Transitions.processReadyQueue:239 com.android.wm.shell.transition.Transitions.dispatchReady:1352
03-02 00:56:52.572  2746  2798 I SurfaceControlRegistry: apply, t=StartTransaction_SyncId<11220>, caller=android.view.SurfaceControl$Transaction.apply:3459 android.view.SurfaceControl$Transaction.apply:3447 android.view.SurfaceControl$Transaction.apply:3397 com.android.wm.shell.transition.DefaultTransitionHandler.startAnimation:3292 com.android.wm.shell.transition.Transitions.dispatchTransition:90 com.android.wm.shell.transition.Transitions.playTransition:774
03-02 00:56:52.574  1507  1507 I SurfaceFlinger: [DimTransitionLayer for Surface(name=Task=44839)/@0x29f34a1#155255] attach to parent LayerHierarchy{RequestedLayerState{Transition Root: Task=44839#155254 parentId=10} 1 children}
03-02 00:56:52.577 17532 17532 I .app.debug.test: Using CollectorTypeCMC GC.
03-02 00:56:52.585  1507  1507 I SurfaceFlinger: RequestedLayer [a295732 Splash Screen com.podcast.app.debug.test#155252] hidden!! flag  from(1) --> to(0)
03-02 00:56:52.585  1507  1507 I SurfaceFlinger: RequestedLayer [Splash Screen com.podcast.app.debug.test$_2746#155253] hidden!! flag  from(1) --> to(0)
03-02 00:56:52.585  1507  1507 I SurfaceFlinger: RequestedLayer [Task=44839#155250] hidden!! flag  from(1) --> to(0)
03-02 00:56:52.585  1507  1507 E SurfaceFlinger: alpha changed 1.000 -> 0.000 - Task=44839#155250
03-02 00:56:52.585  1507  1507 I SurfaceFlinger: RequestedLayer [Transition Root: Task=44839#155254] hidden!! flag  from(1) --> to(0)
03-02 00:56:52.585  1507  1507 I SurfaceFlinger: RequestedLayer [ActivityRecord{132252253 u0 com.podc[...]Invoker$EmptyActivity t44839}#155251] hidden!! flag  from(1) --> to(0)
03-02 00:56:52.585  1507  1507 I SurfaceFlinger: RequestedLayer [DimTransitionLayer for Surface(name=Task=44839)/@0x29f34a1#155255] hidden!! flag  from(1) --> to(0)
03-02 00:56:52.585  1507  1507 E SurfaceFlinger: alpha changed 1.000 -> 0.000 - DimTransitionLayer for Surface(name=Task=44839)/@0x29f34a1#155255
03-02 00:56:52.585  1507  1507 E SurfaceFlinger: alpha changed 0.000 -> 1.000 - Task=44839#155250
03-02 00:56:52.585  1507  1507 E SurfaceFlinger: alpha changed 0.000 -> 0.000 - DimTransitionLayer for Surface(name=Task=44839)/@0x29f34a1#155255
03-02 00:56:52.585  1507  1507 I SurfaceFlinger: [LayerHierarchy{RequestedLayerState{Task=44838#155235 parentId=155254 z=2} 1 children}] reparent to LayerHierarchy{RequestedLayerState{Transition Root: Task=44839#155254 parentId=10 z=42} 2 children}
03-02 00:56:52.585  1507  1507 I SurfaceFlinger: [LayerHierarchy{RequestedLayerState{Task=44839#155250 parentId=155254 z=5} 1 children}] reparent to LayerHierarchy{RequestedLayerState{Transition Root: Task=44839#155254 parentId=10 z=42} 3 children}
03-02 00:56:52.585  1507  1507 I SurfaceFlinger: [LayerHierarchy{RequestedLayerState{DimTransitionLayer for Surface(name=Task=44839)/@0x29f34a1#155255 parentId=155254 relativeParentId=155250 z=-1} no children}] RelativeParent to LayerHierarchy{RequestedLayerState{Task=44839#155250 parentId=155254 z=5} 2 children}
03-02 00:56:52.585  3508  3521 I adbd    : jdwp connection from 17532
03-02 00:56:52.586  1507  1562 I SurfaceFlinger: id=155256 createSurf, flag=24000, Surface(name=c536234 NavigationBar0)/@0xfac847b - animation-leash of insets_animation#155256
03-02 00:56:52.595  2013  2706 D NetdEventListenerService: DNS Requested by 318, 10350(com.zhiliaoapp.musically), SUCCESS, 20ms
03-02 00:56:52.596  1507  1507 I BufferQueueProducer: [FramebufferSurface](this:0xb400007a458f0370,id:-1,api:1,p:1507,c:1507) queueBuffer: fps=0.85 dur=1169.65 max=1169.65 min=1169.65
03-02 00:56:52.597 17532 17532 D nativeloader: Load libframework-connectivity-tiramisu-jni.so using APEX ns com_android_tethering for caller /apex/com.android.tethering/javalib/framework-connectivity-t.jar: ok
03-02 00:56:52.599  1507  1507 I SurfaceFlinger: [Surface(name=c536234 NavigationBar0)/@0xfac847b - animation-leash of insets_animation#155256] attach to parent LayerHierarchy{RequestedLayerState{WindowToken{5cf38d1 type=2019 android.os.BinderProxy@916675b}#101 parentId=34} 2 children}
03-02 00:56:52.602  1507  1562 I SurfaceFlinger: id=155257 createSurf, flag=24000, Surface(name=a5d3a68 StatusBar)/@0xd5726d6 - animation-leash of insets_animation#155257
03-02 00:56:52.605 17532 17532 D ActivityThread: setConscryptValidator
03-02 00:56:52.605 17532 17532 D ActivityThread: setConscryptValidator - put
03-02 00:56:52.609  1507  1507 I SurfaceFlinger: [Surface(name=a5d3a68 StatusBar)/@0xd5726d6 - animation-leash of insets_animation#155257] attach to parent LayerHierarchy{RequestedLayerState{WindowToken{d05298b type=2000 android.os.BinderProxy@163b705}#108 parentId=17} 2 children}
03-02 00:56:52.614  1445  2902 W C2MtkBufferManager: [0xB4000070F507E520] fetchNewCcBlock: wait fence 0x0xb4000070f5058270 timed out. ret 110
03-02 00:56:52.616 17142 17326 I AppClassifier: Category not present in BloomFilter, Checking in Manifest:- com.podcast.app.debug
03-02 00:56:52.617 17142 17326 I AppClassifier: Category not found in BF and Manifest for pkg :- com.podcast.app.debug
03-02 00:56:52.621  1507  1825 I SurfaceFlinger: Capture layer list: 	 com.podcast.app.debug/androidx.activity.ComponentActivity$_17121#155243(seamlessTransition:0)
03-02 00:56:52.633 14616 14681 I Finsky  : [4012] Already at the latest configurations for experiment package com.google.android.finsky.stable.
03-02 00:56:52.637  3202  3921 I HoneySpace.RecentTasks: onRunningTaskAppeared
03-02 00:56:52.639  3202  3921 I HoneySpace.RecentTasks: onRecentTasksChanged
03-02 00:56:52.642  2746  2746 D SamsungLightBarControlHelper: updateStatusBar (BLACK icon) numStacks:1, StatusBarMode:MODE_TRANSPARENT, lightBarBounds:[Rect(0, 0 - 1080, 2340)], StatusBarState:SHADE, packageName:, isWhiteKeyguardStatusBar:true
03-02 00:56:52.644  2746  2746 D SamsungLightBarControlHelper: onStatusBarAppearanceChanged() -  sbModeChanged:false, statusBarMode:0, barState:MODE_TRANSPARENT, isKeyguardShowing:false, navbarColorManagedByIme:false, (AppearanceRegion{LIGHT_STATUS_BARS bounds=[0,0][1080,2340]}, )
03-02 00:56:52.644  2746  2746 D NavigationBar: onSystemBarAttributesChanged() -  displayId:0, appearance:24, packageName: com.podcast.app.debug.test (APPEARANCE_LIGHT_STATUS_BARS APPEARANCE_LIGHT_NAVIGATION_BARS ), navbarColorManagedByIme:false
03-02 00:56:52.650  1445  2902 D C2MtkBufferManager: over 5000ms not request from VCodec but callback hooked, slow BM Cc fetch thread. Last get time was 90576060ms ago.
03-02 00:56:52.651  1507  1507 E SurfaceFlinger: alpha changed 0.000 -> 0.066 - DimTransitionLayer for Surface(name=Task=44839)/@0x29f34a1#155255
03-02 00:56:52.654  1507  1562 I SurfaceFlinger: id=155258 createSurf, flag=84000, 161bb07 ActivityRecordInputSink com.podcast.app.debug.test/androidx.test.core.app.InstrumentationActivityInvoker$EmptyActivity#155258
03-02 00:56:52.651 17514 17514 I cr_ChildProcessService: Creating new ChildProcessService pid=17514
03-02 00:56:52.663  1507  1507 D SurfaceFlinger: Display 4627039422300187648 HWC layers:
03-02 00:56:52.663  1507  1507 D SurfaceFlinger:        CLIENT |           73534135074817 | 00002102 | RGBA_8888    |  144.0    0.0 1080.0 2340.0 |    0    0 1080 2340 | com.podcast.app.debug/androidx.activity.ComponentActivity$_17121#155243 (4)
03-02 00:56:52.663  1507  1507 D SurfaceFlinger:   SOLID_COLOR |                        0 | 00000000 | N/A          |    0.0    0.0    0.0    0.0 |    0    0 1080 2340 | DimTransitionLayer for Surface(name=Task=44839)/@0x29f34a1#155255 (0)
03-02 00:56:52.663  1507  1507 D SurfaceFlinger:        DEVICE |           11793980283121 | 00002100 | RGBA_8888    |    0.0    0.0  462.0 2340.0 |  618    0 1080 2340 | Splash Screen com.podcast.app.debug.test$_2746#155253 (1)
03-02 00:56:52.663  1507  1507 D SurfaceFlinger:        DEVICE |           11793980281854 | 00002100 | RGBA_8888    |    0.0    0.0 1080.0   80.0 |    0    0 1080   80 | StatusBar$_2746#117 (210836)
03-02 00:56:52.663  1507  1507 D SurfaceFlinger:        DEVICE |           13752485304097 | 00002100 | RGBA_8888    |    0.0    0.0   67.0  346.0 | 1013  454 1080  800 | com.sec.android.app.launcher/com.sam[...].app.CocktailBarService$_3202#152779 (1)
03-02 00:56:52.663  1507  1507 D SurfaceFlinger:        DEVICE |           11793980283110 | 00002100 | RGBA_8888
03-02 00:56:52.663  1507  1507 D SurfaceFlinger:     |    0.0    0.0  229.0  724.0 |  851  551 1080 1275 | VolumePanelWindow$_2746#155234 (75)
03-02 00:56:52.663  1507  1507 D SurfaceFlinger:        DEVICE |           11793980281853 | 00002100 | RGBA_8888    |    0.0    0.0 1080.0  135.0 |    0 2205 1080 2340 | NavigationBar0$_2746#113 (187233)
03-02 00:56:52.663  1507  1507 D SurfaceFlinger:
03-02 00:56:52.664  1507  1507 I SurfaceFlinger: [LayerHierarchy{RequestedLayerState{c536234 NavigationBar0#102 parentId=155256} 1 children}] reparent to LayerHierarchy{RequestedLayerState{Surface(name=c536234 NavigationBar0)/@0xfac847b - animation-leash of insets_animation#155256 parentId=101} 1 children}
03-02 00:56:52.664  1507  1507 I SurfaceFlinger: [LayerHierarchy{RequestedLayerState{a5d3a68 StatusBar#109 parentId=155257} 1 children}] reparent to LayerHierarchy{RequestedLayerState{Surface(name=a5d3a68 StatusBar)/@0xd5726d6 - animation-leash of insets_animation#155257 parentId=108} 1 children}
03-02 00:56:52.664  1507  1507 I SurfaceFlinger: [LayerHierarchy{RequestedLayerState{Surface(name=c536234 NavigationBar0)/@0xfac847b - animation-leash of insets_animation#155246} no children}] reparent to OffscreenRoot
03-02 00:56:52.664  1507  1507 I SurfaceFlinger: [LayerHierarchy{RequestedLayerState{Surface(name=c536234 NavigationBar0)/@0xfac847b - animation-leash of insets_animation#155246} no children}] RelativeParent to null
03-02 00:56:52.664  1507  1507 I SurfaceFlinger: [LayerHierarchy{RequestedLayerState{Surface(name=a5d3a68 StatusBar)/@0xd5726d6 - animation-leash of insets_animation#155247} no children}] reparent to OffscreenRoot
03-02 00:56:52.664  1507  1507 I SurfaceFlinger: [LayerHierarchy{RequestedLayerState{Surface(name=a5d3a68 StatusBar)/@0xd5726d6 - animation-leash of insets_animation#155247} no children}] RelativeParent to null
03-02 00:56:52.664  1507  1507 I SurfaceFlinger: [161bb07 ActivityRecordInputSink com.podcast.app.debug.test/androidx.test.core.app.InstrumentationActivityInvoker$EmptyActivity#155258] attach to parent LayerHierarchy{RequestedLayerState{ActivityRecord{132252253 u0 com.podcast.app.debug.test/androidx.test.core.app.InstrumentationActivityInvoker$EmptyActivity t44839}#155251 parentId=155250} 2 children}
03-02 00:56:52.667  1507  1507 I BufferQueueProducer: [StatusBar$_2746#117](this:0xb400007a1be07638,id:-1,api:0,p:-1,c:1507) queueBuffer: fps=0.24 dur=4241.57 max=4241.57 min=4241.57
03-02 00:56:52.674  2746  2746 I WindowManager: WindowManagerGlobal#removeView, ty=2020, view=com.android.internal.policy.DecorView{d2707c7 V.E...... R....... 0,0-223,712}[VolumePanelWindow], caller=android.view.WindowManagerGlobal.removeView:654 android.view.WindowManagerImpl.removeViewImmediate:216 android.app.Dialog.dismissDialog:850
03-02 00:56:52.675  2746  2746 W WindowOnBackDispatcher: sendCancelIfRunning: isInProgress=false callback=android.app.Dialog$$ExternalSyntheticLambda4@5494e2c
03-02 00:56:52.675  2746  2746 D VolumeUnsubscriber: dispose() : main thread, remove observer=com.android.systemui.volume.view.VolumeSeekBar{6d42cc9 V.ED..... ......ID -236,0-355,591 #7f0a0f59 app:id/volume_seekbar}
03-02 00:56:52.675  2746  2746 D VolumeUnsubscriber: dispose() : main thread, remove observer=com.android.systemui.volume.view.icon.VPVolumeIcon{a727fce V.E...... .......D 0,0-118,118 #7f0a0f0e app:id/volume_button}
03-02 00:56:52.675  2746  2746 D VolumeUnsubscriber: dispose() : main thread, remove observer=com.android.systemui.volume.view.VolumeRowView{e8ad4d0 V.E...... ......ID 0,0-223,712 #7f0a0f58 app:id/volume_row_view}
03-02 00:56:52.683 14885 17054 W System.err: FlagsHookHelper: skip hook flags method getInstanceHook
03-02 00:56:52.684  2013  2073 W system_server: Long monitor contention with owner binder:2013_6 (2719) at void com.android.server.am.ActivityManagerService.attachApplication(android.app.IApplicationThread, long)(qb/105350715 268999f8a14e7f8abd6a326b97f385fa09379427d12c342cfc170109611a7a5c:28) waiters=7 in void com.android.server.am.BroadcastQueueImpl.handleProcessFreezableChanged(com.android.server.am.ProcessRecord) for 219ms
03-02 00:56:52.688 14885 17037 W System.err: FlagsHookHelper: skip hook flags method getInstanceHook
03-02 00:56:52.691  1445  2902 W C2MtkBufferManager: [0xB4000070F507E520] fetchNewCcBlock: wait fence 0x0xb4000070f5058270 timed out. ret 110
03-02 00:56:52.693 17532 17532 I ActivityThread: Relaunch all activities: onCoreSettingsChange
03-02 00:56:52.703 17386 17492 E FilePhenotypeFlags: Config package com.google.android.gms.auth_account_client#com.android.chrome cannot use FILE backing without declarative registration. See go/phenotype-android-integration#phenotype for more information. This will lead to stale flags.
03-02 00:56:52.714 16938 17087 I Routine@Core[4.9.04.16]: MigrationParser: getMigrationData rawMigrationData : [vibrate_once, custom_key_v3, aircommand_open_with_pen, text_to_speech, unlock_with_finger_print, edge_panel_routine_v3, edge_panel_routine_v3, data_saver_routine]
03-02 00:56:52.716 16938 17087 I Routine@Core[4.9.04.16]: MigrationParser: getMemoryMigrationData rawMemoryMigrationData : [motion_smoothness_v3, motion_smoothness_and_screen_resolution_v3, cover_screen_motion_smoothness_v3, brightness_v3, font_size_v3, screen_zoom_v3, screen_layout_and_zoom_v3, screen_resolution_v3, screen_timeout_v3, rotation_screen_v3, multi_window_tray_v3, dark_mode_v3, bixby_text_command_v3, bixby_quick_command_v3, bixby_voice_wake_up_v3, spotify_playlist_v3, play_media_v3, launch_app_v3, close_app_v3, separate_app_sound_v3, dnd_mode_on_v3, custom_notification_v3, hard_key_v3, quick_decline_message_v3, quick_decline_message_v3, video_enhancer_v3, bluetooth_on_v3, instant_session_v3, airplane_mode_on_v3, mobile_network_mode_setting_v3, mobile_data_on_v3, hotspot_on_v3, gps_on_v3, auto_data_sync_v3, sound_sdk3, vibrate_once, connect_url_sdk3, wifi_on_sdk3, lockscreen_shortcut_v3, launch_app_v3, launch_game_v3, samsung_health_during_exercise_v3, samsung_health_during_exercise_when_starting_v3, notification_with_keyword_v3, specify_wifi_v3, wifi_rssi_v3, specify_bluetooth_v3, specify_bluetooth_only_connected_v3, nfc_tagged_v3, airplane_mode_v3, specific_time_v3, time_v3, plugin_gps_location_v3, plugin_gps_location_only_arrived_v3, calling_v3, during_call_v3, connected_headset_v3, plugged_battery_v3, battery_condition_v3, dex_mode_on_v3, fold_state_v3, ringer_mode_v3, night_mode_v3, wifi_on_sdk3]
03-02 00:56:52.716 16938 17087 I Routine@Core[4.9.04.16]: RoutineDataMigrator: isAvailableToMigrate() newPackageName:com.samsung.android.app.routines, newTag:read_notifications, isAvailableToMigrate:true
03-02 00:56:52.717 16938 17087 I Routine@Core[4.9.04.16]: RoutineDataMigrator: isAvailableToMigrate() newPackageName:com.samsung.android.app.routines, newTag:flashlight, isAvailableToMigrate:true
03-02 00:56:52.717 16938 17087 I Routine@Core[4.9.04.16]: RoutineDataMigrator: isAvailableToMigrate() newPackageName:com.samsung.android.app.routines, newTag:message_received, isAvailableToMigrate:false
03-02 00:56:52.717 16938 17087 I Routine@Core[4.9.04.16]: RoutineDataMigrator: isAvailableToMigrate() newPackageName:com.samsung.android.app.routines, newTag:message_received, isAvailableToMigrate:false
03-02 00:56:52.717 16938 17087 I Routine@Core[4.9.04.16]: RoutineDataMigrator: isAvailableToMigrate() newPackageName:com.samsung.android.app.aodservice, newTag:aod_main_setting, isAvailableToMigrate:false
03-02 00:56:52.717 16938 17087 I Routine@Core[4.9.04.16]: RoutineDataMigrator: isAvailableToMigrate() newPackageName:com.android.settings, newTag:sec_eye_comfort_shield_routine, isAvailableToMigrate:true
03-02 00:56:52.717 16938 17087 I Routine@Core[4.9.04.16]: RoutineDataMigrator: isAvailableToMigrate() newPackageName:com.samsung.android.app.routines, newTag:control_smartthings_not_reversible, isAvailableToMigrate:true
03-02 00:56:52.717 16938 17087 I Routine@Core[4.9.04.16]: RoutineDataMigrator: isAvailableToMigrate() newPackageName:com.samsung.android.app.routines, newTag:control_smartthings_not_reversible, isAvailableToMigrate:true
03-02 00:56:52.717 16938 17087 I Routine@Core[4.9.04.16]: RoutineDataMigrator: isAvailableToMigrate() newPackageName:com.android.settings, newTag:accessibility_color_correction, isAvailableToMigrate:true
03-02 00:56:52.717 16938 17087 I Routine@Core[4.9.04.16]: RoutineDataMigrator: isAvailableToMigrate() newPackageName:com.samsung.android.lool, newTag:dc_power_mode_action, isAvailableToMigrate:true
03-02 00:56:52.718 16938 17087 I Routine@Core[4.9.04.16]: RoutineDataMigrator: isAvailableToMigrate() newPackageName:com.samsung.accessibility, newTag:accessibility_amplify_ambient_sound, isAvailableToMigrate:false
03-02 00:56:52.718 16938 17087 I Routine@Core[4.9.04.16]: RoutineDataMigrator: isAvailableToMigrate() newPackageName:com.android.settings, newTag:accessibility_camera_flash, isAvailableToMigrate:true
03-02 00:56:52.718 16938 17087 I Routine@Core[4.9.04.16]: RoutineDataMigrator: isAvailableToMigrate() newPackageName:com.android.settings, newTag:accessibility_color_correction, isAvailableToMigrate:true
03-02 00:56:52.718 16938 17087 I Routine@Core[4.9.04.16]: RoutineDataMigrator: isAvailableToMigrate() newPackageName:com.android.settings, newTag:accessibility_color_filter, isAvailableToMigrate:true
03-02 00:56:52.718 16938 17087 I Routine@Core[4.9.04.16]: RoutineDataMigrator: isAvailableToMigrate() newPackageName:com.android.settings, newTag:accessibility_color_inversion, isAvailableToMigrate:true
03-02 00:56:52.718 16938 17087 I Routine@Core[4.9.04.16]: RoutineDataMigrator: isAvailableToMigrate() newPackageName:com.android.settings, newTag:accessibility_extra_dim, isAvailableToMigrate:true
03-02 00:56:52.718 16938 17087 I Routine@Core[4.9.04.16]: RoutineDataMigrator: isAvailableToMigrate() newPackageName:com.android.settings, newTag:accessibility_live_caption, isAvailableToMigrate:true
03-02 00:56:52.718 16938 17087 I Routine@Core[4.9.04.16]: RoutineDataMigrator: isAvailableToMigrate() newPackageName:com.android.settings, newTag:accessibility_mono_audio, isAvailableToMigrate:true
03-02 00:56:52.718 16938 17087 I Routine@Core[4.9.04.16]: RoutineDataMigrator: isAvailableToMigrate() newPackageName:com.android.settings, newTag:accessibility_mute_all_sounds, isAvailableToMigrate:true
03-02 00:56:52.718 16938 17087 I Routine@Core[4.9.04.16]: RoutineDataMigrator: isAvailableToMigrate() newPackageName:com.android.settings, newTag:accessibility_screen_flash, isAvailableToMigrate:true
03-02 00:56:52.718 16938 17087 I Routine@Core[4.9.04.16]: RoutineDataMigrator: isAvailableToMigrate() newPackageName:com.android.settings, newTag:accessibility_sound_balance, isAvailableToMigrate:true
03-02 00:56:52.718 16938 17087 I Routine@Core[4.9.04.16]: RoutineDataMigrator: isAvailableToMigrate() newPackageName:com.samsung.android.waterplugin, newTag:watch_theater_mode, isAvailableToMigrate:false
03-02 00:56:52.718 16938 17087 I Routine@Core[4.9.04.16]: RoutineDataMigrator: isAvailableToMigrate() newPackageName:com.samsung.android.heartplugin, newTag:watch_theater_mode, isAvailableToMigrate:false
03-02 00:56:52.718 16938 17087 I Routine@Core[4.9.04.16]: RoutineDataMigrator: isAvailableToMigrate() newPackageName:com.samsung.android.lool, newTag:dc_enhanced_processing, isAvailableToMigrate:false
03-02 00:56:52.718 16938 17087 I Routine@Core[4.9.04.16]: RoutineDataMigrator: isAvailableToMigrate() newPackageName:com.samsung.android.lool, newTag:dc_fast_cable_charging, isAvailableToMigrate:true
03-02 00:56:52.718 16938 17087 I Routine@Core[4.9.04.16]: RoutineDataMigrator: isAvailableToMigrate() newPackageName:com.samsung.android.lool, newTag:dc_fast_wireless_charging, isAvailableToMigrate:false
03-02 00:56:52.718 16938 17087 I Routine@Core[4.9.04.16]: RoutineDataMigrator: isAvailableToMigrate() newPackageName:com.samsung.android.lool, newTag:dc_processing_speed, isAvailableToMigrate:false
03-02 00:56:52.718 16938 17087 I Routine@Core[4.9.04.16]: RoutineDataMigrator: isAvailableToMigrate() newPackageName:com.samsung.android.lool, newTag:dc_protect_battery, isAvailableToMigrate:true
03-02 00:56:52.718 16938 17087 I Routine@Core[4.9.04.16]: RoutineDataMigrator: isAvailableToMigrate() newPackageName:com.samsung.android.lool, newTag:dc_super_fast_cable_charging, isAvailableToMigrate:false
03-02 00:56:52.718 16938 17087 I Routine@Core[4.9.04.16]: RoutineDataMigrator: isAvailableToMigrate() newPackageName:com.samsung.android.sm_cn, newTag:dc_enhanced_processing, isAvailableToMigrate:false
03-02 00:56:52.718 16938 17087 I Routine@Core[4.9.04.16]: RoutineDataMigrator: isAvailableToMigrate() newPackageName:com.samsung.android.sm_cn, newTag:dc_fast_cable_charging, isAvailableToMigrate:false
03-02 00:56:52.718 16938 17087 I Routine@Core[4.9.04.16]: RoutineDataMigrator: isAvailableToMigrate() newPackageName:com.samsung.android.sm_cn, newTag:dc_fast_wireless_charging, isAvailableToMigrate:false
03-02 00:56:52.719 16938 17087 I Routine@Core[4.9.04.16]: RoutineDataMigrator: isAvailableToMigrate() newPackageName:com.samsung.android.sm_cn, newTag:dc_power_mode_action, isAvailableToMigrate:false
03-02 00:56:52.719 16938 17087 I Routine@Core[4.9.04.16]: RoutineDataMigrator: isAvailableToMigrate() newPackageName:com.samsung.android.sm_cn, newTag:dc_processing_speed, isAvailableToMigrate:false
03-02 00:56:52.719 16938 17087 I Routine@Core[4.9.04.16]: RoutineDataMigrator: isAvailableToMigrate() newPackageName:com.samsung.android.sm_cn, newTag:dc_protect_battery, isAvailableToMigrate:false
03-02 00:56:52.719 16938 17087 I Routine@Core[4.9.04.16]: RoutineDataMigrator: isAvailableToMigrate() newPackageName:com.samsung.android.sm_cn, newTag:dc_super_fast_cable_charging, isAvailableToMigrate:false
03-02 00:56:52.719 16938 17087 I Routine@Core[4.9.04.16]: RoutineDataMigrator: isAvailableToMigrate() newPackageName:com.samsung.android.app.dressroom, newTag:change_lock_screen_wallpaper_profile, isAvailableToMigrate:true
03-02 00:56:52.719 16938 17087 I Routine@Core[4.9.04.16]: RoutineDataMigrator: deprecateOldTag() should not deprecate oldTag(lockscreen_shortcut
03-02 00:56:52.719 16938 17087 I Routine@Core[4.9.04.16]: RoutineDataMigrator: isAvailableToMigrate() newPackageName:com.samsung.android.app.routines, newTag:nfc_on_off, isAvailableToMigrate:true
03-02 00:56:52.720 16938 17087 I Routine@Core[4.9.04.16]: RoutineDataMigrator: isAvailableToMigrate() newPackageName:com.sec.android.app.launcher, newTag:edge_panel, isAvailableToMigrate:false
03-02 00:56:52.720 16938 17087 I Routine@Core[4.9.04.16]: RoutineDataMigrator: isAvailableToMigrate() newPackageName:com.android.settings, newTag:as_dialing_keypad_tones, isAvailableToMigrate:true
03-02 00:56:52.720 16938 17087 I Routine@Core[4.9.04.16]: RoutineDataMigrator: isAvailableToMigrate() newPackageName:com.android.settings, newTag:as_keyboard_sound, isAvailableToMigrate:true
03-02 00:56:52.720 16938 17087 I Routine@Core[4.9.04.16]: RoutineDataMigrator: isAvailableToMigrate() newPackageName:com.android.settings, newTag:as_keyboard_vibration, isAvailableToMigrate:true
03-02 00:56:52.721 16938 17087 I Routine@Core[4.9.04.16]: RoutineDataMigrator: isAvailableToMigrate() newPackageName:com.android.settings, newTag:as_media_volume, isAvailableToMigrate:true
03-02 00:56:52.721 16938 17087 I Routine@Core[4.9.04.16]: RoutineDataMigrator: isAvailableToMigrate() newPackageName:com.android.settings, newTag:as_volume, isAvailableToMigrate:true
03-02 00:56:52.721 16938 17087 I Routine@Core[4.9.04.16]: RoutineDataMigrator: isAvailableToMigrate() newPackageName:com.sec.android.app.clockpackage, newTag:appfunction://com.sec.android.app.clockpackage.crossappactions#StopwatchCrossAppFunctions_startStopwatch, isAvailableToMigrate:true
03-02 00:56:52.722 16938 17087 I Routine@Core[4.9.04.16]: RoutineDataMigrator: isAvailableToMigrate() newPackageName:com.sec.android.app.launcher, newTag:samsung_dex, isAvailableToMigrate:true
03-02 00:56:52.722 16938 17087 I Routine@Core[4.9.04.16]: RoutineDataMigrator: isAvailableToMigrate() newPackageName:com.samsung.android.secondscreen, newTag:second_screen_condition_tag, isAvailableToMigrate:false
03-02 00:56:52.722 16938 17087 I Routine@Core[4.9.04.16]: RoutineDataMigrator: isAvailableToMigrate() newPackageName:com.samsung.android.app.routines, newTag:vibrate_once, isAvailableToMigrate:true
03-02 00:56:52.722 16938 17087 I Routine@Core[4.9.04.16]: RoutineDataMigrator: isAvailableToMigrate() newPackageName:com.samsung.android.app.routineplus, newTag:custom_key_v3, isAvailableToMigrate:false
03-02 00:56:52.722 16938 17087 I Routine@Core[4.9.04.16]: RoutineDataMigrator: isAvailableToMigrate() newPackageName:com.samsung.android.service.aircommand, newTag:aircommand_open_with_pen, isAvailableToMigrate:false
03-02 00:56:52.722 16938 17087 I Routine@Core[4.9.04.16]: RoutineDataMigrator: isAvailableToMigrate() newPackageName:com.samsung.android.app.routines, newTag:text_to_speech, isAvailableToMigrate:true
03-02 00:56:52.722 16938 17087 I Routine@Core[4.9.04.16]: RoutineDataMigrator: isAvailableToMigrate() newPackageName:com.samsung.android.app.routines, newTag:unlock_with_finger_print, isAvailableToMigrate:true
03-02 00:56:52.722 16938 17087 I Routine@Core[4.9.04.16]: RoutineDataMigrator: isAvailableToMigrate() newPackageName:com.sec.android.app.launcher, newTag:edge_panel_routine_v3, isAvailableToMigrate:true
03-02 00:56:52.722 16938 17087 I Routine@Core[4.9.04.16]: RoutineDataMigrator: isAvailableToMigrate() newPackageName:com.sec.android.app.launcher, newTag:edge_panel_routine_v3, isAvailableToMigrate:true
03-02 00:56:52.722 16938 17087 I Routine@Core[4.9.04.16]: RoutineDataMigrator: isAvailableToMigrate() newPackageName:com.android.settings, newTag:data_saver_routine, isAvailableToMigrate:true
03-02 00:56:52.722 16938 17087 I Routine@Core[4.9.04.16]: RoutineDataMigrator: isAvailableToMigrate() newPackageName:com.samsung.android.app.routines, newTag:motion_smoothness_v3, isAvailableToMigrate:true
03-02 00:56:52.722 16938 17087 I Routine@Core[4.9.04.16]: RoutineDataMigrator: isAvailableToMigrate() newPackageName:com.samsung.android.app.routines, newTag:motion_smoothness_and_screen_resolution_v3, isAvailableToMigrate:false
03-02 00:56:52.722 16938 17087 I Routine@Core[4.9.04.16]: RoutineDataMigrator: isAvailableToMigrate() newPackageName:com.samsung.android.app.routines, newTag:cover_screen_motion_smoothness_v3, isAvailableToMigrate:false
03-02 00:56:52.722 16938 17087 I Routine@Core[4.9.04.16]: RoutineDataMigrator: isAvailableToMigrate() newPackageName:com.samsung.android.app.routines, newTag:brightness_v3, isAvailableToMigrate:true
03-02 00:56:52.722 16938 17087 I Routine@Core[4.9.04.16]: RoutineDataMigrator: isAvailableToMigrate() newPackageName:com.samsung.android.app.routines, newTag:font_size_v3, isAvailableToMigrate:true
03-02 00:56:52.722 16938 17087 I Routine@Core[4.9.04.16]: RoutineDataMigrator: isAvailableToMigrate() newPackageName:com.samsung.android.app.routines, newTag:screen_zoom_v3, isAvailableToMigrate:true
03-02 00:56:52.722 16938 17087 I Routine@Core[4.9.04.16]: RoutineDataMigrator: isAvailableToMigrate() newPackageName:com.samsung.android.app.routines, newTag:screen_layout_and_zoom_v3, isAvailableToMigrate:false
03-02 00:56:52.722 16938 17087 I Routine@Core[4.9.04.16]: RoutineDataMigrator: isAvailableToMigrate() newPackageName:com.samsung.android.app.routines, newTag:screen_resolution_v3, isAvailableToMigrate:false
03-02 00:56:52.722 16938 17087 I Routine@Core[4.9.04.16]: RoutineDataMigrator: isAvailableToMigrate() newPackageName:com.samsung.android.app.routines, newTag:screen_timeout_v3, isAvailableToMigrate:true
03-02 00:56:52.723 16938 17087 I Routine@Core[4.9.04.16]: RoutineDataMigrator: isAvailableToMigrate() newPackageName:com.samsung.android.app.routines, newTag:rotation_screen_v3, isAvailableToMigrate:true
03-02 00:56:52.723 16938 17087 I Routine@Core[4.9.04.16]: RoutineDataMigrator: isAvailableToMigrate() newPackageName:com.samsung.android.app.routines, newTag:multi_window_tray_v3, isAvailableToMigrate:false
03-02 00:56:52.723 16938 17087 I Routine@Core[4.9.04.16]: RoutineDataMigrator: isAvailableToMigrate() newPackageName:com.samsung.android.app.routines, newTag:dark_mode_v3, isAvailableToMigrate:true
