03-02 00:57:29.965  1507  1507 D SurfaceFlinger:        DEVICE |           11793980281879 | 00002100 | RGBA_8888    |    0.0    0.0 1080.0   80.0 |    0    0 1080   80 | StatusBar$_2746#117 (211113)
03-02 00:57:29.965  1507  1507 D SurfaceFlinger:        DEVICE |           13752485304097 | 00002100 | RGBA_8888    |    0.0    0.0   67.0  346.0 | 1013  454 1080  800 | com.sec.android.app.launcher/com.sam[...].app.CocktailBarService$_3202#152779 (1)
03-02 00:57:29.965  1507  1507 D SurfaceFlinger:        DEVICE |           11793980281867 | 00002100 | RGBA_8888    |    0.0    0.0 1080.0  135.0 |    0 2205 1080 2340 | NavigationBar0$_2746#113 (187950)
03-02 00:57:29.965  1507  1507 D SurfaceFlinger:
03-02 00:57:29.965  2746  2798 I SurfaceControlRegistry: apply, t=FinishTransaction_SyncId<11282>, caller=android.view.SurfaceControl$Transaction.apply:3459 android.view.SurfaceControl$Transaction.apply:3447 android.view.SurfaceControl$Transaction.apply:3397 com.android.wm.shell.transition.Transitions.onFinish:315 com.android.wm.shell.transition.Transitions$$ExternalSyntheticLambda7.onTransitionFinished:12 com.android.wm.shell.transition.DefaultTransitionHandler$$ExternalSyntheticLambda6.run:36
03-02 00:57:29.969  1507  1563 I SurfaceFlinger: onHandleDestroyed: layerId=156343, name=Splash Screen com.podcast.app.debug$_2746#156343
03-02 00:57:29.970  1507  1563 I SurfaceFlinger: id=156343 Removed Splash Screen com.podcast.app.debug$_2746#156343 (343)
03-02 00:57:29.971  1507  1507 I SurfaceFlinger: RequestedLayer [Task=44543#147901] hidden!! flag  from(0) --> to(1)
03-02 00:57:29.971  1507  1507 I SurfaceFlinger: destroyed Splash Screen com.podcast.app.debug$_2746#156343
03-02 00:57:29.971  1507  1507 I SurfaceFlinger: [LayerHierarchy{RequestedLayerState{Task=44543#147901 parentId=10 z=41} 1 children}] reparent to LayerHierarchy{RequestedLayerState{DefaultTaskDisplayArea_d0#10 parentId=9} 45 children}
03-02 00:57:29.971  1507  1507 I SurfaceFlinger: [LayerHierarchy{RequestedLayerState{DimTransitionLayer for Surface(name=Task=44884)/@0xc1061b#156352 z=-1} no children}] reparent to OffscreenRoot
03-02 00:57:29.971  1507  1507 I SurfaceFlinger: [LayerHierarchy{RequestedLayerState{DimTransitionLayer for Surface(name=Task=44884)/@0xc1061b#156352 z=-1} no children}] RelativeParent to null
03-02 00:57:29.971  1507  1507 I SurfaceFlinger: [LayerHierarchy{RequestedLayerState{Transition Root: Task=44884#156344 z=42} 1 children}] reparent to OffscreenRoot
03-02 00:57:29.971  1507  1507 I SurfaceFlinger: [LayerHierarchy{RequestedLayerState{Transition Root: Task=44884#156344 z=42} 1 children}] RelativeParent to null
03-02 00:57:29.971  1507  1507 I SurfaceFlinger: [LayerHierarchy{RequestedLayerState{Task=44884#156340 parentId=10 z=42} 1 children}] reparent to LayerHierarchy{RequestedLayerState{DefaultTaskDisplayArea_d0#10 parentId=9} 45 children}
03-02 00:57:29.973  1507  1507 I Layer   : id=156343 Destroyed Splash Screen com.podcast.app.debug$_2746#156343
03-02 00:57:29.973  1507  1507 I SurfaceFlinger: onHandleDestroyed: layerId=156352, name=DimTransitionLayer for Surface(name=Task=44884)/@0xc1061b#156352
03-02 00:57:29.973  1507  1507 I SurfaceFlinger: id=156352 Removed DimTransitionLayer for Surface(name=Task=44884)/@0xc1061b#156352 (342)
03-02 00:57:29.973  1507  1507 I SurfaceFlinger: onHandleDestroyed: layerId=156344, name=Transition Root: Task=44884#156344
03-02 00:57:29.973  1507  1507 I SurfaceFlinger: id=156344 Removed Transition Root: Task=44884#156344 (342)
03-02 00:57:29.973  1507  1507 I SurfaceFlinger: onHandleDestroyed: layerId=156342, name=750774 Splash Screen com.podcast.app.debug#156342
03-02 00:57:29.973  1507  1507 I SurfaceFlinger: id=156342 Removed 750774 Splash Screen com.podcast.app.debug#156342 (342)
03-02 00:57:29.974 14885 14885 I VRI[SplashActivity]@35f4eb8: handleAppVisibility mAppVisible = true visible = false
03-02 00:57:29.974 14885 14885 D VRI[SplashActivity]@35f4eb8: visibilityChanged oldVisibility=true newVisibility=false
03-02 00:57:29.981  1507  1507 I SurfaceFlinger: [Display 0 name="Built-in Screen"#49] setFrameRateCategory: Default
03-02 00:57:29.981  1507  1507 I SurfaceFlinger: destroyed DimTransitionLayer for Surface(name=Task=44884)/@0xc1061b#156352
03-02 00:57:29.981  1507  1507 I SurfaceFlinger: destroyed Transition Root: Task=44884#156344
03-02 00:57:29.981  1507  1507 I SurfaceFlinger: destroyed 750774 Splash Screen com.podcast.app.debug#156342
03-02 00:57:29.982  2746  2746 D SystemUIService: SYSUI_RAM_OPTIMIZATION onTrimMemory=20
03-02 00:57:29.983 14885 14885 I SV[6876039 SplashActivity]: onWindowVisibilityChanged(8) false X.0fk7{68eb87 V.E...... ........ 0,80-1080,2000} of VRI[SplashActivity]@35f4eb8
03-02 00:57:29.983 14885 14885 I SurfaceView: 6876039 Changes: creating=false format=false size=false visible=true alpha=false hint=false left=false top=false z=false attached=true lifecycleStrategy=false
03-02 00:57:29.983 14885 14885 I SurfaceView: 6876039 Cur surface: Surface(name=null mNativeObject=480494724352)/@0x56b4ffd
03-02 00:57:29.983  1507  1507 I Layer   : id=156342 Destroyed 750774 Splash Screen com.podcast.app.debug#156342
03-02 00:57:29.983  1507  1507 I Layer   : id=156344 Destroyed Transition Root: Task=44884#156344
03-02 00:57:29.983  1507  1507 I Layer   : id=156352 Destroyed DimTransitionLayer for Surface(name=Task=44884)/@0xc1061b#156352
03-02 00:57:29.983 14885 14885 I SurfaceView: 6876039 surfaceDestroyed
03-02 00:57:29.983 14885 14885 I SV[6876039 SplashActivity]: surfaceDestroyed callback.size 1 #2 X.0fk7{68eb87 V.E...... ........ 0,80-1080,2000}
03-02 00:57:29.984  1507  1507 E RefreshRateSelector: Can't find HRR max refresh rate by policy with the same group 0
03-02 00:57:29.984 14885 14885 I SV[6876039 SplashActivity]: updateSurface: mVisible = false mSurface.isValid() = true
03-02 00:57:29.985 14885 14885 I BLASTBufferQueue: [68eb87 SurfaceView[com.zhiliaoapp.musically/com.ss.android.ugc.aweme.splash.SplashActivity]@0#102](f:0,a:0,s:0) destructor()
03-02 00:57:29.985 14885 14885 D BufferQueueConsumer: [68eb87 SurfaceView[com.zhiliaoapp.musically/com.ss.android.ugc.aweme.splash.SplashActivity]@0#102(BLAST Consumer)102](id:3a250000006b,api:0,p:-1,c:14885) disconnect
03-02 00:57:29.985 14885 14885 I SV[6876039 SplashActivity]: releaseSurfaces: viewRoot = VRI[SplashActivity]@35f4eb8
03-02 00:57:29.986  1646  1892 I CameraService: onUidStateChanged: uid=10235, procState is changed. (3 -> 4)
03-02 00:57:29.986 14885 14885 V SurfaceView: Layout: x=4320 y=-2080 w=1080 h=1920, frame=Rect(0, 0 - 1080, 1920)
03-02 00:57:29.987 14885 14885 I SV[7374587 SplashActivity]: onWindowVisibilityChanged(8) false X.0fk7{7086fb V.E...... ........ 0,80-1080,2000} of VRI[SplashActivity]@35f4eb8
03-02 00:57:29.987 14885 14885 I SurfaceView: 7374587 Changes: creating=false format=false size=false visible=true alpha=false hint=false left=false top=false z=false attached=true lifecycleStrategy=false
03-02 00:57:29.987 14885 14885 I SurfaceView: 7374587 Cur surface: Surface(name=null mNativeObject=480497288448)/@0x5798c7e
03-02 00:57:29.987 14885 14885 I SurfaceView: 7374587 surfaceDestroyed
03-02 00:57:29.987 14885 14885 I SV[7374587 SplashActivity]: surfaceDestroyed callback.size 2 #2 X.0fk7{7086fb V.E...... ........ 0,80-1080,2000}
03-02 00:57:29.989  2746  2746 D CentralSurfaces: SYSUI_RAM_OPTIMIZATION onTrimMemory=20
03-02 00:57:29.991  1445 18689 W C2MtkBufferManager: [0xB4000070F68A8D20] fetchNewCcBlock: wait fence 0x0xb4000070f692fcb0 timed out. ret 110
03-02 00:57:29.991  2746  2870 D HWUI    : CacheManager::trimMemory(20)
03-02 00:57:29.993  1507  1507 I SurfaceFlinger: RequestedLayer [com.zhiliaoapp.musically/com.ss.andr[...].splash.SplashActivity$_14885#156322] hidden!! flag  from(0) --> to(1)
03-02 00:57:29.993  1507  1507 I SurfaceFlinger: RequestedLayer [ActivityRecord{2751228 u0 com.zhilia[...]splash.SplashActivity t44543}#147902] hidden!! flag  from(0) --> to(1)
03-02 00:57:29.998 14885 14895 I aoapp.musically: Background concurrent mark compact GC freed 42MB AllocSpace bytes, 99(6712KB) LOS objects, 39% free, 74MB/122MB, paused 2.120ms,6.083ms total 706.679ms
03-02 00:57:30.000  1445 18641 I DMABUFHEAPS: Using DMA-BUF heap named: mtk_mm
03-02 00:57:30.000 14885 18629 D SurfaceUtils: connecting to surface 0x6f9d394c10, reason connectToSurface
03-02 00:57:30.000 14885 18629 I MediaCodec: [c2.mtk.hevc.decoder] setting surface generation to 15242302
03-02 00:57:30.000 14885 18629 D SurfaceUtils: disconnecting from surface 0x6f9d394c10, reason connectToSurface(reconnect)
03-02 00:57:30.000 14885 18629 D SurfaceUtils: connecting to surface 0x6f9d394c00, reason connectToSurface(reconnect-with-listener)
03-02 00:57:30.001 14885 18629 D GraphicsTracker: new surface in configuration: maxDequeueRequested(0), maxDequeueCommitted(24)
03-02 00:57:30.001 14885 18629 D GraphicsTracker: new surface configured with id:63930588201057 gen:15242302 maxDequeue:24
03-02 00:57:30.001 14885 18629 D GraphicsTracker: maxDequeueCount is already 24
03-02 00:57:30.001 14885 18629 D Codec2Client: setOutputSurface -- generation=15242302 consumer usage=0x900
03-02 00:57:30.001 14885 18629 D SurfaceUtils: disconnecting from surface 0x6f9d395610, reason disconnectFromSurface
03-02 00:57:30.002 14885 14885 I SV[7374587 SplashActivity]: updateSurface: mVisible = false mSurface.isValid() = true
03-02 00:57:30.002 14885 14885 I BLASTBufferQueue: [7086fb SurfaceView[com.zhiliaoapp.musically/com.ss.android.ugc.aweme.splash.SplashActivity]@0#103](f:0,a:1,s:0) destructor()
03-02 00:57:30.002 14885 14885 D BufferQueueConsumer: [7086fb SurfaceView[com.zhiliaoapp.musically/com.ss.android.ugc.aweme.splash.SplashActivity]@0#103(BLAST Consumer)103](id:3a250000006c,api:0,p:-1,c:14885) disconnect
03-02 00:57:30.003 14885 14885 I SV[7374587 SplashActivity]: releaseSurfaces: viewRoot = VRI[SplashActivity]@35f4eb8
03-02 00:57:30.004 14885 14885 V SurfaceView: Layout: x=0 y=80 w=1080 h=1920, frame=Rect(0, 0 - 1080, 1920)
03-02 00:57:30.004  1445 18641 I DMABUFHEAPS: Using DMA-BUF heap named: mtk_mm
03-02 00:57:30.004 14885 14885 I SV[137774491 SplashActivity]: onWindowVisibilityChanged(8) false X.0fk7{836459b V.E...... ........ 0,81-1080,1998} of VRI[SplashActivity]@35f4eb8
03-02 00:57:30.004 14885 14885 I SurfaceView: 137774491 Changes: creating=false format=false size=false visible=true alpha=false hint=false left=false top=false z=false attached=true lifecycleStrategy=false
03-02 00:57:30.004 14885 14885 I SurfaceView: 137774491 Cur surface: Surface(name=null mNativeObject=480505728512)/@0xe7e74a9
03-02 00:57:30.004 14885 14885 I SurfaceView: 137774491 surfaceDestroyed
03-02 00:57:30.004 14885 14885 I SV[137774491 SplashActivity]: surfaceDestroyed callback.size 1 #2 X.0fk7{836459b V.E...... ........ 0,81-1080,1998}
03-02 00:57:30.005 14885 14885 I SV[137774491 SplashActivity]: updateSurface: mVisible = false mSurface.isValid() = true
03-02 00:57:30.005 14885 14885 I BLASTBufferQueue: [836459b SurfaceView[com.zhiliaoapp.musically/com.ss.android.ugc.aweme.splash.SplashActivity]@0#104](f:0,a:0,s:0) destructor()
03-02 00:57:30.005 14885 14885 D BufferQueueConsumer: [836459b SurfaceView[com.zhiliaoapp.musically/com.ss.android.ugc.aweme.splash.SplashActivity]@0#104(BLAST Consumer)104](id:3a250000006d,api:0,p:-1,c:14885) disconnect
03-02 00:57:30.005 14885 14885 I SV[137774491 SplashActivity]: releaseSurfaces: viewRoot = VRI[SplashActivity]@35f4eb8
03-02 00:57:30.006 14885 14885 V SurfaceView: Layout: x=4320 y=2240 w=1080 h=1917, frame=Rect(0, 0 - 1080, 1917)
03-02 00:57:30.009 14885 15423 D SurfaceView: 211671605 windowPositionLost, frameNr = 0
03-02 00:57:30.010 14885 15423 D SurfaceView: 28327626 windowPositionLost, frameNr = 0
03-02 00:57:30.010 14885 15423 D SurfaceView: 90732603 windowPositionLost, frameNr = 0
03-02 00:57:30.013 14885 15423 D HWUI    : CacheManager::trimMemory(20)
03-02 00:57:30.016  2013  3345 I WindowManager: Relayout Window{cd2d6b5 u0 com.zhiliaoapp.musically/com.ss.android.ugc.aweme.splash.SplashActivity}: viewVisibility=8 req=1080x2340 ty=1 d0
03-02 00:57:30.020  2013  3345 I WindowManager: Relayout hash=cd2d6b5, pid=14885, syncId=-1: mAttrs={(0,0)(fillxfill) sim={adjust=pan} layoutInDisplayCutoutMode=always ty=BASE_APPLICATION fmt=TRANSLUCENT wanim=0x1030317
03-02 00:57:30.020  2013  3345 I WindowManager:   fl=81810180
03-02 00:57:30.020  2013  3345 I WindowManager:   pfl=10008840
03-02 00:57:30.020  2013  3345 I WindowManager:   vsysui=400
03-02 00:57:30.020  2013  3345 I WindowManager:   apr=10
03-02 00:57:30.020  2013  3345 I WindowManager:   bhv=1
03-02 00:57:30.020  2013  3345 I WindowManager:   fitSides=0
03-02 00:57:30.020  2013  3345 I WindowManager:   frameRateBoostOnTouch=true
03-02 00:57:30.020  2013  3345 I WindowManager:   dvrrWindowFrameRateHint=true naviIconColor=0
03-02 00:57:30.020  2013  3345 I WindowManager:   sfl=100000}
03-02 00:57:30.020 14885 16783 D Native  : [TTNativeML] NativeMLTaskRunner 2.3-2.4 code：BuildInputs: CostTime 0.12 ms
03-02 00:57:30.020 14885 16783 D Native  : [TTNativeML] NativeMLTaskRunner 3-4 code：AdapterSetInputs: cost time 0.07 ms
03-02 00:57:30.021 14885 16783 D Native  : [TTNativeML] NativeMLTaskRunner 4-5 code：AdapterInference: cost time 0.34 ms
03-02 00:57:30.021 14885 14885 I BLASTBufferQueue: [VRI[SplashActivity]@35f4eb8#101](f:0,a:1,s:0) destructor()
03-02 00:57:30.022 14885 14885 D BufferQueueConsumer: [VRI[SplashActivity]@35f4eb8#101(BLAST Consumer)101](id:3a250000006a,api:0,p:-1,c:14885) disconnect
03-02 00:57:30.023 14885 14885 I VRI[SplashActivity]@35f4eb8: Relayout returned: old=(0,0,1080,2340) new=(0,0,1080,2340) relayoutAsync=false req=(1080,2340)8 dur=6 res=0x2 s={false 0x0} ch=true seqId=0
03-02 00:57:30.023 14885 14885 I SV[6876039 SplashActivity]: windowStopped(true) false X.0fk7{68eb87 V.E...... ........ 0,80-1080,2000} of VRI[SplashActivity]@35f4eb8
03-02 00:57:30.023 14885 14885 D SV[6876039 SplashActivity]: updateSurface: surface is not valid
03-02 00:57:30.024 14885 14885 I SV[6876039 SplashActivity]: releaseSurfaces: viewRoot = VRI[SplashActivity]@35f4eb8
03-02 00:57:30.024 14885 14885 D VRI[SplashActivity]@35f4eb8: applyTransactionOnDraw applyImmediately
03-02 00:57:30.024 14885 14885 I SV[7374587 SplashActivity]: windowStopped(true) false X.0fk7{7086fb V.E...... ........ 0,80-1080,2000} of VRI[SplashActivity]@35f4eb8
03-02 00:57:30.024 14885 14885 D SV[7374587 SplashActivity]: updateSurface: surface is not valid
03-02 00:57:30.024 14885 14885 I SV[7374587 SplashActivity]: releaseSurfaces: viewRoot = VRI[SplashActivity]@35f4eb8
03-02 00:57:30.024 14885 14885 D VRI[SplashActivity]@35f4eb8: applyTransactionOnDraw applyImmediately
03-02 00:57:30.025  1507  1507 I SurfaceFlinger: [LayerHierarchy{RequestedLayerState{Bounds for - com.zhiliaoapp.musically/com.ss.android.ugc.aweme.splash.SplashActivity@23#156325} 3 children}] reparent to OffscreenRoot
03-02 00:57:30.025  1507  1507 I SurfaceFlinger: [LayerHierarchy{RequestedLayerState{Bounds for - com.zhiliaoapp.musically/com.ss.android.ugc.aweme.splash.SplashActivity@23#156325} 3 children}] RelativeParent to null
03-02 00:57:30.025 14885 14885 I SV[137774491 SplashActivity]: windowStopped(true) false X.0fk7{836459b V.E...... ........ 0,81-1080,1998} of VRI[SplashActivity]@35f4eb8
03-02 00:57:30.025 14885 14885 D SV[137774491 SplashActivity]: updateSurface: surface is not valid
03-02 00:57:30.025 14885 14885 I SV[137774491 SplashActivity]: releaseSurfaces: viewRoot = VRI[SplashActivity]@35f4eb8
03-02 00:57:30.025 14885 14885 D VRI[SplashActivity]@35f4eb8: applyTransactionOnDraw applyImmediately
03-02 00:57:30.025 14885 14885 D SV[6876039 SplashActivity]: updateSurface: surface is not valid
03-02 00:57:30.025 14885 14885 I SV[6876039 SplashActivity]: releaseSurfaces: viewRoot = VRI[SplashActivity]@35f4eb8
03-02 00:57:30.025 14885 14885 D VRI[SplashActivity]@35f4eb8: applyTransactionOnDraw applyImmediately
03-02 00:57:30.026  1445  2902 W C2MtkBufferManager: [0xB4000070F507E520] fetchNewCcBlock: wait fence 0x0xb4000070f5058270 timed out. ret 110
03-02 00:57:30.026  1507  1507 I SurfaceFlinger: onHandleDestroyed: layerId=156325, name=Bounds for - com.zhiliaoapp.musically/com.ss.android.ugc.aweme.splash.SplashActivity@23#156325
03-02 00:57:30.026  1507  1507 I SurfaceFlinger: id=156325 Removed Bounds for - com.zhiliaoapp.musically/com.ss.android.ugc.aweme.splash.SplashActivity@23#156325 (339)
03-02 00:57:30.026 14885 14885 D SV[7374587 SplashActivity]: updateSurface: surface is not valid
03-02 00:57:30.026 14885 14885 I SV[7374587 SplashActivity]: releaseSurfaces: viewRoot = VRI[SplashActivity]@35f4eb8
03-02 00:57:30.026 14885 14885 D VRI[SplashActivity]@35f4eb8: applyTransactionOnDraw applyImmediately
03-02 00:57:30.028 14885 14885 D SV[137774491 SplashActivity]: updateSurface: surface is not valid
03-02 00:57:30.028 14885 14885 I SV[137774491 SplashActivity]: releaseSurfaces: viewRoot = VRI[SplashActivity]@35f4eb8
03-02 00:57:30.028 14885 14885 D VRI[SplashActivity]@35f4eb8: applyTransactionOnDraw applyImmediately
03-02 00:57:30.028 14885 14885 D VRI[SplashActivity]@35f4eb8: Not drawing due to not visible. Reason=!mAppVisible && !mForceDecorViewVisibility
03-02 00:57:30.028 14885 14885 D VRI[SplashActivity]@35f4eb8: Pending transaction will not be applied in sync with a draw due to view not visible
03-02 00:57:30.029 14885 14885 I VRI[SplashActivity]@35f4eb8: mWNT: t=0x769ac0ba00 mBlastBufferQueue=0xnull fn= 0 HdrRenderState mRenderHdrSdrRatio=1.0 caller= android.view.ViewRootImpl.handleSyncRequestWhenNoAsyncDraw:6733 android.view.ViewRootImpl.performTraversals:5504 android.view.ViewRootImpl.doTraversal:3924
03-02 00:57:30.031 14885 15423 D HWUI    : CacheManager::trimMemory(20)
03-02 00:57:30.033 14885 14885 I VRI[SplashActivity]@35f4eb8: stopped(true) old = false
03-02 00:57:30.033 14885 14885 D VRI[SplashActivity]@35f4eb8: WindowStopped on com.zhiliaoapp.musically/com.ss.android.ugc.aweme.splash.SplashActivity set to true
03-02 00:57:30.033 14885 15423 D HWUI    : CacheManager::trimMemory(20)
03-02 00:57:30.035 14885 14885 I System.out: SAFActivity: com.ss.android.ugc.aweme.main.MainActivity@c20428f,  onStop Start
03-02 00:57:30.036  1507  1507 I SurfaceFlinger: destroyed Bounds for - com.zhiliaoapp.musically/com.ss.android.ugc.aweme.splash.SplashActivity@23#156325
03-02 00:57:30.036  1507  1507 I SurfaceFlinger: [LayerHierarchy{RequestedLayerState{Background for 836459b SurfaceView[com.zhiliaoapp.musically/com.ss.android.ugc.aweme.splash.SplashActivity]@0#156334 z=-2147483648} no children}] reparent to OffscreenRoot
03-02 00:57:30.036  1507  1507 I SurfaceFlinger: [LayerHierarchy{RequestedLayerState{Background for 836459b SurfaceView[com.zhiliaoapp.musically/com.ss.android.ugc.aweme.splash.SplashActivity]@0#156334 z=-2147483648} no children}] RelativeParent to null
03-02 00:57:30.036  1507  1507 I SurfaceFlinger: [LayerHierarchy{RequestedLayerState{836459b SurfaceView[com.zhiliaoapp.musically/com.ss.android.ugc.aweme.splash.SplashActivity]@0(BLAST)#156333} no children}] reparent to OffscreenRoot
03-02 00:57:30.036  1507  1507 I SurfaceFlinger: [LayerHierarchy{RequestedLayerState{836459b SurfaceView[com.zhiliaoapp.musically/com.ss.android.ugc.aweme.splash.SplashActivity]@0(BLAST)#156333} no children}] RelativeParent to null
03-02 00:57:30.036  1507  1507 I SurfaceFlinger: [LayerHierarchy{RequestedLayerState{836459b SurfaceView[com.zhiliaoapp.musically/com.ss.android.ugc.aweme.splash.SplashActivity]@0#156332 z=-2} no children}] reparent to OffscreenRoot
03-02 00:57:30.036  1507  1507 I SurfaceFlinger: [LayerHierarchy{RequestedLayerState{836459b SurfaceView[com.zhiliaoapp.musically/com.ss.android.ugc.aweme.splash.SplashActivity]@0#156332 z=-2} no children}] RelativeParent to null
03-02 00:57:30.036  1507  1507 I SurfaceFlinger: [LayerHierarchy{RequestedLayerState{Background for 7086fb SurfaceView[com.zhiliaoapp.musically/com.ss.android.ugc.aweme.splash.SplashActivity]@0#156331 z=-2147483648} no children}] reparent to OffscreenRoot
03-02 00:57:30.036  1507  1507 I SurfaceFlinger: [LayerHierarchy{RequestedLayerState{Background for 7086fb SurfaceView[com.zhiliaoapp.musically/com.ss.android.ugc.aweme.splash.SplashActivity]@0#156331 z=-2147483648} no children}] RelativeParent to null
03-02 00:57:30.037  1507  1507 I SurfaceFlinger: [LayerHierarchy{RequestedLayerState{Background for 68eb87 SurfaceView[com.zhiliaoapp.musically/com.ss.android.ugc.aweme.splash.SplashActivity]@0#156328 z=-2147483648} no children}] reparent to OffscreenRoot
03-02 00:57:30.037  1507  1507 I SurfaceFlinger: [LayerHierarchy{RequestedLayerState{Background for 68eb87 SurfaceView[com.zhiliaoapp.musically/com.ss.android.ugc.aweme.splash.SplashActivity]@0#156328 z=-2147483648} no children}] RelativeParent to null
03-02 00:57:30.037  1507  1507 I SurfaceFlinger: [LayerHierarchy{RequestedLayerState{7086fb SurfaceView[com.zhiliaoapp.musically/com.ss.android.ugc.aweme.splash.SplashActivity]@0(BLAST)#156330} no children}] reparent to OffscreenRoot
03-02 00:57:30.037  1507  1507 I SurfaceFlinger: [LayerHierarchy{RequestedLayerState{7086fb SurfaceView[com.zhiliaoapp.musically/com.ss.android.ugc.aweme.splash.SplashActivity]@0(BLAST)#156330} no children}] RelativeParent to null
03-02 00:57:30.037  1507  1507 I SurfaceFlinger: [LayerHierarchy{RequestedLayerState{7086fb SurfaceView[com.zhiliaoapp.musically/com.ss.android.ugc.aweme.splash.SplashActivity]@0#156329 z=-2} no children}] reparent to OffscreenRoot
03-02 00:57:30.037  1507  1507 I SurfaceFlinger: [LayerHierarchy{RequestedLayerState{7086fb SurfaceView[com.zhiliaoapp.musically/com.ss.android.ugc.aweme.splash.SplashActivity]@0#156329 z=-2} no children}] RelativeParent to null
03-02 00:57:30.037  1507  1507 I SurfaceFlinger: [LayerHierarchy{RequestedLayerState{68eb87 SurfaceView[com.zhiliaoapp.musically/com.ss.android.ugc.aweme.splash.SplashActivity]@0(BLAST)#156327} no children}] reparent to OffscreenRoot
03-02 00:57:30.037  1507  1507 I SurfaceFlinger: [LayerHierarchy{RequestedLayerState{68eb87 SurfaceView[com.zhiliaoapp.musically/com.ss.android.ugc.aweme.splash.SplashActivity]@0(BLAST)#156327} no children}] RelativeParent to null
03-02 00:57:30.037  1507  1507 I SurfaceFlinger: [LayerHierarchy{RequestedLayerState{68eb87 SurfaceView[com.zhiliaoapp.musically/com.ss.android.ugc.aweme.splash.SplashActivity]@0#156326 z=-2} no children}] reparent to OffscreenRoot
03-02 00:57:30.037  1507  1507 I SurfaceFlinger: [LayerHierarchy{RequestedLayerState{68eb87 SurfaceView[com.zhiliaoapp.musically/com.ss.android.ugc.aweme.splash.SplashActivity]@0#156326 z=-2} no children}] RelativeParent to null
03-02 00:57:30.040 17121 17121 D CompatChangeReporter: Compat change id reported: 270674727; UID 10685; state: ENABLED
03-02 00:57:30.041  1507  1507 I Layer   : id=156325 Destroyed Bounds for - com.zhiliaoapp.musically/com.ss.android.ugc.aweme.splash.SplashActivity@23#156325
03-02 00:57:30.041  1507  1507 I SurfaceFlinger: onHandleDestroyed: layerId=156333, name=836459b SurfaceView[com.zhiliaoapp.musically/com.ss.android.ugc.aweme.splash.SplashActivity]@0(BLAST)#156333
03-02 00:57:30.041  1507  1507 I SurfaceFlinger: id=156333 Removed 836459b SurfaceView[com.zhiliaoapp.musically/com.ss.android.ugc.aweme.splash.SplashActivity]@0(BLAST)#156333 (338)
03-02 00:57:30.041  1507  1507 I SurfaceFlinger: onHandleDestroyed: layerId=156332, name=836459b SurfaceView[com.zhiliaoapp.musically/com.ss.android.ugc.aweme.splash.SplashActivity]@0#156332
03-02 00:57:30.041  1507  1507 I SurfaceFlinger: id=156332 Removed 836459b SurfaceView[com.zhiliaoapp.musically/com.ss.android.ugc.aweme.splash.SplashActivity]@0#156332 (338)
03-02 00:57:30.041  1507  1507 I SurfaceFlinger: onHandleDestroyed: layerId=156334, name=Background for 836459b SurfaceView[com.zhiliaoapp.musically/com.ss.android.ugc.aweme.splash.SplashActivity]@0#156334
03-02 00:57:30.041  1507  1507 I SurfaceFlinger: id=156334 Removed Background for 836459b SurfaceView[com.zhiliaoapp.musically/com.ss.android.ugc.aweme.splash.SplashActivity]@0#156334 (338)
03-02 00:57:30.041  1507  1507 I SurfaceFlinger: onHandleDestroyed: layerId=156330, name=7086fb SurfaceView[com.zhiliaoapp.musically/com.ss.android.ugc.aweme.splash.SplashActivity]@0(BLAST)#156330
03-02 00:57:30.041  1507  1507 I SurfaceFlinger: id=156330 Removed 7086fb SurfaceView[com.zhiliaoapp.musically/com.ss.android.ugc.aweme.splash.SplashActivity]@0(BLAST)#156330 (338)
03-02 00:57:30.041  1507  1507 I SurfaceFlinger: onHandleDestroyed: layerId=156329, name=7086fb SurfaceView[com.zhiliaoapp.musically/com.ss.android.ugc.aweme.splash.SplashActivity]@0#156329
03-02 00:57:30.041  1507  1507 I SurfaceFlinger: id=156329 Removed 7086fb SurfaceView[com.zhiliaoapp.musically/com.ss.android.ugc.aweme.splash.SplashActivity]@0#156329 (338)
03-02 00:57:30.041  1507  1507 I SurfaceFlinger: onHandleDestroyed: layerId=156331, name=Background for 7086fb SurfaceView[com.zhiliaoapp.musically/com.ss.android.ugc.aweme.splash.SplashActivity]@0#156331
03-02 00:57:30.041  1507  1507 I SurfaceFlinger: id=156331 Removed Background for 7086fb SurfaceView[com.zhiliaoapp.musically/com.ss.android.ugc.aweme.splash.SplashActivity]@0#156331 (338)
03-02 00:57:30.041  1507  1507 I SurfaceFlinger: onHandleDestroyed: layerId=156327, name=68eb87 SurfaceView[com.zhiliaoapp.musically/com.ss.android.ugc.aweme.splash.SplashActivity]@0(BLAST)#156327
03-02 00:57:30.041  1507  1507 I SurfaceFlinger: id=156327 Removed 68eb87 SurfaceView[com.zhiliaoapp.musically/com.ss.android.ugc.aweme.splash.SplashActivity]@0(BLAST)#156327 (338)
03-02 00:57:30.041  1507  1507 I SurfaceFlinger: onHandleDestroyed: layerId=156326, name=68eb87 SurfaceView[com.zhiliaoapp.musically/com.ss.android.ugc.aweme.splash.SplashActivity]@0#156326
03-02 00:57:30.041  1507  1507 I SurfaceFlinger: id=156326 Removed 68eb87 SurfaceView[com.zhiliaoapp.musically/com.ss.android.ugc.aweme.splash.SplashActivity]@0#156326 (338)
03-02 00:57:30.041  1507  1507 I SurfaceFlinger: onHandleDestroyed: layerId=156328, name=Background for 68eb87 SurfaceView[com.zhiliaoapp.musically/com.ss.android.ugc.aweme.splash.SplashActivity]@0#156328
03-02 00:57:30.041  1507  1507 I SurfaceFlinger: id=156328 Removed Background for 68eb87 SurfaceView[com.zhiliaoapp.musically/com.ss.android.ugc.aweme.splash.SplashActivity]@0#156328 (338)
03-02 00:57:30.046  1446  1446 I SensorsHub: queueActivate: handle 5 enable 0
03-02 00:57:30.046  1446  1446 I SensorsHub: type : 5, enable : 0
03-02 00:57:30.046  2013  3345 I MediaFocusControl: abandonAudioFocus() from uid/pid 10350/14885 clientId=android.media.AudioManager@b7fcc9dX.143s@4302512 callingPack=com.zhiliaoapp.musically
03-02 00:57:30.046  2013  3345 D AS.AudioService: [Android Auto] isConnectedAndroidAuto = false
03-02 00:57:30.046  2013  3345 D MediaFocusControl: selectFocusStack, uid = 10350, appDevice = 0, device = 2
03-02 00:57:30.046  2013  3345 I MediaFocusControl: removeFocusStackEntry client:android.media.AudioManager@b7fcc9dX.143s@4302512
03-02 00:57:30.047  1507  1507 I SurfaceFlinger: destroyed Background for 836459b SurfaceView[com.zhiliaoapp.musically/com.ss.android.ugc.aweme.splash.SplashActivity]@0#156334
03-02 00:57:30.047  1507  1507 I SurfaceFlinger: destroyed 68eb87 SurfaceView[com.zhiliaoapp.musically/com.ss.android.ugc.aweme.splash.SplashActivity]@0#156326
03-02 00:57:30.047  1507  1507 I SurfaceFlinger: destroyed 68eb87 SurfaceView[com.zhiliaoapp.musically/com.ss.android.ugc.aweme.splash.SplashActivity]@0(BLAST)#156327
03-02 00:57:30.047  1507  1507 I SurfaceFlinger: destroyed 836459b SurfaceView[com.zhiliaoapp.musically/com.ss.android.ugc.aweme.splash.SplashActivity]@0(BLAST)#156333
03-02 00:57:30.047  1507  1507 I SurfaceFlinger: destroyed 836459b SurfaceView[com.zhiliaoapp.musically/com.ss.android.ugc.aweme.splash.SplashActivity]@0#156332
03-02 00:57:30.047  1507  1507 I SurfaceFlinger: destroyed Background for 7086fb SurfaceView[com.zhiliaoapp.musically/com.ss.android.ugc.aweme.splash.SplashActivity]@0#156331
03-02 00:57:30.047  1507  1507 I SurfaceFlinger: destroyed Background for 68eb87 SurfaceView[com.zhiliaoapp.musically/com.ss.android.ugc.aweme.splash.SplashActivity]@0#156328
03-02 00:57:30.047  1507  1507 I SurfaceFlinger: destroyed 7086fb SurfaceView[com.zhiliaoapp.musically/com.ss.android.ugc.aweme.splash.SplashActivity]@0#156329
03-02 00:57:30.047  1507  1507 I SurfaceFlinger: destroyed 7086fb SurfaceView[com.zhiliaoapp.musically/com.ss.android.ugc.aweme.splash.SplashActivity]@0(BLAST)#156330
03-02 00:57:30.049 14885 17075 D SensorManager: unregisterListener
03-02 00:57:30.051  1507  1507 I Layer   : id=156328 Destroyed Background for 68eb87 SurfaceView[com.zhiliaoapp.musically/com.ss.android.ugc.aweme.splash.SplashActivity]@0#156328
03-02 00:57:30.051  1507  1507 I Layer   : id=156326 Destroyed 68eb87 SurfaceView[com.zhiliaoapp.musically/com.ss.android.ugc.aweme.splash.SplashActivity]@0#156326
03-02 00:57:30.051  1507  1507 I Layer   : id=156327 Destroyed 68eb87 SurfaceView[com.zhiliaoapp.musically/com.ss.android.ugc.aweme.splash.SplashActivity]@0(BLAST)#156327
03-02 00:57:30.051  1507  1507 I Layer   : id=156331 Destroyed Background for 7086fb SurfaceView[com.zhiliaoapp.musically/com.ss.android.ugc.aweme.splash.SplashActivity]@0#156331
03-02 00:57:30.051  1507  1507 I Layer   : id=156329 Destroyed 7086fb SurfaceView[com.zhiliaoapp.musically/com.ss.android.ugc.aweme.splash.SplashActivity]@0#156329
03-02 00:57:30.051  1507  1507 I Layer   : id=156330 Destroyed 7086fb SurfaceView[com.zhiliaoapp.musically/com.ss.android.ugc.aweme.splash.SplashActivity]@0(BLAST)#156330
03-02 00:57:30.051  1507  1507 I Layer   : id=156334 Destroyed Background for 836459b SurfaceView[com.zhiliaoapp.musically/com.ss.android.ugc.aweme.splash.SplashActivity]@0#156334
03-02 00:57:30.051  1507  1507 I Layer   : id=156332 Destroyed 836459b SurfaceView[com.zhiliaoapp.musically/com.ss.android.ugc.aweme.splash.SplashActivity]@0#156332
03-02 00:57:30.051  1507  1507 I Layer   : id=156333 Destroyed 836459b SurfaceView[com.zhiliaoapp.musically/com.ss.android.ugc.aweme.splash.SplashActivity]@0(BLAST)#156333
03-02 00:57:30.055  1507  1825 I SurfaceFlinger: Capture layer list: 	 com.podcast.app.debug/androidx.activity.ComponentActivity$_17121#156347(seamlessTransition:0)
03-02 00:57:30.069 14885 14885 I System.out: SceneSafeLifecycleDispatcher: onStopped Start
03-02 00:57:30.069 14885 14885 I System.out: SAFActivity V Scene Framework: NavigationMessageQueue postSync start
03-02 00:57:30.069 14885 14885 I System.out: SAFActivity V Scene Framework: NavigationMessageQueue postSync run current task start 14_Y.ARunnableS108S0200000_32@3204f6f
03-02 00:57:30.069 14885 14885 I System.out: SAFActivity V Scene Framework: NavigationSceneManager Sync Scene SAFFragmentRootScene{79e191c} Lifecycle [STARTED -> ACTIVITY_CREATED] without saved State
03-02 00:57:30.069 14885 14885 I System.out: SAFFragmentRootScene: onStop Start (SAFFragmentRootScene{79e191c})
03-02 00:57:30.076 14885 14885 I System.out: SAFActivity V Scene Framework: NavigationMessageQueue postSync run current task finish 14_Y.ARunnableS108S0200000_32@3204f6f
03-02 00:57:30.076 14885 14885 I System.out: SAFActivity V Scene Framework: NavigationMessageQueue postSync finish
03-02 00:57:30.076 14885 14885 I System.out: SceneSafeLifecycleDispatcher: onStopped End STOP
03-02 00:57:30.076 14885 14885 I System.out: SAFActivity: com.ss.android.ugc.aweme.main.MainActivity@c20428f,  onStop End
03-02 00:57:30.076 14885 14885 D SV[6876039 SplashActivity]: updateSurface: surface is not valid
03-02 00:57:30.076 14885 14885 I SV[6876039 SplashActivity]: releaseSurfaces: viewRoot = VRI[SplashActivity]@35f4eb8
03-02 00:57:30.076 14885 14885 D VRI[SplashActivity]@35f4eb8: applyTransactionOnDraw applyImmediately
03-02 00:57:30.077 14885 14885 D SV[7374587 SplashActivity]: updateSurface: surface is not valid
03-02 00:57:30.077 14885 14885 I SV[7374587 SplashActivity]: releaseSurfaces: viewRoot = VRI[SplashActivity]@35f4eb8
03-02 00:57:30.077 14885 14885 D VRI[SplashActivity]@35f4eb8: applyTransactionOnDraw applyImmediately
03-02 00:57:30.078 14885 14885 D SV[137774491 SplashActivity]: updateSurface: surface is not valid
03-02 00:57:30.078 14885 14885 I SV[137774491 SplashActivity]: releaseSurfaces: viewRoot = VRI[SplashActivity]@35f4eb8
03-02 00:57:30.078 14885 14885 D VRI[SplashActivity]@35f4eb8: applyTransactionOnDraw applyImmediately
03-02 00:57:30.081 14885 14885 I System.out: SAFActivity V Scene Framework: NavigationSceneManager forceExecutePendingNavigationOperation start
03-02 00:57:30.081 14885 14885 I System.out: SAFActivity V Scene Framework: NavigationMessageQueue postSync start
03-02 00:57:30.082 14885 14885 I System.out: SAFActivity V Scene Framework: NavigationMessageQueue postSync run current task start 0_Y.ARunnableS90S0000000_15@7d5930b
03-02 00:57:30.082 14885 14885 I System.out: SAFActivity V Scene Framework: NavigationMessageQueue postSync run current task finish 0_Y.ARunnableS90S0000000_15@7d5930b
03-02 00:57:30.082 14885 14885 I System.out: SAFActivity V Scene Framework: NavigationMessageQueue postSync finish
03-02 00:57:30.082 14885 14885 I System.out: SAFActivity V Scene Framework: NavigationSceneManager forceExecutePendingNavigationOperation finish
03-02 00:57:30.082 14885 14885 I System.out: SAFActivity: com.ss.android.ugc.aweme.main.MainActivity@c20428f,  onSaveInstanceState Start
03-02 00:57:30.084 14885 14885 I System.out: SceneSafeLifecycleDispatcher: onSaveInstanceState Start
03-02 00:57:30.084 14885 14885 I System.out: SAFFragmentRootScene: onSaveInstanceState Start (SAFFragmentRootScene{79e191c})
03-02 00:57:30.084 14885 14885 I System.out: SceneSafeLifecycleDispatcher: onSaveInstanceState End STOP
03-02 00:57:30.084 14885 14885 I System.out: SAFActivity: com.ss.android.ugc.aweme.main.MainActivity@c20428f,  onSaveInstanceState End
03-02 00:57:30.085 14885 14885 W System.err: onActivityPostSaveInstanceState store finished---->com.ss.android.ugc.aweme.main.MainActivity@c20428f
03-02 00:57:30.092 14885 14885 D SV[6876039 SplashActivity]: updateSurface: surface is not valid
03-02 00:57:30.092 14885 14885 I SV[6876039 SplashActivity]: releaseSurfaces: viewRoot = VRI[SplashActivity]@35f4eb8
03-02 00:57:30.093 14885 14885 D VRI[SplashActivity]@35f4eb8: applyTransactionOnDraw applyImmediately
03-02 00:57:30.093 14885 14885 D SV[7374587 SplashActivity]: updateSurface: surface is not valid
03-02 00:57:30.093 14885 14885 I SV[7374587 SplashActivity]: releaseSurfaces: viewRoot = VRI[SplashActivity]@35f4eb8
03-02 00:57:30.093 14885 14885 D VRI[SplashActivity]@35f4eb8: applyTransactionOnDraw applyImmediately
03-02 00:57:30.094 14885 14885 D SV[137774491 SplashActivity]: updateSurface: surface is not valid
03-02 00:57:30.094 14885 14885 I SV[137774491 SplashActivity]: releaseSurfaces: viewRoot = VRI[SplashActivity]@35f4eb8
03-02 00:57:30.094 14885 14885 D VRI[SplashActivity]@35f4eb8: applyTransactionOnDraw applyImmediately
03-02 00:57:30.100  1445  2902 W C2MtkBufferManager: [0xB4000070F507E520] fetchNewCcBlock: wait fence 0x0xb4000070f5058270 timed out. ret 110
03-02 00:57:30.102  2746  2755 I ndroid.systemui: NativeAlloc concurrent mark compact GC freed 27MB AllocSpace bytes, 10(200KB) LOS objects, 41% free, 68MB/116MB, paused 3.277ms,3.341ms total 577.024ms
03-02 00:57:30.103  1507  1507 I SurfaceFlinger: [LayerHierarchy{RequestedLayerState{com.zhiliaoapp.musically/com.ss.android.ugc.aweme.splash.SplashActivity$_14885#156322} no children}] reparent to OffscreenRoot
03-02 00:57:30.103  1507  1507 I SurfaceFlinger: [LayerHierarchy{RequestedLayerState{com.zhiliaoapp.musically/com.ss.android.ugc.aweme.splash.SplashActivity$_14885#156322} no children}] RelativeParent to null
03-02 00:57:30.103  1507  1563 I SurfaceFlinger: onHandleDestroyed: layerId=155852, name=Surface(name=1975c20 com.podcast.app.debug.test/androidx.test.core.app.InstrumentationActivityInvoker$EmptyActivity)/@0x2a5f77b - animation-leash of starting_reveal#155852
03-02 00:57:30.103  1507  1563 I SurfaceFlinger: id=155852 Removed Surface(name=1975c20 com.podcast.app.debug.test/androidx.test.core.app.InstrumentationActivityInvoker$EmptyActivity)/@0x2a5f77b - animation-leash of starting_reveal#155852 (329)
03-02 00:57:30.103  1507  2393 I SurfaceFlinger: onHandleDestroyed: layerId=155955, name=Task=44868#155955
03-02 00:57:30.103  1507  2393 I SurfaceFlinger: id=155955 Removed Task=44868#155955 (329)
03-02 00:57:30.103  1507  1907 I SurfaceFlinger: onHandleDestroyed: layerId=156005, name=Task=44870#156005
03-02 00:57:30.103  1507  2128 I SurfaceFlinger: onHandleDestroyed: layerId=156054, name=Task=44872#156054
03-02 00:57:30.103  1507  2128 I SurfaceFlinger: id=156054 Removed Task=44872#156054 (329)
03-02 00:57:30.104  1507  1907 I SurfaceFlinger: id=156005 Removed Task=44870#156005 (329)
03-02 00:57:30.104  1507  1507 I SurfaceFlinger: onHandleDestroyed: layerId=156322, name=com.zhiliaoapp.musically/com.ss.android.ugc.aweme.splash.SplashActivity$_14885#156322
03-02 00:57:30.104  1507  1507 I SurfaceFlinger: id=156322 Removed com.zhiliaoapp.musically/com.ss.android.ugc.aweme.splash.SplashActivity$_14885#156322 (329)
03-02 00:57:30.105  1507  2393 I SurfaceFlinger: onHandleDestroyed: layerId=155974, name=Task=44869#155974
03-02 00:57:30.105  1507  2393 I SurfaceFlinger: id=155974 Removed Task=44869#155974 (329)
03-02 00:57:30.105  1507  2128 I SurfaceFlinger: onHandleDestroyed: layerId=156070, name=Task=44873#156070
03-02 00:57:30.105  1507  2128 I SurfaceFlinger: id=156070 Removed Task=44873#156070 (329)
03-02 00:57:30.105  1507  1907 I SurfaceFlinger: onHandleDestroyed: layerId=156019, name=Task=44871#156019
03-02 00:57:30.105  1507  1907 I SurfaceFlinger: id=156019 Removed Task=44871#156019 (329)
03-02 00:57:30.108  1507  1907 I SurfaceFlinger: onHandleDestroyed: layerId=156193, name=Surface(name=ba2ae39 com.podcast.app.debug.test/androidx.test.core.app.InstrumentationActivityInvoker$EmptyActivity)/@0x44888f - animation-leash of starting_reveal#156193
03-02 00:57:30.108  1507  1907 I SurfaceFlinger: id=156193 Removed Surface(name=ba2ae39 com.podcast.app.debug.test/androidx.test.core.app.InstrumentationActivityInvoker$EmptyActivity)/@0x44888f - animation-leash of starting_reveal#156193 (329)
03-02 00:57:30.109  1507  1907 I SurfaceFlinger: onHandleDestroyed: layerId=156210, name=Surface(name=297f8e5 com.podcast.app.debug/androidx.activity.ComponentActivity)/@0xbe7f046 - animation-leash of starting_reveal#156210
03-02 00:57:30.109  1507  1907 I SurfaceFlinger: id=156210 Removed Surface(name=297f8e5 com.podcast.app.debug/androidx.activity.ComponentActivity)/@0xbe7f046 - animation-leash of starting_reveal#156210 (329)
03-02 00:57:30.110  1507  1907 I SurfaceFlinger: onHandleDestroyed: layerId=156225, name=Surface(name=79b766d com.podcast.app.debug.test/androidx.test.core.app.InstrumentationActivityInvoker$EmptyActivity)/@0x37de1d9 - animation-leash of starting_reveal#156225
03-02 00:57:30.111  1507  1907 I SurfaceFlinger: id=156225 Removed Surface(name=79b766d com.podcast.app.debug.test/androidx.test.core.app.InstrumentationActivityInvoker$EmptyActivity)/@0x37de1d9 - animation-leash of starting_reveal#156225 (329)
03-02 00:57:30.112  1507  1907 I SurfaceFlinger: onHandleDestroyed: layerId=156259, name=Surface(name=c69a3cc com.podcast.app.debug/androidx.activity.ComponentActivity)/@0x8daf82c - animation-leash of starting_reveal#156259
03-02 00:57:30.112  1507  1907 I SurfaceFlinger: id=156259 Removed Surface(name=c69a3cc com.podcast.app.debug/androidx.activity.ComponentActivity)/@0x8daf82c - animation-leash of starting_reveal#156259 (329)
03-02 00:57:30.114  1507  1507 I SurfaceFlinger: destroyed Surface(name=ba2ae39 com.podcast.app.debug.test/androidx.test.core.app.InstrumentationActivityInvoker$EmptyActivity)/@0x44888f - animation-leash of starting_reveal#156193
03-02 00:57:30.114  1507  1507 I SurfaceFlinger: destroyed Task=44870#156005
03-02 00:57:30.114  1507  1507 I SurfaceFlinger: destroyed Task=44869#155974
03-02 00:57:30.114  1507  1507 I SurfaceFlinger: destroyed Surface(name=c69a3cc com.podcast.app.debug/androidx.activity.ComponentActivity)/@0x8daf82c - animation-leash of starting_reveal#156259
03-02 00:57:30.114  1507  1507 I SurfaceFlinger: destroyed Surface(name=79b766d com.podcast.app.debug.test/androidx.test.core.app.InstrumentationActivityInvoker$EmptyActivity)/@0x37de1d9 - animation-leash of starting_reveal#156225
03-02 00:57:30.114  1507  1507 I SurfaceFlinger: destroyed Surface(name=1975c20 com.podcast.app.debug.test/androidx.test.core.app.InstrumentationActivityInvoker$EmptyActivity)/@0x2a5f77b - animation-leash of starting_reveal#155852
03-02 00:57:30.114  1507  1507 I SurfaceFlinger: destroyed Task=44873#156070
03-02 00:57:30.114  1507  1507 I SurfaceFlinger: destroyed Task=44872#156054
03-02 00:57:30.114  1507  1507 I SurfaceFlinger: destroyed Task=44868#155955
03-02 00:57:30.114  1507  1507 I SurfaceFlinger: destroyed Task=44871#156019
03-02 00:57:30.114  1507  1507 I SurfaceFlinger: destroyed Surface(name=297f8e5 com.podcast.app.debug/androidx.activity.ComponentActivity)/@0xbe7f046 - animation-leash of starting_reveal#156210
03-02 00:57:30.114  1507  1507 I SurfaceFlinger: destroyed com.zhiliaoapp.musically/com.ss.android.ugc.aweme.splash.SplashActivity$_14885#156322
03-02 00:57:30.114  1507  1907 I SurfaceFlinger: onHandleDestroyed: layerId=156290, name=Surface(name=2b4179f com.podcast.app.debug.test/androidx.test.core.app.InstrumentationActivityInvoker$EmptyActivity)/@0xa99feb0 - animation-leash of starting_reveal#156290
03-02 00:57:30.114  1507  1907 I SurfaceFlinger: id=156290 Removed Surface(name=2b4179f com.podcast.app.debug.test/androidx.test.core.app.InstrumentationActivityInvoker$EmptyActivity)/@0xa99feb0 - animation-leash of starting_reveal#156290 (329)
03-02 00:57:30.115  1507  1507 I Layer   : id=156259 Destroyed Surface(name=c69a3cc com.podcast.app.debug/androidx.activity.ComponentActivity)/@0x8daf82c - animation-leash of starting_reveal#156259
03-02 00:57:30.115  1507  1507 I Layer   : id=156225 Destroyed Surface(name=79b766d com.podcast.app.debug.test/androidx.test.core.app.InstrumentationActivityInvoker$EmptyActivity)/@0x37de1d9 - animation-leash of starting_reveal#156225
03-02 00:57:30.115  1507  1507 I Layer   : id=156210 Destroyed Surface(name=297f8e5 com.podcast.app.debug/androidx.activity.ComponentActivity)/@0xbe7f046 - animation-leash of starting_reveal#156210
03-02 00:57:30.115  1507  1507 I Layer   : id=156193 Destroyed Surface(name=ba2ae39 com.podcast.app.debug.test/androidx.test.core.app.InstrumentationActivityInvoker$EmptyActivity)/@0x44888f - animation-leash of starting_reveal#156193
03-02 00:57:30.115  1507  1507 I Layer   : id=156019 Destroyed Task=44871#156019
03-02 00:57:30.115  1507  1507 I Layer   : id=156005 Destroyed Task=44870#156005
03-02 00:57:30.115  1507  1507 I Layer   : id=156070 Destroyed Task=44873#156070
03-02 00:57:30.115  1507  1507 I Layer   : id=156054 Destroyed Task=44872#156054
03-02 00:57:30.115  1507  1507 I Layer   : id=155974 Destroyed Task=44869#155974
03-02 00:57:30.115  1507  2128 I SurfaceFlinger: onHandleDestroyed: layerId=156306, name=Surface(name=f226221 com.podcast.app.debug/androidx.activity.ComponentActivity)/@0x4a843b8 - animation-leash of starting_reveal#156306
03-02 00:57:30.115  1507  1507 I Layer   : id=155955 Destroyed Task=44868#155955
03-02 00:57:30.115  1507  2128 I SurfaceFlinger: id=156306 Removed Surface(name=f226221 com.podcast.app.debug/androidx.activity.ComponentActivity)/@0x4a843b8 - animation-leash of starting_reveal#156306 (319)
03-02 00:57:30.115  1507  1507 I Layer   : id=156322 Destroyed com.zhiliaoapp.musically/com.ss.android.ugc.aweme.splash.SplashActivity$_14885#156322
03-02 00:57:30.115  1507  1507 I Layer   : id=155852 Destroyed Surface(name=1975c20 com.podcast.app.debug.test/androidx.test.core.app.InstrumentationActivityInvoker$EmptyActivity)/@0x2a5f77b - animation-leash of starting_reveal#155852
03-02 00:57:30.117  1507  2128 I SurfaceFlinger: onHandleDestroyed: layerId=156337, name=Surface(name=d9a5553 com.podcast.app.debug.test/androidx.test.core.app.InstrumentationActivityInvoker$EmptyActivity)/@0xf990b8b - animation-leash of starting_reveal#156337
03-02 00:57:30.118  1507  2128 I SurfaceFlinger: id=156337 Removed Surface(name=d9a5553 com.podcast.app.debug.test/androidx.test.core.app.InstrumentationActivityInvoker$EmptyActivity)/@0xf990b8b - animation-leash of starting_reveal#156337 (317)
03-02 00:57:30.118  1507  2128 I SurfaceFlinger: onHandleDestroyed: layerId=156353, name=Surface(name=429c57d com.podcast.app.debug/androidx.activity.ComponentActivity)/@0x60d4217 - animation-leash of starting_reveal#156353
03-02 00:57:30.119  1507  2128 I SurfaceFlinger: id=156353 Removed Surface(name=429c57d com.podcast.app.debug/androidx.activity.ComponentActivity)/@0x60d4217 - animation-leash of starting_reveal#156353 (317)
03-02 00:57:30.120 14885 18451 W System.err: FlagsHookHelper: skip hook flags method getInstanceHook
03-02 00:57:30.121  2746  2758 W System  : A resource failed to call release.
03-02 00:57:30.121  2746  2758 W System  : A resource failed to call release.
03-02 00:57:30.121  2746  2758 W System  : A resource failed to call release.
03-02 00:57:30.122  2746  2758 W System  : A resource failed to call release.
03-02 00:57:30.122  2746  2758 W System  : A resource failed to call release.
03-02 00:57:30.123  2746  2758 W System  : A resource failed to call release.
03-02 00:57:30.123 14885 17075 W System.err: FlagsHookHelper: skip hook flags method getInstanceHook
03-02 00:57:30.124  2746  2758 W System  : A resource failed to call release.
03-02 00:57:30.125  1507  1507 I SurfaceFlinger: destroyed Surface(name=429c57d com.podcast.app.debug/androidx.activity.ComponentActivity)/@0x60d4217 - animation-leash of starting_reveal#156353
03-02 00:57:30.125  1507  1507 I SurfaceFlinger: destroyed Surface(name=d9a5553 com.podcast.app.debug.test/androidx.test.core.app.InstrumentationActivityInvoker$EmptyActivity)/@0xf990b8b - animation-leash of starting_reveal#156337
03-02 00:57:30.125  1507  1507 I SurfaceFlinger: destroyed Surface(name=f226221 com.podcast.app.debug/androidx.activity.ComponentActivity)/@0x4a843b8 - animation-leash of starting_reveal#156306
03-02 00:57:30.125  1507  1507 I SurfaceFlinger: destroyed Surface(name=2b4179f com.podcast.app.debug.test/androidx.test.core.app.InstrumentationActivityInvoker$EmptyActivity)/@0xa99feb0 - animation-leash of starting_reveal#156290
03-02 00:57:30.128  1507  1507 I Layer   : id=156353 Destroyed Surface(name=429c57d com.podcast.app.debug/androidx.activity.ComponentActivity)/@0x60d4217 - animation-leash of starting_reveal#156353
03-02 00:57:30.128  1507  1507 I Layer   : id=156337 Destroyed Surface(name=d9a5553 com.podcast.app.debug.test/androidx.test.core.app.InstrumentationActivityInvoker$EmptyActivity)/@0xf990b8b - animation-leash of starting_reveal#156337
03-02 00:57:30.128  1507  1507 I Layer   : id=156306 Destroyed Surface(name=f226221 com.podcast.app.debug/androidx.activity.ComponentActivity)/@0x4a843b8 - animation-leash of starting_reveal#156306
03-02 00:57:30.128  1507  1507 I Layer   : id=156290 Destroyed Surface(name=2b4179f com.podcast.app.debug.test/androidx.test.core.app.InstrumentationActivityInvoker$EmptyActivity)/@0xa99feb0 - animation-leash of starting_reveal#156290
03-02 00:57:30.129 14885 15878 W NaviWarn: StackPtr is not 8-byte aligned.
03-02 00:57:30.129  2746  2758 W System  : A resource failed to call release.
03-02 00:57:30.133  2746  2758 W System  : A resource failed to call release.
03-02 00:57:30.133  2746  2758 W System  : A resource failed to call release.
03-02 00:57:30.134  2746  2758 W System  : A resource failed to call release.
03-02 00:57:30.134  2746  2758 W System  : A resource failed to call release.
03-02 00:57:30.134  2746  2758 W System  : A resource failed to call release.
03-02 00:57:30.134  2746  2758 W System  : A resource failed to call release.
03-02 00:57:30.134  2746  2758 W System  : A resource failed to call release.
03-02 00:57:30.134  2746  2758 W System  : A resource failed to call release.
03-02 00:57:30.135  2746  2758 W System  : A resource failed to call release.
03-02 00:57:30.135  2746  2758 W System  : A resource failed to call release.
03-02 00:57:30.135  2746  2758 W System  : A resource failed to call release.
03-02 00:57:30.135  2746  2758 W System  : A resource failed to call release.
03-02 00:57:30.135  2746  2758 W System  : A resource failed to call release.
03-02 00:57:30.135  2746  2758 W System  : A resource failed to call release.
03-02 00:57:30.136  2746  2758 W System  : A resource failed to call release.
03-02 00:57:30.136  2746  2758 W System  : A resource failed to call release.
03-02 00:57:30.136  2746  2758 W System  : A resource failed to call release.
03-02 00:57:30.136  2746  2758 W System  : A resource failed to call release.
03-02 00:57:30.136  2746  2758 W System  : A resource failed to call release.
03-02 00:57:30.137  2746  2758 W System  : A resource failed to call release.
03-02 00:57:30.137  2746  2758 W System  : A resource failed to call release.
03-02 00:57:30.137  2746  2758 W System  : A resource failed to call release.
03-02 00:57:30.137  2746  2758 W System  : A resource failed to call release.
03-02 00:57:30.137  2746  2758 W System  : A resource failed to call release.
03-02 00:57:30.141 14885 15878 W NaviWarn: StackPtr is not 8-byte aligned.
03-02 00:57:30.153  2013  2065 D PkgPredictorService-SecIpmManagerServiceImpl: bg information pid:14885 uid:10350 pkgName:com.zhiliaoapp.musically
03-02 00:57:30.154 14885 14885 D BBA2    : setIsFg isFg = false; delayValue 3999ms
03-02 00:57:30.155  1507  1825 I SurfaceFlinger: Capture layer list: 	 com.podcast.app.debug/androidx.activity.ComponentActivity$_17121#156347(seamlessTransition:0)
