03-02 00:57:36.754 17121 17121 I VRI[ComponentActivity]@bd31bab: stopped(true) old = false
03-02 00:57:36.754 17121 17121 D VRI[ComponentActivity]@bd31bab: WindowStopped on com.podcast.app.debug/androidx.activity.ComponentActivity set to true
03-02 00:57:36.754  1484 15560 V APM_AudioPolicyManager: checkAndSetVolume: output 21, stream 3, index 2, devices 0x2, volume 0.005792, delayMs 0, muted false
03-02 00:57:36.755  1445 18651 D C2MtkVdec: [0xB4000070F5129C00] updateRuntimeInfo: isTextureView 0, mConsumerUsage 2307, hasPostproc 1, width 768, height 1280, opRate 0.000000
03-02 00:57:36.755  1445 18651 D C2MtkComponentStore: onRuntimeInfoUpdated[0xB4000070F5042020]: runtime info updated.
03-02 00:57:36.755  1445 18651 D C2MtkComponentStore: onRuntimeInfoUpdated[0xB4000070F5042020]: valid, cUid 10350, cPid 14885, psDisabled 0, isCpuDemanding 1, cluster , minFreq
03-02 00:57:36.755  1445 18651 D C2MtkComponentStore: onRuntimeInfoUpdated[0xB4000070F6922020]: invalid, cUid 0, cPid 0, psDisabled 0, isCpuDemanding 0, cluster , minFreq
03-02 00:57:36.755  1445 18651 D C2MtkComponentStore: onRuntimeInfoUpdated[0xB4000070F692D820]: valid, cUid 1013, cPid 1661, psDisabled 0, isCpuDemanding 1, cluster , minFreq
03-02 00:57:36.755  1445 18651 D C2MtkComponentStore: onRuntimeInfoUpdated[0xB4000070F5042020]: normal mode. isHeavyLoading 1, numOfValInst 2, psDisable 0
03-02 00:57:36.756 17121 17389 D HWUI    : CacheManager::trimMemory(20)
03-02 00:57:36.758  1484  9269 D NativePermissionController: checkPermission: missing 13 for 10351
03-02 00:57:36.758  1484 28718 D NativePermissionController: checkPermission: missing 13 for 10476
03-02 00:57:36.758  1484 24378 D NativePermissionController: checkPermission: missing 13 for 10248
03-02 00:57:36.758  2013  3566 D InputDispatcher: Focus entered window (0): cd2d6b5 com.zhiliaoapp.musically/com.ss.android.ugc.aweme.splash.SplashActivity
03-02 00:57:36.758  1484  1566 D NativePermissionController: checkPermission: missing 13 for 10492
03-02 00:57:36.759  1484 15560 I AudioFlinger: updateStageIndex new -2102
03-02 00:57:36.759 14885 14885 D VRI[SplashActivity]@35f4eb8: mThreadedRenderer.initializeIfNeeded()#2 mSurface={isValid=true 0x6fe0801f00}
03-02 00:57:36.759  1484  1567 D NativePermissionController: checkPermission: missing 13 for 10350
03-02 00:57:36.760  1484  1921 D DlbEffectContext: setParam() received parameter EFFECT_PARAM_SEEK
03-02 00:57:36.760  1484  1921 D DlbEffectContext: handleSeek(seek operation ends, restore profile to 2)
03-02 00:57:36.760  1484  1921 D DlbEffectContext: applySpecificParams() Reset some user specific parameters
03-02 00:57:36.760  1484  1921 D DlbProfileParamCache: resetParam(param=dvla)
03-02 00:57:36.760 14885 14885 I System.out: SAFActivity V Scene Framework: NavigationSceneManager onWindowFocusChanged true
03-02 00:57:36.760  1484  1921 D DlbProfileParamArray: getProfileParams(profile = 2)
03-02 00:57:36.760  1484  1921 D DlbProfileParamCache: resetParam() resend the parameter value got from xml.
03-02 00:57:36.760  1484  1921 D DlbProfileParamCache: resetParam() resend the parameter value got from xml.
03-02 00:57:36.760 14885 14885 I System.out: SAFFragmentRootScene: onWindowFocusChanged: com.ss.android.ugc.aweme.main.MainRootFragment, MainRootFragment{e89d275} (8a90a2f7-f51b-4f8d-88b5-38e0125851ad tag=root_fragment), true (SAFFragmentRootScene{79e191c})
03-02 00:57:36.760  1484  1921 D DlbProfileParamCache: resetParam() resend the parameter value got from xml.
03-02 00:57:36.760  1484  1921 D DlbProfileParamCache: resetParam() resend the parameter value got from xml.
03-02 00:57:36.760  1484  1921 D DlbProfileParamCache: resetParam() resend the parameter value got from xml.
03-02 00:57:36.760  1484  1921 D DlbProfileParamCache: resetParam() resend the parameter value got from xml.
03-02 00:57:36.760  1484  1921 D DlbProfileParamCache: resetParam() resend the parameter value got from xml.
03-02 00:57:36.760  1484  1921 D DlbEndpointParamCache: commitChangedParams()
03-02 00:57:36.760  1484  1921 D DlbEndpointParamCache: commit() Applying parameters for device 0x40000000
03-02 00:57:36.760  1484  1921 D DlbEndpointParamCache: doCommit() Committed 0 parameters out of 15.
03-02 00:57:36.760  1484  1921 D DlbEndpointParamCache: commit() Overriding parameters for current device 0x00000002
03-02 00:57:36.760  1484  1921 D DlbDap2Process: setParam(dvla = #1[0])
03-02 00:57:36.760  1484  1921 D DlbEndpointParamCache: doCommit() Committed 1 parameters out of 60.
03-02 00:57:36.760  1484  1921 D DlbProfileParamCache: resetParam(param=dvli)
03-02 00:57:36.760  1484  1921 D DlbProfileParamArray: getProfileParams(profile = 2)
03-02 00:57:36.760  1484  1921 D DlbProfileParamCache: resetParam() resend the parameter value got from xml.
03-02 00:57:36.760  1484  1921 D DlbProfileParamCache: resetParam() resend the parameter value got from xml.
03-02 00:57:36.760  1484  1921 D DlbProfileParamCache: resetParam() resend the parameter value got from xml.
03-02 00:57:36.760  1484  1921 D DlbProfileParamCache: resetParam() resend the parameter value got from xml.
03-02 00:57:36.760  1484  1921 D DlbProfileParamCache: resetParam() resend the parameter value got from xml.
03-02 00:57:36.760  1484  1921 D DlbProfileParamCache: resetParam() resend the parameter value got from xml.
03-02 00:57:36.760  1484  1921 D DlbProfileParamCache: resetParam() resend the parameter value got from xml.
03-02 00:57:36.760  1484  1921 D DlbEndpointParamCache: commitChangedParams()
03-02 00:57:36.760  1484  1921 D DlbEndpointParamCache: commit() Applying parameters for device 0x40000000
03-02 00:57:36.760  1484  1921 D DlbEndpointParamCache: doCommit() Committed 0 parameters out of 15.
03-02 00:57:36.760  1445 18651 D C2MtkVdec: [0xB4000070F5129C00] updateRuntimeInfo: isTextureView 1, mConsumerUsage 259, hasPostproc 1, width 768, height 1280, opRate 0.000000
03-02 00:57:36.760  1445 18651 D C2MtkComponentStore: onRuntimeInfoUpdated[0xB4000070F5042020]: runtime info updated.
03-02 00:57:36.760  1445 18651 D C2MtkComponentStore: onRuntimeInfoUpdated[0xB4000070F5042020]: valid, cUid 10350, cPid 14885, psDisabled 0, isCpuDemanding 1, cluster , minFreq
03-02 00:57:36.761 14885 14885 D InputMethodManagerUtils: startInputInner - Id : 0
03-02 00:57:36.761 14885 14885 I InputMethodManager: startInputInner - IInputMethodManagerGlobalInvoker.startInputOrWindowGainedFocus
03-02 00:57:36.761  1484  9961 D NativePermissionController: checkPermission: missing 13 for 10130
03-02 00:57:36.762  1507  1507 E SurfaceFlinger: alpha changed 0.000 -> 0.180 - DimTransitionLayer for Surface(name=Task=44893)/@0xab161c6#156590
03-02 00:57:36.762  1507  1507 I SurfaceFlinger: destroyed Transition Root: Task=44893#156563
03-02 00:57:36.762  1445 18651 D C2MtkComponentStore: onRuntimeInfoUpdated[0xB4000070F6922020]: invalid, cUid 0, cPid 0, psDisabled 0, isCpuDemanding 0, cluster , minFreq
03-02 00:57:36.762  1445 18651 D C2MtkComponentStore: onRuntimeInfoUpdated[0xB4000070F692D820]: valid, cUid 1013, cPid 1661, psDisabled 0, isCpuDemanding 1, cluster , minFreq
03-02 00:57:36.762  1445 18651 D C2MtkComponentStore: onRuntimeInfoUpdated[0xB4000070F5042020]: normal mode. isHeavyLoading 1, numOfValInst 2, psDisable 0
03-02 00:57:36.763  1507  1507 I Layer   : id=156563 Destroyed Transition Root: Task=44893#156563
03-02 00:57:36.763  1484 28718 D NativePermissionController: checkPermission: missing 13 for 10351
03-02 00:57:36.764  1484  3507 D NativePermissionController: checkPermission: missing 13 for 10492
03-02 00:57:36.764  1484  1921 D DlbEndpointParamCache: commit() Overriding parameters for current device 0x00000002
03-02 00:57:36.764  1484  1921 D DlbDap2Process: setParam(dvli = #1[-256])
03-02 00:57:36.764  1484  1921 D DlbEndpointParamCache: doCommit() Committed 1 parameters out of 60.
03-02 00:57:36.764  1484  1921 D DlbProfileParamCache: resetParam(param=dvlo)
03-02 00:57:36.764  1484  1921 D DlbProfileParamArray: getProfileParams(profile = 2)
03-02 00:57:36.764  1484  1921 D DlbProfileParamCache: resetParam() resend the parameter value got from xml.
03-02 00:57:36.764  1484  1921 D DlbProfileParamCache: resetParam() resend the parameter value got from xml.
03-02 00:57:36.764  1484  1921 D DlbProfileParamCache: resetParam() resend the parameter value got from xml.
03-02 00:57:36.764  1484  1921 D DlbProfileParamCache: resetParam() resend the parameter value got from xml.
03-02 00:57:36.764  1484  1921 D DlbProfileParamCache: resetParam() resend the parameter value got from xml.
03-02 00:57:36.764  1484  1921 D DlbProfileParamCache: resetParam() resend the parameter value got from xml.
03-02 00:57:36.764  1484  1921 D DlbProfileParamCache: resetParam() resend the parameter value got from xml.
03-02 00:57:36.764  1484  1921 D DlbEndpointParamCache: commitChangedParams()
03-02 00:57:36.764  1484  1921 D DlbEndpointParamCache: commit() Applying parameters for device 0x40000000
03-02 00:57:36.764  1484  1921 D DlbEndpointParamCache: doCommit() Committed 0 parameters out of 15.
03-02 00:57:36.764  1484  1921 D DlbEndpointParamCache: commit() Overriding parameters for current device 0x00000002
03-02 00:57:36.764  1484  1921 D DlbDap2Process: setParam(dvlo = #1[-224])
03-02 00:57:36.764  1484  1921 D DlbEndpointParamCache: doCommit() Committed 1 parameters out of 60.
03-02 00:57:36.764  1484  1921 D DlbProfileParamCache: resetParam(param=vmb)
03-02 00:57:36.764  1484  1921 D DlbProfileParamArray: getProfileParams(profile = 2)
03-02 00:57:36.765  1484  1921 D DlbProfileParamCache: resetParam() resend the parameter value got from xml.
03-02 00:57:36.765  1484  1921 D DlbProfileParamCache: resetParam() resend the parameter value got from xml.
03-02 00:57:36.765  1484  1921 D DlbProfileParamCache: resetParam() resend the parameter value got from xml.
03-02 00:57:36.765  1484  1921 D DlbProfileParamCache: resetParam() resend the parameter value got from xml.
03-02 00:57:36.765  1484  1921 D DlbProfileParamCache: resetParam() resend the parameter value got from xml.
03-02 00:57:36.765  1484  1921 D DlbProfileParamCache: resetParam() resend the parameter value got from xml.
03-02 00:57:36.765  1484  1921 D DlbProfileParamCache: resetParam() resend the parameter value got from xml.
03-02 00:57:36.765  1484  1921 D DlbEndpointParamCache: commitChangedParams()
03-02 00:57:36.765  1484  1921 D DlbEndpointParamCache: commit() Applying parameters for device 0x40000000
03-02 00:57:36.765  1484  1921 D DlbEndpointParamCache: doCommit() Committed 0 parameters out of 15.
03-02 00:57:36.765  1484  1921 D DlbEndpointParamCache: commit() Overriding parameters for current device 0x00000002
03-02 00:57:36.765  1484  1921 D DlbDap2Process: setParam(vmb = #1[0])
03-02 00:57:36.765  1484  1921 D DlbEndpointParamCache: doCommit() Committed 1 parameters out of 60.
03-02 00:57:36.765  1484  1921 D DlbProfileParamCache: resetParam(param=dea)
03-02 00:57:36.765  1484  1921 D DlbProfileParamArray: getProfileParams(profile = 2)
03-02 00:57:36.765  1484  1921 D DlbProfileParamCache: resetParam() resend the parameter value got from xml.
03-02 00:57:36.765  1484  1921 D DlbProfileParamCache: resetParam() resend the parameter value got from xml.
03-02 00:57:36.765  1484  1921 D DlbProfileParamCache: resetParam() resend the parameter value got from xml.
03-02 00:57:36.765  1484  1921 D DlbProfileParamCache: resetParam() resend the parameter value got from xml.
03-02 00:57:36.765  1484  1921 D DlbProfileParamCache: resetParam() resend the parameter value got from xml.
03-02 00:57:36.765  1484  1921 D DlbProfileParamCache: resetParam() resend the parameter value got from xml.
03-02 00:57:36.765  1484  1921 D DlbProfileParamCache: resetParam() resend the parameter value got from xml.
03-02 00:57:36.765  1484  1921 D DlbEndpointParamCache: commitChangedParams()
03-02 00:57:36.765  1484  1921 D DlbEndpointParamCache: commit() Applying parameters for device 0x40000000
03-02 00:57:36.765  1484  1921 D DlbEndpointParamCache: doCommit() Committed 0 parameters out of 15.
03-02 00:57:36.765  1484  1921 D DlbEndpointParamCache: commit() Overriding parameters for current device 0x00000002
03-02 00:57:36.765  1484  1921 D DlbDap2Process: setParam(dea = #1[0])
03-02 00:57:36.765  1484  1921 D DlbEndpointParamCache: doCommit() Committed 1 parameters out of 60.
03-02 00:57:36.765  1484  1921 D DlbProfileParamCache: resetParam(param=deon)
03-02 00:57:36.765  1484  1921 D DlbProfileParamArray: getProfileParams(profile = 2)
03-02 00:57:36.765  1484  1921 D DlbProfileParamCache: resetParam() resend the parameter value got from xml.
03-02 00:57:36.765  1484  1921 D DlbProfileParamCache: resetParam() resend the parameter value got from xml.
03-02 00:57:36.765  1484  1921 D DlbProfileParamCache: resetParam() resend the parameter value got from xml.
03-02 00:57:36.765  1484  1921 D DlbProfileParamCache: resetParam() resend the parameter value got from xml.
03-02 00:57:36.765  1484  1921 D DlbProfileParamCache: resetParam() resend the parameter value got from xml.
03-02 00:57:36.765  1484  1921 D DlbProfileParamCache: resetParam() resend the parameter value got from xml.
03-02 00:57:36.765  1484  1921 D DlbProfileParamCache: resetParam() resend the parameter value got from xml.
03-02 00:57:36.765  1484  1921 D DlbEndpointParamCache: commitChangedParams()
03-02 00:57:36.765  1484  1921 D DlbEndpointParamCache: commit() Applying parameters for device 0x40000000
03-02 00:57:36.765  1484  1921 D DlbEndpointParamCache: doCommit() Committed 0 parameters out of 15.
03-02 00:57:36.765  1484  1921 D DlbEndpointParamCache: commit() Overriding parameters for current device 0x00000002
03-02 00:57:36.765  1484  1921 D DlbDap2Process: setParam(deon = #1[0])
03-02 00:57:36.765  1484  1921 D DlbEndpointParamCache: doCommit() Committed 1 parameters out of 60.
03-02 00:57:36.765  1484  1921 D DlbProfileParamCache: resetParam(param=mdee)
03-02 00:57:36.765  1484  1921 D DlbProfileParamArray: getProfileParams(profile = 2)
03-02 00:57:36.765  1484  9269 D NativePermissionController: checkPermission: missing 13 for 10476
03-02 00:57:36.765  1484  1921 D DlbProfileParamCache: resetParam() resend the parameter value got from xml.
03-02 00:57:36.765  1484  1921 D DlbEndpointParamCache: commitChangedParams()
03-02 00:57:36.765  1484  1921 D DlbEndpointParamCache: commit() Applying parameters for device 0x40000000
03-02 00:57:36.765  1484  1921 D DlbDap2Process: setParam(mdee = #1[0])
03-02 00:57:36.765  1484  1921 D DlbEndpointParamCache: doCommit() Committed 1 parameters out of 15.
03-02 00:57:36.765  1484  1921 D DlbEndpointParamCache: commit() Overriding parameters for current device 0x00000002
03-02 00:57:36.765  1484  1921 D DlbEndpointParamCache: doCommit() Committed 0 parameters out of 60.
03-02 00:57:36.765  1484  1921 D DlbEffectContext: transformExternalGain() volume:0x17B95 fVol:0.005792 extVal:-715
03-02 00:57:36.765  1484  1921 D DlbEndpointParamCache: commitChangedParams()
03-02 00:57:36.765  1484  1921 D DlbEndpointParamCache: commit() Applying parameters for device 0x40000000
03-02 00:57:36.765  1484  1921 D DlbDap2Process: setParam(preg = #1[0])
03-02 00:57:36.765  1484  1921 D DlbDap2Process: setSystemGain(vol = 0)
03-02 00:57:36.765  1484  1921 D DlbDap2Process: setParam(svol = #1[-715])
03-02 00:57:36.765  1484  1921 D DlbEndpointParamCache: doCommit() Committed 2 parameters out of 15.
03-02 00:57:36.765  1484  1921 D DlbEndpointParamCache: commit() Overriding parameters for current device 0x00000002
03-02 00:57:36.765  1484  1921 D DlbEndpointParamCache: doCommit() Committed 0 parameters out of 60.
03-02 00:57:36.765  1484  1921 I SoundBoosterEffectPlus: SB_setVolume(0xb400007075106040)
03-02 00:57:36.765  1484  1921 I SoundBoosterEffectPlus: command EFFECT_CMD_SET_VOLUME left = 0.005792, right =0.005792
03-02 00:57:36.765  1484  1921 I SAG_EQ a64: SetVolumeFloat() inst_num [424238335] VolumeFloat [-44.728504] mModeFW [1] mMode [1]
03-02 00:57:36.765  1484  1921 I SAG_EQ a64: mIsVolumeTableValid yes
03-02 00:57:36.765  1484  1921 I SAG_EQ a64: SetVolume() VolumeIndexInt [2]
03-02 00:57:36.766  1484 24378 D NativePermissionController: checkPermission: missing 13 for 10350
03-02 00:57:36.767  1484  1566 D NativePermissionController: checkPermission: missing 13 for 10248
03-02 00:57:36.767 17121 17121 D LifecycleMonitor: Lifecycle status change: androidx.activity.ComponentActivity@515b3af in: STOPPED
03-02 00:57:36.767 17121 17121 V ActivityScenario: Update currentActivityStage to STOPPED, currentActivity=androidx.activity.ComponentActivity@515b3af
03-02 00:57:36.768  1439 16888 D MTKAdapterStreamLayer: updateMetadataCommon(),
03-02 00:57:36.768  1484  1921 I SoundBooster_Interface2000_a64: [AE_LOG] Exe() mMode : 1,  n : 2048    VolumeIndexFloat : -44.728504 mSamplingRate : 48000
03-02 00:57:36.770  2991  3810 I LocationAccessPolicy: checkLocationPermission - callingUid: 10492, callingPid: 14636, result: DENIED_SOFT
03-02 00:57:36.770  2991  3810 I LocationAccessPolicy: checkLocationPermission - callingUid: 10492, callingPid: 14636, result: DENIED_SOFT
03-02 00:57:36.772 17121 17121 D LifecycleMonitor: Lifecycle status change: androidx.activity.ComponentActivity@515b3af in: DESTROYED
03-02 00:57:36.772 17121 17121 V ActivityScenario: Update currentActivityStage to DESTROYED, currentActivity=null
03-02 00:57:36.773  1484  9269 D NativePermissionController: checkPermission: missing 13 for 10492
03-02 00:57:36.773  1507  1507 I SurfaceFlinger: RequestedLayer [com.podcast.app.debug/androidx.activity.ComponentActivity$_17121#156551] hidden!! flag  from(0) --> to(1)
03-02 00:57:36.773  1507  1507 I SurfaceFlinger: RequestedLayer [ActivityRecord{264185376 u0 com.podc[...]ity.ComponentActivity t44892}#156543] hidden!! flag  from(0) --> to(1)
03-02 00:57:36.773  1484 16929 D NativePermissionController: checkPermission: missing 13 for 10130
03-02 00:57:36.774  1484  9269 D NativePermissionController: checkPermission: missing 13 for 10492
03-02 00:57:36.775 17121 17121 W WindowOnBackDispatcher: sendCancelIfRunning: isInProgress=false callback=android.view.ViewRootImpl$$ExternalSyntheticLambda16@a25c787
03-02 00:57:36.775  1484  1921 I SoundAlive_Interface_a64: [ 0 ][ 48000 ]FlushBuffers()
03-02 00:57:36.775  1484  1921 I SoundAlive_Interface_a64: [dB = -44.728504 ]
03-02 00:57:36.776  1439  1902 D AHAL_Stream: cycle: received command Command{start: Void{}} in writer
03-02 00:57:36.776  1439  1902 D AHAL_Stream: [out|ioHandle:21] start
03-02 00:57:36.776  1439  1902 I AHAL_Stream: start()
03-02 00:57:36.776  1439  1902 W MTKAdapterStreamLayer: getStreamState(), stub == NULL
03-02 00:57:36.776  1439  1902 D AHAL_Stream: cycle: writing reply Reply{status: 0, fmqByteCount: 0, observable: Position{frames: -1, timeNs: 0}, hardware: Position{frames: -1, timeNs: -1}, latencyMs: 85, xrunFrames: 0, state: IDLE}
03-02 00:57:36.776  1439  1902 D AudioALSAStreamOut: write(), flag 0x8, usePolicyDevice/standbyByHifi: 1/0, output_devices: 0x2 -> latest policyDevice 0x2 (ori policyDevice 0x2)
03-02 00:57:36.776  1439  1902 D AudioALSAStreamManager: +syncSharedOutDevice(), originDevice/routingSharedOutDevice: 0x2/0x2, mAudioMode: 0
03-02 00:57:36.776  1439  1902 D AudioALSAStreamManager: getMode(), mAudioMode = 0
03-02 00:57:36.776  1439  1902 D AudioIEMsController: routing(+), cur out 0x0 in 0x0, hs 0, bt 0, usb 0, device 0x2, mask 0x1, on 0
03-02 00:57:36.776  1439  1902 D AudioIEMsController: routing(-), cur out 0x0 in 0x0
03-02 00:57:36.777  1439  1902 D AudioALSAUltrasoundOutOfCallController: afterOutputDeviceRouting(), output_device=0x2, mTargetOutputDevice=0x1
03-02 00:57:36.777  1439  1902 D AudioMTKGainController: setNormalVolume(), mSceneIndex = 0, stream 3, devices 0x2, index 2, mode 0x0, gainDevice 0x2
03-02 00:57:36.777  1439  1902 D AudioALSAStreamOut: open(), flags 8
03-02 00:57:36.777  1439  1902 D AudioALSAStreamManager: +createPlaybackHandler(), mAudioMode = 0, output_devices = 0x2, isMixerOut = 0, isBypassAurisys = 0, flag = 8, isIEMsSource = 0, isIEMsOn = 0
03-02 00:57:36.777  1439  1902 D AudioALSAStreamManager: needEnableVoip(), output_devices = 0x2, flags: 0x8, mAvailableOutputFlags: 0x1000e, enable: 0
03-02 00:57:36.777  1439  1902 D AudioSpeechEnhanceInfo: IsAPDMNRTuningEnable(), 0
03-02 00:57:36.777  1484  2000 D NativePermissionController: checkPermission: missing 13 for 10350
03-02 00:57:36.777  1445  2902 W C2MtkBufferManager: [0xB4000070F507E520] fetchNewCcBlock: wait fence 0x0xb4000070f5058270 timed out. ret 110
03-02 00:57:36.777  1439  1902 D AudioALSAPlaybackHandlerMixer: open(+), source flag 8, mDevice = 0x2, buffer_size 8192, sample_rate 48000
03-02 00:57:36.777  1439  1902 D AudioALSAPlaybackHandlerBase: CreateAurisysLibManager, ph type: 11, voip: 0, mAurisysScenario: 0
03-02 00:57:36.777  1439  1902 D aurisys_utility: input dev: 0x80000080 0x0, fmt = 0x1, fs: 48000, max fs: 48000, ch: 2, max ch: 2, ch maks: 0x3, hw_info_mask: 0x0; output dev: 0x2 0x0, fmt = 0x1, fs: 48000, max fs: 48000, ch: 2, max ch: 4, ch maks: 0x3, hw_info_mask: 0x8; task_scene: 2, audio_mode: 0, stream_type: 3, output_flags: 0x8, input_source: 0, input_flags: 0x0; network_info: 0, enhancement_feature_mask: 0x0
03-02 00:57:36.777  1439  1902 D AudioUtility: setupCustomInfoStr(), custom_info = "SetAudioCustomScene=Default;", (scene = Default, vol_level = -1, bt_codec = -1, gameChatMode = -1)
03-02 00:57:36.777  1439  1902 D aurisys_utility: lib, working fs: 48000, fmt: 0x3, frame = 0, b_interleave = 1, num_ul_ref_buf_array = 0, num_dl_ref_buf_array = 0
03-02 00:57:36.777  1439  1902 D aurisys_utility: dl in[type:2], ch: 2, ch_mask: 0x3, buf fs: 48000, buf content fs: 48000, fmt: 0x3; dl out[type:3], ch: 2, ch_mask: 0x3, buf fs: 48000, buf content fs: 48000, fmt: 0x3
03-02 00:57:36.777  1439  1902 D aurisys_lib_handler: aurisys_arsi_parsing_param_file(), gProductInfo "platform=MT6789,device=a15,model=SM-A155F", file_path "/vendor/etc/audio_param", enhancement_mode 0, param_buf_size 128, data_size 128, custom_info SetAudioCustomScene=Default;
03-02 00:57:36.777  1439  1902 D aurisys_lib_handler: aurisys_arsi_create_handler(), lib_name aurisys_demo, [queried_size] dram:896 [avail_size] dram:4294967295
03-02 00:57:36.777  1439  1902 D aurisys_lib_handler: aurisys_arsi_create_handler(), lib_name aurisys_demo, 0xb400006fecaa7000, process_type 1, arsi_handler 0xb400006feca82600, retval 0x0
03-02 00:57:36.777  1439  1902 D aurisys_lib_handler: aurisys_arsi_create_handler(), arsi_query_process_unit_bytes, ul 4096, dl 4096, retval 0
03-02 00:57:36.777  1439  1902 D aurisys_lib_manager: DL Lib, lib_name aurisys_demo, 0xb400006fecaa7000, sample_rate: 48000 => 48000, num_channels: 2 => 2, audio_format: 0x1 => 0x3, interleave: 1 => 1, frame: 0 => 0
03-02 00:57:36.777  1439  1902 D aurisys_lib_manager: DL out, sample_rate: 48000 => 48000, num_channels: 2 => 2, audio_format: 0x3 => 0x3, interleave: 1 => 1, frame: 0 => 0
03-02 00:57:36.777  1439  1902 D audio_sw_mixer: sw_mixer_source_attach(), MIXER_PLAYBACK  , name T_DEEP       order 2 sz 8192 fmt 3 ch 2 rate 48000 latency_us 21333
03-02 00:57:36.778  1439  1902 D AudioUtility: chooseTargetSampleRate() hiFiState 0 isDeviceSupportHiFi 0 sampleRate 48000 targetSampleRate 48000, isUltra96k 0
03-02 00:57:36.778  1439  1902 D AudioALSAStreamManager: +createPlaybackHandler(), mAudioMode = 0, output_devices = 0x2, isMixerOut = 1, isBypassAurisys = 1, flag = 8, isIEMsSource = 0, isIEMsOn = 0
03-02 00:57:36.778  1439  1902 D AudioALSAStreamManager: needEnableVoip(), output_devices = 0x2, flags: 0x8, mAvailableOutputFlags: 0x1000e, enable: 0
03-02 00:57:36.778  1439  1902 D AudioSpeechEnhanceInfo: IsAPDMNRTuningEnable(), 0
03-02 00:57:36.778  1439  1902 D AudioALSAPlaybackHandlerNormal: +open(), flag = 8, source output_devices = 0x2, audio_format = 3, buffer_size = 16384, sample_rate = 48000
03-02 00:57:36.778  1439  1902 D AudioALSAPlaybackHandlerNormal: open(), isolated deep buffer keypcmDeepBuffer = Playback_3
03-02 00:57:36.778  1439  1902 D AudioALSADeviceConfigManager: ApplyDeviceTurnonSequenceByName() DeviceName = PLAYBACK3_TO_I2S3 descriptor->DeviceStatusCounte = 0, Ctlsize=4
03-02 00:57:36.778  1484  5506 D NativePermissionController: checkPermission: missing 13 for 10476
03-02 00:57:36.779  1484  2000 D NativePermissionController: checkPermission: missing 13 for 10130
03-02 00:57:36.779 14885 18629 D SurfaceUtils: connecting to surface 0x6f9d395610, reason connectToSurface
03-02 00:57:36.779  1484  3507 D NativePermissionController: checkPermission: missing 13 for 10476
03-02 00:57:36.779 14885 18629 I MediaCodec: [c2.mtk.hevc.decoder] setting surface generation to 15242311
03-02 00:57:36.779 14885 18629 D SurfaceUtils: disconnecting from surface 0x6f9d395610, reason connectToSurface(reconnect)
03-02 00:57:36.779 14885 18629 D SurfaceUtils: connecting to surface 0x6f9d395600, reason connectToSurface(reconnect-with-listener)
03-02 00:57:36.779  1484  1567 D NativePermissionController: checkPermission: missing 13 for 10350
03-02 00:57:36.780 17121 17389 I BLASTBufferQueue: [VRI[ComponentActivity]@bd31bab#29](f:0,a:1,s:0) destructor()
03-02 00:57:36.780 17121 17389 D BufferQueueConsumer: [VRI[ComponentActivity]@bd31bab#29(BLAST Consumer)29](id:42e10000001d,api:0,p:-1,c:17121) disconnect
03-02 00:57:36.781 14885 18629 D GraphicsTracker: new surface in configuration: maxDequeueRequested(0), maxDequeueCommitted(24)
03-02 00:57:36.781 14885 18629 D GraphicsTracker: new surface configured with id:63930588201088 gen:15242311 maxDequeue:24
03-02 00:57:36.781 14885 18629 D GraphicsTracker: maxDequeueCount is already 24
03-02 00:57:36.781 14885 18629 D Codec2Client: setOutputSurface -- generation=15242311 consumer usage=0x900
03-02 00:57:36.781  2013  2065 D PkgPredictorService-SecIpmManagerServiceImpl: bg information pid:17121 uid:10685 pkgName:com.podcast.app.debug
03-02 00:57:36.782 14885 18629 D SurfaceUtils: disconnecting from surface 0x6f9d394c10, reason disconnectFromSurface
03-02 00:57:36.782  1484 16929 D NativePermissionController: checkPermission: missing 13 for 10350
03-02 00:57:36.783  1484 16929 D NativePermissionController: checkPermission: missing 13 for 10350
03-02 00:57:36.783  1439  1902 D AudioUtility: chooseTargetSampleRate() hiFiState 0 isDeviceSupportHiFi 0 sampleRate 48000 targetSampleRate 48000, isUltra96k 0
03-02 00:57:36.783  1439  1902 D AudioALSAPlaybackHandlerBase: transferAudioFormatToPcmFormat(), audio_format(0x4) => pcm_format(0x3)
03-02 00:57:36.783  1439  1902 D AudioALSAPlaybackHandlerNormal: open(), flag = 8, mConfig: channels = 2, sample_rate(target) = 48000, period_size = 1024, period_count = 4, format = 3, avail_min = 2048, start_threshold = 0
03-02 00:57:36.784 17121 17389 D HWUI    : CacheManager::trimMemory(20)
03-02 00:57:36.784  1484  5506 D NativePermissionController: checkPermission: missing 13 for 10350
03-02 00:57:36.784 17121 17121 D ViewRootImpl: Skipping stats log for color mode
03-02 00:57:36.784 17121 17121 I VRI[ComponentActivity]@bd31bab: dispatchDetachedFromWindow
03-02 00:57:36.784 14885 16246 D AudioTrack: setVolume(1.000000, 1.000000) pid : 14885
03-02 00:57:36.785  1484 16929 D NativePermissionController: checkPermission: missing 13 for 10350
03-02 00:57:36.786  1484 28718 D NativePermissionController: checkPermission: missing 13 for 10248
03-02 00:57:36.788  1484 16929 D NativePermissionController: checkPermission: missing 13 for 10351
03-02 00:57:36.788  2746  3671 D SoundCraft.PlayingAudioConditionHandler: onPlaybackConfigChanged : lastStartedPackageName=com.zhiliaoapp.musically, lastStartedUid=10350, newStartedUid=10350, newStartPackageName=com.zhiliaoapp.musically, thread=Thread[RoutineHandlerThread,5,main]
03-02 00:57:36.788  1484 16929 D NativePermissionController: checkPermission: missing 13 for 10248
03-02 00:57:36.789  1464  1492 I mtkpower@impl: [setMode] type:5, enabled:0
03-02 00:57:36.790  1507  1507 D SurfaceFlinger: Display 4627039422300187648 HWC layers:
03-02 00:57:36.790  1507  1507 D SurfaceFlinger:   SOLID_COLOR |                        0 | 00000002 | N/A          |    0.0    0.0    0.0    0.0 |    0    0   -1   -1 | Background for 68eb87 SurfaceView[co[...]weme.splash.SplashActivity]@0#156582 (0)
03-02 00:57:36.790  1507  1507 D SurfaceFlinger:   SOLID_COLOR |                        0 | 00000002 | N/A          |    0.0    0.0    0.0    0.0 |    0   80  756 2000 | Background for 7086fb SurfaceView[co[...]weme.splash.SplashActivity]@0#156585 (0)
03-02 00:57:36.790  1507  1507 D SurfaceFlinger:   SOLID_COLOR |                        0 | 00000002 | N/A          |    0.0    0.0    0.0    0.0 |    0    0   -1   -1 | Background for 836459b SurfaceView[c[...]weme.splash.SplashActivity]@0#156588 (0)
03-02 00:57:36.790  1507  1507 D SurfaceFlinger:        DEVICE |           63930588202220 | 00002100 | RGBA_8888    |  324.0    0.0 1080.0 2340.0 |    0    0  756 2340 | com.zhiliaoapp.musically/com.ss.andr[...].splash.SplashActivity$_14885#156576 (3)
03-02 00:57:36.790  1507  1507 D SurfaceFlinger:   SOLID_COLOR |                        0 | 00000000 | N/A          |    0.0    0.0    0.0    0.0 |    0    0 1080 2340 | DimTransitionLayer for Surface(name=Task=44893)/@0
03-02 00:57:36.790  1507  1507 D SurfaceFlinger: xab161c6#156590 (0)
03-02 00:57:36.790  1507  1507 D SurfaceFlinger:        DEVICE |           75299366633580 | 00002102 | RGBA_8888    |    0.0    0.0 1037.0 2340.0 |   43    0 1080 2340 | com.podcast.app.debug.test/androidx.[...]yInvoker$EmptyActivity$_17532#156566 (1)
03-02 00:57:36.790  1507  1507 D SurfaceFlinger:        DEVICE |           11793980281878 | 00002100 | RGBA_8888    |    0.0    0.0 1080.0   80.0 |    0    0 1080   80 | StatusBar$_2746#117 (211150)
03-02 00:57:36.790  1507  1507 D SurfaceFlinger:        DEVICE |           13752485304097 | 00002100 | RGBA_8888    |    0.0    0.0   67.0  346.0 | 1013  454 1080  800 | com.sec.android.app.launcher/com.sam[...].app.CocktailBarService$_3202#152779 (1)
03-02 00:57:36.790  1507  1507 D SurfaceFlinger:        DEVICE |           11793980281853 | 00002100 | RGBA_8888    |    0.0    0.0 1080.0  135.0 |    0 2205 1080 2340 | NavigationBar0$_2746#113 (188121)
03-02 00:57:36.790  1507  1507 D SurfaceFlinger:
03-02 00:57:36.790  1484  9961 D NativePermissionController: checkPermission: missing 13 for 10130
03-02 00:57:36.791  2991  3003 I LocationAccessPolicy: checkLocationPermission - callingUid: 10492, callingPid: 14636, result: DENIED_SOFT
03-02 00:57:36.792  2991  3003 I LocationAccessPolicy: checkLocationPermission - callingUid: 10492, callingPid: 14636, result: DENIED_SOFT
03-02 00:57:36.792  1439  1902 D AudioALSAPlaybackHandlerBase: openPcmDriverWithFlag(), pcm device = 3 flag = 0xc mPcm = 0xb400006feb038540
03-02 00:57:36.792  1439  1902 D AudioALSAPlaybackHandlerBase: CreateAurisysLibManager, ph type: 10, voip: 0, mAurisysScenario: 9
03-02 00:57:36.792  1439  1902 D aurisys_utility: input dev: 0x80000080 0x0, fmt = 0x3, fs: 48000, max fs: 48000, ch: 2, max ch: 2, ch maks: 0x3, hw_info_mask: 0x0; output dev: 0x2 0x0, fmt = 0x3, fs: 48000, max fs: 48000, ch: 2, max ch: 4, ch maks: 0x3, hw_info_mask: 0x8; task_scene: 32, audio_mode: 0, stream_type: 3, output_flags: 0x8, input_source: 0, input_flags: 0x0; network_info: 0, enhancement_feature_mask: 0x0
03-02 00:57:36.792  1439  1902 D AudioUtility: setupCustomInfoStr(), custom_info = "SetAudioCustomScene=Default;", (scene = Default, vol_level = -1, bt_codec = -1, gameChatMode = -1)
03-02 00:57:36.792  1439  1902 D aurisys_utility: lib, working fs: 48000, fmt: 0x3, frame = 0, b_interleave = 1, num_ul_ref_buf_array = 0, num_dl_ref_buf_array = 0
03-02 00:57:36.792  1439  1902 D aurisys_utility: dl in[type:2], ch: 2, ch_mask: 0x3, buf fs: 48000, buf content fs: 48000, fmt: 0x3; dl out[type:3], ch: 2, ch_mask: 0x3, buf fs: 48000, buf content fs: 48000, fmt: 0x3
03-02 00:57:36.792  1439  1902 I [Awinic]: aw_skt_arsi_query_param_buf_size_by_custom_info:reserve2 [0] cust_scene[0] ---> aw_scene[0]
03-02 00:57:36.792  1439  1902 I [Awinic]: find [] scene_block with id 0
03-02 00:57:36.792  1439  1902 I [Awinic]: aw_skt_arsi_query_param_buf_size_by_custom_info:aw_scene[] params len is 11884
03-02 00:57:36.792  1439  1902 D aurisys_lib_handler: [LIB] Awinic Info: aw_skt_arsi_query_param_buf_size_by_custom_info done!
03-02 00:57:36.792  1439  1902 I [Awinic]: aw_skt_arsi_parsing_param_file_by_custom_info:reserve2 [0] cust_scene[0] ---> aw_scene[0]
03-02 00:57:36.792  1439  1902 I [Awinic]: find [] scene_block with id 0
03-02 00:57:36.792  1439  1902 E [Awinic]: open awinic params file [vendor/etc/demo//AW_SPIN_MODE.bin] failed
03-02 00:57:36.792  1439  1902 D [Awinic]: aw_skt_arsi_get_spin_mode_table: read awinic spin mode file failed
03-02 00:57:36.792  1439  1902 I [Awinic]: aw_skt_arsi_parsing_param_file_by_custom_info:load aw_scene[] params done
03-02 00:57:36.792  1439  1902 D aurisys_lib_handler: aurisys_arsi_parsing_param_file(), gProductInfo "platform=MT6789,device=a15,model=SM-A155F", file_path "/vendor/etc/audio_param", enhancement_mode 0, param_buf_size 11884, data_size 11860, custom_info SetAudioCustomScene=Default;
03-02 00:57:36.792  1439  1902 D aurisys_lib_handler: [LIB] Awinic Info: aw_skt_arsi_query_working_buf_size(), scene = 32
03-02 00:57:36.792  1439  1902 D aurisys_lib_handler: [LIB] Awinic Info: input dev: 0x80000080 0x0, fmt = 0x3, fs: 48000, max fs: 48000, ch: 2, max ch: 2
03-02 00:57:36.792  1439  1902 D aurisys_lib_handler: [LIB] Awinic Info: output dev: 0x2 0x0, fmt = 0x3, fs: 48000, max fs: 48000, ch: 2, max ch: 4
03-02 00:57:36.792  1439  1902 D aurisys_lib_handler: [LIB] Awinic Info: lib, working fs: 48000, fmt: 0x3, frame = 0, b_interleave = 1
03-02 00:57:36.792  2013  2322 I ImeTracker: com.zhiliaoapp.musically:df34e568: onRequestHide at ORIGIN_SERVER reason HIDE_UNSPECIFIED_WINDOW fromUser false
03-02 00:57:36.792  1439  1902 D aurisys_lib_handler: [LIB] Awinic Info: dl in, ch: 2, buf fs: 48000, read data fs: 48000, fmt: 0x3
03-02 00:57:36.792  1439  1902 D aurisys_lib_handler: [LIB] Awinic Info: dl out, ch: 2, buf fs: 48000, read data fs: 48000, fmt: 0x3
03-02 00:57:36.792  1439  1902 D [Awinic]: [I]Awinic <aw_get_algo_propert>get prop_id: 0x00010001 start!
03-02 00:57:36.792  1439  1902 D [Awinic]: [I]Awinic <aw_get_algo_propert>get prop_id: 0x00010001 success!
03-02 00:57:36.792  1439  1902 D [Awinic]: [I]Awinic <aw_get_algo_propert>get prop_id: 0x00010002 start!
03-02 00:57:36.792  1439  1902 D [Awinic]: [I]Awinic <aw_get_algo_propert>get prop_id: 0x00010002 success!
03-02 00:57:36.792  1439  1902 D [Awinic]: [I]Awinic <aw_get_algo_propert>get prop_id: 0x00010005 start!
03-02 00:57:36.792  1439  1902 D [Awinic]: [I]Awinic <aw_get_algo_propert>get prop_id: 0x00010005 success!
03-02 00:57:36.792  1439  1902 D [Awinic]: [I]Awinic <aw_set_algo_propert>set prop_id: 0x00020005 start!
03-02 00:57:36.792  1439  1902 D [Awinic]: [I]Awinic <aw_set_algo_propert>set prop_id: 0x00020005 success!
03-02 00:57:36.792  1439  1902 D [Awinic]: [I]Awinic <aw_set_algo_propert>set prop_id: 0x00020003 start!
03-02 00:57:36.792  1439  1902 D [Awinic]: [I]Awinic <elog_start>Awinic Logger Init Done!
03-02 00:57:36.792  1439  1902 D [Awinic]: [I]Awinic <aw_set_algo_propert>set prop_id: 0x00020003 success!
03-02 00:57:36.792  1439  1902 D aurisys_lib_handler: [LIB] Awinic Info: (null)(), work_buf size, SLB:0 L2SRAM:621232 DRAM:213177430
03-02 00:57:36.792  1439  1902 D aurisys_lib_handler: [LIB] Awinic Info: aw_skt_arsi_query_working_buf_size done!
03-02 00:57:36.792  1439  1902 D aurisys_lib_handler: aurisys_arsi_create_handler(), lib_name smartpa_aw88xxx, [queried_size] dram:621232 [avail_size] dram:4294967295
03-02 00:57:36.793  1439  1902 D aurisys_lib_handler: [LIB] SLB address: 0x0 size: 0, L2SRAM address: 0x0 size: 0, DRAM address: 0xe1dc7c80 size: 621232
03-02 00:57:36.794  1439  1902 D aurisys_lib_handler: [LIB] Awinic Info: skt_cfg_size : 618744
03-02 00:57:36.794  1439  1902 D [Awinic]: [I]Awinic <aw_get_algo_propert>get prop_id: 0x00010006 start!
03-02 00:57:36.794  1439  1902 D [Awinic]: [I]Awinic <aw_get_algo_propert>get prop_id: 0x00010006 success!
03-02 00:57:36.794  1439  1902 I [Awinic]: SKTune version is SKTune_V6.5_v1.1.5[2].1
03-02 00:57:36.794  1439  1902 I [Awinic]: API version is SKTune_api_v0.0.4.10
03-02 00:57:36.794  1439  1902 D [Awinic]: mix_init init done!
03-02 00:57:36.794  1439  1902 D [Awinic]: mix_init init done!
03-02 00:57:36.794  1439  1902 D [Awinic]: spin init done!
03-02 00:57:36.794  1439  1902 D [Awinic]: mix_init init done!
03-02 00:57:36.794  1439  1902 D [Awinic]: init Done !
03-02 00:57:36.794  1439  1902 D [Awinic]: [I]Awinic <aw_gse_lib_set_preset>GSE Preset convert END!
03-02 00:57:36.794  1439  1902 D [Awinic]: [D]Awinic <aw_gse_ch_set_params>classification or deq is not enabled
03-02 00:57:36.794  1439  1902 D [Awinic]: [D]Awinic <aw_gse_ch_set_params>classification or deq is not enabled
03-02 00:57:36.795  1439  1902 D [Awinic]: [I]Awinic <aw_sToneEvalSetParams>Origin cfg->cali_Re: -98000ohm, set param->cali_Re: 6259mohm!
03-02 00:57:36.795  1484  9961 D NativePermissionController: checkPermission: missing 13 for 10351
03-02 00:57:36.795  1439  1902 D [Awinic]: [I]Awinic <aw_sToneEvalSetParams>Origin cfg->cali_Re: -98000ohm, set param->cali_Re: 8000mohm!
03-02 00:57:36.795  1439  1902 D [Awinic]: [D]Awinic <aw_mecLibSetParams_v2>set parameter done!
03-02 00:57:36.795  1439  1902 I [Awinic]: AW_UI_PRESET set done!
03-02 00:57:36.795  1439  1902 I [Awinic]: params data random code is 10902!
03-02 00:57:36.795  1439  1902 D [Awinic]: fadein mix start, pre_gain:[1048576], post_gain:[1048576], mix state: 5
03-02 00:57:36.795  1439  1902 D [Awinic]: set params for cfg[0] done
03-02 00:57:36.796  1439  1902 D aurisys_lib_handler: [LIB] Awinic Info: format 0x3 , num_channels 2, sampling_rate 48000
03-02 00:57:36.796  1439  1902 I [Awinic]: aw_vmax_kctl_dev_init: Awinic dev[0]'s monitor switch kcontrol is not accessible!
03-02 00:57:36.796  1439  1902 I [Awinic]: aw_vmax_kctl_dev_init: Awinic dev[1]'s monitor switch kcontrol is not accessible!
03-02 00:57:36.797  1439  1902 I [Awinic]: aw_vamx_node_init: Awinic open monitor_node_path: /sys/class/power_supply/battery/capacity failed, close monitor
03-02 00:57:36.797  1439  1902 D [Awinic]: set dtc_status: interval_time: 0 s, tma_pre: 147668, tcm_pre: 8478
03-02 00:57:36.797  1439  1902 D [Awinic]: [D]Awinic <tpc_ppc_set_centre_state>cfg->dtc_enable: 1, state->interval_time: 0
03-02 00:57:36.797 14885 14885 I InputMethodManager: handleMessage: setImeVisibility visible=false
03-02 00:57:36.797  1439  1902 E [Awinic]: Open env_te attr[/sys/class/power_supply/battery/temp] failed, errno: 13, due to Permission denied!
03-02 00:57:36.797 14885 14885 D InsetsController: hide(ime(), fromIme=false)
03-02 00:57:36.797  1439  1902 D aurisys_lib_handler: [LIB] Awinic Info: aw_skt_arsi_create_handler done!
03-02 00:57:36.797  1439  1902 D aurisys_lib_handler: aurisys_arsi_create_handler(), lib_name smartpa_aw88xxx, 0xb400006feb041000, process_type 1, arsi_handler 0xb400006fe1dc7c80, retval 0x0
03-02 00:57:36.797  1439  1902 D aurisys_lib_handler: [LIB] Awinic Info: aw_skt_arsi_set_debug_log_fp done!
03-02 00:57:36.797  1439  1902 D aurisys_lib_handler: [LIB] Awinic Info: aw_skt_arsi_query_process_unit_bytes done!
03-02 00:57:36.797  1439  1902 D aurisys_lib_handler: aurisys_arsi_create_handler(), arsi_query_process_unit_bytes, ul 4096, dl 4096, retval 0
03-02 00:57:36.797 14885 14885 I ImeTracker: com.zhiliaoapp.musically:df34e568: onCancelled at PHASE_CLIENT_ALREADY_HIDDEN
03-02 00:57:36.797  1439  1902 D aurisys_lib_manager: DL Lib, lib_name smartpa_aw88xxx, 0xb400006feb041000, sample_rate: 48000 => 48000, num_channels: 2 => 2, audio_format: 0x3 => 0x3, interleave: 1 => 1, frame: 0 => 0
03-02 00:57:36.797  1439  1902 D aurisys_lib_manager: DL out, sample_rate: 48000 => 48000, num_channels: 2 => 2, audio_format: 0x3 => 0x4, interleave: 1 => 1, frame: 0 => 0
03-02 00:57:36.798  1439  1902 D AudioALSAHardwareResourceManager: +startOutputDevice(), new_devices = 0x2, mOutputDevices = 0x0, mStartOutputDevicesCount = 0 SampleRate = 48000
03-02 00:57:36.798  1439  1902 D AudioSmartPaController: +dspOnBoardSpeakerOn(), SampleRate: 48000, MD_type: 0, isI2sInEchoRefEn: 0
03-02 00:57:36.798  1439  1902 D AudioALSAHardwareResourceManager: notifyOutputDeviceStatusChange(), device = 2, status = 0, sampleRate = 48000, mOpenSpeakerPathCount = 1
03-02 00:57:36.798  1439  1902 D AudioALSAStreamManager: speakerStatusChangeCb(), status = 0, sampleRate = 48000
03-02 00:57:36.798  1439  1902 D AudioALSAPlaybackHandlerNormal: -open()
03-02 00:57:36.798  1439  1902 D audio_sw_mixer: sw_mixer_target_attach(), MIXER_PLAYBACK  , name T_PRIMARY    order 4 sz 16384 fmt 3 ch 2 rate 48000 latency_us 42666
03-02 00:57:36.799  1439  1902 D audio_sw_mixer: sw_mixer_manager_create_path(), MIXER_PLAYBACK  , path T_DEEP=>T_PRIMARY   , uuid 880665188, source: order 2 sz 8192 fmt 3 ch 2 rate 48000 latency_us 21333, target: order 4 sz 16384 fmt 3 ch 2 rate 48000 latency_us 42666
03-02 00:57:36.799  1439  1902 D audio_sw_mixer: dump_path_list(), MIXER_PLAYBACK  , T_DEEP=>T_PRIMARY   [8192, 2, n]
03-02 00:57:36.799  1439  1902 D AudioALSAPlaybackHandlerMixer: open(-), target flag 8, mDevice 0x2, buffer_size 16384, frame_count 2048, sample_rate 48000
03-02 00:57:36.799  1439  1620 D audio_sw_mixer: sw_mixer_mix_thread(), thread mix1:0 running: target T_PRIMARY
03-02 00:57:36.799  1439  1902 D AudioALSAStreamManager: setPlaybackStreamActive(), is_active = 1, stream_type = 3, mIsMusicStreamActive = 1
03-02 00:57:36.799  1439  1902 D AudioALSAStreamOut: -open(), flags 8
03-02 00:57:36.799  1439  1902 D AudioALSAPlaybackHandlerMixer: setScreenState(), buffer_size 8192 => 16384
03-02 00:57:36.799  1439  1902 D AudioALSAPlaybackHandlerNormal: setScreenState(), flag = 8, rate = 2048, mInterrupt = 0.042667, mode = 1, sample_rate(target) = 48000, buffer_size = 16384, channel = 2, format = 4, reduceInterruptSize = 1024
03-02 00:57:36.799  1439  1902 W audio_sw_mixer: sw_mixer_source_update_write_bytes(), MIXER_PLAYBACK  , name T_DEEP       order 2 sz 8192=>16384 fmt 3 ch 2 rate 48000 latency_us 42666
03-02 00:57:36.799  1439  1902 W AudioALSAPlaybackHandlerBase: getQueuedFramesInfo(), mTimeStampValid false!!
03-02 00:57:36.799  2013  3566 D InputTransport: Input channel destroyed: 'c358fd6', fd=1083
03-02 00:57:36.800  1484  1921 E StreamHalAidl: Function: getPresentationPosition Line: 1037 Failed
03-02 00:57:36.800  1484  1921 I SoundAlive_SRC384 arch64: ~SoundAlive_SRC384(): instance 6731
03-02 00:57:36.801  1439 16888 D MTKAdapterStreamLayer: updateMetadataCommon(),
03-02 00:57:36.801  1484  1921 I SoundAlive_SRC384 arch64: SoundAlive_SRC384() ID = 6732 GID = 6733
03-02 00:57:36.801  1484  1921 I SoundAlive_SRC384 arch64: SoundAlive_SRC384: Instance 6732 Init(outFs 7, InFs 7, chnum 0, outBW 0, inBW 0)
03-02 00:57:36.801  1484  1921 I Samsung_SoundAlive_SRC arch64: SRC384 version Samsung SoundAlive SRC ver320 arch64  2021.08.04 (Cppref for ARM64, ver.300.c 32bit 07_10_2016 based)
03-02 00:57:36.801  1484  1921 D SoundAliveResampler: [SoundAliveResampler] Init+++
03-02 00:57:36.801  1484  1921 I SoundAlive_SRC384 arch64: SoundAlive_SRC384: Instance 6732 Init(outFs 8, InFs 7, chnum 2, outBW 3, inBW 3)
03-02 00:57:36.801  1484  1921 I Samsung_SoundAlive_SRC arch64: SRC384 version Samsung SoundAlive SRC ver320 arch64  2021.08.04 (Cppref for ARM64, ver.300.c 32bit 07_10_2016 based)
03-02 00:57:36.802  1507  1907 I SurfaceFlinger: id=156591 createSurf, flag=24004, Surface(name=2141cda InputMethod)/@0x5ea0b56 - animation-leash of insets_animation#156591
03-02 00:57:36.803  2013  3566 I ImeTracker: system_server:fb597050: onRequestHide at ORIGIN_SERVER reason IME_REQUESTED_CHANGED_LISTENER fromUser false
03-02 00:57:36.804  1439  1902 W AudioALSAPlaybackHandlerBase: getQueuedFramesInfo(), mTimeStampValid false!!
03-02 00:57:36.805 17121 17121 D InputTransport: Input channel destroyed: 'c358fd6', fd=128
03-02 00:57:36.805  2991  3757 I LocationAccessPolicy: checkLocationPermission - callingUid: 10492, callingPid: 14636, result: DENIED_SOFT
03-02 00:57:36.806  1507  1507 I SurfaceFlinger: [Surface(name=2141cda InputMethod)/@0x5ea0b56 - animation-leash of insets_animation#156591] attach to parent LayerHierarchy{RequestedLayerState{WindowToken{4048e94 type=2011 android.os.Binder@219c2e7}#143 parentId=15} 2 children}
03-02 00:57:36.807  1439  1620 D [Awinic]: mix fade in done, switch to MIX_DONE
03-02 00:57:36.807  1439  1620 D [Awinic]: mix_reset reset done!
03-02 00:57:36.808  1507  1907 I SurfaceFlinger: onHandleDestroyed: layerId=156547, name=be98a52 ActivityRecordInputSink com.podcast.app.debug/androidx.activity.ComponentActivity#156547
03-02 00:57:36.808  1507  1907 I SurfaceFlinger: id=156547 Removed be98a52 ActivityRecordInputSink com.podcast.app.debug/androidx.activity.ComponentActivity#156547 (349)
03-02 00:57:36.808  2013  2322 D InputTransport: Input channel constructed: 'ClientS', fd=1074
03-02 00:57:36.809 14885 14903 D InputTransport: Input channel constructed: 'ClientS', fd=677
03-02 00:57:36.809  1507  1907 I SurfaceFlinger: id=156592 createSurf, flag=24004, Task=44892#156592
03-02 00:57:36.809 17121 17121 D BBA2    : setIsFg isFg = false; delayValue 3999ms
03-02 00:57:36.810  5235  5235 I HBD     : HoneyBoardService onFinishInput
03-02 00:57:36.810 17121 17121 D InputTransport: Input channel destroyed: 'ClientS', fd=152
03-02 00:57:36.810  5235  5235 I HBD     : a IC have been unbinding,  RemoteInputConnection{idHash=#131f719}
03-02 00:57:36.810  5235  5235 I HBD     : HoneyBoardService [PF_CL][onFinishInput]  0 ms
03-02 00:57:36.810  5235  5235 I HBD     : HoneyBoardService [IMI] onStartInput - caller pid : 14885 , caller uid : 10350
03-02 00:57:36.810  5235  5235 I HBD     : k updateConfigs
03-02 00:57:36.810  5235  5235 I HBD     : k isEnabledNightMode : true
03-02 00:57:36.811  5235  5235 I HBD     : a IC have been binding, RemoteInputConnection{idHash=#8a60d24}
03-02 00:57:36.811  5235  5235 I HBD     : h [EditorInputType]setPrivateImeOptionsToTable privateImeOptions ( null )
03-02 00:57:36.811  5235  5235 I HBD     : b incognitoMode : false
03-02 00:57:36.811  5235  5235 I HBD     : c needOff = true , isForceOff = false, isNullInputClass : true
03-02 00:57:36.811  2013  2322 D InputTransport: Input channel destroyed: 'ClientS', fd=1074
03-02 00:57:36.811  5235  5235 I HBD     : h getDefaultInputRange : UNKNOWN
03-02 00:57:36.811  5235  5235 I HBD     : h getDefaultInputRange : UNKNOWN
03-02 00:57:36.811  5235  5235 I HBD     : h getDefaultInputRange : UNKNOWN
03-02 00:57:36.812  2013  2068 I SurfaceControl: apply, lowDebugName=reparent_to_imeParent, caller=android.view.SurfaceControl$Transaction.apply:3447 android.view.SurfaceControl$Transaction.apply:3397 com.android.server.wm.WindowAnimator.animate:307 com.android.server.wm.WindowAnimator$$ExternalSyntheticLambda1.doFrame:14 android.view.Choreographer$CallbackRecord.run:1899 android.view.Choreographer$CallbackRecord.run:1910
03-02 00:57:36.814  5235  5235 I HBD     : c needOff = true , isForceOff = false, isNullInputClass : true
03-02 00:57:36.814  5235  5235 I HBD     : c update cached prediction status : false
03-02 00:57:36.814  5235  5235 I HBD     : h getDefaultInputRange : UNKNOWN
03-02 00:57:36.814  5235  5235 I HBD     : a currentState : 0
03-02 00:57:36.814 17121 17305 D IdlingRegistry: Unregistering idling resources: [androidx.compose.ui.test.EspressoLink@ffd9fda]
03-02 00:57:36.815  5235  5235 I HBD     : a [UpdatePolicy] [post] a: 0 cl: 65538 kit: [0/0] vt: 0 ir: 1
03-02 00:57:36.815  1507  1907 I SurfaceFlinger: id=156593 createSurf, flag=24004, Surface(name=2141cda InputMethod)/@0x5ea0b56 - animation-leash of insets_animation#156593
03-02 00:57:36.816 17121 17305 I TestRunner: finished: settingsScreen_shows_language_row(com.podcast.app.ui.SettingsScreenTest)
