03-02 00:57:33.042  1507  2393 I SurfaceFlinger: id=156450 createSurf, flag=24000, Surface(name=c536234 NavigationBar0)/@0xfac847b - animation-leash of insets_animation#156450
03-02 00:57:33.044  1507  2393 I SurfaceFlinger: id=156451 createSurf, flag=24000, Surface(name=a5d3a68 StatusBar)/@0xd5726d6 - animation-leash of insets_animation#156451
03-02 00:57:33.044  1507  1507 I SurfaceFlinger: RequestedLayer [c1ac8fe Splash Screen com.podcast.app.debug#156443] hidden!! flag  from(1) --> to(0)
03-02 00:57:33.044  1507  1507 I SurfaceFlinger: RequestedLayer [Splash Screen com.podcast.app.debug$_2746#156444] hidden!! flag  from(1) --> to(0)
03-02 00:57:33.044  1507  1507 I SurfaceFlinger: RequestedLayer [Task=44888#156441] hidden!! flag  from(1) --> to(0)
03-02 00:57:33.044  1507  1507 E SurfaceFlinger: alpha changed 1.000 -> 0.000 - Task=44888#156441
03-02 00:57:33.044  1507  1507 I SurfaceFlinger: RequestedLayer [Transition Root: Task=44888#156445] hidden!! flag  from(1) --> to(0)
03-02 00:57:33.044  1507  1507 I SurfaceFlinger: RequestedLayer [ActivityRecord{197596933 u0 com.podc[...]ity.ComponentActivity t44888}#156442] hidden!! flag  from(1) --> to(0)
03-02 00:57:33.044  1507  1507 I SurfaceFlinger: RequestedLayer [DimTransitionLayer for Surface(name=Task=44888)/@0xe4f16b8#156447] hidden!! flag  from(1) --> to(0)
03-02 00:57:33.044  1507  1507 E SurfaceFlinger: alpha changed 1.000 -> 0.000 - DimTransitionLayer for Surface(name=Task=44888)/@0xe4f16b8#156447
03-02 00:57:33.044  1507  1507 E SurfaceFlinger: alpha changed 0.000 -> 1.000 - Task=44888#156441
03-02 00:57:33.044  1507  1507 E SurfaceFlinger: alpha changed 0.000 -> 0.000 - DimTransitionLayer for Surface(name=Task=44888)/@0xe4f16b8#156447
03-02 00:57:33.045  1507  1507 I SurfaceFlinger: RequestedLayer [112423f com.podcast.app.debug/androidx.activity.ComponentActivity#156446] hidden!! flag  from(1) --> to(0)
03-02 00:57:33.045  1507  1507 I SurfaceFlinger: [LayerHierarchy{RequestedLayerState{Task=44543#147901 parentId=156445 z=2} 1 children}] reparent to LayerHierarchy{RequestedLayerState{Transition Root: Task=44888#156445 parentId=10 z=41} 1 children}
03-02 00:57:33.045  1507  1507 I SurfaceFlinger: [LayerHierarchy{RequestedLayerState{Task=44888#156441 parentId=156445 z=5} 1 children}] reparent to LayerHierarchy{RequestedLayerState{Transition Root: Task=44888#156445 parentId=10 z=41} 2 children}
03-02 00:57:33.045  1507  1507 I SurfaceFlinger: [DimTransitionLayer for Surface(name=Task=44888)/@0xe4f16b8#156447] attach to parent LayerHierarchy{RequestedLayerState{Transition Root: Task=44888#156445 parentId=10 z=41} 3 children}
03-02 00:57:33.045  1507  1507 I SurfaceFlinger: [a76056f ActivityRecordInputSink com.podcast.app.debug/androidx.activity.ComponentActivity#156448] attach to parent LayerHierarchy{RequestedLayerState{ActivityRecord{197596933 u0 com.podcast.app.debug/androidx.activity.ComponentActivity t44888}#156442 parentId=156441} 3 children}
03-02 00:57:33.045  1507  1507 I SurfaceFlinger: [com.podcast.app.debug/androidx.activity.ComponentActivity$_17121#156449] attach to parent LayerHierarchy{RequestedLayerState{112423f com.podcast.app.debug/androidx.activity.ComponentActivity#156446 parentId=156442} 1 children}
03-02 00:57:33.045  1507  1507 I SurfaceFlinger: [Surface(name=c536234 NavigationBar0)/@0xfac847b - animation-leash of insets_animation#156450] attach to parent LayerHierarchy{RequestedLayerState{WindowToken{5cf38d1 type=2019 android.os.BinderProxy@916675b}#101 parentId=34} 2 children}
03-02 00:57:33.045  1507  1507 I SurfaceFlinger: [Surface(name=a5d3a68 StatusBar)/@0xd5726d6 - animation-leash of insets_animation#156451] attach to parent LayerHierarchy{RequestedLayerState{WindowToken{d05298b type=2000 android.os.BinderProxy@163b705}#108 parentId=17} 2 children}
03-02 00:57:33.046  3202  3918 I HoneySpace.RecentTasks: onRunningTaskAppeared
03-02 00:57:33.046  3202  4698 I HoneySpace.RecentTasks: onRecentTasksChanged
03-02 00:57:33.046  1507  2393 I SurfaceFlinger: id=156452 createSurf, flag=24000, Surface(name=c536234 NavigationBar0)/@0xfac847b - animation-leash of insets_animation#156452
03-02 00:57:33.047  1444  1809 D MDP     : [PQSessionManager] PQSessionManager::getPQSession id[7]
03-02 00:57:33.047  1444  1809 D MDP     : [PQSessionManager] getPQSessionListHandle id[7]
03-02 00:57:33.047  1444  1809 D MDP     : [PQSessionManager] getPQSessionListHandle, find id[7]
03-02 00:57:33.047  1444  1809 D MDP     : [PQSessionManager] findVideoID[f50d5820] found on index 7
03-02 00:57:33.047  1507  2128 I SurfaceFlinger: id=156453 createSurf, flag=24000, Surface(name=a5d3a68 StatusBar)/@0xd5726d6 - animation-leash of insets_animation#156453
03-02 00:57:33.048  2013  4835 I SystemKeyManager: requested systemKeyInfo size=1 focusedWindow=com.podcast.app.debug/androidx.activity.ComponentActivity
03-02 00:57:33.048  2013  4835 I SystemKeyManager: requested systemKeyInfo size=2 focusedWindow=com.podcast.app.debug/androidx.activity.ComponentActivity
03-02 00:57:33.048  2013  4835 I WindowManager: Relayout hash=112423f, pid=17121, syncId=-1: mAttrs={(0,0)(fillxfill) sim={adjust=pan forwardNavigation} layoutInDisplayCutoutMode=always ty=BASE_APPLICATION wanim=0x1030317
03-02 00:57:33.048  2013  4835 I WindowManager:   fl=81810100
03-02 00:57:33.048  2013  4835 I WindowManager:   pfl=100088c0
03-02 00:57:33.048  2013  4835 I WindowManager:   bhv=1
03-02 00:57:33.048  2013  4835 I WindowManager:   fitSides=0
03-02 00:57:33.048  2013  4835 I WindowManager:   frameRateBoostOnTouch=true
03-02 00:57:33.048  2013  4835 I WindowManager:   dvrrWindowFrameRateHint=true naviIconColor=0}
03-02 00:57:33.049 17121 17121 D BufferQueueConsumer: [](id:42e10000001a,api:0,p:-1,c:17121) connect: controlledByApp=false
03-02 00:57:33.050 17121 17121 I BLASTBufferQueue: [VRI[ComponentActivity]@f54c857#26](f:0,a:0,s:0) constructor()
03-02 00:57:33.050 17121 17121 I BLASTBufferQueue_Java: new BLASTBufferQueue, mName= VRI[ComponentActivity]@f54c857 mNativeObject= 0xb40000786797d800 caller= android.view.ViewRootImpl.updateBlastSurfaceIfNeeded:3585 android.view.ViewRootImpl.relayoutWindow:11685 android.view.ViewRootImpl.performTraversals:4804 android.view.ViewRootImpl.doTraversal:3924 android.view.ViewRootImpl$TraversalRunnable.run:12903 android.view.Choreographer$CallbackRecord.run:1901 android.view.Choreographer$CallbackRecord.run:1910 android.view.Choreographer.doCallbacks:1367 android.view.Choreographer.doFrame:1292 android.view.Choreographer$FrameDisplayEventReceiver.run:1870
03-02 00:57:33.050 17121 17121 I BLASTBufferQueue_Java: update, w= 1080 h= 2340 mName = VRI[ComponentActivity]@f54c857 mNativeObject= 0xb40000786797d800 sc.mNativeObject= 0xb4000078679cfb00 format= -1 caller= android.view.ViewRootImpl.updateBlastSurfaceIfNeeded:3590 android.view.ViewRootImpl.relayoutWindow:11685 android.view.ViewRootImpl.performTraversals:4804 android.view.ViewRootImpl.doTraversal:3924 android.view.ViewRootImpl$TraversalRunnable.run:12903 android.view.Choreographer$CallbackRecord.run:1901
03-02 00:57:33.050 17121 17121 I BLASTBufferQueue: [VRI[ComponentActivity]@f54c857#26](f:0,a:0,s:0) update width=1080 height=2340 format=-1 mTransformHint=0
03-02 00:57:33.050 17121 17121 I VRI[ComponentActivity]@f54c857: Relayout returned: old=(0,0,1080,2340) new=(0,0,1080,2340) relayoutAsync=false req=(1080,2340)0 dur=12 res=0x3 s={true 0xb400007867baab00} ch=true seqId=0
03-02 00:57:33.050  1444  1444 I hwcomposer: [HWCLayer] (0 id:45722 setHwlayerType():839), pending release queue sp q2_45722, type 3 -> 0
03-02 00:57:33.051  1444  1444 D libcomposer_ext: DeviceImplAidl::DeviceClientContextAidl::NotifyHwcComposition()
03-02 00:57:33.051 17121 17121 I VRI[ComponentActivity]@f54c857: performConfigurationChange setNightDimText nightDimLevel=0
03-02 00:57:33.051  1444  1444 D libcomposer_ext: DeviceImplAidl::DeviceClientContextAidl::NotifyHwcComposition()
03-02 00:57:33.051  1698  1698 D libcomposer_ext: ClientCallbackAidl::asyncPerform(12)
03-02 00:57:33.051  1507  2128 D libcomposer_ext: ClientCallbackAidl::asyncPerform(12)
03-02 00:57:33.051  1507  2128 D libcomposer_ext: ClientImplAidl::ParseNotifyHwcComposition()
03-02 00:57:33.051  1507  2128 D SurfaceFlinger: NotifyHwcComposition(), id 0, mode 1
03-02 00:57:33.051 17121 17121 D VRI[ComponentActivity]@f54c857: mThreadedRenderer.initialize() mSurface={isValid=true 0xb400007867baab00} hwInitialized=true
03-02 00:57:33.051  1698  1698 D libcomposer_ext: ClientImplAidl::ParseNotifyHwcComposition()
03-02 00:57:33.052 17121 17121 D VRI[ComponentActivity]@f54c857: reportNextDraw android.view.ViewRootImpl.performTraversals:5443 android.view.ViewRootImpl.doTraversal:3924 android.view.ViewRootImpl$TraversalRunnable.run:12903 android.view.Choreographer$CallbackRecord.run:1901 android.view.Choreographer$CallbackRecord.run:1910
03-02 00:57:33.052 17121 17121 D VRI[ComponentActivity]@f54c857: Setup new sync=wmsSync-VRI[ComponentActivity]@f54c857#52
03-02 00:57:33.052 17121 17121 I VRI[ComponentActivity]@f54c857: Creating new active sync group VRI[ComponentActivity]@f54c857#53
03-02 00:57:33.052  1507  1568 E mali_winsys: Unrecognised Android chroma siting range: [2, 2]. Applying default
03-02 00:57:33.052  1464  1492 I mtkpower@impl: [setMode] type:6, enabled:1
03-02 00:57:33.052  1464  1492 E mtkpower@impl: [setMode] unknown type
03-02 00:57:33.053 17121 17121 D VRI[ComponentActivity]@f54c857: registerCallbacksForSync syncBuffer=false
03-02 00:57:33.053 17121 17415 D VRI[ComponentActivity]@f54c857: Received frameDrawingCallback syncResult=0 frameNum=1.
03-02 00:57:33.054 17121 17415 I VRI[ComponentActivity]@f54c857: mWNT: t=0xb400007867d4b580 mBlastBufferQueue=0xb40000786797d800 fn= 1 HdrRenderState mRenderHdrSdrRatio=1.0 caller= android.view.ViewRootImpl$12.onFrameDraw:15441 android.view.ThreadedRenderer$1.onFrameDraw:718 <bottom of call stack>
03-02 00:57:33.054 17121 17415 I VRI[ComponentActivity]@f54c857: Setting up sync and frameCommitCallback
03-02 00:57:33.057  1444  1444 I hwcomposer: [HWCLayer] (0 id:45722 afterPresent():797), release queue sp q2_45722
03-02 00:57:33.057  1444  1444 I hwcomposer: [DBQ] (q2:0xb4000074f4d1c000) Buffer queue is destroyed, m_id(45722)
03-02 00:57:33.057  1444  1444 I hwcomposer: [DBQ] (q2:0xb4000074f4d1c000) ~DisplayBufferQueue(), m_id(45722), release buf
03-02 00:57:33.057  1444  1444 I hwcomposer: [DBQ] (q2:0xb4000074f4d1c000) Free Slot(0), handle=0xb4000074f4c24e80, 5054400 -> 0
03-02 00:57:33.057 17121 17389 I BLASTBufferQueue: [VRI[ComponentActivity]@f54c857#26](f:0,a:0,s:0) onFrameAvailable the first frame is available
03-02 00:57:33.057 17121 17389 I BLASTBufferQueue: [VRI[ComponentActivity]@f54c857#26](f:0,a:1,s:0) acquireNextBufferLocked size=1080x2340 mFrameNumber=1 applyTransaction=true mTimestamp=491132058272657(auto) mPendingTransactions.size=0 graphicBufferId=73534135074921 transform=0
03-02 00:57:33.057 17121 17389 I VRI[ComponentActivity]@f54c857: Received frameCommittedCallback lastAttemptedDrawFrameNum=1 didProduceBuffer=true
03-02 00:57:33.059 17121 17389 D HWUI    : CFMS:: SetUp Pid : 17121    Tid : 17389
03-02 00:57:33.059 17121 17121 D VRI[ComponentActivity]@f54c857: reportDrawFinished seqId=0
03-02 00:57:33.059  2013  2065 D PkgPredictorService-SecIpmManagerServiceImpl: onForegroundActivitiesChanged pid:17121 uid:10685
03-02 00:57:33.059  1507  1507 I SurfaceFlinger: [Surface(name=c536234 NavigationBar0)/@0xfac847b - animation-leash of insets_animation#156452] attach to parent LayerHierarchy{RequestedLayerState{WindowToken{5cf38d1 type=2019 android.os.BinderProxy@916675b}#101 parentId=34} 3 children}
03-02 00:57:33.059  1507  1507 I SurfaceFlinger: [Surface(name=a5d3a68 StatusBar)/@0xd5726d6 - animation-leash of insets_animation#156453] attach to parent LayerHierarchy{RequestedLayerState{WindowToken{d05298b type=2000 android.os.BinderProxy@163b705}#108 parentId=17} 3 children}
03-02 00:57:33.060  1507  1845 D SurfaceFlinger: [input] setFocusedWindow: <null>
03-02 00:57:33.060  1507  1845 D SurfaceFlinger: updateWinowInfo=1, setFocusedWindow timestamp=491131991227734, windowName=<null>
03-02 00:57:33.060  2013  2834 D InputDispatcher: Once focus requested (0): <null>
03-02 00:57:33.060  2013  2834 D InputDispatcher: Focus request (0): <null> but waiting because NO_WINDOW
03-02 00:57:33.060  2013  2834 D InputDispatcher: Focus left window (0): cd2d6b5 com.zhiliaoapp.musically/com.ss.android.ugc.aweme.splash.SplashActivity
03-02 00:57:33.061 14885 14885 I ImeFocusController: onPreWindowFocus: skipped hasWindowFocus=false mHasImeFocus=true
03-02 00:57:33.061 14885 14885 I System.out: SAFActivity V Scene Framework: NavigationSceneManager onWindowFocusChanged false
03-02 00:57:33.061 14885 14885 I ImeFocusController: onPostWindowFocus: skipped hasWindowFocus=false mHasImeFocus=true
03-02 00:57:33.062 25915 26075 I Rubin   : [4019] M.c0.k(Unknown Source) : Notify com.samsung.android.rubin.inferenceengine.contextanalytics.engine.loggers.AppUsageLogger's database is updated.
03-02 00:57:33.063  2746  2746 D NavigationBar: onSystemBarAttributesChanged() -  displayId:0, appearance:0, packageName: com.podcast.app.debug, navbarColorManagedByIme:false
03-02 00:57:33.063  2013  2834 W ParceledListSlice: Element #30 is 21544 bytes.
03-02 00:57:33.063  1507  1907 I SurfaceFlinger: id=156454 createSurf, flag=24000, Surface(name=112423f com.podcast.app.debug/androidx.activity.ComponentActivity)/@0x52442d3 - animation-leash of starting_reveal#156454
03-02 00:57:33.067  2746  2798 D ShellTaskOrganizer: removeStartingWindow, removalInfo=StartingWindowRemovalInfo{taskId=44888 frame=Rect(0, 0 - 1080, 2340) playRevealAnimation=true roundedCornerRadius=0.0 deferRemoveMode=0 windowlessSurface=false removeImmediately=false}
03-02 00:57:33.068  2013  2064 I PkgPredictorService-SecIpmManagerServiceImpl: reportToNAP uid:10685 com.podcast.app.debug/androidx.activity.ComponentActivity thisTime:180
03-02 00:57:33.068  2013  2064 D PkgPredictorService-SecIpmManagerServiceImpl: reportToNAP: mHeavyLaunchCounter is false
03-02 00:57:33.068  1507  1507 E SurfaceFlinger: alpha changed 0.000 -> 0.013 - DimTransitionLayer for Surface(name=Task=44888)/@0xe4f16b8#156447
03-02 00:57:33.069  1507  1507 I SurfaceFlinger: [LayerHierarchy{RequestedLayerState{c536234 NavigationBar0#102 parentId=156452} 1 children}] reparent to LayerHierarchy{RequestedLayerState{Surface(name=c536234 NavigationBar0)/@0xfac847b - animation-leash of insets_animation#156452 parentId=101} 1 children}
03-02 00:57:33.069  1507  1507 I SurfaceFlinger: [LayerHierarchy{RequestedLayerState{a5d3a68 StatusBar#109 parentId=156453} 1 children}] reparent to LayerHierarchy{RequestedLayerState{Surface(name=a5d3a68 StatusBar)/@0xd5726d6 - animation-leash of insets_animation#156453 parentId=108} 1 children}
03-02 00:57:33.069  1507  1507 I SurfaceFlinger: [LayerHierarchy{RequestedLayerState{Surface(name=a5d3a68 StatusBar)/@0xd5726d6 - animation-leash of insets_animation#156423} no children}] reparent to OffscreenRoot
03-02 00:57:33.069  1507  1507 I SurfaceFlinger: [LayerHierarchy{RequestedLayerState{Surface(name=a5d3a68 StatusBar)/@0xd5726d6 - animation-leash of insets_animation#156423} no children}] RelativeParent to null
03-02 00:57:33.069  1507  1507 I SurfaceFlinger: [LayerHierarchy{RequestedLayerState{Surface(name=c536234 NavigationBar0)/@0xfac847b - animation-leash of insets_animation#156422} no children}] reparent to OffscreenRoot
03-02 00:57:33.069  1507  1507 I SurfaceFlinger: [LayerHierarchy{RequestedLayerState{Surface(name=c536234 NavigationBar0)/@0xfac847b - animation-leash of insets_animation#156422} no children}] RelativeParent to null
03-02 00:57:33.069  1507  1507 I SurfaceFlinger: [LayerHierarchy{RequestedLayerState{Surface(name=c536234 NavigationBar0)/@0xfac847b - animation-leash of insets_animation#156450} no children}] reparent to OffscreenRoot
03-02 00:57:33.069  1507  1507 I SurfaceFlinger: [LayerHierarchy{RequestedLayerState{Surface(name=c536234 NavigationBar0)/@0xfac847b - animation-leash of insets_animation#156450} no children}] RelativeParent to null
03-02 00:57:33.069  1507  1507 I SurfaceFlinger: [LayerHierarchy{RequestedLayerState{Surface(name=a5d3a68 StatusBar)/@0xd5726d6 - animation-leash of insets_animation#156451} no children}] reparent to OffscreenRoot
03-02 00:57:33.069  1507  1507 I SurfaceFlinger: [LayerHierarchy{RequestedLayerState{Surface(name=a5d3a68 StatusBar)/@0xd5726d6 - animation-leash of insets_animation#156451} no children}] RelativeParent to null
03-02 00:57:33.069  1507  1507 I SurfaceFlinger: [Surface(name=112423f com.podcast.app.debug/androidx.activity.ComponentActivity)/@0x52442d3 - animation-leash of starting_reveal#156454] attach to parent LayerHierarchy{RequestedLayerState{ActivityRecord{197596933 u0 com.podcast.app.debug/androidx.activity.ComponentActivity t44888}#156442 parentId=156441} 4 children}
03-02 00:57:33.071  1464  1492 I mtkpower@impl: [setMode] type:5, enabled:0
03-02 00:57:33.071  2013  2064 I ActivityTaskManager: Displayed com.podcast.app.debug/androidx.activity.ComponentActivity for user 0: +180ms
03-02 00:57:33.071  2013  4843 I SemDvfsHyPerManager: acquire hyper - AMS_RESUME_TAIL/2013@18, type = -999
03-02 00:57:33.071  2013  4843 I SemDvfsHyPerManager: acquire hyper - AMS_ACT_LAZY/2013@19, type = -999
03-02 00:57:33.071  1450  1487 I HYPER-HAL: [RequestManager.cpp]acquire(): Acquired ID : 2063514  [2013 / 18]    HINT : AMS_RESUME_TAIL    list :
03-02 00:57:33.072  1450  1487 I mtkpower_client: perf_lock_rel, hdl:76669, pid: 1450, tid:1487
03-02 00:57:33.072  1450  1487 I mtkpower_client: perf_lock_acq, hdl:0, dur:0, num:2, pid:1450, tid:1487
03-02 00:57:33.073  1507  1907 I SurfaceFlinger: onHandleDestroyed: layerId=156450, name=Surface(name=c536234 NavigationBar0)/@0xfac847b - animation-leash of insets_animation#156450
03-02 00:57:33.073  1507  1907 I SurfaceFlinger: id=156450 Removed Surface(name=c536234 NavigationBar0)/@0xfac847b - animation-leash of insets_animation#156450 (341)
03-02 00:57:33.073  1507  1907 I SurfaceFlinger: onHandleDestroyed: layerId=156451, name=Surface(name=a5d3a68 StatusBar)/@0xd5726d6 - animation-leash of insets_animation#156451
03-02 00:57:33.073  1507  1907 I SurfaceFlinger: id=156451 Removed Surface(name=a5d3a68 StatusBar)/@0xd5726d6 - animation-leash of insets_animation#156451 (341)
03-02 00:57:33.073  1464  1529 I libPowerHal: [perfLockRel] hdl:76669, idx:6
03-02 00:57:33.073  1464  1529 I libPowerHal: [set_cpuidle] enable:1, fd:17, scn:0xb40000737b614050
03-02 00:57:33.073  1464  1529 I libPowerHal: [PD] vendor.samsung. update cmd:1c3c100 param:1 pr:6
03-02 00:57:33.074  1464  1529 I libPowerHal: [perfLockRel] Done for hdl : 76669
03-02 00:57:33.074  1450  1487 I mtkpower_client: ret_hdl:76673
03-02 00:57:33.074  1450  1487 I mtkpower_client: perf_lock_rel, hdl:76671, pid: 1450, tid:1487
03-02 00:57:33.075  1464  1529 I libPowerHal: [perfLockAcq] idx:3 hdl:76673 hint:-1 pid:1450 tid:1487 duration:0 lock_user:vendor.samsung. => ret_hdl:76673
03-02 00:57:33.075  1464  1529 I libPowerHal: [set_cpuidle] enable:0, fd:17, scn:0xb40000737b60a5e8
03-02 00:57:33.075  1464  1529 I libPowerHal: [get_cpu_dma_latency_value] 0
03-02 00:57:33.075  1464  1529 I libPowerHal: [PE] vendor.samsung. update cmd:1c3c100 param:0 pr:3
03-02 00:57:33.075  1464  1529 I libPowerHal: [perfLockAcq] Done for hdl : 76673
03-02 00:57:33.076  1507  1907 I SurfaceFlinger: onHandleDestroyed: layerId=156422, name=Surface(name=c536234 NavigationBar0)/@0xfac847b - animation-leash of insets_animation#156422
03-02 00:57:33.077  1450  1487 I mtkpower_client: perf_lock_acq, hdl:0, dur:0, num:2, pid:1450, tid:1487
03-02 00:57:33.078  1507  1507 D SurfaceFlinger: Display 4627039422300187648 HWC layers:
03-02 00:57:33.078  1507  1507 D SurfaceFlinger:   SOLID_COLOR |                        0 | 00000002 | N/A          |    0.0    0.0    0.0    0.0 |    0    0   -1   -1 | Background for 68eb87 SurfaceView[co[...]weme.splash.SplashActivity]@0#156427 (0)
03-02 00:57:33.078  1507  1507 D SurfaceFlinger:   SOLID_COLOR |                        0 | 00000002 | N/A          |    0.0    0.0    0.0    0.0 |    0    0   -1   -1 | Background for 7086fb SurfaceView[co[...]weme.splash.SplashActivity]@0#156430 (0)
03-02 00:57:33.078  1507  1507 D SurfaceFlinger:   SOLID_COLOR |                        0 | 00000002 | N/A          |    0.0    0.0    0.0    0.0 |    0    0   -1   -1 | Background for 836459b SurfaceView[c[...]weme.splash.SplashActivity]@0#156433 (0)
03-02 00:57:33.078  1507  1507 D SurfaceFlinger:        CLIENT |           63930588202203 | 00000102 | 0x32315659   |   14.0    0.0  720.0 1280.0 |    0   80 1059 2000 | 7086fb SurfaceView[com.zhiliaoapp.mu[...]lash.SplashActivity]@0(BLAST)#156429 (1)
03-02 00:57:33.078  1507  1507 D SurfaceFlinger:        CLIENT |           63930588202200 | 00002100 | RGBA_8888    |   21.0    0.0 1080.0 2340.0 |    0    0 1080 2340 | com.zhiliaoapp.musically/com.ss.andr[...].splash.S
03-02 00:57:33.078  1464  1529 I libPowerHal: [perfLockRel] hdl:76671, idx:8
03-02 00:57:33.078  1507  1507 D SurfaceFlinger: plashActivity$_14885#156421 (7)
03-02 00:57:33.078  1507  1507 D SurfaceFlinger:   SOLID_COLOR |                        0 | 00000000 | N/A          |    0.0    0.0    0.0    0.0 |    0    0 1080 2340 | DimTransitionLayer for Surface(name=Task=44888)/@0xe4f16b8#156447 (0)
03-02 00:57:33.078  1507  1507 D SurfaceFlinger:        DEVICE |           11793980283668 | 00002100 | RGBA_8888    |    0.0    0.0   68.0 2340.0 | 1012    0 1080 2340 | Splash Screen com.podcast.app.debug$_2746#156444 (1)
03-02 00:57:33.078  1507  1507 D SurfaceFlinger:        DEVICE |           11793980281878 | 00002100 | RGBA_8888    |    0.0    0.0 1080.0   80.0 |    0    0 1080   80 | StatusBar$_2746#117 (211114)
03-02 00:57:33.078  1507  1507 D SurfaceFlinger:        DEVICE |           13752485304097 | 00002100 | RGBA_8888    |    0.0    0.0   67.0  346.0 | 1013  454 1080  800 | com.sec.android.app.launcher/com.sam[...].app.CocktailBarService$_3202#152779 (1)
03-02 00:57:33.078  1507  1507 D SurfaceFlinger:        DEVICE |           11793980283646 | 00002100 | RGBA_8888    |    0.0    0.0  229.0  724.0 |  851  551 1080 1275 | VolumePanelWindow$_2746#156390 (56)
03-02 00:57:33.078  1507  1507 D SurfaceFlinger:        DEVICE |           11793980281853 | 00002100 | RGBA_8888    |    0.0    0.0 1080.0  135.0 |    0 2205 1080 23
03-02 00:57:33.078  1507  1507 D SurfaceFlinger: 40 | NavigationBar0$_2746#113 (188021)
03-02 00:57:33.078  1507  1507 D SurfaceFlinger:
03-02 00:57:33.078  1507  1507 I SurfaceFlinger: RequestedLayer [com.podcast.app.debug/androidx.activity.ComponentActivity$_17121#156449] hidden!! flag  from(1) --> to(0)
03-02 00:57:33.078  1507  1507 I SurfaceFlinger: destroyed Surface(name=c536234 NavigationBar0)/@0xfac847b - animation-leash of insets_animation#156450
03-02 00:57:33.078  1507  1507 I SurfaceFlinger: destroyed Surface(name=a5d3a68 StatusBar)/@0xd5726d6 - animation-leash of insets_animation#156451
03-02 00:57:33.078  1507  1507 I SurfaceFlinger: [LayerHierarchy{RequestedLayerState{112423f com.podcast.app.debug/androidx.activity.ComponentActivity#156446 parentId=156454} 1 children}] reparent to LayerHierarchy{RequestedLayerState{Surface(name=112423f com.podcast.app.debug/androidx.activity.ComponentActivity)/@0x52442d3 - animation-leash of starting_reveal#156454 parentId=156442} 1 children}
03-02 00:57:33.078  1464  1529 I libPowerHal: [PD] vendor.samsung. update cmd:1000000 param:-1 pr:6
03-02 00:57:33.078  1507  1845 D SurfaceFlinger: [input] setFocusedWindow: 112423f com.podcast.app.debug/androidx.activity.ComponentActivity
03-02 00:57:33.078  1507  1845 D SurfaceFlinger: updateWinowInfo=1, setFocusedWindow timestamp=491132052883426, windowName=112423f com.podcast.app.debug/androidx.activity.ComponentActivity
03-02 00:57:33.079  1464  1529 I libPowerHal: [perfLockRel] Done for hdl : 76671
03-02 00:57:33.080  1450  1487 I mtkpower_client: ret_hdl:76674
03-02 00:57:33.080  1450  1487 I mtkpower_client: perf_lock_rel, hdl:76674, pid: 1450, tid:1487
03-02 00:57:33.081  1464  1529 I libPowerHal: [perfLockAcq] idx:6 hdl:76674 hint:-1 pid:1450 tid:1487 duration:0 lock_user:vendor.samsung. => ret_hdl:76674
03-02 00:57:33.081  2746  2808 I InsetsController: onStateChanged: host=Splash Screen com.podcast.app.debug, from=android.view.ViewRootImpl.onInsetsStateChanged:3026, state=InsetsState: {mDisplayFrame=Rect(0, 0 - 1080, 2340), mDisplayCutout=DisplayCutout{insets=Rect(0, 80 - 0, 0) waterfall=Insets{left=0, top=0, right=0, bottom=0} boundingRect={Bounds=[Rect(0, 0 - 0, 0), Rect(472, 0 - 608, 80), Rect(0, 0 - 0, 0), Rect(0, 0 - 0, 0)]} cutoutPathParserInfo={CutoutPathParserInfo{displayWidth=1080 displayHeight=2340 physicalDisplayWidth=1080 physicalDisplayHeight=2340 density={2.8125} cutoutSpec={M 0,0 H -24.177777778 V 28.4444444444 H 24.177777778 V 0 H 0 Z @dp} rotation={0} scale={1.0} physicalPixelDisplaySizeRatio={1.0}}} sideOverrides={}}, mRoundedCorners=RoundedCorners{[RoundedCorner{position=TopLeft, radius=113, center=Point(113, 113)}, RoundedCorner{position=TopRight, radius=113, center=Point(967, 113)}, RoundedCorner{position=BottomRight, radius=113, center=Point(967, 2227)}, RoundedCorner{position=BottomLeft, radius=113, center=Point(113, 2227)}]}  mRoundedCornerFrame=Rect(0, 0 - 1080, 2340), mPrivacyIndicatorBounds=PrivacyIndicatorBounds {static bounds=Rect(956, 0 - 1080, 80) rotation=0}, mDisplayShape=DisplayShape{ spec=-311912193 displayWidth=1080 displayHeight=2340 physicalPixelDisplaySizeRatio=1.0 rotation=0 offsetX=0 offsetY=0 scale=1.0}, mSources= { InsetsSource: {e9af0000 mType=statusBars mFrame=[0,0][1080,80] mVisible=true mFlags= mSideHint=TOP mBoundingRects=null}, InsetsSource: {e9af0005 mType=mandatorySystemGestures mFrame=[0,0][1080,114] mVisible=true mFlags= mSideHint=TOP mBoundingRects=null}, InsetsSource: {e9af0006 mType=tappableElement mFrame=[0,0][1080,80] mVisible=true mFlags= mSideHint=TOP mBoundingRects=null}, InsetsSource: {3 mType=ime mFrame=[0,0][0,0] mVisible=false mFlags= mSideHint=NONE mBoundingRects=null}, InsetsSource: {27 mType=displayCutout mFrame=[0,0][1080,80] mVisible=true mFlags= mSideHint=TOP mBoundingRects=null}, InsetsSource: {26ed0001 mType=navigationBars mFrame=[0,2298][1080,2340] mVisible=true mFlags=SUPPRESS_SCRIM mSideHint=BOTTOM mBoundingRects=null}, InsetsSource: {26ed0004 mType=systemGestures mFrame=[0,0][84,2340] mVisible=true mFlags= mSideHint=LEFT mBoundingRects=null}, InsetsSource: {26ed0005 mType=mandatorySystemGestures mFrame=[0,2250][1080,2340] mVisible=true mFlags= mSideHint=BOTTOM mBoundingRects=null}, InsetsSource: {26ed0006 mType=tappableElement mFrame=[0,0][0,0] mVisible=true mFlags= mSideHint=NONE mBoundingRects=null}, InsetsSource: {26ed0024 mType=systemGestures mFrame=[996,0][1080,2340] mVisible=true mFlags= mSideHint=RIGHT mBoundingRects=null} }
03-02 00:57:33.081  1464  1529 I libPowerHal: [setDvfsrcDevFreqOpp] opp:0, freq:4266000000
03-02 00:57:33.081  1464  1529 I libPowerHal: [PE] vendor.samsung. update cmd:1000000 param:0 pr:3
03-02 00:57:33.081  1464  1529 I libPowerHal: [perfLockAcq] Done for hdl : 76674
03-02 00:57:33.081  2746  2808 I VRI[debug]@60d9f07: onActiveControlsChanged, removed=false, mAdded=true, caller=android.view.ViewRootImpl.handleInsetsControlChanged:3002 android.view.ViewRootImpl$ViewRootHandler.handleMessageImpl:8352 android.view.ViewRootImpl$ViewRootHandler.handleMessage:8301 android.os.Handler.dispatchMessage:110 android.os.Looper.loopOnce:273
03-02 00:57:33.081  1450  1487 I mtkpower_client: perf_lock_acq, hdl:0, dur:0, num:2, pid:1450, tid:1487
03-02 00:57:33.082  2013  3566 D InputDispatcher: Once focus requested (0): 112423f com.podcast.app.debug/androidx.activity.ComponentActivity
03-02 00:57:33.082  2013  3566 D InputDispatcher: Focus request (0): 112423f com.podcast.app.debug/androidx.activity.ComponentActivity but waiting because NO_WINDOW
03-02 00:57:33.082  1464  1529 I libPowerHal: [perfLockRel] hdl:76674, idx:6
03-02 00:57:33.082  2746  2866 I VRI[debug]@60d9f07: mWNT: t=0xb40000772af35580 mBlastBufferQueue=0xb400007672274400 fn= 2 HdrRenderState mRenderHdrSdrRatio=1.0 caller= android.view.SyncRtSurfaceTransactionApplier.applyTransaction:100 android.view.SyncRtSurfaceTransactionApplier.lambda$scheduleApply$0:73 android.view.SyncRtSurfaceTransactionApplier.$r8$lambda$afI4fXg3U3-nBZQEDQMiNy-B06s:0
03-02 00:57:33.082  1507  1907 I SurfaceFlinger: id=156422 Removed Surface(name=c536234 NavigationBar0)/@0xfac847b - animation-leash of insets_animation#156422 (341)
03-02 00:57:33.082  2746  2866 I VRI[debug]@60d9f07: mWNT: t=0xb40000771f55d000 mBlastBufferQueue=0xb400007672274400 fn= 2 HdrRenderState mRenderHdrSdrRatio=1.0 caller= android.view.SyncRtSurfaceTransactionApplier.applyTransaction:100 android.view.SyncRtSurfaceTransactionApplier.lambda$scheduleApply$0:73 android.view.SyncRtSurfaceTransactionApplier.$r8$lambda$afI4fXg3U3-nBZQEDQMiNy-B06s:0
03-02 00:57:33.082  1507  1507 I Layer   : id=156451 Destroyed Surface(name=a5d3a68 StatusBar)/@0xd5726d6 - animation-leash of insets_animation#156451
03-02 00:57:33.082  1507  1507 I Layer   : id=156450 Destroyed Surface(name=c536234 NavigationBar0)/@0xfac847b - animation-leash of insets_animation#156450
03-02 00:57:33.083  1464  1529 I libPowerHal: [PD] vendor.samsung. update cmd:1000000 param:-1 pr:6
03-02 00:57:33.083  1464  1529 I libPowerHal: [perfLockRel] Done for hdl : 76674
03-02 00:57:33.083  3506  3506 E pageboostd: Received HALT command code 2
03-02 00:57:33.083  1450  1487 I mtkpower_client: ret_hdl:76675
03-02 00:57:33.083  1450  1487 I mtkpower_client: perf_lock_rel, hdl:76672, pid: 1450, tid:1487
03-02 00:57:33.084  1464  1529 I libPowerHal: [perfLockAcq] idx:6 hdl:76675 hint:-1 pid:1450 tid:1487 duration:0 lock_user:vendor.samsung. => ret_hdl:76675
03-02 00:57:33.084  1464  1529 I libPowerHal: [setDvfsrcDevFreqOpp] opp:0, freq:4266000000
03-02 00:57:33.084  1464  1529 I libPowerHal: [PE] vendor.samsung. update cmd:1000000 param:0 pr:3
03-02 00:57:33.084  1464  1529 I libPowerHal: [perfLockAcq] Done for hdl : 76675
03-02 00:57:33.084 17121 17121 I InsetsSourceConsumer: applyRequestedVisibilityToControl: visible=true, type=navigationBars, host=com.podcast.app.debug/androidx.activity.ComponentActivity
03-02 00:57:33.085  1450  1487 I mtkpower_client: perf_lock_acq, hdl:0, dur:0, num:2, pid:1450, tid:1487
03-02 00:57:33.085  1464  1529 I libPowerHal: [perfLockRel] hdl:76672, idx:2
03-02 00:57:33.085 17121 17121 I InsetsSourceConsumer: applyRequestedVisibilityToControl: visible=true, type=statusBars, host=com.podcast.app.debug/androidx.activity.ComponentActivity
03-02 00:57:33.085  1464  1529 I libPowerHal: [PD] vendor.samsung. update cmd:400000 param:-1 pr:6
03-02 00:57:33.086  1464  1529 I libPowerHal: [recordCPUFreqInfo] set cluster[0] min(-1): -1 max(-1): -1 cluster[1] min(-1): -1 max(-1): -1
03-02 00:57:33.086  1464  1529 I libPowerHal: [perfLockRel] Done for hdl : 76672
03-02 00:57:33.087  1450  1487 I mtkpower_client: ret_hdl:76676
03-02 00:57:33.087  1450  1487 I HYPER-HAL: [RequestManager.cpp]releaseLocked(): Released ID : 2067581
03-02 00:57:33.087  1464  1529 I libPowerHal: [perfLockAcq] idx:2 hdl:76676 hint:-1 pid:1450 tid:1487 duration:0 lock_user:vendor.samsung. => ret_hdl:76676
03-02 00:57:33.088  1464  1529 I libPowerHal: [PE] vendor.samsung. update cmd:400000 param:2000000 pr:3
03-02 00:57:33.088  1464  1529 I libPowerHal: [recordCPUFreqInfo] set cluster[0] min(vendor.samsung.): 2000000 max(-1): -1 cluster[1] min(-1): -1 max(-1): -1
03-02 00:57:33.088  1464  1529 I libPowerHal: [perfLockAcq] Done for hdl : 76676
03-02 00:57:33.084  1507  1907 I SurfaceFlinger: onHandleDestroyed: layerId=156423, name=Surface(name=a5d3a68 StatusBar)/@0xd5726d6 - animation-leash of insets_animation#156423
03-02 00:57:33.088  1507  1907 I SurfaceFlinger: id=156423 Removed Surface(name=a5d3a68 StatusBar)/@0xd5726d6 - animation-leash of insets_animation#156423 (339)
03-02 00:57:33.090  1507  1507 D SurfaceFlinger: Display 4627039422300187648 HWC layers:
03-02 00:57:33.090  1507  1507 D SurfaceFlinger:   SOLID_COLOR |                        0 | 00000002 | N/A          |    0.0    0.0    0.0    0.0 |    0    0   -1   -1 | Background for 68eb87 SurfaceView[co[...]weme.splash.SplashActivity]@0#156427 (0)
03-02 00:57:33.090  1507  1507 D SurfaceFlinger:   SOLID_COLOR |                        0 | 00000002 | N/A          |    0.0    0.0    0.0    0.0 |    0    0   -1   -1 | Background for 7086fb SurfaceView[co[...]weme.splash.SplashActivity]@0#156430 (0)
03-02 00:57:33.090  1507  1507 D SurfaceFlinger:   SOLID_COLOR |                        0 | 00000002 | N/A          |    0.0    0.0    0.0    0.0 |    0    0   -1   -1 | Background for 836459b SurfaceView[c[...]weme.splash.SplashActivity]@0#156433 (0)
03-02 00:57:33.090  1507  1507 D SurfaceFlinger:        CLIENT |           63930588202203 | 00000102 | 0x32315659   |   30.0    0.0  720.0 1280.0 |    0   80 1035 2000 | 7086fb SurfaceView[com.zhiliaoapp.mu[...]lash.SplashActivity]@0(BLAST)#156429 (1)
03-02 00:57:33.090  1507  1507 D SurfaceFlinger:        CLIENT |           63930588202200 | 00002100 | RGBA_8888    |   45.0    0.0 1080.0 2340.0 |    0    0 1080 2340 | com.zhiliaoapp.musically/com.ss.andr[...].splash.S
03-02 00:57:33.090  1507  1507 D SurfaceFlinger: plashActivity$_14885#156421 (7)
03-02 00:57:33.090  1507  1507 D SurfaceFlinger:   SOLID_COLOR |                        0 | 00000000 | N/A          |    0.0    0.0    0.0    0.0 |    0    0 1080 2340 | DimTransitionLayer for Surface(name=Task=44888)/@0xe4f16b8#156447 (0)
03-02 00:57:33.090  1507  1507 D SurfaceFlinger:        DEVICE |           73534135074921 | 00002102 | RGBA_8888    |    0.0    0.0  145.0 2340.0 |  935    0 1080 2340 | com.podcast.app.debug/androidx.activity.ComponentActivity$_17121#156449 (1)
03-02 00:57:33.090  1507  1507 D SurfaceFlinger:        DEVICE |           11793980283668 | 00002100 | RGBA_8888    |    0.0    0.0  145.0 2340.0 |  935    0 1080 2340 | Splash Screen com.podcast.app.debug$_2746#156444 (1)
03-02 00:57:33.090  1507  1507 D SurfaceFlinger:        DEVICE |           11793980281878 | 00002100 | RGBA_8888    |    0.0    0.0 1080.0   80.0 |    0    0 1080   80 | StatusBar$_2746#117 (211114)
03-02 00:57:33.090  1507  1507 D SurfaceFlinger:        DEVICE |           13752485304097 | 00002100 | RGBA_8888    |    0.0    0.0   67.0  346.0 | 1013  454 1080  800 | com.sec.android.app.launcher/com.sam[...].app.CocktailBarService$_3202#152779 (1)
03-02 00:57:33.090  1507  1507 D SurfaceFlinger:        DEVICE |           11793980283646 | 00002100 | RGBA_8888    |    0.0
03-02 00:57:33.090  1507  1507 D SurfaceFlinger:    0.0  229.0  724.0 |  851  551 1080 1275 | VolumePanelWindow$_2746#156390 (56)
03-02 00:57:33.090  1507  1507 D SurfaceFlinger:        DEVICE |           11793980281853 | 00002100 | RGBA_8888    |    0.0    0.0 1080.0  135.0 |    0 2205 1080 2340 | NavigationBar0$_2746#113 (188021)
03-02 00:57:33.090  1507  1507 D SurfaceFlinger:
03-02 00:57:33.090  1507  1507 I SurfaceFlinger: destroyed Surface(name=a5d3a68 StatusBar)/@0xd5726d6 - animation-leash of insets_animation#156423
03-02 00:57:33.090  1507  1507 I SurfaceFlinger: destroyed Surface(name=c536234 NavigationBar0)/@0xfac847b - animation-leash of insets_animation#156422
03-02 00:57:33.092  2013  3566 D InputDispatcher: Focus entered window (0): 112423f com.podcast.app.debug/androidx.activity.ComponentActivity
03-02 00:57:33.092  3202  4698 I HoneySpace.RecentTasks: onRecentTasksChanged
03-02 00:57:33.093 17121 17121 D VRI[ComponentActivity]@f54c857: mThreadedRenderer.initializeIfNeeded()#2 mSurface={isValid=true 0xb400007867baab00}
03-02 00:57:33.093 17121 17121 D InputMethodManagerUtils: startInputInner - Id : 0
03-02 00:57:33.093 17121 17121 I InputMethodManager: startInputInner - IInputMethodManagerGlobalInvoker.startInputOrWindowGainedFocus
03-02 00:57:33.094 25915 26075 I Rubin   : [4019] com.samsung.android.rubin.inferenceengine.contextanalytics.engine.monitors.moment.exercise.ExercisingWithCalendarMonitor.isSatisfiedByCalendarEvent(Unknown Source) : isSatisfiedByCalendarEvent is false
03-02 00:57:33.094  1507  1507 I Layer   : id=156423 Destroyed Surface(name=a5d3a68 StatusBar)/@0xd5726d6 - animation-leash of insets_animation#156423
03-02 00:57:33.094  1507  1507 I Layer   : id=156422 Destroyed Surface(name=c536234 NavigationBar0)/@0xfac847b - animation-leash of insets_animation#156422
03-02 00:57:33.095  2013  2322 I ImeTracker: com.podcast.app.debug:89a13452: onRequestHide at ORIGIN_SERVER reason HIDE_UNSPECIFIED_WINDOW fromUser false
03-02 00:57:33.096 17121 17121 I InputMethodManager: handleMessage: setImeVisibility visible=false
03-02 00:57:33.096 17121 17121 D InsetsController: hide(ime(), fromIme=false)
03-02 00:57:33.097 17121 17121 I ImeTracker: com.podcast.app.debug:89a13452: onCancelled at PHASE_CLIENT_ALREADY_HIDDEN
03-02 00:57:33.097  2746  2865 I VRI[debug]@60d9f07: mWNT: t=0xb40000771f55d300 mBlastBufferQueue=0xb400007672274400 fn= 3 HdrRenderState mRenderHdrSdrRatio=1.0 caller= android.view.SyncRtSurfaceTransactionApplier.applyTransaction:100 android.view.SyncRtSurfaceTransactionApplier.lambda$scheduleApply$0:73 android.view.SyncRtSurfaceTransactionApplier.$r8$lambda$afI4fXg3U3-nBZQEDQMiNy-B06s:0
03-02 00:57:33.097  2013  4843 W system_server: Large reply transaction of 325152 bytes, interface descriptor android.app.IActivityTaskManager, code 26
03-02 00:57:33.097 25915 26075 I Rubin   : [4019] com.samsung.android.rubin.inferenceengine.contextanalytics.engine.monitors.moment.exercise.ExercisingWithCmhMonitor.isSatisfiedByCmh(Unknown Source) : isSatisfiedByCmh is false
03-02 00:57:33.098 14885 14885 D InputTransport: Input channel destroyed: 'ClientS', fd=585
03-02 00:57:33.103  2746  2866 I VRI[debug]@60d9f07: mWNT: t=0xb40000771f55f880 mBlastBufferQueue=0xb400007672274400 fn= 4 HdrRenderState mRenderHdrSdrRatio=1.0 caller= android.view.SyncRtSurfaceTransactionApplier.applyTransaction:100 android.view.SyncRtSurfaceTransactionApplier.lambda$scheduleApply$0:73 android.view.SyncRtSurfaceTransactionApplier.$r8$lambda$afI4fXg3U3-nBZQEDQMiNy-B06s:0
03-02 00:57:33.103  2013  2834 W ParceledListSlice: Element #30 is 21544 bytes.
03-02 00:57:33.105  2013  2322 D InputTransport: Input channel constructed: 'ClientS', fd=1100
03-02 00:57:33.107  2013  2322 D InputTransport: Input channel destroyed: 'ClientS', fd=1100
03-02 00:57:33.107  5235  5235 I HBD     : HoneyBoardService onFinishInput
03-02 00:57:33.107  5235  5235 I HBD     : a IC have been unbinding,  RemoteInputConnection{idHash=#7491df6}
03-02 00:57:33.107  5235  5235 I HBD     : HoneyBoardService [PF_CL][onFinishInput]  0 ms
03-02 00:57:33.107  1445  2902 W C2MtkBufferManager: [0xB4000070F507E520] fetchNewCcBlock: wait fence 0x0xb4000070f5058270 timed out. ret 110
03-02 00:57:33.108  5235  5235 I HBD     : HoneyBoardService [IMI] onStartInput - caller pid : 17121 , caller uid : 10685
03-02 00:57:33.108  5235  5235 I HBD     : k updateConfigs
03-02 00:57:33.108  5235  5235 I HBD     : k isEnabledNightMode : true
03-02 00:57:33.109  5235  5235 I HBD     : a IC have been binding, RemoteInputConnection{idHash=#c803a85}
03-02 00:57:33.109  5235  5235 I HBD     : h [EditorInputType]setPrivateImeOptionsToTable privateImeOptions ( null )
03-02 00:57:33.109  5235  5235 I HBD     : b incognitoMode : false
03-02 00:57:33.109  5235  5235 I HBD     : c needOff = true , isForceOff = false, isNullInputClass : true
03-02 00:57:33.109  5235  5235 I HBD     : h getDefaultInputRange : UNKNOWN
03-02 00:57:33.109  5235  5235 I HBD     : h getDefaultInputRange : UNKNOWN
03-02 00:57:33.109  5235  5235 I HBD     : h getDefaultInputRange : UNKNOWN
03-02 00:57:33.109 17121 17900 D InputTransport: Input channel constructed: 'ClientS', fd=156
03-02 00:57:33.110  5235  5235 I HBD     : c needOff = true , isForceOff = false, isNullInputClass : true
03-02 00:57:33.110  5235  5235 I HBD     : c update cached prediction status : false
03-02 00:57:33.110  5235  5235 I HBD     : h getDefaultInputRange : UNKNOWN
03-02 00:57:33.110  5235  5235 I HBD     : a currentState : 0
03-02 00:57:33.110  1507  1562 I SurfaceFlinger: id=156455 createSurf, flag=24004, Surface(name=2141cda InputMethod)/@0x5ea0b56 - animation-leash of insets_animation#156455
03-02 00:57:33.110  5235  5235 I HBD     : a [UpdatePolicy] [post] a: 0 cl: 65538 kit: [0/0] vt: 0 ir: 1
03-02 00:57:33.111  2013  4843 I ImeTracker: system_server:a5f9d9e9: onRequestHide at ORIGIN_SERVER reason IME_REQUESTED_CHANGED_LISTENER fromUser false
03-02 00:57:33.113  2746  2865 I VRI[debug]@60d9f07: mWNT: t=0xb40000771f55fa00 mBlastBufferQueue=0xb400007672274400 fn= 5 HdrRenderState mRenderHdrSdrRatio=1.0 caller= android.view.SyncRtSurfaceTransactionApplier.applyTransaction:100 android.view.SyncRtSurfaceTransactionApplier.lambda$scheduleApply$0:73 android.view.SyncRtSurfaceTransactionApplier.$r8$lambda$afI4fXg3U3-nBZQEDQMiNy-B06s:0
03-02 00:57:33.113  1507  1507 I SurfaceFlinger: [Surface(name=2141cda InputMethod)/@0x5ea0b56 - animation-leash of insets_animation#156455] attach to parent LayerHierarchy{RequestedLayerState{WindowToken{4048e94 type=2011 android.os.Binder@219c2e7}#143 parentId=15} 2 children}
03-02 00:57:33.114  2013  2067 I ImeTracker: system_server:a5f9d9e9: onCancelled at PHASE_SERVER_SHOULD_HIDE
03-02 00:57:33.116  5235  5235 I HBD     : a [NRIC] resetNoResponseState
03-02 00:57:33.116  5235  5235 I HBD     : c needOff = true , isForceOff = false, isNullInputClass : true
03-02 00:57:33.116  5235  5235 I HBD     : c update cached prediction status : false
03-02 00:57:33.117  5235  5235 I HBD     : b [AiWriter] setContact : com.podcast.app.debug
03-02 00:57:33.117  5235  5235 I HBD     : a [AiWriter] setContact : com.podcast.app.debug
03-02 00:57:33.117  5235  5235 I HBD     : o0 EBD si S 0
03-02 00:57:33.117  5235  5235 I HBD     : r updateContactDBLanguage : 65538
03-02 00:57:33.118  5235  5235 I HBD     : g isCoverDisplay : false, cached selected json info : SelectedLanguageInfo(languageVersion=4.2, currentLanguageOrder=0, selectedLanguageList=[SelectedLanguage(id=65538, isUsed=true, engName=English, inputType=qwerty, activeOptionList=[auto_replace, auto_spacing, writing_assistant, prediction], bilingualId=-1), SelectedLanguage(id=5308416, isUsed=true, engName=Arabic, inputType=qwerty, activeOptionList=[auto_replace, auto_spacing, prediction], bilingualId=-1)])
03-02 00:57:33.118  5235  5235 I HBD     : g updateSelectedLanguageCache is succeeded. English
03-02 00:57:33.119  5235  5235 I HBD     : l writeToFile path : /data/user/0/com.samsung.android.honeyboard/files/selected.json
03-02 00:57:33.119  5235  5235 I HBD     : l writeToFile json : {"version":"4.2","currentLanguageOrder":0,"selected":[{"activeOptionList":["auto_replace","auto_spacing","writing_assistant","prediction"],"bilingualId":-1,"engName":"English","id":65538,"inputType":"qwerty","isUsed":true},{"activeOptionList":["auto_replace","auto_spacing","prediction"],"bilingualId":-1,"engName":"Arabic","id":5308416,"inputType":"qwerty","isUsed":true}]}
03-02 00:57:33.121  1484  1816 V APM_AudioPolicyManager: stopOutput portId 13560
03-02 00:57:33.121  1484  1816 V APM_AudioPolicyManager: stopOutput() output 21, stream 3, session 126033
03-02 00:57:33.122  1484  1816 V APM_AudioPolicyManager: setBeaconMute(1) mBeaconMuteRefCount=8 mBeaconPlayingRefCount=0
03-02 00:57:33.122  1484  1816 V APM_AudioPolicyManager: getNewOutputDevices selected devices AUDIO_DEVICE_NONE
03-02 00:57:33.122  1484  1816 V APM_AudioPolicyManager: setOutputDevices caller stopSource[[portId:5][io:21, deep-buffer]] device AUDIO_DEVICE_NONE delayMs 170
03-02 00:57:33.122  1439 16890 D MTKAdapterStreamLayer: updateMetadataCommon(),
03-02 00:57:33.123  2746  2866 I VRI[debug]@60d9f07: mWNT: t=0xb40000771f55fd00 mBlastBufferQueue=0xb400007672274400 fn= 6 HdrRenderState mRenderHdrSdrRatio=1.0 caller= android.view.SyncRtSurfaceTransactionApplier.applyTransaction:100 android.view.SyncRtSurfaceTransactionApplier.lambda$scheduleApply$0:73 android.view.SyncRtSurfaceTransactionApplier.$r8$lambda$afI4fXg3U3-nBZQEDQMiNy-B06s:0
03-02 00:57:33.125  5235  5235 I HBD     : l writeToFile complete
03-02 00:57:33.126  5235 18902 I HBD     : l Write selected lang for DE
03-02 00:57:33.126  5235  5235 I HBD     : g isCoverDisplay : false, cached selected json info : SelectedLanguageInfo(languageVersion=4.2, currentLanguageOrder=0, selectedLanguageList=[SelectedLanguage(id=65538, isUsed=true, engName=English, inputType=qwerty, activeOptionList=[auto_replace, auto_spacing, writing_assistant, prediction], bilingualId=-1), SelectedLanguage(id=5308416, isUsed=true, engName=Arabic, inputType=qwerty, activeOptionList=[auto_replace, auto_spacing, prediction], bilingualId=-1)])
03-02 00:57:33.127  5235  5235 I HBD     : n updateActionOptionFromPreference isCover = false
03-02 00:57:33.127  5235  5235 I HBD     : n before lang.activeOptionList =  [auto_replace, auto_spacing, writing_assistant, prediction]
03-02 00:57:33.127  5235 18902 I HBD     : l writeToFile path : /data/user_de/0/com.samsung.android.honeyboard/files/selected.json
03-02 00:57:33.127  5235 18902 I HBD     : l writeToFile json : {"version":"4.2","currentLanguageOrder":0,"selected":[{"activeOptionList":["auto_replace","auto_spacing","writing_assistant","prediction"],"bilingualId":-1,"engName":"English","id":65538,"inputType":"qwerty","isUsed":true},{"activeOptionList":["auto_replace","auto_spacing","prediction"],"bilingualId":-1,"engName":"Arabic","id":5308416,"inputType":"qwerty","isUsed":true}]}
03-02 00:57:33.127  1484  1816 V APM_AudioPolicyManager: setOutputDevices caller stopSource[[portId:5][io:21, deep-buffer]] setting same device AUDIO_DEVICE_NONE or null device, force=0, patch handle=11429
03-02 00:57:33.128  5235  5235 I HBD     : n after lang.activeOptionList = [auto_replace, auto_spacing, writing_assistant, prediction]
03-02 00:57:33.129  1507  1825 I SurfaceFlinger: Capture layer list: 	 com.zhiliaoapp.musically/com.ss.android.ugc.aweme.splash.SplashActivity$_14885#156421(seamlessTransition:0)
03-02 00:57:33.129  1507  1825 I SurfaceFlinger: Capture layer list: 	 DimTransitionLayer for Surface(name=Task=44888)/@0xe4f16b8#156447(seamlessTransition:0)
03-02 00:57:33.129  1507  1825 I SurfaceFlinger: Capture layer list: 	 com.podcast.app.debug/androidx.activity.ComponentActivity$_17121#156449(seamlessTransition:0)
03-02 00:57:33.129  1507  1825 I SurfaceFlinger: Capture layer list: 	 Splash Screen com.podcast.app.debug$_2746#156444(seamlessTransition:0)
03-02 00:57:33.130  1484  1816 W AudioFlinger: moveEffectChain_ll: effect chain for session 0 not on source thread 0xb400007066671a50
03-02 00:57:33.130  1484  1816 V APM_AudioPolicyManager: selectOutputForMusicEffects selected output 13
03-02 00:57:33.130  5235 18902 I HBD     : l writeToFile complete
03-02 00:57:33.131  2013  3505 I NSLocationMonitor: getGPSUsingApps() called
03-02 00:57:33.131  3477 10041 I NSLocationManager_FLP: getGPSUsingApps, No change
03-02 00:57:33.132 10943 10943 I DVFSHelper: acquireBoostingCPU() : stop boosting cpu
03-02 00:57:33.135  2013  3566 W system_server: Large reply transaction of 325152 bytes, interface descriptor android.app.IActivityTaskManager, code 26
03-02 00:57:33.136  5235  5235 I HBD     : l writeToFile path : /data/user/0/com.samsung.android.honeyboard/files/selected.json
03-02 00:57:33.137  5235  5235 I HBD     : l writeToFile json : {"version":"4.2","currentLanguageOrder":0,"selected":[{"activeOptionList":["auto_replace","auto_spacing","writing_assistant","prediction"],"bilingualId":-1,"engName":"English","id":65538,"inputType":"qwerty","isUsed":true},{"activeOptionList":["auto_replace","auto_spacing","prediction"],"bilingualId":-1,"engName":"Arabic","id":5308416,"inputType":"qwerty","isUsed":true}]}
03-02 00:57:33.139  5235  5235 I HBD     : l writeToFile complete
03-02 00:57:33.139  1646  1646 I CameraService: onUidStateChanged: uid=10062, procState is changed. (1 -> 0)
03-02 00:57:33.139  2013  3566 I WindowManager: Relayout Window{c1ac8fe u0 Splash Screen com.podcast.app.debug}: viewVisibility=8 req=1080x2340 ty=3 d0
03-02 00:57:33.139  5235  5235 I HBD     : m normal : updateLanguage : English
03-02 00:57:33.140  5235  5235 I HBD     : g isCoverDisplay : false, cached selected json info : SelectedLanguageInfo(languageVersion=4.2, currentLanguageOrder=0, selectedLanguageList=[SelectedLanguage(id=65538, isUsed=true, engName=English, inputType=qwerty, activeOptionList=[auto_replace, auto_spacing, writing_assistant, prediction], bilingualId=-1), SelectedLanguage(id=5308416, isUsed=true, engName=Arabic, inputType=qwerty, activeOptionList=[auto_replace, auto_spacing, prediction], bilingualId=-1)])
03-02 00:57:33.140  5235  5235 I HBD     : g isCoverDisplay : false, cached selected json info : SelectedLanguageInfo(languageVersion=4.2, currentLanguageOrder=0, selectedLanguageList=[SelectedLanguage(id=65538, isUsed=true, engName=English, inputType=qwerty, activeOptionList=[auto_replace, auto_spacing, writing_assistant, prediction], bilingualId=-1), SelectedLanguage(id=5308416, isUsed=true, engName=Arabic, inputType=qwerty, activeOptionList=[auto_replace, auto_spacing, prediction], bilingualId=-1)])
03-02 00:57:33.140  5235  5235 I HBD     : n updateActionOptionFromPreference isCover = false
03-02 00:57:33.140  5235  5235 I HBD     : n before lang.activeOptionList =  [auto_replace, auto_spacing, writing_assistant, prediction]
03-02 00:57:33.140  5235 18903 I HBD     : l Write selected lang for DE
03-02 00:57:33.140  5235 18903 I HBD     : l writeToFile path : /data/user_de/0/com.samsung.android.honeyboard/files/selected.json
