03-02 00:57:31.862 14885 14885 D SV[7374587 SplashActivity]: updateSurface: surface is not valid
03-02 00:57:31.862 14885 14885 I SV[7374587 SplashActivity]: releaseSurfaces: viewRoot = VRI[SplashActivity]@35f4eb8
03-02 00:57:31.862 14885 14885 D VRI[SplashActivity]@35f4eb8: applyTransactionOnDraw applyImmediately
03-02 00:57:31.863 14885 14885 I SV[137774491 SplashActivity]: windowStopped(true) false X.0fk7{836459b V.E...... ........ 0,81-1080,1998} of VRI[SplashActivity]@35f4eb8
03-02 00:57:31.863 14885 14885 D SV[137774491 SplashActivity]: updateSurface: surface is not valid
03-02 00:57:31.863 14885 14885 I SV[137774491 SplashActivity]: releaseSurfaces: viewRoot = VRI[SplashActivity]@35f4eb8
03-02 00:57:31.863 14885 14885 D VRI[SplashActivity]@35f4eb8: applyTransactionOnDraw applyImmediately
03-02 00:57:31.864 14885 14885 D SV[6876039 SplashActivity]: updateSurface: surface is not valid
03-02 00:57:31.864 14885 14885 I SV[6876039 SplashActivity]: releaseSurfaces: viewRoot = VRI[SplashActivity]@35f4eb8
03-02 00:57:31.864 14885 14885 D VRI[SplashActivity]@35f4eb8: applyTransactionOnDraw applyImmediately
03-02 00:57:31.864 14885 14885 D SV[7374587 SplashActivity]: updateSurface: surface is not valid
03-02 00:57:31.864 14885 14885 I SV[7374587 SplashActivity]: releaseSurfaces: viewRoot = VRI[SplashActivity]@35f4eb8
03-02 00:57:31.864 14885 14885 D VRI[SplashActivity]@35f4eb8: applyTransactionOnDraw applyImmediately
03-02 00:57:31.864 14885 14885 D SV[137774491 SplashActivity]: updateSurface: surface is not valid
03-02 00:57:31.865 14885 14885 I SV[137774491 SplashActivity]: releaseSurfaces: viewRoot = VRI[SplashActivity]@35f4eb8
03-02 00:57:31.865 14885 14885 D VRI[SplashActivity]@35f4eb8: applyTransactionOnDraw applyImmediately
03-02 00:57:31.865 14885 14885 D VRI[SplashActivity]@35f4eb8: Not drawing due to not visible. Reason=!mAppVisible && !mForceDecorViewVisibility
03-02 00:57:31.865 14885 14885 D VRI[SplashActivity]@35f4eb8: Pending transaction will not be applied in sync with a draw due to view not visible
03-02 00:57:31.865 14885 14885 I VRI[SplashActivity]@35f4eb8: mWNT: t=0x769ac0ba00 mBlastBufferQueue=0xnull fn= 0 HdrRenderState mRenderHdrSdrRatio=1.0 caller= android.view.ViewRootImpl.handleSyncRequestWhenNoAsyncDraw:6733 android.view.ViewRootImpl.performTraversals:5504 android.view.ViewRootImpl.doTraversal:3924
03-02 00:57:31.868  1507  1507 I SurfaceFlinger: [LayerHierarchy{RequestedLayerState{836459b SurfaceView[com.zhiliaoapp.musically/com.ss.android.ugc.aweme.splash.SplashActivity]@0#156376 z=-2} 2 children}] reparent to OffscreenRoot
03-02 00:57:31.868  1507  1507 I SurfaceFlinger: [LayerHierarchy{RequestedLayerState{836459b SurfaceView[com.zhiliaoapp.musically/com.ss.android.ugc.aweme.splash.SplashActivity]@0#156376 z=-2} 2 children}] RelativeParent to null
03-02 00:57:31.868  1507  1507 I SurfaceFlinger: [LayerHierarchy{RequestedLayerState{68eb87 SurfaceView[com.zhiliaoapp.musically/com.ss.android.ugc.aweme.splash.SplashActivity]@0(BLAST)#156371} no children}] reparent to OffscreenRoot
03-02 00:57:31.868  1507  1507 I SurfaceFlinger: [LayerHierarchy{RequestedLayerState{68eb87 SurfaceView[com.zhiliaoapp.musically/com.ss.android.ugc.aweme.splash.SplashActivity]@0(BLAST)#156371} no children}] RelativeParent to null
03-02 00:57:31.868  1507  1507 I SurfaceFlinger: [LayerHierarchy{RequestedLayerState{Background for 836459b SurfaceView[com.zhiliaoapp.musically/com.ss.android.ugc.aweme.splash.SplashActivity]@0#156378 z=-2147483648} no children}] reparent to OffscreenRoot
03-02 00:57:31.868  1507  1507 I SurfaceFlinger: [LayerHierarchy{RequestedLayerState{Background for 836459b SurfaceView[com.zhiliaoapp.musically/com.ss.android.ugc.aweme.splash.SplashActivity]@0#156378 z=-2147483648} no children}] RelativeParent to null
03-02 00:57:31.868  1507  1507 I SurfaceFlinger: [LayerHierarchy{RequestedLayerState{836459b SurfaceView[com.zhiliaoapp.musically/com.ss.android.ugc.aweme.splash.SplashActivity]@0(BLAST)#156377} no children}] reparent to OffscreenRoot
03-02 00:57:31.868  1507  1507 I SurfaceFlinger: [LayerHierarchy{RequestedLayerState{836459b SurfaceView[com.zhiliaoapp.musically/com.ss.android.ugc.aweme.splash.SplashActivity]@0(BLAST)#156377} no children}] RelativeParent to null
03-02 00:57:31.868  1507  1507 I SurfaceFlinger: [LayerHierarchy{RequestedLayerState{68eb87 SurfaceView[com.zhiliaoapp.musically/com.ss.android.ugc.aweme.splash.SplashActivity]@0#156370 z=-2} 1 children}] reparent to OffscreenRoot
03-02 00:57:31.868  1507  1507 I SurfaceFlinger: [LayerHierarchy{RequestedLayerState{68eb87 SurfaceView[com.zhiliaoapp.musically/com.ss.android.ugc.aweme.splash.SplashActivity]@0#156370 z=-2} 1 children}] RelativeParent to null
03-02 00:57:31.868  1507  1507 I SurfaceFlinger: [LayerHierarchy{RequestedLayerState{Bounds for - com.zhiliaoapp.musically/com.ss.android.ugc.aweme.splash.SplashActivity@24#156369} 1 children}] reparent to OffscreenRoot
03-02 00:57:31.868  1507  1507 I SurfaceFlinger: [LayerHierarchy{RequestedLayerState{Bounds for - com.zhiliaoapp.musically/com.ss.android.ugc.aweme.splash.SplashActivity@24#156369} 1 children}] RelativeParent to null
03-02 00:57:31.868  1507  1507 I SurfaceFlinger: [LayerHierarchy{RequestedLayerState{Background for 7086fb SurfaceView[com.zhiliaoapp.musically/com.ss.android.ugc.aweme.splash.SplashActivity]@0#156375 z=-2147483648} no children}] reparent to OffscreenRoot
03-02 00:57:31.868  1507  1507 I SurfaceFlinger: [LayerHierarchy{RequestedLayerState{Background for 7086fb SurfaceView[com.zhiliaoapp.musically/com.ss.android.ugc.aweme.splash.SplashActivity]@0#156375 z=-2147483648} no children}] RelativeParent to null
03-02 00:57:31.868  1507  1507 I SurfaceFlinger: [LayerHierarchy{RequestedLayerState{7086fb SurfaceView[com.zhiliaoapp.musically/com.ss.android.ugc.aweme.splash.SplashActivity]@0(BLAST)#156374} no children}] reparent to OffscreenRoot
03-02 00:57:31.869  1507  1507 I SurfaceFlinger: [LayerHierarchy{RequestedLayerState{7086fb SurfaceView[com.zhiliaoapp.musically/com.ss.android.ugc.aweme.splash.SplashActivity]@0(BLAST)#156374} no children}] RelativeParent to null
03-02 00:57:31.869  1507  1507 I SurfaceFlinger: [LayerHierarchy{RequestedLayerState{Background for 68eb87 SurfaceView[com.zhiliaoapp.musically/com.ss.android.ugc.aweme.splash.SplashActivity]@0#156372 z=-2147483648} no children}] reparent to OffscreenRoot
03-02 00:57:31.869  1507  1507 I SurfaceFlinger: [LayerHierarchy{RequestedLayerState{Background for 68eb87 SurfaceView[com.zhiliaoapp.musically/com.ss.android.ugc.aweme.splash.SplashActivity]@0#156372 z=-2147483648} no children}] RelativeParent to null
03-02 00:57:31.869  1507  1507 I SurfaceFlinger: [LayerHierarchy{RequestedLayerState{7086fb SurfaceView[com.zhiliaoapp.musically/com.ss.android.ugc.aweme.splash.SplashActivity]@0#156373 z=-2} no children}] reparent to OffscreenRoot
03-02 00:57:31.869  1507  1507 I SurfaceFlinger: [LayerHierarchy{RequestedLayerState{7086fb SurfaceView[com.zhiliaoapp.musically/com.ss.android.ugc.aweme.splash.SplashActivity]@0#156373 z=-2} no children}] RelativeParent to null
03-02 00:57:31.869 14885 15423 D HWUI    : CacheManager::trimMemory(20)
03-02 00:57:31.872 14885 14885 I VRI[SplashActivity]@35f4eb8: stopped(true) old = false
03-02 00:57:31.872 14885 14885 D VRI[SplashActivity]@35f4eb8: WindowStopped on com.zhiliaoapp.musically/com.ss.android.ugc.aweme.splash.SplashActivity set to true
03-02 00:57:31.872  1507  1507 I SurfaceFlinger: onHandleDestroyed: layerId=156377, name=836459b SurfaceView[com.zhiliaoapp.musically/com.ss.android.ugc.aweme.splash.SplashActivity]@0(BLAST)#156377
03-02 00:57:31.872  1507  1507 I SurfaceFlinger: id=156377 Removed 836459b SurfaceView[com.zhiliaoapp.musically/com.ss.android.ugc.aweme.splash.SplashActivity]@0(BLAST)#156377 (329)
03-02 00:57:31.872 14885 15423 D HWUI    : CacheManager::trimMemory(20)
03-02 00:57:31.872  1507  1507 I SurfaceFlinger: onHandleDestroyed: layerId=156376, name=836459b SurfaceView[com.zhiliaoapp.musically/com.ss.android.ugc.aweme.splash.SplashActivity]@0#156376
03-02 00:57:31.872  1507  1507 I SurfaceFlinger: id=156376 Removed 836459b SurfaceView[com.zhiliaoapp.musically/com.ss.android.ugc.aweme.splash.SplashActivity]@0#156376 (329)
03-02 00:57:31.872  1507  1507 I SurfaceFlinger: onHandleDestroyed: layerId=156378, name=Background for 836459b SurfaceView[com.zhiliaoapp.musically/com.ss.android.ugc.aweme.splash.SplashActivity]@0#156378
03-02 00:57:31.872  1507  1507 I SurfaceFlinger: id=156378 Removed Background for 836459b SurfaceView[com.zhiliaoapp.musically/com.ss.android.ugc.aweme.splash.SplashActivity]@0#156378 (329)
03-02 00:57:31.872  1507  1507 I SurfaceFlinger: onHandleDestroyed: layerId=156374, name=7086fb SurfaceView[com.zhiliaoapp.musically/com.ss.android.ugc.aweme.splash.SplashActivity]@0(BLAST)#156374
03-02 00:57:31.872  1507  1507 I SurfaceFlinger: id=156374 Removed 7086fb SurfaceView[com.zhiliaoapp.musically/com.ss.android.ugc.aweme.splash.SplashActivity]@0(BLAST)#156374 (329)
03-02 00:57:31.872  1507  1507 I SurfaceFlinger: onHandleDestroyed: layerId=156373, name=7086fb SurfaceView[com.zhiliaoapp.musically/com.ss.android.ugc.aweme.splash.SplashActivity]@0#156373
03-02 00:57:31.872  1507  1507 I SurfaceFlinger: id=156373 Removed 7086fb SurfaceView[com.zhiliaoapp.musically/com.ss.android.ugc.aweme.splash.SplashActivity]@0#156373 (329)
03-02 00:57:31.872  1507  1507 I SurfaceFlinger: onHandleDestroyed: layerId=156375, name=Background for 7086fb SurfaceView[com.zhiliaoapp.musically/com.ss.android.ugc.aweme.splash.SplashActivity]@0#156375
03-02 00:57:31.872  1507  1507 I SurfaceFlinger: id=156375 Removed Background for 7086fb SurfaceView[com.zhiliaoapp.musically/com.ss.android.ugc.aweme.splash.SplashActivity]@0#156375 (329)
03-02 00:57:31.872  1507  1507 I SurfaceFlinger: onHandleDestroyed: layerId=156371, name=68eb87 SurfaceView[com.zhiliaoapp.musically/com.ss.android.ugc.aweme.splash.SplashActivity]@0(BLAST)#156371
03-02 00:57:31.872  1507  1507 I SurfaceFlinger: id=156371 Removed 68eb87 SurfaceView[com.zhiliaoapp.musically/com.ss.android.ugc.aweme.splash.SplashActivity]@0(BLAST)#156371 (329)
03-02 00:57:31.872  1507  1507 I SurfaceFlinger: onHandleDestroyed: layerId=156370, name=68eb87 SurfaceView[com.zhiliaoapp.musically/com.ss.android.ugc.aweme.splash.SplashActivity]@0#156370
03-02 00:57:31.872  1507  1507 I SurfaceFlinger: id=156370 Removed 68eb87 SurfaceView[com.zhiliaoapp.musically/com.ss.android.ugc.aweme.splash.SplashActivity]@0#156370 (329)
03-02 00:57:31.873  1507  1507 I SurfaceFlinger: onHandleDestroyed: layerId=156372, name=Background for 68eb87 SurfaceView[com.zhiliaoapp.musically/com.ss.android.ugc.aweme.splash.SplashActivity]@0#156372
03-02 00:57:31.873  1507  1507 I SurfaceFlinger: id=156372 Removed Background for 68eb87 SurfaceView[com.zhiliaoapp.musically/com.ss.android.ugc.aweme.splash.SplashActivity]@0#156372 (329)
03-02 00:57:31.873  1507  1507 I SurfaceFlinger: onHandleDestroyed: layerId=156369, name=Bounds for - com.zhiliaoapp.musically/com.ss.android.ugc.aweme.splash.SplashActivity@24#156369
03-02 00:57:31.873  1507  1507 I SurfaceFlinger: id=156369 Removed Bounds for - com.zhiliaoapp.musically/com.ss.android.ugc.aweme.splash.SplashActivity@24#156369 (329)
03-02 00:57:31.875 14885 14885 I System.out: SAFActivity: com.ss.android.ugc.aweme.main.MainActivity@c20428f,  onStop Start
03-02 00:57:31.879  1507  1507 I SurfaceFlinger: destroyed 836459b SurfaceView[com.zhiliaoapp.musically/com.ss.android.ugc.aweme.splash.SplashActivity]@0#156376
03-02 00:57:31.879  1507  1507 I SurfaceFlinger: destroyed 68eb87 SurfaceView[com.zhiliaoapp.musically/com.ss.android.ugc.aweme.splash.SplashActivity]@0(BLAST)#156371
03-02 00:57:31.879  1507  1507 I SurfaceFlinger: destroyed Background for 836459b SurfaceView[com.zhiliaoapp.musically/com.ss.android.ugc.aweme.splash.SplashActivity]@0#156378
03-02 00:57:31.879  1507  1507 I SurfaceFlinger: destroyed 836459b SurfaceView[com.zhiliaoapp.musically/com.ss.android.ugc.aweme.splash.SplashActivity]@0(BLAST)#156377
03-02 00:57:31.879  1507  1507 I SurfaceFlinger: destroyed 68eb87 SurfaceView[com.zhiliaoapp.musically/com.ss.android.ugc.aweme.splash.SplashActivity]@0#156370
03-02 00:57:31.879  1507  1507 I SurfaceFlinger: destroyed Bounds for - com.zhiliaoapp.musically/com.ss.android.ugc.aweme.splash.SplashActivity@24#156369
03-02 00:57:31.879  1507  1507 I SurfaceFlinger: destroyed Background for 7086fb SurfaceView[com.zhiliaoapp.musically/com.ss.android.ugc.aweme.splash.SplashActivity]@0#156375
03-02 00:57:31.879  1507  1507 I SurfaceFlinger: destroyed 7086fb SurfaceView[com.zhiliaoapp.musically/com.ss.android.ugc.aweme.splash.SplashActivity]@0(BLAST)#156374
03-02 00:57:31.879  1507  1507 I SurfaceFlinger: destroyed Background for 68eb87 SurfaceView[com.zhiliaoapp.musically/com.ss.android.ugc.aweme.splash.SplashActivity]@0#156372
03-02 00:57:31.879  1507  1507 I SurfaceFlinger: destroyed 7086fb SurfaceView[com.zhiliaoapp.musically/com.ss.android.ugc.aweme.splash.SplashActivity]@0#156373
03-02 00:57:31.881 17121 17121 I Dialog  : mIsDeviceDefault = false, mIsSamsungBasicInteraction = false, isMetaDataInActivity = false
03-02 00:57:31.883  1446  1446 I SensorsHub: queueActivate: handle 5 enable 0
03-02 00:57:31.883  1507  1507 I Layer   : id=156369 Destroyed Bounds for - com.zhiliaoapp.musically/com.ss.android.ugc.aweme.splash.SplashActivity@24#156369
03-02 00:57:31.883  1507  1507 I Layer   : id=156372 Destroyed Background for 68eb87 SurfaceView[com.zhiliaoapp.musically/com.ss.android.ugc.aweme.splash.SplashActivity]@0#156372
03-02 00:57:31.883  1507  1507 I Layer   : id=156370 Destroyed 68eb87 SurfaceView[com.zhiliaoapp.musically/com.ss.android.ugc.aweme.splash.SplashActivity]@0#156370
03-02 00:57:31.883  1507  1507 I Layer   : id=156371 Destroyed 68eb87 SurfaceView[com.zhiliaoapp.musically/com.ss.android.ugc.aweme.splash.SplashActivity]@0(BLAST)#156371
03-02 00:57:31.883  1446  1446 I SensorsHub: type : 5, enable : 0
03-02 00:57:31.883  1507  1507 I Layer   : id=156375 Destroyed Background for 7086fb SurfaceView[com.zhiliaoapp.musically/com.ss.android.ugc.aweme.splash.SplashActivity]@0#156375
03-02 00:57:31.883  1507  1507 I Layer   : id=156373 Destroyed 7086fb SurfaceView[com.zhiliaoapp.musically/com.ss.android.ugc.aweme.splash.SplashActivity]@0#156373
03-02 00:57:31.884  1507  1507 I Layer   : id=156374 Destroyed 7086fb SurfaceView[com.zhiliaoapp.musically/com.ss.android.ugc.aweme.splash.SplashActivity]@0(BLAST)#156374
03-02 00:57:31.884  1507  1507 I Layer   : id=156378 Destroyed Background for 836459b SurfaceView[com.zhiliaoapp.musically/com.ss.android.ugc.aweme.splash.SplashActivity]@0#156378
03-02 00:57:31.884  1507  1507 I Layer   : id=156376 Destroyed 836459b SurfaceView[com.zhiliaoapp.musically/com.ss.android.ugc.aweme.splash.SplashActivity]@0#156376
03-02 00:57:31.884  1507  1507 I Layer   : id=156377 Destroyed 836459b SurfaceView[com.zhiliaoapp.musically/com.ss.android.ugc.aweme.splash.SplashActivity]@0(BLAST)#156377
03-02 00:57:31.885 14885 18455 D SensorManager: unregisterListener
03-02 00:57:31.885  2013  2252 I MediaFocusControl: abandonAudioFocus() from uid/pid 10350/14885 clientId=android.media.AudioManager@b7fcc9dX.143s@4302512 callingPack=com.zhiliaoapp.musically
03-02 00:57:31.885  2013  2252 D AS.AudioService: [Android Auto] isConnectedAndroidAuto = false
03-02 00:57:31.885  2013  2252 D MediaFocusControl: selectFocusStack, uid = 10350, appDevice = 0, device = 2
03-02 00:57:31.885  2013  2252 I MediaFocusControl: removeFocusStackEntry client:android.media.AudioManager@b7fcc9dX.143s@4302512
03-02 00:57:31.886 17121 17121 I DecorView: setWindowBackground: isPopOver=false color=0 d=android.graphics.drawable.ColorDrawable@2c490e9
03-02 00:57:31.895 17121 17121 W WindowOnBackDispatcher: OnBackInvokedCallback is not enabled for the application.
03-02 00:57:31.895 17121 17121 W WindowOnBackDispatcher: Set 'android:enableOnBackInvokedCallback="true"' in the application manifest.
03-02 00:57:31.896 17121 17121 I WindowManager: WindowManagerGlobal#addView, ty=2, view=com.android.internal.policy.DecorView{d5f80cc V.E...... R.....I. 0,0-0,0}[ComponentActivity], caller=android.view.WindowManagerImpl.addView:158 android.app.Dialog.show:540 androidx.compose.ui.window.AndroidDialog_androidKt$Dialog$1$1.invoke:196
03-02 00:57:31.896 17121 17121 I ViewRootImpl: dVRR is disabled
03-02 00:57:31.898 17121 17389 D NativeCustomFrequencyManager: [NativeCFMS] BpCustomFrequencyManager::BpCustomFrequencyManager()
03-02 00:57:31.899  2013  2252 D InputTransport: Input channel constructed: '1158e07', fd=1036
03-02 00:57:31.899  2013  2252 D InputTransport: Input channel constructed: '1158e07', fd=1083
03-02 00:57:31.899  2013  2252 D InputTransport: Input channel constructed: '1158e07', fd=1100
03-02 00:57:31.899  2013  2252 D InputTransport: Input channel destroyed: '1158e07', fd=1083
03-02 00:57:31.900  1507  1907 I SurfaceFlinger: id=156402 createSurf, flag=84004, 1158e07 com.podcast.app.debug/androidx.activity.ComponentActivity#156402
03-02 00:57:31.901  1507  1507 I SurfaceFlinger: [1158e07 com.podcast.app.debug/androidx.activity.ComponentActivity#156402] attach to parent LayerHierarchy{RequestedLayerState{ActivityRecord{100054639 u0 com.podcast.app.debug/androidx.activity.ComponentActivity t44886}#156387 parentId=156386} 4 children}
03-02 00:57:31.902  1507  1562 I SurfaceFlinger: id=156403 createSurf, flag=24000, Surface(name=c536234 NavigationBar0)/@0xfac847b - animation-leash of insets_animation#156403
03-02 00:57:31.903  1507  1562 I SurfaceFlinger: id=156404 createSurf, flag=24000, Surface(name=a5d3a68 StatusBar)/@0xd5726d6 - animation-leash of insets_animation#156404
03-02 00:57:31.904  2013  2252 I SystemKeyManager: requested systemKeyInfo size=1 focusedWindow=com.podcast.app.debug/androidx.activity.ComponentActivity
03-02 00:57:31.904  2013  2252 I SystemKeyManager: requested systemKeyInfo size=2 focusedWindow=com.podcast.app.debug/androidx.activity.ComponentActivity
03-02 00:57:31.904  2013  2252 D InputTransport: Input channel destroyed: '1158e07', fd=1100
03-02 00:57:31.905 17121 17121 D InputTransport: Input channel constructed: '1158e07', fd=159
03-02 00:57:31.905 17121 17121 I InsetsController: onStateChanged: host=com.podcast.app.debug/androidx.activity.ComponentActivity, from=android.view.ViewRootImpl.onInsetsStateChanged:3026, state=InsetsState: {mDisplayFrame=Rect(0, 0 - 1080, 2340), mDisplayCutout=DisplayCutout{insets=Rect(0, 80 - 0, 0) waterfall=Insets{left=0, top=0, right=0, bottom=0} boundingRect={Bounds=[Rect(0, 0 - 0, 0), Rect(472, 0 - 608, 80), Rect(0, 0 - 0, 0), Rect(0, 0 - 0, 0)]} cutoutPathParserInfo={CutoutPathParserInfo{displayWidth=1080 displayHeight=2340 physicalDisplayWidth=1080 physicalDisplayHeight=2340 density={2.8125} cutoutSpec={M 0,0 H -24.177777778 V 28.4444444444 H 24.177777778 V 0 H 0 Z @dp} rotation={0} scale={1.0} physicalPixelDisplaySizeRatio={1.0}}} sideOverrides={}}, mRoundedCorners=RoundedCorners{[RoundedCorner{position=TopLeft, radius=113, center=Point(113, 113)}, RoundedCorner{position=TopRight, radius=113, center=Point(967, 113)}, RoundedCorner{position=BottomRight, radius=113, center=Point(967, 2227)}, RoundedCorner{position=BottomLeft, radius=113, center=Point(113, 2227)}]}  mRoundedCornerFrame=Rect(0, 0 - 1080, 2340), mPrivacyIndicatorBounds=PrivacyIndicatorBounds {static bounds=Rect(956, 0 - 1080, 80) rotation=0}, mDisplayShape=DisplayShape{ spec=-311912193 displayWidth=1080 displayHeight=2340 physicalPixelDisplaySizeRatio=1.0 rotation=0 offsetX=0 offsetY=0 scale=1.0}, mSources= { InsetsSource: {e9af0000 mType=statusBars mFrame=[0,0][1080,80] mVisible=true mFlags= mSideHint=TOP mBoundingRects=null}, InsetsSource: {e9af0005 mType=mandatorySystemGestures mFrame=[0,0][1080,114] mVisible=true mFlags= mSideHint=TOP mBoundingRects=null}, InsetsSource: {e9af0006 mType=tappableElement mFrame=[0,0][1080,80] mVisible=true mFlags= mSideHint=TOP mBoundingRects=null}, InsetsSource: {3 mType=ime mFrame=[0,0][0,0] mVisible=false mFlags= mSideHint=NONE mBoundingRects=null}, InsetsSource: {27 mType=displayCutout mFrame=[0,0][1080,80] mVisible=true mFlags= mSideHint=TOP mBoundingRects=null}, InsetsSource: {26ed0001 mType=navigationBars mFrame=[0,2298][1080,2340] mVisible=true mFlags=SUPPRESS_SCRIM mSideHint=BOTTOM mBoundingRects=null}, InsetsSource: {26ed0004 mType=systemGestures mFrame=[0,0][84,2340] mVisible=true mFlags= mSideHint=LEFT mBoundingRects=null}, InsetsSource: {26ed0005 mType=mandatorySystemGestures mFrame=[0,2250][1080,2340] mVisible=true mFlags= mSideHint=BOTTOM mBoundingRects=null}, InsetsSource: {26ed0006 mType=tappableElement mFrame=[0,0][0,0] mVisible=true mFlags= mSideHint=NONE mBoundingRects=null}, InsetsSource: {26ed0024 mType=systemGestures mFrame=[996,0][1080,2340] mVisible=true mFlags= mSideHint=RIGHT mBoundingRects=null} }
03-02 00:57:31.905 17121 17121 I VRI[ComponentActivity]@4b02f15: synced displayState. AttachInfo displayState=2
03-02 00:57:31.906 17121 17121 I VRI[ComponentActivity]@4b02f15: setView = com.android.internal.policy.DecorView@d5f80cc IsHRR=false mFlingFrameRateChange=0 TM=true
03-02 00:57:31.913  1507  1507 I SurfaceFlinger: [Surface(name=c536234 NavigationBar0)/@0xfac847b - animation-leash of insets_animation#156403] attach to parent LayerHierarchy{RequestedLayerState{WindowToken{5cf38d1 type=2019 android.os.BinderProxy@916675b}#101 parentId=34} 2 children}
03-02 00:57:31.913 14885 14885 I System.out: SceneSafeLifecycleDispatcher: onStopped Start
03-02 00:57:31.913  1507  1507 I SurfaceFlinger: [Surface(name=a5d3a68 StatusBar)/@0xd5726d6 - animation-leash of insets_animation#156404] attach to parent LayerHierarchy{RequestedLayerState{WindowToken{d05298b type=2000 android.os.BinderProxy@163b705}#108 parentId=17} 2 children}
03-02 00:57:31.913 14885 14885 I System.out: SAFActivity V Scene Framework: NavigationMessageQueue postSync start
03-02 00:57:31.913 14885 14885 I System.out: SAFActivity V Scene Framework: NavigationMessageQueue postSync run current task start 14_Y.ARunnableS108S0200000_32@4d240a3
03-02 00:57:31.914 14885 14885 I System.out: SAFActivity V Scene Framework: NavigationSceneManager Sync Scene SAFFragmentRootScene{79e191c} Lifecycle [STARTED -> ACTIVITY_CREATED] without saved State
03-02 00:57:31.914 14885 14885 I System.out: SAFFragmentRootScene: onStop Start (SAFFragmentRootScene{79e191c})
03-02 00:57:31.917 14885 14885 I System.out: SAFActivity V Scene Framework: NavigationMessageQueue postSync run current task finish 14_Y.ARunnableS108S0200000_32@4d240a3
03-02 00:57:31.917 14885 14885 I System.out: SAFActivity V Scene Framework: NavigationMessageQueue postSync finish
03-02 00:57:31.917 14885 14885 I System.out: SceneSafeLifecycleDispatcher: onStopped End STOP
03-02 00:57:31.917 14885 14885 I System.out: SAFActivity: com.ss.android.ugc.aweme.main.MainActivity@c20428f,  onStop End
03-02 00:57:31.917 14885 14885 D SV[6876039 SplashActivity]: updateSurface: surface is not valid
03-02 00:57:31.917 14885 14885 I SV[6876039 SplashActivity]: releaseSurfaces: viewRoot = VRI[SplashActivity]@35f4eb8
03-02 00:57:31.917 14885 14885 D VRI[SplashActivity]@35f4eb8: applyTransactionOnDraw applyImmediately
03-02 00:57:31.918 14885 14885 D SV[7374587 SplashActivity]: updateSurface: surface is not valid
03-02 00:57:31.918 14885 14885 I SV[7374587 SplashActivity]: releaseSurfaces: viewRoot = VRI[SplashActivity]@35f4eb8
03-02 00:57:31.918 14885 14885 D VRI[SplashActivity]@35f4eb8: applyTransactionOnDraw applyImmediately
03-02 00:57:31.918 14885 14885 D SV[137774491 SplashActivity]: updateSurface: surface is not valid
03-02 00:57:31.918 14885 14885 I SV[137774491 SplashActivity]: releaseSurfaces: viewRoot = VRI[SplashActivity]@35f4eb8
03-02 00:57:31.918 14885 14885 D VRI[SplashActivity]@35f4eb8: applyTransactionOnDraw applyImmediately
03-02 00:57:31.920 14885 14885 I System.out: SAFActivity V Scene Framework: NavigationSceneManager forceExecutePendingNavigationOperation start
03-02 00:57:31.920 14885 14885 I System.out: SAFActivity V Scene Framework: NavigationMessageQueue postSync start
03-02 00:57:31.920 14885 14885 I System.out: SAFActivity V Scene Framework: NavigationMessageQueue postSync run current task start 0_Y.ARunnableS90S0000000_15@b3a8b7f
03-02 00:57:31.920 14885 14885 I System.out: SAFActivity V Scene Framework: NavigationMessageQueue postSync run current task finish 0_Y.ARunnableS90S0000000_15@b3a8b7f
03-02 00:57:31.920 14885 14885 I System.out: SAFActivity V Scene Framework: NavigationMessageQueue postSync finish
03-02 00:57:31.920 14885 14885 I System.out: SAFActivity V Scene Framework: NavigationSceneManager forceExecutePendingNavigationOperation finish
03-02 00:57:31.921 14885 14885 I System.out: SAFActivity: com.ss.android.ugc.aweme.main.MainActivity@c20428f,  onSaveInstanceState Start
03-02 00:57:31.922 14885 14885 I System.out: SceneSafeLifecycleDispatcher: onSaveInstanceState Start
03-02 00:57:31.923 14885 14885 I System.out: SAFFragmentRootScene: onSaveInstanceState Start (SAFFragmentRootScene{79e191c})
03-02 00:57:31.923 14885 14885 I System.out: SceneSafeLifecycleDispatcher: onSaveInstanceState End STOP
03-02 00:57:31.923 14885 14885 I System.out: SAFActivity: com.ss.android.ugc.aweme.main.MainActivity@c20428f,  onSaveInstanceState End
03-02 00:57:31.923 14885 14885 W System.err: onActivityPostSaveInstanceState store finished---->com.ss.android.ugc.aweme.main.MainActivity@c20428f
03-02 00:57:31.924  1507  1507 I SurfaceFlinger: RequestedLayer [1158e07 com.podcast.app.debug/androidx.activity.ComponentActivity#156402] hidden!! flag  from(1) --> to(0)
03-02 00:57:31.924  1507  1507 I SurfaceFlinger: [LayerHierarchy{RequestedLayerState{ImeContainer#15 parentId=156387 relativeParentId=156402 z=1} 1 children}] RelativeParent to LayerHierarchy{RequestedLayerState{1158e07 com.podcast.app.debug/androidx.activity.ComponentActivity#156402 parentId=156387 z=1} 1 children}
03-02 00:57:31.924  1507  1507 I SurfaceFlinger: [LayerHierarchy{RequestedLayerState{c536234 NavigationBar0#102 parentId=156403} 1 children}] reparent to LayerHierarchy{RequestedLayerState{Surface(name=c536234 NavigationBar0)/@0xfac847b - animation-leash of insets_animation#156403 parentId=101} 1 children}
03-02 00:57:31.924  1507  1507 I SurfaceFlinger: [LayerHierarchy{RequestedLayerState{a5d3a68 StatusBar#109 parentId=156404} 1 children}] reparent to LayerHierarchy{RequestedLayerState{Surface(name=a5d3a68 StatusBar)/@0xd5726d6 - animation-leash of insets_animation#156404 parentId=108} 1 children}
03-02 00:57:31.924  1507  1507 I SurfaceFlinger: [LayerHierarchy{RequestedLayerState{Surface(name=c536234 NavigationBar0)/@0xfac847b - animation-leash of insets_animation#156394} no children}] reparent to OffscreenRoot
03-02 00:57:31.924  1507  1507 I SurfaceFlinger: [LayerHierarchy{RequestedLayerState{Surface(name=c536234 NavigationBar0)/@0xfac847b - animation-leash of insets_animation#156394} no children}] RelativeParent to null
03-02 00:57:31.924  1507  1507 I SurfaceFlinger: [LayerHierarchy{RequestedLayerState{Surface(name=a5d3a68 StatusBar)/@0xd5726d6 - animation-leash of insets_animation#156395} no children}] reparent to OffscreenRoot
03-02 00:57:31.924  1507  1507 I SurfaceFlinger: [LayerHierarchy{RequestedLayerState{Surface(name=a5d3a68 StatusBar)/@0xd5726d6 - animation-leash of insets_animation#156395} no children}] RelativeParent to null
03-02 00:57:31.925 14885 14885 D SV[6876039 SplashActivity]: updateSurface: surface is not valid
03-02 00:57:31.926 14885 14885 I SV[6876039 SplashActivity]: releaseSurfaces: viewRoot = VRI[SplashActivity]@35f4eb8
03-02 00:57:31.926 14885 14885 D VRI[SplashActivity]@35f4eb8: applyTransactionOnDraw applyImmediately
03-02 00:57:31.926 14885 14885 D SV[7374587 SplashActivity]: updateSurface: surface is not valid
03-02 00:57:31.926 14885 14885 I SV[7374587 SplashActivity]: releaseSurfaces: viewRoot = VRI[SplashActivity]@35f4eb8
03-02 00:57:31.926 14885 14885 D VRI[SplashActivity]@35f4eb8: applyTransactionOnDraw applyImmediately
03-02 00:57:31.926 14885 14885 D SV[137774491 SplashActivity]: updateSurface: surface is not valid
03-02 00:57:31.926 14885 14885 I SV[137774491 SplashActivity]: releaseSurfaces: viewRoot = VRI[SplashActivity]@35f4eb8
03-02 00:57:31.926 14885 14885 D VRI[SplashActivity]@35f4eb8: applyTransactionOnDraw applyImmediately
03-02 00:57:31.933  1445  2902 W C2MtkBufferManager: [0xB4000070F507E520] fetchNewCcBlock: wait fence 0x0xb4000070f5058270 timed out. ret 110
03-02 00:57:31.935  1507  1507 I SurfaceFlinger: [LayerHierarchy{RequestedLayerState{com.zhiliaoapp.musically/com.ss.android.ugc.aweme.splash.SplashActivity$_14885#156366} no children}] reparent to OffscreenRoot
03-02 00:57:31.935  1507  1507 I SurfaceFlinger: [LayerHierarchy{RequestedLayerState{com.zhiliaoapp.musically/com.ss.android.ugc.aweme.splash.SplashActivity$_14885#156366} no children}] RelativeParent to null
03-02 00:57:31.938  1507  1507 I SurfaceFlinger: onHandleDestroyed: layerId=156366, name=com.zhiliaoapp.musically/com.ss.android.ugc.aweme.splash.SplashActivity$_14885#156366
03-02 00:57:31.938  1507  1507 I SurfaceFlinger: id=156366 Removed com.zhiliaoapp.musically/com.ss.android.ugc.aweme.splash.SplashActivity$_14885#156366 (322)
03-02 00:57:31.942  1507  1825 I SurfaceFlinger: Capture layer list: 	 com.podcast.app.debug/androidx.activity.ComponentActivity$_17121#156393(seamlessTransition:0)
03-02 00:57:31.946  1507  1507 I SurfaceFlinger: destroyed com.zhiliaoapp.musically/com.ss.android.ugc.aweme.splash.SplashActivity$_14885#156366
03-02 00:57:31.949  1507  1507 I Layer   : id=156366 Destroyed com.zhiliaoapp.musically/com.ss.android.ugc.aweme.splash.SplashActivity$_14885#156366
03-02 00:57:31.955  2013  2252 I WindowManager: Relayout Window{1158e07 u0 com.podcast.app.debug/androidx.activity.ComponentActivity}: viewVisibility=0 req=900x796 ty=2 d0
03-02 00:57:31.955  5235  5235 I InputMethodService: removeImeSurface
03-02 00:57:31.955  5235  5235 I InputMethodService: cancelImeSurfaceRemoval: removeCallbacks
03-02 00:57:31.955  1507  1907 I SurfaceFlinger: id=156405 createSurf, flag=44004, com.podcast.app.debug/androidx.activity.ComponentActivity$_17121#156405
03-02 00:57:31.957  2013  2252 I WindowManager: Relayout hash=1158e07, pid=17121, syncId=-1: mAttrs={(0,0)(wrapxwrap) gr=CENTER sim={adjust=pan} ty=APPLICATION fmt=TRANSPARENT wanim=0x1030318 surfaceInsets=Rect(90, 90 - 90, 90)
03-02 00:57:31.957  2013  2252 I WindowManager:   fl=1800002
03-02 00:57:31.957  2013  2252 I WindowManager:   pfl=40000800
03-02 00:57:31.957  2013  2252 I WindowManager:   bhv=1
03-02 00:57:31.957  2013  2252 I WindowManager:   fitTypes=207
03-02 00:57:31.957  2013  2252 I WindowManager:   frameRateBoostOnTouch=true
03-02 00:57:31.957  2013  2252 I WindowManager:   dvrrWindowFrameRateHint=true
03-02 00:57:31.957  2013  2252 I WindowManager:  dimAmount=0.6 naviIconColor=0}
03-02 00:57:31.958 17121 17121 I InsetsSourceConsumer: applyRequestedVisibilityToControl: visible=true, type=navigationBars, host=com.podcast.app.debug/androidx.activity.ComponentActivity
03-02 00:57:31.958 17121 17121 I InsetsSourceConsumer: applyRequestedVisibilityToControl: visible=true, type=statusBars, host=com.podcast.app.debug/androidx.activity.ComponentActivity
03-02 00:57:31.959 17121 17121 D BufferQueueConsumer: [](id:42e100000019,api:0,p:-1,c:17121) connect: controlledByApp=false
03-02 00:57:31.959 17121 17121 I BLASTBufferQueue: [VRI[ComponentActivity]@4b02f15#25](f:0,a:0,s:0) constructor()
03-02 00:57:31.959 17121 17121 I BLASTBufferQueue_Java: new BLASTBufferQueue, mName= VRI[ComponentActivity]@4b02f15 mNativeObject= 0xb400007867d5b400 caller= android.view.ViewRootImpl.updateBlastSurfaceIfNeeded:3585 android.view.ViewRootImpl.relayoutWindow:11685 android.view.ViewRootImpl.performTraversals:4804 android.view.ViewRootImpl.doTraversal:3924 android.view.ViewRootImpl$TraversalRunnable.run:12903 android.view.Choreographer$CallbackRecord.run:1901 android.view.Choreographer$CallbackRecord.run:1910 android.view.Choreographer.doCallbacks:1367 android.view.Choreographer.doFrame:1292 android.view.Choreographer$FrameDisplayEventReceiver.run:1870
03-02 00:57:31.959 17121 17121 I BLASTBufferQueue_Java: update, w= 1080 h= 976 mName = VRI[ComponentActivity]@4b02f15 mNativeObject= 0xb400007867d5b400 sc.mNativeObject= 0xb40000772b576940 format= -2 caller= android.view.ViewRootImpl.updateBlastSurfaceIfNeeded:3590 android.view.ViewRootImpl.relayoutWindow:11685 android.view.ViewRootImpl.performTraversals:4804 android.view.ViewRootImpl.doTraversal:3924 android.view.ViewRootImpl$TraversalRunnable.run:12903 android.view.Choreographer$CallbackRecord.run:1901
03-02 00:57:31.959 17121 17121 I BLASTBufferQueue: [VRI[ComponentActivity]@4b02f15#25](f:0,a:0,s:0) update width=1080 height=976 format=-2 mTransformHint=0
03-02 00:57:31.960 17121 17121 I VRI[ComponentActivity]@4b02f15: Relayout returned: old=(0,80,1080,2298) new=(90,791,990,1587) relayoutAsync=false req=(900,796)0 dur=5 res=0x3 s={true 0xb400007867ddaa00} ch=true seqId=0
03-02 00:57:31.960 14885 17072 W System.err: FlagsHookHelper: skip hook flags method getInstanceHook
03-02 00:57:31.960 17121 17121 I VRI[ComponentActivity]@4b02f15: performConfigurationChange setNightDimText nightDimLevel=0
03-02 00:57:31.961 14885 18451 W System.err: FlagsHookHelper: skip hook flags method getInstanceHook
03-02 00:57:31.961 17121 17121 D VRI[ComponentActivity]@4b02f15: mThreadedRenderer.initialize() mSurface={isValid=true 0xb400007867ddaa00} hwInitialized=true
03-02 00:57:31.968  1507  1507 I SurfaceFlinger: [com.podcast.app.debug/androidx.activity.ComponentActivity$_17121#156405] attach to parent LayerHierarchy{RequestedLayerState{1158e07 com.podcast.app.debug/androidx.activity.ComponentActivity#156402 parentId=156387 z=1} 2 children}
03-02 00:57:31.970 17121 17121 D VRI[ComponentActivity]@4b02f15: reportNextDraw android.view.ViewRootImpl.performTraversals:5443 android.view.ViewRootImpl.doTraversal:3924 android.view.ViewRootImpl$TraversalRunnable.run:12903 android.view.Choreographer$CallbackRecord.run:1901 android.view.Choreographer$CallbackRecord.run:1910
03-02 00:57:31.970 17121 17121 D VRI[ComponentActivity]@4b02f15: Setup new sync=wmsSync-VRI[ComponentActivity]@4b02f15#50
03-02 00:57:31.970 17121 17121 I VRI[ComponentActivity]@4b02f15: Creating new active sync group VRI[ComponentActivity]@4b02f15#51
03-02 00:57:31.970 17121 17121 D VRI[ComponentActivity]@4b02f15: registerCallbacksForSync syncBuffer=false
03-02 00:57:31.974 14885 15878 W NaviWarn: StackPtr is not 8-byte aligned.
03-02 00:57:31.975 17121 17415 D VRI[ComponentActivity]@4b02f15: Received frameDrawingCallback syncResult=0 frameNum=1.
03-02 00:57:31.976 17121 17415 I VRI[ComponentActivity]@4b02f15: mWNT: t=0xb400007867d4a380 mBlastBufferQueue=0xb400007867d5b400 fn= 1 HdrRenderState mRenderHdrSdrRatio=1.0 caller= android.view.ViewRootImpl$12.onFrameDraw:15441 android.view.ThreadedRenderer$1.onFrameDraw:718 <bottom of call stack>
03-02 00:57:31.976 17121 17415 I VRI[ComponentActivity]@4b02f15: Setting up sync and frameCommitCallback
03-02 00:57:31.978 17121 17389 I BLASTBufferQueue: [VRI[ComponentActivity]@4b02f15#25](f:0,a:0,s:0) onFrameAvailable the first frame is available
03-02 00:57:31.979 17121 17389 I BLASTBufferQueue: [VRI[ComponentActivity]@4b02f15#25](f:0,a:1,s:0) acquireNextBufferLocked size=1080x976 mFrameNumber=1 applyTransaction=true mTimestamp=491130979518426(auto) mPendingTransactions.size=0 graphicBufferId=73534135074920 transform=0
03-02 00:57:31.979 17121 17389 I VRI[ComponentActivity]@4b02f15: Received frameCommittedCallback lastAttemptedDrawFrameNum=1 didProduceBuffer=true
03-02 00:57:31.979 17121 17389 D HWUI    : CFMS:: SetUp Pid : 17121    Tid : 17389
03-02 00:57:31.979 17121 17121 D VRI[ComponentActivity]@4b02f15: reportDrawFinished seqId=0
03-02 00:57:31.980 17121 17389 D HWUI    : HWUI - treat SMPTE_170M as sRGB
03-02 00:57:31.981 14885 15878 W NaviWarn: StackPtr is not 8-byte aligned.
03-02 00:57:31.984 17121 17121 I BLASTBufferQueue_Java: update, w= 1080 h= 976 mName = VRI[ComponentActivity]@4b02f15 mNativeObject= 0xb400007867d5b400 sc.mNativeObject= 0xb40000772b576940 format= -2 caller= android.view.ViewRootImpl.updateBlastSurfaceIfNeeded:3574 android.view.ViewRootImpl.relayoutWindow:11685 android.view.ViewRootImpl.performTraversals:4804 android.view.ViewRootImpl.doTraversal:3924 android.view.ViewRootImpl$TraversalRunnable.run:12903 android.view.Choreographer$CallbackRecord.run:1901
03-02 00:57:31.984 17121 17121 I VRI[ComponentActivity]@4b02f15: Relayout returned: old=(90,791,990,1587) new=(90,791,990,1587) relayoutAsync=true req=(900,796)0 dur=0 res=0x0 s={true 0xb400007867ddaa00} ch=false seqId=0
03-02 00:57:31.985  1507  1845 D SurfaceFlinger: [input] setFocusedWindow: 1158e07 com.podcast.app.debug/androidx.activity.ComponentActivity
03-02 00:57:31.985  1507  1845 D SurfaceFlinger: updateWinowInfo=1, setFocusedWindow timestamp=491130958570734, windowName=1158e07 com.podcast.app.debug/androidx.activity.ComponentActivity
03-02 00:57:31.986  2013  2834 D InputDispatcher: Once focus requested (0): 1158e07 com.podcast.app.debug/androidx.activity.ComponentActivity
03-02 00:57:31.986  2013  2834 D InputDispatcher: Focus request (0): 1158e07 com.podcast.app.debug/androidx.activity.ComponentActivity but waiting because NO_WINDOW
03-02 00:57:31.986  2013  2834 D InputDispatcher: Focus left window (0): 67c9bdc com.podcast.app.debug/androidx.activity.ComponentActivity
03-02 00:57:31.988  1507  1562 I SurfaceFlinger: id=156406 createSurf, flag=24004, Surface(name=1158e07 com.podcast.app.debug/androidx.activity.ComponentActivity)/@0x14e0b15 - animation-leash of window_animation#156406
03-02 00:57:31.990 17121 17121 I VRI[ComponentActivity]@4b02f15: registerCallbackForPendingTransactions
03-02 00:57:31.990  1507  1507 I SurfaceFlinger: [Surface(name=1158e07 com.podcast.app.debug/androidx.activity.ComponentActivity)/@0x14e0b15 - animation-leash of window_animation#156406] attach to parent LayerHierarchy{RequestedLayerState{ActivityRecord{100054639 u0 com.podcast.app.debug/androidx.activity.ComponentActivity t44886}#156387 parentId=156386} 5 children}
03-02 00:57:31.990  1507  1907 I SurfaceFlinger: onHandleDestroyed: layerId=156394, name=Surface(name=c536234 NavigationBar0)/@0xfac847b - animation-leash of insets_animation#156394
03-02 00:57:31.990  1507  1907 I SurfaceFlinger: id=156394 Removed Surface(name=c536234 NavigationBar0)/@0xfac847b - animation-leash of insets_animation#156394 (323)
03-02 00:57:31.990  1507  1562 I SurfaceFlinger: onHandleDestroyed: layerId=156395, name=Surface(name=a5d3a68 StatusBar)/@0xd5726d6 - animation-leash of insets_animation#156395
03-02 00:57:31.990  1507  1562 I SurfaceFlinger: id=156395 Removed Surface(name=a5d3a68 StatusBar)/@0xd5726d6 - animation-leash of insets_animation#156395 (323)
03-02 00:57:31.991  2013  2252 I WindowManager: Relayout Window{1158e07 u0 com.podcast.app.debug/androidx.activity.ComponentActivity}: viewVisibility=0 req=900x796 ty=2 d0
03-02 00:57:31.991 17121 17121 I ImeFocusController: onPreWindowFocus: skipped hasWindowFocus=false mHasImeFocus=true
03-02 00:57:31.991 17121 17414 I VRI[ComponentActivity]@4b02f15: mWNT: t=0xb400007867d4a800 mBlastBufferQueue=0xb400007867d5b400 fn= 2 HdrRenderState mRenderHdrSdrRatio=1.0 caller= android.view.ViewRootImpl$10.onFrameDraw:6536 android.view.ViewRootImpl$4.onFrameDraw:2489 android.view.ThreadedRenderer$1.onFrameDraw:718
03-02 00:57:31.992 17121 17121 I ImeFocusController: onPostWindowFocus: skipped hasWindowFocus=false mHasImeFocus=true
03-02 00:57:31.994  2013  2252 I WindowManager: Relayout hash=1158e07, pid=0, syncId=-1: mAttrs={(0,0)(wrapxwrap) gr=CENTER sim={adjust=pan} ty=APPLICATION fmt=TRANSPARENT wanim=0x1030318 surfaceInsets=Rect(90, 90 - 90, 90)
03-02 00:57:31.994  2013  2252 I WindowManager:   fl=1800002
03-02 00:57:31.994  2013  2252 I WindowManager:   pfl=40000800
03-02 00:57:31.994  2013  2252 I WindowManager:   bhv=1
03-02 00:57:31.994  2013  2252 I WindowManager:   fitTypes=207
03-02 00:57:31.994  2013  2252 I WindowManager:   frameRateBoostOnTouch=true
03-02 00:57:31.994  2013  2252 I WindowManager:   dvrrWindowFrameRateHint=true
03-02 00:57:31.994  2013  2252 I WindowManager:  dimAmount=0.6 naviIconColor=0}
03-02 00:57:31.996  1507  2393 I SurfaceFlinger: id=156407 createSurf, flag=20004, Dim Layer for - Task=44886#156407
03-02 00:57:31.998  2013  2065 D PkgPredictorService-SecIpmManagerServiceImpl: bg information pid:14885 uid:10350 pkgName:com.zhiliaoapp.musically
03-02 00:57:31.999 14885 14885 D BBA2    : setIsFg isFg = false; delayValue 3999ms
03-02 00:57:32.001  1507  1507 E SurfaceFlinger: alpha changed 1.000 -> 0.000 - Surface(name=1158e07 com.podcast.app.debug/androidx.activity.ComponentActivity)/@0x14e0b15 - animation-leash of window_animation#156406
03-02 00:57:32.001  1507  1507 I SurfaceFlinger: [Display 0 name="Built-in Screen"#49] setFrameRateCategory: High
03-02 00:57:32.001  1507  1507 I SurfaceFlinger: RequestedLayer [Surface(name=1158e07 com.podcast.app[...]ion-leash of window_animation#156406] hidden!! flag  from(1) --> to(0)
03-02 00:57:32.001  1507  1507 E SurfaceFlinger: alpha changed 0.000 -> 0.000 - Surface(name=1158e07 com.podcast.app.debug/androidx.activity.ComponentActivity)/@0x14e0b15 - animation-leash of window_animation#156406
03-02 00:57:32.001  1507  1507 I SurfaceFlinger: RequestedLayer [com.podcast.app.debug/androidx.activity.ComponentActivity$_17121#156405] hidden!! flag  from(1) --> to(0)
03-02 00:57:32.001  1507  1507 I SurfaceFlinger: RequestedLayer [Dim Layer for - Task=44886#156407] hidden!! flag  from(1) --> to(0)
03-02 00:57:32.001  1507  1507 E SurfaceFlinger: alpha changed 1.000 -> 0.000 - Dim Layer for - Task=44886#156407
03-02 00:57:32.001  1507  1507 I SurfaceFlinger: destroyed Surface(name=c536234 NavigationBar0)/@0xfac847b - animation-leash of insets_animation#156394
03-02 00:57:32.001  1507  1507 I SurfaceFlinger: destroyed Surface(name=a5d3a68 StatusBar)/@0xd5726d6 - animation-leash of insets_animation#156395
03-02 00:57:32.001  1507  1507 I SurfaceFlinger: [Dim Layer for - Task=44886#156407] attach to parent LayerHierarchy{RequestedLayerState{Task=44886#156386 parentId=10 z=41} 2 children}
03-02 00:57:32.001  1507  1507 I SurfaceFlinger: [LayerHierarchy{RequestedLayerState{1158e07 com.podcast.app.debug/androidx.activity.ComponentActivity#156402 parentId=156406 z=1} 3 children}] reparent to LayerHierarchy{RequestedLayerState{Surface(name=1158e07 com.podcast.app.debug/androidx.activity.ComponentActivity)/@0x14e0b15 - animation-leash of window_animation#156406 parentId=156387 z=1} 1 children}
03-02 00:57:32.005  1507  1507 I Layer   : id=156394 Destroyed Surface(name=c536234 NavigationBar0)/@0xfac847b - animation-leash of insets_animation#156394
03-02 00:57:32.005  1507  1507 I Layer   : id=156395 Destroyed Surface(name=a5d3a68 StatusBar)/@0xd5726d6 - animation-leash of insets_animation#156395
03-02 00:57:32.006  1445  2902 W C2MtkBufferManager: [0xB4000070F507E520] fetchNewCcBlock: wait fence 0x0xb4000070f5058270 timed out. ret 110
03-02 00:57:32.012  1507  1507 E SurfaceFlinger: alpha changed 0.000 -> 0.029 - Surface(name=1158e07 com.podcast.app.debug/androidx.activity.ComponentActivity)/@0x14e0b15 - animation-leash of window_animation#156406
03-02 00:57:32.019  1507  1507 D SurfaceFlinger: Display 4627039422300187648 HWC layers:
03-02 00:57:32.019  1507  1507 D SurfaceFlinger:        DEVICE |           73534135074916 | 00002102 | RGBA_8888    |    0.0    0.0 1080.0 2340.0 |    0    0 1080 2340 | com.podcast.app.debug/androidx.activity.ComponentActivity$_17121#156393 (2)
03-02 00:57:32.019  1507  1507 D SurfaceFlinger:        DEVICE |           73534135074919 | 00002100 | RGBA_8888    |    0.0    0.0 1080.0  976.0 |    0  756 1080 1732 | com.podcast.app.debug/androidx.activity.ComponentActivity$_17121#156405 (2)
03-02 00:57:32.019  1507  1507 D SurfaceFlinger:        DEVICE |           11793980281878 | 00002100 | RGBA_8888    |    0.0    0.0 1080.0   80.0 |    0    0 1080   80 | StatusBar$_2746#117 (211114)
03-02 00:57:32.019  1507  1507 D SurfaceFlinger:        DEVICE |           13752485304097 | 00002100 | RGBA_8888    |    0.0    0.0   67.0  346.0 | 1013  454 1080  800 | com.sec.android.app.launcher/com.sam[...].app.CocktailBarService$_3202#152779 (1)
03-02 00:57:32.019  1507  1507 D SurfaceFlinger:        DEVICE |           11793980283646 | 00002100 | RGBA_8888    |    0.0    0.0  229.0  724.0 |  851  551 1080 1275 | VolumePanelWindow$_2746#156390 (56)
03-02 00:57:32.019  1507  1507 D SurfaceFlinger:        DEVICE |           11793980281853 | 00002100 | RGBA_8888    |    0.0
03-02 00:57:32.019  1507  1507 D SurfaceFlinger: 0.0 1080.0  135.0 |    0 2205 1080 2340 | NavigationBar0$_2746#113 (188021)
03-02 00:57:32.019  1507  1507 D SurfaceFlinger:
03-02 00:57:32.020  2013  2252 D InputDispatcher: Focus entered window (0): 1158e07 com.podcast.app.debug/androidx.activity.ComponentActivity
03-02 00:57:32.023  1507  1507 E SurfaceFlinger: alpha changed 0.000 -> 0.033 - Dim Layer for - Task=44886#156407
03-02 00:57:32.027 17121 17121 D VRI[ComponentActivity]@4b02f15: mThreadedRenderer.initializeIfNeeded()#2 mSurface={isValid=true 0xb400007867ddaa00}
03-02 00:57:32.027 17121 17121 D InputMethodManagerUtils: startInputInner - Id : 0
03-02 00:57:32.027 17121 17121 I InputMethodManager: startInputInner - IInputMethodManagerGlobalInvoker.startInputOrWindowGainedFocus
03-02 00:57:32.029  2013  2322 I ImeTracker: com.podcast.app.debug:5a7270d2: onRequestHide at ORIGIN_SERVER reason HIDE_UNSPECIFIED_WINDOW fromUser false
03-02 00:57:32.029 17121 17121 I InputMethodManager: handleMessage: setImeVisibility visible=false
03-02 00:57:32.029 17121 17121 D InsetsController: hide(ime(), fromIme=false)
03-02 00:57:32.029 17121 17121 I ImeTracker: com.podcast.app.debug:5a7270d2: onCancelled at PHASE_CLIENT_ALREADY_HIDDEN
03-02 00:57:32.029  1507  1507 D SurfaceFlinger: Display 4627039422300187648 HWC layers:
03-02 00:57:32.029  1507  1507 D SurfaceFlinger:        DEVICE |           73534135074916 | 00002102 | RGBA_8888    |    0.0    0.0 1080.0 2340.0 |    0    0 1080 2340 | com.podcast.app.debug/androidx.activity.ComponentActivity$_17121#156393 (2)
03-02 00:57:32.029  1507  1507 D SurfaceFlinger:   SOLID_COLOR |                        0 | 00000000 | N/A          |    0.0    0.0    0.0    0.0 |    0    0 1080 2340 | Dim Layer for - Task=44886#156407 (0)
03-02 00:57:32.029  1507  1507 D SurfaceFlinger:        DEVICE |           73534135074919 | 00002100 | RGBA_8888    |    0.0    0.0 1080.0  976.0 |    0  747 1080 1723 | com.podcast.app.debug/androidx.activity.ComponentActivity$_17121#156405 (2)
03-02 00:57:32.029  1507  1507 D SurfaceFlinger:        DEVICE |           11793980281878 | 00002100 | RGBA_8888    |    0.0    0.0 1080.0   80.0 |    0    0 1080   80 | StatusBar$_2746#117 (211114)
03-02 00:57:32.029  1507  1507 D SurfaceFlinger:        DEVICE |           13752485304097 | 00002100 | RGBA_8888    |    0.0    0.0   67.0  346.0 | 1013  454 1080  800 | com.sec.android.app.launcher/com.sam[...].app.CocktailBarService$_3202#152779 (1)
03-02 00:57:32.029  1507  1507 D SurfaceFlinger:        DEVICE |           11793980283646 | 00002100 | RGBA_8888    |    0.0
03-02 00:57:32.030  1507  1507 D SurfaceFlinger:   0.0  229.0  724.0 |  851  551 1080 1275 | VolumePanelWindow$_2746#156390 (56)
03-02 00:57:32.030  1507  1507 D SurfaceFlinger:        DEVICE |           11793980281853 | 00002100 | RGBA_8888    |    0.0    0.0 1080.0  135.0 |    0 2205 1080 2340 | NavigationBar0$_2746#113 (188021)
03-02 00:57:32.030  1507  1507 D SurfaceFlinger:
03-02 00:57:32.031  2013  2322 D InputTransport: Input channel constructed: 'ClientS', fd=1083
03-02 00:57:32.032  2013  2322 D InputTransport: Input channel destroyed: 'ClientS', fd=1083
03-02 00:57:32.032 17121 17900 D InputTransport: Input channel constructed: 'ClientS', fd=196
03-02 00:57:32.032  2013  2067 I ChimeraSystemEventListener: appLaunchIntent package name is: com.podcast.app.debug.test
03-02 00:57:32.034  5235  5235 I HBD     : HoneyBoardService onFinishInput
03-02 00:57:32.034  2013  3441 I SemDvfsHyPerManager: acquire hyper - AMS_APP_SWITCH/2013@20, type = -999
03-02 00:57:32.034  5235  5235 I HBD     : a IC have been unbinding,  RemoteInputConnection{idHash=#50f12a3}
03-02 00:57:32.034  5235  5235 I HBD     : HoneyBoardService [PF_CL][onFinishInput]  0 ms
03-02 00:57:32.034  5235  5235 I HBD     : HoneyBoardService [IMI] onStartInput - caller pid : 17121 , caller uid : 10685
03-02 00:57:32.034  5235  5235 I HBD     : k updateConfigs
03-02 00:57:32.034  5235  5235 I HBD     : k isEnabledNightMode : true
03-02 00:57:32.035  5235  5235 I HBD     : a IC have been binding, RemoteInputConnection{idHash=#50f12a3}
03-02 00:57:32.035  5235  5235 I HBD     : h [EditorInputType]setPrivateImeOptionsToTable privateImeOptions ( null )
03-02 00:57:32.035  1450  1487 I HYPER-HAL: [RequestManager.cpp]acquire(): Acquired ID : 2067581  [2013 / 20]    HINT : AMS_ACT_SWITCH    list :
03-02 00:57:32.035  5235  5235 I HBD     : b incognitoMode : false
03-02 00:57:32.035  5235  5235 I HBD     : c needOff = true , isForceOff = false, isNullInputClass : true
03-02 00:57:32.035  5235  5235 I HBD     : h getDefaultInputRange : UNKNOWN
03-02 00:57:32.035  5235  5235 I HBD     : h getDefaultInputRange : UNKNOWN
03-02 00:57:32.035  5235  5235 I HBD     : h getDefaultInputRange : UNKNOWN
03-02 00:57:32.035  1450  1487 I mtkpower_client: perf_lock_rel, hdl:76662, pid: 1450, tid:1487
03-02 00:57:32.035  1464  1492 I mtkpower@impl: [setMode] type:5, enabled:1
03-02 00:57:32.035  5235  5235 I HBD     : c needOff = true , isForceOff = false, isNullInputClass : true
03-02 00:57:32.035  5235  5235 I HBD     : c update cached prediction status : false
