03-02 00:57:12.390 14885 14885 D VRI[SplashActivity]@35f4eb8: Not drawing due to not visible. Reason=!mAppVisible && !mForceDecorViewVisibility
03-02 00:57:12.390 14885 14885 D VRI[SplashActivity]@35f4eb8: Pending transaction will not be applied in sync with a draw due to view not visible
03-02 00:57:12.391 14885 14885 I VRI[SplashActivity]@35f4eb8: mWNT: t=0x769ac0ba00 mBlastBufferQueue=0xnull fn= 0 HdrRenderState mRenderHdrSdrRatio=1.0 caller= android.view.ViewRootImpl.handleSyncRequestWhenNoAsyncDraw:6733 android.view.ViewRootImpl.performTraversals:5504 android.view.ViewRootImpl.doTraversal:3924
03-02 00:57:12.392  1507  1507 I SurfaceFlinger: [LayerHierarchy{RequestedLayerState{68eb87 SurfaceView[com.zhiliaoapp.musically/com.ss.android.ugc.aweme.splash.SplashActivity]@0(BLAST)#155741} no children}] reparent to OffscreenRoot
03-02 00:57:12.392  1507  1507 I SurfaceFlinger: [LayerHierarchy{RequestedLayerState{68eb87 SurfaceView[com.zhiliaoapp.musically/com.ss.android.ugc.aweme.splash.SplashActivity]@0(BLAST)#155741} no children}] RelativeParent to null
03-02 00:57:12.392  1507  1507 I SurfaceFlinger: [LayerHierarchy{RequestedLayerState{68eb87 SurfaceView[com.zhiliaoapp.musically/com.ss.android.ugc.aweme.splash.SplashActivity]@0#155740 z=-2} 1 children}] reparent to OffscreenRoot
03-02 00:57:12.392  1507  1507 I SurfaceFlinger: [LayerHierarchy{RequestedLayerState{68eb87 SurfaceView[com.zhiliaoapp.musically/com.ss.android.ugc.aweme.splash.SplashActivity]@0#155740 z=-2} 1 children}] RelativeParent to null
03-02 00:57:12.392  1507  1507 I SurfaceFlinger: [LayerHierarchy{RequestedLayerState{Bounds for - com.zhiliaoapp.musically/com.ss.android.ugc.aweme.splash.SplashActivity@11#155739} 2 children}] reparent to OffscreenRoot
03-02 00:57:12.392  1507  1507 I SurfaceFlinger: [LayerHierarchy{RequestedLayerState{Bounds for - com.zhiliaoapp.musically/com.ss.android.ugc.aweme.splash.SplashActivity@11#155739} 2 children}] RelativeParent to null
03-02 00:57:12.392  1507  1507 I SurfaceFlinger: [LayerHierarchy{RequestedLayerState{Background for 7086fb SurfaceView[com.zhiliaoapp.musically/com.ss.android.ugc.aweme.splash.SplashActivity]@0#155752 z=-2147483648} no children}] reparent to OffscreenRoot
03-02 00:57:12.392  1507  1507 I SurfaceFlinger: [LayerHierarchy{RequestedLayerState{Background for 7086fb SurfaceView[com.zhiliaoapp.musically/com.ss.android.ugc.aweme.splash.SplashActivity]@0#155752 z=-2147483648} no children}] RelativeParent to null
03-02 00:57:12.392  1507  1507 I SurfaceFlinger: [LayerHierarchy{RequestedLayerState{7086fb SurfaceView[com.zhiliaoapp.musically/com.ss.android.ugc.aweme.splash.SplashActivity]@0(BLAST)#155751} no children}] reparent to OffscreenRoot
03-02 00:57:12.392  1507  1507 I SurfaceFlinger: [LayerHierarchy{RequestedLayerState{7086fb SurfaceView[com.zhiliaoapp.musically/com.ss.android.ugc.aweme.splash.SplashActivity]@0(BLAST)#155751} no children}] RelativeParent to null
03-02 00:57:12.392  1507  1507 I SurfaceFlinger: [LayerHierarchy{RequestedLayerState{7086fb SurfaceView[com.zhiliaoapp.musically/com.ss.android.ugc.aweme.splash.SplashActivity]@0#155750 z=-2} no children}] reparent to OffscreenRoot
03-02 00:57:12.392  1507  1507 I SurfaceFlinger: [LayerHierarchy{RequestedLayerState{7086fb SurfaceView[com.zhiliaoapp.musically/com.ss.android.ugc.aweme.splash.SplashActivity]@0#155750 z=-2} no children}] RelativeParent to null
03-02 00:57:12.392  1507  1507 I SurfaceFlinger: [LayerHierarchy{RequestedLayerState{Background for 68eb87 SurfaceView[com.zhiliaoapp.musically/com.ss.android.ugc.aweme.splash.SplashActivity]@0#155742 z=-2147483648} no children}] reparent to OffscreenRoot
03-02 00:57:12.392  1507  1507 I SurfaceFlinger: [LayerHierarchy{RequestedLayerState{Background for 68eb87 SurfaceView[com.zhiliaoapp.musically/com.ss.android.ugc.aweme.splash.SplashActivity]@0#155742 z=-2147483648} no children}] RelativeParent to null
03-02 00:57:12.392  1507  1507 I SurfaceFlinger: [LayerHierarchy{RequestedLayerState{836459b SurfaceView[com.zhiliaoapp.musically/com.ss.android.ugc.aweme.splash.SplashActivity]@0(BLAST)#155747} no children}] reparent to OffscreenRoot
03-02 00:57:12.392  1507  1507 I SurfaceFlinger: [LayerHierarchy{RequestedLayerState{836459b SurfaceView[com.zhiliaoapp.musically/com.ss.android.ugc.aweme.splash.SplashActivity]@0(BLAST)#155747} no children}] RelativeParent to null
03-02 00:57:12.392  1507  1507 I SurfaceFlinger: [LayerHierarchy{RequestedLayerState{836459b SurfaceView[com.zhiliaoapp.musically/com.ss.android.ugc.aweme.splash.SplashActivity]@0#155746 z=-2} 1 children}] reparent to OffscreenRoot
03-02 00:57:12.392  1507  1507 I SurfaceFlinger: [LayerHierarchy{RequestedLayerState{836459b SurfaceView[com.zhiliaoapp.musically/com.ss.android.ugc.aweme.splash.SplashActivity]@0#155746 z=-2} 1 children}] RelativeParent to null
03-02 00:57:12.392  1507  1507 I SurfaceFlinger: [LayerHierarchy{RequestedLayerState{Background for 836459b SurfaceView[com.zhiliaoapp.musically/com.ss.android.ugc.aweme.splash.SplashActivity]@0#155748 z=-2147483648} no children}] reparent to OffscreenRoot
03-02 00:57:12.392  1507  1507 I SurfaceFlinger: [LayerHierarchy{RequestedLayerState{Background for 836459b SurfaceView[com.zhiliaoapp.musically/com.ss.android.ugc.aweme.splash.SplashActivity]@0#155748 z=-2147483648} no children}] RelativeParent to null
03-02 00:57:12.393  1507  1507 I SurfaceFlinger: onHandleDestroyed: layerId=155747, name=836459b SurfaceView[com.zhiliaoapp.musically/com.ss.android.ugc.aweme.splash.SplashActivity]@0(BLAST)#155747
03-02 00:57:12.393  1507  1507 I SurfaceFlinger: id=155747 Removed 836459b SurfaceView[com.zhiliaoapp.musically/com.ss.android.ugc.aweme.splash.SplashActivity]@0(BLAST)#155747 (329)
03-02 00:57:12.393  1507  1507 I SurfaceFlinger: onHandleDestroyed: layerId=155746, name=836459b SurfaceView[com.zhiliaoapp.musically/com.ss.android.ugc.aweme.splash.SplashActivity]@0#155746
03-02 00:57:12.393  1507  1507 I SurfaceFlinger: id=155746 Removed 836459b SurfaceView[com.zhiliaoapp.musically/com.ss.android.ugc.aweme.splash.SplashActivity]@0#155746 (329)
03-02 00:57:12.393  1507  1507 I SurfaceFlinger: onHandleDestroyed: layerId=155748, name=Background for 836459b SurfaceView[com.zhiliaoapp.musically/com.ss.android.ugc.aweme.splash.SplashActivity]@0#155748
03-02 00:57:12.393  1507  1507 I SurfaceFlinger: id=155748 Removed Background for 836459b SurfaceView[com.zhiliaoapp.musically/com.ss.android.ugc.aweme.splash.SplashActivity]@0#155748 (329)
03-02 00:57:12.393  1507  1507 I SurfaceFlinger: onHandleDestroyed: layerId=155751, name=7086fb SurfaceView[com.zhiliaoapp.musically/com.ss.android.ugc.aweme.splash.SplashActivity]@0(BLAST)#155751
03-02 00:57:12.393  1507  1507 I SurfaceFlinger: id=155751 Removed 7086fb SurfaceView[com.zhiliaoapp.musically/com.ss.android.ugc.aweme.splash.SplashActivity]@0(BLAST)#155751 (329)
03-02 00:57:12.393  1507  1507 I SurfaceFlinger: onHandleDestroyed: layerId=155750, name=7086fb SurfaceView[com.zhiliaoapp.musically/com.ss.android.ugc.aweme.splash.SplashActivity]@0#155750
03-02 00:57:12.393  1507  1507 I SurfaceFlinger: id=155750 Removed 7086fb SurfaceView[com.zhiliaoapp.musically/com.ss.android.ugc.aweme.splash.SplashActivity]@0#155750 (329)
03-02 00:57:12.393  1507  1507 I SurfaceFlinger: onHandleDestroyed: layerId=155752, name=Background for 7086fb SurfaceView[com.zhiliaoapp.musically/com.ss.android.ugc.aweme.splash.SplashActivity]@0#155752
03-02 00:57:12.393  1507  1507 I SurfaceFlinger: id=155752 Removed Background for 7086fb SurfaceView[com.zhiliaoapp.musically/com.ss.android.ugc.aweme.splash.SplashActivity]@0#155752 (329)
03-02 00:57:12.393  1507  1507 I SurfaceFlinger: onHandleDestroyed: layerId=155741, name=68eb87 SurfaceView[com.zhiliaoapp.musically/com.ss.android.ugc.aweme.splash.SplashActivity]@0(BLAST)#155741
03-02 00:57:12.393  1507  1507 I SurfaceFlinger: id=155741 Removed 68eb87 SurfaceView[com.zhiliaoapp.musically/com.ss.android.ugc.aweme.splash.SplashActivity]@0(BLAST)#155741 (329)
03-02 00:57:12.393  1507  1507 I SurfaceFlinger: onHandleDestroyed: layerId=155740, name=68eb87 SurfaceView[com.zhiliaoapp.musically/com.ss.android.ugc.aweme.splash.SplashActivity]@0#155740
03-02 00:57:12.393  1507  1507 I SurfaceFlinger: id=155740 Removed 68eb87 SurfaceView[com.zhiliaoapp.musically/com.ss.android.ugc.aweme.splash.SplashActivity]@0#155740 (329)
03-02 00:57:12.393  1507  1507 I SurfaceFlinger: onHandleDestroyed: layerId=155742, name=Background for 68eb87 SurfaceView[com.zhiliaoapp.musically/com.ss.android.ugc.aweme.splash.SplashActivity]@0#155742
03-02 00:57:12.393  1507  1507 I SurfaceFlinger: id=155742 Removed Background for 68eb87 SurfaceView[com.zhiliaoapp.musically/com.ss.android.ugc.aweme.splash.SplashActivity]@0#155742 (329)
03-02 00:57:12.394  1507  1507 I SurfaceFlinger: onHandleDestroyed: layerId=155739, name=Bounds for - com.zhiliaoapp.musically/com.ss.android.ugc.aweme.splash.SplashActivity@11#155739
03-02 00:57:12.394  1507  1507 I SurfaceFlinger: id=155739 Removed Bounds for - com.zhiliaoapp.musically/com.ss.android.ugc.aweme.splash.SplashActivity@11#155739 (329)
03-02 00:57:12.395 14885 15423 D HWUI    : CacheManager::trimMemory(20)
03-02 00:57:12.395  1507  1825 I SurfaceFlinger: Capture layer list: 	 com.podcast.app.debug/androidx.activity.ComponentActivity$_17121#155764(seamlessTransition:0)
03-02 00:57:12.397 14885 14885 I VRI[SplashActivity]@35f4eb8: stopped(true) old = false
03-02 00:57:12.397 14885 14885 D VRI[SplashActivity]@35f4eb8: WindowStopped on com.zhiliaoapp.musically/com.ss.android.ugc.aweme.splash.SplashActivity set to true
03-02 00:57:12.398 14885 15423 D HWUI    : CacheManager::trimMemory(20)
03-02 00:57:12.400 14885 14885 I System.out: SAFActivity: com.ss.android.ugc.aweme.main.MainActivity@c20428f,  onStop Start
03-02 00:57:12.402  2991  3004 I LocationAccessPolicy: checkLocationPermission - callingUid: 10492, callingPid: 14636, result: DENIED_SOFT
03-02 00:57:12.402  2991  3004 I LocationAccessPolicy: checkLocationPermission - callingUid: 10492, callingPid: 14636, result: DENIED_SOFT
03-02 00:57:12.403  1507  1507 I SurfaceFlinger: destroyed 68eb87 SurfaceView[com.zhiliaoapp.musically/com.ss.android.ugc.aweme.splash.SplashActivity]@0(BLAST)#155741
03-02 00:57:12.403  1507  1507 I SurfaceFlinger: destroyed Background for 836459b SurfaceView[com.zhiliaoapp.musically/com.ss.android.ugc.aweme.splash.SplashActivity]@0#155748
03-02 00:57:12.404  1507  1507 I SurfaceFlinger: destroyed 68eb87 SurfaceView[com.zhiliaoapp.musically/com.ss.android.ugc.aweme.splash.SplashActivity]@0#155740
03-02 00:57:12.404  1507  1507 I SurfaceFlinger: destroyed 836459b SurfaceView[com.zhiliaoapp.musically/com.ss.android.ugc.aweme.splash.SplashActivity]@0#155746
03-02 00:57:12.404  1507  1507 I SurfaceFlinger: destroyed Bounds for - com.zhiliaoapp.musically/com.ss.android.ugc.aweme.splash.SplashActivity@11#155739
03-02 00:57:12.404  1507  1507 I SurfaceFlinger: destroyed Background for 7086fb SurfaceView[com.zhiliaoapp.musically/com.ss.android.ugc.aweme.splash.SplashActivity]@0#155752
03-02 00:57:12.404  1507  1507 I SurfaceFlinger: destroyed 7086fb SurfaceView[com.zhiliaoapp.musically/com.ss.android.ugc.aweme.splash.SplashActivity]@0(BLAST)#155751
03-02 00:57:12.404  1507  1507 I SurfaceFlinger: destroyed 7086fb SurfaceView[com.zhiliaoapp.musically/com.ss.android.ugc.aweme.splash.SplashActivity]@0#155750
03-02 00:57:12.404  1507  1507 I SurfaceFlinger: destroyed 836459b SurfaceView[com.zhiliaoapp.musically/com.ss.android.ugc.aweme.splash.SplashActivity]@0(BLAST)#155747
03-02 00:57:12.404  1507  1507 I SurfaceFlinger: destroyed Background for 68eb87 SurfaceView[com.zhiliaoapp.musically/com.ss.android.ugc.aweme.splash.SplashActivity]@0#155742
03-02 00:57:12.407  1507  1507 I Layer   : id=155739 Destroyed Bounds for - com.zhiliaoapp.musically/com.ss.android.ugc.aweme.splash.SplashActivity@11#155739
03-02 00:57:12.407  1507  1507 I Layer   : id=155742 Destroyed Background for 68eb87 SurfaceView[com.zhiliaoapp.musically/com.ss.android.ugc.aweme.splash.SplashActivity]@0#155742
03-02 00:57:12.407  1507  1507 I Layer   : id=155740 Destroyed 68eb87 SurfaceView[com.zhiliaoapp.musically/com.ss.android.ugc.aweme.splash.SplashActivity]@0#155740
03-02 00:57:12.407  1507  1507 I Layer   : id=155741 Destroyed 68eb87 SurfaceView[com.zhiliaoapp.musically/com.ss.android.ugc.aweme.splash.SplashActivity]@0(BLAST)#155741
03-02 00:57:12.407  1507  1507 I Layer   : id=155752 Destroyed Background for 7086fb SurfaceView[com.zhiliaoapp.musically/com.ss.android.ugc.aweme.splash.SplashActivity]@0#155752
03-02 00:57:12.407  1507  1507 I Layer   : id=155750 Destroyed 7086fb SurfaceView[com.zhiliaoapp.musically/com.ss.android.ugc.aweme.splash.SplashActivity]@0#155750
03-02 00:57:12.407  1507  1507 I Layer   : id=155751 Destroyed 7086fb SurfaceView[com.zhiliaoapp.musically/com.ss.android.ugc.aweme.splash.SplashActivity]@0(BLAST)#155751
03-02 00:57:12.408  1507  1507 I Layer   : id=155748 Destroyed Background for 836459b SurfaceView[com.zhiliaoapp.musically/com.ss.android.ugc.aweme.splash.SplashActivity]@0#155748
03-02 00:57:12.408  1507  1507 I Layer   : id=155746 Destroyed 836459b SurfaceView[com.zhiliaoapp.musically/com.ss.android.ugc.aweme.splash.SplashActivity]@0#155746
03-02 00:57:12.408  1507  1507 I Layer   : id=155747 Destroyed 836459b SurfaceView[com.zhiliaoapp.musically/com.ss.android.ugc.aweme.splash.SplashActivity]@0(BLAST)#155747
03-02 00:57:12.408  1446  1446 I SensorsHub: queueActivate: handle 5 enable 0
03-02 00:57:12.408  1446  1446 I SensorsHub: type : 5, enable : 0
03-02 00:57:12.409  1445 16865 W C2MtkBufferManager: [0xB4000070F68A9420] fetchNewCcBlock: wait fence 0x0xb4000070f692fea0 timed out. ret 110
03-02 00:57:12.411 14885 16208 D SensorManager: unregisterListener
03-02 00:57:12.413  2013  3566 I MediaFocusControl: abandonAudioFocus() from uid/pid 10350/14885 clientId=android.media.AudioManager@b7fcc9dX.143s@4302512 callingPack=com.zhiliaoapp.musically
03-02 00:57:12.413  2013  3566 D AS.AudioService: [Android Auto] isConnectedAndroidAuto = false
03-02 00:57:12.414  2013  3566 D MediaFocusControl: selectFocusStack, uid = 10350, appDevice = 0, device = 2
03-02 00:57:12.414  2013  3566 I MediaFocusControl: removeFocusStackEntry client:android.media.AudioManager@b7fcc9dX.143s@4302512
03-02 00:57:12.421 14885 17072 W System.err: FlagsHookHelper: skip hook flags method getInstanceHook
03-02 00:57:12.428 14885 15878 W NaviWarn: StackPtr is not 8-byte aligned.
03-02 00:57:12.437  6655  6655 D BoundBrokerSvc: onUnbind: Intent { act=com.google.android.gms.auth.aang.events.services.START dat=chimera-action:/... xflg=0x4 cmp=com.google.android.gms/.chimera.PersistentApiService }
03-02 00:57:12.440 14885 14885 I System.out: SceneSafeLifecycleDispatcher: onStopped Start
03-02 00:57:12.440 14885 14885 I System.out: SAFActivity V Scene Framework: NavigationMessageQueue postSync start
03-02 00:57:12.441 14885 14885 I System.out: SAFActivity V Scene Framework: NavigationMessageQueue postSync run current task start 14_Y.ARunnableS108S0200000_32@1136312
03-02 00:57:12.441 14885 14885 I System.out: SAFActivity V Scene Framework: NavigationSceneManager Sync Scene SAFFragmentRootScene{79e191c} Lifecycle [STARTED -> ACTIVITY_CREATED] without saved State
03-02 00:57:12.441 14885 14885 I System.out: SAFFragmentRootScene: onStop Start (SAFFragmentRootScene{79e191c})
03-02 00:57:12.443  2013  2067 I ChimeraSystemEventListener: appLaunchIntent package name is: com.podcast.app.debug.test
03-02 00:57:12.448  2013  3441 I SemDvfsHyPerManager: acquire hyper - AMS_APP_SWITCH/2013@20, type = -999
03-02 00:57:12.448  1464  1492 I mtkpower@impl: [setMode] type:5, enabled:1
03-02 00:57:12.448  1450  1487 I HYPER-HAL: [RequestManager.cpp]acquire(): Acquired ID : 2067581  [2013 / 20]    HINT : AMS_ACT_SWITCH    list :
03-02 00:57:12.449  1450  1487 I mtkpower_client: perf_lock_rel, hdl:76414, pid: 1450, tid:1487
03-02 00:57:12.449  1445  2902 W C2MtkBufferManager: [0xB4000070F507E520] fetchNewCcBlock: wait fence 0x0xb4000070f5058270 timed out. ret 110
03-02 00:57:12.449  1450  1487 I mtkpower_client: perf_lock_acq, hdl:0, dur:0, num:2, pid:1450, tid:1487
03-02 00:57:12.449  1445 16865 W C2MtkBufferManager: [0xB4000070F68A9420] fetchNewCcBlock: wait fence 0x0xb4000070f692fea0 timed out. ret 110
03-02 00:57:12.449  1464  1529 I libPowerHal: [perfLockRel] hdl:76414, idx:8
03-02 00:57:12.450  1464  1529 I libPowerHal: [PD] vendor.samsung. update cmd:1000000 param:-1 pr:6
03-02 00:57:12.450 14885 14885 I System.out: SAFActivity V Scene Framework: NavigationMessageQueue postSync run current task finish 14_Y.ARunnableS108S0200000_32@1136312
03-02 00:57:12.450 14885 14885 I System.out: SAFActivity V Scene Framework: NavigationMessageQueue postSync finish
03-02 00:57:12.450  1464  1529 I libPowerHal: [perfLockRel] Done for hdl : 76414
03-02 00:57:12.450 14885 14885 I System.out: SceneSafeLifecycleDispatcher: onStopped End STOP
03-02 00:57:12.450 14885 14885 I System.out: SAFActivity: com.ss.android.ugc.aweme.main.MainActivity@c20428f,  onStop End
03-02 00:57:12.450  1507  1562 I SurfaceFlinger: id=155772 createSurf, flag=24004, Task=44861#155772
03-02 00:57:12.450 14885 14885 D SV[6876039 SplashActivity]: updateSurface: surface is not valid
03-02 00:57:12.450 14885 14885 I SV[6876039 SplashActivity]: releaseSurfaces: viewRoot = VRI[SplashActivity]@35f4eb8
03-02 00:57:12.450 14885 14885 D VRI[SplashActivity]@35f4eb8: applyTransactionOnDraw applyImmediately
03-02 00:57:12.450  1450  1487 I mtkpower_client: ret_hdl:76415
03-02 00:57:12.450  1450  1487 I mtkpower_client: perf_lock_rel, hdl:76412, pid: 1450, tid:1487
03-02 00:57:12.450  1464  1529 I libPowerHal: [perfLockAcq] idx:5 hdl:76415 hint:-1 pid:1450 tid:1487 duration:0 lock_user:vendor.samsung. => ret_hdl:76415
03-02 00:57:12.450  1464  1529 I libPowerHal: [setDvfsrcDevFreqOpp] opp:0, freq:4266000000
03-02 00:57:12.450  1464  1529 I libPowerHal: [PE] vendor.samsung. update cmd:1000000 param:0 pr:3
03-02 00:57:12.450  1464  1529 I libPowerHal: [perfLockAcq] Done for hdl : 76415
03-02 00:57:12.451  1450  1487 I mtkpower_client: perf_lock_acq, hdl:0, dur:0, num:2, pid:1450, tid:1487
03-02 00:57:12.451  1464  1529 I libPowerHal: [perfLockRel] hdl:76412, idx:7
03-02 00:57:12.452  1464  1529 I libPowerHal: [PD] vendor.samsung. update cmd:400000 param:-1 pr:6
03-02 00:57:12.452  1507  2128 I SurfaceFlinger: id=155773 createSurf, flag=84004, ActivityRecord{65442692 u0 com.podcast.app.debug.test/androidx.test.core.app.InstrumentationActivityInvoker$EmptyActivity t44861}#155773
03-02 00:57:12.452  1464  1529 I libPowerHal: [recordCPUFreqInfo] set cluster[0] min(-1): -1 max(-1): -1 cluster[1] min(-1): -1 max(-1): -1
03-02 00:57:12.452  1464  1529 I libPowerHal: [perfLockRel] Done for hdl : 76412
03-02 00:57:12.452  1450  1487 I mtkpower_client: ret_hdl:76416
03-02 00:57:12.453  1464  1529 I libPowerHal: [perfLockAcq] idx:8 hdl:76416 hint:-1 pid:1450 tid:1487 duration:0 lock_user:vendor.samsung. => ret_hdl:76416
03-02 00:57:12.453  1464  1529 I libPowerHal: [PE] vendor.samsung. update cmd:400000 param:2000000 pr:3
03-02 00:57:12.453  1464  1529 I libPowerHal: [recordCPUFreqInfo] set cluster[0] min(vendor.samsung.): 2000000 max(-1): -1 cluster[1] min(-1): -1 max(-1): -1
03-02 00:57:12.453 14885 14885 D SV[7374587 SplashActivity]: updateSurface: surface is not valid
03-02 00:57:12.453  1464  1529 I libPowerHal: [perfLockAcq] Done for hdl : 76416
03-02 00:57:12.453 14885 14885 I SV[7374587 SplashActivity]: releaseSurfaces: viewRoot = VRI[SplashActivity]@35f4eb8
03-02 00:57:12.453 14885 14885 D VRI[SplashActivity]@35f4eb8: applyTransactionOnDraw applyImmediately
03-02 00:57:12.453 14885 14885 D SV[137774491 SplashActivity]: updateSurface: surface is not valid
03-02 00:57:12.453 14885 14885 I SV[137774491 SplashActivity]: releaseSurfaces: viewRoot = VRI[SplashActivity]@35f4eb8
03-02 00:57:12.453 14885 14885 D VRI[SplashActivity]@35f4eb8: applyTransactionOnDraw applyImmediately
03-02 00:57:12.453  4784  4784 I SemDvfsHyPerManager: acquire hyper - APP_START_SHORT/4784@15, type = -999
03-02 00:57:12.454  1450  1487 I HYPER-HAL: [RequestManager.cpp]acquire(): Acquired ID : 11517615  [4784 / 15]    HINT : APP_START    list : [TIMEOUT / 1500]
03-02 00:57:12.455 14885 14885 I System.out: SAFActivity V Scene Framework: NavigationSceneManager forceExecutePendingNavigationOperation start
03-02 00:57:12.455 14885 14885 I System.out: SAFActivity V Scene Framework: NavigationMessageQueue postSync start
03-02 00:57:12.455 14885 14885 I System.out: SAFActivity V Scene Framework: NavigationMessageQueue postSync run current task start 0_Y.ARunnableS90S0000000_15@3add3de
03-02 00:57:12.456 14885 14885 I System.out: SAFActivity V Scene Framework: NavigationMessageQueue postSync run current task finish 0_Y.ARunnableS90S0000000_15@3add3de
03-02 00:57:12.456 14885 14885 I System.out: SAFActivity V Scene Framework: NavigationMessageQueue postSync finish
03-02 00:57:12.456 14885 14885 I System.out: SAFActivity V Scene Framework: NavigationSceneManager forceExecutePendingNavigationOperation finish
03-02 00:57:12.456 14885 14885 I System.out: SAFActivity: com.ss.android.ugc.aweme.main.MainActivity@c20428f,  onSaveInstanceState Start
03-02 00:57:12.457  2746  2798 D ShellDesktopMode: handleRequest: TransitionRequestInfo {type=1, tid=44861, debugId=11249}
03-02 00:57:12.458  2746  2808 I ViewRootImpl: dVRR is disabled
03-02 00:57:12.458  2013  3566 I SemDvfsHyPerManager: acquire hyper - AMS_APP_LAUNCH/2013@17, type = -999
03-02 00:57:12.458  1450  1487 I HYPER-HAL: [RequestManager.cpp]acquire(): Acquired ID : 2061482  [2013 / 17]    HINT : AMS_APP_LAUNCH    list :
03-02 00:57:12.459  1507  1507 I SurfaceFlinger: [Task=44861#155772] attach to parent LayerHierarchy{RequestedLayerState{DefaultTaskDisplayArea_d0#10 parentId=9} 46 children}
03-02 00:57:12.459  1507  1507 I SurfaceFlinger: [ActivityRecord{65442692 u0 com.podcast.app.debug.test/androidx.test.core.app.InstrumentationActivityInvoker$EmptyActivity t44861}#155773] attach to parent LayerHierarchy{RequestedLayerState{Task=44861#155772 parentId=10} 1 children}
03-02 00:57:12.459  2746  2870 D NativeCustomFrequencyManager: [NativeCFMS] BpCustomFrequencyManager::BpCustomFrequencyManager()
03-02 00:57:12.459 17121 17121 D LifecycleMonitor: Lifecycle status change: androidx.activity.ComponentActivity@d99ece1 in: PAUSED
03-02 00:57:12.459 17121 17121 V ActivityScenario: Update currentActivityStage to PAUSED, currentActivity=androidx.activity.ComponentActivity@d99ece1
03-02 00:57:12.459  4784  4784 I SemDvfsHyPerManager: acquire hyper - APP_START/4784@17, type = -999
03-02 00:57:12.460  1450  1487 I HYPER-HAL: [RequestManager.cpp]acquire(): Acquired ID : 11527218  [4784 / 17]    HINT : APP_START    list :
03-02 00:57:12.461 14885 14885 I System.out: SceneSafeLifecycleDispatcher: onSaveInstanceState Start
03-02 00:57:12.464 14636 14636 D WM-SystemJobService: onStopJob for WorkGenerationalId(workSpecId=f23029b8-b7a3-4a93-aaf6-b7c7a26dfe9e, generation=0)
03-02 00:57:12.464  5235  5235 I InputMethodService: removeImeSurface
03-02 00:57:12.464  5235  5235 I InputMethodService: cancelImeSurfaceRemoval: removeCallbacks
03-02 00:57:12.465 14636 15266 D WM-Processor: WorkerWrapper interrupted for f23029b8-b7a3-4a93-aaf6-b7c7a26dfe9e
03-02 00:57:12.465 14636 15266 D WM-StopWorkRunnable: StopWorkRunnable for f23029b8-b7a3-4a93-aaf6-b7c7a26dfe9e; Processor.stopWork = true
03-02 00:57:12.465 14885 14885 I System.out: SAFFragmentRootScene: onSaveInstanceState Start (SAFFragmentRootScene{79e191c})
03-02 00:57:12.466 14885 14885 I System.out: SceneSafeLifecycleDispatcher: onSaveInstanceState End STOP
03-02 00:57:12.466 14885 14885 I System.out: SAFActivity: com.ss.android.ugc.aweme.main.MainActivity@c20428f,  onSaveInstanceState End
03-02 00:57:12.466  1646  1646 I CameraService: onUidStateChanged: uid=10062, procState is changed. (0 -> 1)
03-02 00:57:12.467 14885 14885 W System.err: onActivityPostSaveInstanceState store finished---->com.ss.android.ugc.aweme.main.MainActivity@c20428f
03-02 00:57:12.467  3202  3386 I HoneySpace.TopTaskSource: onTaskMovedToFront : taskId = 44861, displayId = 0
03-02 00:57:12.468  3506  3506 E pageboostd: Received HALT command code 2
03-02 00:57:12.470  2013  3566 D InputDispatcher: Focused application(0): ActivityRecord{65442692 u0 com.podcast.app.debug.test/androidx.test.core.app.InstrumentationActivityInvoker$EmptyActivity t44861}
03-02 00:57:12.470  1507  1507 I SurfaceFlinger: [Display 0 name="Built-in Screen"#49] setFrameRateCategory: High
03-02 00:57:12.470  3202  3390 I HoneySpace.TopTaskUseCase: topTasks 44861 ComponentInfo{com.podcast.app.debug.test/androidx.test.core.app.InstrumentationActivityInvoker$EmptyActivity}[displayId=0]
03-02 00:57:12.471  2013  2252 D GraphicsStatsService: requestRenderEngineFor(com.podcast.app.debug.test)
03-02 00:57:12.472 14885 14885 D SV[6876039 SplashActivity]: updateSurface: surface is not valid
03-02 00:57:12.472 14885 14885 I SV[6876039 SplashActivity]: releaseSurfaces: viewRoot = VRI[SplashActivity]@35f4eb8
03-02 00:57:12.472 14885 14885 D VRI[SplashActivity]@35f4eb8: applyTransactionOnDraw applyImmediately
03-02 00:57:12.472 14885 14885 D SV[7374587 SplashActivity]: updateSurface: surface is not valid
03-02 00:57:12.472 14885 14885 I SV[7374587 SplashActivity]: releaseSurfaces: viewRoot = VRI[SplashActivity]@35f4eb8
03-02 00:57:12.473 14885 14885 D VRI[SplashActivity]@35f4eb8: applyTransactionOnDraw applyImmediately
03-02 00:57:12.473 14885 14885 D SV[137774491 SplashActivity]: updateSurface: surface is not valid
03-02 00:57:12.473 14885 14885 I SV[137774491 SplashActivity]: releaseSurfaces: viewRoot = VRI[SplashActivity]@35f4eb8
03-02 00:57:12.473 14885 14885 D VRI[SplashActivity]@35f4eb8: applyTransactionOnDraw applyImmediately
03-02 00:57:12.474  1507  1507 I BpBinder: onLastStrongRef automatically unlinking death recipients:
03-02 00:57:12.475  2013  4835 D InputTransport: Input channel constructed: 'bbdc023', fd=964
03-02 00:57:12.475  2013  4835 D InputTransport: Input channel constructed: 'bbdc023', fd=1083
03-02 00:57:12.476  2013  4835 D InputTransport: Input channel constructed: 'bbdc023', fd=1090
03-02 00:57:12.476  2013  4835 D InputTransport: Input channel destroyed: 'bbdc023', fd=1083
03-02 00:57:12.478  3202  4701 I HoneySpace.RecentTasks: onRecentTasksChanged
03-02 00:57:12.478  1507  1907 I SurfaceFlinger: id=155774 createSurf, flag=84004, bbdc023 Splash Screen com.podcast.app.debug.test#155774
03-02 00:57:12.478  3202  4698 I HoneySpace.RecentTasks: onRecentTasksChanged
03-02 00:57:12.481  1507  1507 I SurfaceFlinger: [bbdc023 Splash Screen com.podcast.app.debug.test#155774] attach to parent LayerHierarchy{RequestedLayerState{ActivityRecord{65442692 u0 com.podcast.app.debug.test/androidx.test.core.app.InstrumentationActivityInvoker$EmptyActivity t44861}#155773 parentId=155772} 1 children}
03-02 00:57:12.481  2013  4835 D InputTransport: Input channel destroyed: 'bbdc023', fd=1090
03-02 00:57:12.482  2013  2600 D AS.MultiSoundManager: mForegroundUid = 10687
03-02 00:57:12.484  2746  2808 D InputTransport: Input channel constructed: 'bbdc023', fd=442
03-02 00:57:12.484  2746  2808 I InsetsController: onStateChanged: host=Splash Screen com.podcast.app.debug.test, from=android.view.ViewRootImpl.onInsetsStateChanged:3026, state=InsetsState: {mDisplayFrame=Rect(0, 0 - 1080, 2340), mDisplayCutout=DisplayCutout{insets=Rect(0, 80 - 0, 0) waterfall=Insets{left=0, top=0, right=0, bottom=0} boundingRect={Bounds=[Rect(0, 0 - 0, 0), Rect(472, 0 - 608, 80), Rect(0, 0 - 0, 0), Rect(0, 0 - 0, 0)]} cutoutPathParserInfo={CutoutPathParserInfo{displayWidth=1080 displayHeight=2340 physicalDisplayWidth=1080 physicalDisplayHeight=2340 density={2.8125} cutoutSpec={M 0,0 H -24.177777778 V 28.4444444444 H 24.177777778 V 0 H 0 Z @dp} rotation={0} scale={1.0} physicalPixelDisplaySizeRatio={1.0}}} sideOverrides={}}, mRoundedCorners=RoundedCorners{[RoundedCorner{position=TopLeft, radius=113, center=Point(113, 113)}, RoundedCorner{position=TopRight, radius=113, center=Point(967, 113)}, RoundedCorner{position=BottomRight, radius=113, center=Point(967, 2227)}, RoundedCorner{position=BottomLeft, radius=113, center=Point(113, 2227)}]}  mRoundedCornerFrame=Rect(0, 0 - 1080, 2340), mPrivacyIndicatorBounds=PrivacyIndicatorBounds {static bounds=Rect(956, 0 - 1080, 80) rotation=0}, mDisplayShape=DisplayShape{ spec=-311912193 displayWidth=1080 displayHeight=2340 physicalPixelDisplaySizeRatio=1.0 rotation=0 offsetX=0 offsetY=0 scale=1.0}, mSources= { InsetsSource: {e9af0000 mType=statusBars mFrame=[0,0][1080,80] mVisible=true mFlags= mSideHint=TOP mBoundingRects=null}, InsetsSource: {e9af0005 mType=mandatorySystemGestures mFrame=[0,0][1080,114] mVisible=true mFlags= mSideHint=TOP mBoundingRects=null}, InsetsSource: {e9af0006 mType=tappableElement mFrame=[0,0][1080,80] mVisible=true mFlags= mSideHint=TOP mBoundingRects=null}, InsetsSource: {3 mType=ime mFrame=[0,0][0,0] mVisible=false mFlags= mSideHint=NONE mBoundingRects=null}, InsetsSource: {27 mType=displayCutout mFrame=[0,0][1080,80] mVisible=true mFlags= mSideHint=TOP mBoundingRects=null}, InsetsSource: {26ed0001 mType=navigationBars mFrame=[0,2298][1080,2340] mVisible=true mFlags=SUPPRESS_SCRIM mSideHint=BOTTOM mBoundingRects=null}, InsetsSource: {26ed0004 mType=systemGestures mFrame=[0,0][84,2340] mVisible=true mFlags= mSideHint=LEFT mBoundingRects=null}, InsetsSource: {26ed0005 mType=mandatorySystemGestures mFrame=[0,2250][1080,2340] mVisible=true mFlags= mSideHint=BOTTOM mBoundingRects=null}, InsetsSource: {26ed0006 mType=tappableElement mFrame=[0,0][0,0] mVisible=true mFlags= mSideHint=NONE mBoundingRects=null}, InsetsSource: {26ed0024 mType=systemGestures mFrame=[996,0][1080,2340] mVisible=true mFlags= mSideHint=RIGHT mBoundingRects=null} }
03-02 00:57:12.484  2746  2808 I VRI[test]@3a0b59e: onActiveControlsChanged, removed=false, mAdded=true, caller=android.view.ViewRootImpl.handleInsetsControlChanged:3002 android.view.ViewRootImpl.setView:2014 android.view.WindowManagerGlobal.addView:604 com.android.wm.shell.startingsurface.SplashscreenWindowCreator.addWindow:38 com.android.wm.shell.startingsurface.StartingWindowController$$ExternalSyntheticLambda4.run:1365
03-02 00:57:12.484  2746  2808 I VRI[test]@3a0b59e: synced displayState. AttachInfo displayState=2
03-02 00:57:12.485  2746  2808 I VRI[test]@3a0b59e: setView = android.widget.FrameLayout@b2a9895 IsHRR=false mFlingFrameRateChange=0 TM=true
03-02 00:57:12.485  2746  2870 D HWUI    : HWUI - treat SMPTE_170M as sRGB
03-02 00:57:12.486  1507  1565 E SfCpu   :  sched_setaffinity return fail 1461
03-02 00:57:12.487  1507  1565 E SfCpu   :  sched_setaffinity return fail 1444
03-02 00:57:12.489 14636 15217 I WM-WorkerWrapper: Work [ id=f23029b8-b7a3-4a93-aaf6-b7c7a26dfe9e, tags={ com.urbanairship.job.AirshipWorker,airship } ] was cancelled
03-02 00:57:12.489 14636 15217 I WM-WorkerWrapper: androidx.work.impl.WorkerStoppedException
03-02 00:57:12.489 14636 15217 I WM-WorkerWrapper: 	at o.setEnabledWhenDeviceHasQuirk.AnimatedBarChartKtAnimatedBarChart1112(:348)
03-02 00:57:12.489 14636 15217 I WM-WorkerWrapper: 	at o.MutableConfig.AnimatedBarChartKtAnimatedBarChart1(:439)
03-02 00:57:12.489 14636 15217 I WM-WorkerWrapper: 	at o.MutableConfig.AnimatedBarChartKtAnimatedBarChart1112(:259)
03-02 00:57:12.489 14636 15217 I WM-WorkerWrapper: 	at o.getUseCaseInfo.run(:49)
03-02 00:57:12.489 14636 15217 I WM-WorkerWrapper: 	at o.TagBundle$Architecture.run(:96)
03-02 00:57:12.489 14636 15217 I WM-WorkerWrapper: 	at java.util.concurrent.ThreadPoolExecutor.runWorker(ThreadPoolExecutor.java:1154)
03-02 00:57:12.489 14636 15217 I WM-WorkerWrapper: 	at java.util.concurrent.ThreadPoolExecutor$Worker.run(ThreadPoolExecutor.java:652)
03-02 00:57:12.489 14636 15217 I WM-WorkerWrapper: 	at java.lang.Thread.run(Thread.java:1563)
03-02 00:57:12.489  1445 16865 W C2MtkBufferManager: [0xB4000070F68A9420] fetchNewCcBlock: wait fence 0x0xb4000070f692fea0 timed out. ret 110
03-02 00:57:12.490 14636 15217 D WM-WorkerWrapper: Status for f23029b8-b7a3-4a93-aaf6-b7c7a26dfe9e is RUNNING; not doing any work and rescheduling for later execution
03-02 00:57:12.490  2013  2252 I WindowManager: Relayout Window{bbdc023 u0 Splash Screen com.podcast.app.debug.test}: viewVisibility=0 req=1080x2340 ty=3 d0
03-02 00:57:12.491  1507  2128 I SurfaceFlinger: id=155775 createSurf, flag=44004, Splash Screen com.podcast.app.debug.test$_2746#155775
03-02 00:57:12.492  1507  1507 I SurfaceFlinger: [LayerHierarchy{RequestedLayerState{ImeContainer#15 parentId=155760 relativeParentId=155760 z=1} 1 children}] RelativeParent to null
03-02 00:57:12.492  1507  1507 I SurfaceFlinger: [LayerHierarchy{RequestedLayerState{com.zhiliaoapp.musically/com.ss.android.ugc.aweme.splash.SplashActivity$_14885#155736} no children}] reparent to OffscreenRoot
03-02 00:57:12.492  1507  1507 I SurfaceFlinger: [LayerHierarchy{RequestedLayerState{com.zhiliaoapp.musically/com.ss.android.ugc.aweme.splash.SplashActivity$_14885#155736} no children}] RelativeParent to null
03-02 00:57:12.492  1507  1507 I SurfaceFlinger: [Splash Screen com.podcast.app.debug.test$_2746#155775] attach to parent LayerHierarchy{RequestedLayerState{bbdc023 Splash Screen com.podcast.app.debug.test#155774 parentId=155773} 1 children}
03-02 00:57:12.493  2013  2252 I WindowManager: Relayout hash=bbdc023, pid=2746, syncId=-1: mAttrs={(0,0)(fillxfill) sim={adjust=pan} layoutInDisplayCutoutMode=always ty=APPLICATION_STARTING fmt=TRANSLUCENT
03-02 00:57:12.493  2013  2252 I WindowManager:   fl=81030118
03-02 00:57:12.493  2013  2252 I WindowManager:   pfl=10000810
03-02 00:57:12.493  2013  2252 I WindowManager:   apr=18
03-02 00:57:12.493  2013  2252 I WindowManager:   bhv=1
03-02 00:57:12.493  2013  2252 I WindowManager:   fitSides=0
03-02 00:57:12.493  2013  2252 I WindowManager:   frameRateBoostOnTouch=true
03-02 00:57:12.493  2013  2252 I WindowManager:   dvrrWindowFrameRateHint=true naviIconColor=0}
03-02 00:57:12.493  2746  2808 I VRI[test]@3a0b59e: onActiveControlsChanged, removed=false, mAdded=true, caller=android.view.ViewRootImpl.handleInsetsControlChanged:3002 android.view.ViewRootImpl.relayoutWindow:11629 android.view.ViewRootImpl.performTraversals:4804 android.view.ViewRootImpl.doTraversal:3924 android.view.ViewRootImpl$TraversalRunnable.run:12903
03-02 00:57:12.493 14636 14636 D WM-Processor: MutableConfig f23029b8-b7a3-4a93-aaf6-b7c7a26dfe9e executed; reschedule = true
03-02 00:57:12.493  2746  2808 D BufferQueueConsumer: [](id:aba00001e0e,api:0,p:-1,c:2746) connect: controlledByApp=false
03-02 00:57:12.496  2013  2065 D PkgPredictorService-SecIpmManagerServiceImpl: onForegroundActivitiesChanged pid:17532 uid:10687
03-02 00:57:12.496  1507  1507 I SurfaceFlinger: onHandleDestroyed: layerId=155736, name=com.zhiliaoapp.musically/com.ss.android.ugc.aweme.splash.SplashActivity$_14885#155736
03-02 00:57:12.496  1507  1507 I SurfaceFlinger: id=155736 Removed com.zhiliaoapp.musically/com.ss.android.ugc.aweme.splash.SplashActivity$_14885#155736 (323)
03-02 00:57:12.496  2746  2808 I BLASTBufferQueue: [VRI[test]@3a0b59e#7694](f:0,a:0,s:0) constructor()
03-02 00:57:12.496  2746  2746 I {OngoingActivityController}: onTaskFocusChanged but OA data is empty
03-02 00:57:12.496  2746  2808 I BLASTBufferQueue_Java: new BLASTBufferQueue, mName= VRI[test]@3a0b59e mNativeObject= 0xb4000076d3a04800 caller= android.view.ViewRootImpl.updateBlastSurfaceIfNeeded:3585 android.view.ViewRootImpl.relayoutWindow:11685 android.view.ViewRootImpl.performTraversals:4804 android.view.ViewRootImpl.doTraversal:3924 android.view.ViewRootImpl$TraversalRunnable.run:12903 android.view.Choreographer$CallbackRecord.run:1901 android.view.Choreographer$CallbackRecord.run:1910 android.view.Choreographer.doCallbacks:1367 android.view.Choreographer.doFrame:1292 android.view.Choreographer$FrameDisplayEventReceiver.run:1870
03-02 00:57:12.496 14636 15264 D WM-GreedyScheduler: Cancelling work ID f23029b8-b7a3-4a93-aaf6-b7c7a26dfe9e
03-02 00:57:12.497  2746  2808 I BLASTBufferQueue_Java: update, w= 1080 h= 2340 mName = VRI[test]@3a0b59e mNativeObject= 0xb4000076d3a04800 sc.mNativeObject= 0xb40000772aec4600 format= -3 caller= android.view.ViewRootImpl.updateBlastSurfaceIfNeeded:3590 android.view.ViewRootImpl.relayoutWindow:11685 android.view.ViewRootImpl.performTraversals:4804 android.view.ViewRootImpl.doTraversal:3924 android.view.ViewRootImpl$TraversalRunnable.run:12903 android.view.Choreographer$CallbackRecord.run:1901
03-02 00:57:12.497  2746  2808 I BLASTBufferQueue: [VRI[test]@3a0b59e#7694](f:0,a:0,s:0) update width=1080 height=2340 format=-3 mTransformHint=0
03-02 00:57:12.497  1646  1646 I CameraService: onUidStateChanged: uid=10492, procState is changed. (8 -> 10)
03-02 00:57:12.498  2746  2808 I VRI[test]@3a0b59e: Relayout returned: old=(0,0,1080,2340) new=(0,0,1080,2340) relayoutAsync=false req=(1080,2340)0 dur=7 res=0x3 s={true 0xb40000783d2b9b00} ch=true seqId=0
03-02 00:57:12.498  2013  3282 V PkgPredictorService-SecIpmManagerServiceImpl: discard foreground app:com.podcast.app.debug.test 1|true
03-02 00:57:12.499  2746  2808 I VRI[test]@3a0b59e: performConfigurationChange setNightDimText nightDimLevel=0
03-02 00:57:12.499  1507  1825 I SurfaceFlinger: Capture layer list: 	 com.podcast.app.debug/androidx.activity.ComponentActivity$_17121#155764(seamlessTransition:0)
03-02 00:57:12.500 17532 17532 I DecorView: setWindowBackground: isPopOver=false color=ffffffff d=android.graphics.drawable.ColorDrawable@839bf9
03-02 00:57:12.502 25915 26075 I Rubin   : [4019] M.c0.k(Unknown Source) : Notify com.samsung.android.rubin.inferenceengine.contextanalytics.engine.loggers.AppUsageLogger's database is updated.
03-02 00:57:12.502  2746  2808 D VRI[test]@3a0b59e: mThreadedRenderer.initialize() mSurface={isValid=true 0xb40000783d2b9b00} hwInitialized=true
03-02 00:57:12.503  2746  2808 D VRI[test]@3a0b59e: reportNextDraw android.view.ViewRootImpl.performTraversals:5443 android.view.ViewRootImpl.doTraversal:3924 android.view.ViewRootImpl$TraversalRunnable.run:12903 android.view.Choreographer$CallbackRecord.run:1901 android.view.Choreographer$CallbackRecord.run:1910
03-02 00:57:12.503  2746  2808 D VRI[test]@3a0b59e: Setup new sync=wmsSync-VRI[test]@3a0b59e#5
03-02 00:57:12.503  2746  2808 I VRI[test]@3a0b59e: Creating new active sync group VRI[test]@3a0b59e#6
03-02 00:57:12.503  1507  1507 I SurfaceFlinger: destroyed com.zhiliaoapp.musically/com.ss.android.ugc.aweme.splash.SplashActivity$_14885#155736
03-02 00:57:12.504 14636 15264 W JobInfo : Requested important-while-foreground flag for job3667 is ignored and takes no effect
03-02 00:57:12.504 14636 15264 D WM-SystemJobScheduler: Scheduling work ID f23029b8-b7a3-4a93-aaf6-b7c7a26dfe9eJob ID 3667
03-02 00:57:12.504  2746  2808 D VRI[test]@3a0b59e: registerCallbacksForSync syncBuffer=false
03-02 00:57:12.506  2746  2865 D VRI[test]@3a0b59e: Received frameDrawingCallback syncResult=0 frameNum=1.
03-02 00:57:12.507  1507  1507 I Layer   : id=155736 Destroyed com.zhiliaoapp.musically/com.ss.android.ugc.aweme.splash.SplashActivity$_14885#155736
03-02 00:57:12.508  2746  2865 I VRI[test]@3a0b59e: mWNT: t=0xb40000772ad87a00 mBlastBufferQueue=0xb4000076d3a04800 fn= 1 HdrRenderState mRenderHdrSdrRatio=1.0 caller= android.view.ViewRootImpl$12.onFrameDraw:15441 android.view.ThreadedRenderer$1.onFrameDraw:718 <bottom of call stack>
03-02 00:57:12.508  2746  2865 I VRI[test]@3a0b59e: Setting up sync and frameCommitCallback
03-02 00:57:12.508 25915 26075 I Rubin   : [4019] com.samsung.android.rubin.inferenceengine.contextanalytics.engine.monitors.moment.exercise.ExercisingWithCalendarMonitor.isSatisfiedByCalendarEvent(Unknown Source) : isSatisfiedByCalendarEvent is false
03-02 00:57:12.509  3202  3202 I HoneySpace.EdgePanel.CocktailHostRepositoryImpl: onNoteResume
03-02 00:57:12.509  3202  3202 I HoneySpace.EdgePanel.EdgePanelContainerViewModel: cocktailHostRepository.edgePanelOperation NoteResumeComponent(componentName=ComponentInfo{com.podcast.app.debug.test/androidx.test.core.app.InstrumentationActivityInvoker$EmptyActivity})
03-02 00:57:12.509  3202  3202 I HoneySpace.EdgePanel.ActivityUtils: HomePackage : com.sec.android.app.launcher, resumePackageName : com.podcast.app.debug.test, className : androidx.test.core.app.InstrumentationActivityInvoker$EmptyActivity
03-02 00:57:12.509  2013  3566 W ParceledListSlice: Element #30 is 21544 bytes.
03-02 00:57:12.510  3202  3386 I HoneySpace.TopTaskSource: onTaskFocusChanged(): taskId = 44861
03-02 00:57:12.510  2746  2870 I BLASTBufferQueue: [VRI[test]@3a0b59e#7694](f:0,a:0,s:0) onFrameAvailable the first frame is available
03-02 00:57:12.511  1507  1845 D SurfaceFlinger: [input] setFocusedWindow: <null>
03-02 00:57:12.511  1507  1845 D SurfaceFlinger: updateWinowInfo=1, setFocusedWindow timestamp=491111490614810, windowName=<null>
03-02 00:57:12.511  2746  2870 I BLASTBufferQueue: [VRI[test]@3a0b59e#7694](f:0,a:1,s:0) acquireNextBufferLocked size=1080x2340 mFrameNumber=1 applyTransaction=true mTimestamp=491111510731963(auto) mPendingTransactions.size=0 graphicBufferId=11793980283366 transform=0
03-02 00:57:12.511  2746  2870 I VRI[test]@3a0b59e: Received frameCommittedCallback lastAttemptedDrawFrameNum=1 didProduceBuffer=true
03-02 00:57:12.512  2013  4823 D InputDispatcher: Once focus requested (0): <null>
03-02 00:57:12.512  2013  4823 D InputDispatcher: Focus request (0): <null> but waiting because NO_WINDOW
03-02 00:57:12.512  2013  4823 D InputDispatcher: Focus left window (0): f0a4a8a com.podcast.app.debug/androidx.activity.ComponentActivity
03-02 00:57:12.512 25915 26075 I Rubin   : [4019] com.samsung.android.rubin.inferenceengine.contextanalytics.engine.monitors.moment.exercise.ExercisingWithCmhMonitor.isSatisfiedByCmh(Unknown Source) : isSatisfiedByCmh is false
03-02 00:57:12.513  2746  2870 D HWUI    : CFMS:: SetUp Pid : 2746    Tid : 2870
03-02 00:57:12.513 17121 17121 I ImeFocusController: onPreWindowFocus: skipped hasWindowFocus=false mHasImeFocus=true
03-02 00:57:12.513  2746  2808 D VRI[test]@3a0b59e: reportDrawFinished seqId=0
03-02 00:57:12.514 17121 17121 I ImeFocusController: onPostWindowFocus: skipped hasWindowFocus=false mHasImeFocus=true
03-02 00:57:12.517 17532 17532 I ViewRootImpl: dVRR is disabled
03-02 00:57:12.518 17532 17563 D NativeCustomFrequencyManager: [NativeCFMS] BpCustomFrequencyManager::BpCustomFrequencyManager()
03-02 00:57:12.521  1507  1562 I SurfaceFlinger: id=155776 createSurf, flag=84004, Transition Root: Task=44861#155776
03-02 00:57:12.522  1445  2902 W C2MtkBufferManager: [0xB4000070F507E520] fetchNewCcBlock: wait fence 0x0xb4000070f5058270 timed out. ret 110
03-02 00:57:12.522  2013  2068 I SurfaceControlRegistry: show, t=StartTransaction_SyncId<11249> sc=ActivityRecord{65442692 u0 com.podcast.app.debug.test/androidx.test.core.app.InstrumentationActivityInvoker$EmptyActivity t44861}, caller=android.view.SurfaceControl$Transaction.show:3557 com.android.server.wm.Transition.onTransactionReady:2048 com.android.server.wm.BLASTSyncEngine$SyncGroup.finishNow:240 com.android.server.wm.BLASTSyncEngine.onSurfacePlacement:263 com.android.server.wm.RootWindowContainer.performSurfacePlacementNoTrace:1083 com.android.server.wm.WindowSurfacePlacer.performSurfacePlacement:166
03-02 00:57:12.523  2013  2068 D ScreenCapture: [Capture_TEST] : setIsScreenShotBySystem false
03-02 00:57:12.523  2013  2068 I SurfaceComposerClient: captureLayers:childrenOnly:1, sync:1
03-02 00:57:12.528  1507  1562 I SurfaceFlinger: Capture layer list: 	 com.podcast.app.debug/androidx.activity.ComponentActivity$_17121#155764(seamlessTransition:0)
03-02 00:57:12.528  2746  2798 I SurfaceControlRegistry: hide, t=FinishTransaction_SyncId<11249> sc=Task=44860, caller=android.view.SurfaceControl$Transaction.hide:3583 com.android.wm.shell.transition.Transitions.dispatchReady:1263 com.android.wm.shell.transition.Transitions.onTransitionReady:251 com.android.wm.shell.transition.Transitions$TransitionPlayerImpl$$ExternalSyntheticLambda0.run:13 android.os.Handler.handleCallback:995 android.os.Handler.dispatchMessage:103
03-02 00:57:12.528  2746  2798 I SurfaceControlRegistry: show, t=StartTransaction_SyncId<11249> sc=Task=44861, caller=android.view.SurfaceControl$Transaction.show:3557 com.android.wm.shell.transition.Transitions.dispatchReady:1279 com.android.wm.shell.transition.Transitions.onTransitionReady:251 com.android.wm.shell.transition.Transitions$TransitionPlayerImpl$$ExternalSyntheticLambda0.run:13 android.os.Handler.handleCallback:995 android.os.Handler.dispatchMessage:103
03-02 00:57:12.528  2746  2798 I SurfaceControlRegistry: show, t=FinishTransaction_SyncId<11249> sc=Task=44861, caller=android.view.SurfaceControl$Transaction.show:3557 com.android.wm.shell.transition.Transitions.dispatchReady:1330 com.android.wm.shell.transition.Transitions.onTransitionReady:251 com.android.wm.shell.transition.Transitions$TransitionPlayerImpl$$ExternalSyntheticLambda0.run:13 android.os.Handler.handleCallback:995 android.os.Handler.dispatchMessage:103
03-02 00:57:12.529  2746  2798 I SurfaceControlRegistry: show, t=StartTransaction_SyncId<11249> sc=Transition Root: Task=44861, caller=android.view.SurfaceControl$Transaction.show:3557 com.android.wm.shell.transition.Transitions.playTransition:79 com.android.wm.shell.transition.Transitions.processReadyQueue:239 com.android.wm.shell.transition.Transitions.dispatchReady:1352 com.android.wm.shell.transition.Transitions.onTransitionReady:251 com.android.wm.shell.transition.Transitions$TransitionPlayerImpl$$ExternalSyntheticLambda0.run:13
03-02 00:57:12.529  1445 16865 W C2MtkBufferManager: [0xB4000070F68A9420] fetchNewCcBlock: wait fence 0x0xb4000070f692fea0 timed out. ret 110
03-02 00:57:12.533  1507  2128 I SurfaceFlinger: id=155777 createSurf, flag=20004, DimTransitionLayer for Surface(name=Task=44861)/@0xc26454d#155777
03-02 00:57:12.534  2746  2798 I SurfaceControlRegistry: show, t=StartTransaction_SyncId<11249> sc=DimTransitionLayer for Surface(name=Task=44861)/@0xc26454d, caller=android.view.SurfaceControl$Transaction.show:3557 com.android.wm.shell.transition.DefaultTransitionHandler.startAnimation:2837 com.android.wm.shell.transition.Transitions.dispatchTransition:90 com.android.wm.shell.transition.Transitions.playTransition:774 com.android.wm.shell.transition.Transitions.processReadyQueue:239 com.android.wm.shell.transition.Transitions.dispatchReady:1352
03-02 00:57:12.534  2746  2798 I SurfaceControlRegistry: apply, t=StartTransaction_SyncId<11249>, caller=android.view.SurfaceControl$Transaction.apply:3459 android.view.SurfaceControl$Transaction.apply:3447 android.view.SurfaceControl$Transaction.apply:3397 com.android.wm.shell.transition.DefaultTransitionHandler.startAnimation:3292 com.android.wm.shell.transition.Transitions.dispatchTransition:90 com.android.wm.shell.transition.Transitions.playTransition:774
03-02 00:57:12.535  2013  4823 D InputTransport: Input channel constructed: '9160c03', fd=1116
03-02 00:57:12.535  2013  4823 D InputTransport: Input channel constructed: '9160c03', fd=1119
03-02 00:57:12.536  2013  4823 D InputTransport: Input channel constructed: '9160c03', fd=1131
03-02 00:57:12.536  2013  4823 D InputTransport: Input channel destroyed: '9160c03', fd=1119
03-02 00:57:12.536  1507  1507 I SurfaceFlinger: RequestedLayer [bbdc023 Splash Screen com.podcast.app.debug.test#155774] hidden!! flag  from(1) --> to(0)
03-02 00:57:12.537  1507  1507 I SurfaceFlinger: RequestedLayer [Splash Screen com.podcast.app.debug.test$_2746#155775] hidden!! flag  from(1) --> to(0)
03-02 00:57:12.537  1507  1507 I SurfaceFlinger: RequestedLayer [Task=44861#155772] hidden!! flag  from(1) --> to(0)
03-02 00:57:12.537  1507  1562 I SurfaceFlinger: id=155778 createSurf, flag=84004, 9160c03 com.podcast.app.debug.test/androidx.test.core.app.InstrumentationActivityInvoker$EmptyActivity#155778
03-02 00:57:12.537  1507  1507 E SurfaceFlinger: alpha changed 1.000 -> 0.000 - Task=44861#155772
03-02 00:57:12.537  1507  1507 I SurfaceFlinger: RequestedLayer [Transition Root: Task=44861#155776] hidden!! flag  from(1) --> to(0)
03-02 00:57:12.537  1507  1507 I SurfaceFlinger: RequestedLayer [ActivityRecord{65442692 u0 com.podca[...]Invoker$EmptyActivity t44861}#155773] hidden!! flag  from(1) --> to(0)
03-02 00:57:12.537  1507  1507 I SurfaceFlinger: RequestedLayer [DimTransitionLayer for Surface(name=Task=44861)/@0xc26454d#155777] hidden!! flag  from(1) --> to(0)
03-02 00:57:12.537  1507  1507 E SurfaceFlinger: alpha changed 1.000 -> 0.000 - DimTransitionLayer for Surface(name=Task=44861)/@0xc26454d#155777
03-02 00:57:12.537  1507  1507 I SurfaceFlinger: [LayerHierarchy{RequestedLayerState{Task=44860#155759 parentId=155776 z=2} 1 children}] reparent to LayerHierarchy{RequestedLayerState{Transition Root: Task=44861#155776 parentId=10 z=42} 1 children}
03-02 00:57:12.537  1507  1507 I SurfaceFlinger: [LayerHierarchy{RequestedLayerState{Task=44861#155772 parentId=155776 z=5} 1 children}] reparent to LayerHierarchy{RequestedLayerState{Transition Root: Task=44861#155776 parentId=10 z=42} 2 children}
03-02 00:57:12.537  1507  1507 I SurfaceFlinger: [Transition Root: Task=44861#155776] attach to parent LayerHierarchy{RequestedLayerState{DefaultTaskDisplayArea_d0#10 parentId=9} 45 children}
03-02 00:57:12.537  1507  1507 I SurfaceFlinger: [DimTransitionLayer for Surface(name=Task=44861)/@0xc26454d#155777] attach to parent LayerHierarchy{RequestedLayerState{Transition Root: Task=44861#155776 parentId=10 z=42} 3 children}
03-02 00:57:12.537  2013  4823 D InputTransport: Input channel destroyed: '9160c03', fd=1131
03-02 00:57:12.538 17532 17532 D InputTransport: Input channel constructed: '9160c03', fd=119
