03-02 00:57:36.344  2746  2808 I InsetsController: onStateChanged: host=Splash Screen com.podcast.app.debug.test, from=android.view.ViewRootImpl.onInsetsStateChanged:3026, state=InsetsState: {mDisplayFrame=Rect(0, 0 - 1080, 2340), mDisplayCutout=DisplayCutout{insets=Rect(0, 80 - 0, 0) waterfall=Insets{left=0, top=0, right=0, bottom=0} boundingRect={Bounds=[Rect(0, 0 - 0, 0), Rect(472, 0 - 608, 80), Rect(0, 0 - 0, 0), Rect(0, 0 - 0, 0)]} cutoutPathParserInfo={CutoutPathParserInfo{displayWidth=1080 displayHeight=2340 physicalDisplayWidth=1080 physicalDisplayHeight=2340 density={2.8125} cutoutSpec={M 0,0 H -24.177777778 V 28.4444444444 H 24.177777778 V 0 H 0 Z @dp} rotation={0} scale={1.0} physicalPixelDisplaySizeRatio={1.0}}} sideOverrides={}}, mRoundedCorners=RoundedCorners{[RoundedCorner{position=TopLeft, radius=113, center=Point(113, 113)}, RoundedCorner{position=TopRight, radius=113, center=Point(967, 113)}, RoundedCorner{position=BottomRight, radius=113, center=Point(967, 2227)}, RoundedCorner{position=BottomLeft, radius=113, center=Point(113, 2227)}]}  mRoundedCornerFrame=Rect(0, 0 - 1080, 2340), mPrivacyIndicatorBounds=PrivacyIndicatorBounds {static bounds=Rect(956, 0 - 1080, 80) rotation=0}, mDisplayShape=DisplayShape{ spec=-311912193 displayWidth=1080 displayHeight=2340 physicalPixelDisplaySizeRatio=1.0 rotation=0 offsetX=0 offsetY=0 scale=1.0}, mSources= { InsetsSource: {e9af0000 mType=statusBars mFrame=[0,0][1080,80] mVisible=true mFlags= mSideHint=TOP mBoundingRects=null}, InsetsSource: {e9af0005 mType=mandatorySystemGestures mFrame=[0,0][1080,114] mVisible=true mFlags= mSideHint=TOP mBoundingRects=null}, InsetsSource: {e9af0006 mType=tappableElement mFrame=[0,0][1080,80] mVisible=true mFlags= mSideHint=TOP mBoundingRects=null}, InsetsSource: {3 mType=ime mFrame=[0,0][0,0] mVisible=false mFlags= mSideHint=NONE mBoundingRects=null}, InsetsSource: {27 mType=displayCutout mFrame=[0,0][1080,80] mVisible=true mFlags= mSideHint=TOP mBoundingRects=null}, InsetsSource: {26ed0001 mType=navigationBars mFrame=[0,2298][1080,2340] mVisible=true mFlags=SUPPRESS_SCRIM mSideHint=BOTTOM mBoundingRects=null}, InsetsSource: {26ed0004 mType=systemGestures mFrame=[0,0][84,2340] mVisible=true mFlags= mSideHint=LEFT mBoundingRects=null}, InsetsSource: {26ed0005 mType=mandatorySystemGestures mFrame=[0,2250][1080,2340] mVisible=true mFlags= mSideHint=BOTTOM mBoundingRects=null}, InsetsSource: {26ed0006 mType=tappableElement mFrame=[0,0][0,0] mVisible=true mFlags= mSideHint=NONE mBoundingRects=null}, InsetsSource: {26ed0024 mType=systemGestures mFrame=[996,0][1080,2340] mVisible=true mFlags= mSideHint=RIGHT mBoundingRects=null} }
03-02 00:57:36.345  2013  2600 D AS.MultiSoundManager: mForegroundUid = 10687
03-02 00:57:36.345  2746  2808 I VRI[test]@1a23f06: onActiveControlsChanged, removed=false, mAdded=true, caller=android.view.ViewRootImpl.handleInsetsControlChanged:3002 android.view.ViewRootImpl.relayoutWindow:11629 android.view.ViewRootImpl.performTraversals:4804 android.view.ViewRootImpl.doTraversal:3924 android.view.ViewRootImpl$TraversalRunnable.run:12903
03-02 00:57:36.345 14636 15217 W JobInfo : Requested important-while-foreground flag for job3699 is ignored and takes no effect
03-02 00:57:36.345 14885 15878 W NaviWarn: StackPtr is not 8-byte aligned.
03-02 00:57:36.345 14636 15217 D WM-SystemJobScheduler: Scheduling work ID f23029b8-b7a3-4a93-aaf6-b7c7a26dfe9eJob ID 3699
03-02 00:57:36.345  2746  2808 D BufferQueueConsumer: [](id:aba00001e30,api:0,p:-1,c:2746) connect: controlledByApp=false
03-02 00:57:36.346  2746  2808 I BLASTBufferQueue: [VRI[test]@1a23f06#7728](f:0,a:0,s:0) constructor()
03-02 00:57:36.346  2746  2808 I BLASTBufferQueue_Java: new BLASTBufferQueue, mName= VRI[test]@1a23f06 mNativeObject= 0xb40000771f64b400 caller= android.view.ViewRootImpl.updateBlastSurfaceIfNeeded:3585 android.view.ViewRootImpl.relayoutWindow:11685 android.view.ViewRootImpl.performTraversals:4804 android.view.ViewRootImpl.doTraversal:3924 android.view.ViewRootImpl$TraversalRunnable.run:12903 android.view.Choreographer$CallbackRecord.run:1901 android.view.Choreographer$CallbackRecord.run:1910 android.view.Choreographer.doCallbacks:1367 android.view.Choreographer.doFrame:1292 android.view.Choreographer$FrameDisplayEventReceiver.run:1870
03-02 00:57:36.346  2746  2808 I BLASTBufferQueue_Java: update, w= 1080 h= 2340 mName = VRI[test]@1a23f06 mNativeObject= 0xb40000771f64b400 sc.mNativeObject= 0xb40000772aec5380 format= -3 caller= android.view.ViewRootImpl.updateBlastSurfaceIfNeeded:3590 android.view.ViewRootImpl.relayoutWindow:11685 android.view.ViewRootImpl.performTraversals:4804 android.view.ViewRootImpl.doTraversal:3924 android.view.ViewRootImpl$TraversalRunnable.run:12903 android.view.Choreographer$CallbackRecord.run:1901
03-02 00:57:36.346  2746  2808 I BLASTBufferQueue: [VRI[test]@1a23f06#7728](f:0,a:0,s:0) update width=1080 height=2340 format=-3 mTransformHint=0
03-02 00:57:36.347  2746  2808 I VRI[test]@1a23f06: Relayout returned: old=(0,0,1080,2340) new=(0,0,1080,2340) relayoutAsync=false req=(1080,2340)0 dur=19 res=0x3 s={true 0xb40000772ade5b00} ch=true seqId=0
03-02 00:57:36.348  2746  2808 I VRI[test]@1a23f06: performConfigurationChange setNightDimText nightDimLevel=0
03-02 00:57:36.349  2746  2808 D VRI[test]@1a23f06: mThreadedRenderer.initialize() mSurface={isValid=true 0xb40000772ade5b00} hwInitialized=true
03-02 00:57:36.350  2746  2808 D VRI[test]@1a23f06: reportNextDraw android.view.ViewRootImpl.performTraversals:5443 android.view.ViewRootImpl.doTraversal:3924 android.view.ViewRootImpl$TraversalRunnable.run:12903 android.view.Choreographer$CallbackRecord.run:1901 android.view.Choreographer$CallbackRecord.run:1910
03-02 00:57:36.350  2746  2808 D VRI[test]@1a23f06: Setup new sync=wmsSync-VRI[test]@1a23f06#73
03-02 00:57:36.350  2746  2808 I VRI[test]@1a23f06: Creating new active sync group VRI[test]@1a23f06#74
03-02 00:57:36.352  2746  2808 D VRI[test]@1a23f06: registerCallbacksForSync syncBuffer=false
03-02 00:57:36.353 17532 17532 I DecorView: setWindowBackground: isPopOver=false color=ffffffff d=android.graphics.drawable.ColorDrawable@44b88a
03-02 00:57:36.355  5235  5235 I InputMethodService: removeImeSurface
03-02 00:57:36.355  5235  5235 I InputMethodService: cancelImeSurfaceRemoval: removeCallbacks
03-02 00:57:36.357  1507  1845 D SurfaceFlinger: [input] setFocusedWindow: <null>
03-02 00:57:36.357  1507  1845 D SurfaceFlinger: updateWinowInfo=1, setFocusedWindow timestamp=491135336718503, windowName=<null>
03-02 00:57:36.357  2013  4835 D InputDispatcher: Once focus requested (0): <null>
03-02 00:57:36.357  2013  4835 D InputDispatcher: Focus request (0): <null> but waiting because NO_WINDOW
03-02 00:57:36.357  2013  4835 D InputDispatcher: Focus left window (0): c358fd6 com.podcast.app.debug/androidx.activity.ComponentActivity
03-02 00:57:36.358 17121 17121 I ImeFocusController: onPreWindowFocus: skipped hasWindowFocus=false mHasImeFocus=true
03-02 00:57:36.358 17121 17121 I ImeFocusController: onPostWindowFocus: skipped hasWindowFocus=false mHasImeFocus=true
03-02 00:57:36.360  2746  2866 D VRI[test]@1a23f06: Received frameDrawingCallback syncResult=0 frameNum=1.
03-02 00:57:36.360  2746  2866 I VRI[test]@1a23f06: mWNT: t=0xb4000076ae53a980 mBlastBufferQueue=0xb40000771f64b400 fn= 1 HdrRenderState mRenderHdrSdrRatio=1.0 caller= android.view.ViewRootImpl$12.onFrameDraw:15441 android.view.ThreadedRenderer$1.onFrameDraw:718 <bottom of call stack>
03-02 00:57:36.360  2746  2866 I VRI[test]@1a23f06: Setting up sync and frameCommitCallback
03-02 00:57:36.360  2013  2065 D PkgPredictorService-SecIpmManagerServiceImpl: bg information pid:14885 uid:10350 pkgName:com.zhiliaoapp.musically
03-02 00:57:36.361 17532 17532 I ViewRootImpl: dVRR is disabled
03-02 00:57:36.362 17532 17563 D NativeCustomFrequencyManager: [NativeCFMS] BpCustomFrequencyManager::BpCustomFrequencyManager()
03-02 00:57:36.364  2746  2870 I BLASTBufferQueue: [VRI[test]@1a23f06#7728](f:0,a:0,s:0) onFrameAvailable the first frame is available
03-02 00:57:36.364  2746  2870 I BLASTBufferQueue: [VRI[test]@1a23f06#7728](f:0,a:1,s:0) acquireNextBufferLocked size=1080x2340 mFrameNumber=1 applyTransaction=true mTimestamp=491135364996657(auto) mPendingTransactions.size=0 graphicBufferId=11793980283723 transform=0
03-02 00:57:36.364  2013  2252 D InputTransport: Input channel constructed: 'fd35434', fd=964
03-02 00:57:36.364  2013  2252 D InputTransport: Input channel constructed: 'fd35434', fd=1100
03-02 00:57:36.364  2013  2252 D InputTransport: Input channel constructed: 'fd35434', fd=1131
03-02 00:57:36.364  2013  2252 D InputTransport: Input channel destroyed: 'fd35434', fd=1100
03-02 00:57:36.365  2013  2253 W ParceledListSlice: Element #30 is 21544 bytes.
03-02 00:57:36.365  1507  2393 I SurfaceFlinger: id=156562 createSurf, flag=84004, fd35434 com.podcast.app.debug.test/androidx.test.core.app.InstrumentationActivityInvoker$EmptyActivity#156562
03-02 00:57:36.366  2746  2870 I VRI[test]@1a23f06: Received frameCommittedCallback lastAttemptedDrawFrameNum=1 didProduceBuffer=true
03-02 00:57:36.367  2013  2252 D InputTransport: Input channel destroyed: 'fd35434', fd=1131
03-02 00:57:36.367  1507  1565 E SfCpu   :  sched_setaffinity return fail 1461
03-02 00:57:36.367  1507  1565 E SfCpu   :  sched_setaffinity return fail 1444
03-02 00:57:36.367 17532 17532 D InputTransport: Input channel constructed: 'fd35434', fd=119
03-02 00:57:36.367  1646  1892 I CameraService: onUidStateChanged: uid=10492, procState is changed. (8 -> 19)
03-02 00:57:36.368 17532 17532 I InsetsController: onStateChanged: host=com.podcast.app.debug.test/androidx.test.core.app.InstrumentationActivityInvoker$EmptyActivity, from=android.view.ViewRootImpl.onInsetsStateChanged:3026, state=InsetsState: {mDisplayFrame=Rect(0, 0 - 1080, 2340), mDisplayCutout=DisplayCutout{insets=Rect(0, 80 - 0, 0) waterfall=Insets{left=0, top=0, right=0, bottom=0} boundingRect={Bounds=[Rect(0, 0 - 0, 0), Rect(472, 0 - 608, 80), Rect(0, 0 - 0, 0), Rect(0, 0 - 0, 0)]} cutoutPathParserInfo={CutoutPathParserInfo{displayWidth=1080 displayHeight=2340 physicalDisplayWidth=1080 physicalDisplayHeight=2340 density={2.8125} cutoutSpec={M 0,0 H -24.177777778 V 28.4444444444 H 24.177777778 V 0 H 0 Z @dp} rotation={0} scale={1.0} physicalPixelDisplaySizeRatio={1.0}}} sideOverrides={}}, mRoundedCorners=RoundedCorners{[RoundedCorner{position=TopLeft, radius=113, center=Point(113, 113)}, RoundedCorner{position=TopRight, radius=113, center=Point(967, 113)}, RoundedCorner{position=BottomRight, radius=113, center=Point(967, 2227)}, RoundedCorner{position=BottomLeft, radius=113, center=Point(113, 2227)}]}  mRoundedCornerFrame=Rect(0, 0 - 1080, 2340), mPrivacyIndicatorBounds=PrivacyIndicatorBounds {static bounds=Rect(956, 0 - 1080, 80) rotation=0}, mDisplayShape=DisplayShape{ spec=-311912193 displayWidth=1080 displayHeight=2340 physicalPixelDisplaySizeRatio=1.0 rotation=0 offsetX=0 offsetY=0 scale=1.0}, mSources= { InsetsSource: {e9af0000 mType=statusBars mFrame=[0,0][1080,80] mVisible=true mFlags= mSideHint=TOP mBoundingRects=null}, InsetsSource: {e9af0005 mType=mandatorySystemGestures mFrame=[0,0][1080,114] mVisible=true mFlags= mSideHint=TOP mBoundingRects=null}, InsetsSource: {e9af0006 mType=tappableElement mFrame=[0,0][1080,80] mVisible=true mFlags= mSideHint=TOP mBoundingRects=null}, InsetsSource: {3 mType=ime mFrame=[0,0][0,0] mVisible=false mFlags= mSideHint=NONE mBoundingRects=null}, InsetsSource: {27 mType=displayCutout mFrame=[0,0][1080,80] mVisible=true mFlags= mSideHint=TOP mBoundingRects=null}, InsetsSource: {26ed0001 mType=navigationBars mFrame=[0,2298][1080,2340] mVisible=true mFlags=SUPPRESS_SCRIM mSideHint=BOTTOM mBoundingRects=null}, InsetsSource: {26ed0004 mType=systemGestures mFrame=[0,0][84,2340] mVisible=true mFlags= mSideHint=LEFT mBoundingRects=null}, InsetsSource: {26ed0005 mType=mandatorySystemGestures mFrame=[0,2250][1080,2340] mVisible=true mFlags= mSideHint=BOTTOM mBoundingRects=null}, InsetsSource: {26ed0006 mType=tappableElement mFrame=[0,0][0,0] mVisible=true mFlags= mSideHint=NONE mBoundingRects=null}, InsetsSource: {26ed0024 mType=systemGestures mFrame=[996,0][1080,2340] mVisible=true mFlags= mSideHint=RIGHT mBoundingRects=null} }
03-02 00:57:36.369 17532 17532 I VRI[InstrumentationActivityInvoker$EmptyActivity]@a81f971: synced displayState. AttachInfo displayState=2
03-02 00:57:36.369 17532 17532 I VRI[InstrumentationActivityInvoker$EmptyActivity]@a81f971: setView = com.android.internal.policy.DecorView@44580c4 IsHRR=false mFlingFrameRateChange=0 TM=true
03-02 00:57:36.369  3202  3386 I HoneySpace.TopTaskSource: onTaskFocusChanged(): taskId = 44893
03-02 00:57:36.370  2746  2870 D HWUI    : CFMS:: SetUp Pid : 2746    Tid : 2870
03-02 00:57:36.371  2746  2808 D VRI[test]@1a23f06: reportDrawFinished seqId=0
03-02 00:57:36.371 17532 17563 D HWUI    : HWUI - treat SMPTE_170M as sRGB
03-02 00:57:36.371  2746  2746 I {OngoingActivityController}: onTaskFocusChanged but OA data is empty
03-02 00:57:36.371 14885 14885 D BBA2    : setIsFg isFg = false; delayValue 3999ms
03-02 00:57:36.372  1646  1892 I CameraService: onUidStateChanged: uid=10062, procState is changed. (0 -> 1)
03-02 00:57:36.372  1507  1507 I SurfaceFlinger: [fd35434 com.podcast.app.debug.test/androidx.test.core.app.InstrumentationActivityInvoker$EmptyActivity#156562] attach to parent LayerHierarchy{RequestedLayerState{ActivityRecord{199915966 u0 com.podcast.app.debug.test/androidx.test.core.app.InstrumentationActivityInvoker$EmptyActivity t44893}#156559 parentId=156558} 2 children}
03-02 00:57:36.376  1507  1907 I SurfaceFlinger: id=156563 createSurf, flag=84004, Transition Root: Task=44893#156563
03-02 00:57:36.379  2013  2068 I SurfaceControlRegistry: show, t=StartTransaction_SyncId<11293> sc=ActivityRecord{199915966 u0 com.podcast.app.debug.test/androidx.test.core.app.InstrumentationActivityInvoker$EmptyActivity t44893}, caller=android.view.SurfaceControl$Transaction.show:3557 com.android.server.wm.Transition.onTransactionReady:2048 com.android.server.wm.BLASTSyncEngine$SyncGroup.finishNow:240 com.android.server.wm.BLASTSyncEngine.onSurfacePlacement:263 com.android.server.wm.RootWindowContainer.performSurfacePlacementNoTrace:1083 com.android.server.wm.WindowSurfacePlacer.performSurfacePlacement:166
03-02 00:57:36.381  2013  2068 D ScreenCapture: [Capture_TEST] : setIsScreenShotBySystem false
03-02 00:57:36.384  2013  2068 I SurfaceComposerClient: captureLayers:childrenOnly:1, sync:1
03-02 00:57:36.385  2746  2798 I SurfaceControlRegistry: hide, t=FinishTransaction_SyncId<11293> sc=Task=44892, caller=android.view.SurfaceControl$Transaction.hide:3583 com.android.wm.shell.transition.Transitions.dispatchReady:1263 com.android.wm.shell.transition.Transitions.onTransitionReady:251 com.android.wm.shell.transition.Transitions$TransitionPlayerImpl$$ExternalSyntheticLambda0.run:13 android.os.Handler.handleCallback:995 android.os.Handler.dispatchMessage:103
03-02 00:57:36.385  2746  2798 I SurfaceControlRegistry: show, t=StartTransaction_SyncId<11293> sc=Task=44893, caller=android.view.SurfaceControl$Transaction.show:3557 com.android.wm.shell.transition.Transitions.dispatchReady:1279 com.android.wm.shell.transition.Transitions.onTransitionReady:251 com.android.wm.shell.transition.Transitions$TransitionPlayerImpl$$ExternalSyntheticLambda0.run:13 android.os.Handler.handleCallback:995 android.os.Handler.dispatchMessage:103
03-02 00:57:36.386  2746  2798 I SurfaceControlRegistry: show, t=FinishTransaction_SyncId<11293> sc=Task=44893, caller=android.view.SurfaceControl$Transaction.show:3557 com.android.wm.shell.transition.Transitions.dispatchReady:1330 com.android.wm.shell.transition.Transitions.onTransitionReady:251 com.android.wm.shell.transition.Transitions$TransitionPlayerImpl$$ExternalSyntheticLambda0.run:13 android.os.Handler.handleCallback:995 android.os.Handler.dispatchMessage:103
03-02 00:57:36.386  2746  2798 I SurfaceControlRegistry: show, t=StartTransaction_SyncId<11293> sc=Transition Root: Task=44893, caller=android.view.SurfaceControl$Transaction.show:3557 com.android.wm.shell.transition.Transitions.playTransition:79 com.android.wm.shell.transition.Transitions.processReadyQueue:239 com.android.wm.shell.transition.Transitions.dispatchReady:1352 com.android.wm.shell.transition.Transitions.onTransitionReady:251 com.android.wm.shell.transition.Transitions$TransitionPlayerImpl$$ExternalSyntheticLambda0.run:13
03-02 00:57:36.388  1507  1907 I SurfaceFlinger: Capture layer list: 	 com.podcast.app.debug/androidx.activity.ComponentActivity$_17121#156551(seamlessTransition:0)
03-02 00:57:36.391  3202  3202 I HoneySpace.EdgePanel.CocktailHostRepositoryImpl: onNoteResume
03-02 00:57:36.391  3202  3202 I HoneySpace.EdgePanel.EdgePanelContainerViewModel: cocktailHostRepository.edgePanelOperation NoteResumeComponent(componentName=ComponentInfo{com.podcast.app.debug.test/androidx.test.core.app.InstrumentationActivityInvoker$EmptyActivity})
03-02 00:57:36.391  3202  3202 I HoneySpace.EdgePanel.ActivityUtils: HomePackage : com.sec.android.app.launcher, resumePackageName : com.podcast.app.debug.test, className : androidx.test.core.app.InstrumentationActivityInvoker$EmptyActivity
03-02 00:57:36.392  1507  2393 I SurfaceFlinger: id=156564 createSurf, flag=20004, DimTransitionLayer for Surface(name=Task=44893)/@0x22e4e78#156564
03-02 00:57:36.393  2746  2798 I SurfaceControlRegistry: show, t=StartTransaction_SyncId<11293> sc=DimTransitionLayer for Surface(name=Task=44893)/@0x22e4e78, caller=android.view.SurfaceControl$Transaction.show:3557 com.android.wm.shell.transition.DefaultTransitionHandler.startAnimation:2837 com.android.wm.shell.transition.Transitions.dispatchTransition:90 com.android.wm.shell.transition.Transitions.playTransition:774 com.android.wm.shell.transition.Transitions.processReadyQueue:239 com.android.wm.shell.transition.Transitions.dispatchReady:1352
03-02 00:57:36.393  2746  2798 I SurfaceControlRegistry: apply, t=StartTransaction_SyncId<11293>, caller=android.view.SurfaceControl$Transaction.apply:3459 android.view.SurfaceControl$Transaction.apply:3447 android.view.SurfaceControl$Transaction.apply:3397 com.android.wm.shell.transition.DefaultTransitionHandler.startAnimation:3292 com.android.wm.shell.transition.Transitions.dispatchTransition:90 com.android.wm.shell.transition.Transitions.playTransition:774
03-02 00:57:36.394  1507  1507 I SurfaceFlinger: RequestedLayer [6fd64b3 Splash Screen com.podcast.app.debug.test#156560] hidden!! flag  from(1) --> to(0)
03-02 00:57:36.394  1507  1507 I SurfaceFlinger: RequestedLayer [fd35434 com.podcast.app.debug.test/a[...]ActivityInvoker$EmptyActivity#156562] hidden!! flag  from(1) --> to(0)
03-02 00:57:36.394  1507  1507 I SurfaceFlinger: RequestedLayer [Splash Screen com.podcast.app.debug.test$_2746#156561] hidden!! flag  from(1) --> to(0)
03-02 00:57:36.394  1507  1507 I SurfaceFlinger: RequestedLayer [Task=44893#156558] hidden!! flag  from(1) --> to(0)
03-02 00:57:36.394  1507  1507 E SurfaceFlinger: alpha changed 1.000 -> 0.000 - Task=44893#156558
03-02 00:57:36.394  1507  1507 I SurfaceFlinger: RequestedLayer [Transition Root: Task=44893#156563] hidden!! flag  from(1) --> to(0)
03-02 00:57:36.394  1507  1507 I SurfaceFlinger: RequestedLayer [ActivityRecord{199915966 u0 com.podc[...]Invoker$EmptyActivity t44893}#156559] hidden!! flag  from(1) --> to(0)
03-02 00:57:36.394  1507  1507 I SurfaceFlinger: RequestedLayer [DimTransitionLayer for Surface(name=Task=44893)/@0x22e4e78#156564] hidden!! flag  from(1) --> to(0)
03-02 00:57:36.394  1507  1507 E SurfaceFlinger: alpha changed 1.000 -> 0.000 - DimTransitionLayer for Surface(name=Task=44893)/@0x22e4e78#156564
03-02 00:57:36.394  1507  1507 I SurfaceFlinger: [LayerHierarchy{RequestedLayerState{Task=44892#156542 parentId=156563 z=2} 1 children}] reparent to LayerHierarchy{RequestedLayerState{Transition Root: Task=44893#156563 parentId=10 z=42} 1 children}
03-02 00:57:36.394  1507  1507 I SurfaceFlinger: [LayerHierarchy{RequestedLayerState{Task=44893#156558 parentId=156563 z=5} 1 children}] reparent to LayerHierarchy{RequestedLayerState{Transition Root: Task=44893#156563 parentId=10 z=42} 2 children}
03-02 00:57:36.394  1507  1507 I SurfaceFlinger: [Transition Root: Task=44893#156563] attach to parent LayerHierarchy{RequestedLayerState{DefaultTaskDisplayArea_d0#10 parentId=9} 45 children}
03-02 00:57:36.394  1507  1507 I SurfaceFlinger: [DimTransitionLayer for Surface(name=Task=44893)/@0x22e4e78#156564] attach to parent LayerHierarchy{RequestedLayerState{Transition Root: Task=44893#156563 parentId=10 z=42} 3 children}
03-02 00:57:36.397  1507  2393 I SurfaceFlinger: id=156565 createSurf, flag=84000, 2f66140 ActivityRecordInputSink com.podcast.app.debug.test/androidx.test.core.app.InstrumentationActivityInvoker$EmptyActivity#156565
03-02 00:57:36.400  2013  3566 I WindowManager: Relayout Window{fd35434 u0 com.podcast.app.debug.test/androidx.test.core.app.InstrumentationActivityInvoker$EmptyActivity}: viewVisibility=0 req=1080x2340 ty=1 d0
03-02 00:57:36.401  1507  2128 I SurfaceFlinger: id=156566 createSurf, flag=44004, com.podcast.app.debug.test/androidx.test.core.app.InstrumentationActivityInvoker$EmptyActivity$_17532#156566
03-02 00:57:36.401  1507  1825 I SurfaceFlinger: Capture layer list: 	 com.podcast.app.debug/androidx.activity.ComponentActivity$_17121#156551(seamlessTransition:0)
03-02 00:57:36.403  1507  2128 I SurfaceFlinger: id=156567 createSurf, flag=24000, Surface(name=c536234 NavigationBar0)/@0xfac847b - animation-leash of insets_animation#156567
03-02 00:57:36.404  1507  1907 I SurfaceFlinger: id=156568 createSurf, flag=24000, Surface(name=a5d3a68 StatusBar)/@0xd5726d6 - animation-leash of insets_animation#156568
03-02 00:57:36.406  1507  1507 E SurfaceFlinger: alpha changed 0.000 -> 1.000 - Task=44893#156558
03-02 00:57:36.406  1507  1507 I SurfaceFlinger: [2f66140 ActivityRecordInputSink com.podcast.app.debug.test/androidx.test.core.app.InstrumentationActivityInvoker$EmptyActivity#156565] attach to parent LayerHierarchy{RequestedLayerState{ActivityRecord{199915966 u0 com.podcast.app.debug.test/androidx.test.core.app.InstrumentationActivityInvoker$EmptyActivity t44893}#156559 parentId=156558} 3 children}
03-02 00:57:36.406  1507  1507 I SurfaceFlinger: [com.podcast.app.debug.test/androidx.test.core.app.InstrumentationActivityInvoker$EmptyActivity$_17532#156566] attach to parent LayerHierarchy{RequestedLayerState{fd35434 com.podcast.app.debug.test/androidx.test.core.app.InstrumentationActivityInvoker$EmptyActivity#156562 parentId=156559} 1 children}
03-02 00:57:36.406  1507  1507 I SurfaceFlinger: [Surface(name=c536234 NavigationBar0)/@0xfac847b - animation-leash of insets_animation#156567] attach to parent LayerHierarchy{RequestedLayerState{WindowToken{5cf38d1 type=2019 android.os.BinderProxy@916675b}#101 parentId=34} 2 children}
03-02 00:57:36.406  1507  1507 I SurfaceFlinger: [Surface(name=a5d3a68 StatusBar)/@0xd5726d6 - animation-leash of insets_animation#156568] attach to parent LayerHierarchy{RequestedLayerState{WindowToken{d05298b type=2000 android.os.BinderProxy@163b705}#108 parentId=17} 2 children}
03-02 00:57:36.407  1507  1562 I SurfaceFlinger: id=156569 createSurf, flag=24000, Surface(name=c536234 NavigationBar0)/@0xfac847b - animation-leash of insets_animation#156569
03-02 00:57:36.409  1507  1563 I SurfaceFlinger: id=156570 createSurf, flag=24000, Surface(name=a5d3a68 StatusBar)/@0xd5726d6 - animation-leash of insets_animation#156570
03-02 00:57:36.409  1507  1507 I BufferQueueProducer: [NavigationBar0$_2746#113](this:0xb400007a17b59e38,id:-1,api:0,p:-1,c:1507) queueBuffer: fps=53.42 dur=1010.79 max=346.01 min=9.36
03-02 00:57:36.409  1445  2902 W C2MtkBufferManager: [0xB4000070F507E520] fetchNewCcBlock: wait fence 0x0xb4000070f5058270 timed out. ret 110
03-02 00:57:36.410  2013  3566 I SystemKeyManager: requested systemKeyInfo size=1 focusedWindow=com.podcast.app.debug.test/androidx.test.core.app.InstrumentationActivityInvoker$EmptyActivity
03-02 00:57:36.410  2013  3566 I SystemKeyManager: requested systemKeyInfo size=2 focusedWindow=com.podcast.app.debug.test/androidx.test.core.app.InstrumentationActivityInvoker$EmptyActivity
03-02 00:57:36.412  2013  3566 I WindowManager: Relayout hash=fd35434, pid=17532, syncId=-1: mAttrs={(0,0)(fillxfill) sim={adjust=pan forwardNavigation} layoutInDisplayCutoutMode=always ty=BASE_APPLICATION
03-02 00:57:36.412  2013  3566 I WindowManager:   fl=81810100
03-02 00:57:36.412  2013  3566 I WindowManager:   pfl=100088c0
03-02 00:57:36.412  2013  3566 I WindowManager:   bhv=1
03-02 00:57:36.412  2013  3566 I WindowManager:   fitSides=0
03-02 00:57:36.412  2013  3566 I WindowManager:   frameRateBoostOnTouch=true
03-02 00:57:36.412  2013  3566 I WindowManager:   dvrrWindowFrameRateHint=true naviIconColor=0}
03-02 00:57:36.413 17532 17532 D BufferQueueConsumer: [](id:447c0000001b,api:0,p:-1,c:17532) connect: controlledByApp=false
03-02 00:57:36.413 17532 17532 I BLASTBufferQueue: [VRI[InstrumentationActivityInvoker$EmptyActivity]@a81f971#27](f:0,a:0,s:0) constructor()
03-02 00:57:36.414 17532 17532 I BLASTBufferQueue_Java: new BLASTBufferQueue, mName= VRI[InstrumentationActivityInvoker$EmptyActivity]@a81f971 mNativeObject= 0xb400007869824000 caller= android.view.ViewRootImpl.updateBlastSurfaceIfNeeded:3585 android.view.ViewRootImpl.relayoutWindow:11685 android.view.ViewRootImpl.performTraversals:4804 android.view.ViewRootImpl.doTraversal:3924 android.view.ViewRootImpl$TraversalRunnable.run:12903 android.view.Choreographer$CallbackRecord.run:1901 android.view.Choreographer$CallbackRecord.run:1910 android.view.Choreographer.doCallbacks:1367 android.view.Choreographer.doFrame:1292 android.view.Choreographer$FrameDisplayEventReceiver.run:1870
03-02 00:57:36.414 17532 17532 I BLASTBufferQueue_Java: update, w= 1080 h= 2340 mName = VRI[InstrumentationActivityInvoker$EmptyActivity]@a81f971 mNativeObject= 0xb400007869824000 sc.mNativeObject= 0xb400007837f10a40 format= -1 caller= android.view.ViewRootImpl.updateBlastSurfaceIfNeeded:3590 android.view.ViewRootImpl.relayoutWindow:11685 android.view.ViewRootImpl.performTraversals:4804 android.view.ViewRootImpl.doTraversal:3924 android.view.ViewRootImpl$TraversalRunnable.run:12903 android.view.Choreographer$CallbackRecord.run:1901
03-02 00:57:36.414 17532 17532 I BLASTBufferQueue: [VRI[InstrumentationActivityInvoker$EmptyActivity]@a81f971#27](f:0,a:0,s:0) update width=1080 height=2340 format=-1 mTransformHint=0
03-02 00:57:36.414 17532 17532 I VRI[InstrumentationActivityInvoker$EmptyActivity]@a81f971: Relayout returned: old=(0,0,1080,2340) new=(0,0,1080,2340) relayoutAsync=false req=(1080,2340)0 dur=39 res=0x3 s={true 0xb40000783ab89900} ch=true seqId=0
03-02 00:57:36.415 17532 17532 I VRI[InstrumentationActivityInvoker$EmptyActivity]@a81f971: performConfigurationChange setNightDimText nightDimLevel=0
03-02 00:57:36.416 17532 17532 D VRI[InstrumentationActivityInvoker$EmptyActivity]@a81f971: mThreadedRenderer.initialize() mSurface={isValid=true 0xb40000783ab89900} hwInitialized=true
03-02 00:57:36.417 17532 17532 D VRI[InstrumentationActivityInvoker$EmptyActivity]@a81f971: reportNextDraw android.view.ViewRootImpl.performTraversals:5443 android.view.ViewRootImpl.doTraversal:3924 android.view.ViewRootImpl$TraversalRunnable.run:12903 android.view.Choreographer$CallbackRecord.run:1901 android.view.Choreographer$CallbackRecord.run:1910
03-02 00:57:36.417 17532 17532 D VRI[InstrumentationActivityInvoker$EmptyActivity]@a81f971: Setup new sync=wmsSync-VRI[InstrumentationActivityInvoker$EmptyActivity]@a81f971#54
03-02 00:57:36.417 17532 17532 I VRI[InstrumentationActivityInvoker$EmptyActivity]@a81f971: Creating new active sync group VRI[InstrumentationActivityInvoker$EmptyActivity]@a81f971#55
03-02 00:57:36.417  1507  1507 I SurfaceFlinger: [Surface(name=c536234 NavigationBar0)/@0xfac847b - animation-leash of insets_animation#156569] attach to parent LayerHierarchy{RequestedLayerState{WindowToken{5cf38d1 type=2019 android.os.BinderProxy@916675b}#101 parentId=34} 3 children}
03-02 00:57:36.417  1507  1507 I SurfaceFlinger: [Surface(name=a5d3a68 StatusBar)/@0xd5726d6 - animation-leash of insets_animation#156570] attach to parent LayerHierarchy{RequestedLayerState{WindowToken{d05298b type=2000 android.os.BinderProxy@163b705}#108 parentId=17} 3 children}
03-02 00:57:36.418 17532 17532 D VRI[InstrumentationActivityInvoker$EmptyActivity]@a81f971: registerCallbacksForSync syncBuffer=false
03-02 00:57:36.422  2013  2065 D PkgPredictorService-SecIpmManagerServiceImpl: onForegroundActivitiesChanged pid:17532 uid:10687
03-02 00:57:36.425  2013  3282 V PkgPredictorService-SecIpmManagerServiceImpl: discard foreground app:com.podcast.app.debug.test 1|true
03-02 00:57:36.425  2013  4834 W ParceledListSlice: Element #30 is 21544 bytes.
03-02 00:57:36.428  1507  1507 E SurfaceFlinger: alpha changed 0.000 -> 0.013 - DimTransitionLayer for Surface(name=Task=44893)/@0x22e4e78#156564
03-02 00:57:36.428  1507  1507 I SurfaceFlinger: [LayerHierarchy{RequestedLayerState{c536234 NavigationBar0#102 parentId=156569} 1 children}] reparent to LayerHierarchy{RequestedLayerState{Surface(name=c536234 NavigationBar0)/@0xfac847b - animation-leash of insets_animation#156569 parentId=101} 1 children}
03-02 00:57:36.428  1507  1507 I SurfaceFlinger: [LayerHierarchy{RequestedLayerState{a5d3a68 StatusBar#109 parentId=156570} 1 children}] reparent to LayerHierarchy{RequestedLayerState{Surface(name=a5d3a68 StatusBar)/@0xd5726d6 - animation-leash of insets_animation#156570 parentId=108} 1 children}
03-02 00:57:36.428  1507  1507 I SurfaceFlinger: [LayerHierarchy{RequestedLayerState{Surface(name=a5d3a68 StatusBar)/@0xd5726d6 - animation-leash of insets_animation#156553} no children}] reparent to OffscreenRoot
03-02 00:57:36.428  1507  1507 I SurfaceFlinger: [LayerHierarchy{RequestedLayerState{Surface(name=a5d3a68 StatusBar)/@0xd5726d6 - animation-leash of insets_animation#156553} no children}] RelativeParent to null
03-02 00:57:36.428  1507  1507 I SurfaceFlinger: [LayerHierarchy{RequestedLayerState{Surface(name=c536234 NavigationBar0)/@0xfac847b - animation-leash of insets_animation#156552} no children}] reparent to OffscreenRoot
03-02 00:57:36.428  1507  1507 I SurfaceFlinger: [LayerHierarchy{RequestedLayerState{Surface(name=c536234 NavigationBar0)/@0xfac847b - animation-leash of insets_animation#156552} no children}] RelativeParent to null
03-02 00:57:36.428  1507  1507 I SurfaceFlinger: [LayerHierarchy{RequestedLayerState{Surface(name=c536234 NavigationBar0)/@0xfac847b - animation-leash of insets_animation#156567} no children}] reparent to OffscreenRoot
03-02 00:57:36.428  1507  1507 I SurfaceFlinger: [LayerHierarchy{RequestedLayerState{Surface(name=c536234 NavigationBar0)/@0xfac847b - animation-leash of insets_animation#156567} no children}] RelativeParent to null
03-02 00:57:36.428  1507  1507 I SurfaceFlinger: [LayerHierarchy{RequestedLayerState{Surface(name=a5d3a68 StatusBar)/@0xd5726d6 - animation-leash of insets_animation#156568} no children}] reparent to OffscreenRoot
03-02 00:57:36.428  1507  1507 I SurfaceFlinger: [LayerHierarchy{RequestedLayerState{Surface(name=a5d3a68 StatusBar)/@0xd5726d6 - animation-leash of insets_animation#156568} no children}] RelativeParent to null
03-02 00:57:36.429 17532 17582 D VRI[InstrumentationActivityInvoker$EmptyActivity]@a81f971: Received frameDrawingCallback syncResult=0 frameNum=1.
03-02 00:57:36.429  3202 15778 I HoneySpace.RecentTasks: onRunningTaskAppeared
03-02 00:57:36.431  1507  2128 I SurfaceFlinger: onHandleDestroyed: layerId=156567, name=Surface(name=c536234 NavigationBar0)/@0xfac847b - animation-leash of insets_animation#156567
03-02 00:57:36.431 25915 26075 I Rubin   : [4019] M.c0.k(Unknown Source) : Notify com.samsung.android.rubin.inferenceengine.contextanalytics.engine.loggers.AppUsageLogger's database is updated.
03-02 00:57:36.431  1507  2128 I SurfaceFlinger: id=156567 Removed Surface(name=c536234 NavigationBar0)/@0xfac847b - animation-leash of insets_animation#156567 (340)
03-02 00:57:36.431  1507  2128 I SurfaceFlinger: onHandleDestroyed: layerId=156568, name=Surface(name=a5d3a68 StatusBar)/@0xd5726d6 - animation-leash of insets_animation#156568
03-02 00:57:36.431  1507  2128 I SurfaceFlinger: id=156568 Removed Surface(name=a5d3a68 StatusBar)/@0xd5726d6 - animation-leash of insets_animation#156568 (340)
03-02 00:57:36.432  3202 15778 I HoneySpace.RecentTasks: onRecentTasksChanged
03-02 00:57:36.432  2746  2746 D SamsungLightBarControlHelper: updateStatusBar (BLACK icon) numStacks:1, StatusBarMode:MODE_TRANSPARENT, lightBarBounds:[Rect(0, 0 - 1080, 2340)], StatusBarState:SHADE, packageName:, isWhiteKeyguardStatusBar:true
03-02 00:57:36.432  2746  2746 D SamsungLightBarControlHelper: onStatusBarAppearanceChanged() -  sbModeChanged:false, statusBarMode:0, barState:MODE_TRANSPARENT, isKeyguardShowing:false, navbarColorManagedByIme:false, (AppearanceRegion{LIGHT_STATUS_BARS bounds=[0,0][1080,2340]}, )
03-02 00:57:36.432  2746  2746 D NavigationBar: onSystemBarAttributesChanged() -  displayId:0, appearance:24, packageName: com.podcast.app.debug.test (APPEARANCE_LIGHT_STATUS_BARS APPEARANCE_LIGHT_NAVIGATION_BARS ), navbarColorManagedByIme:false
03-02 00:57:36.432  2746  2746 D NavigationBar: onSystemBarAttributesChanged() -  displayId:0, appearance:16, packageName: com.podcast.app.debug.test (APPEARANCE_LIGHT_NAVIGATION_BARS ), navbarColorManagedByIme:false
03-02 00:57:36.434 11590 11799 D Helios:Network-TTNet: pop event true for 2539e17f-d518-452f-9936-867d13621faa
03-02 00:57:36.435 17532 17582 I VRI[InstrumentationActivityInvoker$EmptyActivity]@a81f971: mWNT: t=0xb40000783aba3480 mBlastBufferQueue=0xb400007869824000 fn= 1 HdrRenderState mRenderHdrSdrRatio=1.0 caller= android.view.ViewRootImpl$12.onFrameDraw:15441 android.view.ThreadedRenderer$1.onFrameDraw:718 <bottom of call stack>
03-02 00:57:36.436 17532 17582 I VRI[InstrumentationActivityInvoker$EmptyActivity]@a81f971: Setting up sync and frameCommitCallback
03-02 00:57:36.436  1507  1507 D SurfaceFlinger: Display 4627039422300187648 HWC layers:
03-02 00:57:36.436  1507  1507 D SurfaceFlinger:        CLIENT |           73534135074936 | 00002102 | RGBA_8888    |   21.0    0.0 1080.0 2340.0 |    0    0 1080 2340 | com.podcast.app.debug/androidx.activity.ComponentActivity$_17121#156551 (2)
03-02 00:57:36.436  1507  1507 D SurfaceFlinger:   SOLID_COLOR |                        0 | 00000000 | N/A          |    0.0    0.0    0.0    0.0 |    0    0 1080 2340 | DimTransitionLayer for Surface(name=Task=44893)/@0x22e4e78#156564 (0)
03-02 00:57:36.436  1507  1507 D SurfaceFlinger:        DEVICE |           11793980283723 | 00002100 | RGBA_8888    |    0.0    0.0   68.0 2340.0 | 1012    0 1080 2340 | Splash Screen com.podcast.app.debug.test$_2746#156561 (1)
03-02 00:57:36.436  1507  1507 D SurfaceFlinger:        DEVICE |           11793980281879 | 00002100 | RGBA_8888    |    0.0    0.0 1080.0   80.0 |    0    0 1080   80 | StatusBar$_2746#117 (211141)
03-02 00:57:36.436  1507  1507 D SurfaceFlinger:        DEVICE |           13752485304097 | 00002100 | RGBA_8888    |    0.0    0.0   67.0  346.0 | 1013  454 1080  800 | com.sec.android.app.launcher/com.sam[...].app.CocktailBarService$_3202#152779 (1)
03-02 00:57:36.436  1507  1507 D SurfaceFlinger:        DEVICE |           11793980281853 | 00002100 | RGBA_8888
03-02 00:57:36.436  1507  1507 D SurfaceFlinger:     |    0.0    0.0 1080.0  135.0 |    0 2205 1080 2340 | NavigationBar0$_2746#113 (188097)
03-02 00:57:36.436  1507  1507 D SurfaceFlinger:
03-02 00:57:36.437  1507  1845 D SurfaceFlinger: [input] setFocusedWindow: fd35434 com.podcast.app.debug.test/androidx.test.core.app.InstrumentationActivityInvoker$EmptyActivity
03-02 00:57:36.437  1507  1845 D SurfaceFlinger: updateWinowInfo=1, setFocusedWindow timestamp=491135420716272, windowName=fd35434 com.podcast.app.debug.test/androidx.test.core.app.InstrumentationActivityInvoker$EmptyActivity
03-02 00:57:36.437  2013  3566 D InputDispatcher: Once focus requested (0): fd35434 com.podcast.app.debug.test/androidx.test.core.app.InstrumentationActivityInvoker$EmptyActivity
03-02 00:57:36.437  2013  3566 D InputDispatcher: Focus request (0): fd35434 com.podcast.app.debug.test/androidx.test.core.app.InstrumentationActivityInvoker$EmptyActivity but waiting because NO_WINDOW
03-02 00:57:36.438 17532 17563 I BLASTBufferQueue: [VRI[InstrumentationActivityInvoker$EmptyActivity]@a81f971#27](f:0,a:0,s:0) onFrameAvailable the first frame is available
03-02 00:57:36.438 17532 17563 I BLASTBufferQueue: [VRI[InstrumentationActivityInvoker$EmptyActivity]@a81f971#27](f:0,a:1,s:0) acquireNextBufferLocked size=1080x2340 mFrameNumber=1 applyTransaction=true mTimestamp=491135438778119(auto) mPendingTransactions.size=0 graphicBufferId=75299366633580 transform=0
03-02 00:57:36.438  1507  2393 I SurfaceFlinger: onHandleDestroyed: layerId=156552, name=Surface(name=c536234 NavigationBar0)/@0xfac847b - animation-leash of insets_animation#156552
03-02 00:57:36.438 17532 17563 I VRI[InstrumentationActivityInvoker$EmptyActivity]@a81f971: Received frameCommittedCallback lastAttemptedDrawFrameNum=1 didProduceBuffer=true
03-02 00:57:36.438  1507  2393 I SurfaceFlinger: id=156552 Removed Surface(name=c536234 NavigationBar0)/@0xfac847b - animation-leash of insets_animation#156552 (340)
03-02 00:57:36.438  1507  2393 I SurfaceFlinger: onHandleDestroyed: layerId=156553, name=Surface(name=a5d3a68 StatusBar)/@0xd5726d6 - animation-leash of insets_animation#156553
03-02 00:57:36.438  1507  2393 I SurfaceFlinger: id=156553 Removed Surface(name=a5d3a68 StatusBar)/@0xd5726d6 - animation-leash of insets_animation#156553 (340)
03-02 00:57:36.439 17532 17563 D HWUI    : CFMS:: SetUp Pid : 17532    Tid : 17563
03-02 00:57:36.439  1507  1507 I SurfaceFlinger: destroyed Surface(name=a5d3a68 StatusBar)/@0xd5726d6 - animation-leash of insets_animation#156553
03-02 00:57:36.439  1507  1507 I SurfaceFlinger: destroyed Surface(name=c536234 NavigationBar0)/@0xfac847b - animation-leash of insets_animation#156552
03-02 00:57:36.439  1507  1507 I SurfaceFlinger: destroyed Surface(name=c536234 NavigationBar0)/@0xfac847b - animation-leash of insets_animation#156567
03-02 00:57:36.439  1507  1507 I SurfaceFlinger: destroyed Surface(name=a5d3a68 StatusBar)/@0xd5726d6 - animation-leash of insets_animation#156568
03-02 00:57:36.439 17532 17532 D VRI[InstrumentationActivityInvoker$EmptyActivity]@a81f971: reportDrawFinished seqId=0
03-02 00:57:36.443 25915 26075 I Rubin   : [4019] com.samsung.android.rubin.inferenceengine.contextanalytics.engine.monitors.moment.exercise.ExercisingWithCalendarMonitor.isSatisfiedByCalendarEvent(Unknown Source) : isSatisfiedByCalendarEvent is false
03-02 00:57:36.443  1507  1507 I Layer   : id=156553 Destroyed Surface(name=a5d3a68 StatusBar)/@0xd5726d6 - animation-leash of insets_animation#156553
03-02 00:57:36.443  1507  1507 I Layer   : id=156552 Destroyed Surface(name=c536234 NavigationBar0)/@0xfac847b - animation-leash of insets_animation#156552
03-02 00:57:36.443  1507  1507 I Layer   : id=156568 Destroyed Surface(name=a5d3a68 StatusBar)/@0xd5726d6 - animation-leash of insets_animation#156568
03-02 00:57:36.443  1507  1507 I Layer   : id=156567 Destroyed Surface(name=c536234 NavigationBar0)/@0xfac847b - animation-leash of insets_animation#156567
03-02 00:57:36.444 25915 26075 I Rubin   : [4019] com.samsung.android.rubin.inferenceengine.contextanalytics.engine.monitors.moment.exercise.ExercisingWithCmhMonitor.isSatisfiedByCmh(Unknown Source) : isSatisfiedByCmh is false
03-02 00:57:36.445  1507  1563 I SurfaceFlinger: id=156571 createSurf, flag=24000, Surface(name=fd35434 com.podcast.app.debug.test/androidx.test.core.app.InstrumentationActivityInvoker$EmptyActivity)/@0xd94fc94 - animation-leash of starting_reveal#156571
03-02 00:57:36.450  1507  1507 I SurfaceFlinger: [Surface(name=fd35434 com.podcast.app.debug.test/androidx.test.core.app.InstrumentationActivityInvoker$EmptyActivity)/@0xd94fc94 - animation-leash of starting_reveal#156571] attach to parent LayerHierarchy{RequestedLayerState{ActivityRecord{199915966 u0 com.podcast.app.debug.test/androidx.test.core.app.InstrumentationActivityInvoker$EmptyActivity t44893}#156559 parentId=156558} 4 children}
03-02 00:57:36.450  2746  2808 I VRI[test]@1a23f06: onActiveControlsChanged, removed=false, mAdded=true, caller=android.view.ViewRootImpl.handleInsetsControlChanged:3002 android.view.ViewRootImpl$ViewRootHandler.handleMessageImpl:8352 android.view.ViewRootImpl$ViewRootHandler.handleMessage:8301 android.os.Handler.dispatchMessage:110 android.os.Looper.loopOnce:273
03-02 00:57:36.451  1507  1507 I BufferQueueProducer: [StatusBar$_2746#117](this:0xb400007a1be07638,id:-1,api:0,p:-1,c:1507) queueBuffer: fps=12.08 dur=1076.18 max=919.52 min=9.65
03-02 00:57:36.457  2013  2064 I PkgPredictorService-SecIpmManagerServiceImpl: reportToNAP uid:10687 com.podcast.app.debug.test/androidx.test.core.app.InstrumentationActivityInvoker$EmptyActivity thisTime:149
03-02 00:57:36.457  2013  2064 D PkgPredictorService-SecIpmManagerServiceImpl: reportToNAP: mHeavyLaunchCounter is false
03-02 00:57:36.458  2013  3282 D PkgPredictorService-SecIpmManagerServiceImpl: ACTION_FOREGROUND_FINISH_EVENT sCurForegroundApp :com.podcast.app.debug.test
03-02 00:57:36.460 10943 10943 I DVFSHelper: acquireBoostingCPU() : stop boosting cpu
03-02 00:57:36.461  1507  1507 I SurfaceFlinger: RequestedLayer [com.podcast.app.debug.test/androidx.[...]yInvoker$EmptyActivity$_17532#156566] hidden!! flag  from(1) --> to(0)
03-02 00:57:36.461  1507  1507 I SurfaceFlinger: [LayerHierarchy{RequestedLayerState{fd35434 com.podcast.app.debug.test/androidx.test.core.app.InstrumentationActivityInvoker$EmptyActivity#156562 parentId=156571} 1 children}] reparent to LayerHierarchy{RequestedLayerState{Surface(name=fd35434 com.podcast.app.debug.test/androidx.test.core.app.InstrumentationActivityInvoker$EmptyActivity)/@0xd94fc94 - animation-leash of starting_reveal#156571 parentId=156559} 1 children}
03-02 00:57:36.462 17532 17532 I InsetsSourceConsumer: applyRequestedVisibilityToControl: visible=true, type=navigationBars, host=com.podcast.app.debug.test/androidx.test.core.app.InstrumentationActivityInvoker$EmptyActivity
03-02 00:57:36.463 17532 17532 I InsetsSourceConsumer: applyRequestedVisibilityToControl: visible=true, type=statusBars, host=com.podcast.app.debug.test/androidx.test.core.app.InstrumentationActivityInvoker$EmptyActivity
03-02 00:57:36.464  2013  2064 I ActivityTaskManager: Displayed com.podcast.app.debug.test/androidx.test.core.app.InstrumentationActivityInvoker$EmptyActivity for user 0: +149ms
03-02 00:57:36.468 14885 14885 I VRI[SplashActivity]@35f4eb8: handleAppVisibility mAppVisible = false visible = true
03-02 00:57:36.470  2013  3566 D InputDispatcher: Focused application(0): ActivityRecord{2751228 u0 com.zhiliaoapp.musically/com.ss.android.ugc.aweme.splash.SplashActivity t44543}
03-02 00:57:36.471  3506  3506 E pageboostd: Received HALT command code 2
03-02 00:57:36.472  2013  3441 I SemDvfsHyPerManager: acquire hyper - AMS_APP_SWITCH/2013@20, type = -999
03-02 00:57:36.472  1450  1487 I HYPER-HAL: [RequestManager.cpp]acquire(): Acquired ID : 2067581  [2013 / 20]    HINT : AMS_ACT_SWITCH    list :
03-02 00:57:36.473  1507  2128 I SurfaceFlinger: id=156572 createSurf, flag=24000, Surface(name=c536234 NavigationBar0)/@0xfac847b - animation-leash of insets_animation#156572
03-02 00:57:36.473  1507  1507 D SurfaceFlinger: Display 4627039422300187648 HWC layers:
03-02 00:57:36.473  1507  1507 D SurfaceFlinger:        CLIENT |           73534135074936 | 00002102 | RGBA_8888    |  109.0    0.0 1080.0 2340.0 |    0    0 1080 2340 | com.podcast.app.debug/androidx.activity.ComponentActivity$_17121#156551 (2)
03-02 00:57:36.473  1507  1507 D SurfaceFlinger:   SOLID_COLOR |                        0 | 00000000 | N/A          |    0.0    0.0    0.0    0.0 |    0    0 1080 2340 | DimTransitionLayer for Surface(name=Task=44893)/@0x22e4e78#156564 (0)
03-02 00:57:36.473  1507  1507 D SurfaceFlinger:        DEVICE |           75299366633580 | 00002102 | RGBA_8888    |    0.0    0.0  349.0 2340.0 |  731    0 1080 2340 | com.podcast.app.debug.test/androidx.[...]yInvoker$EmptyActivity$_17532#156566 (1)
03-02 00:57:36.473  1507  1507 D SurfaceFlinger:        DEVICE |           11793980283723 | 00002100 | RGBA_8888    |    0.0    0.0  349.0 2340.0 |  731    0 1080 2340 | Splash Screen com.podcast.app.debug.test$_2746#156561 (1)
03-02 00:57:36.473  1507  1507 D SurfaceFlinger:        DEVICE |           11793980281878 | 00002100 | RGBA_8888    |    0.0    0.0 1080.0   80.0 |    0    0 1080   80 | StatusBar$_2746#117 (211142)
03-02 00:57:36.473  1507  1507 D SurfaceFlinger:        DEVICE |           13752485304097 | 00002100 | RGBA_8888
03-02 00:57:36.473  1507  1507 D SurfaceFlinger:     |    0.0    0.0   67.0  346.0 | 1013  454 1080  800 | com.sec.android.app.launcher/com.sam[...].app.CocktailBarService$_3202#152779 (1)
03-02 00:57:36.473  1507  1507 D SurfaceFlinger:        DEVICE |           11793980281862 | 00002100 | RGBA_8888    |    0.0    0.0 1080.0  135.0 |    0 2205 1080 2340 | NavigationBar0$_2746#113 (188100)
03-02 00:57:36.473  1507  1507 D SurfaceFlinger:
03-02 00:57:36.474  1507  1507 I SurfaceFlinger: [Surface(name=c536234 NavigationBar0)/@0xfac847b - animation-leash of insets_animation#156572] attach to parent LayerHierarchy{RequestedLayerState{WindowToken{5cf38d1 type=2019 android.os.BinderProxy@916675b}#101 parentId=34} 2 children}
03-02 00:57:36.474  1507  1562 I SurfaceFlinger: id=156573 createSurf, flag=24000, Surface(name=a5d3a68 StatusBar)/@0xd5726d6 - animation-leash of insets_animation#156573
03-02 00:57:36.475  2013  2600 D AS.MultiSoundManager: mForegroundUid = 10350
03-02 00:57:36.476  4784  4784 I SemDvfsHyPerManager: acquire hyper - APP_START_SHORT/4784@15, type = -999
03-02 00:57:36.478  1450  1487 I HYPER-HAL: [RequestManager.cpp]acquire(): Acquired ID : 11517615  [4784 / 15]    HINT : APP_START    list : [TIMEOUT / 1500]
03-02 00:57:36.482  2013  4834 W ParceledListSlice: Element #30 is 21544 bytes.
03-02 00:57:36.483  1445  2902 W C2MtkBufferManager: [0xB4000070F507E520] fetchNewCcBlock: wait fence 0x0xb4000070f5058270 timed out. ret 110
03-02 00:57:36.485  1507  1507 I SurfaceFlinger: [Surface(name=a5d3a68 StatusBar)/@0xd5726d6 - animation-leash of insets_animation#156573] attach to parent LayerHierarchy{RequestedLayerState{WindowToken{d05298b type=2000 android.os.BinderProxy@163b705}#108 parentId=17} 2 children}
03-02 00:57:36.487  2746  2798 D ShellTaskOrganizer: removeStartingWindow, removalInfo=StartingWindowRemovalInfo{taskId=44893 frame=Rect(0, 0 - 1080, 2340) playRevealAnimation=true roundedCornerRadius=0.0 deferRemoveMode=0 windowlessSurface=false removeImmediately=false}
03-02 00:57:36.489  2746  2798 D ShellDesktopMode: handleRequest: TransitionRequestInfo {type=2, tid=44893, debugId=11294}
03-02 00:57:36.492 14885 14885 I VRI[SplashActivity]@35f4eb8: stopped(false) old = true
03-02 00:57:36.492 14885 14885 D VRI[SplashActivity]@35f4eb8: WindowStopped on com.zhiliaoapp.musically/com.ss.android.ugc.aweme.splash.SplashActivity set to false
03-02 00:57:36.494 14885 14885 D ViewRootImpl: Skipping stats log for color mode
03-02 00:57:36.496  1507  1507 I SurfaceFlinger: [LayerHierarchy{RequestedLayerState{c536234 NavigationBar0#102 parentId=156572} 1 children}] reparent to LayerHierarchy{RequestedLayerState{Surface(name=c536234 NavigationBar0)/@0xfac847b - animation-leash of insets_animation#156572 parentId=101} 1 children}
03-02 00:57:36.496  1507  1507 I SurfaceFlinger: [LayerHierarchy{RequestedLayerState{a5d3a68 StatusBar#109 parentId=156573} 1 children}] reparent to LayerHierarchy{RequestedLayerState{Surface(name=a5d3a68 StatusBar)/@0xd5726d6 - animation-leash of insets_animation#156573 parentId=108} 1 children}
03-02 00:57:36.496  1507  1507 I SurfaceFlinger: [LayerHierarchy{RequestedLayerState{Surface(name=a5d3a68 StatusBar)/@0xd5726d6 - animation-leash of insets_animation#156570} no children}] reparent to OffscreenRoot
03-02 00:57:36.496  1507  1507 I SurfaceFlinger: [LayerHierarchy{RequestedLayerState{Surface(name=a5d3a68 StatusBar)/@0xd5726d6 - animation-leash of insets_animation#156570} no children}] RelativeParent to null
03-02 00:57:36.496  1507  1507 I SurfaceFlinger: [LayerHierarchy{RequestedLayerState{Surface(name=c536234 NavigationBar0)/@0xfac847b - animation-leash of insets_animation#156569} no children}] reparent to OffscreenRoot
03-02 00:57:36.496  1507  1507 I SurfaceFlinger: [LayerHierarchy{RequestedLayerState{Surface(name=c536234 NavigationBar0)/@0xfac847b - animation-leash of insets_animation#156569} no children}] RelativeParent to null
03-02 00:57:36.499 14885 14885 I System.out: SAFActivity: com.ss.android.ugc.aweme.main.MainActivity@c20428f,  onStart Start
03-02 00:57:36.500  2746  2746 D NavigationBar: onSystemBarAttributesChanged() -  displayId:0, appearance:24, packageName: com.podcast.app.debug.test (APPEARANCE_LIGHT_STATUS_BARS APPEARANCE_LIGHT_NAVIGATION_BARS ), navbarColorManagedByIme:false
03-02 00:57:36.503  2746  2865 I VRI[test]@1a23f06: mWNT: t=0xb4000076ae53ab00 mBlastBufferQueue=0xb40000771f64b400 fn= 2 HdrRenderState mRenderHdrSdrRatio=1.0 caller= android.view.SyncRtSurfaceTransactionApplier.applyTransaction:100 android.view.SyncRtSurfaceTransactionApplier.lambda$scheduleApply$0:73 android.view.SyncRtSurfaceTransactionApplier.$r8$lambda$afI4fXg3U3-nBZQEDQMiNy-B06s:0
