03-02 00:57:09.966 17121 17305 I TestRunner: started: miniPlayer_shows_pause_icon_when_playing(com.podcast.app.ui.MiniPlayerBarTest)
03-02 00:57:09.966  3202  3202 I HoneySpace.TaskListViewModel[160530624]: taskRemoveId, 44856
03-02 00:57:09.966  3202  3202 W HoneySpace.TaskListViewModel[160530624]: task is already removed: 44856
03-02 00:57:09.967  3202  3202 I HoneySpace.TaskStackChangeRepositoryImpl: onTaskRemoved : 44856
03-02 00:57:09.967  1507  1507 I Layer   : id=155686 Destroyed com.podcast.app.debug.test/androidx.test.core.app.InstrumentationActivityInvoker$EmptyActivity$_17532#155686
03-02 00:57:09.968  3202  3202 I HoneySpace.TaskListViewModel[160530624]: taskRemoveId, 44856
03-02 00:57:09.968  1507  1507 I Layer   : id=155685 Destroyed b738147 com.podcast.app.debug.test/androidx.test.core.app.InstrumentationActivityInvoker$EmptyActivity#155685
03-02 00:57:09.968  3202  3202 W HoneySpace.TaskListViewModel[160530624]: task is already removed: 44856
03-02 00:57:09.968  1507  1507 I SurfaceFlinger: onHandleDestroyed: layerId=155671, name=e183ab6 com.podcast.app.debug/androidx.activity.ComponentActivity#155671
03-02 00:57:09.968  1507  1507 I SurfaceFlinger: id=155671 Removed e183ab6 com.podcast.app.debug/androidx.activity.ComponentActivity#155671 (343)
03-02 00:57:09.968  1507  1507 I SurfaceFlinger: onHandleDestroyed: layerId=155672, name=com.podcast.app.debug/androidx.activity.ComponentActivity$_17121#155672
03-02 00:57:09.968  1507  1507 I SurfaceFlinger: id=155672 Removed com.podcast.app.debug/androidx.activity.ComponentActivity$_17121#155672 (343)
03-02 00:57:09.968  1507  1507 I SurfaceFlinger: onHandleDestroyed: layerId=155709, name=Task=44857#155709
03-02 00:57:09.968  1507  1507 I SurfaceFlinger: id=155709 Removed Task=44857#155709 (343)
03-02 00:57:09.968  1507  1507 I SurfaceFlinger: onHandleDestroyed: layerId=155682, name=ActivityRecord{109670837 u0 com.podcast.app.debug.test/androidx.test.core.app.InstrumentationActivityInvoker$EmptyActivity t44857}#155682
03-02 00:57:09.968  1507  1507 I SurfaceFlinger: id=155682 Removed ActivityRecord{109670837 u0 com.podcast.app.debug.test/androidx.test.core.app.InstrumentationActivityInvoker$EmptyActivity t44857}#155682 (343)
03-02 00:57:09.969  3202  3386 I HoneySpace.TopTaskSource: onTaskRemoved: 44857
03-02 00:57:09.970 17121 17305 D IdlingRegistry: Registering idling resources: [androidx.compose.ui.test.EspressoLink@f8bd56f]
03-02 00:57:09.973  3202  3386 I HoneySpace.TopTaskSource: onTaskRemoved: 44856
03-02 00:57:09.973 17121 17305 W Settings: Setting always_finish_activities has moved from android.provider.Settings.System to android.provider.Settings.Global, returning read-only value.
03-02 00:57:09.974  1507  1507 I SurfaceFlinger: destroyed com.podcast.app.debug/androidx.activity.ComponentActivity$_17121#155672
03-02 00:57:09.974  1507  1507 I SurfaceFlinger: destroyed e183ab6 com.podcast.app.debug/androidx.activity.ComponentActivity#155671
03-02 00:57:09.974  1507  1507 I SurfaceFlinger: destroyed ActivityRecord{109670837 u0 com.podcast.app.debug.test/androidx.test.core.app.InstrumentationActivityInvoker$EmptyActivity t44857}#155682
03-02 00:57:09.974  1507  1507 I SurfaceFlinger: destroyed Task=44857#155709
03-02 00:57:09.974  1507  1507 I SurfaceFlinger: [LayerHierarchy{RequestedLayerState{Task=44856#155667 z=40} 1 children}] reparent to OffscreenRoot
03-02 00:57:09.974  1507  1507 I SurfaceFlinger: [LayerHierarchy{RequestedLayerState{Task=44856#155667 z=40} 1 children}] RelativeParent to null
03-02 00:57:09.974  1507  1507 I SurfaceFlinger: [LayerHierarchy{RequestedLayerState{ActivityRecord{19472629 u0 com.podcast.app.debug/androidx.activity.ComponentActivity t44856}#155668} 1 children}] reparent to OffscreenRoot
03-02 00:57:09.974  1507  1507 I SurfaceFlinger: [LayerHierarchy{RequestedLayerState{ActivityRecord{19472629 u0 com.podcast.app.debug/androidx.activity.ComponentActivity t44856}#155668} 1 children}] RelativeParent to null
03-02 00:57:09.975  1507  1507 I SurfaceFlinger: [LayerHierarchy{RequestedLayerState{Task=44856#155710 z=40} no children}] reparent to OffscreenRoot
03-02 00:57:09.975  1507  1507 I SurfaceFlinger: [LayerHierarchy{RequestedLayerState{Task=44856#155710 z=40} no children}] RelativeParent to null
03-02 00:57:09.977  2013  2067 I ChimeraSystemEventListener: appLaunchIntent package name is: com.podcast.app.debug
03-02 00:57:09.977  2013  4835 W ParceledListSlice: Element #30 is 21544 bytes.
03-02 00:57:09.978  1507  1507 I Layer   : id=155682 Destroyed ActivityRecord{109670837 u0 com.podcast.app.debug.test/androidx.test.core.app.InstrumentationActivityInvoker$EmptyActivity t44857}#155682
03-02 00:57:09.978  1507  1507 I Layer   : id=155709 Destroyed Task=44857#155709
03-02 00:57:09.979  1507  1507 I Layer   : id=155672 Destroyed com.podcast.app.debug/androidx.activity.ComponentActivity$_17121#155672
03-02 00:57:09.979  1507  1507 I Layer   : id=155671 Destroyed e183ab6 com.podcast.app.debug/androidx.activity.ComponentActivity#155671
03-02 00:57:09.979  1507  1507 I SurfaceFlinger: onHandleDestroyed: layerId=155710, name=Task=44856#155710
03-02 00:57:09.979  1507  1507 I SurfaceFlinger: id=155710 Removed Task=44856#155710 (339)
03-02 00:57:09.979  1507  1507 I SurfaceFlinger: onHandleDestroyed: layerId=155668, name=ActivityRecord{19472629 u0 com.podcast.app.debug/androidx.activity.ComponentActivity t44856}#155668
03-02 00:57:09.979  2013  3441 I SemDvfsHyPerManager: acquire hyper - AMS_APP_SWITCH/2013@20, type = -999
03-02 00:57:09.979  1507  1507 I SurfaceFlinger: id=155668 Removed ActivityRecord{19472629 u0 com.podcast.app.debug/androidx.activity.ComponentActivity t44856}#155668 (339)
03-02 00:57:09.979  1450  1487 I HYPER-HAL: [RequestManager.cpp]acquire(): Acquired ID : 2067581  [2013 / 20]    HINT : AMS_ACT_SWITCH    list :
03-02 00:57:09.979  1464  1492 I mtkpower@impl: [setMode] type:5, enabled:1
03-02 00:57:09.980  1450  1487 I mtkpower_client: perf_lock_rel, hdl:76390, pid: 1450, tid:1487
03-02 00:57:09.980  1507  1562 I SurfaceFlinger: id=155711 createSurf, flag=24004, Task=44858#155711
03-02 00:57:09.980  1450  1487 I mtkpower_client: perf_lock_acq, hdl:0, dur:0, num:2, pid:1450, tid:1487
03-02 00:57:09.981  1444  1808 D MDP     : [PQSessionManager] findVideoID[f6840820] found on index a
03-02 00:57:09.981  1444  1808 D MDP     : [PQSessionManager] createPQSession(a) user(0xb4000074f4d46d80)
03-02 00:57:09.981  1444  1808 D MDP     : [PQSessionManager] Duplicated ID[a] found, please check if double createPQSession!
03-02 00:57:09.981  1444  1808 D MDP     : [PQSessionManager] getPQSessionListHandle id[a]
03-02 00:57:09.981  1444  1808 D MDP     : [PQSessionManager] getPQSessionListHandle, find id[a]
03-02 00:57:09.981  1444  1808 D MDP     : [PQSession] incRefCount id[a] user[0xb4000074f4d46d80] existed
03-02 00:57:09.981  1444  1808 D MDP     : [PQSession] incRefCount id[a] user[0xb4000074f4d46d80] numOfUser[1]
03-02 00:57:09.981  1444  1808 D MDP     : [PQSession] numElements[0] key[0] metaData[0]
03-02 00:57:09.981  1444  1808 D MDP     : [PQSession] setPQParam() id[a] enable[1], scenario[1]
03-02 00:57:09.981  1444  1808 D MDP     : [PQSession] video TS [10367]
03-02 00:57:09.981  1444  1808 D PQ      : PQDSConfig::getEnableStatus check1  time 0 ms
03-02 00:57:09.981  1444  1808 D PQ      : [PQDSConfig] PQDSConfig::getEnableStatus = 1
03-02 00:57:09.981  1444  1808 D PQ      : [PQDSConfig] m_TDSHPTableInit 1
03-02 00:57:09.981  1444  1808 D PQ      : [PQDSConfig] getAshmemContext(SHP_ENABLE) = 1
03-02 00:57:09.981  1444  1808 D PQ      : PQDSConfig::getEnableStatus check2  time 0 ms
03-02 00:57:09.981  1444  1808 D PQ      : [PQDSConfig] PQDSConfig::getUREnableStatus = 1
03-02 00:57:09.981  1444  1808 D MDP     : [PQSession] setDpPqConfig m_svp = 0, enDRE = 0
03-02 00:57:09.981  1444  1808 D MDP     : setPQParam globalPQSupport = [0] globalPQSwitch = [0] globalPQStrength = [0] globalPQType = [0]
03-02 00:57:09.981  1444  1808 D MDP     : [PQSession] setPQparam userId[0x0], scenario[1], enDRE[0]
03-02 00:57:09.981  1444  1808 D MDP     : [PQSession] getDpPqConfig() id[a] enable[1], scenario[1]
03-02 00:57:09.981  1444  1808 D MDP     : [PQSession] getDpPqConfig() enSharp[1] enDC[0] enColor[0] enHDR[0] enHDRVivid[0] enUR[0] enReFocus[0] enCcorr[1] enDRE[0] enHFG[0] enAIPQ[0] enAISDR2HDR[0] enAIRegionPQ[0] mAdaptiveEnable[0]
03-02 00:57:09.982  1444  1808 D MDP     : [PQSession] setPQDREParam userId[0x0] scenario[1] enDRE[0]
03-02 00:57:09.982  1444  1808 D MDP     : [PQSessionManager] findVideoID[f6840820] found on index a
03-02 00:57:09.982  1444  1808 D MDP     : [PQSessionManager] PQSessionManager::getPQSession id[a]
03-02 00:57:09.982  1444  1808 D MDP     : [PQSessionManager] getPQSessionListHandle id[a]
03-02 00:57:09.982  1444  1808 D MDP     : [PQSessionManager] getPQSessionListHandle, find id[a]
03-02 00:57:09.982  1444  1808 D MDP     : [PQSession] getDpPqConfig() id[a] enable[1], scenario[1]
03-02 00:57:09.982  1444  1808 D MDP     : [PQSession] getDpPqConfig() enSharp[1] enDC[0] enColor[0] enHDR[0] enHDRVivid[0] enUR[0] enReFocus[0] enCcorr[1] enDRE[0] enHFG[0] enAIPQ[0] enAISDR2HDR[0] enAIRegionPQ[0] mAdaptiveEnable[0]
03-02 00:57:09.982  1444  1808 D MDP     : [PQSessionManager] PQSessionManager::getPQSession id[a]
03-02 00:57:09.982  1444  1808 D MDP     : [PQSessionManager] getPQSessionListHandle id[a]
03-02 00:57:09.982  1444  1808 D MDP     : [PQSessionManager] getPQSessionListHandle, find id[a]
03-02 00:57:09.982  1444  1808 D AAL     : [PQEngineInterface] DpEngineTDSHPReConfigFrame(0)
03-02 00:57:09.982  1444  1808 D MDP     : [PQSession] getDpPqConfig() id[a] enable[1], scenario[1]
03-02 00:57:09.982  1444  1808 D MDP     : [PQSession] getDpPqConfig() enSharp[1] enDC[0] enColor[0] enHDR[0] enHDRVivid[0] enUR[0] enReFocus[0] enCcorr[1] enDRE[0] enHFG[0] enAIPQ[0] enAISDR2HDR[0] enAIRegionPQ[0] mAdaptiveEnable[0]
03-02 00:57:09.982  1444  1808 D AAL     : [PQEngineInterface] DpEngineTDSHPReConfigFrame(0) tdshpEnable(1) enSharp(1) enDC(0) enHFG(0)
03-02 00:57:09.982  1444  1808 D MDP     : PQSession:setPipeNum m_PipeNum[1] value[1] ID[a] DCPath[0] DCDone[0] addr[732261df]
03-02 00:57:09.982  1444  1808 D AAL     : [PQEngineInterface] DpEngineTDSHPReConfigFrame(0)  adl_enable = 0
03-02 00:57:09.982  1444  1808 D AAL     : [PQEngineInterface] DpEngineTDSHPReConfigFrame(0) Scenario = 0
03-02 00:57:09.982  1444  1808 D MDP     : [PQSessionManager] PQSessionManager::getPQSession id[a]
03-02 00:57:09.982  1444  1808 D MDP     : [PQSessionManager] getPQSessionListHandle id[a]
03-02 00:57:09.982  1444  1808 D MDP     : [PQSessionManager] getPQSessionListHandle, find id[a]
03-02 00:57:09.982  1444  1808 W AAL     : DpEngine_HDR::onReconfigTiles : PABufferIndex no change do nothing
03-02 00:57:09.982  1507  2393 I SurfaceFlinger: id=155712 createSurf, flag=84004, ActivityRecord{1417305 u0 com.podcast.app.debug/androidx.activity.ComponentActivity t44858}#155712
03-02 00:57:09.982  1464  1529 I libPowerHal: [perfLockRel] hdl:76390, idx:5
03-02 00:57:09.983  1464  1529 I libPowerHal: [PD] vendor.samsung. update cmd:1000000 param:-1 pr:6
03-02 00:57:09.983  3202 15778 I HoneySpace.RecentTasks: onRunningTaskVanished
03-02 00:57:09.983  3202  4701 I HoneySpace.RecentTasks: onRecentTasksChanged
03-02 00:57:09.983  1464  1529 I libPowerHal: [perfLockRel] Done for hdl : 76390
03-02 00:57:09.983  4784  4784 I SemDvfsHyPerManager: acquire hyper - APP_START_SHORT/4784@15, type = -999
03-02 00:57:09.983  1450  1487 I mtkpower_client: ret_hdl:76391
03-02 00:57:09.983  1450  1487 I mtkpower_client: perf_lock_rel, hdl:76388, pid: 1450, tid:1487
03-02 00:57:09.984  1450  1487 I mtkpower_client: perf_lock_acq, hdl:0, dur:0, num:2, pid:1450, tid:1487
03-02 00:57:09.985  1464  1529 I libPowerHal: [perfLockAcq] idx:7 hdl:76391 hint:-1 pid:1450 tid:1487 duration:0 lock_user:vendor.samsung. => ret_hdl:76391
03-02 00:57:09.985  1464  1529 I libPowerHal: [setDvfsrcDevFreqOpp] opp:0, freq:4266000000
03-02 00:57:09.985  1464  1529 I libPowerHal: [PE] vendor.samsung. update cmd:1000000 param:0 pr:3
03-02 00:57:09.985  1464  1529 I libPowerHal: [perfLockAcq] Done for hdl : 76391
03-02 00:57:09.985  1507  1507 I SurfaceFlinger: destroyed ActivityRecord{19472629 u0 com.podcast.app.debug/androidx.activity.ComponentActivity t44856}#155668
03-02 00:57:09.985  1507  1507 I SurfaceFlinger: destroyed b9921df ActivityRecordInputSink com.podcast.app.debug/androidx.activity.ComponentActivity#155676
03-02 00:57:09.985  1507  1507 I SurfaceFlinger: destroyed Task=44856#155710
03-02 00:57:09.985  1507  1507 I SurfaceFlinger: [ActivityRecord{1417305 u0 com.podcast.app.debug/androidx.activity.ComponentActivity t44858}#155712] attach to parent LayerHierarchy{RequestedLayerState{Task=44858#155711 parentId=10} 1 children}
03-02 00:57:09.985  1507  1507 I SurfaceFlinger: [Task=44858#155711] attach to parent LayerHierarchy{RequestedLayerState{DefaultTaskDisplayArea_d0#10 parentId=9} 45 children}
03-02 00:57:09.986  1464  1529 I libPowerHal: [perfLockRel] hdl:76388, idx:8
03-02 00:57:09.986  2013  4834 I SemDvfsHyPerManager: acquire hyper - AMS_APP_LAUNCH/2013@17, type = -999
03-02 00:57:09.986  1464  1529 I libPowerHal: [PD] vendor.samsung. update cmd:400000 param:-1 pr:6
03-02 00:57:09.987  1507  1507 I Layer   : id=155676 Destroyed b9921df ActivityRecordInputSink com.podcast.app.debug/androidx.activity.ComponentActivity#155676
03-02 00:57:09.987  4784  4784 I SemDvfsHyPerManager: acquire hyper - APP_START/4784@17, type = -999
03-02 00:57:09.987  1507  1507 I Layer   : id=155668 Destroyed ActivityRecord{19472629 u0 com.podcast.app.debug/androidx.activity.ComponentActivity t44856}#155668
03-02 00:57:09.987  1507  1507 I Layer   : id=155710 Destroyed Task=44856#155710
03-02 00:57:09.987  1464  1529 I libPowerHal: [recordCPUFreqInfo] set cluster[0] min(-1): -1 max(-1): -1 cluster[1] min(-1): -1 max(-1): -1
03-02 00:57:09.987  1464  1529 I libPowerHal: [perfLockRel] Done for hdl : 76388
03-02 00:57:09.987  1444  1809 D MDP     : [PQSessionManager] PQSessionManager::getPQSession id[a]
03-02 00:57:09.987  1444  1809 D MDP     : [PQSessionManager] getPQSessionListHandle id[a]
03-02 00:57:09.987  1444  1809 D MDP     : [PQSessionManager] getPQSessionListHandle, find id[a]
03-02 00:57:09.987  1444  1809 D MDP     : [PQSessionManager] findVideoID[f6840820] found on index a
03-02 00:57:09.988  1450  1487 I mtkpower_client: ret_hdl:76392
03-02 00:57:09.988  1450  1487 I HYPER-HAL: [RequestManager.cpp]acquire(): Acquired ID : 11517615  [4784 / 15]    HINT : APP_START    list : [TIMEOUT / 1500]
03-02 00:57:09.988  1450  1487 I HYPER-HAL: [RequestManager.cpp]acquire(): Acquired ID : 2061482  [2013 / 17]    HINT : AMS_APP_LAUNCH    list :
03-02 00:57:09.989  1450  1487 I HYPER-HAL: [RequestManager.cpp]acquire(): Acquired ID : 11527218  [4784 / 17]    HINT : APP_START    list :
03-02 00:57:09.989  1464  1529 I libPowerHal: [perfLockAcq] idx:5 hdl:76392 hint:-1 pid:1450 tid:1487 duration:0 lock_user:vendor.samsung. => ret_hdl:76392
03-02 00:57:09.989  1464  1529 I libPowerHal: [PE] vendor.samsung. update cmd:400000 param:2000000 pr:3
03-02 00:57:09.989  1464  1529 I libPowerHal: [recordCPUFreqInfo] set cluster[0] min(vendor.samsung.): 2000000 max(-1): -1 cluster[1] min(-1): -1 max(-1): -1
03-02 00:57:09.989  1464  1529 I libPowerHal: [perfLockAcq] Done for hdl : 76392
03-02 00:57:09.990  2746  2808 I ViewRootImpl: dVRR is disabled
03-02 00:57:09.990  1646  2917 I CameraService: onUidStateChanged: uid=10062, procState is changed. (0 -> 1)
03-02 00:57:09.991  2746  2870 D NativeCustomFrequencyManager: [NativeCFMS] BpCustomFrequencyManager::BpCustomFrequencyManager()
03-02 00:57:09.992 14885 14885 I System.out: SAFActivity: com.ss.android.ugc.aweme.main.MainActivity@c20428f,  onPause Start
03-02 00:57:09.992  2013  4834 D InputTransport: Input channel constructed: '8ebe82 ', fd=1044
03-02 00:57:09.992  2013  4834 D InputTransport: Input channel constructed: '8ebe82 ', fd=1074
03-02 00:57:09.992  2013  4834 D InputTransport: Input channel constructed: '8ebe82 ', fd=1083
03-02 00:57:09.993  2013  4834 D InputTransport: Input channel destroyed: '8ebe82 ', fd=1074
03-02 00:57:09.989  3202  3386 I HoneySpace.TopTaskSource: onTaskRemoved: 44856
03-02 00:57:09.993  1507  2393 I SurfaceFlinger: id=155713 createSurf, flag=84004, 8ebe82 Splash Screen com.podcast.app.debug#155713
03-02 00:57:09.994  2746  2798 D ShellDesktopMode: handleRequest: TransitionRequestInfo {type=1, tid=44858, debugId=11246}
03-02 00:57:09.995 14885 14885 I System.out: SceneSafeLifecycleDispatcher: onPaused Start
03-02 00:57:09.995 14885 14885 I System.out: SAFActivity V Scene Framework: NavigationMessageQueue postSync start
03-02 00:57:09.995 14885 14885 I System.out: SAFActivity V Scene Framework: NavigationMessageQueue postSync run current task start 14_Y.ARunnableS108S0200000_32@12b369f
03-02 00:57:09.996 14885 14885 I System.out: SAFActivity V Scene Framework: NavigationSceneManager Sync Scene SAFFragmentRootScene{79e191c} Lifecycle [RESUMED -> STARTED] without saved State
03-02 00:57:09.996 14885 14885 I System.out: SAFFragmentRootScene: onPause Start (SAFFragmentRootScene{79e191c})
03-02 00:57:09.996  2013  4834 D InputTransport: Input channel destroyed: '8ebe82 ', fd=1083
03-02 00:57:09.996 14636 14636 D WM-SystemJobService: onStopJob for WorkGenerationalId(workSpecId=f23029b8-b7a3-4a93-aaf6-b7c7a26dfe9e, generation=0)
03-02 00:57:09.996  1507  1507 I SurfaceFlinger: [8ebe82 Splash Screen com.podcast.app.debug#155713] attach to parent LayerHierarchy{RequestedLayerState{ActivityRecord{1417305 u0 com.podcast.app.debug/androidx.activity.ComponentActivity t44858}#155712 parentId=155711} 1 children}
03-02 00:57:09.997 14636 15263 D WM-Processor: WorkerWrapper interrupted for f23029b8-b7a3-4a93-aaf6-b7c7a26dfe9e
03-02 00:57:09.997 14636 15263 D WM-StopWorkRunnable: StopWorkRunnable for f23029b8-b7a3-4a93-aaf6-b7c7a26dfe9e; Processor.stopWork = true
03-02 00:57:09.997  3506  3506 E pageboostd: Received HALT command code 2
03-02 00:57:09.998  2746  2808 D InputTransport: Input channel constructed: '8ebe82 ', fd=520
03-02 00:57:09.999  2746  2808 I InsetsController: onStateChanged: host=Splash Screen com.podcast.app.debug, from=android.view.ViewRootImpl.onInsetsStateChanged:3026, state=InsetsState: {mDisplayFrame=Rect(0, 0 - 1080, 2340), mDisplayCutout=DisplayCutout{insets=Rect(0, 80 - 0, 0) waterfall=Insets{left=0, top=0, right=0, bottom=0} boundingRect={Bounds=[Rect(0, 0 - 0, 0), Rect(472, 0 - 608, 80), Rect(0, 0 - 0, 0), Rect(0, 0 - 0, 0)]} cutoutPathParserInfo={CutoutPathParserInfo{displayWidth=1080 displayHeight=2340 physicalDisplayWidth=1080 physicalDisplayHeight=2340 density={2.8125} cutoutSpec={M 0,0 H -24.177777778 V 28.4444444444 H 24.177777778 V 0 H 0 Z @dp} rotation={0} scale={1.0} physicalPixelDisplaySizeRatio={1.0}}} sideOverrides={}}, mRoundedCorners=RoundedCorners{[RoundedCorner{position=TopLeft, radius=113, center=Point(113, 113)}, RoundedCorner{position=TopRight, radius=113, center=Point(967, 113)}, RoundedCorner{position=BottomRight, radius=113, center=Point(967, 2227)}, RoundedCorner{position=BottomLeft, radius=113, center=Point(113, 2227)}]}  mRoundedCornerFrame=Rect(0, 0 - 1080, 2340), mPrivacyIndicatorBounds=PrivacyIndicatorBounds {static bounds=Rect(956, 0 - 1080, 80) rotation=0}, mDisplayShape=DisplayShape{ spec=-311912193 displayWidth=1080 displayHeight=2340 physicalPixelDisplaySizeRatio=1.0 rotation=0 offsetX=0 offsetY=0 scale=1.0}, mSources= { InsetsSource: {e9af0000 mType=statusBars mFrame=[0,0][1080,80] mVisible=true mFlags= mSideHint=TOP mBoundingRects=null}, InsetsSource: {e9af0005 mType=mandatorySystemGestures mFrame=[0,0][1080,114] mVisible=true mFlags= mSideHint=TOP mBoundingRects=null}, InsetsSource: {e9af0006 mType=tappableElement mFrame=[0,0][1080,80] mVisible=true mFlags= mSideHint=TOP mBoundingRects=null}, InsetsSource: {27 mType=displayCutout mFrame=[0,0][1080,80] mVisible=true mFlags= mSideHint=TOP mBoundingRects=null}, InsetsSource: {26ed0001 mType=navigationBars mFrame=[0,2298][1080,2340] mVisible=true mFlags=SUPPRESS_SCRIM mSideHint=BOTTOM mBoundingRects=null}, InsetsSource: {26ed0004 mType=systemGestures mFrame=[0,0][84,2340] mVisible=true mFlags= mSideHint=LEFT mBoundingRects=null}, InsetsSource: {26ed0005 mType=mandatorySystemGestures mFrame=[0,2250][1080,2340] mVisible=true mFlags= mSideHint=BOTTOM mBoundingRects=null}, InsetsSource: {26ed0006 mType=tappableElement mFrame=[0,0][0,0] mVisible=true mFlags= mSideHint=NONE mBoundingRects=null}, InsetsSource: {26ed0024 mType=systemGestures mFrame=[996,0][1080,2340] mVisible=true mFlags= mSideHint=RIGHT mBoundingRects=null} }
03-02 00:57:09.999  2746  2808 I VRI[debug]@40f396: onActiveControlsChanged, removed=false, mAdded=true, caller=android.view.ViewRootImpl.handleInsetsControlChanged:3002 android.view.ViewRootImpl.setView:2014 android.view.WindowManagerGlobal.addView:604 com.android.wm.shell.startingsurface.SplashscreenWindowCreator.addWindow:38 com.android.wm.shell.startingsurface.StartingWindowController$$ExternalSyntheticLambda4.run:1365
03-02 00:57:10.000  2746  2808 I VRI[debug]@40f396: synced displayState. AttachInfo displayState=2
03-02 00:57:10.000  2746  2808 I VRI[debug]@40f396: setView = android.widget.FrameLayout@afc0370 IsHRR=false mFlingFrameRateChange=0 TM=true
03-02 00:57:10.001  2746  2870 D HWUI    : HWUI - treat SMPTE_170M as sRGB
03-02 00:57:10.005  3202 15778 I HoneySpace.RecentTasks: onRecentTasksChanged
03-02 00:57:10.005  2013  4843 I WindowManager: Relayout Window{8ebe82 u0 Splash Screen com.podcast.app.debug}: viewVisibility=0 req=1080x2340 ty=3 d0
03-02 00:57:10.005  3202  3386 I HoneySpace.TopTaskSource: onTaskMovedToFront : taskId = 44858, displayId = 0
03-02 00:57:10.005  3202  4701 I HoneySpace.RecentTasks: onRecentTasksChanged
03-02 00:57:10.006  1507  2393 I SurfaceFlinger: id=155714 createSurf, flag=44004, Splash Screen com.podcast.app.debug$_2746#155714
03-02 00:57:10.008  1507  1507 I SurfaceFlinger: [Display 0 name="Built-in Screen"#49] setFrameRateCategory: High
03-02 00:57:10.008  1507  1507 I SurfaceFlinger: [Splash Screen com.podcast.app.debug$_2746#155714] attach to parent LayerHierarchy{RequestedLayerState{8ebe82 Splash Screen com.podcast.app.debug#155713 parentId=155712} 1 children}
03-02 00:57:10.008  3202  3390 I HoneySpace.TopTaskUseCase: topTasks 44858 ComponentInfo{com.podcast.app.debug/androidx.activity.ComponentActivity}[displayId=0]
03-02 00:57:10.010  2013  4843 I WindowManager: Relayout hash=8ebe82, pid=2746, syncId=-1: mAttrs={(0,0)(fillxfill) sim={adjust=pan} layoutInDisplayCutoutMode=always ty=APPLICATION_STARTING fmt=TRANSLUCENT wanim=0x1030317
03-02 00:57:10.010  2013  4843 I WindowManager:   fl=81030118
03-02 00:57:10.010  2013  4843 I WindowManager:   pfl=10000810
03-02 00:57:10.010  2013  4843 I WindowManager:   bhv=1
03-02 00:57:10.010  2013  4843 I WindowManager:   fitSides=0
03-02 00:57:10.010  2013  4843 I WindowManager:   frameRateBoostOnTouch=true
03-02 00:57:10.010  2013  4843 I WindowManager:   dvrrWindowFrameRateHint=true naviIconColor=0}
03-02 00:57:10.011 14885 14885 I System.out: SAFFragmentRootScene: onWindowFocusChanged: com.ss.android.ugc.aweme.main.MainRootFragment, MainRootFragment{e89d275} (8a90a2f7-f51b-4f8d-88b5-38e0125851ad tag=root_fragment), true (SAFFragmentRootScene{79e191c})
03-02 00:57:10.011  2746  2808 I VRI[debug]@40f396: onActiveControlsChanged, removed=false, mAdded=true, caller=android.view.ViewRootImpl.handleInsetsControlChanged:3002 android.view.ViewRootImpl.relayoutWindow:11629 android.view.ViewRootImpl.performTraversals:4804 android.view.ViewRootImpl.doTraversal:3924 android.view.ViewRootImpl$TraversalRunnable.run:12903
03-02 00:57:10.012  2746  2808 D BufferQueueConsumer: [](id:aba00001e0b,api:0,p:-1,c:2746) connect: controlledByApp=false
03-02 00:57:10.012 14885 14885 I System.out: SAFActivity V Scene Framework: NavigationMessageQueue postSync run current task finish 14_Y.ARunnableS108S0200000_32@12b369f
03-02 00:57:10.013 14885 14885 I System.out: SAFActivity V Scene Framework: NavigationMessageQueue postSync finish
03-02 00:57:10.013 14885 14885 I System.out: SceneSafeLifecycleDispatcher: onPaused End PAUSE
03-02 00:57:10.013 14885 14885 I System.out: SAFActivity: com.ss.android.ugc.aweme.main.MainActivity@c20428f,  onPause End
03-02 00:57:10.013  1507  1507 I BpBinder: onLastStrongRef automatically unlinking death recipients:
03-02 00:57:10.013  2746  2808 I BLASTBufferQueue: [VRI[debug]@40f396#7691](f:0,a:0,s:0) constructor()
03-02 00:57:10.013  2746  2808 I BLASTBufferQueue_Java: new BLASTBufferQueue, mName= VRI[debug]@40f396 mNativeObject= 0xb40000771f5cb800 caller= android.view.ViewRootImpl.updateBlastSurfaceIfNeeded:3585 android.view.ViewRootImpl.relayoutWindow:11685 android.view.ViewRootImpl.performTraversals:4804 android.view.ViewRootImpl.doTraversal:3924 android.view.ViewRootImpl$TraversalRunnable.run:12903 android.view.Choreographer$CallbackRecord.run:1901 android.view.Choreographer$CallbackRecord.run:1910 android.view.Choreographer.doCallbacks:1367 android.view.Choreographer.doFrame:1292 android.view.Choreographer$FrameDisplayEventReceiver.run:1870
03-02 00:57:10.014  2746  2808 I BLASTBufferQueue_Java: update, w= 1080 h= 2340 mName = VRI[debug]@40f396 mNativeObject= 0xb40000771f5cb800 sc.mNativeObject= 0xb40000783d286040 format= -3 caller= android.view.ViewRootImpl.updateBlastSurfaceIfNeeded:3590 android.view.ViewRootImpl.relayoutWindow:11685 android.view.ViewRootImpl.performTraversals:4804 android.view.ViewRootImpl.doTraversal:3924 android.view.ViewRootImpl$TraversalRunnable.run:12903 android.view.Choreographer$CallbackRecord.run:1901
03-02 00:57:10.015  2746  2808 I BLASTBufferQueue: [VRI[debug]@40f396#7691](f:0,a:0,s:0) update width=1080 height=2340 format=-3 mTransformHint=0
03-02 00:57:10.015  2746  2808 I VRI[debug]@40f396: Relayout returned: old=(0,0,1080,2340) new=(0,0,1080,2340) relayoutAsync=false req=(1080,2340)0 dur=9 res=0x3 s={true 0xb40000770f7b8800} ch=true seqId=0
03-02 00:57:10.016  1444  1808 D MDP     : [PQSessionManager] findVideoID[f6840820] found on index a
03-02 00:57:10.016  1444  1808 D MDP     : [PQSessionManager] createPQSession(a) user(0xb4000074f4d46d80)
03-02 00:57:10.016  1444  1808 D MDP     : [PQSessionManager] Duplicated ID[a] found, please check if double createPQSession!
03-02 00:57:10.016  1444  1808 D MDP     : [PQSessionManager] getPQSessionListHandle id[a]
03-02 00:57:10.016  1444  1808 D MDP     : [PQSessionManager] getPQSessionListHandle, find id[a]
03-02 00:57:10.016  1444  1808 D MDP     : [PQSession] incRefCount id[a] user[0xb4000074f4d46d80] existed
03-02 00:57:10.016  1444  1808 D MDP     : [PQSession] incRefCount id[a] user[0xb4000074f4d46d80] numOfUser[1]
03-02 00:57:10.016  1444  1808 D MDP     : [PQSession] numElements[0] key[0] metaData[0]
03-02 00:57:10.016  1444  1808 D MDP     : [PQSession] setPQParam() id[a] enable[1], scenario[1]
03-02 00:57:10.016  1444  1808 D MDP     : [PQSession] video TS [10400]
03-02 00:57:10.016  1444  1808 D PQ      : PQDSConfig::getEnableStatus check1  time 0 ms
03-02 00:57:10.016  1444  1808 D PQ      : [PQDSConfig] PQDSConfig::getEnableStatus = 1
03-02 00:57:10.016  1444  1808 D PQ      : [PQDSConfig] m_TDSHPTableInit 1
03-02 00:57:10.016  1444  1808 D PQ      : [PQDSConfig] getAshmemContext(SHP_ENABLE) = 1
03-02 00:57:10.016  1444  1808 D PQ      : PQDSConfig::getEnableStatus check2  time 0 ms
03-02 00:57:10.016  1444  1808 D PQ      : [PQDSConfig] PQDSConfig::getUREnableStatus = 1
03-02 00:57:10.016  1444  1808 D MDP     : [PQSession] setDpPqConfig m_svp = 0, enDRE = 0
03-02 00:57:10.016  1444  1808 D MDP     : setPQParam globalPQSupport = [0] globalPQSwitch = [0] globalPQStrength = [0] globalPQType = [0]
03-02 00:57:10.016  1444  1808 D MDP     : [PQSession] setPQparam userId[0x0], scenario[1], enDRE[0]
03-02 00:57:10.016  1444  1808 D MDP     : [PQSession] getDpPqConfig() id[a] enable[1], scenario[1]
03-02 00:57:10.016  1444  1808 D MDP     : [PQSession] getDpPqConfig() enSharp[1] enDC[0] enColor[0] enHDR[0] enHDRVivid[0] enUR[0] enReFocus[0] enCcorr[1] enDRE[0] enHFG[0] enAIPQ[0] enAISDR2HDR[0] enAIRegionPQ[0] mAdaptiveEnable[0]
03-02 00:57:10.016  1444  1808 D MDP     : [PQSession] setPQDREParam userId[0x0] scenario[1] enDRE[0]
03-02 00:57:10.016  1444  1808 D MDP     : [PQSessionManager] findVideoID[f6840820] found on index a
03-02 00:57:10.016  1444  1808 D MDP     : [PQSessionManager] PQSessionManager::getPQSession id[a]
03-02 00:57:10.016  1444  1808 D MDP     : [PQSessionManager] getPQSessionListHandle id[a]
03-02 00:57:10.016  1444  1808 D MDP     : [PQSessionManager] getPQSessionListHandle, find id[a]
03-02 00:57:10.016  1444  1808 D MDP     : [PQSession] getDpPqConfig() id[a] enable[1], scenario[1]
03-02 00:57:10.016  1444  1808 D MDP     : [PQSession] getDpPqConfig() enSharp[1] enDC[0] enColor[0] enHDR[0] enHDRVivid[0] enUR[0] enReFocus[0] enCcorr[1] enDRE[0] enHFG[0] enAIPQ[0] enAISDR2HDR[0] enAIRegionPQ[0] mAdaptiveEnable[0]
03-02 00:57:10.016  1444  1808 D MDP     : [PQSessionManager] PQSessionManager::getPQSession id[a]
03-02 00:57:10.016  1444  1808 D MDP     : [PQSessionManager] getPQSessionListHandle id[a]
03-02 00:57:10.016  1444  1808 D MDP     : [PQSessionManager] getPQSessionListHandle, find id[a]
03-02 00:57:10.016  1444  1808 D AAL     : [PQEngineInterface] DpEngineTDSHPReConfigFrame(0)
03-02 00:57:10.016  1444  1808 D MDP     : [PQSession] getDpPqConfig() id[a] enable[1], scenario[1]
03-02 00:57:10.016  1444  1808 D MDP     : [PQSession] getDpPqConfig() enSharp[1] enDC[0] enColor[0] enHDR[0] enHDRVivid[0] enUR[0] enReFocus[0] enCcorr[1] enDRE[0] enHFG[0] enAIPQ[0] enAISDR2HDR[0] enAIRegionPQ[0] mAdaptiveEnable[0]
03-02 00:57:10.016  1444  1808 D AAL     : [PQEngineInterface] DpEngineTDSHPReConfigFrame(0) tdshpEnable(1) enSharp(1) enDC(0) enHFG(0)
03-02 00:57:10.016  1444  1808 D MDP     : PQSession:setPipeNum m_PipeNum[1] value[1] ID[a] DCPath[0] DCDone[0] addr[732261df]
03-02 00:57:10.016  1444  1808 D AAL     : [PQEngineInterface] DpEngineTDSHPReConfigFrame(0)  adl_enable = 0
03-02 00:57:10.016  1444  1808 D AAL     : [PQEngineInterface] DpEngineTDSHPReConfigFrame(0) Scenario = 0
03-02 00:57:10.016  1444  1808 D MDP     : [PQSessionManager] PQSessionManager::getPQSession id[a]
03-02 00:57:10.016  1444  1808 D MDP     : [PQSessionManager] getPQSessionListHandle id[a]
03-02 00:57:10.016  1444  1808 D MDP     : [PQSessionManager] getPQSessionListHandle, find id[a]
03-02 00:57:10.016  1444  1808 W AAL     : DpEngine_HDR::onReconfigTiles : PABufferIndex no change do nothing
03-02 00:57:10.017  2013  2844 D InputDispatcher: Focused application(0): ActivityRecord{1417305 u0 com.podcast.app.debug/androidx.activity.ComponentActivity t44858}
03-02 00:57:10.020  2013  4834 D GraphicsStatsService: requestRenderEngineFor(com.podcast.app.debug)
03-02 00:57:10.021  2746  2808 D VRI[debug]@40f396: mThreadedRenderer.initialize() mSurface={isValid=true 0xb40000770f7b8800} hwInitialized=true
03-02 00:57:10.021  1444  1809 D MDP     : [PQSessionManager] PQSessionManager::getPQSession id[a]
03-02 00:57:10.021  1444  1809 D MDP     : [PQSessionManager] getPQSessionListHandle id[a]
03-02 00:57:10.021  1444  1809 D MDP     : [PQSessionManager] getPQSessionListHandle, find id[a]
03-02 00:57:10.021  1444  1809 D MDP     : [PQSessionManager] findVideoID[f6840820] found on index a
03-02 00:57:10.022  2013  2013 D MediaSessionService: Audio playback is changed, config=AudioPlaybackConfiguration piid:92743 deviceIds:[3] type:android.media.AudioTrack u/pid:10350/14885 state:paused attr:AudioAttributes: usage=USAGE_MEDIA content=CONTENT_TYPE_UNKNOWN flags=0xA00 tags= bundle=null sessionId:126033 mutedState:none  FormatInfo{isSpatialized=false, channelMask=0x3, sampleRate=44100}, removed=false
03-02 00:57:10.022  2013  2013 D MediaSessionStack: updateMediaButtonSessionIfNeeded, callers=com.android.server.media.AudioPlayerStateMonitor$MessageHandler.handleMessage:19 android.os.Handler.dispatchMessage:110
03-02 00:57:10.022  2013  2013 D MediaSessionStack: updateMediaButtonSessionIfNeeded, skipping uid=10350
03-02 00:57:10.022  2013  2013 D MediaSessionStack: updateMediaButtonSessionIfNeeded, skipping uid=10342
03-02 00:57:10.022  2013  2013 D MediaSessionStack: updateMediaButtonSessionIfNeeded, skipping uid=10317
03-02 00:57:10.022  2013  2013 D MediaSessionStack: updateMediaButtonSessionIfNeeded, skipping uid=10672
03-02 00:57:10.023  2746  2808 D VRI[debug]@40f396: reportNextDraw android.view.ViewRootImpl.performTraversals:5443 android.view.ViewRootImpl.doTraversal:3924 android.view.ViewRootImpl$TraversalRunnable.run:12903 android.view.Choreographer$CallbackRecord.run:1901 android.view.Choreographer$CallbackRecord.run:1910
03-02 00:57:10.023  2746  2808 D VRI[debug]@40f396: Setup new sync=wmsSync-VRI[debug]@40f396#99
03-02 00:57:10.023  2746  2808 I VRI[debug]@40f396: Creating new active sync group VRI[debug]@40f396#0
03-02 00:57:10.024  2746  3671 D SoundCraft.PlayingAudioConditionHandler: onPlaybackConfigChanged : lastStartedPackageName=com.zhiliaoapp.musically, lastStartedUid=10350, newStartedUid=-1, newStartPackageName=null, thread=Thread[RoutineHandlerThread,5,main]
03-02 00:57:10.024  1507  1825 I SurfaceFlinger: Capture layer list: 	 com.zhiliaoapp.musically/com.ss.android.ugc.aweme.splash.SplashActivity$_14885#155691(seamlessTransition:0)
03-02 00:57:10.025  1445  2902 W C2MtkBufferManager: [0xB4000070F507E520] fetchNewCcBlock: wait fence 0x0xb4000070f5058270 timed out. ret 110
03-02 00:57:10.027  2746  2808 D VRI[debug]@40f396: registerCallbacksForSync syncBuffer=false
03-02 00:57:10.028  2746  2866 D VRI[debug]@40f396: Received frameDrawingCallback syncResult=0 frameNum=1.
03-02 00:57:10.028  2746  2866 I VRI[debug]@40f396: mWNT: t=0xb4000076d39e1400 mBlastBufferQueue=0xb40000771f5cb800 fn= 1 HdrRenderState mRenderHdrSdrRatio=1.0 caller= android.view.ViewRootImpl$12.onFrameDraw:15441 android.view.ThreadedRenderer$1.onFrameDraw:718 <bottom of call stack>
03-02 00:57:10.028  2746  2866 I VRI[debug]@40f396: Setting up sync and frameCommitCallback
03-02 00:57:10.028 14636 15264 I WM-WorkerWrapper: Work [ id=f23029b8-b7a3-4a93-aaf6-b7c7a26dfe9e, tags={ com.urbanairship.job.AirshipWorker,airship } ] was cancelled
03-02 00:57:10.028 14636 15264 I WM-WorkerWrapper: androidx.work.impl.WorkerStoppedException
03-02 00:57:10.028 14636 15264 I WM-WorkerWrapper: 	at o.setEnabledWhenDeviceHasQuirk.AnimatedBarChartKtAnimatedBarChart1112(:348)
03-02 00:57:10.028 14636 15264 I WM-WorkerWrapper: 	at o.MutableConfig.AnimatedBarChartKtAnimatedBarChart1(:439)
03-02 00:57:10.028 14636 15264 I WM-WorkerWrapper: 	at o.MutableConfig.AnimatedBarChartKtAnimatedBarChart1112(:259)
03-02 00:57:10.028 14636 15264 I WM-WorkerWrapper: 	at o.getUseCaseInfo.run(:49)
03-02 00:57:10.028 14636 15264 I WM-WorkerWrapper: 	at o.TagBundle$Architecture.run(:96)
03-02 00:57:10.028 14636 15264 I WM-WorkerWrapper: 	at java.util.concurrent.ThreadPoolExecutor.runWorker(ThreadPoolExecutor.java:1154)
03-02 00:57:10.028 14636 15264 I WM-WorkerWrapper: 	at java.util.concurrent.ThreadPoolExecutor$Worker.run(ThreadPoolExecutor.java:652)
03-02 00:57:10.028 14636 15264 I WM-WorkerWrapper: 	at java.lang.Thread.run(Thread.java:1563)
03-02 00:57:10.029 14636 15264 D WM-WorkerWrapper: Status for f23029b8-b7a3-4a93-aaf6-b7c7a26dfe9e is RUNNING; not doing any work and rescheduling for later execution
03-02 00:57:10.032  2746  2870 I BLASTBufferQueue: [VRI[debug]@40f396#7691](f:0,a:0,s:0) onFrameAvailable the first frame is available
03-02 00:57:10.033  2746  2870 I BLASTBufferQueue: [VRI[debug]@40f396#7691](f:0,a:1,s:0) acquireNextBufferLocked size=1080x2340 mFrameNumber=1 applyTransaction=true mTimestamp=491109033399656(auto) mPendingTransactions.size=0 graphicBufferId=11793980283339 transform=0
03-02 00:57:10.035  2746  2870 I VRI[debug]@40f396: Received frameCommittedCallback lastAttemptedDrawFrameNum=1 didProduceBuffer=true
03-02 00:57:10.035 17121 17121 D LifecycleMonitor: Lifecycle status change: androidx.activity.ComponentActivity@37e5e80 in: PRE_ON_CREATE
03-02 00:57:10.035 17121 17121 V ActivityScenario: Activity lifecycle changed event received but ignored because the reported transition was not ON_CREATE while the last known transition was PRE_ON_CREATE
03-02 00:57:10.036  2746  2870 D HWUI    : CFMS:: SetUp Pid : 2746    Tid : 2870
03-02 00:57:10.036  2746  2808 D VRI[debug]@40f396: reportDrawFinished seqId=0
03-02 00:57:10.036 14636 14636 D WM-Processor: MutableConfig f23029b8-b7a3-4a93-aaf6-b7c7a26dfe9e executed; reschedule = true
03-02 00:57:10.037  2013  2600 D AS.MultiSoundManager: mForegroundUid = 10685
03-02 00:57:10.040 14636 15266 D WM-GreedyScheduler: Cancelling work ID f23029b8-b7a3-4a93-aaf6-b7c7a26dfe9e
03-02 00:57:10.040 17121 17121 I DecorView: setWindowBackground: isPopOver=false color=ff0f0f0f d=android.graphics.drawable.ColorDrawable@bdb1b75
03-02 00:57:10.040  1507  1507 I SurfaceFlinger: [LayerHierarchy{RequestedLayerState{ImeContainer#15 parentId=147902 relativeParentId=147902 z=1} 1 children}] RelativeParent to null
03-02 00:57:10.042 17121 17121 D LifecycleMonitor: Lifecycle status change: androidx.activity.ComponentActivity@37e5e80 in: CREATED
03-02 00:57:10.043 17121 17121 V ActivityScenario: Update currentActivityStage to CREATED, currentActivity=androidx.activity.ComponentActivity@37e5e80
03-02 00:57:10.043 17121 17121 D LifecycleMonitor: Lifecycle status change: androidx.activity.ComponentActivity@37e5e80 in: STARTED
03-02 00:57:10.043 17121 17121 V ActivityScenario: Update currentActivityStage to STARTED, currentActivity=androidx.activity.ComponentActivity@37e5e80
03-02 00:57:10.044  2013  2065 D PkgPredictorService-SecIpmManagerServiceImpl: onForegroundActivitiesChanged pid:17121 uid:10685
03-02 00:57:10.044 14636 15266 W JobInfo : Requested important-while-foreground flag for job3664 is ignored and takes no effect
03-02 00:57:10.044 14636 15266 D WM-SystemJobScheduler: Scheduling work ID f23029b8-b7a3-4a93-aaf6-b7c7a26dfe9eJob ID 3664
03-02 00:57:10.046 17121 17121 D LifecycleMonitor: Lifecycle status change: androidx.activity.ComponentActivity@37e5e80 in: RESUMED
03-02 00:57:10.046 17121 17121 V ActivityScenario: Update currentActivityStage to RESUMED, currentActivity=androidx.activity.ComponentActivity@37e5e80
03-02 00:57:10.046  1646  2917 I CameraService: onUidStateChanged: uid=10492, procState is changed. (8 -> 19)
03-02 00:57:10.047  1507  1565 E SfCpu   :  sched_setaffinity return fail 1461
03-02 00:57:10.047  1507  1565 E SfCpu   :  sched_setaffinity return fail 1444
03-02 00:57:10.048 17121 17121 I ViewRootImpl: dVRR is disabled
03-02 00:57:10.048 25915 26075 I Rubin   : [4019] M.c0.k(Unknown Source) : Notify com.samsung.android.rubin.inferenceengine.contextanalytics.engine.loggers.AppUsageLogger's database is updated.
03-02 00:57:10.050 17121 17389 D NativeCustomFrequencyManager: [NativeCFMS] BpCustomFrequencyManager::BpCustomFrequencyManager()
03-02 00:57:10.053  1507  1562 I SurfaceFlinger: id=155715 createSurf, flag=84004, Transition Root: Task=44858#155715
03-02 00:57:10.056  2013  4834 W ParceledListSlice: Element #30 is 21544 bytes.
03-02 00:57:10.057  2013  2068 I SurfaceControlRegistry: show, t=StartTransaction_SyncId<11246> sc=ActivityRecord{1417305 u0 com.podcast.app.debug/androidx.activity.ComponentActivity t44858}, caller=android.view.SurfaceControl$Transaction.show:3557 com.android.server.wm.Transition.onTransactionReady:2048 com.android.server.wm.BLASTSyncEngine$SyncGroup.finishNow:240 com.android.server.wm.BLASTSyncEngine.onSurfacePlacement:263 com.android.server.wm.RootWindowContainer.performSurfacePlacementNoTrace:1083 com.android.server.wm.WindowSurfacePlacer.performSurfacePlacement:166
03-02 00:57:10.058  2746  2746 I {OngoingActivityController}: onTaskFocusChanged but OA data is empty
03-02 00:57:10.058 14885 16208 W System.err: FlagsHookHelper: skip hook flags method getInstanceHook
03-02 00:57:10.058  1507  1845 D SurfaceFlinger: [input] setFocusedWindow: <null>
03-02 00:57:10.058  1507  1845 D SurfaceFlinger: updateWinowInfo=1, setFocusedWindow timestamp=491109042950732, windowName=<null>
03-02 00:57:10.059  1484  1921 D DlbEffectContext: setParam() received parameter EFFECT_PARAM_SEEK
03-02 00:57:10.059  1484  1921 D DlbEffectContext: handleSeek(seek operation starts, current profile is 2)
03-02 00:57:10.059  1484  1921 D DlbEffectContext: transformExternalGain() volume:0x0 fVol:0.000000 extVal:-2080
03-02 00:57:10.059  1484  1921 D DlbEndpointParamCache: commitChangedParams()
03-02 00:57:10.059  1484  1921 D DlbEndpointParamCache: commit() Applying parameters for device 0x40000000
03-02 00:57:10.059  1484  1921 D DlbDap2Process: setParam(preg = #1[-2080])
03-02 00:57:10.059  1484  1921 D DlbDap2Process: setSystemGain(vol = 0)
03-02 00:57:10.059  1484  1921 D DlbDap2Process: setParam(svol = #1[-2080])
03-02 00:57:10.059  1484  1921 D DlbEndpointParamCache: doCommit() Committed 2 parameters out of 15.
03-02 00:57:10.059  1484  1921 D DlbEndpointParamCache: commit() Overriding parameters for current device 0x00000002
03-02 00:57:10.059  1484  1921 D DlbEndpointParamCache: doCommit() Committed 0 parameters out of 60.
03-02 00:57:10.059  1484  1921 I SoundBoosterEffectPlus: SB_setVolume(0xb400007075106040)
03-02 00:57:10.059  1484  1921 I SoundBoosterEffectPlus: command EFFECT_CMD_SET_VOLUME left = 0.000000, right =0.000000
03-02 00:57:10.059  1484  1921 I SoundBooster_Interface2000_a64: BuffClear() mMode: 1
03-02 00:57:10.059  1484  1921 I SoundBoosterEffectPlus: SB_reset SoundBooster sessionId(-2102)
03-02 00:57:10.059  1484  1921 I SAG_EQ a64: SetVolumeFloat() inst_num [424238335] VolumeFloat [-100.000000] mModeFW [1] mMode [1]
03-02 00:57:10.059  1484  1921 I SAG_EQ a64: mIsVolumeTableValid yes
03-02 00:57:10.059  1484  1921 I SAG_EQ a64: SetVolume() VolumeIndexInt [1]
03-02 00:57:10.060  1439 32089 D MTKAdapterStreamLayer: updateMetadataCommon(),
03-02 00:57:10.060  1484  1921 I SoundBooster_Interface2000_a64: [AE_LOG] Exe() mMode : 1,  n : 2048    VolumeIndexFloat : -100.000000 mSamplingRate : 48000
03-02 00:57:10.061  2013  2844 D InputDispatcher: Once focus requested (0): <null>
03-02 00:57:10.061  2013  2844 D InputDispatcher: Focus request (0): <null> but waiting because NO_WINDOW
03-02 00:57:10.061  1484  1921 I SoundBooster_Interface2000_a64: BuffClear_apply() mMode: 1
03-02 00:57:10.061  2013  2844 D InputDispatcher: Focus left window (0): cd2d6b5 com.zhiliaoapp.musically/com.ss.android.ugc.aweme.splash.SplashActivity
03-02 00:57:10.061  1484  1921 I SoundAlive_Interface_a64: [dB = -100.000000 ]
03-02 00:57:10.062 14885 14885 I ImeFocusController: onPreWindowFocus: skipped hasWindowFocus=false mHasImeFocus=true
03-02 00:57:10.062 14885 14885 I System.out: SAFActivity V Scene Framework: NavigationSceneManager onWindowFocusChanged false
03-02 00:57:10.062 14885 14885 I ImeFocusController: onPostWindowFocus: skipped hasWindowFocus=false mHasImeFocus=true
03-02 00:57:10.063  3202  3386 I HoneySpace.TopTaskSource: onTaskFocusChanged(): taskId = 44858
03-02 00:57:10.066  2013  2068 D ScreenCapture: [Capture_TEST] : setIsScreenShotBySystem false
03-02 00:57:10.066 14885 15878 W NaviWarn: StackPtr is not 8-byte aligned.
03-02 00:57:10.067  2013  2068 I SurfaceComposerClient: captureLayers:childrenOnly:1, sync:1
03-02 00:57:10.067  3202  3202 I HoneySpace.EdgePanel.CocktailHostRepositoryImpl: onNoteResume
03-02 00:57:10.067  3202  3202 I HoneySpace.EdgePanel.EdgePanelContainerViewModel: cocktailHostRepository.edgePanelOperation NoteResumeComponent(componentName=ComponentInfo{com.podcast.app.debug/androidx.activity.ComponentActivity})
03-02 00:57:10.067  3202  3202 I HoneySpace.EdgePanel.ActivityUtils: HomePackage : com.sec.android.app.launcher, resumePackageName : com.podcast.app.debug, className : androidx.activity.ComponentActivity
03-02 00:57:10.074  2746  2798 I SurfaceControlRegistry: hide, t=FinishTransaction_SyncId<11246> sc=Task=44543, caller=android.view.SurfaceControl$Transaction.hide:3583 com.android.wm.shell.transition.Transitions.dispatchReady:1263 com.android.wm.shell.transition.Transitions.onTransitionReady:251 com.android.wm.shell.transition.Transitions$TransitionPlayerImpl$$ExternalSyntheticLambda0.run:13 android.os.Handler.handleCallback:995 android.os.Handler.dispatchMessage:103
03-02 00:57:10.074  2746  2798 I SurfaceControlRegistry: show, t=StartTransaction_SyncId<11246> sc=Task=44858, caller=android.view.SurfaceControl$Transaction.show:3557 com.android.wm.shell.transition.Transitions.dispatchReady:1279 com.android.wm.shell.transition.Transitions.onTransitionReady:251 com.android.wm.shell.transition.Transitions$TransitionPlayerImpl$$ExternalSyntheticLambda0.run:13 android.os.Handler.handleCallback:995 android.os.Handler.dispatchMessage:103
03-02 00:57:10.074  2746  2798 I SurfaceControlRegistry: show, t=FinishTransaction_SyncId<11246> sc=Task=44858, caller=android.view.SurfaceControl$Transaction.show:3557 com.android.wm.shell.transition.Transitions.dispatchReady:1330 com.android.wm.shell.transition.Transitions.onTransitionReady:251 com.android.wm.shell.transition.Transitions$TransitionPlayerImpl$$ExternalSyntheticLambda0.run:13 android.os.Handler.handleCallback:995 android.os.Handler.dispatchMessage:103
03-02 00:57:10.075  2746  2798 I SurfaceControlRegistry: show, t=StartTransaction_SyncId<11246> sc=Transition Root: Task=44858, caller=android.view.SurfaceControl$Transaction.show:3557 com.android.wm.shell.transition.Transitions.playTransition:79 com.android.wm.shell.transition.Transitions.processReadyQueue:239 com.android.wm.shell.transition.Transitions.dispatchReady:1352 com.android.wm.shell.transition.Transitions.onTransitionReady:251 com.android.wm.shell.transition.Transitions$TransitionPlayerImpl$$ExternalSyntheticLambda0.run:13
03-02 00:57:10.077  1507  1507 I SurfaceFlinger: [Transition Root: Task=44858#155715] attach to parent LayerHierarchy{RequestedLayerState{DefaultTaskDisplayArea_d0#10 parentId=9} 46 children}
03-02 00:57:10.078  1507  1562 I SurfaceFlinger: Capture layer list: 	 Background for 68eb87 SurfaceView[com.zhiliaoapp.musically/com.ss.android.ugc.aweme.splash.SplashActivity]@0#155697(seamlessTransition:0)
03-02 00:57:10.078  1507  1562 I SurfaceFlinger: Capture layer list: 	 Background for 7086fb SurfaceView[com.zhiliaoapp.musically/com.ss.android.ugc.aweme.splash.SplashActivity]@0#155700(seamlessTransition:0)
03-02 00:57:10.078  1507  1562 I SurfaceFlinger: Capture layer list: 	 Background for 836459b SurfaceView[com.zhiliaoapp.musically/com.ss.android.ugc.aweme.splash.SplashActivity]@0#155703(seamlessTransition:0)
03-02 00:57:10.078  1507  1562 I SurfaceFlinger: Capture layer list: 	 7086fb SurfaceView[com.zhiliaoapp.musically/com.ss.android.ugc.aweme.splash.SplashActivity]@0(BLAST)#155699(seamlessTransition:0)
03-02 00:57:10.078  1507  1562 I SurfaceFlinger: Capture layer list: 	 com.zhiliaoapp.musically/com.ss.android.ugc.aweme.splash.SplashActivity$_14885#155691(seamlessTransition:0)
03-02 00:57:10.079  1507  1568 E mali_winsys: Unrecognised Android chroma siting range: [2, 2]. Applying default
03-02 00:57:10.082  1507  2393 I SurfaceFlinger: id=155716 createSurf, flag=20004, DimTransitionLayer for Surface(name=Task=44858)/@0x648d088#155716
03-02 00:57:10.083  2746  2798 I SurfaceControlRegistry: show, t=StartTransaction_SyncId<11246> sc=DimTransitionLayer for Surface(name=Task=44858)/@0x648d088, caller=android.view.SurfaceControl$Transaction.show:3557 com.android.wm.shell.transition.DefaultTransitionHandler.startAnimation:2837 com.android.wm.shell.transition.Transitions.dispatchTransition:90 com.android.wm.shell.transition.Transitions.playTransition:774 com.android.wm.shell.transition.Transitions.processReadyQueue:239 com.android.wm.shell.transition.Transitions.dispatchReady:1352
03-02 00:57:10.084  1444  1808 D MDP     : [PQSessionManager] findVideoID[f6840820] found on index a
03-02 00:57:10.084  1444  1808 D MDP     : [PQSessionManager] createPQSession(a) user(0xb4000074f4d46d80)
03-02 00:57:10.084  2746  2798 I SurfaceControlRegistry: apply, t=StartTransaction_SyncId<11246>, caller=android.view.SurfaceControl$Transaction.apply:3459 android.view.SurfaceControl$Transaction.apply:3447 android.view.SurfaceControl$Transaction.apply:3397 com.android.wm.shell.transition.DefaultTransitionHandler.startAnimation:3292 com.android.wm.shell.transition.Transitions.dispatchTransition:90 com.android.wm.shell.transition.Transitions.playTransition:774
03-02 00:57:10.084  1444  1808 D MDP     : [PQSessionManager] Duplicated ID[a] found, please check if double createPQSession!
03-02 00:57:10.084  1444  1808 D MDP     : [PQSessionManager] getPQSessionListHandle id[a]
03-02 00:57:10.084  1444  1808 D MDP     : [PQSessionManager] getPQSessionListHandle, find id[a]
03-02 00:57:10.084  1444  1808 D MDP     : [PQSession] incRefCount id[a] user[0xb4000074f4d46d80] existed
03-02 00:57:10.084  1444  1808 D MDP     : [PQSession] incRefCount id[a] user[0xb4000074f4d46d80] numOfUser[1]
03-02 00:57:10.084  1444  1808 D MDP     : [PQSession] numElements[0] key[0] metaData[0]
03-02 00:57:10.084  1444  1808 D MDP     : [PQSession] setPQParam() id[a] enable[1], scenario[1]
03-02 00:57:10.084  1444  1808 D MDP     : [PQSession] video TS [10433]
03-02 00:57:10.084  1444  1808 D PQ      : PQDSConfig::getEnableStatus check1  time 0 ms
03-02 00:57:10.084  1444  1808 D PQ      : [PQDSConfig] PQDSConfig::getEnableStatus = 1
03-02 00:57:10.084  1444  1808 D PQ      : [PQDSConfig] m_TDSHPTableInit 1
03-02 00:57:10.084  1444  1808 D PQ      : [PQDSConfig] getAshmemContext(SHP_ENABLE) = 1
03-02 00:57:10.084  1444  1808 D PQ      : PQDSConfig::getEnableStatus check2  time 0 ms
03-02 00:57:10.084  1444  1808 D PQ      : [PQDSConfig] PQDSConfig::getUREnableStatus = 1
