03-02 00:57:29.178  1507  1507 D SurfaceFlinger:        DEVICE |           13752485304097 | 00002100 | RGBA_8888    |    0.0    0.0   67.0  346.0 | 1013  454 1080  800 | com.sec.android.app.launcher/com.sam[...].app.CocktailBarService$_3202#152779 (1)
03-02 00:57:29.178  1507  1507 D SurfaceFlinger:        DEVICE |           11793980281853 | 00002100 | RGBA_8888    |    0.0    0.0 1080.0  135.0 |    0 2205 1080 2340 | NavigationBar0$_2746#113 (187913)
03-02 00:57:29.178  1507  1507 D SurfaceFlinger:
03-02 00:57:29.179  2013  2322 D InputTransport: Input channel constructed: 'ClientS', fd=1036
03-02 00:57:29.180  5235  5235 I HBD     : HoneyBoardService onFinishInput
03-02 00:57:29.180  2013  2322 D InputTransport: Input channel destroyed: 'ClientS', fd=1036
03-02 00:57:29.180  5235  5235 I HBD     : a IC have been unbinding,  RemoteInputConnection{idHash=#674a92f}
03-02 00:57:29.180  5235  5235 I HBD     : HoneyBoardService [PF_CL][onFinishInput]  0 ms
03-02 00:57:29.181  5235  5235 I HBD     : HoneyBoardService [IMI] onStartInput - caller pid : 14885 , caller uid : 10350
03-02 00:57:29.181  5235  5235 I HBD     : k updateConfigs
03-02 00:57:29.181  5235  5235 I HBD     : k isEnabledNightMode : true
03-02 00:57:29.181  5235  5235 I HBD     : a IC have been binding, RemoteInputConnection{idHash=#f70272}
03-02 00:57:29.181  5235  5235 I HBD     : h [EditorInputType]setPrivateImeOptionsToTable privateImeOptions ( null )
03-02 00:57:29.181  5235  5235 I HBD     : b incognitoMode : false
03-02 00:57:29.181 14885 17077 D InputTransport: Input channel constructed: 'ClientS', fd=611
03-02 00:57:29.181  5235  5235 I HBD     : c needOff = true , isForceOff = false, isNullInputClass : true
03-02 00:57:29.181  1445 18689 W C2MtkBufferManager: [0xB4000070F68A8D20] fetchNewCcBlock: wait fence 0x0xb4000070f692fcb0 timed out. ret 110
03-02 00:57:29.181  5235  5235 I HBD     : h getDefaultInputRange : UNKNOWN
03-02 00:57:29.181  5235  5235 I HBD     : h getDefaultInputRange : UNKNOWN
03-02 00:57:29.181  5235  5235 I HBD     : h getDefaultInputRange : UNKNOWN
03-02 00:57:29.181 17121 17121 I VRI[ComponentActivity]@e0ce584: stopped(true) old = false
03-02 00:57:29.181 17121 17121 D VRI[ComponentActivity]@e0ce584: WindowStopped on com.podcast.app.debug/androidx.activity.ComponentActivity set to true
03-02 00:57:29.183  1450 18815 I mtkpower_client: perf_lock_rel, hdl:76631, pid: 1450, tid:18815
03-02 00:57:29.183  1507  2128 I SurfaceFlinger: id=156338 createSurf, flag=24004, Surface(name=2141cda InputMethod)/@0x5ea0b56 - animation-leash of insets_animation#156338
03-02 00:57:29.184  1450 18815 I mtkpower_client: perf_lock_acq, hdl:0, dur:0, num:2, pid:1450, tid:18815
03-02 00:57:29.184  1464  1529 I libPowerHal: [perfLockRel] hdl:76631, idx:8
03-02 00:57:29.184 17121 17389 D HWUI    : CacheManager::trimMemory(20)
03-02 00:57:29.184  1464  1529 I libPowerHal: [set_cpuidle] enable:1, fd:17, scn:0xb40000737b61a740
03-02 00:57:29.184  1464  1529 I libPowerHal: [PD] vendor.samsung. update cmd:1c3c100 param:1 pr:6
03-02 00:57:29.185  1464  1529 I libPowerHal: [perfLockRel] Done for hdl : 76631
03-02 00:57:29.185  2013  4835 I ImeTracker: system_server:c661f50a: onRequestHide at ORIGIN_SERVER reason IME_REQUESTED_CHANGED_LISTENER fromUser false
03-02 00:57:29.185  1450 18815 I mtkpower_client: ret_hdl:76633
03-02 00:57:29.186  1450 18815 I mtkpower_client: perf_lock_rel, hdl:76632, pid: 1450, tid:18815
03-02 00:57:29.186  1450 18815 I mtkpower_client: perf_lock_acq, hdl:0, dur:0, num:2, pid:1450, tid:18815
03-02 00:57:29.186  1464  1529 I libPowerHal: [perfLockAcq] idx:5 hdl:76633 hint:-1 pid:1450 tid:18815 duration:0 lock_user:vendor.samsung. => ret_hdl:76633
03-02 00:57:29.186  1464  1529 I libPowerHal: [set_cpuidle] enable:0, fd:17, scn:0xb40000737b610cd8
03-02 00:57:29.186  1464  1529 I libPowerHal: [get_cpu_dma_latency_value] 0
03-02 00:57:29.186  1464  1529 I libPowerHal: [PE] vendor.samsung. update cmd:1c3c100 param:0 pr:3
03-02 00:57:29.186  1464  1529 I libPowerHal: [perfLockAcq] Done for hdl : 76633
03-02 00:57:29.186  5235  5235 I HBD     : c needOff = true , isForceOff = false, isNullInputClass : true
03-02 00:57:29.186  5235  5235 I HBD     : c update cached prediction status : false
03-02 00:57:29.186  5235  5235 I HBD     : h getDefaultInputRange : UNKNOWN
03-02 00:57:29.186  5235  5235 I HBD     : a currentState : 0
03-02 00:57:29.186  1464  1529 I libPowerHal: [perfLockRel] hdl:76632, idx:2
03-02 00:57:29.186  5235  5235 I HBD     : a [UpdatePolicy] [post] a: 0 cl: 65538 kit: [0/0] vt: 0 ir: 1
03-02 00:57:29.186  1464  1529 I libPowerHal: [PD] vendor.samsung. update cmd:1000000 param:-1 pr:6
03-02 00:57:29.187  1464  1529 I libPowerHal: [perfLockRel] Done for hdl : 76632
03-02 00:57:29.187  1450 18815 I mtkpower_client: ret_hdl:76634
03-02 00:57:29.187  1464  1529 I libPowerHal: [perfLockAcq] idx:2 hdl:76634 hint:-1 pid:1450 tid:18815 duration:0 lock_user:vendor.samsung. => ret_hdl:76634
03-02 00:57:29.187  1464  1529 I libPowerHal: [setDvfsrcDevFreqOpp] opp:0, freq:4266000000
03-02 00:57:29.187  1464  1529 I libPowerHal: [PE] vendor.samsung. update cmd:1000000 param:0 pr:3
03-02 00:57:29.187  1464  1529 I libPowerHal: [perfLockAcq] Done for hdl : 76634
03-02 00:57:29.187  2013  2067 I ImeTracker: system_server:c661f50a: onCancelled at PHASE_SERVER_SHOULD_HIDE
03-02 00:57:29.187  1450 18815 I HYPER-HAL: [RequestManager.cpp]releaseLocked(): Released ID : 2063514
03-02 00:57:29.188 17121 17121 D LifecycleMonitor: Lifecycle status change: androidx.activity.ComponentActivity@a8b0df9 in: STOPPED
03-02 00:57:29.188 17121 17121 V ActivityScenario: Update currentActivityStage to STOPPED, currentActivity=androidx.activity.ComponentActivity@a8b0df9
03-02 00:57:29.189  2013  3345 W system_server: Large reply transaction of 322012 bytes, interface descriptor android.app.IActivityTaskManager, code 26
03-02 00:57:29.194  1507  1507 I SurfaceFlinger: RequestedLayer [Surface(name=2141cda InputMethod)/@0[...]ion-leash of insets_animation#156338] hidden!! flag  from(1) --> to(0)
03-02 00:57:29.194  1507  1507 E SurfaceFlinger: alpha changed 1.000 -> 0.000 - Surface(name=2141cda InputMethod)/@0x5ea0b56 - animation-leash of insets_animation#156338
03-02 00:57:29.194  1507  1507 I SurfaceFlinger: [LayerHierarchy{RequestedLayerState{ImeContainer#15 parentId=147902 relativeParentId=155210 z=1} 1 children}] reparent to LayerHierarchy{RequestedLayerState{ActivityRecord{2751228 u0 com.zhiliaoapp.musically/com.ss.android.ugc.aweme.splash.SplashActivity t44543}#147902 parentId=147901} 3 children}
03-02 00:57:29.194  1507  1507 I SurfaceFlinger: [LayerHierarchy{RequestedLayerState{ImeContainer#15 parentId=147902 relativeParentId=155210 z=1} 1 children}] RelativeParent to LayerHierarchy{RequestedLayerState{cd2d6b5 com.zhiliaoapp.musically/com.ss.android.ugc.aweme.splash.SplashActivity#155210 parentId=147902} 2 children}
03-02 00:57:29.194  1507  1507 I SurfaceFlinger: [LayerHierarchy{RequestedLayerState{2141cda InputMethod#159 parentId=156338} no children}] reparent to LayerHierarchy{RequestedLayerState{Surface(name=2141cda InputMethod)/@0x5ea0b56 - animation-leash of insets_animation#156338 parentId=143} 1 children}
03-02 00:57:29.194  1507  1507 I SurfaceFlinger: [LayerHierarchy{RequestedLayerState{Surface(name=2141cda InputMethod)/@0x5ea0b56 - animation-leash of insets_animation#156308} no children}] reparent to OffscreenRoot
03-02 00:57:29.194  1507  1507 I SurfaceFlinger: [LayerHierarchy{RequestedLayerState{Surface(name=2141cda InputMethod)/@0x5ea0b56 - animation-leash of insets_animation#156308} no children}] RelativeParent to null
03-02 00:57:29.194  1507  1507 I SurfaceFlinger: [Surface(name=2141cda InputMethod)/@0x5ea0b56 - animation-leash of insets_animation#156338] attach to parent LayerHierarchy{RequestedLayerState{WindowToken{4048e94 type=2011 android.os.Binder@219c2e7}#143 parentId=15} 1 children}
03-02 00:57:29.195  2746  2865 I VRI[test]@8a08c8b: mWNT: t=0xb4000076d39e0500 mBlastBufferQueue=0xb40000767226cc00 fn= 3 HdrRenderState mRenderHdrSdrRatio=1.0 caller= android.view.SyncRtSurfaceTransactionApplier.applyTransaction:100 android.view.SyncRtSurfaceTransactionApplier.lambda$scheduleApply$0:73 android.view.SyncRtSurfaceTransactionApplier.$r8$lambda$afI4fXg3U3-nBZQEDQMiNy-B06s:0
03-02 00:57:29.196  5235  5235 I HBD     : a [NRIC] resetNoResponseState
03-02 00:57:29.196  5235  5235 I HBD     : c needOff = true , isForceOff = false, isNullInputClass : true
03-02 00:57:29.196  5235  5235 I HBD     : c update cached prediction status : false
03-02 00:57:29.196  5235  5235 I HBD     : b [AiWriter] setContact : com.zhiliaoapp.musically
03-02 00:57:29.196  5235  5235 I HBD     : a [AiWriter] setContact : com.zhiliaoapp.musically
03-02 00:57:29.196  5235  5235 I HBD     : o0 EBD si S 0
03-02 00:57:29.196  5235  5235 I HBD     : r updateContactDBLanguage : 65538
03-02 00:57:29.197  5235  5235 I HBD     : g isCoverDisplay : false, cached selected json info : SelectedLanguageInfo(languageVersion=4.2, currentLanguageOrder=0, selectedLanguageList=[SelectedLanguage(id=65538, isUsed=true, engName=English, inputType=qwerty, activeOptionList=[auto_replace, auto_spacing, writing_assistant, prediction], bilingualId=-1), SelectedLanguage(id=5308416, isUsed=true, engName=Arabic, inputType=qwerty, activeOptionList=[auto_replace, auto_spacing, prediction], bilingualId=-1)])
03-02 00:57:29.197  5235  5235 I HBD     : g updateSelectedLanguageCache is succeeded. English
03-02 00:57:29.197  1507  1563 I SurfaceFlinger: onHandleDestroyed: layerId=156308, name=Surface(name=2141cda InputMethod)/@0x5ea0b56 - animation-leash of insets_animation#156308
03-02 00:57:29.197  1507  1563 I SurfaceFlinger: id=156308 Removed Surface(name=2141cda InputMethod)/@0x5ea0b56 - animation-leash of insets_animation#156308 (346)
03-02 00:57:29.198  5235  5235 I HBD     : l writeToFile path : /data/user/0/com.samsung.android.honeyboard/files/selected.json
03-02 00:57:29.198  5235  5235 I HBD     : l writeToFile json : {"version":"4.2","currentLanguageOrder":0,"selected":[{"activeOptionList":["auto_replace","auto_spacing","writing_assistant","prediction"],"bilingualId":-1,"engName":"English","id":65538,"inputType":"qwerty","isUsed":true},{"activeOptionList":["auto_replace","auto_spacing","prediction"],"bilingualId":-1,"engName":"Arabic","id":5308416,"inputType":"qwerty","isUsed":true}]}
03-02 00:57:29.200  2746  2866 I VRI[test]@8a08c8b: mWNT: t=0xb40000783d33e880 mBlastBufferQueue=0xb40000767226cc00 fn= 4 HdrRenderState mRenderHdrSdrRatio=1.0 caller= android.view.SyncRtSurfaceTransactionApplier.applyTransaction:100 android.view.SyncRtSurfaceTransactionApplier.lambda$scheduleApply$0:73 android.view.SyncRtSurfaceTransactionApplier.$r8$lambda$afI4fXg3U3-nBZQEDQMiNy-B06s:0
03-02 00:57:29.202  5235  5235 I HBD     : l writeToFile complete
03-02 00:57:29.203  5235 18818 I HBD     : l Write selected lang for DE
03-02 00:57:29.203  5235 18818 I HBD     : l writeToFile path : /data/user_de/0/com.samsung.android.honeyboard/files/selected.json
03-02 00:57:29.203  5235 18818 I HBD     : l writeToFile json : {"version":"4.2","currentLanguageOrder":0,"selected":[{"activeOptionList":["auto_replace","auto_spacing","writing_assistant","prediction"],"bilingualId":-1,"engName":"English","id":65538,"inputType":"qwerty","isUsed":true},{"activeOptionList":["auto_replace","auto_spacing","prediction"],"bilingualId":-1,"engName":"Arabic","id":5308416,"inputType":"qwerty","isUsed":true}]}
03-02 00:57:29.203  5235  5235 I HBD     : g isCoverDisplay : false, cached selected json info : SelectedLanguageInfo(languageVersion=4.2, currentLanguageOrder=0, selectedLanguageList=[SelectedLanguage(id=65538, isUsed=true, engName=English, inputType=qwerty, activeOptionList=[auto_replace, auto_spacing, writing_assistant, prediction], bilingualId=-1), SelectedLanguage(id=5308416, isUsed=true, engName=Arabic, inputType=qwerty, activeOptionList=[auto_replace, auto_spacing, prediction], bilingualId=-1)])
03-02 00:57:29.203  5235  5235 I HBD     : n updateActionOptionFromPreference isCover = false
03-02 00:57:29.203  5235  5235 I HBD     : n before lang.activeOptionList =  [auto_replace, auto_spacing, writing_assistant, prediction]
03-02 00:57:29.205  1507  1507 I SurfaceFlinger: destroyed Surface(name=2141cda InputMethod)/@0x5ea0b56 - animation-leash of insets_animation#156308
03-02 00:57:29.206  5235 18818 I HBD     : l writeToFile complete
03-02 00:57:29.206  1507  1507 I Layer   : id=156308 Destroyed Surface(name=2141cda InputMethod)/@0x5ea0b56 - animation-leash of insets_animation#156308
03-02 00:57:29.207  5235  5235 I HBD     : n after lang.activeOptionList = [auto_replace, auto_spacing, writing_assistant, prediction]
03-02 00:57:29.208  5235  5235 I HBD     : l writeToFile path : /data/user/0/com.samsung.android.honeyboard/files/selected.json
03-02 00:57:29.208  5235  5235 I HBD     : l writeToFile json : {"version":"4.2","currentLanguageOrder":0,"selected":[{"activeOptionList":["auto_replace","auto_spacing","writing_assistant","prediction"],"bilingualId":-1,"engName":"English","id":65538,"inputType":"qwerty","isUsed":true},{"activeOptionList":["auto_replace","auto_spacing","prediction"],"bilingualId":-1,"engName":"Arabic","id":5308416,"inputType":"qwerty","isUsed":true}]}
03-02 00:57:29.212  2746  2865 I VRI[test]@8a08c8b: mWNT: t=0xb40000771f6f0780 mBlastBufferQueue=0xb40000767226cc00 fn= 5 HdrRenderState mRenderHdrSdrRatio=1.0 caller= android.view.SyncRtSurfaceTransactionApplier.applyTransaction:100 android.view.SyncRtSurfaceTransactionApplier.lambda$scheduleApply$0:73 android.view.SyncRtSurfaceTransactionApplier.$r8$lambda$afI4fXg3U3-nBZQEDQMiNy-B06s:0
03-02 00:57:29.212  5235  5235 I HBD     : l writeToFile complete
03-02 00:57:29.213  5235  5235 I HBD     : m normal : updateLanguage : English
03-02 00:57:29.213  5235 18819 I HBD     : l Write selected lang for DE
03-02 00:57:29.213  5235 18819 I HBD     : l writeToFile path : /data/user_de/0/com.samsung.android.honeyboard/files/selected.json
03-02 00:57:29.213  5235 18819 I HBD     : l writeToFile json : {"version":"4.2","currentLanguageOrder":0,"selected":[{"activeOptionList":["auto_replace","auto_spacing","writing_assistant","prediction"],"bilingualId":-1,"engName":"English","id":65538,"inputType":"qwerty","isUsed":true},{"activeOptionList":["auto_replace","auto_spacing","prediction"],"bilingualId":-1,"engName":"Arabic","id":5308416,"inputType":"qwerty","isUsed":true}]}
03-02 00:57:29.214  5235  5235 I HBD     : g isCoverDisplay : false, cached selected json info : SelectedLanguageInfo(languageVersion=4.2, currentLanguageOrder=0, selectedLanguageList=[SelectedLanguage(id=65538, isUsed=true, engName=English, inputType=qwerty, activeOptionList=[auto_replace, auto_spacing, writing_assistant, prediction], bilingualId=-1), SelectedLanguage(id=5308416, isUsed=true, engName=Arabic, inputType=qwerty, activeOptionList=[auto_replace, auto_spacing, prediction], bilingualId=-1)])
03-02 00:57:29.215  5235  5235 I HBD     : g isCoverDisplay : false, cached selected json info : SelectedLanguageInfo(languageVersion=4.2, currentLanguageOrder=0, selectedLanguageList=[SelectedLanguage(id=65538, isUsed=true, engName=English, inputType=qwerty, activeOptionList=[auto_replace, auto_spacing, writing_assistant, prediction], bilingualId=-1), SelectedLanguage(id=5308416, isUsed=true, engName=Arabic, inputType=qwerty, activeOptionList=[auto_replace, auto_spacing, prediction], bilingualId=-1)])
03-02 00:57:29.215  5235  5235 I HBD     : n updateActionOptionFromPreference isCover = false
03-02 00:57:29.216  5235  5235 I HBD     : n before lang.activeOptionList =  [auto_replace, auto_spacing, writing_assistant, prediction]
03-02 00:57:29.218  5235  5235 I HBD     : n after lang.activeOptionList = [auto_replace, auto_spacing, writing_assistant, prediction]
03-02 00:57:29.219  5235  5235 I HBD     : l writeToFile path : /data/user/0/com.samsung.android.honeyboard/files/selected.json
03-02 00:57:29.219  5235  5235 I HBD     : l writeToFile json : {"version":"4.2","currentLanguageOrder":0,"selected":[{"activeOptionList":["auto_replace","auto_spacing","writing_assistant","prediction"],"bilingualId":-1,"engName":"English","id":65538,"inputType":"qwerty","isUsed":true},{"activeOptionList":["auto_replace","auto_spacing","prediction"],"bilingualId":-1,"engName":"Arabic","id":5308416,"inputType":"qwerty","isUsed":true}]}
03-02 00:57:29.220  1445  2902 W C2MtkBufferManager: [0xB4000070F507E520] fetchNewCcBlock: wait fence 0x0xb4000070f5058270 timed out. ret 110
03-02 00:57:29.220  5235 18819 I HBD     : l writeToFile complete
03-02 00:57:29.221  2746  2866 I VRI[test]@8a08c8b: mWNT: t=0xb4000076d38ea180 mBlastBufferQueue=0xb40000767226cc00 fn= 6 HdrRenderState mRenderHdrSdrRatio=1.0 caller= android.view.SyncRtSurfaceTransactionApplier.applyTransaction:100 android.view.SyncRtSurfaceTransactionApplier.lambda$scheduleApply$0:73 android.view.SyncRtSurfaceTransactionApplier.$r8$lambda$afI4fXg3U3-nBZQEDQMiNy-B06s:0
03-02 00:57:29.222  1445 18689 W C2MtkBufferManager: [0xB4000070F68A8D20] fetchNewCcBlock: wait fence 0x0xb4000070f692fcb0 timed out. ret 110
03-02 00:57:29.222 17121 17121 D LifecycleMonitor: Lifecycle status change: androidx.activity.ComponentActivity@a8b0df9 in: DESTROYED
03-02 00:57:29.222 17121 17121 V ActivityScenario: Update currentActivityStage to DESTROYED, currentActivity=null
03-02 00:57:29.223 17121 17121 W WindowOnBackDispatcher: sendCancelIfRunning: isInProgress=false callback=android.view.ViewRootImpl$$ExternalSyntheticLambda16@434d5f0
03-02 00:57:29.224 17121 17389 D HWUI    : CacheManager::trimMemory(20)
03-02 00:57:29.225 17121 17121 D ViewRootImpl: Skipping stats log for color mode
03-02 00:57:29.225 17121 17121 I VRI[ComponentActivity]@e0ce584: dispatchDetachedFromWindow
03-02 00:57:29.225  5235  5235 I HBD     : l writeToFile complete
03-02 00:57:29.226  2013  3345 D InputTransport: Input channel destroyed: 'f226221', fd=964
03-02 00:57:29.226  5235  5235 I HBD     : m normal : updateLanguage : English
03-02 00:57:29.227  2991  3003 I LocationAccessPolicy: checkLocationPermission - callingUid: 10492, callingPid: 14636, result: DENIED_SOFT
03-02 00:57:29.227  2991  3003 I LocationAccessPolicy: checkLocationPermission - callingUid: 10492, callingPid: 14636, result: DENIED_SOFT
03-02 00:57:29.227  5235  5235 I HBD     : g isCoverDisplay : false, cached selected json info : SelectedLanguageInfo(languageVersion=4.2, currentLanguageOrder=0, selectedLanguageList=[SelectedLanguage(id=65538, isUsed=true, engName=English, inputType=qwerty, activeOptionList=[auto_replace, auto_spacing, writing_assistant, prediction], bilingualId=-1), SelectedLanguage(id=5308416, isUsed=true, engName=Arabic, inputType=qwerty, activeOptionList=[auto_replace, auto_spacing, prediction], bilingualId=-1)])
03-02 00:57:29.227  5235 18820 I HBD     : l Write selected lang for DE
03-02 00:57:29.228  5235 18820 I HBD     : l writeToFile path : /data/user_de/0/com.samsung.android.honeyboard/files/selected.json
03-02 00:57:29.228  5235 18820 I HBD     : l writeToFile json : {"version":"4.2","currentLanguageOrder":0,"selected":[{"activeOptionList":["auto_replace","auto_spacing","writing_assistant","prediction"],"bilingualId":-1,"engName":"English","id":65538,"inputType":"qwerty","isUsed":true},{"activeOptionList":["auto_replace","auto_spacing","prediction"],"bilingualId":-1,"engName":"Arabic","id":5308416,"inputType":"qwerty","isUsed":true}]}
03-02 00:57:29.229  5235  5235 I HBD     : g isCoverDisplay : false, cached selected json info : SelectedLanguageInfo(languageVersion=4.2, currentLanguageOrder=0, selectedLanguageList=[SelectedLanguage(id=65538, isUsed=true, engName=English, inputType=qwerty, activeOptionList=[auto_replace, auto_spacing, writing_assistant, prediction], bilingualId=-1), SelectedLanguage(id=5308416, isUsed=true, engName=Arabic, inputType=qwerty, activeOptionList=[auto_replace, auto_spacing, prediction], bilingualId=-1)])
03-02 00:57:29.229  5235  5235 I HBD     : g updateSelectedLanguageCache is succeeded. English
03-02 00:57:29.230  5235  5235 I HBD     : l writeToFile path : /data/user/0/com.samsung.android.honeyboard/files/selected.json
03-02 00:57:29.231  5235  5235 I HBD     : l writeToFile json : {"version":"4.2","currentLanguageOrder":0,"selected":[{"activeOptionList":["auto_replace","auto_spacing","writing_assistant","prediction"],"bilingualId":-1,"engName":"English","id":65538,"inputType":"qwerty","isUsed":true},{"activeOptionList":["auto_replace","auto_spacing","prediction"],"bilingualId":-1,"engName":"Arabic","id":5308416,"inputType":"qwerty","isUsed":true}]}
03-02 00:57:29.232  1646  2917 I CameraService: onUidStateChanged: uid=10062, procState is changed. (1 -> 0)
03-02 00:57:29.233 17121 17121 D InputTransport: Input channel destroyed: 'f226221', fd=128
03-02 00:57:29.234  5235  5235 I HBD     : l writeToFile complete
03-02 00:57:29.235  5235 18820 I HBD     : l writeToFile complete
03-02 00:57:29.236  5235 18821 I HBD     : l Write selected lang for DE
03-02 00:57:29.236  5235 18821 I HBD     : l writeToFile path : /data/user_de/0/com.samsung.android.honeyboard/files/selected.json
03-02 00:57:29.236 17121 17121 D BBA2    : setIsFg isFg = false; delayValue 3999ms
03-02 00:57:29.236  5235  5235 I HBD     : g isCoverDisplay : false, cached selected json info : SelectedLanguageInfo(languageVersion=4.2, currentLanguageOrder=0, selectedLanguageList=[SelectedLanguage(id=65538, isUsed=true, engName=English, inputType=qwerty, activeOptionList=[auto_replace, auto_spacing, writing_assistant, prediction], bilingualId=-1), SelectedLanguage(id=5308416, isUsed=true, engName=Arabic, inputType=qwerty, activeOptionList=[auto_replace, auto_spacing, prediction], bilingualId=-1)])
03-02 00:57:29.236  5235  5235 I HBD     : g updateSelectedLanguageCache is succeeded. English
03-02 00:57:29.236  5235 18821 I HBD     : l writeToFile json : {"version":"4.2","currentLanguageOrder":0,"selected":[{"activeOptionList":["auto_replace","auto_spacing","writing_assistant","prediction"],"bilingualId":-1,"engName":"English","id":65538,"inputType":"qwerty","isUsed":true},{"activeOptionList":["auto_replace","auto_spacing","prediction"],"bilingualId":-1,"engName":"Arabic","id":5308416,"inputType":"qwerty","isUsed":true}]}
03-02 00:57:29.236 17121 17121 D InputTransport: Input channel destroyed: 'ClientS', fd=156
03-02 00:57:29.238  1507  1907 I SurfaceFlinger: onHandleDestroyed: layerId=156298, name=1fedef8 ActivityRecordInputSink com.podcast.app.debug/androidx.activity.ComponentActivity#156298
03-02 00:57:29.238  1507  1907 I SurfaceFlinger: id=156298 Removed 1fedef8 ActivityRecordInputSink com.podcast.app.debug/androidx.activity.ComponentActivity#156298 (345)
03-02 00:57:29.239  1507  1907 I SurfaceFlinger: id=156339 createSurf, flag=24004, Task=44882#156339
03-02 00:57:29.239  5235  5235 I HBD     : l writeToFile path : /data/user/0/com.samsung.android.honeyboard/files/selected.json
03-02 00:57:29.239  5235  5235 I HBD     : l writeToFile json : {"version":"4.2","currentLanguageOrder":0,"selected":[{"activeOptionList":["auto_replace","auto_spacing","writing_assistant","prediction"],"bilingualId":-1,"engName":"English","id":65538,"inputType":"qwerty","isUsed":true},{"activeOptionList":["auto_replace","auto_spacing","prediction"],"bilingualId":-1,"engName":"Arabic","id":5308416,"inputType":"qwerty","isUsed":true}]}
03-02 00:57:29.242  2013  4834 D SecContentProvider: query(), uri = 17 selection = isSettingsChangesAllowed
03-02 00:57:29.243  5235 18821 I HBD     : l writeToFile complete
03-02 00:57:29.243  2013  3345 D SecContentProvider: query(), uri = 17 selection = isSettingsChangesAllowed
03-02 00:57:29.243  5235  5235 I HBD     : l writeToFile complete
03-02 00:57:29.244  5235 18822 I HBD     : l Write selected lang for DE
03-02 00:57:29.244  5235 18822 I HBD     : l writeToFile path : /data/user_de/0/com.samsung.android.honeyboard/files/selected.json
03-02 00:57:29.244  5235 18822 I HBD     : l writeToFile json : {"version":"4.2","currentLanguageOrder":0,"selected":[{"activeOptionList":["auto_replace","auto_spacing","writing_assistant","prediction"],"bilingualId":-1,"engName":"English","id":65538,"inputType":"qwerty","isUsed":true},{"activeOptionList":["auto_replace","auto_spacing","prediction"],"bilingualId":-1,"engName":"Arabic","id":5308416,"inputType":"qwerty","isUsed":true}]}
03-02 00:57:29.244  5235  5235 I HBD     : a [UpdatePolicy] [post] a: 31 cl: 65538 kit: [0/0] vt: 0 ir: 1
03-02 00:57:29.245  5235 12846 I HBD     : u updated Sub Types. English
03-02 00:57:29.245  2013  3345 D SecContentProvider: query(), uri = 17 selection = isSettingsChangesAllowed
03-02 00:57:29.246  5235  5235 I HBD     : HoneyBoardService [PF_OP][onStartInput]  65 ms
03-02 00:57:29.246  5235  5235 I InputMethodService: scheduleImeSurfaceRemoval: removeImeSurface is posted.
03-02 00:57:29.246  2013  3345 D SecContentProvider: query(), uri = 17 selection = isSettingsChangesAllowed
03-02 00:57:29.247  5235 28894 I HBD     : u updated Sub Types. English
03-02 00:57:29.248  2746  2746 D SystemUIService: SYSUI_RAM_OPTIMIZATION onTrimMemory=20
03-02 00:57:29.248  2746  2746 D CentralSurfaces: SYSUI_RAM_OPTIMIZATION onTrimMemory=20
03-02 00:57:29.248  2013  3345 I WindowManager: Relayout Window{2326219 u0 Splash Screen com.podcast.app.debug.test}: viewVisibility=8 req=1080x2340 ty=3 d0
03-02 00:57:29.249  5235 18823 I HBD     : b InputMethodSubtype is set as local:en_GB
03-02 00:57:29.249  1507  1507 I SurfaceFlinger: [LayerHierarchy{RequestedLayerState{ActivityRecord{7780918 u0 com.podcast.app.debug/androidx.activity.ComponentActivity t44882}#156294} 2 children}] reparent to OffscreenRoot
03-02 00:57:29.249  1507  1507 I SurfaceFlinger: [LayerHierarchy{RequestedLayerState{ActivityRecord{7780918 u0 com.podcast.app.debug/androidx.activity.ComponentActivity t44882}#156294} 2 children}] RelativeParent to null
03-02 00:57:29.249  1507  1507 I SurfaceFlinger: [LayerHierarchy{RequestedLayerState{f226221 com.podcast.app.debug/androidx.activity.ComponentActivity#156299} 1 children}] reparent to OffscreenRoot
03-02 00:57:29.249  1507  1507 I SurfaceFlinger: [LayerHierarchy{RequestedLayerState{f226221 com.podcast.app.debug/androidx.activity.ComponentActivity#156299} 1 children}] RelativeParent to null
03-02 00:57:29.249  1507  1507 I SurfaceFlinger: [LayerHierarchy{RequestedLayerState{com.podcast.app.debug/androidx.activity.ComponentActivity$_17121#156302} no children}] reparent to OffscreenRoot
03-02 00:57:29.249  1507  1507 I SurfaceFlinger: [LayerHierarchy{RequestedLayerState{com.podcast.app.debug/androidx.activity.ComponentActivity$_17121#156302} no children}] RelativeParent to null
03-02 00:57:29.249  1507  1507 I SurfaceFlinger: [LayerHierarchy{RequestedLayerState{Task=44882#156293 z=40} no children}] reparent to OffscreenRoot
03-02 00:57:29.249  1507  1507 I SurfaceFlinger: [LayerHierarchy{RequestedLayerState{Task=44882#156293 z=40} no children}] RelativeParent to null
03-02 00:57:29.249  1507  1507 I SurfaceFlinger: [Task=44882#156339] attach to parent OffscreenRoot
03-02 00:57:29.251  5235 18822 I HBD     : l writeToFile complete
03-02 00:57:29.251  5235 18825 I HBD     : b InputMethodSubtype is set as local:en_GB
03-02 00:57:29.251  1507  1507 I SurfaceFlinger: onHandleDestroyed: layerId=156339, name=Task=44882#156339
03-02 00:57:29.251  1507  1507 I SurfaceFlinger: id=156339 Removed Task=44882#156339 (346)
03-02 00:57:29.251  1507  1507 I SurfaceFlinger: onHandleDestroyed: layerId=156294, name=ActivityRecord{7780918 u0 com.podcast.app.debug/androidx.activity.ComponentActivity t44882}#156294
03-02 00:57:29.251  1507  1507 I SurfaceFlinger: id=156294 Removed ActivityRecord{7780918 u0 com.podcast.app.debug/androidx.activity.ComponentActivity t44882}#156294 (346)
03-02 00:57:29.251  1507  1507 I SurfaceFlinger: onHandleDestroyed: layerId=156299, name=f226221 com.podcast.app.debug/androidx.activity.ComponentActivity#156299
03-02 00:57:29.251  1507  1507 I SurfaceFlinger: id=156299 Removed f226221 com.podcast.app.debug/androidx.activity.ComponentActivity#156299 (346)
03-02 00:57:29.251  1507  1507 I SurfaceFlinger: onHandleDestroyed: layerId=156302, name=com.podcast.app.debug/androidx.activity.ComponentActivity$_17121#156302
03-02 00:57:29.251  1507  1507 I SurfaceFlinger: id=156302 Removed com.podcast.app.debug/androidx.activity.ComponentActivity$_17121#156302 (346)
03-02 00:57:29.251  3202  3202 I HoneySpace.TaskStackChangeRepositoryImpl: onTaskRemoved : 44882
03-02 00:57:29.252  2013  3345 I WindowManager: Relayout hash=2326219, pid=2746, syncId=-1: mAttrs={(0,0)(fillxfill) sim={adjust=pan} layoutInDisplayCutoutMode=always ty=APPLICATION_STARTING fmt=TRANSLUCENT
03-02 00:57:29.252  2013  3345 I WindowManager:   fl=81030118
03-02 00:57:29.252  2013  3345 I WindowManager:   pfl=10000810
03-02 00:57:29.252  2013  3345 I WindowManager:   apr=18
03-02 00:57:29.252  2013  3345 I WindowManager:   bhv=1
03-02 00:57:29.252  2013  3345 I WindowManager:   fitSides=0
03-02 00:57:29.252  2013  3345 I WindowManager:   frameRateBoostOnTouch=true
03-02 00:57:29.252  2013  3345 I WindowManager:   dvrrWindowFrameRateHint=true naviIconColor=0}
03-02 00:57:29.253  2746  2808 I VRI[test]@8a08c8b: onActiveControlsChanged, removed=false, mAdded=true, caller=android.view.ViewRootImpl.handleInsetsControlChanged:3002 android.view.ViewRootImpl.relayoutWindow:11629 android.view.ViewRootImpl.performTraversals:4804 android.view.ViewRootImpl.doTraversal:3924 android.view.ViewRootImpl$TraversalRunnable.run:12903
03-02 00:57:29.253 17121 17305 D IdlingRegistry: Unregistering idling resources: [androidx.compose.ui.test.EspressoLink@eacd4bc]
03-02 00:57:29.253  2746  2808 I BLASTBufferQueue: [VRI[test]@8a08c8b#7717](f:0,a:1,s:0) destructor()
03-02 00:57:29.253  2746  2808 D BufferQueueConsumer: [VRI[test]@8a08c8b#7717(BLAST Consumer)7717](id:aba00001e25,api:0,p:-1,c:2746) disconnect
03-02 00:57:29.254  2746  2808 I VRI[test]@8a08c8b: Relayout returned: old=(0,0,1080,2340) new=(0,0,1080,2340) relayoutAsync=false req=(1080,2340)8 dur=5 res=0x2 s={false 0x0} ch=true seqId=0
03-02 00:57:29.254  2746  2808 D VRI[test]@8a08c8b: Not drawing due to not visible. Reason=View.GONE
03-02 00:57:29.254  2746  2808 W WindowOnBackDispatcher: sendCancelIfRunning: isInProgress=false callback=android.view.ViewRootImpl$$ExternalSyntheticLambda16@92832b2
03-02 00:57:29.255  3202  4698 I HoneySpace.RecentTasks: onRunningTaskVanished
03-02 00:57:29.255  3202  4698 I HoneySpace.RecentTasks: onRecentTasksChanged
03-02 00:57:29.255  1507  1825 I SurfaceFlinger: Capture layer list: 	 com.zhiliaoapp.musically/com.ss.android.ugc.aweme.splash.SplashActivity$_14885#156322(seamlessTransition:0)
03-02 00:57:29.255  1507  1825 I SurfaceFlinger: Capture layer list: 	 DimTransitionLayer for Surface(name=Task=44883)/@0x6361d5e#156336(seamlessTransition:0)
03-02 00:57:29.255  1507  1825 I SurfaceFlinger: Capture layer list: 	 com.podcast.app.debug.test/androidx.test.core.app.InstrumentationActivityInvoker$EmptyActivity$_17532#156314(seamlessTransition:0)
03-02 00:57:29.255  1507  1825 I SurfaceFlinger: Capture layer list: 	 Splash Screen com.podcast.app.debug.test$_2746#156312(seamlessTransition:0)
03-02 00:57:29.255  2746  2808 I VRI[test]@8a08c8b: dispatchDetachedFromWindow
03-02 00:57:29.256  3202  3202 I HoneySpace.TaskStackChangeRepositoryImpl: onTaskRemoved : 44882
03-02 00:57:29.257  3202  3386 I HoneySpace.TopTaskSource: onTaskRemoved: 44882
03-02 00:57:29.257  2013  3345 D InputTransport: Input channel destroyed: '2326219', fd=1074
03-02 00:57:29.258 17121 17305 I TestRunner: finished: searchScreen_shows_loading_shimmer_when_isSearching(com.podcast.app.ui.SearchScreenTest)
