03-02 00:56:59.960  1444  1808 D MDP     : [PQSessionManager] getPQSessionListHandle, find id[a]
03-02 00:56:59.960  1444  1808 D AAL     : [PQEngineInterface] DpEngineHDRConfigTile(0) outTileXLeft = 526, outTileXRight = 719
03-02 00:56:59.960  1444  1808 D AAL     : [PQEngineInterface] DpEngineHDRConfigTile(0) inTileXLeft = 526, inTileXRight = 719
03-02 00:56:59.960  1444  1808 D AAL     : [PQEngineInterface] DpEngineHDRConfigTile(0) HDR_out_start_x = 0, HDR_out_end_x = 193, src h: 194,v: 1280
03-02 00:56:59.960  1444  1808 D AAL     : [PQEngineInterface] DpEngineHDRConfigTile(0) HDR_hist_end_x = 0, HDR_hist_begin_x = 0
03-02 00:56:59.960  1444  1808 D AAL     : [PQEngineInterface] DpEngineHDRConfigTile(0) HDR_first_tile = 0, HDR_last_tile = 0
03-02 00:56:59.960  1444  1808 D AAL     : [PQEngineInterface] DpEngineHDRConfigTile(0) inFrameWidth = 720 , middlePosX = 0
03-02 00:56:59.960  1444  1808 D MDP     : [PQSessionManager] PQSessionManager::getPQSession id[a]
03-02 00:56:59.960  1444  1808 D MDP     : [PQSessionManager] getPQSessionListHandle id[a]
03-02 00:56:59.960  2746  2808 I VRI[debug]@76f9861: Relayout returned: old=(0,0,1080,2340) new=(0,0,1080,2340) relayoutAsync=false req=(1080,2340)0 dur=56 res=0x3 s={true 0xb40000783d2b9b00} ch=true seqId=0
03-02 00:56:59.960  1444  1808 D MDP     : [PQSessionManager] getPQSessionListHandle, find id[a]
03-02 00:56:59.960  1444  1808 D MDP     : [PQSessionManager] PQSessionManager::getPQSession id[a]
03-02 00:56:59.960  1444  1808 D MDP     : [PQSessionManager] getPQSessionListHandle id[a]
03-02 00:56:59.960  1444  1808 D MDP     : [PQSessionManager] getPQSessionListHandle, find id[a]
03-02 00:56:59.960  2013  3645 D InputTransport: Input channel destroyed: '223422 ', fd=1100
03-02 00:56:59.961 17121 17121 D InputTransport: Input channel constructed: '223422 ', fd=128
03-02 00:56:59.961  2746  2808 I VRI[debug]@76f9861: performConfigurationChange setNightDimText nightDimLevel=0
03-02 00:56:59.961  2746  2808 D VRI[debug]@76f9861: mThreadedRenderer.initialize() mSurface={isValid=true 0xb40000783d2b9b00} hwInitialized=true
03-02 00:56:59.962 17121 17121 I InsetsController: onStateChanged: host=com.podcast.app.debug/androidx.activity.ComponentActivity, from=android.view.ViewRootImpl.onInsetsStateChanged:3026, state=InsetsState: {mDisplayFrame=Rect(0, 0 - 1080, 2340), mDisplayCutout=DisplayCutout{insets=Rect(0, 80 - 0, 0) waterfall=Insets{left=0, top=0, right=0, bottom=0} boundingRect={Bounds=[Rect(0, 0 - 0, 0), Rect(472, 0 - 608, 80), Rect(0, 0 - 0, 0), Rect(0, 0 - 0, 0)]} cutoutPathParserInfo={CutoutPathParserInfo{displayWidth=1080 displayHeight=2340 physicalDisplayWidth=1080 physicalDisplayHeight=2340 density={2.8125} cutoutSpec={M 0,0 H -24.177777778 V 28.4444444444 H 24.177777778 V 0 H 0 Z @dp} rotation={0} scale={1.0} physicalPixelDisplaySizeRatio={1.0}}} sideOverrides={}}, mRoundedCorners=RoundedCorners{[RoundedCorner{position=TopLeft, radius=113, center=Point(113, 113)}, RoundedCorner{position=TopRight, radius=113, center=Point(967, 113)}, RoundedCorner{position=BottomRight, radius=113, center=Point(967, 2227)}, RoundedCorner{position=BottomLeft, radius=113, center=Point(113, 2227)}]}  mRoundedCornerFrame=Rect(0, 0 - 1080, 2340), mPrivacyIndicatorBounds=PrivacyIndicatorBounds {static bounds=Rect(956, 0 - 1080, 80) rotation=0}, mDisplayShape=DisplayShape{ spec=-311912193 displayWidth=1080 displayHeight=2340 physicalPixelDisplaySizeRatio=1.0 rotation=0 offsetX=0 offsetY=0 scale=1.0}, mSources= { InsetsSource: {e9af0000 mType=statusBars mFrame=[0,0][1080,80] mVisible=true mFlags= mSideHint=TOP mBoundingRects=null}, InsetsSource: {e9af0005 mType=mandatorySystemGestures mFrame=[0,0][1080,114] mVisible=true mFlags= mSideHint=TOP mBoundingRects=null}, InsetsSource: {e9af0006 mType=tappableElement mFrame=[0,0][1080,80] mVisible=true mFlags= mSideHint=TOP mBoundingRects=null}, InsetsSource: {3 mType=ime mFrame=[0,0][0,0] mVisible=false mFlags= mSideHint=NONE mBoundingRects=null}, InsetsSource: {27 mType=displayCutout mFrame=[0,0][1080,80] mVisible=true mFlags= mSideHint=TOP mBoundingRects=null}, InsetsSource: {26ed0001 mType=navigationBars mFrame=[0,2298][1080,2340] mVisible=true mFlags=SUPPRESS_SCRIM mSideHint=BOTTOM mBoundingRects=null}, InsetsSource: {26ed0004 mType=systemGestures mFrame=[0,0][84,2340] mVisible=true mFlags= mSideHint=LEFT mBoundingRects=null}, InsetsSource: {26ed0005 mType=mandatorySystemGestures mFrame=[0,2250][1080,2340] mVisible=true mFlags= mSideHint=BOTTOM mBoundingRects=null}, InsetsSource: {26ed0006 mType=tappableElement mFrame=[0,0][0,0] mVisible=true mFlags= mSideHint=NONE mBoundingRects=null}, InsetsSource: {26ed0024 mType=systemGestures mFrame=[996,0][1080,2340] mVisible=true mFlags= mSideHint=RIGHT mBoundingRects=null} }
03-02 00:56:59.962  2746  2808 D VRI[debug]@76f9861: reportNextDraw android.view.ViewRootImpl.performTraversals:5443 android.view.ViewRootImpl.doTraversal:3924 android.view.ViewRootImpl$TraversalRunnable.run:12903 android.view.Choreographer$CallbackRecord.run:1901 android.view.Choreographer$CallbackRecord.run:1910
03-02 00:56:59.962  2746  2808 D VRI[debug]@76f9861: Setup new sync=wmsSync-VRI[debug]@76f9861#69
03-02 00:56:59.962  2746  2808 I VRI[debug]@76f9861: Creating new active sync group VRI[debug]@76f9861#70
03-02 00:56:59.962 17121 17121 I VRI[ComponentActivity]@ed4d1ce: synced displayState. AttachInfo displayState=2
03-02 00:56:59.963 17121 17121 I VRI[ComponentActivity]@ed4d1ce: setView = com.android.internal.policy.DecorView@f25c685 IsHRR=false mFlingFrameRateChange=0 TM=true
03-02 00:56:59.963  2746  2808 D VRI[debug]@76f9861: registerCallbacksForSync syncBuffer=false
03-02 00:56:59.963 17121 17389 D HWUI    : HWUI - treat SMPTE_170M as sRGB
03-02 00:56:59.964  2746  2866 D VRI[debug]@76f9861: Received frameDrawingCallback syncResult=0 frameNum=1.
03-02 00:56:59.965  1444  1809 D MDP     : [PQSessionManager] PQSessionManager::getPQSession id[a]
03-02 00:56:59.965  1444  1809 D MDP     : [PQSessionManager] getPQSessionListHandle id[a]
03-02 00:56:59.965  1444  1809 D MDP     : [PQSessionManager] getPQSessionListHandle, find id[a]
03-02 00:56:59.965  1444  1809 D MDP     : [PQSessionManager] findVideoID[f6840820] found on index a
03-02 00:56:59.965  1507  1507 I SurfaceFlinger: [223422 com.podcast.app.debug/androidx.activity.ComponentActivity#155434] attach to parent LayerHierarchy{RequestedLayerState{ActivityRecord{121980169 u0 com.podcast.app.debug/androidx.activity.ComponentActivity t44846}#155431 parentId=155430} 2 children}
03-02 00:56:59.967  2013  3645 I WindowManager: Relayout Window{223422 u0 com.podcast.app.debug/androidx.activity.ComponentActivity}: viewVisibility=0 req=1080x2340 ty=1 d0
03-02 00:56:59.968  1507  2128 I SurfaceFlinger: id=155435 createSurf, flag=44004, com.podcast.app.debug/androidx.activity.ComponentActivity$_17121#155435
03-02 00:56:59.969  1444  1808 D MDP     : [PQSessionManager] findVideoID[f6840820] found on index a
03-02 00:56:59.969  1444  1808 D MDP     : [PQSessionManager] createPQSession(a) user(0xb4000074f4d46d80)
03-02 00:56:59.969  1444  1808 D MDP     : [PQSessionManager] Duplicated ID[a] found, please check if double createPQSession!
03-02 00:56:59.969  1444  1808 D MDP     : [PQSessionManager] getPQSessionListHandle id[a]
03-02 00:56:59.969  1444  1808 D MDP     : [PQSessionManager] getPQSessionListHandle, find id[a]
03-02 00:56:59.969  1444  1808 D MDP     : [PQSession] incRefCount id[a] user[0xb4000074f4d46d80] existed
03-02 00:56:59.969  1444  1808 D MDP     : [PQSession] incRefCount id[a] user[0xb4000074f4d46d80] numOfUser[1]
03-02 00:56:59.969  1444  1808 D MDP     : [PQSession] numElements[0] key[0] metaData[0]
03-02 00:56:59.969  1444  1808 D MDP     : [PQSession] setPQParam() id[a] enable[1], scenario[1]
03-02 00:56:59.969  1444  1808 D MDP     : [PQSession] video TS [6967]
03-02 00:56:59.969  1444  1808 D PQ      : PQDSConfig::getEnableStatus check1  time 0 ms
03-02 00:56:59.969  1444  1808 D PQ      : [PQDSConfig] PQDSConfig::getEnableStatus = 1
03-02 00:56:59.969  1444  1808 D PQ      : [PQDSConfig] m_TDSHPTableInit 1
03-02 00:56:59.969  1444  1808 D PQ      : [PQDSConfig] getAshmemContext(SHP_ENABLE) = 1
03-02 00:56:59.969  1444  1808 D PQ      : PQDSConfig::getEnableStatus check2  time 0 ms
03-02 00:56:59.969  1444  1808 D PQ      : [PQDSConfig] PQDSConfig::getUREnableStatus = 1
03-02 00:56:59.969  1444  1808 D MDP     : [PQSession] setDpPqConfig m_svp = 0, enDRE = 0
03-02 00:56:59.969  1444  1808 D MDP     : setPQParam globalPQSupport = [0] globalPQSwitch = [0] globalPQStrength = [0] globalPQType = [0]
03-02 00:56:59.969  1444  1808 D MDP     : [PQSession] setPQparam userId[0x0], scenario[1], enDRE[0]
03-02 00:56:59.969  1444  1808 D MDP     : [PQSession] getDpPqConfig() id[a] enable[1], scenario[1]
03-02 00:56:59.969  1444  1808 D MDP     : [PQSession] getDpPqConfig() enSharp[1] enDC[0] enColor[0] enHDR[0] enHDRVivid[0] enUR[0] enReFocus[0] enCcorr[1] enDRE[0] enHFG[0] enAIPQ[0] enAISDR2HDR[0] enAIRegionPQ[0] mAdaptiveEnable[0]
03-02 00:56:59.969  1444  1808 D MDP     : [PQSession] setPQDREParam userId[0x0] scenario[1] enDRE[0]
03-02 00:56:59.969  1444  1808 D MDP     : [PQSessionManager] findVideoID[f6840820] found on index a
03-02 00:56:59.969  1444  1808 D PQ_HDR  : DpAsyncBlit: job:(2070249 153) in:(720, 1280)[720 368] C8s P1.1.1.0.1, alpha 0, sec0 flush:0 Buffer 1035124: plane=3 bufVA={0x99,0x99,0x99} bufMVA={0x0,0x0,0x0} bufSize={0xe1000,0x39800,0x39800} proxy={0xb4000074f4c6a700,0x0,0x0}fence=-1
03-02 00:56:59.969  1444  1808 D PQ_HDR  : DpAsyncBlit: out 0:(1070, 1920)[2176 0] C5 P1.1.1.0.1 R:0 F:0 S:1 A:0 HDR:0 COLOR:0 CCORR:1 sec0 flush:0 Buffer 1035124: plane=1 bufVA={0x92,0x0,0x0} bufMVA={0x0,0x0,0x0} bufSize={0x4db200,0x0,0x0} proxy={0xb40000747320b500,0x0,0x0}fence=180
03-02 00:56:59.969  1444  1808 D PQ_HDR  : DpAsyncBlit: crop 0:(7.0, 0.0, 713.0, 1280.0) compose:(0, 0, 1070, 1920)
03-02 00:56:59.970  1444  1808 D MDP     : [PQSessionManager] PQSessionManager::getPQSession id[a]
03-02 00:56:59.970  1444  1808 D MDP     : [PQSessionManager] getPQSessionListHandle id[a]
03-02 00:56:59.970  1444  1808 D MDP     : [PQSessionManager] getPQSessionListHandle, find id[a]
03-02 00:56:59.970  1444  1808 D MDP     : [PQSessionManager] PQSessionManager::getPQSession id[a]
03-02 00:56:59.970  1444  1808 D MDP     : [PQSessionManager] getPQSessionListHandle id[a]
03-02 00:56:59.970  1444  1808 D MDP     : [PQSessionManager] getPQSessionListHandle, find id[a]
03-02 00:56:59.970  1444  1808 D MDP     : PQSession:setPipeNum m_PipeNum[1] value[1] ID[a] DCPath[0] DCDone[0] addr[732261df]
03-02 00:56:59.970  1444  1808 D MDP     : [PQSession] getDpPqConfig() id[a] enable[1], scenario[1]
03-02 00:56:59.970  1444  1808 D MDP     : [PQSession] getDpPqConfig() enSharp[1] enDC[0] enColor[0] enHDR[0] enHDRVivid[0] enUR[0] enReFocus[0] enCcorr[1] enDRE[0] enHFG[0] enAIPQ[0] enAISDR2HDR[0] enAIRegionPQ[0] mAdaptiveEnable[0]
03-02 00:56:59.970  1444  1808 D PQ      : [PQRSZConfig] PQRSZConfig::getUREnableStatus = 1
03-02 00:56:59.970  1444  1808 D MDP     : [PQSessionManager] PQSessionManager::getPQSession id[a]
03-02 00:56:59.970  1444  1808 D MDP     : [PQSessionManager] getPQSessionListHandle id[a]
03-02 00:56:59.970  1444  1808 D MDP     : [PQSessionManager] getPQSessionListHandle, find id[a]
03-02 00:56:59.970  1444  1808 D AAL     : [PQEngineInterface] DpEngineTDSHPConfigFrame(0) pqSessionId = a
03-02 00:56:59.970  1444  1808 D MDP     : [PQSession] getDpPqConfig() id[a] enable[1], scenario[1]
03-02 00:56:59.970  1444  1808 D MDP     : [PQSession] getDpPqConfig() enSharp[1] enDC[0] enColor[0] enHDR[0] enHDRVivid[0] enUR[0] enReFocus[0] enCcorr[1] enDRE[0] enHFG[0] enAIPQ[0] enAISDR2HDR[0] enAIRegionPQ[0] mAdaptiveEnable[0]
03-02 00:56:59.970  1444  1808 D AAL     : [PQEngineInterface] DpEngineTDSHPConfigFrame(0) tdshpEnable(1) enSharp(1) enDC(0) enHFG(0)
03-02 00:56:59.970  1444  1808 D MDP     : PQSession:setPipeNum m_PipeNum[1] value[1] ID[a] DCPath[0] DCDone[0] addr[732261df]
03-02 00:56:59.970  1444  1808 D AAL     : [PQEngineInterface] DpEngineTDSHPConfigFrame(0) adl_enable = 0
03-02 00:56:59.970  1444  1808 D PQ      : [PQHFGConfig] PQHFGConfig::isEnabled = 2
03-02 00:56:59.970  1444  1808 D MDP     : [PQSession] getDpPqConfig() id[a] enable[1], scenario[1]
03-02 00:56:59.970  1444  1808 D MDP     : [PQSession] getDpPqConfig() enSharp[1] enDC[0] enColor[0] enHDR[0] enHDRVivid[0] enUR[0] enReFocus[0] enCcorr[1] enDRE[0] enHFG[0] enAIPQ[0] enAISDR2HDR[0] enAIRegionPQ[0] mAdaptiveEnable[0]
03-02 00:56:59.970  1444  1808 D AAL     : [PQEngineInterface] DpEngineTDSHPConfigFrame(0) hfg_enable = 0
03-02 00:56:59.970  1444  1808 D AAL     : PQEngineInterface] DpEngineTDSHPConfigFrame(0) shp_enable = 0
03-02 00:56:59.970  1444  1808 D MDP     : [PQSessionManager] PQSessionManager::getPQSession id[a]
03-02 00:56:59.970  1444  1808 D MDP     : [PQSessionManager] getPQSessionListHandle id[a]
03-02 00:56:59.970  1444  1808 D MDP     : [PQSessionManager] getPQSessionListHandle, find id[a]
03-02 00:56:59.970  1444  1808 D MDP     : [PQSession] getDpPqConfig() id[a] enable[1], scenario[1]
03-02 00:56:59.970  1444  1808 D MDP     : [PQSession] getDpPqConfig() enSharp[1] enDC[0] enColor[0] enHDR[0] enHDRVivid[0] enUR[0] enReFocus[0] enCcorr[1] enDRE[0] enHFG[0] enAIPQ[0] enAISDR2HDR[0] enAIRegionPQ[0] mAdaptiveEnable[0]
03-02 00:56:59.970  1444  1808 W AAL     : DpEngine_AAL: relay 1
03-02 00:56:59.970  1444  1808 D AAL     : [PQEngineInterface] DpEngineTDSHPConfigTile(0) InpSize: 797, 1920, OutSize: 797, 1920
03-02 00:56:59.970  1444  1808 D MDP     : [PQSessionManager] PQSessionManager::getPQSession id[a]
03-02 00:56:59.970  1444  1808 D MDP     : [PQSessionManager] getPQSessionListHandle id[a]
03-02 00:56:59.970  1444  1808 D MDP     : [PQSessionManager] getPQSessionListHandle, find id[a]
03-02 00:56:59.970  1444  1808 D PQ      : [PQHFGConfig] PQHFGConfig::isEnabled = 2
03-02 00:56:59.970  1444  1808 D MDP     : [PQSession] getDpPqConfig() id[a] enable[1], scenario[1]
03-02 00:56:59.970  1444  1808 D MDP     : [PQSession] getDpPqConfig() enSharp[1] enDC[0] enColor[0] enHDR[0] enHDRVivid[0] enUR[0] enReFocus[0] enCcorr[1] enDRE[0] enHFG[0] enAIPQ[0] enAISDR2HDR[0] enAIRegionPQ[0] mAdaptiveEnable[0]
03-02 00:56:59.970  1444  1808 D AAL     : [PQEngineInterface] DpEngineAALCongTile(0) MDP_aal_size = 36177152
03-02 00:56:59.970  1444  1808 D AAL     : [PQEngineInterface(1791345034)::MDP_AAL_output_offset = 0
03-02 00:56:59.971  1444  1808 D AAL     : [PQEngineInterface] DpEngineAALCongTile(0) MDP_AAL_output_size = 35652864
03-02 00:56:59.971  1444  1808 D AAL     : [PQEngineInterface] DpEngineAALCongTile(0) inTileXRight = 551, inTileXLeft = 0
03-02 00:56:59.971  1444  1808 D AAL     : [PQEngineInterface] DpEngineAALCongTile(0) inTileYBottom = 543, inTileYTop = 0
03-02 00:56:59.971  1444  1808 D AAL     : [PQEngineInterface] DpEngineAALCongTile(0) outTileXRight = 1279, outTileXLeft = 0
03-02 00:56:59.971  1444  1808 D AAL     : [PQEngineInterface] DpEngineAALCongTile(0) m_outTileYBottom = 1279, m_outTileYTop = 0
03-02 00:56:59.971  1444  1808 D MDP     : [PQSessionManager] PQSessionManager::getPQSession id[a]
03-02 00:56:59.971  1444  1808 D MDP     : [PQSessionManager] getPQSessionListHandle id[a]
03-02 00:56:59.971  1444  1808 D MDP     : [PQSessionManager] getPQSessionListHandle, find id[a]
03-02 00:56:59.971  1444  1808 D AAL     : [PQEngineInterface] DpEngineAALCongTile(0)cropOffset[X, Y]=[1, 0], crop[Wid, Hei]=[0, 720]
03-02 00:56:59.971  1444  1808 D MDP     : [PQSessionManager] PQSessionManager::getPQSession id[a]
03-02 00:56:59.971  1444  1808 D MDP     : [PQSessionManager] getPQSessionListHandle id[a]
03-02 00:56:59.971  1444  1808 D MDP     : [PQSessionManager] getPQSessionListHandle, find id[a]
03-02 00:56:59.971  1444  1808 D AAL     : [PQEngineInterface] DpEngineHDRConfigTile(0) outTileXLeft = 0, outTileXRight = 551
03-02 00:56:59.971  1444  1808 D AAL     : [PQEngineInterface] DpEngineHDRConfigTile(0) inTileXLeft = 0, inTileXRight = 551
03-02 00:56:59.971  1444  1808 D AAL     : [PQEngineInterface] DpEngineHDRConfigTile(0) HDR_out_start_x = 0, HDR_out_end_x = 551, src h: 552,v: 1280
03-02 00:56:59.971  1507  1845 D SurfaceFlinger: [input] setFocusedWindow: <null>
03-02 00:56:59.971  1444  1808 D AAL     : [PQEngineInterface] DpEngineHDRConfigTile(0) HDR_hist_end_x = 0, HDR_hist_begin_x = 0
03-02 00:56:59.971  1507  1845 D SurfaceFlinger: updateWinowInfo=1, setFocusedWindow timestamp=491098963241809, windowName=<null>
03-02 00:56:59.971  1444  1808 D AAL     : [PQEngineInterface] DpEngineHDRConfigTile(0) HDR_first_tile = 0, HDR_last_tile = 0
03-02 00:56:59.971  1444  1808 D AAL     : [PQEngineInterface] DpEngineHDRConfigTile(0) inFrameWidth = 720 , middlePosX = 0
03-02 00:56:59.971  1444  1808 D AAL     : [PQEngineInterface] DpEngineTDSHPConfigTile(0) InpSize: 274, 1920, OutSize: 274, 1920
03-02 00:56:59.971  1444  1808 D MDP     : [PQSessionManager] PQSessionManager::getPQSession id[a]
03-02 00:56:59.971  1444  1808 D MDP     : [PQSessionManager] getPQSessionListHandle id[a]
03-02 00:56:59.971  1444  1808 D MDP     : [PQSessionManager] getPQSessionListHandle, find id[a]
03-02 00:56:59.971  1444  1808 D PQ      : [PQHFGConfig] PQHFGConfig::isEnabled = 2
03-02 00:56:59.971  1444  1808 D MDP     : [PQSession] getDpPqConfig() id[a] enable[1], scenario[1]
03-02 00:56:59.971  1444  1808 D MDP     : [PQSession] getDpPqConfig() enSharp[1] enDC[0] enColor[0] enHDR[0] enHDRVivid[0] enUR[0] enReFocus[0] enCcorr[1] enDRE[0] enHFG[0] enAIPQ[0] enAISDR2HDR[0] enAIRegionPQ[0] mAdaptiveEnable[0]
03-02 00:56:59.971  2746  2866 I VRI[debug]@76f9861: mWNT: t=0xb40000772af33f00 mBlastBufferQueue=0xb4000076ae319800 fn= 1 HdrRenderState mRenderHdrSdrRatio=1.0 caller= android.view.ViewRootImpl$12.onFrameDraw:15441 android.view.ThreadedRenderer$1.onFrameDraw:718 <bottom of call stack>
03-02 00:56:59.971  1444  1808 D AAL     : [PQEngineInterface] DpEngineAALCongTile(0) MDP_aal_size = 12715264
03-02 00:56:59.971  2746  2866 I VRI[debug]@76f9861: Setting up sync and frameCommitCallback
03-02 00:56:59.971  1444  1808 D AAL     : [PQEngineInterface(1791345034)::MDP_AAL_output_offset = 0
03-02 00:56:59.971  1444  1808 D AAL     : [PQEngineInterface] DpEngineAALCongTile(0) MDP_AAL_output_size = 12190976
03-02 00:56:59.971  1444  1808 D AAL     : [PQEngineInterface] DpEngineAALCongTile(0) inTileXRight = 719, inTileXLeft = 526
03-02 00:56:59.971  1444  1808 D AAL     : [PQEngineInterface] DpEngineAALCongTile(0) inTileYBottom = 719, inTileYTop = 0
03-02 00:56:59.971  1444  1808 D AAL     : [PQEngineInterface] DpEngineAALCongTile(0) outTileXRight = 1279, outTileXLeft = 534
03-02 00:56:59.971  1444  1808 D AAL     : [PQEngineInterface] DpEngineAALCongTile(0) m_outTileYBottom = 1279, m_outTileYTop = 0
03-02 00:56:59.971  1444  1808 D MDP     : [PQSessionManager] PQSessionManager::getPQSession id[a]
03-02 00:56:59.971  1444  1808 D MDP     : [PQSessionManager] getPQSessionListHandle id[a]
03-02 00:56:59.971  1444  1808 D MDP     : [PQSessionManager] getPQSessionListHandle, find id[a]
03-02 00:56:59.971  1444  1808 D AAL     : [PQEngineInterface] DpEngineAALCongTile(0)cropOffset[X, Y]=[1, 0], crop[Wid, Hei]=[0, 720]
03-02 00:56:59.971  1444  1808 D MDP     : [PQSessionManager] PQSessionManager::getPQSession id[a]
03-02 00:56:59.971  1444  1808 D MDP     : [PQSessionManager] getPQSessionListHandle id[a]
03-02 00:56:59.971  2013  2027 W ParceledListSlice: Element #30 is 21544 bytes.
03-02 00:56:59.971  1444  1808 D MDP     : [PQSessionManager] getPQSessionListHandle, find id[a]
03-02 00:56:59.971  1444  1808 D AAL     : [PQEngineInterface] DpEngineHDRConfigTile(0) outTileXLeft = 526, outTileXRight = 719
03-02 00:56:59.971  1444  1808 D AAL     : [PQEngineInterface] DpEngineHDRConfigTile(0) inTileXLeft = 526, inTileXRight = 719
03-02 00:56:59.971  1444  1808 D AAL     : [PQEngineInterface] DpEngineHDRConfigTile(0) HDR_out_start_x = 0, HDR_out_end_x = 193, src h: 194,v: 1280
03-02 00:56:59.971  1444  1808 D AAL     : [PQEngineInterface] DpEngineHDRConfigTile(0) HDR_hist_end_x = 0, HDR_hist_begin_x = 0
03-02 00:56:59.971  1444  1808 D AAL     : [PQEngineInterface] DpEngineHDRConfigTile(0) HDR_first_tile = 0, HDR_last_tile = 0
03-02 00:56:59.971  1444  1808 D AAL     : [PQEngineInterface] DpEngineHDRConfigTile(0) inFrameWidth = 720 , middlePosX = 0
03-02 00:56:59.971  1444  1808 D MDP     : [PQSessionManager] PQSessionManager::getPQSession id[a]
03-02 00:56:59.971  1444  1808 D MDP     : [PQSessionManager] getPQSessionListHandle id[a]
03-02 00:56:59.971  1444  1808 D MDP     : [PQSessionManager] getPQSessionListHandle, find id[a]
03-02 00:56:59.971  1444  1808 D MDP     : [PQSessionManager] PQSessionManager::getPQSession id[a]
03-02 00:56:59.971  1444  1808 D MDP     : [PQSessionManager] getPQSessionListHandle id[a]
03-02 00:56:59.971  1444  1808 D MDP     : [PQSessionManager] getPQSessionListHandle, find id[a]
03-02 00:56:59.973  2013  4834 D InputDispatcher: Once focus requested (0): <null>
03-02 00:56:59.973  2013  4834 D InputDispatcher: Focus request (0): <null> but waiting because NO_WINDOW
03-02 00:56:59.973  2013  4834 D InputDispatcher: Focus left window (0): cd2d6b5 com.zhiliaoapp.musically/com.ss.android.ugc.aweme.splash.SplashActivity
03-02 00:56:59.974 14885 14885 I ImeFocusController: onPreWindowFocus: skipped hasWindowFocus=false mHasImeFocus=true
03-02 00:56:59.974  1507  2128 I SurfaceFlinger: id=155436 createSurf, flag=24000, Surface(name=c536234 NavigationBar0)/@0xfac847b - animation-leash of insets_animation#155436
03-02 00:56:59.975 14885 14885 I System.out: SAFActivity V Scene Framework: NavigationSceneManager onWindowFocusChanged false
03-02 00:56:59.975 14885 14885 I ImeFocusController: onPostWindowFocus: skipped hasWindowFocus=false mHasImeFocus=true
03-02 00:56:59.976  3202  3386 I HoneySpace.TopTaskSource: onTaskFocusChanged(): taskId = 44846
03-02 00:56:59.976  1507  1563 I SurfaceFlinger: id=155437 createSurf, flag=24000, Surface(name=a5d3a68 StatusBar)/@0xd5726d6 - animation-leash of insets_animation#155437
03-02 00:56:59.976  1507  1507 I SurfaceFlinger: [com.podcast.app.debug/androidx.activity.ComponentActivity$_17121#155435] attach to parent LayerHierarchy{RequestedLayerState{223422 com.podcast.app.debug/androidx.activity.ComponentActivity#155434 parentId=155431} 1 children}
03-02 00:56:59.976  1507  1507 I SurfaceFlinger: [Surface(name=c536234 NavigationBar0)/@0xfac847b - animation-leash of insets_animation#155436] attach to parent LayerHierarchy{RequestedLayerState{WindowToken{5cf38d1 type=2019 android.os.BinderProxy@916675b}#101 parentId=34} 2 children}
03-02 00:56:59.976  1507  1507 I SurfaceFlinger: [Surface(name=a5d3a68 StatusBar)/@0xd5726d6 - animation-leash of insets_animation#155437] attach to parent LayerHierarchy{RequestedLayerState{WindowToken{d05298b type=2000 android.os.BinderProxy@163b705}#108 parentId=17} 2 children}
03-02 00:56:59.976  2746  2870 I BLASTBufferQueue: [VRI[debug]@76f9861#7677](f:0,a:0,s:0) onFrameAvailable the first frame is available
03-02 00:56:59.976  2746  2870 I BLASTBufferQueue: [VRI[debug]@76f9861#7677](f:0,a:1,s:0) acquireNextBufferLocked size=1080x2340 mFrameNumber=1 applyTransaction=true mTimestamp=491098977194116(auto) mPendingTransactions.size=0 graphicBufferId=11793980283208 transform=0
03-02 00:56:59.976  2746  2870 I VRI[debug]@76f9861: Received frameCommittedCallback lastAttemptedDrawFrameNum=1 didProduceBuffer=true
03-02 00:56:59.976  1444  1809 D MDP     : [PQSessionManager] PQSessionManager::getPQSession id[a]
03-02 00:56:59.976  1444  1809 D MDP     : [PQSessionManager] getPQSessionListHandle id[a]
03-02 00:56:59.976  1444  1809 D MDP     : [PQSessionManager] getPQSessionListHandle, find id[a]
03-02 00:56:59.977  1444  1809 D MDP     : [PQSessionManager] findVideoID[f6840820] found on index a
03-02 00:56:59.978  2746  2870 D HWUI    : CFMS:: SetUp Pid : 2746    Tid : 2870
03-02 00:56:59.978  2746  2808 D VRI[debug]@76f9861: reportDrawFinished seqId=0
03-02 00:56:59.980  2013  3645 I SystemKeyManager: requested systemKeyInfo size=1 focusedWindow=com.podcast.app.debug/androidx.activity.ComponentActivity
03-02 00:56:59.980  2013  3645 I SystemKeyManager: requested systemKeyInfo size=2 focusedWindow=com.podcast.app.debug/androidx.activity.ComponentActivity
03-02 00:56:59.980  1444  1808 D MDP     : [PQSessionManager] findVideoID[f6840820] found on index a
03-02 00:56:59.980  1444  1808 D MDP     : [PQSessionManager] createPQSession(a) user(0xb4000074f4d46d80)
03-02 00:56:59.980  1444  1808 D MDP     : [PQSessionManager] Duplicated ID[a] found, please check if double createPQSession!
03-02 00:56:59.980  1444  1808 D MDP     : [PQSessionManager] getPQSessionListHandle id[a]
03-02 00:56:59.980  1444  1808 D MDP     : [PQSessionManager] getPQSessionListHandle, find id[a]
03-02 00:56:59.980  1444  1808 D MDP     : [PQSession] incRefCount id[a] user[0xb4000074f4d46d80] existed
03-02 00:56:59.980  1444  1808 D MDP     : [PQSession] incRefCount id[a] user[0xb4000074f4d46d80] numOfUser[1]
03-02 00:56:59.980  1444  1808 D MDP     : [PQSession] numElements[0] key[0] metaData[0]
03-02 00:56:59.980  1444  1808 D MDP     : [PQSession] setPQParam() id[a] enable[1], scenario[1]
03-02 00:56:59.980  1444  1808 D MDP     : [PQSession] video TS [6967]
03-02 00:56:59.980  1444  1808 D PQ      : PQDSConfig::getEnableStatus check1  time 0 ms
03-02 00:56:59.980  1444  1808 D PQ      : [PQDSConfig] PQDSConfig::getEnableStatus = 1
03-02 00:56:59.980  1444  1808 D PQ      : [PQDSConfig] m_TDSHPTableInit 1
03-02 00:56:59.980  1444  1808 D PQ      : [PQDSConfig] getAshmemContext(SHP_ENABLE) = 1
03-02 00:56:59.980  1444  1808 D PQ      : PQDSConfig::getEnableStatus check2  time 0 ms
03-02 00:56:59.980  1444  1808 D PQ      : [PQDSConfig] PQDSConfig::getUREnableStatus = 1
03-02 00:56:59.980  1444  1808 D MDP     : [PQSession] setDpPqConfig m_svp = 0, enDRE = 0
03-02 00:56:59.980  1444  1808 D MDP     : setPQParam globalPQSupport = [0] globalPQSwitch = [0] globalPQStrength = [0] globalPQType = [0]
03-02 00:56:59.980  1444  1808 D MDP     : [PQSession] setPQparam userId[0x0], scenario[1], enDRE[0]
03-02 00:56:59.980  1444  1808 D MDP     : [PQSession] getDpPqConfig() id[a] enable[1], scenario[1]
03-02 00:56:59.980  1444  1808 D MDP     : [PQSession] getDpPqConfig() enSharp[1] enDC[0] enColor[0] enHDR[0] enHDRVivid[0] enUR[0] enReFocus[0] enCcorr[1] enDRE[0] enHFG[0] enAIPQ[0] enAISDR2HDR[0] enAIRegionPQ[0] mAdaptiveEnable[0]
03-02 00:56:59.980  1444  1808 D MDP     : [PQSession] setPQDREParam userId[0x0] scenario[1] enDRE[0]
03-02 00:56:59.980  1444  1808 D MDP     : [PQSessionManager] findVideoID[f6840820] found on index a
03-02 00:56:59.980  1444  1808 D PQ_HDR  : DpAsyncBlit: job:(2070251 151) in:(720, 1280)[720 368] C8s P1.1.1.0.1, alpha 0, sec0 flush:0 Buffer 1035125: plane=3 bufVA={0x97,0x97,0x97} bufMVA={0x0,0x0,0x0} bufSize={0xe1000,0x39800,0x39800} proxy={0xb4000074f4c6a7a0,0x0,0x0}fence=-1
03-02 00:56:59.980  1444  1808 D PQ_HDR  : DpAsyncBlit: out 0:(1072, 1920)[2176 0] C5 P1.1.1.0.1 R:0 F:0 S:1 A:0 HDR:0 COLOR:0 CCORR:1 sec0 flush:0 Buffer 1035125: plane=1 bufVA={0x82,0x0,0x0} bufMVA={0x0,0x0,0x0} bufSize={0x4db200,0x0,0x0} proxy={0xb40000747320b740,0x0,0x0}fence=179
03-02 00:56:59.980  1444  1808 D PQ_HDR  : DpAsyncBlit: crop 0:(6.0, 0.0, 714.0, 1280.0) compose:(0, 0, 1072, 1920)
03-02 00:56:59.981  1444  1808 D MDP     : [PQSessionManager] PQSessionManager::getPQSession id[a]
03-02 00:56:59.981  1444  1808 D MDP     : [PQSessionManager] getPQSessionListHandle id[a]
03-02 00:56:59.981  1444  1808 D MDP     : [PQSessionManager] getPQSessionListHandle, find id[a]
03-02 00:56:59.981  1444  1808 D MDP     : [PQSessionManager] PQSessionManager::getPQSession id[a]
03-02 00:56:59.981  1444  1808 D MDP     : [PQSessionManager] getPQSessionListHandle id[a]
03-02 00:56:59.981  1444  1808 D MDP     : [PQSessionManager] getPQSessionListHandle, find id[a]
03-02 00:56:59.981  1444  1808 D MDP     : PQSession:setPipeNum m_PipeNum[1] value[1] ID[a] DCPath[0] DCDone[0] addr[732261df]
03-02 00:56:59.981  1444  1808 D MDP     : [PQSession] getDpPqConfig() id[a] enable[1], scenario[1]
03-02 00:56:59.981  1444  1808 D MDP     : [PQSession] getDpPqConfig() enSharp[1] enDC[0] enColor[0] enHDR[0] enHDRVivid[0] enUR[0] enReFocus[0] enCcorr[1] enDRE[0] enHFG[0] enAIPQ[0] enAISDR2HDR[0] enAIRegionPQ[0] mAdaptiveEnable[0]
03-02 00:56:59.981  2013  3645 I WindowManager: Relayout hash=223422, pid=17121, syncId=-1: mAttrs={(0,0)(fillxfill) sim={adjust=pan forwardNavigation} layoutInDisplayCutoutMode=always ty=BASE_APPLICATION wanim=0x1030317
03-02 00:56:59.981  2013  3645 I WindowManager:   fl=81810100
03-02 00:56:59.981  2013  3645 I WindowManager:   pfl=100088c0
03-02 00:56:59.981  2013  3645 I WindowManager:   bhv=1
03-02 00:56:59.981  2013  3645 I WindowManager:   fitSides=0
03-02 00:56:59.981  2013  3645 I WindowManager:   frameRateBoostOnTouch=true
03-02 00:56:59.981  2013  3645 I WindowManager:   dvrrWindowFrameRateHint=true naviIconColor=0}
03-02 00:56:59.981  1444  1808 D PQ      : [PQRSZConfig] PQRSZConfig::getUREnableStatus = 1
03-02 00:56:59.981  1444  1808 D MDP     : [PQSessionManager] PQSessionManager::getPQSession id[a]
03-02 00:56:59.981  1444  1808 D MDP     : [PQSessionManager] getPQSessionListHandle id[a]
03-02 00:56:59.981  1444  1808 D MDP     : [PQSessionManager] getPQSessionListHandle, find id[a]
03-02 00:56:59.981  1444  1808 D AAL     : [PQEngineInterface] DpEngineTDSHPConfigFrame(0) pqSessionId = a
03-02 00:56:59.981  1444  1808 D MDP     : [PQSession] getDpPqConfig() id[a] enable[1], scenario[1]
03-02 00:56:59.981  1444  1808 D MDP     : [PQSession] getDpPqConfig() enSharp[1] enDC[0] enColor[0] enHDR[0] enHDRVivid[0] enUR[0] enReFocus[0] enCcorr[1] enDRE[0] enHFG[0] enAIPQ[0] enAISDR2HDR[0] enAIRegionPQ[0] mAdaptiveEnable[0]
03-02 00:56:59.981  1444  1808 D AAL     : [PQEngineInterface] DpEngineTDSHPConfigFrame(0) tdshpEnable(1) enSharp(1) enDC(0) enHFG(0)
03-02 00:56:59.981  1444  1808 D MDP     : PQSession:setPipeNum m_PipeNum[1] value[1] ID[a] DCPath[0] DCDone[0] addr[732261df]
03-02 00:56:59.981  1444  1808 D AAL     : [PQEngineInterface] DpEngineTDSHPConfigFrame(0) adl_enable = 0
03-02 00:56:59.981  1444  1808 D PQ      : [PQHFGConfig] PQHFGConfig::isEnabled = 2
03-02 00:56:59.981  1444  1808 D MDP     : [PQSession] getDpPqConfig() id[a] enable[1], scenario[1]
03-02 00:56:59.981  1444  1808 D MDP     : [PQSession] getDpPqConfig() enSharp[1] enDC[0] enColor[0] enHDR[0] enHDRVivid[0] enUR[0] enReFocus[0] enCcorr[1] enDRE[0] enHFG[0] enAIPQ[0] enAISDR2HDR[0] enAIRegionPQ[0] mAdaptiveEnable[0]
03-02 00:56:59.981  1444  1808 D AAL     : [PQEngineInterface] DpEngineTDSHPConfigFrame(0) hfg_enable = 0
03-02 00:56:59.981  1444  1808 D AAL     : PQEngineInterface] DpEngineTDSHPConfigFrame(0) shp_enable = 0
03-02 00:56:59.982  1444  1808 D MDP     : [PQSessionManager] PQSessionManager::getPQSession id[a]
03-02 00:56:59.982  1444  1808 D MDP     : [PQSessionManager] getPQSessionListHandle id[a]
03-02 00:56:59.982  1444  1808 D MDP     : [PQSessionManager] getPQSessionListHandle, find id[a]
03-02 00:56:59.982  1444  1808 D MDP     : [PQSession] getDpPqConfig() id[a] enable[1], scenario[1]
03-02 00:56:59.982  1444  1808 D MDP     : [PQSession] getDpPqConfig() enSharp[1] enDC[0] enColor[0] enHDR[0] enHDRVivid[0] enUR[0] enReFocus[0] enCcorr[1] enDRE[0] enHFG[0] enAIPQ[0] enAISDR2HDR[0] enAIRegionPQ[0] mAdaptiveEnable[0]
03-02 00:56:59.982  1444  1808 W AAL     : DpEngine_AAL: relay 1
03-02 00:56:59.982  1444  1808 D AAL     : [PQEngineInterface] DpEngineTDSHPConfigTile(0) InpSize: 799, 1920, OutSize: 799, 1920
03-02 00:56:59.982  1444  1808 D MDP     : [PQSessionManager] PQSessionManager::getPQSession id[a]
03-02 00:56:59.982  1444  1808 D MDP     : [PQSessionManager] getPQSessionListHandle id[a]
03-02 00:56:59.982  1444  1808 D MDP     : [PQSessionManager] getPQSessionListHandle, find id[a]
03-02 00:56:59.982  1444  1808 D PQ      : [PQHFGConfig] PQHFGConfig::isEnabled = 2
03-02 00:56:59.982  1444  1808 D MDP     : [PQSession] getDpPqConfig() id[a] enable[1], scenario[1]
03-02 00:56:59.982  1444  1808 D MDP     : [PQSession] getDpPqConfig() enSharp[1] enDC[0] enColor[0] enHDR[0] enHDRVivid[0] enUR[0] enReFocus[0] enCcorr[1] enDRE[0] enHFG[0] enAIPQ[0] enAISDR2HDR[0] enAIRegionPQ[0] mAdaptiveEnable[0]
03-02 00:56:59.982  1444  1808 D AAL     : [PQEngineInterface] DpEngineAALCongTile(0) MDP_aal_size = 36177152
03-02 00:56:59.982  1444  1808 D AAL     : [PQEngineInterface(1791345034)::MDP_AAL_output_offset = 0
03-02 00:56:59.982  1444  1808 D AAL     : [PQEngineInterface] DpEngineAALCongTile(0) MDP_AAL_output_size = 35652864
03-02 00:56:59.982  1444  1808 D AAL     : [PQEngineInterface] DpEngineAALCongTile(0) inTileXRight = 551, inTileXLeft = 0
03-02 00:56:59.982  1444  1808 D AAL     : [PQEngineInterface] DpEngineAALCongTile(0) inTileYBottom = 543, inTileYTop = 0
03-02 00:56:59.982  1444  1808 D AAL     : [PQEngineInterface] DpEngineAALCongTile(0) outTileXRight = 1279, outTileXLeft = 0
03-02 00:56:59.982  1444  1808 D AAL     : [PQEngineInterface] DpEngineAALCongTile(0) m_outTileYBottom = 1279, m_outTileYTop = 0
03-02 00:56:59.982  1444  1808 D MDP     : [PQSessionManager] PQSessionManager::getPQSession id[a]
03-02 00:56:59.982  1444  1808 D MDP     : [PQSessionManager] getPQSessionListHandle id[a]
03-02 00:56:59.982  1444  1808 D MDP     : [PQSessionManager] getPQSessionListHandle, find id[a]
03-02 00:56:59.982  1444  1808 D AAL     : [PQEngineInterface] DpEngineAALCongTile(0)cropOffset[X, Y]=[1, 0], crop[Wid, Hei]=[0, 720]
03-02 00:56:59.982  1444  1808 D MDP     : [PQSessionManager] PQSessionManager::getPQSession id[a]
03-02 00:56:59.982  1444  1808 D MDP     : [PQSessionManager] getPQSessionListHandle id[a]
03-02 00:56:59.982  1444  1808 D MDP     : [PQSessionManager] getPQSessionListHandle, find id[a]
03-02 00:56:59.982  1444  1808 D AAL     : [PQEngineInterface] DpEngineHDRConfigTile(0) outTileXLeft = 0, outTileXRight = 551
03-02 00:56:59.982  1444  1808 D AAL     : [PQEngineInterface] DpEngineHDRConfigTile(0) inTileXLeft = 0, inTileXRight = 551
03-02 00:56:59.982  1444  1808 D AAL     : [PQEngineInterface] DpEngineHDRConfigTile(0) HDR_out_start_x = 0, HDR_out_end_x = 551, src h: 552,v: 1280
03-02 00:56:59.982  1444  1808 D AAL     : [PQEngineInterface] DpEngineHDRConfigTile(0) HDR_hist_end_x = 0, HDR_hist_begin_x = 0
03-02 00:56:59.982  1444  1808 D AAL     : [PQEngineInterface] DpEngineHDRConfigTile(0) HDR_first_tile = 0, HDR_last_tile = 0
03-02 00:56:59.982  1444  1808 D AAL     : [PQEngineInterface] DpEngineHDRConfigTile(0) inFrameWidth = 720 , middlePosX = 0
03-02 00:56:59.982  1444  1808 D AAL     : [PQEngineInterface] DpEngineTDSHPConfigTile(0) InpSize: 274, 1920, OutSize: 274, 1920
03-02 00:56:59.982  1444  1808 D MDP     : [PQSessionManager] PQSessionManager::getPQSession id[a]
03-02 00:56:59.982  1444  1808 D MDP     : [PQSessionManager] getPQSessionListHandle id[a]
03-02 00:56:59.982  1444  1808 D MDP     : [PQSessionManager] getPQSessionListHandle, find id[a]
03-02 00:56:59.982  3202  3202 I HoneySpace.EdgePanel.CocktailHostRepositoryImpl: onNoteResume
03-02 00:56:59.982  1444  1808 D PQ      : [PQHFGConfig] PQHFGConfig::isEnabled = 2
03-02 00:56:59.982  1444  1808 D MDP     : [PQSession] getDpPqConfig() id[a] enable[1], scenario[1]
03-02 00:56:59.982  1444  1808 D MDP     : [PQSession] getDpPqConfig() enSharp[1] enDC[0] enColor[0] enHDR[0] enHDRVivid[0] enUR[0] enReFocus[0] enCcorr[1] enDRE[0] enHFG[0] enAIPQ[0] enAISDR2HDR[0] enAIRegionPQ[0] mAdaptiveEnable[0]
03-02 00:56:59.982  1444  1808 D AAL     : [PQEngineInterface] DpEngineAALCongTile(0) MDP_aal_size = 12715264
03-02 00:56:59.982  3202  3202 I HoneySpace.EdgePanel.EdgePanelContainerViewModel: cocktailHostRepository.edgePanelOperation NoteResumeComponent(componentName=ComponentInfo{com.podcast.app.debug/androidx.activity.ComponentActivity})
03-02 00:56:59.982  1444  1808 D AAL     : [PQEngineInterface(1791345034)::MDP_AAL_output_offset = 0
03-02 00:56:59.982  1444  1808 D AAL     : [PQEngineInterface] DpEngineAALCongTile(0) MDP_AAL_output_size = 12190976
03-02 00:56:59.982  1444  1808 D AAL     : [PQEngineInterface] DpEngineAALCongTile(0) inTileXRight = 719, inTileXLeft = 526
03-02 00:56:59.982  1444  1808 D AAL     : [PQEngineInterface] DpEngineAALCongTile(0) inTileYBottom = 719, inTileYTop = 0
03-02 00:56:59.982  1444  1808 D AAL     : [PQEngineInterface] DpEngineAALCongTile(0) outTileXRight = 1279, outTileXLeft = 534
03-02 00:56:59.982  1444  1808 D AAL     : [PQEngineInterface] DpEngineAALCongTile(0) m_outTileYBottom = 1279, m_outTileYTop = 0
03-02 00:56:59.982  1444  1808 D MDP     : [PQSessionManager] PQSessionManager::getPQSession id[a]
03-02 00:56:59.982  1444  1808 D MDP     : [PQSessionManager] getPQSessionListHandle id[a]
03-02 00:56:59.982  1444  1808 D MDP     : [PQSessionManager] getPQSessionListHandle, find id[a]
03-02 00:56:59.982  1444  1808 D AAL     : [PQEngineInterface] DpEngineAALCongTile(0)cropOffset[X, Y]=[1, 0], crop[Wid, Hei]=[0, 720]
03-02 00:56:59.982  1444  1808 D MDP     : [PQSessionManager] PQSessionManager::getPQSession id[a]
03-02 00:56:59.982  1444  1808 D MDP     : [PQSessionManager] getPQSessionListHandle id[a]
03-02 00:56:59.982  1444  1808 D MDP     : [PQSessionManager] getPQSessionListHandle, find id[a]
03-02 00:56:59.982  1444  1808 D AAL     : [PQEngineInterface] DpEngineHDRConfigTile(0) outTileXLeft = 526, outTileXRight = 719
03-02 00:56:59.982  1444  1808 D AAL     : [PQEngineInterface] DpEngineHDRConfigTile(0) inTileXLeft = 526, inTileXRight = 719
03-02 00:56:59.982  1444  1808 D AAL     : [PQEngineInterface] DpEngineHDRConfigTile(0) HDR_out_start_x = 0, HDR_out_end_x = 193, src h: 194,v: 1280
03-02 00:56:59.982  1444  1808 D AAL     : [PQEngineInterface] DpEngineHDRConfigTile(0) HDR_hist_end_x = 0, HDR_hist_begin_x = 0
03-02 00:56:59.982  1444  1808 D AAL     : [PQEngineInterface] DpEngineHDRConfigTile(0) HDR_first_tile = 0, HDR_last_tile = 0
03-02 00:56:59.982  1444  1808 D AAL     : [PQEngineInterface] DpEngineHDRConfigTile(0) inFrameWidth = 720 , middlePosX = 0
03-02 00:56:59.982  3202  3202 I HoneySpace.EdgePanel.ActivityUtils: HomePackage : com.sec.android.app.launcher, resumePackageName : com.podcast.app.debug, className : androidx.activity.ComponentActivity
03-02 00:56:59.982  1444  1808 D MDP     : [PQSessionManager] PQSessionManager::getPQSession id[a]
03-02 00:56:59.982  1444  1808 D MDP     : [PQSessionManager] getPQSessionListHandle id[a]
03-02 00:56:59.982  1444  1808 D MDP     : [PQSessionManager] getPQSessionListHandle, find id[a]
03-02 00:56:59.983  1444  1808 D MDP     : [PQSessionManager] PQSessionManager::getPQSession id[a]
03-02 00:56:59.983  1444  1808 D MDP     : [PQSessionManager] getPQSessionListHandle id[a]
03-02 00:56:59.983  1444  1808 D MDP     : [PQSessionManager] getPQSessionListHandle, find id[a]
03-02 00:56:59.983 17121 17121 D BufferQueueConsumer: [](id:42e100000004,api:0,p:-1,c:17121) connect: controlledByApp=false
03-02 00:56:59.984 17121 17121 I BLASTBufferQueue: [VRI[ComponentActivity]@ed4d1ce#4](f:0,a:0,s:0) constructor()
03-02 00:56:59.985 17121 17121 I BLASTBufferQueue_Java: new BLASTBufferQueue, mName= VRI[ComponentActivity]@ed4d1ce mNativeObject= 0xb400007837e5d000 caller= android.view.ViewRootImpl.updateBlastSurfaceIfNeeded:3585 android.view.ViewRootImpl.relayoutWindow:11685 android.view.ViewRootImpl.performTraversals:4804 android.view.ViewRootImpl.doTraversal:3924 android.view.ViewRootImpl$TraversalRunnable.run:12903 android.view.Choreographer$CallbackRecord.run:1901 android.view.Choreographer$CallbackRecord.run:1910 android.view.Choreographer.doCallbacks:1367 android.view.Choreographer.doFrame:1292 android.view.Choreographer$FrameDisplayEventReceiver.run:1870
03-02 00:56:59.985 17121 17121 I BLASTBufferQueue_Java: update, w= 1080 h= 2340 mName = VRI[ComponentActivity]@ed4d1ce mNativeObject= 0xb400007837e5d000 sc.mNativeObject= 0xb40000772b11b940 format= -1 caller= android.view.ViewRootImpl.updateBlastSurfaceIfNeeded:3590 android.view.ViewRootImpl.relayoutWindow:11685 android.view.ViewRootImpl.performTraversals:4804 android.view.ViewRootImpl.doTraversal:3924 android.view.ViewRootImpl$TraversalRunnable.run:12903 android.view.Choreographer$CallbackRecord.run:1901
03-02 00:56:59.985 17121 17121 I BLASTBufferQueue: [VRI[ComponentActivity]@ed4d1ce#4](f:0,a:0,s:0) update width=1080 height=2340 format=-1 mTransformHint=0
03-02 00:56:59.985 17121 17121 I VRI[ComponentActivity]@ed4d1ce: Relayout returned: old=(0,0,1080,2340) new=(0,0,1080,2340) relayoutAsync=false req=(1080,2340)0 dur=18 res=0x3 s={true 0xb4000078340b7100} ch=true seqId=0
03-02 00:56:59.986  5235 12847 I HBD     : a [SKE_SPECIFIC] specific model[com.zhiliaoapp.musically] loaded, 207564000 ns
03-02 00:56:59.988  1444  1809 D MDP     : [PQSessionManager] PQSessionManager::getPQSession id[a]
03-02 00:56:59.988  1444  1809 D MDP     : [PQSessionManager] getPQSessionListHandle id[a]
03-02 00:56:59.988  1444  1809 D MDP     : [PQSessionManager] getPQSessionListHandle, find id[a]
03-02 00:56:59.988  1444  1809 D MDP     : [PQSessionManager] findVideoID[f6840820] found on index a
03-02 00:56:59.990 17121 17121 I VRI[ComponentActivity]@ed4d1ce: performConfigurationChange setNightDimText nightDimLevel=0
03-02 00:56:59.990  1445 16865 W C2MtkBufferManager: [0xB4000070F68A9420] fetchNewCcBlock: wait fence 0x0xb4000070f692fea0 timed out. ret 110
03-02 00:56:59.990 17121 17121 D VRI[ComponentActivity]@ed4d1ce: mThreadedRenderer.initialize() mSurface={isValid=true 0xb4000078340b7100} hwInitialized=true
03-02 00:56:59.991  1444  1808 D MDP     : [PQSessionManager] findVideoID[f6840820] found on index a
03-02 00:56:59.991  1444  1808 D MDP     : [PQSessionManager] createPQSession(a) user(0xb4000074f4d46d80)
03-02 00:56:59.991  1444  1808 D MDP     : [PQSessionManager] Duplicated ID[a] found, please check if double createPQSession!
03-02 00:56:59.991  1444  1808 D MDP     : [PQSessionManager] getPQSessionListHandle id[a]
03-02 00:56:59.991  1444  1808 D MDP     : [PQSessionManager] getPQSessionListHandle, find id[a]
03-02 00:56:59.991  1444  1808 D MDP     : [PQSession] incRefCount id[a] user[0xb4000074f4d46d80] existed
03-02 00:56:59.991  1444  1808 D MDP     : [PQSession] incRefCount id[a] user[0xb4000074f4d46d80] numOfUser[1]
03-02 00:56:59.991  1444  1808 D MDP     : [PQSession] numElements[0] key[0] metaData[0]
03-02 00:56:59.991  1444  1808 D MDP     : [PQSession] setPQParam() id[a] enable[1], scenario[1]
03-02 00:56:59.991  1444  1808 D MDP     : [PQSession] video TS [6967]
03-02 00:56:59.991  1444  1808 D PQ      : PQDSConfig::getEnableStatus check1  time 0 ms
03-02 00:56:59.991  1444  1808 D PQ      : [PQDSConfig] PQDSConfig::getEnableStatus = 1
03-02 00:56:59.991  1444  1808 D PQ      : [PQDSConfig] m_TDSHPTableInit 1
03-02 00:56:59.991  1444  1808 D PQ      : [PQDSConfig] getAshmemContext(SHP_ENABLE) = 1
03-02 00:56:59.991  1444  1808 D PQ      : PQDSConfig::getEnableStatus check2  time 0 ms
03-02 00:56:59.991  1444  1808 D PQ      : [PQDSConfig] PQDSConfig::getUREnableStatus = 1
03-02 00:56:59.991  1444  1808 D MDP     : [PQSession] setDpPqConfig m_svp = 0, enDRE = 0
03-02 00:56:59.991  1444  1808 D MDP     : setPQParam globalPQSupport = [0] globalPQSwitch = [0] globalPQStrength = [0] globalPQType = [0]
03-02 00:56:59.991  1444  1808 D MDP     : [PQSession] setPQparam userId[0x0], scenario[1], enDRE[0]
03-02 00:56:59.991  1444  1808 D MDP     : [PQSession] getDpPqConfig() id[a] enable[1], scenario[1]
03-02 00:56:59.991  1444  1808 D MDP     : [PQSession] getDpPqConfig() enSharp[1] enDC[0] enColor[0] enHDR[0] enHDRVivid[0] enUR[0] enReFocus[0] enCcorr[1] enDRE[0] enHFG[0] enAIPQ[0] enAISDR2HDR[0] enAIRegionPQ[0] mAdaptiveEnable[0]
03-02 00:56:59.991  1444  1808 D MDP     : [PQSession] setPQDREParam userId[0x0] scenario[1] enDRE[0]
03-02 00:56:59.991  1444  1808 D MDP     : [PQSessionManager] findVideoID[f6840820] found on index a
03-02 00:56:59.991  1444  1808 D PQ_HDR  : DpAsyncBlit: job:(2070253 148) in:(720, 1280)[720 368] C8s P1.1.1.0.1, alpha 0, sec0 flush:0 Buffer 1035126: plane=3 bufVA={0x94,0x94,0x94} bufMVA={0x0,0x0,0x0} bufSize={0xe1000,0x39800,0x39800} proxy={0xb4000074f4c6a820,0x0,0x0}fence=-1
03-02 00:56:59.991  1444  1808 D PQ_HDR  : DpAsyncBlit: out 0:(1074, 1920)[2176 0] C5 P1.1.1.0.1 R:0 F:0 S:1 A:0 HDR:0 COLOR:0 CCORR:1 sec0 flush:0 Buffer 1035126: plane=1 bufVA={0x9a,0x0,0x0} bufMVA={0x0,0x0,0x0} bufSize={0x4db200,0x0,0x0} proxy={0xb40000747320b780,0x0,0x0}fence=167
03-02 00:56:59.991  1444  1808 D PQ_HDR  : DpAsyncBlit: crop 0:(4.0, 0.0, 716.0, 1280.0) compose:(0, 0, 1074, 1920)
03-02 00:56:59.992  1444  1808 D MDP     : [PQSessionManager] PQSessionManager::getPQSession id[a]
03-02 00:56:59.992  1444  1808 D MDP     : [PQSessionManager] getPQSessionListHandle id[a]
03-02 00:56:59.992  1444  1808 D MDP     : [PQSessionManager] getPQSessionListHandle, find id[a]
03-02 00:56:59.992  1444  1808 D MDP     : [PQSessionManager] PQSessionManager::getPQSession id[a]
03-02 00:56:59.992  1444  1808 D MDP     : [PQSessionManager] getPQSessionListHandle id[a]
03-02 00:56:59.992  1444  1808 D MDP     : [PQSessionManager] getPQSessionListHandle, find id[a]
03-02 00:56:59.992  1444  1808 D MDP     : PQSession:setPipeNum m_PipeNum[1] value[1] ID[a] DCPath[0] DCDone[0] addr[732261df]
03-02 00:56:59.992  1444  1808 D MDP     : [PQSession] getDpPqConfig() id[a] enable[1], scenario[1]
03-02 00:56:59.992  1444  1808 D MDP     : [PQSession] getDpPqConfig() enSharp[1] enDC[0] enColor[0] enHDR[0] enHDRVivid[0] enUR[0] enReFocus[0] enCcorr[1] enDRE[0] enHFG[0] enAIPQ[0] enAISDR2HDR[0] enAIRegionPQ[0] mAdaptiveEnable[0]
03-02 00:56:59.992  1444  1808 D PQ      : [PQRSZConfig] PQRSZConfig::getUREnableStatus = 1
03-02 00:56:59.992  1444  1808 D MDP     : [PQSessionManager] PQSessionManager::getPQSession id[a]
03-02 00:56:59.992  1444  1808 D MDP     : [PQSessionManager] getPQSessionListHandle id[a]
03-02 00:56:59.992  1444  1808 D MDP     : [PQSessionManager] getPQSessionListHandle, find id[a]
03-02 00:56:59.992  1444  1808 D AAL     : [PQEngineInterface] DpEngineTDSHPConfigFrame(0) pqSessionId = a
03-02 00:56:59.992  1444  1808 D MDP     : [PQSession] getDpPqConfig() id[a] enable[1], scenario[1]
03-02 00:56:59.992  1444  1808 D MDP     : [PQSession] getDpPqConfig() enSharp[1] enDC[0] enColor[0] enHDR[0] enHDRVivid[0] enUR[0] enReFocus[0] enCcorr[1] enDRE[0] enHFG[0] enAIPQ[0] enAISDR2HDR[0] enAIRegionPQ[0] mAdaptiveEnable[0]
03-02 00:56:59.992  1444  1808 D AAL     : [PQEngineInterface] DpEngineTDSHPConfigFrame(0) tdshpEnable(1) enSharp(1) enDC(0) enHFG(0)
03-02 00:56:59.992  1444  1808 D MDP     : PQSession:setPipeNum m_PipeNum[1] value[1] ID[a] DCPath[0] DCDone[0] addr[732261df]
03-02 00:56:59.992 17121 17121 D VRI[ComponentActivity]@ed4d1ce: reportNextDraw android.view.ViewRootImpl.performTraversals:5443 android.view.ViewRootImpl.doTraversal:3924 android.view.ViewRootImpl$TraversalRunnable.run:12903 android.view.Choreographer$CallbackRecord.run:1901 android.view.Choreographer$CallbackRecord.run:1910
03-02 00:56:59.992  1444  1808 D AAL     : [PQEngineInterface] DpEngineTDSHPConfigFrame(0) adl_enable = 0
03-02 00:56:59.992  1444  1808 D PQ      : [PQHFGConfig] PQHFGConfig::isEnabled = 2
03-02 00:56:59.992  1444  1808 D MDP     : [PQSession] getDpPqConfig() id[a] enable[1], scenario[1]
03-02 00:56:59.992  1444  1808 D MDP     : [PQSession] getDpPqConfig() enSharp[1] enDC[0] enColor[0] enHDR[0] enHDRVivid[0] enUR[0] enReFocus[0] enCcorr[1] enDRE[0] enHFG[0] enAIPQ[0] enAISDR2HDR[0] enAIRegionPQ[0] mAdaptiveEnable[0]
03-02 00:56:59.992  1444  1808 D AAL     : [PQEngineInterface] DpEngineTDSHPConfigFrame(0) hfg_enable = 0
03-02 00:56:59.992  1444  1808 D AAL     : PQEngineInterface] DpEngineTDSHPConfigFrame(0) shp_enable = 0
03-02 00:56:59.992 17121 17121 D VRI[ComponentActivity]@ed4d1ce: Setup new sync=wmsSync-VRI[ComponentActivity]@ed4d1ce#8
03-02 00:56:59.992 17121 17121 I VRI[ComponentActivity]@ed4d1ce: Creating new active sync group VRI[ComponentActivity]@ed4d1ce#9
03-02 00:56:59.992  1444  1808 D MDP     : [PQSessionManager] PQSessionManager::getPQSession id[a]
03-02 00:56:59.992  1444  1808 D MDP     : [PQSessionManager] getPQSessionListHandle id[a]
03-02 00:56:59.992  1444  1808 D MDP     : [PQSessionManager] getPQSessionListHandle, find id[a]
03-02 00:56:59.992  1444  1808 D MDP     : [PQSession] getDpPqConfig() id[a] enable[1], scenario[1]
03-02 00:56:59.992  1444  1808 D MDP     : [PQSession] getDpPqConfig() enSharp[1] enDC[0] enColor[0] enHDR[0] enHDRVivid[0] enUR[0] enReFocus[0] enCcorr[1] enDRE[0] enHFG[0] enAIPQ[0] enAISDR2HDR[0] enAIRegionPQ[0] mAdaptiveEnable[0]
03-02 00:56:59.992  1444  1808 W AAL     : DpEngine_AAL: relay 1
03-02 00:56:59.992  1444  1808 D AAL     : [PQEngineInterface] DpEngineTDSHPConfigTile(0) InpSize: 801, 1920, OutSize: 801, 1920
03-02 00:56:59.992  1444  1808 D MDP     : [PQSessionManager] PQSessionManager::getPQSession id[a]
03-02 00:56:59.992  1444  1808 D MDP     : [PQSessionManager] getPQSessionListHandle id[a]
03-02 00:56:59.992  1444  1808 D MDP     : [PQSessionManager] getPQSessionListHandle, find id[a]
03-02 00:56:59.992  1444  1808 D PQ      : [PQHFGConfig] PQHFGConfig::isEnabled = 2
03-02 00:56:59.992  1444  1808 D MDP     : [PQSession] getDpPqConfig() id[a] enable[1], scenario[1]
03-02 00:56:59.992  1444  1808 D MDP     : [PQSession] getDpPqConfig() enSharp[1] enDC[0] enColor[0] enHDR[0] enHDRVivid[0] enUR[0] enReFocus[0] enCcorr[1] enDRE[0] enHFG[0] enAIPQ[0] enAISDR2HDR[0] enAIRegionPQ[0] mAdaptiveEnable[0]
03-02 00:56:59.992  1444  1808 D AAL     : [PQEngineInterface] DpEngineAALCongTile(0) MDP_aal_size = 36177152
