03-02 00:57:32.035  5235  5235 I HBD     : h getDefaultInputRange : UNKNOWN
03-02 00:57:32.036  5235  5235 I HBD     : a currentState : 0
03-02 00:57:32.036  1507  1563 I SurfaceFlinger: id=156408 createSurf, flag=24004, Task=44887#156408
03-02 00:57:32.036  5235  5235 I HBD     : a [UpdatePolicy] [post] a: 0 cl: 65538 kit: [0/0] vt: 0 ir: 1
03-02 00:57:32.036  1450  1487 I mtkpower_client: perf_lock_acq, hdl:0, dur:0, num:2, pid:1450, tid:1487
03-02 00:57:32.036  1464  1529 I libPowerHal: [perfLockRel] hdl:76662, idx:3
03-02 00:57:32.037  1464  1529 I libPowerHal: [PD] vendor.samsung. update cmd:1000000 param:-1 pr:6
03-02 00:57:32.038  1464  1529 I libPowerHal: [perfLockRel] Done for hdl : 76662
03-02 00:57:32.038  1507  2393 I SurfaceFlinger: id=156409 createSurf, flag=84004, ActivityRecord{71491055 u0 com.podcast.app.debug.test/androidx.test.core.app.InstrumentationActivityInvoker$EmptyActivity t44887}#156409
03-02 00:57:32.038  1450  1487 I mtkpower_client: ret_hdl:76663
03-02 00:57:32.038  1450  1487 I mtkpower_client: perf_lock_rel, hdl:76660, pid: 1450, tid:1487
03-02 00:57:32.039  4784  4784 I SemDvfsHyPerManager: acquire hyper - APP_START_SHORT/4784@15, type = -999
03-02 00:57:32.039  1464  1529 I libPowerHal: [perfLockAcq] idx:2 hdl:76663 hint:-1 pid:1450 tid:1487 duration:0 lock_user:vendor.samsung. => ret_hdl:76663
03-02 00:57:32.039  1464  1529 I libPowerHal: [setDvfsrcDevFreqOpp] opp:0, freq:4266000000
03-02 00:57:32.039  1464  1529 I libPowerHal: [PE] vendor.samsung. update cmd:1000000 param:0 pr:3
03-02 00:57:32.039  1464  1529 I libPowerHal: [perfLockAcq] Done for hdl : 76663
03-02 00:57:32.040  1464  1529 I libPowerHal: [perfLockRel] hdl:76660, idx:6
03-02 00:57:32.040  1464  1529 I libPowerHal: [PD] vendor.samsung. update cmd:400000 param:-1 pr:6
03-02 00:57:32.040  5235  5235 I HBD     : a [NRIC] resetNoResponseState
03-02 00:57:32.040  5235  5235 I HBD     : c needOff = true , isForceOff = false, isNullInputClass : true
03-02 00:57:32.040  5235  5235 I HBD     : c update cached prediction status : false
03-02 00:57:32.040  5235  5235 I HBD     : b [AiWriter] setContact : com.podcast.app.debug
03-02 00:57:32.041  5235  5235 I HBD     : HoneyBoardService [PF_OP][onStartInput]  7 ms
03-02 00:57:32.041  1450  1487 I mtkpower_client: perf_lock_acq, hdl:0, dur:0, num:2, pid:1450, tid:1487
03-02 00:57:32.041  1464  1529 I libPowerHal: [recordCPUFreqInfo] set cluster[0] min(-1): -1 max(-1): -1 cluster[1] min(-1): -1 max(-1): -1
03-02 00:57:32.041  1464  1529 I libPowerHal: [perfLockRel] Done for hdl : 76660
03-02 00:57:32.041  1450  1487 I mtkpower_client: ret_hdl:76664
03-02 00:57:32.042  1450  1487 I HYPER-HAL: [RequestManager.cpp]acquire(): Acquired ID : 11517615  [4784 / 15]    HINT : APP_START    list : [TIMEOUT / 1500]
03-02 00:57:32.042  2013  2253 I SemDvfsHyPerManager: acquire hyper - AMS_APP_LAUNCH/2013@17, type = -999
03-02 00:57:32.042  1450  1487 I HYPER-HAL: [RequestManager.cpp]acquire(): Acquired ID : 2061482  [2013 / 17]    HINT : AMS_APP_LAUNCH    list :
03-02 00:57:32.043  1464  1529 I libPowerHal: [perfLockAcq] idx:3 hdl:76664 hint:-1 pid:1450 tid:1487 duration:0 lock_user:vendor.samsung. => ret_hdl:76664
03-02 00:57:32.043  2746  2798 D ShellDesktopMode: handleRequest: TransitionRequestInfo {type=1, tid=44887, debugId=11285}
03-02 00:57:32.043  1464  1529 I libPowerHal: [PE] vendor.samsung. update cmd:400000 param:2000000 pr:3
03-02 00:57:32.043  1464  1529 I libPowerHal: [recordCPUFreqInfo] set cluster[0] min(vendor.samsung.): 2000000 max(-1): -1 cluster[1] min(-1): -1 max(-1): -1
03-02 00:57:32.043  1464  1529 I libPowerHal: [perfLockAcq] Done for hdl : 76664
03-02 00:57:32.044  1507  2393 I SurfaceFlinger: id=156410 createSurf, flag=24004, Surface(name=2141cda InputMethod)/@0x5ea0b56 - animation-leash of insets_animation#156410
03-02 00:57:32.044  2013  2834 I ImeTracker: system_server:e8cebd6f: onRequestHide at ORIGIN_SERVER reason IME_REQUESTED_CHANGED_LISTENER fromUser false
03-02 00:57:32.044  4784  4784 I SemDvfsHyPerManager: acquire hyper - APP_START/4784@17, type = -999
03-02 00:57:32.044  1450  1487 I HYPER-HAL: [RequestManager.cpp]acquire(): Acquired ID : 11527218  [4784 / 17]    HINT : APP_START    list :
03-02 00:57:32.045 17121 17121 D LifecycleMonitor: Lifecycle status change: androidx.activity.ComponentActivity@ab1475e in: PAUSED
03-02 00:57:32.046 17121 17121 V ActivityScenario: Update currentActivityStage to PAUSED, currentActivity=androidx.activity.ComponentActivity@ab1475e
03-02 00:57:32.046  1507  1507 I SurfaceFlinger: [Task=44887#156408] attach to parent LayerHierarchy{RequestedLayerState{DefaultTaskDisplayArea_d0#10 parentId=9} 46 children}
03-02 00:57:32.046  1507  1507 I SurfaceFlinger: [ActivityRecord{71491055 u0 com.podcast.app.debug.test/androidx.test.core.app.InstrumentationActivityInvoker$EmptyActivity t44887}#156409] attach to parent LayerHierarchy{RequestedLayerState{Task=44887#156408 parentId=10} 1 children}
03-02 00:57:32.046  1507  1507 I SurfaceFlinger: [Surface(name=2141cda InputMethod)/@0x5ea0b56 - animation-leash of insets_animation#156410] attach to parent LayerHierarchy{RequestedLayerState{WindowToken{4048e94 type=2011 android.os.Binder@219c2e7}#143 parentId=15} 2 children}
03-02 00:57:32.047  2746  2808 I ViewRootImpl: dVRR is disabled
03-02 00:57:32.047  1646 17197 I CameraService: onUidStateChanged: uid=10062, procState is changed. (0 -> 1)
03-02 00:57:32.048  2746  2870 D NativeCustomFrequencyManager: [NativeCFMS] BpCustomFrequencyManager::BpCustomFrequencyManager()
03-02 00:57:32.051 14636 14636 D WM-SystemJobService: onStopJob for WorkGenerationalId(workSpecId=f23029b8-b7a3-4a93-aaf6-b7c7a26dfe9e, generation=0)
03-02 00:57:32.051 14636 15264 D WM-Processor: WorkerWrapper interrupted for f23029b8-b7a3-4a93-aaf6-b7c7a26dfe9e
03-02 00:57:32.051 14636 15264 D WM-StopWorkRunnable: StopWorkRunnable for f23029b8-b7a3-4a93-aaf6-b7c7a26dfe9e; Processor.stopWork = true
03-02 00:57:32.052  2013  2067 I ImeTracker: system_server:e8cebd6f: onCancelled at PHASE_SERVER_SHOULD_HIDE
03-02 00:57:32.055  3506  3506 E pageboostd: Received HALT command code 2
03-02 00:57:32.056  3202 10541 I HoneySpace.RecentTasks: onRecentTasksChanged
03-02 00:57:32.056  3202  4701 I HoneySpace.RecentTasks: onRecentTasksChanged
03-02 00:57:32.056  2013  2834 D InputDispatcher: Focused application(0): ActivityRecord{71491055 u0 com.podcast.app.debug.test/androidx.test.core.app.InstrumentationActivityInvoker$EmptyActivity t44887}
03-02 00:57:32.057  2013  2253 D GraphicsStatsService: requestRenderEngineFor(com.podcast.app.debug.test)
03-02 00:57:32.059  3202  3386 I HoneySpace.TopTaskSource: onTaskMovedToFront : taskId = 44887, displayId = 0
03-02 00:57:32.060  3202  3390 I HoneySpace.TopTaskUseCase: topTasks 44887 ComponentInfo{com.podcast.app.debug.test/androidx.test.core.app.InstrumentationActivityInvoker$EmptyActivity}[displayId=0]
03-02 00:57:32.062  1507  1562 I SurfaceFlinger: id=156411 createSurf, flag=24000, Surface(name=c536234 NavigationBar0)/@0xfac847b - animation-leash of insets_animation#156411
03-02 00:57:32.064  1507  1562 I SurfaceFlinger: id=156412 createSurf, flag=24000, Surface(name=a5d3a68 StatusBar)/@0xd5726d6 - animation-leash of insets_animation#156412
03-02 00:57:32.066 14636 15263 I WM-WorkerWrapper: Work [ id=f23029b8-b7a3-4a93-aaf6-b7c7a26dfe9e, tags={ com.urbanairship.job.AirshipWorker,airship } ] was cancelled
03-02 00:57:32.066 14636 15263 I WM-WorkerWrapper: androidx.work.impl.WorkerStoppedException
03-02 00:57:32.066 14636 15263 I WM-WorkerWrapper: 	at o.setEnabledWhenDeviceHasQuirk.AnimatedBarChartKtAnimatedBarChart1112(:348)
03-02 00:57:32.066 14636 15263 I WM-WorkerWrapper: 	at o.MutableConfig.AnimatedBarChartKtAnimatedBarChart1(:439)
03-02 00:57:32.066 14636 15263 I WM-WorkerWrapper: 	at o.MutableConfig.AnimatedBarChartKtAnimatedBarChart1112(:259)
03-02 00:57:32.066 14636 15263 I WM-WorkerWrapper: 	at o.getUseCaseInfo.run(:49)
03-02 00:57:32.066 14636 15263 I WM-WorkerWrapper: 	at o.TagBundle$Architecture.run(:96)
03-02 00:57:32.066 14636 15263 I WM-WorkerWrapper: 	at java.util.concurrent.ThreadPoolExecutor.runWorker(ThreadPoolExecutor.java:1154)
03-02 00:57:32.066 14636 15263 I WM-WorkerWrapper: 	at java.util.concurrent.ThreadPoolExecutor$Worker.run(ThreadPoolExecutor.java:652)
03-02 00:57:32.066 14636 15263 I WM-WorkerWrapper: 	at java.lang.Thread.run(Thread.java:1563)
03-02 00:57:32.067 14636 15263 D WM-WorkerWrapper: Status for f23029b8-b7a3-4a93-aaf6-b7c7a26dfe9e is RUNNING; not doing any work and rescheduling for later execution
03-02 00:57:32.068  1507  1507 I SurfaceFlinger: [Surface(name=c536234 NavigationBar0)/@0xfac847b - animation-leash of insets_animation#156411] attach to parent LayerHierarchy{RequestedLayerState{WindowToken{5cf38d1 type=2019 android.os.BinderProxy@916675b}#101 parentId=34} 2 children}
03-02 00:57:32.068  1507  1507 I SurfaceFlinger: [Surface(name=a5d3a68 StatusBar)/@0xd5726d6 - animation-leash of insets_animation#156412] attach to parent LayerHierarchy{RequestedLayerState{WindowToken{d05298b type=2000 android.os.BinderProxy@163b705}#108 parentId=17} 2 children}
03-02 00:57:32.068  1646 17197 I CameraService: onUidStateChanged: uid=10492, procState is changed. (8 -> 10)
03-02 00:57:32.072 14636 14636 D WM-Processor: MutableConfig f23029b8-b7a3-4a93-aaf6-b7c7a26dfe9e executed; reschedule = true
03-02 00:57:32.075  1507  1565 E SfCpu   :  sched_setaffinity return fail 1461
03-02 00:57:32.075  1507  1565 E SfCpu   :  sched_setaffinity return fail 1444
03-02 00:57:32.079  2013  2600 D AS.MultiSoundManager: mForegroundUid = 10687
03-02 00:57:32.079  1445  2902 W C2MtkBufferManager: [0xB4000070F507E520] fetchNewCcBlock: wait fence 0x0xb4000070f5058270 timed out. ret 110
03-02 00:57:32.079  1507  1507 I SurfaceFlinger: RequestedLayer [Surface(name=2141cda InputMethod)/@0[...]ion-leash of insets_animation#156410] hidden!! flag  from(1) --> to(0)
03-02 00:57:32.079  1507  1507 E SurfaceFlinger: alpha changed 1.000 -> 0.000 - Surface(name=2141cda InputMethod)/@0x5ea0b56 - animation-leash of insets_animation#156410
03-02 00:57:32.079  1507  1507 I SurfaceFlinger: [LayerHierarchy{RequestedLayerState{ImeContainer#15 parentId=156387 relativeParentId=156387 z=1} 1 children}] RelativeParent to null
03-02 00:57:32.079  1507  1507 I SurfaceFlinger: [LayerHierarchy{RequestedLayerState{c536234 NavigationBar0#102 parentId=156411} 1 children}] reparent to LayerHierarchy{RequestedLayerState{Surface(name=c536234 NavigationBar0)/@0xfac847b - animation-leash of insets_animation#156411 parentId=101} 1 children}
03-02 00:57:32.079  1507  1507 I SurfaceFlinger: [LayerHierarchy{RequestedLayerState{a5d3a68 StatusBar#109 parentId=156412} 1 children}] reparent to LayerHierarchy{RequestedLayerState{Surface(name=a5d3a68 StatusBar)/@0xd5726d6 - animation-leash of insets_animation#156412 parentId=108} 1 children}
03-02 00:57:32.079  1507  1507 I SurfaceFlinger: [LayerHierarchy{RequestedLayerState{2141cda InputMethod#159 parentId=156410} no children}] reparent to LayerHierarchy{RequestedLayerState{Surface(name=2141cda InputMethod)/@0x5ea0b56 - animation-leash of insets_animation#156410 parentId=143} 1 children}
03-02 00:57:32.079  1507  1507 I SurfaceFlinger: [LayerHierarchy{RequestedLayerState{Surface(name=2141cda InputMethod)/@0x5ea0b56 - animation-leash of insets_animation#156401} no children}] reparent to OffscreenRoot
03-02 00:57:32.079  1507  1507 I SurfaceFlinger: [LayerHierarchy{RequestedLayerState{Surface(name=2141cda InputMethod)/@0x5ea0b56 - animation-leash of insets_animation#156401} no children}] RelativeParent to null
03-02 00:57:32.079  1507  1507 I SurfaceFlinger: [LayerHierarchy{RequestedLayerState{Surface(name=a5d3a68 StatusBar)/@0xd5726d6 - animation-leash of insets_animation#156404} no children}] reparent to OffscreenRoot
03-02 00:57:32.079  1507  1507 I SurfaceFlinger: [LayerHierarchy{RequestedLayerState{Surface(name=a5d3a68 StatusBar)/@0xd5726d6 - animation-leash of insets_animation#156404} no children}] RelativeParent to null
03-02 00:57:32.079  1507  1507 I SurfaceFlinger: [LayerHierarchy{RequestedLayerState{Surface(name=c536234 NavigationBar0)/@0xfac847b - animation-leash of insets_animation#156403} no children}] reparent to OffscreenRoot
03-02 00:57:32.079  1507  1507 I SurfaceFlinger: [LayerHierarchy{RequestedLayerState{Surface(name=c536234 NavigationBar0)/@0xfac847b - animation-leash of insets_animation#156403} no children}] RelativeParent to null
03-02 00:57:32.080 14636 15266 D WM-GreedyScheduler: Cancelling work ID f23029b8-b7a3-4a93-aaf6-b7c7a26dfe9e
03-02 00:57:32.082  2013  3566 D InputTransport: Input channel constructed: 'b8c19c7', fd=1083
03-02 00:57:32.082  2013  3566 D InputTransport: Input channel constructed: 'b8c19c7', fd=1100
03-02 00:57:32.082  2013  3566 D InputTransport: Input channel constructed: 'b8c19c7', fd=1119
03-02 00:57:32.082  2013  3566 D InputTransport: Input channel destroyed: 'b8c19c7', fd=1100
03-02 00:57:32.082 17532 17532 I DecorView: setWindowBackground: isPopOver=false color=ffffffff d=android.graphics.drawable.ColorDrawable@9b1775a
03-02 00:57:32.082  1507  1562 I SurfaceFlinger: id=156413 createSurf, flag=84004, b8c19c7 Splash Screen com.podcast.app.debug.test#156413
03-02 00:57:32.084 14636 15266 W JobInfo : Requested important-while-foreground flag for job3693 is ignored and takes no effect
03-02 00:57:32.085  1507  1562 I SurfaceFlinger: onHandleDestroyed: layerId=156401, name=Surface(name=2141cda InputMethod)/@0x5ea0b56 - animation-leash of insets_animation#156401
03-02 00:57:32.085  1507  1562 I SurfaceFlinger: id=156401 Removed Surface(name=2141cda InputMethod)/@0x5ea0b56 - animation-leash of insets_animation#156401 (328)
03-02 00:57:32.086  2013  3566 D InputTransport: Input channel destroyed: 'b8c19c7', fd=1119
03-02 00:57:32.087 14636 15266 D WM-SystemJobScheduler: Scheduling work ID f23029b8-b7a3-4a93-aaf6-b7c7a26dfe9eJob ID 3693
03-02 00:57:32.087  2746  2808 D InputTransport: Input channel constructed: 'b8c19c7', fd=635
03-02 00:57:32.087 17532 17532 I ViewRootImpl: dVRR is disabled
03-02 00:57:32.088 17532 17563 D NativeCustomFrequencyManager: [NativeCFMS] BpCustomFrequencyManager::BpCustomFrequencyManager()
03-02 00:57:32.088  2746  2808 I InsetsController: onStateChanged: host=Splash Screen com.podcast.app.debug.test, from=android.view.ViewRootImpl.onInsetsStateChanged:3026, state=InsetsState: {mDisplayFrame=Rect(0, 0 - 1080, 2340), mDisplayCutout=DisplayCutout{insets=Rect(0, 80 - 0, 0) waterfall=Insets{left=0, top=0, right=0, bottom=0} boundingRect={Bounds=[Rect(0, 0 - 0, 0), Rect(472, 0 - 608, 80), Rect(0, 0 - 0, 0), Rect(0, 0 - 0, 0)]} cutoutPathParserInfo={CutoutPathParserInfo{displayWidth=1080 displayHeight=2340 physicalDisplayWidth=1080 physicalDisplayHeight=2340 density={2.8125} cutoutSpec={M 0,0 H -24.177777778 V 28.4444444444 H 24.177777778 V 0 H 0 Z @dp} rotation={0} scale={1.0} physicalPixelDisplaySizeRatio={1.0}}} sideOverrides={}}, mRoundedCorners=RoundedCorners{[RoundedCorner{position=TopLeft, radius=113, center=Point(113, 113)}, RoundedCorner{position=TopRight, radius=113, center=Point(967, 113)}, RoundedCorner{position=BottomRight, radius=113, center=Point(967, 2227)}, RoundedCorner{position=BottomLeft, radius=113, center=Point(113, 2227)}]}  mRoundedCornerFrame=Rect(0, 0 - 1080, 2340), mPrivacyIndicatorBounds=PrivacyIndicatorBounds {static bounds=Rect(956, 0 - 1080, 80) rotation=0}, mDisplayShape=DisplayShape{ spec=-311912193 displayWidth=1080 displayHeight=2340 physicalPixelDisplaySizeRatio=1.0 rotation=0 offsetX=0 offsetY=0 scale=1.0}, mSources= { InsetsSource: {e9af0000 mType=statusBars mFrame=[0,0][1080,80] mVisible=true mFlags= mSideHint=TOP mBoundingRects=null}, InsetsSource: {e9af0005 mType=mandatorySystemGestures mFrame=[0,0][1080,114] mVisible=true mFlags= mSideHint=TOP mBoundingRects=null}, InsetsSource: {e9af0006 mType=tappableElement mFrame=[0,0][1080,80] mVisible=true mFlags= mSideHint=TOP mBoundingRects=null}, InsetsSource: {3 mType=ime mFrame=[0,0][0,0] mVisible=false mFlags= mSideHint=NONE mBoundingRects=null}, InsetsSource: {27 mType=displayCutout mFrame=[0,0][1080,80] mVisible=true mFlags= mSideHint=TOP mBoundingRects=null}, InsetsSource: {26ed0001 mType=navigationBars mFrame=[0,2298][1080,2340] mVisible=true mFlags=SUPPRESS_SCRIM mSideHint=BOTTOM mBoundingRects=null}, InsetsSource: {26ed0004 mType=systemGestures mFrame=[0,0][84,2340] mVisible=true mFlags= mSideHint=LEFT mBoundingRects=null}, InsetsSource: {26ed0005 mType=mandatorySystemGestures mFrame=[0,2250][1080,2340] mVisible=true mFlags= mSideHint=BOTTOM mBoundingRects=null}, InsetsSource: {26ed0006 mType=tappableElement mFrame=[0,0][0,0] mVisible=true mFlags= mSideHint=NONE mBoundingRects=null}, InsetsSource: {26ed0024 mType=systemGestures mFrame=[996,0][1080,2340] mVisible=true mFlags= mSideHint=RIGHT mBoundingRects=null} }
03-02 00:57:32.088  2746  2808 I VRI[test]@69e5b2f: onActiveControlsChanged, removed=false, mAdded=true, caller=android.view.ViewRootImpl.handleInsetsControlChanged:3002 android.view.ViewRootImpl.setView:2014 android.view.WindowManagerGlobal.addView:604 com.android.wm.shell.startingsurface.SplashscreenWindowCreator.addWindow:38 com.android.wm.shell.startingsurface.StartingWindowController$$ExternalSyntheticLambda4.run:1365
03-02 00:57:32.089  2746  2808 I VRI[test]@69e5b2f: synced displayState. AttachInfo displayState=2
03-02 00:57:32.089  2746  2808 I VRI[test]@69e5b2f: setView = android.widget.FrameLayout@5e4241a IsHRR=false mFlingFrameRateChange=0 TM=true
03-02 00:57:32.090  1507  1507 I SurfaceFlinger: destroyed Surface(name=2141cda InputMethod)/@0x5ea0b56 - animation-leash of insets_animation#156401
03-02 00:57:32.090  1507  1507 I SurfaceFlinger: [b8c19c7 Splash Screen com.podcast.app.debug.test#156413] attach to parent LayerHierarchy{RequestedLayerState{ActivityRecord{71491055 u0 com.podcast.app.debug.test/androidx.test.core.app.InstrumentationActivityInvoker$EmptyActivity t44887}#156409 parentId=156408} 1 children}
03-02 00:57:32.090  2013  3566 D InputTransport: Input channel constructed: 'b0f54d5', fd=1100
03-02 00:57:32.090  2013  3566 D InputTransport: Input channel constructed: 'b0f54d5', fd=1116
03-02 00:57:32.090  2013  3566 D InputTransport: Input channel constructed: 'b0f54d5', fd=1119
03-02 00:57:32.090  2013  3566 D InputTransport: Input channel destroyed: 'b0f54d5', fd=1116
03-02 00:57:32.091  2746  2870 D HWUI    : HWUI - treat SMPTE_170M as sRGB
03-02 00:57:32.091  1507  1562 I SurfaceFlinger: onHandleDestroyed: layerId=156403, name=Surface(name=c536234 NavigationBar0)/@0xfac847b - animation-leash of insets_animation#156403
03-02 00:57:32.091  1507  1562 I SurfaceFlinger: id=156403 Removed Surface(name=c536234 NavigationBar0)/@0xfac847b - animation-leash of insets_animation#156403 (328)
03-02 00:57:32.091  1507  1907 I SurfaceFlinger: onHandleDestroyed: layerId=156404, name=Surface(name=a5d3a68 StatusBar)/@0xd5726d6 - animation-leash of insets_animation#156404
03-02 00:57:32.092  1507  1907 I SurfaceFlinger: id=156404 Removed Surface(name=a5d3a68 StatusBar)/@0xd5726d6 - animation-leash of insets_animation#156404 (328)
03-02 00:57:32.092  1507  2128 I SurfaceFlinger: id=156414 createSurf, flag=84004, b0f54d5 com.podcast.app.debug.test/androidx.test.core.app.InstrumentationActivityInvoker$EmptyActivity#156414
03-02 00:57:32.092 17121 17121 I InsetsSourceConsumer: applyRequestedVisibilityToControl: visible=true, type=navigationBars, host=com.podcast.app.debug/androidx.activity.ComponentActivity
03-02 00:57:32.092 17121 17121 I InsetsSourceConsumer: applyRequestedVisibilityToControl: visible=true, type=statusBars, host=com.podcast.app.debug/androidx.activity.ComponentActivity
03-02 00:57:32.093  5235  5235 I InputMethodService: scheduleImeSurfaceRemoval: removeImeSurface is posted.
03-02 00:57:32.093  2013  3566 D InputTransport: Input channel destroyed: 'b0f54d5', fd=1119
03-02 00:57:32.094 17532 17532 D InputTransport: Input channel constructed: 'b0f54d5', fd=119
03-02 00:57:32.094  1507  1507 I Layer   : id=156401 Destroyed Surface(name=2141cda InputMethod)/@0x5ea0b56 - animation-leash of insets_animation#156401
03-02 00:57:32.094 17532 17532 I InsetsController: onStateChanged: host=com.podcast.app.debug.test/androidx.test.core.app.InstrumentationActivityInvoker$EmptyActivity, from=android.view.ViewRootImpl.onInsetsStateChanged:3026, state=InsetsState: {mDisplayFrame=Rect(0, 0 - 1080, 2340), mDisplayCutout=DisplayCutout{insets=Rect(0, 80 - 0, 0) waterfall=Insets{left=0, top=0, right=0, bottom=0} boundingRect={Bounds=[Rect(0, 0 - 0, 0), Rect(472, 0 - 608, 80), Rect(0, 0 - 0, 0), Rect(0, 0 - 0, 0)]} cutoutPathParserInfo={CutoutPathParserInfo{displayWidth=1080 displayHeight=2340 physicalDisplayWidth=1080 physicalDisplayHeight=2340 density={2.8125} cutoutSpec={M 0,0 H -24.177777778 V 28.4444444444 H 24.177777778 V 0 H 0 Z @dp} rotation={0} scale={1.0} physicalPixelDisplaySizeRatio={1.0}}} sideOverrides={}}, mRoundedCorners=RoundedCorners{[RoundedCorner{position=TopLeft, radius=113, center=Point(113, 113)}, RoundedCorner{position=TopRight, radius=113, center=Point(967, 113)}, RoundedCorner{position=BottomRight, radius=113, center=Point(967, 2227)}, RoundedCorner{position=BottomLeft, radius=113, center=Point(113, 2227)}]}  mRoundedCornerFrame=Rect(0, 0 - 1080, 2340), mPrivacyIndicatorBounds=PrivacyIndicatorBounds {static bounds=Rect(956, 0 - 1080, 80) rotation=0}, mDisplayShape=DisplayShape{ spec=-311912193 displayWidth=1080 displayHeight=2340 physicalPixelDisplaySizeRatio=1.0 rotation=0 offsetX=0 offsetY=0 scale=1.0}, mSources= { InsetsSource: {e9af0000 mType=statusBars mFrame=[0,0][1080,80] mVisible=true mFlags= mSideHint=TOP mBoundingRects=null}, InsetsSource: {e9af0005 mType=mandatorySystemGestures mFrame=[0,0][1080,114] mVisible=true mFlags= mSideHint=TOP mBoundingRects=null}, InsetsSource: {e9af0006 mType=tappableElement mFrame=[0,0][1080,80] mVisible=true mFlags= mSideHint=TOP mBoundingRects=null}, InsetsSource: {3 mType=ime mFrame=[0,0][0,0] mVisible=false mFlags= mSideHint=NONE mBoundingRects=null}, InsetsSource: {27 mType=displayCutout mFrame=[0,0][1080,80] mVisible=true mFlags= mSideHint=TOP mBoundingRects=null}, InsetsSource: {26ed0001 mType=navigationBars mFrame=[0,2298][1080,2340] mVisible=true mFlags=SUPPRESS_SCRIM mSideHint=BOTTOM mBoundingRects=null}, InsetsSource: {26ed0004 mType=systemGestures mFrame=[0,0][84,2340] mVisible=true mFlags= mSideHint=LEFT mBoundingRects=null}, InsetsSource: {26ed0005 mType=mandatorySystemGestures mFrame=[0,2250][1080,2340] mVisible=true mFlags= mSideHint=BOTTOM mBoundingRects=null}, InsetsSource: {26ed0006 mType=tappableElement mFrame=[0,0][0,0] mVisible=true mFlags= mSideHint=NONE mBoundingRects=null}, InsetsSource: {26ed0024 mType=systemGestures mFrame=[996,0][1080,2340] mVisible=true mFlags= mSideHint=RIGHT mBoundingRects=null} }
03-02 00:57:32.097 17532 17532 I VRI[InstrumentationActivityInvoker$EmptyActivity]@c15a281: synced displayState. AttachInfo displayState=2
03-02 00:57:32.097 17532 17532 I VRI[InstrumentationActivityInvoker$EmptyActivity]@c15a281: setView = com.android.internal.policy.DecorView@ea3c914 IsHRR=false mFlingFrameRateChange=0 TM=true
03-02 00:57:32.097  2013  4834 I WindowManager: Relayout Window{b8c19c7 u0 Splash Screen com.podcast.app.debug.test}: viewVisibility=0 req=1080x2340 ty=3 d0
03-02 00:57:32.098 17532 17563 D HWUI    : HWUI - treat SMPTE_170M as sRGB
03-02 00:57:32.098  1507  1907 I SurfaceFlinger: id=156415 createSurf, flag=44004, Splash Screen com.podcast.app.debug.test$_2746#156415
03-02 00:57:32.099  1507  1845 D SurfaceFlinger: [input] setFocusedWindow: <null>
03-02 00:57:32.099  1507  1845 D SurfaceFlinger: updateWinowInfo=1, setFocusedWindow timestamp=491131088133888, windowName=<null>
03-02 00:57:32.099  2013  4835 D InputDispatcher: Focus left window (0): 1158e07 com.podcast.app.debug/androidx.activity.ComponentActivity
03-02 00:57:32.100  2013  2731 D InputDispatcher: Once focus requested (0): <null>
03-02 00:57:32.101 17121 17121 I ImeFocusController: onPreWindowFocus: skipped hasWindowFocus=false mHasImeFocus=true
03-02 00:57:32.101  2013  3345 I WindowManager: Relayout Window{b0f54d5 u0 com.podcast.app.debug.test/androidx.test.core.app.InstrumentationActivityInvoker$EmptyActivity}: viewVisibility=0 req=1080x2340 ty=1 d0
03-02 00:57:32.101  2013  4834 I WindowManager: Relayout hash=b8c19c7, pid=2746, syncId=-1: mAttrs={(0,0)(fillxfill) sim={adjust=pan} layoutInDisplayCutoutMode=always ty=APPLICATION_STARTING fmt=TRANSLUCENT
03-02 00:57:32.101  2013  4834 I WindowManager:   fl=81030118
03-02 00:57:32.101  2013  4834 I WindowManager:   pfl=10000810
03-02 00:57:32.101  2013  4834 I WindowManager:   apr=18
03-02 00:57:32.101  2013  4834 I WindowManager:   bhv=1
03-02 00:57:32.101  2013  4834 I WindowManager:   fitSides=0
03-02 00:57:32.101  2013  4834 I WindowManager:   frameRateBoostOnTouch=true
03-02 00:57:32.101  2013  4834 I WindowManager:   dvrrWindowFrameRateHint=true naviIconColor=0}
03-02 00:57:32.101  1507  1507 I SurfaceFlinger: destroyed Surface(name=a5d3a68 StatusBar)/@0xd5726d6 - animation-leash of insets_animation#156404
03-02 00:57:32.101 17121 17121 I ImeFocusController: onPostWindowFocus: skipped hasWindowFocus=false mHasImeFocus=true
03-02 00:57:32.101  1507  1507 I SurfaceFlinger: destroyed Surface(name=c536234 NavigationBar0)/@0xfac847b - animation-leash of insets_animation#156403
03-02 00:57:32.101  1507  1507 I SurfaceFlinger: [Splash Screen com.podcast.app.debug.test$_2746#156415] attach to parent LayerHierarchy{RequestedLayerState{b8c19c7 Splash Screen com.podcast.app.debug.test#156413 parentId=156409} 1 children}
03-02 00:57:32.101  1507  1507 I SurfaceFlinger: [b0f54d5 com.podcast.app.debug.test/androidx.test.core.app.InstrumentationActivityInvoker$EmptyActivity#156414] attach to parent LayerHierarchy{RequestedLayerState{ActivityRecord{71491055 u0 com.podcast.app.debug.test/androidx.test.core.app.InstrumentationActivityInvoker$EmptyActivity t44887}#156409 parentId=156408} 2 children}
03-02 00:57:32.101  1507  1562 I SurfaceFlinger: id=156416 createSurf, flag=44004, com.podcast.app.debug.test/androidx.test.core.app.InstrumentationActivityInvoker$EmptyActivity$_17532#156416
03-02 00:57:32.102  2746  2808 I VRI[test]@69e5b2f: onActiveControlsChanged, removed=false, mAdded=true, caller=android.view.ViewRootImpl.handleInsetsControlChanged:3002 android.view.ViewRootImpl.relayoutWindow:11629 android.view.ViewRootImpl.performTraversals:4804 android.view.ViewRootImpl.doTraversal:3924 android.view.ViewRootImpl$TraversalRunnable.run:12903
03-02 00:57:32.102  2746  2808 D BufferQueueConsumer: [](id:aba00001e2a,api:0,p:-1,c:2746) connect: controlledByApp=false
03-02 00:57:32.104  2013  3566 W ParceledListSlice: Element #30 is 21544 bytes.
03-02 00:57:32.105  1507  1507 I Layer   : id=156404 Destroyed Surface(name=a5d3a68 StatusBar)/@0xd5726d6 - animation-leash of insets_animation#156404
03-02 00:57:32.105  1507  1507 I Layer   : id=156403 Destroyed Surface(name=c536234 NavigationBar0)/@0xfac847b - animation-leash of insets_animation#156403
03-02 00:57:32.105  2746  2808 I BLASTBufferQueue: [VRI[test]@69e5b2f#7722](f:0,a:0,s:0) constructor()
03-02 00:57:32.106  2746  2808 I BLASTBufferQueue_Java: new BLASTBufferQueue, mName= VRI[test]@69e5b2f mNativeObject= 0xb400007672274400 caller= android.view.ViewRootImpl.updateBlastSurfaceIfNeeded:3585 android.view.ViewRootImpl.relayoutWindow:11685 android.view.ViewRootImpl.performTraversals:4804 android.view.ViewRootImpl.doTraversal:3924 android.view.ViewRootImpl$TraversalRunnable.run:12903 android.view.Choreographer$CallbackRecord.run:1901 android.view.Choreographer$CallbackRecord.run:1910 android.view.Choreographer.doCallbacks:1367 android.view.Choreographer.doFrame:1292 android.view.Choreographer$FrameDisplayEventReceiver.run:1870
03-02 00:57:32.106  2746  2808 I BLASTBufferQueue_Java: update, w= 1080 h= 2340 mName = VRI[test]@69e5b2f mNativeObject= 0xb400007672274400 sc.mNativeObject= 0xb40000783d284e40 format= -3 caller= android.view.ViewRootImpl.updateBlastSurfaceIfNeeded:3590 android.view.ViewRootImpl.relayoutWindow:11685 android.view.ViewRootImpl.performTraversals:4804 android.view.ViewRootImpl.doTraversal:3924 android.view.ViewRootImpl$TraversalRunnable.run:12903 android.view.Choreographer$CallbackRecord.run:1901
03-02 00:57:32.106  2746  2808 I BLASTBufferQueue: [VRI[test]@69e5b2f#7722](f:0,a:0,s:0) update width=1080 height=2340 format=-3 mTransformHint=0
03-02 00:57:32.106  1507  2128 I SurfaceFlinger: id=156417 createSurf, flag=24000, Surface(name=c536234 NavigationBar0)/@0xfac847b - animation-leash of insets_animation#156417
03-02 00:57:32.107  2746  2808 I VRI[test]@69e5b2f: Relayout returned: old=(0,0,1080,2340) new=(0,0,1080,2340) relayoutAsync=false req=(1080,2340)0 dur=9 res=0x3 s={true 0xb40000772ad68300} ch=true seqId=0
03-02 00:57:32.107  2746  2808 I VRI[test]@69e5b2f: performConfigurationChange setNightDimText nightDimLevel=0
03-02 00:57:32.108  1507  1562 I SurfaceFlinger: id=156418 createSurf, flag=24000, Surface(name=a5d3a68 StatusBar)/@0xd5726d6 - animation-leash of insets_animation#156418
03-02 00:57:32.108  2746  2808 D VRI[test]@69e5b2f: mThreadedRenderer.initialize() mSurface={isValid=true 0xb40000772ad68300} hwInitialized=true
03-02 00:57:32.109  2013  3345 I SystemKeyManager: requested systemKeyInfo size=1 focusedWindow=com.podcast.app.debug.test/androidx.test.core.app.InstrumentationActivityInvoker$EmptyActivity
03-02 00:57:32.109  2013  3345 I SystemKeyManager: requested systemKeyInfo size=2 focusedWindow=com.podcast.app.debug.test/androidx.test.core.app.InstrumentationActivityInvoker$EmptyActivity
03-02 00:57:32.109  2013  3345 I WindowManager: Relayout hash=b0f54d5, pid=17532, syncId=-1: mAttrs={(0,0)(fillxfill) sim={adjust=pan forwardNavigation} layoutInDisplayCutoutMode=always ty=BASE_APPLICATION
03-02 00:57:32.109  2013  3345 I WindowManager:   fl=81810100
03-02 00:57:32.109  2013  3345 I WindowManager:   pfl=100088c0
03-02 00:57:32.109  2013  3345 I WindowManager:   bhv=1
03-02 00:57:32.109  2013  3345 I WindowManager:   fitSides=0
03-02 00:57:32.109  2013  3345 I WindowManager:   frameRateBoostOnTouch=true
03-02 00:57:32.109  2013  3345 I WindowManager:   dvrrWindowFrameRateHint=true naviIconColor=0}
03-02 00:57:32.109  2746  2808 D VRI[test]@69e5b2f: reportNextDraw android.view.ViewRootImpl.performTraversals:5443 android.view.ViewRootImpl.doTraversal:3924 android.view.ViewRootImpl$TraversalRunnable.run:12903 android.view.Choreographer$CallbackRecord.run:1901 android.view.Choreographer$CallbackRecord.run:1910
03-02 00:57:32.109  2746  2808 D VRI[test]@69e5b2f: Setup new sync=wmsSync-VRI[test]@69e5b2f#61
03-02 00:57:32.109  2746  2808 I VRI[test]@69e5b2f: Creating new active sync group VRI[test]@69e5b2f#62
03-02 00:57:32.110  2746  2808 D VRI[test]@69e5b2f: registerCallbacksForSync syncBuffer=false
03-02 00:57:32.111  2746  2865 D VRI[test]@69e5b2f: Received frameDrawingCallback syncResult=0 frameNum=1.
03-02 00:57:32.111 17532 17532 D BufferQueueConsumer: [](id:447c00000018,api:0,p:-1,c:17532) connect: controlledByApp=false
03-02 00:57:32.111  2746  2865 I VRI[test]@69e5b2f: mWNT: t=0xb40000772af33d80 mBlastBufferQueue=0xb400007672274400 fn= 1 HdrRenderState mRenderHdrSdrRatio=1.0 caller= android.view.ViewRootImpl$12.onFrameDraw:15441 android.view.ThreadedRenderer$1.onFrameDraw:718 <bottom of call stack>
03-02 00:57:32.111  2746  2865 I VRI[test]@69e5b2f: Setting up sync and frameCommitCallback
03-02 00:57:32.112 17532 17532 I BLASTBufferQueue: [VRI[InstrumentationActivityInvoker$EmptyActivity]@c15a281#24](f:0,a:0,s:0) constructor()
03-02 00:57:32.112 17532 17532 I BLASTBufferQueue_Java: new BLASTBufferQueue, mName= VRI[InstrumentationActivityInvoker$EmptyActivity]@c15a281 mNativeObject= 0xb40000783ab6cc00 caller= android.view.ViewRootImpl.updateBlastSurfaceIfNeeded:3585 android.view.ViewRootImpl.relayoutWindow:11685 android.view.ViewRootImpl.performTraversals:4804 android.view.ViewRootImpl.doTraversal:3924 android.view.ViewRootImpl$TraversalRunnable.run:12903 android.view.Choreographer$CallbackRecord.run:1901 android.view.Choreographer$CallbackRecord.run:1910 android.view.Choreographer.doCallbacks:1367 android.view.Choreographer.doFrame:1292 android.view.Choreographer$FrameDisplayEventReceiver.run:1870
03-02 00:57:32.112 17532 17532 I BLASTBufferQueue_Java: update, w= 1080 h= 2340 mName = VRI[InstrumentationActivityInvoker$EmptyActivity]@c15a281 mNativeObject= 0xb40000783ab6cc00 sc.mNativeObject= 0xb400007876b2e340 format= -1 caller= android.view.ViewRootImpl.updateBlastSurfaceIfNeeded:3590 android.view.ViewRootImpl.relayoutWindow:11685 android.view.ViewRootImpl.performTraversals:4804 android.view.ViewRootImpl.doTraversal:3924 android.view.ViewRootImpl$TraversalRunnable.run:12903 android.view.Choreographer$CallbackRecord.run:1901
03-02 00:57:32.112 17532 17532 I BLASTBufferQueue: [VRI[InstrumentationActivityInvoker$EmptyActivity]@c15a281#24](f:0,a:0,s:0) update width=1080 height=2340 format=-1 mTransformHint=0
03-02 00:57:32.112  1507  1507 I SurfaceFlinger: [com.podcast.app.debug.test/androidx.test.core.app.InstrumentationActivityInvoker$EmptyActivity$_17532#156416] attach to parent LayerHierarchy{RequestedLayerState{b0f54d5 com.podcast.app.debug.test/androidx.test.core.app.InstrumentationActivityInvoker$EmptyActivity#156414 parentId=156409} 1 children}
03-02 00:57:32.113  1507  1507 I SurfaceFlinger: [Surface(name=c536234 NavigationBar0)/@0xfac847b - animation-leash of insets_animation#156417] attach to parent LayerHierarchy{RequestedLayerState{WindowToken{5cf38d1 type=2019 android.os.BinderProxy@916675b}#101 parentId=34} 2 children}
03-02 00:57:32.113  1507  1507 I SurfaceFlinger: [Surface(name=a5d3a68 StatusBar)/@0xd5726d6 - animation-leash of insets_animation#156418] attach to parent LayerHierarchy{RequestedLayerState{WindowToken{d05298b type=2000 android.os.BinderProxy@163b705}#108 parentId=17} 2 children}
03-02 00:57:32.113 17532 17532 I VRI[InstrumentationActivityInvoker$EmptyActivity]@c15a281: Relayout returned: old=(0,0,1080,2340) new=(0,0,1080,2340) relayoutAsync=false req=(1080,2340)0 dur=13 res=0x3 s={true 0xb40000783ab88a00} ch=true seqId=0
03-02 00:57:32.113  2013  2065 D PkgPredictorService-SecIpmManagerServiceImpl: onForegroundActivitiesChanged pid:17532 uid:10687
03-02 00:57:32.113 17532 17532 I VRI[InstrumentationActivityInvoker$EmptyActivity]@c15a281: performConfigurationChange setNightDimText nightDimLevel=0
03-02 00:57:32.114 17532 17532 D VRI[InstrumentationActivityInvoker$EmptyActivity]@c15a281: mThreadedRenderer.initialize() mSurface={isValid=true 0xb40000783ab88a00} hwInitialized=true
03-02 00:57:32.114 17532 17532 D VRI[InstrumentationActivityInvoker$EmptyActivity]@c15a281: reportNextDraw android.view.ViewRootImpl.performTraversals:5443 android.view.ViewRootImpl.doTraversal:3924 android.view.ViewRootImpl$TraversalRunnable.run:12903 android.view.Choreographer$CallbackRecord.run:1901 android.view.Choreographer$CallbackRecord.run:1910
03-02 00:57:32.114 17532 17532 D VRI[InstrumentationActivityInvoker$EmptyActivity]@c15a281: Setup new sync=wmsSync-VRI[InstrumentationActivityInvoker$EmptyActivity]@c15a281#48
03-02 00:57:32.114 17532 17532 I VRI[InstrumentationActivityInvoker$EmptyActivity]@c15a281: Creating new active sync group VRI[InstrumentationActivityInvoker$EmptyActivity]@c15a281#49
03-02 00:57:32.116 17532 17532 D VRI[InstrumentationActivityInvoker$EmptyActivity]@c15a281: registerCallbacksForSync syncBuffer=false
03-02 00:57:32.117 17532 17581 D VRI[InstrumentationActivityInvoker$EmptyActivity]@c15a281: Received frameDrawingCallback syncResult=0 frameNum=1.
03-02 00:57:32.117  2746  2746 I {OngoingActivityController}: onTaskFocusChanged but OA data is empty
03-02 00:57:32.117 17532 17581 I VRI[InstrumentationActivityInvoker$EmptyActivity]@c15a281: mWNT: t=0xb40000786981a600 mBlastBufferQueue=0xb40000783ab6cc00 fn= 1 HdrRenderState mRenderHdrSdrRatio=1.0 caller= android.view.ViewRootImpl$12.onFrameDraw:15441 android.view.ThreadedRenderer$1.onFrameDraw:718 <bottom of call stack>
03-02 00:57:32.117 17532 17581 I VRI[InstrumentationActivityInvoker$EmptyActivity]@c15a281: Setting up sync and frameCommitCallback
03-02 00:57:32.117 25915 26075 I Rubin   : [4019] M.c0.k(Unknown Source) : Notify com.samsung.android.rubin.inferenceengine.contextanalytics.engine.loggers.AppUsageLogger's database is updated.
03-02 00:57:32.120  2013  3282 V PkgPredictorService-SecIpmManagerServiceImpl: discard foreground app:com.podcast.app.debug.test 1|true
03-02 00:57:32.121  1646  3125 I CameraService: onUidStateChanged: uid=10492, procState is changed. (10 -> 19)
03-02 00:57:32.122 17532 17563 I BLASTBufferQueue: [VRI[InstrumentationActivityInvoker$EmptyActivity]@c15a281#24](f:0,a:0,s:0) onFrameAvailable the first frame is available
03-02 00:57:32.122 17532 17563 I BLASTBufferQueue: [VRI[InstrumentationActivityInvoker$EmptyActivity]@c15a281#24](f:0,a:1,s:0) acquireNextBufferLocked size=1080x2340 mFrameNumber=1 applyTransaction=true mTimestamp=491131122789195(auto) mPendingTransactions.size=0 graphicBufferId=75299366633568 transform=0
03-02 00:57:32.122 17532 17563 I VRI[InstrumentationActivityInvoker$EmptyActivity]@c15a281: Received frameCommittedCallback lastAttemptedDrawFrameNum=1 didProduceBuffer=true
03-02 00:57:32.123  1507  1507 I SurfaceFlinger: [LayerHierarchy{RequestedLayerState{c536234 NavigationBar0#102 parentId=156417} 1 children}] reparent to LayerHierarchy{RequestedLayerState{Surface(name=c536234 NavigationBar0)/@0xfac847b - animation-leash of insets_animation#156417 parentId=101} 1 children}
03-02 00:57:32.123  1507  1507 I SurfaceFlinger: [LayerHierarchy{RequestedLayerState{a5d3a68 StatusBar#109 parentId=156418} 1 children}] reparent to LayerHierarchy{RequestedLayerState{Surface(name=a5d3a68 StatusBar)/@0xd5726d6 - animation-leash of insets_animation#156418 parentId=108} 1 children}
03-02 00:57:32.123  1507  1507 I SurfaceFlinger: [LayerHierarchy{RequestedLayerState{Surface(name=c536234 NavigationBar0)/@0xfac847b - animation-leash of insets_animation#156411} no children}] reparent to OffscreenRoot
03-02 00:57:32.123  1507  1507 I SurfaceFlinger: [LayerHierarchy{RequestedLayerState{Surface(name=c536234 NavigationBar0)/@0xfac847b - animation-leash of insets_animation#156411} no children}] RelativeParent to null
03-02 00:57:32.123  1507  1507 I SurfaceFlinger: [LayerHierarchy{RequestedLayerState{Surface(name=a5d3a68 StatusBar)/@0xd5726d6 - animation-leash of insets_animation#156412} no children}] reparent to OffscreenRoot
03-02 00:57:32.123  1507  1507 I SurfaceFlinger: [LayerHierarchy{RequestedLayerState{Surface(name=a5d3a68 StatusBar)/@0xd5726d6 - animation-leash of insets_animation#156412} no children}] RelativeParent to null
03-02 00:57:32.124 25915 26075 I Rubin   : [4019] com.samsung.android.rubin.inferenceengine.contextanalytics.engine.monitors.moment.exercise.ExercisingWithCalendarMonitor.isSatisfiedByCalendarEvent(Unknown Source) : isSatisfiedByCalendarEvent is false
03-02 00:57:32.125 25915 26075 I Rubin   : [4019] com.samsung.android.rubin.inferenceengine.contextanalytics.engine.monitors.moment.exercise.ExercisingWithCmhMonitor.isSatisfiedByCmh(Unknown Source) : isSatisfiedByCmh is false
03-02 00:57:32.125  3202  3202 I HoneySpace.EdgePanel.CocktailHostRepositoryImpl: onNoteResume
03-02 00:57:32.125  3202  3202 I HoneySpace.EdgePanel.EdgePanelContainerViewModel: cocktailHostRepository.edgePanelOperation NoteResumeComponent(componentName=ComponentInfo{com.podcast.app.debug.test/androidx.test.core.app.InstrumentationActivityInvoker$EmptyActivity})
03-02 00:57:32.126  3202  3202 I HoneySpace.EdgePanel.ActivityUtils: HomePackage : com.sec.android.app.launcher, resumePackageName : com.podcast.app.debug.test, className : androidx.test.core.app.InstrumentationActivityInvoker$EmptyActivity
03-02 00:57:32.126 17532 17563 D HWUI    : CFMS:: SetUp Pid : 17532    Tid : 17563
03-02 00:57:32.126 17532 17532 D VRI[InstrumentationActivityInvoker$EmptyActivity]@c15a281: reportDrawFinished seqId=0
03-02 00:57:32.127  3202  3386 I HoneySpace.TopTaskSource: onTaskFocusChanged(): taskId = 44887
03-02 00:57:32.128  2746  2870 I BLASTBufferQueue: [VRI[test]@69e5b2f#7722](f:0,a:0,s:0) onFrameAvailable the first frame is available
03-02 00:57:32.130  2746  2870 I BLASTBufferQueue: [VRI[test]@69e5b2f#7722](f:0,a:1,s:0) acquireNextBufferLocked size=1080x2340 mFrameNumber=1 applyTransaction=true mTimestamp=491131129658503(auto) mPendingTransactions.size=0 graphicBufferId=11793980283658 transform=0
03-02 00:57:32.130  1507  1825 I SurfaceFlinger: Capture layer list: 	 com.podcast.app.debug/androidx.activity.ComponentActivity$_17121#156393(seamlessTransition:0)
03-02 00:57:32.130  1507  1825 I SurfaceFlinger: Capture layer list: 	 Dim Layer for - Task=44886#156407(seamlessTransition:0)
03-02 00:57:32.130  1507  1845 D SurfaceFlinger: [input] setFocusedWindow: b0f54d5 com.podcast.app.debug.test/androidx.test.core.app.InstrumentationActivityInvoker$EmptyActivity
03-02 00:57:32.130  1507  1845 D SurfaceFlinger: updateWinowInfo=1, setFocusedWindow timestamp=491131117459965, windowName=b0f54d5 com.podcast.app.debug.test/androidx.test.core.app.InstrumentationActivityInvoker$EmptyActivity
03-02 00:57:32.130  2013  3645 D InputDispatcher: Once focus requested (0): b0f54d5 com.podcast.app.debug.test/androidx.test.core.app.InstrumentationActivityInvoker$EmptyActivity
03-02 00:57:32.130  2013  3645 D InputDispatcher: Focus request (0): b0f54d5 com.podcast.app.debug.test/androidx.test.core.app.InstrumentationActivityInvoker$EmptyActivity but waiting because NO_WINDOW
03-02 00:57:32.132  2746  2870 I VRI[test]@69e5b2f: Received frameCommittedCallback lastAttemptedDrawFrameNum=1 didProduceBuffer=true
03-02 00:57:32.134  1507  2393 I SurfaceFlinger: onHandleDestroyed: layerId=156411, name=Surface(name=c536234 NavigationBar0)/@0xfac847b - animation-leash of insets_animation#156411
03-02 00:57:32.134  1507  2393 I SurfaceFlinger: id=156411 Removed Surface(name=c536234 NavigationBar0)/@0xfac847b - animation-leash of insets_animation#156411 (330)
03-02 00:57:32.134  1507  1507 I SurfaceFlinger: destroyed Surface(name=c536234 NavigationBar0)/@0xfac847b - animation-leash of insets_animation#156411
03-02 00:57:32.135  1507  1562 I SurfaceFlinger: onHandleDestroyed: layerId=156412, name=Surface(name=a5d3a68 StatusBar)/@0xd5726d6 - animation-leash of insets_animation#156412
03-02 00:57:32.135  1507  1562 I SurfaceFlinger: id=156412 Removed Surface(name=a5d3a68 StatusBar)/@0xd5726d6 - animation-leash of insets_animation#156412 (330)
03-02 00:57:32.135  2746  2870 D HWUI    : CFMS:: SetUp Pid : 2746    Tid : 2870
03-02 00:57:32.135  2746  2808 D VRI[test]@69e5b2f: reportDrawFinished seqId=0
03-02 00:57:32.138  1507  1507 I Layer   : id=156411 Destroyed Surface(name=c536234 NavigationBar0)/@0xfac847b - animation-leash of insets_animation#156411
03-02 00:57:32.139 17532 17532 I InsetsSourceConsumer: applyRequestedVisibilityToControl: visible=true, type=navigationBars, host=com.podcast.app.debug.test/androidx.test.core.app.InstrumentationActivityInvoker$EmptyActivity
03-02 00:57:32.140 17532 17532 I InsetsSourceConsumer: applyRequestedVisibilityToControl: visible=true, type=statusBars, host=com.podcast.app.debug.test/androidx.test.core.app.InstrumentationActivityInvoker$EmptyActivity
03-02 00:57:32.145 14885 14885 I VRI[SplashActivity]@35f4eb8: handleAppVisibility mAppVisible = false visible = true
03-02 00:57:32.146  1507  1507 I SurfaceFlinger: destroyed Surface(name=a5d3a68 StatusBar)/@0xd5726d6 - animation-leash of insets_animation#156412
03-02 00:57:32.146  2013  3441 I SemDvfsHyPerManager: acquire hyper - AMS_APP_SWITCH/2013@20, type = -999
03-02 00:57:32.146  2013  2252 D InputDispatcher: Focused application(0): ActivityRecord{2751228 u0 com.zhiliaoapp.musically/com.ss.android.ugc.aweme.splash.SplashActivity t44543}
03-02 00:57:32.146  2013  2600 D AS.MultiSoundManager: mForegroundUid = 10350
03-02 00:57:32.146  1450  1487 I HYPER-HAL: [RequestManager.cpp]acquire(): Acquired ID : 2067581  [2013 / 20]    HINT : AMS_ACT_SWITCH    list :
03-02 00:57:32.148  1507  2128 I SurfaceFlinger: id=156419 createSurf, flag=24000, Surface(name=c536234 NavigationBar0)/@0xfac847b - animation-leash of insets_animation#156419
03-02 00:57:32.148  4784  4784 I SemDvfsHyPerManager: acquire hyper - APP_START_SHORT/4784@15, type = -999
03-02 00:57:32.148  1450  1487 I HYPER-HAL: [RequestManager.cpp]acquire(): Acquired ID : 11517615  [4784 / 15]    HINT : APP_START    list : [TIMEOUT / 1500]
03-02 00:57:32.149  1507  2128 I SurfaceFlinger: id=156420 createSurf, flag=24000, Surface(name=a5d3a68 StatusBar)/@0xd5726d6 - animation-leash of insets_animation#156420
03-02 00:57:32.149  1507  1507 I Layer   : id=156412 Destroyed Surface(name=a5d3a68 StatusBar)/@0xd5726d6 - animation-leash of insets_animation#156412
03-02 00:57:32.151  2013  3566 W ParceledListSlice: Element #30 is 21544 bytes.
03-02 00:57:32.152  1445  2902 W C2MtkBufferManager: [0xB4000070F507E520] fetchNewCcBlock: wait fence 0x0xb4000070f5058270 timed out. ret 110
03-02 00:57:32.154 14885 14885 I VRI[SplashActivity]@35f4eb8: stopped(false) old = true
03-02 00:57:32.154 14885 14885 D VRI[SplashActivity]@35f4eb8: WindowStopped on com.zhiliaoapp.musically/com.ss.android.ugc.aweme.splash.SplashActivity set to false
03-02 00:57:32.154 14885 14885 D ViewRootImpl: Skipping stats log for color mode
03-02 00:57:32.155 14885 14885 I System.out: SAFActivity: com.ss.android.ugc.aweme.main.MainActivity@c20428f,  onStart Start
03-02 00:57:32.157  1507  1507 I SurfaceFlinger: [Surface(name=c536234 NavigationBar0)/@0xfac847b - animation-leash of insets_animation#156419] attach to parent LayerHierarchy{RequestedLayerState{WindowToken{5cf38d1 type=2019 android.os.BinderProxy@916675b}#101 parentId=34} 2 children}
03-02 00:57:32.157  1507  1507 I SurfaceFlinger: [Surface(name=a5d3a68 StatusBar)/@0xd5726d6 - animation-leash of insets_animation#156420] attach to parent LayerHierarchy{RequestedLayerState{WindowToken{d05298b type=2000 android.os.BinderProxy@163b705}#108 parentId=17} 2 children}
03-02 00:57:32.161 14885 14885 I System.out: SceneSafeLifecycleDispatcher: onStarted Start
03-02 00:57:32.161 14885 14885 I System.out: SAFActivity V Scene Framework: NavigationMessageQueue postSync start
03-02 00:57:32.162 14885 14885 I System.out: SAFActivity V Scene Framework: NavigationMessageQueue postSync run current task start 14_Y.ARunnableS108S0200000_32@4ba05b
03-02 00:57:32.162 14885 14885 I System.out: SAFActivity V Scene Framework: NavigationSceneManager Sync Scene SAFFragmentRootScene{79e191c} Lifecycle [ACTIVITY_CREATED -> STARTED] without saved State
03-02 00:57:32.162 14885 14885 I System.out: SAFFragmentRootScene: onStart Start (SAFFragmentRootScene{79e191c})
03-02 00:57:32.168  1507  1507 I SurfaceFlinger: [LayerHierarchy{RequestedLayerState{c536234 NavigationBar0#102 parentId=156419} 1 children}] reparent to LayerHierarchy{RequestedLayerState{Surface(name=c536234 NavigationBar0)/@0xfac847b - animation-leash of insets_animation#156419 parentId=101} 1 children}
03-02 00:57:32.168  1507  1507 I SurfaceFlinger: [LayerHierarchy{RequestedLayerState{a5d3a68 StatusBar#109 parentId=156420} 1 children}] reparent to LayerHierarchy{RequestedLayerState{Surface(name=a5d3a68 StatusBar)/@0xd5726d6 - animation-leash of insets_animation#156420 parentId=108} 1 children}
03-02 00:57:32.168  1507  1507 I SurfaceFlinger: [LayerHierarchy{RequestedLayerState{Surface(name=a5d3a68 StatusBar)/@0xd5726d6 - animation-leash of insets_animation#156418} no children}] reparent to OffscreenRoot
03-02 00:57:32.168  1507  1507 I SurfaceFlinger: [LayerHierarchy{RequestedLayerState{Surface(name=a5d3a68 StatusBar)/@0xd5726d6 - animation-leash of insets_animation#156418} no children}] RelativeParent to null
03-02 00:57:32.168  1507  1507 I SurfaceFlinger: [LayerHierarchy{RequestedLayerState{Surface(name=c536234 NavigationBar0)/@0xfac847b - animation-leash of insets_animation#156417} no children}] reparent to OffscreenRoot
03-02 00:57:32.168  1507  1507 I SurfaceFlinger: [LayerHierarchy{RequestedLayerState{Surface(name=c536234 NavigationBar0)/@0xfac847b - animation-leash of insets_animation#156417} no children}] RelativeParent to null
03-02 00:57:32.169  1446  1446 I SensorsHub: queueBatch: handle=5 period=200000000 timeout=0
03-02 00:57:32.169  1446  1446 I SensorsHub: queueActivate: handle 5 enable 1
03-02 00:57:32.170  1446  1446 I SensorsHub: type : 5, enable : 1
03-02 00:57:32.173 14885 18452 D SensorManager: registerListener :: 5, TCS3701 Light, 200000, 0,
03-02 00:57:32.174 14885 14885 I System.out: SAFActivity V Scene Framework: NavigationMessageQueue postSync run current task finish 14_Y.ARunnableS108S0200000_32@4ba05b
03-02 00:57:32.175 14885 14885 I System.out: SAFActivity V Scene Framework: NavigationMessageQueue postSync finish
03-02 00:57:32.175 14885 14885 I System.out: SceneSafeLifecycleDispatcher: onStarted End START
03-02 00:57:32.175 14885 14885 I System.out: SAFActivity: com.ss.android.ugc.aweme.main.MainActivity@c20428f,  onStart End
03-02 00:57:32.175 17121 17121 I InsetsSourceConsumer: applyRequestedVisibilityToControl: visible=true, type=navigationBars, host=com.podcast.app.debug/androidx.activity.ComponentActivity
03-02 00:57:32.175  1507  1562 I SurfaceFlinger: onHandleDestroyed: layerId=156417, name=Surface(name=c536234 NavigationBar0)/@0xfac847b - animation-leash of insets_animation#156417
03-02 00:57:32.175  1507  1562 I SurfaceFlinger: id=156417 Removed Surface(name=c536234 NavigationBar0)/@0xfac847b - animation-leash of insets_animation#156417 (330)
03-02 00:57:32.175  1507  1562 I SurfaceFlinger: onHandleDestroyed: layerId=156418, name=Surface(name=a5d3a68 StatusBar)/@0xd5726d6 - animation-leash of insets_animation#156418
