03-02 00:57:51.250  5235 19353 I HBD     : l writeToFile json : {"version":"4.2","currentLanguageOrder":0,"selected":[{"activeOptionList":["auto_replace","auto_spacing","writing_assistant","prediction"],"bilingualId":-1,"engName":"English","id":65538,"inputType":"qwerty","isUsed":true},{"activeOptionList":["auto_replace","auto_spacing","prediction"],"bilingualId":-1,"engName":"Arabic","id":5308416,"inputType":"qwerty","isUsed":true}]}
03-02 00:57:51.250  5235  5235 I HBD     : g isCoverDisplay : false, cached selected json info : SelectedLanguageInfo(languageVersion=4.2, currentLanguageOrder=0, selectedLanguageList=[SelectedLanguage(id=65538, isUsed=true, engName=English, inputType=qwerty, activeOptionList=[auto_replace, auto_spacing, writing_assistant, prediction], bilingualId=-1), SelectedLanguage(id=5308416, isUsed=true, engName=Arabic, inputType=qwerty, activeOptionList=[auto_replace, auto_spacing, prediction], bilingualId=-1)])
03-02 00:57:51.250  2013  2305 D PhoneWindowManager: interceptKeyTi keyCode=24 action=0 repeatCount=0 keyguardOn=false canceled=false
03-02 00:57:51.250  5235  5235 I HBD     : g isCoverDisplay : false, cached selected json info : SelectedLanguageInfo(languageVersion=4.2, currentLanguageOrder=0, selectedLanguageList=[SelectedLanguage(id=65538, isUsed=true, engName=English, inputType=qwerty, activeOptionList=[auto_replace, auto_spacing, writing_assistant, prediction], bilingualId=-1), SelectedLanguage(id=5308416, isUsed=true, engName=Arabic, inputType=qwerty, activeOptionList=[auto_replace, auto_spacing, prediction], bilingualId=-1)])
03-02 00:57:51.250  2013  2305 D PhoneWindowManagerExt: interceptKeyTi code=24 down=true repeatCount=0 displayId=-1 interactive=true
03-02 00:57:51.250  5235  5235 I HBD     : n updateActionOptionFromPreference isCover = false
03-02 00:57:51.250  5235  5235 I HBD     : n before lang.activeOptionList =  [auto_replace, auto_spacing, writing_assistant, prediction]
03-02 00:57:51.251  2013  2305 I InputDispatcher: Delivering key to (17121): VU action: 0x0 (0), f=0x8, m=0x0, d=0, 'e6a4339'
03-02 00:57:51.252  5235  5235 I HBD     : n after lang.activeOptionList = [auto_replace, auto_spacing, writing_assistant, prediction]
03-02 00:57:51.252  1445 18689 W C2MtkBufferManager: [0xB4000070F68A8D20] fetchNewCcBlock: wait fence 0x0xb4000070f692fcb0 timed out. ret 110
03-02 00:57:51.255  5235  5235 I HBD     : l writeToFile path : /data/user/0/com.samsung.android.honeyboard/files/selected.json
03-02 00:57:51.255  5235  5235 I HBD     : l writeToFile json : {"version":"4.2","currentLanguageOrder":0,"selected":[{"activeOptionList":["auto_replace","auto_spacing","writing_assistant","prediction"],"bilingualId":-1,"engName":"English","id":65538,"inputType":"qwerty","isUsed":true},{"activeOptionList":["auto_replace","auto_spacing","prediction"],"bilingualId":-1,"engName":"Arabic","id":5308416,"inputType":"qwerty","isUsed":true}]}
03-02 00:57:51.258  1646  2917 I CameraService: onUidStateChanged: uid=10062, procState is changed. (1 -> 0)
03-02 00:57:51.259  2013  4823 I WindowManager: Relayout Window{1094d93 u0 Splash Screen com.podcast.app.debug}: viewVisibility=8 req=1080x2340 ty=3 d0
03-02 00:57:51.260  5235  5235 I HBD     : l writeToFile complete
03-02 00:57:51.261  5235 19353 I HBD     : l writeToFile complete
03-02 00:57:51.262  2013  4829 W ParceledListSlice: Element #30 is 21544 bytes.
03-02 00:57:51.262  5235  5235 I HBD     : m normal : updateLanguage : English
03-02 00:57:51.262  5235 19354 I HBD     : l Write selected lang for DE
03-02 00:57:51.262  5235 19354 I HBD     : l writeToFile path : /data/user_de/0/com.samsung.android.honeyboard/files/selected.json
03-02 00:57:51.263  5235 19354 I HBD     : l writeToFile json : {"version":"4.2","currentLanguageOrder":0,"selected":[{"activeOptionList":["auto_replace","auto_spacing","writing_assistant","prediction"],"bilingualId":-1,"engName":"English","id":65538,"inputType":"qwerty","isUsed":true},{"activeOptionList":["auto_replace","auto_spacing","prediction"],"bilingualId":-1,"engName":"Arabic","id":5308416,"inputType":"qwerty","isUsed":true}]}
03-02 00:57:51.263  2013  4823 I WindowManager: Relayout hash=1094d93, pid=2746, syncId=-1: mAttrs={(0,0)(fillxfill) sim={adjust=pan} layoutInDisplayCutoutMode=always ty=APPLICATION_STARTING fmt=TRANSLUCENT wanim=0x1030317
03-02 00:57:51.263  2013  4823 I WindowManager:   fl=81030118
03-02 00:57:51.263  2013  4823 I WindowManager:   pfl=10000810
03-02 00:57:51.263  2013  4823 I WindowManager:   bhv=1
03-02 00:57:51.263  2013  4823 I WindowManager:   fitSides=0
03-02 00:57:51.263  2013  4823 I WindowManager:   frameRateBoostOnTouch=true
03-02 00:57:51.263  2013  4823 I WindowManager:   dvrrWindowFrameRateHint=true naviIconColor=0}
03-02 00:57:51.263  2013  2306 D InputReader: Input event(9): value=0 when=491150.264092
03-02 00:57:51.263  2013  2306 D PhoneWindowManager: interceptKeyTq keycode=24 interactive=true keyguardActive=false policyFlags=22000000
03-02 00:57:51.263  2013  2067 D PhoneWindowManager: handleKeyGestureEvent, type=1001 keyguardOn=false displayId=0
03-02 00:57:51.263  5235  5235 I HBD     : g isCoverDisplay : false, cached selected json info : SelectedLanguageInfo(languageVersion=4.2, currentLanguageOrder=0, selectedLanguageList=[SelectedLanguage(id=65538, isUsed=true, engName=English, inputType=qwerty, activeOptionList=[auto_replace, auto_spacing, writing_assistant, prediction], bilingualId=-1), SelectedLanguage(id=5308416, isUsed=true, engName=Arabic, inputType=qwerty, activeOptionList=[auto_replace, auto_spacing, prediction], bilingualId=-1)])
03-02 00:57:51.263  2746  2808 I VRI[debug]@9ebc607: onActiveControlsChanged, removed=false, mAdded=true, caller=android.view.ViewRootImpl.handleInsetsControlChanged:3002 android.view.ViewRootImpl.relayoutWindow:11629 android.view.ViewRootImpl.performTraversals:4804 android.view.ViewRootImpl.doTraversal:3924 android.view.ViewRootImpl$TraversalRunnable.run:12903
03-02 00:57:51.264  2746  2808 I BLASTBufferQueue: [VRI[debug]@9ebc607#7751](f:0,a:1,s:0) destructor()
03-02 00:57:51.264  2746  2808 D BufferQueueConsumer: [VRI[debug]@9ebc607#7751(BLAST Consumer)7751](id:aba00001e47,api:0,p:-1,c:2746) disconnect
03-02 00:57:51.264  5235  5235 I HBD     : g isCoverDisplay : false, cached selected json info : SelectedLanguageInfo(languageVersion=4.2, currentLanguageOrder=0, selectedLanguageList=[SelectedLanguage(id=65538, isUsed=true, engName=English, inputType=qwerty, activeOptionList=[auto_replace, auto_spacing, writing_assistant, prediction], bilingualId=-1), SelectedLanguage(id=5308416, isUsed=true, engName=Arabic, inputType=qwerty, activeOptionList=[auto_replace, auto_spacing, prediction], bilingualId=-1)])
03-02 00:57:51.264  2013  3821 W system_server: Large reply transaction of 325152 bytes, interface descriptor android.app.IActivityTaskManager, code 26
03-02 00:57:51.264  1507  1507 I SurfaceFlinger: RequestedLayer [Surface(name=2141cda InputMethod)/@0[...]ion-leash of insets_animation#157103] hidden!! flag  from(1) --> to(0)
03-02 00:57:51.264  1507  1507 E SurfaceFlinger: alpha changed 1.000 -> 0.000 - Surface(name=2141cda InputMethod)/@0x5ea0b56 - animation-leash of insets_animation#157103
03-02 00:57:51.264  1507  1507 I SurfaceFlinger: [LayerHierarchy{RequestedLayerState{ImeContainer#15 parentId=157089 relativeParentId=157089 z=3} 1 children}] reparent to LayerHierarchy{RequestedLayerState{ActivityRecord{209340446 u0 com.podcast.app.debug/androidx.activity.ComponentActivity t44914}#157089 parentId=157088} 4 children}
03-02 00:57:51.264  1507  1507 I SurfaceFlinger: [LayerHierarchy{RequestedLayerState{ImeContainer#15 parentId=157089 relativeParentId=157089 z=3} 1 children}] RelativeParent to null
03-02 00:57:51.264  1507  1507 I SurfaceFlinger: [LayerHierarchy{RequestedLayerState{2141cda InputMethod#159 parentId=157103} no children}] reparent to LayerHierarchy{RequestedLayerState{Surface(name=2141cda InputMethod)/@0x5ea0b56 - animation-leash of insets_animation#157103 parentId=143} 1 children}
03-02 00:57:51.264  2013  2306 D PhoneWindowManagerExt: interceptKeyTq code=24 down=false repeatCount=0 displayId=-1 interactive=true powerCombination=false
03-02 00:57:51.264  1507  1507 I SurfaceFlinger: [LayerHierarchy{RequestedLayerState{Surface(name=2141cda InputMethod)/@0x5ea0b56 - animation-leash of insets_animation#157086} no children}] reparent to OffscreenRoot
03-02 00:57:51.264  1507  1507 I SurfaceFlinger: [LayerHierarchy{RequestedLayerState{Surface(name=2141cda InputMethod)/@0x5ea0b56 - animation-leash of insets_animation#157086} no children}] RelativeParent to null
03-02 00:57:51.264  2013  2306 D PhoneWindowManager: interceptKeyTq interceptKeyResult=1
03-02 00:57:51.264  2746  2808 I VRI[debug]@9ebc607: Relayout returned: old=(0,0,1080,2340) new=(0,0,1080,2340) relayoutAsync=false req=(1080,2340)8 dur=6 res=0x2 s={false 0x0} ch=true seqId=0
03-02 00:57:51.264  2746  2808 D VRI[debug]@9ebc607: Not drawing due to not visible. Reason=View.GONE
03-02 00:57:51.264  2746  2808 W WindowOnBackDispatcher: sendCancelIfRunning: isInProgress=false callback=android.view.ViewRootImpl$$ExternalSyntheticLambda16@def861e
03-02 00:57:51.265  2746  2746 D SystemUIService: SYSUI_RAM_OPTIMIZATION onTrimMemory=20
03-02 00:57:51.265  2746  2746 D CentralSurfaces: SYSUI_RAM_OPTIMIZATION onTrimMemory=20
03-02 00:57:51.265  2013  2305 D PhoneWindowManager: interceptKeyTi keyCode=24 action=1 repeatCount=0 keyguardOn=false canceled=false
03-02 00:57:51.265  2013  2305 D PhoneWindowManagerExt: interceptKeyTi code=24 down=false repeatCount=0 displayId=-1 interactive=true
03-02 00:57:51.265  2746  2808 I VRI[debug]@9ebc607: dispatchDetachedFromWindow
03-02 00:57:51.266  2746  2870 D HWUI    : CacheManager::trimMemory(20)
03-02 00:57:51.266  1507  2393 I SurfaceFlinger: onHandleDestroyed: layerId=157086, name=Surface(name=2141cda InputMethod)/@0x5ea0b56 - animation-leash of insets_animation#157086
03-02 00:57:51.266  1507  2393 I SurfaceFlinger: id=157086 Removed Surface(name=2141cda InputMethod)/@0x5ea0b56 - animation-leash of insets_animation#157086 (337)
03-02 00:57:51.266  5235  5235 I HBD     : g updateSelectedLanguageCache is succeeded. English
03-02 00:57:51.267  5235 19354 I HBD     : l writeToFile complete
03-02 00:57:51.268  2013  3345 D InputTransport: Input channel destroyed: '1094d93', fd=1074
03-02 00:57:51.270  5235  5235 I HBD     : l writeToFile path : /data/user/0/com.samsung.android.honeyboard/files/selected.json
03-02 00:57:51.270  5235  5235 I HBD     : l writeToFile json : {"version":"4.2","currentLanguageOrder":0,"selected":[{"activeOptionList":["auto_replace","auto_spacing","writing_assistant","prediction"],"bilingualId":-1,"engName":"English","id":65538,"inputType":"qwerty","isUsed":true},{"activeOptionList":["auto_replace","auto_spacing","prediction"],"bilingualId":-1,"engName":"Arabic","id":5308416,"inputType":"qwerty","isUsed":true}]}
03-02 00:57:51.271  1507  1568 E mali_winsys: Unrecognised Android chroma siting range: [2, 2]. Applying default
03-02 00:57:51.272  2746  2808 D InputTransport: Input channel destroyed: '1094d93', fd=501
03-02 00:57:51.274  5235  5235 I HBD     : l writeToFile complete
03-02 00:57:51.275  5235 19355 I HBD     : l Write selected lang for DE
03-02 00:57:51.275  1507  1507 I SurfaceFlinger: RequestedLayer [Splash Screen com.podcast.app.debug$_2746#157091] hidden!! flag  from(0) --> to(1)
03-02 00:57:51.275  1507  1507 I SurfaceFlinger: destroyed Surface(name=2141cda InputMethod)/@0x5ea0b56 - animation-leash of insets_animation#157086
03-02 00:57:51.275  5235 19355 I HBD     : l writeToFile path : /data/user_de/0/com.samsung.android.honeyboard/files/selected.json
03-02 00:57:51.276  5235 19355 I HBD     : l writeToFile json : {"version":"4.2","currentLanguageOrder":0,"selected":[{"activeOptionList":["auto_replace","auto_spacing","writing_assistant","prediction"],"bilingualId":-1,"engName":"English","id":65538,"inputType":"qwerty","isUsed":true},{"activeOptionList":["auto_replace","auto_spacing","prediction"],"bilingualId":-1,"engName":"Arabic","id":5308416,"inputType":"qwerty","isUsed":true}]}
03-02 00:57:51.276  5235  5235 I HBD     : g isCoverDisplay : false, cached selected json info : SelectedLanguageInfo(languageVersion=4.2, currentLanguageOrder=0, selectedLanguageList=[SelectedLanguage(id=65538, isUsed=true, engName=English, inputType=qwerty, activeOptionList=[auto_replace, auto_spacing, writing_assistant, prediction], bilingualId=-1), SelectedLanguage(id=5308416, isUsed=true, engName=Arabic, inputType=qwerty, activeOptionList=[auto_replace, auto_spacing, prediction], bilingualId=-1)])
03-02 00:57:51.276  5235  5235 I HBD     : g updateSelectedLanguageCache is succeeded. English
03-02 00:57:51.277  5235  5235 I HBD     : l writeToFile path : /data/user/0/com.samsung.android.honeyboard/files/selected.json
03-02 00:57:51.277  1507  1507 I Layer   : id=157086 Destroyed Surface(name=2141cda InputMethod)/@0x5ea0b56 - animation-leash of insets_animation#157086
03-02 00:57:51.277  1507  1568 E mali_winsys: Unrecognised Android chroma siting range: [2, 2]. Applying default
03-02 00:57:51.277  5235  5235 I HBD     : l writeToFile json : {"version":"4.2","currentLanguageOrder":0,"selected":[{"activeOptionList":["auto_replace","auto_spacing","writing_assistant","prediction"],"bilingualId":-1,"engName":"English","id":65538,"inputType":"qwerty","isUsed":true},{"activeOptionList":["auto_replace","auto_spacing","prediction"],"bilingualId":-1,"engName":"Arabic","id":5308416,"inputType":"qwerty","isUsed":true}]}
03-02 00:57:51.278  2013  3345 D SecContentProvider: query(), uri = 17 selection = isSettingsChangesAllowed
03-02 00:57:51.281  2013  4829 D SecContentProvider: query(), uri = 17 selection = isSettingsChangesAllowed
03-02 00:57:51.281  5235  5235 I HBD     : l writeToFile complete
03-02 00:57:51.281  5235 18674 I HBD     : u updated Sub Types. English
03-02 00:57:51.282  5235 19356 I HBD     : l Write selected lang for DE
03-02 00:57:51.282  5235 19355 I HBD     : l writeToFile complete
03-02 00:57:51.282  5235  5235 I HBD     : a [UpdatePolicy] [post] a: 31 cl: 65538 kit: [0/0] vt: 0 ir: 1
03-02 00:57:51.283  5235  5235 I HBD     : HoneyBoardService [PF_OP][onStartInput]  57 ms
03-02 00:57:51.284  5235  5235 I HBD     : c skip onKeyDown as physical keyboard not connected
03-02 00:57:51.284  2013  4829 D SecContentProvider: query(), uri = 17 selection = isSettingsChangesAllowed
03-02 00:57:51.285  5235 19357 I HBD     : b InputMethodSubtype is set as local:en_GB
03-02 00:57:51.285  1507  1507 D SurfaceFlinger: Display 4627039422300187648 HWC layers:
03-02 00:57:51.285  1507  1507 D SurfaceFlinger:   SOLID_COLOR |                        0 | 00000002 | N/A          |    0.0    0.0    0.0    0.0 |    0    0   -1   -1 | Background for 68eb87 SurfaceView[co[...]weme.splash.SplashActivity]@0#157075 (0)
03-02 00:57:51.285  1507  1507 D SurfaceFlinger:   SOLID_COLOR |                        0 | 00000002 | N/A          |    0.0    0.0    0.0    0.0 |    0    0   -1   -1 | Background for 7086fb SurfaceView[co[...]weme.splash.SplashActivity]@0#157078 (0)
03-02 00:57:51.285  1507  1507 D SurfaceFlinger:   SOLID_COLOR |                        0 | 00000002 | N/A          |    0.0    0.0    0.0    0.0 |    0    0   -1   -1 | Background for 836459b SurfaceView[c[...]weme.splash.SplashActivity]@0#157081 (0)
03-02 00:57:51.285  1507  1507 D SurfaceFlinger:        CLIENT |           63930588202351 | 00000102 | 0x32315659   |  149.0    0.0  720.0 1280.0 |    0   80  857 2000 | 7086fb SurfaceView[com.zhiliaoapp.mu[...]lash.SplashActivity]@0(BLAST)#157077 (2)
03-02 00:57:51.285  1507  1507 D SurfaceFlinger:        CLIENT |           63930588202329 | 00002100 | RGBA_8888    |  223.0    0.0 1080.0 2340.0 |    0    0 1080 2340 | com.zhiliaoapp.musically/com.ss.andr[...].splash.S
03-02 00:57:51.285  1507  1507 D SurfaceFlinger: plashActivity$_14885#157069 (6)
03-02 00:57:51.285  1507  1507 D SurfaceFlinger:   SOLID_COLOR |                        0 | 00000000 | N/A          |    0.0    0.0    0.0    0.0 |    0    0 1080 2340 | DimTransitionLayer for Surface(name=Task=44914)/@0xb0cbb91#157100 (0)
03-02 00:57:51.285  1507  1507 D SurfaceFlinger:        DEVICE |           73534135074989 | 00002102 | RGBA_8888    |    0.0    0.0  713.0 2340.0 |  367    0 1080 2340 | com.podcast.app.debug/androidx.activity.ComponentActivity$_17121#157095 (1)
03-02 00:57:51.285  1507  1507 D SurfaceFlinger:        DEVICE |           11793980281854 | 00002100 | RGBA_8888    |    0.0    0.0 1080.0   80.0 |    0    0 1080   80 | StatusBar$_2746#117 (211332)
03-02 00:57:51.285  1507  1507 D SurfaceFlinger:        DEVICE |           13752485304097 | 00002100 | RGBA_8888    |    0.0    0.0   67.0  346.0 | 1013  454 1080  800 | com.sec.android.app.launcher/com.sam[...].app.CocktailBarService$_3202#152779 (1)
03-02 00:57:51.285  1507  1507 D SurfaceFlinger:        DEVICE |           11793980281853 | 00002100 | RGBA_8888    |    0.0    0.0 1080.0  135.0 |    0 2205 1080 2340 | NavigationBar0$_2746#113 (188465)
03-02 00:57:51.285  1507  1507 D SurfaceFlinger:
03-02 00:57:51.286  1507  1507 I SurfaceFlinger: [LayerHierarchy{RequestedLayerState{ImeContainer#15 parentId=157089 relativeParentId=157092 z=1} 1 children}] RelativeParent to LayerHierarchy{RequestedLayerState{e6a4339 com.podcast.app.debug/androidx.activity.ComponentActivity#157092 parentId=157089} 2 children}
03-02 00:57:51.286  1507  1507 I SurfaceFlinger: [LayerHierarchy{RequestedLayerState{Surface(name=e6a4339 com.podcast.app.debug/androidx.activity.ComponentActivity)/@0x8a6ab51 - animation-leash of starting_reveal#157101} 1 children}] reparent to OffscreenRoot
03-02 00:57:51.286  1507  1507 I SurfaceFlinger: [LayerHierarchy{RequestedLayerState{Surface(name=e6a4339 com.podcast.app.debug/androidx.activity.ComponentActivity)/@0x8a6ab51 - animation-leash of starting_reveal#157101} 1 children}] RelativeParent to null
03-02 00:57:51.286  1507  1507 I SurfaceFlinger: [LayerHierarchy{RequestedLayerState{e6a4339 com.podcast.app.debug/androidx.activity.ComponentActivity#157092 parentId=157089} 2 children}] reparent to LayerHierarchy{RequestedLayerState{ActivityRecord{209340446 u0 com.podcast.app.debug/androidx.activity.ComponentActivity t44914}#157089 parentId=157088} 4 children}
03-02 00:57:51.286  1507  1507 I SurfaceFlinger: [LayerHierarchy{RequestedLayerState{Splash Screen com.podcast.app.debug$_2746#157091} no children}] reparent to OffscreenRoot
03-02 00:57:51.286  1507  1507 I SurfaceFlinger: [LayerHierarchy{RequestedLayerState{Splash Screen com.podcast.app.debug$_2746#157091} no children}] RelativeParent to null
03-02 00:57:51.286  1507  1507 I SurfaceFlinger: [LayerHierarchy{RequestedLayerState{1094d93 Splash Screen com.podcast.app.debug#157090 z=2147483647} no children}] reparent to OffscreenRoot
03-02 00:57:51.286  1507  1507 I SurfaceFlinger: [LayerHierarchy{RequestedLayerState{1094d93 Splash Screen com.podcast.app.debug#157090 z=2147483647} no children}] RelativeParent to null
03-02 00:57:51.288  5235 19356 I HBD     : l writeToFile path : /data/user_de/0/com.samsung.android.honeyboard/files/selected.json
03-02 00:57:51.289  5235 19356 I HBD     : l writeToFile json : {"version":"4.2","currentLanguageOrder":0,"selected":[{"activeOptionList":["auto_replace","auto_spacing","writing_assistant","prediction"],"bilingualId":-1,"engName":"English","id":65538,"inputType":"qwerty","isUsed":true},{"activeOptionList":["auto_replace","auto_spacing","prediction"],"bilingualId":-1,"engName":"Arabic","id":5308416,"inputType":"qwerty","isUsed":true}]}
03-02 00:57:51.289  1484  5506 D AudioFlinger: setParameters: filtered dev setParameters keyvalue audioHDR=0
03-02 00:57:51.289  2013  4823 D SecContentProvider: query(), uri = 17 selection = isSettingsChangesAllowed
03-02 00:57:51.289  1509  1509 D Audio_ParameterParser: parseVendorParameters: scope: MODULE, keys/values: audioHDR=0
03-02 00:57:51.289  5235  5235 I HBD     : HoneyBoardService onKeyDown r:a17d174a consumed:false 1
03-02 00:57:51.289  1439 16888 D AudioALSAHardware: +setParameters(): audioHDR=0
03-02 00:57:51.289  1439 16888 D AudioALSAHardware: -setParameters(): audioHDR=0
03-02 00:57:51.290  1439 16888 E AHAL_Module: setVendorParameters: default: unrecognized parameter "audioHDR=0"
03-02 00:57:51.290  5235  5235 I HBD     : b onUpdateEditorToolType was called with unKnown motion event.
03-02 00:57:51.290  1484  5506 E ConversionHelperAidl: Function: parseAndSetVendorParameters Line: 94 Failed
03-02 00:57:51.290  5235 18674 I HBD     : u updated Sub Types. English
03-02 00:57:51.290  1509  1509 D Audio_ParameterParser: parseVendorParameters: scope: MODULE, keys/values: audioHDR=0
03-02 00:57:51.291  1509  1509 D Audio_ParameterParser: parseVendorParameters: scope: MODULE, keys/values: audioHDR=0
03-02 00:57:51.291  1439 16888 D AHAL_ModuleBluetooth: setVendorParameters unrecognized parameter: audioHDR=0
03-02 00:57:51.292  5235  5235 I InputMethodService: scheduleImeSurfaceRemoval: removeImeSurface is posted.
03-02 00:57:51.293  5235 19356 I HBD     : l writeToFile complete
03-02 00:57:51.293 17121 17121 I VRI[ComponentActivity]@e4e12c1: ViewPostIme key 0
03-02 00:57:51.293  5235 19359 I HBD     : b InputMethodSubtype is set as local:en_GB
03-02 00:57:51.293  2013  4823 D MediaSessionService: dispatchVolumeKeyEvent, pkg=com.podcast.app.debug, opPkg=com.podcast.app.debug, pid=17121, uid=10685, asSystem=true, event=KeyEvent { action=ACTION_DOWN, keyCode=KEYCODE_VOLUME_UP, scanCode=115, metaState=0, flags=0x8, repeatCount=0, eventTime=491150100158000, downTime=491150100158000, deviceId=2, source=0x101, displayId=-1 }, stream=-2147483648, musicOnly=false
03-02 00:57:51.295  2013  4823 D MediaSessionService: Adjusting suggestedStream=-2147483648 by 1. flags=4113, preferSuggestedStream=false, session=null
03-02 00:57:51.295  2013  2305 I InputDispatcher: Delivering key to (17121): VU action: 0x1 (0), f=0x8, m=0x0, d=0, 'e6a4339'
03-02 00:57:51.296  5235  5235 I HBD     : HoneyBoardService onKeyUp r:6805c8a8 consumed:false 0
03-02 00:57:51.296  1445  2902 W C2MtkBufferManager: [0xB4000070F507E520] fetchNewCcBlock: wait fence 0x0xb4000070f5058270 timed out. ret 110
03-02 00:57:51.296  2013  2013 D AudioManager: adjustSuggestedStreamVolumeForUid : suggestedStreamType=-2147483648, direction=1 callers=MediaSessionService$SessionManagerImpl$3.run:56<-Handler.handleCallback:995<-Handler.dispatchMessage:103<-Looper.loopOnce:273<-Looper.loop:363
03-02 00:57:51.296 17121 17121 I VRI[ComponentActivity]@e4e12c1: ViewPostIme key 1
03-02 00:57:51.296  2013  2013 D AS.AudioService: adjustSuggestedStreamVolume() stream=-2147483648, flags=4113, caller=android, volControlStream=-1, userSelect=false
03-02 00:57:51.297  2013  4829 D MediaSessionService: dispatchVolumeKeyEvent, pkg=com.podcast.app.debug, opPkg=com.podcast.app.debug, pid=17121, uid=10685, asSystem=true, event=KeyEvent { action=ACTION_UP, keyCode=KEYCODE_VOLUME_UP, scanCode=115, metaState=0, flags=0x8, repeatCount=0, eventTime=491150264092000, downTime=491150100158000, deviceId=2, source=0x101, displayId=-1 }, stream=-2147483648, musicOnly=false
03-02 00:57:51.297  2013  4829 D MediaSessionService: Adjusting suggestedStream=-2147483648 by 0. flags=4116, preferSuggestedStream=false, session=null
03-02 00:57:51.300  1484  5506 V APM_AudioPolicyManager: getAudioPolicyConfig: audioParam;l_stream_active
03-02 00:57:51.301  2013  2013 D AS.AudioService: adjustStreamVolume() stream=3, dir=1, flags=4113, caller=android
03-02 00:57:51.303  1484  5506 V APM_AudioPolicyManager: getAudioPolicyConfig: audioParam;l_fmradio_record_active
03-02 00:57:51.305  2013  2013 D AS.AudioService: updateVolumeGroupIndex for stream 10, muted=false, device=2, index=59, group AUDIO_STREAM_ACCESSIBILITY Muted=false, Index=6, forceMuteState=false
03-02 00:57:51.307  2013  2013 D AS.AudioService: updateVolumeGroupIndex for stream 9, muted=false, device=2, index=52, group AUDIO_STREAM_TTS Muted=false, Index=5, forceMuteState=false
03-02 00:57:51.307  2013  2013 D AS.AudioService: updateVolumeGroupIndex for stream 3, muted=false, device=2, index=52, group AUDIO_STREAM_MUSIC Muted=false, Index=5, forceMuteState=false
03-02 00:57:51.308  2013  2600 D AS.AudioService: setStreamVolumeIndexAS(streamType=3, index=5, muted=false, device=2)
03-02 00:57:51.308  2013  2600 D AS.AudioService: setStreamVolumeIndexAS(streamType=3, index=5, muted=false, device=1)
03-02 00:57:51.308  2013  2600 D AS.AudioService: setStreamVolumeIndexAS(streamType=10, index=5, muted=false, device=2)
03-02 00:57:51.308  1484  5506 V APM_AudioPolicyManager: setVolumeCurveIndex stream AUDIO_STREAM_ACCESSIBILITY, device 0x00000002, index 5  muted 0
03-02 00:57:51.310  2013  2600 D AS.AudioService: setStreamVolumeIndexAS(streamType=10, index=5, muted=false, device=1)
03-02 00:57:51.310  1484  5506 V APM_AudioPolicyManager: setVolumeCurveIndex stream AUDIO_STREAM_ACCESSIBILITY, device 0x00000001, index 5  muted 0
03-02 00:57:51.312  2013  2600 D AS.AudioService: setStreamVolumeIndexAS(streamType=9, index=5, muted=false, device=2)
03-02 00:57:51.312  1484  5506 V APM_AudioPolicyManager: setVolumeCurveIndex stream AUDIO_STREAM_TTS, device 0x00000002, index 5  muted 0
03-02 00:57:51.313  2013  2600 D AS.AudioService: setStreamVolumeIndexAS(streamType=9, index=5, muted=false, device=1)
03-02 00:57:51.313  1484  5506 V APM_AudioPolicyManager: setVolumeCurveIndex stream AUDIO_STREAM_TTS, device 0x00000001, index 5  muted 0
03-02 00:57:51.314  1484  5506 V APM_AudioPolicyManager: setAudioPolicyConfig: audioParam;l_volume_fine_key;index=52;device=2
03-02 00:57:51.314  1484  5506 V APM_AudioPolicyManager: setVolumeCurveIndex stream AUDIO_STREAM_MUSIC, device 0x00000002, index 5  muted 0
03-02 00:57:51.315  1484  5506 V APM_AudioPolicyManager: getNewOutputDevices selected devices AUDIO_DEVICE_NONE
03-02 00:57:51.316  1484  5506 V APM_AudioPolicyManager: checkAndSetVolume: output 13, stream 3, index 5, devices 0x2, volume 0.032571, delayMs 0, muted false
03-02 00:57:51.317  1484  5506 V APM_AudioPolicyManager: checkAndSetVolume: output 21, stream 3, index 5, devices 0x2, volume 0.032571, delayMs 0, muted false
03-02 00:57:51.318  2013  2013 D AudioManager: adjustSuggestedStreamVolumeForUid : suggestedStreamType=-2147483648, direction=0 callers=MediaSessionService$SessionManagerImpl$3.run:56<-Handler.handleCallback:995<-Handler.dispatchMessage:103<-Looper.loopOnce:273<-Looper.loop:363
03-02 00:57:51.318  2013  2013 D AS.AudioService: adjustSuggestedStreamVolume() stream=-2147483648, flags=4116, caller=android, volControlStream=-1, userSelect=false
03-02 00:57:51.318  2746  3672 I vol.Events: writeEvent active_stream_changed STREAM_MUSIC
03-02 00:57:51.318  2746  3672 I vol.Events: writeEvent level_changed STREAM_MUSIC 520
03-02 00:57:51.319  2746  3672 D vol.VolumeDialogControl: onVolumeChangedW stream = 3, flags = 135185, lastAudibleStreamVolume = 520, changed = true, showUI = true, dualAudio = false, musicStreamState=[routedToHeadset=false, routedToBuds=false, routedToBuds3=false, routedToHomeMini=false, routedToMusicFrame=false, routedToHearingAid=false, remoteFixedVolume=false, remoteSpeaker=false]
03-02 00:57:51.319  1484  5506 V APM_AudioPolicyManager: checkAndSetVolume: output 29, stream 3, index 5, devices 0x2, volume 0.032571, delayMs 0, muted false
03-02 00:57:51.321 12859 12960 I SGPController: onForegroundAppChanged() update=false, cn=ComponentInfo{com.podcast.app.debug/androidx.activity.ComponentActivity}, r=SkRegion((0,0,198,2340)(882,0,1080,2340))
03-02 00:57:51.322  2746  3672 I SoundCraft.VolumeManager: updateVolumeState VolumeModel(volume=52, minVolume=0, maxVolume=150, device=2, enable=true, isBroadcast=false, isAllSoundMute=false, isZenMode=0, isZenModeDisabled=false, isSmartViewEnabled=false, isMusicShareEnabled=false, isDisallowAdjustVolume=false)
03-02 00:57:51.322  2013  2600 I AS.AudioService: fine volume : l_volume_fine_key;index=52;device=2
03-02 00:57:51.322  1484  5506 V APM_AudioPolicyManager: setAudioPolicyConfig: audioParam;l_volume_fine_key;index=52;device=1
03-02 00:57:51.322  1484  5506 V APM_AudioPolicyManager: setVolumeCurveIndex stream AUDIO_STREAM_MUSIC, device 0x00000001, index 5  muted 0
03-02 00:57:51.323  2746  3672 D VolumeSeekBar: [QP volume] updateVolumeModel model: VolumeModel(volume=52, minVolume=0, maxVolume=150, device=0, enable=true, isBroadcast=false, isAllSoundMute=false, isZenMode=0, isZenModeDisabled=false, isSmartViewEnabled=false, isMusicShareEnabled=false, isDisallowAdjustVolume=false) isTracking : false
03-02 00:57:51.323  2746  3672 D VolumeSeekBar: [QP volume] updateVolumeModel model: VolumeModel(volume=52, minVolume=0, maxVolume=150, device=0, enable=true, isBroadcast=false, isAllSoundMute=false, isZenMode=0, isZenModeDisabled=false, isSmartViewEnabled=false, isMusicShareEnabled=false, isDisallowAdjustVolume=false) isTracking : false
03-02 00:57:51.323  2746  2746 D SecVolume.VolumePanelStore: dispatch [ACTION_STATE_CHANGED with [STATE_UPDATE], currentAction={isFromOutside : true, isVoiceCapble : true, activeStream : 3}, currentState={activeStream=3(vol=420), stream=3(vol=420) } isPendingState : true, isHasVibrator : true, isVoiceCapable : true, isSetupWizardComplete : true, isCaptionComponentEnabled : true, isMediaDefaultEnabled : true, ringerModeInternal : 2, timeOutControlsText : 0, cutoutHeight : 0, iconTargetState : 2, pinDevice : 0, activeStream : 3, iconCurrentState : 2, timeOutControls : 0, timeOut : 3000, stream : 3, earProtectLevel : 909, systemTimeNow : 491146379}
03-02 00:57:51.324  1484  5506 V APM_AudioPolicyManager: getNewOutputDevices selected devices AUDIO_DEVICE_NONE
03-02 00:57:51.324  1484  5506 V APM_AudioPolicyManager: checkAndSetVolume: output 13, stream 3, index 5, devices 0x2, volume 0.032571, delayMs 0, muted false
03-02 00:57:51.324  2746  3672 I vol.Events: writeEvent key STREAM_MUSIC 520
03-02 00:57:51.325  1484  5506 V APM_AudioPolicyManager: checkAndSetVolume: output 21, stream 3, index 5, devices 0x2, volume 0.032571, delayMs 0, muted false
03-02 00:57:51.325 10943 10943 I DVFSHelper: onReceive() : SEM_VOLUME_CHANGED_ACTION has received
03-02 00:57:51.325 10943 10943 I DVFSHelper: onReceive() : changed volume level is 6
03-02 00:57:51.326 10943 19360 I DVFSHelper: run() : beginning of thread for SEM_VOLUME_CHANGED_ACTION
03-02 00:57:51.326 10943 19360 I DVFSHelper: setCurrentMediaVolume() : current media volume is active, so need to boost cpu
03-02 00:57:51.327  5019  5019 I [MCFDs]_IntentUtil: emitToConsumer - (BLUETOOTH_AUDIO_STATE) ACTION_ID_BLUETOOTH_AUDIO_VOLUME_CHANGED, consumer size=1
03-02 00:57:51.327 10943 19360 I DVFSHelper: run() : end of thread for SEM_VOLUME_CHANGED_ACTION
03-02 00:57:51.327  1445 18689 W C2MtkBufferManager: [0xB4000070F68A8D20] fetchNewCcBlock: wait fence 0x0xb4000070f692fcb0 timed out. ret 110
03-02 00:57:51.327  5019  5019 I [MCFDs]_BudsDeviceObserver: updateDeviceVolume - 42 to 52
03-02 00:57:51.327  2013  4823 D AS.AudioService: forceVolumeControlStream(3)
03-02 00:57:51.330  1484  5506 V APM_AudioPolicyManager: checkAndSetVolume: output 29, stream 3, index 5, devices 0x2, volume 0.032571, delayMs 0, muted false
03-02 00:57:51.331  2746  2746 D SecVolume.SmartViewInteractor: isSmartView=false
03-02 00:57:51.332  2746  2746 D SecVolume.VolumePanelStore:   > New State : [STATE_UPDATE]
03-02 00:57:51.332  2013  2600 I AS.AudioService: fine volume : l_volume_fine_key;index=52;device=1
03-02 00:57:51.332  1484  5506 V APM_AudioPolicyManager: getAudioPolicyConfig: audioParam;l_stream_active
03-02 00:57:51.333  2013  2013 D AS.AudioService: adjustStreamVolume() stream=3, dir=0, flags=4116, caller=android
03-02 00:57:51.337  2746  2746 D SecVolume.JSonLogger: applyVolumeRow 3: {"boolMap":{"ICON_ENABLED":false,"DYNAMIC":false,"VISIBILITY":true,"ICON_CLICKABLE":true,"MUTED":false,"SLIDER_ENABLED":true,"TRACKING":false,"ROUTED_TO_BLUETOOTH":false,"IMPORTANT":true,"ACTIVE_NOW":false},"intMap":{"ORIGINAL_PRIORITY":5,"PRIORITY":0,"LEVEL_MAX":15,"ICON_TYPE":3,"EAR_PROTECT_LEVEL":-1,"LEVEL":520,"REAL_LEVEL":520,"AUDIBLE_LEVEL":520,"LEVEL_MIN":0},"longMap":{"USER_ATTEMPT_TIME":490387300},"streamType":3,"stringMap":{"NAME_RES":"com.android.systemui:string/volumepanel_media","REMOTE_LABEL":"","DUAL_BT_DEVICE_ADDRESS":"","DUAL_BT_DEVICE_NAME":"","SMART_VIEW_LABEL":""}}
03-02 00:57:51.338  2746  3672 D vol.VolumeDialogControl: onVolumeChangedW stream = 3, flags = 4112, lastAudibleStreamVolume = 520, changed = false, showUI = false, dualAudio = false, musicStreamState=[routedToHeadset=false, routedToBuds=false, routedToBuds3=false, routedToHomeMini=false, routedToMusicFrame=false, routedToHearingAid=false, remoteFixedVolume=false, remoteSpeaker=false]
03-02 00:57:51.338  2746  2746 D SecVolume.VolumePanelStore: dispatch [ACTION_PANEL_SHOW with [STATE_UPDATE], currentAction={isFromOutside : true}, currentState={activeStream=3(vol=520), stream=3(vol=520) } isPendingState : true, isHasVibrator : true, isVoiceCapable : true, isSetupWizardComplete : true, isCaptionComponentEnabled : true, isMediaDefaultEnabled : true, ringerModeInternal : 2, timeOutControlsText : 0, cutoutHeight : 0, iconTargetState : 2, pinDevice : 0, activeStream : 3, iconCurrentState : 2, timeOutControls : 0, timeOut : 3000, stream : 3, earProtectLevel : 909, systemTimeNow : 491150324}
03-02 00:57:51.343  3202  3202 I HoneySpace.EdgePanel.EdgeVisibilityRepository: getComputedTrayVisible : keyguardState = 1
03-02 00:57:51.343  2746  2746 D SecVolume.AudioManagerController: device=2, pinDevice=0, isSmartView=false, isAudioMirroring=false, isLeBroadcasting=false, isImportant=false
03-02 00:57:51.343  3202  3202 I HoneySpace.EdgePanel.EdgeVisibilityRepository: updateTrayVisible: State = 0x1, visible = true, current containerState = 0, specificMode = 0
03-02 00:57:51.343  3202  3202 I HoneySpace.EdgePanel.EdgeVisibilityRepository: Same container state 0
03-02 00:57:51.344  2013  4829 D AS.AudioService: getPinAppInfo, device=0, pinappinfo=
03-02 00:57:51.346  2746  2746 D SecVolume.VolumePanelStore:   > New State : [STATE_SHOW]
03-02 00:57:51.347  2013  4823 D AS.AudioService: Volume controller visible: true
03-02 00:57:51.348  2746  2746 D SemDlnaDevice: SemDlnaDevice name: null, ip: null, mac: , macFromArp: , netType: , uid: null, dlnaType : 0, isSwitchingDevice : false, uri : null, dlnaType : 0, dlnaSupportTypes : 0, connectionState : 0
03-02 00:57:51.348  2746  2746 D SecVolume.VolumeInfraMediatorImpl: supportTvVolumeControl=false, screenSharing=false, supportTvVolumeControl=false, dlnaEnabled=false, validPlayerType=false
03-02 00:57:51.348  2746  2746 D VolumePanelView: addRows: rows=[STREAM_MUSIC(vol=520)]
03-02 00:57:51.349  1507  1825 I SurfaceFlinger: Capture layer list: 	 com.zhiliaoapp.musically/com.ss.android.ugc.aweme.splash.SplashActivity$_14885#157069(seamlessTransition:0)
03-02 00:57:51.349  1507  1825 I SurfaceFlinger: Capture layer list: 	 DimTransitionLayer for Surface(name=Task=44914)/@0xb0cbb91#157100(seamlessTransition:0)
03-02 00:57:51.349  1507  1825 I SurfaceFlinger: Capture layer list: 	 com.podcast.app.debug/androidx.activity.ComponentActivity$_17121#157095(seamlessTransition:0)
03-02 00:57:51.364  2746  2746 D SecVolume.VolumePanelStore: subscribe : observer count=4, observer=com.android.systemui.volume.view.VolumeRowView{1d55c2c V.E...... ......I. 0,0-0,0 #7f0a0f58 app:id/volume_row_view}
03-02 00:57:51.364  2746  2746 D SecVolume.VolumePanelStore: subscribe : observer count=5, observer=com.android.systemui.volume.view.VolumeSeekBar{ff5d6f5 V.ED..... ......ID 0,0-0,0 #7f0a0f59 app:id/volume_seekbar}
03-02 00:57:51.364  2746  2746 D SecVolume.VolumePanelStore: subscribe : observer count=6, observer=com.android.systemui.volume.view.icon.VPVolumeIcon{9a95c8a V.E...... ......I. 0,0-0,0 #7f0a0f0e app:id/volume_button}
03-02 00:57:51.367  1445 18689 W C2MtkBufferManager: [0xB4000070F68A8D20] fetchNewCcBlock: wait fence 0x0xb4000070f692fcb0 timed out. ret 110
03-02 00:57:51.367  2746  2746 D SecVolume.VolumePanelWindow: onStart
03-02 00:57:51.368  2746  2746 I WindowManager: WindowManagerGlobal#addView, ty=2020, view=com.android.internal.policy.DecorView{d2707c7 V.E...... R.....ID 0,0-223,712}[VolumePanelWindow], caller=android.view.WindowManagerImpl.addView:158 android.app.Dialog.show:540 com.android.systemui.volume.view.standard.VolumePanelWindow.onChanged:1950
03-02 00:57:51.368  2746  2746 I ViewRootImpl: dVRR is disabled
03-02 00:57:51.368  5235 18674 I HBD     : a [SKE_SPECIFIC] specific model[com.podcast.app.debug] loaded, 76238770 ns
03-02 00:57:51.368  2746  2870 D NativeCustomFrequencyManager: [NativeCFMS] BpCustomFrequencyManager::BpCustomFrequencyManager()
03-02 00:57:51.369  1445  2902 W C2MtkBufferManager: [0xB4000070F507E520] fetchNewCcBlock: wait fence 0x0xb4000070f5058270 timed out. ret 110
03-02 00:57:51.371  1507  1562 I SurfaceFlinger: id=157104 createSurf, flag=84004, WindowToken{7c7169f type=2020 android.os.BinderProxy@aae883e}#157104
03-02 00:57:51.372  2013  4843 D InputTransport: Input channel constructed: '6a343ec', fd=1036
03-02 00:57:51.372  2013  4843 D InputTransport: Input channel constructed: '6a343ec', fd=1074
03-02 00:57:51.372  2013  4843 D InputTransport: Input channel constructed: '6a343ec', fd=1116
03-02 00:57:51.372  2013  4843 D InputTransport: Input channel destroyed: '6a343ec', fd=1074
03-02 00:57:51.373  1507  2393 I SurfaceFlinger: id=157105 createSurf, flag=84004, 6a343ec VolumePanelWindow#157105
03-02 00:57:51.374  2013  4843 D InputTransport: Input channel destroyed: '6a343ec', fd=1116
03-02 00:57:51.374  2746  2746 D InputTransport: Input channel constructed: '6a343ec', fd=443
03-02 00:57:51.374  2746  2746 I InsetsController: onStateChanged: host=VolumePanelWindow, from=android.view.ViewRootImpl.onInsetsStateChanged:3026, state=InsetsState: {mDisplayFrame=Rect(0, 0 - 1080, 2340), mDisplayCutout=DisplayCutout{insets=Rect(0, 80 - 0, 0) waterfall=Insets{left=0, top=0, right=0, bottom=0} boundingRect={Bounds=[Rect(0, 0 - 0, 0), Rect(472, 0 - 608, 80), Rect(0, 0 - 0, 0), Rect(0, 0 - 0, 0)]} cutoutPathParserInfo={CutoutPathParserInfo{displayWidth=1080 displayHeight=2340 physicalDisplayWidth=1080 physicalDisplayHeight=2340 density={2.8125} cutoutSpec={M 0,0 H -24.177777778 V 28.4444444444 H 24.177777778 V 0 H 0 Z @dp} rotation={0} scale={1.0} physicalPixelDisplaySizeRatio={1.0}}} sideOverrides={}}, mRoundedCorners=RoundedCorners{[RoundedCorner{position=TopLeft, radius=113, center=Point(113, 113)}, RoundedCorner{position=TopRight, radius=113, center=Point(967, 113)}, RoundedCorner{position=BottomRight, radius=113, center=Point(967, 2227)}, RoundedCorner{position=BottomLeft, radius=113, center=Point(113, 2227)}]}  mRoundedCornerFrame=Rect(0, 0 - 0, 0), mPrivacyIndicatorBounds=PrivacyIndicatorBounds {static bounds=Rect(956, 0 - 1080, 80) rotation=0}, mDisplayShape=DisplayShape{ spec=-311912193 displayWidth=1080 displayHeight=2340 physicalPixelDisplaySizeRatio=1.0 rotation=0 offsetX=0 offsetY=0 scale=1.0}, mSources= { InsetsSource: {e9af0005 mType=mandatorySystemGestures mFrame=[0,0][1080,114] mVisible=true mFlags= mSideHint=TOP mBoundingRects=null}, InsetsSource: {27 mType=displayCutout mFrame=[0,0][1080,80] mVisible=true mFlags= mSideHint=TOP mBoundingRects=null}, InsetsSource: {26ed0001 mType=navigationBars mFrame=[0,2298][1080,2340] mVisible=true mFlags=SUPPRESS_SCRIM mSideHint=BOTTOM mBoundingRects=null}, InsetsSource: {26ed0004 mType=systemGestures mFrame=[0,0][84,2340] mVisible=true mFlags= mSideHint=LEFT mBoundingRects=null}, InsetsSource: {26ed0005 mType=mandatorySystemGestures mFrame=[0,2250][1080,2340] mVisible=true mFlags= mSideHint=BOTTOM mBoundingRects=null}, InsetsSource: {26ed0006 mType=tappableElement mFrame=[0,0][0,0] mVisible=true mFlags= mSideHint=NONE mBoundingRects=null}, InsetsSource: {26ed0024 mType=systemGestures mFrame=[996,0][1080,2340] mVisible=true mFlags= mSideHint=RIGHT mBoundingRects=null} }
03-02 00:57:51.375  1507  1507 I SurfaceFlinger: [WindowToken{7c7169f type=2020 android.os.BinderProxy@aae883e}#157104] attach to parent LayerHierarchy{RequestedLayerState{Leaf:22:22#31 parentId=25 z=3} 1 children}
03-02 00:57:51.375  1507  1507 I SurfaceFlinger: [6a343ec VolumePanelWindow#157105] attach to parent LayerHierarchy{RequestedLayerState{WindowToken{7c7169f type=2020 android.os.BinderProxy@aae883e}#157104 parentId=31} 1 children}
03-02 00:57:51.376  2746  2746 I VRI[VolumePanelWindow]@5c600c7: synced displayState. AttachInfo displayState=2
03-02 00:57:51.376  2746  2746 I VRI[VolumePanelWindow]@5c600c7: setView = com.android.internal.policy.DecorView@d2707c7 IsHRR=false mFlingFrameRateChange=0 TM=true
03-02 00:57:51.377  2746  2746 D SecVolume.VolumePanelStore: dispatch [ACTION_CAPTION_COMPONENT_CHANGED with [STATE_SHOW], currentAction={isFromOutside : true, isCaptionComponentEnabled : true}, currentState={activeStream=3(vol=520), stream=3(vol=520) } isPendingState : true, isShowing : true, isHasVibrator : true, isVoiceCapable : true, isSetupWizardComplete : true, isCaptionComponentEnabled : true, isMediaDefaultEnabled : true, ringerModeInternal : 2, timeOutControlsText : 0, cutoutHeight : 0, iconTargetState : 2, pinDevice : 0, activeStream : 3, iconCurrentState : 2, timeOutControls : 0, timeOut : 3000, stream : 3, earProtectLevel : 909, systemTimeNow : 491150324}
03-02 00:57:51.377  2746  2746 D SecVolume.VolumePanelStore:   > New State : [STATE_CAPTION_COMPONENT_CHANGED]
03-02 00:57:51.378  2746  2746 W WindowOnBackDispatcher: sendCancelIfRunning: isInProgress=false callback=android.app.Dialog$$ExternalSyntheticLambda4@81ba206
03-02 00:57:51.378  2013  4829 I WindowManager: Relayout Window{6a343ec u0 VolumePanelWindow}: viewVisibility=0 req=223x712 ty=2020 d0
03-02 00:57:51.379  1507  1562 I SurfaceFlinger: id=157106 createSurf, flag=44004, VolumePanelWindow$_2746#157106
03-02 00:57:51.383  2013  4829 I WindowManager: Relayout hash=6a343ec, pid=2746, syncId=-1: mAttrs={(0,557)(wrapxwrap) gr=TOP RIGHT CENTER sim={adjust=pan forwardNavigation} ty=VOLUME_OVERLAY fmt=TRANSPARENT wanim=0xffffffff surfaceInsets=Rect(6, 6 - 6, 6)
03-02 00:57:51.383  2013  4829 I WindowManager:   fl=58c0528
03-02 00:57:51.383  2013  4829 I WindowManager:   pfl=10000880
03-02 00:57:51.383  2013  4829 I WindowManager:   vsysui=500
03-02 00:57:51.383  2013  4829 I WindowManager:   bhv=2
03-02 00:57:51.383  2013  4829 I WindowManager:   fitTypes=2
03-02 00:57:51.383  2013  4829 I WindowManager:   frameRateBoostOnTouch=true
03-02 00:57:51.383  2013  4829 I WindowManager:   dvrrWindowFrameRateHint=true
03-02 00:57:51.383  2013  4829 I WindowManager:  dimAmount=0.65 dimDuration=150 naviIconColor=0}
03-02 00:57:51.384  2746  2746 D BufferQueueConsumer: [](id:aba00001e48,api:0,p:-1,c:2746) connect: controlledByApp=false
03-02 00:57:51.384  2746  2746 I BLASTBufferQueue: [VRI[VolumePanelWindow]@5c600c7#7752](f:0,a:0,s:0) constructor()
03-02 00:57:51.384  2746  2746 I BLASTBufferQueue_Java: new BLASTBufferQueue, mName= VRI[VolumePanelWindow]@5c600c7 mNativeObject= 0xb4000076e823c400 caller= android.view.ViewRootImpl.updateBlastSurfaceIfNeeded:3585 android.view.ViewRootImpl.relayoutWindow:11685 android.view.ViewRootImpl.performTraversals:4804 android.view.ViewRootImpl.doTraversal:3924 android.view.ViewRootImpl$TraversalRunnable.run:12903 android.view.Choreographer$CallbackRecord.run:1901 android.view.Choreographer$CallbackRecord.run:1910 android.view.Choreographer.doCallbacks:1367 android.view.Choreographer.doFrame:1292 android.view.Choreographer$FrameDisplayEventReceiver.run:1870
03-02 00:57:51.384  2746  2746 I BLASTBufferQueue_Java: update, w= 235 h= 724 mName = VRI[VolumePanelWindow]@5c600c7 mNativeObject= 0xb4000076e823c400 sc.mNativeObject= 0xb40000770f314b80 format= -2 caller= android.view.ViewRootImpl.updateBlastSurfaceIfNeeded:3590 android.view.ViewRootImpl.relayoutWindow:11685 android.view.ViewRootImpl.performTraversals:4804 android.view.ViewRootImpl.doTraversal:3924 android.view.ViewRootImpl$TraversalRunnable.run:12903 android.view.Choreographer$CallbackRecord.run:1901
03-02 00:57:51.384  2746  2746 I BLASTBufferQueue: [VRI[VolumePanelWindow]@5c600c7#7752](f:0,a:0,s:0) update width=235 height=724 format=-2 mTransformHint=0
03-02 00:57:51.385  2746  2746 I VRI[VolumePanelWindow]@5c600c7: Relayout returned: old=(0,80,1080,2298) new=(857,557,1080,1269) relayoutAsync=false req=(223,712)0 dur=6 res=0x3 s={true 0xb40000770f4ad000} ch=true seqId=0
03-02 00:57:51.385  2746  2746 I VRI[VolumePanelWindow]@5c600c7: performConfigurationChange setNightDimText nightDimLevel=0
03-02 00:57:51.386  2746  2746 D VRI[VolumePanelWindow]@5c600c7: mThreadedRenderer.initialize() mSurface={isValid=true 0xb40000770f4ad000} hwInitialized=true
03-02 00:57:51.386  1507  1507 I SurfaceFlinger: RequestedLayer [WindowToken{7c7169f type=2020 android.os.BinderProxy@aae883e}#157104] hidden!! flag  from(1) --> to(0)
03-02 00:57:51.386  1507  1507 I SurfaceFlinger: RequestedLayer [6a343ec VolumePanelWindow#157105] hidden!! flag  from(1) --> to(0)
03-02 00:57:51.386  1507  1507 I SurfaceFlinger: [VolumePanelWindow$_2746#157106] attach to parent LayerHierarchy{RequestedLayerState{6a343ec VolumePanelWindow#157105 parentId=157104} 1 children}
03-02 00:57:51.388  2746  2746 D VRI[VolumePanelWindow]@5c600c7: reportNextDraw android.view.ViewRootImpl.performTraversals:5443 android.view.ViewRootImpl.doTraversal:3924 android.view.ViewRootImpl$TraversalRunnable.run:12903 android.view.Choreographer$CallbackRecord.run:1901 android.view.Choreographer$CallbackRecord.run:1910
03-02 00:57:51.388  2746  2746 D VRI[VolumePanelWindow]@5c600c7: Setup new sync=wmsSync-VRI[VolumePanelWindow]@5c600c7#23
03-02 00:57:51.388  2746  2746 I VRI[VolumePanelWindow]@5c600c7: Creating new active sync group VRI[VolumePanelWindow]@5c600c7#24
03-02 00:57:51.389  2746  2746 D VRI[VolumePanelWindow]@5c600c7: registerCallbacksForSync syncBuffer=false
03-02 00:57:51.390  2746  2866 D VRI[VolumePanelWindow]@5c600c7: Received frameDrawingCallback syncResult=0 frameNum=1.
03-02 00:57:51.390  2746  2866 I VRI[VolumePanelWindow]@5c600c7: mWNT: t=0xb4000076e8fa7880 mBlastBufferQueue=0xb4000076e823c400 fn= 1 HdrRenderState mRenderHdrSdrRatio=1.0 caller= android.view.ViewRootImpl$12.onFrameDraw:15441 android.view.ThreadedRenderer$1.onFrameDraw:718 <bottom of call stack>
03-02 00:57:51.390  2746  2866 I VRI[VolumePanelWindow]@5c600c7: Setting up sync and frameCommitCallback
03-02 00:57:51.395  2746  2870 I BLASTBufferQueue: [VRI[VolumePanelWindow]@5c600c7#7752](f:0,a:0,s:0) onFrameAvailable the first frame is available
03-02 00:57:51.395  2746  2870 I BLASTBufferQueue: [VRI[VolumePanelWindow]@5c600c7#7752](f:0,a:1,s:0) acquireNextBufferLocked size=235x724 mFrameNumber=1 applyTransaction=true mTimestamp=491150396150735(auto) mPendingTransactions.size=0 graphicBufferId=11793980283984 transform=0
03-02 00:57:51.396  2746  2870 I VRI[VolumePanelWindow]@5c600c7: Received frameCommittedCallback lastAttemptedDrawFrameNum=1 didProduceBuffer=true
03-02 00:57:51.397  2746  2870 D HWUI    : CFMS:: SetUp Pid : 2746    Tid : 2870
03-02 00:57:51.397  2746  2746 D VRI[VolumePanelWindow]@5c600c7: reportDrawFinished seqId=0
03-02 00:57:51.400  2013  4843 I RefreshRateTokenController: Adding refreshRateToken={ RefreshRateToken[->RefreshRateMinLimitToken:VolumePanelView, mRefreshRate:60 acquire at 491150401 (now)}, caller=com.android.server.display.mode.RefreshRateController.createRefreshRateMinLimitToken:32 com.android.server.display.DisplayManagerService$BinderService.acquireRefreshRateMinLimitToken:29 android.hardware.display.IDisplayManager$Stub.onTransact:1936 android.os.Binder.execTransactInternal:1462 android.os.Binder.execTransact:1401
03-02 00:57:51.401  2746  2746 D VolumePanelView: enableRefreshRateMinLimit
03-02 00:57:51.401  2746  2870 D HWUI    : HWUI - treat SMPTE_170M as sRGB
03-02 00:57:51.402  2013  4843 D WindowManager: takeScreenshotToTargetWindow: display=0, target=2036, containsTarget=true, crop=Rect(909, 609 - 1027, 1200), w=118, h=591, useIdentityTransform=true, ignorePolicy=true, caller=com.android.server.wm.WindowManagerService.takeScreenshotToTargetWindowFromCapture:52 com.android.server.wm.WindowManagerService.takeScreenshotToTargetWindow:14 android.view.IWindowManager$Stub.onTransact:4171
03-02 00:57:51.402  2013  4843 D WindowManager: takeScreenshotToTargetWindow: targetSurface=null, sourceCrop=Rect(909, 609 - 1027, 1200)
03-02 00:57:51.403  2013  4843 I SurfaceComposerClient: captureDisplay:default, 118x591
03-02 00:57:51.404  1507  1562 I SurfaceFlinger: captureDisplay:layerHandle is a NULL
03-02 00:57:51.407  1445 18689 W C2MtkBufferManager: [0xB4000070F68A8D20] fetchNewCcBlock: wait fence 0x0xb4000070f692fcb0 timed out. ret 110
03-02 00:57:51.408  1507  1562 I SurfaceFlinger: Capture layer list: 	 Background for 68eb87 SurfaceView[com.zhiliaoapp.musically/com.ss.android.ugc.aweme.splash.SplashActivity]@0#157075(seamlessTransition:0)
03-02 00:57:51.408  1507  1562 I SurfaceFlinger: Capture layer list: 	 Background for 7086fb SurfaceView[com.zhiliaoapp.musically/com.ss.android.ugc.aweme.splash.SplashActivity]@0#157078(seamlessTransition:0)
03-02 00:57:51.408  1507  1562 I SurfaceFlinger: Capture layer list: 	 Background for 836459b SurfaceView[com.zhiliaoapp.musically/com.ss.android.ugc.aweme.splash.SplashActivity]@0#157081(seamlessTransition:0)
03-02 00:57:51.408  1507  1562 I SurfaceFlinger: Capture layer list: 	 7086fb SurfaceView[com.zhiliaoapp.musically/com.ss.android.ugc.aweme.splash.SplashActivity]@0(BLAST)#157077(seamlessTransition:0)
03-02 00:57:51.408  1507  1562 I SurfaceFlinger: Capture layer list: 	 com.zhiliaoapp.musically/com.ss.android.ugc.aweme.splash.SplashActivity$_14885#157069(seamlessTransition:0)
