03-02 00:57:11.084  1444  1808 D MDP     : [PQSession] getDpPqConfig() id[a] enable[1], scenario[1]
03-02 00:57:11.084  1444  1808 D MDP     : [PQSession] getDpPqConfig() enSharp[1] enDC[0] enColor[0] enHDR[0] enHDRVivid[0] enUR[0] enReFocus[0] enCcorr[1] enDRE[0] enHFG[0] enAIPQ[0] enAISDR2HDR[0] enAIRegionPQ[0] mAdaptiveEnable[0]
03-02 00:57:11.084  1444  1808 D MDP     : [PQSession] setPQDREParam userId[0x0] scenario[1] enDRE[0]
03-02 00:57:11.084  1444  1808 D MDP     : [PQSessionManager] findVideoID[f6840820] found on index a
03-02 00:57:11.084  1444  1808 D PQ_HDR  : DpAsyncBlit: job:(2070699 124) in:(720, 1280)[720 368] C8s P1.1.1.0.1, alpha 0, sec0 flush:0 Buffer 1035349: plane=3 bufVA={0x7c,0x7c,0x7c} bufMVA={0x0,0x0,0x0} bufSize={0xe1000,0x39800,0x39800} proxy={0xb40000747320b7a0,0x0,0x0}fence=-1
03-02 00:57:11.084  1444  1808 D PQ_HDR  : DpAsyncBlit: out 0:(146, 1920)[2176 0] C5 P1.1.1.0.1 R:0 F:0 S:1 A:0 HDR:0 COLOR:0 CCORR:1 sec0 flush:0 Buffer 1035349: plane=1 bufVA={0x8b,0x0,0x0} bufMVA={0x0,0x0,0x0} bufSize={0x4db200,0x0,0x0} proxy={0xb40000747320b640,0x0,0x0}fence=-1
03-02 00:57:11.084  1444  1808 D PQ_HDR  : DpAsyncBlit: crop 0:(0.0, 0.0, 96.0, 1280.0) compose:(0, 0, 145, 1920)
03-02 00:57:11.085  1444  1808 D MDP     : [PQSessionManager] PQSessionManager::getPQSession id[a]
03-02 00:57:11.085  1444  1808 D MDP     : [PQSessionManager] getPQSessionListHandle id[a]
03-02 00:57:11.085  1444  1808 D MDP     : [PQSessionManager] getPQSessionListHandle, find id[a]
03-02 00:57:11.085  1444  1808 D MDP     : [PQSessionManager] PQSessionManager::getPQSession id[a]
03-02 00:57:11.085  1444  1808 D MDP     : [PQSessionManager] getPQSessionListHandle id[a]
03-02 00:57:11.085  1444  1808 D MDP     : [PQSessionManager] getPQSessionListHandle, find id[a]
03-02 00:57:11.085  1444  1808 D MDP     : PQSession:setPipeNum m_PipeNum[1] value[1] ID[a] DCPath[0] DCDone[0] addr[732261df]
03-02 00:57:11.085  1444  1808 D MDP     : [PQSession] getDpPqConfig() id[a] enable[1], scenario[1]
03-02 00:57:11.085  1444  1808 D MDP     : [PQSession] getDpPqConfig() enSharp[1] enDC[0] enColor[0] enHDR[0] enHDRVivid[0] enUR[0] enReFocus[0] enCcorr[1] enDRE[0] enHFG[0] enAIPQ[0] enAISDR2HDR[0] enAIRegionPQ[0] mAdaptiveEnable[0]
03-02 00:57:11.085  1444  1808 D PQ      : [PQRSZConfig] PQRSZConfig::getUREnableStatus = 1
03-02 00:57:11.085  1444  1808 D MDP     : [PQSessionManager] PQSessionManager::getPQSession id[a]
03-02 00:57:11.085  1444  1808 D MDP     : [PQSessionManager] getPQSessionListHandle id[a]
03-02 00:57:11.085  1444  1808 D MDP     : [PQSessionManager] getPQSessionListHandle, find id[a]
03-02 00:57:11.085  1444  1808 D AAL     : [PQEngineInterface] DpEngineTDSHPConfigFrame(0) pqSessionId = a
03-02 00:57:11.085  1444  1808 D MDP     : [PQSession] getDpPqConfig() id[a] enable[1], scenario[1]
03-02 00:57:11.085  1444  1808 D MDP     : [PQSession] getDpPqConfig() enSharp[1] enDC[0] enColor[0] enHDR[0] enHDRVivid[0] enUR[0] enReFocus[0] enCcorr[1] enDRE[0] enHFG[0] enAIPQ[0] enAISDR2HDR[0] enAIRegionPQ[0] mAdaptiveEnable[0]
03-02 00:57:11.085  1444  1808 D AAL     : [PQEngineInterface] DpEngineTDSHPConfigFrame(0) tdshpEnable(1) enSharp(1) enDC(0) enHFG(0)
03-02 00:57:11.085  1444  1808 D MDP     : PQSession:setPipeNum m_PipeNum[1] value[1] ID[a] DCPath[0] DCDone[0] addr[732261df]
03-02 00:57:11.085  1444  1808 D AAL     : [PQEngineInterface] DpEngineTDSHPConfigFrame(0) adl_enable = 0
03-02 00:57:11.085  1444  1808 D PQ      : [PQHFGConfig] PQHFGConfig::isEnabled = 2
03-02 00:57:11.085  1444  1808 D MDP     : [PQSession] getDpPqConfig() id[a] enable[1], scenario[1]
03-02 00:57:11.085  1444  1808 D MDP     : [PQSession] getDpPqConfig() enSharp[1] enDC[0] enColor[0] enHDR[0] enHDRVivid[0] enUR[0] enReFocus[0] enCcorr[1] enDRE[0] enHFG[0] enAIPQ[0] enAISDR2HDR[0] enAIRegionPQ[0] mAdaptiveEnable[0]
03-02 00:57:11.085  1444  1808 D AAL     : [PQEngineInterface] DpEngineTDSHPConfigFrame(0) hfg_enable = 0
03-02 00:57:11.085  1444  1808 D AAL     : PQEngineInterface] DpEngineTDSHPConfigFrame(0) shp_enable = 0
03-02 00:57:11.086  1444  1808 D MDP     : [PQSessionManager] PQSessionManager::getPQSession id[a]
03-02 00:57:11.086  1444  1808 D MDP     : [PQSessionManager] getPQSessionListHandle id[a]
03-02 00:57:11.086  1444  1808 D MDP     : [PQSessionManager] getPQSessionListHandle, find id[a]
03-02 00:57:11.086  1444  1808 D MDP     : [PQSession] getDpPqConfig() id[a] enable[1], scenario[1]
03-02 00:57:11.086  1444  1808 D MDP     : [PQSession] getDpPqConfig() enSharp[1] enDC[0] enColor[0] enHDR[0] enHDRVivid[0] enUR[0] enReFocus[0] enCcorr[1] enDRE[0] enHFG[0] enAIPQ[0] enAISDR2HDR[0] enAIRegionPQ[0] mAdaptiveEnable[0]
03-02 00:57:11.086  1444  1808 W AAL     : DpEngine_AAL: relay 1
03-02 00:57:11.086  1444  1808 D AAL     : [PQEngineInterface] DpEngineTDSHPConfigTile(0) InpSize: 146, 1920, OutSize: 146, 1920
03-02 00:57:11.086  1444  1808 D MDP     : [PQSessionManager] PQSessionManager::getPQSession id[a]
03-02 00:57:11.086  1444  1808 D MDP     : [PQSessionManager] getPQSessionListHandle id[a]
03-02 00:57:11.086  1444  1808 D MDP     : [PQSessionManager] getPQSessionListHandle, find id[a]
03-02 00:57:11.086  1444  1808 D PQ      : [PQHFGConfig] PQHFGConfig::isEnabled = 2
03-02 00:57:11.086  1444  1808 D MDP     : [PQSession] getDpPqConfig() id[a] enable[1], scenario[1]
03-02 00:57:11.086  1444  1808 D MDP     : [PQSession] getDpPqConfig() enSharp[1] enDC[0] enColor[0] enHDR[0] enHDRVivid[0] enUR[0] enReFocus[0] enCcorr[1] enDRE[0] enHFG[0] enAIPQ[0] enAISDR2HDR[0] enAIRegionPQ[0] mAdaptiveEnable[0]
03-02 00:57:11.086  1444  1808 D AAL     : [PQEngineInterface] DpEngineAALCongTile(0) MDP_aal_size = 6292736
03-02 00:57:11.086  1444  1808 D AAL     : [PQEngineInterface(1791345034)::MDP_AAL_output_offset = 0
03-02 00:57:11.086  1444  1808 D AAL     : [PQEngineInterface] DpEngineAALCongTile(0) MDP_AAL_output_size = 6292736
03-02 00:57:11.086  1444  1808 D AAL     : [PQEngineInterface] DpEngineAALCongTile(0) inTileXRight = 95, inTileXLeft = 0
03-02 00:57:11.086  1444  1808 D AAL     : [PQEngineInterface] DpEngineAALCongTile(0) inTileYBottom = 95, inTileYTop = 0
03-02 00:57:11.086  1444  1808 D AAL     : [PQEngineInterface] DpEngineAALCongTile(0) outTileXRight = 1279, outTileXLeft = 0
03-02 00:57:11.086  1444  1808 D AAL     : [PQEngineInterface] DpEngineAALCongTile(0) m_outTileYBottom = 1279, m_outTileYTop = 0
03-02 00:57:11.086  1444  1808 D MDP     : [PQSessionManager] PQSessionManager::getPQSession id[a]
03-02 00:57:11.086  1444  1808 D MDP     : [PQSessionManager] getPQSessionListHandle id[a]
03-02 00:57:11.086  1444  1808 D MDP     : [PQSessionManager] getPQSessionListHandle, find id[a]
03-02 00:57:11.086  1444  1808 D AAL     : [PQEngineInterface] DpEngineAALCongTile(0)cropOffset[X, Y]=[1, 0], crop[Wid, Hei]=[0, 96]
03-02 00:57:11.086 17121 17121 D InputTransport: Input channel destroyed: 'ClientS', fd=152
03-02 00:57:11.086  1444  1808 D MDP     : [PQSessionManager] PQSessionManager::getPQSession id[a]
03-02 00:57:11.086  1444  1808 D MDP     : [PQSessionManager] getPQSessionListHandle id[a]
03-02 00:57:11.086  1444  1808 D MDP     : [PQSessionManager] getPQSessionListHandle, find id[a]
03-02 00:57:11.086  1444  1808 D AAL     : [PQEngineInterface] DpEngineHDRConfigTile(0) outTileXLeft = 0, outTileXRight = 95
03-02 00:57:11.086  1444  1808 D AAL     : [PQEngineInterface] DpEngineHDRConfigTile(0) inTileXLeft = 0, inTileXRight = 95
03-02 00:57:11.086  1444  1808 D AAL     : [PQEngineInterface] DpEngineHDRConfigTile(0) HDR_out_start_x = 0, HDR_out_end_x = 95, src h: 96,v: 1280
03-02 00:57:11.086  1444  1808 D AAL     : [PQEngineInterface] DpEngineHDRConfigTile(0) HDR_hist_end_x = 0, HDR_hist_begin_x = 0
03-02 00:57:11.086  1444  1808 D AAL     : [PQEngineInterface] DpEngineHDRConfigTile(0) HDR_first_tile = 0, HDR_last_tile = 0
03-02 00:57:11.086  1444  1808 D AAL     : [PQEngineInterface] DpEngineHDRConfigTile(0) inFrameWidth = 96 , middlePosX = 0
03-02 00:57:11.086  1444  1808 D MDP     : [PQSessionManager] PQSessionManager::getPQSession id[a]
03-02 00:57:11.086  1444  1808 D MDP     : [PQSessionManager] getPQSessionListHandle id[a]
03-02 00:57:11.086  1444  1808 D MDP     : [PQSessionManager] getPQSessionListHandle, find id[a]
03-02 00:57:11.086  1444  1808 D MDP     : [PQSessionManager] PQSessionManager::getPQSession id[a]
03-02 00:57:11.086  1444  1808 D MDP     : [PQSessionManager] getPQSessionListHandle id[a]
03-02 00:57:11.086  1444  1808 D MDP     : [PQSessionManager] getPQSessionListHandle, find id[a]
03-02 00:57:11.087 14636 14636 D WM-WorkerWrapper: Starting work for com.urbanairship.job.AirshipWorker
03-02 00:57:11.087 14636 14636 V Ana Vodafone - UALib: AirshipWorker - Running job: JobInfo{action='ACTION_UPDATE_CHANNEL', airshipComponentName='com.urbanairship.channel.AirshipChannel', isNetworkAccessRequired=true, minDelayMs=0, conflictStrategy=2, initialBackOffMs=30000, extras={}, rateLimitIds=[]}, work Id: f23029b8-b7a3-4a93-aaf6-b7c7a26dfe9e run attempt: 283
03-02 00:57:11.088 14636 14636 V Ana Vodafone - UALib: JobDispatcher - Running job: JobInfo{action='ACTION_UPDATE_CHANNEL', airshipComponentName='com.urbanairship.channel.AirshipChannel', isNetworkAccessRequired=true, minDelayMs=0, conflictStrategy=2, initialBackOffMs=30000, extras={}, rateLimitIds=[]}, run attempt: 283
03-02 00:57:11.088  1444  1809 D MDP     : [PQSessionManager] PQSessionManager::getPQSession id[a]
03-02 00:57:11.088  1444  1809 D MDP     : [PQSessionManager] getPQSessionListHandle id[a]
03-02 00:57:11.088  1444  1809 D MDP     : [PQSessionManager] getPQSessionListHandle, find id[a]
03-02 00:57:11.089  1444  1809 D MDP     : [PQSessionManager] findVideoID[f6840820] found on index a
03-02 00:57:11.090 14885 15878 W NaviWarn: StackPtr is not 8-byte aligned.
03-02 00:57:11.094  1444  1444 I hwcomposer: [DBQ] (q2:0xb4000074f4d1c000) Reallocate Slot(1), pool(0 -> -159119328) size(0 -> 5054400) secure(0 -> 0)
03-02 00:57:11.094 10943 10943 I AudioPathManager: loadAudioPath() : loaded audio path is speaker (0)
03-02 00:57:11.094 10943 10943 I ModelUtil: isHighEndModel() : this model is SM-A155F
03-02 00:57:11.094 10943 10943 I EffectManager: isSupportDolbyAtmosOnThisAudioPath() : path is speaker (0)
03-02 00:57:11.094 10943 10943 I AudioPathManager: loadAudioPath() : loaded audio path is speaker (0)
03-02 00:57:11.094 10943 10943 I EffectManager: isSupportVolumeNormalizationOnCurrentAudioPath() : path is speaker (0)
03-02 00:57:11.094 10943 10943 I DVFSHelper: isNecessaryToBoostCPU() : isDolbyOn? false, isUHQUpscalerOn? false, isVoiceBoostOn? false, isVolumeNormalizationOn? false
03-02 00:57:11.094 10943 10943 I DVFSHelper: acquireBoostingCPU() : stop boosting cpu
03-02 00:57:11.096  2746  2865 I VRI[test]@4a0e2fc: mWNT: t=0xb4000076ae539900 mBlastBufferQueue=0xb40000771f64b400 fn= 2 HdrRenderState mRenderHdrSdrRatio=1.0 caller= android.view.SyncRtSurfaceTransactionApplier.applyTransaction:100 android.view.SyncRtSurfaceTransactionApplier.lambda$scheduleApply$0:73 android.view.SyncRtSurfaceTransactionApplier.$r8$lambda$afI4fXg3U3-nBZQEDQMiNy-B06s:0
03-02 00:57:11.096  2746  2865 I VRI[test]@4a0e2fc: mWNT: t=0xb4000076ae53a500 mBlastBufferQueue=0xb40000771f64b400 fn= 2 HdrRenderState mRenderHdrSdrRatio=1.0 caller= android.view.SyncRtSurfaceTransactionApplier.applyTransaction:100 android.view.SyncRtSurfaceTransactionApplier.lambda$scheduleApply$0:73 android.view.SyncRtSurfaceTransactionApplier.$r8$lambda$afI4fXg3U3-nBZQEDQMiNy-B06s:0
03-02 00:57:11.096 10943 10943 I AudioPathManager: loadAudioPath() : loaded audio path is speaker (0)
03-02 00:57:11.096 10943 10943 I ModelUtil: isHighEndModel() : this model is SM-A155F
03-02 00:57:11.096 10943 10943 I EffectManager: isSupportDolbyAtmosOnThisAudioPath() : path is speaker (0)
03-02 00:57:11.096 10943 10943 I AudioPathManager: loadAudioPath() : loaded audio path is speaker (0)
03-02 00:57:11.096 10943 10943 I EffectManager: isSupportVolumeNormalizationOnCurrentAudioPath() : path is speaker (0)
03-02 00:57:11.096 10943 10943 I DVFSHelper: isNecessaryToBoostCPU() : isDolbyOn? false, isUHQUpscalerOn? false, isVoiceBoostOn? false, isVolumeNormalizationOn? false
03-02 00:57:11.096  1444  1444 I hwcomposer: [DBQ] (q2:0xb4000074f4d1c000) Alloc Slot(1), handle=0xb4000074f4c24340 c=0 w=1080 h=2340 p=1088 ys=1088 vs=2340 f=268 sec=0 sh=0, usage=0x800
03-02 00:57:11.097  1444  1808 D MDP     : [PQSessionManager] findVideoID[f6840820] found on index a
03-02 00:57:11.097  1444  1808 D MDP     : [PQSessionManager] createPQSession(a) user(0xb4000074f4d46d80)
03-02 00:57:11.097  1444  1808 D MDP     : [PQSessionManager] Duplicated ID[a] found, please check if double createPQSession!
03-02 00:57:11.097  1444  1808 D MDP     : [PQSessionManager] getPQSessionListHandle id[a]
03-02 00:57:11.097  1444  1808 D MDP     : [PQSessionManager] getPQSessionListHandle, find id[a]
03-02 00:57:11.097  1444  1808 D MDP     : [PQSession] incRefCount id[a] user[0xb4000074f4d46d80] existed
03-02 00:57:11.097  1444  1808 D MDP     : [PQSession] incRefCount id[a] user[0xb4000074f4d46d80] numOfUser[1]
03-02 00:57:11.097  1444  1808 D MDP     : [PQSession] numElements[0] key[0] metaData[0]
03-02 00:57:11.097  1444  1808 D MDP     : [PQSession] setPQParam() id[a] enable[1], scenario[1]
03-02 00:57:11.097  1444  1808 D MDP     : [PQSession] video TS [10633]
03-02 00:57:11.097  1444  1808 D PQ      : PQDSConfig::getEnableStatus check1  time 0 ms
03-02 00:57:11.097  1444  1808 D PQ      : [PQDSConfig] PQDSConfig::getEnableStatus = 1
03-02 00:57:11.097  1444  1808 D PQ      : [PQDSConfig] m_TDSHPTableInit 1
03-02 00:57:11.097  1444  1808 D PQ      : [PQDSConfig] getAshmemContext(SHP_ENABLE) = 1
03-02 00:57:11.097  1444  1808 D PQ      : PQDSConfig::getEnableStatus check2  time 0 ms
03-02 00:57:11.097  1444  1808 D PQ      : [PQDSConfig] PQDSConfig::getUREnableStatus = 1
03-02 00:57:11.097  1444  1808 D MDP     : [PQSession] setDpPqConfig m_svp = 0, enDRE = 0
03-02 00:57:11.097  1444  1808 D MDP     : setPQParam globalPQSupport = [0] globalPQSwitch = [0] globalPQStrength = [0] globalPQType = [0]
03-02 00:57:11.097  1444  1808 D MDP     : [PQSession] setPQparam userId[0x0], scenario[1], enDRE[0]
03-02 00:57:11.097  1444  1808 D MDP     : [PQSession] getDpPqConfig() id[a] enable[1], scenario[1]
03-02 00:57:11.097  1444  1808 D MDP     : [PQSession] getDpPqConfig() enSharp[1] enDC[0] enColor[0] enHDR[0] enHDRVivid[0] enUR[0] enReFocus[0] enCcorr[1] enDRE[0] enHFG[0] enAIPQ[0] enAISDR2HDR[0] enAIRegionPQ[0] mAdaptiveEnable[0]
03-02 00:57:11.097  1444  1808 D MDP     : [PQSession] setPQDREParam userId[0x0] scenario[1] enDRE[0]
03-02 00:57:11.097  1444  1808 D MDP     : [PQSessionManager] findVideoID[f6840820] found on index a
03-02 00:57:11.097  1444  1808 D PQ_HDR  : DpAsyncBlit: job:(2070701 142) in:(720, 1280)[720 368] C8s P1.1.1.0.1, alpha 0, sec0 flush:0 Buffer 1035350: plane=3 bufVA={0x8e,0x8e,0x8e} bufMVA={0x0,0x0,0x0} bufSize={0xe1000,0x39800,0x39800} proxy={0xb40000747320b820,0x0,0x0}fence=-1
03-02 00:57:11.097  1444  1808 D PQ_HDR  : DpAsyncBlit: out 0:(238, 1920)[2176 0] C5 P1.1.1.0.1 R:0 F:0 S:1 A:0 HDR:0 COLOR:0 CCORR:1 sec0 flush:0 Buffer 1035350: plane=1 bufVA={0x94,0x0,0x0} bufMVA={0x0,0x0,0x0} bufSize={0x4db200,0x0,0x0} proxy={0xb40000747320b400,0x0,0x0}fence=-1
03-02 00:57:11.097  1444  1808 D PQ_HDR  : DpAsyncBlit: crop 0:(0.0, 0.0, 159.0, 1280.0) compose:(0, 0, 238, 1920)
03-02 00:57:11.098  1444  1808 D MDP     : [PQSessionManager] PQSessionManager::getPQSession id[a]
03-02 00:57:11.098  1444  1808 D MDP     : [PQSessionManager] getPQSessionListHandle id[a]
03-02 00:57:11.098  1444  1808 D MDP     : [PQSessionManager] getPQSessionListHandle, find id[a]
03-02 00:57:11.098  1444  1808 D MDP     : [PQSessionManager] PQSessionManager::getPQSession id[a]
03-02 00:57:11.098  1444  1808 D MDP     : [PQSessionManager] getPQSessionListHandle id[a]
03-02 00:57:11.098  1444  1808 D MDP     : [PQSessionManager] getPQSessionListHandle, find id[a]
03-02 00:57:11.098  1444  1808 D MDP     : PQSession:setPipeNum m_PipeNum[1] value[1] ID[a] DCPath[0] DCDone[0] addr[732261df]
03-02 00:57:11.098  1444  1808 D MDP     : [PQSession] getDpPqConfig() id[a] enable[1], scenario[1]
03-02 00:57:11.098  1444  1808 D MDP     : [PQSession] getDpPqConfig() enSharp[1] enDC[0] enColor[0] enHDR[0] enHDRVivid[0] enUR[0] enReFocus[0] enCcorr[1] enDRE[0] enHFG[0] enAIPQ[0] enAISDR2HDR[0] enAIRegionPQ[0] mAdaptiveEnable[0]
03-02 00:57:11.098  1444  1808 D PQ      : [PQRSZConfig] PQRSZConfig::getUREnableStatus = 1
03-02 00:57:11.098  1444  1808 D MDP     : [PQSessionManager] PQSessionManager::getPQSession id[a]
03-02 00:57:11.098  1444  1808 D MDP     : [PQSessionManager] getPQSessionListHandle id[a]
03-02 00:57:11.098  1444  1808 D MDP     : [PQSessionManager] getPQSessionListHandle, find id[a]
03-02 00:57:11.098  1444  1808 D AAL     : [PQEngineInterface] DpEngineTDSHPConfigFrame(0) pqSessionId = a
03-02 00:57:11.098  1444  1808 D MDP     : [PQSession] getDpPqConfig() id[a] enable[1], scenario[1]
03-02 00:57:11.098  1444  1808 D MDP     : [PQSession] getDpPqConfig() enSharp[1] enDC[0] enColor[0] enHDR[0] enHDRVivid[0] enUR[0] enReFocus[0] enCcorr[1] enDRE[0] enHFG[0] enAIPQ[0] enAISDR2HDR[0] enAIRegionPQ[0] mAdaptiveEnable[0]
03-02 00:57:11.098  1444  1808 D AAL     : [PQEngineInterface] DpEngineTDSHPConfigFrame(0) tdshpEnable(1) enSharp(1) enDC(0) enHFG(0)
03-02 00:57:11.098  1444  1808 D MDP     : PQSession:setPipeNum m_PipeNum[1] value[1] ID[a] DCPath[0] DCDone[0] addr[732261df]
03-02 00:57:11.098  1444  1808 D AAL     : [PQEngineInterface] DpEngineTDSHPConfigFrame(0) adl_enable = 0
03-02 00:57:11.098  1444  1808 D PQ      : [PQHFGConfig] PQHFGConfig::isEnabled = 2
03-02 00:57:11.098  1444  1808 D MDP     : [PQSession] getDpPqConfig() id[a] enable[1], scenario[1]
03-02 00:57:11.098  1444  1808 D MDP     : [PQSession] getDpPqConfig() enSharp[1] enDC[0] enColor[0] enHDR[0] enHDRVivid[0] enUR[0] enReFocus[0] enCcorr[1] enDRE[0] enHFG[0] enAIPQ[0] enAISDR2HDR[0] enAIRegionPQ[0] mAdaptiveEnable[0]
03-02 00:57:11.098  1444  1808 D AAL     : [PQEngineInterface] DpEngineTDSHPConfigFrame(0) hfg_enable = 0
03-02 00:57:11.098  1444  1808 D AAL     : PQEngineInterface] DpEngineTDSHPConfigFrame(0) shp_enable = 0
03-02 00:57:11.098  5235  5235 I HBD     : HoneyBoardService onFinishInput
03-02 00:57:11.098  1444  1808 D MDP     : [PQSessionManager] PQSessionManager::getPQSession id[a]
03-02 00:57:11.098  1444  1808 D MDP     : [PQSessionManager] getPQSessionListHandle id[a]
03-02 00:57:11.098  1444  1808 D MDP     : [PQSessionManager] getPQSessionListHandle, find id[a]
03-02 00:57:11.098  1444  1808 D MDP     : [PQSession] getDpPqConfig() id[a] enable[1], scenario[1]
03-02 00:57:11.098  1444  1808 D MDP     : [PQSession] getDpPqConfig() enSharp[1] enDC[0] enColor[0] enHDR[0] enHDRVivid[0] enUR[0] enReFocus[0] enCcorr[1] enDRE[0] enHFG[0] enAIPQ[0] enAISDR2HDR[0] enAIRegionPQ[0] mAdaptiveEnable[0]
03-02 00:57:11.098  1444  1808 W AAL     : DpEngine_AAL: relay 1
03-02 00:57:11.098  1444  1808 D AAL     : [PQEngineInterface] DpEngineTDSHPConfigTile(0) InpSize: 238, 1920, OutSize: 238, 1920
03-02 00:57:11.098  1444  1808 D MDP     : [PQSessionManager] PQSessionManager::getPQSession id[a]
03-02 00:57:11.099  1444  1808 D MDP     : [PQSessionManager] getPQSessionListHandle id[a]
03-02 00:57:11.099  1444  1808 D MDP     : [PQSessionManager] getPQSessionListHandle, find id[a]
03-02 00:57:11.099  1444  1808 D PQ      : [PQHFGConfig] PQHFGConfig::isEnabled = 2
03-02 00:57:11.099  1444  1808 D MDP     : [PQSession] getDpPqConfig() id[a] enable[1], scenario[1]
03-02 00:57:11.099  1444  1808 D MDP     : [PQSession] getDpPqConfig() enSharp[1] enDC[0] enColor[0] enHDR[0] enHDRVivid[0] enUR[0] enReFocus[0] enCcorr[1] enDRE[0] enHFG[0] enAIPQ[0] enAISDR2HDR[0] enAIRegionPQ[0] mAdaptiveEnable[0]
03-02 00:57:11.099  1444  1808 D AAL     : [PQEngineInterface] DpEngineAALCongTile(0) MDP_aal_size = 10421504
03-02 00:57:11.099  1444  1808 D AAL     : [PQEngineInterface(1791345034)::MDP_AAL_output_offset = 0
03-02 00:57:11.099  1444  1808 D AAL     : [PQEngineInterface] DpEngineAALCongTile(0) MDP_AAL_output_size = 10421504
03-02 00:57:11.099  1444  1808 D AAL     : [PQEngineInterface] DpEngineAALCongTile(0) inTileXRight = 158, inTileXLeft = 0
03-02 00:57:11.099  1444  1808 D AAL     : [PQEngineInterface] DpEngineAALCongTile(0) inTileYBottom = 158, inTileYTop = 0
03-02 00:57:11.099  1444  1808 D AAL     : [PQEngineInterface] DpEngineAALCongTile(0) outTileXRight = 1279, outTileXLeft = 0
03-02 00:57:11.099  1444  1808 D AAL     : [PQEngineInterface] DpEngineAALCongTile(0) m_outTileYBottom = 1279, m_outTileYTop = 0
03-02 00:57:11.099  1444  1808 D MDP     : [PQSessionManager] PQSessionManager::getPQSession id[a]
03-02 00:57:11.099  1444  1808 D MDP     : [PQSessionManager] getPQSessionListHandle id[a]
03-02 00:57:11.099  1444  1808 D MDP     : [PQSessionManager] getPQSessionListHandle, find id[a]
03-02 00:57:11.099  1444  1808 D AAL     : [PQEngineInterface] DpEngineAALCongTile(0)cropOffset[X, Y]=[1, 0], crop[Wid, Hei]=[0, 159]
03-02 00:57:11.099  1444  1808 D MDP     : [PQSessionManager] PQSessionManager::getPQSession id[a]
03-02 00:57:11.099  1444  1808 D MDP     : [PQSessionManager] getPQSessionListHandle id[a]
03-02 00:57:11.099  1444  1808 D MDP     : [PQSessionManager] getPQSessionListHandle, find id[a]
03-02 00:57:11.099  1444  1808 D AAL     : [PQEngineInterface] DpEngineHDRConfigTile(0) outTileXLeft = 0, outTileXRight = 158
03-02 00:57:11.099  1444  1808 D AAL     : [PQEngineInterface] DpEngineHDRConfigTile(0) inTileXLeft = 0, inTileXRight = 158
03-02 00:57:11.099  1444  1808 D AAL     : [PQEngineInterface] DpEngineHDRConfigTile(0) HDR_out_start_x = 0, HDR_out_end_x = 158, src h: 159,v: 1280
03-02 00:57:11.099  1444  1808 D AAL     : [PQEngineInterface] DpEngineHDRConfigTile(0) HDR_hist_end_x = 0, HDR_hist_begin_x = 0
03-02 00:57:11.099  1444  1808 D AAL     : [PQEngineInterface] DpEngineHDRConfigTile(0) HDR_first_tile = 0, HDR_last_tile = 0
03-02 00:57:11.099  1444  1808 D AAL     : [PQEngineInterface] DpEngineHDRConfigTile(0) inFrameWidth = 159 , middlePosX = 0
03-02 00:57:11.099  1507  1907 I SurfaceFlinger: id=155756 createSurf, flag=24004, Surface(name=2141cda InputMethod)/@0x5ea0b56 - animation-leash of insets_animation#155756
03-02 00:57:11.099  1444  1808 D MDP     : [PQSessionManager] PQSessionManager::getPQSession id[a]
03-02 00:57:11.099  1444  1808 D MDP     : [PQSessionManager] getPQSessionListHandle id[a]
03-02 00:57:11.099  1444  1808 D MDP     : [PQSessionManager] getPQSessionListHandle, find id[a]
03-02 00:57:11.099  1444  1808 D MDP     : [PQSessionManager] PQSessionManager::getPQSession id[a]
03-02 00:57:11.099  1444  1808 D MDP     : [PQSessionManager] getPQSessionListHandle id[a]
03-02 00:57:11.099  1444  1808 D MDP     : [PQSessionManager] getPQSessionListHandle, find id[a]
03-02 00:57:11.101  5235  5235 I HBD     : a IC have been unbinding,  RemoteInputConnection{idHash=#c24d85a}
03-02 00:57:11.101  5235  5235 I HBD     : HoneyBoardService [PF_CL][onFinishInput]  3 ms
03-02 00:57:11.101  5235  5235 I HBD     : HoneyBoardService [IMI] onStartInput - caller pid : 14885 , caller uid : 10350
03-02 00:57:11.101  5235  5235 I HBD     : k updateConfigs
03-02 00:57:11.101  5235  5235 I HBD     : k isEnabledNightMode : true
03-02 00:57:11.101  5235  5235 I HBD     : a IC have been binding, RemoteInputConnection{idHash=#e6055b9}
03-02 00:57:11.101  5235  5235 I HBD     : h [EditorInputType]setPrivateImeOptionsToTable privateImeOptions ( null )
03-02 00:57:11.101  5235  5235 I HBD     : b incognitoMode : false
03-02 00:57:11.101  5235  5235 I HBD     : c needOff = true , isForceOff = false, isNullInputClass : true
03-02 00:57:11.101  1444  1809 D MDP     : [PQSessionManager] PQSessionManager::getPQSession id[a]
03-02 00:57:11.101  1444  1809 D MDP     : [PQSessionManager] getPQSessionListHandle id[a]
03-02 00:57:11.101  1444  1809 D MDP     : [PQSessionManager] getPQSessionListHandle, find id[a]
03-02 00:57:11.101  5235  5235 I HBD     : h getDefaultInputRange : UNKNOWN
03-02 00:57:11.101  5235  5235 I HBD     : h getDefaultInputRange : UNKNOWN
03-02 00:57:11.101  5235  5235 I HBD     : h getDefaultInputRange : UNKNOWN
03-02 00:57:11.101  1444  1809 D MDP     : [PQSessionManager] findVideoID[f6840820] found on index a
03-02 00:57:11.102  2013  4835 I ImeTracker: system_server:3ee42082: onRequestHide at ORIGIN_SERVER reason IME_REQUESTED_CHANGED_LISTENER fromUser false
03-02 00:57:11.103  5235  5235 I HBD     : c needOff = true , isForceOff = false, isNullInputClass : true
03-02 00:57:11.103  5235  5235 I HBD     : c update cached prediction status : false
03-02 00:57:11.103  5235  5235 I HBD     : h getDefaultInputRange : UNKNOWN
03-02 00:57:11.103  5235  5235 I HBD     : a currentState : 0
03-02 00:57:11.104  1444  1444 I hwcomposer: [DBQ] (q2:0xb4000074f4d1c000) Reallocate Slot(2), pool(0 -> -159119328) size(0 -> 5054400) secure(0 -> 0)
03-02 00:57:11.104  2013  2067 I ImeTracker: system_server:3ee42082: onCancelled at PHASE_SERVER_SHOULD_HIDE
03-02 00:57:11.105  5235  5235 I HBD     : a [UpdatePolicy] [post] a: 0 cl: 65538 kit: [0/0] vt: 0 ir: 1
03-02 00:57:11.106  5235  5235 I HBD     : a [NRIC] resetNoResponseState
03-02 00:57:11.106  5235  5235 I HBD     : c needOff = true , isForceOff = false, isNullInputClass : true
03-02 00:57:11.106  5235  5235 I HBD     : c update cached prediction status : false
03-02 00:57:11.106  5235  5235 I HBD     : b [AiWriter] setContact : com.zhiliaoapp.musically
03-02 00:57:11.106  5235  5235 I HBD     : a [AiWriter] setContact : com.zhiliaoapp.musically
03-02 00:57:11.107  5235  5235 I HBD     : o0 EBD si S 0
03-02 00:57:11.107  5235  5235 I HBD     : r updateContactDBLanguage : 65538
03-02 00:57:11.107  2746  2866 I VRI[test]@4a0e2fc: mWNT: t=0xb4000076ae53a680 mBlastBufferQueue=0xb40000771f64b400 fn= 3 HdrRenderState mRenderHdrSdrRatio=1.0 caller= android.view.SyncRtSurfaceTransactionApplier.applyTransaction:100 android.view.SyncRtSurfaceTransactionApplier.lambda$scheduleApply$0:73 android.view.SyncRtSurfaceTransactionApplier.$r8$lambda$afI4fXg3U3-nBZQEDQMiNy-B06s:0
03-02 00:57:11.107  5235  5235 I HBD     : g isCoverDisplay : false, cached selected json info : SelectedLanguageInfo(languageVersion=4.2, currentLanguageOrder=0, selectedLanguageList=[SelectedLanguage(id=65538, isUsed=true, engName=English, inputType=qwerty, activeOptionList=[auto_replace, auto_spacing, writing_assistant, prediction], bilingualId=-1), SelectedLanguage(id=5308416, isUsed=true, engName=Arabic, inputType=qwerty, activeOptionList=[auto_replace, auto_spacing, prediction], bilingualId=-1)])
03-02 00:57:11.107  1444  1444 I hwcomposer: [DBQ] (q2:0xb4000074f4d1c000) Alloc Slot(2), handle=0xb4000074f4c24c00 c=0 w=1080 h=2340 p=1088 ys=1088 vs=2340 f=268 sec=0 sh=0, usage=0x800
03-02 00:57:11.107  5235  5235 I HBD     : g updateSelectedLanguageCache is succeeded. English
03-02 00:57:11.107  1444  1808 D MDP     : [PQSessionManager] findVideoID[f6840820] found on index a
03-02 00:57:11.107  1444  1808 D MDP     : [PQSessionManager] createPQSession(a) user(0xb4000074f4d46d80)
03-02 00:57:11.107  1444  1808 D MDP     : [PQSessionManager] Duplicated ID[a] found, please check if double createPQSession!
03-02 00:57:11.107  1444  1808 D MDP     : [PQSessionManager] getPQSessionListHandle id[a]
03-02 00:57:11.107  1444  1808 D MDP     : [PQSessionManager] getPQSessionListHandle, find id[a]
03-02 00:57:11.107  1444  1808 D MDP     : [PQSession] incRefCount id[a] user[0xb4000074f4d46d80] existed
03-02 00:57:11.107  1444  1808 D MDP     : [PQSession] incRefCount id[a] user[0xb4000074f4d46d80] numOfUser[1]
03-02 00:57:11.107  1444  1808 D MDP     : [PQSession] numElements[0] key[0] metaData[0]
03-02 00:57:11.107  1444  1808 D MDP     : [PQSession] setPQParam() id[a] enable[1], scenario[1]
03-02 00:57:11.107  5235  5235 I HBD     : l writeToFile path : /data/user/0/com.samsung.android.honeyboard/files/selected.json
03-02 00:57:11.107  1444  1808 D MDP     : [PQSession] video TS [10633]
03-02 00:57:11.107  1444  1808 D PQ      : PQDSConfig::getEnableStatus check1  time 0 ms
03-02 00:57:11.107  5235  5235 I HBD     : l writeToFile json : {"version":"4.2","currentLanguageOrder":0,"selected":[{"activeOptionList":["auto_replace","auto_spacing","writing_assistant","prediction"],"bilingualId":-1,"engName":"English","id":65538,"inputType":"qwerty","isUsed":true},{"activeOptionList":["auto_replace","auto_spacing","prediction"],"bilingualId":-1,"engName":"Arabic","id":5308416,"inputType":"qwerty","isUsed":true}]}
03-02 00:57:11.107  1444  1808 D PQ      : [PQDSConfig] PQDSConfig::getEnableStatus = 1
03-02 00:57:11.107  1444  1808 D PQ      : [PQDSConfig] m_TDSHPTableInit 1
03-02 00:57:11.107  1444  1808 D PQ      : [PQDSConfig] getAshmemContext(SHP_ENABLE) = 1
03-02 00:57:11.107  1444  1808 D PQ      : PQDSConfig::getEnableStatus check2  time 0 ms
03-02 00:57:11.107  1444  1808 D PQ      : [PQDSConfig] PQDSConfig::getUREnableStatus = 1
03-02 00:57:11.107  1444  1808 D MDP     : [PQSession] setDpPqConfig m_svp = 0, enDRE = 0
03-02 00:57:11.108  1444  1808 D MDP     : setPQParam globalPQSupport = [0] globalPQSwitch = [0] globalPQStrength = [0] globalPQType = [0]
03-02 00:57:11.108  1444  1808 D MDP     : [PQSession] setPQparam userId[0x0], scenario[1], enDRE[0]
03-02 00:57:11.108  1444  1808 D MDP     : [PQSession] getDpPqConfig() id[a] enable[1], scenario[1]
03-02 00:57:11.108  1444  1808 D MDP     : [PQSession] getDpPqConfig() enSharp[1] enDC[0] enColor[0] enHDR[0] enHDRVivid[0] enUR[0] enReFocus[0] enCcorr[1] enDRE[0] enHFG[0] enAIPQ[0] enAISDR2HDR[0] enAIRegionPQ[0] mAdaptiveEnable[0]
03-02 00:57:11.108  1444  1808 D MDP     : [PQSession] setPQDREParam userId[0x0] scenario[1] enDRE[0]
03-02 00:57:11.108  1444  1808 D MDP     : [PQSessionManager] findVideoID[f6840820] found on index a
03-02 00:57:11.108  1444  1808 D PQ_HDR  : DpAsyncBlit: job:(2070703 128) in:(720, 1280)[720 368] C8s P1.1.1.0.1, alpha 0, sec0 flush:0 Buffer 1035351: plane=3 bufVA={0x80,0x80,0x80} bufMVA={0x0,0x0,0x0} bufSize={0xe1000,0x39800,0x39800} proxy={0xb40000747320b500,0x0,0x0}fence=-1
03-02 00:57:11.108  1444  1808 D PQ_HDR  : DpAsyncBlit: out 0:(350, 1920)[2176 0] C5 P1.1.1.0.1 R:0 F:0 S:1 A:0 HDR:0 COLOR:0 CCORR:1 sec0 flush:0 Buffer 1035351: plane=1 bufVA={0x86,0x0,0x0} bufMVA={0x0,0x0,0x0} bufSize={0x4db200,0x0,0x0} proxy={0xb40000747320b640,0x0,0x0}fence=-1
03-02 00:57:11.108  1444  1808 D PQ_HDR  : DpAsyncBlit: crop 0:(0.0, 0.0, 232.0, 1280.0) compose:(0, 0, 349, 1920)
03-02 00:57:11.108 12859 12960 I SGPController: onForegroundAppChanged() update=false, cn=ComponentInfo{com.zhiliaoapp.musically/com.ss.android.ugc.aweme.main.MainActivity}, r=SkRegion((0,0,198,2340)(882,0,1080,2340))
03-02 00:57:11.108  1484 10083 D AudioFlinger: setParameters: filtered dev setParameters keyvalue audioHDR=0
03-02 00:57:11.108  1509  1509 D Audio_ParameterParser: parseVendorParameters: scope: MODULE, keys/values: audioHDR=0
03-02 00:57:11.108  1444  1808 D MDP     : [PQSessionManager] PQSessionManager::getPQSession id[a]
03-02 00:57:11.108  1444  1808 D MDP     : [PQSessionManager] getPQSessionListHandle id[a]
03-02 00:57:11.108  1444  1808 D MDP     : [PQSessionManager] getPQSessionListHandle, find id[a]
03-02 00:57:11.108  1444  1808 D MDP     : [PQSessionManager] PQSessionManager::getPQSession id[a]
03-02 00:57:11.108  1444  1808 D MDP     : [PQSessionManager] getPQSessionListHandle id[a]
03-02 00:57:11.108  1444  1808 D MDP     : [PQSessionManager] getPQSessionListHandle, find id[a]
03-02 00:57:11.108  1444  1808 D MDP     : PQSession:setPipeNum m_PipeNum[1] value[1] ID[a] DCPath[0] DCDone[0] addr[732261df]
03-02 00:57:11.108  1444  1808 D MDP     : [PQSession] getDpPqConfig() id[a] enable[1], scenario[1]
03-02 00:57:11.108  1444  1808 D MDP     : [PQSession] getDpPqConfig() enSharp[1] enDC[0] enColor[0] enHDR[0] enHDRVivid[0] enUR[0] enReFocus[0] enCcorr[1] enDRE[0] enHFG[0] enAIPQ[0] enAISDR2HDR[0] enAIRegionPQ[0] mAdaptiveEnable[0]
03-02 00:57:11.108  1444  1808 D PQ      : [PQRSZConfig] PQRSZConfig::getUREnableStatus = 1
03-02 00:57:11.108  1444  1808 D MDP     : [PQSessionManager] PQSessionManager::getPQSession id[a]
03-02 00:57:11.108  1444  1808 D MDP     : [PQSessionManager] getPQSessionListHandle id[a]
03-02 00:57:11.108  1444  1808 D MDP     : [PQSessionManager] getPQSessionListHandle, find id[a]
03-02 00:57:11.108  1444  1808 D AAL     : [PQEngineInterface] DpEngineTDSHPConfigFrame(0) pqSessionId = a
03-02 00:57:11.108  1444  1808 D MDP     : [PQSession] getDpPqConfig() id[a] enable[1], scenario[1]
03-02 00:57:11.108  1444  1808 D MDP     : [PQSession] getDpPqConfig() enSharp[1] enDC[0] enColor[0] enHDR[0] enHDRVivid[0] enUR[0] enReFocus[0] enCcorr[1] enDRE[0] enHFG[0] enAIPQ[0] enAISDR2HDR[0] enAIRegionPQ[0] mAdaptiveEnable[0]
03-02 00:57:11.108  1444  1808 D AAL     : [PQEngineInterface] DpEngineTDSHPConfigFrame(0) tdshpEnable(1) enSharp(1) enDC(0) enHFG(0)
03-02 00:57:11.108  1439 32089 D AudioALSAHardware: +setParameters(): audioHDR=0
03-02 00:57:11.108  1444  1808 D MDP     : PQSession:setPipeNum m_PipeNum[1] value[1] ID[a] DCPath[0] DCDone[0] addr[732261df]
03-02 00:57:11.108  1444  1808 D AAL     : [PQEngineInterface] DpEngineTDSHPConfigFrame(0) adl_enable = 0
03-02 00:57:11.108  1444  1808 D PQ      : [PQHFGConfig] PQHFGConfig::isEnabled = 2
03-02 00:57:11.108  1444  1808 D MDP     : [PQSession] getDpPqConfig() id[a] enable[1], scenario[1]
03-02 00:57:11.108  1444  1808 D MDP     : [PQSession] getDpPqConfig() enSharp[1] enDC[0] enColor[0] enHDR[0] enHDRVivid[0] enUR[0] enReFocus[0] enCcorr[1] enDRE[0] enHFG[0] enAIPQ[0] enAISDR2HDR[0] enAIRegionPQ[0] mAdaptiveEnable[0]
03-02 00:57:11.108  1439 32089 D AudioALSAHardware: -setParameters(): audioHDR=0
03-02 00:57:11.108  1444  1808 D AAL     : [PQEngineInterface] DpEngineTDSHPConfigFrame(0) hfg_enable = 0
03-02 00:57:11.108  1444  1808 D AAL     : PQEngineInterface] DpEngineTDSHPConfigFrame(0) shp_enable = 0
03-02 00:57:11.108  1439 32089 E AHAL_Module: setVendorParameters: default: unrecognized parameter "audioHDR=0"
03-02 00:57:11.109  1484 10083 E ConversionHelperAidl: Function: parseAndSetVendorParameters Line: 94 Failed
03-02 00:57:11.109  1509  1509 D Audio_ParameterParser: parseVendorParameters: scope: MODULE, keys/values: audioHDR=0
03-02 00:57:11.109  1444  1808 D MDP     : [PQSessionManager] PQSessionManager::getPQSession id[a]
03-02 00:57:11.109  1444  1808 D MDP     : [PQSessionManager] getPQSessionListHandle id[a]
03-02 00:57:11.109  1444  1808 D MDP     : [PQSessionManager] getPQSessionListHandle, find id[a]
03-02 00:57:11.109  1444  1808 D MDP     : [PQSession] getDpPqConfig() id[a] enable[1], scenario[1]
03-02 00:57:11.109  1444  1808 D MDP     : [PQSession] getDpPqConfig() enSharp[1] enDC[0] enColor[0] enHDR[0] enHDRVivid[0] enUR[0] enReFocus[0] enCcorr[1] enDRE[0] enHFG[0] enAIPQ[0] enAISDR2HDR[0] enAIRegionPQ[0] mAdaptiveEnable[0]
03-02 00:57:11.109  1444  1808 W AAL     : DpEngine_AAL: relay 1
03-02 00:57:11.109  1444  1808 D AAL     : [PQEngineInterface] DpEngineTDSHPConfigTile(0) InpSize: 350, 1920, OutSize: 350, 1920
03-02 00:57:11.109  1444  1808 D MDP     : [PQSessionManager] PQSessionManager::getPQSession id[a]
03-02 00:57:11.109  1444  1808 D MDP     : [PQSessionManager] getPQSessionListHandle id[a]
03-02 00:57:11.109  1444  1808 D MDP     : [PQSessionManager] getPQSessionListHandle, find id[a]
03-02 00:57:11.109  1444  1808 D PQ      : [PQHFGConfig] PQHFGConfig::isEnabled = 2
03-02 00:57:11.109  1444  1808 D MDP     : [PQSession] getDpPqConfig() id[a] enable[1], scenario[1]
03-02 00:57:11.109  1444  1808 D MDP     : [PQSession] getDpPqConfig() enSharp[1] enDC[0] enColor[0] enHDR[0] enHDRVivid[0] enUR[0] enReFocus[0] enCcorr[1] enDRE[0] enHFG[0] enAIPQ[0] enAISDR2HDR[0] enAIRegionPQ[0] mAdaptiveEnable[0]
03-02 00:57:11.109  1444  1808 D AAL     : [PQEngineInterface] DpEngineAALCongTile(0) MDP_aal_size = 15205632
03-02 00:57:11.109  1444  1808 D AAL     : [PQEngineInterface(1791345034)::MDP_AAL_output_offset = 0
03-02 00:57:11.109  1444  1808 D AAL     : [PQEngineInterface] DpEngineAALCongTile(0) MDP_AAL_output_size = 15205632
03-02 00:57:11.109  1444  1808 D AAL     : [PQEngineInterface] DpEngineAALCongTile(0) inTileXRight = 231, inTileXLeft = 0
03-02 00:57:11.109  1444  1808 D AAL     : [PQEngineInterface] DpEngineAALCongTile(0) inTileYBottom = 231, inTileYTop = 0
03-02 00:57:11.109  1444  1808 D AAL     : [PQEngineInterface] DpEngineAALCongTile(0) outTileXRight = 1279, outTileXLeft = 0
03-02 00:57:11.109  1444  1808 D AAL     : [PQEngineInterface] DpEngineAALCongTile(0) m_outTileYBottom = 1279, m_outTileYTop = 0
03-02 00:57:11.109  1444  1808 D MDP     : [PQSessionManager] PQSessionManager::getPQSession id[a]
03-02 00:57:11.109  1444  1808 D MDP     : [PQSessionManager] getPQSessionListHandle id[a]
03-02 00:57:11.109  1444  1808 D MDP     : [PQSessionManager] getPQSessionListHandle, find id[a]
03-02 00:57:11.109  1444  1808 D AAL     : [PQEngineInterface] DpEngineAALCongTile(0)cropOffset[X, Y]=[1, 0], crop[Wid, Hei]=[0, 232]
03-02 00:57:11.109  1444  1808 D MDP     : [PQSessionManager] PQSessionManager::getPQSession id[a]
03-02 00:57:11.109  1444  1808 D MDP     : [PQSessionManager] getPQSessionListHandle id[a]
03-02 00:57:11.109  1444  1808 D MDP     : [PQSessionManager] getPQSessionListHandle, find id[a]
03-02 00:57:11.109  1444  1808 D AAL     : [PQEngineInterface] DpEngineHDRConfigTile(0) outTileXLeft = 0, outTileXRight = 231
03-02 00:57:11.109  1444  1808 D AAL     : [PQEngineInterface] DpEngineHDRConfigTile(0) inTileXLeft = 0, inTileXRight = 231
03-02 00:57:11.109  1444  1808 D AAL     : [PQEngineInterface] DpEngineHDRConfigTile(0) HDR_out_start_x = 0, HDR_out_end_x = 231, src h: 232,v: 1280
03-02 00:57:11.109  1444  1808 D AAL     : [PQEngineInterface] DpEngineHDRConfigTile(0) HDR_hist_end_x = 0, HDR_hist_begin_x = 0
03-02 00:57:11.109  1444  1808 D AAL     : [PQEngineInterface] DpEngineHDRConfigTile(0) HDR_first_tile = 0, HDR_last_tile = 0
03-02 00:57:11.109  1444  1808 D AAL     : [PQEngineInterface] DpEngineHDRConfigTile(0) inFrameWidth = 232 , middlePosX = 0
03-02 00:57:11.109  1444  1808 D MDP     : [PQSessionManager] PQSessionManager::getPQSession id[a]
03-02 00:57:11.109  1444  1808 D MDP     : [PQSessionManager] getPQSessionListHandle id[a]
03-02 00:57:11.109  1444  1808 D MDP     : [PQSessionManager] getPQSessionListHandle, find id[a]
03-02 00:57:11.109  1444  1808 D MDP     : [PQSessionManager] PQSessionManager::getPQSession id[a]
03-02 00:57:11.109  1444  1808 D MDP     : [PQSessionManager] getPQSessionListHandle id[a]
03-02 00:57:11.109  1444  1808 D MDP     : [PQSessionManager] getPQSessionListHandle, find id[a]
03-02 00:57:11.109  1507  1507 I SurfaceFlinger: [Surface(name=2141cda InputMethod)/@0x5ea0b56 - animation-leash of insets_animation#155756] attach to parent LayerHierarchy{RequestedLayerState{WindowToken{4048e94 type=2011 android.os.Binder@219c2e7}#143 parentId=15} 2 children}
03-02 00:57:11.111  1509  1509 D Audio_ParameterParser: parseVendorParameters: scope: MODULE, keys/values: audioHDR=0
03-02 00:57:11.112  1439 32089 D AHAL_ModuleBluetooth: setVendorParameters unrecognized parameter: audioHDR=0
03-02 00:57:11.112  1444  1809 D MDP     : [PQSessionManager] PQSessionManager::getPQSession id[a]
03-02 00:57:11.112  1444  1809 D MDP     : [PQSessionManager] getPQSessionListHandle id[a]
03-02 00:57:11.112  1444  1809 D MDP     : [PQSessionManager] getPQSessionListHandle, find id[a]
03-02 00:57:11.112  1444  1809 D MDP     : [PQSessionManager] findVideoID[f6840820] found on index a
03-02 00:57:11.112  2746  2865 I VRI[test]@4a0e2fc: mWNT: t=0xb4000076ae53a800 mBlastBufferQueue=0xb40000771f64b400 fn= 4 HdrRenderState mRenderHdrSdrRatio=1.0 caller= android.view.SyncRtSurfaceTransactionApplier.applyTransaction:100 android.view.SyncRtSurfaceTransactionApplier.lambda$scheduleApply$0:73 android.view.SyncRtSurfaceTransactionApplier.$r8$lambda$afI4fXg3U3-nBZQEDQMiNy-B06s:0
03-02 00:57:11.113  3202  3202 I HoneySpace.EdgePanel.EdgeVisibilityRepository: getComputedTrayVisible : keyguardState = 1
03-02 00:57:11.113  3202  3202 I HoneySpace.EdgePanel.EdgeVisibilityRepository: updateTrayVisible: State = 0x1, visible = true, current containerState = 0, specificMode = 0
03-02 00:57:11.113  3202  3202 I HoneySpace.EdgePanel.EdgeVisibilityRepository: Same container state 0
03-02 00:57:11.114  2991  3778 D SatelliteController: isInCarrierRoamingNbIotNtn: satellite is disabled
03-02 00:57:11.118  3438  3438 I EPDG -- SIM0 [SMARTCELLULAR]: onSignalStrengthsChanged: SignalStrength:{mCdma=Invalid,mGsm=Invalid,mWcdma=Invalid,mTdscdma=Invalid,mLte=CellSignalStrengthLte: rssi=-109 rsrp=-108 rsrq=-9 rssnr=5 cqiTableIndex=2147483647 cqi=2147483647 ta=2147483647 level=3 parametersUseForLevel=0,mNr=Invalid,SignalBarInfo{ lteLevel=2 },rat=14,primary=CellSignalStrengthLte}
03-02 00:57:11.118  5235  5235 I HBD     : l writeToFile complete
03-02 00:57:11.119  1444  1808 D MDP     : [PQSessionManager] findVideoID[f6840820] found on index a
03-02 00:57:11.119  1444  1808 D MDP     : [PQSessionManager] createPQSession(a) user(0xb4000074f4d46d80)
03-02 00:57:11.119  1444  1808 D MDP     : [PQSessionManager] Duplicated ID[a] found, please check if double createPQSession!
03-02 00:57:11.119  1444  1808 D MDP     : [PQSessionManager] getPQSessionListHandle id[a]
03-02 00:57:11.119  1444  1808 D MDP     : [PQSessionManager] getPQSessionListHandle, find id[a]
03-02 00:57:11.119  1444  1808 D MDP     : [PQSession] incRefCount id[a] user[0xb4000074f4d46d80] existed
03-02 00:57:11.119  1444  1808 D MDP     : [PQSession] incRefCount id[a] user[0xb4000074f4d46d80] numOfUser[1]
03-02 00:57:11.119  1444  1808 D MDP     : [PQSession] numElements[0] key[0] metaData[0]
03-02 00:57:11.119  1444  1808 D MDP     : [PQSession] setPQParam() id[a] enable[1], scenario[1]
03-02 00:57:11.119  1444  1808 D MDP     : [PQSession] video TS [10633]
03-02 00:57:11.119  1444  1808 D PQ      : PQDSConfig::getEnableStatus check1  time 0 ms
03-02 00:57:11.119  1444  1808 D PQ      : [PQDSConfig] PQDSConfig::getEnableStatus = 1
03-02 00:57:11.119  5235 18234 I HBD     : l Write selected lang for DE
03-02 00:57:11.119  1444  1808 D PQ      : [PQDSConfig] m_TDSHPTableInit 1
03-02 00:57:11.119  1444  1808 D PQ      : [PQDSConfig] getAshmemContext(SHP_ENABLE) = 1
03-02 00:57:11.119  1444  1808 D PQ      : PQDSConfig::getEnableStatus check2  time 0 ms
03-02 00:57:11.119  1444  1808 D PQ      : [PQDSConfig] PQDSConfig::getUREnableStatus = 1
03-02 00:57:11.119  1444  1808 D MDP     : [PQSession] setDpPqConfig m_svp = 0, enDRE = 0
03-02 00:57:11.119  1444  1808 D MDP     : setPQParam globalPQSupport = [0] globalPQSwitch = [0] globalPQStrength = [0] globalPQType = [0]
03-02 00:57:11.119  1444  1808 D MDP     : [PQSession] setPQparam userId[0x0], scenario[1], enDRE[0]
03-02 00:57:11.119  1444  1808 D MDP     : [PQSession] getDpPqConfig() id[a] enable[1], scenario[1]
03-02 00:57:11.119  1444  1808 D MDP     : [PQSession] getDpPqConfig() enSharp[1] enDC[0] enColor[0] enHDR[0] enHDRVivid[0] enUR[0] enReFocus[0] enCcorr[1] enDRE[0] enHFG[0] enAIPQ[0] enAISDR2HDR[0] enAIRegionPQ[0] mAdaptiveEnable[0]
03-02 00:57:11.119  1444  1808 D MDP     : [PQSession] setPQDREParam userId[0x0] scenario[1] enDRE[0]
03-02 00:57:11.119  1444  1808 D MDP     : [PQSessionManager] findVideoID[f6840820] found on index a
03-02 00:57:11.119  1444  1808 D PQ_HDR  : DpAsyncBlit: job:(2070705 131) in:(720, 1280)[720 368] C8s P1.1.1.0.1, alpha 0, sec0 flush:0 Buffer 1035352: plane=3 bufVA={0x83,0x83,0x83} bufMVA={0x0,0x0,0x0} bufSize={0xe1000,0x39800,0x39800} proxy={0xb40000747320b740,0x0,0x0}fence=-1
03-02 00:57:11.119  5235 18234 I HBD     : l writeToFile path : /data/user_de/0/com.samsung.android.honeyboard/files/selected.json
03-02 00:57:11.119  1444  1808 D PQ_HDR  : DpAsyncBlit: out 0:(462, 1920)[2176 0] C5 P1.1.1.0.1 R:0 F:0 S:1 A:0 HDR:0 COLOR:0 CCORR:1 sec0 flush:0 Buffer 1035352: plane=1 bufVA={0x8b,0x0,0x0} bufMVA={0x0,0x0,0x0} bufSize={0x4db200,0x0,0x0} proxy={0xb40000747320b400,0x0,0x0}fence=172
03-02 00:57:11.119  1444  1808 D PQ_HDR  : DpAsyncBlit: crop 0:(0.0, 0.0, 308.0, 1280.0) compose:(0, 0, 462, 1920)
03-02 00:57:11.119  5235 18234 I HBD     : l writeToFile json : {"version":"4.2","currentLanguageOrder":0,"selected":[{"activeOptionList":["auto_replace","auto_spacing","writing_assistant","prediction"],"bilingualId":-1,"engName":"English","id":65538,"inputType":"qwerty","isUsed":true},{"activeOptionList":["auto_replace","auto_spacing","prediction"],"bilingualId":-1,"engName":"Arabic","id":5308416,"inputType":"qwerty","isUsed":true}]}
03-02 00:57:11.120  5235  5235 I HBD     : g isCoverDisplay : false, cached selected json info : SelectedLanguageInfo(languageVersion=4.2, currentLanguageOrder=0, selectedLanguageList=[SelectedLanguage(id=65538, isUsed=true, engName=English, inputType=qwerty, activeOptionList=[auto_replace, auto_spacing, writing_assistant, prediction], bilingualId=-1), SelectedLanguage(id=5308416, isUsed=true, engName=Arabic, inputType=qwerty, activeOptionList=[auto_replace, auto_spacing, prediction], bilingualId=-1)])
03-02 00:57:11.120  5235  5235 I HBD     : n updateActionOptionFromPreference isCover = false
03-02 00:57:11.120  5235  5235 I HBD     : n before lang.activeOptionList =  [auto_replace, auto_spacing, writing_assistant, prediction]
03-02 00:57:11.120  1444  1808 D MDP     : [PQSessionManager] PQSessionManager::getPQSession id[a]
03-02 00:57:11.120  1444  1808 D MDP     : [PQSessionManager] getPQSessionListHandle id[a]
03-02 00:57:11.120  1444  1808 D MDP     : [PQSessionManager] getPQSessionListHandle, find id[a]
03-02 00:57:11.120  1444  1808 D MDP     : [PQSessionManager] PQSessionManager::getPQSession id[a]
03-02 00:57:11.120  1444  1808 D MDP     : [PQSessionManager] getPQSessionListHandle id[a]
03-02 00:57:11.120  1444  1808 D MDP     : [PQSessionManager] getPQSessionListHandle, find id[a]
03-02 00:57:11.120  3438  4395 I EPDG -- SIM0 [SMARTCELLULAR]: lastLteRSRP is -108 currentLteRSRP is -108 lastLteRSRQ is -10 currentLteRSRQ is -9 lastLteSNR is 4 currentLteSNR is 5
03-02 00:57:11.120  1444  1808 D MDP     : PQSession:setPipeNum m_PipeNum[1] value[1] ID[a] DCPath[0] DCDone[0] addr[732261df]
03-02 00:57:11.120  1444  1808 D MDP     : [PQSession] getDpPqConfig() id[a] enable[1], scenario[1]
03-02 00:57:11.120  1444  1808 D MDP     : [PQSession] getDpPqConfig() enSharp[1] enDC[0] enColor[0] enHDR[0] enHDRVivid[0] enUR[0] enReFocus[0] enCcorr[1] enDRE[0] enHFG[0] enAIPQ[0] enAISDR2HDR[0] enAIRegionPQ[0] mAdaptiveEnable[0]
03-02 00:57:11.120  1444  1808 D PQ      : [PQRSZConfig] PQRSZConfig::getUREnableStatus = 1
03-02 00:57:11.120  1444  1808 D MDP     : [PQSessionManager] PQSessionManager::getPQSession id[a]
03-02 00:57:11.120  1444  1808 D MDP     : [PQSessionManager] getPQSessionListHandle id[a]
03-02 00:57:11.120  1444  1808 D MDP     : [PQSessionManager] getPQSessionListHandle, find id[a]
03-02 00:57:11.120  1444  1808 D AAL     : [PQEngineInterface] DpEngineTDSHPConfigFrame(0) pqSessionId = a
03-02 00:57:11.120  1444  1808 D MDP     : [PQSession] getDpPqConfig() id[a] enable[1], scenario[1]
03-02 00:57:11.120  1444  1808 D MDP     : [PQSession] getDpPqConfig() enSharp[1] enDC[0] enColor[0] enHDR[0] enHDRVivid[0] enUR[0] enReFocus[0] enCcorr[1] enDRE[0] enHFG[0] enAIPQ[0] enAISDR2HDR[0] enAIRegionPQ[0] mAdaptiveEnable[0]
03-02 00:57:11.120  1444  1808 D AAL     : [PQEngineInterface] DpEngineTDSHPConfigFrame(0) tdshpEnable(1) enSharp(1) enDC(0) enHFG(0)
03-02 00:57:11.120  1444  1808 D MDP     : PQSession:setPipeNum m_PipeNum[1] value[1] ID[a] DCPath[0] DCDone[0] addr[732261df]
03-02 00:57:11.120  1444  1808 D AAL     : [PQEngineInterface] DpEngineTDSHPConfigFrame(0) adl_enable = 0
03-02 00:57:11.120  1444  1808 D PQ      : [PQHFGConfig] PQHFGConfig::isEnabled = 2
03-02 00:57:11.120  1444  1808 D MDP     : [PQSession] getDpPqConfig() id[a] enable[1], scenario[1]
03-02 00:57:11.120  1444  1808 D MDP     : [PQSession] getDpPqConfig() enSharp[1] enDC[0] enColor[0] enHDR[0] enHDRVivid[0] enUR[0] enReFocus[0] enCcorr[1] enDRE[0] enHFG[0] enAIPQ[0] enAISDR2HDR[0] enAIRegionPQ[0] mAdaptiveEnable[0]
03-02 00:57:11.120  1444  1808 D AAL     : [PQEngineInterface] DpEngineTDSHPConfigFrame(0) hfg_enable = 0
03-02 00:57:11.120  1444  1808 D AAL     : PQEngineInterface] DpEngineTDSHPConfigFrame(0) shp_enable = 0
03-02 00:57:11.121  1444  1808 D MDP     : [PQSessionManager] PQSessionManager::getPQSession id[a]
03-02 00:57:11.121  1444  1808 D MDP     : [PQSessionManager] getPQSessionListHandle id[a]
03-02 00:57:11.121  1444  1808 D MDP     : [PQSessionManager] getPQSessionListHandle, find id[a]
03-02 00:57:11.121  1444  1808 D MDP     : [PQSession] getDpPqConfig() id[a] enable[1], scenario[1]
03-02 00:57:11.121  1444  1808 D MDP     : [PQSession] getDpPqConfig() enSharp[1] enDC[0] enColor[0] enHDR[0] enHDRVivid[0] enUR[0] enReFocus[0] enCcorr[1] enDRE[0] enHFG[0] enAIPQ[0] enAISDR2HDR[0] enAIRegionPQ[0] mAdaptiveEnable[0]
03-02 00:57:11.121  1444  1808 W AAL     : DpEngine_AAL: relay 1
03-02 00:57:11.121  1444  1808 D AAL     : [PQEngineInterface] DpEngineTDSHPConfigTile(0) InpSize: 462, 1920, OutSize: 462, 1920
03-02 00:57:11.121  1444  1808 D MDP     : [PQSessionManager] PQSessionManager::getPQSession id[a]
03-02 00:57:11.121  1444  1808 D MDP     : [PQSessionManager] getPQSessionListHandle id[a]
03-02 00:57:11.121  1444  1808 D MDP     : [PQSessionManager] getPQSessionListHandle, find id[a]
03-02 00:57:11.121  1444  1808 D PQ      : [PQHFGConfig] PQHFGConfig::isEnabled = 2
03-02 00:57:11.121  1444  1808 D MDP     : [PQSession] getDpPqConfig() id[a] enable[1], scenario[1]
