03-02 00:57:12.974  1444  1808 D MDP     : [PQSession] setPQParam() id[a] enable[1], scenario[1]
03-02 00:57:12.974  1444  1808 D MDP     : [PQSession] video TS [11400]
03-02 00:57:12.974  1444  1808 D PQ      : PQDSConfig::getEnableStatus check1  time 0 ms
03-02 00:57:12.974  1444  1808 D PQ      : [PQDSConfig] PQDSConfig::getEnableStatus = 1
03-02 00:57:12.974  1444  1808 D PQ      : [PQDSConfig] m_TDSHPTableInit 1
03-02 00:57:12.974  1444  1808 D PQ      : [PQDSConfig] getAshmemContext(SHP_ENABLE) = 1
03-02 00:57:12.974  1444  1808 D PQ      : PQDSConfig::getEnableStatus check2  time 0 ms
03-02 00:57:12.974  1444  1808 D PQ      : [PQDSConfig] PQDSConfig::getUREnableStatus = 1
03-02 00:57:12.974  1444  1808 D MDP     : [PQSession] setDpPqConfig m_svp = 0, enDRE = 0
03-02 00:57:12.974  1444  1808 D MDP     : setPQParam globalPQSupport = [0] globalPQSwitch = [0] globalPQStrength = [0] globalPQType = [0]
03-02 00:57:12.974  1444  1808 D MDP     : [PQSession] setPQparam userId[0x0], scenario[1], enDRE[0]
03-02 00:57:12.974  1444  1808 D MDP     : [PQSession] getDpPqConfig() id[a] enable[1], scenario[1]
03-02 00:57:12.974  1444  1808 D MDP     : [PQSession] getDpPqConfig() enSharp[1] enDC[0] enColor[0] enHDR[0] enHDRVivid[0] enUR[0] enReFocus[0] enCcorr[1] enDRE[0] enHFG[0] enAIPQ[0] enAISDR2HDR[0] enAIRegionPQ[0] mAdaptiveEnable[0]
03-02 00:57:12.974  1444  1808 D MDP     : [PQSession] setPQDREParam userId[0x0] scenario[1] enDRE[0]
03-02 00:57:12.974  1444  1808 D MDP     : [PQSessionManager] findVideoID[f6840820] found on index a
03-02 00:57:12.974  1464  1529 I libPowerHal: [setDvfsrcDevFreqOpp] opp:0, freq:4266000000
03-02 00:57:12.974  1464  1529 I libPowerHal: [PE] vendor.samsung. update cmd:1000000 param:0 pr:3
03-02 00:57:12.974  1464  1529 I libPowerHal: [perfLockAcq] Done for hdl : 76421
03-02 00:57:12.974  1444  1808 D PQ_HDR  : DpAsyncBlit: job:(2070801 99) in:(720, 1280)[720 368] C8s P1.1.1.0.1, alpha 0, sec0 flush:0 Buffer 1035400: plane=3 bufVA={0x63,0x63,0x63} bufMVA={0x0,0x0,0x0} bufSize={0xe1000,0x39800,0x39800} proxy={0xb4000074f4c6a3e0,0x0,0x0}fence=-1
03-02 00:57:12.974  1444  1808 D PQ_HDR  : DpAsyncBlit: out 0:(930, 1920)[2176 0] C5 P1.1.1.0.1 R:0 F:0 S:1 A:0 HDR:0 COLOR:0 CCORR:1 sec0 flush:0 Buffer 1035400: plane=1 bufVA={0x78,0x0,0x0} bufMVA={0x0,0x0,0x0} bufSize={0x4db200,0x0,0x0} proxy={0xb40000747320b780,0x0,0x0}fence=147
03-02 00:57:12.974  1444  1808 D PQ_HDR  : DpAsyncBlit: crop 0:(100.0, 0.0, 620.0, 1280.0) compose:(0, 0, 930, 1920)
03-02 00:57:12.974  1444  1808 D MDP     : [PQSessionManager] PQSessionManager::getPQSession id[a]
03-02 00:57:12.974  1444  1808 D MDP     : [PQSessionManager] getPQSessionListHandle id[a]
03-02 00:57:12.974  1444  1808 D MDP     : [PQSessionManager] getPQSessionListHandle, find id[a]
03-02 00:57:12.974  1444  1808 D MDP     : [PQSessionManager] PQSessionManager::getPQSession id[a]
03-02 00:57:12.974  1444  1808 D MDP     : [PQSessionManager] getPQSessionListHandle id[a]
03-02 00:57:12.974  1444  1808 D MDP     : [PQSessionManager] getPQSessionListHandle, find id[a]
03-02 00:57:12.975  1444  1808 D MDP     : PQSession:setPipeNum m_PipeNum[1] value[1] ID[a] DCPath[0] DCDone[0] addr[732261df]
03-02 00:57:12.975  1450  1487 I mtkpower_client: perf_lock_acq, hdl:0, dur:0, num:2, pid:1450, tid:1487
03-02 00:57:12.975  1444  1808 D MDP     : [PQSession] getDpPqConfig() id[a] enable[1], scenario[1]
03-02 00:57:12.975  1444  1808 D MDP     : [PQSession] getDpPqConfig() enSharp[1] enDC[0] enColor[0] enHDR[0] enHDRVivid[0] enUR[0] enReFocus[0] enCcorr[1] enDRE[0] enHFG[0] enAIPQ[0] enAISDR2HDR[0] enAIRegionPQ[0] mAdaptiveEnable[0]
03-02 00:57:12.975  1444  1808 D PQ      : [PQRSZConfig] PQRSZConfig::getUREnableStatus = 1
03-02 00:57:12.975  1464  1529 I libPowerHal: [perfLockRel] hdl:76420, idx:5
03-02 00:57:12.975  1444  1808 D MDP     : [PQSessionManager] PQSessionManager::getPQSession id[a]
03-02 00:57:12.975  1444  1808 D MDP     : [PQSessionManager] getPQSessionListHandle id[a]
03-02 00:57:12.975  1444  1808 D MDP     : [PQSessionManager] getPQSessionListHandle, find id[a]
03-02 00:57:12.975  1444  1808 D AAL     : [PQEngineInterface] DpEngineTDSHPConfigFrame(0) pqSessionId = a
03-02 00:57:12.975  1444  1808 D MDP     : [PQSession] getDpPqConfig() id[a] enable[1], scenario[1]
03-02 00:57:12.975  1444  1808 D MDP     : [PQSession] getDpPqConfig() enSharp[1] enDC[0] enColor[0] enHDR[0] enHDRVivid[0] enUR[0] enReFocus[0] enCcorr[1] enDRE[0] enHFG[0] enAIPQ[0] enAISDR2HDR[0] enAIRegionPQ[0] mAdaptiveEnable[0]
03-02 00:57:12.975  1444  1808 D AAL     : [PQEngineInterface] DpEngineTDSHPConfigFrame(0) tdshpEnable(1) enSharp(1) enDC(0) enHFG(0)
03-02 00:57:12.975  1444  1808 D MDP     : PQSession:setPipeNum m_PipeNum[1] value[1] ID[a] DCPath[0] DCDone[0] addr[732261df]
03-02 00:57:12.975  1444  1808 D AAL     : [PQEngineInterface] DpEngineTDSHPConfigFrame(0) adl_enable = 0
03-02 00:57:12.975  1444  1808 D PQ      : [PQHFGConfig] PQHFGConfig::isEnabled = 2
03-02 00:57:12.975  1444  1808 D MDP     : [PQSession] getDpPqConfig() id[a] enable[1], scenario[1]
03-02 00:57:12.975  1444  1808 D MDP     : [PQSession] getDpPqConfig() enSharp[1] enDC[0] enColor[0] enHDR[0] enHDRVivid[0] enUR[0] enReFocus[0] enCcorr[1] enDRE[0] enHFG[0] enAIPQ[0] enAISDR2HDR[0] enAIRegionPQ[0] mAdaptiveEnable[0]
03-02 00:57:12.975  1464  1529 I libPowerHal: [PD] vendor.samsung. update cmd:400000 param:-1 pr:6
03-02 00:57:12.975  1444  1808 D AAL     : [PQEngineInterface] DpEngineTDSHPConfigFrame(0) hfg_enable = 0
03-02 00:57:12.975  1444  1808 D AAL     : PQEngineInterface] DpEngineTDSHPConfigFrame(0) shp_enable = 0
03-02 00:57:12.975  1464  1529 I libPowerHal: [recordCPUFreqInfo] set cluster[0] min(-1): -1 max(-1): -1 cluster[1] min(-1): -1 max(-1): -1
03-02 00:57:12.975  1464  1529 I libPowerHal: [perfLockRel] Done for hdl : 76420
03-02 00:57:12.975  1444  1808 D MDP     : [PQSessionManager] PQSessionManager::getPQSession id[a]
03-02 00:57:12.975  1444  1808 D MDP     : [PQSessionManager] getPQSessionListHandle id[a]
03-02 00:57:12.975  1444  1808 D MDP     : [PQSessionManager] getPQSessionListHandle, find id[a]
03-02 00:57:12.975  1444  1808 D MDP     : [PQSession] getDpPqConfig() id[a] enable[1], scenario[1]
03-02 00:57:12.975  1444  1808 D MDP     : [PQSession] getDpPqConfig() enSharp[1] enDC[0] enColor[0] enHDR[0] enHDRVivid[0] enUR[0] enReFocus[0] enCcorr[1] enDRE[0] enHFG[0] enAIPQ[0] enAISDR2HDR[0] enAIRegionPQ[0] mAdaptiveEnable[0]
03-02 00:57:12.975  1444  1808 W AAL     : DpEngine_AAL: relay 1
03-02 00:57:12.975  1444  1808 D AAL     : [PQEngineInterface] DpEngineTDSHPConfigTile(0) InpSize: 801, 1920, OutSize: 801, 1920
03-02 00:57:12.975  1444  1808 D MDP     : [PQSessionManager] PQSessionManager::getPQSession id[a]
03-02 00:57:12.975  1444  1808 D MDP     : [PQSessionManager] getPQSessionListHandle id[a]
03-02 00:57:12.975  1444  1808 D MDP     : [PQSessionManager] getPQSessionListHandle, find id[a]
03-02 00:57:12.975  1444  1808 D PQ      : [PQHFGConfig] PQHFGConfig::isEnabled = 2
03-02 00:57:12.975 14636 14636 D WM-SystemJobService: onStopJob for WorkGenerationalId(workSpecId=f23029b8-b7a3-4a93-aaf6-b7c7a26dfe9e, generation=0)
03-02 00:57:12.975  1444  1808 D MDP     : [PQSession] getDpPqConfig() id[a] enable[1], scenario[1]
03-02 00:57:12.975  1444  1808 D MDP     : [PQSession] getDpPqConfig() enSharp[1] enDC[0] enColor[0] enHDR[0] enHDRVivid[0] enUR[0] enReFocus[0] enCcorr[1] enDRE[0] enHFG[0] enAIPQ[0] enAISDR2HDR[0] enAIRegionPQ[0] mAdaptiveEnable[0]
03-02 00:57:12.975  1444  1808 D AAL     : [PQEngineInterface] DpEngineAALCongTile(0) MDP_aal_size = 36701440
03-02 00:57:12.975  1444  1808 D AAL     : [PQEngineInterface(1791345034)::MDP_AAL_output_offset = 0
03-02 00:57:12.975  1444  1808 D AAL     : [PQEngineInterface] DpEngineAALCongTile(0) MDP_AAL_output_size = 35652864
03-02 00:57:12.975  1444  1808 D AAL     : [PQEngineInterface] DpEngineAALCongTile(0) inTileXRight = 647, inTileXLeft = 88
03-02 00:57:12.975  1444  1808 D AAL     : [PQEngineInterface] DpEngineAALCongTile(0) inTileYBottom = 639, inTileYTop = 0
03-02 00:57:12.975  1444  1808 D AAL     : [PQEngineInterface] DpEngineAALCongTile(0) outTileXRight = 1279, outTileXLeft = 96
03-02 00:57:12.975  1444  1808 D AAL     : [PQEngineInterface] DpEngineAALCongTile(0) m_outTileYBottom = 1279, m_outTileYTop = 0
03-02 00:57:12.975  1444  1808 D MDP     : [PQSessionManager] PQSessionManager::getPQSession id[a]
03-02 00:57:12.975  1444  1808 D MDP     : [PQSessionManager] getPQSessionListHandle id[a]
03-02 00:57:12.975  1444  1808 D MDP     : [PQSessionManager] getPQSessionListHandle, find id[a]
03-02 00:57:12.975  1444  1808 D AAL     : [PQEngineInterface] DpEngineAALCongTile(0)cropOffset[X, Y]=[1, 88], crop[Wid, Hei]=[0, 632]
03-02 00:57:12.975  1444  1808 D MDP     : [PQSessionManager] PQSessionManager::getPQSession id[a]
03-02 00:57:12.975  1444  1808 D MDP     : [PQSessionManager] getPQSessionListHandle id[a]
03-02 00:57:12.975  1444  1808 D MDP     : [PQSessionManager] getPQSessionListHandle, find id[a]
03-02 00:57:12.976  1444  1808 D AAL     : [PQEngineInterface] DpEngineHDRConfigTile(0) outTileXLeft = 88, outTileXRight = 647
03-02 00:57:12.976  1444  1808 D AAL     : [PQEngineInterface] DpEngineHDRConfigTile(0) inTileXLeft = 88, inTileXRight = 647
03-02 00:57:12.976  1444  1808 D AAL     : [PQEngineInterface] DpEngineHDRConfigTile(0) HDR_out_start_x = 0, HDR_out_end_x = 559, src h: 560,v: 1280
03-02 00:57:12.976  1444  1808 D AAL     : [PQEngineInterface] DpEngineHDRConfigTile(0) HDR_hist_end_x = 0, HDR_hist_begin_x = 0
03-02 00:57:12.976  1444  1808 D AAL     : [PQEngineInterface] DpEngineHDRConfigTile(0) HDR_first_tile = 0, HDR_last_tile = 0
03-02 00:57:12.976  1444  1808 D AAL     : [PQEngineInterface] DpEngineHDRConfigTile(0) inFrameWidth = 720 , middlePosX = 0
03-02 00:57:12.976  1444  1808 D AAL     : [PQEngineInterface] DpEngineTDSHPConfigTile(0) InpSize: 130, 1920, OutSize: 130, 1920
03-02 00:57:12.976  1444  1808 D MDP     : [PQSessionManager] PQSessionManager::getPQSession id[a]
03-02 00:57:12.976  1444  1808 D MDP     : [PQSessionManager] getPQSessionListHandle id[a]
03-02 00:57:12.976  1444  1808 D MDP     : [PQSessionManager] getPQSessionListHandle, find id[a]
03-02 00:57:12.976  1450  1487 I mtkpower_client: ret_hdl:76422
03-02 00:57:12.976  1444  1808 D PQ      : [PQHFGConfig] PQHFGConfig::isEnabled = 2
03-02 00:57:12.976  1444  1808 D MDP     : [PQSession] getDpPqConfig() id[a] enable[1], scenario[1]
03-02 00:57:12.976  1444  1808 D MDP     : [PQSession] getDpPqConfig() enSharp[1] enDC[0] enColor[0] enHDR[0] enHDRVivid[0] enUR[0] enReFocus[0] enCcorr[1] enDRE[0] enHFG[0] enAIPQ[0] enAISDR2HDR[0] enAIRegionPQ[0] mAdaptiveEnable[0]
03-02 00:57:12.976  1444  1808 D AAL     : [PQEngineInterface] DpEngineAALCongTile(0) MDP_aal_size = 8389888
03-02 00:57:12.976  1444  1808 D AAL     : [PQEngineInterface(1791345034)::MDP_AAL_output_offset = 0
03-02 00:57:12.976  1444  1808 D AAL     : [PQEngineInterface] DpEngineAALCongTile(0) MDP_AAL_output_size = 7865600
03-02 00:57:12.976  1450  1487 I HYPER-HAL: [RequestManager.cpp]acquire(): Acquired ID : 11517615  [4784 / 15]    HINT : APP_START    list : [TIMEOUT / 1500]
03-02 00:57:12.976  1444  1808 D AAL     : [PQEngineInterface] DpEngineAALCongTile(0) inTileXRight = 719, inTileXLeft = 592
03-02 00:57:12.976  1444  1808 D AAL     : [PQEngineInterface] DpEngineAALCongTile(0) inTileYBottom = 719, inTileYTop = 0
03-02 00:57:12.976  1444  1808 D AAL     : [PQEngineInterface] DpEngineAALCongTile(0) outTileXRight = 1279, outTileXLeft = 600
03-02 00:57:12.976  1444  1808 D AAL     : [PQEngineInterface] DpEngineAALCongTile(0) m_outTileYBottom = 1279, m_outTileYTop = 0
03-02 00:57:12.976  1444  1808 D MDP     : [PQSessionManager] PQSessionManager::getPQSession id[a]
03-02 00:57:12.976  1444  1808 D MDP     : [PQSessionManager] getPQSessionListHandle id[a]
03-02 00:57:12.976  1444  1808 D MDP     : [PQSessionManager] getPQSessionListHandle, find id[a]
03-02 00:57:12.976  1444  1808 D AAL     : [PQEngineInterface] DpEngineAALCongTile(0)cropOffset[X, Y]=[1, 88], crop[Wid, Hei]=[0, 632]
03-02 00:57:12.976  1444  1808 D MDP     : [PQSessionManager] PQSessionManager::getPQSession id[a]
03-02 00:57:12.976  1444  1808 D MDP     : [PQSessionManager] getPQSessionListHandle id[a]
03-02 00:57:12.976  1444  1808 D MDP     : [PQSessionManager] getPQSessionListHandle, find id[a]
03-02 00:57:12.976  1444  1808 D AAL     : [PQEngineInterface] DpEngineHDRConfigTile(0) outTileXLeft = 592, outTileXRight = 719
03-02 00:57:12.976  1444  1808 D AAL     : [PQEngineInterface] DpEngineHDRConfigTile(0) inTileXLeft = 592, inTileXRight = 719
03-02 00:57:12.976  1444  1808 D AAL     : [PQEngineInterface] DpEngineHDRConfigTile(0) HDR_out_start_x = 0, HDR_out_end_x = 127, src h: 128,v: 1280
03-02 00:57:12.976  1444  1808 D AAL     : [PQEngineInterface] DpEngineHDRConfigTile(0) HDR_hist_end_x = 0, HDR_hist_begin_x = 0
03-02 00:57:12.976  1444  1808 D AAL     : [PQEngineInterface] DpEngineHDRConfigTile(0) HDR_first_tile = 0, HDR_last_tile = 0
03-02 00:57:12.976  1444  1808 D AAL     : [PQEngineInterface] DpEngineHDRConfigTile(0) inFrameWidth = 720 , middlePosX = 0
03-02 00:57:12.976  1444  1808 D MDP     : [PQSessionManager] PQSessionManager::getPQSession id[a]
03-02 00:57:12.976  1444  1808 D MDP     : [PQSessionManager] getPQSessionListHandle id[a]
03-02 00:57:12.976  1444  1808 D MDP     : [PQSessionManager] getPQSessionListHandle, find id[a]
03-02 00:57:12.976  1444  1808 D MDP     : [PQSessionManager] PQSessionManager::getPQSession id[a]
03-02 00:57:12.976  1444  1808 D MDP     : [PQSessionManager] getPQSessionListHandle id[a]
03-02 00:57:12.976  1444  1808 D MDP     : [PQSessionManager] getPQSessionListHandle, find id[a]
03-02 00:57:12.976  1464  1529 I libPowerHal: [perfLockAcq] idx:2 hdl:76422 hint:-1 pid:1450 tid:1487 duration:0 lock_user:vendor.samsung. => ret_hdl:76422
03-02 00:57:12.976  1507  1562 I SurfaceFlinger: id=155808 createSurf, flag=84004, ActivityRecord{201754155 u0 com.podcast.app.debug/androidx.activity.ComponentActivity t44862}#155808
03-02 00:57:12.976  1464  1529 I libPowerHal: [PE] vendor.samsung. update cmd:400000 param:2000000 pr:3
03-02 00:57:12.976  1464  1529 I libPowerHal: [recordCPUFreqInfo] set cluster[0] min(vendor.samsung.): 2000000 max(-1): -1 cluster[1] min(-1): -1 max(-1): -1
03-02 00:57:12.976  1464  1529 I libPowerHal: [perfLockAcq] Done for hdl : 76422
03-02 00:57:12.977 14636 15263 D WM-Processor: WorkerWrapper interrupted for f23029b8-b7a3-4a93-aaf6-b7c7a26dfe9e
03-02 00:57:12.977 14636 15263 D WM-StopWorkRunnable: StopWorkRunnable for f23029b8-b7a3-4a93-aaf6-b7c7a26dfe9e; Processor.stopWork = true
03-02 00:57:12.978  1446  1498 I SensorsHub: LightSensor: lux = 16, time = 767649366385661
03-02 00:57:12.979  1450 18274 I mtkpower_client: perf_lock_rel, hdl:76417, pid: 1450, tid:18274
03-02 00:57:12.979  1450 18274 I mtkpower_client: perf_lock_acq, hdl:0, dur:0, num:2, pid:1450, tid:18274
03-02 00:57:12.979  1464  1529 I libPowerHal: [perfLockRel] hdl:76417, idx:7
03-02 00:57:12.980  1464  1529 I libPowerHal: [set_cpuidle] enable:1, fd:17, scn:0xb40000737b6173c8
03-02 00:57:12.980  1464  1529 I libPowerHal: [PD] vendor.samsung. update cmd:1c3c100 param:1 pr:6
03-02 00:57:12.980  1464  1529 I libPowerHal: [perfLockRel] Done for hdl : 76417
03-02 00:57:12.980  1464  1529 I libPowerHal: [perfLockAcq] idx:5 hdl:76423 hint:-1 pid:1450 tid:18274 duration:0 lock_user:vendor.samsung. => ret_hdl:76423
03-02 00:57:12.980  1464  1529 I libPowerHal: [set_cpuidle] enable:0, fd:17, scn:0xb40000737b610cd8
03-02 00:57:12.980  1464  1529 I libPowerHal: [get_cpu_dma_latency_value] 0
03-02 00:57:12.980  1464  1529 I libPowerHal: [PE] vendor.samsung. update cmd:1c3c100 param:0 pr:3
03-02 00:57:12.980  1464  1529 I libPowerHal: [perfLockAcq] Done for hdl : 76423
03-02 00:57:12.980  1450 18274 I mtkpower_client: ret_hdl:76423
03-02 00:57:12.981  1450 18274 I mtkpower_client: perf_lock_rel, hdl:76421, pid: 1450, tid:18274
03-02 00:57:12.981  1444  1809 D MDP     : [PQSessionManager] PQSessionManager::getPQSession id[a]
03-02 00:57:12.981  1444  1809 D MDP     : [PQSessionManager] getPQSessionListHandle id[a]
03-02 00:57:12.981  1444  1809 D MDP     : [PQSessionManager] getPQSessionListHandle, find id[a]
03-02 00:57:12.981  1444  1809 D MDP     : [PQSessionManager] findVideoID[f6840820] found on index a
03-02 00:57:12.981  1450 18274 I mtkpower_client: perf_lock_acq, hdl:0, dur:0, num:2, pid:1450, tid:18274
03-02 00:57:12.981  1507  1507 I SurfaceFlinger: [Task=44862#155807] attach to parent LayerHierarchy{RequestedLayerState{DefaultTaskDisplayArea_d0#10 parentId=9} 45 children}
03-02 00:57:12.981  1507  1507 I SurfaceFlinger: [ActivityRecord{201754155 u0 com.podcast.app.debug/androidx.activity.ComponentActivity t44862}#155808] attach to parent LayerHierarchy{RequestedLayerState{Task=44862#155807 parentId=10} 1 children}
03-02 00:57:12.984  1464  1529 I libPowerHal: [perfLockRel] hdl:76421, idx:8
03-02 00:57:12.984  1464  1529 I libPowerHal: [PD] vendor.samsung. update cmd:1000000 param:-1 pr:6
03-02 00:57:12.984  2013  4903 I SemDvfsHyPerManager: acquire hyper - AMS_APP_LAUNCH/2013@17, type = -999
03-02 00:57:12.984  1464  1529 I libPowerHal: [perfLockRel] Done for hdl : 76421
03-02 00:57:12.985  1450 18274 I mtkpower_client: ret_hdl:76424
03-02 00:57:12.985  1450  1487 I HYPER-HAL: [RequestManager.cpp]acquire(): Acquired ID : 2061482  [2013 / 17]    HINT : AMS_APP_LAUNCH    list :
03-02 00:57:12.985  1464  1529 I libPowerHal: [perfLockAcq] idx:7 hdl:76424 hint:-1 pid:1450 tid:18274 duration:0 lock_user:vendor.samsung. => ret_hdl:76424
03-02 00:57:12.985  1464  1529 I libPowerHal: [setDvfsrcDevFreqOpp] opp:0, freq:4266000000
03-02 00:57:12.985  1464  1529 I libPowerHal: [PE] vendor.samsung. update cmd:1000000 param:0 pr:3
03-02 00:57:12.985  1464  1529 I libPowerHal: [perfLockAcq] Done for hdl : 76424
03-02 00:57:12.985  1450 18274 I HYPER-HAL: [RequestManager.cpp]releaseLocked(): Released ID : 2063514
03-02 00:57:12.986  1444  1808 D MDP     : [PQSessionManager] findVideoID[f6840820] found on index a
03-02 00:57:12.986  1444  1808 D MDP     : [PQSessionManager] createPQSession(a) user(0xb4000074f4d46d80)
03-02 00:57:12.986  1444  1808 D MDP     : [PQSessionManager] Duplicated ID[a] found, please check if double createPQSession!
03-02 00:57:12.986  1444  1808 D MDP     : [PQSessionManager] getPQSessionListHandle id[a]
03-02 00:57:12.986  1444  1808 D MDP     : [PQSessionManager] getPQSessionListHandle, find id[a]
03-02 00:57:12.986  1444  1808 D MDP     : [PQSession] incRefCount id[a] user[0xb4000074f4d46d80] existed
03-02 00:57:12.986  1444  1808 D MDP     : [PQSession] incRefCount id[a] user[0xb4000074f4d46d80] numOfUser[1]
03-02 00:57:12.986  1444  1808 D MDP     : [PQSession] numElements[0] key[0] metaData[0]
03-02 00:57:12.986  1444  1808 D MDP     : [PQSession] setPQParam() id[a] enable[1], scenario[1]
03-02 00:57:12.986  1444  1808 D MDP     : [PQSession] video TS [11433]
03-02 00:57:12.986  1444  1808 D PQ      : PQDSConfig::getEnableStatus check1  time 0 ms
03-02 00:57:12.986  1444  1808 D PQ      : [PQDSConfig] PQDSConfig::getEnableStatus = 1
03-02 00:57:12.986  1444  1808 D PQ      : [PQDSConfig] m_TDSHPTableInit 1
03-02 00:57:12.986  1444  1808 D PQ      : [PQDSConfig] getAshmemContext(SHP_ENABLE) = 1
03-02 00:57:12.986  1444  1808 D PQ      : PQDSConfig::getEnableStatus check2  time 0 ms
03-02 00:57:12.986  1444  1808 D PQ      : [PQDSConfig] PQDSConfig::getUREnableStatus = 1
03-02 00:57:12.986  1444  1808 D MDP     : [PQSession] setDpPqConfig m_svp = 0, enDRE = 0
03-02 00:57:12.986  1444  1808 D MDP     : setPQParam globalPQSupport = [0] globalPQSwitch = [0] globalPQStrength = [0] globalPQType = [0]
03-02 00:57:12.986  1444  1808 D MDP     : [PQSession] setPQparam userId[0x0], scenario[1], enDRE[0]
03-02 00:57:12.986  1444  1808 D MDP     : [PQSession] getDpPqConfig() id[a] enable[1], scenario[1]
03-02 00:57:12.986  1444  1808 D MDP     : [PQSession] getDpPqConfig() enSharp[1] enDC[0] enColor[0] enHDR[0] enHDRVivid[0] enUR[0] enReFocus[0] enCcorr[1] enDRE[0] enHFG[0] enAIPQ[0] enAISDR2HDR[0] enAIRegionPQ[0] mAdaptiveEnable[0]
03-02 00:57:12.986  1444  1808 D MDP     : [PQSession] setPQDREParam userId[0x0] scenario[1] enDRE[0]
03-02 00:57:12.986  1444  1808 D MDP     : [PQSessionManager] findVideoID[f6840820] found on index a
03-02 00:57:12.986  1444  1808 D PQ_HDR  : DpAsyncBlit: job:(2070803 128) in:(720, 1280)[720 368] C8s P1.1.1.0.1, alpha 0, sec0 flush:0 Buffer 1035401: plane=3 bufVA={0x80,0x80,0x80} bufMVA={0x0,0x0,0x0} bufSize={0xe1000,0x39800,0x39800} proxy={0xb4000074f4c6a220,0x0,0x0}fence=-1
03-02 00:57:12.986  1444  1808 D PQ_HDR  : DpAsyncBlit: out 0:(954, 1920)[2176 0] C5 P1.1.1.0.1 R:0 F:0 S:1 A:0 HDR:0 COLOR:0 CCORR:1 sec0 flush:0 Buffer 1035401: plane=1 bufVA={0x88,0x0,0x0} bufMVA={0x0,0x0,0x0} bufSize={0x4db200,0x0,0x0} proxy={0xb40000747320b820,0x0,0x0}fence=151
03-02 00:57:12.986  1444  1808 D PQ_HDR  : DpAsyncBlit: crop 0:(85.0, 0.0, 635.0, 1280.0) compose:(0, 0, 953, 1920)
03-02 00:57:12.986  1444  1808 D MDP     : [PQSessionManager] PQSessionManager::getPQSession id[a]
03-02 00:57:12.986  1444  1808 D MDP     : [PQSessionManager] getPQSessionListHandle id[a]
03-02 00:57:12.986  1444  1808 D MDP     : [PQSessionManager] getPQSessionListHandle, find id[a]
03-02 00:57:12.986  1444  1808 D MDP     : [PQSessionManager] PQSessionManager::getPQSession id[a]
03-02 00:57:12.986  1444  1808 D MDP     : [PQSessionManager] getPQSessionListHandle id[a]
03-02 00:57:12.986  1444  1808 D MDP     : [PQSessionManager] getPQSessionListHandle, find id[a]
03-02 00:57:12.986  1444  1808 D MDP     : PQSession:setPipeNum m_PipeNum[1] value[1] ID[a] DCPath[0] DCDone[0] addr[732261df]
03-02 00:57:12.986  1444  1808 D MDP     : [PQSession] getDpPqConfig() id[a] enable[1], scenario[1]
03-02 00:57:12.986  1444  1808 D MDP     : [PQSession] getDpPqConfig() enSharp[1] enDC[0] enColor[0] enHDR[0] enHDRVivid[0] enUR[0] enReFocus[0] enCcorr[1] enDRE[0] enHFG[0] enAIPQ[0] enAISDR2HDR[0] enAIRegionPQ[0] mAdaptiveEnable[0]
03-02 00:57:12.986  1444  1808 D PQ      : [PQRSZConfig] PQRSZConfig::getUREnableStatus = 1
03-02 00:57:12.987  1444  1808 D MDP     : [PQSessionManager] PQSessionManager::getPQSession id[a]
03-02 00:57:12.987  1444  1808 D MDP     : [PQSessionManager] getPQSessionListHandle id[a]
03-02 00:57:12.987  1444  1808 D MDP     : [PQSessionManager] getPQSessionListHandle, find id[a]
03-02 00:57:12.987  1444  1808 D AAL     : [PQEngineInterface] DpEngineTDSHPConfigFrame(0) pqSessionId = a
03-02 00:57:12.987  1444  1808 D MDP     : [PQSession] getDpPqConfig() id[a] enable[1], scenario[1]
03-02 00:57:12.987  1444  1808 D MDP     : [PQSession] getDpPqConfig() enSharp[1] enDC[0] enColor[0] enHDR[0] enHDRVivid[0] enUR[0] enReFocus[0] enCcorr[1] enDRE[0] enHFG[0] enAIPQ[0] enAISDR2HDR[0] enAIRegionPQ[0] mAdaptiveEnable[0]
03-02 00:57:12.987  1444  1808 D AAL     : [PQEngineInterface] DpEngineTDSHPConfigFrame(0) tdshpEnable(1) enSharp(1) enDC(0) enHFG(0)
03-02 00:57:12.987  1444  1808 D MDP     : PQSession:setPipeNum m_PipeNum[1] value[1] ID[a] DCPath[0] DCDone[0] addr[732261df]
03-02 00:57:12.987  1444  1808 D AAL     : [PQEngineInterface] DpEngineTDSHPConfigFrame(0) adl_enable = 0
03-02 00:57:12.987  1444  1808 D PQ      : [PQHFGConfig] PQHFGConfig::isEnabled = 2
03-02 00:57:12.987  1444  1808 D MDP     : [PQSession] getDpPqConfig() id[a] enable[1], scenario[1]
03-02 00:57:12.987  1444  1808 D MDP     : [PQSession] getDpPqConfig() enSharp[1] enDC[0] enColor[0] enHDR[0] enHDRVivid[0] enUR[0] enReFocus[0] enCcorr[1] enDRE[0] enHFG[0] enAIPQ[0] enAISDR2HDR[0] enAIRegionPQ[0] mAdaptiveEnable[0]
03-02 00:57:12.987  1444  1808 D AAL     : [PQEngineInterface] DpEngineTDSHPConfigFrame(0) hfg_enable = 0
03-02 00:57:12.987  1444  1808 D AAL     : PQEngineInterface] DpEngineTDSHPConfigFrame(0) shp_enable = 0
03-02 00:57:12.987  1444  1808 D MDP     : [PQSessionManager] PQSessionManager::getPQSession id[a]
03-02 00:57:12.987  1444  1808 D MDP     : [PQSessionManager] getPQSessionListHandle id[a]
03-02 00:57:12.987  1444  1808 D MDP     : [PQSessionManager] getPQSessionListHandle, find id[a]
03-02 00:57:12.987  1444  1808 D MDP     : [PQSession] getDpPqConfig() id[a] enable[1], scenario[1]
03-02 00:57:12.987  1444  1808 D MDP     : [PQSession] getDpPqConfig() enSharp[1] enDC[0] enColor[0] enHDR[0] enHDRVivid[0] enUR[0] enReFocus[0] enCcorr[1] enDRE[0] enHFG[0] enAIPQ[0] enAISDR2HDR[0] enAIRegionPQ[0] mAdaptiveEnable[0]
03-02 00:57:12.987  1444  1808 W AAL     : DpEngine_AAL: relay 1
03-02 00:57:12.987  1444  1808 D AAL     : [PQEngineInterface] DpEngineTDSHPConfigTile(0) InpSize: 803, 1920, OutSize: 803, 1920
03-02 00:57:12.987  1444  1808 D MDP     : [PQSessionManager] PQSessionManager::getPQSession id[a]
03-02 00:57:12.987  1444  1808 D MDP     : [PQSessionManager] getPQSessionListHandle id[a]
03-02 00:57:12.987  1444  1808 D MDP     : [PQSessionManager] getPQSessionListHandle, find id[a]
03-02 00:57:12.987  1444  1808 D PQ      : [PQHFGConfig] PQHFGConfig::isEnabled = 2
03-02 00:57:12.987  1444  1808 D MDP     : [PQSession] getDpPqConfig() id[a] enable[1], scenario[1]
03-02 00:57:12.987  1444  1808 D MDP     : [PQSession] getDpPqConfig() enSharp[1] enDC[0] enColor[0] enHDR[0] enHDRVivid[0] enUR[0] enReFocus[0] enCcorr[1] enDRE[0] enHFG[0] enAIPQ[0] enAISDR2HDR[0] enAIRegionPQ[0] mAdaptiveEnable[0]
03-02 00:57:12.987  1444  1808 D AAL     : [PQEngineInterface] DpEngineAALCongTile(0) MDP_aal_size = 36701440
03-02 00:57:12.987  1444  1808 D AAL     : [PQEngineInterface(1791345034)::MDP_AAL_output_offset = 0
03-02 00:57:12.987  1444  1808 D AAL     : [PQEngineInterface] DpEngineAALCongTile(0) MDP_AAL_output_size = 35652864
03-02 00:57:12.987  1444  1808 D AAL     : [PQEngineInterface] DpEngineAALCongTile(0) inTileXRight = 633, inTileXLeft = 74
03-02 00:57:12.987  1444  1808 D AAL     : [PQEngineInterface] DpEngineAALCongTile(0) inTileYBottom = 625, inTileYTop = 0
03-02 00:57:12.987  1444  1808 D AAL     : [PQEngineInterface] DpEngineAALCongTile(0) outTileXRight = 1279, outTileXLeft = 82
03-02 00:57:12.987  1444  1808 D AAL     : [PQEngineInterface] DpEngineAALCongTile(0) m_outTileYBottom = 1279, m_outTileYTop = 0
03-02 00:57:12.987  1444  1808 D MDP     : [PQSessionManager] PQSessionManager::getPQSession id[a]
03-02 00:57:12.987  1444  1808 D MDP     : [PQSessionManager] getPQSessionListHandle id[a]
03-02 00:57:12.987  1444  1808 D MDP     : [PQSessionManager] getPQSessionListHandle, find id[a]
03-02 00:57:12.987  1444  1808 D AAL     : [PQEngineInterface] DpEngineAALCongTile(0)cropOffset[X, Y]=[1, 74], crop[Wid, Hei]=[0, 646]
03-02 00:57:12.987  1444  1808 D MDP     : [PQSessionManager] PQSessionManager::getPQSession id[a]
03-02 00:57:12.987  1444  1808 D MDP     : [PQSessionManager] getPQSessionListHandle id[a]
03-02 00:57:12.987  1444  1808 D MDP     : [PQSessionManager] getPQSessionListHandle, find id[a]
03-02 00:57:12.987  1444  1808 D AAL     : [PQEngineInterface] DpEngineHDRConfigTile(0) outTileXLeft = 74, outTileXRight = 633
03-02 00:57:12.987  1444  1808 D AAL     : [PQEngineInterface] DpEngineHDRConfigTile(0) inTileXLeft = 74, inTileXRight = 633
03-02 00:57:12.987  1444  1808 D AAL     : [PQEngineInterface] DpEngineHDRConfigTile(0) HDR_out_start_x = 0, HDR_out_end_x = 559, src h: 560,v: 1280
03-02 00:57:12.987  1444  1808 D AAL     : [PQEngineInterface] DpEngineHDRConfigTile(0) HDR_hist_end_x = 0, HDR_hist_begin_x = 0
03-02 00:57:12.987  1444  1808 D AAL     : [PQEngineInterface] DpEngineHDRConfigTile(0) HDR_first_tile = 0, HDR_last_tile = 0
03-02 00:57:12.987  1444  1808 D AAL     : [PQEngineInterface] DpEngineHDRConfigTile(0) inFrameWidth = 720 , middlePosX = 0
03-02 00:57:12.987  1444  1808 D AAL     : [PQEngineInterface] DpEngineTDSHPConfigTile(0) InpSize: 152, 1920, OutSize: 152, 1920
03-02 00:57:12.988  1444  1808 D MDP     : [PQSessionManager] PQSessionManager::getPQSession id[a]
03-02 00:57:12.988  1444  1808 D MDP     : [PQSessionManager] getPQSessionListHandle id[a]
03-02 00:57:12.988  1444  1808 D MDP     : [PQSessionManager] getPQSessionListHandle, find id[a]
03-02 00:57:12.988  1444  1808 D PQ      : [PQHFGConfig] PQHFGConfig::isEnabled = 2
03-02 00:57:12.988  1444  1808 D MDP     : [PQSession] getDpPqConfig() id[a] enable[1], scenario[1]
03-02 00:57:12.988  1444  1808 D MDP     : [PQSession] getDpPqConfig() enSharp[1] enDC[0] enColor[0] enHDR[0] enHDRVivid[0] enUR[0] enReFocus[0] enCcorr[1] enDRE[0] enHFG[0] enAIPQ[0] enAISDR2HDR[0] enAIRegionPQ[0] mAdaptiveEnable[0]
03-02 00:57:12.988  1444  1808 D AAL     : [PQEngineInterface] DpEngineAALCongTile(0) MDP_aal_size = 8389888
03-02 00:57:12.988  1444  1808 D AAL     : [PQEngineInterface(1791345034)::MDP_AAL_output_offset = 0
03-02 00:57:12.988  1444  1808 D AAL     : [PQEngineInterface] DpEngineAALCongTile(0) MDP_AAL_output_size = 7865600
03-02 00:57:12.988  1444  1808 D AAL     : [PQEngineInterface] DpEngineAALCongTile(0) inTileXRight = 719, inTileXLeft = 592
03-02 00:57:12.988  1444  1808 D AAL     : [PQEngineInterface] DpEngineAALCongTile(0) inTileYBottom = 719, inTileYTop = 0
03-02 00:57:12.988  1444  1808 D AAL     : [PQEngineInterface] DpEngineAALCongTile(0) outTileXRight = 1279, outTileXLeft = 600
03-02 00:57:12.988  1444  1808 D AAL     : [PQEngineInterface] DpEngineAALCongTile(0) m_outTileYBottom = 1279, m_outTileYTop = 0
03-02 00:57:12.988  1444  1808 D MDP     : [PQSessionManager] PQSessionManager::getPQSession id[a]
03-02 00:57:12.988  1444  1808 D MDP     : [PQSessionManager] getPQSessionListHandle id[a]
03-02 00:57:12.988  1444  1808 D MDP     : [PQSessionManager] getPQSessionListHandle, find id[a]
03-02 00:57:12.988  1444  1808 D AAL     : [PQEngineInterface] DpEngineAALCongTile(0)cropOffset[X, Y]=[1, 74], crop[Wid, Hei]=[0, 646]
03-02 00:57:12.988  1444  1808 D MDP     : [PQSessionManager] PQSessionManager::getPQSession id[a]
03-02 00:57:12.988  1444  1808 D MDP     : [PQSessionManager] getPQSessionListHandle id[a]
03-02 00:57:12.988  1444  1808 D MDP     : [PQSessionManager] getPQSessionListHandle, find id[a]
03-02 00:57:12.988  1444  1808 D AAL     : [PQEngineInterface] DpEngineHDRConfigTile(0) outTileXLeft = 592, outTileXRight = 719
03-02 00:57:12.988  1444  1808 D AAL     : [PQEngineInterface] DpEngineHDRConfigTile(0) inTileXLeft = 592, inTileXRight = 719
03-02 00:57:12.988  1444  1808 D AAL     : [PQEngineInterface] DpEngineHDRConfigTile(0) HDR_out_start_x = 0, HDR_out_end_x = 127, src h: 128,v: 1280
03-02 00:57:12.988  1444  1808 D AAL     : [PQEngineInterface] DpEngineHDRConfigTile(0) HDR_hist_end_x = 0, HDR_hist_begin_x = 0
03-02 00:57:12.988  1444  1808 D AAL     : [PQEngineInterface] DpEngineHDRConfigTile(0) HDR_first_tile = 0, HDR_last_tile = 0
03-02 00:57:12.988  1444  1808 D AAL     : [PQEngineInterface] DpEngineHDRConfigTile(0) inFrameWidth = 720 , middlePosX = 0
03-02 00:57:12.988  1444  1808 D MDP     : [PQSessionManager] PQSessionManager::getPQSession id[a]
03-02 00:57:12.988  1444  1808 D MDP     : [PQSessionManager] getPQSessionListHandle id[a]
03-02 00:57:12.988  1444  1808 D MDP     : [PQSessionManager] getPQSessionListHandle, find id[a]
03-02 00:57:12.988  1444  1808 D MDP     : [PQSessionManager] PQSessionManager::getPQSession id[a]
03-02 00:57:12.988  1444  1808 D MDP     : [PQSessionManager] getPQSessionListHandle id[a]
03-02 00:57:12.988  1444  1808 D MDP     : [PQSessionManager] getPQSessionListHandle, find id[a]
03-02 00:57:12.990  2746  2798 D ShellDesktopMode: handleRequest: TransitionRequestInfo {type=1, tid=44862, debugId=11251}
03-02 00:57:12.990  1646  3125 I CameraService: onUidStateChanged: uid=10492, procState is changed. (8 -> 10)
03-02 00:57:12.991 14636 15264 I WM-WorkerWrapper: Work [ id=f23029b8-b7a3-4a93-aaf6-b7c7a26dfe9e, tags={ com.urbanairship.job.AirshipWorker,airship } ] was cancelled
03-02 00:57:12.991 14636 15264 I WM-WorkerWrapper: androidx.work.impl.WorkerStoppedException
03-02 00:57:12.991 14636 15264 I WM-WorkerWrapper: 	at o.setEnabledWhenDeviceHasQuirk.AnimatedBarChartKtAnimatedBarChart1112(:348)
03-02 00:57:12.991 14636 15264 I WM-WorkerWrapper: 	at o.MutableConfig.AnimatedBarChartKtAnimatedBarChart1(:439)
03-02 00:57:12.991 14636 15264 I WM-WorkerWrapper: 	at o.MutableConfig.AnimatedBarChartKtAnimatedBarChart1112(:259)
03-02 00:57:12.991 14636 15264 I WM-WorkerWrapper: 	at o.getUseCaseInfo.run(:49)
03-02 00:57:12.991 14636 15264 I WM-WorkerWrapper: 	at o.TagBundle$Architecture.run(:96)
03-02 00:57:12.991 14636 15264 I WM-WorkerWrapper: 	at java.util.concurrent.ThreadPoolExecutor.runWorker(ThreadPoolExecutor.java:1154)
03-02 00:57:12.991 14636 15264 I WM-WorkerWrapper: 	at java.util.concurrent.ThreadPoolExecutor$Worker.run(ThreadPoolExecutor.java:652)
03-02 00:57:12.991 14636 15264 I WM-WorkerWrapper: 	at java.lang.Thread.run(Thread.java:1563)
03-02 00:57:12.992  4784  4784 I SemDvfsHyPerManager: acquire hyper - APP_START/4784@17, type = -999
03-02 00:57:12.992  1450  1487 I HYPER-HAL: [RequestManager.cpp]acquire(): Acquired ID : 11527218  [4784 / 17]    HINT : APP_START    list :
03-02 00:57:12.992  1444  1809 D MDP     : [PQSessionManager] PQSessionManager::getPQSession id[a]
03-02 00:57:12.992  1444  1809 D MDP     : [PQSessionManager] getPQSessionListHandle id[a]
03-02 00:57:12.992  1444  1809 D MDP     : [PQSessionManager] getPQSessionListHandle, find id[a]
03-02 00:57:12.992  1444  1809 D MDP     : [PQSessionManager] findVideoID[f6840820] found on index a
03-02 00:57:12.995 14636 15264 D WM-WorkerWrapper: Status for f23029b8-b7a3-4a93-aaf6-b7c7a26dfe9e is RUNNING; not doing any work and rescheduling for later execution
03-02 00:57:12.995  3506  3506 E pageboostd: Received HALT command code 2
03-02 00:57:12.996  1444  1808 D MDP     : [PQSessionManager] findVideoID[f6840820] found on index a
03-02 00:57:12.996  1444  1808 D MDP     : [PQSessionManager] createPQSession(a) user(0xb4000074f4d46d80)
03-02 00:57:12.996  1444  1808 D MDP     : [PQSessionManager] Duplicated ID[a] found, please check if double createPQSession!
03-02 00:57:12.996  1444  1808 D MDP     : [PQSessionManager] getPQSessionListHandle id[a]
03-02 00:57:12.996  1444  1808 D MDP     : [PQSessionManager] getPQSessionListHandle, find id[a]
03-02 00:57:12.996  1444  1808 D MDP     : [PQSession] incRefCount id[a] user[0xb4000074f4d46d80] existed
03-02 00:57:12.996  1444  1808 D MDP     : [PQSession] incRefCount id[a] user[0xb4000074f4d46d80] numOfUser[1]
03-02 00:57:12.996  1444  1808 D MDP     : [PQSession] numElements[0] key[0] metaData[0]
03-02 00:57:12.996  1444  1808 D MDP     : [PQSession] setPQParam() id[a] enable[1], scenario[1]
03-02 00:57:12.996  1444  1808 D MDP     : [PQSession] video TS [11433]
03-02 00:57:12.996  1444  1808 D PQ      : PQDSConfig::getEnableStatus check1  time 0 ms
03-02 00:57:12.996  1444  1808 D PQ      : [PQDSConfig] PQDSConfig::getEnableStatus = 1
03-02 00:57:12.996  1444  1808 D PQ      : [PQDSConfig] m_TDSHPTableInit 1
03-02 00:57:12.996  1444  1808 D PQ      : [PQDSConfig] getAshmemContext(SHP_ENABLE) = 1
03-02 00:57:12.996  1444  1808 D PQ      : PQDSConfig::getEnableStatus check2  time 0 ms
03-02 00:57:12.996  1444  1808 D PQ      : [PQDSConfig] PQDSConfig::getUREnableStatus = 1
03-02 00:57:12.996  1444  1808 D MDP     : [PQSession] setDpPqConfig m_svp = 0, enDRE = 0
03-02 00:57:12.996  1444  1808 D MDP     : setPQParam globalPQSupport = [0] globalPQSwitch = [0] globalPQStrength = [0] globalPQType = [0]
03-02 00:57:12.996  1444  1808 D MDP     : [PQSession] setPQparam userId[0x0], scenario[1], enDRE[0]
03-02 00:57:12.996  1444  1808 D MDP     : [PQSession] getDpPqConfig() id[a] enable[1], scenario[1]
03-02 00:57:12.996  1444  1808 D MDP     : [PQSession] getDpPqConfig() enSharp[1] enDC[0] enColor[0] enHDR[0] enHDRVivid[0] enUR[0] enReFocus[0] enCcorr[1] enDRE[0] enHFG[0] enAIPQ[0] enAISDR2HDR[0] enAIRegionPQ[0] mAdaptiveEnable[0]
03-02 00:57:12.996  1444  1808 D MDP     : [PQSession] setPQDREParam userId[0x0] scenario[1] enDRE[0]
03-02 00:57:12.996  1444  1808 D MDP     : [PQSessionManager] findVideoID[f6840820] found on index a
03-02 00:57:12.996  1444  1808 D PQ_HDR  : DpAsyncBlit: job:(2070805 123) in:(720, 1280)[720 368] C8s P1.1.1.0.1, alpha 0, sec0 flush:0 Buffer 1035402: plane=3 bufVA={0x7b,0x7b,0x7b} bufMVA={0x0,0x0,0x0} bufSize={0xe1000,0x39800,0x39800} proxy={0xb4000074f4c6a320,0x0,0x0}fence=-1
03-02 00:57:12.996  1646  3125 I CameraService: onUidStateChanged: uid=10492, procState is changed. (10 -> 19)
03-02 00:57:12.996  1444  1808 D PQ_HDR  : DpAsyncBlit: out 0:(970, 1920)[2176 0] C5 P1.1.1.0.1 R:0 F:0 S:1 A:0 HDR:0 COLOR:0 CCORR:1 sec0 flush:0 Buffer 1035402: plane=1 bufVA={0x7c,0x0,0x0} bufMVA={0x0,0x0,0x0} bufSize={0x4db200,0x0,0x0} proxy={0xb40000747320b4a0,0x0,0x0}fence=158
03-02 00:57:12.996  1444  1808 D PQ_HDR  : DpAsyncBlit: crop 0:(73.0, 0.0, 647.0, 1280.0) compose:(0, 0, 970, 1920)
03-02 00:57:12.997  1444  1808 D MDP     : [PQSessionManager] PQSessionManager::getPQSession id[a]
03-02 00:57:12.997  1444  1808 D MDP     : [PQSessionManager] getPQSessionListHandle id[a]
03-02 00:57:12.997  1444  1808 D MDP     : [PQSessionManager] getPQSessionListHandle, find id[a]
03-02 00:57:12.997  1444  1808 D MDP     : [PQSessionManager] PQSessionManager::getPQSession id[a]
03-02 00:57:12.997  1444  1808 D MDP     : [PQSessionManager] getPQSessionListHandle id[a]
03-02 00:57:12.997  1444  1808 D MDP     : [PQSessionManager] getPQSessionListHandle, find id[a]
03-02 00:57:12.997  1444  1808 D MDP     : PQSession:setPipeNum m_PipeNum[1] value[1] ID[a] DCPath[0] DCDone[0] addr[732261df]
03-02 00:57:12.997  1444  1808 D MDP     : [PQSession] getDpPqConfig() id[a] enable[1], scenario[1]
03-02 00:57:12.997  1444  1808 D MDP     : [PQSession] getDpPqConfig() enSharp[1] enDC[0] enColor[0] enHDR[0] enHDRVivid[0] enUR[0] enReFocus[0] enCcorr[1] enDRE[0] enHFG[0] enAIPQ[0] enAISDR2HDR[0] enAIRegionPQ[0] mAdaptiveEnable[0]
03-02 00:57:12.997  1444  1808 D PQ      : [PQRSZConfig] PQRSZConfig::getUREnableStatus = 1
03-02 00:57:12.997  1444  1808 D MDP     : [PQSessionManager] PQSessionManager::getPQSession id[a]
03-02 00:57:12.997  1444  1808 D MDP     : [PQSessionManager] getPQSessionListHandle id[a]
03-02 00:57:12.997  1444  1808 D MDP     : [PQSessionManager] getPQSessionListHandle, find id[a]
03-02 00:57:12.997  1444  1808 D AAL     : [PQEngineInterface] DpEngineTDSHPConfigFrame(0) pqSessionId = a
03-02 00:57:12.997  1444  1808 D MDP     : [PQSession] getDpPqConfig() id[a] enable[1], scenario[1]
03-02 00:57:12.997  1444  1808 D MDP     : [PQSession] getDpPqConfig() enSharp[1] enDC[0] enColor[0] enHDR[0] enHDRVivid[0] enUR[0] enReFocus[0] enCcorr[1] enDRE[0] enHFG[0] enAIPQ[0] enAISDR2HDR[0] enAIRegionPQ[0] mAdaptiveEnable[0]
03-02 00:57:12.997  1444  1808 D AAL     : [PQEngineInterface] DpEngineTDSHPConfigFrame(0) tdshpEnable(1) enSharp(1) enDC(0) enHFG(0)
03-02 00:57:12.997  1444  1808 D MDP     : PQSession:setPipeNum m_PipeNum[1] value[1] ID[a] DCPath[0] DCDone[0] addr[732261df]
03-02 00:57:12.997  1444  1808 D AAL     : [PQEngineInterface] DpEngineTDSHPConfigFrame(0) adl_enable = 0
03-02 00:57:12.997  1444  1808 D PQ      : [PQHFGConfig] PQHFGConfig::isEnabled = 2
03-02 00:57:12.997  1444  1808 D MDP     : [PQSession] getDpPqConfig() id[a] enable[1], scenario[1]
03-02 00:57:12.997  1444  1808 D MDP     : [PQSession] getDpPqConfig() enSharp[1] enDC[0] enColor[0] enHDR[0] enHDRVivid[0] enUR[0] enReFocus[0] enCcorr[1] enDRE[0] enHFG[0] enAIPQ[0] enAISDR2HDR[0] enAIRegionPQ[0] mAdaptiveEnable[0]
03-02 00:57:12.997  1444  1808 D AAL     : [PQEngineInterface] DpEngineTDSHPConfigFrame(0) hfg_enable = 0
03-02 00:57:12.997  1444  1808 D AAL     : PQEngineInterface] DpEngineTDSHPConfigFrame(0) shp_enable = 0
03-02 00:57:12.998  1444  1808 D MDP     : [PQSessionManager] PQSessionManager::getPQSession id[a]
03-02 00:57:12.998  1444  1808 D MDP     : [PQSessionManager] getPQSessionListHandle id[a]
03-02 00:57:12.998  1444  1808 D MDP     : [PQSessionManager] getPQSessionListHandle, find id[a]
03-02 00:57:12.998  1444  1808 D MDP     : [PQSession] getDpPqConfig() id[a] enable[1], scenario[1]
03-02 00:57:12.998  1444  1808 D MDP     : [PQSession] getDpPqConfig() enSharp[1] enDC[0] enColor[0] enHDR[0] enHDRVivid[0] enUR[0] enReFocus[0] enCcorr[1] enDRE[0] enHFG[0] enAIPQ[0] enAISDR2HDR[0] enAIRegionPQ[0] mAdaptiveEnable[0]
03-02 00:57:12.998  1444  1808 W AAL     : DpEngine_AAL: relay 1
03-02 00:57:12.998  1444  1808 D AAL     : [PQEngineInterface] DpEngineTDSHPConfigTile(0) InpSize: 803, 1920, OutSize: 803, 1920
03-02 00:57:12.998  1444  1808 D MDP     : [PQSessionManager] PQSessionManager::getPQSession id[a]
03-02 00:57:12.998  1444  1808 D MDP     : [PQSessionManager] getPQSessionListHandle id[a]
03-02 00:57:12.998  1444  1808 D MDP     : [PQSessionManager] getPQSessionListHandle, find id[a]
03-02 00:57:12.998  1444  1808 D PQ      : [PQHFGConfig] PQHFGConfig::isEnabled = 2
03-02 00:57:12.998  1444  1808 D MDP     : [PQSession] getDpPqConfig() id[a] enable[1], scenario[1]
03-02 00:57:12.998  1444  1808 D MDP     : [PQSession] getDpPqConfig() enSharp[1] enDC[0] enColor[0] enHDR[0] enHDRVivid[0] enUR[0] enReFocus[0] enCcorr[1] enDRE[0] enHFG[0] enAIPQ[0] enAISDR2HDR[0] enAIRegionPQ[0] mAdaptiveEnable[0]
03-02 00:57:12.998  1444  1808 D AAL     : [PQEngineInterface] DpEngineAALCongTile(0) MDP_aal_size = 36701440
03-02 00:57:12.998  1444  1808 D AAL     : [PQEngineInterface(1791345034)::MDP_AAL_output_offset = 0
03-02 00:57:12.998  1444  1808 D AAL     : [PQEngineInterface] DpEngineAALCongTile(0) MDP_AAL_output_size = 35652864
03-02 00:57:12.998  1444  1808 D AAL     : [PQEngineInterface] DpEngineAALCongTile(0) inTileXRight = 621, inTileXLeft = 62
03-02 00:57:12.998  1444  1808 D AAL     : [PQEngineInterface] DpEngineAALCongTile(0) inTileYBottom = 613, inTileYTop = 0
03-02 00:57:12.998  1444  1808 D AAL     : [PQEngineInterface] DpEngineAALCongTile(0) outTileXRight = 1279, outTileXLeft = 70
03-02 00:57:12.998  1444  1808 D AAL     : [PQEngineInterface] DpEngineAALCongTile(0) m_outTileYBottom = 1279, m_outTileYTop = 0
03-02 00:57:12.998  1444  1808 D MDP     : [PQSessionManager] PQSessionManager::getPQSession id[a]
03-02 00:57:12.998  1444  1808 D MDP     : [PQSessionManager] getPQSessionListHandle id[a]
03-02 00:57:12.998  1444  1808 D MDP     : [PQSessionManager] getPQSessionListHandle, find id[a]
03-02 00:57:12.998  1444  1808 D AAL     : [PQEngineInterface] DpEngineAALCongTile(0)cropOffset[X, Y]=[1, 62], crop[Wid, Hei]=[0, 658]
03-02 00:57:12.998  1444  1808 D MDP     : [PQSessionManager] PQSessionManager::getPQSession id[a]
03-02 00:57:12.998  1444  1808 D MDP     : [PQSessionManager] getPQSessionListHandle id[a]
03-02 00:57:12.998  1444  1808 D MDP     : [PQSessionManager] getPQSessionListHandle, find id[a]
03-02 00:57:12.998  1444  1808 D AAL     : [PQEngineInterface] DpEngineHDRConfigTile(0) outTileXLeft = 62, outTileXRight = 621
03-02 00:57:12.998  1444  1808 D AAL     : [PQEngineInterface] DpEngineHDRConfigTile(0) inTileXLeft = 62, inTileXRight = 621
03-02 00:57:12.998  1444  1808 D AAL     : [PQEngineInterface] DpEngineHDRConfigTile(0) HDR_out_start_x = 0, HDR_out_end_x = 559, src h: 560,v: 1280
03-02 00:57:12.998  1444  1808 D AAL     : [PQEngineInterface] DpEngineHDRConfigTile(0) HDR_hist_end_x = 0, HDR_hist_begin_x = 0
03-02 00:57:12.998  1444  1808 D AAL     : [PQEngineInterface] DpEngineHDRConfigTile(0) HDR_first_tile = 0, HDR_last_tile = 0
03-02 00:57:12.998  1444  1808 D AAL     : [PQEngineInterface] DpEngineHDRConfigTile(0) inFrameWidth = 720 , middlePosX = 0
03-02 00:57:12.998  1444  1808 D AAL     : [PQEngineInterface] DpEngineTDSHPConfigTile(0) InpSize: 168, 1920, OutSize: 168, 1920
03-02 00:57:12.998  1444  1808 D MDP     : [PQSessionManager] PQSessionManager::getPQSession id[a]
03-02 00:57:12.998  1444  1808 D MDP     : [PQSessionManager] getPQSessionListHandle id[a]
03-02 00:57:12.998  1444  1808 D MDP     : [PQSessionManager] getPQSessionListHandle, find id[a]
03-02 00:57:12.998  1444  1808 D PQ      : [PQHFGConfig] PQHFGConfig::isEnabled = 2
03-02 00:57:12.998  1444  1808 D MDP     : [PQSession] getDpPqConfig() id[a] enable[1], scenario[1]
03-02 00:57:12.998  1444  1808 D MDP     : [PQSession] getDpPqConfig() enSharp[1] enDC[0] enColor[0] enHDR[0] enHDRVivid[0] enUR[0] enReFocus[0] enCcorr[1] enDRE[0] enHFG[0] enAIPQ[0] enAISDR2HDR[0] enAIRegionPQ[0] mAdaptiveEnable[0]
03-02 00:57:12.998  1444  1808 D AAL     : [PQEngineInterface] DpEngineAALCongTile(0) MDP_aal_size = 8389888
03-02 00:57:12.998  1444  1808 D AAL     : [PQEngineInterface(1791345034)::MDP_AAL_output_offset = 0
03-02 00:57:12.998  1444  1808 D AAL     : [PQEngineInterface] DpEngineAALCongTile(0) MDP_AAL_output_size = 7865600
03-02 00:57:12.998  1444  1808 D AAL     : [PQEngineInterface] DpEngineAALCongTile(0) inTileXRight = 719, inTileXLeft = 592
03-02 00:57:12.998  1444  1808 D AAL     : [PQEngineInterface] DpEngineAALCongTile(0) inTileYBottom = 719, inTileYTop = 0
03-02 00:57:12.998  1444  1808 D AAL     : [PQEngineInterface] DpEngineAALCongTile(0) outTileXRight = 1279, outTileXLeft = 600
03-02 00:57:12.998  1444  1808 D AAL     : [PQEngineInterface] DpEngineAALCongTile(0) m_outTileYBottom = 1279, m_outTileYTop = 0
03-02 00:57:12.998  1444  1808 D MDP     : [PQSessionManager] PQSessionManager::getPQSession id[a]
03-02 00:57:12.998  1444  1808 D MDP     : [PQSessionManager] getPQSessionListHandle id[a]
03-02 00:57:12.998  1444  1808 D MDP     : [PQSessionManager] getPQSessionListHandle, find id[a]
03-02 00:57:12.998  1444  1808 D AAL     : [PQEngineInterface] DpEngineAALCongTile(0)cropOffset[X, Y]=[1, 62], crop[Wid, Hei]=[0, 658]
03-02 00:57:12.999  1444  1808 D MDP     : [PQSessionManager] PQSessionManager::getPQSession id[a]
03-02 00:57:12.999  1444  1808 D MDP     : [PQSessionManager] getPQSessionListHandle id[a]
03-02 00:57:12.999  1444  1808 D MDP     : [PQSessionManager] getPQSessionListHandle, find id[a]
03-02 00:57:12.999  1444  1808 D AAL     : [PQEngineInterface] DpEngineHDRConfigTile(0) outTileXLeft = 592, outTileXRight = 719
03-02 00:57:12.999  1444  1808 D AAL     : [PQEngineInterface] DpEngineHDRConfigTile(0) inTileXLeft = 592, inTileXRight = 719
03-02 00:57:12.999  1444  1808 D AAL     : [PQEngineInterface] DpEngineHDRConfigTile(0) HDR_out_start_x = 0, HDR_out_end_x = 127, src h: 128,v: 1280
03-02 00:57:12.999  1444  1808 D AAL     : [PQEngineInterface] DpEngineHDRConfigTile(0) HDR_hist_end_x = 0, HDR_hist_begin_x = 0
03-02 00:57:12.999  1444  1808 D AAL     : [PQEngineInterface] DpEngineHDRConfigTile(0) HDR_first_tile = 0, HDR_last_tile = 0
03-02 00:57:12.999  1444  1808 D AAL     : [PQEngineInterface] DpEngineHDRConfigTile(0) inFrameWidth = 720 , middlePosX = 0
03-02 00:57:12.999  1444  1808 D MDP     : [PQSessionManager] PQSessionManager::getPQSession id[a]
03-02 00:57:12.999  1444  1808 D MDP     : [PQSessionManager] getPQSessionListHandle id[a]
03-02 00:57:12.999  1444  1808 D MDP     : [PQSessionManager] getPQSessionListHandle, find id[a]
03-02 00:57:12.999  1444  1808 D MDP     : [PQSessionManager] PQSessionManager::getPQSession id[a]
03-02 00:57:12.999  1444  1808 D MDP     : [PQSessionManager] getPQSessionListHandle id[a]
03-02 00:57:12.999  1444  1808 D MDP     : [PQSessionManager] getPQSessionListHandle, find id[a]
03-02 00:57:13.001 14636 14636 D WM-Processor: MutableConfig f23029b8-b7a3-4a93-aaf6-b7c7a26dfe9e executed; reschedule = true
03-02 00:57:13.001 14885 14885 I System.out: SAFActivity: com.ss.android.ugc.aweme.main.MainActivity@c20428f,  onPause Start
03-02 00:57:13.003  1444  1809 D MDP     : [PQSessionManager] PQSessionManager::getPQSession id[a]
03-02 00:57:13.003  1444  1809 D MDP     : [PQSessionManager] getPQSessionListHandle id[a]
03-02 00:57:13.003  1444  1809 D MDP     : [PQSessionManager] getPQSessionListHandle, find id[a]
03-02 00:57:13.003  1444  1809 D MDP     : [PQSessionManager] findVideoID[f6840820] found on index a
03-02 00:57:13.004 14885 14885 I System.out: SceneSafeLifecycleDispatcher: onPaused Start
03-02 00:57:13.004 14885 14885 I System.out: SAFActivity V Scene Framework: NavigationMessageQueue postSync start
03-02 00:57:13.004 14885 14885 I System.out: SAFActivity V Scene Framework: NavigationMessageQueue postSync run current task start 14_Y.ARunnableS108S0200000_32@9e1f34c
03-02 00:57:13.004 14885 14885 I System.out: SAFActivity V Scene Framework: NavigationSceneManager Sync Scene SAFFragmentRootScene{79e191c} Lifecycle [RESUMED -> STARTED] without saved State
03-02 00:57:13.004 14885 14885 I System.out: SAFFragmentRootScene: onPause Start (SAFFragmentRootScene{79e191c})
03-02 00:57:13.005  2746  2808 I ViewRootImpl: dVRR is disabled
03-02 00:57:13.005  2746  2870 D NativeCustomFrequencyManager: [NativeCFMS] BpCustomFrequencyManager::BpCustomFrequencyManager()
03-02 00:57:13.007  1444  1808 D MDP     : [PQSessionManager] findVideoID[f6840820] found on index a
03-02 00:57:13.007  1444  1808 D MDP     : [PQSessionManager] createPQSession(a) user(0xb4000074f4d46d80)
03-02 00:57:13.007  1444  1808 D MDP     : [PQSessionManager] Duplicated ID[a] found, please check if double createPQSession!
03-02 00:57:13.007  1444  1808 D MDP     : [PQSessionManager] getPQSessionListHandle id[a]
03-02 00:57:13.007  1444  1808 D MDP     : [PQSessionManager] getPQSessionListHandle, find id[a]
03-02 00:57:13.007  1444  1808 D MDP     : [PQSession] incRefCount id[a] user[0xb4000074f4d46d80] existed
03-02 00:57:13.007  1444  1808 D MDP     : [PQSession] incRefCount id[a] user[0xb4000074f4d46d80] numOfUser[1]
03-02 00:57:13.007  1444  1808 D MDP     : [PQSession] numElements[0] key[0] metaData[0]
03-02 00:57:13.007  1444  1808 D MDP     : [PQSession] setPQParam() id[a] enable[1], scenario[1]
03-02 00:57:13.008  1444  1808 D MDP     : [PQSession] video TS [11433]
03-02 00:57:13.008  1444  1808 D PQ      : PQDSConfig::getEnableStatus check1  time 0 ms
