03-02 00:57:36.819 17121 17305 I TestRunner: started: settingsScreen_language_row_shows_current_language_arabic(com.podcast.app.ui.SettingsScreenTest)
03-02 00:57:36.820  1507  1562 I SurfaceFlinger: onHandleDestroyed: layerId=156551, name=com.podcast.app.debug/androidx.activity.ComponentActivity$_17121#156551
03-02 00:57:36.820  1507  2128 I SurfaceFlinger: onHandleDestroyed: layerId=156592, name=Task=44892#156592
03-02 00:57:36.820  1507  2393 I SurfaceFlinger: onHandleDestroyed: layerId=156548, name=c358fd6 com.podcast.app.debug/androidx.activity.ComponentActivity#156548
03-02 00:57:36.820  1507  2128 I SurfaceFlinger: id=156592 Removed Task=44892#156592 (351)
03-02 00:57:36.820  1507  1562 I SurfaceFlinger: id=156551 Removed com.podcast.app.debug/androidx.activity.ComponentActivity$_17121#156551 (351)
03-02 00:57:36.820  5235  5235 I HBD     : a [NRIC] resetNoResponseState
03-02 00:57:36.820  5235  5235 I HBD     : c needOff = true , isForceOff = false, isNullInputClass : true
03-02 00:57:36.820  5235  5235 I HBD     : c update cached prediction status : false
03-02 00:57:36.820  5235  5235 I HBD     : b [AiWriter] setContact : com.zhiliaoapp.musically
03-02 00:57:36.820  5235  5235 I HBD     : a [AiWriter] setContact : com.zhiliaoapp.musically
03-02 00:57:36.821  5235  5235 I HBD     : o0 EBD si S 0
03-02 00:57:36.821  5235  5235 I HBD     : r updateContactDBLanguage : 65538
03-02 00:57:36.821  5235  5235 I HBD     : g isCoverDisplay : false, cached selected json info : SelectedLanguageInfo(languageVersion=4.2, currentLanguageOrder=0, selectedLanguageList=[SelectedLanguage(id=65538, isUsed=true, engName=English, inputType=qwerty, activeOptionList=[auto_replace, auto_spacing, writing_assistant, prediction], bilingualId=-1), SelectedLanguage(id=5308416, isUsed=true, engName=Arabic, inputType=qwerty, activeOptionList=[auto_replace, auto_spacing, prediction], bilingualId=-1)])
03-02 00:57:36.822  1484  1921 E StreamHalAidl: Function: getPresentationPosition Line: 1037 Failed
03-02 00:57:36.822  5235  5235 I HBD     : g updateSelectedLanguageCache is succeeded. English
03-02 00:57:36.822  5235  5235 I HBD     : l writeToFile path : /data/user/0/com.samsung.android.honeyboard/files/selected.json
03-02 00:57:36.822  5235  5235 I HBD     : l writeToFile json : {"version":"4.2","currentLanguageOrder":0,"selected":[{"activeOptionList":["auto_replace","auto_spacing","writing_assistant","prediction"],"bilingualId":-1,"engName":"English","id":65538,"inputType":"qwerty","isUsed":true},{"activeOptionList":["auto_replace","auto_spacing","prediction"],"bilingualId":-1,"engName":"Arabic","id":5308416,"inputType":"qwerty","isUsed":true}]}
03-02 00:57:36.823  1507  1825 I SurfaceFlinger: Capture layer list: 	 com.zhiliaoapp.musically/com.ss.android.ugc.aweme.splash.SplashActivity$_14885#156576(seamlessTransition:0)
03-02 00:57:36.823  1507  1825 I SurfaceFlinger: Capture layer list: 	 DimTransitionLayer for Surface(name=Task=44893)/@0xab161c6#156590(seamlessTransition:0)
03-02 00:57:36.823  1507  1825 I SurfaceFlinger: Capture layer list: 	 com.podcast.app.debug.test/androidx.test.core.app.InstrumentationActivityInvoker$EmptyActivity$_17532#156566(seamlessTransition:0)
03-02 00:57:36.826  3202  3202 I HoneySpace.TaskStackChangeRepositoryImpl: onTaskRemoved : 44892
03-02 00:57:36.820  1507  2393 I SurfaceFlinger: id=156548 Removed c358fd6 com.podcast.app.debug/androidx.activity.ComponentActivity#156548 (351)
03-02 00:57:36.828  1507  2393 I SurfaceFlinger: onHandleDestroyed: layerId=156557, name=Surface(name=2141cda InputMethod)/@0x5ea0b56 - animation-leash of insets_animation#156557
03-02 00:57:36.828  1439  1620 D audio_sw_mixer: sw_mixer_wait_to_mix(), MIXER_PLAYBACK  , target T_PRIMARY    thread enter direct mode
03-02 00:57:36.828  1507  1507 I SurfaceFlinger: RequestedLayer [Surface(name=2141cda InputMethod)/@0[...]ion-leash of insets_animation#156593] hidden!! flag  from(1) --> to(0)
03-02 00:57:36.828  1507  1507 E SurfaceFlinger: alpha changed 1.000 -> 0.000 - Surface(name=2141cda InputMethod)/@0x5ea0b56 - animation-leash of insets_animation#156593
03-02 00:57:36.828  1507  1507 I SurfaceFlinger: destroyed com.podcast.app.debug/androidx.activity.ComponentActivity$_17121#156551
03-02 00:57:36.828  1507  1507 I SurfaceFlinger: destroyed c358fd6 com.podcast.app.debug/androidx.activity.ComponentActivity#156548
03-02 00:57:36.828  1507  1507 I SurfaceFlinger: destroyed Task=44892#156592
03-02 00:57:36.828  1507  1507 I SurfaceFlinger: [LayerHierarchy{RequestedLayerState{ImeContainer#15 parentId=147902 relativeParentId=155210 z=1} 1 children}] reparent to LayerHierarchy{RequestedLayerState{ActivityRecord{2751228 u0 com.zhiliaoapp.musically/com.ss.android.ugc.aweme.splash.SplashActivity t44543}#147902 parentId=147901} 3 children}
03-02 00:57:36.828  1507  1507 I SurfaceFlinger: [LayerHierarchy{RequestedLayerState{ImeContainer#15 parentId=147902 relativeParentId=155210 z=1} 1 children}] RelativeParent to LayerHierarchy{RequestedLayerState{cd2d6b5 com.zhiliaoapp.musically/com.ss.android.ugc.aweme.splash.SplashActivity#155210 parentId=147902} 2 children}
03-02 00:57:36.828  1507  1507 I SurfaceFlinger: [LayerHierarchy{RequestedLayerState{2141cda InputMethod#159 parentId=156593} no children}] reparent to LayerHierarchy{RequestedLayerState{Surface(name=2141cda InputMethod)/@0x5ea0b56 - animation-leash of insets_animation#156593 parentId=143} 1 children}
03-02 00:57:36.828  1507  1507 I SurfaceFlinger: [LayerHierarchy{RequestedLayerState{Surface(name=2141cda InputMethod)/@0x5ea0b56 - animation-leash of insets_animation#156591} no children}] reparent to OffscreenRoot
03-02 00:57:36.828  1507  1507 I SurfaceFlinger: [LayerHierarchy{RequestedLayerState{Surface(name=2141cda InputMethod)/@0x5ea0b56 - animation-leash of insets_animation#156591} no children}] RelativeParent to null
03-02 00:57:36.829  3202  3386 I HoneySpace.TopTaskSource: onTaskRemoved: 44892
03-02 00:57:36.830  3202  3202 I HoneySpace.TaskListViewModel[160530624]: taskRemoveId, 44892
03-02 00:57:36.830  1507  1507 I Layer   : id=156548 Destroyed c358fd6 com.podcast.app.debug/androidx.activity.ComponentActivity#156548
03-02 00:57:36.830  3202  3202 W HoneySpace.TaskListViewModel[160530624]: task is already removed: 44892
03-02 00:57:36.830  5235  5235 I HBD     : l writeToFile complete
03-02 00:57:36.830  1507  1507 I Layer   : id=156551 Destroyed com.podcast.app.debug/androidx.activity.ComponentActivity$_17121#156551
03-02 00:57:36.830  1507  1507 I Layer   : id=156592 Destroyed Task=44892#156592
03-02 00:57:36.831  5235 18984 I HBD     : l Write selected lang for DE
03-02 00:57:36.831  5235 18984 I HBD     : l writeToFile path : /data/user_de/0/com.samsung.android.honeyboard/files/selected.json
03-02 00:57:36.831  5235 18984 I HBD     : l writeToFile json : {"version":"4.2","currentLanguageOrder":0,"selected":[{"activeOptionList":["auto_replace","auto_spacing","writing_assistant","prediction"],"bilingualId":-1,"engName":"English","id":65538,"inputType":"qwerty","isUsed":true},{"activeOptionList":["auto_replace","auto_spacing","prediction"],"bilingualId":-1,"engName":"Arabic","id":5308416,"inputType":"qwerty","isUsed":true}]}
03-02 00:57:36.832  5235  5235 I HBD     : g isCoverDisplay : false, cached selected json info : SelectedLanguageInfo(languageVersion=4.2, currentLanguageOrder=0, selectedLanguageList=[SelectedLanguage(id=65538, isUsed=true, engName=English, inputType=qwerty, activeOptionList=[auto_replace, auto_spacing, writing_assistant, prediction], bilingualId=-1), SelectedLanguage(id=5308416, isUsed=true, engName=Arabic, inputType=qwerty, activeOptionList=[auto_replace, auto_spacing, prediction], bilingualId=-1)])
03-02 00:57:36.832  5235  5235 I HBD     : n updateActionOptionFromPreference isCover = false
03-02 00:57:36.832  5235  5235 I HBD     : n before lang.activeOptionList =  [auto_replace, auto_spacing, writing_assistant, prediction]
03-02 00:57:36.835  1507  1907 I SurfaceFlinger: onHandleDestroyed: layerId=156591, name=Surface(name=2141cda InputMethod)/@0x5ea0b56 - animation-leash of insets_animation#156591
03-02 00:57:36.835  1507  1907 I SurfaceFlinger: id=156591 Removed Surface(name=2141cda InputMethod)/@0x5ea0b56 - animation-leash of insets_animation#156591 (348)
03-02 00:57:36.836  5235 18984 I HBD     : l writeToFile complete
03-02 00:57:36.836  1507  2393 I SurfaceFlinger: id=156557 Removed Surface(name=2141cda InputMethod)/@0x5ea0b56 - animation-leash of insets_animation#156557 (348)
03-02 00:57:36.836  1507  2393 I SurfaceFlinger: onHandleDestroyed: layerId=156543, name=ActivityRecord{264185376 u0 com.podcast.app.debug/androidx.activity.ComponentActivity t44892}#156543
03-02 00:57:36.836  1507  2393 I SurfaceFlinger: id=156543 Removed ActivityRecord{264185376 u0 com.podcast.app.debug/androidx.activity.ComponentActivity t44892}#156543 (348)
03-02 00:57:36.836  5235  5235 I HBD     : n after lang.activeOptionList = [auto_replace, auto_spacing, writing_assistant, prediction]
03-02 00:57:36.837  5235  5235 I HBD     : l writeToFile path : /data/user/0/com.samsung.android.honeyboard/files/selected.json
03-02 00:57:36.837  5235  5235 I HBD     : l writeToFile json : {"version":"4.2","currentLanguageOrder":0,"selected":[{"activeOptionList":["auto_replace","auto_spacing","writing_assistant","prediction"],"bilingualId":-1,"engName":"English","id":65538,"inputType":"qwerty","isUsed":true},{"activeOptionList":["auto_replace","auto_spacing","prediction"],"bilingualId":-1,"engName":"Arabic","id":5308416,"inputType":"qwerty","isUsed":true}]}
03-02 00:57:36.838  2013  2252 W ParceledListSlice: Element #30 is 21544 bytes.
03-02 00:57:36.839 17121 17305 D IdlingRegistry: Registering idling resources: [androidx.compose.ui.test.EspressoLink@ef857f7]
03-02 00:57:36.839  1507  1507 I SurfaceFlinger: destroyed Surface(name=2141cda InputMethod)/@0x5ea0b56 - animation-leash of insets_animation#156591
03-02 00:57:36.839  1507  1507 I SurfaceFlinger: destroyed Surface(name=2141cda InputMethod)/@0x5ea0b56 - animation-leash of insets_animation#156557
03-02 00:57:36.839  1507  1507 I SurfaceFlinger: destroyed ActivityRecord{264185376 u0 com.podcast.app.debug/androidx.activity.ComponentActivity t44892}#156543
03-02 00:57:36.839  1507  1507 I SurfaceFlinger: destroyed be98a52 ActivityRecordInputSink com.podcast.app.debug/androidx.activity.ComponentActivity#156547
03-02 00:57:36.841  3202  3202 I HoneySpace.TaskStackChangeRepositoryImpl: onTaskRemoved : 44892
03-02 00:57:36.841  1507  1507 I Layer   : id=156547 Destroyed be98a52 ActivityRecordInputSink com.podcast.app.debug/androidx.activity.ComponentActivity#156547
03-02 00:57:36.841  1507  1507 I Layer   : id=156543 Destroyed ActivityRecord{264185376 u0 com.podcast.app.debug/androidx.activity.ComponentActivity t44892}#156543
03-02 00:57:36.841  1507  1507 I Layer   : id=156557 Destroyed Surface(name=2141cda InputMethod)/@0x5ea0b56 - animation-leash of insets_animation#156557
03-02 00:57:36.841  1507  1507 I Layer   : id=156591 Destroyed Surface(name=2141cda InputMethod)/@0x5ea0b56 - animation-leash of insets_animation#156591
03-02 00:57:36.841  3202  3202 I HoneySpace.TaskListViewModel[160530624]: taskRemoveId, 44892
03-02 00:57:36.843  2013  2067 I ImeTracker: system_server:29983e14: onCancelled at PHASE_SERVER_SHOULD_HIDE
03-02 00:57:36.844  3202  3202 W HoneySpace.TaskListViewModel[160530624]: task is already removed: 44892
03-02 00:57:36.844  5235  5235 I HBD     : l writeToFile complete
03-02 00:57:36.845  5235  5235 I HBD     : m normal : updateLanguage : English
03-02 00:57:36.845  5235 18985 I HBD     : l Write selected lang for DE
03-02 00:57:36.845  5235 18985 I HBD     : l writeToFile path : /data/user_de/0/com.samsung.android.honeyboard/files/selected.json
03-02 00:57:36.845  5235 18985 I HBD     : l writeToFile json : {"version":"4.2","currentLanguageOrder":0,"selected":[{"activeOptionList":["auto_replace","auto_spacing","writing_assistant","prediction"],"bilingualId":-1,"engName":"English","id":65538,"inputType":"qwerty","isUsed":true},{"activeOptionList":["auto_replace","auto_spacing","prediction"],"bilingualId":-1,"engName":"Arabic","id":5308416,"inputType":"qwerty","isUsed":true}]}
03-02 00:57:36.845  5235  5235 I HBD     : g isCoverDisplay : false, cached selected json info : SelectedLanguageInfo(languageVersion=4.2, currentLanguageOrder=0, selectedLanguageList=[SelectedLanguage(id=65538, isUsed=true, engName=English, inputType=qwerty, activeOptionList=[auto_replace, auto_spacing, writing_assistant, prediction], bilingualId=-1), SelectedLanguage(id=5308416, isUsed=true, engName=Arabic, inputType=qwerty, activeOptionList=[auto_replace, auto_spacing, prediction], bilingualId=-1)])
03-02 00:57:36.846  3202  3386 I HoneySpace.TopTaskSource: onTaskRemoved: 44892
03-02 00:57:36.846  5235  5235 I HBD     : g isCoverDisplay : false, cached selected json info : SelectedLanguageInfo(languageVersion=4.2, currentLanguageOrder=0, selectedLanguageList=[SelectedLanguage(id=65538, isUsed=true, engName=English, inputType=qwerty, activeOptionList=[auto_replace, auto_spacing, writing_assistant, prediction], bilingualId=-1), SelectedLanguage(id=5308416, isUsed=true, engName=Arabic, inputType=qwerty, activeOptionList=[auto_replace, auto_spacing, prediction], bilingualId=-1)])
03-02 00:57:36.846  5235  5235 I HBD     : n updateActionOptionFromPreference isCover = false
03-02 00:57:36.846  5235  5235 I HBD     : n before lang.activeOptionList =  [auto_replace, auto_spacing, writing_assistant, prediction]
03-02 00:57:36.847  5235  5235 I HBD     : n after lang.activeOptionList = [auto_replace, auto_spacing, writing_assistant, prediction]
03-02 00:57:36.848  5235 18985 I HBD     : l writeToFile complete
03-02 00:57:36.849  5235  5235 I HBD     : l writeToFile path : /data/user/0/com.samsung.android.honeyboard/files/selected.json
03-02 00:57:36.849 17121 17305 W Settings: Setting always_finish_activities has moved from android.provider.Settings.System to android.provider.Settings.Global, returning read-only value.
03-02 00:57:36.849  5235  5235 I HBD     : l writeToFile json : {"version":"4.2","currentLanguageOrder":0,"selected":[{"activeOptionList":["auto_replace","auto_spacing","writing_assistant","prediction"],"bilingualId":-1,"engName":"English","id":65538,"inputType":"qwerty","isUsed":true},{"activeOptionList":["auto_replace","auto_spacing","prediction"],"bilingualId":-1,"engName":"Arabic","id":5308416,"inputType":"qwerty","isUsed":true}]}
03-02 00:57:36.849  1439  1902 W audio_sw_mixer: sw_mixer_mix_fp_direct_write(-),   MIXER_PLAYBACK  , path T_DEEP=>T_PRIMARY   , size_out 16384, rb     0, latency/total: 42.666/45.037 (23.621+0.001+21.415) ms
03-02 00:57:36.850  1484  1921 D AudioFlinger: mixer(0xb40000706662d000) throttle end: throttle time(17)
03-02 00:57:36.850  1445  2902 W C2MtkBufferManager: [0xB4000070F507E520] fetchNewCcBlock: wait fence 0x0xb4000070f5058270 timed out. ret 110
03-02 00:57:36.854  5235  5235 I HBD     : l writeToFile complete
03-02 00:57:36.855  5235  5235 I HBD     : m normal : updateLanguage : English
03-02 00:57:36.855  5235  5235 I HBD     : g isCoverDisplay : false, cached selected json info : SelectedLanguageInfo(languageVersion=4.2, currentLanguageOrder=0, selectedLanguageList=[SelectedLanguage(id=65538, isUsed=true, engName=English, inputType=qwerty, activeOptionList=[auto_replace, auto_spacing, writing_assistant, prediction], bilingualId=-1), SelectedLanguage(id=5308416, isUsed=true, engName=Arabic, inputType=qwerty, activeOptionList=[auto_replace, auto_spacing, prediction], bilingualId=-1)])
03-02 00:57:36.855  5235 18986 I HBD     : l Write selected lang for DE
03-02 00:57:36.855  5235 18986 I HBD     : l writeToFile path : /data/user_de/0/com.samsung.android.honeyboard/files/selected.json
03-02 00:57:36.855  5235 18986 I HBD     : l writeToFile json : {"version":"4.2","currentLanguageOrder":0,"selected":[{"activeOptionList":["auto_replace","auto_spacing","writing_assistant","prediction"],"bilingualId":-1,"engName":"English","id":65538,"inputType":"qwerty","isUsed":true},{"activeOptionList":["auto_replace","auto_spacing","prediction"],"bilingualId":-1,"engName":"Arabic","id":5308416,"inputType":"qwerty","isUsed":true}]}
03-02 00:57:36.856  5235  5235 I HBD     : g isCoverDisplay : false, cached selected json info : SelectedLanguageInfo(languageVersion=4.2, currentLanguageOrder=0, selectedLanguageList=[SelectedLanguage(id=65538, isUsed=true, engName=English, inputType=qwerty, activeOptionList=[auto_replace, auto_spacing, writing_assistant, prediction], bilingualId=-1), SelectedLanguage(id=5308416, isUsed=true, engName=Arabic, inputType=qwerty, activeOptionList=[auto_replace, auto_spacing, prediction], bilingualId=-1)])
03-02 00:57:36.856  5235  5235 I HBD     : g updateSelectedLanguageCache is succeeded. English
03-02 00:57:36.856  5235  5235 I HBD     : l writeToFile path : /data/user/0/com.samsung.android.honeyboard/files/selected.json
03-02 00:57:36.856  5235  5235 I HBD     : l writeToFile json : {"version":"4.2","currentLanguageOrder":0,"selected":[{"activeOptionList":["auto_replace","auto_spacing","writing_assistant","prediction"],"bilingualId":-1,"engName":"English","id":65538,"inputType":"qwerty","isUsed":true},{"activeOptionList":["auto_replace","auto_spacing","prediction"],"bilingualId":-1,"engName":"Arabic","id":5308416,"inputType":"qwerty","isUsed":true}]}
03-02 00:57:36.858  2013  2067 I ChimeraSystemEventListener: appLaunchIntent package name is: com.podcast.app.debug
03-02 00:57:36.859  1446  1498 I SensorsHub: LightSensor: lux = 70, time = 767673246414666
03-02 00:57:36.859  5235  5235 I HBD     : l writeToFile complete
03-02 00:57:36.860  5235 18986 I HBD     : l writeToFile complete
03-02 00:57:36.860  5235 18987 I HBD     : l Write selected lang for DE
03-02 00:57:36.860  5235  5235 I HBD     : g isCoverDisplay : false, cached selected json info : SelectedLanguageInfo(languageVersion=4.2, currentLanguageOrder=0, selectedLanguageList=[SelectedLanguage(id=65538, isUsed=true, engName=English, inputType=qwerty, activeOptionList=[auto_replace, auto_spacing, writing_assistant, prediction], bilingualId=-1), SelectedLanguage(id=5308416, isUsed=true, engName=Arabic, inputType=qwerty, activeOptionList=[auto_replace, auto_spacing, prediction], bilingualId=-1)])
03-02 00:57:36.860  5235 18987 I HBD     : l writeToFile path : /data/user_de/0/com.samsung.android.honeyboard/files/selected.json
03-02 00:57:36.860  5235  5235 I HBD     : g updateSelectedLanguageCache is succeeded. English
03-02 00:57:36.861  5235  5235 I HBD     : l writeToFile path : /data/user/0/com.samsung.android.honeyboard/files/selected.json
03-02 00:57:36.861  5235  5235 I HBD     : l writeToFile json : {"version":"4.2","currentLanguageOrder":0,"selected":[{"activeOptionList":["auto_replace","auto_spacing","writing_assistant","prediction"],"bilingualId":-1,"engName":"English","id":65538,"inputType":"qwerty","isUsed":true},{"activeOptionList":["auto_replace","auto_spacing","prediction"],"bilingualId":-1,"engName":"Arabic","id":5308416,"inputType":"qwerty","isUsed":true}]}
03-02 00:57:36.861  2013  3566 D SecContentProvider: query(), uri = 17 selection = isSettingsChangesAllowed
03-02 00:57:36.861  5235 18987 I HBD     : l writeToFile json : {"version":"4.2","currentLanguageOrder":0,"selected":[{"activeOptionList":["auto_replace","auto_spacing","writing_assistant","prediction"],"bilingualId":-1,"engName":"English","id":65538,"inputType":"qwerty","isUsed":true},{"activeOptionList":["auto_replace","auto_spacing","prediction"],"bilingualId":-1,"engName":"Arabic","id":5308416,"inputType":"qwerty","isUsed":true}]}
03-02 00:57:36.864  2013  3566 D SecContentProvider: query(), uri = 17 selection = isSettingsChangesAllowed
03-02 00:57:36.865  5235  5235 I HBD     : l writeToFile complete
03-02 00:57:36.865  5235 12848 I HBD     : u updated Sub Types. English
03-02 00:57:36.865  5235 18987 I HBD     : l writeToFile complete
03-02 00:57:36.865  5235  5235 I HBD     : a [UpdatePolicy] [post] a: 31 cl: 65538 kit: [0/0] vt: 0 ir: 1
03-02 00:57:36.866  2013  3345 D SecContentProvider: query(), uri = 17 selection = isSettingsChangesAllowed
03-02 00:57:36.867  5235 18989 I HBD     : l Write selected lang for DE
03-02 00:57:36.867  5235 18989 I HBD     : l writeToFile path : /data/user_de/0/com.samsung.android.honeyboard/files/selected.json
03-02 00:57:36.867  5235 18989 I HBD     : l writeToFile json : {"version":"4.2","currentLanguageOrder":0,"selected":[{"activeOptionList":["auto_replace","auto_spacing","writing_assistant","prediction"],"bilingualId":-1,"engName":"English","id":65538,"inputType":"qwerty","isUsed":true},{"activeOptionList":["auto_replace","auto_spacing","prediction"],"bilingualId":-1,"engName":"Arabic","id":5308416,"inputType":"qwerty","isUsed":true}]}
03-02 00:57:36.867  5235 18988 I HBD     : b InputMethodSubtype is set as local:en_GB
03-02 00:57:36.868  2013  3345 D SecContentProvider: query(), uri = 17 selection = isSettingsChangesAllowed
03-02 00:57:36.868  5235  5235 I HBD     : HoneyBoardService [PF_OP][onStartInput]  58 ms
03-02 00:57:36.868  5235  5235 I InputMethodService: scheduleImeSurfaceRemoval: removeImeSurface is posted.
03-02 00:57:36.869  5235 12848 I HBD     : u updated Sub Types. English
03-02 00:57:36.870  5235 18989 I HBD     : l writeToFile complete
03-02 00:57:36.870  2013  3441 I SemDvfsHyPerManager: acquire hyper - AMS_APP_SWITCH/2013@20, type = -999
03-02 00:57:36.871  1464  1492 I mtkpower@impl: [setMode] type:5, enabled:1
03-02 00:57:36.871  4784  4784 I SemDvfsHyPerManager: acquire hyper - APP_START_SHORT/4784@15, type = -999
03-02 00:57:36.871  1450  1487 I HYPER-HAL: [RequestManager.cpp]acquire(): Acquired ID : 2067581  [2013 / 20]    HINT : AMS_ACT_SWITCH    list :
03-02 00:57:36.872  1450  1487 I mtkpower_client: perf_lock_rel, hdl:76715, pid: 1450, tid:1487
03-02 00:57:36.872  1450  1487 I mtkpower_client: perf_lock_acq, hdl:0, dur:0, num:2, pid:1450, tid:1487
03-02 00:57:36.873  1507  1907 I SurfaceFlinger: id=156594 createSurf, flag=24004, Task=44894#156594
03-02 00:57:36.875  1464  1529 I libPowerHal: [perfLockRel] hdl:76715, idx:8
03-02 00:57:36.875  1464  1529 I libPowerHal: [PD] vendor.samsung. update cmd:1000000 param:-1 pr:6
03-02 00:57:36.875  1464  1529 I libPowerHal: [perfLockRel] Done for hdl : 76715
03-02 00:57:36.876  1450  1487 I mtkpower_client: ret_hdl:76717
03-02 00:57:36.876  1450  1487 I mtkpower_client: perf_lock_rel, hdl:76716, pid: 1450, tid:1487
03-02 00:57:36.876  1464  1529 I libPowerHal: [perfLockAcq] idx:3 hdl:76717 hint:-1 pid:1450 tid:1487 duration:0 lock_user:vendor.samsung. => ret_hdl:76717
03-02 00:57:36.876  1464  1529 I libPowerHal: [setDvfsrcDevFreqOpp] opp:0, freq:4266000000
03-02 00:57:36.876  1464  1529 I libPowerHal: [PE] vendor.samsung. update cmd:1000000 param:0 pr:3
03-02 00:57:36.876  1464  1529 I libPowerHal: [perfLockAcq] Done for hdl : 76717
03-02 00:57:36.877  1507  2393 I SurfaceFlinger: id=156595 createSurf, flag=84004, ActivityRecord{226246986 u0 com.podcast.app.debug/androidx.activity.ComponentActivity t44894}#156595
03-02 00:57:36.877  1450  1487 I mtkpower_client: perf_lock_acq, hdl:0, dur:0, num:2, pid:1450, tid:1487
03-02 00:57:36.877  1464  1529 I libPowerHal: [perfLockRel] hdl:76716, idx:6
03-02 00:57:36.877  1464  1529 I libPowerHal: [PD] vendor.samsung. update cmd:400000 param:-1 pr:6
03-02 00:57:36.877  1464  1529 I libPowerHal: [recordCPUFreqInfo] set cluster[0] min(-1): -1 max(-1): -1 cluster[1] min(-1): -1 max(-1): -1
03-02 00:57:36.877  1464  1529 I libPowerHal: [perfLockRel] Done for hdl : 76716
03-02 00:57:36.878  1450  1487 I mtkpower_client: ret_hdl:76718
03-02 00:57:36.878  1450  1487 I HYPER-HAL: [RequestManager.cpp]acquire(): Acquired ID : 11517615  [4784 / 15]    HINT : APP_START    list : [TIMEOUT / 1500]
03-02 00:57:36.878  1464  1529 I libPowerHal: [perfLockAcq] idx:6 hdl:76718 hint:-1 pid:1450 tid:1487 duration:0 lock_user:vendor.samsung. => ret_hdl:76718
03-02 00:57:36.878  1464  1529 I libPowerHal: [PE] vendor.samsung. update cmd:400000 param:2000000 pr:3
03-02 00:57:36.878  1464  1529 I libPowerHal: [recordCPUFreqInfo] set cluster[0] min(vendor.samsung.): 2000000 max(-1): -1 cluster[1] min(-1): -1 max(-1): -1
03-02 00:57:36.878  1464  1529 I libPowerHal: [perfLockAcq] Done for hdl : 76718
03-02 00:57:36.879 14636 14636 D WM-SystemJobService: onStopJob for WorkGenerationalId(workSpecId=f23029b8-b7a3-4a93-aaf6-b7c7a26dfe9e, generation=0)
03-02 00:57:36.879 14636 15264 D WM-Processor: WorkerWrapper interrupted for f23029b8-b7a3-4a93-aaf6-b7c7a26dfe9e
03-02 00:57:36.879 14636 15264 D WM-StopWorkRunnable: StopWorkRunnable for f23029b8-b7a3-4a93-aaf6-b7c7a26dfe9e; Processor.stopWork = true
03-02 00:57:36.880  5235 18991 I HBD     : b InputMethodSubtype is set as local:en_GB
03-02 00:57:36.883  2746  2746 D QSClock : onDarkChanged tint=WHITE
03-02 00:57:36.884  1507  1507 I SurfaceFlinger: [Task=44894#156594] attach to parent LayerHierarchy{RequestedLayerState{DefaultTaskDisplayArea_d0#10 parentId=9} 45 children}
03-02 00:57:36.884  1507  1507 I SurfaceFlinger: [ActivityRecord{226246986 u0 com.podcast.app.debug/androidx.activity.ComponentActivity t44894}#156595] attach to parent LayerHierarchy{RequestedLayerState{Task=44894#156594 parentId=10} 1 children}
03-02 00:57:36.885  2746  2808 I ViewRootImpl: dVRR is disabled
03-02 00:57:36.885  3202  3202 I HoneySpace.EdgePanel.EdgeVisibilityRepository: getComputedTrayVisible : keyguardState = 1
03-02 00:57:36.886  3202  3202 I HoneySpace.EdgePanel.EdgeVisibilityRepository: updateTrayVisible: State = 0x1, visible = true, current containerState = 0, specificMode = 0
03-02 00:57:36.886  3202  3202 I HoneySpace.EdgePanel.EdgeVisibilityRepository: Same container state 0
03-02 00:57:36.888  2013  2252 I SemDvfsHyPerManager: acquire hyper - AMS_APP_LAUNCH/2013@17, type = -999
03-02 00:57:36.889  1450  1487 I HYPER-HAL: [RequestManager.cpp]acquire(): Acquired ID : 2061482  [2013 / 17]    HINT : AMS_APP_LAUNCH    list :
03-02 00:57:36.889  2746  2798 D ShellDesktopMode: handleRequest: TransitionRequestInfo {type=1, tid=44894, debugId=11295}
03-02 00:57:36.892 14885 14885 I System.out: SAFActivity: com.ss.android.ugc.aweme.main.MainActivity@c20428f,  onPause Start
03-02 00:57:36.892  4784  4784 I SemDvfsHyPerManager: acquire hyper - APP_START/4784@17, type = -999
03-02 00:57:36.892  1450  1487 I HYPER-HAL: [RequestManager.cpp]acquire(): Acquired ID : 11527218  [4784 / 17]    HINT : APP_START    list :
03-02 00:57:36.893  1646  5384 I CameraService: onUidStateChanged: uid=10492, procState is changed. (8 -> 10)
03-02 00:57:36.893 14885 14885 I System.out: SceneSafeLifecycleDispatcher: onPaused Start
03-02 00:57:36.893 14885 14885 I System.out: SAFActivity V Scene Framework: NavigationMessageQueue postSync start
03-02 00:57:36.893 14885 14885 I System.out: SAFActivity V Scene Framework: NavigationMessageQueue postSync run current task start 14_Y.ARunnableS108S0200000_32@33fb6c8
03-02 00:57:36.893 14885 14885 I System.out: SAFActivity V Scene Framework: NavigationSceneManager Sync Scene SAFFragmentRootScene{79e191c} Lifecycle [RESUMED -> STARTED] without saved State
03-02 00:57:36.893 14885 14885 I System.out: SAFFragmentRootScene: onPause Start (SAFFragmentRootScene{79e191c})
03-02 00:57:36.898 14636 15263 I WM-WorkerWrapper: Work [ id=f23029b8-b7a3-4a93-aaf6-b7c7a26dfe9e, tags={ com.urbanairship.job.AirshipWorker,airship } ] was cancelled
03-02 00:57:36.898 14636 15263 I WM-WorkerWrapper: androidx.work.impl.WorkerStoppedException
03-02 00:57:36.898 14636 15263 I WM-WorkerWrapper: 	at o.setEnabledWhenDeviceHasQuirk.AnimatedBarChartKtAnimatedBarChart1112(:348)
03-02 00:57:36.898 14636 15263 I WM-WorkerWrapper: 	at o.MutableConfig.AnimatedBarChartKtAnimatedBarChart1(:439)
03-02 00:57:36.898 14636 15263 I WM-WorkerWrapper: 	at o.MutableConfig.AnimatedBarChartKtAnimatedBarChart1112(:259)
03-02 00:57:36.898 14636 15263 I WM-WorkerWrapper: 	at o.getUseCaseInfo.run(:49)
03-02 00:57:36.898 14636 15263 I WM-WorkerWrapper: 	at o.TagBundle$Architecture.run(:96)
03-02 00:57:36.898 14636 15263 I WM-WorkerWrapper: 	at java.util.concurrent.ThreadPoolExecutor.runWorker(ThreadPoolExecutor.java:1154)
03-02 00:57:36.898 14636 15263 I WM-WorkerWrapper: 	at java.util.concurrent.ThreadPoolExecutor$Worker.run(ThreadPoolExecutor.java:652)
03-02 00:57:36.898 14636 15263 I WM-WorkerWrapper: 	at java.lang.Thread.run(Thread.java:1563)
03-02 00:57:36.899 14636 15263 D WM-WorkerWrapper: Status for f23029b8-b7a3-4a93-aaf6-b7c7a26dfe9e is RUNNING; not doing any work and rescheduling for later execution
03-02 00:57:36.900  1450 18982 I mtkpower_client: perf_lock_rel, hdl:76713, pid: 1450, tid:18982
03-02 00:57:36.900  3506  3506 E pageboostd: Received HALT command code 2
03-02 00:57:36.901  1464  1529 I libPowerHal: [perfLockRel] hdl:76713, idx:2
03-02 00:57:36.901  1464  1529 I libPowerHal: [set_cpuidle] enable:1, fd:17, scn:0xb40000737b607270
03-02 00:57:36.901  1464  1529 I libPowerHal: [PD] vendor.samsung. update cmd:1c3c100 param:1 pr:6
03-02 00:57:36.901  1464  1529 I libPowerHal: [perfLockRel] Done for hdl : 76713
03-02 00:57:36.901  1450 18982 I mtkpower_client: perf_lock_acq, hdl:0, dur:0, num:2, pid:1450, tid:18982
03-02 00:57:36.902  1450 18982 I mtkpower_client: ret_hdl:76719
03-02 00:57:36.902  1450 18982 I mtkpower_client: perf_lock_rel, hdl:76717, pid: 1450, tid:18982
03-02 00:57:36.902  1646  2917 I CameraService: onUidStateChanged: uid=10062, procState is changed. (0 -> 1)
03-02 00:57:36.902  1464  1529 I libPowerHal: [perfLockAcq] idx:2 hdl:76719 hint:-1 pid:1450 tid:18982 duration:0 lock_user:vendor.samsung. => ret_hdl:76719
03-02 00:57:36.902  1464  1529 I libPowerHal: [set_cpuidle] enable:0, fd:17, scn:0xb40000737b607270
03-02 00:57:36.902  1464  1529 I libPowerHal: [get_cpu_dma_latency_value] 0
03-02 00:57:36.902  1464  1529 I libPowerHal: [PE] vendor.samsung. update cmd:1c3c100 param:0 pr:3
03-02 00:57:36.902  1464  1529 I libPowerHal: [perfLockAcq] Done for hdl : 76719
03-02 00:57:36.903  1464  1529 I libPowerHal: [perfLockRel] hdl:76717, idx:3
03-02 00:57:36.903  1450 18982 I mtkpower_client: perf_lock_acq, hdl:0, dur:0, num:2, pid:1450, tid:18982
03-02 00:57:36.903  1464  1529 I libPowerHal: [PD] vendor.samsung. update cmd:1000000 param:-1 pr:6
03-02 00:57:36.905  1464  1529 I libPowerHal: [perfLockRel] Done for hdl : 76717
03-02 00:57:36.905 14636 14636 D WM-Processor: MutableConfig f23029b8-b7a3-4a93-aaf6-b7c7a26dfe9e executed; reschedule = true
03-02 00:57:36.905  1464  1529 I libPowerHal: [perfLockAcq] idx:3 hdl:76720 hint:-1 pid:1450 tid:18982 duration:0 lock_user:vendor.samsung. => ret_hdl:76720
03-02 00:57:36.906  1450 18982 I mtkpower_client: ret_hdl:76720
03-02 00:57:36.905 12859 12960 I SGPController: onForegroundAppChanged() update=false, cn=ComponentInfo{com.zhiliaoapp.musically/com.ss.android.ugc.aweme.main.MainActivity}, r=SkRegion((0,0,198,2340)(882,0,1080,2340))
03-02 00:57:36.906  1464  1529 I libPowerHal: [setDvfsrcDevFreqOpp] opp:0, freq:4266000000
03-02 00:57:36.906  1464  1529 I libPowerHal: [PE] vendor.samsung. update cmd:1000000 param:0 pr:3
03-02 00:57:36.906  1464  1529 I libPowerHal: [perfLockAcq] Done for hdl : 76720
03-02 00:57:36.906  1450 18982 I HYPER-HAL: [RequestManager.cpp]releaseLocked(): Released ID : 2063514
03-02 00:57:36.906  2746  2870 D NativeCustomFrequencyManager: [NativeCFMS] BpCustomFrequencyManager::BpCustomFrequencyManager()
03-02 00:57:36.910  3202  3386 I HoneySpace.TopTaskSource: onTaskMovedToFront : taskId = 44894, displayId = 0
03-02 00:57:36.911  3202  3390 I HoneySpace.TopTaskUseCase: topTasks 44894 ComponentInfo{com.podcast.app.debug/androidx.activity.ComponentActivity}[displayId=0]
03-02 00:57:36.912 14636 15217 D WM-GreedyScheduler: Cancelling work ID f23029b8-b7a3-4a93-aaf6-b7c7a26dfe9e
03-02 00:57:36.917  3202 31843 I HoneySpace.RecentTasks: onRecentTasksChanged
03-02 00:57:36.918  3202  3918 I HoneySpace.RecentTasks: onRecentTasksChanged
03-02 00:57:36.918 14636 15217 W JobInfo : Requested important-while-foreground flag for job3700 is ignored and takes no effect
03-02 00:57:36.918 14636 15217 D WM-SystemJobScheduler: Scheduling work ID f23029b8-b7a3-4a93-aaf6-b7c7a26dfe9eJob ID 3700
03-02 00:57:36.922  1507  1825 I SurfaceFlinger: Capture layer list: 	 com.zhiliaoapp.musically/com.ss.android.ugc.aweme.splash.SplashActivity$_14885#156576(seamlessTransition:0)
03-02 00:57:36.922  1507  1825 I SurfaceFlinger: Capture layer list: 	 DimTransitionLayer for Surface(name=Task=44893)/@0xab161c6#156590(seamlessTransition:0)
03-02 00:57:36.923 14885 14885 I System.out: SAFFragmentRootScene: onWindowFocusChanged: com.ss.android.ugc.aweme.main.MainRootFragment, MainRootFragment{e89d275} (8a90a2f7-f51b-4f8d-88b5-38e0125851ad tag=root_fragment), true (SAFFragmentRootScene{79e191c})
03-02 00:57:36.923 14885 14885 I System.out: SAFActivity V Scene Framework: NavigationMessageQueue postSync run current task finish 14_Y.ARunnableS108S0200000_32@33fb6c8
03-02 00:57:36.923 14885 14885 I System.out: SAFActivity V Scene Framework: NavigationMessageQueue postSync finish
03-02 00:57:36.923  1445  2902 W C2MtkBufferManager: [0xB4000070F507E520] fetchNewCcBlock: wait fence 0x0xb4000070f5058270 timed out. ret 110
03-02 00:57:36.923 14885 14885 I System.out: SceneSafeLifecycleDispatcher: onPaused End PAUSE
03-02 00:57:36.923 14885 14885 I System.out: SAFActivity: com.ss.android.ugc.aweme.main.MainActivity@c20428f,  onPause End
03-02 00:57:36.927  2013  3345 D InputTransport: Input channel constructed: '9e8f108', fd=1074
03-02 00:57:36.928  2013  3345 D InputTransport: Input channel constructed: '9e8f108', fd=1083
03-02 00:57:36.928  2013  3345 D InputTransport: Input channel constructed: '9e8f108', fd=1100
03-02 00:57:36.928  2013  3345 D InputTransport: Input channel destroyed: '9e8f108', fd=1083
03-02 00:57:36.928  1507  1507 E SurfaceFlinger: alpha changed 0.007 -> 0.000 - DimTransitionLayer for Surface(name=Task=44893)/@0xab161c6#156590
03-02 00:57:36.929  1507  1907 I SurfaceFlinger: id=156596 createSurf, flag=84004, 9e8f108 Splash Screen com.podcast.app.debug#156596
03-02 00:57:36.933  1507  1507 D SurfaceFlinger: Display 4627039422300187648 HWC layers:
03-02 00:57:36.933  1507  1507 D SurfaceFlinger:   SOLID_COLOR |                        0 | 00000002 | N/A          |    0.0    0.0    0.0    0.0 |    0    0   -1   -1 | Background for 68eb87 SurfaceView[co[...]weme.splash.SplashActivity]@0#156582 (0)
03-02 00:57:36.933  1507  1507 D SurfaceFlinger:   SOLID_COLOR |                        0 | 00000002 | N/A          |    0.0    0.0    0.0    0.0 |    0   80 1024 2000 | Background for 7086fb SurfaceView[co[...]weme.splash.SplashActivity]@0#156585 (0)
03-02 00:57:36.933  1507  1507 D SurfaceFlinger:   SOLID_COLOR |                        0 | 00000002 | N/A          |    0.0    0.0    0.0    0.0 |    0    0   -1   -1 | Background for 836459b SurfaceView[c[...]weme.splash.SplashActivity]@0#156588 (0)
03-02 00:57:36.933  1507  1507 D SurfaceFlinger:        DEVICE |           63930588202220 | 00002100 | RGBA_8888    |   56.0    0.0 1080.0 2340.0 |    0    0 1024 2340 | com.zhiliaoapp.musically/com.ss.andr[...].splash.SplashActivity$_14885#156576 (3)
03-02 00:57:36.933  1507  1507 D SurfaceFlinger:        DEVICE |           75299366633580 | 00002102 | RGBA_8888    |    0.0    0.0  180.0 2340.0 |  900    0 1080 2340 | com.podcast.app.debug.test/androidx.[...]yInvoker$
03-02 00:57:36.933  1507  1507 D SurfaceFlinger: EmptyActivity$_17532#156566 (1)
03-02 00:57:36.933  1507  1507 D SurfaceFlinger:        DEVICE |           11793980281879 | 00002100 | RGBA_8888    |    0.0    0.0 1080.0   80.0 |    0    0 1080   80 | StatusBar$_2746#117 (211161)
03-02 00:57:36.933  1507  1507 D SurfaceFlinger:        DEVICE |           13752485304097 | 00002100 | RGBA_8888    |    0.0    0.0   67.0  346.0 | 1013  454 1080  800 | com.sec.android.app.launcher/com.sam[...].app.CocktailBarService$_3202#152779 (1)
03-02 00:57:36.933  1507  1507 D SurfaceFlinger:        DEVICE |           11793980281853 | 00002100 | RGBA_8888    |    0.0    0.0 1080.0  135.0 |    0 2205 1080 2340 | NavigationBar0$_2746#113 (188121)
03-02 00:57:36.933  1507  1507 D SurfaceFlinger:
03-02 00:57:36.935  2013  3345 D InputTransport: Input channel destroyed: '9e8f108', fd=1100
03-02 00:57:36.937  2746  2808 D InputTransport: Input channel constructed: '9e8f108', fd=597
03-02 00:57:36.938  2746  2808 I InsetsController: onStateChanged: host=Splash Screen com.podcast.app.debug, from=android.view.ViewRootImpl.onInsetsStateChanged:3026, state=InsetsState: {mDisplayFrame=Rect(0, 0 - 1080, 2340), mDisplayCutout=DisplayCutout{insets=Rect(0, 80 - 0, 0) waterfall=Insets{left=0, top=0, right=0, bottom=0} boundingRect={Bounds=[Rect(0, 0 - 0, 0), Rect(472, 0 - 608, 80), Rect(0, 0 - 0, 0), Rect(0, 0 - 0, 0)]} cutoutPathParserInfo={CutoutPathParserInfo{displayWidth=1080 displayHeight=2340 physicalDisplayWidth=1080 physicalDisplayHeight=2340 density={2.8125} cutoutSpec={M 0,0 H -24.177777778 V 28.4444444444 H 24.177777778 V 0 H 0 Z @dp} rotation={0} scale={1.0} physicalPixelDisplaySizeRatio={1.0}}} sideOverrides={}}, mRoundedCorners=RoundedCorners{[RoundedCorner{position=TopLeft, radius=113, center=Point(113, 113)}, RoundedCorner{position=TopRight, radius=113, center=Point(967, 113)}, RoundedCorner{position=BottomRight, radius=113, center=Point(967, 2227)}, RoundedCorner{position=BottomLeft, radius=113, center=Point(113, 2227)}]}  mRoundedCornerFrame=Rect(0, 0 - 1080, 2340), mPrivacyIndicatorBounds=PrivacyIndicatorBounds {static bounds=Rect(956, 0 - 1080, 80) rotation=0}, mDisplayShape=DisplayShape{ spec=-311912193 displayWidth=1080 displayHeight=2340 physicalPixelDisplaySizeRatio=1.0 rotation=0 offsetX=0 offsetY=0 scale=1.0}, mSources= { InsetsSource: {e9af0000 mType=statusBars mFrame=[0,0][1080,80] mVisible=true mFlags= mSideHint=TOP mBoundingRects=null}, InsetsSource: {e9af0005 mType=mandatorySystemGestures mFrame=[0,0][1080,114] mVisible=true mFlags= mSideHint=TOP mBoundingRects=null}, InsetsSource: {e9af0006 mType=tappableElement mFrame=[0,0][1080,80] mVisible=true mFlags= mSideHint=TOP mBoundingRects=null}, InsetsSource: {27 mType=displayCutout mFrame=[0,0][1080,80] mVisible=true mFlags= mSideHint=TOP mBoundingRects=null}, InsetsSource: {26ed0001 mType=navigationBars mFrame=[0,2298][1080,2340] mVisible=true mFlags=SUPPRESS_SCRIM mSideHint=BOTTOM mBoundingRects=null}, InsetsSource: {26ed0004 mType=systemGestures mFrame=[0,0][84,2340] mVisible=true mFlags= mSideHint=LEFT mBoundingRects=null}, InsetsSource: {26ed0005 mType=mandatorySystemGestures mFrame=[0,2250][1080,2340] mVisible=true mFlags= mSideHint=BOTTOM mBoundingRects=null}, InsetsSource: {26ed0006 mType=tappableElement mFrame=[0,0][0,0] mVisible=true mFlags= mSideHint=NONE mBoundingRects=null}, InsetsSource: {26ed0024 mType=systemGestures mFrame=[996,0][1080,2340] mVisible=true mFlags= mSideHint=RIGHT mBoundingRects=null} }
03-02 00:57:36.938  2746  2808 I VRI[debug]@e4712ac: onActiveControlsChanged, removed=false, mAdded=true, caller=android.view.ViewRootImpl.handleInsetsControlChanged:3002 android.view.ViewRootImpl.setView:2014 android.view.WindowManagerGlobal.addView:604 com.android.wm.shell.startingsurface.SplashscreenWindowCreator.addWindow:38 com.android.wm.shell.startingsurface.StartingWindowController$$ExternalSyntheticLambda4.run:1365
03-02 00:57:36.938  2746  2808 I VRI[debug]@e4712ac: synced displayState. AttachInfo displayState=2
03-02 00:57:36.938  2746  2808 I VRI[debug]@e4712ac: setView = android.widget.FrameLayout@70b44 IsHRR=false mFlingFrameRateChange=0 TM=true
03-02 00:57:36.938  2746  2870 D HWUI    : HWUI - treat SMPTE_170M as sRGB
03-02 00:57:36.939  2013  3645 D InputDispatcher: Focused application(0): ActivityRecord{226246986 u0 com.podcast.app.debug/androidx.activity.ComponentActivity t44894}
03-02 00:57:36.939  1507  1507 I SurfaceFlinger: [9e8f108 Splash Screen com.podcast.app.debug#156596] attach to parent LayerHierarchy{RequestedLayerState{ActivityRecord{226246986 u0 com.podcast.app.debug/androidx.activity.ComponentActivity t44894}#156595 parentId=156594} 1 children}
03-02 00:57:36.940  1646  2917 I CameraService: onUidStateChanged: uid=10492, procState is changed. (10 -> 19)
03-02 00:57:36.949  2013  4843 D GraphicsStatsService: requestRenderEngineFor(com.podcast.app.debug)
03-02 00:57:36.950  2013  3345 W ParceledListSlice: Element #30 is 21544 bytes.
03-02 00:57:36.953  2013  4834 I WindowManager: Relayout Window{9e8f108 u0 Splash Screen com.podcast.app.debug}: viewVisibility=0 req=1080x2340 ty=3 d0
03-02 00:57:36.954  1507  1907 I SurfaceFlinger: id=156597 createSurf, flag=44004, Splash Screen com.podcast.app.debug$_2746#156597
03-02 00:57:36.960  2013  2600 D AS.MultiSoundManager: mForegroundUid = 10685
03-02 00:57:36.961 17121 17121 D LifecycleMonitor: Lifecycle status change: androidx.activity.ComponentActivity@14b9de8 in: PRE_ON_CREATE
03-02 00:57:36.961 17121 17121 V ActivityScenario: Activity lifecycle changed event received but ignored because the reported transition was not ON_CREATE while the last known transition was PRE_ON_CREATE
03-02 00:57:36.961  1507  1507 I SurfaceFlinger: [Splash Screen com.podcast.app.debug$_2746#156597] attach to parent LayerHierarchy{RequestedLayerState{9e8f108 Splash Screen com.podcast.app.debug#156596 parentId=156595} 1 children}
03-02 00:57:36.966 17121 17121 I DecorView: setWindowBackground: isPopOver=false color=ff0f0f0f d=android.graphics.drawable.ColorDrawable@800773d
03-02 00:57:36.966  2013  4834 I WindowManager: Relayout hash=9e8f108, pid=2746, syncId=-1: mAttrs={(0,0)(fillxfill) sim={adjust=pan} layoutInDisplayCutoutMode=always ty=APPLICATION_STARTING fmt=TRANSLUCENT wanim=0x1030317
03-02 00:57:36.966  2013  4834 I WindowManager:   fl=81030118
03-02 00:57:36.966  2013  4834 I WindowManager:   pfl=10000810
03-02 00:57:36.966  2013  4834 I WindowManager:   bhv=1
03-02 00:57:36.966  2013  4834 I WindowManager:   fitSides=0
03-02 00:57:36.966  2013  4834 I WindowManager:   frameRateBoostOnTouch=true
03-02 00:57:36.966  2013  4834 I WindowManager:   dvrrWindowFrameRateHint=true naviIconColor=0}
03-02 00:57:36.967 17121 17121 D LifecycleMonitor: Lifecycle status change: androidx.activity.ComponentActivity@14b9de8 in: CREATED
03-02 00:57:36.968 17121 17121 V ActivityScenario: Update currentActivityStage to CREATED, currentActivity=androidx.activity.ComponentActivity@14b9de8
03-02 00:57:36.968  2746  2808 I InsetsController: onStateChanged: host=Splash Screen com.podcast.app.debug, from=android.view.ViewRootImpl.onInsetsStateChanged:3026, state=InsetsState: {mDisplayFrame=Rect(0, 0 - 1080, 2340), mDisplayCutout=DisplayCutout{insets=Rect(0, 80 - 0, 0) waterfall=Insets{left=0, top=0, right=0, bottom=0} boundingRect={Bounds=[Rect(0, 0 - 0, 0), Rect(472, 0 - 608, 80), Rect(0, 0 - 0, 0), Rect(0, 0 - 0, 0)]} cutoutPathParserInfo={CutoutPathParserInfo{displayWidth=1080 displayHeight=2340 physicalDisplayWidth=1080 physicalDisplayHeight=2340 density={2.8125} cutoutSpec={M 0,0 H -24.177777778 V 28.4444444444 H 24.177777778 V 0 H 0 Z @dp} rotation={0} scale={1.0} physicalPixelDisplaySizeRatio={1.0}}} sideOverrides={}}, mRoundedCorners=RoundedCorners{[RoundedCorner{position=TopLeft, radius=113, center=Point(113, 113)}, RoundedCorner{position=TopRight, radius=113, center=Point(967, 113)}, RoundedCorner{position=BottomRight, radius=113, center=Point(967, 2227)}, RoundedCorner{position=BottomLeft, radius=113, center=Point(113, 2227)}]}  mRoundedCornerFrame=Rect(0, 0 - 1080, 2340), mPrivacyIndicatorBounds=PrivacyIndicatorBounds {static bounds=Rect(956, 0 - 1080, 80) rotation=0}, mDisplayShape=DisplayShape{ spec=-311912193 displayWidth=1080 displayHeight=2340 physicalPixelDisplaySizeRatio=1.0 rotation=0 offsetX=0 offsetY=0 scale=1.0}, mSources= { InsetsSource: {e9af0000 mType=statusBars mFrame=[0,0][1080,80] mVisible=true mFlags= mSideHint=TOP mBoundingRects=null}, InsetsSource: {e9af0005 mType=mandatorySystemGestures mFrame=[0,0][1080,114] mVisible=true mFlags= mSideHint=TOP mBoundingRects=null}, InsetsSource: {e9af0006 mType=tappableElement mFrame=[0,0][1080,80] mVisible=true mFlags= mSideHint=TOP mBoundingRects=null}, InsetsSource: {3 mType=ime mFrame=[0,0][0,0] mVisible=false mFlags= mSideHint=NONE mBoundingRects=null}, InsetsSource: {27 mType=displayCutout mFrame=[0,0][1080,80] mVisible=true mFlags= mSideHint=TOP mBoundingRects=null}, InsetsSource: {26ed0001 mType=navigationBars mFrame=[0,2298][1080,2340] mVisible=true mFlags=SUPPRESS_SCRIM mSideHint=BOTTOM mBoundingRects=null}, InsetsSource: {26ed0004 mType=systemGestures mFrame=[0,0][84,2340] mVisible=true mFlags= mSideHint=LEFT mBoundingRects=null}, InsetsSource: {26ed0005 mType=mandatorySystemGestures mFrame=[0,2250][1080,2340] mVisible=true mFlags= mSideHint=BOTTOM mBoundingRects=null}, InsetsSource: {26ed0006 mType=tappableElement mFrame=[0,0][0,0] mVisible=true mFlags= mSideHint=NONE mBoundingRects=null}, InsetsSource: {26ed0024 mType=systemGestures mFrame=[996,0][1080,2340] mVisible=true mFlags= mSideHint=RIGHT mBoundingRects=null} }
03-02 00:57:36.969  2746  2808 I VRI[debug]@e4712ac: onActiveControlsChanged, removed=false, mAdded=true, caller=android.view.ViewRootImpl.handleInsetsControlChanged:3002 android.view.ViewRootImpl.relayoutWindow:11629 android.view.ViewRootImpl.performTraversals:4804 android.view.ViewRootImpl.doTraversal:3924 android.view.ViewRootImpl$TraversalRunnable.run:12903
03-02 00:57:36.969 17121 17121 D LifecycleMonitor: Lifecycle status change: androidx.activity.ComponentActivity@14b9de8 in: STARTED
03-02 00:57:36.970 17121 17121 V ActivityScenario: Update currentActivityStage to STARTED, currentActivity=androidx.activity.ComponentActivity@14b9de8
03-02 00:57:36.971 17121 17121 D LifecycleMonitor: Lifecycle status change: androidx.activity.ComponentActivity@14b9de8 in: RESUMED
03-02 00:57:36.971 17121 17121 V ActivityScenario: Update currentActivityStage to RESUMED, currentActivity=androidx.activity.ComponentActivity@14b9de8
03-02 00:57:36.972  2746  2808 D BufferQueueConsumer: [](id:aba00001e31,api:0,p:-1,c:2746) connect: controlledByApp=false
03-02 00:57:36.973 17121 17121 I ViewRootImpl: dVRR is disabled
03-02 00:57:36.973  2746  2808 I BLASTBufferQueue: [VRI[debug]@e4712ac#7729](f:0,a:0,s:0) constructor()
03-02 00:57:36.973  2746  2808 I BLASTBufferQueue_Java: new BLASTBufferQueue, mName= VRI[debug]@e4712ac mNativeObject= 0xb40000771f64b400 caller= android.view.ViewRootImpl.updateBlastSurfaceIfNeeded:3585 android.view.ViewRootImpl.relayoutWindow:11685 android.view.ViewRootImpl.performTraversals:4804 android.view.ViewRootImpl.doTraversal:3924 android.view.ViewRootImpl$TraversalRunnable.run:12903 android.view.Choreographer$CallbackRecord.run:1901 android.view.Choreographer$CallbackRecord.run:1910 android.view.Choreographer.doCallbacks:1367 android.view.Choreographer.doFrame:1292 android.view.Choreographer$FrameDisplayEventReceiver.run:1870
03-02 00:57:36.973  2746  2808 I BLASTBufferQueue_Java: update, w= 1080 h= 2340 mName = VRI[debug]@e4712ac mNativeObject= 0xb40000771f64b400 sc.mNativeObject= 0xb40000783d284fc0 format= -3 caller= android.view.ViewRootImpl.updateBlastSurfaceIfNeeded:3590 android.view.ViewRootImpl.relayoutWindow:11685 android.view.ViewRootImpl.performTraversals:4804 android.view.ViewRootImpl.doTraversal:3924 android.view.ViewRootImpl$TraversalRunnable.run:12903 android.view.Choreographer$CallbackRecord.run:1901
03-02 00:57:36.973  2746  2808 I BLASTBufferQueue: [VRI[debug]@e4712ac#7729](f:0,a:0,s:0) update width=1080 height=2340 format=-3 mTransformHint=0
03-02 00:57:36.974 17121 17389 D NativeCustomFrequencyManager: [NativeCFMS] BpCustomFrequencyManager::BpCustomFrequencyManager()
03-02 00:57:36.974  2746  2808 I VRI[debug]@e4712ac: Relayout returned: old=(0,0,1080,2340) new=(0,0,1080,2340) relayoutAsync=false req=(1080,2340)0 dur=33 res=0x3 s={true 0xb40000772ade5600} ch=true seqId=0
03-02 00:57:36.975  2746  2808 I VRI[debug]@e4712ac: performConfigurationChange setNightDimText nightDimLevel=0
03-02 00:57:36.976  2746  2808 D VRI[debug]@e4712ac: mThreadedRenderer.initialize() mSurface={isValid=true 0xb40000772ade5600} hwInitialized=true
03-02 00:57:36.977  2746  2808 D VRI[debug]@e4712ac: reportNextDraw android.view.ViewRootImpl.performTraversals:5443 android.view.ViewRootImpl.doTraversal:3924 android.view.ViewRootImpl$TraversalRunnable.run:12903 android.view.Choreographer$CallbackRecord.run:1901 android.view.Choreographer$CallbackRecord.run:1910
03-02 00:57:36.978  2746  2808 D VRI[debug]@e4712ac: Setup new sync=wmsSync-VRI[debug]@e4712ac#75
03-02 00:57:36.978  2746  2808 I VRI[debug]@e4712ac: Creating new active sync group VRI[debug]@e4712ac#76
03-02 00:57:36.978  2746  2808 D VRI[debug]@e4712ac: registerCallbacksForSync syncBuffer=false
03-02 00:57:36.979  2746  2866 D VRI[debug]@e4712ac: Received frameDrawingCallback syncResult=0 frameNum=1.
03-02 00:57:36.979  2746  2866 I VRI[debug]@e4712ac: mWNT: t=0xb40000768d801c00 mBlastBufferQueue=0xb40000771f64b400 fn= 1 HdrRenderState mRenderHdrSdrRatio=1.0 caller= android.view.ViewRootImpl$12.onFrameDraw:15441 android.view.ThreadedRenderer$1.onFrameDraw:718 <bottom of call stack>
03-02 00:57:36.979  2746  2866 I VRI[debug]@e4712ac: Setting up sync and frameCommitCallback
03-02 00:57:36.981  2013  3566 D InputTransport: Input channel constructed: '79a6976', fd=1100
03-02 00:57:36.981  2013  3566 D InputTransport: Input channel constructed: '79a6976', fd=1132
