03-02 00:57:00.299  5235 12847 I HBD     : a [SKE_SPECIFIC] specific model[com.podcast.app.debug] loaded, 60567385 ns
03-02 00:57:00.310  1445 16865 W C2MtkBufferManager: [0xB4000070F68A9420] fetchNewCcBlock: wait fence 0x0xb4000070f692fea0 timed out. ret 110
03-02 00:57:00.322  1445  2902 W C2MtkBufferManager: [0xB4000070F507E520] fetchNewCcBlock: wait fence 0x0xb4000070f5058270 timed out. ret 110
03-02 00:57:00.343  1450 17866 I mtkpower_client: perf_lock_rel, hdl:76273, pid: 1450, tid:17866
03-02 00:57:00.344  1464  1529 I libPowerHal: [perfLockRel] hdl:76273, idx:7
03-02 00:57:00.344  1464  1529 I libPowerHal: [set_cpuidle] enable:1, fd:17, scn:0xb40000737b6173c8
03-02 00:57:00.344  1464  1529 I libPowerHal: [PD] vendor.samsung. update cmd:1c3c100 param:1 pr:6
03-02 00:57:00.344  1464  1529 I libPowerHal: [perfLockRel] Done for hdl : 76273
03-02 00:57:00.344  1450 17866 I mtkpower_client: perf_lock_acq, hdl:0, dur:0, num:2, pid:1450, tid:17866
03-02 00:57:00.345  1450 17866 I mtkpower_client: ret_hdl:76277
03-02 00:57:00.345  1450 17866 I mtkpower_client: perf_lock_rel, hdl:76275, pid: 1450, tid:17866
03-02 00:57:00.345  1464  1529 I libPowerHal: [perfLockAcq] idx:7 hdl:76277 hint:-1 pid:1450 tid:17866 duration:0 lock_user:vendor.samsung. => ret_hdl:76277
03-02 00:57:00.345  1464  1529 I libPowerHal: [set_cpuidle] enable:0, fd:17, scn:0xb40000737b6173c8
03-02 00:57:00.345  1464  1529 I libPowerHal: [get_cpu_dma_latency_value] 0
03-02 00:57:00.345  1464  1529 I libPowerHal: [PE] vendor.samsung. update cmd:1c3c100 param:0 pr:3
03-02 00:57:00.345  1464  1529 I libPowerHal: [perfLockAcq] Done for hdl : 76277
03-02 00:57:00.346  1450 17866 I mtkpower_client: perf_lock_acq, hdl:0, dur:0, num:2, pid:1450, tid:17866
03-02 00:57:00.347  1464  1529 I libPowerHal: [perfLockRel] hdl:76275, idx:5
03-02 00:57:00.347  1464  1529 I libPowerHal: [PD] vendor.samsung. update cmd:1000000 param:-1 pr:6
03-02 00:57:00.347  1464  1529 I libPowerHal: [perfLockRel] Done for hdl : 76275
03-02 00:57:00.348  1450 17866 I mtkpower_client: ret_hdl:76278
03-02 00:57:00.348  1464  1529 I libPowerHal: [perfLockAcq] idx:5 hdl:76278 hint:-1 pid:1450 tid:17866 duration:0 lock_user:vendor.samsung. => ret_hdl:76278
03-02 00:57:00.348  1464  1529 I libPowerHal: [setDvfsrcDevFreqOpp] opp:0, freq:4266000000
03-02 00:57:00.348  1464  1529 I libPowerHal: [PE] vendor.samsung. update cmd:1000000 param:0 pr:3
03-02 00:57:00.348  1464  1529 I libPowerHal: [perfLockAcq] Done for hdl : 76278
03-02 00:57:00.348  1450 17866 I HYPER-HAL: [RequestManager.cpp]releaseLocked(): Released ID : 2063514
03-02 00:57:00.350  1445 16865 W C2MtkBufferManager: [0xB4000070F68A9420] fetchNewCcBlock: wait fence 0x0xb4000070f692fea0 timed out. ret 110
03-02 00:57:00.376  1553  1553 I libPerfCtl: xgfGetCmd ioctl_valid:-2
03-02 00:57:00.379  1507  1825 I SurfaceFlinger: Capture layer list: 	 com.zhiliaoapp.musically/com.ss.android.ugc.aweme.splash.SplashActivity$_14885#155411(seamlessTransition:0)
03-02 00:57:00.379  1507  1825 I SurfaceFlinger: Capture layer list: 	 DimTransitionLayer for Surface(name=Task=44846)/@0xf2a125b#155440(seamlessTransition:0)
03-02 00:57:00.379  1507  1825 I SurfaceFlinger: Capture layer list: 	 com.podcast.app.debug/androidx.activity.ComponentActivity$_17121#155435(seamlessTransition:0)
03-02 00:57:00.389  1445 16865 W C2MtkBufferManager: [0xB4000070F68A9420] fetchNewCcBlock: wait fence 0x0xb4000070f692fea0 timed out. ret 110
03-02 00:57:00.395  1445  2902 W C2MtkBufferManager: [0xB4000070F507E520] fetchNewCcBlock: wait fence 0x0xb4000070f5058270 timed out. ret 110
03-02 00:57:00.430  1445 16865 W C2MtkBufferManager: [0xB4000070F68A9420] fetchNewCcBlock: wait fence 0x0xb4000070f692fea0 timed out. ret 110
03-02 00:57:00.448  2013  2685 D WifiConnectivityMonitor.NetworkStatsAnalyzer: Backhaul result - RSSI:-81, CE:39, PE:42, TI:41, PTI:44, TW:18, PTW:11, Tx:1745, Rx:3451, TxS:1495, RxS:3168, RESULT:true, IC:0, ICT:2, WC:0, WCT:3, R:2, RC:0, IE:0, EC:0
03-02 00:57:00.468  1445  2902 W C2MtkBufferManager: [0xB4000070F507E520] fetchNewCcBlock: wait fence 0x0xb4000070f5058270 timed out. ret 110
03-02 00:57:00.470  1445 16865 W C2MtkBufferManager: [0xB4000070F68A9420] fetchNewCcBlock: wait fence 0x0xb4000070f692fea0 timed out. ret 110
03-02 00:57:00.479  1507  1825 I SurfaceFlinger: Capture layer list: 	 com.zhiliaoapp.musically/com.ss.android.ugc.aweme.splash.SplashActivity$_14885#155411(seamlessTransition:0)
03-02 00:57:00.479  1507  1825 I SurfaceFlinger: Capture layer list: 	 DimTransitionLayer for Surface(name=Task=44846)/@0xf2a125b#155440(seamlessTransition:0)
03-02 00:57:00.479  1507  1825 I SurfaceFlinger: Capture layer list: 	 com.podcast.app.debug/androidx.activity.ComponentActivity$_17121#155435(seamlessTransition:0)
03-02 00:57:00.509  1445 16865 W C2MtkBufferManager: [0xB4000070F68A9420] fetchNewCcBlock: wait fence 0x0xb4000070f692fea0 timed out. ret 110
03-02 00:57:00.518 14885 16784 D Native  : [TTNativeML] NativeMLTaskRunner 2.3-2.4 code：BuildInputs: CostTime 0.06 ms
03-02 00:57:00.518 14885 16784 D Native  : [TTNativeML] NativeMLTaskRunner 3-4 code：AdapterSetInputs: cost time 0.03 ms
03-02 00:57:00.518 14885 16784 D Native  : [TTNativeML] NativeMLTaskRunner 4-5 code：AdapterInference: cost time 0.14 ms
03-02 00:57:00.541  1445  2902 W C2MtkBufferManager: [0xB4000070F507E520] fetchNewCcBlock: wait fence 0x0xb4000070f5058270 timed out. ret 110
03-02 00:57:00.549  1445 16865 W C2MtkBufferManager: [0xB4000070F68A9420] fetchNewCcBlock: wait fence 0x0xb4000070f692fea0 timed out. ret 110
03-02 00:57:00.554  2746  2798 I SurfaceControlRegistry: apply, t=FinishTransaction_SyncId<11231>, caller=android.view.SurfaceControl$Transaction.apply:3459 android.view.SurfaceControl$Transaction.apply:3447 android.view.SurfaceControl$Transaction.apply:3397 com.android.wm.shell.transition.Transitions.onFinish:315 com.android.wm.shell.transition.Transitions$$ExternalSyntheticLambda7.onTransitionFinished:12 com.android.wm.shell.transition.DefaultTransitionHandler$$ExternalSyntheticLambda6.run:36
03-02 00:57:00.554  1444  1444 D libcomposer_ext: DeviceImplAidl::DeviceClientContextAidl::NotifyHwcComposition()
03-02 00:57:00.554  1444  1444 D libcomposer_ext: DeviceImplAidl::DeviceClientContextAidl::NotifyHwcComposition()
03-02 00:57:00.554  1698  1698 D libcomposer_ext: ClientCallbackAidl::asyncPerform(12)
03-02 00:57:00.554  1698  1698 D libcomposer_ext: ClientImplAidl::ParseNotifyHwcComposition()
03-02 00:57:00.554  1507  2393 D libcomposer_ext: ClientCallbackAidl::asyncPerform(12)
03-02 00:57:00.554  1507  2393 D libcomposer_ext: ClientImplAidl::ParseNotifyHwcComposition()
03-02 00:57:00.554  1507  2393 D SurfaceFlinger: NotifyHwcComposition(), id 0, mode 0
03-02 00:57:00.555  1464  1492 I mtkpower@impl: [setMode] type:6, enabled:0
03-02 00:57:00.555  1464  1492 E mtkpower@impl: [setMode] unknown type
03-02 00:57:00.556  1507  1507 D SurfaceFlinger: Display 4627039422300187648 HWC layers:
03-02 00:57:00.556  1507  1507 D SurfaceFlinger:   SOLID_COLOR |                        0 | 00000002 | N/A          |    0.0    0.0    0.0    0.0 |    0    0   -1   -1 | Background for 68eb87 SurfaceView[co[...]weme.splash.SplashActivity]@0#155417 (0)
03-02 00:57:00.556  1507  1507 D SurfaceFlinger:   SOLID_COLOR |                        0 | 00000002 | N/A          |    0.0    0.0    0.0    0.0 |    0    0   -1   -1 | Background for 7086fb SurfaceView[co[...]weme.splash.SplashActivity]@0#155420 (0)
03-02 00:57:00.556  1507  1507 D SurfaceFlinger:   SOLID_COLOR |                        0 | 00000002 | N/A          |    0.0    0.0    0.0    0.0 |    0    0   -1   -1 | Background for 836459b SurfaceView[c[...]weme.splash.SplashActivity]@0#155423 (0)
03-02 00:57:00.556  1507  1507 D SurfaceFlinger:        DEVICE |           63930588201590 | 00000102 | 0x32315659   |    0.0    0.0    0.0    0.0 |    0    0   -1   -1 | 7086fb SurfaceView[com.zhiliaoapp.mu[...]lash.SplashActivity]@0(BLAST)#155419 (12)
03-02 00:57:00.556  1507  1507 D SurfaceFlinger:        DEVICE |           63930588201563 | 00002100 | RGBA_8888    |    0.0    0.0    0.0    0.0 |    0    0   -1   -1 | com.zhiliaoapp.musically/com.ss.andr[...].splash.
03-02 00:57:00.556  1507  1507 D SurfaceFlinger: SplashActivity$_14885#155411 (6)
03-02 00:57:00.556  1507  1507 D SurfaceFlinger:   SOLID_COLOR |                        0 | 00000000 | N/A          |    0.0    0.0    0.0    0.0 |    0    0   -1   -1 | DimTransitionLayer for Surface(name=Task=44846)/@0xf2a125b#155440 (0)
03-02 00:57:00.556  1507  1507 D SurfaceFlinger:        DEVICE |           73534135074832 | 00002102 | RGBA_8888    |    0.0    0.0 1080.0 2340.0 |    0    0 1080 2340 | com.podcast.app.debug/androidx.activity.ComponentActivity$_17121#155435 (1)
03-02 00:57:00.556  1507  1507 D SurfaceFlinger:        DEVICE |           11793980281856 | 00002100 | RGBA_8888    |    0.0    0.0 1080.0   80.0 |    0    0 1080   80 | StatusBar$_2746#117 (210895)
03-02 00:57:00.556  1507  1507 D SurfaceFlinger:        DEVICE |           13752485304097 | 00002100 | RGBA_8888    |    0.0    0.0   67.0  346.0 | 1013  454 1080  800 | com.sec.android.app.launcher/com.sam[...].app.CocktailBarService$_3202#152779 (1)
03-02 00:57:00.556  1507  1507 D SurfaceFlinger:        DEVICE |           11793980281862 | 00002100 | RGBA_8888    |    0.0    0.0 1080.0  135.0 |    0 2205 1080 2340 | NavigationBar0$_2746#113 (187352)
03-02 00:57:00.556  1507  1507 D SurfaceFlinger:
03-02 00:57:00.558 14885 14885 I VRI[SplashActivity]@35f4eb8: handleAppVisibility mAppVisible = true visible = false
03-02 00:57:00.558 14885 14885 D VRI[SplashActivity]@35f4eb8: visibilityChanged oldVisibility=true newVisibility=false
03-02 00:57:00.563  2746  2746 D SystemUIService: SYSUI_RAM_OPTIMIZATION onTrimMemory=20
03-02 00:57:00.563 14885 14885 I SV[6876039 SplashActivity]: onWindowVisibilityChanged(8) false X.0fk7{68eb87 V.E...... ........ 0,80-1080,2000} of VRI[SplashActivity]@35f4eb8
03-02 00:57:00.563 14885 14885 I SurfaceView: 6876039 Changes: creating=false format=false size=false visible=true alpha=false hint=false left=false top=false z=false attached=true lifecycleStrategy=false
03-02 00:57:00.563  2746  2746 D CentralSurfaces: SYSUI_RAM_OPTIMIZATION onTrimMemory=20
03-02 00:57:00.563 14885 14885 I SurfaceView: 6876039 Cur surface: Surface(name=null mNativeObject=499546952960)/@0x56b4ffd
03-02 00:57:00.564  2746  2870 D HWUI    : CacheManager::trimMemory(20)
03-02 00:57:00.564 14885 14885 I SurfaceView: 6876039 surfaceDestroyed
03-02 00:57:00.564 14885 14885 I SV[6876039 SplashActivity]: surfaceDestroyed callback.size 1 #2 X.0fk7{68eb87 V.E...... ........ 0,80-1080,2000}
03-02 00:57:00.564 14885 14885 I SV[6876039 SplashActivity]: updateSurface: mVisible = false mSurface.isValid() = true
03-02 00:57:00.564 14885 14885 I BLASTBufferQueue: [68eb87 SurfaceView[com.zhiliaoapp.musically/com.ss.android.ugc.aweme.splash.SplashActivity]@0#20](f:0,a:0,s:0) destructor()
03-02 00:57:00.564 14885 14885 D BufferQueueConsumer: [68eb87 SurfaceView[com.zhiliaoapp.musically/com.ss.android.ugc.aweme.splash.SplashActivity]@0#20(BLAST Consumer)20](id:3a2500000017,api:0,p:-1,c:14885) disconnect
03-02 00:57:00.564  1507  1507 I SurfaceFlinger: RequestedLayer [Task=44543#147901] hidden!! flag  from(0) --> to(1)
03-02 00:57:00.564  1507  1507 I SurfaceFlinger: [Display 0 name="Built-in Screen"#49] setFrameRateCategory: Default
03-02 00:57:00.564 14885 14885 I SV[6876039 SplashActivity]: releaseSurfaces: viewRoot = VRI[SplashActivity]@35f4eb8
03-02 00:57:00.564  1507  1507 I SurfaceFlinger: [LayerHierarchy{RequestedLayerState{Task=44543#147901 parentId=10 z=41} 1 children}] reparent to LayerHierarchy{RequestedLayerState{DefaultTaskDisplayArea_d0#10 parentId=9} 45 children}
03-02 00:57:00.564  1507  1507 I SurfaceFlinger: [LayerHierarchy{RequestedLayerState{DimTransitionLayer for Surface(name=Task=44846)/@0xf2a125b#155440 z=-1} no children}] reparent to OffscreenRoot
03-02 00:57:00.564  1507  1507 I SurfaceFlinger: [LayerHierarchy{RequestedLayerState{DimTransitionLayer for Surface(name=Task=44846)/@0xf2a125b#155440 z=-1} no children}] RelativeParent to null
03-02 00:57:00.564  1507  1507 I SurfaceFlinger: [LayerHierarchy{RequestedLayerState{Transition Root: Task=44846#155438 z=42} 1 children}] reparent to OffscreenRoot
03-02 00:57:00.564  1507  1507 I SurfaceFlinger: [LayerHierarchy{RequestedLayerState{Transition Root: Task=44846#155438 z=42} 1 children}] RelativeParent to null
03-02 00:57:00.564  1507  1507 I SurfaceFlinger: [LayerHierarchy{RequestedLayerState{Task=44846#155430 parentId=10 z=42} 1 children}] reparent to LayerHierarchy{RequestedLayerState{DefaultTaskDisplayArea_d0#10 parentId=9} 45 children}
03-02 00:57:00.564 14885 14885 V SurfaceView: Layout: x=4320 y=-2080 w=1080 h=1920, frame=Rect(0, 0 - 1080, 1920)
03-02 00:57:00.564 14885 14885 I SV[7374587 SplashActivity]: onWindowVisibilityChanged(8) false X.0fk7{7086fb V.E...... ........ 0,80-1080,2000} of VRI[SplashActivity]@35f4eb8
03-02 00:57:00.565 14885 14885 I SurfaceView: 7374587 Changes: creating=false format=false size=false visible=true alpha=false hint=false left=false top=false z=false attached=true lifecycleStrategy=false
03-02 00:57:00.565  1507  1507 I SurfaceFlinger: onHandleDestroyed: layerId=155440, name=DimTransitionLayer for Surface(name=Task=44846)/@0xf2a125b#155440
03-02 00:57:00.565  1507  1507 I SurfaceFlinger: id=155440 Removed DimTransitionLayer for Surface(name=Task=44846)/@0xf2a125b#155440 (340)
03-02 00:57:00.565  1507  1507 I SurfaceFlinger: onHandleDestroyed: layerId=155438, name=Transition Root: Task=44846#155438
03-02 00:57:00.566  1507  1507 I SurfaceFlinger: id=155438 Removed Transition Root: Task=44846#155438 (340)
03-02 00:57:00.566  1507  1507 I SurfaceFlinger: onHandleDestroyed: layerId=155401, name=e0b07fd Splash Screen com.podcast.app.debug.test#155401
03-02 00:57:00.566  1507  1507 I SurfaceFlinger: id=155401 Removed e0b07fd Splash Screen com.podcast.app.debug.test#155401 (340)
03-02 00:57:00.566 14885 14885 I SurfaceView: 7374587 Cur surface: Surface(name=null mNativeObject=499554955520)/@0x5798c7e
03-02 00:57:00.566  1507  1507 E RefreshRateSelector: Can't find HRR max refresh rate by policy with the same group 0
03-02 00:57:00.566 14885 14885 I SurfaceView: 7374587 surfaceDestroyed
03-02 00:57:00.566 14885 14885 I SV[7374587 SplashActivity]: surfaceDestroyed callback.size 2 #2 X.0fk7{7086fb V.E...... ........ 0,80-1080,2000}
03-02 00:57:00.572  1646  5384 I CameraService: onUidStateChanged: uid=10235, procState is changed. (3 -> 4)
03-02 00:57:00.572 14885 16837 D SurfaceUtils: connecting to surface 0x6f9d803610, reason connectToSurface
03-02 00:57:00.572 14885 16837 I MediaCodec: [c2.mtk.hevc.decoder] setting surface generation to 15242256
03-02 00:57:00.572 14885 16837 D SurfaceUtils: disconnecting from surface 0x6f9d803610, reason connectToSurface(reconnect)
03-02 00:57:00.573 14885 16837 D SurfaceUtils: connecting to surface 0x6f9d803600, reason connectToSurface(reconnect-with-listener)
03-02 00:57:00.573 14885 16837 D GraphicsTracker: new surface in configuration: maxDequeueRequested(0), maxDequeueCommitted(24)
03-02 00:57:00.573 14885 16837 D GraphicsTracker: new surface configured with id:63930588200968 gen:15242256 maxDequeue:24
03-02 00:57:00.573 14885 16837 D GraphicsTracker: maxDequeueCount is already 24
03-02 00:57:00.573 14885 16837 D Codec2Client: setOutputSurface -- generation=15242256 consumer usage=0x900
03-02 00:57:00.573 14885 16837 D SurfaceUtils: disconnecting from surface 0x6f9da2e010, reason disconnectFromSurface
03-02 00:57:00.574 14885 14885 I SV[7374587 SplashActivity]: updateSurface: mVisible = false mSurface.isValid() = true
03-02 00:57:00.575 14885 14885 I BLASTBufferQueue: [7086fb SurfaceView[com.zhiliaoapp.musically/com.ss.android.ugc.aweme.splash.SplashActivity]@0#21](f:0,a:1,s:0) destructor()
03-02 00:57:00.575 14885 14885 D BufferQueueConsumer: [7086fb SurfaceView[com.zhiliaoapp.musically/com.ss.android.ugc.aweme.splash.SplashActivity]@0#21(BLAST Consumer)21](id:3a2500000018,api:0,p:-1,c:14885) disconnect
03-02 00:57:00.575  1507  1507 I SurfaceFlinger: RequestedLayer [com.zhiliaoapp.musically/com.ss.andr[...].splash.SplashActivity$_14885#155411] hidden!! flag  from(0) --> to(1)
03-02 00:57:00.575  1507  1507 I SurfaceFlinger: RequestedLayer [ActivityRecord{2751228 u0 com.zhilia[...]splash.SplashActivity t44543}#147902] hidden!! flag  from(0) --> to(1)
03-02 00:57:00.575  1507  1507 I SurfaceFlinger: destroyed e0b07fd Splash Screen com.podcast.app.debug.test#155401
03-02 00:57:00.575  1507  1507 I SurfaceFlinger: destroyed DimTransitionLayer for Surface(name=Task=44846)/@0xf2a125b#155440
03-02 00:57:00.575  1507  1507 I SurfaceFlinger: destroyed Transition Root: Task=44846#155438
03-02 00:57:00.575  1507  1507 I SurfaceFlinger: [LayerHierarchy{RequestedLayerState{ImeContainer#15 parentId=155431 relativeParentId=155434 z=1} 1 children}] RelativeParent to LayerHierarchy{RequestedLayerState{223422 com.podcast.app.debug/androidx.activity.ComponentActivity#155434 parentId=155431} 2 children}
03-02 00:57:00.575  1507  1507 I SurfaceFlinger: [LayerHierarchy{RequestedLayerState{9889ec3 Splash Screen com.podcast.app.debug#155432 z=2147483647} 1 children}] reparent to OffscreenRoot
03-02 00:57:00.575  1507  1507 I SurfaceFlinger: [LayerHierarchy{RequestedLayerState{9889ec3 Splash Screen com.podcast.app.debug#155432 z=2147483647} 1 children}] RelativeParent to null
03-02 00:57:00.575  1507  1507 I SurfaceFlinger: [LayerHierarchy{RequestedLayerState{Splash Screen com.podcast.app.debug$_2746#155433} no children}] reparent to OffscreenRoot
03-02 00:57:00.575  1507  1507 I SurfaceFlinger: [LayerHierarchy{RequestedLayerState{Splash Screen com.podcast.app.debug$_2746#155433} no children}] RelativeParent to null
03-02 00:57:00.576 14885 14885 I SV[7374587 SplashActivity]: releaseSurfaces: viewRoot = VRI[SplashActivity]@35f4eb8
03-02 00:57:00.577 14885 14885 V SurfaceView: Layout: x=0 y=80 w=1080 h=1920, frame=Rect(0, 0 - 1080, 1920)
03-02 00:57:00.577  1507  1507 I Layer   : id=155401 Destroyed e0b07fd Splash Screen com.podcast.app.debug.test#155401
03-02 00:57:00.577  1507  1507 I Layer   : id=155438 Destroyed Transition Root: Task=44846#155438
03-02 00:57:00.577  1507  1507 I Layer   : id=155440 Destroyed DimTransitionLayer for Surface(name=Task=44846)/@0xf2a125b#155440
03-02 00:57:00.577  1507  1507 I SurfaceFlinger: onHandleDestroyed: layerId=155432, name=9889ec3 Splash Screen com.podcast.app.debug#155432
03-02 00:57:00.577 14885 14885 I SV[137774491 SplashActivity]: onWindowVisibilityChanged(8) false X.0fk7{836459b V.E...... ........ 0,81-1080,1998} of VRI[SplashActivity]@35f4eb8
03-02 00:57:00.577  1507  1507 I SurfaceFlinger: id=155432 Removed 9889ec3 Splash Screen com.podcast.app.debug#155432 (337)
03-02 00:57:00.577  1507  1507 I SurfaceFlinger: onHandleDestroyed: layerId=155433, name=Splash Screen com.podcast.app.debug$_2746#155433
03-02 00:57:00.577  1507  1507 I SurfaceFlinger: id=155433 Removed Splash Screen com.podcast.app.debug$_2746#155433 (337)
03-02 00:57:00.577 14885 14885 I SurfaceView: 137774491 Changes: creating=false format=false size=false visible=true alpha=false hint=false left=false top=false z=false attached=true lifecycleStrategy=false
03-02 00:57:00.577 14885 14885 I SurfaceView: 137774491 Cur surface: Surface(name=null mNativeObject=499558291712)/@0xe7e74a9
03-02 00:57:00.577 14885 14885 I SurfaceView: 137774491 surfaceDestroyed
03-02 00:57:00.577 14885 14885 I SV[137774491 SplashActivity]: surfaceDestroyed callback.size 1 #2 X.0fk7{836459b V.E...... ........ 0,81-1080,1998}
03-02 00:57:00.577 14885 14885 I SV[137774491 SplashActivity]: updateSurface: mVisible = false mSurface.isValid() = true
03-02 00:57:00.578 14885 14885 I BLASTBufferQueue: [836459b SurfaceView[com.zhiliaoapp.musically/com.ss.android.ugc.aweme.splash.SplashActivity]@0#22](f:0,a:0,s:0) destructor()
03-02 00:57:00.578 14885 14885 D BufferQueueConsumer: [836459b SurfaceView[com.zhiliaoapp.musically/com.ss.android.ugc.aweme.splash.SplashActivity]@0#22(BLAST Consumer)22](id:3a2500000019,api:0,p:-1,c:14885) disconnect
03-02 00:57:00.578 14885 14885 I SV[137774491 SplashActivity]: releaseSurfaces: viewRoot = VRI[SplashActivity]@35f4eb8
03-02 00:57:00.579  1628  1637 E thermal_core: find_tz_idx_by_name:"Failed to find thermal zone index of ap_ntc\n"
03-02 00:57:00.579  1628  1637 E thermal_core: find_tz_idx_by_name:"Failed to find thermal zone index of mtk-master-charger\n"
03-02 00:57:00.579 14885 14885 V SurfaceView: Layout: x=4320 y=2240 w=1080 h=1917, frame=Rect(0, 0 - 1080, 1917)
03-02 00:57:00.580  1507  1825 I SurfaceFlinger: Capture layer list: 	 com.podcast.app.debug/androidx.activity.ComponentActivity$_17121#155435(seamlessTransition:0)
03-02 00:57:00.582 14885 15423 D SurfaceView: 73239465 windowPositionLost, frameNr = 0
03-02 00:57:00.583 14885 15423 D SurfaceView: 169354542 windowPositionLost, frameNr = 0
03-02 00:57:00.584 14885 15423 D SurfaceView: 120588495 windowPositionLost, frameNr = 0
03-02 00:57:00.586 14885 15423 D HWUI    : CacheManager::trimMemory(20)
03-02 00:57:00.586  1507  1507 I SurfaceFlinger: destroyed 9889ec3 Splash Screen com.podcast.app.debug#155432
03-02 00:57:00.586  1507  1507 I SurfaceFlinger: destroyed Splash Screen com.podcast.app.debug$_2746#155433
03-02 00:57:00.588  2013  4829 I WindowManager: Relayout Window{cd2d6b5 u0 com.zhiliaoapp.musically/com.ss.android.ugc.aweme.splash.SplashActivity}: viewVisibility=8 req=1080x2340 ty=1 d0
03-02 00:57:00.590  1507  1507 I Layer   : id=155433 Destroyed Splash Screen com.podcast.app.debug$_2746#155433
03-02 00:57:00.590  1507  1507 I Layer   : id=155432 Destroyed 9889ec3 Splash Screen com.podcast.app.debug#155432
03-02 00:57:00.591  2013  4829 I WindowManager: Relayout hash=cd2d6b5, pid=14885, syncId=-1: mAttrs={(0,0)(fillxfill) sim={adjust=pan} layoutInDisplayCutoutMode=always ty=BASE_APPLICATION fmt=TRANSLUCENT wanim=0x1030317
03-02 00:57:00.591  2013  4829 I WindowManager:   fl=81810180
03-02 00:57:00.591  2013  4829 I WindowManager:   pfl=10008840
03-02 00:57:00.591  2013  4829 I WindowManager:   vsysui=400
03-02 00:57:00.591  2013  4829 I WindowManager:   apr=10
03-02 00:57:00.591  2013  4829 I WindowManager:   bhv=1
03-02 00:57:00.591  2013  4829 I WindowManager:   fitSides=0
03-02 00:57:00.591  2013  4829 I WindowManager:   frameRateBoostOnTouch=true
03-02 00:57:00.591  2013  4829 I WindowManager:   dvrrWindowFrameRateHint=true naviIconColor=0
03-02 00:57:00.591  2013  4829 I WindowManager:   sfl=100000}
03-02 00:57:00.595 14885 14885 I BLASTBufferQueue: [VRI[SplashActivity]@35f4eb8#19](f:0,a:1,s:0) destructor()
03-02 00:57:00.595 14885 14885 D BufferQueueConsumer: [VRI[SplashActivity]@35f4eb8#19(BLAST Consumer)19](id:3a2500000016,api:0,p:-1,c:14885) disconnect
03-02 00:57:00.596 14885 14885 I VRI[SplashActivity]@35f4eb8: Relayout returned: old=(0,0,1080,2340) new=(0,0,1080,2340) relayoutAsync=false req=(1080,2340)8 dur=6 res=0x2 s={false 0x0} ch=true seqId=0
03-02 00:57:00.597 14885 14885 I SV[6876039 SplashActivity]: windowStopped(true) false X.0fk7{68eb87 V.E...... ........ 0,80-1080,2000} of VRI[SplashActivity]@35f4eb8
03-02 00:57:00.597 14885 14885 D SV[6876039 SplashActivity]: updateSurface: surface is not valid
03-02 00:57:00.597 14885 14885 I SV[6876039 SplashActivity]: releaseSurfaces: viewRoot = VRI[SplashActivity]@35f4eb8
03-02 00:57:00.597 14885 14885 D VRI[SplashActivity]@35f4eb8: applyTransactionOnDraw applyImmediately
03-02 00:57:00.597 14885 14885 I SV[7374587 SplashActivity]: windowStopped(true) false X.0fk7{7086fb V.E...... ........ 0,80-1080,2000} of VRI[SplashActivity]@35f4eb8
03-02 00:57:00.597 14885 14885 D SV[7374587 SplashActivity]: updateSurface: surface is not valid
03-02 00:57:00.597 14885 14885 I SV[7374587 SplashActivity]: releaseSurfaces: viewRoot = VRI[SplashActivity]@35f4eb8
03-02 00:57:00.597 14885 14885 D VRI[SplashActivity]@35f4eb8: applyTransactionOnDraw applyImmediately
03-02 00:57:00.597  1507  1507 I SurfaceFlinger: [LayerHierarchy{RequestedLayerState{Bounds for - com.zhiliaoapp.musically/com.ss.android.ugc.aweme.splash.SplashActivity@4#155414} 3 children}] reparent to OffscreenRoot
03-02 00:57:00.598  1507  1507 I SurfaceFlinger: [LayerHierarchy{RequestedLayerState{Bounds for - com.zhiliaoapp.musically/com.ss.android.ugc.aweme.splash.SplashActivity@4#155414} 3 children}] RelativeParent to null
03-02 00:57:00.598 14885 14885 I SV[137774491 SplashActivity]: windowStopped(true) false X.0fk7{836459b V.E...... ........ 0,81-1080,1998} of VRI[SplashActivity]@35f4eb8
03-02 00:57:00.598 14885 14885 D SV[137774491 SplashActivity]: updateSurface: surface is not valid
03-02 00:57:00.598 14885 14885 I SV[137774491 SplashActivity]: releaseSurfaces: viewRoot = VRI[SplashActivity]@35f4eb8
03-02 00:57:00.598 14885 14885 D VRI[SplashActivity]@35f4eb8: applyTransactionOnDraw applyImmediately
03-02 00:57:00.598 14885 14885 D SV[6876039 SplashActivity]: updateSurface: surface is not valid
03-02 00:57:00.598 14885 14885 I SV[6876039 SplashActivity]: releaseSurfaces: viewRoot = VRI[SplashActivity]@35f4eb8
03-02 00:57:00.598 14885 14885 D VRI[SplashActivity]@35f4eb8: applyTransactionOnDraw applyImmediately
03-02 00:57:00.598 14885 14885 D SV[7374587 SplashActivity]: updateSurface: surface is not valid
03-02 00:57:00.599 14885 14885 I SV[7374587 SplashActivity]: releaseSurfaces: viewRoot = VRI[SplashActivity]@35f4eb8
03-02 00:57:00.599 14885 14885 D VRI[SplashActivity]@35f4eb8: applyTransactionOnDraw applyImmediately
03-02 00:57:00.599 14885 14885 D SV[137774491 SplashActivity]: updateSurface: surface is not valid
03-02 00:57:00.599 14885 14885 I SV[137774491 SplashActivity]: releaseSurfaces: viewRoot = VRI[SplashActivity]@35f4eb8
03-02 00:57:00.599 14885 14885 D VRI[SplashActivity]@35f4eb8: applyTransactionOnDraw applyImmediately
03-02 00:57:00.599 14885 14885 D VRI[SplashActivity]@35f4eb8: Not drawing due to not visible. Reason=!mAppVisible && !mForceDecorViewVisibility
03-02 00:57:00.599 14885 14885 D VRI[SplashActivity]@35f4eb8: Pending transaction will not be applied in sync with a draw due to view not visible
03-02 00:57:00.600 14885 14885 I VRI[SplashActivity]@35f4eb8: mWNT: t=0x769ac0ba00 mBlastBufferQueue=0xnull fn= 0 HdrRenderState mRenderHdrSdrRatio=1.0 caller= android.view.ViewRootImpl.handleSyncRequestWhenNoAsyncDraw:6733 android.view.ViewRootImpl.performTraversals:5504 android.view.ViewRootImpl.doTraversal:3924
03-02 00:57:00.600  1507  1507 I SurfaceFlinger: onHandleDestroyed: layerId=155414, name=Bounds for - com.zhiliaoapp.musically/com.ss.android.ugc.aweme.splash.SplashActivity@4#155414
03-02 00:57:00.600  1507  1507 I SurfaceFlinger: id=155414 Removed Bounds for - com.zhiliaoapp.musically/com.ss.android.ugc.aweme.splash.SplashActivity@4#155414 (335)
03-02 00:57:00.601 14885 15423 D HWUI    : CacheManager::trimMemory(20)
03-02 00:57:00.603 14885 14885 I VRI[SplashActivity]@35f4eb8: stopped(true) old = false
03-02 00:57:00.603 14885 14885 D VRI[SplashActivity]@35f4eb8: WindowStopped on com.zhiliaoapp.musically/com.ss.android.ugc.aweme.splash.SplashActivity set to true
03-02 00:57:00.603 14885 15423 D HWUI    : CacheManager::trimMemory(20)
03-02 00:57:00.605 14885 14885 I System.out: SAFActivity: com.ss.android.ugc.aweme.main.MainActivity@c20428f,  onStop Start
03-02 00:57:00.609  1507  1507 I SurfaceFlinger: destroyed Bounds for - com.zhiliaoapp.musically/com.ss.android.ugc.aweme.splash.SplashActivity@4#155414
03-02 00:57:00.609  1507  1507 I SurfaceFlinger: [LayerHierarchy{RequestedLayerState{Background for 836459b SurfaceView[com.zhiliaoapp.musically/com.ss.android.ugc.aweme.splash.SplashActivity]@0#155423 z=-2147483648} no children}] reparent to OffscreenRoot
03-02 00:57:00.609  1507  1507 I SurfaceFlinger: [LayerHierarchy{RequestedLayerState{Background for 836459b SurfaceView[com.zhiliaoapp.musically/com.ss.android.ugc.aweme.splash.SplashActivity]@0#155423 z=-2147483648} no children}] RelativeParent to null
03-02 00:57:00.609  1507  1507 I SurfaceFlinger: [LayerHierarchy{RequestedLayerState{836459b SurfaceView[com.zhiliaoapp.musically/com.ss.android.ugc.aweme.splash.SplashActivity]@0(BLAST)#155422} no children}] reparent to OffscreenRoot
03-02 00:57:00.609  1507  1507 I SurfaceFlinger: [LayerHierarchy{RequestedLayerState{836459b SurfaceView[com.zhiliaoapp.musically/com.ss.android.ugc.aweme.splash.SplashActivity]@0(BLAST)#155422} no children}] RelativeParent to null
03-02 00:57:00.609  1507  1507 I SurfaceFlinger: [LayerHierarchy{RequestedLayerState{836459b SurfaceView[com.zhiliaoapp.musically/com.ss.android.ugc.aweme.splash.SplashActivity]@0#155421 z=-2} no children}] reparent to OffscreenRoot
03-02 00:57:00.609  1507  1507 I SurfaceFlinger: [LayerHierarchy{RequestedLayerState{836459b SurfaceView[com.zhiliaoapp.musically/com.ss.android.ugc.aweme.splash.SplashActivity]@0#155421 z=-2} no children}] RelativeParent to null
03-02 00:57:00.609  1507  1507 I SurfaceFlinger: [LayerHierarchy{RequestedLayerState{Background for 7086fb SurfaceView[com.zhiliaoapp.musically/com.ss.android.ugc.aweme.splash.SplashActivity]@0#155420 z=-2147483648} no children}] reparent to OffscreenRoot
03-02 00:57:00.609  1507  1507 I SurfaceFlinger: [LayerHierarchy{RequestedLayerState{Background for 7086fb SurfaceView[com.zhiliaoapp.musically/com.ss.android.ugc.aweme.splash.SplashActivity]@0#155420 z=-2147483648} no children}] RelativeParent to null
03-02 00:57:00.609  1507  1507 I SurfaceFlinger: [LayerHierarchy{RequestedLayerState{7086fb SurfaceView[com.zhiliaoapp.musically/com.ss.android.ugc.aweme.splash.SplashActivity]@0(BLAST)#155419} no children}] reparent to OffscreenRoot
03-02 00:57:00.609  1507  1507 I SurfaceFlinger: [LayerHierarchy{RequestedLayerState{7086fb SurfaceView[com.zhiliaoapp.musically/com.ss.android.ugc.aweme.splash.SplashActivity]@0(BLAST)#155419} no children}] RelativeParent to null
03-02 00:57:00.609  1507  1507 I SurfaceFlinger: [LayerHierarchy{RequestedLayerState{68eb87 SurfaceView[com.zhiliaoapp.musically/com.ss.android.ugc.aweme.splash.SplashActivity]@0#155415 z=-2} 2 children}] reparent to OffscreenRoot
03-02 00:57:00.609  1507  1507 I SurfaceFlinger: [LayerHierarchy{RequestedLayerState{68eb87 SurfaceView[com.zhiliaoapp.musically/com.ss.android.ugc.aweme.splash.SplashActivity]@0#155415 z=-2} 2 children}] RelativeParent to null
03-02 00:57:00.609  1507  1507 I SurfaceFlinger: [LayerHierarchy{RequestedLayerState{68eb87 SurfaceView[com.zhiliaoapp.musically/com.ss.android.ugc.aweme.splash.SplashActivity]@0(BLAST)#155416} no children}] reparent to OffscreenRoot
03-02 00:57:00.609  1507  1507 I SurfaceFlinger: [LayerHierarchy{RequestedLayerState{68eb87 SurfaceView[com.zhiliaoapp.musically/com.ss.android.ugc.aweme.splash.SplashActivity]@0(BLAST)#155416} no children}] RelativeParent to null
03-02 00:57:00.609  1507  1507 I SurfaceFlinger: [LayerHierarchy{RequestedLayerState{Background for 68eb87 SurfaceView[com.zhiliaoapp.musically/com.ss.android.ugc.aweme.splash.SplashActivity]@0#155417 z=-2147483648} no children}] reparent to OffscreenRoot
03-02 00:57:00.609  1507  1507 I SurfaceFlinger: [LayerHierarchy{RequestedLayerState{Background for 68eb87 SurfaceView[com.zhiliaoapp.musically/com.ss.android.ugc.aweme.splash.SplashActivity]@0#155417 z=-2147483648} no children}] RelativeParent to null
03-02 00:57:00.609  1507  1507 I SurfaceFlinger: [LayerHierarchy{RequestedLayerState{7086fb SurfaceView[com.zhiliaoapp.musically/com.ss.android.ugc.aweme.splash.SplashActivity]@0#155418 z=-2} no children}] reparent to OffscreenRoot
03-02 00:57:00.609  1507  1507 I SurfaceFlinger: [LayerHierarchy{RequestedLayerState{7086fb SurfaceView[com.zhiliaoapp.musically/com.ss.android.ugc.aweme.splash.SplashActivity]@0#155418 z=-2} no children}] RelativeParent to null
03-02 00:57:00.612  1507  1507 I Layer   : id=155414 Destroyed Bounds for - com.zhiliaoapp.musically/com.ss.android.ugc.aweme.splash.SplashActivity@4#155414
03-02 00:57:00.613  1507  1507 I SurfaceFlinger: onHandleDestroyed: layerId=155422, name=836459b SurfaceView[com.zhiliaoapp.musically/com.ss.android.ugc.aweme.splash.SplashActivity]@0(BLAST)#155422
03-02 00:57:00.613  1507  1507 I SurfaceFlinger: id=155422 Removed 836459b SurfaceView[com.zhiliaoapp.musically/com.ss.android.ugc.aweme.splash.SplashActivity]@0(BLAST)#155422 (334)
03-02 00:57:00.613  1507  1507 I SurfaceFlinger: onHandleDestroyed: layerId=155421, name=836459b SurfaceView[com.zhiliaoapp.musically/com.ss.android.ugc.aweme.splash.SplashActivity]@0#155421
03-02 00:57:00.613  1507  1507 I SurfaceFlinger: id=155421 Removed 836459b SurfaceView[com.zhiliaoapp.musically/com.ss.android.ugc.aweme.splash.SplashActivity]@0#155421 (334)
03-02 00:57:00.613  1507  1507 I SurfaceFlinger: onHandleDestroyed: layerId=155423, name=Background for 836459b SurfaceView[com.zhiliaoapp.musically/com.ss.android.ugc.aweme.splash.SplashActivity]@0#155423
03-02 00:57:00.613  1507  1507 I SurfaceFlinger: id=155423 Removed Background for 836459b SurfaceView[com.zhiliaoapp.musically/com.ss.android.ugc.aweme.splash.SplashActivity]@0#155423 (334)
03-02 00:57:00.613  1507  1507 I SurfaceFlinger: onHandleDestroyed: layerId=155419, name=7086fb SurfaceView[com.zhiliaoapp.musically/com.ss.android.ugc.aweme.splash.SplashActivity]@0(BLAST)#155419
03-02 00:57:00.613  1507  1507 I SurfaceFlinger: id=155419 Removed 7086fb SurfaceView[com.zhiliaoapp.musically/com.ss.android.ugc.aweme.splash.SplashActivity]@0(BLAST)#155419 (334)
03-02 00:57:00.613  1507  1507 I SurfaceFlinger: onHandleDestroyed: layerId=155418, name=7086fb SurfaceView[com.zhiliaoapp.musically/com.ss.android.ugc.aweme.splash.SplashActivity]@0#155418
03-02 00:57:00.613  1507  1507 I SurfaceFlinger: id=155418 Removed 7086fb SurfaceView[com.zhiliaoapp.musically/com.ss.android.ugc.aweme.splash.SplashActivity]@0#155418 (334)
03-02 00:57:00.613  1507  1507 I SurfaceFlinger: onHandleDestroyed: layerId=155420, name=Background for 7086fb SurfaceView[com.zhiliaoapp.musically/com.ss.android.ugc.aweme.splash.SplashActivity]@0#155420
03-02 00:57:00.613  1507  1507 I SurfaceFlinger: id=155420 Removed Background for 7086fb SurfaceView[com.zhiliaoapp.musically/com.ss.android.ugc.aweme.splash.SplashActivity]@0#155420 (334)
03-02 00:57:00.613  1507  1507 I SurfaceFlinger: onHandleDestroyed: layerId=155416, name=68eb87 SurfaceView[com.zhiliaoapp.musically/com.ss.android.ugc.aweme.splash.SplashActivity]@0(BLAST)#155416
03-02 00:57:00.613  1507  1507 I SurfaceFlinger: id=155416 Removed 68eb87 SurfaceView[com.zhiliaoapp.musically/com.ss.android.ugc.aweme.splash.SplashActivity]@0(BLAST)#155416 (334)
03-02 00:57:00.613  1507  1507 I SurfaceFlinger: onHandleDestroyed: layerId=155415, name=68eb87 SurfaceView[com.zhiliaoapp.musically/com.ss.android.ugc.aweme.splash.SplashActivity]@0#155415
03-02 00:57:00.613  1507  1507 I SurfaceFlinger: id=155415 Removed 68eb87 SurfaceView[com.zhiliaoapp.musically/com.ss.android.ugc.aweme.splash.SplashActivity]@0#155415 (334)
03-02 00:57:00.613  1507  1507 I SurfaceFlinger: onHandleDestroyed: layerId=155417, name=Background for 68eb87 SurfaceView[com.zhiliaoapp.musically/com.ss.android.ugc.aweme.splash.SplashActivity]@0#155417
03-02 00:57:00.613  1507  1507 I SurfaceFlinger: id=155417 Removed Background for 68eb87 SurfaceView[com.zhiliaoapp.musically/com.ss.android.ugc.aweme.splash.SplashActivity]@0#155417 (334)
03-02 00:57:00.614  1445  2902 W C2MtkBufferManager: [0xB4000070F507E520] fetchNewCcBlock: wait fence 0x0xb4000070f5058270 timed out. ret 110
03-02 00:57:00.616  1446  1446 I SensorsHub: queueActivate: handle 5 enable 0
03-02 00:57:00.617  1446  1446 I SensorsHub: type : 5, enable : 0
03-02 00:57:00.619 14885 16239 D SensorManager: unregisterListener
03-02 00:57:00.620  1507  1507 I SurfaceFlinger: destroyed Background for 836459b SurfaceView[com.zhiliaoapp.musically/com.ss.android.ugc.aweme.splash.SplashActivity]@0#155423
03-02 00:57:00.620  1507  1507 I SurfaceFlinger: destroyed 7086fb SurfaceView[com.zhiliaoapp.musically/com.ss.android.ugc.aweme.splash.SplashActivity]@0#155418
03-02 00:57:00.620  1507  1507 I SurfaceFlinger: destroyed Background for 68eb87 SurfaceView[com.zhiliaoapp.musically/com.ss.android.ugc.aweme.splash.SplashActivity]@0#155417
03-02 00:57:00.620  1507  1507 I SurfaceFlinger: destroyed 68eb87 SurfaceView[com.zhiliaoapp.musically/com.ss.android.ugc.aweme.splash.SplashActivity]@0(BLAST)#155416
03-02 00:57:00.620  1507  1507 I SurfaceFlinger: destroyed 68eb87 SurfaceView[com.zhiliaoapp.musically/com.ss.android.ugc.aweme.splash.SplashActivity]@0#155415
03-02 00:57:00.620  1507  1507 I SurfaceFlinger: destroyed 7086fb SurfaceView[com.zhiliaoapp.musically/com.ss.android.ugc.aweme.splash.SplashActivity]@0(BLAST)#155419
03-02 00:57:00.620  1507  1507 I SurfaceFlinger: destroyed 836459b SurfaceView[com.zhiliaoapp.musically/com.ss.android.ugc.aweme.splash.SplashActivity]@0(BLAST)#155422
03-02 00:57:00.620  1507  1507 I SurfaceFlinger: destroyed 836459b SurfaceView[com.zhiliaoapp.musically/com.ss.android.ugc.aweme.splash.SplashActivity]@0#155421
03-02 00:57:00.620  1507  1507 I SurfaceFlinger: destroyed Background for 7086fb SurfaceView[com.zhiliaoapp.musically/com.ss.android.ugc.aweme.splash.SplashActivity]@0#155420
03-02 00:57:00.623  1507  1507 I Layer   : id=155417 Destroyed Background for 68eb87 SurfaceView[com.zhiliaoapp.musically/com.ss.android.ugc.aweme.splash.SplashActivity]@0#155417
03-02 00:57:00.623  1507  1507 I Layer   : id=155415 Destroyed 68eb87 SurfaceView[com.zhiliaoapp.musically/com.ss.android.ugc.aweme.splash.SplashActivity]@0#155415
03-02 00:57:00.623  1507  1507 I Layer   : id=155416 Destroyed 68eb87 SurfaceView[com.zhiliaoapp.musically/com.ss.android.ugc.aweme.splash.SplashActivity]@0(BLAST)#155416
03-02 00:57:00.623  1507  1507 I Layer   : id=155420 Destroyed Background for 7086fb SurfaceView[com.zhiliaoapp.musically/com.ss.android.ugc.aweme.splash.SplashActivity]@0#155420
03-02 00:57:00.623  1507  1507 I Layer   : id=155418 Destroyed 7086fb SurfaceView[com.zhiliaoapp.musically/com.ss.android.ugc.aweme.splash.SplashActivity]@0#155418
03-02 00:57:00.623  1507  1507 I Layer   : id=155419 Destroyed 7086fb SurfaceView[com.zhiliaoapp.musically/com.ss.android.ugc.aweme.splash.SplashActivity]@0(BLAST)#155419
03-02 00:57:00.623  1507  1507 I Layer   : id=155423 Destroyed Background for 836459b SurfaceView[com.zhiliaoapp.musically/com.ss.android.ugc.aweme.splash.SplashActivity]@0#155423
03-02 00:57:00.623  1507  1507 I Layer   : id=155421 Destroyed 836459b SurfaceView[com.zhiliaoapp.musically/com.ss.android.ugc.aweme.splash.SplashActivity]@0#155421
03-02 00:57:00.623  1507  1507 I Layer   : id=155422 Destroyed 836459b SurfaceView[com.zhiliaoapp.musically/com.ss.android.ugc.aweme.splash.SplashActivity]@0(BLAST)#155422
03-02 00:57:00.624  2013  4823 I MediaFocusControl: abandonAudioFocus() from uid/pid 10350/14885 clientId=android.media.AudioManager@b7fcc9dX.143s@4302512 callingPack=com.zhiliaoapp.musically
03-02 00:57:00.624  2013  4823 D AS.AudioService: [Android Auto] isConnectedAndroidAuto = false
03-02 00:57:00.624  2013  4823 D MediaFocusControl: selectFocusStack, uid = 10350, appDevice = 0, device = 2
03-02 00:57:00.625  2013  4823 I MediaFocusControl: removeFocusStackEntry client:android.media.AudioManager@b7fcc9dX.143s@4302512
03-02 00:57:00.646 14885 14885 I System.out: SceneSafeLifecycleDispatcher: onStopped Start
03-02 00:57:00.646 14885 14885 I System.out: SAFActivity V Scene Framework: NavigationMessageQueue postSync start
03-02 00:57:00.646 14885 14885 I System.out: SAFActivity V Scene Framework: NavigationMessageQueue postSync run current task start 14_Y.ARunnableS108S0200000_32@3e7fdc3
03-02 00:57:00.646 14885 14885 I System.out: SAFActivity V Scene Framework: NavigationSceneManager Sync Scene SAFFragmentRootScene{79e191c} Lifecycle [STARTED -> ACTIVITY_CREATED] without saved State
03-02 00:57:00.646 14885 14885 I System.out: SAFFragmentRootScene: onStop Start (SAFFragmentRootScene{79e191c})
03-02 00:57:00.648  1445  2902 D C2MtkBufferManager: over 5000ms not request from VCodec but callback hooked, slow BM Cc fetch thread. Last get time was 90584058ms ago.
03-02 00:57:00.650 14885 14885 I System.out: SAFActivity V Scene Framework: NavigationMessageQueue postSync run current task finish 14_Y.ARunnableS108S0200000_32@3e7fdc3
03-02 00:57:00.650 14885 14885 I System.out: SAFActivity V Scene Framework: NavigationMessageQueue postSync finish
03-02 00:57:00.650 14885 14885 I System.out: SceneSafeLifecycleDispatcher: onStopped End STOP
03-02 00:57:00.650 14885 14885 I System.out: SAFActivity: com.ss.android.ugc.aweme.main.MainActivity@c20428f,  onStop End
03-02 00:57:00.650 14885 14885 D SV[6876039 SplashActivity]: updateSurface: surface is not valid
03-02 00:57:00.650 14885 14885 I SV[6876039 SplashActivity]: releaseSurfaces: viewRoot = VRI[SplashActivity]@35f4eb8
03-02 00:57:00.650 14885 14885 D VRI[SplashActivity]@35f4eb8: applyTransactionOnDraw applyImmediately
03-02 00:57:00.651 14885 14885 D SV[7374587 SplashActivity]: updateSurface: surface is not valid
03-02 00:57:00.651 14885 14885 I SV[7374587 SplashActivity]: releaseSurfaces: viewRoot = VRI[SplashActivity]@35f4eb8
03-02 00:57:00.651 14885 14885 D VRI[SplashActivity]@35f4eb8: applyTransactionOnDraw applyImmediately
03-02 00:57:00.651 14885 14885 D SV[137774491 SplashActivity]: updateSurface: surface is not valid
03-02 00:57:00.651 14885 14885 I SV[137774491 SplashActivity]: releaseSurfaces: viewRoot = VRI[SplashActivity]@35f4eb8
03-02 00:57:00.651 14885 14885 D VRI[SplashActivity]@35f4eb8: applyTransactionOnDraw applyImmediately
03-02 00:57:00.655 14885 14885 I System.out: SAFActivity V Scene Framework: NavigationSceneManager forceExecutePendingNavigationOperation start
03-02 00:57:00.655 14885 14885 I System.out: SAFActivity V Scene Framework: NavigationMessageQueue postSync start
03-02 00:57:00.655 14885 14885 I System.out: SAFActivity V Scene Framework: NavigationMessageQueue postSync run current task start 0_Y.ARunnableS90S0000000_15@7873a9f
03-02 00:57:00.655 14885 14885 I System.out: SAFActivity V Scene Framework: NavigationMessageQueue postSync run current task finish 0_Y.ARunnableS90S0000000_15@7873a9f
03-02 00:57:00.655 14885 14885 I System.out: SAFActivity V Scene Framework: NavigationMessageQueue postSync finish
03-02 00:57:00.655 14885 14885 I System.out: SAFActivity V Scene Framework: NavigationSceneManager forceExecutePendingNavigationOperation finish
03-02 00:57:00.655 14885 14885 I System.out: SAFActivity: com.ss.android.ugc.aweme.main.MainActivity@c20428f,  onSaveInstanceState Start
03-02 00:57:00.656 14885 14885 I System.out: SceneSafeLifecycleDispatcher: onSaveInstanceState Start
03-02 00:57:00.657 14885 14885 I System.out: SAFFragmentRootScene: onSaveInstanceState Start (SAFFragmentRootScene{79e191c})
03-02 00:57:00.657 14885 14885 I System.out: SceneSafeLifecycleDispatcher: onSaveInstanceState End STOP
03-02 00:57:00.657 14885 14885 I System.out: SAFActivity: com.ss.android.ugc.aweme.main.MainActivity@c20428f,  onSaveInstanceState End
03-02 00:57:00.657 14885 14885 W System.err: onActivityPostSaveInstanceState store finished---->com.ss.android.ugc.aweme.main.MainActivity@c20428f
03-02 00:57:00.660 14885 14885 D SV[6876039 SplashActivity]: updateSurface: surface is not valid
03-02 00:57:00.660 14885 14885 I SV[6876039 SplashActivity]: releaseSurfaces: viewRoot = VRI[SplashActivity]@35f4eb8
03-02 00:57:00.660 14885 14885 D VRI[SplashActivity]@35f4eb8: applyTransactionOnDraw applyImmediately
03-02 00:57:00.660 14885 14885 D SV[7374587 SplashActivity]: updateSurface: surface is not valid
03-02 00:57:00.660 14885 14885 I SV[7374587 SplashActivity]: releaseSurfaces: viewRoot = VRI[SplashActivity]@35f4eb8
03-02 00:57:00.660 14885 14885 D VRI[SplashActivity]@35f4eb8: applyTransactionOnDraw applyImmediately
03-02 00:57:00.661 14885 14885 D SV[137774491 SplashActivity]: updateSurface: surface is not valid
03-02 00:57:00.661 14885 14885 I SV[137774491 SplashActivity]: releaseSurfaces: viewRoot = VRI[SplashActivity]@35f4eb8
03-02 00:57:00.661 14885 14885 D VRI[SplashActivity]@35f4eb8: applyTransactionOnDraw applyImmediately
03-02 00:57:00.674  1507  1507 I SurfaceFlinger: [LayerHierarchy{RequestedLayerState{com.zhiliaoapp.musically/com.ss.android.ugc.aweme.splash.SplashActivity$_14885#155411} no children}] reparent to OffscreenRoot
03-02 00:57:00.674  1507  1507 I SurfaceFlinger: [LayerHierarchy{RequestedLayerState{com.zhiliaoapp.musically/com.ss.android.ugc.aweme.splash.SplashActivity$_14885#155411} no children}] RelativeParent to null
03-02 00:57:00.677  1507  1507 I SurfaceFlinger: onHandleDestroyed: layerId=155411, name=com.zhiliaoapp.musically/com.ss.android.ugc.aweme.splash.SplashActivity$_14885#155411
03-02 00:57:00.677  1507  1507 I SurfaceFlinger: id=155411 Removed com.zhiliaoapp.musically/com.ss.android.ugc.aweme.splash.SplashActivity$_14885#155411 (325)
03-02 00:57:00.680  1507  1825 I SurfaceFlinger: Capture layer list: 	 com.podcast.app.debug/androidx.activity.ComponentActivity$_17121#155435(seamlessTransition:0)
03-02 00:57:00.685  1507  1507 I SurfaceFlinger: destroyed com.zhiliaoapp.musically/com.ss.android.ugc.aweme.splash.SplashActivity$_14885#155411
03-02 00:57:00.686  1507  1507 I Layer   : id=155411 Destroyed com.zhiliaoapp.musically/com.ss.android.ugc.aweme.splash.SplashActivity$_14885#155411
03-02 00:57:00.687  1445  2902 W C2MtkBufferManager: [0xB4000070F507E520] fetchNewCcBlock: wait fence 0x0xb4000070f5058270 timed out. ret 110
03-02 00:57:00.690 14885 16208 W System.err: FlagsHookHelper: skip hook flags method getInstanceHook
03-02 00:57:00.702 14885 15878 W NaviWarn: StackPtr is not 8-byte aligned.
03-02 00:57:00.727  2013  2065 D PkgPredictorService-SecIpmManagerServiceImpl: bg information pid:14885 uid:10350 pkgName:com.zhiliaoapp.musically
03-02 00:57:00.728 14885 14885 D BBA2    : setIsFg isFg = false; delayValue 3999ms
03-02 00:57:00.734 14636 14636 D WM-SystemJobService: onStartJob for WorkGenerationalId(workSpecId=f23029b8-b7a3-4a93-aaf6-b7c7a26dfe9e, generation=0)
03-02 00:57:00.736 14636 15266 D WM-Processor: MutableConfig: processing WorkGenerationalId(workSpecId=f23029b8-b7a3-4a93-aaf6-b7c7a26dfe9e, generation=0)
03-02 00:57:00.739 14636 14636 D WM-WorkerWrapper: Starting work for com.urbanairship.job.AirshipWorker
03-02 00:57:00.740 14636 14636 V Ana Vodafone - UALib: AirshipWorker - Running job: JobInfo{action='ACTION_UPDATE_CHANNEL', airshipComponentName='com.urbanairship.channel.AirshipChannel', isNetworkAccessRequired=true, minDelayMs=0, conflictStrategy=2, initialBackOffMs=30000, extras={}, rateLimitIds=[]}, work Id: f23029b8-b7a3-4a93-aaf6-b7c7a26dfe9e run attempt: 270
03-02 00:57:00.740 14636 14636 V Ana Vodafone - UALib: JobDispatcher - Running job: JobInfo{action='ACTION_UPDATE_CHANNEL', airshipComponentName='com.urbanairship.channel.AirshipChannel', isNetworkAccessRequired=true, minDelayMs=0, conflictStrategy=2, initialBackOffMs=30000, extras={}, rateLimitIds=[]}, run attempt: 270
03-02 00:57:00.752  2991  3778 D SatelliteController: isInCarrierRoamingNbIotNtn: satellite is disabled
03-02 00:57:00.753  3438  3438 I EPDG -- SIM1 [SMARTCELLULAR]: onSignalStrengthsChanged: SignalStrength:{mCdma=Invalid,mGsm=Invalid,mWcdma=Invalid,mTdscdma=Invalid,mLte=CellSignalStrengthLte: rssi=-99 rsrp=-98 rsrq=-13 rssnr=3 cqiTableIndex=2147483647 cqi=2147483647 ta=2147483647 level=4 parametersUseForLevel=0,mNr=Invalid,SignalBarInfo{ lteLevel=3 },rat=14,primary=CellSignalStrengthLte}
03-02 00:57:00.753  3438  4448 I EPDG -- SIM1 [SMARTCELLULAR]: lastLteRSRP is -99 currentLteRSRP is -98 lastLteRSRQ is -13 currentLteRSRQ is -13 lastLteSNR is 3 currentLteSNR is 3
03-02 00:57:00.755  2991  3810 I LocationAccessPolicy: checkLocationPermission - callingUid: 10492, callingPid: 14636, result: DENIED_SOFT
03-02 00:57:00.755  2991  3810 I LocationAccessPolicy: checkLocationPermission - callingUid: 10492, callingPid: 14636, result: DENIED_SOFT
03-02 00:57:00.760  2991  3810 I LocationAccessPolicy: checkLocationPermission - callingUid: 10492, callingPid: 14636, result: DENIED_SOFT
03-02 00:57:00.760  2991  3810 I LocationAccessPolicy: checkLocationPermission - callingUid: 10492, callingPid: 14636, result: DENIED_SOFT
03-02 00:57:00.760  1445  2902 W C2MtkBufferManager: [0xB4000070F507E520] fetchNewCcBlock: wait fence 0x0xb4000070f5058270 timed out. ret 110
03-02 00:57:00.765  2991  3810 I LocationAccessPolicy: checkLocationPermission - callingUid: 10492, callingPid: 14636, result: DENIED_SOFT
03-02 00:57:00.780  1507  1825 I SurfaceFlinger: Capture layer list: 	 com.podcast.app.debug/androidx.activity.ComponentActivity$_17121#155435(seamlessTransition:0)
03-02 00:57:00.833  1445  2902 W C2MtkBufferManager: [0xB4000070F507E520] fetchNewCcBlock: wait fence 0x0xb4000070f5058270 timed out. ret 110
03-02 00:57:00.863  2991  3778 D SatelliteController: isInCarrierRoamingNbIotNtn: satellite is disabled
03-02 00:57:00.864  3438  3438 I EPDG -- SIM0 [SMARTCELLULAR]: onSignalStrengthsChanged: SignalStrength:{mCdma=Invalid,mGsm=Invalid,mWcdma=Invalid,mTdscdma=Invalid,mLte=CellSignalStrengthLte: rssi=-109 rsrp=-108 rsrq=-11 rssnr=5 cqiTableIndex=2147483647 cqi=2147483647 ta=2147483647 level=3 parametersUseForLevel=0,mNr=Invalid,SignalBarInfo{ lteLevel=2 },rat=14,primary=CellSignalStrengthLte}
03-02 00:57:00.865  3438  4395 I EPDG -- SIM0 [SMARTCELLULAR]: lastLteRSRP is -108 currentLteRSRP is -108 lastLteRSRQ is -9 currentLteRSRQ is -11 lastLteSNR is 5 currentLteSNR is 5
03-02 00:57:00.867  1444  1813 I hwcomposer: [HWC] (0)fire a callback of refresh to SF[4]
03-02 00:57:00.867  2991  3004 I LocationAccessPolicy: checkLocationPermission - callingUid: 10492, callingPid: 14636, result: DENIED_SOFT
03-02 00:57:00.867  2991  3004 I LocationAccessPolicy: checkLocationPermission - callingUid: 10492, callingPid: 14636, result: DENIED_SOFT
