03-02 00:57:23.732 14885 16837 D SurfaceUtils: connecting to surface 0x6f9d803610, reason connectToSurface
03-02 00:57:23.732 14885 16837 I MediaCodec: [c2.mtk.hevc.decoder] setting surface generation to 15242294
03-02 00:57:23.732 14885 16837 D SurfaceUtils: disconnecting from surface 0x6f9d803610, reason connectToSurface(reconnect)
03-02 00:57:23.732 14885 16837 D SurfaceUtils: connecting to surface 0x6f9d803600, reason connectToSurface(reconnect-with-listener)
03-02 00:57:23.733 14885 16837 D GraphicsTracker: new surface in configuration: maxDequeueRequested(0), maxDequeueCommitted(24)
03-02 00:57:23.733 14885 16837 D GraphicsTracker: new surface configured with id:63930588200968 gen:15242294 maxDequeue:24
03-02 00:57:23.733 14885 16837 D GraphicsTracker: maxDequeueCount is already 24
03-02 00:57:23.733 14885 16837 D Codec2Client: setOutputSurface -- generation=15242294 consumer usage=0x900
03-02 00:57:23.733 14885 16837 D SurfaceUtils: disconnecting from surface 0x6f9da2e010, reason disconnectFromSurface
03-02 00:57:23.734  1507  1507 I SurfaceFlinger: RequestedLayer [com.zhiliaoapp.musically/com.ss.andr[...].splash.SplashActivity$_14885#156127] hidden!! flag  from(0) --> to(1)
03-02 00:57:23.734  1507  1507 I SurfaceFlinger: RequestedLayer [ActivityRecord{2751228 u0 com.zhilia[...]splash.SplashActivity t44543}#147902] hidden!! flag  from(0) --> to(1)
03-02 00:57:23.734  1507  1507 I SurfaceFlinger: [LayerHierarchy{RequestedLayerState{ImeContainer#15 parentId=156148 relativeParentId=156151 z=1} 1 children}] RelativeParent to LayerHierarchy{RequestedLayerState{61e1481 com.podcast.app.debug/androidx.activity.ComponentActivity#156151 parentId=156148} 2 children}
03-02 00:57:23.734  1507  1507 I SurfaceFlinger: [LayerHierarchy{RequestedLayerState{Splash Screen com.podcast.app.debug$_2746#156150} no children}] reparent to OffscreenRoot
03-02 00:57:23.734  1507  1507 I SurfaceFlinger: [LayerHierarchy{RequestedLayerState{Splash Screen com.podcast.app.debug$_2746#156150} no children}] RelativeParent to null
03-02 00:57:23.734  1507  1507 I SurfaceFlinger: [LayerHierarchy{RequestedLayerState{759113 Splash Screen com.podcast.app.debug#156149 z=2147483647} no children}] reparent to OffscreenRoot
03-02 00:57:23.734  1507  1507 I SurfaceFlinger: [LayerHierarchy{RequestedLayerState{759113 Splash Screen com.podcast.app.debug#156149 z=2147483647} no children}] RelativeParent to null
03-02 00:57:23.735  2746  2755 I ndroid.systemui: NativeAlloc concurrent mark compact GC freed 25MB AllocSpace bytes, 8(160KB) LOS objects, 41% free, 68MB/116MB, paused 1.132ms,4.529ms total 480.602ms
03-02 00:57:23.735 14885 14885 I SV[7374587 SplashActivity]: updateSurface: mVisible = false mSurface.isValid() = true
03-02 00:57:23.735 14885 14885 I BLASTBufferQueue: [7086fb SurfaceView[com.zhiliaoapp.musically/com.ss.android.ugc.aweme.splash.SplashActivity]@0#86](f:0,a:1,s:0) destructor()
03-02 00:57:23.735 14885 14885 D BufferQueueConsumer: [7086fb SurfaceView[com.zhiliaoapp.musically/com.ss.android.ugc.aweme.splash.SplashActivity]@0#86(BLAST Consumer)86](id:3a2500000059,api:0,p:-1,c:14885) disconnect
03-02 00:57:23.736  1507  1507 I SurfaceFlinger: onHandleDestroyed: layerId=156149, name=759113 Splash Screen com.podcast.app.debug#156149
03-02 00:57:23.736  1507  1507 I SurfaceFlinger: id=156149 Removed 759113 Splash Screen com.podcast.app.debug#156149 (345)
03-02 00:57:23.736  1507  1507 I SurfaceFlinger: onHandleDestroyed: layerId=156150, name=Splash Screen com.podcast.app.debug$_2746#156150
03-02 00:57:23.736  1507  1507 I SurfaceFlinger: id=156150 Removed Splash Screen com.podcast.app.debug$_2746#156150 (345)
03-02 00:57:23.736 14885 14885 I SV[7374587 SplashActivity]: releaseSurfaces: viewRoot = VRI[SplashActivity]@35f4eb8
03-02 00:57:23.737 14885 14885 V SurfaceView: Layout: x=0 y=80 w=1080 h=1920, frame=Rect(0, 0 - 1080, 1920)
03-02 00:57:23.738 14885 14885 I SV[137774491 SplashActivity]: onWindowVisibilityChanged(8) false X.0fk7{836459b V.E...... ........ 0,81-1080,1998} of VRI[SplashActivity]@35f4eb8
03-02 00:57:23.738 14885 14885 I SurfaceView: 137774491 Changes: creating=false format=false size=false visible=true alpha=false hint=false left=false top=false z=false attached=true lifecycleStrategy=false
03-02 00:57:23.738  1507  2128 I SurfaceFlinger: onHandleDestroyed: layerId=155678, name=Surface(name=e183ab6 com.podcast.app.debug/androidx.activity.ComponentActivity)/@0xc88254a - animation-leash of starting_reveal#155678
03-02 00:57:23.738  1507  2128 I SurfaceFlinger: id=155678 Removed Surface(name=e183ab6 com.podcast.app.debug/androidx.activity.ComponentActivity)/@0xc88254a - animation-leash of starting_reveal#155678 (345)
03-02 00:57:23.738 14885 14885 I SurfaceView: 137774491 Cur surface: Surface(name=null mNativeObject=499546958080)/@0xe7e74a9
03-02 00:57:23.738  1507  2128 I SurfaceFlinger: onHandleDestroyed: layerId=155724, name=Surface(name=4a48ead com.podcast.app.debug/androidx.activity.ComponentActivity)/@0x993e506 - animation-leash of starting_reveal#155724
03-02 00:57:23.738  1507  1907 I SurfaceFlinger: onHandleDestroyed: layerId=155711, name=Task=44858#155711
03-02 00:57:23.738  1507  2128 I SurfaceFlinger: id=155724 Removed Surface(name=4a48ead com.podcast.app.debug/androidx.activity.ComponentActivity)/@0x993e506 - animation-leash of starting_reveal#155724 (345)
03-02 00:57:23.738  1507  2128 I SurfaceFlinger: onHandleDestroyed: layerId=155759, name=Task=44860#155759
03-02 00:57:23.738  1507  2128 I SurfaceFlinger: id=155759 Removed Task=44860#155759 (345)
03-02 00:57:23.738  1507  2128 I SurfaceFlinger: onHandleDestroyed: layerId=155772, name=Task=44861#155772
03-02 00:57:23.738  1507  2128 I SurfaceFlinger: id=155772 Removed Task=44861#155772 (345)
03-02 00:57:23.738 14885 14885 I SurfaceView: 137774491 surfaceDestroyed
03-02 00:57:23.738 14885 14885 I SV[137774491 SplashActivity]: surfaceDestroyed callback.size 1 #2 X.0fk7{836459b V.E...... ........ 0,81-1080,1998}
03-02 00:57:23.739 14885 14885 I SV[137774491 SplashActivity]: updateSurface: mVisible = false mSurface.isValid() = true
03-02 00:57:23.739  1507  1907 I SurfaceFlinger: id=155711 Removed Task=44858#155711 (345)
03-02 00:57:23.739  1507  1907 I SurfaceFlinger: onHandleDestroyed: layerId=155726, name=Task=44859#155726
03-02 00:57:23.739  1507  2393 I SurfaceFlinger: onHandleDestroyed: layerId=155807, name=Task=44862#155807
03-02 00:57:23.739  1507  2393 I SurfaceFlinger: id=155807 Removed Task=44862#155807 (345)
03-02 00:57:23.739  1507  2393 I SurfaceFlinger: onHandleDestroyed: layerId=155823, name=Task=44863#155823
03-02 00:57:23.739  1507  2393 I SurfaceFlinger: id=155823 Removed Task=44863#155823 (345)
03-02 00:57:23.739  1507  1907 I SurfaceFlinger: id=155726 Removed Task=44859#155726 (345)
03-02 00:57:23.739  1507  2393 I SurfaceFlinger: onHandleDestroyed: layerId=155856, name=Task=44864#155856
03-02 00:57:23.739  1507  2393 I SurfaceFlinger: id=155856 Removed Task=44864#155856 (345)
03-02 00:57:23.739 14885 14885 I BLASTBufferQueue: [836459b SurfaceView[com.zhiliaoapp.musically/com.ss.android.ugc.aweme.splash.SplashActivity]@0#87](f:0,a:0,s:0) destructor()
03-02 00:57:23.739  1507  1562 I SurfaceFlinger: onHandleDestroyed: layerId=155904, name=Task=44866#155904
03-02 00:57:23.739 14885 14885 D BufferQueueConsumer: [836459b SurfaceView[com.zhiliaoapp.musically/com.ss.android.ugc.aweme.splash.SplashActivity]@0#87(BLAST Consumer)87](id:3a250000005a,api:0,p:-1,c:14885) disconnect
03-02 00:57:23.739  1507  1562 I SurfaceFlinger: id=155904 Removed Task=44866#155904 (345)
03-02 00:57:23.739 14885 14885 I SV[137774491 SplashActivity]: releaseSurfaces: viewRoot = VRI[SplashActivity]@35f4eb8
03-02 00:57:23.739  1507  1907 I SurfaceFlinger: onHandleDestroyed: layerId=155871, name=Task=44865#155871
03-02 00:57:23.739  1507  1907 I SurfaceFlinger: id=155871 Removed Task=44865#155871 (345)
03-02 00:57:23.739 14885 14885 V SurfaceView: Layout: x=4320 y=2240 w=1080 h=1917, frame=Rect(0, 0 - 1080, 1917)
03-02 00:57:23.742  1507  1907 I SurfaceFlinger: onHandleDestroyed: layerId=156002, name=Surface(name=bed62cb com.podcast.app.debug.test/androidx.test.core.app.InstrumentationActivityInvoker$EmptyActivity)/@0x34cd7ac - animation-leash of starting_reveal#156002
03-02 00:57:23.742  1507  1907 I SurfaceFlinger: id=156002 Removed Surface(name=bed62cb com.podcast.app.debug.test/androidx.test.core.app.InstrumentationActivityInvoker$EmptyActivity)/@0x34cd7ac - animation-leash of starting_reveal#156002 (345)
03-02 00:57:23.742 14885 15423 D SurfaceView: 239454962 windowPositionLost, frameNr = 0
03-02 00:57:23.743 14885 15423 D SurfaceView: 12145987 windowPositionLost, frameNr = 0
03-02 00:57:23.743  1507  1907 I SurfaceFlinger: onHandleDestroyed: layerId=156016, name=Surface(name=2c160a4 com.podcast.app.debug/androidx.activity.ComponentActivity)/@0x1dc34cc - animation-leash of starting_reveal#156016
03-02 00:57:23.743  1507  1907 I SurfaceFlinger: id=156016 Removed Surface(name=2c160a4 com.podcast.app.debug/androidx.activity.ComponentActivity)/@0x1dc34cc - animation-leash of starting_reveal#156016 (345)
03-02 00:57:23.743 14885 15423 D SurfaceView: 196470720 windowPositionLost, frameNr = 0
03-02 00:57:23.745  1507  1907 I SurfaceFlinger: onHandleDestroyed: layerId=156050, name=Surface(name=4861b53 com.podcast.app.debug.test/androidx.test.core.app.InstrumentationActivityInvoker$EmptyActivity)/@0x3968b9b - animation-leash of starting_reveal#156050
03-02 00:57:23.745  1507  1907 I SurfaceFlinger: id=156050 Removed Surface(name=4861b53 com.podcast.app.debug.test/androidx.test.core.app.InstrumentationActivityInvoker$EmptyActivity)/@0x3968b9b - animation-leash of starting_reveal#156050 (345)
03-02 00:57:23.745  1507  1507 I SurfaceFlinger: destroyed Splash Screen com.podcast.app.debug$_2746#156150
03-02 00:57:23.745  1507  1507 I SurfaceFlinger: destroyed Task=44866#155904
03-02 00:57:23.745  1507  1507 I SurfaceFlinger: destroyed Task=44858#155711
03-02 00:57:23.745  1507  1507 I SurfaceFlinger: destroyed Surface(name=e183ab6 com.podcast.app.debug/androidx.activity.ComponentActivity)/@0xc88254a - animation-leash of starting_reveal#155678
03-02 00:57:23.745  1507  1507 I SurfaceFlinger: destroyed Surface(name=2c160a4 com.podcast.app.debug/androidx.activity.ComponentActivity)/@0x1dc34cc - animation-leash of starting_reveal#156016
03-02 00:57:23.745  1507  1507 I SurfaceFlinger: destroyed Surface(name=4a48ead com.podcast.app.debug/androidx.activity.ComponentActivity)/@0x993e506 - animation-leash of starting_reveal#155724
03-02 00:57:23.745  1507  1507 I SurfaceFlinger: destroyed Surface(name=bed62cb com.podcast.app.debug.test/androidx.test.core.app.InstrumentationActivityInvoker$EmptyActivity)/@0x34cd7ac - animation-leash of starting_reveal#156002
03-02 00:57:23.745  1507  1507 I SurfaceFlinger: destroyed Task=44865#155871
03-02 00:57:23.745  1507  1507 I SurfaceFlinger: destroyed Task=44860#155759
03-02 00:57:23.745  1507  1507 I SurfaceFlinger: destroyed Task=44862#155807
03-02 00:57:23.745  1507  1507 I SurfaceFlinger: destroyed Task=44859#155726
03-02 00:57:23.745  1507  1507 I SurfaceFlinger: destroyed Task=44864#155856
03-02 00:57:23.745  1507  1507 I SurfaceFlinger: destroyed Task=44863#155823
03-02 00:57:23.745  1507  1507 I SurfaceFlinger: destroyed Task=44861#155772
03-02 00:57:23.745  1507  1507 I SurfaceFlinger: destroyed 759113 Splash Screen com.podcast.app.debug#156149
03-02 00:57:23.745  1507  1507 I SurfaceFlinger: destroyed Surface(name=4861b53 com.podcast.app.debug.test/androidx.test.core.app.InstrumentationActivityInvoker$EmptyActivity)/@0x3968b9b - animation-leash of starting_reveal#156050
03-02 00:57:23.746  1507  1562 I SurfaceFlinger: onHandleDestroyed: layerId=156067, name=Surface(name=b90fc41 com.podcast.app.debug/androidx.activity.ComponentActivity)/@0x42d541f - animation-leash of starting_reveal#156067
03-02 00:57:23.746 14885 15423 D HWUI    : CacheManager::trimMemory(20)
03-02 00:57:23.746  1507  1562 I SurfaceFlinger: id=156067 Removed Surface(name=b90fc41 com.podcast.app.debug/androidx.activity.ComponentActivity)/@0x42d541f - animation-leash of starting_reveal#156067 (345)
03-02 00:57:23.747  1507  1507 I Layer   : id=156050 Destroyed Surface(name=4861b53 com.podcast.app.debug.test/androidx.test.core.app.InstrumentationActivityInvoker$EmptyActivity)/@0x3968b9b - animation-leash of starting_reveal#156050
03-02 00:57:23.747  1507  1507 I Layer   : id=156016 Destroyed Surface(name=2c160a4 com.podcast.app.debug/androidx.activity.ComponentActivity)/@0x1dc34cc - animation-leash of starting_reveal#156016
03-02 00:57:23.747  1507  1507 I Layer   : id=156002 Destroyed Surface(name=bed62cb com.podcast.app.debug.test/androidx.test.core.app.InstrumentationActivityInvoker$EmptyActivity)/@0x34cd7ac - animation-leash of starting_reveal#156002
03-02 00:57:23.747  1507  1507 I Layer   : id=155871 Destroyed Task=44865#155871
03-02 00:57:23.747  1507  1507 I Layer   : id=155904 Destroyed Task=44866#155904
03-02 00:57:23.747  1507  1507 I Layer   : id=155772 Destroyed Task=44861#155772
03-02 00:57:23.747  1507  2128 I SurfaceFlinger: onHandleDestroyed: layerId=156096, name=Surface(name=1bdbd71 com.podcast.app.debug.test/androidx.test.core.app.InstrumentationActivityInvoker$EmptyActivity)/@0x9f1a769 - animation-leash of starting_reveal#156096
03-02 00:57:23.747  1507  1507 I Layer   : id=155856 Destroyed Task=44864#155856
03-02 00:57:23.747  1507  1507 I Layer   : id=155726 Destroyed Task=44859#155726
03-02 00:57:23.747  1507  1507 I Layer   : id=155823 Destroyed Task=44863#155823
03-02 00:57:23.747  1507  1507 I Layer   : id=155807 Destroyed Task=44862#155807
03-02 00:57:23.747  1507  1507 I Layer   : id=155711 Destroyed Task=44858#155711
03-02 00:57:23.747  1507  1507 I Layer   : id=155759 Destroyed Task=44860#155759
03-02 00:57:23.747  1507  1507 I Layer   : id=155724 Destroyed Surface(name=4a48ead com.podcast.app.debug/androidx.activity.ComponentActivity)/@0x993e506 - animation-leash of starting_reveal#155724
03-02 00:57:23.747  1507  2128 I SurfaceFlinger: id=156096 Removed Surface(name=1bdbd71 com.podcast.app.debug.test/androidx.test.core.app.InstrumentationActivityInvoker$EmptyActivity)/@0x9f1a769 - animation-leash of starting_reveal#156096 (333)
03-02 00:57:23.747  1507  1507 I Layer   : id=155678 Destroyed Surface(name=e183ab6 com.podcast.app.debug/androidx.activity.ComponentActivity)/@0xc88254a - animation-leash of starting_reveal#155678
03-02 00:57:23.747  1507  1507 I Layer   : id=156150 Destroyed Splash Screen com.podcast.app.debug$_2746#156150
03-02 00:57:23.747  1507  1507 I Layer   : id=156149 Destroyed 759113 Splash Screen com.podcast.app.debug#156149
03-02 00:57:23.747  1507  1562 I SurfaceFlinger: onHandleDestroyed: layerId=156113, name=Surface(name=2e94a5b com.podcast.app.debug/androidx.activity.ComponentActivity)/@0x4d804b - animation-leash of starting_reveal#156113
03-02 00:57:23.747  1507  1562 I SurfaceFlinger: id=156113 Removed Surface(name=2e94a5b com.podcast.app.debug/androidx.activity.ComponentActivity)/@0x4d804b - animation-leash of starting_reveal#156113 (329)
03-02 00:57:23.748  2013  4835 I WindowManager: Relayout Window{cd2d6b5 u0 com.zhiliaoapp.musically/com.ss.android.ugc.aweme.splash.SplashActivity}: viewVisibility=8 req=1080x2340 ty=1 d0
03-02 00:57:23.750  1507  2128 I SurfaceFlinger: onHandleDestroyed: layerId=156143, name=Surface(name=329543d com.podcast.app.debug.test/androidx.test.core.app.InstrumentationActivityInvoker$EmptyActivity)/@0x3f804f9 - animation-leash of starting_reveal#156143
03-02 00:57:23.750  1507  2128 I SurfaceFlinger: id=156143 Removed Surface(name=329543d com.podcast.app.debug.test/androidx.test.core.app.InstrumentationActivityInvoker$EmptyActivity)/@0x3f804f9 - animation-leash of starting_reveal#156143 (329)
03-02 00:57:23.751  1507  2128 I SurfaceFlinger: onHandleDestroyed: layerId=156158, name=Surface(name=61e1481 com.podcast.app.debug/androidx.activity.ComponentActivity)/@0x7b93e55 - animation-leash of starting_reveal#156158
03-02 00:57:23.751  1507  2128 I SurfaceFlinger: id=156158 Removed Surface(name=61e1481 com.podcast.app.debug/androidx.activity.ComponentActivity)/@0x7b93e55 - animation-leash of starting_reveal#156158 (329)
03-02 00:57:23.752  2013  4835 I WindowManager: Relayout hash=cd2d6b5, pid=14885, syncId=-1: mAttrs={(0,0)(fillxfill) sim={adjust=pan} layoutInDisplayCutoutMode=always ty=BASE_APPLICATION fmt=TRANSLUCENT wanim=0x1030317
03-02 00:57:23.752  2013  4835 I WindowManager:   fl=81810180
03-02 00:57:23.752  2013  4835 I WindowManager:   pfl=10008840
03-02 00:57:23.752  2013  4835 I WindowManager:   vsysui=400
03-02 00:57:23.752  2013  4835 I WindowManager:   apr=10
03-02 00:57:23.752  2013  4835 I WindowManager:   bhv=1
03-02 00:57:23.752  2013  4835 I WindowManager:   fitSides=0
03-02 00:57:23.752  2013  4835 I WindowManager:   frameRateBoostOnTouch=true
03-02 00:57:23.752  2013  4835 I WindowManager:   dvrrWindowFrameRateHint=true naviIconColor=0
03-02 00:57:23.752  2013  4835 I WindowManager:   sfl=100000}
03-02 00:57:23.756  2746  2758 W System  : A resource failed to call release.
03-02 00:57:23.756  2746  2758 W System  : A resource failed to call release.
03-02 00:57:23.756  2746  2758 W System  : A resource failed to call release.
03-02 00:57:23.756 14885 14885 I BLASTBufferQueue: [VRI[SplashActivity]@35f4eb8#84](f:0,a:1,s:0) destructor()
03-02 00:57:23.756 14885 14885 D BufferQueueConsumer: [VRI[SplashActivity]@35f4eb8#84(BLAST Consumer)84](id:3a2500000057,api:0,p:-1,c:14885) disconnect
03-02 00:57:23.756  1507  1507 I SurfaceFlinger: destroyed Surface(name=329543d com.podcast.app.debug.test/androidx.test.core.app.InstrumentationActivityInvoker$EmptyActivity)/@0x3f804f9 - animation-leash of starting_reveal#156143
03-02 00:57:23.757  1507  1507 I SurfaceFlinger: destroyed Surface(name=61e1481 com.podcast.app.debug/androidx.activity.ComponentActivity)/@0x7b93e55 - animation-leash of starting_reveal#156158
03-02 00:57:23.757  1507  1507 I SurfaceFlinger: destroyed Surface(name=b90fc41 com.podcast.app.debug/androidx.activity.ComponentActivity)/@0x42d541f - animation-leash of starting_reveal#156067
03-02 00:57:23.757  1507  1507 I SurfaceFlinger: destroyed Surface(name=2e94a5b com.podcast.app.debug/androidx.activity.ComponentActivity)/@0x4d804b - animation-leash of starting_reveal#156113
03-02 00:57:23.757  1507  1507 I SurfaceFlinger: destroyed Surface(name=1bdbd71 com.podcast.app.debug.test/androidx.test.core.app.InstrumentationActivityInvoker$EmptyActivity)/@0x9f1a769 - animation-leash of starting_reveal#156096
03-02 00:57:23.757  1507  1507 I SurfaceFlinger: [LayerHierarchy{RequestedLayerState{Bounds for - com.zhiliaoapp.musically/com.ss.android.ugc.aweme.splash.SplashActivity@19#156130} 3 children}] reparent to OffscreenRoot
03-02 00:57:23.757  1507  1507 I SurfaceFlinger: [LayerHierarchy{RequestedLayerState{Bounds for - com.zhiliaoapp.musically/com.ss.android.ugc.aweme.splash.SplashActivity@19#156130} 3 children}] RelativeParent to null
03-02 00:57:23.757 14885 14885 I VRI[SplashActivity]@35f4eb8: Relayout returned: old=(0,0,1080,2340) new=(0,0,1080,2340) relayoutAsync=false req=(1080,2340)8 dur=6 res=0x2 s={false 0x0} ch=true seqId=0
03-02 00:57:23.757  2746  2758 W System  : A resource failed to call release.
03-02 00:57:23.757  2746  2758 W System  : A resource failed to call release.
03-02 00:57:23.757  2746  2758 W System  : A resource failed to call release.
03-02 00:57:23.757 14885 14885 I SV[6876039 SplashActivity]: windowStopped(true) false X.0fk7{68eb87 V.E...... ........ 0,80-1080,2000} of VRI[SplashActivity]@35f4eb8
03-02 00:57:23.757 14885 14885 D SV[6876039 SplashActivity]: updateSurface: surface is not valid
03-02 00:57:23.757 14885 14885 I SV[6876039 SplashActivity]: releaseSurfaces: viewRoot = VRI[SplashActivity]@35f4eb8
03-02 00:57:23.757 14885 14885 D VRI[SplashActivity]@35f4eb8: applyTransactionOnDraw applyImmediately
03-02 00:57:23.758 14885 14885 I SV[7374587 SplashActivity]: windowStopped(true) false X.0fk7{7086fb V.E...... ........ 0,80-1080,2000} of VRI[SplashActivity]@35f4eb8
03-02 00:57:23.758 14885 14885 D SV[7374587 SplashActivity]: updateSurface: surface is not valid
03-02 00:57:23.758 14885 14885 I SV[7374587 SplashActivity]: releaseSurfaces: viewRoot = VRI[SplashActivity]@35f4eb8
03-02 00:57:23.758 14885 14885 D VRI[SplashActivity]@35f4eb8: applyTransactionOnDraw applyImmediately
03-02 00:57:23.758  2746  2758 W System  : A resource failed to call release.
03-02 00:57:23.758  2746  2758 W System  : A resource failed to call release.
03-02 00:57:23.758  2746  2758 W System  : A resource failed to call release.
03-02 00:57:23.758  2746  2758 W System  : A resource failed to call release.
03-02 00:57:23.758  2746  2758 W System  : A resource failed to call release.
03-02 00:57:23.758 14885 14885 I SV[137774491 SplashActivity]: windowStopped(true) false X.0fk7{836459b V.E...... ........ 0,81-1080,1998} of VRI[SplashActivity]@35f4eb8
03-02 00:57:23.758 14885 14885 D SV[137774491 SplashActivity]: updateSurface: surface is not valid
03-02 00:57:23.758  2746  2758 W System  : A resource failed to call release.
03-02 00:57:23.758 14885 14885 I SV[137774491 SplashActivity]: releaseSurfaces: viewRoot = VRI[SplashActivity]@35f4eb8
03-02 00:57:23.758  2746  2758 W System  : A resource failed to call release.
03-02 00:57:23.758 14885 14885 D VRI[SplashActivity]@35f4eb8: applyTransactionOnDraw applyImmediately
03-02 00:57:23.758  2746  2758 W System  : A resource failed to call release.
03-02 00:57:23.758  2746  2758 W System  : A resource failed to call release.
03-02 00:57:23.758  2746  2758 W System  : A resource failed to call release.
03-02 00:57:23.758  2746  2758 W System  : A resource failed to call release.
03-02 00:57:23.758  2746  2758 W System  : A resource failed to call release.
03-02 00:57:23.758  2746  2758 W System  : A resource failed to call release.
03-02 00:57:23.758 14885 14885 D SV[6876039 SplashActivity]: updateSurface: surface is not valid
03-02 00:57:23.759 14885 14885 I SV[6876039 SplashActivity]: releaseSurfaces: viewRoot = VRI[SplashActivity]@35f4eb8
03-02 00:57:23.759 14885 14885 D VRI[SplashActivity]@35f4eb8: applyTransactionOnDraw applyImmediately
03-02 00:57:23.759  2746  2758 W System  : A resource failed to call release.
03-02 00:57:23.759  2746  2758 W System  : A resource failed to call release.
03-02 00:57:23.759  2746  2758 W System  : A resource failed to call release.
03-02 00:57:23.759  2746  2758 W System  : A resource failed to call release.
03-02 00:57:23.759  2746  2758 W System  : A resource failed to call release.
03-02 00:57:23.759  2746  2758 W System  : A resource failed to call release.
03-02 00:57:23.759 14885 14885 D SV[7374587 SplashActivity]: updateSurface: surface is not valid
03-02 00:57:23.759  2746  2758 W System  : A resource failed to call release.
03-02 00:57:23.759 14885 14885 I SV[7374587 SplashActivity]: releaseSurfaces: viewRoot = VRI[SplashActivity]@35f4eb8
03-02 00:57:23.759  2746  2758 W System  : A resource failed to call release.
03-02 00:57:23.759 14885 14885 D VRI[SplashActivity]@35f4eb8: applyTransactionOnDraw applyImmediately
03-02 00:57:23.759  2746  2758 W System  : A resource failed to call release.
03-02 00:57:23.759  2746  2758 W System  : A resource failed to call release.
03-02 00:57:23.759  2746  2758 W System  : A resource failed to call release.
03-02 00:57:23.760 14885 14885 D SV[137774491 SplashActivity]: updateSurface: surface is not valid
03-02 00:57:23.760 14885 14885 I SV[137774491 SplashActivity]: releaseSurfaces: viewRoot = VRI[SplashActivity]@35f4eb8
03-02 00:57:23.760 14885 14885 D VRI[SplashActivity]@35f4eb8: applyTransactionOnDraw applyImmediately
03-02 00:57:23.760  1507  1507 I Layer   : id=156158 Destroyed Surface(name=61e1481 com.podcast.app.debug/androidx.activity.ComponentActivity)/@0x7b93e55 - animation-leash of starting_reveal#156158
03-02 00:57:23.760 14885 16783 D Native  : [TTNativeML] NativeMLTaskRunner 2.3-2.4 code：BuildInputs: CostTime 0.12 ms
03-02 00:57:23.760  1507  1507 I Layer   : id=156143 Destroyed Surface(name=329543d com.podcast.app.debug.test/androidx.test.core.app.InstrumentationActivityInvoker$EmptyActivity)/@0x3f804f9 - animation-leash of starting_reveal#156143
03-02 00:57:23.760  1507  1507 I Layer   : id=156096 Destroyed Surface(name=1bdbd71 com.podcast.app.debug.test/androidx.test.core.app.InstrumentationActivityInvoker$EmptyActivity)/@0x9f1a769 - animation-leash of starting_reveal#156096
03-02 00:57:23.760 14885 16783 D Native  : [TTNativeML] NativeMLTaskRunner 3-4 code：AdapterSetInputs: cost time 0.07 ms
03-02 00:57:23.760  1507  1507 I Layer   : id=156113 Destroyed Surface(name=2e94a5b com.podcast.app.debug/androidx.activity.ComponentActivity)/@0x4d804b - animation-leash of starting_reveal#156113
03-02 00:57:23.760  1507  1507 I Layer   : id=156067 Destroyed Surface(name=b90fc41 com.podcast.app.debug/androidx.activity.ComponentActivity)/@0x42d541f - animation-leash of starting_reveal#156067
03-02 00:57:23.760 14885 14885 D VRI[SplashActivity]@35f4eb8: Not drawing due to not visible. Reason=!mAppVisible && !mForceDecorViewVisibility
03-02 00:57:23.760  1507  1507 I SurfaceFlinger: onHandleDestroyed: layerId=156130, name=Bounds for - com.zhiliaoapp.musically/com.ss.android.ugc.aweme.splash.SplashActivity@19#156130
03-02 00:57:23.760 14885 14885 D VRI[SplashActivity]@35f4eb8: Pending transaction will not be applied in sync with a draw due to view not visible
03-02 00:57:23.760  1507  1507 I SurfaceFlinger: id=156130 Removed Bounds for - com.zhiliaoapp.musically/com.ss.android.ugc.aweme.splash.SplashActivity@19#156130 (324)
03-02 00:57:23.760 14885 16783 D Native  : [TTNativeML] NativeMLTaskRunner 4-5 code：AdapterInference: cost time 0.32 ms
03-02 00:57:23.760 14885 14885 I VRI[SplashActivity]@35f4eb8: mWNT: t=0x769ac0ba00 mBlastBufferQueue=0xnull fn= 0 HdrRenderState mRenderHdrSdrRatio=1.0 caller= android.view.ViewRootImpl.handleSyncRequestWhenNoAsyncDraw:6733 android.view.ViewRootImpl.performTraversals:5504 android.view.ViewRootImpl.doTraversal:3924
03-02 00:57:23.762 14885 15423 D HWUI    : CacheManager::trimMemory(20)
03-02 00:57:23.763  1445  2902 W C2MtkBufferManager: [0xB4000070F507E520] fetchNewCcBlock: wait fence 0x0xb4000070f5058270 timed out. ret 110
03-02 00:57:23.764 14885 14885 I VRI[SplashActivity]@35f4eb8: stopped(true) old = false
03-02 00:57:23.764 14885 14885 D VRI[SplashActivity]@35f4eb8: WindowStopped on com.zhiliaoapp.musically/com.ss.android.ugc.aweme.splash.SplashActivity set to true
03-02 00:57:23.765 14885 15423 D HWUI    : CacheManager::trimMemory(20)
03-02 00:57:23.767 14885 14885 I System.out: SAFActivity: com.ss.android.ugc.aweme.main.MainActivity@c20428f,  onStop Start
03-02 00:57:23.767  1507  1507 I SurfaceFlinger: destroyed Bounds for - com.zhiliaoapp.musically/com.ss.android.ugc.aweme.splash.SplashActivity@19#156130
03-02 00:57:23.768  1507  1507 I SurfaceFlinger: [LayerHierarchy{RequestedLayerState{7086fb SurfaceView[com.zhiliaoapp.musically/com.ss.android.ugc.aweme.splash.SplashActivity]@0(BLAST)#156135} no children}] reparent to OffscreenRoot
03-02 00:57:23.768  1507  1507 I SurfaceFlinger: [LayerHierarchy{RequestedLayerState{7086fb SurfaceView[com.zhiliaoapp.musically/com.ss.android.ugc.aweme.splash.SplashActivity]@0(BLAST)#156135} no children}] RelativeParent to null
03-02 00:57:23.768  1507  1507 I SurfaceFlinger: [LayerHierarchy{RequestedLayerState{7086fb SurfaceView[com.zhiliaoapp.musically/com.ss.android.ugc.aweme.splash.SplashActivity]@0#156134 z=-2} 1 children}] reparent to OffscreenRoot
03-02 00:57:23.768  1507  1507 I SurfaceFlinger: [LayerHierarchy{RequestedLayerState{7086fb SurfaceView[com.zhiliaoapp.musically/com.ss.android.ugc.aweme.splash.SplashActivity]@0#156134 z=-2} 1 children}] RelativeParent to null
03-02 00:57:23.768  1507  1507 I SurfaceFlinger: [LayerHierarchy{RequestedLayerState{Background for 68eb87 SurfaceView[com.zhiliaoapp.musically/com.ss.android.ugc.aweme.splash.SplashActivity]@0#156133 z=-2147483648} no children}] reparent to OffscreenRoot
03-02 00:57:23.768  1507  1507 I SurfaceFlinger: [LayerHierarchy{RequestedLayerState{Background for 68eb87 SurfaceView[com.zhiliaoapp.musically/com.ss.android.ugc.aweme.splash.SplashActivity]@0#156133 z=-2147483648} no children}] RelativeParent to null
03-02 00:57:23.768  1507  1507 I SurfaceFlinger: [LayerHierarchy{RequestedLayerState{68eb87 SurfaceView[com.zhiliaoapp.musically/com.ss.android.ugc.aweme.splash.SplashActivity]@0(BLAST)#156132} no children}] reparent to OffscreenRoot
03-02 00:57:23.768  1507  1507 I SurfaceFlinger: [LayerHierarchy{RequestedLayerState{68eb87 SurfaceView[com.zhiliaoapp.musically/com.ss.android.ugc.aweme.splash.SplashActivity]@0(BLAST)#156132} no children}] RelativeParent to null
03-02 00:57:23.768  1507  1507 I SurfaceFlinger: [LayerHierarchy{RequestedLayerState{836459b SurfaceView[com.zhiliaoapp.musically/com.ss.android.ugc.aweme.splash.SplashActivity]@0#156137 z=-2} 2 children}] reparent to OffscreenRoot
03-02 00:57:23.768  1507  1507 I SurfaceFlinger: [LayerHierarchy{RequestedLayerState{836459b SurfaceView[com.zhiliaoapp.musically/com.ss.android.ugc.aweme.splash.SplashActivity]@0#156137 z=-2} 2 children}] RelativeParent to null
03-02 00:57:23.768  1507  1507 I SurfaceFlinger: [LayerHierarchy{RequestedLayerState{Background for 7086fb SurfaceView[com.zhiliaoapp.musically/com.ss.android.ugc.aweme.splash.SplashActivity]@0#156136 z=-2147483648} no children}] reparent to OffscreenRoot
03-02 00:57:23.768  1507  1507 I SurfaceFlinger: [LayerHierarchy{RequestedLayerState{Background for 7086fb SurfaceView[com.zhiliaoapp.musically/com.ss.android.ugc.aweme.splash.SplashActivity]@0#156136 z=-2147483648} no children}] RelativeParent to null
03-02 00:57:23.768  1507  1507 I SurfaceFlinger: [LayerHierarchy{RequestedLayerState{68eb87 SurfaceView[com.zhiliaoapp.musically/com.ss.android.ugc.aweme.splash.SplashActivity]@0#156131 z=-2} no children}] reparent to OffscreenRoot
03-02 00:57:23.768  1507  1507 I SurfaceFlinger: [LayerHierarchy{RequestedLayerState{68eb87 SurfaceView[com.zhiliaoapp.musically/com.ss.android.ugc.aweme.splash.SplashActivity]@0#156131 z=-2} no children}] RelativeParent to null
03-02 00:57:23.768  1507  1507 I SurfaceFlinger: [LayerHierarchy{RequestedLayerState{836459b SurfaceView[com.zhiliaoapp.musically/com.ss.android.ugc.aweme.splash.SplashActivity]@0(BLAST)#156138} no children}] reparent to OffscreenRoot
03-02 00:57:23.768  1507  1507 I SurfaceFlinger: [LayerHierarchy{RequestedLayerState{836459b SurfaceView[com.zhiliaoapp.musically/com.ss.android.ugc.aweme.splash.SplashActivity]@0(BLAST)#156138} no children}] RelativeParent to null
03-02 00:57:23.768  1507  1507 I SurfaceFlinger: [LayerHierarchy{RequestedLayerState{Background for 836459b SurfaceView[com.zhiliaoapp.musically/com.ss.android.ugc.aweme.splash.SplashActivity]@0#156139 z=-2147483648} no children}] reparent to OffscreenRoot
03-02 00:57:23.768  1507  1507 I SurfaceFlinger: [LayerHierarchy{RequestedLayerState{Background for 836459b SurfaceView[com.zhiliaoapp.musically/com.ss.android.ugc.aweme.splash.SplashActivity]@0#156139 z=-2147483648} no children}] RelativeParent to null
03-02 00:57:23.771  1507  1507 I Layer   : id=156130 Destroyed Bounds for - com.zhiliaoapp.musically/com.ss.android.ugc.aweme.splash.SplashActivity@19#156130
03-02 00:57:23.771  1507  1507 I SurfaceFlinger: onHandleDestroyed: layerId=156138, name=836459b SurfaceView[com.zhiliaoapp.musically/com.ss.android.ugc.aweme.splash.SplashActivity]@0(BLAST)#156138
03-02 00:57:23.771  1507  1507 I SurfaceFlinger: id=156138 Removed 836459b SurfaceView[com.zhiliaoapp.musically/com.ss.android.ugc.aweme.splash.SplashActivity]@0(BLAST)#156138 (323)
03-02 00:57:23.771  1507  1507 I SurfaceFlinger: onHandleDestroyed: layerId=156137, name=836459b SurfaceView[com.zhiliaoapp.musically/com.ss.android.ugc.aweme.splash.SplashActivity]@0#156137
03-02 00:57:23.771  1507  1507 I SurfaceFlinger: id=156137 Removed 836459b SurfaceView[com.zhiliaoapp.musically/com.ss.android.ugc.aweme.splash.SplashActivity]@0#156137 (323)
03-02 00:57:23.771  1507  1507 I SurfaceFlinger: onHandleDestroyed: layerId=156139, name=Background for 836459b SurfaceView[com.zhiliaoapp.musically/com.ss.android.ugc.aweme.splash.SplashActivity]@0#156139
03-02 00:57:23.771  1507  1507 I SurfaceFlinger: id=156139 Removed Background for 836459b SurfaceView[com.zhiliaoapp.musically/com.ss.android.ugc.aweme.splash.SplashActivity]@0#156139 (323)
03-02 00:57:23.771  1507  1507 I SurfaceFlinger: onHandleDestroyed: layerId=156135, name=7086fb SurfaceView[com.zhiliaoapp.musically/com.ss.android.ugc.aweme.splash.SplashActivity]@0(BLAST)#156135
03-02 00:57:23.771  1507  1507 I SurfaceFlinger: id=156135 Removed 7086fb SurfaceView[com.zhiliaoapp.musically/com.ss.android.ugc.aweme.splash.SplashActivity]@0(BLAST)#156135 (323)
03-02 00:57:23.771  1507  1507 I SurfaceFlinger: onHandleDestroyed: layerId=156134, name=7086fb SurfaceView[com.zhiliaoapp.musically/com.ss.android.ugc.aweme.splash.SplashActivity]@0#156134
03-02 00:57:23.771  1507  1507 I SurfaceFlinger: id=156134 Removed 7086fb SurfaceView[com.zhiliaoapp.musically/com.ss.android.ugc.aweme.splash.SplashActivity]@0#156134 (323)
03-02 00:57:23.772  1507  1507 I SurfaceFlinger: onHandleDestroyed: layerId=156136, name=Background for 7086fb SurfaceView[com.zhiliaoapp.musically/com.ss.android.ugc.aweme.splash.SplashActivity]@0#156136
03-02 00:57:23.772  1507  1507 I SurfaceFlinger: id=156136 Removed Background for 7086fb SurfaceView[com.zhiliaoapp.musically/com.ss.android.ugc.aweme.splash.SplashActivity]@0#156136 (323)
03-02 00:57:23.772  1507  1507 I SurfaceFlinger: onHandleDestroyed: layerId=156132, name=68eb87 SurfaceView[com.zhiliaoapp.musically/com.ss.android.ugc.aweme.splash.SplashActivity]@0(BLAST)#156132
03-02 00:57:23.772  1507  1507 I SurfaceFlinger: id=156132 Removed 68eb87 SurfaceView[com.zhiliaoapp.musically/com.ss.android.ugc.aweme.splash.SplashActivity]@0(BLAST)#156132 (323)
03-02 00:57:23.772  1507  1507 I SurfaceFlinger: onHandleDestroyed: layerId=156131, name=68eb87 SurfaceView[com.zhiliaoapp.musically/com.ss.android.ugc.aweme.splash.SplashActivity]@0#156131
03-02 00:57:23.772  1507  1507 I SurfaceFlinger: id=156131 Removed 68eb87 SurfaceView[com.zhiliaoapp.musically/com.ss.android.ugc.aweme.splash.SplashActivity]@0#156131 (323)
03-02 00:57:23.772  1507  1507 I SurfaceFlinger: onHandleDestroyed: layerId=156133, name=Background for 68eb87 SurfaceView[com.zhiliaoapp.musically/com.ss.android.ugc.aweme.splash.SplashActivity]@0#156133
03-02 00:57:23.772  1507  1507 I SurfaceFlinger: id=156133 Removed Background for 68eb87 SurfaceView[com.zhiliaoapp.musically/com.ss.android.ugc.aweme.splash.SplashActivity]@0#156133 (323)
03-02 00:57:23.772  2013  4823 I MediaFocusControl: abandonAudioFocus() from uid/pid 10350/14885 clientId=android.media.AudioManager@b7fcc9dX.143s@4302512 callingPack=com.zhiliaoapp.musically
03-02 00:57:23.772  2013  4823 D AS.AudioService: [Android Auto] isConnectedAndroidAuto = false
03-02 00:57:23.772  2013  4823 D MediaFocusControl: selectFocusStack, uid = 10350, appDevice = 0, device = 2
03-02 00:57:23.772  2013  4823 I MediaFocusControl: removeFocusStackEntry client:android.media.AudioManager@b7fcc9dX.143s@4302512
03-02 00:57:23.773  1446  1446 I SensorsHub: queueActivate: handle 5 enable 0
03-02 00:57:23.773  1446  1446 I SensorsHub: type : 5, enable : 0
03-02 00:57:23.776 14885 16208 D SensorManager: unregisterListener
03-02 00:57:23.778  1507  1507 I SurfaceFlinger: destroyed 7086fb SurfaceView[com.zhiliaoapp.musically/com.ss.android.ugc.aweme.splash.SplashActivity]@0(BLAST)#156135
03-02 00:57:23.778  1507  1507 I SurfaceFlinger: destroyed 7086fb SurfaceView[com.zhiliaoapp.musically/com.ss.android.ugc.aweme.splash.SplashActivity]@0#156134
03-02 00:57:23.778  1507  1507 I SurfaceFlinger: destroyed Background for 68eb87 SurfaceView[com.zhiliaoapp.musically/com.ss.android.ugc.aweme.splash.SplashActivity]@0#156133
03-02 00:57:23.778  1507  1507 I SurfaceFlinger: destroyed 68eb87 SurfaceView[com.zhiliaoapp.musically/com.ss.android.ugc.aweme.splash.SplashActivity]@0(BLAST)#156132
03-02 00:57:23.778  1507  1507 I SurfaceFlinger: destroyed 836459b SurfaceView[com.zhiliaoapp.musically/com.ss.android.ugc.aweme.splash.SplashActivity]@0#156137
03-02 00:57:23.778  1507  1507 I SurfaceFlinger: destroyed Background for 7086fb SurfaceView[com.zhiliaoapp.musically/com.ss.android.ugc.aweme.splash.SplashActivity]@0#156136
03-02 00:57:23.778  1507  1507 I SurfaceFlinger: destroyed 68eb87 SurfaceView[com.zhiliaoapp.musically/com.ss.android.ugc.aweme.splash.SplashActivity]@0#156131
03-02 00:57:23.778  1507  1507 I SurfaceFlinger: destroyed 836459b SurfaceView[com.zhiliaoapp.musically/com.ss.android.ugc.aweme.splash.SplashActivity]@0(BLAST)#156138
03-02 00:57:23.778  1507  1507 I SurfaceFlinger: destroyed Background for 836459b SurfaceView[com.zhiliaoapp.musically/com.ss.android.ugc.aweme.splash.SplashActivity]@0#156139
03-02 00:57:23.782  1507  1507 I Layer   : id=156133 Destroyed Background for 68eb87 SurfaceView[com.zhiliaoapp.musically/com.ss.android.ugc.aweme.splash.SplashActivity]@0#156133
03-02 00:57:23.782  1507  1507 I Layer   : id=156131 Destroyed 68eb87 SurfaceView[com.zhiliaoapp.musically/com.ss.android.ugc.aweme.splash.SplashActivity]@0#156131
03-02 00:57:23.782  1507  1507 I Layer   : id=156132 Destroyed 68eb87 SurfaceView[com.zhiliaoapp.musically/com.ss.android.ugc.aweme.splash.SplashActivity]@0(BLAST)#156132
03-02 00:57:23.782  1507  1507 I Layer   : id=156136 Destroyed Background for 7086fb SurfaceView[com.zhiliaoapp.musically/com.ss.android.ugc.aweme.splash.SplashActivity]@0#156136
03-02 00:57:23.782  1507  1507 I Layer   : id=156134 Destroyed 7086fb SurfaceView[com.zhiliaoapp.musically/com.ss.android.ugc.aweme.splash.SplashActivity]@0#156134
03-02 00:57:23.782  1507  1507 I Layer   : id=156135 Destroyed 7086fb SurfaceView[com.zhiliaoapp.musically/com.ss.android.ugc.aweme.splash.SplashActivity]@0(BLAST)#156135
03-02 00:57:23.782  1507  1507 I Layer   : id=156139 Destroyed Background for 836459b SurfaceView[com.zhiliaoapp.musically/com.ss.android.ugc.aweme.splash.SplashActivity]@0#156139
03-02 00:57:23.782  1507  1507 I Layer   : id=156137 Destroyed 836459b SurfaceView[com.zhiliaoapp.musically/com.ss.android.ugc.aweme.splash.SplashActivity]@0#156137
03-02 00:57:23.782  1507  1507 I Layer   : id=156138 Destroyed 836459b SurfaceView[com.zhiliaoapp.musically/com.ss.android.ugc.aweme.splash.SplashActivity]@0(BLAST)#156138
03-02 00:57:23.794 14885 14885 I System.out: SceneSafeLifecycleDispatcher: onStopped Start
03-02 00:57:23.794 14885 14885 I System.out: SAFActivity V Scene Framework: NavigationMessageQueue postSync start
03-02 00:57:23.794 14885 14885 I System.out: SAFActivity V Scene Framework: NavigationMessageQueue postSync run current task start 14_Y.ARunnableS108S0200000_32@17ff82
03-02 00:57:23.794 14885 14885 I System.out: SAFActivity V Scene Framework: NavigationSceneManager Sync Scene SAFFragmentRootScene{79e191c} Lifecycle [STARTED -> ACTIVITY_CREATED] without saved State
03-02 00:57:23.794 14885 14885 I System.out: SAFFragmentRootScene: onStop Start (SAFFragmentRootScene{79e191c})
03-02 00:57:23.796  3438  3438 I EPDG -- SIM0 [SMARTWIFI]: isProfiling, hash=103173838, started=true
03-02 00:57:23.796  2013  2575 D ConnectivityService: notifyType CALLBACK_CAP_CHANGED for [318 WIFI]
03-02 00:57:23.797  2013  6778 D SemWifiUsabilityStatsMonitor: onWifiUsabilityStats - seqNum 30959, isSameBssidAndFreq true
03-02 00:57:23.798  2991  3778 D SatelliteController: isInCarrierRoamingNbIotNtn: satellite is disabled
03-02 00:57:23.798  3438  3438 I EPDG -- SIM0 [SMARTWIFI]: isProfiling, hash=103173838, started=true
03-02 00:57:23.798  2013  2656 I SemWifiLinkQualityMonitor: Link stat: 0 / 0 / 1.00 (97) / 58 / -81.0 || 100.0 : 58.00 / B (B) || 63618b082412: 0.241 / 33.224 / D || N N / 0 0 / Y 2.0 / Y X 0 / 491122799 0 || Invalid
03-02 00:57:23.799 14885 14885 I System.out: SAFActivity V Scene Framework: NavigationMessageQueue postSync run current task finish 14_Y.ARunnableS108S0200000_32@17ff82
03-02 00:57:23.799 14885 14885 I System.out: SAFActivity V Scene Framework: NavigationMessageQueue postSync finish
03-02 00:57:23.799 14885 14885 I System.out: SceneSafeLifecycleDispatcher: onStopped End STOP
03-02 00:57:23.799 14885 14885 I System.out: SAFActivity: com.ss.android.ugc.aweme.main.MainActivity@c20428f,  onStop End
03-02 00:57:23.799 14885 14885 D SV[6876039 SplashActivity]: updateSurface: surface is not valid
03-02 00:57:23.799 14885 14885 I SV[6876039 SplashActivity]: releaseSurfaces: viewRoot = VRI[SplashActivity]@35f4eb8
03-02 00:57:23.799  3438  3438 I EPDG -- SIM0 [SMARTWIFI]: Rssi : -81 highrange : -75 lowrange : -85 mIsRssiInHystersis : true
03-02 00:57:23.799 14885 14885 D VRI[SplashActivity]@35f4eb8: applyTransactionOnDraw applyImmediately
03-02 00:57:23.799  3438  3438 I EPDG -- SIM0 [SMARTWIFI]: Rssi : -81 highrange : -75 lowrange : -85 mIsRssiInHystersis : true
03-02 00:57:23.799  3438  3438 I EPDG -- SIM1 [SMARTWIFI]: isProfiling, hash=59853931, started=true
03-02 00:57:23.799  3438  3438 I EPDG -- SIM1 [SMARTWIFI]: isProfiling, hash=59853931, started=true
03-02 00:57:23.800 14885 14885 D SV[7374587 SplashActivity]: updateSurface: surface is not valid
03-02 00:57:23.800 14885 14885 I SV[7374587 SplashActivity]: releaseSurfaces: viewRoot = VRI[SplashActivity]@35f4eb8
03-02 00:57:23.800 14885 14885 D VRI[SplashActivity]@35f4eb8: applyTransactionOnDraw applyImmediately
03-02 00:57:23.800  3438  3438 I EPDG -- SIM1 [SMARTWIFI]: Rssi : -81 highrange : -75 lowrange : -85 mIsRssiInHystersis : true
03-02 00:57:23.800  3438  3438 I EPDG -- SIM1 [SMARTWIFI]: Rssi : -81 highrange : -75 lowrange : -85 mIsRssiInHystersis : true
03-02 00:57:23.800  3438  3438 I EPDG -- SIM1 [SMARTCELLULAR]: onSignalStrengthsChanged: SignalStrength:{mCdma=Invalid,mGsm=Invalid,mWcdma=Invalid,mTdscdma=Invalid,mLte=CellSignalStrengthLte: rssi=-103 rsrp=-102 rsrq=-11 rssnr=2 cqiTableIndex=2147483647 cqi=2147483647 ta=2147483647 level=3 parametersUseForLevel=0,mNr=Invalid,SignalBarInfo{ lteLevel=3 },rat=14,primary=CellSignalStrengthLte}
03-02 00:57:23.800 14885 14885 D SV[137774491 SplashActivity]: updateSurface: surface is not valid
03-02 00:57:23.800 14885 14885 I SV[137774491 SplashActivity]: releaseSurfaces: viewRoot = VRI[SplashActivity]@35f4eb8
03-02 00:57:23.800 14885 14885 D VRI[SplashActivity]@35f4eb8: applyTransactionOnDraw applyImmediately
03-02 00:57:23.801  2013  2610 D SemWifiApNsd:Client: lpInterface:wlan0
03-02 00:57:23.801  2013  2610 D SemWifiSwitchForIndividualAppsService: stopTCPMonitoring : already stopped
03-02 00:57:23.801  2013  2610 I WifiConnectivityMonitor.NCC: sNetworkCallback(oCC) FULL : 318(valid: true/captive: false)
03-02 00:57:23.802  2013  2610 I WifiConnectivityMonitor.NCC: [ Transports: WIFI Capabilities: NOT_METERED&INTERNET&NOT_RESTRICTED&TRUSTED&NOT_VPN&VALIDATED&NOT_ROAMING&FOREGROUND&NOT_CONGESTED&NOT_SUSPENDED&NOT_VCN_MANAGED&NOT_BANDWIDTH_CONSTRAINED LinkUpBandwidth>=10000Kbps LinkDnBandwidth>=10000Kbps TransportInfo: <SSID: <unknown ssid>, BSSID: 02:00:00:**:**:00, MAC: 02:00:00:**:**:00, IP: /192.***.*.104, Security type: 2, Supplicant state: COMPLETED, Wi-Fi standard: 11n, RSSI: -81, Link speed: 58Mbps, Tx Link speed: 58Mbps, Max Supported Tx Link speed: 150Mbps, Rx Link speed: -1Mbps, Max Supported Rx Link speed: 150Mbps, Frequency: 2412MHz, Net ID: -1, Metered hint: false, score: 60, isUsable: true, CarrierMerged: false, SubscriptionId: -1, IsPrimary: 1, Trusted: true, Restricted: false, Ephemeral: false, OEM paid: false, OEM private: false, OSU AP: false, FQDN: <none>, Provider friendly name: <none>, Requesting package name: <none><none>MLO Information: , Is TID-To-Link negotiation supported by the AP: false, AP MLD Address: <none>, AP MLO Link Id: <none>, AP MLO Affiliated links: <none>, Vendor Data: <none>> SignalStrength: -81 AdminUids: [1000] SSID: "WE617D39" UnderlyingNetworks: Null]
03-02 00:57:23.802  2746  2927 I WifiPickerTracker: NetworkCallback : onCapabilitiesChanged
03-02 00:57:23.802  2746  2927 D WifiPickerTracker: updateWifiEntries capabilities
03-02 00:57:23.802  2013  2679 D WifiConnectivityMonitor: HANDLE_ON_CAPABILITIES_CHANGED
03-02 00:57:23.803  2013  2679 I WifiConnectivityMonitor: determineMode : MODE_AGG_BY_SWITCH_TO_MOBILE_DATA_OPTION
03-02 00:57:23.803  2013  2679 D OpenNetworkQos[4.00]: updateBssidNoInternet: mBssidNoInternet = false
03-02 00:57:23.803  2013  2679 D OpenNetworkQos[4.00]: getOpenNetworkQosNoInternetStatus: false
03-02 00:57:23.803  2013  2679 D OpenNetworkQos[4.00]: getOpenNetworkQosScores: 23 23 23
03-02 00:57:23.803  2013  2679 I WifiProfileShare: network QoS data was changed (internet), updateQoSData networkType: true, qosData: false
03-02 00:57:23.803  3438  4448 I EPDG -- SIM1 [SMARTCELLULAR]: lastLteRSRP is -102 currentLteRSRP is -102 lastLteRSRQ is -12 currentLteRSRQ is -11 lastLteSNR is 3 currentLteSNR is 2
03-02 00:57:23.803  2013  2679 D WifiConnectivityMonitor: VALIDATED_DETECTED
03-02 00:57:23.803  2991  3810 I LocationAccessPolicy: checkLocationPermission - callingUid: 10492, callingPid: 14636, result: DENIED_SOFT
03-02 00:57:23.803  2991  3810 I LocationAccessPolicy: checkLocationPermission - callingUid: 10492, callingPid: 14636, result: DENIED_SOFT
03-02 00:57:23.803 14636 14636 W JobService: onNetworkChanged() not implemented in androidx.work.impl.background.systemjob.SystemJobService. Must override in a subclass.
03-02 00:57:23.804  2013  3555 V WifiProfileShare.Caster: update wips network, size: 0
03-02 00:57:23.804  2013  3555 D WifiProfileShare: nearby scanning settings run
03-02 00:57:23.804  2013  3555 D WifiProfileShare: network score provider settings enabled
03-02 00:57:23.804  2013  3555 D OpenNetworkQos[4.00]: getOpenNetworkQosScores: 23 23 23
03-02 00:57:23.804  2013  3555 D OpenNetworkQos[4.00]: getOpenNetworkQosNoInternetStatus: false
03-02 00:57:23.804  2013  3555 I WifiProfileShare.Caster: current network type: 0, score: [23, 23, 23]
03-02 00:57:23.804  2013  3555 V WifiProfileShare.Caster: captive portal configuration was set
03-02 00:57:23.804  2013  3555 V WifiProfileShare.Cache: update network score 0c:80:63:**:**:08
03-02 00:57:23.804  2013  3555 D WifiProfileShare.ScanMatcher: getMcfDataList size:1
03-02 00:57:23.804  2013  3555 I WifiProfileShare.Caster: qos data was updated , before:type:QOS, pBssid:e1:e8:04, qosData:da after:type:QOS, pBssid:e1:e8:04, qosData:da
03-02 00:57:23.804 14885 14885 I System.out: SAFActivity V Scene Framework: NavigationSceneManager forceExecutePendingNavigationOperation start
03-02 00:57:23.805 14885 14885 I System.out: SAFActivity V Scene Framework: NavigationMessageQueue postSync start
03-02 00:57:23.805 14885 14885 I System.out: SAFActivity V Scene Framework: NavigationMessageQueue postSync run current task start 0_Y.ARunnableS90S0000000_15@b59a74e
03-02 00:57:23.805 14885 14885 I System.out: SAFActivity V Scene Framework: NavigationMessageQueue postSync run current task finish 0_Y.ARunnableS90S0000000_15@b59a74e
03-02 00:57:23.805 14885 14885 I System.out: SAFActivity V Scene Framework: NavigationMessageQueue postSync finish
03-02 00:57:23.805 14885 14885 I System.out: SAFActivity V Scene Framework: NavigationSceneManager forceExecutePendingNavigationOperation finish
03-02 00:57:23.805 14885 14885 I System.out: SAFActivity: com.ss.android.ugc.aweme.main.MainActivity@c20428f,  onSaveInstanceState Start
03-02 00:57:23.805  2013  3555 I [MCFSDK_android_1.3.7026]_4_McfCasterImpl: isNetworkEnabled - type : 1 ret : true
03-02 00:57:23.805  2013  3555 D WifiProfileShare.McfCast: -ME--- mIsNetworkEnabled :true
03-02 00:57:23.805  2013  3555 D WifiProfileShare.McfCast: updateQoSData ignored, same contents
03-02 00:57:23.805  2013  3555 D WifiProfileShare.MCF: success update QosData !
03-02 00:57:23.805  2746  2927 D WifiPickerTracker: update AutoHotspot Entries() : bleAccessPoints -> 0
03-02 00:57:23.806  2746  2927 D WifiPickerTracker: handleNetworkCapabilitiesChanged
03-02 00:57:23.806  2013  3555 I [MCFSDK_android_1.3.7026]_4_McfCasterImpl: isNetworkEnabled - type : 1 ret : true
03-02 00:57:23.806  2013  3555 D WifiProfileShare.McfCast: -ME--- mIsNetworkEnabled :true
03-02 00:57:23.806  2013  3555 D WifiProfileShare.McfCast: -ME--- updatePasswordDate pwdData size:1
03-02 00:57:23.806  2746  2927 I WifiPickerTracker: DefaultNetworkCallback : onCapabilitiesChanged
03-02 00:57:23.807 14885 14885 I System.out: SceneSafeLifecycleDispatcher: onSaveInstanceState Start
03-02 00:57:23.807 14885 14885 I System.out: SAFFragmentRootScene: onSaveInstanceState Start (SAFFragmentRootScene{79e191c})
03-02 00:57:23.807 14885 14885 I System.out: SceneSafeLifecycleDispatcher: onSaveInstanceState End STOP
03-02 00:57:23.807 14885 14885 I System.out: SAFActivity: com.ss.android.ugc.aweme.main.MainActivity@c20428f,  onSaveInstanceState End
03-02 00:57:23.808 14885 14885 W System.err: onActivityPostSaveInstanceState store finished---->com.ss.android.ugc.aweme.main.MainActivity@c20428f
03-02 00:57:23.809  2746  2842 D WifiInteractor: get wifiIconGroup ePDGConnected : false
03-02 00:57:23.810  2746  2843 D WifiInteractor: get wifiIconGroup ePDGConnected : false
03-02 00:57:23.811 14885 14885 D SV[6876039 SplashActivity]: updateSurface: surface is not valid
03-02 00:57:23.811 14885 14885 I SV[6876039 SplashActivity]: releaseSurfaces: viewRoot = VRI[SplashActivity]@35f4eb8
03-02 00:57:23.811 14885 14885 D VRI[SplashActivity]@35f4eb8: applyTransactionOnDraw applyImmediately
03-02 00:57:23.812 14885 14885 D SV[7374587 SplashActivity]: updateSurface: surface is not valid
03-02 00:57:23.812 14885 14885 I SV[7374587 SplashActivity]: releaseSurfaces: viewRoot = VRI[SplashActivity]@35f4eb8
