03-02 00:57:16.124 10943 10943 I AudioPathManager: loadAudioPath() : loaded audio path is speaker (0)
03-02 00:57:16.124  1439 16890 D AHAL_ModuleBluetooth: setVendorParameters unrecognized parameter: audioHDR=0
03-02 00:57:16.124 10943 10943 I ModelUtil: isHighEndModel() : this model is SM-A155F
03-02 00:57:16.124  2013  2065 D PkgPredictorService-SecIpmManagerServiceImpl: bg information pid:17532 uid:10687 pkgName:com.podcast.app.debug.test
03-02 00:57:16.124 10943 10943 I EffectManager: isSupportDolbyAtmosOnThisAudioPath() : path is speaker (0)
03-02 00:57:16.124 10943 10943 I AudioPathManager: loadAudioPath() : loaded audio path is speaker (0)
03-02 00:57:16.124 10943 10943 I EffectManager: isSupportVolumeNormalizationOnCurrentAudioPath() : path is speaker (0)
03-02 00:57:16.124 10943 10943 I DVFSHelper: isNecessaryToBoostCPU() : isDolbyOn? false, isUHQUpscalerOn? false, isVoiceBoostOn? false, isVolumeNormalizationOn? false
03-02 00:57:16.130 14885 14885 D InputTransport: Input channel destroyed: 'ClientS', fd=688
03-02 00:57:16.130 17532 17532 W WindowOnBackDispatcher: sendCancelIfRunning: isInProgress=false callback=android.view.ViewRootImpl$$ExternalSyntheticLambda16@bd42e8b
03-02 00:57:16.131 17532 17532 D ViewRootImpl: Skipping stats log for color mode
03-02 00:57:16.131 17532 17532 I VRI[InstrumentationActivityInvoker$EmptyActivity]@cd25a6f: dispatchDetachedFromWindow
03-02 00:57:16.132 17121 17121 I InputMethodManager: handleMessage: setImeVisibility visible=false
03-02 00:57:16.132 17121 17121 D InsetsController: hide(ime(), fromIme=false)
03-02 00:57:16.132 17121 17121 I ImeTracker: com.podcast.app.debug:5191ea72: onCancelled at PHASE_CLIENT_ALREADY_HIDDEN
03-02 00:57:16.132  2746  2798 D ShellTaskOrganizer: removeStartingWindow, removalInfo=StartingWindowRemovalInfo{taskId=44866 frame=Rect(0, 0 - 1080, 2340) playRevealAnimation=true roundedCornerRadius=0.0 deferRemoveMode=0 windowlessSurface=false removeImmediately=false}
03-02 00:57:16.133  2013  2252 D InputTransport: Input channel destroyed: 'a9efcb6', fd=1074
03-02 00:57:16.133  3202 15778 I HoneySpace.RecentTasks: onRunningTaskAppeared
03-02 00:57:16.133  3202 15778 I HoneySpace.RecentTasks: onRecentTasksChanged
03-02 00:57:16.134  3202 10541 I HoneySpace.RecentTasks: onRecentTasksChanged
03-02 00:57:16.136  1445 16865 W C2MtkBufferManager: [0xB4000070F68A9420] fetchNewCcBlock: wait fence 0x0xb4000070f692fea0 timed out. ret 110
03-02 00:57:16.137 17532 17532 D InputTransport: Input channel destroyed: 'a9efcb6', fd=119
03-02 00:57:16.139  1507  1507 D SurfaceFlinger: Display 4627039422300187648 HWC layers:
03-02 00:57:16.139  1507  1507 D SurfaceFlinger:   SOLID_COLOR |                        0 | 00000002 | N/A          |    0.0    0.0    0.0    0.0 |    0    0   -1   -1 | Background for 68eb87 SurfaceView[co[...]weme.splash.SplashActivity]@0#155893 (0)
03-02 00:57:16.139  1507  1507 D SurfaceFlinger:   SOLID_COLOR |                        0 | 00000002 | N/A          |    0.0    0.0    0.0    0.0 |    0    0   -1   -1 | Background for 7086fb SurfaceView[co[...]weme.splash.SplashActivity]@0#155896 (0)
03-02 00:57:16.139  1507  1507 D SurfaceFlinger:   SOLID_COLOR |                        0 | 00000002 | N/A          |    0.0    0.0    0.0    0.0 |    0    0   -1   -1 | Background for 836459b SurfaceView[c[...]weme.splash.SplashActivity]@0#155899 (0)
03-02 00:57:16.139  1507  1507 D SurfaceFlinger:        CLIENT |           63930588201974 | 00000102 | 0x32315659   |   14.0    0.0  720.0 1280.0 |    0   80 1059 2000 | 7086fb SurfaceView[com.zhiliaoapp.mu[...]lash.SplashActivity]@0(BLAST)#155895 (7)
03-02 00:57:16.139  1507  1507 D SurfaceFlinger:        CLIENT |           63930588201951 | 00002100 | RGBA_8888    |   21.0    0.0 1080.0 2340.0 |    0    0 1080 2340 | com.zhiliaoapp.musically/com.ss.andr[...].splash.S
03-02 00:57:16.139  1507  1507 D SurfaceFlinger: plashActivity$_14885#155887 (4)
03-02 00:57:16.139  1507  1507 D SurfaceFlinger:        DEVICE |           73534135074873 | 00002102 | RGBA_8888    |    0.0    0.0   68.0 2340.0 | 1012    0 1080 2340 | com.podcast.app.debug/androidx.activity.ComponentActivity$_17121#155909 (1)
03-02 00:57:16.139  1507  1507 D SurfaceFlinger:        DEVICE |           11793980283421 | 00002100 | RGBA_8888    |    0.0    0.0   68.0 2340.0 | 1012    0 1080 2340 | Splash Screen com.podcast.app.debug$_2746#155907 (1)
03-02 00:57:16.139  1507  1507 D SurfaceFlinger:        DEVICE |           11793980281878 | 00002100 | RGBA_8888    |    0.0    0.0 1080.0   80.0 |    0    0 1080   80 | StatusBar$_2746#117 (210990)
03-02 00:57:16.139  1507  1507 D SurfaceFlinger:        DEVICE |           13752485304097 | 00002100 | RGBA_8888    |    0.0    0.0   67.0  346.0 | 1013  454 1080  800 | com.sec.android.app.launcher/com.sam[...].app.CocktailBarService$_3202#152779 (1)
03-02 00:57:16.139  1507  1507 D SurfaceFlinger:        DEVICE |           11793980281868 | 00002100 | RGBA_8888    |    0.0    0.0 1080.0  135.0 |    0 2205 1080 2340 | NavigationBar0$_2746#113 (187647)
03-02 00:57:16.139  1507  1507 D SurfaceFlinger:
03-02 00:57:16.141  2013  2322 D InputTransport: Input channel constructed: 'ClientS', fd=1083
03-02 00:57:16.141  2013  2322 D InputTransport: Input channel destroyed: 'ClientS', fd=1083
03-02 00:57:16.143  1507  1907 I SurfaceFlinger: onHandleDestroyed: layerId=155878, name=44a4a73 ActivityRecordInputSink com.podcast.app.debug.test/androidx.test.core.app.InstrumentationActivityInvoker$EmptyActivity#155878
03-02 00:57:16.143  1507  1907 I SurfaceFlinger: id=155878 Removed 44a4a73 ActivityRecordInputSink com.podcast.app.debug.test/androidx.test.core.app.InstrumentationActivityInvoker$EmptyActivity#155878 (350)
03-02 00:57:16.143  1507  1507 E SurfaceFlinger: alpha changed 0.000 -> 0.013 - DimTransitionLayer for Surface(name=Task=44866)/@0x397d43b#155914
03-02 00:57:16.146  2013  4835 W system_server: Large reply transaction of 325152 bytes, interface descriptor android.app.IActivityTaskManager, code 26
03-02 00:57:16.149  1484  1816 V APM_AudioPolicyManager: stopOutput portId 13560
03-02 00:57:16.149  1484  1816 V APM_AudioPolicyManager: stopOutput() output 21, stream 3, session 126033
03-02 00:57:16.149  1484  1816 V APM_AudioPolicyManager: setBeaconMute(1) mBeaconMuteRefCount=8 mBeaconPlayingRefCount=0
03-02 00:57:16.149  1484  1816 V APM_AudioPolicyManager: getNewOutputDevices selected devices AUDIO_DEVICE_NONE
03-02 00:57:16.149  1484  1816 V APM_AudioPolicyManager: setOutputDevices caller stopSource[[portId:5][io:21, deep-buffer]] device AUDIO_DEVICE_NONE delayMs 170
03-02 00:57:16.149  1507  2393 I SurfaceFlinger: id=155916 createSurf, flag=24004, Task=44865#155916
03-02 00:57:16.150  1484  1816 V APM_AudioPolicyManager: setOutputDevices caller stopSource[[portId:5][io:21, deep-buffer]] setting same device AUDIO_DEVICE_NONE or null device, force=0, patch handle=11429
03-02 00:57:16.152  1439 16890 D MTKAdapterStreamLayer: updateMetadataCommon(),
03-02 00:57:16.152  1484  1816 W AudioFlinger: moveEffectChain_ll: effect chain for session 0 not on source thread 0xb400007066671a50
03-02 00:57:16.153  1484  1816 V APM_AudioPolicyManager: selectOutputForMusicEffects selected output 13
03-02 00:57:16.153  1507  1507 D SurfaceFlinger: Display 4627039422300187648 HWC layers:
03-02 00:57:16.153  1507  1507 D SurfaceFlinger:   SOLID_COLOR |                        0 | 00000002 | N/A          |    0.0    0.0    0.0    0.0 |    0    0   -1   -1 | Background for 68eb87 SurfaceView[co[...]weme.splash.SplashActivity]@0#155893 (0)
03-02 00:57:16.153  1507  1507 D SurfaceFlinger:   SOLID_COLOR |                        0 | 00000002 | N/A          |    0.0    0.0    0.0    0.0 |    0    0   -1   -1 | Background for 7086fb SurfaceView[co[...]weme.splash.SplashActivity]@0#155896 (0)
03-02 00:57:16.153  1507  1507 D SurfaceFlinger:   SOLID_COLOR |                        0 | 00000002 | N/A          |    0.0    0.0    0.0    0.0 |    0    0   -1   -1 | Background for 836459b SurfaceView[c[...]weme.splash.SplashActivity]@0#155899 (0)
03-02 00:57:16.153  1507  1507 D SurfaceFlinger:        CLIENT |           63930588201974 | 00000102 | 0x32315659   |   14.0    0.0  720.0 1280.0 |    0   80 1059 2000 | 7086fb SurfaceView[com.zhiliaoapp.mu[...]lash.SplashActivity]@0(BLAST)#155895 (7)
03-02 00:57:16.153  1507  1507 D SurfaceFlinger:        CLIENT |           63930588201951 | 00002100 | RGBA_8888    |   21.0    0.0 1080.0 2340.0 |    0    0 1080 2340 | com.zhiliaoapp.musically/com.ss.andr[...].splash.S
03-02 00:57:16.153  1507  1507 D SurfaceFlinger: plashActivity$_14885#155887 (4)
03-02 00:57:16.153  1507  1507 D SurfaceFlinger:   SOLID_COLOR |                        0 | 00000000 | N/A          |    0.0    0.0    0.0    0.0 |    0    0 1080 2340 | DimTransitionLayer for Surface(name=Task=44866)/@0x397d43b#155914 (0)
03-02 00:57:16.153  1507  1507 D SurfaceFlinger:        DEVICE |           73534135074873 | 00002102 | RGBA_8888    |    0.0    0.0   68.0 2340.0 | 1012    0 1080 2340 | com.podcast.app.debug/androidx.activity.ComponentActivity$_17121#155909 (1)
03-02 00:57:16.153  1507  1507 D SurfaceFlinger:        DEVICE |           11793980283421 | 00002100 | RGBA_8888    |    0.0    0.0   68.0 2340.0 | 1012    0 1080 2340 | Splash Screen com.podcast.app.debug$_2746#155907 (1)
03-02 00:57:16.153  1507  1507 D SurfaceFlinger:        DEVICE |           11793980281878 | 00002100 | RGBA_8888    |    0.0    0.0 1080.0   80.0 |    0    0 1080   80 | StatusBar$_2746#117 (210990)
03-02 00:57:16.153  1507  1507 D SurfaceFlinger:        DEVICE |           13752485304097 | 00002100 | RGBA_8888    |    0.0    0.0   67.0  346.0 | 1013  454 1080  800 | com.sec.android.app.launcher/com.sam[...].app.CocktailBarService$_3202#152779 (1)
03-02 00:57:16.153  1507  1507 D SurfaceFlinger:        DEVICE |           11793980281862 | 00002100 | RGBA_8888    |    0.0
03-02 00:57:16.153  1507  1507 D SurfaceFlinger:    0.0 1080.0  135.0 |    0 2205 1080 2340 | NavigationBar0$_2746#113 (187648)
03-02 00:57:16.153  1507  1507 D SurfaceFlinger:
03-02 00:57:16.153 17121 17133 D InputTransport: Input channel constructed: 'ClientS', fd=156
03-02 00:57:16.154  1507  1507 I SurfaceFlinger: [Task=44865#155916] attach to parent Root
03-02 00:57:16.160  2746  2866 I VRI[debug]@37e541: mWNT: t=0xb4000076d38eb800 mBlastBufferQueue=0xb4000076ae46b000 fn= 2 HdrRenderState mRenderHdrSdrRatio=1.0 caller= android.view.SyncRtSurfaceTransactionApplier.applyTransaction:100 android.view.SyncRtSurfaceTransactionApplier.lambda$scheduleApply$0:73 android.view.SyncRtSurfaceTransactionApplier.$r8$lambda$afI4fXg3U3-nBZQEDQMiNy-B06s:0
03-02 00:57:16.162  2746  2866 I VRI[debug]@37e541: mWNT: t=0xb4000076d38eb980 mBlastBufferQueue=0xb4000076ae46b000 fn= 2 HdrRenderState mRenderHdrSdrRatio=1.0 caller= android.view.SyncRtSurfaceTransactionApplier.applyTransaction:100 android.view.SyncRtSurfaceTransactionApplier.lambda$scheduleApply$0:73 android.view.SyncRtSurfaceTransactionApplier.$r8$lambda$afI4fXg3U3-nBZQEDQMiNy-B06s:0
03-02 00:57:16.163  2991  3002 I LocationAccessPolicy: checkLocationPermission - callingUid: 10492, callingPid: 14636, result: DENIED_SOFT
03-02 00:57:16.164  2991  3002 I LocationAccessPolicy: checkLocationPermission - callingUid: 10492, callingPid: 14636, result: DENIED_SOFT
03-02 00:57:16.165  1507  1507 I SurfaceFlinger: [LayerHierarchy{RequestedLayerState{Task=44865#155871 z=40} 1 children}] reparent to OffscreenRoot
03-02 00:57:16.165  1507  1507 I SurfaceFlinger: [LayerHierarchy{RequestedLayerState{Task=44865#155871 z=40} 1 children}] RelativeParent to null
03-02 00:57:16.165  1507  1507 I SurfaceFlinger: [LayerHierarchy{RequestedLayerState{ActivityRecord{165924265 u0 com.podcast.app.debug.test/androidx.test.core.app.InstrumentationActivityInvoker$EmptyActivity t44865}#155872} 2 children}] reparent to OffscreenRoot
03-02 00:57:16.165  1507  1507 I SurfaceFlinger: [LayerHierarchy{RequestedLayerState{ActivityRecord{165924265 u0 com.podcast.app.debug.test/androidx.test.core.app.InstrumentationActivityInvoker$EmptyActivity t44865}#155872} 2 children}] RelativeParent to null
03-02 00:57:16.165  1507  1507 I SurfaceFlinger: [LayerHierarchy{RequestedLayerState{a9efcb6 com.podcast.app.debug.test/androidx.test.core.app.InstrumentationActivityInvoker$EmptyActivity#155875} 1 children}] reparent to OffscreenRoot
03-02 00:57:16.165  1507  1507 I SurfaceFlinger: [LayerHierarchy{RequestedLayerState{a9efcb6 com.podcast.app.debug.test/androidx.test.core.app.InstrumentationActivityInvoker$EmptyActivity#155875} 1 children}] RelativeParent to null
03-02 00:57:16.165  1507  1507 I SurfaceFlinger: [LayerHierarchy{RequestedLayerState{com.podcast.app.debug.test/androidx.test.core.app.InstrumentationActivityInvoker$EmptyActivity$_17532#155879} no children}] reparent to OffscreenRoot
03-02 00:57:16.165  1507  1507 I SurfaceFlinger: [LayerHierarchy{RequestedLayerState{com.podcast.app.debug.test/androidx.test.core.app.InstrumentationActivityInvoker$EmptyActivity$_17532#155879} no children}] RelativeParent to null
03-02 00:57:16.165  1507  1507 I SurfaceFlinger: [LayerHierarchy{RequestedLayerState{Task=44865#155916 z=40} no children}] reparent to OffscreenRoot
03-02 00:57:16.165  1507  1507 I SurfaceFlinger: [LayerHierarchy{RequestedLayerState{Task=44865#155916 z=40} no children}] RelativeParent to null
03-02 00:57:16.166  5235  5235 I HBD     : HoneyBoardService onFinishInput
03-02 00:57:16.167  1507  1507 I SurfaceFlinger: onHandleDestroyed: layerId=155916, name=Task=44865#155916
03-02 00:57:16.167  1507  1507 I SurfaceFlinger: id=155916 Removed Task=44865#155916 (351)
03-02 00:57:16.167  1507  1507 I SurfaceFlinger: onHandleDestroyed: layerId=155872, name=ActivityRecord{165924265 u0 com.podcast.app.debug.test/androidx.test.core.app.InstrumentationActivityInvoker$EmptyActivity t44865}#155872
03-02 00:57:16.167  1507  1507 I SurfaceFlinger: id=155872 Removed ActivityRecord{165924265 u0 com.podcast.app.debug.test/androidx.test.core.app.InstrumentationActivityInvoker$EmptyActivity t44865}#155872 (351)
03-02 00:57:16.167  1507  1507 I SurfaceFlinger: onHandleDestroyed: layerId=155875, name=a9efcb6 com.podcast.app.debug.test/androidx.test.core.app.InstrumentationActivityInvoker$EmptyActivity#155875
03-02 00:57:16.167  1507  1507 I SurfaceFlinger: id=155875 Removed a9efcb6 com.podcast.app.debug.test/androidx.test.core.app.InstrumentationActivityInvoker$EmptyActivity#155875 (351)
03-02 00:57:16.167  1507  1507 I SurfaceFlinger: onHandleDestroyed: layerId=155879, name=com.podcast.app.debug.test/androidx.test.core.app.InstrumentationActivityInvoker$EmptyActivity$_17532#155879
03-02 00:57:16.167  1507  1507 I SurfaceFlinger: id=155879 Removed com.podcast.app.debug.test/androidx.test.core.app.InstrumentationActivityInvoker$EmptyActivity$_17532#155879 (351)
03-02 00:57:16.168  5235  5235 I HBD     : a IC have been unbinding,  RemoteInputConnection{idHash=#b902d1f}
03-02 00:57:16.168  5235  5235 I HBD     : HoneyBoardService [PF_CL][onFinishInput]  2 ms
03-02 00:57:16.170  3202  3918 I HoneySpace.RecentTasks: onRunningTaskVanished
03-02 00:57:16.170  5235  5235 I HBD     : HoneyBoardService [IMI] onStartInput - caller pid : 17121 , caller uid : 10685
03-02 00:57:16.170  5235  5235 I HBD     : k updateConfigs
03-02 00:57:16.171  5235  5235 I HBD     : k isEnabledNightMode : true
03-02 00:57:16.171  5235  5235 I HBD     : a IC have been binding, RemoteInputConnection{idHash=#e91f122}
03-02 00:57:16.171  5235  5235 I HBD     : h [EditorInputType]setPrivateImeOptionsToTable privateImeOptions ( null )
03-02 00:57:16.171  5235  5235 I HBD     : b incognitoMode : false
03-02 00:57:16.171  5235  5235 I HBD     : c needOff = true , isForceOff = false, isNullInputClass : true
03-02 00:57:16.171  5235  5235 I HBD     : h getDefaultInputRange : UNKNOWN
03-02 00:57:16.171  5235  5235 I HBD     : h getDefaultInputRange : UNKNOWN
03-02 00:57:16.171  5235  5235 I HBD     : h getDefaultInputRange : UNKNOWN
03-02 00:57:16.172  1507  1562 I SurfaceFlinger: id=155917 createSurf, flag=24004, Surface(name=2141cda InputMethod)/@0x5ea0b56 - animation-leash of insets_animation#155917
03-02 00:57:16.172  3202  4701 I HoneySpace.RecentTasks: onRecentTasksChanged
03-02 00:57:16.172  5235  5235 I HBD     : c needOff = true , isForceOff = false, isNullInputClass : true
03-02 00:57:16.173  5235  5235 I HBD     : c update cached prediction status : false
03-02 00:57:16.173  5235  5235 I HBD     : h getDefaultInputRange : UNKNOWN
03-02 00:57:16.173  5235  5235 I HBD     : a currentState : 0
03-02 00:57:16.173  5235  5235 I HBD     : a [UpdatePolicy] [post] a: 0 cl: 65538 kit: [0/0] vt: 0 ir: 1
03-02 00:57:16.173  2013  4829 I ImeTracker: system_server:631c09a7: onRequestHide at ORIGIN_SERVER reason IME_REQUESTED_CHANGED_LISTENER fromUser false
03-02 00:57:16.173  1507  1825 I SurfaceFlinger: Capture layer list: 	 com.zhiliaoapp.musically/com.ss.android.ugc.aweme.splash.SplashActivity$_14885#155887(seamlessTransition:0)
03-02 00:57:16.173  1507  1825 I SurfaceFlinger: Capture layer list: 	 DimTransitionLayer for Surface(name=Task=44866)/@0x397d43b#155914(seamlessTransition:0)
03-02 00:57:16.173  1507  1825 I SurfaceFlinger: Capture layer list: 	 com.podcast.app.debug/androidx.activity.ComponentActivity$_17121#155909(seamlessTransition:0)
03-02 00:57:16.173  1507  1825 I SurfaceFlinger: Capture layer list: 	 Splash Screen com.podcast.app.debug$_2746#155907(seamlessTransition:0)
03-02 00:57:16.176  2013  2067 I ImeTracker: system_server:631c09a7: onCancelled at PHASE_SERVER_SHOULD_HIDE
03-02 00:57:16.176  5235  5235 I HBD     : a [NRIC] resetNoResponseState
03-02 00:57:16.176  5235  5235 I HBD     : c needOff = true , isForceOff = false, isNullInputClass : true
03-02 00:57:16.176  5235  5235 I HBD     : c update cached prediction status : false
03-02 00:57:16.176  5235  5235 I HBD     : b [AiWriter] setContact : com.podcast.app.debug
03-02 00:57:16.176  5235  5235 I HBD     : a [AiWriter] setContact : com.podcast.app.debug
03-02 00:57:16.176  1507  1507 I SurfaceFlinger: destroyed ActivityRecord{165924265 u0 com.podcast.app.debug.test/androidx.test.core.app.InstrumentationActivityInvoker$EmptyActivity t44865}#155872
03-02 00:57:16.176  1507  1507 I SurfaceFlinger: destroyed a9efcb6 com.podcast.app.debug.test/androidx.test.core.app.InstrumentationActivityInvoker$EmptyActivity#155875
03-02 00:57:16.176  1507  1507 I SurfaceFlinger: destroyed Task=44865#155916
03-02 00:57:16.176  1507  1507 I SurfaceFlinger: destroyed 44a4a73 ActivityRecordInputSink com.podcast.app.debug.test/androidx.test.core.app.InstrumentationActivityInvoker$EmptyActivity#155878
03-02 00:57:16.176  1507  1507 I SurfaceFlinger: destroyed com.podcast.app.debug.test/androidx.test.core.app.InstrumentationActivityInvoker$EmptyActivity$_17532#155879
03-02 00:57:16.176  1507  1507 I SurfaceFlinger: [Surface(name=2141cda InputMethod)/@0x5ea0b56 - animation-leash of insets_animation#155917] attach to parent LayerHierarchy{RequestedLayerState{WindowToken{4048e94 type=2011 android.os.Binder@219c2e7}#143 parentId=15} 2 children}
03-02 00:57:16.176  1445 16865 W C2MtkBufferManager: [0xB4000070F68A9420] fetchNewCcBlock: wait fence 0x0xb4000070f692fea0 timed out. ret 110
03-02 00:57:16.176  5235  5235 I HBD     : o0 EBD si S 0
03-02 00:57:16.176  5235  5235 I HBD     : r updateContactDBLanguage : 65538
03-02 00:57:16.177  5235  5235 I HBD     : g isCoverDisplay : false, cached selected json info : SelectedLanguageInfo(languageVersion=4.2, currentLanguageOrder=0, selectedLanguageList=[SelectedLanguage(id=65538, isUsed=true, engName=English, inputType=qwerty, activeOptionList=[auto_replace, auto_spacing, writing_assistant, prediction], bilingualId=-1), SelectedLanguage(id=5308416, isUsed=true, engName=Arabic, inputType=qwerty, activeOptionList=[auto_replace, auto_spacing, prediction], bilingualId=-1)])
03-02 00:57:16.177  5235  5235 I HBD     : g updateSelectedLanguageCache is succeeded. English
03-02 00:57:16.177  5235  5235 I HBD     : l writeToFile path : /data/user/0/com.samsung.android.honeyboard/files/selected.json
03-02 00:57:16.177  5235  5235 I HBD     : l writeToFile json : {"version":"4.2","currentLanguageOrder":0,"selected":[{"activeOptionList":["auto_replace","auto_spacing","writing_assistant","prediction"],"bilingualId":-1,"engName":"English","id":65538,"inputType":"qwerty","isUsed":true},{"activeOptionList":["auto_replace","auto_spacing","prediction"],"bilingualId":-1,"engName":"Arabic","id":5308416,"inputType":"qwerty","isUsed":true}]}
03-02 00:57:16.178  1507  1507 I Layer   : id=155878 Destroyed 44a4a73 ActivityRecordInputSink com.podcast.app.debug.test/androidx.test.core.app.InstrumentationActivityInvoker$EmptyActivity#155878
03-02 00:57:16.178  1507  1507 I Layer   : id=155879 Destroyed com.podcast.app.debug.test/androidx.test.core.app.InstrumentationActivityInvoker$EmptyActivity$_17532#155879
03-02 00:57:16.178  1507  1507 I Layer   : id=155875 Destroyed a9efcb6 com.podcast.app.debug.test/androidx.test.core.app.InstrumentationActivityInvoker$EmptyActivity#155875
03-02 00:57:16.178  1507  1507 I Layer   : id=155872 Destroyed ActivityRecord{165924265 u0 com.podcast.app.debug.test/androidx.test.core.app.InstrumentationActivityInvoker$EmptyActivity t44865}#155872
03-02 00:57:16.178  1507  1507 I Layer   : id=155916 Destroyed Task=44865#155916
03-02 00:57:16.179  3202  3202 I HoneySpace.TaskStackChangeRepositoryImpl: onTaskRemoved : 44865
03-02 00:57:16.181  3202  3386 I HoneySpace.TopTaskSource: onTaskRemoved: 44865
03-02 00:57:16.181  5235  5235 I HBD     : l writeToFile complete
03-02 00:57:16.182  5235  5235 I HBD     : g isCoverDisplay : false, cached selected json info : SelectedLanguageInfo(languageVersion=4.2, currentLanguageOrder=0, selectedLanguageList=[SelectedLanguage(id=65538, isUsed=true, engName=English, inputType=qwerty, activeOptionList=[auto_replace, auto_spacing, writing_assistant, prediction], bilingualId=-1), SelectedLanguage(id=5308416, isUsed=true, engName=Arabic, inputType=qwerty, activeOptionList=[auto_replace, auto_spacing, prediction], bilingualId=-1)])
03-02 00:57:16.182  5235  5235 I HBD     : n updateActionOptionFromPreference isCover = false
03-02 00:57:16.182  5235  5235 I HBD     : n before lang.activeOptionList =  [auto_replace, auto_spacing, writing_assistant, prediction]
03-02 00:57:16.182  5235 18364 I HBD     : l Write selected lang for DE
03-02 00:57:16.183  5235 18364 I HBD     : l writeToFile path : /data/user_de/0/com.samsung.android.honeyboard/files/selected.json
03-02 00:57:16.183  5235 18364 I HBD     : l writeToFile json : {"version":"4.2","currentLanguageOrder":0,"selected":[{"activeOptionList":["auto_replace","auto_spacing","writing_assistant","prediction"],"bilingualId":-1,"engName":"English","id":65538,"inputType":"qwerty","isUsed":true},{"activeOptionList":["auto_replace","auto_spacing","prediction"],"bilingualId":-1,"engName":"Arabic","id":5308416,"inputType":"qwerty","isUsed":true}]}
03-02 00:57:16.183  2991  3002 I LocationAccessPolicy: checkLocationPermission - callingUid: 10492, callingPid: 14636, result: DENIED_SOFT
03-02 00:57:16.183  2746  2865 I VRI[debug]@37e541: mWNT: t=0xb4000076d39e0b00 mBlastBufferQueue=0xb4000076ae46b000 fn= 3 HdrRenderState mRenderHdrSdrRatio=1.0 caller= android.view.SyncRtSurfaceTransactionApplier.applyTransaction:100 android.view.SyncRtSurfaceTransactionApplier.lambda$scheduleApply$0:73 android.view.SyncRtSurfaceTransactionApplier.$r8$lambda$afI4fXg3U3-nBZQEDQMiNy-B06s:0
03-02 00:57:16.185  5235  5235 I HBD     : n after lang.activeOptionList = [auto_replace, auto_spacing, writing_assistant, prediction]
03-02 00:57:16.185  5235  5235 I HBD     : l writeToFile path : /data/user/0/com.samsung.android.honeyboard/files/selected.json
03-02 00:57:16.185  5235  5235 I HBD     : l writeToFile json : {"version":"4.2","currentLanguageOrder":0,"selected":[{"activeOptionList":["auto_replace","auto_spacing","writing_assistant","prediction"],"bilingualId":-1,"engName":"English","id":65538,"inputType":"qwerty","isUsed":true},{"activeOptionList":["auto_replace","auto_spacing","prediction"],"bilingualId":-1,"engName":"Arabic","id":5308416,"inputType":"qwerty","isUsed":true}]}
03-02 00:57:16.187  3202  3202 I HoneySpace.TaskStackChangeRepositoryImpl: onTaskRemoved : 44865
03-02 00:57:16.187  3202  3202 I HoneySpace.TaskListViewModel[160530624]: taskRemoveId, 44865
03-02 00:57:16.188  5235 18364 I HBD     : l writeToFile complete
03-02 00:57:16.188  5235  5235 I HBD     : l writeToFile complete
03-02 00:57:16.190  3202  3202 W HoneySpace.TaskListViewModel[160530624]: task is already removed: 44865
03-02 00:57:16.190  3202  3202 I HoneySpace.TaskListViewModel[160530624]: taskRemoveId, 44865
03-02 00:57:16.190  3202  3202 W HoneySpace.TaskListViewModel[160530624]: task is already removed: 44865
03-02 00:57:16.191  2746  2866 I VRI[debug]@37e541: mWNT: t=0xb4000076d39e0c80 mBlastBufferQueue=0xb4000076ae46b000 fn= 4 HdrRenderState mRenderHdrSdrRatio=1.0 caller= android.view.SyncRtSurfaceTransactionApplier.applyTransaction:100 android.view.SyncRtSurfaceTransactionApplier.lambda$scheduleApply$0:73 android.view.SyncRtSurfaceTransactionApplier.$r8$lambda$afI4fXg3U3-nBZQEDQMiNy-B06s:0
03-02 00:57:16.191  5235  5235 I HBD     : m normal : updateLanguage : English
03-02 00:57:16.192  5235  5235 I HBD     : g isCoverDisplay : false, cached selected json info : SelectedLanguageInfo(languageVersion=4.2, currentLanguageOrder=0, selectedLanguageList=[SelectedLanguage(id=65538, isUsed=true, engName=English, inputType=qwerty, activeOptionList=[auto_replace, auto_spacing, writing_assistant, prediction], bilingualId=-1), SelectedLanguage(id=5308416, isUsed=true, engName=Arabic, inputType=qwerty, activeOptionList=[auto_replace, auto_spacing, prediction], bilingualId=-1)])
03-02 00:57:16.192  5235  5235 I HBD     : g isCoverDisplay : false, cached selected json info : SelectedLanguageInfo(languageVersion=4.2, currentLanguageOrder=0, selectedLanguageList=[SelectedLanguage(id=65538, isUsed=true, engName=English, inputType=qwerty, activeOptionList=[auto_replace, auto_spacing, writing_assistant, prediction], bilingualId=-1), SelectedLanguage(id=5308416, isUsed=true, engName=Arabic, inputType=qwerty, activeOptionList=[auto_replace, auto_spacing, prediction], bilingualId=-1)])
03-02 00:57:16.192  5235  5235 I HBD     : n updateActionOptionFromPreference isCover = false
03-02 00:57:16.192  5235  5235 I HBD     : n before lang.activeOptionList =  [auto_replace, auto_spacing, writing_assistant, prediction]
03-02 00:57:16.193  1507  1507 I BufferQueueProducer: [FramebufferSurface](this:0xb400007a458f0370,id:-1,api:1,p:1507,c:1507) queueBuffer: fps=34.67 dur=1009.62 max=443.39 min=5.83
03-02 00:57:16.193  5235  5235 I HBD     : n after lang.activeOptionList = [auto_replace, auto_spacing, writing_assistant, prediction]
03-02 00:57:16.196  5235 18365 I HBD     : l Write selected lang for DE
03-02 00:57:16.196  5235 18365 I HBD     : l writeToFile path : /data/user_de/0/com.samsung.android.honeyboard/files/selected.json
03-02 00:57:16.196  5235 18365 I HBD     : l writeToFile json : {"version":"4.2","currentLanguageOrder":0,"selected":[{"activeOptionList":["auto_replace","auto_spacing","writing_assistant","prediction"],"bilingualId":-1,"engName":"English","id":65538,"inputType":"qwerty","isUsed":true},{"activeOptionList":["auto_replace","auto_spacing","prediction"],"bilingualId":-1,"engName":"Arabic","id":5308416,"inputType":"qwerty","isUsed":true}]}
03-02 00:57:16.197  5235  5235 I HBD     : l writeToFile path : /data/user/0/com.samsung.android.honeyboard/files/selected.json
03-02 00:57:16.197  5235  5235 I HBD     : l writeToFile json : {"version":"4.2","currentLanguageOrder":0,"selected":[{"activeOptionList":["auto_replace","auto_spacing","writing_assistant","prediction"],"bilingualId":-1,"engName":"English","id":65538,"inputType":"qwerty","isUsed":true},{"activeOptionList":["auto_replace","auto_spacing","prediction"],"bilingualId":-1,"engName":"Arabic","id":5308416,"inputType":"qwerty","isUsed":true}]}
03-02 00:57:16.197  1445  2902 W C2MtkBufferManager: [0xB4000070F507E520] fetchNewCcBlock: wait fence 0x0xb4000070f5058270 timed out. ret 110
03-02 00:57:16.198  2746  2865 I VRI[debug]@37e541: mWNT: t=0xb4000076d39e0e00 mBlastBufferQueue=0xb4000076ae46b000 fn= 5 HdrRenderState mRenderHdrSdrRatio=1.0 caller= android.view.SyncRtSurfaceTransactionApplier.applyTransaction:100 android.view.SyncRtSurfaceTransactionApplier.lambda$scheduleApply$0:73 android.view.SyncRtSurfaceTransactionApplier.$r8$lambda$afI4fXg3U3-nBZQEDQMiNy-B06s:0
03-02 00:57:16.199  1507  1507 I SurfaceFlinger: RequestedLayer [Surface(name=2141cda InputMethod)/@0[...]ion-leash of insets_animation#155917] hidden!! flag  from(1) --> to(0)
03-02 00:57:16.199  1507  1507 E SurfaceFlinger: alpha changed 1.000 -> 0.000 - Surface(name=2141cda InputMethod)/@0x5ea0b56 - animation-leash of insets_animation#155917
03-02 00:57:16.199  1507  1507 I SurfaceFlinger: [LayerHierarchy{RequestedLayerState{ImeContainer#15 parentId=155905 relativeParentId=155905 z=3} 1 children}] reparent to LayerHierarchy{RequestedLayerState{ActivityRecord{101069921 u0 com.podcast.app.debug/androidx.activity.ComponentActivity t44866}#155905 parentId=155904} 4 children}
03-02 00:57:16.199  1507  1507 I SurfaceFlinger: [LayerHierarchy{RequestedLayerState{ImeContainer#15 parentId=155905 relativeParentId=155905 z=3} 1 children}] RelativeParent to null
03-02 00:57:16.199  1507  1507 I SurfaceFlinger: [LayerHierarchy{RequestedLayerState{2141cda InputMethod#159 parentId=155917} no children}] reparent to LayerHierarchy{RequestedLayerState{Surface(name=2141cda InputMethod)/@0x5ea0b56 - animation-leash of insets_animation#155917 parentId=143} 1 children}
03-02 00:57:16.199  1507  1507 I SurfaceFlinger: [LayerHierarchy{RequestedLayerState{Surface(name=2141cda InputMethod)/@0x5ea0b56 - animation-leash of insets_animation#155902} no children}] reparent to OffscreenRoot
03-02 00:57:16.199  1507  1507 I SurfaceFlinger: [LayerHierarchy{RequestedLayerState{Surface(name=2141cda InputMethod)/@0x5ea0b56 - animation-leash of insets_animation#155902} no children}] RelativeParent to null
03-02 00:57:16.200  5235  5235 I HBD     : l writeToFile complete
03-02 00:57:16.200  5235  5235 I HBD     : m normal : updateLanguage : English
03-02 00:57:16.200  5235 18366 I HBD     : l Write selected lang for DE
03-02 00:57:16.201  5235 18366 I HBD     : l writeToFile path : /data/user_de/0/com.samsung.android.honeyboard/files/selected.json
03-02 00:57:16.201  5235 18366 I HBD     : l writeToFile json : {"version":"4.2","currentLanguageOrder":0,"selected":[{"activeOptionList":["auto_replace","auto_spacing","writing_assistant","prediction"],"bilingualId":-1,"engName":"English","id":65538,"inputType":"qwerty","isUsed":true},{"activeOptionList":["auto_replace","auto_spacing","prediction"],"bilingualId":-1,"engName":"Arabic","id":5308416,"inputType":"qwerty","isUsed":true}]}
03-02 00:57:16.201  5235  5235 I HBD     : g isCoverDisplay : false, cached selected json info : SelectedLanguageInfo(languageVersion=4.2, currentLanguageOrder=0, selectedLanguageList=[SelectedLanguage(id=65538, isUsed=true, engName=English, inputType=qwerty, activeOptionList=[auto_replace, auto_spacing, writing_assistant, prediction], bilingualId=-1), SelectedLanguage(id=5308416, isUsed=true, engName=Arabic, inputType=qwerty, activeOptionList=[auto_replace, auto_spacing, prediction], bilingualId=-1)])
03-02 00:57:16.201  5235 18365 I HBD     : l writeToFile complete
03-02 00:57:16.201  5235  5235 I HBD     : g isCoverDisplay : false, cached selected json info : SelectedLanguageInfo(languageVersion=4.2, currentLanguageOrder=0, selectedLanguageList=[SelectedLanguage(id=65538, isUsed=true, engName=English, inputType=qwerty, activeOptionList=[auto_replace, auto_spacing, writing_assistant, prediction], bilingualId=-1), SelectedLanguage(id=5308416, isUsed=true, engName=Arabic, inputType=qwerty, activeOptionList=[auto_replace, auto_spacing, prediction], bilingualId=-1)])
03-02 00:57:16.201  5235  5235 I HBD     : g updateSelectedLanguageCache is succeeded. English
03-02 00:57:16.202  5235  5235 I HBD     : l writeToFile path : /data/user/0/com.samsung.android.honeyboard/files/selected.json
03-02 00:57:16.202  5235  5235 I HBD     : l writeToFile json : {"version":"4.2","currentLanguageOrder":0,"selected":[{"activeOptionList":["auto_replace","auto_spacing","writing_assistant","prediction"],"bilingualId":-1,"engName":"English","id":65538,"inputType":"qwerty","isUsed":true},{"activeOptionList":["auto_replace","auto_spacing","prediction"],"bilingualId":-1,"engName":"Arabic","id":5308416,"inputType":"qwerty","isUsed":true}]}
03-02 00:57:16.205  5235 18366 I HBD     : l writeToFile complete
03-02 00:57:16.206  1507  1907 I SurfaceFlinger: onHandleDestroyed: layerId=155902, name=Surface(name=2141cda InputMethod)/@0x5ea0b56 - animation-leash of insets_animation#155902
03-02 00:57:16.206  1507  1907 I SurfaceFlinger: id=155902 Removed Surface(name=2141cda InputMethod)/@0x5ea0b56 - animation-leash of insets_animation#155902 (347)
03-02 00:57:16.206  3202  3386 I HoneySpace.TopTaskSource: onTaskRemoved: 44865
03-02 00:57:16.206  5235  5235 I HBD     : l writeToFile complete
03-02 00:57:16.208  5235  5235 I HBD     : g isCoverDisplay : false, cached selected json info : SelectedLanguageInfo(languageVersion=4.2, currentLanguageOrder=0, selectedLanguageList=[SelectedLanguage(id=65538, isUsed=true, engName=English, inputType=qwerty, activeOptionList=[auto_replace, auto_spacing, writing_assistant, prediction], bilingualId=-1), SelectedLanguage(id=5308416, isUsed=true, engName=Arabic, inputType=qwerty, activeOptionList=[auto_replace, auto_spacing, prediction], bilingualId=-1)])
03-02 00:57:16.208  5235  5235 I HBD     : g updateSelectedLanguageCache is succeeded. English
03-02 00:57:16.208  5235 18367 I HBD     : l Write selected lang for DE
03-02 00:57:16.209  5235 18367 I HBD     : l writeToFile path : /data/user_de/0/com.samsung.android.honeyboard/files/selected.json
03-02 00:57:16.209  5235 18367 I HBD     : l writeToFile json : {"version":"4.2","currentLanguageOrder":0,"selected":[{"activeOptionList":["auto_replace","auto_spacing","writing_assistant","prediction"],"bilingualId":-1,"engName":"English","id":65538,"inputType":"qwerty","isUsed":true},{"activeOptionList":["auto_replace","auto_spacing","prediction"],"bilingualId":-1,"engName":"Arabic","id":5308416,"inputType":"qwerty","isUsed":true}]}
03-02 00:57:16.209  2013  3648 D SecContentProvider: query(), uri = 17 selection = isSettingsChangesAllowed
03-02 00:57:16.210  1507  1507 I SurfaceFlinger: destroyed Surface(name=2141cda InputMethod)/@0x5ea0b56 - animation-leash of insets_animation#155902
03-02 00:57:16.211  2013  3648 D SecContentProvider: query(), uri = 17 selection = isSettingsChangesAllowed
03-02 00:57:16.211  1507  1507 I Layer   : id=155902 Destroyed Surface(name=2141cda InputMethod)/@0x5ea0b56 - animation-leash of insets_animation#155902
03-02 00:57:16.212  2013  3345 W ParceledListSlice: Element #30 is 21544 bytes.
03-02 00:57:16.213  5235 18367 I HBD     : l writeToFile complete
03-02 00:57:16.213  5235 12846 I HBD     : u updated Sub Types. English
03-02 00:57:16.214  5235  5235 I HBD     : l writeToFile path : /data/user/0/com.samsung.android.honeyboard/files/selected.json
03-02 00:57:16.214  5235  5235 I HBD     : l writeToFile json : {"version":"4.2","currentLanguageOrder":0,"selected":[{"activeOptionList":["auto_replace","auto_spacing","writing_assistant","prediction"],"bilingualId":-1,"engName":"English","id":65538,"inputType":"qwerty","isUsed":true},{"activeOptionList":["auto_replace","auto_spacing","prediction"],"bilingualId":-1,"engName":"Arabic","id":5308416,"inputType":"qwerty","isUsed":true}]}
03-02 00:57:16.216  1445 16865 W C2MtkBufferManager: [0xB4000070F68A9420] fetchNewCcBlock: wait fence 0x0xb4000070f692fea0 timed out. ret 110
03-02 00:57:16.217  1646  1646 I CameraService: onUidStateChanged: uid=10492, procState is changed. (19 -> 8)
03-02 00:57:16.217  5235 18368 I HBD     : b InputMethodSubtype is set as local:en_GB
03-02 00:57:16.218  5235  5235 I HBD     : l writeToFile complete
03-02 00:57:16.218  2013  3648 I WindowManager: Relayout Window{e2a196a u0 Splash Screen com.podcast.app.debug}: viewVisibility=8 req=1080x2340 ty=3 d0
03-02 00:57:16.220  2013  4903 W system_server: Large reply transaction of 325152 bytes, interface descriptor android.app.IActivityTaskManager, code 26
03-02 00:57:16.221  5235  5235 I HBD     : a [UpdatePolicy] [post] a: 31 cl: 65538 kit: [0/0] vt: 0 ir: 1
03-02 00:57:16.221  2013  3648 I WindowManager: Relayout hash=e2a196a, pid=2746, syncId=-1: mAttrs={(0,0)(fillxfill) sim={adjust=pan} layoutInDisplayCutoutMode=always ty=APPLICATION_STARTING fmt=TRANSLUCENT wanim=0x1030317
03-02 00:57:16.221  2013  3648 I WindowManager:   fl=81030118
03-02 00:57:16.221  2013  3648 I WindowManager:   pfl=10000810
03-02 00:57:16.221  2013  3648 I WindowManager:   bhv=1
03-02 00:57:16.221  2013  3648 I WindowManager:   fitSides=0
03-02 00:57:16.221  2013  3648 I WindowManager:   frameRateBoostOnTouch=true
03-02 00:57:16.221  2013  3648 I WindowManager:   dvrrWindowFrameRateHint=true naviIconColor=0}
03-02 00:57:16.222  5235 18369 I HBD     : l Write selected lang for DE
03-02 00:57:16.222  5235 18369 I HBD     : l writeToFile path : /data/user_de/0/com.samsung.android.honeyboard/files/selected.json
03-02 00:57:16.222  2746  2808 I VRI[debug]@37e541: onActiveControlsChanged, removed=false, mAdded=true, caller=android.view.ViewRootImpl.handleInsetsControlChanged:3002 android.view.ViewRootImpl.relayoutWindow:11629 android.view.ViewRootImpl.performTraversals:4804 android.view.ViewRootImpl.doTraversal:3924 android.view.ViewRootImpl$TraversalRunnable.run:12903
03-02 00:57:16.222  2746  2808 I VRI[debug]@37e541: Relayout returned: old=(0,0,1080,2340) new=(0,0,1080,2340) relayoutAsync=false req=(1080,2340)8 dur=9 res=0x2 s={false 0x0} ch=true seqId=0
03-02 00:57:16.223  2746  2808 D VRI[debug]@37e541: Not drawing due to not visible. Reason=View.GONE
03-02 00:57:16.223  2746  2808 W WindowOnBackDispatcher: sendCancelIfRunning: isInProgress=false callback=android.view.ViewRootImpl$$ExternalSyntheticLambda16@8df040
03-02 00:57:16.223  2746  2808 I VRI[debug]@37e541: dispatchDetachedFromWindow
03-02 00:57:16.224  2013  4823 D InputTransport: Input channel destroyed: 'e2a196a', fd=964
03-02 00:57:16.224  5235 18369 I HBD     : l writeToFile json : {"version":"4.2","currentLanguageOrder":0,"selected":[{"activeOptionList":["auto_replace","auto_spacing","writing_assistant","prediction"],"bilingualId":-1,"engName":"English","id":65538,"inputType":"qwerty","isUsed":true},{"activeOptionList":["auto_replace","auto_spacing","prediction"],"bilingualId":-1,"engName":"Arabic","id":5308416,"inputType":"qwerty","isUsed":true}]}
03-02 00:57:16.224 14636 14636 D WM-SystemJobService: onStartJob for WorkGenerationalId(workSpecId=f23029b8-b7a3-4a93-aaf6-b7c7a26dfe9e, generation=0)
03-02 00:57:16.226 14636 15217 D WM-Processor: MutableConfig: processing WorkGenerationalId(workSpecId=f23029b8-b7a3-4a93-aaf6-b7c7a26dfe9e, generation=0)
03-02 00:57:16.227  5235  5235 I HBD     : HoneyBoardService [PF_OP][onStartInput]  57 ms
03-02 00:57:16.227  5235  5235 I InputMethodService: scheduleImeSurfaceRemoval: canceled, mShowInputRequested=false, mWindowVisible=false, IsmWindowNull=false, IsmImeSurfaceRemoverRunnableNotNull=true
03-02 00:57:16.228  2013  3648 D SecContentProvider: query(), uri = 17 selection = isSettingsChangesAllowed
03-02 00:57:16.228  2746  5007 I BLASTBufferQueue: [VRI[debug]@37e541#7699](f:0,a:1,s:0) destructor()
03-02 00:57:16.228  2746  5007 D BufferQueueConsumer: [VRI[debug]@37e541#7699(BLAST Consumer)7699](id:aba00001e13,api:0,p:-1,c:2746) disconnect
03-02 00:57:16.229  2013  3648 D SecContentProvider: query(), uri = 17 selection = isSettingsChangesAllowed
03-02 00:57:16.230  2746  2808 D InputTransport: Input channel destroyed: 'e2a196a', fd=495
03-02 00:57:16.230  5235 18369 I HBD     : l writeToFile complete
03-02 00:57:16.231  5235 12846 I HBD     : u updated Sub Types. English
03-02 00:57:16.230  2991  3778 D SatelliteController: isInCarrierRoamingNbIotNtn: satellite is disabled
03-02 00:57:16.231  3438  3438 I EPDG -- SIM0 [SMARTCELLULAR]: onSignalStrengthsChanged: SignalStrength:{mCdma=Invalid,mGsm=Invalid,mWcdma=Invalid,mTdscdma=Invalid,mLte=CellSignalStrengthLte: rssi=-109 rsrp=-108 rsrq=-10 rssnr=4 cqiTableIndex=2147483647 cqi=2147483647 ta=2147483647 level=3 parametersUseForLevel=0,mNr=Invalid,SignalBarInfo{ lteLevel=2 },rat=14,primary=CellSignalStrengthLte}
03-02 00:57:16.231  3438  4395 I EPDG -- SIM0 [SMARTCELLULAR]: lastLteRSRP is -108 currentLteRSRP is -108 lastLteRSRQ is -9 currentLteRSRQ is -10 lastLteSNR is 4 currentLteSNR is 4
03-02 00:57:16.231 14636 14636 D WM-WorkerWrapper: Starting work for com.urbanairship.job.AirshipWorker
03-02 00:57:16.237  2991  3004 I LocationAccessPolicy: checkLocationPermission - callingUid: 10492, callingPid: 14636, result: DENIED_SOFT
03-02 00:57:16.237  2991  3004 I LocationAccessPolicy: checkLocationPermission - callingUid: 10492, callingPid: 14636, result: DENIED_SOFT
03-02 00:57:16.237 14636 14636 V Ana Vodafone - UALib: AirshipWorker - Running job: JobInfo{action='ACTION_UPDATE_CHANNEL', airshipComponentName='com.urbanairship.channel.AirshipChannel', isNetworkAccessRequired=true, minDelayMs=0, conflictStrategy=2, initialBackOffMs=30000, extras={}, rateLimitIds=[]}, work Id: f23029b8-b7a3-4a93-aaf6-b7c7a26dfe9e run attempt: 290
03-02 00:57:16.238 14636 14636 V Ana Vodafone - UALib: JobDispatcher - Running job: JobInfo{action='ACTION_UPDATE_CHANNEL', airshipComponentName='com.urbanairship.channel.AirshipChannel', isNetworkAccessRequired=true, minDelayMs=0, conflictStrategy=2, initialBackOffMs=30000, extras={}, rateLimitIds=[]}, run attempt: 290
03-02 00:57:16.243  1507  1507 I SurfaceFlinger: RequestedLayer [Splash Screen com.podcast.app.debug$_2746#155907] hidden!! flag  from(0) --> to(1)
03-02 00:57:16.243  1507  1507 I SurfaceFlinger: [LayerHierarchy{RequestedLayerState{Surface(name=9a51a27 com.podcast.app.debug/androidx.activity.ComponentActivity)/@0x7c828a5 - animation-leash of starting_reveal#155915} 1 children}] reparent to OffscreenRoot
03-02 00:57:16.243  1507  1507 I SurfaceFlinger: [LayerHierarchy{RequestedLayerState{Surface(name=9a51a27 com.podcast.app.debug/androidx.activity.ComponentActivity)/@0x7c828a5 - animation-leash of starting_reveal#155915} 1 children}] RelativeParent to null
03-02 00:57:16.243  1507  1507 I SurfaceFlinger: [LayerHierarchy{RequestedLayerState{9a51a27 com.podcast.app.debug/androidx.activity.ComponentActivity#155908 parentId=155905} 1 children}] reparent to LayerHierarchy{RequestedLayerState{ActivityRecord{101069921 u0 com.podcast.app.debug/androidx.activity.ComponentActivity t44866}#155905 parentId=155904} 4 children}
03-02 00:57:16.244  1646  2917 I CameraService: onUidStateChanged: uid=10062, procState is changed. (1 -> 0)
03-02 00:57:16.245  2991  3004 I LocationAccessPolicy: checkLocationPermission - callingUid: 10492, callingPid: 14636, result: DENIED_SOFT
03-02 00:57:16.246  5235 18371 I HBD     : b InputMethodSubtype is set as local:en_GB
03-02 00:57:16.246  2991  3004 I LocationAccessPolicy: checkLocationPermission - callingUid: 10492, callingPid: 14636, result: DENIED_SOFT
03-02 00:57:16.249  2746  2746 D SystemUIService: SYSUI_RAM_OPTIMIZATION onTrimMemory=20
03-02 00:57:16.249  2746  2746 D CentralSurfaces: SYSUI_RAM_OPTIMIZATION onTrimMemory=20
03-02 00:57:16.252  2746  2870 D HWUI    : CacheManager::trimMemory(20)
03-02 00:57:16.255  2013  3648 W system_server: Large reply transaction of 325152 bytes, interface descriptor android.app.IActivityTaskManager, code 26
03-02 00:57:16.256  1445 16865 W C2MtkBufferManager: [0xB4000070F68A9420] fetchNewCcBlock: wait fence 0x0xb4000070f692fea0 timed out. ret 110
03-02 00:57:16.256  1507  1507 D SurfaceFlinger: Display 4627039422300187648 HWC layers:
03-02 00:57:16.256  1507  1507 D SurfaceFlinger:   SOLID_COLOR |                        0 | 00000002 | N/A          |    0.0    0.0    0.0    0.0 |    0    0   -1   -1 | Background for 68eb87 SurfaceView[co[...]weme.splash.SplashActivity]@0#155893 (0)
03-02 00:57:16.256  1507  1507 D SurfaceFlinger:   SOLID_COLOR |                        0 | 00000002 | N/A          |    0.0    0.0    0.0    0.0 |    0    0   -1   -1 | Background for 7086fb SurfaceView[co[...]weme.splash.SplashActivity]@0#155896 (0)
03-02 00:57:16.256  1507  1507 D SurfaceFlinger:   SOLID_COLOR |                        0 | 00000002 | N/A          |    0.0    0.0    0.0    0.0 |    0    0   -1   -1 | Background for 836459b SurfaceView[c[...]weme.splash.SplashActivity]@0#155899 (0)
03-02 00:57:16.256  1507  1507 D SurfaceFlinger:        CLIENT |           63930588201974 | 00000102 | 0x32315659   |  182.0    0.0  720.0 1280.0 |    0   80  807 2000 | 7086fb SurfaceView[com.zhiliaoapp.mu[...]lash.SplashActivity]@0(BLAST)#155895 (7)
03-02 00:57:16.256  1507  1507 D SurfaceFlinger:        CLIENT |           63930588201952 | 00002100 | RGBA_8888    |  273.0    0.0 1080.0 2340.0 |    0    0 1080 2340 | com.zhiliaoapp.musically/com.ss.andr[...].splash.S
03-02 00:57:16.256  1507  1507 D SurfaceFlinger: plashActivity$_14885#155887 (5)
03-02 00:57:16.256  1507  1507 D SurfaceFlinger:   SOLID_COLOR |                        0 | 00000000 | N/A          |    0.0    0.0    0.0    0.0 |    0    0 1080 2340 | DimTransitionLayer for Surface(name=Task=44866)/@0x397d43b#155914 (0)
03-02 00:57:16.256  1507  1507 D SurfaceFlinger:        DEVICE |           73534135074873 | 00002102 | RGBA_8888    |    0.0    0.0  873.0 2340.0 |  207    0 1080 2340 | com.podcast.app.debug/androidx.activity.ComponentActivity$_17121#155909 (1)
03-02 00:57:16.256  1507  1507 D SurfaceFlinger:        DEVICE |           11793980281878 | 00002100 | RGBA_8888    |    0.0    0.0 1080.0   80.0 |    0    0 1080   80 | StatusBar$_2746#117 (210990)
03-02 00:57:16.256  1507  1507 D SurfaceFlinger:        DEVICE |           13752485304097 | 00002100 | RGBA_8888    |    0.0    0.0   67.0  346.0 | 1013  454 1080  800 | com.sec.android.app.launcher/com.sam[...].app.CocktailBarService$_3202#152779 (1)
03-02 00:57:16.256  1507  1507 D SurfaceFlinger:        DEVICE |           11793980281862 | 00002100 | RGBA_8888    |    0.0    0.0 1080.0  135.0 |    0 2205 1080 2340 | NavigationBar0$_2746#113 (187656)
03-02 00:57:16.256  1507  1507 D SurfaceFlinger:
03-02 00:57:16.260  2991  3757 I LocationAccessPolicy: checkLocationPermission - callingUid: 10492, callingPid: 14636, result: DENIED_SOFT
03-02 00:57:16.270  1445  2902 W C2MtkBufferManager: [0xB4000070F507E520] fetchNewCcBlock: wait fence 0x0xb4000070f5058270 timed out. ret 110
03-02 00:57:16.276  2013  3648 W system_server: Large reply transaction of 325152 bytes, interface descriptor android.app.IActivityTaskManager, code 26
03-02 00:57:16.279  2013  3648 W ParceledListSlice: Element #30 is 21544 bytes.
03-02 00:57:16.282  1507  1825 I SurfaceFlinger: Capture layer list: 	 com.zhiliaoapp.musically/com.ss.android.ugc.aweme.splash.SplashActivity$_14885#155887(seamlessTransition:0)
03-02 00:57:16.282  1507  1825 I SurfaceFlinger: Capture layer list: 	 DimTransitionLayer for Surface(name=Task=44866)/@0x397d43b#155914(seamlessTransition:0)
03-02 00:57:16.282  1507  1825 I SurfaceFlinger: Capture layer list: 	 com.podcast.app.debug/androidx.activity.ComponentActivity$_17121#155909(seamlessTransition:0)
03-02 00:57:16.296  1445 16865 W C2MtkBufferManager: [0xB4000070F68A9420] fetchNewCcBlock: wait fence 0x0xb4000070f692fea0 timed out. ret 110
03-02 00:57:16.307  5235  5235 I InputMethodService: removeImeSurface
03-02 00:57:16.308  5235  5235 I InputMethodService: cancelImeSurfaceRemoval: removeCallbacks
03-02 00:57:16.308  2013  3645 W ParceledListSlice: Element #30 is 21544 bytes.
03-02 00:57:16.309  5235 12848 I HBD     : a [SKE_SPECIFIC] specific model[com.podcast.app.debug] loaded, 78548385 ns
03-02 00:57:16.318  3202  3202 I HoneySpace.EdgePanel.EdgeVisibilityRepository: getComputedTrayVisible : keyguardState = 1
03-02 00:57:16.319  3202  3202 I HoneySpace.EdgePanel.EdgeVisibilityRepository: updateTrayVisible: State = 0x1, visible = true, current containerState = 0, specificMode = 0
03-02 00:57:16.319  3202  3202 I HoneySpace.EdgePanel.EdgeVisibilityRepository: Same container state 0
03-02 00:57:16.335  1445 16865 W C2MtkBufferManager: [0xB4000070F68A9420] fetchNewCcBlock: wait fence 0x0xb4000070f692fea0 timed out. ret 110
03-02 00:57:16.343  1445  2902 W C2MtkBufferManager: [0xB4000070F507E520] fetchNewCcBlock: wait fence 0x0xb4000070f5058270 timed out. ret 110
03-02 00:57:16.375  1445 16865 W C2MtkBufferManager: [0xB4000070F68A9420] fetchNewCcBlock: wait fence 0x0xb4000070f692fea0 timed out. ret 110
03-02 00:57:16.382  1507  1825 I SurfaceFlinger: Capture layer list: 	 com.zhiliaoapp.musically/com.ss.android.ugc.aweme.splash.SplashActivity$_14885#155887(seamlessTransition:0)
03-02 00:57:16.383  1507  1825 I SurfaceFlinger: Capture layer list: 	 DimTransitionLayer for Surface(name=Task=44866)/@0x397d43b#155914(seamlessTransition:0)
03-02 00:57:16.383  1507  1825 I SurfaceFlinger: Capture layer list: 	 com.podcast.app.debug/androidx.activity.ComponentActivity$_17121#155909(seamlessTransition:0)
03-02 00:57:16.387  1450 18362 I mtkpower_client: perf_lock_rel, hdl:76457, pid: 1450, tid:18362
03-02 00:57:16.388  1450 18362 I mtkpower_client: perf_lock_acq, hdl:0, dur:0, num:2, pid:1450, tid:18362
03-02 00:57:16.388  1464  1529 I libPowerHal: [perfLockRel] hdl:76457, idx:7
03-02 00:57:16.388  1464  1529 I libPowerHal: [set_cpuidle] enable:1, fd:17, scn:0xb40000737b6173c8
03-02 00:57:16.388  1464  1529 I libPowerHal: [PD] vendor.samsung. update cmd:1c3c100 param:1 pr:6
