03-02 00:57:00.028  1444  1808 D MDP     : [PQSession] getDpPqConfig() id[a] enable[1], scenario[1]
03-02 00:57:00.028  1507  1507 D SurfaceFlinger: Display 4627039422300187648 HWC layers:
03-02 00:57:00.028  1507  1507 D SurfaceFlinger:   SOLID_COLOR |                        0 | 00000002 | N/A          |    0.0    0.0    0.0    0.0 |    0    0   -1   -1 | Background for 68eb87 SurfaceView[co[...]weme.splash.SplashActivity]@0#155417 (0)
03-02 00:57:00.028  1507  1507 D SurfaceFlinger:   SOLID_COLOR |                        0 | 00000002 | N/A          |    0.0    0.0    0.0    0.0 |    0    0   -1   -1 | Background for 7086fb SurfaceView[co[...]weme.splash.SplashActivity]@0#155420 (0)
03-02 00:57:00.028  1507  1507 D SurfaceFlinger:   SOLID_COLOR |                        0 | 00000002 | N/A          |    0.0    0.0    0.0    0.0 |    0    0   -1   -1 | Background for 836459b SurfaceView[c[...]weme.splash.SplashActivity]@0#155423 (0)
03-02 00:57:00.028  1507  1507 D SurfaceFlinger:        DEVICE |           63930588201590 | 00000102 | 0x32315659   |    0.0    0.0  720.0 1280.0 |    0   80 1080 2000 | 7086fb SurfaceView[com.zhiliaoapp.mu[...]lash.SplashActivity]@0(BLAST)#155419 (12)
03-02 00:57:00.028  1507  1507 D SurfaceFlinger:        DEVICE |           63930588201560 | 00002100 | RGBA_8888    |    0.0    0.0 1080.0 2340.0 |    0    0 1080 2340 | com.zhiliaoapp.musically/com.ss.andr[...].splash.
03-02 00:57:00.028  1444  1808 D MDP     : [PQSession] getDpPqConfig() enSharp[1] enDC[0] enColor[0] enHDR[0] enHDRVivid[0] enUR[0] enReFocus[0] enCcorr[1] enDRE[0] enHFG[0] enAIPQ[0] enAISDR2HDR[0] enAIRegionPQ[0] mAdaptiveEnable[0]
03-02 00:57:00.028  1507  1507 D SurfaceFlinger: SplashActivity$_14885#155411 (5)
03-02 00:57:00.028  1507  1507 D SurfaceFlinger:        DEVICE |           75299366633484 | 00002102 | RGBA_8888    |    0.0    0.0    0.0    0.0 |    0    0   -1   -1 | com.podcast.app.debug.test/androidx.[...]yInvoker$EmptyActivity$_17532#155404 (1)
03-02 00:57:00.028  1507  1507 D SurfaceFlinger:        DEVICE |           11793980281856 | 00002100 | RGBA_8888    |    0.0    0.0 1080.0   80.0 |    0    0 1080   80 | StatusBar$_2746#117 (210895)
03-02 00:57:00.028  1507  1507 D SurfaceFlinger:        DEVICE |           13752485304097 | 00002100 | RGBA_8888    |    0.0    0.0   67.0  346.0 | 1013  454 1080  800 | com.sec.android.app.launcher/com.sam[...].app.CocktailBarService$_3202#152779 (1)
03-02 00:57:00.028  1507  1507 D SurfaceFlinger:        DEVICE |           11793980281853 | 00002100 | RGBA_8888    |    0.0    0.0 1080.0  135.0 |    0 2205 1080 2340 | NavigationBar0$_2746#113 (187341)
03-02 00:57:00.028  1507  1507 D SurfaceFlinger:
03-02 00:57:00.028  1444  1808 D AAL     : [PQEngineInterface] DpEngineTDSHPConfigFrame(0) tdshpEnable(1) enSharp(1) enDC(0) enHFG(0)
03-02 00:57:00.028  1444  1808 D MDP     : PQSession:setPipeNum m_PipeNum[1] value[1] ID[a] DCPath[0] DCDone[0] addr[732261df]
03-02 00:57:00.028  1444  1808 D AAL     : [PQEngineInterface] DpEngineTDSHPConfigFrame(0) adl_enable = 0
03-02 00:57:00.028  1444  1808 D PQ      : [PQHFGConfig] PQHFGConfig::isEnabled = 2
03-02 00:57:00.028  1444  1808 D MDP     : [PQSession] getDpPqConfig() id[a] enable[1], scenario[1]
03-02 00:57:00.028  1444  1808 D MDP     : [PQSession] getDpPqConfig() enSharp[1] enDC[0] enColor[0] enHDR[0] enHDRVivid[0] enUR[0] enReFocus[0] enCcorr[1] enDRE[0] enHFG[0] enAIPQ[0] enAISDR2HDR[0] enAIRegionPQ[0] mAdaptiveEnable[0]
03-02 00:57:00.028  1444  1808 D AAL     : [PQEngineInterface] DpEngineTDSHPConfigFrame(0) hfg_enable = 0
03-02 00:57:00.028  1444  1808 D AAL     : PQEngineInterface] DpEngineTDSHPConfigFrame(0) shp_enable = 0
03-02 00:57:00.028 10943 10943 I DolbyAtmosWrapper: getProfile() : for dolby atmos, 2
03-02 00:57:00.029 10943 10943 I AudioManager: setParameters keyValuePairs = g_effect_dolby_enable=0;g_effect_dolby_profile=5
03-02 00:57:00.029  1444  1808 D MDP     : [PQSessionManager] PQSessionManager::getPQSession id[a]
03-02 00:57:00.029  1444  1808 D MDP     : [PQSessionManager] getPQSessionListHandle id[a]
03-02 00:57:00.029  1444  1808 D MDP     : [PQSessionManager] getPQSessionListHandle, find id[a]
03-02 00:57:00.029  1444  1808 D MDP     : [PQSession] getDpPqConfig() id[a] enable[1], scenario[1]
03-02 00:57:00.029  1444  1808 D MDP     : [PQSession] getDpPqConfig() enSharp[1] enDC[0] enColor[0] enHDR[0] enHDRVivid[0] enUR[0] enReFocus[0] enCcorr[1] enDRE[0] enHFG[0] enAIPQ[0] enAISDR2HDR[0] enAIRegionPQ[0] mAdaptiveEnable[0]
03-02 00:57:00.029  1444  1808 W AAL     : DpEngine_AAL: relay 1
03-02 00:57:00.029  1444  1808 D AAL     : [PQEngineInterface] DpEngineTDSHPConfigTile(0) InpSize: 807, 1920, OutSize: 807, 1920
03-02 00:57:00.029  1444  1808 D MDP     : [PQSessionManager] PQSessionManager::getPQSession id[a]
03-02 00:57:00.029  1444  1808 D MDP     : [PQSessionManager] getPQSessionListHandle id[a]
03-02 00:57:00.029  1444  1808 D MDP     : [PQSessionManager] getPQSessionListHandle, find id[a]
03-02 00:57:00.029  1444  1808 D PQ      : [PQHFGConfig] PQHFGConfig::isEnabled = 2
03-02 00:57:00.029  1444  1808 D MDP     : [PQSession] getDpPqConfig() id[a] enable[1], scenario[1]
03-02 00:57:00.029  1444  1808 D MDP     : [PQSession] getDpPqConfig() enSharp[1] enDC[0] enColor[0] enHDR[0] enHDRVivid[0] enUR[0] enReFocus[0] enCcorr[1] enDRE[0] enHFG[0] enAIPQ[0] enAISDR2HDR[0] enAIRegionPQ[0] mAdaptiveEnable[0]
03-02 00:57:00.029  1444  1808 D AAL     : [PQEngineInterface] DpEngineAALCongTile(0) MDP_aal_size = 36177152
03-02 00:57:00.029  1444  1808 D AAL     : [PQEngineInterface(1791345034)::MDP_AAL_output_offset = 0
03-02 00:57:00.029  1444  1808 D AAL     : [PQEngineInterface] DpEngineAALCongTile(0) MDP_AAL_output_size = 35652864
03-02 00:57:00.029  1444  1808 D AAL     : [PQEngineInterface] DpEngineAALCongTile(0) inTileXRight = 551, inTileXLeft = 0
03-02 00:57:00.029  1444  1808 D AAL     : [PQEngineInterface] DpEngineAALCongTile(0) inTileYBottom = 543, inTileYTop = 0
03-02 00:57:00.029  1444  1808 D AAL     : [PQEngineInterface] DpEngineAALCongTile(0) outTileXRight = 1279, outTileXLeft = 0
03-02 00:57:00.029  1444  1808 D AAL     : [PQEngineInterface] DpEngineAALCongTile(0) m_outTileYBottom = 1279, m_outTileYTop = 0
03-02 00:57:00.029  1444  1808 D MDP     : [PQSessionManager] PQSessionManager::getPQSession id[a]
03-02 00:57:00.029  1444  1808 D MDP     : [PQSessionManager] getPQSessionListHandle id[a]
03-02 00:57:00.029  1444  1808 D MDP     : [PQSessionManager] getPQSessionListHandle, find id[a]
03-02 00:57:00.029  1444  1808 D AAL     : [PQEngineInterface] DpEngineAALCongTile(0)cropOffset[X, Y]=[1, 0], crop[Wid, Hei]=[0, 720]
03-02 00:57:00.029  1444  1808 D MDP     : [PQSessionManager] PQSessionManager::getPQSession id[a]
03-02 00:57:00.029  1444  1808 D MDP     : [PQSessionManager] getPQSessionListHandle id[a]
03-02 00:57:00.029  1444  1808 D MDP     : [PQSessionManager] getPQSessionListHandle, find id[a]
03-02 00:57:00.029  1444  1808 D AAL     : [PQEngineInterface] DpEngineHDRConfigTile(0) outTileXLeft = 0, outTileXRight = 551
03-02 00:57:00.029  1444  1808 D AAL     : [PQEngineInterface] DpEngineHDRConfigTile(0) inTileXLeft = 0, inTileXRight = 551
03-02 00:57:00.029  1444  1808 D AAL     : [PQEngineInterface] DpEngineHDRConfigTile(0) HDR_out_start_x = 0, HDR_out_end_x = 551, src h: 552,v: 1280
03-02 00:57:00.029  1444  1808 D AAL     : [PQEngineInterface] DpEngineHDRConfigTile(0) HDR_hist_end_x = 0, HDR_hist_begin_x = 0
03-02 00:57:00.029  1444  1808 D AAL     : [PQEngineInterface] DpEngineHDRConfigTile(0) HDR_first_tile = 0, HDR_last_tile = 0
03-02 00:57:00.029  1444  1808 D AAL     : [PQEngineInterface] DpEngineHDRConfigTile(0) inFrameWidth = 720 , middlePosX = 0
03-02 00:57:00.029  1484  1567 V APM_AudioPolicyManager: setAudioPolicyConfig: g_effect_dolby_enable=0;g_effect_dolby_profile=5
03-02 00:57:00.029  1444  1808 D AAL     : [PQEngineInterface] DpEngineTDSHPConfigTile(0) InpSize: 274, 1920, OutSize: 274, 1920
03-02 00:57:00.029  1444  1808 D MDP     : [PQSessionManager] PQSessionManager::getPQSession id[a]
03-02 00:57:00.029  1444  1808 D MDP     : [PQSessionManager] getPQSessionListHandle id[a]
03-02 00:57:00.029  1444  1808 D MDP     : [PQSessionManager] getPQSessionListHandle, find id[a]
03-02 00:57:00.029  1444  1808 D PQ      : [PQHFGConfig] PQHFGConfig::isEnabled = 2
03-02 00:57:00.029  1444  1808 D MDP     : [PQSession] getDpPqConfig() id[a] enable[1], scenario[1]
03-02 00:57:00.029  1444  1808 D MDP     : [PQSession] getDpPqConfig() enSharp[1] enDC[0] enColor[0] enHDR[0] enHDRVivid[0] enUR[0] enReFocus[0] enCcorr[1] enDRE[0] enHFG[0] enAIPQ[0] enAISDR2HDR[0] enAIRegionPQ[0] mAdaptiveEnable[0]
03-02 00:57:00.029  1444  1808 D AAL     : [PQEngineInterface] DpEngineAALCongTile(0) MDP_aal_size = 12715264
03-02 00:57:00.029  1444  1808 D AAL     : [PQEngineInterface(1791345034)::MDP_AAL_output_offset = 0
03-02 00:57:00.029  1444  1808 D AAL     : [PQEngineInterface] DpEngineAALCongTile(0) MDP_AAL_output_size = 12190976
03-02 00:57:00.029  1444  1808 D AAL     : [PQEngineInterface] DpEngineAALCongTile(0) inTileXRight = 719, inTileXLeft = 526
03-02 00:57:00.029  1444  1808 D AAL     : [PQEngineInterface] DpEngineAALCongTile(0) inTileYBottom = 719, inTileYTop = 0
03-02 00:57:00.029  1444  1808 D AAL     : [PQEngineInterface] DpEngineAALCongTile(0) outTileXRight = 1279, outTileXLeft = 534
03-02 00:57:00.029  1444  1808 D AAL     : [PQEngineInterface] DpEngineAALCongTile(0) m_outTileYBottom = 1279, m_outTileYTop = 0
03-02 00:57:00.029  1444  1808 D MDP     : [PQSessionManager] PQSessionManager::getPQSession id[a]
03-02 00:57:00.029  1444  1808 D MDP     : [PQSessionManager] getPQSessionListHandle id[a]
03-02 00:57:00.029  1444  1808 D MDP     : [PQSessionManager] getPQSessionListHandle, find id[a]
03-02 00:57:00.029  1444  1808 D AAL     : [PQEngineInterface] DpEngineAALCongTile(0)cropOffset[X, Y]=[1, 0], crop[Wid, Hei]=[0, 720]
03-02 00:57:00.029  1444  1808 D MDP     : [PQSessionManager] PQSessionManager::getPQSession id[a]
03-02 00:57:00.029  1444  1808 D MDP     : [PQSessionManager] getPQSessionListHandle id[a]
03-02 00:57:00.029  1444  1808 D MDP     : [PQSessionManager] getPQSessionListHandle, find id[a]
03-02 00:57:00.029  1444  1808 D AAL     : [PQEngineInterface] DpEngineHDRConfigTile(0) outTileXLeft = 526, outTileXRight = 719
03-02 00:57:00.029  1444  1808 D AAL     : [PQEngineInterface] DpEngineHDRConfigTile(0) inTileXLeft = 526, inTileXRight = 719
03-02 00:57:00.029  1444  1808 D AAL     : [PQEngineInterface] DpEngineHDRConfigTile(0) HDR_out_start_x = 0, HDR_out_end_x = 193, src h: 194,v: 1280
03-02 00:57:00.029  1444  1808 D AAL     : [PQEngineInterface] DpEngineHDRConfigTile(0) HDR_hist_end_x = 0, HDR_hist_begin_x = 0
03-02 00:57:00.029  1444  1808 D AAL     : [PQEngineInterface] DpEngineHDRConfigTile(0) HDR_first_tile = 0, HDR_last_tile = 0
03-02 00:57:00.029  1444  1808 D AAL     : [PQEngineInterface] DpEngineHDRConfigTile(0) inFrameWidth = 720 , middlePosX = 0
03-02 00:57:00.029  1444  1808 D MDP     : [PQSessionManager] PQSessionManager::getPQSession id[a]
03-02 00:57:00.029  1444  1808 D MDP     : [PQSessionManager] getPQSessionListHandle id[a]
03-02 00:57:00.029  1444  1808 D MDP     : [PQSessionManager] getPQSessionListHandle, find id[a]
03-02 00:57:00.029  1444  1808 D MDP     : [PQSessionManager] PQSessionManager::getPQSession id[a]
03-02 00:57:00.029  1444  1808 D MDP     : [PQSessionManager] getPQSessionListHandle id[a]
03-02 00:57:00.029  1444  1808 D MDP     : [PQSessionManager] getPQSessionListHandle, find id[a]
03-02 00:57:00.030  1445 16865 W C2MtkBufferManager: [0xB4000070F68A9420] fetchNewCcBlock: wait fence 0x0xb4000070f692fea0 timed out. ret 110
03-02 00:57:00.030  1484  1567 D DlbSpatializerEffectContext: setParam() received parameter SPATIALIZER_PARAM_ENABLE
03-02 00:57:00.030  1484  1567 D DlbEffectContext: setParam() received parameter EFFECT_PARAM_ENABLE
03-02 00:57:00.030  1484  1567 I AudioEffectExtendAction: Non Spatialized stage -2107, disable content proc
03-02 00:57:00.030  1484  1567 D DlbEffectContext: setContentProcEnabled(enabled=0)
03-02 00:57:00.030  1484  1567 D DlbEffectContext: setParam() received parameter EFFECT_PARAM_ENABLE
03-02 00:57:00.030  1484  1567 D DlbEffectContext: setParam() received parameter EFFECT_PARAM_ENABLE
03-02 00:57:00.030  1484  1567 D DlbEffectContext: setParam() received parameter EFFECT_PARAM_ENABLE
03-02 00:57:00.030 10943 10943 I DolbyAtmosWrapper: setProfileEnabled() : for dolby atmos, false
03-02 00:57:00.031  1484 15560 D DlbEffectContext: setParam() received parameter EFFECT_PARAM_PROFILE
03-02 00:57:00.031  1484 15560 D DlbEffectContext: setProfile(profile=5) stageIdx:-2102
03-02 00:57:00.031  1484 15560 D DlbEffectContext: setParam() received parameter EFFECT_PARAM_PROFILE
03-02 00:57:00.031  1484 15560 D DlbEffectContext: setProfile(profile=5) stageIdx:-2107
03-02 00:57:00.031  1484 15560 D DlbProfileParamCache: setProfile(profile=5)
03-02 00:57:00.031  1484 15560 D DlbProfileParamArray: getProfileParams(profile = 5)
03-02 00:57:00.031  1484 15560 D DlbEndpointParamCache: commitChangedParams()
03-02 00:57:00.031  1484 15560 D DlbEndpointParamCache: commit() Applying parameters for device 0x40000000
03-02 00:57:00.031  1484 15560 D DlbDap2Process: setParam(iea = #1[0])
03-02 00:57:00.031  1484 15560 D DlbDap2Process: setParam(rvsa = #1[0])
03-02 00:57:00.031  1484 15560 D DlbDap2Process: setParam(msce = #1[0])
03-02 00:57:00.031  1484 15560 D DlbDap2Process: setParam(mdee = #1[0])
03-02 00:57:00.031  1484 15560 D DlbDap2Process: setParam(miee = #1[0])
03-02 00:57:00.031  1484 15560 D DlbDap2Process: setParam(mdle = #1[0])
03-02 00:57:00.031  1484 15560 D DlbDap2Process: setParam(dvme = #1[0])
03-02 00:57:00.031  1484 15560 D DlbDap2Process: setParam(rvse = #1[0])
03-02 00:57:00.031  1484 15560 D DlbDap2Process: setMave(mave = 0)
03-02 00:57:00.031  1484 15560 D DlbDap2Process: setParam(ieon = #1[0])
03-02 00:57:00.031  1484 15560 D DlbEndpointParamCache: doCommit() Committed 10 parameters out of 13.
03-02 00:57:00.031  1484 15560 D DlbEndpointParamCache: commit() Overriding parameters for current device 0x00000002
03-02 00:57:00.031  1484 15560 D DlbDap2Process: setParam(dea = #1[0])
03-02 00:57:00.031  1484 15560 D DlbDap2Process: setParam(plb = #1[0])
03-02 00:57:00.031  1484 15560 D DlbDap2Process: setParam(vmb = #1[0])
03-02 00:57:00.031  1484 15560 D DlbDap2Process: setParam(dsb = #1[0])
03-02 00:57:00.031  1484 15560 D DlbDap2Process: setParam(ded = #1[0])
03-02 00:57:00.031  1484 15560 D DlbDap2Process: setParam(hte = #1[0])
03-02 00:57:00.031  1484 15560 D DlbDap2Process: setSystemGain(vol = 0)
03-02 00:57:00.031  1484 15560 D DlbDap2Process: Got DAP mix matrix (length=12) for processing mode 10
03-02 00:57:00.031  1484 15560 D DlbDap2Process: Got DAP mix matrix (length=16) for processing mode 11
03-02 00:57:00.031  1484 15560 D DlbDap2Process: setParam(dom = #35[0, 0, 1, 10, 12, 16384, 0, 0, 16384, 11583, 11583, 8192, 8192, 16384, 0, 0, 16384, 11, 16, 16384, 0, 0, 16384, 11583, 11583, 8192, 8192, 16384, 0, 0, 16384, 16384, 0, 0, 16384])
03-02 00:57:00.031  1484 15560 D DlbDap2Process: setParam(hvm = #1[2])
03-02 00:57:00.031  1484 15560 D DlbDap2Process: setParam(svm = #1[2])
03-02 00:57:00.031  1484 15560 D DlbDap2Process: setParam(sdfa = #1[2])
03-02 00:57:00.031  1484 15560 D DlbDap2Process: setParam(dvla = #1[0])
03-02 00:57:00.031  1484 15560 D DlbDap2Process: setParam(hlra = #1[45])
03-02 00:57:00.031  1484 15560 D DlbDap2Process: setParam(avsb = #1[6])
03-02 00:57:00.031  1484 15560 D DlbDap2Process: setParam(hvrc = #8[103, 32568, 11164, 5090, 0, 3, 3, 3])
03-02 00:57:00.031  1484 15560 D DlbDap2Process: setParam(svrc = #8[103, 32568, 6698, 5090, 0, 3, 3, 3])
03-02 00:57:00.032  1484 15560 D DlbDap2Process: setParam(vssd = #1[4])
03-02 00:57:00.032  1484 15560 D DlbDap2Process: setParam(mvbe = #1[0])
03-02 00:57:00.032  1484 15560 D DlbDap2Process: setParam(bmde = #1[0])
03-02 00:57:00.032  1484 15560 D DlbDap2Process: setParam(dvle = #1[0])
03-02 00:57:00.032  1484 15560 D DlbDap2Process: setParam(dvli = #1[-256])
03-02 00:57:00.032  1484 15560 D DlbDap2Process: setParam(vbon = #1[0])
03-02 00:57:00.032  1484 15560 D DlbDap2Process: setParam(vbm = #1[0])
03-02 00:57:00.032  1484 15560 D DlbDap2Process: setParam(beon = #1[0])
03-02 00:57:00.032  1484 15560 D DlbDap2Process: setParam(deon = #1[0])
03-02 00:57:00.032  1484 15560 D DlbDap2Process: setParam(geon = #1[0])
03-02 00:57:00.032  1507  1507 I BufferQueueProducer: [NavigationBar0$_2746#113](this:0xb400007a17b59e38,id:-1,api:0,p:-1,c:1507) queueBuffer: fps=16.08 dur=1430.40 max=654.23 min=8.36
03-02 00:57:00.032  1484 15560 D DlbDap2Process: setParam(ngon = #1[0])
03-02 00:57:00.032  1484 15560 D DlbDap2Process: setParam(dvlo = #1[-272])
03-02 00:57:00.032  1484 15560 D DlbDap2Process: setParam(dplp = #1[256])
03-02 00:57:00.032  1484 15560 D DlbEndpointParamCache: doCommit() Committed 30 parameters out of 60.
03-02 00:57:00.032  1484 15560 D DlbEndpointParamCache: commitChangedParams()
03-02 00:57:00.032  1484 15560 D DlbEndpointParamCache: commit() Applying parameters for device 0x40000000
03-02 00:57:00.032  1484 15560 D DlbEndpointParamCache: doCommit() Committed 0 parameters out of 13.
03-02 00:57:00.032  1484 15560 D DlbEndpointParamCache: commit() Overriding parameters for current device 0x00000002
03-02 00:57:00.032  1484 15560 D DlbEndpointParamCache: doCommit() Committed 0 parameters out of 60.
03-02 00:57:00.032  1484 15560 D DlbEffectContext: setParam() received parameter EFFECT_PARAM_PROFILE
03-02 00:57:00.032  1484 15560 D DlbEffectContext: setProfile(profile=5) stageIdx:-2902
03-02 00:57:00.032  1484 15560 D DlbEffectContext: setParam() received parameter EFFECT_PARAM_PROFILE
03-02 00:57:00.032  1484 15560 D DlbEffectContext: setProfile(profile=5) stageIdx:-29002
03-02 00:57:00.032 10943 10943 I DolbyAtmosWrapper: setProfile() : for dolby atmos, 5
03-02 00:57:00.032 10943 10943 I AudioPathManager: loadAudioPath() : loaded audio path is speaker (0)
03-02 00:57:00.032 10943 10943 I EffectManager: setEffectDolbyAtmos() : enable is false, mode is off (5)
03-02 00:57:00.032 10943 10943 I EffectManager: setEffectDolbyAtmos() : concert hall will be restored as 0
03-02 00:57:00.034 25915 26075 I Rubin   : [4019] M.c0.k(Unknown Source) : Notify com.samsung.android.rubin.inferenceengine.contextanalytics.engine.loggers.AppUsageLogger's database is updated.
03-02 00:57:00.034  1439 32089 I SoundAlive_Interface_a64: [ 0 ][ 48000 ]Set_User_CH() : 0
03-02 00:57:00.034  1484 15560 I SoundAlive_Interface_a64: [ 0 ][ 48000 ]Set_User_CH() : 0
03-02 00:57:00.034  1484 15560 I SoundAlive_Interface_a64: [ 1 ][ 48000 ]Set_User_CH() : 0
03-02 00:57:00.034 10943 10943 I SoundAliveWrapper: setStrength() : type is concert hall (3), strength is 0
03-02 00:57:00.034 10943 10943 I EffectManager: isSupportDolbyAtmosOnThisAudioPath() : path is speaker (0)
03-02 00:57:00.034 10943 10943 I AudioPathManager: loadAudioPath() : loaded audio path is speaker (0)
03-02 00:57:00.034 10943 10943 I EffectManager: isSupportDolbyAtmosOnThisAudioPath() : path is speaker (0)
03-02 00:57:00.034 10943 10943 I AudioManager: setParameters keyValuePairs = g_effect_game_dolby_enable=0
03-02 00:57:00.034  1444  1809 D MDP     : [PQSessionManager] PQSessionManager::getPQSession id[a]
03-02 00:57:00.035  1444  1809 D MDP     : [PQSessionManager] getPQSessionListHandle id[a]
03-02 00:57:00.035  1444  1809 D MDP     : [PQSessionManager] getPQSessionListHandle, find id[a]
03-02 00:57:00.035  1484 15560 V APM_AudioPolicyManager: setAudioPolicyConfig: g_effect_game_dolby_enable=0
03-02 00:57:00.035  1444  1809 D MDP     : [PQSessionManager] findVideoID[f6840820] found on index a
03-02 00:57:00.035  1484 15560 D DlbEffectContext: setParam() received parameter EFFECT_PARAM_ENABLE
03-02 00:57:00.035  1484 15560 D DlbEffectContext: setParam() received parameter EFFECT_PARAM_ENABLE
03-02 00:57:00.035 10943 10943 I DolbyAtmosWrapper: setProfileEnabled() : for dolby atmos for gaming, false
03-02 00:57:00.036  1484  1567 D DlbEffectContext: setParam() received parameter EFFECT_PARAM_PROFILE
03-02 00:57:00.036  1484  1567 D DlbEffectContext: setProfile(profile=5) stageIdx:-29003
03-02 00:57:00.036  1484  1567 D DlbEffectContext: setParam() received parameter EFFECT_PARAM_PROFILE
03-02 00:57:00.036  1484  1567 D DlbEffectContext: setProfile(profile=5) stageIdx:-29004
03-02 00:57:00.036  2013  4843 I SemDvfsHyPerManager: acquire hyper - AMS_RESUME_TAIL/2013@18, type = -999
03-02 00:57:00.036  2013  4843 I SemDvfsHyPerManager: acquire hyper - AMS_ACT_LAZY/2013@19, type = -999
03-02 00:57:00.036  1464  1492 I mtkpower@impl: [setMode] type:5, enabled:0
03-02 00:57:00.036  1450  1487 I HYPER-HAL: [RequestManager.cpp]acquire(): Acquired ID : 2063514  [2013 / 18]    HINT : AMS_RESUME_TAIL    list :
03-02 00:57:00.037  1450  1487 I mtkpower_client: perf_lock_rel, hdl:76269, pid: 1450, tid:1487
03-02 00:57:00.037  1450  1487 I mtkpower_client: perf_lock_acq, hdl:0, dur:0, num:2, pid:1450, tid:1487
03-02 00:57:00.037  1464  1529 I libPowerHal: [perfLockRel] hdl:76269, idx:7
03-02 00:57:00.038 10943 10943 I DolbyAtmosWrapper: setProfile() : for dolby atmos for gaming, 5
03-02 00:57:00.038  1464  1529 I libPowerHal: [set_cpuidle] enable:1, fd:17, scn:0xb40000737b6173c8
03-02 00:57:00.038  1464  1529 I libPowerHal: [PD] vendor.samsung. update cmd:1c3c100 param:1 pr:6
03-02 00:57:00.038  1464  1529 I libPowerHal: [perfLockRel] Done for hdl : 76269
03-02 00:57:00.039 10943 10943 I AudioPathManager: loadAudioPath() : loaded audio path is speaker (0)
03-02 00:57:00.039 10943 10943 I RestrictModeUtil: isOwnerMode() : user id is 0
03-02 00:57:00.039 10943 10943 E RestrictModeUtil: isDexMode() : desktop mode manager is null, so it can't be decided
03-02 00:57:00.039 10943 10943 I RestrictModeUtil: isAdaptSoundTestMode() : adaptsound test mode is false
03-02 00:57:00.039  1450  1487 I mtkpower_client: ret_hdl:76273
03-02 00:57:00.039  1450  1487 I mtkpower_client: perf_lock_rel, hdl:76271, pid: 1450, tid:1487
03-02 00:57:00.039  1464  1529 I libPowerHal: [perfLockAcq] idx:7 hdl:76273 hint:-1 pid:1450 tid:1487 duration:0 lock_user:vendor.samsung. => ret_hdl:76273
03-02 00:57:00.040  1464  1529 I libPowerHal: [set_cpuidle] enable:0, fd:17, scn:0xb40000737b6173c8
03-02 00:57:00.040  1464  1529 I libPowerHal: [get_cpu_dma_latency_value] 0
03-02 00:57:00.040  1464  1529 I libPowerHal: [PE] vendor.samsung. update cmd:1c3c100 param:0 pr:3
03-02 00:57:00.040  1464  1529 I libPowerHal: [perfLockAcq] Done for hdl : 76273
03-02 00:57:00.040  1439 32089 W EffectOffloadContext: offload_param_dump()
03-02 00:57:00.040  1507  1907 I SurfaceFlinger: id=155439 createSurf, flag=84000, 2e35ad3 ActivityRecordInputSink com.podcast.app.debug/androidx.activity.ComponentActivity#155439
03-02 00:57:00.040  1439 32089 I SoundAlive_Interface_a64: [ 0 ][ 48000 ]Set_USER_EQ() : 0, 0, 0, 0, 0, 0, 0, 0, 0
03-02 00:57:00.040  1450  1487 I mtkpower_client: perf_lock_acq, hdl:0, dur:0, num:2, pid:1450, tid:1487
03-02 00:57:00.040  1484  1567 I SoundAlive_Interface_a64: [ 0 ][ 48000 ]Set_USER_EQ() : 0, 0, 0, 0, 0, 0, 0, 0, 0
03-02 00:57:00.040  1484  1567 I SoundAlive_Interface_a64: [ 1 ][ 48000 ]Set_USER_EQ() : 0, 0, 0, 0, 0, 0, 0, 0, 0
03-02 00:57:00.041 10943 10943 I SoundAliveWrapper: setEqualizer() : preset is balanced (0), levels for 9 bands are 0 0 0 0 0 0 0 0 0
03-02 00:57:00.041 10943 10943 I EffectManager: updateUHQUpscalerState() : this device doesn't support uhq upscaler
03-02 00:57:00.041 10943 10943 I AudioPathManager: loadAudioPath() : loaded audio path is speaker (0)
03-02 00:57:00.041 10943 10943 I EffectManager: isSupportVolumeNormalizationOnCurrentAudioPath() : path is speaker (0)
03-02 00:57:00.041 10943 10943 I AudioPathManager: loadAudioPath() : loaded audio path is speaker (0)
03-02 00:57:00.041 10943 10943 I EffectManager: setEffectVolumeNormalization() : mode is 0, current profile is 5
03-02 00:57:00.041 10943 10943 I EffectManager: isSpatialAudioActive() : mode is off (0)
03-02 00:57:00.041 10943 10943 I AudioManager: setParameters keyValuePairs = g_effect_dolby_volume_leveler=-1
03-02 00:57:00.041  1464  1529 I libPowerHal: [perfLockRel] hdl:76271, idx:5
03-02 00:57:00.042  1464  1529 I libPowerHal: [PD] vendor.samsung. update cmd:1000000 param:-1 pr:6
03-02 00:57:00.042  1464  1529 I libPowerHal: [perfLockRel] Done for hdl : 76271
03-02 00:57:00.043  1507  1507 I SurfaceFlinger: [2e35ad3 ActivityRecordInputSink com.podcast.app.debug/androidx.activity.ComponentActivity#155439] attach to parent LayerHierarchy{RequestedLayerState{ActivityRecord{121980169 u0 com.podcast.app.debug/androidx.activity.ComponentActivity t44846}#155431 parentId=155430} 3 children}
03-02 00:57:00.043  1450  1487 I mtkpower_client: ret_hdl:76274
03-02 00:57:00.043  1464  1529 I libPowerHal: [perfLockAcq] idx:8 hdl:76274 hint:-1 pid:1450 tid:1487 duration:0 lock_user:vendor.samsung. => ret_hdl:76274
03-02 00:57:00.043  1450  1487 I mtkpower_client: perf_lock_rel, hdl:76274, pid: 1450, tid:1487
03-02 00:57:00.043  1464  1529 I libPowerHal: [setDvfsrcDevFreqOpp] opp:0, freq:4266000000
03-02 00:57:00.043  1464  1529 I libPowerHal: [PE] vendor.samsung. update cmd:1000000 param:0 pr:3
03-02 00:57:00.043  1464  1529 I libPowerHal: [perfLockAcq] Done for hdl : 76274
03-02 00:57:00.044  1450  1487 I mtkpower_client: perf_lock_acq, hdl:0, dur:0, num:2, pid:1450, tid:1487
03-02 00:57:00.044  1464  1529 I libPowerHal: [perfLockRel] hdl:76274, idx:8
03-02 00:57:00.044  1484  1567 V APM_AudioPolicyManager: setAudioPolicyConfig: g_effect_dolby_volume_leveler=-1
03-02 00:57:00.044  1484  1567 I SecAudioParamPolicy: g_effect_dolby_volume_leveler: 0
03-02 00:57:00.045  1464  1529 I libPowerHal: [PD] vendor.samsung. update cmd:1000000 param:-1 pr:6
03-02 00:57:00.045 10943 10943 I AudioManager: setParameters keyValuePairs = g_effect_dolby_enable=0;g_effect_dolby_profile=5
03-02 00:57:00.045  1464  1529 I libPowerHal: [perfLockRel] Done for hdl : 76274
03-02 00:57:00.046  1484  1567 V APM_AudioPolicyManager: setAudioPolicyConfig: g_effect_dolby_enable=0;g_effect_dolby_profile=5
03-02 00:57:00.046  1450  1487 I mtkpower_client: ret_hdl:76275
03-02 00:57:00.046  1450  1487 I mtkpower_client: perf_lock_rel, hdl:76272, pid: 1450, tid:1487
03-02 00:57:00.046  1464  1529 I libPowerHal: [perfLockAcq] idx:5 hdl:76275 hint:-1 pid:1450 tid:1487 duration:0 lock_user:vendor.samsung. => ret_hdl:76275
03-02 00:57:00.046  1464  1529 I libPowerHal: [setDvfsrcDevFreqOpp] opp:0, freq:4266000000
03-02 00:57:00.046  1464  1529 I libPowerHal: [PE] vendor.samsung. update cmd:1000000 param:0 pr:3
03-02 00:57:00.046  1464  1529 I libPowerHal: [perfLockAcq] Done for hdl : 76275
03-02 00:57:00.047  1450  1487 I mtkpower_client: perf_lock_acq, hdl:0, dur:0, num:2, pid:1450, tid:1487
03-02 00:57:00.047  1464  1529 I libPowerHal: [perfLockRel] hdl:76272, idx:2
03-02 00:57:00.047  1464  1529 I libPowerHal: [PD] vendor.samsung. update cmd:400000 param:-1 pr:6
03-02 00:57:00.048  1464  1529 I libPowerHal: [recordCPUFreqInfo] set cluster[0] min(-1): -1 max(-1): -1 cluster[1] min(-1): -1 max(-1): -1
03-02 00:57:00.048  1464  1529 I libPowerHal: [perfLockRel] Done for hdl : 76272
03-02 00:57:00.048  1450  1487 I mtkpower_client: ret_hdl:76276
03-02 00:57:00.049  1450  1487 I HYPER-HAL: [RequestManager.cpp]releaseLocked(): Released ID : 2067581
03-02 00:57:00.049  1464  1529 I libPowerHal: [perfLockAcq] idx:2 hdl:76276 hint:-1 pid:1450 tid:1487 duration:0 lock_user:vendor.samsung. => ret_hdl:76276
03-02 00:57:00.049  1464  1529 I libPowerHal: [PE] vendor.samsung. update cmd:400000 param:2000000 pr:3
03-02 00:57:00.049  1464  1529 I libPowerHal: [recordCPUFreqInfo] set cluster[0] min(vendor.samsung.): 2000000 max(-1): -1 cluster[1] min(-1): -1 max(-1): -1
03-02 00:57:00.049  1464  1529 I libPowerHal: [perfLockAcq] Done for hdl : 76276
03-02 00:57:00.050  2013  4843 W ParceledListSlice: Element #30 is 21544 bytes.
03-02 00:57:00.050  1484  1567 D DlbSpatializerEffectContext: setParam() received parameter SPATIALIZER_PARAM_ENABLE
03-02 00:57:00.050  1484  1567 D DlbEffectContext: setParam() received parameter EFFECT_PARAM_ENABLE
03-02 00:57:00.050  1484  1567 I AudioEffectExtendAction: Non Spatialized stage -2107, disable content proc
03-02 00:57:00.050  1484  1567 D DlbEffectContext: setContentProcEnabled(enabled=0)
03-02 00:57:00.050  1484  1567 D DlbEffectContext: setParam() received parameter EFFECT_PARAM_ENABLE
03-02 00:57:00.050  1484  1567 D DlbEffectContext: setParam() received parameter EFFECT_PARAM_ENABLE
03-02 00:57:00.050  1484  1567 D DlbEffectContext: setParam() received parameter EFFECT_PARAM_ENABLE
03-02 00:57:00.050 10943 10943 I DolbyAtmosWrapper: setProfileEnabled() : for dolby atmos, false
03-02 00:57:00.050  1484 15560 D DlbEffectContext: setParam() received parameter EFFECT_PARAM_PROFILE
03-02 00:57:00.050  1484 15560 D DlbEffectContext: setProfile(profile=5) stageIdx:-2102
03-02 00:57:00.050  1484 15560 D DlbEffectContext: setParam() received parameter EFFECT_PARAM_PROFILE
03-02 00:57:00.050  1484 15560 D DlbEffectContext: setProfile(profile=5) stageIdx:-2107
03-02 00:57:00.051  1484 15560 D DlbProfileParamCache: setProfile(profile=5)
03-02 00:57:00.051  1484 15560 D DlbProfileParamArray: getProfileParams(profile = 5)
03-02 00:57:00.051  1484 15560 D DlbEndpointParamCache: commitChangedParams()
03-02 00:57:00.051  1484 15560 D DlbEndpointParamCache: commit() Applying parameters for device 0x40000000
03-02 00:57:00.051  1484 15560 D DlbDap2Process: setParam(iea = #1[0])
03-02 00:57:00.051  1484 15560 D DlbDap2Process: setParam(rvsa = #1[0])
03-02 00:57:00.051  1484 15560 D DlbDap2Process: setParam(msce = #1[0])
03-02 00:57:00.051  1484 15560 D DlbDap2Process: setParam(mdee = #1[0])
03-02 00:57:00.051  1484 15560 D DlbDap2Process: setParam(miee = #1[0])
03-02 00:57:00.051  1484 15560 D DlbDap2Process: setParam(mdle = #1[0])
03-02 00:57:00.051  1484 15560 D DlbDap2Process: setParam(dvme = #1[0])
03-02 00:57:00.051  1484 15560 D DlbDap2Process: setParam(rvse = #1[0])
03-02 00:57:00.051  1484 15560 D DlbDap2Process: setMave(mave = 0)
03-02 00:57:00.051  1484 15560 D DlbDap2Process: setParam(ieon = #1[0])
03-02 00:57:00.051  1484 15560 D DlbEndpointParamCache: doCommit() Committed 10 parameters out of 13.
03-02 00:57:00.051  1484 15560 D DlbEndpointParamCache: commit() Overriding parameters for current device 0x00000002
03-02 00:57:00.051  1484 15560 D DlbDap2Process: setParam(dea = #1[0])
03-02 00:57:00.051  1484 15560 D DlbDap2Process: setParam(plb = #1[0])
03-02 00:57:00.051  1484 15560 D DlbDap2Process: setParam(vmb = #1[0])
03-02 00:57:00.051  1484 15560 D DlbDap2Process: setParam(dsb = #1[0])
03-02 00:57:00.051  1484 15560 D DlbDap2Process: setParam(ded = #1[0])
03-02 00:57:00.051  1484 15560 D DlbDap2Process: setParam(hte = #1[0])
03-02 00:57:00.051  1484 15560 D DlbDap2Process: setSystemGain(vol = 0)
03-02 00:57:00.051  1484 15560 D DlbDap2Process: Got DAP mix matrix (length=12) for processing mode 10
03-02 00:57:00.051  1484 15560 D DlbDap2Process: Got DAP mix matrix (length=16) for processing mode 11
03-02 00:57:00.051  1484 15560 D DlbDap2Process: setParam(dom = #35[0, 0, 1, 10, 12, 16384, 0, 0, 16384, 11583, 11583, 8192, 8192, 16384, 0, 0, 16384, 11, 16, 16384, 0, 0, 16384, 11583, 11583, 8192, 8192, 16384, 0, 0, 16384, 16384, 0, 0, 16384])
03-02 00:57:00.051  1484 15560 D DlbDap2Process: setParam(hvm = #1[2])
03-02 00:57:00.051  1484 15560 D DlbDap2Process: setParam(svm = #1[2])
03-02 00:57:00.051  1484 15560 D DlbDap2Process: setParam(sdfa = #1[2])
03-02 00:57:00.051  1484 15560 D DlbDap2Process: setParam(dvla = #1[0])
03-02 00:57:00.051  1484 15560 D DlbDap2Process: setParam(hlra = #1[45])
03-02 00:57:00.051  1484 15560 D DlbDap2Process: setParam(avsb = #1[6])
03-02 00:57:00.051  1484 15560 D DlbDap2Process: setParam(hvrc = #8[103, 32568, 11164, 5090, 0, 3, 3, 3])
03-02 00:57:00.051  1484 15560 D DlbDap2Process: setParam(svrc = #8[103, 32568, 6698, 5090, 0, 3, 3, 3])
03-02 00:57:00.051  1484 15560 D DlbDap2Process: setParam(vssd = #1[4])
03-02 00:57:00.051  1484 15560 D DlbDap2Process: setParam(mvbe = #1[0])
03-02 00:57:00.051  1484 15560 D DlbDap2Process: setParam(bmde = #1[0])
03-02 00:57:00.051  1484 15560 D DlbDap2Process: setParam(dvle = #1[0])
03-02 00:57:00.051  1484 15560 D DlbDap2Process: setParam(dvli = #1[-256])
03-02 00:57:00.051  1484 15560 D DlbDap2Process: setParam(vbon = #1[0])
03-02 00:57:00.051  1484 15560 D DlbDap2Process: setParam(vbm = #1[0])
03-02 00:57:00.051  1484 15560 D DlbDap2Process: setParam(beon = #1[0])
03-02 00:57:00.051  1484 15560 D DlbDap2Process: setParam(deon = #1[0])
03-02 00:57:00.051  1484 15560 D DlbDap2Process: setParam(geon = #1[0])
03-02 00:57:00.051  1484 15560 D DlbDap2Process: setParam(ngon = #1[0])
03-02 00:57:00.051  1484 15560 D DlbDap2Process: setParam(dvlo = #1[-272])
03-02 00:57:00.051  1484 15560 D DlbDap2Process: setParam(dplp = #1[256])
03-02 00:57:00.051  1484 15560 D DlbEndpointParamCache: doCommit() Committed 30 parameters out of 60.
03-02 00:57:00.051  1484 15560 D DlbEndpointParamCache: commitChangedParams()
03-02 00:57:00.051  1484 15560 D DlbEndpointParamCache: commit() Applying parameters for device 0x40000000
03-02 00:57:00.051  1484 15560 D DlbEndpointParamCache: doCommit() Committed 0 parameters out of 13.
03-02 00:57:00.051  1484 15560 D DlbEndpointParamCache: commit() Overriding parameters for current device 0x00000002
03-02 00:57:00.051  1484 15560 D DlbEndpointParamCache: doCommit() Committed 0 parameters out of 60.
03-02 00:57:00.052  1484 15560 D DlbEffectContext: setParam() received parameter EFFECT_PARAM_PROFILE
03-02 00:57:00.052  1484 15560 D DlbEffectContext: setProfile(profile=5) stageIdx:-2902
03-02 00:57:00.052  1484 15560 D DlbEffectContext: setParam() received parameter EFFECT_PARAM_PROFILE
03-02 00:57:00.052  1484 15560 D DlbEffectContext: setProfile(profile=5) stageIdx:-29002
03-02 00:57:00.052 10943 10943 I DolbyAtmosWrapper: setProfile() : for dolby atmos, 5
03-02 00:57:00.052 10943 10943 I LocalBroadcastManager: sendLocalBroadcast() : action is 1
03-02 00:57:00.052 10943 10943 I LocalBroadcastManager: sendLocalBroadcast() : action is 2
03-02 00:57:00.056 10943 10943 I AudioManagerWrapper: getCurrentMediaVolume() : current media volume is 7
03-02 00:57:00.056  2991  3004 I LocationAccessPolicy: checkLocationPermission - callingUid: 10492, callingPid: 14636, result: DENIED_SOFT
03-02 00:57:00.056  2991  3004 I LocationAccessPolicy: checkLocationPermission - callingUid: 10492, callingPid: 14636, result: DENIED_SOFT
03-02 00:57:00.057  2746  2798 I SurfaceControlRegistry: apply, t=FinishTransaction_SyncId<11230>, caller=android.view.SurfaceControl$Transaction.apply:3459 android.view.SurfaceControl$Transaction.apply:3447 android.view.SurfaceControl$Transaction.apply:3397 com.android.wm.shell.transition.Transitions.onFinish:315 com.android.wm.shell.transition.Transitions$$ExternalSyntheticLambda7.onTransitionFinished:12 com.android.wm.shell.transition.DefaultTransitionHandler$$ExternalSyntheticLambda6.run:36
03-02 00:57:00.058  2746  2746 D NavigationBar: onSystemBarAttributesChanged() -  displayId:0, appearance:0, packageName: com.podcast.app.debug, navbarColorManagedByIme:false
03-02 00:57:00.059  1507  1825 I SurfaceFlinger: Capture layer list: 	 com.zhiliaoapp.musically/com.ss.android.ugc.aweme.splash.SplashActivity$_14885#155411(seamlessTransition:0)
03-02 00:57:00.061  1484  1816 V APM_AudioPolicyManager: stopOutput portId 13560
03-02 00:57:00.061  1484  1816 V APM_AudioPolicyManager: stopOutput() output 21, stream 3, session 126033
03-02 00:57:00.061  1484  1816 V APM_AudioPolicyManager: setBeaconMute(1) mBeaconMuteRefCount=8 mBeaconPlayingRefCount=0
03-02 00:57:00.061  1484  1816 V APM_AudioPolicyManager: getNewOutputDevices selected devices AUDIO_DEVICE_NONE
03-02 00:57:00.061  1484  1816 V APM_AudioPolicyManager: setOutputDevices caller stopSource[[portId:5][io:21, deep-buffer]] device AUDIO_DEVICE_NONE delayMs 170
03-02 00:57:00.062  1439 32089 D MTKAdapterStreamLayer: updateMetadataCommon(),
03-02 00:57:00.062  1484  1816 V APM_AudioPolicyManager: setOutputDevices caller stopSource[[portId:5][io:21, deep-buffer]] setting same device AUDIO_DEVICE_NONE or null device, force=0, patch handle=11429
03-02 00:57:00.062  2013  2064 I PkgPredictorService-SecIpmManagerServiceImpl: reportToNAP uid:10685 com.podcast.app.debug/androidx.activity.ComponentActivity thisTime:218
03-02 00:57:00.062  2013  2064 D PkgPredictorService-SecIpmManagerServiceImpl: reportToNAP: mHeavyLaunchCounter is false
03-02 00:57:00.062  1484  1816 W AudioFlinger: moveEffectChain_ll: effect chain for session 0 not on source thread 0xb400007066671a50
03-02 00:57:00.062  1484  1816 V APM_AudioPolicyManager: selectOutputForMusicEffects selected output 13
03-02 00:57:00.065  1507  1507 I SurfaceFlinger: RequestedLayer [Task=44845#155399] hidden!! flag  from(0) --> to(1)
03-02 00:57:00.065  1507  1507 I SurfaceFlinger: [LayerHierarchy{RequestedLayerState{Transition Root: Task=44543#155424 z=42} 3 children}] reparent to OffscreenRoot
03-02 00:57:00.065  1507  1507 I SurfaceFlinger: [LayerHierarchy{RequestedLayerState{Transition Root: Task=44543#155424 z=42} 3 children}] RelativeParent to null
03-02 00:57:00.065  1507  1507 I SurfaceFlinger: [LayerHierarchy{RequestedLayerState{Task=44543#147901 parentId=10 z=42} 1 children}] reparent to LayerHierarchy{RequestedLayerState{DefaultTaskDisplayArea_d0#10 parentId=9} 46 children}
03-02 00:57:00.065  1507  1507 I SurfaceFlinger: [LayerHierarchy{RequestedLayerState{DimTransitionLayer for Surface(name=Task=44845)/@0x4da0320#155426 z=-1} no children}] reparent to OffscreenRoot
03-02 00:57:00.065  1507  1507 I SurfaceFlinger: [LayerHierarchy{RequestedLayerState{DimTransitionLayer for Surface(name=Task=44845)/@0x4da0320#155426 z=-1} no children}] RelativeParent to null
03-02 00:57:00.065  1507  1507 I SurfaceFlinger: [LayerHierarchy{RequestedLayerState{Task=44845#155399 parentId=10 z=41} 1 children}] reparent to LayerHierarchy{RequestedLayerState{DefaultTaskDisplayArea_d0#10 parentId=9} 47 children}
03-02 00:57:00.066  2013  2064 I ActivityTaskManager: Displayed com.podcast.app.debug/androidx.activity.ComponentActivity for user 0: +218ms
03-02 00:57:00.066  3506  3506 E pageboostd: Received HALT command code 2
03-02 00:57:00.066  1507  1907 I SurfaceFlinger: onHandleDestroyed: layerId=155412, name=Surface(name=c536234 NavigationBar0)/@0xfac847b - animation-leash of insets_animation#155412
03-02 00:57:00.066  1507  1907 I SurfaceFlinger: id=155412 Removed Surface(name=c536234 NavigationBar0)/@0xfac847b - animation-leash of insets_animation#155412 (347)
03-02 00:57:00.067 17121 17121 I InsetsSourceConsumer: applyRequestedVisibilityToControl: visible=true, type=navigationBars, host=com.podcast.app.debug/androidx.activity.ComponentActivity
03-02 00:57:00.067  2013  4829 D LocationManagerService: passive provider getLastLocation from : 10492/com.emeint.android.myservices
03-02 00:57:00.067  1507  1507 I SurfaceFlinger: onHandleDestroyed: layerId=155426, name=DimTransitionLayer for Surface(name=Task=44845)/@0x4da0320#155426
03-02 00:57:00.067  1507  1907 I SurfaceFlinger: onHandleDestroyed: layerId=155413, name=Surface(name=a5d3a68 StatusBar)/@0xd5726d6 - animation-leash of insets_animation#155413
03-02 00:57:00.067  1507  1507 I SurfaceFlinger: id=155426 Removed DimTransitionLayer for Surface(name=Task=44845)/@0x4da0320#155426 (347)
03-02 00:57:00.067  1507  1907 I SurfaceFlinger: id=155413 Removed Surface(name=a5d3a68 StatusBar)/@0xd5726d6 - animation-leash of insets_animation#155413 (347)
03-02 00:57:00.067 17121 17121 I InsetsSourceConsumer: applyRequestedVisibilityToControl: visible=true, type=statusBars, host=com.podcast.app.debug/androidx.activity.ComponentActivity
03-02 00:57:00.069  2013  3645 D LocationManagerService: network provider getLastLocation from : 10492/com.emeint.android.myservices
03-02 00:57:00.069  1445 16865 W C2MtkBufferManager: [0xB4000070F68A9420] fetchNewCcBlock: wait fence 0x0xb4000070f692fea0 timed out. ret 110
03-02 00:57:00.070  2013  3645 D LocationManagerService: fused provider getLastLocation from : 10492/com.emeint.android.myservices
03-02 00:57:00.070  2013  3645 D LocationManagerService: gps provider getLastLocation from : 10492/com.emeint.android.myservices
03-02 00:57:00.071 17532 17532 I VRI[InstrumentationActivityInvoker$EmptyActivity]@cf0db98: handleAppVisibility mAppVisible = true visible = false
03-02 00:57:00.071 17532 17532 D VRI[InstrumentationActivityInvoker$EmptyActivity]@cf0db98: visibilityChanged oldVisibility=true newVisibility=false
03-02 00:57:00.073 25915 26075 I Rubin   : [4019] com.samsung.android.rubin.inferenceengine.contextanalytics.engine.monitors.moment.exercise.ExercisingWithCalendarMonitor.isSatisfiedByCalendarEvent(Unknown Source) : isSatisfiedByCalendarEvent is false
03-02 00:57:00.073  2991  3004 I LocationAccessPolicy: checkLocationPermission - callingUid: 10492, callingPid: 14636, result: DENIED_SOFT
03-02 00:57:00.074 25915 26075 I Rubin   : [4019] com.samsung.android.rubin.inferenceengine.contextanalytics.engine.monitors.moment.exercise.ExercisingWithCmhMonitor.isSatisfiedByCmh(Unknown Source) : isSatisfiedByCmh is false
03-02 00:57:00.076  1507  1507 I SurfaceFlinger: destroyed DimTransitionLayer for Surface(name=Task=44845)/@0x4da0320#155426
03-02 00:57:00.076  1507  1507 I SurfaceFlinger: destroyed Surface(name=c536234 NavigationBar0)/@0xfac847b - animation-leash of insets_animation#155412
03-02 00:57:00.076  1507  1507 I SurfaceFlinger: destroyed Surface(name=a5d3a68 StatusBar)/@0xd5726d6 - animation-leash of insets_animation#155413
03-02 00:57:00.076  1507  1507 I SurfaceFlinger: [LayerHierarchy{RequestedLayerState{Transition Root: Task=44543#155424 z=42} no children}] reparent to OffscreenRoot
03-02 00:57:00.076  1507  1507 I SurfaceFlinger: [LayerHierarchy{RequestedLayerState{Transition Root: Task=44543#155424 z=42} no children}] RelativeParent to null
03-02 00:57:00.078  1507  1507 I Layer   : id=155413 Destroyed Surface(name=a5d3a68 StatusBar)/@0xd5726d6 - animation-leash of insets_animation#155413
03-02 00:57:00.078  1507  1507 I Layer   : id=155426 Destroyed DimTransitionLayer for Surface(name=Task=44845)/@0x4da0320#155426
03-02 00:57:00.078  1507  1507 I Layer   : id=155412 Destroyed Surface(name=c536234 NavigationBar0)/@0xfac847b - animation-leash of insets_animation#155412
03-02 00:57:00.078  1507  1507 I SurfaceFlinger: onHandleDestroyed: layerId=155424, name=Transition Root: Task=44543#155424
03-02 00:57:00.078  1507  1507 I SurfaceFlinger: id=155424 Removed Transition Root: Task=44543#155424 (344)
03-02 00:57:00.079 17532 17563 D HWUI    : CacheManager::trimMemory(20)
03-02 00:57:00.083  2746  2798 I SurfaceControlRegistry: show, t=StartTransaction_SyncId<11231> sc=Transition Root: Task=44846, caller=android.view.SurfaceControl$Transaction.show:3557 com.android.wm.shell.transition.Transitions.playTransition:79 com.android.wm.shell.transition.Transitions.processReadyQueue:239 com.android.wm.shell.transition.Transitions.onFinish:528 com.android.wm.shell.transition.Transitions$$ExternalSyntheticLambda7.onTransitionFinished:12 com.android.wm.shell.transition.DefaultTransitionHandler$$ExternalSyntheticLambda6.run:36
03-02 00:57:00.087  1507  1507 I SurfaceFlinger: destroyed Transition Root: Task=44543#155424
03-02 00:57:00.089  1507  1507 I Layer   : id=155424 Destroyed Transition Root: Task=44543#155424
03-02 00:57:00.090  1507  1563 I SurfaceFlinger: id=155440 createSurf, flag=20004, DimTransitionLayer for Surface(name=Task=44846)/@0xf2a125b#155440
03-02 00:57:00.091  2746  2798 I SurfaceControlRegistry: show, t=StartTransaction_SyncId<11231> sc=DimTransitionLayer for Surface(name=Task=44846)/@0xf2a125b, caller=android.view.SurfaceControl$Transaction.show:3557 com.android.wm.shell.transition.DefaultTransitionHandler.startAnimation:2837 com.android.wm.shell.transition.Transitions.dispatchTransition:90 com.android.wm.shell.transition.Transitions.playTransition:774 com.android.wm.shell.transition.Transitions.processReadyQueue:239 com.android.wm.shell.transition.Transitions.onFinish:528
03-02 00:57:00.092  2746  2798 I SurfaceControlRegistry: apply, t=StartTransaction_SyncId<11231>, caller=android.view.SurfaceControl$Transaction.apply:3459 android.view.SurfaceControl$Transaction.apply:3447 android.view.SurfaceControl$Transaction.apply:3397 com.android.wm.shell.transition.DefaultTransitionHandler.startAnimation:3292 com.android.wm.shell.transition.Transitions.dispatchTransition:90 com.android.wm.shell.transition.Transitions.playTransition:774
03-02 00:57:00.093  2013  2731 I WindowManager: Relayout Window{45ca3bb u0 com.podcast.app.debug.test/androidx.test.core.app.InstrumentationActivityInvoker$EmptyActivity}: viewVisibility=8 req=1080x2340 ty=1 d0
03-02 00:57:00.098  1507  1507 I SurfaceFlinger: RequestedLayer [ActivityRecord{129999715 u0 com.podc[...]Invoker$EmptyActivity t44845}#155400] hidden!! flag  from(0) --> to(1)
03-02 00:57:00.098  1507  1507 I SurfaceFlinger: RequestedLayer [com.podcast.app.debug.test/androidx.[...]yInvoker$EmptyActivity$_17532#155404] hidden!! flag  from(0) --> to(1)
03-02 00:57:00.098  1507  1507 I SurfaceFlinger: RequestedLayer [com.podcast.app.debug/androidx.activity.ComponentActivity$_17121#155435] hidden!! flag  from(1) --> to(0)
03-02 00:57:00.098  1507  1507 I SurfaceFlinger: RequestedLayer [9889ec3 Splash Screen com.podcast.app.debug#155432] hidden!! flag  from(1) --> to(0)
03-02 00:57:00.098  1507  1507 I SurfaceFlinger: RequestedLayer [223422 com.podcast.app.debug/androidx.activity.ComponentActivity#155434] hidden!! flag  from(1) --> to(0)
03-02 00:57:00.098  1507  1507 I SurfaceFlinger: RequestedLayer [Splash Screen com.podcast.app.debug$_2746#155433] hidden!! flag  from(1) --> to(0)
03-02 00:57:00.098  1507  1507 I SurfaceFlinger: RequestedLayer [Task=44846#155430] hidden!! flag  from(1) --> to(0)
03-02 00:57:00.098  1507  1507 E SurfaceFlinger: alpha changed 1.000 -> 0.000 - Task=44846#155430
03-02 00:57:00.098  1507  1507 I SurfaceFlinger: RequestedLayer [Transition Root: Task=44846#155438] hidden!! flag  from(1) --> to(0)
03-02 00:57:00.098  1507  1507 I SurfaceFlinger: RequestedLayer [ActivityRecord{121980169 u0 com.podc[...]ity.ComponentActivity t44846}#155431] hidden!! flag  from(1) --> to(0)
03-02 00:57:00.098  1507  1507 I SurfaceFlinger: RequestedLayer [DimTransitionLayer for Surface(name=Task=44846)/@0xf2a125b#155440] hidden!! flag  from(1) --> to(0)
03-02 00:57:00.098  1507  1507 E SurfaceFlinger: alpha changed 1.000 -> 0.000 - DimTransitionLayer for Surface(name=Task=44846)/@0xf2a125b#155440
03-02 00:57:00.098  1507  1507 E SurfaceFlinger: alpha changed 0.000 -> 1.000 - Task=44846#155430
03-02 00:57:00.098  1507  1507 I SurfaceFlinger: [LayerHierarchy{RequestedLayerState{Task=44543#147901 parentId=155438 z=2} 1 children}] reparent to LayerHierarchy{RequestedLayerState{Transition Root: Task=44846#155438 parentId=10 z=42} 1 children}
03-02 00:57:00.098  1507  1507 I SurfaceFlinger: [LayerHierarchy{RequestedLayerState{e0b07fd Splash Screen com.podcast.app.debug.test#155401 z=2147483647} 1 children}] reparent to OffscreenRoot
03-02 00:57:00.098  1507  1507 I SurfaceFlinger: [LayerHierarchy{RequestedLayerState{e0b07fd Splash Screen com.podcast.app.debug.test#155401 z=2147483647} 1 children}] RelativeParent to null
03-02 00:57:00.098  1507  1507 I SurfaceFlinger: [LayerHierarchy{RequestedLayerState{Splash Screen com.podcast.app.debug.test$_2746#155402} no children}] reparent to OffscreenRoot
03-02 00:57:00.098  1507  1507 I SurfaceFlinger: [LayerHierarchy{RequestedLayerState{Splash Screen com.podcast.app.debug.test$_2746#155402} no children}] RelativeParent to null
03-02 00:57:00.098  1507  1507 I SurfaceFlinger: [LayerHierarchy{RequestedLayerState{Task=44846#155430 parentId=155438 z=5} 1 children}] reparent to LayerHierarchy{RequestedLayerState{Transition Root: Task=44846#155438 parentId=10 z=42} 2 children}
03-02 00:57:00.098  1507  1507 I SurfaceFlinger: [DimTransitionLayer for Surface(name=Task=44846)/@0xf2a125b#155440] attach to parent LayerHierarchy{RequestedLayerState{Transition Root: Task=44846#155438 parentId=10 z=42} 3 children}
03-02 00:57:00.098  3202  3977 I HoneySpace.RecentTasks: onRunningTaskAppeared
03-02 00:57:00.100  2013  2731 I WindowManager: Relayout hash=45ca3bb, pid=17532, syncId=-1: mAttrs={(0,0)(fillxfill) sim={adjust=pan forwardNavigation} layoutInDisplayCutoutMode=always ty=BASE_APPLICATION
03-02 00:57:00.100  2013  2731 I WindowManager:   fl=81810100
03-02 00:57:00.100  2013  2731 I WindowManager:   pfl=100088c0
03-02 00:57:00.100  2013  2731 I WindowManager:   bhv=1
03-02 00:57:00.100  2013  2731 I WindowManager:   fitSides=0
03-02 00:57:00.100  2013  2731 I WindowManager:   frameRateBoostOnTouch=true
03-02 00:57:00.100  2013  2731 I WindowManager:   dvrrWindowFrameRateHint=true naviIconColor=0}
03-02 00:57:00.100  1507  1507 I SurfaceFlinger: onHandleDestroyed: layerId=155402, name=Splash Screen com.podcast.app.debug.test$_2746#155402
03-02 00:57:00.100  1507  1507 I SurfaceFlinger: id=155402 Removed Splash Screen com.podcast.app.debug.test$_2746#155402 (344)
03-02 00:57:00.101  1445  2902 W C2MtkBufferManager: [0xB4000070F507E520] fetchNewCcBlock: wait fence 0x0xb4000070f5058270 timed out. ret 110
03-02 00:57:00.101  1444  1444 I hwcomposer: [HWCLayer] (0 id:45536 setHwlayerType():839), pending release queue sp q2_45536, type 3 -> 0
03-02 00:57:00.102  1444  1444 D libcomposer_ext: DeviceImplAidl::DeviceClientContextAidl::NotifyHwcComposition()
03-02 00:57:00.102  1444  1444 D libcomposer_ext: DeviceImplAidl::DeviceClientContextAidl::NotifyHwcComposition()
03-02 00:57:00.102  1698  1698 D libcomposer_ext: ClientCallbackAidl::asyncPerform(12)
