03-02 00:57:02.538  1507  1507 I SurfaceFlinger: destroyed 68eb87 SurfaceView[com.zhiliaoapp.musically/com.ss.android.ugc.aweme.splash.SplashActivity]@0(BLAST)#155459
03-02 00:57:02.538  1507  1507 I SurfaceFlinger: destroyed 68eb87 SurfaceView[com.zhiliaoapp.musically/com.ss.android.ugc.aweme.splash.SplashActivity]@0#155458
03-02 00:57:02.538  1507  1507 I SurfaceFlinger: destroyed 7086fb SurfaceView[com.zhiliaoapp.musically/com.ss.android.ugc.aweme.splash.SplashActivity]@0#155461
03-02 00:57:02.538  1507  1507 I SurfaceFlinger: destroyed Bounds for - com.zhiliaoapp.musically/com.ss.android.ugc.aweme.splash.SplashActivity@5#155457
03-02 00:57:02.538  1507  1507 I SurfaceFlinger: destroyed Background for 836459b SurfaceView[com.zhiliaoapp.musically/com.ss.android.ugc.aweme.splash.SplashActivity]@0#155466
03-02 00:57:02.538  1507  1507 I SurfaceFlinger: destroyed 836459b SurfaceView[com.zhiliaoapp.musically/com.ss.android.ugc.aweme.splash.SplashActivity]@0(BLAST)#155465
03-02 00:57:02.538  1507  1507 I SurfaceFlinger: destroyed 836459b SurfaceView[com.zhiliaoapp.musically/com.ss.android.ugc.aweme.splash.SplashActivity]@0#155464
03-02 00:57:02.540  1507  1507 I Layer   : id=155457 Destroyed Bounds for - com.zhiliaoapp.musically/com.ss.android.ugc.aweme.splash.SplashActivity@5#155457
03-02 00:57:02.540  1507  1507 I Layer   : id=155460 Destroyed Background for 68eb87 SurfaceView[com.zhiliaoapp.musically/com.ss.android.ugc.aweme.splash.SplashActivity]@0#155460
03-02 00:57:02.540  1507  1507 I Layer   : id=155458 Destroyed 68eb87 SurfaceView[com.zhiliaoapp.musically/com.ss.android.ugc.aweme.splash.SplashActivity]@0#155458
03-02 00:57:02.540  1507  1507 I Layer   : id=155459 Destroyed 68eb87 SurfaceView[com.zhiliaoapp.musically/com.ss.android.ugc.aweme.splash.SplashActivity]@0(BLAST)#155459
03-02 00:57:02.540  1507  1507 I Layer   : id=155463 Destroyed Background for 7086fb SurfaceView[com.zhiliaoapp.musically/com.ss.android.ugc.aweme.splash.SplashActivity]@0#155463
03-02 00:57:02.540  1507  1507 I Layer   : id=155461 Destroyed 7086fb SurfaceView[com.zhiliaoapp.musically/com.ss.android.ugc.aweme.splash.SplashActivity]@0#155461
03-02 00:57:02.540  1507  1507 I Layer   : id=155462 Destroyed 7086fb SurfaceView[com.zhiliaoapp.musically/com.ss.android.ugc.aweme.splash.SplashActivity]@0(BLAST)#155462
03-02 00:57:02.540  1507  1507 I Layer   : id=155466 Destroyed Background for 836459b SurfaceView[com.zhiliaoapp.musically/com.ss.android.ugc.aweme.splash.SplashActivity]@0#155466
03-02 00:57:02.540  1507  1507 I Layer   : id=155464 Destroyed 836459b SurfaceView[com.zhiliaoapp.musically/com.ss.android.ugc.aweme.splash.SplashActivity]@0#155464
03-02 00:57:02.540  1507  1507 I Layer   : id=155465 Destroyed 836459b SurfaceView[com.zhiliaoapp.musically/com.ss.android.ugc.aweme.splash.SplashActivity]@0(BLAST)#155465
03-02 00:57:02.543  1445 16865 W C2MtkBufferManager: [0xB4000070F68A9420] fetchNewCcBlock: wait fence 0x0xb4000070f692fea0 timed out. ret 110
03-02 00:57:02.551 14885 14885 I System.out: SceneSafeLifecycleDispatcher: onStopped Start
03-02 00:57:02.552 14885 14885 I System.out: SAFActivity V Scene Framework: NavigationMessageQueue postSync start
03-02 00:57:02.552 14885 14885 I System.out: SAFActivity V Scene Framework: NavigationMessageQueue postSync run current task start 14_Y.ARunnableS108S0200000_32@cc5c265
03-02 00:57:02.552 14885 14885 I System.out: SAFActivity V Scene Framework: NavigationSceneManager Sync Scene SAFFragmentRootScene{79e191c} Lifecycle [STARTED -> ACTIVITY_CREATED] without saved State
03-02 00:57:02.552 14885 14885 I System.out: SAFFragmentRootScene: onStop Start (SAFFragmentRootScene{79e191c})
03-02 00:57:02.555 14885 14885 I System.out: SAFActivity V Scene Framework: NavigationMessageQueue postSync run current task finish 14_Y.ARunnableS108S0200000_32@cc5c265
03-02 00:57:02.555 14885 14885 I System.out: SAFActivity V Scene Framework: NavigationMessageQueue postSync finish
03-02 00:57:02.555 14885 14885 I System.out: SceneSafeLifecycleDispatcher: onStopped End STOP
03-02 00:57:02.555 14885 14885 I System.out: SAFActivity: com.ss.android.ugc.aweme.main.MainActivity@c20428f,  onStop End
03-02 00:57:02.555 14885 14885 D SV[6876039 SplashActivity]: updateSurface: surface is not valid
03-02 00:57:02.555 14885 14885 I SV[6876039 SplashActivity]: releaseSurfaces: viewRoot = VRI[SplashActivity]@35f4eb8
03-02 00:57:02.555 14885 14885 D VRI[SplashActivity]@35f4eb8: applyTransactionOnDraw applyImmediately
03-02 00:57:02.556 14885 14885 D SV[7374587 SplashActivity]: updateSurface: surface is not valid
03-02 00:57:02.556 14885 14885 I SV[7374587 SplashActivity]: releaseSurfaces: viewRoot = VRI[SplashActivity]@35f4eb8
03-02 00:57:02.556 14885 14885 D VRI[SplashActivity]@35f4eb8: applyTransactionOnDraw applyImmediately
03-02 00:57:02.556 14885 14885 D SV[137774491 SplashActivity]: updateSurface: surface is not valid
03-02 00:57:02.556 14885 14885 I SV[137774491 SplashActivity]: releaseSurfaces: viewRoot = VRI[SplashActivity]@35f4eb8
03-02 00:57:02.556 14885 14885 D VRI[SplashActivity]@35f4eb8: applyTransactionOnDraw applyImmediately
03-02 00:57:02.557  1507  1825 I SurfaceFlinger: Capture layer list: 	 com.podcast.app.debug/androidx.activity.ComponentActivity$_17121#155479(seamlessTransition:0)
03-02 00:57:02.559 14885 14885 I System.out: SAFActivity V Scene Framework: NavigationSceneManager forceExecutePendingNavigationOperation start
03-02 00:57:02.559 14885 14885 I System.out: SAFActivity V Scene Framework: NavigationMessageQueue postSync start
03-02 00:57:02.559 14885 14885 I System.out: SAFActivity V Scene Framework: NavigationMessageQueue postSync run current task start 0_Y.ARunnableS90S0000000_15@eb2cb61
03-02 00:57:02.559 14885 14885 I System.out: SAFActivity V Scene Framework: NavigationMessageQueue postSync run current task finish 0_Y.ARunnableS90S0000000_15@eb2cb61
03-02 00:57:02.559 14885 14885 I System.out: SAFActivity V Scene Framework: NavigationMessageQueue postSync finish
03-02 00:57:02.559 14885 14885 I System.out: SAFActivity V Scene Framework: NavigationSceneManager forceExecutePendingNavigationOperation finish
03-02 00:57:02.559 14885 14885 I System.out: SAFActivity: com.ss.android.ugc.aweme.main.MainActivity@c20428f,  onSaveInstanceState Start
03-02 00:57:02.560 14885 14885 I System.out: SceneSafeLifecycleDispatcher: onSaveInstanceState Start
03-02 00:57:02.561 14885 14885 I System.out: SAFFragmentRootScene: onSaveInstanceState Start (SAFFragmentRootScene{79e191c})
03-02 00:57:02.561 14885 14885 I System.out: SceneSafeLifecycleDispatcher: onSaveInstanceState End STOP
03-02 00:57:02.561 14885 14885 I System.out: SAFActivity: com.ss.android.ugc.aweme.main.MainActivity@c20428f,  onSaveInstanceState End
03-02 00:57:02.561 14885 14885 W System.err: onActivityPostSaveInstanceState store finished---->com.ss.android.ugc.aweme.main.MainActivity@c20428f
03-02 00:57:02.570  2013  2067 I ChimeraSystemEventListener: appLaunchIntent package name is: com.podcast.app.debug.test
03-02 00:57:02.572 14885 14885 D SV[6876039 SplashActivity]: updateSurface: surface is not valid
03-02 00:57:02.572 14885 14885 I SV[6876039 SplashActivity]: releaseSurfaces: viewRoot = VRI[SplashActivity]@35f4eb8
03-02 00:57:02.573 14885 14885 D VRI[SplashActivity]@35f4eb8: applyTransactionOnDraw applyImmediately
03-02 00:57:02.573 14885 14885 D SV[7374587 SplashActivity]: updateSurface: surface is not valid
03-02 00:57:02.573 14885 14885 I SV[7374587 SplashActivity]: releaseSurfaces: viewRoot = VRI[SplashActivity]@35f4eb8
03-02 00:57:02.573 14885 14885 D VRI[SplashActivity]@35f4eb8: applyTransactionOnDraw applyImmediately
03-02 00:57:02.573 14885 14885 D SV[137774491 SplashActivity]: updateSurface: surface is not valid
03-02 00:57:02.573 14885 14885 I SV[137774491 SplashActivity]: releaseSurfaces: viewRoot = VRI[SplashActivity]@35f4eb8
03-02 00:57:02.573 14885 14885 D VRI[SplashActivity]@35f4eb8: applyTransactionOnDraw applyImmediately
03-02 00:57:02.575  2013  3441 I SemDvfsHyPerManager: acquire hyper - AMS_APP_SWITCH/2013@20, type = -999
03-02 00:57:02.575  1464  1492 I mtkpower@impl: [setMode] type:5, enabled:1
03-02 00:57:02.576  1450  1487 I HYPER-HAL: [RequestManager.cpp]acquire(): Acquired ID : 2067581  [2013 / 20]    HINT : AMS_ACT_SWITCH    list :
03-02 00:57:02.576  1450  1487 I mtkpower_client: perf_lock_rel, hdl:76302, pid: 1450, tid:1487
03-02 00:57:02.576  4784  4784 I SemDvfsHyPerManager: acquire hyper - APP_START_SHORT/4784@15, type = -999
03-02 00:57:02.576  1450  1487 I mtkpower_client: perf_lock_acq, hdl:0, dur:0, num:2, pid:1450, tid:1487
03-02 00:57:02.576  1507  1563 I SurfaceFlinger: id=155487 createSurf, flag=24004, Task=44849#155487
03-02 00:57:02.577  1464  1529 I libPowerHal: [perfLockRel] hdl:76302, idx:2
03-02 00:57:02.577  1464  1529 I libPowerHal: [PD] vendor.samsung. update cmd:1000000 param:-1 pr:6
03-02 00:57:02.578  1464  1529 I libPowerHal: [perfLockRel] Done for hdl : 76302
03-02 00:57:02.578  1450  1487 I mtkpower_client: ret_hdl:76303
03-02 00:57:02.578  1450  1487 I mtkpower_client: perf_lock_rel, hdl:76300, pid: 1450, tid:1487
03-02 00:57:02.578  1464  1529 I libPowerHal: [perfLockAcq] idx:2 hdl:76303 hint:-1 pid:1450 tid:1487 duration:0 lock_user:vendor.samsung. => ret_hdl:76303
03-02 00:57:02.578  1464  1529 I libPowerHal: [setDvfsrcDevFreqOpp] opp:0, freq:4266000000
03-02 00:57:02.578  1507  2393 I SurfaceFlinger: id=155488 createSurf, flag=84004, ActivityRecord{172282582 u0 com.podcast.app.debug.test/androidx.test.core.app.InstrumentationActivityInvoker$EmptyActivity t44849}#155488
03-02 00:57:02.579  1464  1529 I libPowerHal: [PE] vendor.samsung. update cmd:1000000 param:0 pr:3
03-02 00:57:02.579  1464  1529 I libPowerHal: [perfLockAcq] Done for hdl : 76303
03-02 00:57:02.579  1450  1487 I mtkpower_client: perf_lock_acq, hdl:0, dur:0, num:2, pid:1450, tid:1487
03-02 00:57:02.579  1464  1529 I libPowerHal: [perfLockRel] hdl:76300, idx:5
03-02 00:57:02.580  1464  1529 I libPowerHal: [PD] vendor.samsung. update cmd:400000 param:-1 pr:6
03-02 00:57:02.580  1464  1529 I libPowerHal: [recordCPUFreqInfo] set cluster[0] min(-1): -1 max(-1): -1 cluster[1] min(-1): -1 max(-1): -1
03-02 00:57:02.580  1464  1529 I libPowerHal: [perfLockRel] Done for hdl : 76300
03-02 00:57:02.580  1628  1637 E thermal_core: find_tz_idx_by_name:"Failed to find thermal zone index of ap_ntc\n"
03-02 00:57:02.580  1628  1637 E thermal_core: find_tz_idx_by_name:"Failed to find thermal zone index of mtk-master-charger\n"
03-02 00:57:02.580  1450  1487 I mtkpower_client: ret_hdl:76304
03-02 00:57:02.580  1450  1487 I HYPER-HAL: [RequestManager.cpp]acquire(): Acquired ID : 11517615  [4784 / 15]    HINT : APP_START    list : [TIMEOUT / 1500]
03-02 00:57:02.581  1464  1529 I libPowerHal: [perfLockAcq] idx:8 hdl:76304 hint:-1 pid:1450 tid:1487 duration:0 lock_user:vendor.samsung. => ret_hdl:76304
03-02 00:57:02.581  1464  1529 I libPowerHal: [PE] vendor.samsung. update cmd:400000 param:2000000 pr:3
03-02 00:57:02.581  1464  1529 I libPowerHal: [recordCPUFreqInfo] set cluster[0] min(vendor.samsung.): 2000000 max(-1): -1 cluster[1] min(-1): -1 max(-1): -1
03-02 00:57:02.581  1464  1529 I libPowerHal: [perfLockAcq] Done for hdl : 76304
03-02 00:57:02.583  1445 16865 W C2MtkBufferManager: [0xB4000070F68A9420] fetchNewCcBlock: wait fence 0x0xb4000070f692fea0 timed out. ret 110
03-02 00:57:02.583  1507  1507 I SurfaceFlinger: [Task=44849#155487] attach to parent LayerHierarchy{RequestedLayerState{DefaultTaskDisplayArea_d0#10 parentId=9} 46 children}
03-02 00:57:02.583  1507  1507 I SurfaceFlinger: [ActivityRecord{172282582 u0 com.podcast.app.debug.test/androidx.test.core.app.InstrumentationActivityInvoker$EmptyActivity t44849}#155488] attach to parent LayerHierarchy{RequestedLayerState{Task=44849#155487 parentId=10} 1 children}
03-02 00:57:02.583  2746  2808 I ViewRootImpl: dVRR is disabled
03-02 00:57:02.583 14636 14636 D WM-SystemJobService: onStopJob for WorkGenerationalId(workSpecId=f23029b8-b7a3-4a93-aaf6-b7c7a26dfe9e, generation=0)
03-02 00:57:02.584  2746  2870 D NativeCustomFrequencyManager: [NativeCFMS] BpCustomFrequencyManager::BpCustomFrequencyManager()
03-02 00:57:02.584 14636 15263 D WM-Processor: WorkerWrapper interrupted for f23029b8-b7a3-4a93-aaf6-b7c7a26dfe9e
03-02 00:57:02.584 14636 15263 D WM-StopWorkRunnable: StopWorkRunnable for f23029b8-b7a3-4a93-aaf6-b7c7a26dfe9e; Processor.stopWork = true
03-02 00:57:02.587  2013  2253 I SemDvfsHyPerManager: acquire hyper - AMS_APP_LAUNCH/2013@17, type = -999
03-02 00:57:02.587  1450  1487 I HYPER-HAL: [RequestManager.cpp]acquire(): Acquired ID : 2061482  [2013 / 17]    HINT : AMS_APP_LAUNCH    list :
03-02 00:57:02.587  1646  5384 I CameraService: onUidStateChanged: uid=10062, procState is changed. (0 -> 1)
03-02 00:57:02.589  2746  2798 D ShellDesktopMode: handleRequest: TransitionRequestInfo {type=1, tid=44849, debugId=11234}
03-02 00:57:02.591  4784  4784 I SemDvfsHyPerManager: acquire hyper - APP_START/4784@17, type = -999
03-02 00:57:02.592  1450  1487 I HYPER-HAL: [RequestManager.cpp]acquire(): Acquired ID : 11527218  [4784 / 17]    HINT : APP_START    list :
03-02 00:57:02.592 17121 17121 D LifecycleMonitor: Lifecycle status change: androidx.activity.ComponentActivity@a4ecdda in: PAUSED
03-02 00:57:02.592 17121 17121 V ActivityScenario: Update currentActivityStage to PAUSED, currentActivity=androidx.activity.ComponentActivity@a4ecdda
03-02 00:57:02.592  2013  4823 D InputTransport: Input channel constructed: '23b1dc8', fd=1036
03-02 00:57:02.592  2013  4823 D InputTransport: Input channel constructed: '23b1dc8', fd=1074
03-02 00:57:02.592  2013  4823 D InputTransport: Input channel constructed: '23b1dc8', fd=1083
03-02 00:57:02.592  2013  4823 D InputTransport: Input channel destroyed: '23b1dc8', fd=1074
03-02 00:57:02.593  1445  2902 W C2MtkBufferManager: [0xB4000070F507E520] fetchNewCcBlock: wait fence 0x0xb4000070f5058270 timed out. ret 110
03-02 00:57:02.594  1507  1507 I SurfaceFlinger: [LayerHierarchy{RequestedLayerState{com.zhiliaoapp.musically/com.ss.android.ugc.aweme.splash.SplashActivity$_14885#155454} no children}] reparent to OffscreenRoot
03-02 00:57:02.594  1507  1507 I SurfaceFlinger: [LayerHierarchy{RequestedLayerState{com.zhiliaoapp.musically/com.ss.android.ugc.aweme.splash.SplashActivity$_14885#155454} no children}] RelativeParent to null
03-02 00:57:02.595  1507  2393 I SurfaceFlinger: id=155489 createSurf, flag=84004, 23b1dc8 Splash Screen com.podcast.app.debug.test#155489
03-02 00:57:02.595  1507  1507 I SurfaceFlinger: onHandleDestroyed: layerId=155454, name=com.zhiliaoapp.musically/com.ss.android.ugc.aweme.splash.SplashActivity$_14885#155454
03-02 00:57:02.595  1507  1507 I SurfaceFlinger: id=155454 Removed com.zhiliaoapp.musically/com.ss.android.ugc.aweme.splash.SplashActivity$_14885#155454 (330)
03-02 00:57:02.596  2013  4823 D InputTransport: Input channel destroyed: '23b1dc8', fd=1083
03-02 00:57:02.596  2746  2808 D InputTransport: Input channel constructed: '23b1dc8', fd=520
03-02 00:57:02.597  2746  2808 I InsetsController: onStateChanged: host=Splash Screen com.podcast.app.debug.test, from=android.view.ViewRootImpl.onInsetsStateChanged:3026, state=InsetsState: {mDisplayFrame=Rect(0, 0 - 1080, 2340), mDisplayCutout=DisplayCutout{insets=Rect(0, 80 - 0, 0) waterfall=Insets{left=0, top=0, right=0, bottom=0} boundingRect={Bounds=[Rect(0, 0 - 0, 0), Rect(472, 0 - 608, 80), Rect(0, 0 - 0, 0), Rect(0, 0 - 0, 0)]} cutoutPathParserInfo={CutoutPathParserInfo{displayWidth=1080 displayHeight=2340 physicalDisplayWidth=1080 physicalDisplayHeight=2340 density={2.8125} cutoutSpec={M 0,0 H -24.177777778 V 28.4444444444 H 24.177777778 V 0 H 0 Z @dp} rotation={0} scale={1.0} physicalPixelDisplaySizeRatio={1.0}}} sideOverrides={}}, mRoundedCorners=RoundedCorners{[RoundedCorner{position=TopLeft, radius=113, center=Point(113, 113)}, RoundedCorner{position=TopRight, radius=113, center=Point(967, 113)}, RoundedCorner{position=BottomRight, radius=113, center=Point(967, 2227)}, RoundedCorner{position=BottomLeft, radius=113, center=Point(113, 2227)}]}  mRoundedCornerFrame=Rect(0, 0 - 1080, 2340), mPrivacyIndicatorBounds=PrivacyIndicatorBounds {static bounds=Rect(956, 0 - 1080, 80) rotation=0}, mDisplayShape=DisplayShape{ spec=-311912193 displayWidth=1080 displayHeight=2340 physicalPixelDisplaySizeRatio=1.0 rotation=0 offsetX=0 offsetY=0 scale=1.0}, mSources= { InsetsSource: {e9af0000 mType=statusBars mFrame=[0,0][1080,80] mVisible=true mFlags= mSideHint=TOP mBoundingRects=null}, InsetsSource: {e9af0005 mType=mandatorySystemGestures mFrame=[0,0][1080,114] mVisible=true mFlags= mSideHint=TOP mBoundingRects=null}, InsetsSource: {e9af0006 mType=tappableElement mFrame=[0,0][1080,80] mVisible=true mFlags= mSideHint=TOP mBoundingRects=null}, InsetsSource: {27 mType=displayCutout mFrame=[0,0][1080,80] mVisible=true mFlags= mSideHint=TOP mBoundingRects=null}, InsetsSource: {26ed0001 mType=navigationBars mFrame=[0,2298][1080,2340] mVisible=true mFlags=SUPPRESS_SCRIM mSideHint=BOTTOM mBoundingRects=null}, InsetsSource: {26ed0004 mType=systemGestures mFrame=[0,0][84,2340] mVisible=true mFlags= mSideHint=LEFT mBoundingRects=null}, InsetsSource: {26ed0005 mType=mandatorySystemGestures mFrame=[0,2250][1080,2340] mVisible=true mFlags= mSideHint=BOTTOM mBoundingRects=null}, InsetsSource: {26ed0006 mType=tappableElement mFrame=[0,0][0,0] mVisible=true mFlags= mSideHint=NONE mBoundingRects=null}, InsetsSource: {26ed0024 mType=systemGestures mFrame=[996,0][1080,2340] mVisible=true mFlags= mSideHint=RIGHT mBoundingRects=null} }
03-02 00:57:02.597 14636 15266 I WM-WorkerWrapper: Work [ id=f23029b8-b7a3-4a93-aaf6-b7c7a26dfe9e, tags={ com.urbanairship.job.AirshipWorker,airship } ] was cancelled
03-02 00:57:02.597 14636 15266 I WM-WorkerWrapper: androidx.work.impl.WorkerStoppedException
03-02 00:57:02.597 14636 15266 I WM-WorkerWrapper: 	at o.setEnabledWhenDeviceHasQuirk.AnimatedBarChartKtAnimatedBarChart1112(:348)
03-02 00:57:02.597 14636 15266 I WM-WorkerWrapper: 	at o.MutableConfig.AnimatedBarChartKtAnimatedBarChart1(:439)
03-02 00:57:02.597 14636 15266 I WM-WorkerWrapper: 	at o.MutableConfig.AnimatedBarChartKtAnimatedBarChart1112(:259)
03-02 00:57:02.597 14636 15266 I WM-WorkerWrapper: 	at o.getUseCaseInfo.run(:49)
03-02 00:57:02.597 14636 15266 I WM-WorkerWrapper: 	at o.TagBundle$Architecture.run(:96)
03-02 00:57:02.597 14636 15266 I WM-WorkerWrapper: 	at java.util.concurrent.ThreadPoolExecutor.runWorker(ThreadPoolExecutor.java:1154)
03-02 00:57:02.597 14636 15266 I WM-WorkerWrapper: 	at java.util.concurrent.ThreadPoolExecutor$Worker.run(ThreadPoolExecutor.java:652)
03-02 00:57:02.597 14636 15266 I WM-WorkerWrapper: 	at java.lang.Thread.run(Thread.java:1563)
03-02 00:57:02.597  2746  2808 I VRI[test]@d78f948: onActiveControlsChanged, removed=false, mAdded=true, caller=android.view.ViewRootImpl.handleInsetsControlChanged:3002 android.view.ViewRootImpl.setView:2014 android.view.WindowManagerGlobal.addView:604 com.android.wm.shell.startingsurface.SplashscreenWindowCreator.addWindow:38 com.android.wm.shell.startingsurface.StartingWindowController$$ExternalSyntheticLambda4.run:1365
03-02 00:57:02.598  2746  2808 I VRI[test]@d78f948: synced displayState. AttachInfo displayState=2
03-02 00:57:02.598  2746  2808 I VRI[test]@d78f948: setView = android.widget.FrameLayout@b610b92 IsHRR=false mFlingFrameRateChange=0 TM=true
03-02 00:57:02.599  5235  5235 I InputMethodService: removeImeSurface
03-02 00:57:02.599  5235  5235 I InputMethodService: cancelImeSurfaceRemoval: removeCallbacks
03-02 00:57:02.600  2013  3345 D InputDispatcher: Focused application(0): ActivityRecord{172282582 u0 com.podcast.app.debug.test/androidx.test.core.app.InstrumentationActivityInvoker$EmptyActivity t44849}
03-02 00:57:02.601  2746  2870 D HWUI    : HWUI - treat SMPTE_170M as sRGB
03-02 00:57:02.601  1646  5384 I CameraService: onUidStateChanged: uid=10492, procState is changed. (8 -> 10)
03-02 00:57:02.602  2013  4829 D GraphicsStatsService: requestRenderEngineFor(com.podcast.app.debug.test)
03-02 00:57:02.602 14636 15266 D WM-WorkerWrapper: Status for f23029b8-b7a3-4a93-aaf6-b7c7a26dfe9e is RUNNING; not doing any work and rescheduling for later execution
03-02 00:57:02.605  1507  1507 I SurfaceFlinger: [Display 0 name="Built-in Screen"#49] setFrameRateCategory: High
03-02 00:57:02.605  1507  1507 I SurfaceFlinger: destroyed com.zhiliaoapp.musically/com.ss.android.ugc.aweme.splash.SplashActivity$_14885#155454
03-02 00:57:02.605  1507  1507 I SurfaceFlinger: [23b1dc8 Splash Screen com.podcast.app.debug.test#155489] attach to parent LayerHierarchy{RequestedLayerState{ActivityRecord{172282582 u0 com.podcast.app.debug.test/androidx.test.core.app.InstrumentationActivityInvoker$EmptyActivity t44849}#155488 parentId=155487} 1 children}
03-02 00:57:02.607  2013  4845 I WindowManager: Relayout Window{23b1dc8 u0 Splash Screen com.podcast.app.debug.test}: viewVisibility=0 req=1080x2340 ty=3 d0
03-02 00:57:02.608  1507  1907 I SurfaceFlinger: id=155490 createSurf, flag=44004, Splash Screen com.podcast.app.debug.test$_2746#155490
03-02 00:57:02.609  3202 31843 I HoneySpace.RecentTasks: onRecentTasksChanged
03-02 00:57:02.609  1507  1507 I Layer   : id=155454 Destroyed com.zhiliaoapp.musically/com.ss.android.ugc.aweme.splash.SplashActivity$_14885#155454
03-02 00:57:02.610  3202  3386 I HoneySpace.TopTaskSource: onTaskMovedToFront : taskId = 44849, displayId = 0
03-02 00:57:02.611  3202  3390 I HoneySpace.TopTaskUseCase: topTasks 44849 ComponentInfo{com.podcast.app.debug.test/androidx.test.core.app.InstrumentationActivityInvoker$EmptyActivity}[displayId=0]
03-02 00:57:02.611  3202 10541 I HoneySpace.RecentTasks: onRecentTasksChanged
03-02 00:57:02.613  2013  4845 I WindowManager: Relayout hash=23b1dc8, pid=2746, syncId=-1: mAttrs={(0,0)(fillxfill) sim={adjust=pan} layoutInDisplayCutoutMode=always ty=APPLICATION_STARTING fmt=TRANSLUCENT
03-02 00:57:02.613  2013  4845 I WindowManager:   fl=81030118
03-02 00:57:02.613  2013  4845 I WindowManager:   pfl=10000810
03-02 00:57:02.613  2013  4845 I WindowManager:   apr=18
03-02 00:57:02.613  2013  4845 I WindowManager:   bhv=1
03-02 00:57:02.613  2013  4845 I WindowManager:   fitSides=0
03-02 00:57:02.613  2013  4845 I WindowManager:   frameRateBoostOnTouch=true
03-02 00:57:02.613  2013  4845 I WindowManager:   dvrrWindowFrameRateHint=true naviIconColor=0}
03-02 00:57:02.615  2746  2808 I InsetsController: onStateChanged: host=Splash Screen com.podcast.app.debug.test, from=android.view.ViewRootImpl.onInsetsStateChanged:3026, state=InsetsState: {mDisplayFrame=Rect(0, 0 - 1080, 2340), mDisplayCutout=DisplayCutout{insets=Rect(0, 80 - 0, 0) waterfall=Insets{left=0, top=0, right=0, bottom=0} boundingRect={Bounds=[Rect(0, 0 - 0, 0), Rect(472, 0 - 608, 80), Rect(0, 0 - 0, 0), Rect(0, 0 - 0, 0)]} cutoutPathParserInfo={CutoutPathParserInfo{displayWidth=1080 displayHeight=2340 physicalDisplayWidth=1080 physicalDisplayHeight=2340 density={2.8125} cutoutSpec={M 0,0 H -24.177777778 V 28.4444444444 H 24.177777778 V 0 H 0 Z @dp} rotation={0} scale={1.0} physicalPixelDisplaySizeRatio={1.0}}} sideOverrides={}}, mRoundedCorners=RoundedCorners{[RoundedCorner{position=TopLeft, radius=113, center=Point(113, 113)}, RoundedCorner{position=TopRight, radius=113, center=Point(967, 113)}, RoundedCorner{position=BottomRight, radius=113, center=Point(967, 2227)}, RoundedCorner{position=BottomLeft, radius=113, center=Point(113, 2227)}]}  mRoundedCornerFrame=Rect(0, 0 - 1080, 2340), mPrivacyIndicatorBounds=PrivacyIndicatorBounds {static bounds=Rect(956, 0 - 1080, 80) rotation=0}, mDisplayShape=DisplayShape{ spec=-311912193 displayWidth=1080 displayHeight=2340 physicalPixelDisplaySizeRatio=1.0 rotation=0 offsetX=0 offsetY=0 scale=1.0}, mSources= { InsetsSource: {e9af0000 mType=statusBars mFrame=[0,0][1080,80] mVisible=true mFlags= mSideHint=TOP mBoundingRects=null}, InsetsSource: {e9af0005 mType=mandatorySystemGestures mFrame=[0,0][1080,114] mVisible=true mFlags= mSideHint=TOP mBoundingRects=null}, InsetsSource: {e9af0006 mType=tappableElement mFrame=[0,0][1080,80] mVisible=true mFlags= mSideHint=TOP mBoundingRects=null}, InsetsSource: {3 mType=ime mFrame=[0,0][0,0] mVisible=false mFlags= mSideHint=NONE mBoundingRects=null}, InsetsSource: {27 mType=displayCutout mFrame=[0,0][1080,80] mVisible=true mFlags= mSideHint=TOP mBoundingRects=null}, InsetsSource: {26ed0001 mType=navigationBars mFrame=[0,2298][1080,2340] mVisible=true mFlags=SUPPRESS_SCRIM mSideHint=BOTTOM mBoundingRects=null}, InsetsSource: {26ed0004 mType=systemGestures mFrame=[0,0][84,2340] mVisible=true mFlags= mSideHint=LEFT mBoundingRects=null}, InsetsSource: {26ed0005 mType=mandatorySystemGestures mFrame=[0,2250][1080,2340] mVisible=true mFlags= mSideHint=BOTTOM mBoundingRects=null}, InsetsSource: {26ed0006 mType=tappableElement mFrame=[0,0][0,0] mVisible=true mFlags= mSideHint=NONE mBoundingRects=null}, InsetsSource: {26ed0024 mType=systemGestures mFrame=[996,0][1080,2340] mVisible=true mFlags= mSideHint=RIGHT mBoundingRects=null} }
03-02 00:57:02.615  2746  2808 I VRI[test]@d78f948: onActiveControlsChanged, removed=false, mAdded=true, caller=android.view.ViewRootImpl.handleInsetsControlChanged:3002 android.view.ViewRootImpl.relayoutWindow:11629 android.view.ViewRootImpl.performTraversals:4804 android.view.ViewRootImpl.doTraversal:3924 android.view.ViewRootImpl$TraversalRunnable.run:12903
03-02 00:57:02.616  2746  2808 D BufferQueueConsumer: [](id:aba00001e00,api:0,p:-1,c:2746) connect: controlledByApp=false
03-02 00:57:02.616  1507  1507 I SurfaceFlinger: [LayerHierarchy{RequestedLayerState{ImeContainer#15 parentId=155475 relativeParentId=155475 z=1} 1 children}] RelativeParent to null
03-02 00:57:02.616  1507  1507 I SurfaceFlinger: [Splash Screen com.podcast.app.debug.test$_2746#155490] attach to parent LayerHierarchy{RequestedLayerState{23b1dc8 Splash Screen com.podcast.app.debug.test#155489 parentId=155488} 1 children}
03-02 00:57:02.616  2013  2600 D AS.MultiSoundManager: mForegroundUid = 10687
03-02 00:57:02.617  2746  2808 I BLASTBufferQueue: [VRI[test]@d78f948#7680](f:0,a:0,s:0) constructor()
03-02 00:57:02.617 14636 14636 D WM-Processor: MutableConfig f23029b8-b7a3-4a93-aaf6-b7c7a26dfe9e executed; reschedule = true
03-02 00:57:02.617  2746  2808 I BLASTBufferQueue_Java: new BLASTBufferQueue, mName= VRI[test]@d78f948 mNativeObject= 0xb4000076ae46d800 caller= android.view.ViewRootImpl.updateBlastSurfaceIfNeeded:3585 android.view.ViewRootImpl.relayoutWindow:11685 android.view.ViewRootImpl.performTraversals:4804 android.view.ViewRootImpl.doTraversal:3924 android.view.ViewRootImpl$TraversalRunnable.run:12903 android.view.Choreographer$CallbackRecord.run:1901 android.view.Choreographer$CallbackRecord.run:1910 android.view.Choreographer.doCallbacks:1367 android.view.Choreographer.doFrame:1292 android.view.Choreographer$FrameDisplayEventReceiver.run:1870
03-02 00:57:02.617  2746  2808 I BLASTBufferQueue_Java: update, w= 1080 h= 2340 mName = VRI[test]@d78f948 mNativeObject= 0xb4000076ae46d800 sc.mNativeObject= 0xb4000076ee45c000 format= -3 caller= android.view.ViewRootImpl.updateBlastSurfaceIfNeeded:3590 android.view.ViewRootImpl.relayoutWindow:11685 android.view.ViewRootImpl.performTraversals:4804 android.view.ViewRootImpl.doTraversal:3924 android.view.ViewRootImpl$TraversalRunnable.run:12903 android.view.Choreographer$CallbackRecord.run:1901
03-02 00:57:02.617  2746  2808 I BLASTBufferQueue: [VRI[test]@d78f948#7680](f:0,a:0,s:0) update width=1080 height=2340 format=-3 mTransformHint=0
03-02 00:57:02.617  1507  1507 I BpBinder: onLastStrongRef automatically unlinking death recipients:
03-02 00:57:02.618  2746  2808 I VRI[test]@d78f948: Relayout returned: old=(0,0,1080,2340) new=(0,0,1080,2340) relayoutAsync=false req=(1080,2340)0 dur=12 res=0x3 s={true 0xb40000767233aa00} ch=true seqId=0
03-02 00:57:02.619  2746  2746 I {OngoingActivityController}: onTaskFocusChanged but OA data is empty
03-02 00:57:02.619  2746  2808 I VRI[test]@d78f948: performConfigurationChange setNightDimText nightDimLevel=0
03-02 00:57:02.619  1507  1565 E SfCpu   :  sched_setaffinity return fail 1461
03-02 00:57:02.619  1507  1565 E SfCpu   :  sched_setaffinity return fail 1444
03-02 00:57:02.620  3202  3386 I HoneySpace.TopTaskSource: onTaskFocusChanged(): taskId = 44849
03-02 00:57:02.620  1507  1845 D SurfaceFlinger: [input] setFocusedWindow: <null>
03-02 00:57:02.620  1507  1845 D SurfaceFlinger: updateWinowInfo=1, setFocusedWindow timestamp=491101605768655, windowName=<null>
03-02 00:57:02.620  2746  2808 D VRI[test]@d78f948: mThreadedRenderer.initialize() mSurface={isValid=true 0xb40000767233aa00} hwInitialized=true
03-02 00:57:02.621  3202  3202 I HoneySpace.EdgePanel.CocktailHostRepositoryImpl: onNoteResume
03-02 00:57:02.621  3202  3202 I HoneySpace.EdgePanel.EdgePanelContainerViewModel: cocktailHostRepository.edgePanelOperation NoteResumeComponent(componentName=ComponentInfo{com.podcast.app.debug.test/androidx.test.core.app.InstrumentationActivityInvoker$EmptyActivity})
03-02 00:57:02.621  2746  2808 D VRI[test]@d78f948: reportNextDraw android.view.ViewRootImpl.performTraversals:5443 android.view.ViewRootImpl.doTraversal:3924 android.view.ViewRootImpl$TraversalRunnable.run:12903 android.view.Choreographer$CallbackRecord.run:1901 android.view.Choreographer$CallbackRecord.run:1910
03-02 00:57:02.621  2746  2808 D VRI[test]@d78f948: Setup new sync=wmsSync-VRI[test]@d78f948#75
03-02 00:57:02.621  2746  2808 I VRI[test]@d78f948: Creating new active sync group VRI[test]@d78f948#76
03-02 00:57:02.621  3202  3202 I HoneySpace.EdgePanel.ActivityUtils: HomePackage : com.sec.android.app.launcher, resumePackageName : com.podcast.app.debug.test, className : androidx.test.core.app.InstrumentationActivityInvoker$EmptyActivity
03-02 00:57:02.622  2013  4829 D InputDispatcher: Once focus requested (0): <null>
03-02 00:57:02.622  2013  4829 D InputDispatcher: Focus request (0): <null> but waiting because NO_WINDOW
03-02 00:57:02.622  2013  4829 D InputDispatcher: Focus left window (0): 23799d8 com.podcast.app.debug/androidx.activity.ComponentActivity
03-02 00:57:02.622  2746  2808 D VRI[test]@d78f948: registerCallbacksForSync syncBuffer=false
03-02 00:57:02.623  2746  2866 D VRI[test]@d78f948: Received frameDrawingCallback syncResult=0 frameNum=1.
03-02 00:57:02.623  2746  2866 I VRI[test]@d78f948: mWNT: t=0xb4000076d38eaf00 mBlastBufferQueue=0xb4000076ae46d800 fn= 1 HdrRenderState mRenderHdrSdrRatio=1.0 caller= android.view.ViewRootImpl$12.onFrameDraw:15441 android.view.ThreadedRenderer$1.onFrameDraw:718 <bottom of call stack>
03-02 00:57:02.623  2746  2866 I VRI[test]@d78f948: Setting up sync and frameCommitCallback
03-02 00:57:02.623  1445 16865 W C2MtkBufferManager: [0xB4000070F68A9420] fetchNewCcBlock: wait fence 0x0xb4000070f692fea0 timed out. ret 110
03-02 00:57:02.624 17121 17121 I ImeFocusController: onPreWindowFocus: skipped hasWindowFocus=false mHasImeFocus=true
03-02 00:57:02.624 14636 15217 D WM-GreedyScheduler: Cancelling work ID f23029b8-b7a3-4a93-aaf6-b7c7a26dfe9e
03-02 00:57:02.624 17121 17121 I ImeFocusController: onPostWindowFocus: skipped hasWindowFocus=false mHasImeFocus=true
03-02 00:57:02.626 17532 17532 I DecorView: setWindowBackground: isPopOver=false color=ffffffff d=android.graphics.drawable.ColorDrawable@396693c
03-02 00:57:02.626  1445  2902 D C2MtkBufferManager: over 5000ms not request from VCodec but callback hooked, slow BM Cc fetch thread. Last get time was 90586037ms ago.
03-02 00:57:02.630 14636 15217 W JobInfo : Requested important-while-foreground flag for job3655 is ignored and takes no effect
03-02 00:57:02.630 14636 15217 D WM-SystemJobScheduler: Scheduling work ID f23029b8-b7a3-4a93-aaf6-b7c7a26dfe9eJob ID 3655
03-02 00:57:02.630  2013  4823 W ParceledListSlice: Element #30 is 21544 bytes.
03-02 00:57:02.640 17532 17532 I ViewRootImpl: dVRR is disabled
03-02 00:57:02.640 17532 17563 D NativeCustomFrequencyManager: [NativeCFMS] BpCustomFrequencyManager::BpCustomFrequencyManager()
03-02 00:57:02.640  2746  2870 I BLASTBufferQueue: [VRI[test]@d78f948#7680](f:0,a:0,s:0) onFrameAvailable the first frame is available
03-02 00:57:02.641  2746  2870 I BLASTBufferQueue: [VRI[test]@d78f948#7680](f:0,a:1,s:0) acquireNextBufferLocked size=1080x2340 mFrameNumber=1 applyTransaction=true mTimestamp=491101641368578(auto) mPendingTransactions.size=0 graphicBufferId=11793980283235 transform=0
03-02 00:57:02.641  2013  4829 D InputTransport: Input channel constructed: '1d588f8', fd=964
03-02 00:57:02.641  2013  4829 D InputTransport: Input channel constructed: '1d588f8', fd=1090
03-02 00:57:02.641  2013  4829 D InputTransport: Input channel constructed: '1d588f8', fd=1100
03-02 00:57:02.641  2013  4829 D InputTransport: Input channel destroyed: '1d588f8', fd=1090
03-02 00:57:02.641  2746  2870 I VRI[test]@d78f948: Received frameCommittedCallback lastAttemptedDrawFrameNum=1 didProduceBuffer=true
03-02 00:57:02.642  1507  2128 I SurfaceFlinger: id=155491 createSurf, flag=84004, 1d588f8 com.podcast.app.debug.test/androidx.test.core.app.InstrumentationActivityInvoker$EmptyActivity#155491
03-02 00:57:02.643  2746  2870 D HWUI    : CFMS:: SetUp Pid : 2746    Tid : 2870
03-02 00:57:02.643  2013  4829 D InputTransport: Input channel destroyed: '1d588f8', fd=1100
03-02 00:57:02.643  2746  2808 D VRI[test]@d78f948: reportDrawFinished seqId=0
03-02 00:57:02.643 17532 17532 D InputTransport: Input channel constructed: '1d588f8', fd=119
03-02 00:57:02.644 17532 17532 I InsetsController: onStateChanged: host=com.podcast.app.debug.test/androidx.test.core.app.InstrumentationActivityInvoker$EmptyActivity, from=android.view.ViewRootImpl.onInsetsStateChanged:3026, state=InsetsState: {mDisplayFrame=Rect(0, 0 - 1080, 2340), mDisplayCutout=DisplayCutout{insets=Rect(0, 80 - 0, 0) waterfall=Insets{left=0, top=0, right=0, bottom=0} boundingRect={Bounds=[Rect(0, 0 - 0, 0), Rect(472, 0 - 608, 80), Rect(0, 0 - 0, 0), Rect(0, 0 - 0, 0)]} cutoutPathParserInfo={CutoutPathParserInfo{displayWidth=1080 displayHeight=2340 physicalDisplayWidth=1080 physicalDisplayHeight=2340 density={2.8125} cutoutSpec={M 0,0 H -24.177777778 V 28.4444444444 H 24.177777778 V 0 H 0 Z @dp} rotation={0} scale={1.0} physicalPixelDisplaySizeRatio={1.0}}} sideOverrides={}}, mRoundedCorners=RoundedCorners{[RoundedCorner{position=TopLeft, radius=113, center=Point(113, 113)}, RoundedCorner{position=TopRight, radius=113, center=Point(967, 113)}, RoundedCorner{position=BottomRight, radius=113, center=Point(967, 2227)}, RoundedCorner{position=BottomLeft, radius=113, center=Point(113, 2227)}]}  mRoundedCornerFrame=Rect(0, 0 - 1080, 2340), mPrivacyIndicatorBounds=PrivacyIndicatorBounds {static bounds=Rect(956, 0 - 1080, 80) rotation=0}, mDisplayShape=DisplayShape{ spec=-311912193 displayWidth=1080 displayHeight=2340 physicalPixelDisplaySizeRatio=1.0 rotation=0 offsetX=0 offsetY=0 scale=1.0}, mSources= { InsetsSource: {e9af0000 mType=statusBars mFrame=[0,0][1080,80] mVisible=true mFlags= mSideHint=TOP mBoundingRects=null}, InsetsSource: {e9af0005 mType=mandatorySystemGestures mFrame=[0,0][1080,114] mVisible=true mFlags= mSideHint=TOP mBoundingRects=null}, InsetsSource: {e9af0006 mType=tappableElement mFrame=[0,0][1080,80] mVisible=true mFlags= mSideHint=TOP mBoundingRects=null}, InsetsSource: {3 mType=ime mFrame=[0,0][0,0] mVisible=false mFlags= mSideHint=NONE mBoundingRects=null}, InsetsSource: {27 mType=displayCutout mFrame=[0,0][1080,80] mVisible=true mFlags= mSideHint=TOP mBoundingRects=null}, InsetsSource: {26ed0001 mType=navigationBars mFrame=[0,2298][1080,2340] mVisible=true mFlags=SUPPRESS_SCRIM mSideHint=BOTTOM mBoundingRects=null}, InsetsSource: {26ed0004 mType=systemGestures mFrame=[0,0][84,2340] mVisible=true mFlags= mSideHint=LEFT mBoundingRects=null}, InsetsSource: {26ed0005 mType=mandatorySystemGestures mFrame=[0,2250][1080,2340] mVisible=true mFlags= mSideHint=BOTTOM mBoundingRects=null}, InsetsSource: {26ed0006 mType=tappableElement mFrame=[0,0][0,0] mVisible=true mFlags= mSideHint=NONE mBoundingRects=null}, InsetsSource: {26ed0024 mType=systemGestures mFrame=[996,0][1080,2340] mVisible=true mFlags= mSideHint=RIGHT mBoundingRects=null} }
03-02 00:57:02.644 17532 17532 I VRI[InstrumentationActivityInvoker$EmptyActivity]@7f09f4b: synced displayState. AttachInfo displayState=2
03-02 00:57:02.644 17532 17532 I VRI[InstrumentationActivityInvoker$EmptyActivity]@7f09f4b: setView = com.android.internal.policy.DecorView@bedbe6 IsHRR=false mFlingFrameRateChange=0 TM=true
03-02 00:57:02.646 17532 17563 D HWUI    : HWUI - treat SMPTE_170M as sRGB
03-02 00:57:02.649  1507  1507 I SurfaceFlinger: [1d588f8 com.podcast.app.debug.test/androidx.test.core.app.InstrumentationActivityInvoker$EmptyActivity#155491] attach to parent LayerHierarchy{RequestedLayerState{ActivityRecord{172282582 u0 com.podcast.app.debug.test/androidx.test.core.app.InstrumentationActivityInvoker$EmptyActivity t44849}#155488 parentId=155487} 2 children}
03-02 00:57:02.652  1507  1562 I SurfaceFlinger: id=155492 createSurf, flag=84004, Transition Root: Task=44849#155492
03-02 00:57:02.653  2013  2068 I SurfaceControlRegistry: show, t=StartTransaction_SyncId<11234> sc=ActivityRecord{172282582 u0 com.podcast.app.debug.test/androidx.test.core.app.InstrumentationActivityInvoker$EmptyActivity t44849}, caller=android.view.SurfaceControl$Transaction.show:3557 com.android.server.wm.Transition.onTransactionReady:2048 com.android.server.wm.BLASTSyncEngine$SyncGroup.finishNow:240 com.android.server.wm.BLASTSyncEngine.onSurfacePlacement:263 com.android.server.wm.RootWindowContainer.performSurfacePlacementNoTrace:1083 com.android.server.wm.WindowSurfacePlacer.performSurfacePlacement:166
03-02 00:57:02.656  2013  2068 D ScreenCapture: [Capture_TEST] : setIsScreenShotBySystem false
03-02 00:57:02.656  2013  2068 I SurfaceComposerClient: captureLayers:childrenOnly:1, sync:1
03-02 00:57:02.659  2013  3345 W ParceledListSlice: Element #30 is 21544 bytes.
03-02 00:57:02.663  1507  1825 I SurfaceFlinger: Capture layer list: 	 com.podcast.app.debug/androidx.activity.ComponentActivity$_17121#155479(seamlessTransition:0)
03-02 00:57:02.664  1445 16865 W C2MtkBufferManager: [0xB4000070F68A9420] fetchNewCcBlock: wait fence 0x0xb4000070f692fea0 timed out. ret 110
03-02 00:57:02.665  1507  1562 I SurfaceFlinger: Capture layer list: 	 com.podcast.app.debug/androidx.activity.ComponentActivity$_17121#155479(seamlessTransition:0)
03-02 00:57:02.665  2746  2798 I SurfaceControlRegistry: hide, t=FinishTransaction_SyncId<11234> sc=Task=44848, caller=android.view.SurfaceControl$Transaction.hide:3583 com.android.wm.shell.transition.Transitions.dispatchReady:1263 com.android.wm.shell.transition.Transitions.onTransitionReady:251 com.android.wm.shell.transition.Transitions$TransitionPlayerImpl$$ExternalSyntheticLambda0.run:13 android.os.Handler.handleCallback:995 android.os.Handler.dispatchMessage:103
03-02 00:57:02.666  1445  2902 W C2MtkBufferManager: [0xB4000070F507E520] fetchNewCcBlock: wait fence 0x0xb4000070f5058270 timed out. ret 110
03-02 00:57:02.666  2746  2798 I SurfaceControlRegistry: show, t=StartTransaction_SyncId<11234> sc=Task=44849, caller=android.view.SurfaceControl$Transaction.show:3557 com.android.wm.shell.transition.Transitions.dispatchReady:1279 com.android.wm.shell.transition.Transitions.onTransitionReady:251 com.android.wm.shell.transition.Transitions$TransitionPlayerImpl$$ExternalSyntheticLambda0.run:13 android.os.Handler.handleCallback:995 android.os.Handler.dispatchMessage:103
03-02 00:57:02.666  2746  2798 I SurfaceControlRegistry: show, t=FinishTransaction_SyncId<11234> sc=Task=44849, caller=android.view.SurfaceControl$Transaction.show:3557 com.android.wm.shell.transition.Transitions.dispatchReady:1330 com.android.wm.shell.transition.Transitions.onTransitionReady:251 com.android.wm.shell.transition.Transitions$TransitionPlayerImpl$$ExternalSyntheticLambda0.run:13 android.os.Handler.handleCallback:995 android.os.Handler.dispatchMessage:103
03-02 00:57:02.666  2746  2798 I SurfaceControlRegistry: show, t=StartTransaction_SyncId<11234> sc=Transition Root: Task=44849, caller=android.view.SurfaceControl$Transaction.show:3557 com.android.wm.shell.transition.Transitions.playTransition:79 com.android.wm.shell.transition.Transitions.processReadyQueue:239 com.android.wm.shell.transition.Transitions.dispatchReady:1352 com.android.wm.shell.transition.Transitions.onTransitionReady:251 com.android.wm.shell.transition.Transitions$TransitionPlayerImpl$$ExternalSyntheticLambda0.run:13
03-02 00:57:02.669  1507  2128 I SurfaceFlinger: id=155493 createSurf, flag=20004, DimTransitionLayer for Surface(name=Task=44849)/@0x8be7aea#155493
03-02 00:57:02.671  2746  2798 I SurfaceControlRegistry: show, t=StartTransaction_SyncId<11234> sc=DimTransitionLayer for Surface(name=Task=44849)/@0x8be7aea, caller=android.view.SurfaceControl$Transaction.show:3557 com.android.wm.shell.transition.DefaultTransitionHandler.startAnimation:2837 com.android.wm.shell.transition.Transitions.dispatchTransition:90 com.android.wm.shell.transition.Transitions.playTransition:774 com.android.wm.shell.transition.Transitions.processReadyQueue:239 com.android.wm.shell.transition.Transitions.dispatchReady:1352
03-02 00:57:02.672  2746  2798 I SurfaceControlRegistry: apply, t=StartTransaction_SyncId<11234>, caller=android.view.SurfaceControl$Transaction.apply:3459 android.view.SurfaceControl$Transaction.apply:3447 android.view.SurfaceControl$Transaction.apply:3397 com.android.wm.shell.transition.DefaultTransitionHandler.startAnimation:3292 com.android.wm.shell.transition.Transitions.dispatchTransition:90 com.android.wm.shell.transition.Transitions.playTransition:774
03-02 00:57:02.673 14885 16208 W System.err: FlagsHookHelper: skip hook flags method getInstanceHook
03-02 00:57:02.673  2013  2253 I WindowManager: Relayout Window{1d588f8 u0 com.podcast.app.debug.test/androidx.test.core.app.InstrumentationActivityInvoker$EmptyActivity}: viewVisibility=0 req=1080x2340 ty=1 d0
03-02 00:57:02.674  1507  2128 I SurfaceFlinger: id=155494 createSurf, flag=44004, com.podcast.app.debug.test/androidx.test.core.app.InstrumentationActivityInvoker$EmptyActivity$_17532#155494
03-02 00:57:02.676  1507  1562 I SurfaceFlinger: id=155495 createSurf, flag=24000, Surface(name=c536234 NavigationBar0)/@0xfac847b - animation-leash of insets_animation#155495
03-02 00:57:02.677  1507  1562 I SurfaceFlinger: id=155496 createSurf, flag=24000, Surface(name=a5d3a68 StatusBar)/@0xd5726d6 - animation-leash of insets_animation#155496
03-02 00:57:02.680  1507  1562 I SurfaceFlinger: id=155497 createSurf, flag=24000, Surface(name=c536234 NavigationBar0)/@0xfac847b - animation-leash of insets_animation#155497
03-02 00:57:02.680  3202 10541 I HoneySpace.RecentTasks: onRunningTaskAppeared
03-02 00:57:02.680  3202 10541 I HoneySpace.RecentTasks: onRecentTasksChanged
03-02 00:57:02.681  1507  1562 I SurfaceFlinger: id=155498 createSurf, flag=24000, Surface(name=a5d3a68 StatusBar)/@0xd5726d6 - animation-leash of insets_animation#155498
03-02 00:57:02.683  1507  1507 I SurfaceFlinger: RequestedLayer [23b1dc8 Splash Screen com.podcast.app.debug.test#155489] hidden!! flag  from(1) --> to(0)
03-02 00:57:02.683  1507  1507 I SurfaceFlinger: RequestedLayer [1d588f8 com.podcast.app.debug.test/a[...]ActivityInvoker$EmptyActivity#155491] hidden!! flag  from(1) --> to(0)
03-02 00:57:02.683  1507  1507 I SurfaceFlinger: RequestedLayer [Splash Screen com.podcast.app.debug.test$_2746#155490] hidden!! flag  from(1) --> to(0)
03-02 00:57:02.683  1507  1507 I SurfaceFlinger: RequestedLayer [Task=44849#155487] hidden!! flag  from(1) --> to(0)
03-02 00:57:02.683  1507  1507 E SurfaceFlinger: alpha changed 1.000 -> 0.000 - Task=44849#155487
03-02 00:57:02.683  1507  1507 I SurfaceFlinger: RequestedLayer [Transition Root: Task=44849#155492] hidden!! flag  from(1) --> to(0)
03-02 00:57:02.683  1507  1507 I SurfaceFlinger: RequestedLayer [ActivityRecord{172282582 u0 com.podc[...]Invoker$EmptyActivity t44849}#155488] hidden!! flag  from(1) --> to(0)
03-02 00:57:02.683  1507  1507 I SurfaceFlinger: RequestedLayer [DimTransitionLayer for Surface(name=Task=44849)/@0x8be7aea#155493] hidden!! flag  from(1) --> to(0)
03-02 00:57:02.683  1507  1507 E SurfaceFlinger: alpha changed 1.000 -> 0.000 - DimTransitionLayer for Surface(name=Task=44849)/@0x8be7aea#155493
03-02 00:57:02.683  1507  1507 E SurfaceFlinger: alpha changed 0.000 -> 1.000 - Task=44849#155487
03-02 00:57:02.683  1507  1507 E SurfaceFlinger: alpha changed 0.000 -> 0.000 - DimTransitionLayer for Surface(name=Task=44849)/@0x8be7aea#155493
03-02 00:57:02.683  1507  1507 I SurfaceFlinger: [LayerHierarchy{RequestedLayerState{Task=44848#155474 parentId=155492 z=2} 1 children}] reparent to LayerHierarchy{RequestedLayerState{Transition Root: Task=44849#155492 parentId=10 z=42} 1 children}
03-02 00:57:02.683  1507  1507 I SurfaceFlinger: [LayerHierarchy{RequestedLayerState{Task=44849#155487 parentId=155492 z=5} 1 children}] reparent to LayerHierarchy{RequestedLayerState{Transition Root: Task=44849#155492 parentId=10 z=42} 2 children}
03-02 00:57:02.683  1507  1507 I SurfaceFlinger: [Transition Root: Task=44849#155492] attach to parent LayerHierarchy{RequestedLayerState{DefaultTaskDisplayArea_d0#10 parentId=9} 45 children}
03-02 00:57:02.683  1507  1507 I SurfaceFlinger: [DimTransitionLayer for Surface(name=Task=44849)/@0x8be7aea#155493] attach to parent LayerHierarchy{RequestedLayerState{Transition Root: Task=44849#155492 parentId=10 z=42} 3 children}
03-02 00:57:02.683  1507  1507 I SurfaceFlinger: [com.podcast.app.debug.test/androidx.test.core.app.InstrumentationActivityInvoker$EmptyActivity$_17532#155494] attach to parent LayerHierarchy{RequestedLayerState{1d588f8 com.podcast.app.debug.test/androidx.test.core.app.InstrumentationActivityInvoker$EmptyActivity#155491 parentId=155488} 1 children}
03-02 00:57:02.683  1507  1507 I SurfaceFlinger: [Surface(name=c536234 NavigationBar0)/@0xfac847b - animation-leash of insets_animation#155495] attach to parent LayerHierarchy{RequestedLayerState{WindowToken{5cf38d1 type=2019 android.os.BinderProxy@916675b}#101 parentId=34} 2 children}
03-02 00:57:02.683  1507  1507 I SurfaceFlinger: [Surface(name=a5d3a68 StatusBar)/@0xd5726d6 - animation-leash of insets_animation#155496] attach to parent LayerHierarchy{RequestedLayerState{WindowToken{d05298b type=2000 android.os.BinderProxy@163b705}#108 parentId=17} 2 children}
03-02 00:57:02.683  1507  1507 I SurfaceFlinger: [Surface(name=c536234 NavigationBar0)/@0xfac847b - animation-leash of insets_animation#155497] attach to parent LayerHierarchy{RequestedLayerState{WindowToken{5cf38d1 type=2019 android.os.BinderProxy@916675b}#101 parentId=34} 3 children}
03-02 00:57:02.683  1507  1507 I SurfaceFlinger: [Surface(name=a5d3a68 StatusBar)/@0xd5726d6 - animation-leash of insets_animation#155498] attach to parent LayerHierarchy{RequestedLayerState{WindowToken{d05298b type=2000 android.os.BinderProxy@163b705}#108 parentId=17} 3 children}
03-02 00:57:02.683  2013  2253 I SystemKeyManager: requested systemKeyInfo size=1 focusedWindow=com.podcast.app.debug.test/androidx.test.core.app.InstrumentationActivityInvoker$EmptyActivity
03-02 00:57:02.683  2013  2253 I SystemKeyManager: requested systemKeyInfo size=2 focusedWindow=com.podcast.app.debug.test/androidx.test.core.app.InstrumentationActivityInvoker$EmptyActivity
03-02 00:57:02.684  2013  2253 I WindowManager: Relayout hash=1d588f8, pid=17532, syncId=-1: mAttrs={(0,0)(fillxfill) sim={adjust=pan forwardNavigation} layoutInDisplayCutoutMode=always ty=BASE_APPLICATION
03-02 00:57:02.684  2013  2253 I WindowManager:   fl=81810100
03-02 00:57:02.684  2013  2253 I WindowManager:   pfl=100088c0
03-02 00:57:02.684  2013  2253 I WindowManager:   bhv=1
03-02 00:57:02.684  2013  2253 I WindowManager:   fitSides=0
03-02 00:57:02.684  2013  2253 I WindowManager:   frameRateBoostOnTouch=true
03-02 00:57:02.684  2013  2253 I WindowManager:   dvrrWindowFrameRateHint=true naviIconColor=0}
03-02 00:57:02.684  3506  3506 E pageboostd: Received HALT command code 2
03-02 00:57:02.684 14885 15878 W NaviWarn: StackPtr is not 8-byte aligned.
03-02 00:57:02.685 17532 17532 D BufferQueueConsumer: [](id:447c00000005,api:0,p:-1,c:17532) connect: controlledByApp=false
03-02 00:57:02.686 17532 17532 I BLASTBufferQueue: [VRI[InstrumentationActivityInvoker$EmptyActivity]@7f09f4b#5](f:0,a:0,s:0) constructor()
03-02 00:57:02.686 17532 17532 I BLASTBufferQueue_Java: new BLASTBufferQueue, mName= VRI[InstrumentationActivityInvoker$EmptyActivity]@7f09f4b mNativeObject= 0xb40000783ab6cc00 caller= android.view.ViewRootImpl.updateBlastSurfaceIfNeeded:3585 android.view.ViewRootImpl.relayoutWindow:11685 android.view.ViewRootImpl.performTraversals:4804 android.view.ViewRootImpl.doTraversal:3924 android.view.ViewRootImpl$TraversalRunnable.run:12903 android.view.Choreographer$CallbackRecord.run:1901 android.view.Choreographer$CallbackRecord.run:1910 android.view.Choreographer.doCallbacks:1367 android.view.Choreographer.doFrame:1292 android.view.Choreographer$FrameDisplayEventReceiver.run:1870
03-02 00:57:02.686 17532 17532 I BLASTBufferQueue_Java: update, w= 1080 h= 2340 mName = VRI[InstrumentationActivityInvoker$EmptyActivity]@7f09f4b mNativeObject= 0xb40000783ab6cc00 sc.mNativeObject= 0xb400007876b2d140 format= -1 caller= android.view.ViewRootImpl.updateBlastSurfaceIfNeeded:3590 android.view.ViewRootImpl.relayoutWindow:11685 android.view.ViewRootImpl.performTraversals:4804 android.view.ViewRootImpl.doTraversal:3924 android.view.ViewRootImpl$TraversalRunnable.run:12903 android.view.Choreographer$CallbackRecord.run:1901
03-02 00:57:02.686 17532 17532 I BLASTBufferQueue: [VRI[InstrumentationActivityInvoker$EmptyActivity]@7f09f4b#5](f:0,a:0,s:0) update width=1080 height=2340 format=-1 mTransformHint=0
