03-02 00:57:43.954  1484  2000 V APM_AudioPolicyManager: setVolumeCurveIndex stream AUDIO_STREAM_ACCESSIBILITY, device 0x00000002, index 4  muted 0
03-02 00:57:43.954  2013  2013 D AS.AudioService: adjustSuggestedStreamVolume() stream=-2147483648, flags=4116, caller=android, volControlStream=-1, userSelect=false
03-02 00:57:43.955  2013  2600 D AS.AudioService: setStreamVolumeIndexAS(streamType=10, index=4, muted=false, device=1)
03-02 00:57:43.956  1484  2000 V APM_AudioPolicyManager: setVolumeCurveIndex stream AUDIO_STREAM_ACCESSIBILITY, device 0x00000001, index 4  muted 0
03-02 00:57:43.956  5019  5019 I [MCFDs]_IntentUtil: emitToConsumer - (BLUETOOTH_AUDIO_STATE) ACTION_ID_BLUETOOTH_AUDIO_VOLUME_CHANGED, consumer size=1
03-02 00:57:43.958  2013  4829 W system_server: Large reply transaction of 322012 bytes, interface descriptor android.app.IActivityTaskManager, code 26
03-02 00:57:43.959  2013  2600 D AS.AudioService: setStreamVolumeIndexAS(streamType=9, index=4, muted=false, device=2)
03-02 00:57:43.959  1484  2000 V APM_AudioPolicyManager: setVolumeCurveIndex stream AUDIO_STREAM_TTS, device 0x00000002, index 4  muted 0
03-02 00:57:43.959  1507  1825 I SurfaceFlinger: Capture layer list: 	 com.zhiliaoapp.musically/com.ss.android.ugc.aweme.splash.SplashActivity$_14885#156824(seamlessTransition:0)
03-02 00:57:43.959  1507  1825 I SurfaceFlinger: Capture layer list: 	 DimTransitionLayer for Surface(name=Task=44903)/@0xbbd3f9b#156842(seamlessTransition:0)
03-02 00:57:43.959  1507  1825 I SurfaceFlinger: Capture layer list: 	 com.podcast.app.debug.test/androidx.test.core.app.InstrumentationActivityInvoker$EmptyActivity$_17532#156817(seamlessTransition:0)
03-02 00:57:43.959  1507  1825 I SurfaceFlinger: Capture layer list: 	 Splash Screen com.podcast.app.debug.test$_2746#156815(seamlessTransition:0)
03-02 00:57:43.960  1484 24378 V APM_AudioPolicyManager: getAudioPolicyConfig: audioParam;l_stream_active
03-02 00:57:43.960  5235  5235 I HBD     : l writeToFile complete
03-02 00:57:43.960 10943 10943 I DVFSHelper: onReceive() : SEM_VOLUME_CHANGED_ACTION has received
03-02 00:57:43.961  2013  2600 D AS.AudioService: setStreamVolumeIndexAS(streamType=9, index=4, muted=false, device=1)
03-02 00:57:43.961  5235 19141 I HBD     : l Write selected lang for DE
03-02 00:57:43.961 10943 10943 I DVFSHelper: onReceive() : changed volume level is 5
03-02 00:57:43.961  5235 19141 I HBD     : l writeToFile path : /data/user_de/0/com.samsung.android.honeyboard/files/selected.json
03-02 00:57:43.961  5235 19141 I HBD     : l writeToFile json : {"version":"4.2","currentLanguageOrder":0,"selected":[{"activeOptionList":["auto_replace","auto_spacing","writing_assistant","prediction"],"bilingualId":-1,"engName":"English","id":65538,"inputType":"qwerty","isUsed":true},{"activeOptionList":["auto_replace","auto_spacing","prediction"],"bilingualId":-1,"engName":"Arabic","id":5308416,"inputType":"qwerty","isUsed":true}]}
03-02 00:57:43.961  5235  5235 I HBD     : g isCoverDisplay : false, cached selected json info : SelectedLanguageInfo(languageVersion=4.2, currentLanguageOrder=0, selectedLanguageList=[SelectedLanguage(id=65538, isUsed=true, engName=English, inputType=qwerty, activeOptionList=[auto_replace, auto_spacing, writing_assistant, prediction], bilingualId=-1), SelectedLanguage(id=5308416, isUsed=true, engName=Arabic, inputType=qwerty, activeOptionList=[auto_replace, auto_spacing, prediction], bilingualId=-1)])
03-02 00:57:43.961  1484 24378 V APM_AudioPolicyManager: setVolumeCurveIndex stream AUDIO_STREAM_TTS, device 0x00000001, index 4  muted 0
03-02 00:57:43.961  5235  5235 I HBD     : n updateActionOptionFromPreference isCover = false
03-02 00:57:43.961  5235  5235 I HBD     : n before lang.activeOptionList =  [auto_replace, auto_spacing, writing_assistant, prediction]
03-02 00:57:43.961  1507  1562 I SurfaceFlinger: id=156845 createSurf, flag=24004, Task=44902#156845
03-02 00:57:43.961 17121 17121 D BBA2    : setIsFg isFg = false; delayValue 3999ms
03-02 00:57:43.961  1507  1562 I SurfaceFlinger: onHandleDestroyed: layerId=156807, name=226f2b5 ActivityRecordInputSink com.podcast.app.debug/androidx.activity.ComponentActivity#156807
03-02 00:57:43.961  1507  1562 I SurfaceFlinger: id=156807 Removed 226f2b5 ActivityRecordInputSink com.podcast.app.debug/androidx.activity.ComponentActivity#156807 (335)
03-02 00:57:43.961 17121 17121 D InputTransport: Input channel destroyed: 'ClientS', fd=156
03-02 00:57:43.961 10943 19142 I DVFSHelper: run() : beginning of thread for SEM_VOLUME_CHANGED_ACTION
03-02 00:57:43.961 10943 19142 I DVFSHelper: setCurrentMediaVolume() : current media volume is active, so need to boost cpu
03-02 00:57:43.962 10943 19142 I DVFSHelper: run() : end of thread for SEM_VOLUME_CHANGED_ACTION
03-02 00:57:43.962  2013  2013 D AS.AudioService: adjustStreamVolume() stream=3, dir=0, flags=4116, caller=android
03-02 00:57:43.962  1484  2000 V APM_AudioPolicyManager: setAudioPolicyConfig: audioParam;l_volume_fine_key;index=42;device=2
03-02 00:57:43.962  1484  2000 V APM_AudioPolicyManager: setVolumeCurveIndex stream AUDIO_STREAM_MUSIC, device 0x00000002, index 4  muted 0
03-02 00:57:43.963  1484  2000 V APM_AudioPolicyManager: checkAndSetVolume: output 21, stream 3, index 4, devices 0x2, volume 0.018316, delayMs 0, muted false
03-02 00:57:43.963  5235  5235 I HBD     : n after lang.activeOptionList = [auto_replace, auto_spacing, writing_assistant, prediction]
03-02 00:57:43.964  1507  1507 I SurfaceFlinger: RequestedLayer [Surface(name=2141cda InputMethod)/@0[...]ion-leash of insets_animation#156844] hidden!! flag  from(1) --> to(0)
03-02 00:57:43.964 10943 10943 I AudioPathManager: loadAudioPath() : loaded audio path is speaker (0)
03-02 00:57:43.964 10943 10943 I ModelUtil: isHighEndModel() : this model is SM-A155F
03-02 00:57:43.964  1507  1507 E SurfaceFlinger: alpha changed 1.000 -> 0.000 - Surface(name=2141cda InputMethod)/@0x5ea0b56 - animation-leash of insets_animation#156844
03-02 00:57:43.964 10943 10943 I EffectManager: isSupportDolbyAtmosOnThisAudioPath() : path is speaker (0)
03-02 00:57:43.964 10943 10943 I AudioPathManager: loadAudioPath() : loaded audio path is speaker (0)
03-02 00:57:43.964 10943 10943 I EffectManager: isSupportVolumeNormalizationOnCurrentAudioPath() : path is speaker (0)
03-02 00:57:43.964 10943 10943 I DVFSHelper: isNecessaryToBoostCPU() : isDolbyOn? false, isUHQUpscalerOn? false, isVoiceBoostOn? false, isVolumeNormalizationOn? false
03-02 00:57:43.964  1507  1507 I SurfaceFlinger: [LayerHierarchy{RequestedLayerState{ImeContainer#15 parentId=147902 relativeParentId=155210 z=1} 1 children}] reparent to LayerHierarchy{RequestedLayerState{ActivityRecord{2751228 u0 com.zhiliaoapp.musically/com.ss.android.ugc.aweme.splash.SplashActivity t44543}#147902 parentId=147901} 3 children}
03-02 00:57:43.964  1507  1507 I SurfaceFlinger: [LayerHierarchy{RequestedLayerState{ImeContainer#15 parentId=147902 relativeParentId=155210 z=1} 1 children}] RelativeParent to LayerHierarchy{RequestedLayerState{cd2d6b5 com.zhiliaoapp.musically/com.ss.android.ugc.aweme.splash.SplashActivity#155210 parentId=147902} 2 children}
03-02 00:57:43.964  1507  1507 I SurfaceFlinger: [LayerHierarchy{RequestedLayerState{2141cda InputMethod#159 parentId=156844} no children}] reparent to LayerHierarchy{RequestedLayerState{Surface(name=2141cda InputMethod)/@0x5ea0b56 - animation-leash of insets_animation#156844 parentId=143} 1 children}
03-02 00:57:43.964  1507  1507 I SurfaceFlinger: [LayerHierarchy{RequestedLayerState{d03a917 com.podcast.app.debug.test/androidx.test.core.app.InstrumentationActivityInvoker$EmptyActivity#156816 parentId=156843} 1 children}] reparent to LayerHierarchy{RequestedLayerState{Surface(name=d03a917 com.podcast.app.debug.test/androidx.test.core.app.InstrumentationActivityInvoker$EmptyActivity)/@0xef991c7 - animation-leash of starting_reveal#156843 parentId=156813} 1 children}
03-02 00:57:43.964  1507  1507 I SurfaceFlinger: [LayerHierarchy{RequestedLayerState{com.podcast.app.debug/androidx.activity.ComponentActivity$_17121#156803} no children}] reparent to OffscreenRoot
03-02 00:57:43.964  1507  1507 I SurfaceFlinger: [LayerHierarchy{RequestedLayerState{com.podcast.app.debug/androidx.activity.ComponentActivity$_17121#156803} no children}] RelativeParent to null
03-02 00:57:43.964  1507  1507 I SurfaceFlinger: [LayerHierarchy{RequestedLayerState{Surface(name=2141cda InputMethod)/@0x5ea0b56 - animation-leash of insets_animation#156811} no children}] reparent to OffscreenRoot
03-02 00:57:43.964  1507  1507 I SurfaceFlinger: [LayerHierarchy{RequestedLayerState{Surface(name=2141cda InputMethod)/@0x5ea0b56 - animation-leash of insets_animation#156811} no children}] RelativeParent to null
03-02 00:57:43.964  1507  1507 I SurfaceFlinger: [LayerHierarchy{RequestedLayerState{7eb3ed9 com.podcast.app.debug/androidx.activity.ComponentActivity#156802} no children}] reparent to OffscreenRoot
03-02 00:57:43.964  1507  1507 I SurfaceFlinger: [LayerHierarchy{RequestedLayerState{7eb3ed9 com.podcast.app.debug/androidx.activity.ComponentActivity#156802} no children}] RelativeParent to null
03-02 00:57:43.964  1507  1507 I SurfaceFlinger: [Task=44902#156845] attach to parent Root
03-02 00:57:43.964  5235  5235 I HBD     : l writeToFile path : /data/user/0/com.samsung.android.honeyboard/files/selected.json
03-02 00:57:43.964  5235  5235 I HBD     : l writeToFile json : {"version":"4.2","currentLanguageOrder":0,"selected":[{"activeOptionList":["auto_replace","auto_spacing","writing_assistant","prediction"],"bilingualId":-1,"engName":"English","id":65538,"inputType":"qwerty","isUsed":true},{"activeOptionList":["auto_replace","auto_spacing","prediction"],"bilingualId":-1,"engName":"Arabic","id":5308416,"inputType":"qwerty","isUsed":true}]}
03-02 00:57:43.965  1484  2000 D APM_AudioPolicyManager: checkAndSetGainTableAnalogGain stream 3, devices 0x2, index 4
03-02 00:57:43.966  2746  3672 I vol.Events: writeEvent active_stream_changed STREAM_MUSIC
03-02 00:57:43.966  5235  5235 I HBD     : l writeToFile complete
03-02 00:57:43.967  5235  5235 I HBD     : m normal : updateLanguage : English
03-02 00:57:43.967  5235 19143 I HBD     : l Write selected lang for DE
03-02 00:57:43.967  5235 19143 I HBD     : l writeToFile path : /data/user_de/0/com.samsung.android.honeyboard/files/selected.json
03-02 00:57:43.967  5235 19143 I HBD     : l writeToFile json : {"version":"4.2","currentLanguageOrder":0,"selected":[{"activeOptionList":["auto_replace","auto_spacing","writing_assistant","prediction"],"bilingualId":-1,"engName":"English","id":65538,"inputType":"qwerty","isUsed":true},{"activeOptionList":["auto_replace","auto_spacing","prediction"],"bilingualId":-1,"engName":"Arabic","id":5308416,"inputType":"qwerty","isUsed":true}]}
03-02 00:57:43.967  5235  5235 I HBD     : g isCoverDisplay : false, cached selected json info : SelectedLanguageInfo(languageVersion=4.2, currentLanguageOrder=0, selectedLanguageList=[SelectedLanguage(id=65538, isUsed=true, engName=English, inputType=qwerty, activeOptionList=[auto_replace, auto_spacing, writing_assistant, prediction], bilingualId=-1), SelectedLanguage(id=5308416, isUsed=true, engName=Arabic, inputType=qwerty, activeOptionList=[auto_replace, auto_spacing, prediction], bilingualId=-1)])
03-02 00:57:43.968  5235  5235 I HBD     : g isCoverDisplay : false, cached selected json info : SelectedLanguageInfo(languageVersion=4.2, currentLanguageOrder=0, selectedLanguageList=[SelectedLanguage(id=65538, isUsed=true, engName=English, inputType=qwerty, activeOptionList=[auto_replace, auto_spacing, writing_assistant, prediction], bilingualId=-1), SelectedLanguage(id=5308416, isUsed=true, engName=Arabic, inputType=qwerty, activeOptionList=[auto_replace, auto_spacing, prediction], bilingualId=-1)])
03-02 00:57:43.968  5235  5235 I HBD     : n updateActionOptionFromPreference isCover = false
03-02 00:57:43.968  5235  5235 I HBD     : n before lang.activeOptionList =  [auto_replace, auto_spacing, writing_assistant, prediction]
03-02 00:57:43.969  5235 19141 I HBD     : l writeToFile complete
03-02 00:57:43.970  5235  5235 I HBD     : n after lang.activeOptionList = [auto_replace, auto_spacing, writing_assistant, prediction]
03-02 00:57:43.971  5235  5235 I HBD     : l writeToFile path : /data/user/0/com.samsung.android.honeyboard/files/selected.json
03-02 00:57:43.971  5235  5235 I HBD     : l writeToFile json : {"version":"4.2","currentLanguageOrder":0,"selected":[{"activeOptionList":["auto_replace","auto_spacing","writing_assistant","prediction"],"bilingualId":-1,"engName":"English","id":65538,"inputType":"qwerty","isUsed":true},{"activeOptionList":["auto_replace","auto_spacing","prediction"],"bilingualId":-1,"engName":"Arabic","id":5308416,"inputType":"qwerty","isUsed":true}]}
03-02 00:57:43.971 17121 17305 D IdlingRegistry: Unregistering idling resources: [androidx.compose.ui.test.EspressoLink@4555cd]
03-02 00:57:43.972  1484  1888 D StreamHalAidl: [out|ioHandle:13] setParameters: parameters: "volumeDevice=2;volumeIndex=4;volumeStreamType=3"
03-02 00:57:43.972  1509  1509 D Audio_ParameterParser: parseVendorParameters: scope: STREAM, keys/values: volumeDevice=2;volumeIndex=4;volumeStreamType=3
03-02 00:57:43.973 17121 17305 I TestRunner: finished: darkModeToggle_clicking_light_segment_invokes_callback_with_false(com.podcast.app.ui.SettingsScreenTest)
