03-02 00:57:30.351 14885 16239 D SensorManager: registerListener :: 5, TCS3701 Light, 200000, 0,
03-02 00:57:30.352  2013  4835 D AS.AudioService: [Android Auto] isConnectedAndroidAuto = false
03-02 00:57:30.352  2013  4835 D MediaFocusControl: selectFocusStack, uid = 10350, appDevice = 0, device = 2
03-02 00:57:30.352  2746  2746 D AppController: AppControlSensorListener.onSensorChanged, Rotation: -1
03-02 00:57:30.353 14885 16246 D AudioTrack: setVolume(1.000000, 1.000000) pid : 14885
03-02 00:57:30.353 14885 14885 I DecorView: setWindowBackground: isPopOver=false color=ff000000 d=android.graphics.drawable.ColorDrawable@b709b79
03-02 00:57:30.354 14885 17072 W System.err: FlagsHookHelper: skip hook flags method getInstanceHook
03-02 00:57:30.356  2991  3003 I LocationAccessPolicy: checkLocationPermission - callingUid: 10492, callingPid: 14636, result: DENIED_SOFT
03-02 00:57:30.360 14885 15878 W NaviWarn: StackPtr is not 8-byte aligned.
03-02 00:57:30.362 25915 26075 I Rubin   : [4019] M.c0.k(Unknown Source) : Notify com.samsung.android.rubin.inferenceengine.contextanalytics.engine.loggers.AppUsageLogger's database is updated.
03-02 00:57:30.365  1507  1825 I SurfaceFlinger: Capture layer list: 	 com.podcast.app.debug/androidx.activity.ComponentActivity$_17121#156347(seamlessTransition:0)
03-02 00:57:30.366 14885 14885 I System.out: SAFActivity V Scene Framework: NavigationMessageQueue postSync run current task finish 14_Y.ARunnableS108S0200000_32@3874261
03-02 00:57:30.367 14885 14885 I System.out: SAFActivity V Scene Framework: NavigationMessageQueue postSync finish
03-02 00:57:30.367 14885 14885 I System.out: SceneSafeLifecycleDispatcher: onResumed End RESUME
03-02 00:57:30.367 14885 14885 I System.out: SAFActivity: com.ss.android.ugc.aweme.main.MainActivity@c20428f,  onResume End
03-02 00:57:30.369 14885 14885 I SV[6876039 SplashActivity]: onWindowVisibilityChanged(0) false X.0fk7{68eb87 V.E...... ........ 0,80-1080,2000} of VRI[SplashActivity]@35f4eb8
03-02 00:57:30.369 14885 14885 D SV[6876039 SplashActivity]: updateSurface: surface is not valid
03-02 00:57:30.369 14885 14885 I SV[6876039 SplashActivity]: releaseSurfaces: viewRoot = VRI[SplashActivity]@35f4eb8
03-02 00:57:30.369 14885 14885 D VRI[SplashActivity]@35f4eb8: applyTransactionOnDraw applyImmediately
03-02 00:57:30.370 14885 14885 I SV[7374587 SplashActivity]: onWindowVisibilityChanged(0) false X.0fk7{7086fb V.E...... ........ 0,80-1080,2000} of VRI[SplashActivity]@35f4eb8
03-02 00:57:30.370 14885 14885 D SV[7374587 SplashActivity]: updateSurface: surface is not valid
03-02 00:57:30.370 14885 14885 I SV[7374587 SplashActivity]: releaseSurfaces: viewRoot = VRI[SplashActivity]@35f4eb8
03-02 00:57:30.370 14885 14885 D VRI[SplashActivity]@35f4eb8: applyTransactionOnDraw applyImmediately
03-02 00:57:30.370 14885 14885 I SV[137774491 SplashActivity]: onWindowVisibilityChanged(0) false X.0fk7{836459b V.E...... ........ 0,81-1080,1998} of VRI[SplashActivity]@35f4eb8
03-02 00:57:30.370 14885 14885 D SV[137774491 SplashActivity]: updateSurface: surface is not valid
03-02 00:57:30.370 14885 14885 I SV[137774491 SplashActivity]: releaseSurfaces: viewRoot = VRI[SplashActivity]@35f4eb8
03-02 00:57:30.370 14885 14885 D VRI[SplashActivity]@35f4eb8: applyTransactionOnDraw applyImmediately
03-02 00:57:30.372  2013  3566 I WindowManager: Relayout Window{cd2d6b5 u0 com.zhiliaoapp.musically/com.ss.android.ugc.aweme.splash.SplashActivity}: viewVisibility=0 req=1080x2340 ty=1 d0
03-02 00:57:30.374  1507  2128 I SurfaceFlinger: id=156366 createSurf, flag=44004, com.zhiliaoapp.musically/com.ss.android.ugc.aweme.splash.SplashActivity$_14885#156366
03-02 00:57:30.374  2013  2065 D PkgPredictorService-SecIpmManagerServiceImpl: onForegroundActivitiesChanged pid:14885 uid:10350
03-02 00:57:30.377 14885 15878 W NaviWarn: StackPtr is not 8-byte aligned.
03-02 00:57:30.378  3202  3386 I HoneySpace.TopTaskSource: onTaskMovedToFront : taskId = 44543, displayId = 0
03-02 00:57:30.379  3202  3390 I HoneySpace.TopTaskUseCase: topTasks 44543 ComponentInfo{com.zhiliaoapp.musically/com.ss.android.ugc.aweme.main.MainActivity}[displayId=0]
03-02 00:57:30.380  1507  1507 I SurfaceFlinger: [com.zhiliaoapp.musically/com.ss.android.ugc.aweme.splash.SplashActivity$_14885#156366] attach to parent LayerHierarchy{RequestedLayerState{cd2d6b5 com.zhiliaoapp.musically/com.ss.android.ugc.aweme.splash.SplashActivity#155210 parentId=147902} 1 children}
03-02 00:57:30.380  3202  4701 I HoneySpace.RecentTasks: onRecentTasksChanged
03-02 00:57:30.387  2013  4835 I MediaFocusControl: removeFocusStackEntry client:android.media.AudioManager@b7fcc9dX.143s@4302512
03-02 00:57:30.387  2013  4835 I MediaFocusControl: propagateFocusLossFromGain_syncAf gain:2
03-02 00:57:30.387  2013  4835 I MediaFocusControl: propagateFocusLossFromGain_syncAf empty stack
03-02 00:57:30.388 25915 26075 I Rubin   : [4019] com.samsung.android.rubin.inferenceengine.contextanalytics.engine.monitors.moment.exercise.ExercisingWithCalendarMonitor.isSatisfiedByCalendarEvent(Unknown Source) : isSatisfiedByCalendarEvent is false
03-02 00:57:30.388  1507  2128 I SurfaceFlinger: id=156367 createSurf, flag=24000, Surface(name=c536234 NavigationBar0)/@0xfac847b - animation-leash of insets_animation#156367
03-02 00:57:30.389 25915 26075 I Rubin   : [4019] com.samsung.android.rubin.inferenceengine.contextanalytics.engine.monitors.moment.exercise.ExercisingWithCmhMonitor.isSatisfiedByCmh(Unknown Source) : isSatisfiedByCmh is false
03-02 00:57:30.391  1507  2128 I SurfaceFlinger: id=156368 createSurf, flag=24000, Surface(name=a5d3a68 StatusBar)/@0xd5726d6 - animation-leash of insets_animation#156368
03-02 00:57:30.391  1507  1507 I SurfaceFlinger: [Surface(name=c536234 NavigationBar0)/@0xfac847b - animation-leash of insets_animation#156367] attach to parent LayerHierarchy{RequestedLayerState{WindowToken{5cf38d1 type=2019 android.os.BinderProxy@916675b}#101 parentId=34} 2 children}
03-02 00:57:30.391  1507  1507 I SurfaceFlinger: [Surface(name=a5d3a68 StatusBar)/@0xd5726d6 - animation-leash of insets_animation#156368] attach to parent LayerHierarchy{RequestedLayerState{WindowToken{d05298b type=2000 android.os.BinderProxy@163b705}#108 parentId=17} 2 children}
03-02 00:57:30.392  1445  2902 W C2MtkBufferManager: [0xB4000070F507E520] fetchNewCcBlock: wait fence 0x0xb4000070f5058270 timed out. ret 110
03-02 00:57:30.408  2013  3566 I SystemKeyManager: requested systemKeyInfo size=1 focusedWindow=com.zhiliaoapp.musically/com.ss.android.ugc.aweme.splash.SplashActivity
03-02 00:57:30.408  2013  3566 I SystemKeyManager: requested systemKeyInfo size=2 focusedWindow=com.zhiliaoapp.musically/com.ss.android.ugc.aweme.splash.SplashActivity
03-02 00:57:30.412  2013  3566 I WindowManager: Relayout hash=cd2d6b5, pid=14885, syncId=-1: mAttrs={(0,0)(fillxfill) sim={adjust=pan forwardNavigation} layoutInDisplayCutoutMode=always ty=BASE_APPLICATION fmt=TRANSLUCENT wanim=0x1030317
03-02 00:57:30.412  2013  3566 I WindowManager:   fl=81810180
03-02 00:57:30.412  2013  3566 I WindowManager:   pfl=10008840
03-02 00:57:30.412  2013  3566 I WindowManager:   vsysui=400
03-02 00:57:30.412  2013  3566 I WindowManager:   apr=10
03-02 00:57:30.412  2013  3566 I WindowManager:   bhv=1
03-02 00:57:30.412  2013  3566 I WindowManager:   fitSides=0
03-02 00:57:30.412  2013  3566 I WindowManager:   frameRateBoostOnTouch=true
03-02 00:57:30.412  2013  3566 I WindowManager:   dvrrWindowFrameRateHint=true naviIconColor=0
03-02 00:57:30.412  2013  3566 I WindowManager:   sfl=100000}
03-02 00:57:30.415 14885 14885 D BufferQueueConsumer: [](id:3a250000006e,api:0,p:-1,c:14885) connect: controlledByApp=false
03-02 00:57:30.415 14885 14885 I BLASTBufferQueue: [VRI[SplashActivity]@35f4eb8#105](f:0,a:0,s:0) constructor()
03-02 00:57:30.415 14885 14885 I BLASTBufferQueue_Java: new BLASTBufferQueue, mName= VRI[SplashActivity]@35f4eb8 mNativeObject= 0x769b545000 caller= android.view.ViewRootImpl.updateBlastSurfaceIfNeeded:3585 android.view.ViewRootImpl.relayoutWindow:11685 android.view.ViewRootImpl.performTraversals:4804 android.view.ViewRootImpl.doTraversal:3924 android.view.ViewRootImpl$TraversalRunnable.run:12903 android.view.Choreographer$CallbackRecord.run:1901 android.view.Choreographer$CallbackRecord.run:1910 android.view.Choreographer.doCallbacks:1367 android.view.Choreographer.doFrame:1292 android.view.Choreographer$FrameDisplayEventReceiver.run:1870
03-02 00:57:30.415 14885 14885 I BLASTBufferQueue_Java: update, w= 1080 h= 2340 mName = VRI[SplashActivity]@35f4eb8 mNativeObject= 0x769b545000 sc.mNativeObject= 0x6fe0217dc0 format= -3 caller= android.view.ViewRootImpl.updateBlastSurfaceIfNeeded:3590 android.view.ViewRootImpl.relayoutWindow:11685 android.view.ViewRootImpl.performTraversals:4804 android.view.ViewRootImpl.doTraversal:3924 android.view.ViewRootImpl$TraversalRunnable.run:12903 android.view.Choreographer$CallbackRecord.run:1901
03-02 00:57:30.415 14885 14885 I BLASTBufferQueue: [VRI[SplashActivity]@35f4eb8#105](f:0,a:0,s:0) update width=1080 height=2340 format=-3 mTransformHint=0
03-02 00:57:30.416 14885 14885 I VRI[SplashActivity]@35f4eb8: Relayout returned: old=(0,0,1080,2340) new=(0,0,1080,2340) relayoutAsync=false req=(1080,2340)0 dur=43 res=0x3 s={true 0x76d4a08300} ch=true seqId=0
03-02 00:57:30.417 14885 14885 D VRI[SplashActivity]@35f4eb8: mThreadedRenderer.initialize() mSurface={isValid=true 0x76d4a08300} hwInitialized=true
03-02 00:57:30.418 14885 14885 I SV[6876039 SplashActivity]: windowStopped(false) true X.0fk7{68eb87 V.E...... ........ 0,80-1080,2000} of VRI[SplashActivity]@35f4eb8
03-02 00:57:30.418 14885 14885 I SurfaceView: 6876039 Changes: creating=true format=false size=false visible=true alpha=false hint=false left=false top=false z=false attached=true lifecycleStrategy=false
03-02 00:57:30.418  1507  1563 I SurfaceFlinger: id=156369 createSurf, flag=20004, Bounds for - com.zhiliaoapp.musically/com.ss.android.ugc.aweme.splash.SplashActivity@24#156369
03-02 00:57:30.419  1507  1563 I SurfaceFlinger: id=156370 createSurf, flag=84004, 68eb87 SurfaceView[com.zhiliaoapp.musically/com.ss.android.ugc.aweme.splash.SplashActivity]@0#156370
03-02 00:57:30.420  1507  1562 I SurfaceFlinger: id=156371 createSurf, flag=44400, 68eb87 SurfaceView[com.zhiliaoapp.musically/com.ss.android.ugc.aweme.splash.SplashActivity]@0(BLAST)#156371
03-02 00:57:30.421  1507  1563 I SurfaceFlinger: id=156372 createSurf, flag=20404, Background for 68eb87 SurfaceView[com.zhiliaoapp.musically/com.ss.android.ugc.aweme.splash.SplashActivity]@0#156372
03-02 00:57:30.421 14885 14885 D BufferQueueConsumer: [](id:3a250000006f,api:0,p:-1,c:14885) connect: controlledByApp=false
03-02 00:57:30.421 14885 14885 I BLASTBufferQueue: [68eb87 SurfaceView[com.zhiliaoapp.musically/com.ss.android.ugc.aweme.splash.SplashActivity]@0#106](f:0,a:0,s:0) constructor()
03-02 00:57:30.423  1646  5384 I CameraService: onUidStateChanged: uid=10235, procState is changed. (4 -> 3)
03-02 00:57:30.423 14885 14885 I BLASTBufferQueue_Java: new BLASTBufferQueue, mName= 68eb87 SurfaceView[com.zhiliaoapp.musically/com.ss.android.ugc.aweme.splash.SplashActivity]@0 mNativeObject= 0x6f5977d800 caller= android.view.SurfaceView.createBlastSurfaceControls:1781 android.view.SurfaceView.updateSurface:1450 android.view.SurfaceView.setWindowStopped:539 android.view.SurfaceView.surfaceCreated:2327 android.view.ViewRootImpl.notifySurfaceCreated:3502 android.view.ViewRootImpl.performTraversals:5286 android.view.ViewRootImpl.doTraversal:3924 android.view.ViewRootImpl$TraversalRunnable.run:12903 android.view.Choreographer$CallbackRecord.run:1901 android.view.Choreographer$CallbackRecord.run:1910
03-02 00:57:30.423 14885 14885 I BLASTBufferQueue_Java: update, w= 1080 h= 1920 mName = 68eb87 SurfaceView[com.zhiliaoapp.musically/com.ss.android.ugc.aweme.splash.SplashActivity]@0 mNativeObject= 0x6f5977d800 sc.mNativeObject= 0x6fdfd2d380 format= 4 caller= android.view.SurfaceView.createBlastSurfaceControls:1782 android.view.SurfaceView.updateSurface:1450 android.view.SurfaceView.setWindowStopped:539 android.view.SurfaceView.surfaceCreated:2327 android.view.ViewRootImpl.notifySurfaceCreated:3502 android.view.ViewRootImpl.performTraversals:5286
03-02 00:57:30.423 14885 14885 I BLASTBufferQueue: [68eb87 SurfaceView[com.zhiliaoapp.musically/com.ss.android.ugc.aweme.splash.SplashActivity]@0#106](f:0,a:0,s:0) update width=1080 height=1920 format=4 mTransformHint=0
03-02 00:57:30.423 14885 14885 I SurfaceView: 6876039 Cur surface: Surface(name=null mNativeObject=0)/@0x56b4ffd
03-02 00:57:30.423 14885 14885 I SV[6876039 SplashActivity]: pST: sr = Rect(4320, -2080 - 5400, -160) sw = 1080 sh = 1920
03-02 00:57:30.423 14885 14885 D SurfaceView: 6876039 performSurfaceTransaction RenderWorker position = [4320, -2080, 5400, -160] surfaceSize = 1080x1920
03-02 00:57:30.423 14885 14885 I SV[6876039 SplashActivity]: updateSurface: mVisible = true mSurface.isValid() = true
03-02 00:57:30.423 14885 14885 I SV[6876039 SplashActivity]: updateSurface: mSurfaceCreated = false surfaceChanged = true visibleChanged = true
03-02 00:57:30.423 14885 14885 I SurfaceView: 6876039 visibleChanged -- surfaceCreated
03-02 00:57:30.424 14885 14885 I SV[6876039 SplashActivity]: surfaceCreated 1 #1 X.0fk7{68eb87 V.E...... ........ 0,80-1080,2000}
03-02 00:57:30.424 14885 14885 I SurfaceView: 6876039 surfaceChanged -- format=4 w=1080 h=1920
03-02 00:57:30.424 14885 14885 I SV[6876039 SplashActivity]: surfaceChanged (1080,1920) 1 #1 X.0fk7{68eb87 V.E...... ........ 0,80-1080,2000}
03-02 00:57:30.424 14885 14885 I SurfaceView: 6876039 surfaceRedrawNeeded
03-02 00:57:30.425 14885 14885 I SurfaceView: 6876039 finishedDrawing
03-02 00:57:30.425 14885 14885 V SurfaceView: Layout: x=4320 y=-2080 w=1080 h=1920, frame=Rect(0, 0 - 1080, 1920)
03-02 00:57:30.425 14885 14885 I SV[7374587 SplashActivity]: windowStopped(false) true X.0fk7{7086fb V.E...... ........ 0,80-1080,2000} of VRI[SplashActivity]@35f4eb8
03-02 00:57:30.425 14885 14885 I SurfaceView: 7374587 Changes: creating=true format=false size=false visible=true alpha=false hint=false left=false top=false z=false attached=true lifecycleStrategy=false
03-02 00:57:30.425  1507  1507 I SurfaceFlinger: [Bounds for - com.zhiliaoapp.musically/com.ss.android.ugc.aweme.splash.SplashActivity@24#156369] attach to parent LayerHierarchy{RequestedLayerState{com.zhiliaoapp.musically/com.ss.android.ugc.aweme.splash.SplashActivity$_14885#156366 parentId=155210} 1 children}
03-02 00:57:30.425  1507  1507 I SurfaceFlinger: [68eb87 SurfaceView[com.zhiliaoapp.musically/com.ss.android.ugc.aweme.splash.SplashActivity]@0#156370] attach to parent LayerHierarchy{RequestedLayerState{Bounds for - com.zhiliaoapp.musically/com.ss.android.ugc.aweme.splash.SplashActivity@24#156369 parentId=156366} 1 children}
03-02 00:57:30.425  1507  1507 I SurfaceFlinger: [68eb87 SurfaceView[com.zhiliaoapp.musically/com.ss.android.ugc.aweme.splash.SplashActivity]@0(BLAST)#156371] attach to parent LayerHierarchy{RequestedLayerState{68eb87 SurfaceView[com.zhiliaoapp.musically/com.ss.android.ugc.aweme.splash.SplashActivity]@0#156370 parentId=156369} 1 children}
03-02 00:57:30.425  1507  1507 I SurfaceFlinger: [Background for 68eb87 SurfaceView[com.zhiliaoapp.musically/com.ss.android.ugc.aweme.splash.SplashActivity]@0#156372] attach to parent LayerHierarchy{RequestedLayerState{68eb87 SurfaceView[com.zhiliaoapp.musically/com.ss.android.ugc.aweme.splash.SplashActivity]@0#156370 parentId=156369} 2 children}
03-02 00:57:30.425  1507  1562 I SurfaceFlinger: id=156373 createSurf, flag=84004, 7086fb SurfaceView[com.zhiliaoapp.musically/com.ss.android.ugc.aweme.splash.SplashActivity]@0#156373
03-02 00:57:30.426  1507  1907 I SurfaceFlinger: id=156374 createSurf, flag=44400, 7086fb SurfaceView[com.zhiliaoapp.musically/com.ss.android.ugc.aweme.splash.SplashActivity]@0(BLAST)#156374
03-02 00:57:30.427  1507  2128 I SurfaceFlinger: id=156375 createSurf, flag=20404, Background for 7086fb SurfaceView[com.zhiliaoapp.musically/com.ss.android.ugc.aweme.splash.SplashActivity]@0#156375
03-02 00:57:30.428 14885 14885 D BufferQueueConsumer: [](id:3a2500000070,api:0,p:-1,c:14885) connect: controlledByApp=false
03-02 00:57:30.429 14885 14885 I BLASTBufferQueue: [7086fb SurfaceView[com.zhiliaoapp.musically/com.ss.android.ugc.aweme.splash.SplashActivity]@0#107](f:0,a:0,s:0) constructor()
03-02 00:57:30.430 14885 14885 I BLASTBufferQueue_Java: new BLASTBufferQueue, mName= 7086fb SurfaceView[com.zhiliaoapp.musically/com.ss.android.ugc.aweme.splash.SplashActivity]@0 mNativeObject= 0x6f01ff7400 caller= android.view.SurfaceView.createBlastSurfaceControls:1781 android.view.SurfaceView.updateSurface:1450 android.view.SurfaceView.setWindowStopped:539 android.view.SurfaceView.surfaceCreated:2327 android.view.ViewRootImpl.notifySurfaceCreated:3502 android.view.ViewRootImpl.performTraversals:5286 android.view.ViewRootImpl.doTraversal:3924 android.view.ViewRootImpl$TraversalRunnable.run:12903 android.view.Choreographer$CallbackRecord.run:1901 android.view.Choreographer$CallbackRecord.run:1910
03-02 00:57:30.430 14885 14885 I BLASTBufferQueue_Java: update, w= 1080 h= 1920 mName = 7086fb SurfaceView[com.zhiliaoapp.musically/com.ss.android.ugc.aweme.splash.SplashActivity]@0 mNativeObject= 0x6f01ff7400 sc.mNativeObject= 0x744f1dcf40 format= 4 caller= android.view.SurfaceView.createBlastSurfaceControls:1782 android.view.SurfaceView.updateSurface:1450 android.view.SurfaceView.setWindowStopped:539 android.view.SurfaceView.surfaceCreated:2327 android.view.ViewRootImpl.notifySurfaceCreated:3502 android.view.ViewRootImpl.performTraversals:5286
03-02 00:57:30.430 14885 14885 I BLASTBufferQueue: [7086fb SurfaceView[com.zhiliaoapp.musically/com.ss.android.ugc.aweme.splash.SplashActivity]@0#107](f:0,a:0,s:0) update width=1080 height=1920 format=4 mTransformHint=0
03-02 00:57:30.430 14885 14885 I SurfaceView: 7374587 Cur surface: Surface(name=null mNativeObject=0)/@0x5798c7e
03-02 00:57:30.430 14885 14885 I SV[7374587 SplashActivity]: pST: sr = Rect(0, 80 - 1080, 2000) sw = 1080 sh = 1920
03-02 00:57:30.430 14885 14885 D SurfaceView: 7374587 performSurfaceTransaction RenderWorker position = [0, 80, 1080, 2000] surfaceSize = 1080x1920
03-02 00:57:30.431 14885 14885 I SV[7374587 SplashActivity]: updateSurface: mVisible = true mSurface.isValid() = true
03-02 00:57:30.431 14885 14885 I SV[7374587 SplashActivity]: updateSurface: mSurfaceCreated = false surfaceChanged = true visibleChanged = true
03-02 00:57:30.431 14885 14885 I SurfaceView: 7374587 visibleChanged -- surfaceCreated
03-02 00:57:30.431 14885 14885 I SV[7374587 SplashActivity]: surfaceCreated 2 #1 X.0fk7{7086fb V.E...... ........ 0,80-1080,2000}
03-02 00:57:30.434  1484  1566 I AF::Track: setMixerOutConfig return default condition, mixer key 2002, thread key 202
03-02 00:57:30.435  1484  1921 D StreamHalAidl: [out|ioHandle:21] standby
03-02 00:57:30.435  1484  1921 D StreamHalAidl: [out|ioHandle:21] pause
03-02 00:57:30.435  1439  1902 D AHAL_Stream: cycle: received command Command{pause: Void{}} in writer
03-02 00:57:30.435  1439  1902 D AHAL_Stream: [out|ioHandle:21] pause
03-02 00:57:30.435  1439  1902 I AHAL_Stream: pause()
03-02 00:57:30.435  1439  1902 D MTKAdapterStreamLayer: pause(),
03-02 00:57:30.435  1439  1902 D AudioALSAStreamOut: pause() 0xb400006fe2305e00
03-02 00:57:30.435  1439  1902 D AHAL_Stream: cycle: writing reply Reply{status: 0, fmqByteCount: 0, observable: Position{frames: 3078814800, timeNs: 491129436615118}, hardware: Position{frames: -1, timeNs: -1}, latencyMs: 21, xrunFrames: 0, state: PAUSED}
03-02 00:57:30.436  1507  1507 I SurfaceFlinger: [7086fb SurfaceView[com.zhiliaoapp.musically/com.ss.android.ugc.aweme.splash.SplashActivity]@0#156373] attach to parent LayerHierarchy{RequestedLayerState{Bounds for - com.zhiliaoapp.musically/com.ss.android.ugc.aweme.splash.SplashActivity@24#156369 parentId=156366} 2 children}
03-02 00:57:30.436  1507  1507 I SurfaceFlinger: [7086fb SurfaceView[com.zhiliaoapp.musically/com.ss.android.ugc.aweme.splash.SplashActivity]@0(BLAST)#156374] attach to parent LayerHierarchy{RequestedLayerState{7086fb SurfaceView[com.zhiliaoapp.musically/com.ss.android.ugc.aweme.splash.SplashActivity]@0#156373 parentId=156369} 1 children}
03-02 00:57:30.436  1507  1507 I SurfaceFlinger: [Background for 7086fb SurfaceView[com.zhiliaoapp.musically/com.ss.android.ugc.aweme.splash.SplashActivity]@0#156375] attach to parent LayerHierarchy{RequestedLayerState{7086fb SurfaceView[com.zhiliaoapp.musically/com.ss.android.ugc.aweme.splash.SplashActivity]@0#156373 parentId=156369} 2 children}
03-02 00:57:30.436  1484  1921 D StreamHalAidl: [out|ioHandle:21] flush
03-02 00:57:30.436  1439  1902 D AHAL_Stream: cycle: received command Command{flush: Void{}} in writer
03-02 00:57:30.436  1439  1902 D AHAL_Stream: [out|ioHandle:21] flush
03-02 00:57:30.436  1439  1902 I AHAL_Stream: flush()
03-02 00:57:30.436  1439  1902 D MTKAdapterStreamLayer: flush(),
03-02 00:57:30.436  1439  1902 D AudioALSAStreamOut: flush() 0xb400006fe2305e00
03-02 00:57:30.436  1439  1902 D AHAL_Stream: cycle: writing reply Reply{status: 0, fmqByteCount: 0, observable: Position{frames: 3078814842, timeNs: 491129437479657}, hardware: Position{frames: -1, timeNs: -1}, latencyMs: 21, xrunFrames: 0, state: IDLE}
03-02 00:57:30.438 14885 14885 I SurfaceView: 7374587 surfaceChanged -- format=4 w=1080 h=1920
03-02 00:57:30.438 14885 14885 I SV[7374587 SplashActivity]: surfaceChanged (1080,1920) 2 #1 X.0fk7{7086fb V.E...... ........ 0,80-1080,2000}
03-02 00:57:30.438 14885 14885 I SurfaceView: 7374587 surfaceRedrawNeeded
03-02 00:57:30.438  2013  2013 D AudioPlayerStateMonitor: Found a new active media playback. AudioPlaybackConfiguration piid:92743 deviceIds:[] type:android.media.AudioTrack u/pid:10350/14885 state:started attr:AudioAttributes: usage=USAGE_MEDIA content=CONTENT_TYPE_UNKNOWN flags=0xA00 tags= bundle=null sessionId:126033 mutedState:none  FormatInfo{isSpatialized=false, channelMask=0x3, sampleRate=44100}
03-02 00:57:30.439 14885 14885 I SurfaceView: 7374587 finishedDrawing
03-02 00:57:30.439 14885 14885 V SurfaceView: Layout: x=0 y=80 w=1080 h=1920, frame=Rect(0, 0 - 1080, 1920)
03-02 00:57:30.439 14885 14885 I SV[137774491 SplashActivity]: windowStopped(false) true X.0fk7{836459b V.E...... ........ 0,81-1080,1998} of VRI[SplashActivity]@35f4eb8
03-02 00:57:30.439 14885 14885 I SurfaceView: 137774491 Changes: creating=true format=false size=false visible=true alpha=false hint=false left=false top=false z=false attached=true lifecycleStrategy=false
03-02 00:57:30.439  2013  2013 D MediaSessionService: Audio playback is changed, config=AudioPlaybackConfiguration piid:92743 deviceIds:[] type:android.media.AudioTrack u/pid:10350/14885 state:started attr:AudioAttributes: usage=USAGE_MEDIA content=CONTENT_TYPE_UNKNOWN flags=0xA00 tags= bundle=null sessionId:126033 mutedState:none  FormatInfo{isSpatialized=false, channelMask=0x3, sampleRate=44100}, removed=false
03-02 00:57:30.439  1484  1566 I AudioPolicyEffectException: MySpaceHandler::checkDetachCondition media 1, ring 0, mp 0
03-02 00:57:30.439  1484  1566 I AudioPolicyEffectException: MySpace detach value 1
03-02 00:57:30.439  1484  1566 V APM_AudioPolicyManager: startOutput portId 13560
03-02 00:57:30.439  1484  1566 V APM_AudioPolicyManager: startOutput() output 21, stream 3, session 126033
03-02 00:57:30.439  1484  1566 V APM_AudioPolicyManager: setBeaconMute(1) mBeaconMuteRefCount=9 mBeaconPlayingRefCount=0
03-02 00:57:30.440  1484  1566 V APM_AudioPolicyManager: selectOutputForMusicEffects activeOnly 1 output 21 flags 0x00000008
03-02 00:57:30.440  1507  1562 I SurfaceFlinger: id=156376 createSurf, flag=84004, 836459b SurfaceView[com.zhiliaoapp.musically/com.ss.android.ugc.aweme.splash.SplashActivity]@0#156376
03-02 00:57:30.440 14885 18629 D SurfaceUtils: connecting to surface 0x6f9d395610, reason connectToSurface
03-02 00:57:30.440 14885 18629 I MediaCodec: [c2.mtk.hevc.decoder] setting surface generation to 15242303
03-02 00:57:30.440 14885 18629 D SurfaceUtils: disconnecting from surface 0x6f9d395610, reason connectToSurface(reconnect)
03-02 00:57:30.440 14885 18629 D SurfaceUtils: connecting to surface 0x6f9d395600, reason connectToSurface(reconnect-with-listener)
03-02 00:57:30.441  1439  1902 D AHAL_Stream: cycle: received command Command{standby: Void{}} in writer
03-02 00:57:30.441  1439  1902 D AHAL_Stream: [out|ioHandle:21] standby
03-02 00:57:30.441  1439  1902 D AudioALSAStreamOut: standby(), flag 8
03-02 00:57:30.441  1439  1902 D AudioALSAStreamOut: standbyStreamOut(), halRequest 0, mDestroy 0, flag 8
03-02 00:57:30.441  1439  1902 D AudioALSAStreamOut: close_l(), flags 8
03-02 00:57:30.441  1439  1902 D AudioALSAStreamManager: setPlaybackStreamActive(), is_active = 0, stream_type = 3, mIsMusicStreamActive = 0
03-02 00:57:30.441  2013  2013 D MediaSessionStack: updateMediaButtonSessionIfNeeded, callers=com.android.server.media.AudioPlayerStateMonitor$MessageHandler.handleMessage:19 android.os.Handler.dispatchMessage:110
03-02 00:57:30.441  2013  2013 D MediaSessionStack: updateMediaButtonSessionIfNeeded, skipping uid=10350
03-02 00:57:30.441  2013  2013 D MediaSessionStack: updateMediaButtonSessionIfNeeded, skipping uid=10342
03-02 00:57:30.441  2013  2013 D MediaSessionStack: updateMediaButtonSessionIfNeeded, skipping uid=10317
03-02 00:57:30.441  2013  2013 D MediaSessionStack: updateMediaButtonSessionIfNeeded, skipping uid=10672
03-02 00:57:30.441  1507  2128 I SurfaceFlinger: id=156377 createSurf, flag=44400, 836459b SurfaceView[com.zhiliaoapp.musically/com.ss.android.ugc.aweme.splash.SplashActivity]@0(BLAST)#156377
03-02 00:57:30.441  1439  1902 D AudioALSAPlaybackHandlerMixer: close(+), source flag 8, mDevice = 0x2, buffer_size 8192
03-02 00:57:30.442  1439  1902 D audio_sw_mixer: sw_mixer_source_detach(), MIXER_PLAYBACK  , name T_DEEP
03-02 00:57:30.442  1439  1902 D audio_sw_mixer: sw_mixer_manager_destroy_path(), MIXER_PLAYBACK  , path T_DEEP=>T_PRIMARY
03-02 00:57:30.442  1439  1902 D audio_sw_mixer: dump_path_list(), MIXER_PLAYBACK  , no path
03-02 00:57:30.442  1439  1902 D audio_sw_mixer: sw_mixer_target_detach(), MIXER_PLAYBACK  , name T_PRIMARY
03-02 00:57:30.442  1439  1620 D audio_sw_mixer: sw_mixer_wait_to_mix(), MIXER_PLAYBACK  , target T_PRIMARY    thread exit direct mode
03-02 00:57:30.442  1439  1620 D audio_sw_mixer: sw_mixer_mix_thread(), thread mix1:0 idle
03-02 00:57:30.442  1439  1902 D AudioALSAPlaybackHandlerNormal: +close(), flag = 8, mDevice = 0x2
03-02 00:57:30.442  1439  1902 D AudioALSAHardwareResourceManager: +stopOutputDevice(), mOutputDevices = 0x2, mStartOutputDevicesCount = 1
03-02 00:57:30.442  1439  1902 D AudioSmartPaController: +dspOnBoardSpeakerOff()
03-02 00:57:30.442  1439  1902 D AudioALSAHardwareResourceManager: notifyOutputDeviceStatusChange(), device = 2, status = 1, sampleRate = 0, mOpenSpeakerPathCount = 0
03-02 00:57:30.442  1439  1902 D AudioALSAStreamManager: speakerStatusChangeCb(), status = 1, sampleRate = 0
03-02 00:57:30.443  1507  1563 I SurfaceFlinger: id=156378 createSurf, flag=20404, Background for 836459b SurfaceView[com.zhiliaoapp.musically/com.ss.android.ugc.aweme.splash.SplashActivity]@0#156378
03-02 00:57:30.443 14885 18629 D GraphicsTracker: new surface in configuration: maxDequeueRequested(0), maxDequeueCommitted(24)
03-02 00:57:30.443 14885 18629 D GraphicsTracker: new surface configured with id:63930588201072 gen:15242303 maxDequeue:24
03-02 00:57:30.443 14885 14885 D BufferQueueConsumer: [](id:3a2500000071,api:0,p:-1,c:14885) connect: controlledByApp=false
03-02 00:57:30.443 14885 18629 D GraphicsTracker: maxDequeueCount is already 24
03-02 00:57:30.443 14885 18629 D Codec2Client: setOutputSurface -- generation=15242303 consumer usage=0x900
03-02 00:57:30.444 14885 14885 I BLASTBufferQueue: [836459b SurfaceView[com.zhiliaoapp.musically/com.ss.android.ugc.aweme.splash.SplashActivity]@0#108](f:0,a:0,s:0) constructor()
03-02 00:57:30.444 14885 14885 I BLASTBufferQueue_Java: new BLASTBufferQueue, mName= 836459b SurfaceView[com.zhiliaoapp.musically/com.ss.android.ugc.aweme.splash.SplashActivity]@0 mNativeObject= 0x7450361c00 caller= android.view.SurfaceView.createBlastSurfaceControls:1781 android.view.SurfaceView.updateSurface:1450 android.view.SurfaceView.setWindowStopped:539 android.view.SurfaceView.surfaceCreated:2327 android.view.ViewRootImpl.notifySurfaceCreated:3502 android.view.ViewRootImpl.performTraversals:5286 android.view.ViewRootImpl.doTraversal:3924 android.view.ViewRootImpl$TraversalRunnable.run:12903 android.view.Choreographer$CallbackRecord.run:1901 android.view.Choreographer$CallbackRecord.run:1910
03-02 00:57:30.444 14885 14885 I BLASTBufferQueue_Java: update, w= 1080 h= 1917 mName = 836459b SurfaceView[com.zhiliaoapp.musically/com.ss.android.ugc.aweme.splash.SplashActivity]@0 mNativeObject= 0x7450361c00 sc.mNativeObject= 0x6fdfbc2200 format= 4 caller= android.view.SurfaceView.createBlastSurfaceControls:1782 android.view.SurfaceView.updateSurface:1450 android.view.SurfaceView.setWindowStopped:539 android.view.SurfaceView.surfaceCreated:2327 android.view.ViewRootImpl.notifySurfaceCreated:3502 android.view.ViewRootImpl.performTraversals:5286
03-02 00:57:30.444 14885 14885 I BLASTBufferQueue: [836459b SurfaceView[com.zhiliaoapp.musically/com.ss.android.ugc.aweme.splash.SplashActivity]@0#108](f:0,a:0,s:0) update width=1080 height=1917 format=4 mTransformHint=0
03-02 00:57:30.444 14885 14885 I SurfaceView: 137774491 Cur surface: Surface(name=null mNativeObject=0)/@0xe7e74a9
03-02 00:57:30.444 14885 14885 I SV[137774491 SplashActivity]: pST: sr = Rect(4320, 2240 - 5400, 4157) sw = 1080 sh = 1917
03-02 00:57:30.444 14885 14885 D SurfaceView: 137774491 performSurfaceTransaction RenderWorker position = [4320, 2240, 5400, 4157] surfaceSize = 1080x1917
03-02 00:57:30.444 14885 14885 I SV[137774491 SplashActivity]: updateSurface: mVisible = true mSurface.isValid() = true
03-02 00:57:30.444 14885 14885 I SV[137774491 SplashActivity]: updateSurface: mSurfaceCreated = false surfaceChanged = true visibleChanged = true
03-02 00:57:30.444 14885 14885 I SurfaceView: 137774491 visibleChanged -- surfaceCreated
03-02 00:57:30.444 14885 14885 I SV[137774491 SplashActivity]: surfaceCreated 1 #1 X.0fk7{836459b V.E...... ........ 0,81-1080,1998}
03-02 00:57:30.445 14885 18629 D SurfaceUtils: disconnecting from surface 0x6f9d394c10, reason disconnectFromSurface
03-02 00:57:30.445 14885 14885 I SurfaceView: 137774491 surfaceChanged -- format=4 w=1080 h=1917
03-02 00:57:30.445 14885 14885 I SV[137774491 SplashActivity]: surfaceChanged (1080,1917) 1 #1 X.0fk7{836459b V.E...... ........ 0,81-1080,1998}
03-02 00:57:30.445 14885 14885 I SurfaceView: 137774491 surfaceRedrawNeeded
03-02 00:57:30.446 14885 14885 I SurfaceView: 137774491 finishedDrawing
03-02 00:57:30.446 14885 14885 V SurfaceView: Layout: x=4320 y=2240 w=1080 h=1917, frame=Rect(0, 0 - 1080, 1917)
03-02 00:57:30.446 14885 14885 D VRI[SplashActivity]@35f4eb8: reportNextDraw android.view.ViewRootImpl.performTraversals:5443 android.view.ViewRootImpl.doTraversal:3924 android.view.ViewRootImpl$TraversalRunnable.run:12903 android.view.Choreographer$CallbackRecord.run:1901 android.view.Choreographer$CallbackRecord.run:1910
03-02 00:57:30.446 14885 14885 D VRI[SplashActivity]@35f4eb8: Setup new sync=wmsSync-VRI[SplashActivity]@35f4eb8#36
03-02 00:57:30.446 14885 14885 I VRI[SplashActivity]@35f4eb8: Creating new active sync group VRI[SplashActivity]@35f4eb8#37
03-02 00:57:30.446 14885 14885 D VRI[SplashActivity]@35f4eb8: Start draw after previous draw not visible
03-02 00:57:30.446 14885 14885 D VRI[SplashActivity]@35f4eb8: registerCallbacksForSync syncBuffer=false
03-02 00:57:30.447  1507  1507 I SurfaceFlinger: [836459b SurfaceView[com.zhiliaoapp.musically/com.ss.android.ugc.aweme.splash.SplashActivity]@0#156376] attach to parent LayerHierarchy{RequestedLayerState{Bounds for - com.zhiliaoapp.musically/com.ss.android.ugc.aweme.splash.SplashActivity@24#156369 parentId=156366} 3 children}
03-02 00:57:30.447  1507  1507 I SurfaceFlinger: [836459b SurfaceView[com.zhiliaoapp.musically/com.ss.android.ugc.aweme.splash.SplashActivity]@0(BLAST)#156377] attach to parent LayerHierarchy{RequestedLayerState{836459b SurfaceView[com.zhiliaoapp.musically/com.ss.android.ugc.aweme.splash.SplashActivity]@0#156376 parentId=156369} 1 children}
03-02 00:57:30.447  1507  1507 I SurfaceFlinger: [Background for 836459b SurfaceView[com.zhiliaoapp.musically/com.ss.android.ugc.aweme.splash.SplashActivity]@0#156378] attach to parent LayerHierarchy{RequestedLayerState{836459b SurfaceView[com.zhiliaoapp.musically/com.ss.android.ugc.aweme.splash.SplashActivity]@0#156376 parentId=156369} 2 children}
03-02 00:57:30.449 14885 16246 D AudioTrack: setVolume(1.000000, 1.000000) pid : 14885
03-02 00:57:30.454 14885 15423 D SurfaceView: 6876039 updateSurfacePosition RenderWorker, frameNr = 1, position = [4320, -2080, 5400, -160] surfaceSize = 1080x1920
03-02 00:57:30.454 14885 15423 I SV[6876039 SplashActivity]: uSP: rtp = Rect(4320, -2080 - 5400, -160) rtsw = 1080 rtsh = 1920
03-02 00:57:30.454 14885 15423 I SV[6876039 SplashActivity]: onSSPAndSRT: pl = 4320 pt = -2080 sx = 1.0 sy = 1.0
03-02 00:57:30.454 14885 15423 I SV[6876039 SplashActivity]: aOrMT: VRI[SplashActivity]@35f4eb8 t = android.view.SurfaceControl$Transaction@c8d5712 fN = 1 android.view.SurfaceView.-$$Nest$mapplyOrMergeTransaction:0 android.view.SurfaceView$SurfaceViewPositionUpdateListener.positionChanged:1932 android.graphics.RenderNode$CompositePositionUpdateListener.positionChanged:401
03-02 00:57:30.454 14885 15423 I VRI[SplashActivity]@35f4eb8: mWNT: t=0x744f270f80 mBlastBufferQueue=0x769b545000 fn= 1 HdrRenderState mRenderHdrSdrRatio=1.0 caller= android.view.SurfaceView.applyOrMergeTransaction:1863 android.view.SurfaceView.-$$Nest$mapplyOrMergeTransaction:0 android.view.SurfaceView$SurfaceViewPositionUpdateListener.positionChanged:1932
03-02 00:57:30.454 14885 15423 D SurfaceView: 7374587 updateSurfacePosition RenderWorker, frameNr = 1, position = [0, 80, 1080, 2000] surfaceSize = 1080x1920
03-02 00:57:30.454 14885 15423 I SV[7374587 SplashActivity]: uSP: rtp = Rect(0, 80 - 1080, 2000) rtsw = 1080 rtsh = 1920
03-02 00:57:30.454 14885 15423 I SV[7374587 SplashActivity]: onSSPAndSRT: pl = 0 pt = 80 sx = 1.0 sy = 1.0
03-02 00:57:30.454 14885 15423 I SV[7374587 SplashActivity]: aOrMT: VRI[SplashActivity]@35f4eb8 t = android.view.SurfaceControl$Transaction@2a1bee3 fN = 1 android.view.SurfaceView.-$$Nest$mapplyOrMergeTransaction:0 android.view.SurfaceView$SurfaceViewPositionUpdateListener.positionChanged:1932 android.graphics.RenderNode$CompositePositionUpdateListener.positionChanged:401
03-02 00:57:30.454 14885 15423 I VRI[SplashActivity]@35f4eb8: mWNT: t=0x744f678300 mBlastBufferQueue=0x769b545000 fn= 1 HdrRenderState mRenderHdrSdrRatio=1.0 caller= android.view.SurfaceView.applyOrMergeTransaction:1863 android.view.SurfaceView.-$$Nest$mapplyOrMergeTransaction:0 android.view.SurfaceView$SurfaceViewPositionUpdateListener.positionChanged:1932
03-02 00:57:30.454 14885 15423 D SurfaceView: 137774491 updateSurfacePosition RenderWorker, frameNr = 1, position = [4320, 2239, 5400, 4157] surfaceSize = 1080x1917
03-02 00:57:30.454 14885 15423 I SV[137774491 SplashActivity]: uSP: rtp = Rect(4320, 2239 - 5400, 4157) rtsw = 1080 rtsh = 1917
03-02 00:57:30.454 14885 15423 I SV[137774491 SplashActivity]: onSSPAndSRT: pl = 4320 pt = 2239 sx = 1.0 sy = 1.0005217
03-02 00:57:30.455 14885 15423 I SV[137774491 SplashActivity]: aOrMT: VRI[SplashActivity]@35f4eb8 t = android.view.SurfaceControl$Transaction@d99a0e0 fN = 1 android.view.SurfaceView.-$$Nest$mapplyOrMergeTransaction:0 android.view.SurfaceView$SurfaceViewPositionUpdateListener.positionChanged:1932 android.graphics.RenderNode$CompositePositionUpdateListener.positionChanged:401
03-02 00:57:30.455 14885 15423 I VRI[SplashActivity]@35f4eb8: mWNT: t=0x769b0a2e80 mBlastBufferQueue=0x769b545000 fn= 1 HdrRenderState mRenderHdrSdrRatio=1.0 caller= android.view.SurfaceView.applyOrMergeTransaction:1863 android.view.SurfaceView.-$$Nest$mapplyOrMergeTransaction:0 android.view.SurfaceView$SurfaceViewPositionUpdateListener.positionChanged:1932
03-02 00:57:30.455  2746  3671 D SoundCraft.PlayingAudioConditionHandler: onPlaybackConfigChanged : lastStartedPackageName=com.zhiliaoapp.musically, lastStartedUid=10350, newStartedUid=10350, newStartPackageName=com.zhiliaoapp.musically, thread=Thread[RoutineHandlerThread,5,main]
03-02 00:57:30.459  1446  1498 I SensorsHub: LightSensor: lux = 42, time = 767666846400779
03-02 00:57:30.460  1439  1902 D AudioALSAPlaybackHandlerBase: -closePcmDriver(), mPcm = 0x0
03-02 00:57:30.460  1439  1902 D AudioALSADeviceConfigManager: ApplyDeviceTurnoffSequenceByName(), DeviceName = PLAYBACK3_TO_I2S3 descriptor->DeviceStatusCounter = 1, Ctlsize=4
03-02 00:57:30.460  2013  2685 D WifiConnectivityMonitor.NetworkStatsAnalyzer: Backhaul result - RSSI:-87, CE:44, PE:43, TI:46, PTI:45, TW:13, PTW:16, Tx:288, Rx:467, TxS:31, RxS:28, RESULT:true, IC:0, ICT:2, WC:0, WCT:2, R:0, RC:0, IE:0, EC:0
03-02 00:57:30.462  1439  1902 D AudioALSAPlaybackHandlerBase: DestroyAurisysLibManager()
03-02 00:57:30.462  1439  1902 D aurisys_lib_handler: [LIB] Awinic Info: aw_skt_arsi_destroy_handler(), p_handler = 0xb400006fe1dc77c0
03-02 00:57:30.462  2013  4834 W ParceledListSlice: Element #30 is 21544 bytes.
03-02 00:57:30.463  1439  1902 D [Awinic]: get dtc_status: interval_time: 0 s, tma_pre: 931599, tcm_pre: 68793
03-02 00:57:30.463  1439  1902 D [Awinic]: Close attrs done!
03-02 00:57:30.463  1439  1902 D [Awinic]: spin reset done!
03-02 00:57:30.463  1439  1902 D [Awinic]:  Reset Done !
03-02 00:57:30.463  1439  1902 D aurisys_lib_handler: [LIB] Awinic Info: aw_skt_arsi_destroy_handler done!
03-02 00:57:30.463  1439  1902 D aurisys_lib_handler: aurisys_arsi_destroy_handler(), lib_name smartpa_aw88xxx, 0xb400006feb041000, arsi_destroy_handler, arsi_handler = 0xb400006fe1dc77c0, retval = 0
03-02 00:57:30.464  1439  1902 D aurisys_lib_manager: delete_aurisys_lib_manager(), manager 0xb400006feb05c460
03-02 00:57:30.464  1439  1902 D AudioALSAPlaybackHandlerNormal: -close()
03-02 00:57:30.464  1439  1902 D AudioALSAPlaybackHandlerBase: DestroyAurisysLibManager()
03-02 00:57:30.464  1439  1902 D aurisys_lib_handler: aurisys_arsi_destroy_handler(), lib_name aurisys_demo, 0xb400006fecaa7000, arsi_destroy_handler, arsi_handler = 0xb400006feca82600, retval = 0
03-02 00:57:30.464  1439  1902 D aurisys_lib_manager: delete_aurisys_lib_manager(), manager 0xb400006fecb0c760
03-02 00:57:30.464  1439  1902 D AudioALSAPlaybackHandlerMixer: close(-)
03-02 00:57:30.464  1439  1902 D AudioALSAStreamManager: routingOutputDeviceForIEMs()
03-02 00:57:30.464  1439  1902 D AudioIEMsController: routing(+), cur out 0x0 in 0x0, hs 0, bt 0, usb 0, device 0x2, mask 0x1, on 0
03-02 00:57:30.464  1439  1902 D AudioIEMsController: routing(-), cur out 0x0 in 0x0
03-02 00:57:30.464  1439  1902 D AHAL_Stream: cycle: writing reply Reply{status: 0, fmqByteCount: 0, observable: Position{frames: 3078815060, timeNs: 491129442019349}, hardware: Position{frames: -1, timeNs: -1}, latencyMs: 21, xrunFrames: 0, state: STANDBY}
03-02 00:57:30.466  1484  1566 W AudioFlinger: moveEffectChain_ll: effect chain for session 0 not on source thread 0xb40000707515f310
03-02 00:57:30.466  1484  1566 V APM_AudioPolicyManager: selectOutputForMusicEffects selected output 21
03-02 00:57:30.466  1484  1566 V APM_AudioPolicyManager: getNewOutputDevices selected devices {AUDIO_DEVICE_OUT_SPEAKER, @:}
03-02 00:57:30.466  1484  1566 V APM_AudioPolicyManager: setOutputDevices caller startSource[[portId:5][io:21, deep-buffer]] device {AUDIO_DEVICE_OUT_SPEAKER, @:} delayMs 0
03-02 00:57:30.466  1484  1566 V APM_AudioPolicyManager: setOutputDevices: caller startSource[[portId:5][io:21, deep-buffer]] suppressing checkDeviceMuteStrategies
03-02 00:57:30.467  1484  1566 V APM_AudioPolicyManager: setOutputDevices caller startSource[[portId:5][io:21, deep-buffer]] changing device to {AUDIO_DEVICE_OUT_SPEAKER, @:} (prevDevice {AUDIO_DEVICE_OUT_SPEAKER, @:})
03-02 00:57:30.468  1445  2902 W C2MtkBufferManager: [0xB4000070F507E520] fetchNewCcBlock: wait fence 0x0xb4000070f5058270 timed out. ret 110
03-02 00:57:30.469  1507  1507 I SurfaceFlinger: [LayerHierarchy{RequestedLayerState{c536234 NavigationBar0#102 parentId=156367} 1 children}] reparent to LayerHierarchy{RequestedLayerState{Surface(name=c536234 NavigationBar0)/@0xfac847b - animation-leash of insets_animation#156367 parentId=101} 1 children}
03-02 00:57:30.469  1507  1507 I SurfaceFlinger: [LayerHierarchy{RequestedLayerState{a5d3a68 StatusBar#109 parentId=156368} 1 children}] reparent to LayerHierarchy{RequestedLayerState{Surface(name=a5d3a68 StatusBar)/@0xd5726d6 - animation-leash of insets_animation#156368 parentId=108} 1 children}
03-02 00:57:30.469  1507  1507 I SurfaceFlinger: [LayerHierarchy{RequestedLayerState{Surface(name=a5d3a68 StatusBar)/@0xd5726d6 - animation-leash of insets_animation#156365} no children}] reparent to OffscreenRoot
03-02 00:57:30.469  1507  1507 I SurfaceFlinger: [LayerHierarchy{RequestedLayerState{Surface(name=a5d3a68 StatusBar)/@0xd5726d6 - animation-leash of insets_animation#156365} no children}] RelativeParent to null
03-02 00:57:30.469  1507  1507 I SurfaceFlinger: [LayerHierarchy{RequestedLayerState{Surface(name=c536234 NavigationBar0)/@0xfac847b - animation-leash of insets_animation#156364} no children}] reparent to OffscreenRoot
03-02 00:57:30.469 14885 15780 D VRI[SplashActivity]@35f4eb8: Received frameDrawingCallback syncResult=0 frameNum=1.
03-02 00:57:30.469  1507  1507 I SurfaceFlinger: [LayerHierarchy{RequestedLayerState{Surface(name=c536234 NavigationBar0)/@0xfac847b - animation-leash of insets_animation#156364} no children}] RelativeParent to null
03-02 00:57:30.469 14885 15780 I VRI[SplashActivity]@35f4eb8: mWNT: t=0x744f678d80 mBlastBufferQueue=0x769b545000 fn= 1 HdrRenderState mRenderHdrSdrRatio=1.0 caller= android.view.ViewRootImpl$12.onFrameDraw:15441 android.view.ThreadedRenderer$1.onFrameDraw:718 <bottom of call stack>
03-02 00:57:30.469 14885 15780 I VRI[SplashActivity]@35f4eb8: Setting up sync and frameCommitCallback
03-02 00:57:30.470 14885 15423 I BLASTBufferQueue: [VRI[SplashActivity]@35f4eb8#105](f:0,a:0,s:0) onFrameAvailable the first frame is available
03-02 00:57:30.471 14885 15423 I BLASTBufferQueue: [VRI[SplashActivity]@35f4eb8#105](f:0,a:1,s:0) acquireNextBufferLocked size=1080x2340 mFrameNumber=1 applyTransaction=true mTimestamp=491129471518734(auto) mPendingTransactions.size=0 graphicBufferId=63930588202197 transform=0
03-02 00:57:30.471 14885 15423 I VRI[SplashActivity]@35f4eb8: Received frameCommittedCallback lastAttemptedDrawFrameNum=1 didProduceBuffer=true
03-02 00:57:30.473 14885 14885 D VRI[SplashActivity]@35f4eb8: reportDrawFinished seqId=0
03-02 00:57:30.479  1507  1845 D SurfaceFlinger: [input] setFocusedWindow: cd2d6b5 com.zhiliaoapp.musically/com.ss.android.ugc.aweme.splash.SplashActivity
03-02 00:57:30.479  1507  1845 D SurfaceFlinger: updateWinowInfo=1, setFocusedWindow timestamp=491129420718195, windowName=cd2d6b5 com.zhiliaoapp.musically/com.ss.android.ugc.aweme.splash.SplashActivity
03-02 00:57:30.480  1507  1507 I SurfaceFlinger: RequestedLayer [68eb87 SurfaceView[com.zhiliaoapp.mu[...]weme.splash.SplashActivity]@0#156370] hidden!! flag  from(1) --> to(0)
03-02 00:57:30.480  1507  1507 I SurfaceFlinger: RequestedLayer [7086fb SurfaceView[com.zhiliaoapp.mu[...]weme.splash.SplashActivity]@0#156373] hidden!! flag  from(1) --> to(0)
03-02 00:57:30.480  1507  1507 I SurfaceFlinger: RequestedLayer [836459b SurfaceView[com.zhiliaoapp.m[...]weme.splash.SplashActivity]@0#156376] hidden!! flag  from(1) --> to(0)
03-02 00:57:30.480  1507  1507 I SurfaceFlinger: RequestedLayer [Bounds for - com.zhiliaoapp.musicall[...]weme.splash.SplashActivity@24#156369] hidden!! flag  from(1) --> to(0)
03-02 00:57:30.480  1507  1507 I SurfaceFlinger: RequestedLayer [Background for 68eb87 SurfaceView[co[...]weme.splash.SplashActivity]@0#156372] hidden!! flag  from(1) --> to(0)
03-02 00:57:30.480  1507  1507 I SurfaceFlinger: RequestedLayer [Background for 7086fb SurfaceView[co[...]weme.splash.SplashActivity]@0#156375] hidden!! flag  from(1) --> to(0)
03-02 00:57:30.480  1507  1507 I SurfaceFlinger: RequestedLayer [Background for 836459b SurfaceView[c[...]weme.splash.SplashActivity]@0#156378] hidden!! flag  from(1) --> to(0)
03-02 00:57:30.481  1507  1507 I SurfaceFlinger: [LayerHierarchy{RequestedLayerState{68eb87 SurfaceView[com.zhiliaoapp.musically/com.ss.android.ugc.aweme.splash.SplashActivity]@0#156370 parentId=156369 relativeParentId=156366 z=-2} 2 children}] RelativeParent to LayerHierarchy{RequestedLayerState{com.zhiliaoapp.musically/com.ss.android.ugc.aweme.splash.SplashActivity$_14885#156366 parentId=155210} 2 children}
03-02 00:57:30.481  1507  1507 I SurfaceFlinger: [LayerHierarchy{RequestedLayerState{Background for 68eb87 SurfaceView[com.zhiliaoapp.musically/com.ss.android.ugc.aweme.splash.SplashActivity]@0#156372 parentId=156370 relativeParentId=156366 z=-2147483648} no children}] RelativeParent to LayerHierarchy{RequestedLayerState{com.zhiliaoapp.musically/com.ss.android.ugc.aweme.splash.SplashActivity$_14885#156366 parentId=155210} 3 children}
03-02 00:57:30.481  1507  1507 I SurfaceFlinger: [LayerHierarchy{RequestedLayerState{7086fb SurfaceView[com.zhiliaoapp.musically/com.ss.android.ugc.aweme.splash.SplashActivity]@0#156373 parentId=156369 relativeParentId=156366 z=-2} 2 children}] RelativeParent to LayerHierarchy{RequestedLayerState{com.zhiliaoapp.musically/com.ss.android.ugc.aweme.splash.SplashActivity$_14885#156366 parentId=155210} 4 children}
03-02 00:57:30.481  1507  1507 I SurfaceFlinger: [LayerHierarchy{RequestedLayerState{Background for 7086fb SurfaceView[com.zhiliaoapp.musically/com.ss.android.ugc.aweme.splash.SplashActivity]@0#156375 parentId=156373 relativeParentId=156366 z=-2147483648} no children}] RelativeParent to LayerHierarchy{RequestedLayerState{com.zhiliaoapp.musically/com.ss.android.ugc.aweme.splash.SplashActivity$_14885#156366 parentId=155210} 5 children}
03-02 00:57:30.481  1507  1507 I SurfaceFlinger: [LayerHierarchy{RequestedLayerState{836459b SurfaceView[com.zhiliaoapp.musically/com.ss.android.ugc.aweme.splash.SplashActivity]@0#156376 parentId=156369 relativeParentId=156366 z=-2} 2 children}] RelativeParent to LayerHierarchy{RequestedLayerState{com.zhiliaoapp.musically/com.ss.android.ugc.aweme.splash.SplashActivity$_14885#156366 parentId=155210} 6 children}
03-02 00:57:30.481  1507  1507 I SurfaceFlinger: [LayerHierarchy{RequestedLayerState{Background for 836459b SurfaceView[com.zhiliaoapp.musically/com.ss.android.ugc.aweme.splash.SplashActivity]@0#156378 parentId=156376 relativeParentId=156366 z=-2147483648} no children}] RelativeParent to LayerHierarchy{RequestedLayerState{com.zhiliaoapp.musically/com.ss.android.ugc.aweme.splash.SplashActivity$_14885#156366 parentId=155210} 7 children}
03-02 00:57:30.483  2746  2746 I {OngoingActivityController}: onTaskFocusChanged but OA data is empty
03-02 00:57:30.484  3202  3386 I HoneySpace.TopTaskSource: onTaskFocusChanged(): taskId = 44543
03-02 00:57:30.491  3202  3202 I HoneySpace.EdgePanel.CocktailHostRepositoryImpl: onNoteResume
03-02 00:57:30.492  3202  3202 I HoneySpace.EdgePanel.EdgePanelContainerViewModel: cocktailHostRepository.edgePanelOperation NoteResumeComponent(componentName=ComponentInfo{com.zhiliaoapp.musically/com.ss.android.ugc.aweme.main.MainActivity})
03-02 00:57:30.492  3202  3202 I HoneySpace.EdgePanel.ActivityUtils: HomePackage : com.sec.android.app.launcher, resumePackageName : com.zhiliaoapp.musically, className : com.ss.android.ugc.aweme.main.MainActivity
03-02 00:57:30.493  2013  4835 D InputDispatcher: Once focus requested (0): cd2d6b5 com.zhiliaoapp.musically/com.ss.android.ugc.aweme.splash.SplashActivity
03-02 00:57:30.493  2013  4835 D InputDispatcher: Focus request (0): cd2d6b5 com.zhiliaoapp.musically/com.ss.android.ugc.aweme.splash.SplashActivity but waiting because NOT_VISIBLE
03-02 00:57:30.495  1507  1825 I SurfaceFlinger: Capture layer list: 	 com.podcast.app.debug/androidx.activity.ComponentActivity$_17121#156347(seamlessTransition:0)
03-02 00:57:30.510  1484  1921 D DlbDlbEffect: handle_EFFECT_CMD_SET_DEVICE(device=0x00000002)
03-02 00:57:30.510  1484  1921 D DlbEffectContext: setDevice(00000002)
03-02 00:57:30.510  1484  1921 D DlbEndpointParamCache: setDevice(device=0x00000002)
03-02 00:57:30.510  1484  1921 D DlbDlbEffect: handle_EFFECT_CMD_SET_DEVICE(device=0x00000002)
03-02 00:57:30.510  1484  1921 D DlbSpatializerEffectContext: setDevice(00000002)
03-02 00:57:30.510  1484  1921 D DlbEndpointParamCache: setDevice(device=0x00000002)
03-02 00:57:30.510  1484  1921 D DlbDlbEffect: handle_EFFECT_CMD_SET_DEVICE(device=0x00000002)
03-02 00:57:30.510  1484  1921 D DlbEffectContext: setDevice(00000002)
03-02 00:57:30.510  1484  1921 D DlbEndpointParamCache: setDevice(device=0x00000002)
03-02 00:57:30.510  1484  1921 I AudioEffectExtendAction: setDevice_l empty address, empty name
03-02 00:57:30.510  1484  1921 V VolumeMonitor_Energy_Effect: VM_setDevice() sessionId:-2101, device:0x0x2, isBtTypeHeadset:0
03-02 00:57:30.510  1439 16890 D MTKAdapterStreamLayer: updateMetadataCommon(),
03-02 00:57:30.510  1484  1921 D DeviceHalAidl: [default] createAudioPatch: sources: 1 sinks 1
