03-02 00:57:38.056  1484 16929 I AudioPolicyEffectException: MySpaceHandler::checkDetachCondition media 1, ring 0, mp 0
03-02 00:57:38.056  1484 16929 I AudioPolicyEffectException: MySpace detach value 1
03-02 00:57:38.056  1484 16929 V APM_AudioPolicyManager: startOutput portId 13560
03-02 00:57:38.056  1484 16929 V APM_AudioPolicyManager: startOutput() output 21, stream 3, session 126033
03-02 00:57:38.056  1484 16929 V APM_AudioPolicyManager: setBeaconMute(1) mBeaconMuteRefCount=9 mBeaconPlayingRefCount=0
03-02 00:57:38.057  1484 16929 V APM_AudioPolicyManager: selectOutputForMusicEffects activeOnly 1 output 21 flags 0x00000008
03-02 00:57:38.057  1484 16929 W AudioFlinger: moveEffectChain_ll: effect chain for session 0 not on source thread 0xb40000707515f310
03-02 00:57:38.057  1484 16929 V APM_AudioPolicyManager: selectOutputForMusicEffects selected output 21
03-02 00:57:38.057  1484 16929 V APM_AudioPolicyManager: getNewOutputDevices selected devices {AUDIO_DEVICE_OUT_SPEAKER, @:}
03-02 00:57:38.057  1484 16929 V APM_AudioPolicyManager: setOutputDevices caller startSource[[portId:5][io:21, deep-buffer]] device {AUDIO_DEVICE_OUT_SPEAKER, @:} delayMs 0
03-02 00:57:38.057  1484 16929 V APM_AudioPolicyManager: setOutputDevices: caller startSource[[portId:5][io:21, deep-buffer]] suppressing checkDeviceMuteStrategies
03-02 00:57:38.057  1484 16929 V APM_AudioPolicyManager: setOutputDevices caller startSource[[portId:5][io:21, deep-buffer]] changing device to {AUDIO_DEVICE_OUT_SPEAKER, @:} (prevDevice {AUDIO_DEVICE_OUT_SPEAKER, @:})
03-02 00:57:38.057  2013  2013 D AudioPlayerStateMonitor: Found a new active media playback. AudioPlaybackConfiguration piid:92743 deviceIds:[] type:android.media.AudioTrack u/pid:10350/14885 state:started attr:AudioAttributes: usage=USAGE_MEDIA content=CONTENT_TYPE_UNKNOWN flags=0xA00 tags= bundle=null sessionId:126033 mutedState:none  FormatInfo{isSpatialized=false, channelMask=0x3, sampleRate=44100}
03-02 00:57:38.058  2013  2013 D MediaSessionService: Audio playback is changed, config=AudioPlaybackConfiguration piid:92743 deviceIds:[] type:android.media.AudioTrack u/pid:10350/14885 state:started attr:AudioAttributes: usage=USAGE_MEDIA content=CONTENT_TYPE_UNKNOWN flags=0xA00 tags= bundle=null sessionId:126033 mutedState:none  FormatInfo{isSpatialized=false, channelMask=0x3, sampleRate=44100}, removed=false
03-02 00:57:38.058 14885 14885 I SurfaceView: 7374587 surfaceChanged -- format=4 w=1080 h=1920
03-02 00:57:38.058 14885 14885 I SV[7374587 SplashActivity]: surfaceChanged (1080,1920) 2 #1 X.0fk7{7086fb V.E...... ........ 0,80-1080,2000}
03-02 00:57:38.058 14885 14885 I SurfaceView: 7374587 surfaceRedrawNeeded
03-02 00:57:38.058  2013  2013 D MediaSessionStack: updateMediaButtonSessionIfNeeded, callers=com.android.server.media.AudioPlayerStateMonitor$MessageHandler.handleMessage:19 android.os.Handler.dispatchMessage:110
03-02 00:57:38.058  2013  2013 D MediaSessionStack: updateMediaButtonSessionIfNeeded, skipping uid=10350
03-02 00:57:38.058  2013  2013 D MediaSessionStack: updateMediaButtonSessionIfNeeded, skipping uid=10342
03-02 00:57:38.058  2013  2013 D MediaSessionStack: updateMediaButtonSessionIfNeeded, skipping uid=10317
03-02 00:57:38.058  2013  2013 D MediaSessionStack: updateMediaButtonSessionIfNeeded, skipping uid=10672
03-02 00:57:38.058 14885 14885 I SurfaceView: 7374587 finishedDrawing
03-02 00:57:38.058 14885 14885 V SurfaceView: Layout: x=0 y=80 w=1080 h=1920, frame=Rect(0, 0 - 1080, 1920)
03-02 00:57:38.058 14885 14885 I SV[137774491 SplashActivity]: windowStopped(false) true X.0fk7{836459b V.E...... ........ 0,81-1080,1998} of VRI[SplashActivity]@35f4eb8
03-02 00:57:38.058 14885 14885 I SurfaceView: 137774491 Changes: creating=true format=false size=false visible=true alpha=false hint=false left=false top=false z=false attached=true lifecycleStrategy=false
03-02 00:57:38.059  1507  1507 I SurfaceFlinger: [7086fb SurfaceView[com.zhiliaoapp.musically/com.ss.android.ugc.aweme.splash.SplashActivity]@0#156628] attach to parent LayerHierarchy{RequestedLayerState{Bounds for - com.zhiliaoapp.musically/com.ss.android.ugc.aweme.splash.SplashActivity@29#156624 parentId=156621} 2 children}
03-02 00:57:38.059  1507  1507 I SurfaceFlinger: [7086fb SurfaceView[com.zhiliaoapp.musically/com.ss.android.ugc.aweme.splash.SplashActivity]@0(BLAST)#156629] attach to parent LayerHierarchy{RequestedLayerState{7086fb SurfaceView[com.zhiliaoapp.musically/com.ss.android.ugc.aweme.splash.SplashActivity]@0#156628 parentId=156624} 1 children}
03-02 00:57:38.059  1507  1507 I SurfaceFlinger: [Background for 7086fb SurfaceView[com.zhiliaoapp.musically/com.ss.android.ugc.aweme.splash.SplashActivity]@0#156630] attach to parent LayerHierarchy{RequestedLayerState{7086fb SurfaceView[com.zhiliaoapp.musically/com.ss.android.ugc.aweme.splash.SplashActivity]@0#156628 parentId=156624} 2 children}
03-02 00:57:38.059  1507  1563 I SurfaceFlinger: id=156631 createSurf, flag=84004, 836459b SurfaceView[com.zhiliaoapp.musically/com.ss.android.ugc.aweme.splash.SplashActivity]@0#156631
03-02 00:57:38.061 14885 18629 D SurfaceUtils: connecting to surface 0x6f9d395610, reason connectToSurface
03-02 00:57:38.061 14885 18629 I MediaCodec: [c2.mtk.hevc.decoder] setting surface generation to 15242313
03-02 00:57:38.061 14885 18629 D SurfaceUtils: disconnecting from surface 0x6f9d395610, reason connectToSurface(reconnect)
03-02 00:57:38.061 14885 18629 D SurfaceUtils: connecting to surface 0x6f9d395600, reason connectToSurface(reconnect-with-listener)
03-02 00:57:38.062  1507  2393 I SurfaceFlinger: id=156632 createSurf, flag=44400, 836459b SurfaceView[com.zhiliaoapp.musically/com.ss.android.ugc.aweme.splash.SplashActivity]@0(BLAST)#156632
03-02 00:57:38.062  1507  2128 I SurfaceFlinger: id=156633 createSurf, flag=20404, Background for 836459b SurfaceView[com.zhiliaoapp.musically/com.ss.android.ugc.aweme.splash.SplashActivity]@0#156633
03-02 00:57:38.063 14885 14885 D BufferQueueConsumer: [](id:3a2500000085,api:0,p:-1,c:14885) connect: controlledByApp=false
03-02 00:57:38.063  2746  3671 D SoundCraft.PlayingAudioConditionHandler: onPlaybackConfigChanged : lastStartedPackageName=com.zhiliaoapp.musically, lastStartedUid=10350, newStartedUid=10350, newStartPackageName=com.zhiliaoapp.musically, thread=Thread[RoutineHandlerThread,5,main]
03-02 00:57:38.063 14885 14885 I BLASTBufferQueue: [836459b SurfaceView[com.zhiliaoapp.musically/com.ss.android.ugc.aweme.splash.SplashActivity]@0#128](f:0,a:0,s:0) constructor()
03-02 00:57:38.063 14885 14885 I BLASTBufferQueue_Java: new BLASTBufferQueue, mName= 836459b SurfaceView[com.zhiliaoapp.musically/com.ss.android.ugc.aweme.splash.SplashActivity]@0 mNativeObject= 0x6f5977d800 caller= android.view.SurfaceView.createBlastSurfaceControls:1781 android.view.SurfaceView.updateSurface:1450 android.view.SurfaceView.setWindowStopped:539 android.view.SurfaceView.surfaceCreated:2327 android.view.ViewRootImpl.notifySurfaceCreated:3502 android.view.ViewRootImpl.performTraversals:5286 android.view.ViewRootImpl.doTraversal:3924 android.view.ViewRootImpl$TraversalRunnable.run:12903 android.view.Choreographer$CallbackRecord.run:1901 android.view.Choreographer$CallbackRecord.run:1910
03-02 00:57:38.063 14885 14885 I BLASTBufferQueue_Java: update, w= 1080 h= 1917 mName = 836459b SurfaceView[com.zhiliaoapp.musically/com.ss.android.ugc.aweme.splash.SplashActivity]@0 mNativeObject= 0x6f5977d800 sc.mNativeObject= 0x6fdfe8f6c0 format= 4 caller= android.view.SurfaceView.createBlastSurfaceControls:1782 android.view.SurfaceView.updateSurface:1450 android.view.SurfaceView.setWindowStopped:539 android.view.SurfaceView.surfaceCreated:2327 android.view.ViewRootImpl.notifySurfaceCreated:3502 android.view.ViewRootImpl.performTraversals:5286
03-02 00:57:38.063 14885 14885 I BLASTBufferQueue: [836459b SurfaceView[com.zhiliaoapp.musically/com.ss.android.ugc.aweme.splash.SplashActivity]@0#128](f:0,a:0,s:0) update width=1080 height=1917 format=4 mTransformHint=0
03-02 00:57:38.064 14885 14885 I SurfaceView: 137774491 Cur surface: Surface(name=null mNativeObject=0)/@0xe7e74a9
03-02 00:57:38.064 14885 14885 I SV[137774491 SplashActivity]: pST: sr = Rect(4320, 2240 - 5400, 4157) sw = 1080 sh = 1917
03-02 00:57:38.064 14885 14885 D SurfaceView: 137774491 performSurfaceTransaction RenderWorker position = [4320, 2240, 5400, 4157] surfaceSize = 1080x1917
03-02 00:57:38.064 14885 14885 I SV[137774491 SplashActivity]: updateSurface: mVisible = true mSurface.isValid() = true
03-02 00:57:38.064 14885 14885 I SV[137774491 SplashActivity]: updateSurface: mSurfaceCreated = false surfaceChanged = true visibleChanged = true
03-02 00:57:38.064 14885 14885 I SurfaceView: 137774491 visibleChanged -- surfaceCreated
03-02 00:57:38.064 14885 14885 I SV[137774491 SplashActivity]: surfaceCreated 1 #1 X.0fk7{836459b V.E...... ........ 0,81-1080,1998}
03-02 00:57:38.064 14885 18629 D GraphicsTracker: new surface in configuration: maxDequeueRequested(0), maxDequeueCommitted(24)
03-02 00:57:38.064 14885 18629 D GraphicsTracker: new surface configured with id:63930588201092 gen:15242313 maxDequeue:24
03-02 00:57:38.064 14885 18629 D GraphicsTracker: maxDequeueCount is already 24
03-02 00:57:38.064 14885 18629 D Codec2Client: setOutputSurface -- generation=15242313 consumer usage=0x900
03-02 00:57:38.064 14885 18629 D SurfaceUtils: disconnecting from surface 0x6f9d394c10, reason disconnectFromSurface
03-02 00:57:38.064 14885 14885 I SurfaceView: 137774491 surfaceChanged -- format=4 w=1080 h=1917
03-02 00:57:38.064 14885 14885 I SV[137774491 SplashActivity]: surfaceChanged (1080,1917) 1 #1 X.0fk7{836459b V.E...... ........ 0,81-1080,1998}
03-02 00:57:38.064 14885 14885 I SurfaceView: 137774491 surfaceRedrawNeeded
03-02 00:57:38.065 14885 16246 D AudioTrack: setVolume(1.000000, 1.000000) pid : 14885
03-02 00:57:38.066 14885 14885 I SurfaceView: 137774491 finishedDrawing
03-02 00:57:38.066 14885 14885 V SurfaceView: Layout: x=4320 y=2240 w=1080 h=1917, frame=Rect(0, 0 - 1080, 1917)
03-02 00:57:38.066 14885 14885 D VRI[SplashActivity]@35f4eb8: reportNextDraw android.view.ViewRootImpl.performTraversals:5443 android.view.ViewRootImpl.doTraversal:3924 android.view.ViewRootImpl$TraversalRunnable.run:12903 android.view.Choreographer$CallbackRecord.run:1901 android.view.Choreographer$CallbackRecord.run:1910
03-02 00:57:38.066 14885 14885 D VRI[SplashActivity]@35f4eb8: Setup new sync=wmsSync-VRI[SplashActivity]@35f4eb8#61
03-02 00:57:38.066 14885 14885 I VRI[SplashActivity]@35f4eb8: Creating new active sync group VRI[SplashActivity]@35f4eb8#62
03-02 00:57:38.066 14885 14885 D VRI[SplashActivity]@35f4eb8: Start draw after previous draw not visible
03-02 00:57:38.066 14885 14885 D VRI[SplashActivity]@35f4eb8: registerCallbacksForSync syncBuffer=false
03-02 00:57:38.067  2013  2834 W system_server: Large reply transaction of 322012 bytes, interface descriptor android.app.IActivityTaskManager, code 26
03-02 00:57:38.068  2013  4844 W ParceledListSlice: Element #30 is 21544 bytes.
03-02 00:57:38.070  1507  1507 I SurfaceFlinger: [836459b SurfaceView[com.zhiliaoapp.musically/com.ss.android.ugc.aweme.splash.SplashActivity]@0#156631] attach to parent LayerHierarchy{RequestedLayerState{Bounds for - com.zhiliaoapp.musically/com.ss.android.ugc.aweme.splash.SplashActivity@29#156624 parentId=156621} 3 children}
03-02 00:57:38.070  1507  1507 I SurfaceFlinger: [836459b SurfaceView[com.zhiliaoapp.musically/com.ss.android.ugc.aweme.splash.SplashActivity]@0(BLAST)#156632] attach to parent LayerHierarchy{RequestedLayerState{836459b SurfaceView[com.zhiliaoapp.musically/com.ss.android.ugc.aweme.splash.SplashActivity]@0#156631 parentId=156624} 1 children}
03-02 00:57:38.070  1507  1507 I SurfaceFlinger: [Background for 836459b SurfaceView[com.zhiliaoapp.musically/com.ss.android.ugc.aweme.splash.SplashActivity]@0#156633] attach to parent LayerHierarchy{RequestedLayerState{836459b SurfaceView[com.zhiliaoapp.musically/com.ss.android.ugc.aweme.splash.SplashActivity]@0#156631 parentId=156624} 2 children}
03-02 00:57:38.072 14885 15423 D SurfaceView: 6876039 updateSurfacePosition RenderWorker, frameNr = 1, position = [4320, -2080, 5400, -160] surfaceSize = 1080x1920
03-02 00:57:38.073 14885 15423 I SV[6876039 SplashActivity]: uSP: rtp = Rect(4320, -2080 - 5400, -160) rtsw = 1080 rtsh = 1920
03-02 00:57:38.073 14885 15423 I SV[6876039 SplashActivity]: onSSPAndSRT: pl = 4320 pt = -2080 sx = 1.0 sy = 1.0
03-02 00:57:38.073 14885 15423 I SV[6876039 SplashActivity]: aOrMT: VRI[SplashActivity]@35f4eb8 t = android.view.SurfaceControl$Transaction@39c14d fN = 1 android.view.SurfaceView.-$$Nest$mapplyOrMergeTransaction:0 android.view.SurfaceView$SurfaceViewPositionUpdateListener.positionChanged:1932 android.graphics.RenderNode$CompositePositionUpdateListener.positionChanged:401
03-02 00:57:38.073 14885 15423 I VRI[SplashActivity]@35f4eb8: mWNT: t=0x6f5891d580 mBlastBufferQueue=0x769b545000 fn= 1 HdrRenderState mRenderHdrSdrRatio=1.0 caller= android.view.SurfaceView.applyOrMergeTransaction:1863 android.view.SurfaceView.-$$Nest$mapplyOrMergeTransaction:0 android.view.SurfaceView$SurfaceViewPositionUpdateListener.positionChanged:1932
03-02 00:57:38.074 14885 15423 D SurfaceView: 7374587 updateSurfacePosition RenderWorker, frameNr = 1, position = [0, 80, 1080, 2000] surfaceSize = 1080x1920
03-02 00:57:38.074 14885 15423 I SV[7374587 SplashActivity]: uSP: rtp = Rect(0, 80 - 1080, 2000) rtsw = 1080 rtsh = 1920
03-02 00:57:38.074 14885 15423 I SV[7374587 SplashActivity]: onSSPAndSRT: pl = 0 pt = 80 sx = 1.0 sy = 1.0
03-02 00:57:38.074 14885 15423 I SV[7374587 SplashActivity]: aOrMT: VRI[SplashActivity]@35f4eb8 t = android.view.SurfaceControl$Transaction@af402 fN = 1 android.view.SurfaceView.-$$Nest$mapplyOrMergeTransaction:0 android.view.SurfaceView$SurfaceViewPositionUpdateListener.positionChanged:1932 android.graphics.RenderNode$CompositePositionUpdateListener.positionChanged:401
03-02 00:57:38.074 14885 15423 I VRI[SplashActivity]@35f4eb8: mWNT: t=0x6f5891db80 mBlastBufferQueue=0x769b545000 fn= 1 HdrRenderState mRenderHdrSdrRatio=1.0 caller= android.view.SurfaceView.applyOrMergeTransaction:1863 android.view.SurfaceView.-$$Nest$mapplyOrMergeTransaction:0 android.view.SurfaceView$SurfaceViewPositionUpdateListener.positionChanged:1932
03-02 00:57:38.075 14885 15423 D SurfaceView: 137774491 updateSurfacePosition RenderWorker, frameNr = 1, position = [4320, 2239, 5400, 4157] surfaceSize = 1080x1917
03-02 00:57:38.075 14885 15423 I SV[137774491 SplashActivity]: uSP: rtp = Rect(4320, 2239 - 5400, 4157) rtsw = 1080 rtsh = 1917
03-02 00:57:38.075 14885 15423 I SV[137774491 SplashActivity]: onSSPAndSRT: pl = 4320 pt = 2239 sx = 1.0 sy = 1.0005217
03-02 00:57:38.076 14885 15423 I SV[137774491 SplashActivity]: aOrMT: VRI[SplashActivity]@35f4eb8 t = android.view.SurfaceControl$Transaction@68eb113 fN = 1 android.view.SurfaceView.-$$Nest$mapplyOrMergeTransaction:0 android.view.SurfaceView$SurfaceViewPositionUpdateListener.positionChanged:1932 android.graphics.RenderNode$CompositePositionUpdateListener.positionChanged:401
03-02 00:57:38.076 14885 15423 I VRI[SplashActivity]@35f4eb8: mWNT: t=0x6f1cbc3480 mBlastBufferQueue=0x769b545000 fn= 1 HdrRenderState mRenderHdrSdrRatio=1.0 caller= android.view.SurfaceView.applyOrMergeTransaction:1863 android.view.SurfaceView.-$$Nest$mapplyOrMergeTransaction:0 android.view.SurfaceView$SurfaceViewPositionUpdateListener.positionChanged:1932
03-02 00:57:38.078  2013  4844 W system_server: Large reply transaction of 322012 bytes, interface descriptor android.app.IActivityTaskManager, code 26
03-02 00:57:38.079 14885 15781 D VRI[SplashActivity]@35f4eb8: Received frameDrawingCallback syncResult=0 frameNum=1.
03-02 00:57:38.079 14885 15781 I VRI[SplashActivity]@35f4eb8: mWNT: t=0x6f01d6e300 mBlastBufferQueue=0x769b545000 fn= 1 HdrRenderState mRenderHdrSdrRatio=1.0 caller= android.view.ViewRootImpl$12.onFrameDraw:15441 android.view.ThreadedRenderer$1.onFrameDraw:718 <bottom of call stack>
03-02 00:57:38.079 14885 15781 I VRI[SplashActivity]@35f4eb8: Setting up sync and frameCommitCallback
03-02 00:57:38.079  1446  1498 I SensorsHub: LightSensor: lux = 42, time = 767674466418146
03-02 00:57:38.088  1507  1825 I SurfaceFlinger: Capture layer list: 	 com.podcast.app.debug/androidx.activity.ComponentActivity$_17121#156599(seamlessTransition:0)
03-02 00:57:38.088  1507  1825 I SurfaceFlinger: Capture layer list: 	 DimTransitionLayer for Surface(name=Task=44895)/@0x5c8679c#156620(seamlessTransition:0)
03-02 00:57:38.088  1507  1825 I SurfaceFlinger: Capture layer list: 	 com.podcast.app.debug.test/androidx.test.core.app.InstrumentationActivityInvoker$EmptyActivity$_17532#156613(seamlessTransition:0)
03-02 00:57:38.088  1507  1825 I SurfaceFlinger: Capture layer list: 	 Splash Screen com.podcast.app.debug.test$_2746#156611(seamlessTransition:0)
03-02 00:57:38.089 14885 15423 I BLASTBufferQueue: [VRI[SplashActivity]@35f4eb8#125](f:0,a:0,s:0) onFrameAvailable the first frame is available
03-02 00:57:38.090 14885 15423 I BLASTBufferQueue: [VRI[SplashActivity]@35f4eb8#125](f:0,a:1,s:0) acquireNextBufferLocked size=1080x2340 mFrameNumber=1 applyTransaction=true mTimestamp=491137090640580(auto) mPendingTransactions.size=0 graphicBufferId=63930588202232 transform=0
03-02 00:57:38.091 14885 15423 I VRI[SplashActivity]@35f4eb8: Received frameCommittedCallback lastAttemptedDrawFrameNum=1 didProduceBuffer=true
03-02 00:57:38.092 14885 14885 D VRI[SplashActivity]@35f4eb8: reportDrawFinished seqId=0
03-02 00:57:38.092  1507  1507 I SurfaceFlinger: RequestedLayer [68eb87 SurfaceView[com.zhiliaoapp.mu[...]weme.splash.SplashActivity]@0#156625] hidden!! flag  from(1) --> to(0)
03-02 00:57:38.092  1507  1507 I SurfaceFlinger: RequestedLayer [7086fb SurfaceView[com.zhiliaoapp.mu[...]weme.splash.SplashActivity]@0#156628] hidden!! flag  from(1) --> to(0)
03-02 00:57:38.092  1507  1507 I SurfaceFlinger: RequestedLayer [836459b SurfaceView[com.zhiliaoapp.m[...]weme.splash.SplashActivity]@0#156631] hidden!! flag  from(1) --> to(0)
03-02 00:57:38.092  1507  1507 I SurfaceFlinger: RequestedLayer [Bounds for - com.zhiliaoapp.musicall[...]weme.splash.SplashActivity@29#156624] hidden!! flag  from(1) --> to(0)
03-02 00:57:38.092  1507  1507 I SurfaceFlinger: RequestedLayer [Background for 68eb87 SurfaceView[co[...]weme.splash.SplashActivity]@0#156627] hidden!! flag  from(1) --> to(0)
03-02 00:57:38.092  1507  1507 I SurfaceFlinger: RequestedLayer [Background for 7086fb SurfaceView[co[...]weme.splash.SplashActivity]@0#156630] hidden!! flag  from(1) --> to(0)
03-02 00:57:38.092  1507  1507 I SurfaceFlinger: RequestedLayer [Background for 836459b SurfaceView[c[...]weme.splash.SplashActivity]@0#156633] hidden!! flag  from(1) --> to(0)
03-02 00:57:38.092  2013  4844 W system_server: Large reply transaction of 322012 bytes, interface descriptor android.app.IActivityTaskManager, code 26
03-02 00:57:38.093  1507  1507 I SurfaceFlinger: [LayerHierarchy{RequestedLayerState{Background for 68eb87 SurfaceView[com.zhiliaoapp.musically/com.ss.android.ugc.aweme.splash.SplashActivity]@0#156627 parentId=156625 relativeParentId=156621 z=-2147483648} no children}] RelativeParent to LayerHierarchy{RequestedLayerState{com.zhiliaoapp.musically/com.ss.android.ugc.aweme.splash.SplashActivity$_14885#156621 parentId=155210} 2 children}
03-02 00:57:38.093  1507  1507 I SurfaceFlinger: [LayerHierarchy{RequestedLayerState{68eb87 SurfaceView[com.zhiliaoapp.musically/com.ss.android.ugc.aweme.splash.SplashActivity]@0#156625 parentId=156624 relativeParentId=156621 z=-2} 2 children}] RelativeParent to LayerHierarchy{RequestedLayerState{com.zhiliaoapp.musically/com.ss.android.ugc.aweme.splash.SplashActivity$_14885#156621 parentId=155210} 3 children}
03-02 00:57:38.093  1507  1507 I SurfaceFlinger: [LayerHierarchy{RequestedLayerState{7086fb SurfaceView[com.zhiliaoapp.musically/com.ss.android.ugc.aweme.splash.SplashActivity]@0#156628 parentId=156624 relativeParentId=156621 z=-2} 2 children}] RelativeParent to LayerHierarchy{RequestedLayerState{com.zhiliaoapp.musically/com.ss.android.ugc.aweme.splash.SplashActivity$_14885#156621 parentId=155210} 4 children}
03-02 00:57:38.093  1507  1507 I SurfaceFlinger: [LayerHierarchy{RequestedLayerState{Background for 7086fb SurfaceView[com.zhiliaoapp.musically/com.ss.android.ugc.aweme.splash.SplashActivity]@0#156630 parentId=156628 relativeParentId=156621 z=-2147483648} no children}] RelativeParent to LayerHierarchy{RequestedLayerState{com.zhiliaoapp.musically/com.ss.android.ugc.aweme.splash.SplashActivity$_14885#156621 parentId=155210} 5 children}
03-02 00:57:38.093  1507  1507 I SurfaceFlinger: [LayerHierarchy{RequestedLayerState{836459b SurfaceView[com.zhiliaoapp.musically/com.ss.android.ugc.aweme.splash.SplashActivity]@0#156631 parentId=156624 relativeParentId=156621 z=-2} 2 children}] RelativeParent to LayerHierarchy{RequestedLayerState{com.zhiliaoapp.musically/com.ss.android.ugc.aweme.splash.SplashActivity$_14885#156621 parentId=155210} 6 children}
03-02 00:57:38.093  1507  1507 I SurfaceFlinger: [LayerHierarchy{RequestedLayerState{Background for 836459b SurfaceView[com.zhiliaoapp.musically/com.ss.android.ugc.aweme.splash.SplashActivity]@0#156633 parentId=156631 relativeParentId=156621 z=-2147483648} no children}] RelativeParent to LayerHierarchy{RequestedLayerState{com.zhiliaoapp.musically/com.ss.android.ugc.aweme.splash.SplashActivity$_14885#156621 parentId=155210} 7 children}
03-02 00:57:38.099  1507  2128 I SurfaceFlinger: id=156634 createSurf, flag=84004, Transition Root: Task=44543#156634
03-02 00:57:38.100  1484  1921 D DlbDlbEffect: handle_EFFECT_CMD_SET_DEVICE(device=0x00000002)
03-02 00:57:38.100  1484  1921 D DlbEffectContext: setDevice(00000002)
03-02 00:57:38.100  1484  1921 D DlbEndpointParamCache: setDevice(device=0x00000002)
03-02 00:57:38.100  1484  1921 D DlbDlbEffect: handle_EFFECT_CMD_SET_DEVICE(device=0x00000002)
03-02 00:57:38.100  1484  1921 D DlbSpatializerEffectContext: setDevice(00000002)
03-02 00:57:38.100  1484  1921 D DlbEndpointParamCache: setDevice(device=0x00000002)
03-02 00:57:38.100  1484  1921 D DlbDlbEffect: handle_EFFECT_CMD_SET_DEVICE(device=0x00000002)
03-02 00:57:38.100  1484  1921 D DlbEffectContext: setDevice(00000002)
03-02 00:57:38.100  1484  1921 D DlbEndpointParamCache: setDevice(device=0x00000002)
03-02 00:57:38.100  1484  1921 I AudioEffectExtendAction: setDevice_l empty address, empty name
03-02 00:57:38.100  1484  1921 V VolumeMonitor_Energy_Effect: VM_setDevice() sessionId:-2101, device:0x0x2, isBtTypeHeadset:0
03-02 00:57:38.100  1439 16888 D MTKAdapterStreamLayer: updateMetadataCommon(),
03-02 00:57:38.100  2013  4844 W ParceledListSlice: Element #30 is 21544 bytes.
03-02 00:57:38.101  1484  1921 D DeviceHalAidl: [default] createAudioPatch: sources: 1 sinks 1
03-02 00:57:38.101  1484  1921 D Hal2AidlMapper: [default] createOrUpdatePatch: patch ID: 579, [disregard IDs] sources: [AudioPortConfig{id: 5, portId: 0, sampleRate: Int{value: 48000}, channelMask: AudioChannelLayout{layoutMask: 3}, format: AudioFormatDescription{type: PCM, pcm: INT_16_BIT, encoding: }, gain: (null), flags: AudioIoFlags{output: 8}, ext: AudioPortExt{mix: AudioPortMixExt{handle: 21, usecase: AudioPortMixExtUseCase{stream: SYS_RESERVED_DEFAULT}, maxOpenStreamCount: 0, maxActiveStreamCount: 0, recommendedMuteDurationMs: 0}}}], sinks: [AudioPortConfig{id: 3, portId: 0, sampleRate: (null), channelMask: (null), format: (null), gain: (null), flags: (null), ext: AudioPortExt{device: AudioPortDeviceExt{device: AudioDevice{type: AudioDeviceDescription{type: OUT_SPEAKER, connection: }, address: AudioDeviceAddress{id: }}, flags: 0, encodedFormats: [], encapsulationModes: 0, encapsulationMetadataTypes: 0, speakerLayout: (null)}}}]
03-02 00:57:38.101  1484  1921 I Hal2AidlMapper: findOrCreatePortConfig
03-02 00:57:38.101  1484  1921 D Hal2AidlMapper: [default] findOrCreatePortConfig: device port config does not have audio or gain config specified
03-02 00:57:38.101  1484  1921 I Hal2AidlMapper: findOrCreatePortConfig
03-02 00:57:38.101  1484  1921 I Hal2AidlMapper: findOrCreateMixPortConfig, ioHandle:21
03-02 00:57:38.101  1439 16888 D AHAL_Module: setAudioPatch: default: requested patch AudioPatch{id: 579, sourcePortConfigIds: [30], sinkPortConfigIds: [1025], minimumStreamBufferSizeFrames: 2048, latenciesMs: [85]}
03-02 00:57:38.101  1439 16888 D AudioALSAStreamManager: reduce hal buffer size 28672 -> 8192
03-02 00:57:38.101  1439 16888 D AudioALSAStreamManager: calculateOutLatencyAndFrames(), flags 0x8, latency 85, frame count 2048
03-02 00:57:38.102  1439 16888 D MTKAdapterLayer: setAudioPatch(), patch.mLatency: 85 patch.mFrameCount: 2048
03-02 00:57:38.102 14885 14885 I InsetsSourceConsumer: applyRequestedVisibilityToControl: visible=true, type=navigationBars, host=com.zhiliaoapp.musically/com.ss.android.ugc.aweme.splash.SplashActivity
03-02 00:57:38.102  1439 16888 D AudioALSAHardware: +createAudioPatch() num_sources [1] , num_sinks [1], handle [0x0], current mAudioHalPatchVector size 4
03-02 00:57:38.102  1439 16888 D AudioALSAStreamManager: +setParameters(), IOport = 21, keyValuePairs = routing=2
03-02 00:57:38.102  1439 16888 D AudioALSAStreamManager: setParameters(), Send to mStreamOutVector[1], flag 8
03-02 00:57:38.102  1439 16888 D AudioALSAStreamOut: value_str = 2 devices count = 1
03-02 00:57:38.102  1439 16888 D AudioALSAStreamOut: updatePolicyDevice(), flag: 0x8, device: 0x2
03-02 00:57:38.102  1439 16888 D AudioALSAStreamManager: getMode(), mAudioMode = 0
03-02 00:57:38.102  1439 16888 W AudioALSAStreamManager: routingOutputDevice(), flag: 0x8, output_devices == current_output_devices(0x2), return
03-02 00:57:38.102  1439 16888 D AudioIEMsController: routing(+), cur out 0x0 in 0x0, hs 0, bt 0, usb 0, device 0x2, mask 0x1, on 0
03-02 00:57:38.102  1439 16888 D AudioIEMsController: routing(-), cur out 0x0 in 0x0
03-02 00:57:38.102  1439 16888 D AudioALSAHardware: -createAudioPatch() num_sources [1] , num_sinks [1], handle [0x36ce]
03-02 00:57:38.102  1439 16888 D AHAL_Module: setAudioPatch: default: updated patch AudioPatch{id: 579, sourcePortConfigIds: [30], sinkPortConfigIds: [1025], minimumStreamBufferSizeFrames: 2048, latenciesMs: [85]}
03-02 00:57:38.102  1445  2902 W C2MtkBufferManager: [0xB4000070F507E520] fetchNewCcBlock: wait fence 0x0xb4000070f5058270 timed out. ret 110
03-02 00:57:38.102 14885 14885 I InsetsSourceConsumer: applyRequestedVisibilityToControl: visible=true, type=statusBars, host=com.zhiliaoapp.musically/com.ss.android.ugc.aweme.splash.SplashActivity
03-02 00:57:38.102  2013  2068 I SurfaceControlRegistry: show, t=StartTransaction_SyncId<11297> sc=ActivityRecord{2751228 u0 com.zhiliaoapp.musically/com.ss.android.ugc.aweme.splash.SplashActivity t44543}, caller=android.view.SurfaceControl$Transaction.show:3557 com.android.server.wm.Transition.onTransactionReady:2048 com.android.server.wm.BLASTSyncEngine$SyncGroup.finishNow:240 com.android.server.wm.BLASTSyncEngine.onSurfacePlacement:263 com.android.server.wm.RootWindowContainer.performSurfacePlacementNoTrace:1083 com.android.server.wm.WindowSurfacePlacer.performSurfacePlacement:166
03-02 00:57:38.102  1484  1921 D AudioFlinger: setCurDevice() 0x2
03-02 00:57:38.103  1439 32089 D AHAL_Stream: getRecommendedLatencyModes
03-02 00:57:38.103  1507  1507 I SurfaceFlinger: [Transition Root: Task=44543#156634] attach to parent LayerHierarchy{RequestedLayerState{DefaultTaskDisplayArea_d0#10 parentId=9} 46 children}
03-02 00:57:38.104  1439 16888 D MTKAdapterStreamLayer: updateMetadataCommon(),
03-02 00:57:38.104  1484 16929 V APM_AudioPolicyManager: setOutputDevices() AF::createAudioPatch returned 0 patchHandle 111700 num_sources 1 num_sinks 1
03-02 00:57:38.106  1484 16929 V APM_AudioPolicyManager: checkAndSetVolume: output 21, stream 10, index 3, devices 0x2, volume 0.011220, delayMs 0, muted false
03-02 00:57:38.106  1484 16929 V APM_AudioPolicyManager: checkAndSetVolume: output 21, stream 9, index 2, devices 0x2, volume 0.089125, delayMs 0, muted false
03-02 00:57:38.106  1484 16929 V APM_AudioPolicyManager: checkAndSetVolume: output 21, stream 8, index 8, devices 0x2, volume 0.089125, delayMs 0, muted false
03-02 00:57:38.109  2013  2068 D ScreenCapture: [Capture_TEST] : setIsScreenShotBySystem false
03-02 00:57:38.109  1484 16929 V APM_AudioPolicyManager: checkAndSetVolume: output 21, stream 5, index 9, devices 0x2, volume 0.141254, delayMs 0, muted false
03-02 00:57:38.109  1484 16929 V APM_AudioPolicyManager: checkAndSetVolume: output 21, stream 4, index 11, devices 0x2, volume 0.223872, delayMs 0, muted false
03-02 00:57:38.110  2013  2068 I SurfaceComposerClient: captureLayers:childrenOnly:1, sync:1
03-02 00:57:38.111  1484 16929 V APM_AudioPolicyManager: checkAndSetVolume: output 21, stream 3, index 2, devices 0x2, volume 0.005792, delayMs 0, muted false
03-02 00:57:38.111  1484 16929 V APM_AudioPolicyManager: checkAndSetVolume: output 21, stream 2, index 8, devices 0x2, volume 0.112202, delayMs 0, muted false
03-02 00:57:38.112  1484 16929 V APM_AudioPolicyManager: checkAndSetVolume: output 21, stream 1, index 7, devices 0x2, volume 0.125893, delayMs 0, muted false
03-02 00:57:38.114  1484 16929 V APM_AudioPolicyManager: checkAndSetVolume: output 21, stream 0, index 8, devices 0x2, volume 1.000000, delayMs 0, muted false
03-02 00:57:38.116  1484 16929 V APM_AudioPolicyManager: checkAndSetVolume: output 21, stream 11, index 15, devices 0x2, volume 1.000000, delayMs 0, muted false
03-02 00:57:38.116  1484 16929 V APM_AudioPolicyManager: checkAndSetVolume: output 21, stream 3, index 2, devices 0x2, volume 0.005792, delayMs 0, muted false
03-02 00:57:38.119  1484  9961 D NativePermissionController: checkPermission: missing 13 for 10351
03-02 00:57:38.119  1484  3507 D NativePermissionController: checkPermission: missing 13 for 10130
03-02 00:57:38.119  1484  2000 D NativePermissionController: checkPermission: missing 13 for 10248
03-02 00:57:38.119  1484  5506 D NativePermissionController: checkPermission: missing 13 for 10350
03-02 00:57:38.119  1484 16929 I AudioFlinger: updateStageIndex new -2102
03-02 00:57:38.119  1484 24378 D NativePermissionController: checkPermission: missing 13 for 10492
03-02 00:57:38.120  1484 15560 D NativePermissionController: checkPermission: missing 13 for 10476
03-02 00:57:38.120  1484  1921 D DlbEffectContext: setParam() received parameter EFFECT_PARAM_SEEK
03-02 00:57:38.120  1484  1921 D DlbEffectContext: handleSeek(seek operation ends, restore profile to 2)
03-02 00:57:38.120  1484  1921 D DlbEffectContext: applySpecificParams() Reset some user specific parameters
03-02 00:57:38.120  1484  1921 D DlbProfileParamCache: resetParam(param=dvla)
03-02 00:57:38.120  1484  1921 D DlbProfileParamArray: getProfileParams(profile = 2)
03-02 00:57:38.120  1484  1921 D DlbProfileParamCache: resetParam() resend the parameter value got from xml.
03-02 00:57:38.120  1484  1921 D DlbProfileParamCache: resetParam() resend the parameter value got from xml.
03-02 00:57:38.120  1484  1921 D DlbProfileParamCache: resetParam() resend the parameter value got from xml.
03-02 00:57:38.120  1484  1921 D DlbProfileParamCache: resetParam() resend the parameter value got from xml.
03-02 00:57:38.120  1484  1921 D DlbProfileParamCache: resetParam() resend the parameter value got from xml.
03-02 00:57:38.120  1484  1921 D DlbProfileParamCache: resetParam() resend the parameter value got from xml.
03-02 00:57:38.120  1484  1921 D DlbProfileParamCache: resetParam() resend the parameter value got from xml.
03-02 00:57:38.120  1484  1921 D DlbEndpointParamCache: commitChangedParams()
03-02 00:57:38.120  1484  1921 D DlbEndpointParamCache: commit() Applying parameters for device 0x40000000
03-02 00:57:38.120  1484  1921 D DlbEndpointParamCache: doCommit() Committed 0 parameters out of 15.
03-02 00:57:38.120  1484  1921 D DlbEndpointParamCache: commit() Overriding parameters for current device 0x00000002
03-02 00:57:38.120  1484  1921 D DlbDap2Process: setParam(dvla = #1[0])
03-02 00:57:38.121  1484  1921 D DlbEndpointParamCache: doCommit() Committed 1 parameters out of 60.
03-02 00:57:38.121  1484  1921 D DlbProfileParamCache: resetParam(param=dvli)
03-02 00:57:38.121  1484  9573 D NativePermissionController: checkPermission: missing 13 for 10350
03-02 00:57:38.121  1484  1921 D DlbProfileParamArray: getProfileParams(profile = 2)
03-02 00:57:38.121  1484  1921 D DlbProfileParamCache: resetParam() resend the parameter value got from xml.
03-02 00:57:38.121  1484  1921 D DlbProfileParamCache: resetParam() resend the parameter value got from xml.
03-02 00:57:38.121  1484  1921 D DlbProfileParamCache: resetParam() resend the parameter value got from xml.
03-02 00:57:38.121  1484  1921 D DlbProfileParamCache: resetParam() resend the parameter value got from xml.
03-02 00:57:38.121  1484  1921 D DlbProfileParamCache: resetParam() resend the parameter value got from xml.
03-02 00:57:38.121  1484  1921 D DlbProfileParamCache: resetParam() resend the parameter value got from xml.
03-02 00:57:38.121  1484  1921 D DlbProfileParamCache: resetParam() resend the parameter value got from xml.
03-02 00:57:38.121  1484  1921 D DlbEndpointParamCache: commitChangedParams()
03-02 00:57:38.121  1484  1921 D DlbEndpointParamCache: commit() Applying parameters for device 0x40000000
03-02 00:57:38.121  1484  1921 D DlbEndpointParamCache: doCommit() Committed 0 parameters out of 15.
03-02 00:57:38.121  1484  1921 D DlbEndpointParamCache: commit() Overriding parameters for current device 0x00000002
03-02 00:57:38.121  1484  1921 D DlbDap2Process: setParam(dvli = #1[-256])
03-02 00:57:38.121  1484 10083 D NativePermissionController: checkPermission: missing 13 for 10248
03-02 00:57:38.121  1484  1921 D DlbEndpointParamCache: doCommit() Committed 1 parameters out of 60.
03-02 00:57:38.121  1484  1921 D DlbProfileParamCache: resetParam(param=dvlo)
03-02 00:57:38.121  1484  1921 D DlbProfileParamArray: getProfileParams(profile = 2)
03-02 00:57:38.121  1484  1921 D DlbProfileParamCache: resetParam() resend the parameter value got from xml.
03-02 00:57:38.121  1484  1921 D DlbProfileParamCache: resetParam() resend the parameter value got from xml.
03-02 00:57:38.121  1484  1921 D DlbProfileParamCache: resetParam() resend the parameter value got from xml.
03-02 00:57:38.121  1484  1921 D DlbProfileParamCache: resetParam() resend the parameter value got from xml.
03-02 00:57:38.121  1484  1921 D DlbProfileParamCache: resetParam() resend the parameter value got from xml.
03-02 00:57:38.121  1484  1921 D DlbProfileParamCache: resetParam() resend the parameter value got from xml.
03-02 00:57:38.121  1484  1921 D DlbProfileParamCache: resetParam() resend the parameter value got from xml.
03-02 00:57:38.121  1484  1921 D DlbEndpointParamCache: commitChangedParams()
03-02 00:57:38.121  1484  1921 D DlbEndpointParamCache: commit() Applying parameters for device 0x40000000
03-02 00:57:38.121  1484  1921 D DlbEndpointParamCache: doCommit() Committed 0 parameters out of 15.
03-02 00:57:38.121  1484  1921 D DlbEndpointParamCache: commit() Overriding parameters for current device 0x00000002
03-02 00:57:38.121  1484  1921 D DlbDap2Process: setParam(dvlo = #1[-224])
03-02 00:57:38.121  1484  1921 D DlbEndpointParamCache: doCommit() Committed 1 parameters out of 60.
03-02 00:57:38.121  1484  1921 D DlbProfileParamCache: resetParam(param=vmb)
03-02 00:57:38.121  1484  1921 D DlbProfileParamArray: getProfileParams(profile = 2)
03-02 00:57:38.121  1484  1921 D DlbProfileParamCache: resetParam() resend the parameter value got from xml.
03-02 00:57:38.121  1484  1921 D DlbProfileParamCache: resetParam() resend the parameter value got from xml.
03-02 00:57:38.121  1484  1921 D DlbProfileParamCache: resetParam() resend the parameter value got from xml.
03-02 00:57:38.121  1484  1921 D DlbProfileParamCache: resetParam() resend the parameter value got from xml.
03-02 00:57:38.121  1484  1921 D DlbProfileParamCache: resetParam() resend the parameter value got from xml.
03-02 00:57:38.121  1484  1921 D DlbProfileParamCache: resetParam() resend the parameter value got from xml.
03-02 00:57:38.121  1484  1921 D DlbProfileParamCache: resetParam() resend the parameter value got from xml.
03-02 00:57:38.121  1484  1921 D DlbEndpointParamCache: commitChangedParams()
03-02 00:57:38.121  1484  1921 D DlbEndpointParamCache: commit() Applying parameters for device 0x40000000
03-02 00:57:38.121  1484  1921 D DlbEndpointParamCache: doCommit() Committed 0 parameters out of 15.
03-02 00:57:38.121  1484  1921 D DlbEndpointParamCache: commit() Overriding parameters for current device 0x00000002
03-02 00:57:38.121  1484  1921 D DlbDap2Process: setParam(vmb = #1[0])
03-02 00:57:38.121  1484  1921 D DlbEndpointParamCache: doCommit() Committed 1 parameters out of 60.
03-02 00:57:38.121  1484  1921 D DlbProfileParamCache: resetParam(param=dea)
03-02 00:57:38.121  1484  1921 D DlbProfileParamArray: getProfileParams(profile = 2)
03-02 00:57:38.121  1484  1921 D DlbProfileParamCache: resetParam() resend the parameter value got from xml.
03-02 00:57:38.121  1484  1921 D DlbProfileParamCache: resetParam() resend the parameter value got from xml.
03-02 00:57:38.121  1484  1921 D DlbProfileParamCache: resetParam() resend the parameter value got from xml.
03-02 00:57:38.121  1484  1921 D DlbProfileParamCache: resetParam() resend the parameter value got from xml.
03-02 00:57:38.121  1484  1921 D DlbProfileParamCache: resetParam() resend the parameter value got from xml.
03-02 00:57:38.121  1484  1921 D DlbProfileParamCache: resetParam() resend the parameter value got from xml.
03-02 00:57:38.121  1484  1921 D DlbProfileParamCache: resetParam() resend the parameter value got from xml.
03-02 00:57:38.121  1484  1921 D DlbEndpointParamCache: commitChangedParams()
03-02 00:57:38.121  1484  1921 D DlbEndpointParamCache: commit() Applying parameters for device 0x40000000
03-02 00:57:38.121  1484  1921 D DlbEndpointParamCache: doCommit() Committed 0 parameters out of 15.
03-02 00:57:38.121  1484  1921 D DlbEndpointParamCache: commit() Overriding parameters for current device 0x00000002
03-02 00:57:38.121  1484  1921 D DlbDap2Process: setParam(dea = #1[0])
03-02 00:57:38.121  1484  1921 D DlbEndpointParamCache: doCommit() Committed 1 parameters out of 60.
03-02 00:57:38.121  1484  1921 D DlbProfileParamCache: resetParam(param=deon)
03-02 00:57:38.121  1484  1921 D DlbProfileParamArray: getProfileParams(profile = 2)
03-02 00:57:38.121  1484  1921 D DlbProfileParamCache: resetParam() resend the parameter value got from xml.
03-02 00:57:38.121  1484  1921 D DlbProfileParamCache: resetParam() resend the parameter value got from xml.
03-02 00:57:38.121  1484  1921 D DlbProfileParamCache: resetParam() resend the parameter value got from xml.
03-02 00:57:38.121  1484  1921 D DlbProfileParamCache: resetParam() resend the parameter value got from xml.
03-02 00:57:38.121  1484  1921 D DlbProfileParamCache: resetParam() resend the parameter value got from xml.
03-02 00:57:38.121  1484  1921 D DlbProfileParamCache: resetParam() resend the parameter value got from xml.
03-02 00:57:38.121  1484  1921 D DlbProfileParamCache: resetParam() resend the parameter value got from xml.
03-02 00:57:38.121  1484  1921 D DlbEndpointParamCache: commitChangedParams()
03-02 00:57:38.121  1484  1921 D DlbEndpointParamCache: commit() Applying parameters for device 0x40000000
03-02 00:57:38.121  1484  1921 D DlbEndpointParamCache: doCommit() Committed 0 parameters out of 15.
03-02 00:57:38.121  1484  1921 D DlbEndpointParamCache: commit() Overriding parameters for current device 0x00000002
03-02 00:57:38.121  1484  1921 D DlbDap2Process: setParam(deon = #1[0])
03-02 00:57:38.121  1484  1921 D DlbEndpointParamCache: doCommit() Committed 1 parameters out of 60.
03-02 00:57:38.121  1484  1921 D DlbProfileParamCache: resetParam(param=mdee)
03-02 00:57:38.122  1484  1921 D DlbProfileParamArray: getProfileParams(profile = 2)
03-02 00:57:38.122  1484  1921 D DlbProfileParamCache: resetParam() resend the parameter value got from xml.
03-02 00:57:38.122  1484  1921 D DlbEndpointParamCache: commitChangedParams()
03-02 00:57:38.122  1484  1921 D DlbEndpointParamCache: commit() Applying parameters for device 0x40000000
03-02 00:57:38.122  1484  1921 D DlbDap2Process: setParam(mdee = #1[0])
03-02 00:57:38.122  1484  1921 D DlbEndpointParamCache: doCommit() Committed 1 parameters out of 15.
03-02 00:57:38.122  1484  1921 D DlbEndpointParamCache: commit() Overriding parameters for current device 0x00000002
03-02 00:57:38.122  1484 28718 D NativePermissionController: checkPermission: missing 13 for 10492
03-02 00:57:38.122  1484  1921 D DlbEndpointParamCache: doCommit() Committed 0 parameters out of 60.
03-02 00:57:38.122  1484  1921 D DlbEffectContext: transformExternalGain() volume:0x17B95 fVol:0.005792 extVal:-715
03-02 00:57:38.122  1484  1921 D DlbEndpointParamCache: commitChangedParams()
03-02 00:57:38.122  1484  1921 D DlbEndpointParamCache: commit() Applying parameters for device 0x40000000
03-02 00:57:38.122  1484  1921 D DlbDap2Process: setParam(preg = #1[0])
03-02 00:57:38.122  1446  1498 I SensorsHub: LightSensor: lux = 41, time = 767674506425959
03-02 00:57:38.122  1484  1921 D DlbDap2Process: setSystemGain(vol = 0)
03-02 00:57:38.122  1484  1921 D DlbDap2Process: setParam(svol = #1[-715])
03-02 00:57:38.122  1484  1921 D DlbEndpointParamCache: doCommit() Committed 2 parameters out of 15.
03-02 00:57:38.122  1484  1921 D DlbEndpointParamCache: commit() Overriding parameters for current device 0x00000002
03-02 00:57:38.122  1484  1921 D DlbEndpointParamCache: doCommit() Committed 0 parameters out of 60.
03-02 00:57:38.122  1484  1921 I SoundBoosterEffectPlus: SB_setVolume(0xb400007075106040)
03-02 00:57:38.122  1484  1921 I SoundBoosterEffectPlus: command EFFECT_CMD_SET_VOLUME left = 0.005792, right =0.005792
03-02 00:57:38.122  1484  1921 I SAG_EQ a64: SetVolumeFloat() inst_num [424238335] VolumeFloat [-44.728504] mModeFW [1] mMode [1]
03-02 00:57:38.122  1484  1921 I SAG_EQ a64: mIsVolumeTableValid yes
03-02 00:57:38.122  1484  1921 I SAG_EQ a64: SetVolume() VolumeIndexInt [2]
03-02 00:57:38.122 14885 16246 D AudioTrack: setVolume(1.000000, 1.000000) pid : 14885
03-02 00:57:38.123  1484  6346 D NativePermissionController: checkPermission: missing 13 for 10350
03-02 00:57:38.124  1484  5506 D NativePermissionController: checkPermission: missing 13 for 10248
03-02 00:57:38.125  2746  2798 I SurfaceControlRegistry: hide, t=FinishTransaction_SyncId<11297> sc=Task=44895, caller=android.view.SurfaceControl$Transaction.hide:3583 com.android.wm.shell.transition.Transitions.dispatchReady:1263 com.android.wm.shell.transition.Transitions.onTransitionReady:251 com.android.wm.shell.transition.Transitions$TransitionPlayerImpl$$ExternalSyntheticLambda0.run:13 android.os.Handler.handleCallback:995 android.os.Handler.dispatchMessage:103
03-02 00:57:38.125  2746  2798 I SurfaceControlRegistry: show, t=StartTransaction_SyncId<11297> sc=Task=44543, caller=android.view.SurfaceControl$Transaction.show:3557 com.android.wm.shell.transition.Transitions.dispatchReady:1279 com.android.wm.shell.transition.Transitions.onTransitionReady:251 com.android.wm.shell.transition.Transitions$TransitionPlayerImpl$$ExternalSyntheticLambda0.run:13 android.os.Handler.handleCallback:995 android.os.Handler.dispatchMessage:103
03-02 00:57:38.125  2746  2798 I SurfaceControlRegistry: show, t=FinishTransaction_SyncId<11297> sc=Task=44543, caller=android.view.SurfaceControl$Transaction.show:3557 com.android.wm.shell.transition.Transitions.dispatchReady:1330 com.android.wm.shell.transition.Transitions.onTransitionReady:251 com.android.wm.shell.transition.Transitions$TransitionPlayerImpl$$ExternalSyntheticLambda0.run:13 android.os.Handler.handleCallback:995 android.os.Handler.dispatchMessage:103
03-02 00:57:38.125  1484  1566 D NativePermissionController: checkPermission: missing 13 for 10492
03-02 00:57:38.126  1439 16888 D MTKAdapterStreamLayer: updateMetadataCommon(),
03-02 00:57:38.126  1484  9269 D NativePermissionController: checkPermission: missing 13 for 10248
03-02 00:57:38.126  1484  1921 I SoundBooster_Interface2000_a64: [AE_LOG] Exe() mMode : 1,  n : 2048    VolumeIndexFloat : -44.728504 mSamplingRate : 48000
03-02 00:57:38.126  1484 10083 D NativePermissionController: checkPermission: missing 13 for 10492
03-02 00:57:38.127  1507  1563 I SurfaceFlinger: Capture layer list: 	 com.podcast.app.debug.test/androidx.test.core.app.InstrumentationActivityInvoker$EmptyActivity$_17532#156613(seamlessTransition:0)
03-02 00:57:38.127  1507  1563 I SurfaceFlinger: Capture layer list: 	 Splash Screen com.podcast.app.debug.test$_2746#156611(seamlessTransition:0)
03-02 00:57:38.127  1484 16929 D NativePermissionController: checkPermission: missing 13 for 10351
03-02 00:57:38.127  1484  1921 I SoundAlive_Interface_a64: [ 0 ][ 48000 ]FlushBuffers()
03-02 00:57:38.127  1484  1921 I SoundAlive_Interface_a64: [dB = -44.728504 ]
03-02 00:57:38.128  1439  1902 D AHAL_Stream: cycle: received command Command{start: Void{}} in writer
03-02 00:57:38.128  1439  1902 D AHAL_Stream: [out|ioHandle:21] start
03-02 00:57:38.128  1439  1902 I AHAL_Stream: start()
03-02 00:57:38.128  1439  1902 W MTKAdapterStreamLayer: getStreamState(), stub == NULL
03-02 00:57:38.128  1439  1902 D AHAL_Stream: cycle: writing reply Reply{status: 0, fmqByteCount: 0, observable: Position{frames: -1, timeNs: 0}, hardware: Position{frames: -1, timeNs: -1}, latencyMs: 85, xrunFrames: 0, state: IDLE}
03-02 00:57:38.129  1439  1902 D AudioALSAStreamOut: write(), flag 0x8, usePolicyDevice/standbyByHifi: 1/0, output_devices: 0x2 -> latest policyDevice 0x2 (ori policyDevice 0x2)
03-02 00:57:38.129  1439  1902 D AudioALSAStreamManager: +syncSharedOutDevice(), originDevice/routingSharedOutDevice: 0x2/0x2, mAudioMode: 0
03-02 00:57:38.129  1439  1902 D AudioALSAStreamManager: getMode(), mAudioMode = 0
03-02 00:57:38.129  1439  1902 D AudioIEMsController: routing(+), cur out 0x0 in 0x0, hs 0, bt 0, usb 0, device 0x2, mask 0x1, on 0
03-02 00:57:38.129  1439  1902 D AudioIEMsController: routing(-), cur out 0x0 in 0x0
03-02 00:57:38.129  1439  1902 D AudioALSAUltrasoundOutOfCallController: afterOutputDeviceRouting(), output_device=0x2, mTargetOutputDevice=0x1
03-02 00:57:38.129  1439  1902 D AudioMTKGainController: setNormalVolume(), mSceneIndex = 0, stream 3, devices 0x2, index 2, mode 0x0, gainDevice 0x2
03-02 00:57:38.129  1439  1902 D AudioALSAStreamOut: open(), flags 8
03-02 00:57:38.129  1439  1902 D AudioALSAStreamManager: +createPlaybackHandler(), mAudioMode = 0, output_devices = 0x2, isMixerOut = 0, isBypassAurisys = 0, flag = 8, isIEMsSource = 0, isIEMsOn = 0
03-02 00:57:38.129  1439  1902 D AudioALSAStreamManager: needEnableVoip(), output_devices = 0x2, flags: 0x8, mAvailableOutputFlags: 0x1000e, enable: 0
03-02 00:57:38.129  1439  1902 D AudioSpeechEnhanceInfo: IsAPDMNRTuningEnable(), 0
03-02 00:57:38.131  1439  1902 D AudioALSAPlaybackHandlerMixer: open(+), source flag 8, mDevice = 0x2, buffer_size 8192, sample_rate 48000
03-02 00:57:38.131  1439  1902 D AudioALSAPlaybackHandlerBase: CreateAurisysLibManager, ph type: 11, voip: 0, mAurisysScenario: 0
03-02 00:57:38.131  1439  1902 D aurisys_utility: input dev: 0x80000080 0x0, fmt = 0x1, fs: 48000, max fs: 48000, ch: 2, max ch: 2, ch maks: 0x3, hw_info_mask: 0x0; output dev: 0x2 0x0, fmt = 0x1, fs: 48000, max fs: 48000, ch: 2, max ch: 4, ch maks: 0x3, hw_info_mask: 0x8; task_scene: 2, audio_mode: 0, stream_type: 3, output_flags: 0x8, input_source: 0, input_flags: 0x0; network_info: 0, enhancement_feature_mask: 0x0
03-02 00:57:38.131  1439  1902 D AudioUtility: setupCustomInfoStr(), custom_info = "SetAudioCustomScene=Default;", (scene = Default, vol_level = -1, bt_codec = -1, gameChatMode = -1)
03-02 00:57:38.131  1439  1902 D aurisys_utility: lib, working fs: 48000, fmt: 0x3, frame = 0, b_interleave = 1, num_ul_ref_buf_array = 0, num_dl_ref_buf_array = 0
03-02 00:57:38.131  1439  1902 D aurisys_utility: dl in[type:2], ch: 2, ch_mask: 0x3, buf fs: 48000, buf content fs: 48000, fmt: 0x3; dl out[type:3], ch: 2, ch_mask: 0x3, buf fs: 48000, buf content fs: 48000, fmt: 0x3
03-02 00:57:38.132  1439  1902 D aurisys_lib_handler: aurisys_arsi_parsing_param_file(), gProductInfo "platform=MT6789,device=a15,model=SM-A155F", file_path "/vendor/etc/audio_param", enhancement_mode 0, param_buf_size 128, data_size 128, custom_info SetAudioCustomScene=Default;
03-02 00:57:38.132  1439  1902 D aurisys_lib_handler: aurisys_arsi_create_handler(), lib_name aurisys_demo, [queried_size] dram:896 [avail_size] dram:4294967295
03-02 00:57:38.132  1439  1902 D aurisys_lib_handler: aurisys_arsi_create_handler(), lib_name aurisys_demo, 0xb400006fecaa7000, process_type 1, arsi_handler 0xb400006feca82600, retval 0x0
03-02 00:57:38.132  1439  1902 D aurisys_lib_handler: aurisys_arsi_create_handler(), arsi_query_process_unit_bytes, ul 4096, dl 4096, retval 0
03-02 00:57:38.132  1439  1902 D aurisys_lib_manager: DL Lib, lib_name aurisys_demo, 0xb400006fecaa7000, sample_rate: 48000 => 48000, num_channels: 2 => 2, audio_format: 0x1 => 0x3, interleave: 1 => 1, frame: 0 => 0
03-02 00:57:38.132  1439  1902 D aurisys_lib_manager: DL out, sample_rate: 48000 => 48000, num_channels: 2 => 2, audio_format: 0x3 => 0x3, interleave: 1 => 1, frame: 0 => 0
03-02 00:57:38.132  1439  1902 D audio_sw_mixer: sw_mixer_source_attach(), MIXER_PLAYBACK  , name T_DEEP       order 2 sz 8192 fmt 3 ch 2 rate 48000 latency_us 21333
03-02 00:57:38.132  1439  1902 D AudioUtility: chooseTargetSampleRate() hiFiState 0 isDeviceSupportHiFi 0 sampleRate 48000 targetSampleRate 48000, isUltra96k 0
