03-02 00:57:26.646  1444  1808 D PQ      : [PQDSConfig] m_TDSHPTableInit 1
03-02 00:57:26.646  1444  1808 D PQ      : [PQDSConfig] getAshmemContext(SHP_ENABLE) = 1
03-02 00:57:26.646  1444  1808 D PQ      : PQDSConfig::getEnableStatus check2  time 0 ms
03-02 00:57:26.646  1444  1808 D PQ      : [PQDSConfig] PQDSConfig::getUREnableStatus = 1
03-02 00:57:26.646  1444  1808 D MDP     : [PQSession] setDpPqConfig m_svp = 0, enDRE = 0
03-02 00:57:26.646  1444  1808 D MDP     : setPQParam globalPQSupport = [0] globalPQSwitch = [0] globalPQStrength = [0] globalPQType = [0]
03-02 00:57:26.646  1444  1808 D MDP     : [PQSession] setPQparam userId[0x0], scenario[1], enDRE[0]
03-02 00:57:26.646  1444  1808 D MDP     : [PQSession] getDpPqConfig() id[7] enable[1], scenario[1]
03-02 00:57:26.646  1444  1808 D MDP     : [PQSession] getDpPqConfig() enSharp[1] enDC[0] enColor[0] enHDR[0] enHDRVivid[0] enUR[0] enReFocus[0] enCcorr[1] enDRE[0] enHFG[0] enAIPQ[0] enAISDR2HDR[0] enAIRegionPQ[0] mAdaptiveEnable[0]
03-02 00:57:26.646  1444  1808 D MDP     : [PQSession] setPQDREParam userId[0x0] scenario[1] enDRE[0]
03-02 00:57:26.646  1444  1808 D MDP     : [PQSessionManager] findVideoID[f50d5820] found on index 7
03-02 00:57:26.646  1444  1808 D PQ_HDR  : DpAsyncBlit: job:(2071273 92) in:(720, 1280)[720 368] C8s P1.1.1.0.1, alpha 0, sec0 flush:0 Buffer 1035636: plane=3 bufVA={0x5c,0x5c,0x5c} bufMVA={0x0,0x0,0x0} bufSize={0xe1000,0x39800,0x39800} proxy={0xb40000747320b7a0,0x0,0x0}fence=-1
03-02 00:57:26.646  1444  1808 D PQ_HDR  : DpAsyncBlit: out 0:(984, 1920)[2176 0] C5 P1.1.1.0.1 R:0 F:0 S:1 A:0 HDR:0 COLOR:0 CCORR:1 sec0 flush:0 Buffer 1035636: plane=1 bufVA={0x72,0x0,0x0} bufMVA={0x0,0x0,0x0} bufSize={0x4db200,0x0,0x0} proxy={0xb40000747320b820,0x0,0x0}fence=143
03-02 00:57:26.646  1444  1808 D PQ_HDR  : DpAsyncBlit: crop 0:(64.0, 0.0, 656.0, 1280.0) compose:(0, 0, 984, 1920)
03-02 00:57:26.646 14885 14885 I System.out: SceneSafeLifecycleDispatcher: onPaused Start
03-02 00:57:26.646  1444  1808 D MDP     : [PQSessionManager] PQSessionManager::getPQSession id[7]
03-02 00:57:26.646  1444  1808 D MDP     : [PQSessionManager] getPQSessionListHandle id[7]
03-02 00:57:26.646 14885 14885 I System.out: SAFActivity V Scene Framework: NavigationMessageQueue postSync start
03-02 00:57:26.646  1444  1808 D MDP     : [PQSessionManager] getPQSessionListHandle, find id[7]
03-02 00:57:26.646  1444  1808 D MDP     : [PQSessionManager] PQSessionManager::getPQSession id[7]
03-02 00:57:26.646  1444  1808 D MDP     : [PQSessionManager] getPQSessionListHandle id[7]
03-02 00:57:26.646  1444  1808 D MDP     : [PQSessionManager] getPQSessionListHandle, find id[7]
03-02 00:57:26.646 14885 14885 I System.out: SAFActivity V Scene Framework: NavigationMessageQueue postSync run current task start 14_Y.ARunnableS108S0200000_32@7ecb2a9
03-02 00:57:26.646  1444  1808 D MDP     : PQSession:setPipeNum m_PipeNum[1] value[1] ID[7] DCPath[0] DCDone[0] addr[73225d5f]
03-02 00:57:26.646  1444  1808 D MDP     : [PQSession] getDpPqConfig() id[7] enable[1], scenario[1]
03-02 00:57:26.646  1444  1808 D MDP     : [PQSession] getDpPqConfig() enSharp[1] enDC[0] enColor[0] enHDR[0] enHDRVivid[0] enUR[0] enReFocus[0] enCcorr[1] enDRE[0] enHFG[0] enAIPQ[0] enAISDR2HDR[0] enAIRegionPQ[0] mAdaptiveEnable[0]
03-02 00:57:26.646 14885 14885 I System.out: SAFActivity V Scene Framework: NavigationSceneManager Sync Scene SAFFragmentRootScene{79e191c} Lifecycle [RESUMED -> STARTED] without saved State
03-02 00:57:26.646  1444  1808 D PQ      : [PQRSZConfig] PQRSZConfig::getUREnableStatus = 1
03-02 00:57:26.646 14885 14885 I System.out: SAFFragmentRootScene: onPause Start (SAFFragmentRootScene{79e191c})
03-02 00:57:26.646  1444  1808 D MDP     : [PQSessionManager] PQSessionManager::getPQSession id[7]
03-02 00:57:26.646  1444  1808 D MDP     : [PQSessionManager] getPQSessionListHandle id[7]
03-02 00:57:26.647  1444  1808 D MDP     : [PQSessionManager] getPQSessionListHandle, find id[7]
03-02 00:57:26.647  1444  1808 D AAL     : [PQEngineInterface] DpEngineTDSHPConfigFrame(0) pqSessionId = 7
03-02 00:57:26.647  1444  1808 D MDP     : [PQSession] getDpPqConfig() id[7] enable[1], scenario[1]
03-02 00:57:26.647  1444  1808 D MDP     : [PQSession] getDpPqConfig() enSharp[1] enDC[0] enColor[0] enHDR[0] enHDRVivid[0] enUR[0] enReFocus[0] enCcorr[1] enDRE[0] enHFG[0] enAIPQ[0] enAISDR2HDR[0] enAIRegionPQ[0] mAdaptiveEnable[0]
03-02 00:57:26.647  1444  1808 D AAL     : [PQEngineInterface] DpEngineTDSHPConfigFrame(0) tdshpEnable(1) enSharp(1) enDC(0) enHFG(0)
03-02 00:57:26.647  1444  1808 D MDP     : PQSession:setPipeNum m_PipeNum[1] value[1] ID[7] DCPath[0] DCDone[0] addr[73225d5f]
03-02 00:57:26.647  1444  1808 D AAL     : [PQEngineInterface] DpEngineTDSHPConfigFrame(0) adl_enable = 0
03-02 00:57:26.647  1444  1808 D PQ      : [PQHFGConfig] PQHFGConfig::isEnabled = 2
03-02 00:57:26.647  1444  1808 D MDP     : [PQSession] getDpPqConfig() id[7] enable[1], scenario[1]
03-02 00:57:26.647  1444  1808 D MDP     : [PQSession] getDpPqConfig() enSharp[1] enDC[0] enColor[0] enHDR[0] enHDRVivid[0] enUR[0] enReFocus[0] enCcorr[1] enDRE[0] enHFG[0] enAIPQ[0] enAISDR2HDR[0] enAIRegionPQ[0] mAdaptiveEnable[0]
03-02 00:57:26.647  1444  1808 D AAL     : [PQEngineInterface] DpEngineTDSHPConfigFrame(0) hfg_enable = 0
03-02 00:57:26.647  1444  1808 D AAL     : PQEngineInterface] DpEngineTDSHPConfigFrame(0) shp_enable = 0
03-02 00:57:26.647  1444  1808 D MDP     : [PQSessionManager] PQSessionManager::getPQSession id[7]
03-02 00:57:26.647  1444  1808 D MDP     : [PQSessionManager] getPQSessionListHandle id[7]
03-02 00:57:26.647  1444  1808 D MDP     : [PQSessionManager] getPQSessionListHandle, find id[7]
03-02 00:57:26.647  1444  1808 D MDP     : [PQSession] getDpPqConfig() id[7] enable[1], scenario[1]
03-02 00:57:26.647  1444  1808 D MDP     : [PQSession] getDpPqConfig() enSharp[1] enDC[0] enColor[0] enHDR[0] enHDRVivid[0] enUR[0] enReFocus[0] enCcorr[1] enDRE[0] enHFG[0] enAIPQ[0] enAISDR2HDR[0] enAIRegionPQ[0] mAdaptiveEnable[0]
03-02 00:57:26.647  1444  1808 W AAL     : DpEngine_AAL: relay 1
03-02 00:57:26.647  1444  1808 D AAL     : [PQEngineInterface] DpEngineTDSHPConfigTile(0) InpSize: 801, 1920, OutSize: 801, 1920
03-02 00:57:26.647  1444  1808 D MDP     : [PQSessionManager] PQSessionManager::getPQSession id[7]
03-02 00:57:26.647  1444  1808 D MDP     : [PQSessionManager] getPQSessionListHandle id[7]
03-02 00:57:26.647  1444  1808 D MDP     : [PQSessionManager] getPQSessionListHandle, find id[7]
03-02 00:57:26.647  1444  1808 D PQ      : [PQHFGConfig] PQHFGConfig::isEnabled = 2
03-02 00:57:26.647  1444  1808 D MDP     : [PQSession] getDpPqConfig() id[7] enable[1], scenario[1]
03-02 00:57:26.647  1444  1808 D MDP     : [PQSession] getDpPqConfig() enSharp[1] enDC[0] enColor[0] enHDR[0] enHDRVivid[0] enUR[0] enReFocus[0] enCcorr[1] enDRE[0] enHFG[0] enAIPQ[0] enAISDR2HDR[0] enAIRegionPQ[0] mAdaptiveEnable[0]
03-02 00:57:26.647  1444  1808 D AAL     : [PQEngineInterface] DpEngineAALCongTile(0) MDP_aal_size = 36701440
03-02 00:57:26.647  1444  1808 D AAL     : [PQEngineInterface(1791345034)::MDP_AAL_output_offset = 0
03-02 00:57:26.647  1444  1808 D AAL     : [PQEngineInterface] DpEngineAALCongTile(0) MDP_AAL_output_size = 35652864
03-02 00:57:26.647  1444  1808 D AAL     : [PQEngineInterface] DpEngineAALCongTile(0) inTileXRight = 611, inTileXLeft = 52
03-02 00:57:26.647  1444  1808 D AAL     : [PQEngineInterface] DpEngineAALCongTile(0) inTileYBottom = 603, inTileYTop = 0
03-02 00:57:26.647  1444  1808 D AAL     : [PQEngineInterface] DpEngineAALCongTile(0) outTileXRight = 1279, outTileXLeft = 60
03-02 00:57:26.647  1444  1808 D AAL     : [PQEngineInterface] DpEngineAALCongTile(0) m_outTileYBottom = 1279, m_outTileYTop = 0
03-02 00:57:26.647  1444  1808 D MDP     : [PQSessionManager] PQSessionManager::getPQSession id[7]
03-02 00:57:26.647  1444  1808 D MDP     : [PQSessionManager] getPQSessionListHandle id[7]
03-02 00:57:26.647  1444  1808 D MDP     : [PQSessionManager] getPQSessionListHandle, find id[7]
03-02 00:57:26.647  1444  1808 D AAL     : [PQEngineInterface] DpEngineAALCongTile(0)cropOffset[X, Y]=[1, 52], crop[Wid, Hei]=[0, 668]
03-02 00:57:26.647  1444  1808 D MDP     : [PQSessionManager] PQSessionManager::getPQSession id[7]
03-02 00:57:26.647  1444  1808 D MDP     : [PQSessionManager] getPQSessionListHandle id[7]
03-02 00:57:26.647  1444  1808 D MDP     : [PQSessionManager] getPQSessionListHandle, find id[7]
03-02 00:57:26.647  1444  1808 D AAL     : [PQEngineInterface] DpEngineHDRConfigTile(0) outTileXLeft = 52, outTileXRight = 611
03-02 00:57:26.647  1444  1808 D AAL     : [PQEngineInterface] DpEngineHDRConfigTile(0) inTileXLeft = 52, inTileXRight = 611
03-02 00:57:26.647  1444  1808 D AAL     : [PQEngineInterface] DpEngineHDRConfigTile(0) HDR_out_start_x = 0, HDR_out_end_x = 559, src h: 560,v: 1280
03-02 00:57:26.647  1444  1808 D AAL     : [PQEngineInterface] DpEngineHDRConfigTile(0) HDR_hist_end_x = 0, HDR_hist_begin_x = 0
03-02 00:57:26.647  1444  1808 D AAL     : [PQEngineInterface] DpEngineHDRConfigTile(0) HDR_first_tile = 0, HDR_last_tile = 0
03-02 00:57:26.647  1444  1808 D AAL     : [PQEngineInterface] DpEngineHDRConfigTile(0) inFrameWidth = 720 , middlePosX = 0
03-02 00:57:26.647  1444  1808 D AAL     : [PQEngineInterface] DpEngineTDSHPConfigTile(0) InpSize: 184, 1920, OutSize: 184, 1920
03-02 00:57:26.647  1444  1808 D MDP     : [PQSessionManager] PQSessionManager::getPQSession id[7]
03-02 00:57:26.647  1444  1808 D MDP     : [PQSessionManager] getPQSessionListHandle id[7]
03-02 00:57:26.647  1444  1808 D MDP     : [PQSessionManager] getPQSessionListHandle, find id[7]
03-02 00:57:26.648  1444  1808 D PQ      : [PQHFGConfig] PQHFGConfig::isEnabled = 2
03-02 00:57:26.648  1444  1808 D MDP     : [PQSession] getDpPqConfig() id[7] enable[1], scenario[1]
03-02 00:57:26.648  1444  1808 D MDP     : [PQSession] getDpPqConfig() enSharp[1] enDC[0] enColor[0] enHDR[0] enHDRVivid[0] enUR[0] enReFocus[0] enCcorr[1] enDRE[0] enHFG[0] enAIPQ[0] enAISDR2HDR[0] enAIRegionPQ[0] mAdaptiveEnable[0]
03-02 00:57:26.648  1444  1808 D AAL     : [PQEngineInterface] DpEngineAALCongTile(0) MDP_aal_size = 8783104
03-02 00:57:26.648  1444  1808 D AAL     : [PQEngineInterface(1791345034)::MDP_AAL_output_offset = 0
03-02 00:57:26.648  1444  1808 D AAL     : [PQEngineInterface] DpEngineAALCongTile(0) MDP_AAL_output_size = 8258816
03-02 00:57:26.648  1444  1808 D AAL     : [PQEngineInterface] DpEngineAALCongTile(0) inTileXRight = 719, inTileXLeft = 586
03-02 00:57:26.648  1444  1808 D AAL     : [PQEngineInterface] DpEngineAALCongTile(0) inTileYBottom = 719, inTileYTop = 0
03-02 00:57:26.648  1444  1808 D AAL     : [PQEngineInterface] DpEngineAALCongTile(0) outTileXRight = 1279, outTileXLeft = 594
03-02 00:57:26.648  1444  1808 D AAL     : [PQEngineInterface] DpEngineAALCongTile(0) m_outTileYBottom = 1279, m_outTileYTop = 0
03-02 00:57:26.648  1444  1808 D MDP     : [PQSessionManager] PQSessionManager::getPQSession id[7]
03-02 00:57:26.648  1444  1808 D MDP     : [PQSessionManager] getPQSessionListHandle id[7]
03-02 00:57:26.648  1444  1808 D MDP     : [PQSessionManager] getPQSessionListHandle, find id[7]
03-02 00:57:26.648  1444  1808 D AAL     : [PQEngineInterface] DpEngineAALCongTile(0)cropOffset[X, Y]=[1, 52], crop[Wid, Hei]=[0, 668]
03-02 00:57:26.648  1444  1808 D MDP     : [PQSessionManager] PQSessionManager::getPQSession id[7]
03-02 00:57:26.648  1444  1808 D MDP     : [PQSessionManager] getPQSessionListHandle id[7]
03-02 00:57:26.648  1444  1808 D MDP     : [PQSessionManager] getPQSessionListHandle, find id[7]
03-02 00:57:26.648  1444  1808 D AAL     : [PQEngineInterface] DpEngineHDRConfigTile(0) outTileXLeft = 586, outTileXRight = 719
03-02 00:57:26.648  1444  1808 D AAL     : [PQEngineInterface] DpEngineHDRConfigTile(0) inTileXLeft = 586, inTileXRight = 719
03-02 00:57:26.648  1444  1808 D AAL     : [PQEngineInterface] DpEngineHDRConfigTile(0) HDR_out_start_x = 0, HDR_out_end_x = 133, src h: 134,v: 1280
03-02 00:57:26.648  1444  1808 D AAL     : [PQEngineInterface] DpEngineHDRConfigTile(0) HDR_hist_end_x = 0, HDR_hist_begin_x = 0
03-02 00:57:26.648  1444  1808 D AAL     : [PQEngineInterface] DpEngineHDRConfigTile(0) HDR_first_tile = 0, HDR_last_tile = 0
03-02 00:57:26.648  1444  1808 D AAL     : [PQEngineInterface] DpEngineHDRConfigTile(0) inFrameWidth = 720 , middlePosX = 0
03-02 00:57:26.648  1444  1808 D MDP     : [PQSessionManager] PQSessionManager::getPQSession id[7]
03-02 00:57:26.648  1444  1808 D MDP     : [PQSessionManager] getPQSessionListHandle id[7]
03-02 00:57:26.648  1444  1808 D MDP     : [PQSessionManager] getPQSessionListHandle, find id[7]
03-02 00:57:26.648  1444  1808 D MDP     : [PQSessionManager] PQSessionManager::getPQSession id[7]
03-02 00:57:26.648  1444  1808 D MDP     : [PQSessionManager] getPQSessionListHandle id[7]
03-02 00:57:26.648  1444  1808 D MDP     : [PQSessionManager] getPQSessionListHandle, find id[7]
03-02 00:57:26.648  2746  2808 I ViewRootImpl: dVRR is disabled
03-02 00:57:26.649  1445  2902 W C2MtkBufferManager: [0xB4000070F507E520] fetchNewCcBlock: wait fence 0x0xb4000070f5058270 timed out. ret 110
03-02 00:57:26.650  2746  2798 D ShellDesktopMode: handleRequest: TransitionRequestInfo {type=1, tid=44880, debugId=11276}
03-02 00:57:26.653  1444  1809 D MDP     : [PQSessionManager] PQSessionManager::getPQSession id[7]
03-02 00:57:26.653  1444  1809 D MDP     : [PQSessionManager] getPQSessionListHandle id[7]
03-02 00:57:26.653  1444  1809 D MDP     : [PQSessionManager] getPQSessionListHandle, find id[7]
03-02 00:57:26.653  1444  1809 D MDP     : [PQSessionManager] findVideoID[f50d5820] found on index 7
03-02 00:57:26.656  1444  1808 D MDP     : [PQSessionManager] findVideoID[f50d5820] found on index 7
03-02 00:57:26.656  1444  1808 D MDP     : [PQSessionManager] createPQSession(7) user(0xb4000074f4d46d80)
03-02 00:57:26.656  1444  1808 D MDP     : [PQSessionManager] Duplicated ID[7] found, please check if double createPQSession!
03-02 00:57:26.656  1444  1808 D MDP     : [PQSessionManager] getPQSessionListHandle id[7]
03-02 00:57:26.656  1444  1808 D MDP     : [PQSessionManager] getPQSessionListHandle, find id[7]
03-02 00:57:26.656  1444  1808 D MDP     : [PQSession] incRefCount id[7] user[0xb4000074f4d46d80] existed
03-02 00:57:26.656  1444  1808 D MDP     : [PQSession] incRefCount id[7] user[0xb4000074f4d46d80] numOfUser[1]
03-02 00:57:26.656  1444  1808 D MDP     : [PQSession] numElements[0] key[0] metaData[0]
03-02 00:57:26.656  1444  1808 D MDP     : [PQSession] setPQParam() id[7] enable[1], scenario[1]
03-02 00:57:26.656  1444  1808 D MDP     : [PQSession] video TS [21000]
03-02 00:57:26.656  1444  1808 D PQ      : PQDSConfig::getEnableStatus check1  time 0 ms
03-02 00:57:26.656  1444  1808 D PQ      : [PQDSConfig] PQDSConfig::getEnableStatus = 1
03-02 00:57:26.656  1444  1808 D PQ      : [PQDSConfig] m_TDSHPTableInit 1
03-02 00:57:26.656  1444  1808 D PQ      : [PQDSConfig] getAshmemContext(SHP_ENABLE) = 1
03-02 00:57:26.656  1444  1808 D PQ      : PQDSConfig::getEnableStatus check2  time 0 ms
03-02 00:57:26.656  1444  1808 D PQ      : [PQDSConfig] PQDSConfig::getUREnableStatus = 1
03-02 00:57:26.656  1444  1808 D MDP     : [PQSession] setDpPqConfig m_svp = 0, enDRE = 0
03-02 00:57:26.656  1444  1808 D MDP     : setPQParam globalPQSupport = [0] globalPQSwitch = [0] globalPQStrength = [0] globalPQType = [0]
03-02 00:57:26.656  1444  1808 D MDP     : [PQSession] setPQparam userId[0x0], scenario[1], enDRE[0]
03-02 00:57:26.656  1444  1808 D MDP     : [PQSession] getDpPqConfig() id[7] enable[1], scenario[1]
03-02 00:57:26.656  1444  1808 D MDP     : [PQSession] getDpPqConfig() enSharp[1] enDC[0] enColor[0] enHDR[0] enHDRVivid[0] enUR[0] enReFocus[0] enCcorr[1] enDRE[0] enHFG[0] enAIPQ[0] enAISDR2HDR[0] enAIRegionPQ[0] mAdaptiveEnable[0]
03-02 00:57:26.656  1444  1808 D MDP     : [PQSession] setPQDREParam userId[0x0] scenario[1] enDRE[0]
03-02 00:57:26.656  1444  1808 D MDP     : [PQSessionManager] findVideoID[f50d5820] found on index 7
03-02 00:57:26.656  1444  1808 D PQ_HDR  : DpAsyncBlit: job:(2071275 106) in:(720, 1280)[720 368] C8s P1.1.1.0.1, alpha 0, sec0 flush:0 Buffer 1035637: plane=3 bufVA={0x6a,0x6a,0x6a} bufMVA={0x0,0x0,0x0} bufSize={0xe1000,0x39800,0x39800} proxy={0xb40000747320b6e0,0x0,0x0}fence=-1
03-02 00:57:26.656  1444  1808 D PQ_HDR  : DpAsyncBlit: out 0:(998, 1920)[2176 0] C5 P1.1.1.0.1 R:0 F:0 S:1 A:0 HDR:0 COLOR:0 CCORR:1 sec0 flush:0 Buffer 1035637: plane=1 bufVA={0x5e,0x0,0x0} bufMVA={0x0,0x0,0x0} bufSize={0x4db200,0x0,0x0} proxy={0xb40000747320b860,0x0,0x0}fence=143
03-02 00:57:26.656  1444  1808 D PQ_HDR  : DpAsyncBlit: crop 0:(56.0, 0.0, 664.0, 1280.0) compose:(0, 0, 997, 1920)
03-02 00:57:26.657  1444  1808 D MDP     : [PQSessionManager] PQSessionManager::getPQSession id[7]
03-02 00:57:26.657  1444  1808 D MDP     : [PQSessionManager] getPQSessionListHandle id[7]
03-02 00:57:26.657  1444  1808 D MDP     : [PQSessionManager] getPQSessionListHandle, find id[7]
03-02 00:57:26.657  1444  1808 D MDP     : [PQSessionManager] PQSessionManager::getPQSession id[7]
03-02 00:57:26.657  1444  1808 D MDP     : [PQSessionManager] getPQSessionListHandle id[7]
03-02 00:57:26.657  1444  1808 D MDP     : [PQSessionManager] getPQSessionListHandle, find id[7]
03-02 00:57:26.657  1444  1808 D MDP     : PQSession:setPipeNum m_PipeNum[1] value[1] ID[7] DCPath[0] DCDone[0] addr[73225d5f]
03-02 00:57:26.657  1444  1808 D MDP     : [PQSession] getDpPqConfig() id[7] enable[1], scenario[1]
03-02 00:57:26.657  1444  1808 D MDP     : [PQSession] getDpPqConfig() enSharp[1] enDC[0] enColor[0] enHDR[0] enHDRVivid[0] enUR[0] enReFocus[0] enCcorr[1] enDRE[0] enHFG[0] enAIPQ[0] enAISDR2HDR[0] enAIRegionPQ[0] mAdaptiveEnable[0]
03-02 00:57:26.657  1444  1808 D PQ      : [PQRSZConfig] PQRSZConfig::getUREnableStatus = 1
03-02 00:57:26.657  1444  1808 D MDP     : [PQSessionManager] PQSessionManager::getPQSession id[7]
03-02 00:57:26.657  1444  1808 D MDP     : [PQSessionManager] getPQSessionListHandle id[7]
03-02 00:57:26.657  1444  1808 D MDP     : [PQSessionManager] getPQSessionListHandle, find id[7]
03-02 00:57:26.657  1444  1808 D AAL     : [PQEngineInterface] DpEngineTDSHPConfigFrame(0) pqSessionId = 7
03-02 00:57:26.657  1444  1808 D MDP     : [PQSession] getDpPqConfig() id[7] enable[1], scenario[1]
03-02 00:57:26.657  1444  1808 D MDP     : [PQSession] getDpPqConfig() enSharp[1] enDC[0] enColor[0] enHDR[0] enHDRVivid[0] enUR[0] enReFocus[0] enCcorr[1] enDRE[0] enHFG[0] enAIPQ[0] enAISDR2HDR[0] enAIRegionPQ[0] mAdaptiveEnable[0]
03-02 00:57:26.657  1444  1808 D AAL     : [PQEngineInterface] DpEngineTDSHPConfigFrame(0) tdshpEnable(1) enSharp(1) enDC(0) enHFG(0)
03-02 00:57:26.657  1444  1808 D MDP     : PQSession:setPipeNum m_PipeNum[1] value[1] ID[7] DCPath[0] DCDone[0] addr[73225d5f]
03-02 00:57:26.657  1444  1808 D AAL     : [PQEngineInterface] DpEngineTDSHPConfigFrame(0) adl_enable = 0
03-02 00:57:26.657  1444  1808 D PQ      : [PQHFGConfig] PQHFGConfig::isEnabled = 2
03-02 00:57:26.657  1444  1808 D MDP     : [PQSession] getDpPqConfig() id[7] enable[1], scenario[1]
03-02 00:57:26.657  1444  1808 D MDP     : [PQSession] getDpPqConfig() enSharp[1] enDC[0] enColor[0] enHDR[0] enHDRVivid[0] enUR[0] enReFocus[0] enCcorr[1] enDRE[0] enHFG[0] enAIPQ[0] enAISDR2HDR[0] enAIRegionPQ[0] mAdaptiveEnable[0]
03-02 00:57:26.657  1444  1808 D AAL     : [PQEngineInterface] DpEngineTDSHPConfigFrame(0) hfg_enable = 0
03-02 00:57:26.657  1444  1808 D AAL     : PQEngineInterface] DpEngineTDSHPConfigFrame(0) shp_enable = 0
03-02 00:57:26.658  1444  1808 D MDP     : [PQSessionManager] PQSessionManager::getPQSession id[7]
03-02 00:57:26.658  1444  1808 D MDP     : [PQSessionManager] getPQSessionListHandle id[7]
03-02 00:57:26.658  1444  1808 D MDP     : [PQSessionManager] getPQSessionListHandle, find id[7]
03-02 00:57:26.658  1444  1808 D MDP     : [PQSession] getDpPqConfig() id[7] enable[1], scenario[1]
03-02 00:57:26.658  1444  1808 D MDP     : [PQSession] getDpPqConfig() enSharp[1] enDC[0] enColor[0] enHDR[0] enHDRVivid[0] enUR[0] enReFocus[0] enCcorr[1] enDRE[0] enHFG[0] enAIPQ[0] enAISDR2HDR[0] enAIRegionPQ[0] mAdaptiveEnable[0]
03-02 00:57:26.658  1444  1808 W AAL     : DpEngine_AAL: relay 1
03-02 00:57:26.658  1444  1808 D AAL     : [PQEngineInterface] DpEngineTDSHPConfigTile(0) InpSize: 803, 1920, OutSize: 803, 1920
03-02 00:57:26.658  1444  1808 D MDP     : [PQSessionManager] PQSessionManager::getPQSession id[7]
03-02 00:57:26.658  1444  1808 D MDP     : [PQSessionManager] getPQSessionListHandle id[7]
03-02 00:57:26.658  1444  1808 D MDP     : [PQSessionManager] getPQSessionListHandle, find id[7]
03-02 00:57:26.658  1444  1808 D PQ      : [PQHFGConfig] PQHFGConfig::isEnabled = 2
03-02 00:57:26.658  1444  1808 D MDP     : [PQSession] getDpPqConfig() id[7] enable[1], scenario[1]
03-02 00:57:26.658  1444  1808 D MDP     : [PQSession] getDpPqConfig() enSharp[1] enDC[0] enColor[0] enHDR[0] enHDRVivid[0] enUR[0] enReFocus[0] enCcorr[1] enDRE[0] enHFG[0] enAIPQ[0] enAISDR2HDR[0] enAIRegionPQ[0] mAdaptiveEnable[0]
03-02 00:57:26.658  1444  1808 D AAL     : [PQEngineInterface] DpEngineAALCongTile(0) MDP_aal_size = 36701440
03-02 00:57:26.658  1444  1808 D AAL     : [PQEngineInterface(1791345034)::MDP_AAL_output_offset = 0
03-02 00:57:26.658  1444  1808 D AAL     : [PQEngineInterface] DpEngineAALCongTile(0) MDP_AAL_output_size = 35652864
03-02 00:57:26.658  1444  1808 D AAL     : [PQEngineInterface] DpEngineAALCongTile(0) inTileXRight = 603, inTileXLeft = 44
03-02 00:57:26.658  1444  1808 D AAL     : [PQEngineInterface] DpEngineAALCongTile(0) inTileYBottom = 595, inTileYTop = 0
03-02 00:57:26.658  1444  1808 D AAL     : [PQEngineInterface] DpEngineAALCongTile(0) outTileXRight = 1279, outTileXLeft = 52
03-02 00:57:26.658  1444  1808 D AAL     : [PQEngineInterface] DpEngineAALCongTile(0) m_outTileYBottom = 1279, m_outTileYTop = 0
03-02 00:57:26.658  1444  1808 D MDP     : [PQSessionManager] PQSessionManager::getPQSession id[7]
03-02 00:57:26.658  1444  1808 D MDP     : [PQSessionManager] getPQSessionListHandle id[7]
03-02 00:57:26.658  1444  1808 D MDP     : [PQSessionManager] getPQSessionListHandle, find id[7]
03-02 00:57:26.658  4784  4784 I SemDvfsHyPerManager: acquire hyper - APP_START/4784@17, type = -999
03-02 00:57:26.658  1444  1808 D AAL     : [PQEngineInterface] DpEngineAALCongTile(0)cropOffset[X, Y]=[1, 44], crop[Wid, Hei]=[0, 676]
03-02 00:57:26.658  1444  1808 D MDP     : [PQSessionManager] PQSessionManager::getPQSession id[7]
03-02 00:57:26.658  1444  1808 D MDP     : [PQSessionManager] getPQSessionListHandle id[7]
03-02 00:57:26.658  1444  1808 D MDP     : [PQSessionManager] getPQSessionListHandle, find id[7]
03-02 00:57:26.658  1444  1808 D AAL     : [PQEngineInterface] DpEngineHDRConfigTile(0) outTileXLeft = 44, outTileXRight = 603
03-02 00:57:26.658  1444  1808 D AAL     : [PQEngineInterface] DpEngineHDRConfigTile(0) inTileXLeft = 44, inTileXRight = 603
03-02 00:57:26.658  1444  1808 D AAL     : [PQEngineInterface] DpEngineHDRConfigTile(0) HDR_out_start_x = 0, HDR_out_end_x = 559, src h: 560,v: 1280
03-02 00:57:26.658  1444  1808 D AAL     : [PQEngineInterface] DpEngineHDRConfigTile(0) HDR_hist_end_x = 0, HDR_hist_begin_x = 0
03-02 00:57:26.658  1444  1808 D AAL     : [PQEngineInterface] DpEngineHDRConfigTile(0) HDR_first_tile = 0, HDR_last_tile = 0
03-02 00:57:26.658  1444  1808 D AAL     : [PQEngineInterface] DpEngineHDRConfigTile(0) inFrameWidth = 720 , middlePosX = 0
03-02 00:57:26.658  1444  1808 D AAL     : [PQEngineInterface] DpEngineTDSHPConfigTile(0) InpSize: 196, 1920, OutSize: 196, 1920
03-02 00:57:26.658  1444  1808 D MDP     : [PQSessionManager] PQSessionManager::getPQSession id[7]
03-02 00:57:26.658  1444  1808 D MDP     : [PQSessionManager] getPQSessionListHandle id[7]
03-02 00:57:26.658  1444  1808 D MDP     : [PQSessionManager] getPQSessionListHandle, find id[7]
03-02 00:57:26.658  1444  1808 D PQ      : [PQHFGConfig] PQHFGConfig::isEnabled = 2
03-02 00:57:26.658  1444  1808 D MDP     : [PQSession] getDpPqConfig() id[7] enable[1], scenario[1]
03-02 00:57:26.658  1444  1808 D MDP     : [PQSession] getDpPqConfig() enSharp[1] enDC[0] enColor[0] enHDR[0] enHDRVivid[0] enUR[0] enReFocus[0] enCcorr[1] enDRE[0] enHFG[0] enAIPQ[0] enAISDR2HDR[0] enAIRegionPQ[0] mAdaptiveEnable[0]
03-02 00:57:26.658  1444  1808 D AAL     : [PQEngineInterface] DpEngineAALCongTile(0) MDP_aal_size = 9307392
03-02 00:57:26.658  1444  1808 D AAL     : [PQEngineInterface(1791345034)::MDP_AAL_output_offset = 0
03-02 00:57:26.658  1444  1808 D AAL     : [PQEngineInterface] DpEngineAALCongTile(0) MDP_AAL_output_size = 8783104
03-02 00:57:26.658  1444  1808 D AAL     : [PQEngineInterface] DpEngineAALCongTile(0) inTileXRight = 719, inTileXLeft = 578
03-02 00:57:26.658  1444  1808 D AAL     : [PQEngineInterface] DpEngineAALCongTile(0) inTileYBottom = 719, inTileYTop = 0
03-02 00:57:26.658  1446  1498 I SensorsHub: LightSensor: lux = 52, time = 767663046402800
03-02 00:57:26.660 14885 14885 I System.out: SAFFragmentRootScene: onWindowFocusChanged: com.ss.android.ugc.aweme.main.MainRootFragment, MainRootFragment{e89d275} (8a90a2f7-f51b-4f8d-88b5-38e0125851ad tag=root_fragment), true (SAFFragmentRootScene{79e191c})
03-02 00:57:26.661 14885 14885 I System.out: SAFActivity V Scene Framework: NavigationMessageQueue postSync run current task finish 14_Y.ARunnableS108S0200000_32@7ecb2a9
03-02 00:57:26.661 14885 14885 I System.out: SAFActivity V Scene Framework: NavigationMessageQueue postSync finish
03-02 00:57:26.661 14885 14885 I System.out: SceneSafeLifecycleDispatcher: onPaused End PAUSE
03-02 00:57:26.661 14885 14885 I System.out: SAFActivity: com.ss.android.ugc.aweme.main.MainActivity@c20428f,  onPause End
03-02 00:57:26.662  5235 12848 I HBD     : a [SKE_SPECIFIC] specific model[com.zhiliaoapp.musically] loaded, 81609231 ns
03-02 00:57:26.661  2013  2706 D NetdEventListenerService: DNS Requested by 318, 10350(com.zhiliaoapp.musically), SUCCESS, 19ms
03-02 00:57:26.667  1450  1487 I HYPER-HAL: [RequestManager.cpp]acquire(): Acquired ID : 11527218  [4784 / 17]    HINT : APP_START    list :
03-02 00:57:26.667  1444  1808 D MDP     : [PQSessionManager] findVideoID[f50d5820] found on index 7
03-02 00:57:26.667  1444  1808 D MDP     : [PQSessionManager] createPQSession(7) user(0xb4000074f4d46d80)
03-02 00:57:26.667  1444  1808 D MDP     : [PQSessionManager] Duplicated ID[7] found, please check if double createPQSession!
03-02 00:57:26.667  1444  1808 D MDP     : [PQSessionManager] getPQSessionListHandle id[7]
03-02 00:57:26.667  1444  1808 D MDP     : [PQSessionManager] getPQSessionListHandle, find id[7]
03-02 00:57:26.667  1444  1808 D MDP     : [PQSession] incRefCount id[7] user[0xb4000074f4d46d80] existed
03-02 00:57:26.667  1444  1808 D MDP     : [PQSession] incRefCount id[7] user[0xb4000074f4d46d80] numOfUser[1]
03-02 00:57:26.668  1444  1808 D MDP     : [PQSession] numElements[0] key[0] metaData[0]
03-02 00:57:26.668  1444  1808 D MDP     : [PQSession] setPQParam() id[7] enable[1], scenario[1]
03-02 00:57:26.668  1444  1808 D MDP     : [PQSession] video TS [21000]
03-02 00:57:26.668  1444  1808 D PQ      : PQDSConfig::getEnableStatus check1  time 0 ms
03-02 00:57:26.668  1444  1808 D PQ      : [PQDSConfig] PQDSConfig::getEnableStatus = 1
03-02 00:57:26.668  1444  1808 D PQ      : [PQDSConfig] m_TDSHPTableInit 1
03-02 00:57:26.668  1444  1808 D PQ      : [PQDSConfig] getAshmemContext(SHP_ENABLE) = 1
03-02 00:57:26.668  1444  1808 D PQ      : PQDSConfig::getEnableStatus check2  time 0 ms
03-02 00:57:26.668  1444  1808 D PQ      : [PQDSConfig] PQDSConfig::getUREnableStatus = 1
03-02 00:57:26.668  1444  1808 D MDP     : [PQSession] setDpPqConfig m_svp = 0, enDRE = 0
03-02 00:57:26.668  1444  1808 D MDP     : setPQParam globalPQSupport = [0] globalPQSwitch = [0] globalPQStrength = [0] globalPQType = [0]
03-02 00:57:26.668  1444  1808 D MDP     : [PQSession] setPQparam userId[0x0], scenario[1], enDRE[0]
03-02 00:57:26.668  1444  1808 D MDP     : [PQSession] getDpPqConfig() id[7] enable[1], scenario[1]
03-02 00:57:26.668  1444  1808 D MDP     : [PQSession] getDpPqConfig() enSharp[1] enDC[0] enColor[0] enHDR[0] enHDRVivid[0] enUR[0] enReFocus[0] enCcorr[1] enDRE[0] enHFG[0] enAIPQ[0] enAISDR2HDR[0] enAIRegionPQ[0] mAdaptiveEnable[0]
03-02 00:57:26.668  1444  1808 D MDP     : [PQSession] setPQDREParam userId[0x0] scenario[1] enDRE[0]
03-02 00:57:26.668  1444  1808 D MDP     : [PQSessionManager] findVideoID[f50d5820] found on index 7
03-02 00:57:26.668  1444  1808 D PQ_HDR  : DpAsyncBlit: job:(2071277 92) in:(720, 1280)[720 368] C8s P1.1.1.0.1, alpha 0, sec0 flush:0 Buffer 1035638: plane=3 bufVA={0x5c,0x5c,0x5c} bufMVA={0x0,0x0,0x0} bufSize={0xe1000,0x39800,0x39800} proxy={0xb40000747320b4a0,0x0,0x0}fence=-1
03-02 00:57:26.668  1444  1808 D PQ_HDR  : DpAsyncBlit: out 0:(1008, 1920)[2176 0] C5 P1.1.1.0.1 R:0 F:0 S:1 A:0 HDR:0 COLOR:0 CCORR:1 sec0 flush:0 Buffer 1035638: plane=1 bufVA={0x78,0x0,0x0} bufMVA={0x0,0x0,0x0} bufSize={0x4db200,0x0,0x0} proxy={0xb40000747320b840,0x0,0x0}fence=150
03-02 00:57:26.668  1444  1808 D PQ_HDR  : DpAsyncBlit: crop 0:(49.0, 0.0, 671.0, 1280.0) compose:(0, 0, 1007, 1920)
03-02 00:57:26.668  1444  1808 D MDP     : [PQSessionManager] PQSessionManager::getPQSession id[7]
03-02 00:57:26.668  1444  1808 D MDP     : [PQSessionManager] getPQSessionListHandle id[7]
03-02 00:57:26.668  1444  1808 D MDP     : [PQSessionManager] getPQSessionListHandle, find id[7]
03-02 00:57:26.669  3506  3506 E pageboostd: Received HALT command code 2
03-02 00:57:26.670  1444  1808 D MDP     : [PQSessionManager] getPQSessionListHandle id[7]
03-02 00:57:26.670  1444  1808 D MDP     : [PQSessionManager] getPQSessionListHandle, find id[7]
03-02 00:57:26.671  2746  2870 D NativeCustomFrequencyManager: [NativeCFMS] BpCustomFrequencyManager::BpCustomFrequencyManager()
03-02 00:57:26.675  1444  1809 D MDP     : [PQSessionManager] PQSessionManager::getPQSession id[7]
03-02 00:57:26.675  1444  1809 D MDP     : [PQSessionManager] getPQSessionListHandle id[7]
03-02 00:57:26.675  1444  1809 D MDP     : [PQSessionManager] getPQSessionListHandle, find id[7]
03-02 00:57:26.675  1444  1809 D MDP     : [PQSessionManager] findVideoID[f50d5820] found on index 7
03-02 00:57:26.675  2013  2731 D InputDispatcher: Focused application(0): ActivityRecord{65726066 u0 com.podcast.app.debug/androidx.activity.ComponentActivity t44880}
03-02 00:57:26.676  2013  4903 D GraphicsStatsService: requestRenderEngineFor(com.podcast.app.debug)
03-02 00:57:26.676 14636 14636 D WM-SystemJobService: onStopJob for WorkGenerationalId(workSpecId=f23029b8-b7a3-4a93-aaf6-b7c7a26dfe9e, generation=0)
03-02 00:57:26.678  1444  1808 D MDP     : [PQSessionManager] findVideoID[f50d5820] found on index 7
03-02 00:57:26.678  1444  1808 D MDP     : [PQSessionManager] createPQSession(7) user(0xb4000074f4d46d80)
03-02 00:57:26.678  1444  1808 D MDP     : [PQSessionManager] Duplicated ID[7] found, please check if double createPQSession!
03-02 00:57:26.678  1444  1808 D MDP     : [PQSessionManager] getPQSessionListHandle id[7]
03-02 00:57:26.678  1444  1808 D MDP     : [PQSessionManager] getPQSessionListHandle, find id[7]
03-02 00:57:26.678  1444  1808 D MDP     : [PQSession] incRefCount id[7] user[0xb4000074f4d46d80] existed
03-02 00:57:26.678  1444  1808 D MDP     : [PQSession] incRefCount id[7] user[0xb4000074f4d46d80] numOfUser[1]
03-02 00:57:26.678  1444  1808 D MDP     : [PQSession] numElements[0] key[0] metaData[0]
03-02 00:57:26.678  1444  1808 D MDP     : [PQSession] setPQParam() id[7] enable[1], scenario[1]
03-02 00:57:26.678  1444  1808 D MDP     : [PQSession] video TS [21000]
03-02 00:57:26.678  1444  1808 D PQ      : PQDSConfig::getEnableStatus check1  time 0 ms
03-02 00:57:26.678  1444  1808 D PQ      : [PQDSConfig] PQDSConfig::getEnableStatus = 1
03-02 00:57:26.678  1444  1808 D PQ      : [PQDSConfig] m_TDSHPTableInit 1
03-02 00:57:26.678  1444  1808 D PQ      : [PQDSConfig] getAshmemContext(SHP_ENABLE) = 1
03-02 00:57:26.678  1444  1808 D PQ      : PQDSConfig::getEnableStatus check2  time 0 ms
03-02 00:57:26.678  1444  1808 D PQ      : [PQDSConfig] PQDSConfig::getUREnableStatus = 1
03-02 00:57:26.678  1444  1808 D MDP     : [PQSession] setDpPqConfig m_svp = 0, enDRE = 0
03-02 00:57:26.678  1444  1808 D MDP     : setPQParam globalPQSupport = [0] globalPQSwitch = [0] globalPQStrength = [0] globalPQType = [0]
03-02 00:57:26.678  1444  1808 D MDP     : [PQSession] setPQparam userId[0x0], scenario[1], enDRE[0]
03-02 00:57:26.678  1444  1808 D MDP     : [PQSession] getDpPqConfig() id[7] enable[1], scenario[1]
03-02 00:57:26.679  1444  1808 D MDP     : [PQSession] getDpPqConfig() enSharp[1] enDC[0] enColor[0] enHDR[0] enHDRVivid[0] enUR[0] enReFocus[0] enCcorr[1] enDRE[0] enHFG[0] enAIPQ[0] enAISDR2HDR[0] enAIRegionPQ[0] mAdaptiveEnable[0]
03-02 00:57:26.679  1444  1808 D MDP     : [PQSession] setPQDREParam userId[0x0] scenario[1] enDRE[0]
03-02 00:57:26.679  1444  1808 D MDP     : [PQSessionManager] findVideoID[f50d5820] found on index 7
03-02 00:57:26.679  1444  1808 D PQ_HDR  : DpAsyncBlit: job:(2071279 106) in:(720, 1280)[720 368] C8s P1.1.1.0.1, alpha 0, sec0 flush:0 Buffer 1035639: plane=3 bufVA={0x6a,0x6a,0x6a} bufMVA={0x0,0x0,0x0} bufSize={0xe1000,0x39800,0x39800} proxy={0xb40000747320b5a0,0x0,0x0}fence=-1
03-02 00:57:26.679  1444  1808 D PQ_HDR  : DpAsyncBlit: out 0:(1016, 1920)[2176 0] C5 P1.1.1.0.1 R:0 F:0 S:1 A:0 HDR:0 COLOR:0 CCORR:1 sec0 flush:0 Buffer 1035639: plane=1 bufVA={0x72,0x0,0x0} bufMVA={0x0,0x0,0x0} bufSize={0x4db200,0x0,0x0} proxy={0xb40000747320b820,0x0,0x0}fence=144
03-02 00:57:26.679  1444  1808 D PQ_HDR  : DpAsyncBlit: crop 0:(43.0, 0.0, 677.0, 1280.0) compose:(0, 0, 1016, 1920)
03-02 00:57:26.679 14636 15217 D WM-Processor: WorkerWrapper interrupted for f23029b8-b7a3-4a93-aaf6-b7c7a26dfe9e
03-02 00:57:26.679 14636 15217 D WM-StopWorkRunnable: StopWorkRunnable for f23029b8-b7a3-4a93-aaf6-b7c7a26dfe9e; Processor.stopWork = true
03-02 00:57:26.679  1444  1808 D MDP     : [PQSessionManager] PQSessionManager::getPQSession id[7]
03-02 00:57:26.679  1444  1808 D MDP     : [PQSessionManager] getPQSessionListHandle id[7]
03-02 00:57:26.679  1444  1808 D MDP     : [PQSessionManager] getPQSessionListHandle, find id[7]
03-02 00:57:26.679  1444  1808 D MDP     : [PQSessionManager] PQSessionManager::getPQSession id[7]
03-02 00:57:26.679  1444  1808 D MDP     : [PQSessionManager] getPQSessionListHandle id[7]
03-02 00:57:26.679  1444  1808 D MDP     : [PQSessionManager] getPQSessionListHandle, find id[7]
03-02 00:57:26.679  1444  1808 D MDP     : PQSession:setPipeNum m_PipeNum[1] value[1] ID[7] DCPath[0] DCDone[0] addr[73225d5f]
03-02 00:57:26.679  1444  1808 D MDP     : [PQSession] getDpPqConfig() id[7] enable[1], scenario[1]
03-02 00:57:26.679  1444  1808 D MDP     : [PQSession] getDpPqConfig() enSharp[1] enDC[0] enColor[0] enHDR[0] enHDRVivid[0] enUR[0] enReFocus[0] enCcorr[1] enDRE[0] enHFG[0] enAIPQ[0] enAISDR2HDR[0] enAIRegionPQ[0] mAdaptiveEnable[0]
03-02 00:57:26.679  1444  1808 D PQ      : [PQRSZConfig] PQRSZConfig::getUREnableStatus = 1
03-02 00:57:26.679  1444  1808 D MDP     : [PQSessionManager] PQSessionManager::getPQSession id[7]
03-02 00:57:26.679  1444  1808 D MDP     : [PQSessionManager] getPQSessionListHandle id[7]
03-02 00:57:26.679  1444  1808 D MDP     : [PQSessionManager] getPQSessionListHandle, find id[7]
03-02 00:57:26.679  1444  1808 D AAL     : [PQEngineInterface] DpEngineTDSHPConfigFrame(0) pqSessionId = 7
03-02 00:57:26.679  1444  1808 D MDP     : [PQSession] getDpPqConfig() id[7] enable[1], scenario[1]
03-02 00:57:26.679  1444  1808 D MDP     : [PQSession] getDpPqConfig() enSharp[1] enDC[0] enColor[0] enHDR[0] enHDRVivid[0] enUR[0] enReFocus[0] enCcorr[1] enDRE[0] enHFG[0] enAIPQ[0] enAISDR2HDR[0] enAIRegionPQ[0] mAdaptiveEnable[0]
03-02 00:57:26.679  1444  1808 D AAL     : [PQEngineInterface] DpEngineTDSHPConfigFrame(0) tdshpEnable(1) enSharp(1) enDC(0) enHFG(0)
03-02 00:57:26.679  1444  1808 D MDP     : PQSession:setPipeNum m_PipeNum[1] value[1] ID[7] DCPath[0] DCDone[0] addr[73225d5f]
03-02 00:57:26.679  1444  1808 D AAL     : [PQEngineInterface] DpEngineTDSHPConfigFrame(0) adl_enable = 0
03-02 00:57:26.680  1444  1808 D PQ      : [PQHFGConfig] PQHFGConfig::isEnabled = 2
03-02 00:57:26.680  1444  1808 D MDP     : [PQSession] getDpPqConfig() id[7] enable[1], scenario[1]
03-02 00:57:26.680  1444  1808 D MDP     : [PQSession] getDpPqConfig() enSharp[1] enDC[0] enColor[0] enHDR[0] enHDRVivid[0] enUR[0] enReFocus[0] enCcorr[1] enDRE[0] enHFG[0] enAIPQ[0] enAISDR2HDR[0] enAIRegionPQ[0] mAdaptiveEnable[0]
03-02 00:57:26.680  1444  1808 D AAL     : [PQEngineInterface] DpEngineTDSHPConfigFrame(0) hfg_enable = 0
03-02 00:57:26.680  1444  1808 D AAL     : PQEngineInterface] DpEngineTDSHPConfigFrame(0) shp_enable = 0
03-02 00:57:26.680  1444  1808 D MDP     : [PQSessionManager] PQSessionManager::getPQSession id[7]
03-02 00:57:26.680  1444  1808 D MDP     : [PQSessionManager] getPQSessionListHandle id[7]
03-02 00:57:26.680  1444  1808 D MDP     : [PQSessionManager] getPQSessionListHandle, find id[7]
03-02 00:57:26.680  1444  1808 D MDP     : [PQSession] getDpPqConfig() id[7] enable[1], scenario[1]
03-02 00:57:26.680  1444  1808 D MDP     : [PQSession] getDpPqConfig() enSharp[1] enDC[0] enColor[0] enHDR[0] enHDRVivid[0] enUR[0] enReFocus[0] enCcorr[1] enDRE[0] enHFG[0] enAIPQ[0] enAISDR2HDR[0] enAIRegionPQ[0] mAdaptiveEnable[0]
03-02 00:57:26.680  1444  1808 W AAL     : DpEngine_AAL: relay 1
03-02 00:57:26.680  1484  9269 D AudioFlinger: setParameters: filtered dev setParameters keyvalue audioHDR=0
03-02 00:57:26.680  1444  1808 D AAL     : [PQEngineInterface] DpEngineTDSHPConfigTile(0) InpSize: 803, 1920, OutSize: 803, 1920
03-02 00:57:26.680  1444  1808 D MDP     : [PQSessionManager] PQSessionManager::getPQSession id[7]
03-02 00:57:26.680  1444  1808 D MDP     : [PQSessionManager] getPQSessionListHandle id[7]
03-02 00:57:26.680  1444  1808 D MDP     : [PQSessionManager] getPQSessionListHandle, find id[7]
03-02 00:57:26.680  1444  1808 D PQ      : [PQHFGConfig] PQHFGConfig::isEnabled = 2
03-02 00:57:26.680  1444  1808 D MDP     : [PQSession] getDpPqConfig() id[7] enable[1], scenario[1]
03-02 00:57:26.680  1444  1808 D MDP     : [PQSession] getDpPqConfig() enSharp[1] enDC[0] enColor[0] enHDR[0] enHDRVivid[0] enUR[0] enReFocus[0] enCcorr[1] enDRE[0] enHFG[0] enAIPQ[0] enAISDR2HDR[0] enAIRegionPQ[0] mAdaptiveEnable[0]
03-02 00:57:26.680  1444  1808 D AAL     : [PQEngineInterface] DpEngineAALCongTile(0) MDP_aal_size = 36701440
03-02 00:57:26.680  1444  1808 D AAL     : [PQEngineInterface(1791345034)::MDP_AAL_output_offset = 0
03-02 00:57:26.680  1444  1808 D AAL     : [PQEngineInterface] DpEngineAALCongTile(0) MDP_AAL_output_size = 35652864
03-02 00:57:26.680  1444  1808 D AAL     : [PQEngineInterface] DpEngineAALCongTile(0) inTileXRight = 591, inTileXLeft = 32
03-02 00:57:26.680  1444  1808 D AAL     : [PQEngineInterface] DpEngineAALCongTile(0) inTileYBottom = 583, inTileYTop = 0
03-02 00:57:26.680  1444  1808 D AAL     : [PQEngineInterface] DpEngineAALCongTile(0) outTileXRight = 1279, outTileXLeft = 40
03-02 00:57:26.680  1444  1808 D AAL     : [PQEngineInterface] DpEngineAALCongTile(0) m_outTileYBottom = 1279, m_outTileYTop = 0
03-02 00:57:26.680  1444  1808 D MDP     : [PQSessionManager] PQSessionManager::getPQSession id[7]
03-02 00:57:26.680  1444  1808 D MDP     : [PQSessionManager] getPQSessionListHandle id[7]
03-02 00:57:26.680  1444  1808 D MDP     : [PQSessionManager] getPQSessionListHandle, find id[7]
03-02 00:57:26.680  1444  1808 D AAL     : [PQEngineInterface] DpEngineAALCongTile(0)cropOffset[X, Y]=[1, 32], crop[Wid, Hei]=[0, 688]
03-02 00:57:26.680  1444  1808 D MDP     : [PQSessionManager] PQSessionManager::getPQSession id[7]
03-02 00:57:26.680  1444  1808 D MDP     : [PQSessionManager] getPQSessionListHandle id[7]
03-02 00:57:26.680  1444  1808 D MDP     : [PQSessionManager] getPQSessionListHandle, find id[7]
03-02 00:57:26.680  1444  1808 D AAL     : [PQEngineInterface] DpEngineHDRConfigTile(0) outTileXLeft = 32, outTileXRight = 591
03-02 00:57:26.680  1444  1808 D AAL     : [PQEngineInterface] DpEngineHDRConfigTile(0) inTileXLeft = 32, inTileXRight = 591
03-02 00:57:26.680  1444  1808 D AAL     : [PQEngineInterface] DpEngineHDRConfigTile(0) HDR_out_start_x = 0, HDR_out_end_x = 559, src h: 560,v: 1280
03-02 00:57:26.680  1444  1808 D AAL     : [PQEngineInterface] DpEngineHDRConfigTile(0) HDR_hist_end_x = 0, HDR_hist_begin_x = 0
03-02 00:57:26.680  1444  1808 D AAL     : [PQEngineInterface] DpEngineHDRConfigTile(0) HDR_first_tile = 0, HDR_last_tile = 0
03-02 00:57:26.680  1444  1808 D AAL     : [PQEngineInterface] DpEngineHDRConfigTile(0) inFrameWidth = 720 , middlePosX = 0
03-02 00:57:26.680  1444  1808 D AAL     : [PQEngineInterface] DpEngineTDSHPConfigTile(0) InpSize: 214, 1920, OutSize: 214, 1920
03-02 00:57:26.680  1444  1808 D MDP     : [PQSessionManager] PQSessionManager::getPQSession id[7]
03-02 00:57:26.680  1444  1808 D MDP     : [PQSessionManager] getPQSessionListHandle id[7]
03-02 00:57:26.680  1444  1808 D MDP     : [PQSessionManager] getPQSessionListHandle, find id[7]
03-02 00:57:26.680  1509  1509 D Audio_ParameterParser: parseVendorParameters: scope: MODULE, keys/values: audioHDR=0
03-02 00:57:26.680  1444  1808 D PQ      : [PQHFGConfig] PQHFGConfig::isEnabled = 2
03-02 00:57:26.680  1444  1808 D MDP     : [PQSession] getDpPqConfig() id[7] enable[1], scenario[1]
03-02 00:57:26.680  1444  1808 D MDP     : [PQSession] getDpPqConfig() enSharp[1] enDC[0] enColor[0] enHDR[0] enHDRVivid[0] enUR[0] enReFocus[0] enCcorr[1] enDRE[0] enHFG[0] enAIPQ[0] enAISDR2HDR[0] enAIRegionPQ[0] mAdaptiveEnable[0]
03-02 00:57:26.680  1444  1808 D AAL     : [PQEngineInterface] DpEngineAALCongTile(0) MDP_aal_size = 10093824
03-02 00:57:26.680  1444  1808 D AAL     : [PQEngineInterface(1791345034)::MDP_AAL_output_offset = 0
03-02 00:57:26.680  1444  1808 D AAL     : [PQEngineInterface] DpEngineAALCongTile(0) MDP_AAL_output_size = 9569536
03-02 00:57:26.680  1444  1808 D AAL     : [PQEngineInterface] DpEngineAALCongTile(0) inTileXRight = 719, inTileXLeft = 566
03-02 00:57:26.680  1444  1808 D AAL     : [PQEngineInterface] DpEngineAALCongTile(0) inTileYBottom = 719, inTileYTop = 0
03-02 00:57:26.680  1444  1808 D AAL     : [PQEngineInterface] DpEngineAALCongTile(0) outTileXRight = 1279, outTileXLeft = 574
03-02 00:57:26.680  1444  1808 D AAL     : [PQEngineInterface] DpEngineAALCongTile(0) m_outTileYBottom = 1279, m_outTileYTop = 0
03-02 00:57:26.680  1444  1808 D MDP     : [PQSessionManager] PQSessionManager::getPQSession id[7]
03-02 00:57:26.680  1444  1808 D MDP     : [PQSessionManager] getPQSessionListHandle id[7]
03-02 00:57:26.680  1444  1808 D MDP     : [PQSessionManager] getPQSessionListHandle, find id[7]
03-02 00:57:26.680  1444  1808 D AAL     : [PQEngineInterface] DpEngineAALCongTile(0)cropOffset[X, Y]=[1, 32], crop[Wid, Hei]=[0, 688]
03-02 00:57:26.680  1444  1808 D MDP     : [PQSessionManager] PQSessionManager::getPQSession id[7]
03-02 00:57:26.680  1444  1808 D MDP     : [PQSessionManager] getPQSessionListHandle id[7]
03-02 00:57:26.681  1444  1808 D MDP     : [PQSessionManager] getPQSessionListHandle, find id[7]
03-02 00:57:26.681  1444  1808 D AAL     : [PQEngineInterface] DpEngineHDRConfigTile(0) outTileXLeft = 566, outTileXRight = 719
03-02 00:57:26.681  1444  1808 D AAL     : [PQEngineInterface] DpEngineHDRConfigTile(0) inTileXLeft = 566, inTileXRight = 719
03-02 00:57:26.681  1444  1808 D AAL     : [PQEngineInterface] DpEngineHDRConfigTile(0) HDR_out_start_x = 0, HDR_out_end_x = 153, src h: 154,v: 1280
03-02 00:57:26.681  1444  1808 D AAL     : [PQEngineInterface] DpEngineHDRConfigTile(0) HDR_hist_end_x = 0, HDR_hist_begin_x = 0
03-02 00:57:26.681  1444  1808 D AAL     : [PQEngineInterface] DpEngineHDRConfigTile(0) HDR_first_tile = 0, HDR_last_tile = 0
03-02 00:57:26.681  1444  1808 D AAL     : [PQEngineInterface] DpEngineHDRConfigTile(0) inFrameWidth = 720 , middlePosX = 0
03-02 00:57:26.681  1444  1808 D MDP     : [PQSessionManager] PQSessionManager::getPQSession id[7]
03-02 00:57:26.681  1444  1808 D MDP     : [PQSessionManager] getPQSessionListHandle id[7]
03-02 00:57:26.681  1444  1808 D MDP     : [PQSessionManager] getPQSessionListHandle, find id[7]
03-02 00:57:26.681  1444  1808 D MDP     : [PQSessionManager] PQSessionManager::getPQSession id[7]
03-02 00:57:26.681  1444  1808 D MDP     : [PQSessionManager] getPQSessionListHandle id[7]
03-02 00:57:26.681  1444  1808 D MDP     : [PQSessionManager] getPQSessionListHandle, find id[7]
03-02 00:57:26.681  1439 32089 D AudioALSAHardware: +setParameters(): audioHDR=0
03-02 00:57:26.682  3202  3386 I HoneySpace.TopTaskSource: onTaskMovedToFront : taskId = 44880, displayId = 0
03-02 00:57:26.682  1439 32089 D AudioALSAHardware: -setParameters(): audioHDR=0
03-02 00:57:26.682  1439 32089 E AHAL_Module: setVendorParameters: default: unrecognized parameter "audioHDR=0"
03-02 00:57:26.682  1484  9269 E ConversionHelperAidl: Function: parseAndSetVendorParameters Line: 94 Failed
03-02 00:57:26.683  1509  1509 D Audio_ParameterParser: parseVendorParameters: scope: MODULE, keys/values: audioHDR=0
03-02 00:57:26.685  1445 18689 W C2MtkBufferManager: [0xB4000070F68A8D20] fetchNewCcBlock: wait fence 0x0xb4000070f692fcb0 timed out. ret 110
03-02 00:57:26.685  1444  1809 D MDP     : [PQSessionManager] PQSessionManager::getPQSession id[7]
03-02 00:57:26.685  1444  1809 D MDP     : [PQSessionManager] getPQSessionListHandle id[7]
03-02 00:57:26.685  1444  1809 D MDP     : [PQSessionManager] getPQSessionListHandle, find id[7]
03-02 00:57:26.685  1444  1809 D MDP     : [PQSessionManager] findVideoID[f50d5820] found on index 7
03-02 00:57:26.686  1507  1507 E SurfaceFlinger: alpha changed 0.007 -> 0.000 - DimTransitionLayer for Surface(name=Task=44879)/@0x5bb9fe5#156244
03-02 00:57:26.686  1509  1509 D Audio_ParameterParser: parseVendorParameters: scope: MODULE, keys/values: audioHDR=0
03-02 00:57:26.689  2013  2252 D InputTransport: Input channel constructed: 'f5fb46 ', fd=1083
03-02 00:57:26.689  2013  2252 D InputTransport: Input channel constructed: 'f5fb46 ', fd=1100
03-02 00:57:26.689  1444  1808 D MDP     : [PQSessionManager] findVideoID[f50d5820] found on index 7
03-02 00:57:26.689  1444  1808 D MDP     : [PQSessionManager] createPQSession(7) user(0xb4000074f4d46d80)
03-02 00:57:26.689  1444  1808 D MDP     : [PQSessionManager] Duplicated ID[7] found, please check if double createPQSession!
03-02 00:57:26.689  1444  1808 D MDP     : [PQSessionManager] getPQSessionListHandle id[7]
03-02 00:57:26.689  1444  1808 D MDP     : [PQSessionManager] getPQSessionListHandle, find id[7]
03-02 00:57:26.689  1444  1808 D MDP     : [PQSession] incRefCount id[7] user[0xb4000074f4d46d80] existed
03-02 00:57:26.689  1444  1808 D MDP     : [PQSession] incRefCount id[7] user[0xb4000074f4d46d80] numOfUser[1]
03-02 00:57:26.689  1444  1808 D MDP     : [PQSession] numElements[0] key[0] metaData[0]
03-02 00:57:26.689  1444  1808 D MDP     : [PQSession] setPQParam() id[7] enable[1], scenario[1]
03-02 00:57:26.689  1444  1808 D MDP     : [PQSession] video TS [21000]
03-02 00:57:26.689  1444  1808 D PQ      : PQDSConfig::getEnableStatus check1  time 0 ms
03-02 00:57:26.689  1444  1808 D PQ      : [PQDSConfig] PQDSConfig::getEnableStatus = 1
03-02 00:57:26.689  1444  1808 D PQ      : [PQDSConfig] m_TDSHPTableInit 1
03-02 00:57:26.689  1444  1808 D PQ      : [PQDSConfig] getAshmemContext(SHP_ENABLE) = 1
03-02 00:57:26.689  1444  1808 D PQ      : PQDSConfig::getEnableStatus check2  time 0 ms
03-02 00:57:26.689  1444  1808 D PQ      : [PQDSConfig] PQDSConfig::getUREnableStatus = 1
03-02 00:57:26.689  1444  1808 D MDP     : [PQSession] setDpPqConfig m_svp = 0, enDRE = 0
03-02 00:57:26.689  1444  1808 D MDP     : setPQParam globalPQSupport = [0] globalPQSwitch = [0] globalPQStrength = [0] globalPQType = [0]
03-02 00:57:26.689  1444  1808 D MDP     : [PQSession] setPQparam userId[0x0], scenario[1], enDRE[0]
03-02 00:57:26.689  1444  1808 D MDP     : [PQSession] getDpPqConfig() id[7] enable[1], scenario[1]
03-02 00:57:26.689  1444  1808 D MDP     : [PQSession] getDpPqConfig() enSharp[1] enDC[0] enColor[0] enHDR[0] enHDRVivid[0] enUR[0] enReFocus[0] enCcorr[1] enDRE[0] enHFG[0] enAIPQ[0] enAISDR2HDR[0] enAIRegionPQ[0] mAdaptiveEnable[0]
03-02 00:57:26.689  2013  2252 D InputTransport: Input channel constructed: 'f5fb46 ', fd=1116
03-02 00:57:26.689  1439 32089 D AHAL_ModuleBluetooth: setVendorParameters unrecognized parameter: audioHDR=0
03-02 00:57:26.689  1444  1808 D MDP     : [PQSession] setPQDREParam userId[0x0] scenario[1] enDRE[0]
03-02 00:57:26.689  1444  1808 D MDP     : [PQSessionManager] findVideoID[f50d5820] found on index 7
03-02 00:57:26.689  2013  2252 D InputTransport: Input channel destroyed: 'f5fb46 ', fd=1100
03-02 00:57:26.689  1444  1808 D PQ_HDR  : DpAsyncBlit: job:(2071281 92) in:(720, 1280)[720 368] C8s P1.1.1.0.1, alpha 0, sec0 flush:0 Buffer 1035640: plane=3 bufVA={0x5c,0x5c,0x5c} bufMVA={0x0,0x0,0x0} bufSize={0xe1000,0x39800,0x39800} proxy={0xb40000747320b7a0,0x0,0x0}fence=-1
03-02 00:57:26.690  1444  1808 D PQ_HDR  : DpAsyncBlit: out 0:(1024, 1920)[2176 0] C5 P1.1.1.0.1 R:0 F:0 S:1 A:0 HDR:0 COLOR:0 CCORR:1 sec0 flush:0 Buffer 1035640: plane=1 bufVA={0x5e,0x0,0x0} bufMVA={0x0,0x0,0x0} bufSize={0x4db200,0x0,0x0} proxy={0xb40000747320b860,0x0,0x0}fence=142
03-02 00:57:26.690  1444  1808 D PQ_HDR  : DpAsyncBlit: crop 0:(38.0, 0.0, 682.0, 1280.0) compose:(0, 0, 1024, 1920)
03-02 00:57:26.690  1507  1507 D SurfaceFlinger: Display 4627039422300187648 HWC layers:
