03-02 00:57:35.072  2013  3645 D InputTransport: Input channel constructed: 'f90e4f7', fd=1100
03-02 00:57:35.072  2013  3645 D InputTransport: Input channel constructed: 'f90e4f7', fd=1131
03-02 00:57:35.073  2013  3645 D InputTransport: Input channel constructed: 'f90e4f7', fd=1132
03-02 00:57:35.073  2013  3645 D InputTransport: Input channel destroyed: 'f90e4f7', fd=1131
03-02 00:57:35.073 17121 17121 D LifecycleMonitor: Lifecycle status change: androidx.activity.ComponentActivity@f811124 in: PAUSED
03-02 00:57:35.073 17121 17121 V ActivityScenario: Update currentActivityStage to PAUSED, currentActivity=androidx.activity.ComponentActivity@f811124
03-02 00:57:35.073  3202  3918 I HoneySpace.RecentTasks: onRecentTasksChanged
03-02 00:57:35.073  1507  1563 I SurfaceFlinger: id=156511 createSurf, flag=84004, f90e4f7 Splash Screen com.podcast.app.debug.test#156511
03-02 00:57:35.074  3202  3390 I HoneySpace.TopTaskUseCase: topTasks 44891 ComponentInfo{com.podcast.app.debug.test/androidx.test.core.app.InstrumentationActivityInvoker$EmptyActivity}[displayId=0]
03-02 00:57:35.074  1507  1507 I SurfaceFlinger: RequestedLayer [Surface(name=2141cda InputMethod)/@0[...]ion-leash of insets_animation#156508] hidden!! flag  from(1) --> to(0)
03-02 00:57:35.074  1507  1507 E SurfaceFlinger: alpha changed 1.000 -> 0.000 - Surface(name=2141cda InputMethod)/@0x5ea0b56 - animation-leash of insets_animation#156508
03-02 00:57:35.074  1507  1507 I SurfaceFlinger: [LayerHierarchy{RequestedLayerState{ImeContainer#15 parentId=156489 relativeParentId=156502 z=1} 1 children}] RelativeParent to LayerHierarchy{RequestedLayerState{29e2e40 com.podcast.app.debug/androidx.activity.ComponentActivity#156502 parentId=156506 z=1} 3 children}
03-02 00:57:35.074  1507  1507 I SurfaceFlinger: [LayerHierarchy{RequestedLayerState{2141cda InputMethod#159 parentId=156508} no children}] reparent to LayerHierarchy{RequestedLayerState{Surface(name=2141cda InputMethod)/@0x5ea0b56 - animation-leash of insets_animation#156508 parentId=143} 1 children}
03-02 00:57:35.074  1507  1507 I SurfaceFlinger: [LayerHierarchy{RequestedLayerState{Surface(name=2141cda InputMethod)/@0x5ea0b56 - animation-leash of insets_animation#156500} no children}] reparent to OffscreenRoot
03-02 00:57:35.074  1507  1507 I SurfaceFlinger: [LayerHierarchy{RequestedLayerState{Surface(name=2141cda InputMethod)/@0x5ea0b56 - animation-leash of insets_animation#156500} no children}] RelativeParent to null
03-02 00:57:35.074  1507  1507 I SurfaceFlinger: [f90e4f7 Splash Screen com.podcast.app.debug.test#156511] attach to parent LayerHierarchy{RequestedLayerState{ActivityRecord{250270004 u0 com.podcast.app.debug.test/androidx.test.core.app.InstrumentationActivityInvoker$EmptyActivity t44891}#156510 parentId=156509} 1 children}
03-02 00:57:35.075  2013  3645 D InputTransport: Input channel destroyed: 'f90e4f7', fd=1132
03-02 00:57:35.075  2746  2808 D InputTransport: Input channel constructed: 'f90e4f7', fd=495
03-02 00:57:35.076  2746  2808 I InsetsController: onStateChanged: host=Splash Screen com.podcast.app.debug.test, from=android.view.ViewRootImpl.onInsetsStateChanged:3026, state=InsetsState: {mDisplayFrame=Rect(0, 0 - 1080, 2340), mDisplayCutout=DisplayCutout{insets=Rect(0, 80 - 0, 0) waterfall=Insets{left=0, top=0, right=0, bottom=0} boundingRect={Bounds=[Rect(0, 0 - 0, 0), Rect(472, 0 - 608, 80), Rect(0, 0 - 0, 0), Rect(0, 0 - 0, 0)]} cutoutPathParserInfo={CutoutPathParserInfo{displayWidth=1080 displayHeight=2340 physicalDisplayWidth=1080 physicalDisplayHeight=2340 density={2.8125} cutoutSpec={M 0,0 H -24.177777778 V 28.4444444444 H 24.177777778 V 0 H 0 Z @dp} rotation={0} scale={1.0} physicalPixelDisplaySizeRatio={1.0}}} sideOverrides={}}, mRoundedCorners=RoundedCorners{[RoundedCorner{position=TopLeft, radius=113, center=Point(113, 113)}, RoundedCorner{position=TopRight, radius=113, center=Point(967, 113)}, RoundedCorner{position=BottomRight, radius=113, center=Point(967, 2227)}, RoundedCorner{position=BottomLeft, radius=113, center=Point(113, 2227)}]}  mRoundedCornerFrame=Rect(0, 0 - 1080, 2340), mPrivacyIndicatorBounds=PrivacyIndicatorBounds {static bounds=Rect(956, 0 - 1080, 80) rotation=0}, mDisplayShape=DisplayShape{ spec=-311912193 displayWidth=1080 displayHeight=2340 physicalPixelDisplaySizeRatio=1.0 rotation=0 offsetX=0 offsetY=0 scale=1.0}, mSources= { InsetsSource: {e9af0000 mType=statusBars mFrame=[0,0][1080,80] mVisible=true mFlags= mSideHint=TOP mBoundingRects=null}, InsetsSource: {e9af0005 mType=mandatorySystemGestures mFrame=[0,0][1080,114] mVisible=true mFlags= mSideHint=TOP mBoundingRects=null}, InsetsSource: {e9af0006 mType=tappableElement mFrame=[0,0][1080,80] mVisible=true mFlags= mSideHint=TOP mBoundingRects=null}, InsetsSource: {27 mType=displayCutout mFrame=[0,0][1080,80] mVisible=true mFlags= mSideHint=TOP mBoundingRects=null}, InsetsSource: {26ed0001 mType=navigationBars mFrame=[0,2298][1080,2340] mVisible=true mFlags=SUPPRESS_SCRIM mSideHint=BOTTOM mBoundingRects=null}, InsetsSource: {26ed0004 mType=systemGestures mFrame=[0,0][84,2340] mVisible=true mFlags= mSideHint=LEFT mBoundingRects=null}, InsetsSource: {26ed0005 mType=mandatorySystemGestures mFrame=[0,2250][1080,2340] mVisible=true mFlags= mSideHint=BOTTOM mBoundingRects=null}, InsetsSource: {26ed0006 mType=tappableElement mFrame=[0,0][0,0] mVisible=true mFlags= mSideHint=NONE mBoundingRects=null}, InsetsSource: {26ed0024 mType=systemGestures mFrame=[996,0][1080,2340] mVisible=true mFlags= mSideHint=RIGHT mBoundingRects=null} }
03-02 00:57:35.077  2746  2808 I VRI[test]@538d84f: onActiveControlsChanged, removed=false, mAdded=true, caller=android.view.ViewRootImpl.handleInsetsControlChanged:3002 android.view.ViewRootImpl.setView:2014 android.view.WindowManagerGlobal.addView:604 com.android.wm.shell.startingsurface.SplashscreenWindowCreator.addWindow:38 com.android.wm.shell.startingsurface.StartingWindowController$$ExternalSyntheticLambda4.run:1365
03-02 00:57:35.077  2746  2808 I VRI[test]@538d84f: synced displayState. AttachInfo displayState=2
03-02 00:57:35.077  2746  2808 I VRI[test]@538d84f: setView = android.widget.FrameLayout@5a21bba IsHRR=false mFlingFrameRateChange=0 TM=true
03-02 00:57:35.079  2013  2253 D InputDispatcher: Focused application(0): ActivityRecord{250270004 u0 com.podcast.app.debug.test/androidx.test.core.app.InstrumentationActivityInvoker$EmptyActivity t44891}
03-02 00:57:35.079  2746  2870 D HWUI    : HWUI - treat SMPTE_170M as sRGB
03-02 00:57:35.079 14636 15264 D WM-GreedyScheduler: Cancelling work ID f23029b8-b7a3-4a93-aaf6-b7c7a26dfe9e
03-02 00:57:35.080  1507  1562 I SurfaceFlinger: onHandleDestroyed: layerId=156500, name=Surface(name=2141cda InputMethod)/@0x5ea0b56 - animation-leash of insets_animation#156500
03-02 00:57:35.080  1507  1562 I SurfaceFlinger: id=156500 Removed Surface(name=2141cda InputMethod)/@0x5ea0b56 - animation-leash of insets_animation#156500 (331)
03-02 00:57:35.082  2013  4834 D GraphicsStatsService: requestRenderEngineFor(com.podcast.app.debug.test)
03-02 00:57:35.082  1507  1563 I SurfaceFlinger: id=156512 createSurf, flag=24000, Surface(name=c536234 NavigationBar0)/@0xfac847b - animation-leash of insets_animation#156512
03-02 00:57:35.084  1507  1562 I SurfaceFlinger: id=156513 createSurf, flag=24000, Surface(name=a5d3a68 StatusBar)/@0xd5726d6 - animation-leash of insets_animation#156513
03-02 00:57:35.085  1507  1507 I SurfaceFlinger: destroyed Surface(name=2141cda InputMethod)/@0x5ea0b56 - animation-leash of insets_animation#156500
03-02 00:57:35.085  1507  1507 I SurfaceFlinger: [Surface(name=a5d3a68 StatusBar)/@0xd5726d6 - animation-leash of insets_animation#156513] attach to parent LayerHierarchy{RequestedLayerState{WindowToken{d05298b type=2000 android.os.BinderProxy@163b705}#108 parentId=17} 2 children}
03-02 00:57:35.085  1507  1507 I SurfaceFlinger: [Surface(name=c536234 NavigationBar0)/@0xfac847b - animation-leash of insets_animation#156512] attach to parent LayerHierarchy{RequestedLayerState{WindowToken{5cf38d1 type=2019 android.os.BinderProxy@916675b}#101 parentId=34} 2 children}
03-02 00:57:35.085 14636 15264 W JobInfo : Requested important-while-foreground flag for job3697 is ignored and takes no effect
03-02 00:57:35.085 14636 15264 D WM-SystemJobScheduler: Scheduling work ID f23029b8-b7a3-4a93-aaf6-b7c7a26dfe9eJob ID 3697
03-02 00:57:35.086  1445  2902 W C2MtkBufferManager: [0xB4000070F507E520] fetchNewCcBlock: wait fence 0x0xb4000070f5058270 timed out. ret 110
03-02 00:57:35.089  1507  1507 I Layer   : id=156500 Destroyed Surface(name=2141cda InputMethod)/@0x5ea0b56 - animation-leash of insets_animation#156500
03-02 00:57:35.094  2013  3345 I WindowManager: Relayout Window{f90e4f7 u0 Splash Screen com.podcast.app.debug.test}: viewVisibility=0 req=1080x2340 ty=3 d0
03-02 00:57:35.095  1507  1563 I SurfaceFlinger: id=156514 createSurf, flag=44004, Splash Screen com.podcast.app.debug.test$_2746#156514
03-02 00:57:35.096  1507  1507 I SurfaceFlinger: [LayerHierarchy{RequestedLayerState{ImeContainer#15 parentId=156489 relativeParentId=156489 z=1} 1 children}] RelativeParent to null
03-02 00:57:35.096  1507  1507 I SurfaceFlinger: [LayerHierarchy{RequestedLayerState{c536234 NavigationBar0#102 parentId=156512} 1 children}] reparent to LayerHierarchy{RequestedLayerState{Surface(name=c536234 NavigationBar0)/@0xfac847b - animation-leash of insets_animation#156512 parentId=101} 1 children}
03-02 00:57:35.096  1507  1507 I SurfaceFlinger: [LayerHierarchy{RequestedLayerState{a5d3a68 StatusBar#109 parentId=156513} 1 children}] reparent to LayerHierarchy{RequestedLayerState{Surface(name=a5d3a68 StatusBar)/@0xd5726d6 - animation-leash of insets_animation#156513 parentId=108} 1 children}
03-02 00:57:35.096  1507  1507 I SurfaceFlinger: [LayerHierarchy{RequestedLayerState{Surface(name=a5d3a68 StatusBar)/@0xd5726d6 - animation-leash of insets_animation#156504} no children}] reparent to OffscreenRoot
03-02 00:57:35.096  1507  1507 I SurfaceFlinger: [LayerHierarchy{RequestedLayerState{Surface(name=a5d3a68 StatusBar)/@0xd5726d6 - animation-leash of insets_animation#156504} no children}] RelativeParent to null
03-02 00:57:35.096  1507  1507 I SurfaceFlinger: [LayerHierarchy{RequestedLayerState{Surface(name=c536234 NavigationBar0)/@0xfac847b - animation-leash of insets_animation#156503} no children}] reparent to OffscreenRoot
03-02 00:57:35.097  1507  1507 I SurfaceFlinger: [LayerHierarchy{RequestedLayerState{Surface(name=c536234 NavigationBar0)/@0xfac847b - animation-leash of insets_animation#156503} no children}] RelativeParent to null
03-02 00:57:35.097  1507  1507 I SurfaceFlinger: [Splash Screen com.podcast.app.debug.test$_2746#156514] attach to parent LayerHierarchy{RequestedLayerState{f90e4f7 Splash Screen com.podcast.app.debug.test#156511 parentId=156510} 1 children}
03-02 00:57:35.100  2013  3345 I WindowManager: Relayout hash=f90e4f7, pid=2746, syncId=-1: mAttrs={(0,0)(fillxfill) sim={adjust=pan} layoutInDisplayCutoutMode=always ty=APPLICATION_STARTING fmt=TRANSLUCENT
03-02 00:57:35.100  2013  3345 I WindowManager:   fl=81030118
03-02 00:57:35.100  2013  3345 I WindowManager:   pfl=10000810
03-02 00:57:35.100  2013  3345 I WindowManager:   apr=18
03-02 00:57:35.100  2013  3345 I WindowManager:   bhv=1
03-02 00:57:35.100  2013  3345 I WindowManager:   fitSides=0
03-02 00:57:35.100  2013  3345 I WindowManager:   frameRateBoostOnTouch=true
03-02 00:57:35.100  2013  3345 I WindowManager:   dvrrWindowFrameRateHint=true naviIconColor=0}
03-02 00:57:35.102  2746  2808 I InsetsController: onStateChanged: host=Splash Screen com.podcast.app.debug.test, from=android.view.ViewRootImpl.onInsetsStateChanged:3026, state=InsetsState: {mDisplayFrame=Rect(0, 0 - 1080, 2340), mDisplayCutout=DisplayCutout{insets=Rect(0, 80 - 0, 0) waterfall=Insets{left=0, top=0, right=0, bottom=0} boundingRect={Bounds=[Rect(0, 0 - 0, 0), Rect(472, 0 - 608, 80), Rect(0, 0 - 0, 0), Rect(0, 0 - 0, 0)]} cutoutPathParserInfo={CutoutPathParserInfo{displayWidth=1080 displayHeight=2340 physicalDisplayWidth=1080 physicalDisplayHeight=2340 density={2.8125} cutoutSpec={M 0,0 H -24.177777778 V 28.4444444444 H 24.177777778 V 0 H 0 Z @dp} rotation={0} scale={1.0} physicalPixelDisplaySizeRatio={1.0}}} sideOverrides={}}, mRoundedCorners=RoundedCorners{[RoundedCorner{position=TopLeft, radius=113, center=Point(113, 113)}, RoundedCorner{position=TopRight, radius=113, center=Point(967, 113)}, RoundedCorner{position=BottomRight, radius=113, center=Point(967, 2227)}, RoundedCorner{position=BottomLeft, radius=113, center=Point(113, 2227)}]}  mRoundedCornerFrame=Rect(0, 0 - 1080, 2340), mPrivacyIndicatorBounds=PrivacyIndicatorBounds {static bounds=Rect(956, 0 - 1080, 80) rotation=0}, mDisplayShape=DisplayShape{ spec=-311912193 displayWidth=1080 displayHeight=2340 physicalPixelDisplaySizeRatio=1.0 rotation=0 offsetX=0 offsetY=0 scale=1.0}, mSources= { InsetsSource: {e9af0000 mType=statusBars mFrame=[0,0][1080,80] mVisible=true mFlags= mSideHint=TOP mBoundingRects=null}, InsetsSource: {e9af0005 mType=mandatorySystemGestures mFrame=[0,0][1080,114] mVisible=true mFlags= mSideHint=TOP mBoundingRects=null}, InsetsSource: {e9af0006 mType=tappableElement mFrame=[0,0][1080,80] mVisible=true mFlags= mSideHint=TOP mBoundingRects=null}, InsetsSource: {3 mType=ime mFrame=[0,0][0,0] mVisible=false mFlags= mSideHint=NONE mBoundingRects=null}, InsetsSource: {27 mType=displayCutout mFrame=[0,0][1080,80] mVisible=true mFlags= mSideHint=TOP mBoundingRects=null}, InsetsSource: {26ed0001 mType=navigationBars mFrame=[0,2298][1080,2340] mVisible=true mFlags=SUPPRESS_SCRIM mSideHint=BOTTOM mBoundingRects=null}, InsetsSource: {26ed0004 mType=systemGestures mFrame=[0,0][84,2340] mVisible=true mFlags= mSideHint=LEFT mBoundingRects=null}, InsetsSource: {26ed0005 mType=mandatorySystemGestures mFrame=[0,2250][1080,2340] mVisible=true mFlags= mSideHint=BOTTOM mBoundingRects=null}, InsetsSource: {26ed0006 mType=tappableElement mFrame=[0,0][0,0] mVisible=true mFlags= mSideHint=NONE mBoundingRects=null}, InsetsSource: {26ed0024 mType=systemGestures mFrame=[996,0][1080,2340] mVisible=true mFlags= mSideHint=RIGHT mBoundingRects=null} }
03-02 00:57:35.103  2746  2808 I VRI[test]@538d84f: onActiveControlsChanged, removed=false, mAdded=true, caller=android.view.ViewRootImpl.handleInsetsControlChanged:3002 android.view.ViewRootImpl.relayoutWindow:11629 android.view.ViewRootImpl.performTraversals:4804 android.view.ViewRootImpl.doTraversal:3924 android.view.ViewRootImpl$TraversalRunnable.run:12903
03-02 00:57:35.104  1507  1565 E SfCpu   :  sched_setaffinity return fail 1461
03-02 00:57:35.104  1507  1565 E SfCpu   :  sched_setaffinity return fail 1444
03-02 00:57:35.105  2746  2808 D BufferQueueConsumer: [](id:aba00001e2e,api:0,p:-1,c:2746) connect: controlledByApp=false
03-02 00:57:35.106  2746  2808 I BLASTBufferQueue: [VRI[test]@538d84f#7726](f:0,a:0,s:0) constructor()
03-02 00:57:35.107  2013  2600 D AS.MultiSoundManager: mForegroundUid = 10687
03-02 00:57:35.107  2746  2808 I BLASTBufferQueue_Java: new BLASTBufferQueue, mName= VRI[test]@538d84f mNativeObject= 0xb400007672274400 caller= android.view.ViewRootImpl.updateBlastSurfaceIfNeeded:3585 android.view.ViewRootImpl.relayoutWindow:11685 android.view.ViewRootImpl.performTraversals:4804 android.view.ViewRootImpl.doTraversal:3924 android.view.ViewRootImpl$TraversalRunnable.run:12903 android.view.Choreographer$CallbackRecord.run:1901 android.view.Choreographer$CallbackRecord.run:1910 android.view.Choreographer.doCallbacks:1367 android.view.Choreographer.doFrame:1292 android.view.Choreographer$FrameDisplayEventReceiver.run:1870
03-02 00:57:35.107  2746  2808 I BLASTBufferQueue_Java: update, w= 1080 h= 2340 mName = VRI[test]@538d84f mNativeObject= 0xb400007672274400 sc.mNativeObject= 0xb40000783d284e40 format= -3 caller= android.view.ViewRootImpl.updateBlastSurfaceIfNeeded:3590 android.view.ViewRootImpl.relayoutWindow:11685 android.view.ViewRootImpl.performTraversals:4804 android.view.ViewRootImpl.doTraversal:3924 android.view.ViewRootImpl$TraversalRunnable.run:12903 android.view.Choreographer$CallbackRecord.run:1901
03-02 00:57:35.107  2746  2808 I BLASTBufferQueue: [VRI[test]@538d84f#7726](f:0,a:0,s:0) update width=1080 height=2340 format=-3 mTransformHint=0
03-02 00:57:35.108  2746  2808 I VRI[test]@538d84f: Relayout returned: old=(0,0,1080,2340) new=(0,0,1080,2340) relayoutAsync=false req=(1080,2340)0 dur=25 res=0x3 s={true 0xb40000770f7b6000} ch=true seqId=0
03-02 00:57:35.110  3202  3386 I HoneySpace.TopTaskSource: onTaskFocusChanged(): taskId = 44891
03-02 00:57:35.110  2746  2808 I VRI[test]@538d84f: performConfigurationChange setNightDimText nightDimLevel=0
03-02 00:57:35.110 17532 17532 I DecorView: setWindowBackground: isPopOver=false color=ffffffff d=android.graphics.drawable.ColorDrawable@f0a6782
03-02 00:57:35.110  2013  3645 W ParceledListSlice: Element #30 is 21544 bytes.
03-02 00:57:35.110  1507  2128 I SurfaceFlinger: onHandleDestroyed: layerId=156503, name=Surface(name=c536234 NavigationBar0)/@0xfac847b - animation-leash of insets_animation#156503
03-02 00:57:35.111  1507  2128 I SurfaceFlinger: id=156503 Removed Surface(name=c536234 NavigationBar0)/@0xfac847b - animation-leash of insets_animation#156503 (333)
03-02 00:57:35.111  1507  2393 I SurfaceFlinger: onHandleDestroyed: layerId=156504, name=Surface(name=a5d3a68 StatusBar)/@0xd5726d6 - animation-leash of insets_animation#156504
03-02 00:57:35.111  1507  2393 I SurfaceFlinger: id=156504 Removed Surface(name=a5d3a68 StatusBar)/@0xd5726d6 - animation-leash of insets_animation#156504 (333)
03-02 00:57:35.112  2746  2808 D VRI[test]@538d84f: mThreadedRenderer.initialize() mSurface={isValid=true 0xb40000770f7b6000} hwInitialized=true
03-02 00:57:35.112  1507  1825 I SurfaceFlinger: Capture layer list: 	 com.podcast.app.debug/androidx.activity.ComponentActivity$_17121#156492(seamlessTransition:0)
03-02 00:57:35.112  1507  1825 I SurfaceFlinger: Capture layer list: 	 Dim Layer for - Task=44890#156507(seamlessTransition:0)
03-02 00:57:35.112  2746  2746 I {OngoingActivityController}: onTaskFocusChanged but OA data is empty
03-02 00:57:35.113  5235  5235 I InputMethodService: scheduleImeSurfaceRemoval: removeImeSurface is posted.
03-02 00:57:35.115  2013  2065 D PkgPredictorService-SecIpmManagerServiceImpl: onForegroundActivitiesChanged pid:17532 uid:10687
03-02 00:57:35.115  2013  3282 V PkgPredictorService-SecIpmManagerServiceImpl: discard foreground app:com.podcast.app.debug.test 1|true
03-02 00:57:35.116 17532 17532 I ViewRootImpl: dVRR is disabled
03-02 00:57:35.116  2746  2808 D VRI[test]@538d84f: reportNextDraw android.view.ViewRootImpl.performTraversals:5443 android.view.ViewRootImpl.doTraversal:3924 android.view.ViewRootImpl$TraversalRunnable.run:12903 android.view.Choreographer$CallbackRecord.run:1901 android.view.Choreographer$CallbackRecord.run:1910
03-02 00:57:35.116  2746  2808 D VRI[test]@538d84f: Setup new sync=wmsSync-VRI[test]@538d84f#69
03-02 00:57:35.116  2746  2808 I VRI[test]@538d84f: Creating new active sync group VRI[test]@538d84f#70
03-02 00:57:35.117 17532 17563 D NativeCustomFrequencyManager: [NativeCFMS] BpCustomFrequencyManager::BpCustomFrequencyManager()
03-02 00:57:35.118  2013  3566 D InputTransport: Input channel constructed: 'ffeea56', fd=1074
03-02 00:57:35.118  2013  3566 D InputTransport: Input channel constructed: 'ffeea56', fd=1083
03-02 00:57:35.118  2013  3566 D InputTransport: Input channel constructed: 'ffeea56', fd=1131
03-02 00:57:35.118  2746  2808 D VRI[test]@538d84f: registerCallbacksForSync syncBuffer=false
03-02 00:57:35.118  2013  3566 D InputTransport: Input channel destroyed: 'ffeea56', fd=1083
03-02 00:57:35.119  1507  1507 I SurfaceFlinger: destroyed Surface(name=a5d3a68 StatusBar)/@0xd5726d6 - animation-leash of insets_animation#156504
03-02 00:57:35.119  1507  1507 I SurfaceFlinger: destroyed Surface(name=c536234 NavigationBar0)/@0xfac847b - animation-leash of insets_animation#156503
03-02 00:57:35.119 17121 17121 I InsetsSourceConsumer: applyRequestedVisibilityToControl: visible=true, type=navigationBars, host=com.podcast.app.debug/androidx.activity.ComponentActivity
03-02 00:57:35.119  1507  1563 I SurfaceFlinger: id=156515 createSurf, flag=84004, ffeea56 com.podcast.app.debug.test/androidx.test.core.app.InstrumentationActivityInvoker$EmptyActivity#156515
03-02 00:57:35.120 17121 17121 I InsetsSourceConsumer: applyRequestedVisibilityToControl: visible=true, type=statusBars, host=com.podcast.app.debug/androidx.activity.ComponentActivity
03-02 00:57:35.120  2746  2866 D VRI[test]@538d84f: Received frameDrawingCallback syncResult=0 frameNum=1.
03-02 00:57:35.120  2746  2866 I VRI[test]@538d84f: mWNT: t=0xb4000076d39e0080 mBlastBufferQueue=0xb400007672274400 fn= 1 HdrRenderState mRenderHdrSdrRatio=1.0 caller= android.view.ViewRootImpl$12.onFrameDraw:15441 android.view.ThreadedRenderer$1.onFrameDraw:718 <bottom of call stack>
03-02 00:57:35.120  2746  2866 I VRI[test]@538d84f: Setting up sync and frameCommitCallback
03-02 00:57:35.120  3202  3202 I HoneySpace.EdgePanel.CocktailHostRepositoryImpl: onNoteResume
03-02 00:57:35.120  3202  3202 I HoneySpace.EdgePanel.EdgePanelContainerViewModel: cocktailHostRepository.edgePanelOperation NoteResumeComponent(componentName=ComponentInfo{com.podcast.app.debug.test/androidx.test.core.app.InstrumentationActivityInvoker$EmptyActivity})
03-02 00:57:35.120  2013  3566 D InputTransport: Input channel destroyed: 'ffeea56', fd=1131
03-02 00:57:35.120  3202  3202 I HoneySpace.EdgePanel.ActivityUtils: HomePackage : com.sec.android.app.launcher, resumePackageName : com.podcast.app.debug.test, className : androidx.test.core.app.InstrumentationActivityInvoker$EmptyActivity
03-02 00:57:35.121 17532 17532 D InputTransport: Input channel constructed: 'ffeea56', fd=119
03-02 00:57:35.122 17532 17532 I InsetsController: onStateChanged: host=com.podcast.app.debug.test/androidx.test.core.app.InstrumentationActivityInvoker$EmptyActivity, from=android.view.ViewRootImpl.onInsetsStateChanged:3026, state=InsetsState: {mDisplayFrame=Rect(0, 0 - 1080, 2340), mDisplayCutout=DisplayCutout{insets=Rect(0, 80 - 0, 0) waterfall=Insets{left=0, top=0, right=0, bottom=0} boundingRect={Bounds=[Rect(0, 0 - 0, 0), Rect(472, 0 - 608, 80), Rect(0, 0 - 0, 0), Rect(0, 0 - 0, 0)]} cutoutPathParserInfo={CutoutPathParserInfo{displayWidth=1080 displayHeight=2340 physicalDisplayWidth=1080 physicalDisplayHeight=2340 density={2.8125} cutoutSpec={M 0,0 H -24.177777778 V 28.4444444444 H 24.177777778 V 0 H 0 Z @dp} rotation={0} scale={1.0} physicalPixelDisplaySizeRatio={1.0}}} sideOverrides={}}, mRoundedCorners=RoundedCorners{[RoundedCorner{position=TopLeft, radius=113, center=Point(113, 113)}, RoundedCorner{position=TopRight, radius=113, center=Point(967, 113)}, RoundedCorner{position=BottomRight, radius=113, center=Point(967, 2227)}, RoundedCorner{position=BottomLeft, radius=113, center=Point(113, 2227)}]}  mRoundedCornerFrame=Rect(0, 0 - 1080, 2340), mPrivacyIndicatorBounds=PrivacyIndicatorBounds {static bounds=Rect(956, 0 - 1080, 80) rotation=0}, mDisplayShape=DisplayShape{ spec=-311912193 displayWidth=1080 displayHeight=2340 physicalPixelDisplaySizeRatio=1.0 rotation=0 offsetX=0 offsetY=0 scale=1.0}, mSources= { InsetsSource: {e9af0000 mType=statusBars mFrame=[0,0][1080,80] mVisible=true mFlags= mSideHint=TOP mBoundingRects=null}, InsetsSource: {e9af0005 mType=mandatorySystemGestures mFrame=[0,0][1080,114] mVisible=true mFlags= mSideHint=TOP mBoundingRects=null}, InsetsSource: {e9af0006 mType=tappableElement mFrame=[0,0][1080,80] mVisible=true mFlags= mSideHint=TOP mBoundingRects=null}, InsetsSource: {3 mType=ime mFrame=[0,0][0,0] mVisible=false mFlags= mSideHint=NONE mBoundingRects=null}, InsetsSource: {27 mType=displayCutout mFrame=[0,0][1080,80] mVisible=true mFlags= mSideHint=TOP mBoundingRects=null}, InsetsSource: {26ed0001 mType=navigationBars mFrame=[0,2298][1080,2340] mVisible=true mFlags=SUPPRESS_SCRIM mSideHint=BOTTOM mBoundingRects=null}, InsetsSource: {26ed0004 mType=systemGestures mFrame=[0,0][84,2340] mVisible=true mFlags= mSideHint=LEFT mBoundingRects=null}, InsetsSource: {26ed0005 mType=mandatorySystemGestures mFrame=[0,2250][1080,2340] mVisible=true mFlags= mSideHint=BOTTOM mBoundingRects=null}, InsetsSource: {26ed0006 mType=tappableElement mFrame=[0,0][0,0] mVisible=true mFlags= mSideHint=NONE mBoundingRects=null}, InsetsSource: {26ed0024 mType=systemGestures mFrame=[996,0][1080,2340] mVisible=true mFlags= mSideHint=RIGHT mBoundingRects=null} }
03-02 00:57:35.123  1507  1507 I Layer   : id=156504 Destroyed Surface(name=a5d3a68 StatusBar)/@0xd5726d6 - animation-leash of insets_animation#156504
03-02 00:57:35.123  1507  1507 I Layer   : id=156503 Destroyed Surface(name=c536234 NavigationBar0)/@0xfac847b - animation-leash of insets_animation#156503
03-02 00:57:35.124 17532 17532 I VRI[InstrumentationActivityInvoker$EmptyActivity]@7dccec9: synced displayState. AttachInfo displayState=2
03-02 00:57:35.124 17532 17532 I VRI[InstrumentationActivityInvoker$EmptyActivity]@7dccec9: setView = com.android.internal.policy.DecorView@622f7fc IsHRR=false mFlingFrameRateChange=0 TM=true
03-02 00:57:35.125 17532 17563 D HWUI    : HWUI - treat SMPTE_170M as sRGB
03-02 00:57:35.126 25915 26075 I Rubin   : [4019] M.c0.k(Unknown Source) : Notify com.samsung.android.rubin.inferenceengine.contextanalytics.engine.loggers.AppUsageLogger's database is updated.
03-02 00:57:35.128  2746  2870 I BLASTBufferQueue: [VRI[test]@538d84f#7726](f:0,a:0,s:0) onFrameAvailable the first frame is available
03-02 00:57:35.128  1507  1845 D SurfaceFlinger: [input] setFocusedWindow: <null>
03-02 00:57:35.128  2746  2870 I BLASTBufferQueue: [VRI[test]@538d84f#7726](f:0,a:1,s:0) acquireNextBufferLocked size=1080x2340 mFrameNumber=1 applyTransaction=true mTimestamp=491134128928965(auto) mPendingTransactions.size=0 graphicBufferId=11793980283699 transform=0
03-02 00:57:35.128  1507  1845 D SurfaceFlinger: updateWinowInfo=1, setFocusedWindow timestamp=491134094649272, windowName=<null>
03-02 00:57:35.128  2013  3566 I WindowManager: Relayout Window{ffeea56 u0 com.podcast.app.debug.test/androidx.test.core.app.InstrumentationActivityInvoker$EmptyActivity}: viewVisibility=0 req=1080x2340 ty=1 d0
03-02 00:57:35.128  2746  2870 I VRI[test]@538d84f: Received frameCommittedCallback lastAttemptedDrawFrameNum=1 didProduceBuffer=true
03-02 00:57:35.129  1507  2393 I SurfaceFlinger: id=156516 createSurf, flag=44004, com.podcast.app.debug.test/androidx.test.core.app.InstrumentationActivityInvoker$EmptyActivity$_17532#156516
03-02 00:57:35.129  2013  4834 D InputDispatcher: Once focus requested (0): <null>
03-02 00:57:35.129  2013  4834 D InputDispatcher: Focus request (0): <null> but waiting because NO_WINDOW
03-02 00:57:35.129  2746  2870 D HWUI    : CFMS:: SetUp Pid : 2746    Tid : 2870
03-02 00:57:35.129  2013  4834 D InputDispatcher: Focus left window (0): 29e2e40 com.podcast.app.debug/androidx.activity.ComponentActivity
03-02 00:57:35.129  2746  2808 D VRI[test]@538d84f: reportDrawFinished seqId=0
03-02 00:57:35.129  1507  1507 I SurfaceFlinger: [ffeea56 com.podcast.app.debug.test/androidx.test.core.app.InstrumentationActivityInvoker$EmptyActivity#156515] attach to parent LayerHierarchy{RequestedLayerState{ActivityRecord{250270004 u0 com.podcast.app.debug.test/androidx.test.core.app.InstrumentationActivityInvoker$EmptyActivity t44891}#156510 parentId=156509} 2 children}
03-02 00:57:35.130  1507  1507 I SurfaceFlinger: [com.podcast.app.debug.test/androidx.test.core.app.InstrumentationActivityInvoker$EmptyActivity$_17532#156516] attach to parent LayerHierarchy{RequestedLayerState{ffeea56 com.podcast.app.debug.test/androidx.test.core.app.InstrumentationActivityInvoker$EmptyActivity#156515 parentId=156510} 1 children}
03-02 00:57:35.132  1507  1563 I SurfaceFlinger: id=156517 createSurf, flag=24000, Surface(name=c536234 NavigationBar0)/@0xfac847b - animation-leash of insets_animation#156517
03-02 00:57:35.133  1507  1563 I SurfaceFlinger: id=156518 createSurf, flag=24000, Surface(name=a5d3a68 StatusBar)/@0xd5726d6 - animation-leash of insets_animation#156518
03-02 00:57:35.134  2013  3566 I SystemKeyManager: requested systemKeyInfo size=1 focusedWindow=com.podcast.app.debug.test/androidx.test.core.app.InstrumentationActivityInvoker$EmptyActivity
03-02 00:57:35.134  2013  3566 I SystemKeyManager: requested systemKeyInfo size=2 focusedWindow=com.podcast.app.debug.test/androidx.test.core.app.InstrumentationActivityInvoker$EmptyActivity
03-02 00:57:35.134  2013  3566 I WindowManager: Relayout hash=ffeea56, pid=17532, syncId=-1: mAttrs={(0,0)(fillxfill) sim={adjust=pan forwardNavigation} layoutInDisplayCutoutMode=always ty=BASE_APPLICATION
03-02 00:57:35.134  2013  3566 I WindowManager:   fl=81810100
03-02 00:57:35.134  2013  3566 I WindowManager:   pfl=100088c0
03-02 00:57:35.134  2013  3566 I WindowManager:   bhv=1
03-02 00:57:35.134  2013  3566 I WindowManager:   fitSides=0
03-02 00:57:35.134  2013  3566 I WindowManager:   frameRateBoostOnTouch=true
03-02 00:57:35.134  2013  3566 I WindowManager:   dvrrWindowFrameRateHint=true naviIconColor=0}
03-02 00:57:35.136 17532 17532 D BufferQueueConsumer: [](id:447c0000001a,api:0,p:-1,c:17532) connect: controlledByApp=false
03-02 00:57:35.136 17532 17532 I BLASTBufferQueue: [VRI[InstrumentationActivityInvoker$EmptyActivity]@7dccec9#26](f:0,a:0,s:0) constructor()
03-02 00:57:35.137 17532 17532 I BLASTBufferQueue_Java: new BLASTBufferQueue, mName= VRI[InstrumentationActivityInvoker$EmptyActivity]@7dccec9 mNativeObject= 0xb400007869824000 caller= android.view.ViewRootImpl.updateBlastSurfaceIfNeeded:3585 android.view.ViewRootImpl.relayoutWindow:11685 android.view.ViewRootImpl.performTraversals:4804 android.view.ViewRootImpl.doTraversal:3924 android.view.ViewRootImpl$TraversalRunnable.run:12903 android.view.Choreographer$CallbackRecord.run:1901 android.view.Choreographer$CallbackRecord.run:1910 android.view.Choreographer.doCallbacks:1367 android.view.Choreographer.doFrame:1292 android.view.Choreographer$FrameDisplayEventReceiver.run:1870
03-02 00:57:35.137 17532 17532 I BLASTBufferQueue_Java: update, w= 1080 h= 2340 mName = VRI[InstrumentationActivityInvoker$EmptyActivity]@7dccec9 mNativeObject= 0xb400007869824000 sc.mNativeObject= 0xb400007837f10a40 format= -1 caller= android.view.ViewRootImpl.updateBlastSurfaceIfNeeded:3590 android.view.ViewRootImpl.relayoutWindow:11685 android.view.ViewRootImpl.performTraversals:4804 android.view.ViewRootImpl.doTraversal:3924 android.view.ViewRootImpl$TraversalRunnable.run:12903 android.view.Choreographer$CallbackRecord.run:1901
03-02 00:57:35.137 17532 17532 I BLASTBufferQueue: [VRI[InstrumentationActivityInvoker$EmptyActivity]@7dccec9#26](f:0,a:0,s:0) update width=1080 height=2340 format=-1 mTransformHint=0
03-02 00:57:35.137 17532 17532 I VRI[InstrumentationActivityInvoker$EmptyActivity]@7dccec9: Relayout returned: old=(0,0,1080,2340) new=(0,0,1080,2340) relayoutAsync=false req=(1080,2340)0 dur=9 res=0x3 s={true 0xb40000783ab89e00} ch=true seqId=0
03-02 00:57:35.137 17121 17121 I ImeFocusController: onPreWindowFocus: skipped hasWindowFocus=false mHasImeFocus=true
03-02 00:57:35.138 17121 17121 I ImeFocusController: onPostWindowFocus: skipped hasWindowFocus=false mHasImeFocus=true
03-02 00:57:35.138 17532 17532 I VRI[InstrumentationActivityInvoker$EmptyActivity]@7dccec9: performConfigurationChange setNightDimText nightDimLevel=0
03-02 00:57:35.138 17532 17532 D VRI[InstrumentationActivityInvoker$EmptyActivity]@7dccec9: mThreadedRenderer.initialize() mSurface={isValid=true 0xb40000783ab89e00} hwInitialized=true
03-02 00:57:35.139 17532 17532 D VRI[InstrumentationActivityInvoker$EmptyActivity]@7dccec9: reportNextDraw android.view.ViewRootImpl.performTraversals:5443 android.view.ViewRootImpl.doTraversal:3924 android.view.ViewRootImpl$TraversalRunnable.run:12903 android.view.Choreographer$CallbackRecord.run:1901 android.view.Choreographer$CallbackRecord.run:1910
03-02 00:57:35.139 17532 17532 D VRI[InstrumentationActivityInvoker$EmptyActivity]@7dccec9: Setup new sync=wmsSync-VRI[InstrumentationActivityInvoker$EmptyActivity]@7dccec9#52
03-02 00:57:35.139 17532 17532 I VRI[InstrumentationActivityInvoker$EmptyActivity]@7dccec9: Creating new active sync group VRI[InstrumentationActivityInvoker$EmptyActivity]@7dccec9#53
03-02 00:57:35.139 17532 17532 D VRI[InstrumentationActivityInvoker$EmptyActivity]@7dccec9: registerCallbacksForSync syncBuffer=false
03-02 00:57:35.139 25915 26075 I Rubin   : [4019] com.samsung.android.rubin.inferenceengine.contextanalytics.engine.monitors.moment.exercise.ExercisingWithCalendarMonitor.isSatisfiedByCalendarEvent(Unknown Source) : isSatisfiedByCalendarEvent is false
03-02 00:57:35.140 17532 17581 D VRI[InstrumentationActivityInvoker$EmptyActivity]@7dccec9: Received frameDrawingCallback syncResult=0 frameNum=1.
03-02 00:57:35.140  1507  1507 I SurfaceFlinger: [Surface(name=c536234 NavigationBar0)/@0xfac847b - animation-leash of insets_animation#156517] attach to parent LayerHierarchy{RequestedLayerState{WindowToken{5cf38d1 type=2019 android.os.BinderProxy@916675b}#101 parentId=34} 2 children}
03-02 00:57:35.140  1507  1507 I SurfaceFlinger: [Surface(name=a5d3a68 StatusBar)/@0xd5726d6 - animation-leash of insets_animation#156518] attach to parent LayerHierarchy{RequestedLayerState{WindowToken{d05298b type=2000 android.os.BinderProxy@163b705}#108 parentId=17} 2 children}
03-02 00:57:35.141 17532 17581 I VRI[InstrumentationActivityInvoker$EmptyActivity]@7dccec9: mWNT: t=0xb400007833fb6a80 mBlastBufferQueue=0xb400007869824000 fn= 1 HdrRenderState mRenderHdrSdrRatio=1.0 caller= android.view.ViewRootImpl$12.onFrameDraw:15441 android.view.ThreadedRenderer$1.onFrameDraw:718 <bottom of call stack>
03-02 00:57:35.141 25915 26075 I Rubin   : [4019] com.samsung.android.rubin.inferenceengine.contextanalytics.engine.monitors.moment.exercise.ExercisingWithCmhMonitor.isSatisfiedByCmh(Unknown Source) : isSatisfiedByCmh is false
03-02 00:57:35.142 17532 17581 I VRI[InstrumentationActivityInvoker$EmptyActivity]@7dccec9: Setting up sync and frameCommitCallback
03-02 00:57:35.146  1507  1907 I SurfaceFlinger: id=156519 createSurf, flag=84004, Transition Root: Task=44891#156519
03-02 00:57:35.147  2013  2068 I SurfaceControlRegistry: show, t=StartTransaction_SyncId<11290> sc=ActivityRecord{250270004 u0 com.podcast.app.debug.test/androidx.test.core.app.InstrumentationActivityInvoker$EmptyActivity t44891}, caller=android.view.SurfaceControl$Transaction.show:3557 com.android.server.wm.Transition.onTransactionReady:2048 com.android.server.wm.BLASTSyncEngine$SyncGroup.finishNow:240 com.android.server.wm.BLASTSyncEngine.onSurfacePlacement:263 com.android.server.wm.RootWindowContainer.performSurfacePlacementNoTrace:1083 com.android.server.wm.WindowSurfacePlacer.performSurfacePlacement:166
03-02 00:57:35.148  2013  2068 D ScreenCapture: [Capture_TEST] : setIsScreenShotBySystem false
03-02 00:57:35.148  2013  2068 I SurfaceComposerClient: captureLayers:childrenOnly:1, sync:1
03-02 00:57:35.149 17532 17563 I BLASTBufferQueue: [VRI[InstrumentationActivityInvoker$EmptyActivity]@7dccec9#26](f:0,a:0,s:0) onFrameAvailable the first frame is available
03-02 00:57:35.149 17532 17563 I BLASTBufferQueue: [VRI[InstrumentationActivityInvoker$EmptyActivity]@7dccec9#26](f:0,a:1,s:0) acquireNextBufferLocked size=1080x2340 mFrameNumber=1 applyTransaction=true mTimestamp=491134149972657(auto) mPendingTransactions.size=0 graphicBufferId=75299366633576 transform=0
03-02 00:57:35.149 17532 17563 I VRI[InstrumentationActivityInvoker$EmptyActivity]@7dccec9: Received frameCommittedCallback lastAttemptedDrawFrameNum=1 didProduceBuffer=true
03-02 00:57:35.152  1507  1507 I SurfaceFlinger: [LayerHierarchy{RequestedLayerState{c536234 NavigationBar0#102 parentId=156517} 1 children}] reparent to LayerHierarchy{RequestedLayerState{Surface(name=c536234 NavigationBar0)/@0xfac847b - animation-leash of insets_animation#156517 parentId=101} 1 children}
03-02 00:57:35.152  1507  1507 I SurfaceFlinger: [LayerHierarchy{RequestedLayerState{a5d3a68 StatusBar#109 parentId=156518} 1 children}] reparent to LayerHierarchy{RequestedLayerState{Surface(name=a5d3a68 StatusBar)/@0xd5726d6 - animation-leash of insets_animation#156518 parentId=108} 1 children}
03-02 00:57:35.152  1507  1507 I SurfaceFlinger: [LayerHierarchy{RequestedLayerState{Surface(name=a5d3a68 StatusBar)/@0xd5726d6 - animation-leash of insets_animation#156513} no children}] reparent to OffscreenRoot
03-02 00:57:35.152  1507  1507 I SurfaceFlinger: [LayerHierarchy{RequestedLayerState{Surface(name=a5d3a68 StatusBar)/@0xd5726d6 - animation-leash of insets_animation#156513} no children}] RelativeParent to null
03-02 00:57:35.152  1507  1507 I SurfaceFlinger: [LayerHierarchy{RequestedLayerState{Surface(name=c536234 NavigationBar0)/@0xfac847b - animation-leash of insets_animation#156512} no children}] reparent to OffscreenRoot
03-02 00:57:35.152  1507  1507 I SurfaceFlinger: [LayerHierarchy{RequestedLayerState{Surface(name=c536234 NavigationBar0)/@0xfac847b - animation-leash of insets_animation#156512} no children}] RelativeParent to null
03-02 00:57:35.152  1507  1507 I SurfaceFlinger: [Transition Root: Task=44891#156519] attach to parent LayerHierarchy{RequestedLayerState{DefaultTaskDisplayArea_d0#10 parentId=9} 47 children}
03-02 00:57:35.153  1507  1907 I SurfaceFlinger: Capture layer list: 	 com.podcast.app.debug/androidx.activity.ComponentActivity$_17121#156492(seamlessTransition:0)
03-02 00:57:35.153  1507  1907 I SurfaceFlinger: Capture layer list: 	 Dim Layer for - Task=44890#156507(seamlessTransition:0)
03-02 00:57:35.153  1507  1907 I SurfaceFlinger: Capture layer list: 	 com.podcast.app.debug/androidx.activity.ComponentActivity$_17121#156505(seamlessTransition:0)
03-02 00:57:35.155 17532 17563 D HWUI    : CFMS:: SetUp Pid : 17532    Tid : 17563
03-02 00:57:35.155 17532 17532 D VRI[InstrumentationActivityInvoker$EmptyActivity]@7dccec9: reportDrawFinished seqId=0
03-02 00:57:35.164  1445  2902 W C2MtkBufferManager: [0xB4000070F507E520] fetchNewCcBlock: wait fence 0x0xb4000070f5058270 timed out. ret 110
03-02 00:57:35.167  2746  2746 D SamsungLightBarControlHelper: updateStatusBar (BLACK icon) numStacks:1, StatusBarMode:MODE_TRANSPARENT, lightBarBounds:[Rect(0, 0 - 1080, 2340)], StatusBarState:SHADE, packageName:, isWhiteKeyguardStatusBar:true
03-02 00:57:35.167  2746  2746 D SamsungLightBarControlHelper: onStatusBarAppearanceChanged() -  sbModeChanged:false, statusBarMode:0, barState:MODE_TRANSPARENT, isKeyguardShowing:false, navbarColorManagedByIme:false, (AppearanceRegion{LIGHT_STATUS_BARS bounds=[0,0][1080,2340]}, )
03-02 00:57:35.167  2746  2746 D NavigationBar: onSystemBarAttributesChanged() -  displayId:0, appearance:16, packageName: com.podcast.app.debug.test (APPEARANCE_LIGHT_NAVIGATION_BARS ), navbarColorManagedByIme:false
03-02 00:57:35.175  2013  3441 I SemDvfsHyPerManager: acquire hyper - AMS_APP_SWITCH/2013@20, type = -999
03-02 00:57:35.175 14885 14885 I VRI[SplashActivity]@35f4eb8: handleAppVisibility mAppVisible = false visible = true
03-02 00:57:35.175  2013  4843 D InputDispatcher: Focused application(0): ActivityRecord{2751228 u0 com.zhiliaoapp.musically/com.ss.android.ugc.aweme.splash.SplashActivity t44543}
03-02 00:57:35.176  1450  1487 I HYPER-HAL: [RequestManager.cpp]acquire(): Acquired ID : 2067581  [2013 / 20]    HINT : AMS_ACT_SWITCH    list :
03-02 00:57:35.176  2013  2600 D AS.MultiSoundManager: mForegroundUid = 10350
03-02 00:57:35.177  1507  1907 I SurfaceFlinger: id=156520 createSurf, flag=24000, Surface(name=c536234 NavigationBar0)/@0xfac847b - animation-leash of insets_animation#156520
03-02 00:57:35.177  4784  4784 I SemDvfsHyPerManager: acquire hyper - APP_START_SHORT/4784@15, type = -999
03-02 00:57:35.177  1450  1487 I HYPER-HAL: [RequestManager.cpp]acquire(): Acquired ID : 11517615  [4784 / 15]    HINT : APP_START    list : [TIMEOUT / 1500]
03-02 00:57:35.178  1507  1907 I SurfaceFlinger: id=156521 createSurf, flag=24000, Surface(name=a5d3a68 StatusBar)/@0xd5726d6 - animation-leash of insets_animation#156521
03-02 00:57:35.179  2746  2746 D NavigationBar: onSystemBarAttributesChanged() -  displayId:0, appearance:24, packageName: com.podcast.app.debug.test (APPEARANCE_LIGHT_STATUS_BARS APPEARANCE_LIGHT_NAVIGATION_BARS ), navbarColorManagedByIme:false
03-02 00:57:35.181  1507  1845 D SurfaceFlinger: [input] setFocusedWindow: ffeea56 com.podcast.app.debug.test/androidx.test.core.app.InstrumentationActivityInvoker$EmptyActivity
03-02 00:57:35.181  1507  1845 D SurfaceFlinger: updateWinowInfo=1, setFocusedWindow timestamp=491134143647042, windowName=ffeea56 com.podcast.app.debug.test/androidx.test.core.app.InstrumentationActivityInvoker$EmptyActivity
03-02 00:57:35.182  2013  2253 D InputDispatcher: Once focus requested (0): ffeea56 com.podcast.app.debug.test/androidx.test.core.app.InstrumentationActivityInvoker$EmptyActivity
03-02 00:57:35.182  2013  2253 D InputDispatcher: Focus request (0): ffeea56 com.podcast.app.debug.test/androidx.test.core.app.InstrumentationActivityInvoker$EmptyActivity but waiting because NO_WINDOW
03-02 00:57:35.182  2013  4843 I SemDvfsHyPerManager: acquire hyper - AMS_RESUME_TAIL/2013@18, type = -999
03-02 00:57:35.182  2013  4843 I SemDvfsHyPerManager: acquire hyper - AMS_ACT_LAZY/2013@19, type = -999
03-02 00:57:35.183  1450  1487 I HYPER-HAL: [RequestManager.cpp]acquire(): Acquired ID : 2063514  [2013 / 18]    HINT : AMS_RESUME_TAIL    list :
03-02 00:57:35.183  1450  1487 I mtkpower_client: perf_lock_rel, hdl:76693, pid: 1450, tid:1487
03-02 00:57:35.183  1450  1487 I mtkpower_client: perf_lock_acq, hdl:0, dur:0, num:2, pid:1450, tid:1487
03-02 00:57:35.184 14885 14885 I VRI[SplashActivity]@35f4eb8: stopped(false) old = true
03-02 00:57:35.184 14885 14885 D VRI[SplashActivity]@35f4eb8: WindowStopped on com.zhiliaoapp.musically/com.ss.android.ugc.aweme.splash.SplashActivity set to false
03-02 00:57:35.184  1464  1529 I libPowerHal: [perfLockRel] hdl:76693, idx:6
03-02 00:57:35.184  1464  1529 I libPowerHal: [set_cpuidle] enable:1, fd:17, scn:0xb40000737b614050
03-02 00:57:35.184  1464  1529 I libPowerHal: [PD] vendor.samsung. update cmd:1c3c100 param:1 pr:6
03-02 00:57:35.184 14885 14885 D ViewRootImpl: Skipping stats log for color mode
03-02 00:57:35.185  1464  1529 I libPowerHal: [perfLockRel] Done for hdl : 76693
03-02 00:57:35.185  1507  1507 I SurfaceFlinger: [Surface(name=c536234 NavigationBar0)/@0xfac847b - animation-leash of insets_animation#156520] attach to parent LayerHierarchy{RequestedLayerState{WindowToken{5cf38d1 type=2019 android.os.BinderProxy@916675b}#101 parentId=34} 2 children}
03-02 00:57:35.185  1507  1507 I SurfaceFlinger: [Surface(name=a5d3a68 StatusBar)/@0xd5726d6 - animation-leash of insets_animation#156521] attach to parent LayerHierarchy{RequestedLayerState{WindowToken{d05298b type=2000 android.os.BinderProxy@163b705}#108 parentId=17} 2 children}
03-02 00:57:35.185 14885 14885 I System.out: SAFActivity: com.ss.android.ugc.aweme.main.MainActivity@c20428f,  onStart Start
03-02 00:57:35.186  1450  1487 I mtkpower_client: ret_hdl:76697
03-02 00:57:35.186  1450  1487 I mtkpower_client: perf_lock_rel, hdl:76695, pid: 1450, tid:1487
03-02 00:57:35.186  1464  1529 I libPowerHal: [perfLockAcq] idx:8 hdl:76697 hint:-1 pid:1450 tid:1487 duration:0 lock_user:vendor.samsung. => ret_hdl:76697
03-02 00:57:35.186  1464  1529 I libPowerHal: [set_cpuidle] enable:0, fd:17, scn:0xb40000737b61a740
03-02 00:57:35.186  1464  1529 I libPowerHal: [get_cpu_dma_latency_value] 0
03-02 00:57:35.187  1464  1529 I libPowerHal: [PE] vendor.samsung. update cmd:1c3c100 param:0 pr:3
03-02 00:57:35.187  1464  1529 I libPowerHal: [perfLockAcq] Done for hdl : 76697
03-02 00:57:35.187  1450  1487 I mtkpower_client: perf_lock_acq, hdl:0, dur:0, num:2, pid:1450, tid:1487
03-02 00:57:35.187  1464  1529 I libPowerHal: [perfLockRel] hdl:76695, idx:3
03-02 00:57:35.187  1507  2393 I SurfaceFlinger: onHandleDestroyed: layerId=156512, name=Surface(name=c536234 NavigationBar0)/@0xfac847b - animation-leash of insets_animation#156512
03-02 00:57:35.187  2013  4843 W ParceledListSlice: Element #30 is 21544 bytes.
03-02 00:57:35.188  1507  2393 I SurfaceFlinger: id=156512 Removed Surface(name=c536234 NavigationBar0)/@0xfac847b - animation-leash of insets_animation#156512 (338)
03-02 00:57:35.188  1464  1529 I libPowerHal: [PD] vendor.samsung. update cmd:1000000 param:-1 pr:6
03-02 00:57:35.188  1464  1529 I libPowerHal: [perfLockRel] Done for hdl : 76695
03-02 00:57:35.189  1464  1529 I libPowerHal: [perfLockAcq] idx:3 hdl:76698 hint:-1 pid:1450 tid:1487 duration:0 lock_user:vendor.samsung. => ret_hdl:76698
03-02 00:57:35.189  1450  1487 I mtkpower_client: ret_hdl:76698
03-02 00:57:35.189  1507  2393 I SurfaceFlinger: onHandleDestroyed: layerId=156513, name=Surface(name=a5d3a68 StatusBar)/@0xd5726d6 - animation-leash of insets_animation#156513
03-02 00:57:35.189  1507  2393 I SurfaceFlinger: id=156513 Removed Surface(name=a5d3a68 StatusBar)/@0xd5726d6 - animation-leash of insets_animation#156513 (338)
03-02 00:57:35.189  1464  1529 I libPowerHal: [setDvfsrcDevFreqOpp] opp:0, freq:4266000000
03-02 00:57:35.189  1464  1529 I libPowerHal: [PE] vendor.samsung. update cmd:1000000 param:0 pr:3
03-02 00:57:35.189  1464  1529 I libPowerHal: [perfLockAcq] Done for hdl : 76698
03-02 00:57:35.190  1450  1487 I mtkpower_client: perf_lock_rel, hdl:76698, pid: 1450, tid:1487
03-02 00:57:35.190  2013  2064 I PkgPredictorService-SecIpmManagerServiceImpl: reportToNAP uid:10687 com.podcast.app.debug.test/androidx.test.core.app.InstrumentationActivityInvoker$EmptyActivity thisTime:137
03-02 00:57:35.190  2013  2064 D PkgPredictorService-SecIpmManagerServiceImpl: reportToNAP: mHeavyLaunchCounter is false
03-02 00:57:35.190  1450  1487 I mtkpower_client: perf_lock_acq, hdl:0, dur:0, num:2, pid:1450, tid:1487
03-02 00:57:35.190  1464  1529 I libPowerHal: [perfLockRel] hdl:76698, idx:3
03-02 00:57:35.191  1464  1529 I libPowerHal: [PD] vendor.samsung. update cmd:1000000 param:-1 pr:6
03-02 00:57:35.191  1464  1529 I libPowerHal: [perfLockRel] Done for hdl : 76698
03-02 00:57:35.192  2746  2798 I SurfaceControlRegistry: hide, t=FinishTransaction_SyncId<11290> sc=Task=44890, caller=android.view.SurfaceControl$Transaction.hide:3583 com.android.wm.shell.transition.Transitions.dispatchReady:1263 com.android.wm.shell.transition.Transitions.onTransitionReady:251 com.android.wm.shell.transition.Transitions$TransitionPlayerImpl$$ExternalSyntheticLambda0.run:13 android.os.Handler.handleCallback:995 android.os.Handler.dispatchMessage:103
03-02 00:57:35.192  2746  2798 I SurfaceControlRegistry: show, t=StartTransaction_SyncId<11290> sc=Task=44891, caller=android.view.SurfaceControl$Transaction.show:3557 com.android.wm.shell.transition.Transitions.dispatchReady:1279 com.android.wm.shell.transition.Transitions.onTransitionReady:251 com.android.wm.shell.transition.Transitions$TransitionPlayerImpl$$ExternalSyntheticLambda0.run:13 android.os.Handler.handleCallback:995 android.os.Handler.dispatchMessage:103
03-02 00:57:35.192  1450  1487 I mtkpower_client: ret_hdl:76699
03-02 00:57:35.192  1450  1487 I mtkpower_client: perf_lock_rel, hdl:76696, pid: 1450, tid:1487
03-02 00:57:35.192  2746  2798 I SurfaceControlRegistry: show, t=FinishTransaction_SyncId<11290> sc=Task=44891, caller=android.view.SurfaceControl$Transaction.show:3557 com.android.wm.shell.transition.Transitions.dispatchReady:1330 com.android.wm.shell.transition.Transitions.onTransitionReady:251 com.android.wm.shell.transition.Transitions$TransitionPlayerImpl$$ExternalSyntheticLambda0.run:13 android.os.Handler.handleCallback:995 android.os.Handler.dispatchMessage:103
03-02 00:57:35.192  2746  2798 I SurfaceControlRegistry: show, t=StartTransaction_SyncId<11290> sc=Transition Root: Task=44891, caller=android.view.SurfaceControl$Transaction.show:3557 com.android.wm.shell.transition.Transitions.playTransition:79 com.android.wm.shell.transition.Transitions.processReadyQueue:239 com.android.wm.shell.transition.Transitions.dispatchReady:1352 com.android.wm.shell.transition.Transitions.onTransitionReady:251 com.android.wm.shell.transition.Transitions$TransitionPlayerImpl$$ExternalSyntheticLambda0.run:13
03-02 00:57:35.192  1464  1529 I libPowerHal: [perfLockAcq] idx:3 hdl:76699 hint:-1 pid:1450 tid:1487 duration:0 lock_user:vendor.samsung. => ret_hdl:76699
03-02 00:57:35.192  2013  2064 I ActivityTaskManager: Displayed com.podcast.app.debug.test/androidx.test.core.app.InstrumentationActivityInvoker$EmptyActivity for user 0: +137ms
03-02 00:57:35.193  3506  3506 E pageboostd: Received HALT command code 2
03-02 00:57:35.193  1464  1529 I libPowerHal: [setDvfsrcDevFreqOpp] opp:0, freq:4266000000
03-02 00:57:35.193  1464  1529 I libPowerHal: [PE] vendor.samsung. update cmd:1000000 param:0 pr:3
03-02 00:57:35.193  1464  1529 I libPowerHal: [perfLockAcq] Done for hdl : 76699
03-02 00:57:35.193  1464  1529 I libPowerHal: [perfLockRel] hdl:76696, idx:2
03-02 00:57:35.193  1450  1487 I mtkpower_client: perf_lock_acq, hdl:0, dur:0, num:2, pid:1450, tid:1487
03-02 00:57:35.193 14885 14885 I System.out: SceneSafeLifecycleDispatcher: onStarted Start
03-02 00:57:35.193 14885 14885 I System.out: SAFActivity V Scene Framework: NavigationMessageQueue postSync start
03-02 00:57:35.193  1464  1529 I libPowerHal: [PD] vendor.samsung. update cmd:400000 param:-1 pr:6
03-02 00:57:35.193 14885 14885 I System.out: SAFActivity V Scene Framework: NavigationMessageQueue postSync run current task start 14_Y.ARunnableS108S0200000_32@c7f14dd
03-02 00:57:35.193 14885 14885 I System.out: SAFActivity V Scene Framework: NavigationSceneManager Sync Scene SAFFragmentRootScene{79e191c} Lifecycle [ACTIVITY_CREATED -> STARTED] without saved State
