03-02 00:57:38.988 14885 14885 I SV[137774491 SplashActivity]: onWindowVisibilityChanged(8) false X.0fk7{836459b V.E...... ........ 0,81-1080,1998} of VRI[SplashActivity]@35f4eb8
03-02 00:57:38.988 14885 14885 I SurfaceView: 137774491 Changes: creating=false format=false size=false visible=true alpha=false hint=false left=false top=false z=false attached=true lifecycleStrategy=false
03-02 00:57:38.988 14885 14885 I SurfaceView: 137774491 Cur surface: Surface(name=null mNativeObject=480494740992)/@0xe7e74a9
03-02 00:57:38.989 14885 14885 I SurfaceView: 137774491 surfaceDestroyed
03-02 00:57:38.989 14885 14885 I SV[137774491 SplashActivity]: surfaceDestroyed callback.size 1 #2 X.0fk7{836459b V.E...... ........ 0,81-1080,1998}
03-02 00:57:38.989 14885 14885 I SV[137774491 SplashActivity]: updateSurface: mVisible = false mSurface.isValid() = true
03-02 00:57:38.989 14885 14885 I BLASTBufferQueue: [836459b SurfaceView[com.zhiliaoapp.musically/com.ss.android.ugc.aweme.splash.SplashActivity]@0#128](f:0,a:0,s:0) destructor()
03-02 00:57:38.989 14885 14885 D BufferQueueConsumer: [836459b SurfaceView[com.zhiliaoapp.musically/com.ss.android.ugc.aweme.splash.SplashActivity]@0#128(BLAST Consumer)128](id:3a2500000085,api:0,p:-1,c:14885) disconnect
03-02 00:57:38.989 14885 14885 I SV[137774491 SplashActivity]: releaseSurfaces: viewRoot = VRI[SplashActivity]@35f4eb8
03-02 00:57:38.989 14885 14885 V SurfaceView: Layout: x=4320 y=2240 w=1080 h=1917, frame=Rect(0, 0 - 1080, 1917)
03-02 00:57:38.989  2013  2013 D AS.AudioService: adjustStreamVolume() stream=3, dir=1, flags=4113, caller=android
03-02 00:57:38.990 14885 15423 D SurfaceView: 131250218 windowPositionLost, frameNr = 0
03-02 00:57:38.991 14885 15423 D SurfaceView: 55666203 windowPositionLost, frameNr = 0
03-02 00:57:38.991  2746  2746 D SystemUIService: SYSUI_RAM_OPTIMIZATION onTrimMemory=20
03-02 00:57:38.992  2746  2746 D CentralSurfaces: SYSUI_RAM_OPTIMIZATION onTrimMemory=20
03-02 00:57:38.992  1507  1507 I SurfaceFlinger: RequestedLayer [com.zhiliaoapp.musically/com.ss.andr[...].splash.SplashActivity$_14885#156621] hidden!! flag  from(0) --> to(1)
03-02 00:57:38.992 14885 15423 D SurfaceView: 178709432 windowPositionLost, frameNr = 0
03-02 00:57:38.992  1507  1507 I SurfaceFlinger: RequestedLayer [ActivityRecord{2751228 u0 com.zhilia[...]splash.SplashActivity t44543}#147902] hidden!! flag  from(0) --> to(1)
03-02 00:57:38.992  2746  2870 D HWUI    : CacheManager::trimMemory(20)
03-02 00:57:38.995 14885 15423 D HWUI    : CacheManager::trimMemory(20)
03-02 00:57:38.997  2013  2306 D InputReader: Input event(9): value=0 when=491137.998039
03-02 00:57:38.997  1484  1567 V APM_AudioPolicyManager: getAudioPolicyConfig: audioParam;l_fmradio_record_active
03-02 00:57:38.998  2013  2306 D PhoneWindowManager: interceptKeyTq keycode=24 interactive=true keyguardActive=false policyFlags=22000000
03-02 00:57:38.998  2013  4823 I WindowManager: Relayout Window{cd2d6b5 u0 com.zhiliaoapp.musically/com.ss.android.ugc.aweme.splash.SplashActivity}: viewVisibility=8 req=1080x2340 ty=1 d0
03-02 00:57:39.000  2013  2306 D PhoneWindowManagerExt: interceptKeyTq code=24 down=false repeatCount=0 displayId=-1 interactive=true powerCombination=false
03-02 00:57:39.000  2013  2306 D PhoneWindowManager: interceptKeyTq interceptKeyResult=1
03-02 00:57:39.001  2013  2013 D AS.AudioService: updateVolumeGroupIndex for stream 10, muted=false, device=2, index=40, group AUDIO_STREAM_ACCESSIBILITY Muted=false, Index=4, forceMuteState=false
03-02 00:57:39.002  1446  1498 I SensorsHub: DeviceOrientation(0): event = 255, time = 767675386431839
03-02 00:57:39.003  2013  2305 D PhoneWindowManager: interceptKeyTi keyCode=24 action=1 repeatCount=0 keyguardOn=false canceled=false
03-02 00:57:39.003  2013  2305 D PhoneWindowManagerExt: interceptKeyTi code=24 down=false repeatCount=0 displayId=-1 interactive=true
03-02 00:57:39.003  2746  2746 D AppController: AppControlSensorListener.onSensorChanged, Rotation: -1
03-02 00:57:39.003  2013  2305 I InputDispatcher: Delivering key to (17121): VU action: 0x1 (0), f=0x8, m=0x0, d=0, 'fe1c469'
03-02 00:57:39.004  2746  2746 D NavigationBar: onRotationProposal proposedRotation=-1, isValid=false, mNavBarWindowState=WINDOW_STATE_SHOWING, rotateSuggestionsDisabled=false, isRotateButtonVisible=false
03-02 00:57:39.004  5235  5235 I HBD     : HoneyBoardService onKeyUp r:c122fd32 consumed:false 0
03-02 00:57:39.005  2746  2746 D RotationButtonController: onRotationProposal unknown rotation
03-02 00:57:39.005 17121 17121 I VRI[ComponentActivity]@8d3a3d3: ViewPostIme key 1
03-02 00:57:39.005  2013  2013 D AS.AudioService: updateVolumeGroupIndex for stream 9, muted=false, device=2, index=32, group AUDIO_STREAM_TTS Muted=false, Index=3, forceMuteState=false
03-02 00:57:39.006  2013  4844 D MediaSessionService: dispatchVolumeKeyEvent, pkg=com.podcast.app.debug, opPkg=com.podcast.app.debug, pid=17121, uid=10685, asSystem=true, event=KeyEvent { action=ACTION_UP, keyCode=KEYCODE_VOLUME_UP, scanCode=115, metaState=0, flags=0x8, repeatCount=0, eventTime=491137998039000, downTime=491137821363000, deviceId=2, source=0x101, displayId=-1 }, stream=-2147483648, musicOnly=false
03-02 00:57:39.006  2013  4844 D MediaSessionService: Adjusting suggestedStream=-2147483648 by 0. flags=4116, preferSuggestedStream=false, session=null
03-02 00:57:39.006  2013  4823 I WindowManager: Relayout hash=cd2d6b5, pid=14885, syncId=-1: mAttrs={(0,0)(fillxfill) sim={adjust=pan} layoutInDisplayCutoutMode=always ty=BASE_APPLICATION fmt=TRANSLUCENT wanim=0x1030317
03-02 00:57:39.006  2013  4823 I WindowManager:   fl=81810180
03-02 00:57:39.006  2013  4823 I WindowManager:   pfl=10008840
03-02 00:57:39.006  2013  4823 I WindowManager:   vsysui=400
03-02 00:57:39.006  2013  4823 I WindowManager:   apr=10
03-02 00:57:39.006  2013  4823 I WindowManager:   bhv=1
03-02 00:57:39.006  2013  4823 I WindowManager:   fitSides=0
03-02 00:57:39.006  2013  4823 I WindowManager:   frameRateBoostOnTouch=true
03-02 00:57:39.006  2013  4823 I WindowManager:   dvrrWindowFrameRateHint=true naviIconColor=0
03-02 00:57:39.006  2013  4823 I WindowManager:   sfl=100000}
03-02 00:57:39.007  2013  2013 D AS.AudioService: updateVolumeGroupIndex for stream 3, muted=false, device=2, index=32, group AUDIO_STREAM_MUSIC Muted=false, Index=3, forceMuteState=false
03-02 00:57:39.008  2013  2600 D AS.AudioService: setStreamVolumeIndexAS(streamType=3, index=3, muted=false, device=2)
03-02 00:57:39.008  2013  2600 D AS.AudioService: setStreamVolumeIndexAS(streamType=3, index=3, muted=false, device=1)
03-02 00:57:39.008  2013  2600 D AS.AudioService: setStreamVolumeIndexAS(streamType=10, index=4, muted=false, device=2)
03-02 00:57:39.008  5235  5235 I HBD     : g onCapabilityChanged  setNetworkState currentNetworkState : wifi
03-02 00:57:39.008  1484  1567 V APM_AudioPolicyManager: setVolumeCurveIndex stream AUDIO_STREAM_ACCESSIBILITY, device 0x00000002, index 4  muted 0
03-02 00:57:39.008  5235  5235 I HBD     : h LogTag.TAG_LMDOWNLOAD network status is changed.
03-02 00:57:39.010 14885 14885 I BLASTBufferQueue: [VRI[SplashActivity]@35f4eb8#125](f:0,a:1,s:0) destructor()
03-02 00:57:39.010 14885 14885 D BufferQueueConsumer: [VRI[SplashActivity]@35f4eb8#125(BLAST Consumer)125](id:3a2500000082,api:0,p:-1,c:14885) disconnect
03-02 00:57:39.011 14885 14885 I VRI[SplashActivity]@35f4eb8: Relayout returned: old=(0,0,1080,2340) new=(0,0,1080,2340) relayoutAsync=false req=(1080,2340)8 dur=11 res=0x2 s={false 0x0} ch=true seqId=0
03-02 00:57:39.011 14885 14885 I SV[6876039 SplashActivity]: windowStopped(true) false X.0fk7{68eb87 V.E...... ........ 0,80-1080,2000} of VRI[SplashActivity]@35f4eb8
03-02 00:57:39.011  2013  2600 D AS.AudioService: setStreamVolumeIndexAS(streamType=10, index=4, muted=false, device=1)
03-02 00:57:39.011 14885 14885 D SV[6876039 SplashActivity]: updateSurface: surface is not valid
03-02 00:57:39.011 14885 14885 I SV[6876039 SplashActivity]: releaseSurfaces: viewRoot = VRI[SplashActivity]@35f4eb8
03-02 00:57:39.011 14885 14885 D VRI[SplashActivity]@35f4eb8: applyTransactionOnDraw applyImmediately
03-02 00:57:39.012  1484  2000 V APM_AudioPolicyManager: setVolumeCurveIndex stream AUDIO_STREAM_ACCESSIBILITY, device 0x00000001, index 4  muted 0
03-02 00:57:39.012  2013  2067 D PhoneWindowManager: handleKeyGestureEvent, type=1001 keyguardOn=false displayId=0
03-02 00:57:39.013 14885 14885 I SV[7374587 SplashActivity]: windowStopped(true) false X.0fk7{7086fb V.E...... ........ 0,80-1080,2000} of VRI[SplashActivity]@35f4eb8
03-02 00:57:39.013 14885 14885 D SV[7374587 SplashActivity]: updateSurface: surface is not valid
03-02 00:57:39.013 14885 14885 I SV[7374587 SplashActivity]: releaseSurfaces: viewRoot = VRI[SplashActivity]@35f4eb8
03-02 00:57:39.013 14885 14885 D VRI[SplashActivity]@35f4eb8: applyTransactionOnDraw applyImmediately
03-02 00:57:39.013  1507  1507 I SurfaceFlinger: [LayerHierarchy{RequestedLayerState{Bounds for - com.zhiliaoapp.musically/com.ss.android.ugc.aweme.splash.SplashActivity@29#156624} 3 children}] reparent to OffscreenRoot
03-02 00:57:39.013  1507  1507 I SurfaceFlinger: [LayerHierarchy{RequestedLayerState{Bounds for - com.zhiliaoapp.musically/com.ss.android.ugc.aweme.splash.SplashActivity@29#156624} 3 children}] RelativeParent to null
03-02 00:57:39.014  1507  1507 I SurfaceFlinger: onHandleDestroyed: layerId=156624, name=Bounds for - com.zhiliaoapp.musically/com.ss.android.ugc.aweme.splash.SplashActivity@29#156624
03-02 00:57:39.014 14885 14885 I SV[137774491 SplashActivity]: windowStopped(true) false X.0fk7{836459b V.E...... ........ 0,81-1080,1998} of VRI[SplashActivity]@35f4eb8
03-02 00:57:39.014 14885 14885 D SV[137774491 SplashActivity]: updateSurface: surface is not valid
03-02 00:57:39.014  1507  1507 I SurfaceFlinger: id=156624 Removed Bounds for - com.zhiliaoapp.musically/com.ss.android.ugc.aweme.splash.SplashActivity@29#156624 (329)
03-02 00:57:39.014 14885 14885 I SV[137774491 SplashActivity]: releaseSurfaces: viewRoot = VRI[SplashActivity]@35f4eb8
03-02 00:57:39.014 14885 14885 D VRI[SplashActivity]@35f4eb8: applyTransactionOnDraw applyImmediately
03-02 00:57:39.015  2013  2600 D AS.AudioService: setStreamVolumeIndexAS(streamType=9, index=3, muted=false, device=2)
03-02 00:57:39.015 14885 14885 D SV[6876039 SplashActivity]: updateSurface: surface is not valid
03-02 00:57:39.015 14885 14885 I SV[6876039 SplashActivity]: releaseSurfaces: viewRoot = VRI[SplashActivity]@35f4eb8
03-02 00:57:39.015 14885 14885 D VRI[SplashActivity]@35f4eb8: applyTransactionOnDraw applyImmediately
03-02 00:57:39.015  1484  2000 V APM_AudioPolicyManager: setVolumeCurveIndex stream AUDIO_STREAM_TTS, device 0x00000002, index 3  muted 0
03-02 00:57:39.015 14885 14885 D SV[7374587 SplashActivity]: updateSurface: surface is not valid
03-02 00:57:39.016 14885 14885 I SV[7374587 SplashActivity]: releaseSurfaces: viewRoot = VRI[SplashActivity]@35f4eb8
03-02 00:57:39.016 14885 14885 D VRI[SplashActivity]@35f4eb8: applyTransactionOnDraw applyImmediately
03-02 00:57:39.016 14885 14885 D SV[137774491 SplashActivity]: updateSurface: surface is not valid
03-02 00:57:39.016 14885 14885 I SV[137774491 SplashActivity]: releaseSurfaces: viewRoot = VRI[SplashActivity]@35f4eb8
03-02 00:57:39.016 14885 14885 D VRI[SplashActivity]@35f4eb8: applyTransactionOnDraw applyImmediately
03-02 00:57:39.017 14885 14885 D VRI[SplashActivity]@35f4eb8: Not drawing due to not visible. Reason=!mAppVisible && !mForceDecorViewVisibility
03-02 00:57:39.017 14885 14885 D VRI[SplashActivity]@35f4eb8: Pending transaction will not be applied in sync with a draw due to view not visible
03-02 00:57:39.017 14885 14885 I VRI[SplashActivity]@35f4eb8: mWNT: t=0x769ac0ba00 mBlastBufferQueue=0xnull fn= 0 HdrRenderState mRenderHdrSdrRatio=1.0 caller= android.view.ViewRootImpl.handleSyncRequestWhenNoAsyncDraw:6733 android.view.ViewRootImpl.performTraversals:5504 android.view.ViewRootImpl.doTraversal:3924
03-02 00:57:39.017  2013  2600 D AS.AudioService: setStreamVolumeIndexAS(streamType=9, index=3, muted=false, device=1)
03-02 00:57:39.017  1646  1646 I CameraService: onUidStateChanged: uid=10235, procState is changed. (3 -> 4)
03-02 00:57:39.018  1484  2000 V APM_AudioPolicyManager: setVolumeCurveIndex stream AUDIO_STREAM_TTS, device 0x00000001, index 3  muted 0
03-02 00:57:39.020 14885 15423 D HWUI    : CacheManager::trimMemory(20)
03-02 00:57:39.021 14885 14885 I VRI[SplashActivity]@35f4eb8: stopped(true) old = false
03-02 00:57:39.021 14885 14885 D VRI[SplashActivity]@35f4eb8: WindowStopped on com.zhiliaoapp.musically/com.ss.android.ugc.aweme.splash.SplashActivity set to true
03-02 00:57:39.021 14885 15423 D HWUI    : CacheManager::trimMemory(20)
03-02 00:57:39.023 17121 17121 I Dialog  : mIsDeviceDefault = false, mIsSamsungBasicInteraction = false, isMetaDataInActivity = false
03-02 00:57:39.023  1484 15560 V APM_AudioPolicyManager: setAudioPolicyConfig: audioParam;l_volume_fine_key;index=32;device=2
03-02 00:57:39.023  1484 15560 V APM_AudioPolicyManager: setVolumeCurveIndex stream AUDIO_STREAM_MUSIC, device 0x00000002, index 3  muted 0
03-02 00:57:39.023 14885 14885 I System.out: SAFActivity: com.ss.android.ugc.aweme.main.MainActivity@c20428f,  onStop Start
03-02 00:57:39.024  1484 15560 V APM_AudioPolicyManager: getNewOutputDevices selected devices AUDIO_DEVICE_NONE
03-02 00:57:39.024  1484 15560 V APM_AudioPolicyManager: checkAndSetVolume: output 13, stream 3, index 3, devices 0x2, volume 0.010300, delayMs 0, muted false
03-02 00:57:39.024  1507  1507 I SurfaceFlinger: destroyed Bounds for - com.zhiliaoapp.musically/com.ss.android.ugc.aweme.splash.SplashActivity@29#156624
03-02 00:57:39.025  1507  1507 I SurfaceFlinger: [LayerHierarchy{RequestedLayerState{Background for 836459b SurfaceView[com.zhiliaoapp.musically/com.ss.android.ugc.aweme.splash.SplashActivity]@0#156633 z=-2147483648} no children}] reparent to OffscreenRoot
03-02 00:57:39.025  1507  1507 I SurfaceFlinger: [LayerHierarchy{RequestedLayerState{Background for 836459b SurfaceView[com.zhiliaoapp.musically/com.ss.android.ugc.aweme.splash.SplashActivity]@0#156633 z=-2147483648} no children}] RelativeParent to null
03-02 00:57:39.025  1507  1507 I SurfaceFlinger: [LayerHierarchy{RequestedLayerState{836459b SurfaceView[com.zhiliaoapp.musically/com.ss.android.ugc.aweme.splash.SplashActivity]@0(BLAST)#156632} no children}] reparent to OffscreenRoot
03-02 00:57:39.025  1507  1507 I SurfaceFlinger: [LayerHierarchy{RequestedLayerState{836459b SurfaceView[com.zhiliaoapp.musically/com.ss.android.ugc.aweme.splash.SplashActivity]@0(BLAST)#156632} no children}] RelativeParent to null
03-02 00:57:39.025  1507  1507 I SurfaceFlinger: [LayerHierarchy{RequestedLayerState{Background for 68eb87 SurfaceView[com.zhiliaoapp.musically/com.ss.android.ugc.aweme.splash.SplashActivity]@0#156627 z=-2147483648} no children}] reparent to OffscreenRoot
03-02 00:57:39.025  1507  1507 I SurfaceFlinger: [LayerHierarchy{RequestedLayerState{Background for 68eb87 SurfaceView[com.zhiliaoapp.musically/com.ss.android.ugc.aweme.splash.SplashActivity]@0#156627 z=-2147483648} no children}] RelativeParent to null
03-02 00:57:39.025  1507  1507 I SurfaceFlinger: [LayerHierarchy{RequestedLayerState{836459b SurfaceView[com.zhiliaoapp.musically/com.ss.android.ugc.aweme.splash.SplashActivity]@0#156631 z=-2} no children}] reparent to OffscreenRoot
03-02 00:57:39.025  1507  1507 I SurfaceFlinger: [LayerHierarchy{RequestedLayerState{836459b SurfaceView[com.zhiliaoapp.musically/com.ss.android.ugc.aweme.splash.SplashActivity]@0#156631 z=-2} no children}] RelativeParent to null
03-02 00:57:39.025  1507  1507 I SurfaceFlinger: [LayerHierarchy{RequestedLayerState{7086fb SurfaceView[com.zhiliaoapp.musically/com.ss.android.ugc.aweme.splash.SplashActivity]@0(BLAST)#156629} no children}] reparent to OffscreenRoot
03-02 00:57:39.025  1507  1507 I SurfaceFlinger: [LayerHierarchy{RequestedLayerState{7086fb SurfaceView[com.zhiliaoapp.musically/com.ss.android.ugc.aweme.splash.SplashActivity]@0(BLAST)#156629} no children}] RelativeParent to null
03-02 00:57:39.025  1507  1507 I SurfaceFlinger: [LayerHierarchy{RequestedLayerState{68eb87 SurfaceView[com.zhiliaoapp.musically/com.ss.android.ugc.aweme.splash.SplashActivity]@0(BLAST)#156626} no children}] reparent to OffscreenRoot
03-02 00:57:39.025  1507  1507 I SurfaceFlinger: [LayerHierarchy{RequestedLayerState{68eb87 SurfaceView[com.zhiliaoapp.musically/com.ss.android.ugc.aweme.splash.SplashActivity]@0(BLAST)#156626} no children}] RelativeParent to null
03-02 00:57:39.025  1507  1507 I SurfaceFlinger: [LayerHierarchy{RequestedLayerState{Background for 7086fb SurfaceView[com.zhiliaoapp.musically/com.ss.android.ugc.aweme.splash.SplashActivity]@0#156630 z=-2147483648} no children}] reparent to OffscreenRoot
03-02 00:57:39.025  1507  1507 I SurfaceFlinger: [LayerHierarchy{RequestedLayerState{Background for 7086fb SurfaceView[com.zhiliaoapp.musically/com.ss.android.ugc.aweme.splash.SplashActivity]@0#156630 z=-2147483648} no children}] RelativeParent to null
03-02 00:57:39.025  1507  1507 I SurfaceFlinger: [LayerHierarchy{RequestedLayerState{7086fb SurfaceView[com.zhiliaoapp.musically/com.ss.android.ugc.aweme.splash.SplashActivity]@0#156628 z=-2} no children}] reparent to OffscreenRoot
03-02 00:57:39.025  1507  1507 I SurfaceFlinger: [LayerHierarchy{RequestedLayerState{7086fb SurfaceView[com.zhiliaoapp.musically/com.ss.android.ugc.aweme.splash.SplashActivity]@0#156628 z=-2} no children}] RelativeParent to null
03-02 00:57:39.025  1507  1507 I SurfaceFlinger: [LayerHierarchy{RequestedLayerState{68eb87 SurfaceView[com.zhiliaoapp.musically/com.ss.android.ugc.aweme.splash.SplashActivity]@0#156625 z=-2} no children}] reparent to OffscreenRoot
03-02 00:57:39.025  1507  1507 I SurfaceFlinger: [LayerHierarchy{RequestedLayerState{68eb87 SurfaceView[com.zhiliaoapp.musically/com.ss.android.ugc.aweme.splash.SplashActivity]@0#156625 z=-2} no children}] RelativeParent to null
03-02 00:57:39.026  2746  3672 I vol.Events: writeEvent active_stream_changed STREAM_MUSIC
03-02 00:57:39.026  1484 15560 V APM_AudioPolicyManager: checkAndSetVolume: output 21, stream 3, index 3, devices 0x2, volume 0.010300, delayMs 0, muted false
03-02 00:57:39.028 17121 17121 I DecorView: setWindowBackground: isPopOver=false color=0 d=android.graphics.drawable.ColorDrawable@b61127a
03-02 00:57:39.028  1507  1507 I Layer   : id=156624 Destroyed Bounds for - com.zhiliaoapp.musically/com.ss.android.ugc.aweme.splash.SplashActivity@29#156624
03-02 00:57:39.029  1507  1507 I SurfaceFlinger: onHandleDestroyed: layerId=156632, name=836459b SurfaceView[com.zhiliaoapp.musically/com.ss.android.ugc.aweme.splash.SplashActivity]@0(BLAST)#156632
03-02 00:57:39.029  1507  1507 I SurfaceFlinger: id=156632 Removed 836459b SurfaceView[com.zhiliaoapp.musically/com.ss.android.ugc.aweme.splash.SplashActivity]@0(BLAST)#156632 (328)
03-02 00:57:39.029  1507  1507 I SurfaceFlinger: onHandleDestroyed: layerId=156631, name=836459b SurfaceView[com.zhiliaoapp.musically/com.ss.android.ugc.aweme.splash.SplashActivity]@0#156631
03-02 00:57:39.029  1507  1507 I SurfaceFlinger: id=156631 Removed 836459b SurfaceView[com.zhiliaoapp.musically/com.ss.android.ugc.aweme.splash.SplashActivity]@0#156631 (328)
03-02 00:57:39.029  1507  1507 I SurfaceFlinger: onHandleDestroyed: layerId=156633, name=Background for 836459b SurfaceView[com.zhiliaoapp.musically/com.ss.android.ugc.aweme.splash.SplashActivity]@0#156633
03-02 00:57:39.029  1507  1507 I SurfaceFlinger: id=156633 Removed Background for 836459b SurfaceView[com.zhiliaoapp.musically/com.ss.android.ugc.aweme.splash.SplashActivity]@0#156633 (328)
03-02 00:57:39.029  1507  1507 I SurfaceFlinger: onHandleDestroyed: layerId=156629, name=7086fb SurfaceView[com.zhiliaoapp.musically/com.ss.android.ugc.aweme.splash.SplashActivity]@0(BLAST)#156629
03-02 00:57:39.029  1507  1507 I SurfaceFlinger: id=156629 Removed 7086fb SurfaceView[com.zhiliaoapp.musically/com.ss.android.ugc.aweme.splash.SplashActivity]@0(BLAST)#156629 (328)
03-02 00:57:39.029  1507  1507 I SurfaceFlinger: onHandleDestroyed: layerId=156628, name=7086fb SurfaceView[com.zhiliaoapp.musically/com.ss.android.ugc.aweme.splash.SplashActivity]@0#156628
03-02 00:57:39.029  1507  1507 I SurfaceFlinger: id=156628 Removed 7086fb SurfaceView[com.zhiliaoapp.musically/com.ss.android.ugc.aweme.splash.SplashActivity]@0#156628 (328)
03-02 00:57:39.029  1507  1507 I SurfaceFlinger: onHandleDestroyed: layerId=156630, name=Background for 7086fb SurfaceView[com.zhiliaoapp.musically/com.ss.android.ugc.aweme.splash.SplashActivity]@0#156630
03-02 00:57:39.029  1507  1507 I SurfaceFlinger: id=156630 Removed Background for 7086fb SurfaceView[com.zhiliaoapp.musically/com.ss.android.ugc.aweme.splash.SplashActivity]@0#156630 (328)
03-02 00:57:39.029  1507  1507 I SurfaceFlinger: onHandleDestroyed: layerId=156626, name=68eb87 SurfaceView[com.zhiliaoapp.musically/com.ss.android.ugc.aweme.splash.SplashActivity]@0(BLAST)#156626
03-02 00:57:39.029  1507  1507 I SurfaceFlinger: id=156626 Removed 68eb87 SurfaceView[com.zhiliaoapp.musically/com.ss.android.ugc.aweme.splash.SplashActivity]@0(BLAST)#156626 (328)
03-02 00:57:39.029  1507  1507 I SurfaceFlinger: onHandleDestroyed: layerId=156625, name=68eb87 SurfaceView[com.zhiliaoapp.musically/com.ss.android.ugc.aweme.splash.SplashActivity]@0#156625
03-02 00:57:39.029  1507  1507 I SurfaceFlinger: id=156625 Removed 68eb87 SurfaceView[com.zhiliaoapp.musically/com.ss.android.ugc.aweme.splash.SplashActivity]@0#156625 (328)
03-02 00:57:39.029  1507  1507 I SurfaceFlinger: onHandleDestroyed: layerId=156627, name=Background for 68eb87 SurfaceView[com.zhiliaoapp.musically/com.ss.android.ugc.aweme.splash.SplashActivity]@0#156627
03-02 00:57:39.029  1507  1507 I SurfaceFlinger: id=156627 Removed Background for 68eb87 SurfaceView[com.zhiliaoapp.musically/com.ss.android.ugc.aweme.splash.SplashActivity]@0#156627 (328)
03-02 00:57:39.029  2746  3672 I vol.Events: writeEvent level_changed STREAM_MUSIC 320
03-02 00:57:39.030  2746  3672 D vol.VolumeDialogControl: onVolumeChangedW stream = 3, flags = 135185, lastAudibleStreamVolume = 320, changed = true, showUI = true, dualAudio = false, musicStreamState=[routedToHeadset=false, routedToBuds=false, routedToBuds3=false, routedToHomeMini=false, routedToMusicFrame=false, routedToHearingAid=false, remoteFixedVolume=false, remoteSpeaker=false]
03-02 00:57:39.030  1484 15560 V APM_AudioPolicyManager: checkAndSetVolume: output 29, stream 3, index 3, devices 0x2, volume 0.010300, delayMs 0, muted false
03-02 00:57:39.031  2746  3672 I SoundCraft.VolumeManager: updateVolumeState VolumeModel(volume=32, minVolume=0, maxVolume=150, device=2, enable=true, isBroadcast=false, isAllSoundMute=false, isZenMode=0, isZenModeDisabled=false, isSmartViewEnabled=false, isMusicShareEnabled=false, isDisallowAdjustVolume=false)
03-02 00:57:39.031  2746  3672 D VolumeSeekBar: [QP volume] updateVolumeModel model: VolumeModel(volume=32, minVolume=0, maxVolume=150, device=0, enable=true, isBroadcast=false, isAllSoundMute=false, isZenMode=0, isZenModeDisabled=false, isSmartViewEnabled=false, isMusicShareEnabled=false, isDisallowAdjustVolume=false) isTracking : false
03-02 00:57:39.031  2746  3672 D VolumeSeekBar: [QP volume] updateVolumeModel model: VolumeModel(volume=32, minVolume=0, maxVolume=150, device=0, enable=true, isBroadcast=false, isAllSoundMute=false, isZenMode=0, isZenModeDisabled=false, isSmartViewEnabled=false, isMusicShareEnabled=false, isDisallowAdjustVolume=false) isTracking : false
03-02 00:57:39.032  2746  2746 D SecVolume.VolumePanelStore: dispatch [ACTION_STATE_CHANGED with [STATE_UPDATE], currentAction={isFromOutside : true, isVoiceCapble : true, activeStream : 3}, currentState={activeStream=3(vol=220), stream=3(vol=220) } isPendingState : true, isHasVibrator : true, isVoiceCapable : true, isSetupWizardComplete : true, isCaptionComponentEnabled : true, isMediaDefaultEnabled : true, ringerModeInternal : 2, timeOutControlsText : 0, cutoutHeight : 0, iconTargetState : 1, pinDevice : 0, activeStream : 3, iconCurrentState : 1, timeOutControls : 0, timeOut : 3000, stream : 3, earProtectLevel : 909, systemTimeNow : 491133540}
03-02 00:57:39.033  2746  3672 I vol.Events: writeEvent key STREAM_MUSIC 320
03-02 00:57:39.034  2013  3821 D AS.AudioService: forceVolumeControlStream(3)
03-02 00:57:39.035  2013  2600 I AS.AudioService: fine volume : l_volume_fine_key;index=32;device=2
03-02 00:57:39.036  1507  1507 I SurfaceFlinger: destroyed Background for 836459b SurfaceView[com.zhiliaoapp.musically/com.ss.android.ugc.aweme.splash.SplashActivity]@0#156633
03-02 00:57:39.036  1507  1507 I SurfaceFlinger: destroyed 68eb87 SurfaceView[com.zhiliaoapp.musically/com.ss.android.ugc.aweme.splash.SplashActivity]@0#156625
03-02 00:57:39.036  1507  1507 I SurfaceFlinger: destroyed 7086fb SurfaceView[com.zhiliaoapp.musically/com.ss.android.ugc.aweme.splash.SplashActivity]@0#156628
03-02 00:57:39.036  1507  1507 I SurfaceFlinger: destroyed 836459b SurfaceView[com.zhiliaoapp.musically/com.ss.android.ugc.aweme.splash.SplashActivity]@0(BLAST)#156632
03-02 00:57:39.036  1507  1507 I SurfaceFlinger: destroyed Background for 68eb87 SurfaceView[com.zhiliaoapp.musically/com.ss.android.ugc.aweme.splash.SplashActivity]@0#156627
03-02 00:57:39.036  1507  1507 I SurfaceFlinger: destroyed 836459b SurfaceView[com.zhiliaoapp.musically/com.ss.android.ugc.aweme.splash.SplashActivity]@0#156631
03-02 00:57:39.036  1507  1507 I SurfaceFlinger: destroyed Background for 7086fb SurfaceView[com.zhiliaoapp.musically/com.ss.android.ugc.aweme.splash.SplashActivity]@0#156630
03-02 00:57:39.036  1507  1507 I SurfaceFlinger: destroyed 68eb87 SurfaceView[com.zhiliaoapp.musically/com.ss.android.ugc.aweme.splash.SplashActivity]@0(BLAST)#156626
03-02 00:57:39.036  1507  1507 I SurfaceFlinger: destroyed 7086fb SurfaceView[com.zhiliaoapp.musically/com.ss.android.ugc.aweme.splash.SplashActivity]@0(BLAST)#156629
03-02 00:57:39.037 17121 17121 W WindowOnBackDispatcher: OnBackInvokedCallback is not enabled for the application.
03-02 00:57:39.037 17121 17121 W WindowOnBackDispatcher: Set 'android:enableOnBackInvokedCallback="true"' in the application manifest.
03-02 00:57:39.037  1446  1446 I SensorsHub: queueActivate: handle 5 enable 0
03-02 00:57:39.037  5019  5019 I [MCFDs]_IntentUtil: emitToConsumer - (BLUETOOTH_AUDIO_STATE) ACTION_ID_BLUETOOTH_AUDIO_VOLUME_CHANGED, consumer size=1
03-02 00:57:39.037  1446  1446 I SensorsHub: type : 5, enable : 0
03-02 00:57:39.037 17121 17121 I WindowManager: WindowManagerGlobal#addView, ty=2, view=com.android.internal.policy.DecorView{2f60391 V.E...... R.....I. 0,0-0,0}[ComponentActivity], caller=android.view.WindowManagerImpl.addView:158 android.app.Dialog.show:540 androidx.compose.ui.window.AndroidDialog_androidKt$Dialog$1$1.invoke:196
03-02 00:57:39.038 17121 17121 I ViewRootImpl: dVRR is disabled
03-02 00:57:39.038  5019  5019 I [MCFDs]_BudsDeviceObserver: updateDeviceVolume - 22 to 32
03-02 00:57:39.038 17121 17389 D NativeCustomFrequencyManager: [NativeCFMS] BpCustomFrequencyManager::BpCustomFrequencyManager()
03-02 00:57:39.038  1484 15560 V APM_AudioPolicyManager: setAudioPolicyConfig: audioParam;l_volume_fine_key;index=32;device=1
03-02 00:57:39.039  1484 15560 V APM_AudioPolicyManager: setVolumeCurveIndex stream AUDIO_STREAM_MUSIC, device 0x00000001, index 3  muted 0
03-02 00:57:39.039  1507  1507 I Layer   : id=156627 Destroyed Background for 68eb87 SurfaceView[com.zhiliaoapp.musically/com.ss.android.ugc.aweme.splash.SplashActivity]@0#156627
03-02 00:57:39.039  1507  1507 I Layer   : id=156625 Destroyed 68eb87 SurfaceView[com.zhiliaoapp.musically/com.ss.android.ugc.aweme.splash.SplashActivity]@0#156625
03-02 00:57:39.039  1507  1507 I Layer   : id=156626 Destroyed 68eb87 SurfaceView[com.zhiliaoapp.musically/com.ss.android.ugc.aweme.splash.SplashActivity]@0(BLAST)#156626
03-02 00:57:39.039  1507  1507 I Layer   : id=156630 Destroyed Background for 7086fb SurfaceView[com.zhiliaoapp.musically/com.ss.android.ugc.aweme.splash.SplashActivity]@0#156630
03-02 00:57:39.040  1507  1507 I Layer   : id=156628 Destroyed 7086fb SurfaceView[com.zhiliaoapp.musically/com.ss.android.ugc.aweme.splash.SplashActivity]@0#156628
03-02 00:57:39.040  1507  1507 I Layer   : id=156629 Destroyed 7086fb SurfaceView[com.zhiliaoapp.musically/com.ss.android.ugc.aweme.splash.SplashActivity]@0(BLAST)#156629
03-02 00:57:39.040  1507  1507 I Layer   : id=156633 Destroyed Background for 836459b SurfaceView[com.zhiliaoapp.musically/com.ss.android.ugc.aweme.splash.SplashActivity]@0#156633
03-02 00:57:39.040  1507  1507 I Layer   : id=156631 Destroyed 836459b SurfaceView[com.zhiliaoapp.musically/com.ss.android.ugc.aweme.splash.SplashActivity]@0#156631
03-02 00:57:39.040  1507  1507 I Layer   : id=156632 Destroyed 836459b SurfaceView[com.zhiliaoapp.musically/com.ss.android.ugc.aweme.splash.SplashActivity]@0(BLAST)#156632
03-02 00:57:39.041  1484 15560 V APM_AudioPolicyManager: getNewOutputDevices selected devices AUDIO_DEVICE_NONE
03-02 00:57:39.041  1484 15560 V APM_AudioPolicyManager: checkAndSetVolume: output 13, stream 3, index 3, devices 0x2, volume 0.010300, delayMs 0, muted false
03-02 00:57:39.042  2013  4823 D InputTransport: Input channel constructed: '88ba56b', fd=964
03-02 00:57:39.042  2013  4823 D InputTransport: Input channel constructed: '88ba56b', fd=1074
03-02 00:57:39.043  2013  4823 D InputTransport: Input channel constructed: '88ba56b', fd=1100
03-02 00:57:39.043  2013  4823 D InputTransport: Input channel destroyed: '88ba56b', fd=1074
03-02 00:57:39.044 10943 10943 I DVFSHelper: onReceive() : SEM_VOLUME_CHANGED_ACTION has received
03-02 00:57:39.044 10943 10943 I DVFSHelper: onReceive() : changed volume level is 4
03-02 00:57:39.044  1507  2128 I SurfaceFlinger: id=156656 createSurf, flag=84004, 88ba56b com.podcast.app.debug/androidx.activity.ComponentActivity#156656
03-02 00:57:39.044  1507  1825 I SurfaceFlinger: Capture layer list: 	 com.podcast.app.debug/androidx.activity.ComponentActivity$_17121#156646(seamlessTransition:0)
03-02 00:57:39.045 10943 19035 I DVFSHelper: run() : beginning of thread for SEM_VOLUME_CHANGED_ACTION
03-02 00:57:39.045 10943 19035 I DVFSHelper: setCurrentMediaVolume() : current media volume is active, so need to boost cpu
03-02 00:57:39.045  1484 15560 V APM_AudioPolicyManager: checkAndSetVolume: output 21, stream 3, index 3, devices 0x2, volume 0.010300, delayMs 0, muted false
03-02 00:57:39.045 10943 19035 I DVFSHelper: run() : end of thread for SEM_VOLUME_CHANGED_ACTION
03-02 00:57:39.048  1484 15560 V APM_AudioPolicyManager: checkAndSetVolume: output 29, stream 3, index 3, devices 0x2, volume 0.010300, delayMs 0, muted false
03-02 00:57:39.048 14885 17072 D SensorManager: unregisterListener
03-02 00:57:39.050  1507  2128 I SurfaceFlinger: id=156657 createSurf, flag=24000, Surface(name=c536234 NavigationBar0)/@0xfac847b - animation-leash of insets_animation#156657
03-02 00:57:39.051  1507  2128 I SurfaceFlinger: id=156658 createSurf, flag=24000, Surface(name=a5d3a68 StatusBar)/@0xd5726d6 - animation-leash of insets_animation#156658
03-02 00:57:39.051  2746  2746 D SecVolume.SmartViewInteractor: isSmartView=false
03-02 00:57:39.051  2013  4823 I SystemKeyManager: requested systemKeyInfo size=1 focusedWindow=com.podcast.app.debug/androidx.activity.ComponentActivity
03-02 00:57:39.051  2013  4823 I SystemKeyManager: requested systemKeyInfo size=2 focusedWindow=com.podcast.app.debug/androidx.activity.ComponentActivity
03-02 00:57:39.051  2746  2746 D SecVolume.VolumePanelStore:   > New State : [STATE_UPDATE]
03-02 00:57:39.052  2013  4823 D InputTransport: Input channel destroyed: '88ba56b', fd=1100
03-02 00:57:39.052 17121 17121 D InputTransport: Input channel constructed: '88ba56b', fd=158
03-02 00:57:39.053 17121 17121 I InsetsController: onStateChanged: host=com.podcast.app.debug/androidx.activity.ComponentActivity, from=android.view.ViewRootImpl.onInsetsStateChanged:3026, state=InsetsState: {mDisplayFrame=Rect(0, 0 - 1080, 2340), mDisplayCutout=DisplayCutout{insets=Rect(0, 80 - 0, 0) waterfall=Insets{left=0, top=0, right=0, bottom=0} boundingRect={Bounds=[Rect(0, 0 - 0, 0), Rect(472, 0 - 608, 80), Rect(0, 0 - 0, 0), Rect(0, 0 - 0, 0)]} cutoutPathParserInfo={CutoutPathParserInfo{displayWidth=1080 displayHeight=2340 physicalDisplayWidth=1080 physicalDisplayHeight=2340 density={2.8125} cutoutSpec={M 0,0 H -24.177777778 V 28.4444444444 H 24.177777778 V 0 H 0 Z @dp} rotation={0} scale={1.0} physicalPixelDisplaySizeRatio={1.0}}} sideOverrides={}}, mRoundedCorners=RoundedCorners{[RoundedCorner{position=TopLeft, radius=113, center=Point(113, 113)}, RoundedCorner{position=TopRight, radius=113, center=Point(967, 113)}, RoundedCorner{position=BottomRight, radius=113, center=Point(967, 2227)}, RoundedCorner{position=BottomLeft, radius=113, center=Point(113, 2227)}]}  mRoundedCornerFrame=Rect(0, 0 - 1080, 2340), mPrivacyIndicatorBounds=PrivacyIndicatorBounds {static bounds=Rect(956, 0 - 1080, 80) rotation=0}, mDisplayShape=DisplayShape{ spec=-311912193 displayWidth=1080 displayHeight=2340 physicalPixelDisplaySizeRatio=1.0 rotation=0 offsetX=0 offsetY=0 scale=1.0}, mSources= { InsetsSource: {e9af0000 mType=statusBars mFrame=[0,0][1080,80] mVisible=true mFlags= mSideHint=TOP mBoundingRects=null}, InsetsSource: {e9af0005 mType=mandatorySystemGestures mFrame=[0,0][1080,114] mVisible=true mFlags= mSideHint=TOP mBoundingRects=null}, InsetsSource: {e9af0006 mType=tappableElement mFrame=[0,0][1080,80] mVisible=true mFlags= mSideHint=TOP mBoundingRects=null}, InsetsSource: {3 mType=ime mFrame=[0,0][0,0] mVisible=false mFlags= mSideHint=NONE mBoundingRects=null}, InsetsSource: {27 mType=displayCutout mFrame=[0,0][1080,80] mVisible=true mFlags= mSideHint=TOP mBoundingRects=null}, InsetsSource: {26ed0001 mType=navigationBars mFrame=[0,2298][1080,2340] mVisible=true mFlags=SUPPRESS_SCRIM mSideHint=BOTTOM mBoundingRects=null}, InsetsSource: {26ed0004 mType=systemGestures mFrame=[0,0][84,2340] mVisible=true mFlags= mSideHint=LEFT mBoundingRects=null}, InsetsSource: {26ed0005 mType=mandatorySystemGestures mFrame=[0,2250][1080,2340] mVisible=true mFlags= mSideHint=BOTTOM mBoundingRects=null}, InsetsSource: {26ed0006 mType=tappableElement mFrame=[0,0][0,0] mVisible=true mFlags= mSideHint=NONE mBoundingRects=null}, InsetsSource: {26ed0024 mType=systemGestures mFrame=[996,0][1080,2340] mVisible=true mFlags= mSideHint=RIGHT mBoundingRects=null} }
03-02 00:57:39.053  2746  2746 D SecVolume.JSonLogger: applyVolumeRow 3: {"boolMap":{"ICON_ENABLED":false,"DYNAMIC":false,"VISIBILITY":true,"ICON_CLICKABLE":true,"MUTED":false,"SLIDER_ENABLED":true,"TRACKING":false,"ROUTED_TO_BLUETOOTH":false,"IMPORTANT":true,"ACTIVE_NOW":false},"intMap":{"ORIGINAL_PRIORITY":5,"PRIORITY":0,"LEVEL_MAX":15,"ICON_TYPE":3,"EAR_PROTECT_LEVEL":-1,"LEVEL":320,"REAL_LEVEL":320,"AUDIBLE_LEVEL":320,"LEVEL_MIN":0},"longMap":{"USER_ATTEMPT_TIME":490387300},"streamType":3,"stringMap":{"NAME_RES":"com.android.systemui:string/volumepanel_media","REMOTE_LABEL":"","DUAL_BT_DEVICE_ADDRESS":"","DUAL_BT_DEVICE_NAME":"","SMART_VIEW_LABEL":""}}
03-02 00:57:39.053 17121 17121 I VRI[ComponentActivity]@afbe2f6: synced displayState. AttachInfo displayState=2
03-02 00:57:39.053 17121 17121 I VRI[ComponentActivity]@afbe2f6: setView = com.android.internal.policy.DecorView@2f60391 IsHRR=false mFlingFrameRateChange=0 TM=true
03-02 00:57:39.054  2013  2013 D AudioManager: adjustSuggestedStreamVolumeForUid : suggestedStreamType=-2147483648, direction=0 callers=MediaSessionService$SessionManagerImpl$3.run:56<-Handler.handleCallback:995<-Handler.dispatchMessage:103<-Looper.loopOnce:273<-Looper.loop:363
03-02 00:57:39.055  2013  2013 D AS.AudioService: adjustSuggestedStreamVolume() stream=-2147483648, flags=4116, caller=android, volControlStream=3, userSelect=false
03-02 00:57:39.055  2013  2600 I AS.AudioService: fine volume : l_volume_fine_key;index=32;device=1
03-02 00:57:39.056  2746  2746 D SecVolume.VolumePanelStore: dispatch [ACTION_PANEL_SHOW with [STATE_UPDATE], currentAction={isFromOutside : true}, currentState={activeStream=3(vol=320), stream=3(vol=320) } isPendingState : true, isHasVibrator : true, isVoiceCapable : true, isSetupWizardComplete : true, isCaptionComponentEnabled : true, isMediaDefaultEnabled : true, ringerModeInternal : 2, timeOutControlsText : 0, cutoutHeight : 0, iconTargetState : 1, pinDevice : 0, activeStream : 3, iconCurrentState : 1, timeOutControls : 0, timeOut : 3000, stream : 3, earProtectLevel : 909, systemTimeNow : 491138033}
03-02 00:57:39.056  1446  1498 I SensorsHub: DeviceOrientation(0): event = 0, time = 767675446428136
03-02 00:57:39.058  1507  1507 I SurfaceFlinger: RequestedLayer [88ba56b com.podcast.app.debug/androidx.activity.ComponentActivity#156656] hidden!! flag  from(1) --> to(0)
03-02 00:57:39.058  1507  1507 I SurfaceFlinger: [LayerHierarchy{RequestedLayerState{ImeContainer#15 parentId=156641 relativeParentId=156656 z=1} 1 children}] RelativeParent to LayerHierarchy{RequestedLayerState{88ba56b com.podcast.app.debug/androidx.activity.ComponentActivity#156656 parentId=156641 z=1} 1 children}
03-02 00:57:39.058  1507  1507 I SurfaceFlinger: [LayerHierarchy{RequestedLayerState{c536234 NavigationBar0#102 parentId=156657} 1 children}] reparent to LayerHierarchy{RequestedLayerState{Surface(name=c536234 NavigationBar0)/@0xfac847b - animation-leash of insets_animation#156657 parentId=101} 1 children}
03-02 00:57:39.058  1507  1507 I SurfaceFlinger: [LayerHierarchy{RequestedLayerState{a5d3a68 StatusBar#109 parentId=156658} 1 children}] reparent to LayerHierarchy{RequestedLayerState{Surface(name=a5d3a68 StatusBar)/@0xd5726d6 - animation-leash of insets_animation#156658 parentId=108} 1 children}
03-02 00:57:39.058  1507  1507 I SurfaceFlinger: [LayerHierarchy{RequestedLayerState{Surface(name=c536234 NavigationBar0)/@0xfac847b - animation-leash of insets_animation#156649} no children}] reparent to OffscreenRoot
03-02 00:57:39.058  1507  1507 I SurfaceFlinger: [LayerHierarchy{RequestedLayerState{Surface(name=c536234 NavigationBar0)/@0xfac847b - animation-leash of insets_animation#156649} no children}] RelativeParent to null
03-02 00:57:39.058  1507  1507 I SurfaceFlinger: [LayerHierarchy{RequestedLayerState{Surface(name=a5d3a68 StatusBar)/@0xd5726d6 - animation-leash of insets_animation#156650} no children}] reparent to OffscreenRoot
03-02 00:57:39.058  1507  1507 I SurfaceFlinger: [LayerHierarchy{RequestedLayerState{Surface(name=a5d3a68 StatusBar)/@0xd5726d6 - animation-leash of insets_animation#156650} no children}] RelativeParent to null
03-02 00:57:39.058  1507  1507 I SurfaceFlinger: [88ba56b com.podcast.app.debug/androidx.activity.ComponentActivity#156656] attach to parent LayerHierarchy{RequestedLayerState{ActivityRecord{161386323 u0 com.podcast.app.debug/androidx.activity.ComponentActivity t44896}#156641 parentId=156640} 4 children}
03-02 00:57:39.058  1507  1507 I SurfaceFlinger: [Surface(name=c536234 NavigationBar0)/@0xfac847b - animation-leash of insets_animation#156657] attach to parent LayerHierarchy{RequestedLayerState{WindowToken{5cf38d1 type=2019 android.os.BinderProxy@916675b}#101 parentId=34} 1 children}
03-02 00:57:39.058  1507  1507 I SurfaceFlinger: [Surface(name=a5d3a68 StatusBar)/@0xd5726d6 - animation-leash of insets_animation#156658] attach to parent LayerHierarchy{RequestedLayerState{WindowToken{d05298b type=2000 android.os.BinderProxy@163b705}#108 parentId=17} 1 children}
03-02 00:57:39.059  1445  2902 W C2MtkBufferManager: [0xB4000070F507E520] fetchNewCcBlock: wait fence 0x0xb4000070f5058270 timed out. ret 110
03-02 00:57:39.059  1484  1567 V APM_AudioPolicyManager: getAudioPolicyConfig: audioParam;l_stream_active
03-02 00:57:39.060 14885 16783 D Native  : [TTNativeML] NativeMLTaskRunner 2.3-2.4 code：BuildInputs: CostTime 0.12 ms
03-02 00:57:39.060 14885 16783 D Native  : [TTNativeML] NativeMLTaskRunner 3-4 code：AdapterSetInputs: cost time 0.07 ms
03-02 00:57:39.060 14885 16783 D Native  : [TTNativeML] NativeMLTaskRunner 4-5 code：AdapterInference: cost time 0.37 ms
03-02 00:57:39.064  2013  2253 I MediaFocusControl: abandonAudioFocus() from uid/pid 10350/14885 clientId=android.media.AudioManager@b7fcc9dX.143s@4302512 callingPack=com.zhiliaoapp.musically
03-02 00:57:39.064  2013  2253 D AS.AudioService: [Android Auto] isConnectedAndroidAuto = false
03-02 00:57:39.065  2013  2253 D MediaFocusControl: selectFocusStack, uid = 10350, appDevice = 0, device = 2
03-02 00:57:39.065  2013  2253 I MediaFocusControl: removeFocusStackEntry client:android.media.AudioManager@b7fcc9dX.143s@4302512
03-02 00:57:39.067  2013  2013 D AS.AudioService: adjustStreamVolume() stream=3, dir=0, flags=4116, caller=android
03-02 00:57:39.075  2746  2746 D SecVolume.AudioManagerController: device=2, pinDevice=0, isSmartView=false, isAudioMirroring=false, isLeBroadcasting=false, isImportant=false
03-02 00:57:39.075  2013  4823 D AS.AudioService: getPinAppInfo, device=0, pinappinfo=
03-02 00:57:39.075  1446  1498 I SensorsHub: DeviceOrientation(0): event = 255, time = 767675466418618
03-02 00:57:39.080  2746  2746 D SecVolume.VolumePanelStore:   > New State : [STATE_SHOW]
03-02 00:57:39.081  2746  3672 D vol.VolumeDialogControl: onVolumeChangedW stream = 3, flags = 4112, lastAudibleStreamVolume = 320, changed = false, showUI = false, dualAudio = false, musicStreamState=[routedToHeadset=false, routedToBuds=false, routedToBuds3=false, routedToHomeMini=false, routedToMusicFrame=false, routedToHearingAid=false, remoteFixedVolume=false, remoteSpeaker=false]
03-02 00:57:39.082  2013  2253 D AS.AudioService: Volume controller visible: true
03-02 00:57:39.082 14885 14885 I System.out: SceneSafeLifecycleDispatcher: onStopped Start
03-02 00:57:39.082 14885 14885 I System.out: SAFActivity V Scene Framework: NavigationMessageQueue postSync start
03-02 00:57:39.082 14885 14885 I System.out: SAFActivity V Scene Framework: NavigationMessageQueue postSync run current task start 14_Y.ARunnableS108S0200000_32@d9d5edc
03-02 00:57:39.082 14885 14885 I System.out: SAFActivity V Scene Framework: NavigationSceneManager Sync Scene SAFFragmentRootScene{79e191c} Lifecycle [STARTED -> ACTIVITY_CREATED] without saved State
03-02 00:57:39.082 14885 14885 I System.out: SAFFragmentRootScene: onStop Start (SAFFragmentRootScene{79e191c})
03-02 00:57:39.082  2746  2746 D SemDlnaDevice: SemDlnaDevice name: null, ip: null, mac: , macFromArp: , netType: , uid: null, dlnaType : 0, isSwitchingDevice : false, uri : null, dlnaType : 0, dlnaSupportTypes : 0, connectionState : 0
03-02 00:57:39.082  2746  2746 D SecVolume.VolumeInfraMediatorImpl: supportTvVolumeControl=false, screenSharing=false, supportTvVolumeControl=false, dlnaEnabled=false, validPlayerType=false
03-02 00:57:39.082  2746  2746 D VolumePanelView: addRows: rows=[STREAM_MUSIC(vol=320)]
03-02 00:57:39.087 14885 14885 I System.out: SAFActivity V Scene Framework: NavigationMessageQueue postSync run current task finish 14_Y.ARunnableS108S0200000_32@d9d5edc
03-02 00:57:39.087 14885 14885 I System.out: SAFActivity V Scene Framework: NavigationMessageQueue postSync finish
03-02 00:57:39.087 14885 14885 I System.out: SceneSafeLifecycleDispatcher: onStopped End STOP
03-02 00:57:39.088 14885 14885 I System.out: SAFActivity: com.ss.android.ugc.aweme.main.MainActivity@c20428f,  onStop End
03-02 00:57:39.088 14885 14885 D SV[6876039 SplashActivity]: updateSurface: surface is not valid
03-02 00:57:39.088 14885 14885 I SV[6876039 SplashActivity]: releaseSurfaces: viewRoot = VRI[SplashActivity]@35f4eb8
03-02 00:57:39.088 14885 14885 D VRI[SplashActivity]@35f4eb8: applyTransactionOnDraw applyImmediately
03-02 00:57:39.088 14885 14885 D SV[7374587 SplashActivity]: updateSurface: surface is not valid
03-02 00:57:39.088 14885 14885 I SV[7374587 SplashActivity]: releaseSurfaces: viewRoot = VRI[SplashActivity]@35f4eb8
03-02 00:57:39.088 14885 14885 D VRI[SplashActivity]@35f4eb8: applyTransactionOnDraw applyImmediately
03-02 00:57:39.089 14885 14885 D SV[137774491 SplashActivity]: updateSurface: surface is not valid
03-02 00:57:39.089 14885 14885 I SV[137774491 SplashActivity]: releaseSurfaces: viewRoot = VRI[SplashActivity]@35f4eb8
03-02 00:57:39.089 14885 14885 D VRI[SplashActivity]@35f4eb8: applyTransactionOnDraw applyImmediately
03-02 00:57:39.092 14885 14885 I System.out: SAFActivity V Scene Framework: NavigationSceneManager forceExecutePendingNavigationOperation start
03-02 00:57:39.092 14885 14885 I System.out: SAFActivity V Scene Framework: NavigationMessageQueue postSync start
03-02 00:57:39.092 14885 14885 I System.out: SAFActivity V Scene Framework: NavigationMessageQueue postSync run current task start 0_Y.ARunnableS90S0000000_15@a5dc96b
03-02 00:57:39.092 14885 14885 I System.out: SAFActivity V Scene Framework: NavigationMessageQueue postSync run current task finish 0_Y.ARunnableS90S0000000_15@a5dc96b
03-02 00:57:39.092 14885 14885 I System.out: SAFActivity V Scene Framework: NavigationMessageQueue postSync finish
03-02 00:57:39.092 14885 14885 I System.out: SAFActivity V Scene Framework: NavigationSceneManager forceExecutePendingNavigationOperation finish
03-02 00:57:39.092 14885 14885 I System.out: SAFActivity: com.ss.android.ugc.aweme.main.MainActivity@c20428f,  onSaveInstanceState Start
03-02 00:57:39.093 14885 14885 I System.out: SceneSafeLifecycleDispatcher: onSaveInstanceState Start
03-02 00:57:39.094 14885 14885 I System.out: SAFFragmentRootScene: onSaveInstanceState Start (SAFFragmentRootScene{79e191c})
03-02 00:57:39.094 14885 14885 I System.out: SceneSafeLifecycleDispatcher: onSaveInstanceState End STOP
03-02 00:57:39.094 14885 14885 I System.out: SAFActivity: com.ss.android.ugc.aweme.main.MainActivity@c20428f,  onSaveInstanceState End
03-02 00:57:39.094 14885 14885 W System.err: onActivityPostSaveInstanceState store finished---->com.ss.android.ugc.aweme.main.MainActivity@c20428f
03-02 00:57:39.097  2013  2834 I WindowManager: Relayout Window{88ba56b u0 com.podcast.app.debug/androidx.activity.ComponentActivity}: viewVisibility=0 req=900x796 ty=2 d0
03-02 00:57:39.098  1507  1562 I SurfaceFlinger: id=156659 createSurf, flag=44004, com.podcast.app.debug/androidx.activity.ComponentActivity$_17121#156659
03-02 00:57:39.101 14885 14885 D SV[6876039 SplashActivity]: updateSurface: surface is not valid
03-02 00:57:39.101 14885 14885 I SV[6876039 SplashActivity]: releaseSurfaces: viewRoot = VRI[SplashActivity]@35f4eb8
03-02 00:57:39.101 14885 14885 D VRI[SplashActivity]@35f4eb8: applyTransactionOnDraw applyImmediately
03-02 00:57:39.102 14885 14885 D SV[7374587 SplashActivity]: updateSurface: surface is not valid
03-02 00:57:39.102 14885 14885 I SV[7374587 SplashActivity]: releaseSurfaces: viewRoot = VRI[SplashActivity]@35f4eb8
03-02 00:57:39.102 14885 14885 D VRI[SplashActivity]@35f4eb8: applyTransactionOnDraw applyImmediately
03-02 00:57:39.102  1507  1507 I SurfaceFlinger: [com.podcast.app.debug/androidx.activity.ComponentActivity$_17121#156659] attach to parent LayerHierarchy{RequestedLayerState{88ba56b com.podcast.app.debug/androidx.activity.ComponentActivity#156656 parentId=156641 z=1} 2 children}
03-02 00:57:39.102 14885 14885 D SV[137774491 SplashActivity]: updateSurface: surface is not valid
03-02 00:57:39.102 14885 14885 I SV[137774491 SplashActivity]: releaseSurfaces: viewRoot = VRI[SplashActivity]@35f4eb8
03-02 00:57:39.102 14885 14885 D VRI[SplashActivity]@35f4eb8: applyTransactionOnDraw applyImmediately
03-02 00:57:39.102  2013  2834 I WindowManager: Relayout hash=88ba56b, pid=17121, syncId=-1: mAttrs={(0,0)(wrapxwrap) gr=CENTER sim={adjust=pan} ty=APPLICATION fmt=TRANSPARENT wanim=0x1030318 surfaceInsets=Rect(90, 90 - 90, 90)
03-02 00:57:39.102  2013  2834 I WindowManager:   fl=1800002
03-02 00:57:39.102  2013  2834 I WindowManager:   pfl=40000800
03-02 00:57:39.102  2013  2834 I WindowManager:   bhv=1
03-02 00:57:39.102  2013  2834 I WindowManager:   fitTypes=207
03-02 00:57:39.102  2013  2834 I WindowManager:   frameRateBoostOnTouch=true
03-02 00:57:39.102  2013  2834 I WindowManager:   dvrrWindowFrameRateHint=true
03-02 00:57:39.102  2013  2834 I WindowManager:  dimAmount=0.6 naviIconColor=0}
03-02 00:57:39.103 17121 17121 I InsetsSourceConsumer: applyRequestedVisibilityToControl: visible=true, type=navigationBars, host=com.podcast.app.debug/androidx.activity.ComponentActivity
03-02 00:57:39.104 17121 17121 I InsetsSourceConsumer: applyRequestedVisibilityToControl: visible=true, type=statusBars, host=com.podcast.app.debug/androidx.activity.ComponentActivity
03-02 00:57:39.105 17121 17121 D BufferQueueConsumer: [](id:42e100000020,api:0,p:-1,c:17121) connect: controlledByApp=false
03-02 00:57:39.106 17121 17121 I BLASTBufferQueue: [VRI[ComponentActivity]@afbe2f6#32](f:0,a:0,s:0) constructor()
03-02 00:57:39.106 17121 17121 I BLASTBufferQueue_Java: new BLASTBufferQueue, mName= VRI[ComponentActivity]@afbe2f6 mNativeObject= 0xb400007867aa1400 caller= android.view.ViewRootImpl.updateBlastSurfaceIfNeeded:3585 android.view.ViewRootImpl.relayoutWindow:11685 android.view.ViewRootImpl.performTraversals:4804 android.view.ViewRootImpl.doTraversal:3924 android.view.ViewRootImpl$TraversalRunnable.run:12903 android.view.Choreographer$CallbackRecord.run:1901 android.view.Choreographer$CallbackRecord.run:1910 android.view.Choreographer.doCallbacks:1367 android.view.Choreographer.doFrame:1292 android.view.Choreographer$FrameDisplayEventReceiver.run:1870
