03-02 00:57:16.389  1464  1529 I libPowerHal: [perfLockRel] Done for hdl : 76457
03-02 00:57:16.389  1450 18362 I mtkpower_client: ret_hdl:76461
03-02 00:57:16.389  1450 18362 I mtkpower_client: perf_lock_rel, hdl:76459, pid: 1450, tid:18362
03-02 00:57:16.389  1464  1529 I libPowerHal: [perfLockAcq] idx:2 hdl:76461 hint:-1 pid:1450 tid:18362 duration:0 lock_user:vendor.samsung. => ret_hdl:76461
03-02 00:57:16.389  1464  1529 I libPowerHal: [set_cpuidle] enable:0, fd:17, scn:0xb40000737b607270
03-02 00:57:16.390  1464  1529 I libPowerHal: [get_cpu_dma_latency_value] 0
03-02 00:57:16.390  1464  1529 I libPowerHal: [PE] vendor.samsung. update cmd:1c3c100 param:0 pr:3
03-02 00:57:16.390  1464  1529 I libPowerHal: [perfLockAcq] Done for hdl : 76461
03-02 00:57:16.390  1450 18362 I mtkpower_client: perf_lock_acq, hdl:0, dur:0, num:2, pid:1450, tid:18362
03-02 00:57:16.390  1464  1529 I libPowerHal: [perfLockRel] hdl:76459, idx:5
03-02 00:57:16.391  1464  1529 I libPowerHal: [PD] vendor.samsung. update cmd:1000000 param:-1 pr:6
03-02 00:57:16.391  1444  1444 I hwcomposer: [HWCDisplay] (0 updateFps():4131), (type:1, mode:2) fps:89.680496,dur:1003.56,max:16.98,min:5.83
03-02 00:57:16.391  1464  1529 I libPowerHal: [perfLockRel] Done for hdl : 76459
03-02 00:57:16.392  1450 18362 I mtkpower_client: ret_hdl:76462
03-02 00:57:16.392  1464  1529 I libPowerHal: [perfLockAcq] idx:5 hdl:76462 hint:-1 pid:1450 tid:18362 duration:0 lock_user:vendor.samsung. => ret_hdl:76462
03-02 00:57:16.392  1464  1529 I libPowerHal: [setDvfsrcDevFreqOpp] opp:0, freq:4266000000
03-02 00:57:16.392  1464  1529 I libPowerHal: [PE] vendor.samsung. update cmd:1000000 param:0 pr:3
03-02 00:57:16.392  1464  1529 I libPowerHal: [perfLockAcq] Done for hdl : 76462
03-02 00:57:16.392  1450 18362 I HYPER-HAL: [RequestManager.cpp]releaseLocked(): Released ID : 2063514
03-02 00:57:16.415  1445 16865 W C2MtkBufferManager: [0xB4000070F68A9420] fetchNewCcBlock: wait fence 0x0xb4000070f692fea0 timed out. ret 110
03-02 00:57:16.416  1445  2902 W C2MtkBufferManager: [0xB4000070F507E520] fetchNewCcBlock: wait fence 0x0xb4000070f5058270 timed out. ret 110
03-02 00:57:16.455  1445 16865 W C2MtkBufferManager: [0xB4000070F68A9420] fetchNewCcBlock: wait fence 0x0xb4000070f692fea0 timed out. ret 110
03-02 00:57:16.483  1507  1825 I SurfaceFlinger: Capture layer list: 	 com.zhiliaoapp.musically/com.ss.android.ugc.aweme.splash.SplashActivity$_14885#155887(seamlessTransition:0)
03-02 00:57:16.483  1507  1825 I SurfaceFlinger: Capture layer list: 	 DimTransitionLayer for Surface(name=Task=44866)/@0x397d43b#155914(seamlessTransition:0)
03-02 00:57:16.483  1507  1825 I SurfaceFlinger: Capture layer list: 	 com.podcast.app.debug/androidx.activity.ComponentActivity$_17121#155909(seamlessTransition:0)
03-02 00:57:16.489  1445  2902 W C2MtkBufferManager: [0xB4000070F507E520] fetchNewCcBlock: wait fence 0x0xb4000070f5058270 timed out. ret 110
03-02 00:57:16.495  1445 16865 W C2MtkBufferManager: [0xB4000070F68A9420] fetchNewCcBlock: wait fence 0x0xb4000070f692fea0 timed out. ret 110
03-02 00:57:16.530  2991  3004 I LocationAccessPolicy: checkLocationPermission - callingUid: 10492, callingPid: 14636, result: DENIED_SOFT
03-02 00:57:16.530  2991  3004 I LocationAccessPolicy: checkLocationPermission - callingUid: 10492, callingPid: 14636, result: DENIED_SOFT
03-02 00:57:16.535  1445 16865 W C2MtkBufferManager: [0xB4000070F68A9420] fetchNewCcBlock: wait fence 0x0xb4000070f692fea0 timed out. ret 110
03-02 00:57:16.539  2013  3648 D LocationManagerService: passive provider getLastLocation from : 10492/com.emeint.android.myservices
03-02 00:57:16.539  2013  3648 D LocationManagerService: network provider getLastLocation from : 10492/com.emeint.android.myservices
03-02 00:57:16.540  2013  3648 D LocationManagerService: fused provider getLastLocation from : 10492/com.emeint.android.myservices
03-02 00:57:16.540  2013  3648 D LocationManagerService: gps provider getLastLocation from : 10492/com.emeint.android.myservices
03-02 00:57:16.541  2991  3004 I LocationAccessPolicy: checkLocationPermission - callingUid: 10492, callingPid: 14636, result: DENIED_SOFT
03-02 00:57:16.552  2991  3757 I LocationAccessPolicy: checkLocationPermission - callingUid: 10492, callingPid: 14636, result: DENIED_SOFT
03-02 00:57:16.555  2991  3004 I LocationAccessPolicy: checkLocationPermission - callingUid: 10492, callingPid: 14636, result: DENIED_SOFT
03-02 00:57:16.555  2991  3004 I LocationAccessPolicy: checkLocationPermission - callingUid: 10492, callingPid: 14636, result: DENIED_SOFT
03-02 00:57:16.556  1444  1444 D libcomposer_ext: DeviceImplAidl::DeviceClientContextAidl::NotifyHwcComposition()
03-02 00:57:16.556  1444  1444 D libcomposer_ext: DeviceImplAidl::DeviceClientContextAidl::NotifyHwcComposition()
03-02 00:57:16.556  1698  1698 D libcomposer_ext: ClientCallbackAidl::asyncPerform(12)
03-02 00:57:16.556  1698  1698 D libcomposer_ext: ClientImplAidl::ParseNotifyHwcComposition()
03-02 00:57:16.556  1507  1563 D libcomposer_ext: ClientCallbackAidl::asyncPerform(12)
03-02 00:57:16.556  1507  1563 D libcomposer_ext: ClientImplAidl::ParseNotifyHwcComposition()
03-02 00:57:16.556  1507  1563 D SurfaceFlinger: NotifyHwcComposition(), id 0, mode 0
03-02 00:57:16.556  2746  2798 I SurfaceControlRegistry: apply, t=FinishTransaction_SyncId<11256>, caller=android.view.SurfaceControl$Transaction.apply:3459 android.view.SurfaceControl$Transaction.apply:3447 android.view.SurfaceControl$Transaction.apply:3397 com.android.wm.shell.transition.Transitions.onFinish:315 com.android.wm.shell.transition.Transitions$$ExternalSyntheticLambda7.onTransitionFinished:12 com.android.wm.shell.transition.DefaultTransitionHandler$$ExternalSyntheticLambda6.run:36
03-02 00:57:16.556  1464  1492 I mtkpower@impl: [setMode] type:6, enabled:0
03-02 00:57:16.556  1464  1492 E mtkpower@impl: [setMode] unknown type
03-02 00:57:16.558  1507  1507 D SurfaceFlinger: Display 4627039422300187648 HWC layers:
03-02 00:57:16.558  1507  1507 D SurfaceFlinger:   SOLID_COLOR |                        0 | 00000002 | N/A          |    0.0    0.0    0.0    0.0 |    0    0   -1   -1 | Background for 68eb87 SurfaceView[co[...]weme.splash.SplashActivity]@0#155893 (0)
03-02 00:57:16.558  1507  1507 D SurfaceFlinger:   SOLID_COLOR |                        0 | 00000002 | N/A          |    0.0    0.0    0.0    0.0 |    0    0   -1   -1 | Background for 7086fb SurfaceView[co[...]weme.splash.SplashActivity]@0#155896 (0)
03-02 00:57:16.558  1507  1507 D SurfaceFlinger:   SOLID_COLOR |                        0 | 00000002 | N/A          |    0.0    0.0    0.0    0.0 |    0    0   -1   -1 | Background for 836459b SurfaceView[c[...]weme.splash.SplashActivity]@0#155899 (0)
03-02 00:57:16.558  1507  1507 D SurfaceFlinger:        DEVICE |           63930588201974 | 00000102 | 0x32315659   |    0.0    0.0    0.0    0.0 |    0    0   -1   -1 | 7086fb SurfaceView[com.zhiliaoapp.mu[...]lash.SplashActivity]@0(BLAST)#155895 (7)
03-02 00:57:16.558  1507  1507 D SurfaceFlinger:        DEVICE |           63930588201952 | 00002100 | RGBA_8888    |    0.0    0.0    0.0    0.0 |    0    0   -1   -1 | com.zhiliaoapp.musically/com.ss.andr[...].splash.S
03-02 00:57:16.558  1507  1507 D SurfaceFlinger: plashActivity$_14885#155887 (5)
03-02 00:57:16.558  1507  1507 D SurfaceFlinger:   SOLID_COLOR |                        0 | 00000000 | N/A          |    0.0    0.0    0.0    0.0 |    0    0   -1   -1 | DimTransitionLayer for Surface(name=Task=44866)/@0x397d43b#155914 (0)
03-02 00:57:16.558  1507  1507 D SurfaceFlinger:        DEVICE |           73534135074873 | 00002102 | RGBA_8888    |    0.0    0.0 1080.0 2340.0 |    0    0 1080 2340 | com.podcast.app.debug/androidx.activity.ComponentActivity$_17121#155909 (1)
03-02 00:57:16.558  1507  1507 D SurfaceFlinger:        DEVICE |           11793980281878 | 00002100 | RGBA_8888    |    0.0    0.0 1080.0   80.0 |    0    0 1080   80 | StatusBar$_2746#117 (210990)
03-02 00:57:16.558  1507  1507 D SurfaceFlinger:        DEVICE |           13752485304097 | 00002100 | RGBA_8888    |    0.0    0.0   67.0  346.0 | 1013  454 1080  800 | com.sec.android.app.launcher/com.sam[...].app.CocktailBarService$_3202#152779 (1)
03-02 00:57:16.558  1507  1507 D SurfaceFlinger:        DEVICE |           11793980281867 | 00002100 | RGBA_8888    |    0.0    0.0 1080.0  135.0 |    0 2205 1080 2340 | NavigationBar0$_2746#113 (187662)
03-02 00:57:16.558  1507  1507 D SurfaceFlinger:
03-02 00:57:16.562  1445  2902 W C2MtkBufferManager: [0xB4000070F507E520] fetchNewCcBlock: wait fence 0x0xb4000070f5058270 timed out. ret 110
03-02 00:57:16.565 14885 14885 I VRI[SplashActivity]@35f4eb8: handleAppVisibility mAppVisible = true visible = false
03-02 00:57:16.565 14885 14885 D VRI[SplashActivity]@35f4eb8: visibilityChanged oldVisibility=true newVisibility=false
03-02 00:57:16.565  2746  2746 D SystemUIService: SYSUI_RAM_OPTIMIZATION onTrimMemory=20
03-02 00:57:16.565  2746  2746 D CentralSurfaces: SYSUI_RAM_OPTIMIZATION onTrimMemory=20
03-02 00:57:16.566  1507  1507 I SurfaceFlinger: RequestedLayer [Task=44543#147901] hidden!! flag  from(0) --> to(1)
03-02 00:57:16.566  1507  1507 I SurfaceFlinger: [LayerHierarchy{RequestedLayerState{Task=44543#147901 parentId=10 z=41} 1 children}] reparent to LayerHierarchy{RequestedLayerState{DefaultTaskDisplayArea_d0#10 parentId=9} 45 children}
03-02 00:57:16.566  1507  1507 I SurfaceFlinger: [LayerHierarchy{RequestedLayerState{Transition Root: Task=44866#155912 z=42} 2 children}] reparent to OffscreenRoot
03-02 00:57:16.566  1507  1507 I SurfaceFlinger: [LayerHierarchy{RequestedLayerState{Transition Root: Task=44866#155912 z=42} 2 children}] RelativeParent to null
03-02 00:57:16.566  1507  1507 I SurfaceFlinger: [LayerHierarchy{RequestedLayerState{DimTransitionLayer for Surface(name=Task=44866)/@0x397d43b#155914 z=-1} no children}] reparent to OffscreenRoot
03-02 00:57:16.566  1507  1507 I SurfaceFlinger: [LayerHierarchy{RequestedLayerState{DimTransitionLayer for Surface(name=Task=44866)/@0x397d43b#155914 z=-1} no children}] RelativeParent to null
03-02 00:57:16.566  1507  1507 I SurfaceFlinger: [LayerHierarchy{RequestedLayerState{Task=44866#155904 parentId=10 z=42} 1 children}] reparent to LayerHierarchy{RequestedLayerState{DefaultTaskDisplayArea_d0#10 parentId=9} 45 children}
03-02 00:57:16.567  1507  1507 I SurfaceFlinger: onHandleDestroyed: layerId=155914, name=DimTransitionLayer for Surface(name=Task=44866)/@0x397d43b#155914
03-02 00:57:16.567  1507  1507 I SurfaceFlinger: id=155914 Removed DimTransitionLayer for Surface(name=Task=44866)/@0x397d43b#155914 (346)
03-02 00:57:16.567  1507  1507 I SurfaceFlinger: onHandleDestroyed: layerId=155912, name=Transition Root: Task=44866#155912
03-02 00:57:16.567  1507  1507 I SurfaceFlinger: id=155912 Removed Transition Root: Task=44866#155912 (346)
03-02 00:57:16.567  1507  1507 I SurfaceFlinger: onHandleDestroyed: layerId=155873, name=5b97c92 Splash Screen com.podcast.app.debug.test#155873
03-02 00:57:16.567  1507  1507 I SurfaceFlinger: id=155873 Removed 5b97c92 Splash Screen com.podcast.app.debug.test#155873 (346)
03-02 00:57:16.567  2746  2870 D HWUI    : CacheManager::trimMemory(20)
03-02 00:57:16.570  2991  3004 I LocationAccessPolicy: checkLocationPermission - callingUid: 10492, callingPid: 14636, result: DENIED_SOFT
03-02 00:57:16.574  2991  3757 I LocationAccessPolicy: checkLocationPermission - callingUid: 10492, callingPid: 14636, result: DENIED_SOFT
03-02 00:57:16.574  2991  3757 I LocationAccessPolicy: checkLocationPermission - callingUid: 10492, callingPid: 14636, result: DENIED_SOFT
03-02 00:57:16.576 14885 14885 I SV[6876039 SplashActivity]: onWindowVisibilityChanged(8) false X.0fk7{68eb87 V.E...... ........ 0,80-1080,2000} of VRI[SplashActivity]@35f4eb8
03-02 00:57:16.576 14885 14885 I SurfaceView: 6876039 Changes: creating=false format=false size=false visible=true alpha=false hint=false left=false top=false z=false attached=true lifecycleStrategy=false
03-02 00:57:16.576 14885 14885 I SurfaceView: 6876039 Cur surface: Surface(name=null mNativeObject=499556365056)/@0x56b4ffd
03-02 00:57:16.576 14885 14885 I SurfaceView: 6876039 surfaceDestroyed
03-02 00:57:16.576 14885 14885 I SV[6876039 SplashActivity]: surfaceDestroyed callback.size 1 #2 X.0fk7{68eb87 V.E...... ........ 0,80-1080,2000}
03-02 00:57:16.576 14885 14885 I SV[6876039 SplashActivity]: updateSurface: mVisible = false mSurface.isValid() = true
03-02 00:57:16.576 14885 14885 I BLASTBufferQueue: [68eb87 SurfaceView[com.zhiliaoapp.musically/com.ss.android.ugc.aweme.splash.SplashActivity]@0#63](f:0,a:0,s:0) destructor()
03-02 00:57:16.576 14885 14885 D BufferQueueConsumer: [68eb87 SurfaceView[com.zhiliaoapp.musically/com.ss.android.ugc.aweme.splash.SplashActivity]@0#63(BLAST Consumer)63](id:3a2500000042,api:0,p:-1,c:14885) disconnect
03-02 00:57:16.576 14885 14885 I SV[6876039 SplashActivity]: releaseSurfaces: viewRoot = VRI[SplashActivity]@35f4eb8
03-02 00:57:16.577 14885 16784 D Native  : [TTNativeML] NativeMLTaskRunner 2.3-2.4 code：BuildInputs: CostTime 0.19 ms
03-02 00:57:16.577  1507  1507 I SurfaceFlinger: [Display 0 name="Built-in Screen"#49] setFrameRateCategory: Default
03-02 00:57:16.577  1507  1507 I SurfaceFlinger: RequestedLayer [com.zhiliaoapp.musically/com.ss.andr[...].splash.SplashActivity$_14885#155887] hidden!! flag  from(0) --> to(1)
03-02 00:57:16.577 14885 16784 D Native  : [TTNativeML] NativeMLTaskRunner 3-4 code：AdapterSetInputs: cost time 0.07 ms
03-02 00:57:16.577  1445 16865 W C2MtkBufferManager: [0xB4000070F68A9420] fetchNewCcBlock: wait fence 0x0xb4000070f692fea0 timed out. ret 110
03-02 00:57:16.577  1507  1507 I SurfaceFlinger: RequestedLayer [ActivityRecord{2751228 u0 com.zhilia[...]splash.SplashActivity t44543}#147902] hidden!! flag  from(0) --> to(1)
03-02 00:57:16.577  1507  1507 I SurfaceFlinger: destroyed 5b97c92 Splash Screen com.podcast.app.debug.test#155873
03-02 00:57:16.577  1507  1507 I SurfaceFlinger: destroyed Transition Root: Task=44866#155912
03-02 00:57:16.577  1507  1507 I SurfaceFlinger: destroyed DimTransitionLayer for Surface(name=Task=44866)/@0x397d43b#155914
03-02 00:57:16.577  1507  1507 I SurfaceFlinger: [LayerHierarchy{RequestedLayerState{ImeContainer#15 parentId=155905 relativeParentId=155908 z=1} 1 children}] RelativeParent to LayerHierarchy{RequestedLayerState{9a51a27 com.podcast.app.debug/androidx.activity.ComponentActivity#155908 parentId=155905} 2 children}
03-02 00:57:16.577  1507  1507 I SurfaceFlinger: [LayerHierarchy{RequestedLayerState{Splash Screen com.podcast.app.debug$_2746#155907} no children}] reparent to OffscreenRoot
03-02 00:57:16.577  1507  1507 I SurfaceFlinger: [LayerHierarchy{RequestedLayerState{Splash Screen com.podcast.app.debug$_2746#155907} no children}] RelativeParent to null
03-02 00:57:16.577  1507  1507 I SurfaceFlinger: [LayerHierarchy{RequestedLayerState{e2a196a Splash Screen com.podcast.app.debug#155906 z=2147483647} no children}] reparent to OffscreenRoot
03-02 00:57:16.577  1507  1507 I SurfaceFlinger: [LayerHierarchy{RequestedLayerState{e2a196a Splash Screen com.podcast.app.debug#155906 z=2147483647} no children}] RelativeParent to null
03-02 00:57:16.577 14885 16784 D Native  : [TTNativeML] NativeMLTaskRunner 4-5 code：AdapterInference: cost time 0.38 ms
03-02 00:57:16.578 14885 14885 V SurfaceView: Layout: x=4320 y=-2080 w=1080 h=1920, frame=Rect(0, 0 - 1080, 1920)
03-02 00:57:16.578 14885 14885 I SV[7374587 SplashActivity]: onWindowVisibilityChanged(8) false X.0fk7{7086fb V.E...... ........ 0,80-1080,2000} of VRI[SplashActivity]@35f4eb8
03-02 00:57:16.578  1507  1507 I Layer   : id=155873 Destroyed 5b97c92 Splash Screen com.podcast.app.debug.test#155873
03-02 00:57:16.578 14885 14885 I SurfaceView: 7374587 Changes: creating=false format=false size=false visible=true alpha=false hint=false left=false top=false z=false attached=true lifecycleStrategy=false
03-02 00:57:16.579  1507  1507 I Layer   : id=155912 Destroyed Transition Root: Task=44866#155912
03-02 00:57:16.579  1507  1507 I Layer   : id=155914 Destroyed DimTransitionLayer for Surface(name=Task=44866)/@0x397d43b#155914
03-02 00:57:16.579  1646 17197 I CameraService: onUidStateChanged: uid=10235, procState is changed. (3 -> 4)
03-02 00:57:16.579 14885 14885 I SurfaceView: 7374587 Cur surface: Surface(name=null mNativeObject=499558287872)/@0x5798c7e
03-02 00:57:16.579  1507  1507 I SurfaceFlinger: onHandleDestroyed: layerId=155906, name=e2a196a Splash Screen com.podcast.app.debug#155906
03-02 00:57:16.579 14885 14885 I SurfaceView: 7374587 surfaceDestroyed
03-02 00:57:16.579  1507  1507 I SurfaceFlinger: id=155906 Removed e2a196a Splash Screen com.podcast.app.debug#155906 (343)
03-02 00:57:16.579 14885 14885 I SV[7374587 SplashActivity]: surfaceDestroyed callback.size 2 #2 X.0fk7{7086fb V.E...... ........ 0,80-1080,2000}
03-02 00:57:16.579  1507  1507 I SurfaceFlinger: onHandleDestroyed: layerId=155907, name=Splash Screen com.podcast.app.debug$_2746#155907
03-02 00:57:16.579  1507  1507 I SurfaceFlinger: id=155907 Removed Splash Screen com.podcast.app.debug$_2746#155907 (343)
03-02 00:57:16.579  1507  1507 E RefreshRateSelector: Can't find HRR max refresh rate by policy with the same group 0
03-02 00:57:16.583 14885 16837 D SurfaceUtils: connecting to surface 0x6f9d803610, reason connectToSurface
03-02 00:57:16.583 14885 16837 I MediaCodec: [c2.mtk.hevc.decoder] setting surface generation to 15242280
03-02 00:57:16.583 14885 16837 D SurfaceUtils: disconnecting from surface 0x6f9d803610, reason connectToSurface(reconnect)
03-02 00:57:16.583  1507  1825 I SurfaceFlinger: Capture layer list: 	 com.podcast.app.debug/androidx.activity.ComponentActivity$_17121#155909(seamlessTransition:0)
03-02 00:57:16.583 14885 16837 D SurfaceUtils: connecting to surface 0x6f9d803600, reason connectToSurface(reconnect-with-listener)
03-02 00:57:16.584 14885 16837 D GraphicsTracker: new surface in configuration: maxDequeueRequested(0), maxDequeueCommitted(24)
03-02 00:57:16.584 14885 16837 D GraphicsTracker: new surface configured with id:63930588200968 gen:15242280 maxDequeue:24
03-02 00:57:16.584 14885 16837 D GraphicsTracker: maxDequeueCount is already 24
03-02 00:57:16.584 14885 16837 D Codec2Client: setOutputSurface -- generation=15242280 consumer usage=0x900
03-02 00:57:16.584 14885 16837 D SurfaceUtils: disconnecting from surface 0x6f9da2e010, reason disconnectFromSurface
03-02 00:57:16.586 14885 14885 I SV[7374587 SplashActivity]: updateSurface: mVisible = false mSurface.isValid() = true
03-02 00:57:16.586 14885 14885 I BLASTBufferQueue: [7086fb SurfaceView[com.zhiliaoapp.musically/com.ss.android.ugc.aweme.splash.SplashActivity]@0#64](f:0,a:1,s:0) destructor()
03-02 00:57:16.586 14885 14885 D BufferQueueConsumer: [7086fb SurfaceView[com.zhiliaoapp.musically/com.ss.android.ugc.aweme.splash.SplashActivity]@0#64(BLAST Consumer)64](id:3a2500000043,api:0,p:-1,c:14885) disconnect
03-02 00:57:16.586 14885 14885 I SV[7374587 SplashActivity]: releaseSurfaces: viewRoot = VRI[SplashActivity]@35f4eb8
03-02 00:57:16.587 14885 14885 V SurfaceView: Layout: x=0 y=80 w=1080 h=1920, frame=Rect(0, 0 - 1080, 1920)
03-02 00:57:16.588 14885 14885 I SV[137774491 SplashActivity]: onWindowVisibilityChanged(8) false X.0fk7{836459b V.E...... ........ 0,81-1080,1998} of VRI[SplashActivity]@35f4eb8
03-02 00:57:16.588 14885 14885 I SurfaceView: 137774491 Changes: creating=false format=false size=false visible=true alpha=false hint=false left=false top=false z=false attached=true lifecycleStrategy=false
03-02 00:57:16.588 14885 14885 I SurfaceView: 137774491 Cur surface: Surface(name=null mNativeObject=499558726656)/@0xe7e74a9
03-02 00:57:16.588  1507  1507 I SurfaceFlinger: destroyed Splash Screen com.podcast.app.debug$_2746#155907
03-02 00:57:16.588  1507  1507 I SurfaceFlinger: destroyed e2a196a Splash Screen com.podcast.app.debug#155906
03-02 00:57:16.588 14885 14885 I SurfaceView: 137774491 surfaceDestroyed
03-02 00:57:16.588 14885 14885 I SV[137774491 SplashActivity]: surfaceDestroyed callback.size 1 #2 X.0fk7{836459b V.E...... ........ 0,81-1080,1998}
03-02 00:57:16.588 14885 14885 I SV[137774491 SplashActivity]: updateSurface: mVisible = false mSurface.isValid() = true
03-02 00:57:16.588 14885 14885 I BLASTBufferQueue: [836459b SurfaceView[com.zhiliaoapp.musically/com.ss.android.ugc.aweme.splash.SplashActivity]@0#65](f:0,a:0,s:0) destructor()
03-02 00:57:16.588 14885 14885 D BufferQueueConsumer: [836459b SurfaceView[com.zhiliaoapp.musically/com.ss.android.ugc.aweme.splash.SplashActivity]@0#65(BLAST Consumer)65](id:3a2500000044,api:0,p:-1,c:14885) disconnect
03-02 00:57:16.588  2991  3757 I LocationAccessPolicy: checkLocationPermission - callingUid: 10492, callingPid: 14636, result: DENIED_SOFT
03-02 00:57:16.588 14885 14885 I SV[137774491 SplashActivity]: releaseSurfaces: viewRoot = VRI[SplashActivity]@35f4eb8
03-02 00:57:16.589 14885 14885 V SurfaceView: Layout: x=4320 y=2240 w=1080 h=1917, frame=Rect(0, 0 - 1080, 1917)
03-02 00:57:16.589  1507  1507 I Layer   : id=155907 Destroyed Splash Screen com.podcast.app.debug$_2746#155907
03-02 00:57:16.589  1507  1507 I Layer   : id=155906 Destroyed e2a196a Splash Screen com.podcast.app.debug#155906
03-02 00:57:16.592  1628  1637 E thermal_core: find_tz_idx_by_name:"Failed to find thermal zone index of ap_ntc\n"
03-02 00:57:16.592  1628  1637 E thermal_core: find_tz_idx_by_name:"Failed to find thermal zone index of mtk-master-charger\n"
03-02 00:57:16.594 14885 15423 D SurfaceView: 153518977 windowPositionLost, frameNr = 0
03-02 00:57:16.594 14885 15423 D SurfaceView: 138247206 windowPositionLost, frameNr = 0
03-02 00:57:16.595  1445  2902 D C2MtkBufferManager: over 5000ms not request from VCodec but callback hooked, slow BM Cc fetch thread. Last get time was 90600006ms ago.
03-02 00:57:16.595 14885 15423 D SurfaceView: 157655143 windowPositionLost, frameNr = 0
03-02 00:57:16.597  2991  3757 I LocationAccessPolicy: checkLocationPermission - callingUid: 10492, callingPid: 14636, result: DENIED_SOFT
03-02 00:57:16.597  2991  3757 I LocationAccessPolicy: checkLocationPermission - callingUid: 10492, callingPid: 14636, result: DENIED_SOFT
03-02 00:57:16.599 14885 15423 D HWUI    : CacheManager::trimMemory(20)
03-02 00:57:16.601  2013  4829 I WindowManager: Relayout Window{cd2d6b5 u0 com.zhiliaoapp.musically/com.ss.android.ugc.aweme.splash.SplashActivity}: viewVisibility=8 req=1080x2340 ty=1 d0
03-02 00:57:16.604  2013  4829 I WindowManager: Relayout hash=cd2d6b5, pid=14885, syncId=-1: mAttrs={(0,0)(fillxfill) sim={adjust=pan} layoutInDisplayCutoutMode=always ty=BASE_APPLICATION fmt=TRANSLUCENT wanim=0x1030317
03-02 00:57:16.604  2013  4829 I WindowManager:   fl=81810180
03-02 00:57:16.604  2013  4829 I WindowManager:   pfl=10008840
03-02 00:57:16.604  2013  4829 I WindowManager:   vsysui=400
03-02 00:57:16.604  2013  4829 I WindowManager:   apr=10
03-02 00:57:16.604  2013  4829 I WindowManager:   bhv=1
03-02 00:57:16.604  2013  4829 I WindowManager:   fitSides=0
03-02 00:57:16.604  2013  4829 I WindowManager:   frameRateBoostOnTouch=true
03-02 00:57:16.604  2013  4829 I WindowManager:   dvrrWindowFrameRateHint=true naviIconColor=0
03-02 00:57:16.604  2013  4829 I WindowManager:   sfl=100000}
03-02 00:57:16.606  2991  3757 I LocationAccessPolicy: checkLocationPermission - callingUid: 10492, callingPid: 14636, result: DENIED_SOFT
03-02 00:57:16.606  2991  3757 I LocationAccessPolicy: checkLocationPermission - callingUid: 10492, callingPid: 14636, result: DENIED_SOFT
03-02 00:57:16.606 14885 14885 I BLASTBufferQueue: [VRI[SplashActivity]@35f4eb8#62](f:0,a:1,s:0) destructor()
03-02 00:57:16.607 14885 14885 D BufferQueueConsumer: [VRI[SplashActivity]@35f4eb8#62(BLAST Consumer)62](id:3a2500000041,api:0,p:-1,c:14885) disconnect
03-02 00:57:16.607 14885 14885 I VRI[SplashActivity]@35f4eb8: Relayout returned: old=(0,0,1080,2340) new=(0,0,1080,2340) relayoutAsync=false req=(1080,2340)8 dur=5 res=0x2 s={false 0x0} ch=true seqId=0
03-02 00:57:16.608 14885 14885 I SV[6876039 SplashActivity]: windowStopped(true) false X.0fk7{68eb87 V.E...... ........ 0,80-1080,2000} of VRI[SplashActivity]@35f4eb8
03-02 00:57:16.608 14885 14885 D SV[6876039 SplashActivity]: updateSurface: surface is not valid
03-02 00:57:16.608 14885 14885 I SV[6876039 SplashActivity]: releaseSurfaces: viewRoot = VRI[SplashActivity]@35f4eb8
03-02 00:57:16.608 14885 14885 D VRI[SplashActivity]@35f4eb8: applyTransactionOnDraw applyImmediately
03-02 00:57:16.609  1507  1507 I SurfaceFlinger: [LayerHierarchy{RequestedLayerState{Bounds for - com.zhiliaoapp.musically/com.ss.android.ugc.aweme.splash.SplashActivity@14#155890} 3 children}] reparent to OffscreenRoot
03-02 00:57:16.609  1507  1507 I SurfaceFlinger: [LayerHierarchy{RequestedLayerState{Bounds for - com.zhiliaoapp.musically/com.ss.android.ugc.aweme.splash.SplashActivity@14#155890} 3 children}] RelativeParent to null
03-02 00:57:16.609 14885 14885 I SV[7374587 SplashActivity]: windowStopped(true) false X.0fk7{7086fb V.E...... ........ 0,80-1080,2000} of VRI[SplashActivity]@35f4eb8
03-02 00:57:16.609 14885 14885 D SV[7374587 SplashActivity]: updateSurface: surface is not valid
03-02 00:57:16.609 14885 14885 I SV[7374587 SplashActivity]: releaseSurfaces: viewRoot = VRI[SplashActivity]@35f4eb8
03-02 00:57:16.609 14885 14885 D VRI[SplashActivity]@35f4eb8: applyTransactionOnDraw applyImmediately
03-02 00:57:16.610  1507  1507 I SurfaceFlinger: onHandleDestroyed: layerId=155890, name=Bounds for - com.zhiliaoapp.musically/com.ss.android.ugc.aweme.splash.SplashActivity@14#155890
03-02 00:57:16.610  1507  1507 I SurfaceFlinger: id=155890 Removed Bounds for - com.zhiliaoapp.musically/com.ss.android.ugc.aweme.splash.SplashActivity@14#155890 (341)
03-02 00:57:16.610 14885 14885 I SV[137774491 SplashActivity]: windowStopped(true) false X.0fk7{836459b V.E...... ........ 0,81-1080,1998} of VRI[SplashActivity]@35f4eb8
03-02 00:57:16.610 14885 14885 D SV[137774491 SplashActivity]: updateSurface: surface is not valid
03-02 00:57:16.611 14885 14885 I SV[137774491 SplashActivity]: releaseSurfaces: viewRoot = VRI[SplashActivity]@35f4eb8
03-02 00:57:16.611 14885 14885 D VRI[SplashActivity]@35f4eb8: applyTransactionOnDraw applyImmediately
03-02 00:57:16.612 14885 14885 D SV[6876039 SplashActivity]: updateSurface: surface is not valid
03-02 00:57:16.612 14885 14885 I SV[6876039 SplashActivity]: releaseSurfaces: viewRoot = VRI[SplashActivity]@35f4eb8
03-02 00:57:16.612 14885 14885 D VRI[SplashActivity]@35f4eb8: applyTransactionOnDraw applyImmediately
03-02 00:57:16.613 14885 14885 D SV[7374587 SplashActivity]: updateSurface: surface is not valid
03-02 00:57:16.613 14885 14885 I SV[7374587 SplashActivity]: releaseSurfaces: viewRoot = VRI[SplashActivity]@35f4eb8
03-02 00:57:16.613 14885 14885 D VRI[SplashActivity]@35f4eb8: applyTransactionOnDraw applyImmediately
03-02 00:57:16.613 14885 14885 D SV[137774491 SplashActivity]: updateSurface: surface is not valid
03-02 00:57:16.613 14885 14885 I SV[137774491 SplashActivity]: releaseSurfaces: viewRoot = VRI[SplashActivity]@35f4eb8
03-02 00:57:16.613 14885 14885 D VRI[SplashActivity]@35f4eb8: applyTransactionOnDraw applyImmediately
03-02 00:57:16.614 14885 14885 D VRI[SplashActivity]@35f4eb8: Not drawing due to not visible. Reason=!mAppVisible && !mForceDecorViewVisibility
03-02 00:57:16.614 14885 14885 D VRI[SplashActivity]@35f4eb8: Pending transaction will not be applied in sync with a draw due to view not visible
03-02 00:57:16.614 14885 14885 I VRI[SplashActivity]@35f4eb8: mWNT: t=0x769ac0ba00 mBlastBufferQueue=0xnull fn= 0 HdrRenderState mRenderHdrSdrRatio=1.0 caller= android.view.ViewRootImpl.handleSyncRequestWhenNoAsyncDraw:6733 android.view.ViewRootImpl.performTraversals:5504 android.view.ViewRootImpl.doTraversal:3924
03-02 00:57:16.614  2991  3002 I LocationAccessPolicy: checkLocationPermission - callingUid: 10492, callingPid: 14636, result: DENIED_SOFT
03-02 00:57:16.614  2991  3002 I LocationAccessPolicy: checkLocationPermission - callingUid: 10492, callingPid: 14636, result: DENIED_SOFT
03-02 00:57:16.616 14885 15423 D HWUI    : CacheManager::trimMemory(20)
03-02 00:57:16.617 14885 14885 I VRI[SplashActivity]@35f4eb8: stopped(true) old = false
03-02 00:57:16.617 14885 14885 D VRI[SplashActivity]@35f4eb8: WindowStopped on com.zhiliaoapp.musically/com.ss.android.ugc.aweme.splash.SplashActivity set to true
03-02 00:57:16.617 14885 15423 D HWUI    : CacheManager::trimMemory(20)
03-02 00:57:16.619 14885 14885 I System.out: SAFActivity: com.ss.android.ugc.aweme.main.MainActivity@c20428f,  onStop Start
03-02 00:57:16.620  1507  1507 I SurfaceFlinger: destroyed Bounds for - com.zhiliaoapp.musically/com.ss.android.ugc.aweme.splash.SplashActivity@14#155890
03-02 00:57:16.620  1507  1507 I SurfaceFlinger: [LayerHierarchy{RequestedLayerState{Background for 836459b SurfaceView[com.zhiliaoapp.musically/com.ss.android.ugc.aweme.splash.SplashActivity]@0#155899 z=-2147483648} no children}] reparent to OffscreenRoot
03-02 00:57:16.620  1507  1507 I SurfaceFlinger: [LayerHierarchy{RequestedLayerState{Background for 836459b SurfaceView[com.zhiliaoapp.musically/com.ss.android.ugc.aweme.splash.SplashActivity]@0#155899 z=-2147483648} no children}] RelativeParent to null
03-02 00:57:16.620  1507  1507 I SurfaceFlinger: [LayerHierarchy{RequestedLayerState{Background for 7086fb SurfaceView[com.zhiliaoapp.musically/com.ss.android.ugc.aweme.splash.SplashActivity]@0#155896 z=-2147483648} no children}] reparent to OffscreenRoot
03-02 00:57:16.620  1507  1507 I SurfaceFlinger: [LayerHierarchy{RequestedLayerState{Background for 7086fb SurfaceView[com.zhiliaoapp.musically/com.ss.android.ugc.aweme.splash.SplashActivity]@0#155896 z=-2147483648} no children}] RelativeParent to null
03-02 00:57:16.620  1507  1507 I SurfaceFlinger: [LayerHierarchy{RequestedLayerState{Background for 68eb87 SurfaceView[com.zhiliaoapp.musically/com.ss.android.ugc.aweme.splash.SplashActivity]@0#155893 z=-2147483648} no children}] reparent to OffscreenRoot
03-02 00:57:16.620  1507  1507 I SurfaceFlinger: [LayerHierarchy{RequestedLayerState{Background for 68eb87 SurfaceView[com.zhiliaoapp.musically/com.ss.android.ugc.aweme.splash.SplashActivity]@0#155893 z=-2147483648} no children}] RelativeParent to null
03-02 00:57:16.620  1507  1507 I SurfaceFlinger: [LayerHierarchy{RequestedLayerState{836459b SurfaceView[com.zhiliaoapp.musically/com.ss.android.ugc.aweme.splash.SplashActivity]@0#155897 z=-2} 1 children}] reparent to OffscreenRoot
03-02 00:57:16.620  1507  1507 I SurfaceFlinger: [LayerHierarchy{RequestedLayerState{836459b SurfaceView[com.zhiliaoapp.musically/com.ss.android.ugc.aweme.splash.SplashActivity]@0#155897 z=-2} 1 children}] RelativeParent to null
03-02 00:57:16.620  1507  1507 I SurfaceFlinger: [LayerHierarchy{RequestedLayerState{7086fb SurfaceView[com.zhiliaoapp.musically/com.ss.android.ugc.aweme.splash.SplashActivity]@0(BLAST)#155895} no children}] reparent to OffscreenRoot
03-02 00:57:16.620  1507  1507 I SurfaceFlinger: [LayerHierarchy{RequestedLayerState{7086fb SurfaceView[com.zhiliaoapp.musically/com.ss.android.ugc.aweme.splash.SplashActivity]@0(BLAST)#155895} no children}] RelativeParent to null
03-02 00:57:16.620  1507  1507 I SurfaceFlinger: [LayerHierarchy{RequestedLayerState{7086fb SurfaceView[com.zhiliaoapp.musically/com.ss.android.ugc.aweme.splash.SplashActivity]@0#155894 z=-2} no children}] reparent to OffscreenRoot
03-02 00:57:16.620  1507  1507 I SurfaceFlinger: [LayerHierarchy{RequestedLayerState{7086fb SurfaceView[com.zhiliaoapp.musically/com.ss.android.ugc.aweme.splash.SplashActivity]@0#155894 z=-2} no children}] RelativeParent to null
03-02 00:57:16.620  1507  1507 I SurfaceFlinger: [LayerHierarchy{RequestedLayerState{836459b SurfaceView[com.zhiliaoapp.musically/com.ss.android.ugc.aweme.splash.SplashActivity]@0(BLAST)#155898} no children}] reparent to OffscreenRoot
03-02 00:57:16.621  1507  1507 I SurfaceFlinger: [LayerHierarchy{RequestedLayerState{836459b SurfaceView[com.zhiliaoapp.musically/com.ss.android.ugc.aweme.splash.SplashActivity]@0(BLAST)#155898} no children}] RelativeParent to null
03-02 00:57:16.621  1507  1507 I SurfaceFlinger: [LayerHierarchy{RequestedLayerState{68eb87 SurfaceView[com.zhiliaoapp.musically/com.ss.android.ugc.aweme.splash.SplashActivity]@0(BLAST)#155892} no children}] reparent to OffscreenRoot
03-02 00:57:16.621  1507  1507 I SurfaceFlinger: [LayerHierarchy{RequestedLayerState{68eb87 SurfaceView[com.zhiliaoapp.musically/com.ss.android.ugc.aweme.splash.SplashActivity]@0(BLAST)#155892} no children}] RelativeParent to null
03-02 00:57:16.621  1507  1507 I SurfaceFlinger: [LayerHierarchy{RequestedLayerState{68eb87 SurfaceView[com.zhiliaoapp.musically/com.ss.android.ugc.aweme.splash.SplashActivity]@0#155891 z=-2} no children}] reparent to OffscreenRoot
03-02 00:57:16.621  1507  1507 I SurfaceFlinger: [LayerHierarchy{RequestedLayerState{68eb87 SurfaceView[com.zhiliaoapp.musically/com.ss.android.ugc.aweme.splash.SplashActivity]@0#155891 z=-2} no children}] RelativeParent to null
03-02 00:57:16.624  1507  1507 I Layer   : id=155890 Destroyed Bounds for - com.zhiliaoapp.musically/com.ss.android.ugc.aweme.splash.SplashActivity@14#155890
03-02 00:57:16.625  1507  1507 I SurfaceFlinger: onHandleDestroyed: layerId=155898, name=836459b SurfaceView[com.zhiliaoapp.musically/com.ss.android.ugc.aweme.splash.SplashActivity]@0(BLAST)#155898
03-02 00:57:16.625  1507  1507 I SurfaceFlinger: id=155898 Removed 836459b SurfaceView[com.zhiliaoapp.musically/com.ss.android.ugc.aweme.splash.SplashActivity]@0(BLAST)#155898 (340)
03-02 00:57:16.625  1507  1507 I SurfaceFlinger: onHandleDestroyed: layerId=155897, name=836459b SurfaceView[com.zhiliaoapp.musically/com.ss.android.ugc.aweme.splash.SplashActivity]@0#155897
03-02 00:57:16.625  1507  1507 I SurfaceFlinger: id=155897 Removed 836459b SurfaceView[com.zhiliaoapp.musically/com.ss.android.ugc.aweme.splash.SplashActivity]@0#155897 (340)
03-02 00:57:16.625  1507  1507 I SurfaceFlinger: onHandleDestroyed: layerId=155899, name=Background for 836459b SurfaceView[com.zhiliaoapp.musically/com.ss.android.ugc.aweme.splash.SplashActivity]@0#155899
03-02 00:57:16.625  1507  1507 I SurfaceFlinger: id=155899 Removed Background for 836459b SurfaceView[com.zhiliaoapp.musically/com.ss.android.ugc.aweme.splash.SplashActivity]@0#155899 (340)
03-02 00:57:16.625  1507  1507 I SurfaceFlinger: onHandleDestroyed: layerId=155895, name=7086fb SurfaceView[com.zhiliaoapp.musically/com.ss.android.ugc.aweme.splash.SplashActivity]@0(BLAST)#155895
03-02 00:57:16.625  1507  1507 I SurfaceFlinger: id=155895 Removed 7086fb SurfaceView[com.zhiliaoapp.musically/com.ss.android.ugc.aweme.splash.SplashActivity]@0(BLAST)#155895 (340)
03-02 00:57:16.625  1507  1507 I SurfaceFlinger: onHandleDestroyed: layerId=155894, name=7086fb SurfaceView[com.zhiliaoapp.musically/com.ss.android.ugc.aweme.splash.SplashActivity]@0#155894
03-02 00:57:16.625  1507  1507 I SurfaceFlinger: id=155894 Removed 7086fb SurfaceView[com.zhiliaoapp.musically/com.ss.android.ugc.aweme.splash.SplashActivity]@0#155894 (340)
03-02 00:57:16.625  1507  1507 I SurfaceFlinger: onHandleDestroyed: layerId=155896, name=Background for 7086fb SurfaceView[com.zhiliaoapp.musically/com.ss.android.ugc.aweme.splash.SplashActivity]@0#155896
03-02 00:57:16.625  1507  1507 I SurfaceFlinger: id=155896 Removed Background for 7086fb SurfaceView[com.zhiliaoapp.musically/com.ss.android.ugc.aweme.splash.SplashActivity]@0#155896 (340)
03-02 00:57:16.625  1507  1507 I SurfaceFlinger: onHandleDestroyed: layerId=155892, name=68eb87 SurfaceView[com.zhiliaoapp.musically/com.ss.android.ugc.aweme.splash.SplashActivity]@0(BLAST)#155892
03-02 00:57:16.625  1507  1507 I SurfaceFlinger: id=155892 Removed 68eb87 SurfaceView[com.zhiliaoapp.musically/com.ss.android.ugc.aweme.splash.SplashActivity]@0(BLAST)#155892 (340)
03-02 00:57:16.625  1507  1507 I SurfaceFlinger: onHandleDestroyed: layerId=155891, name=68eb87 SurfaceView[com.zhiliaoapp.musically/com.ss.android.ugc.aweme.splash.SplashActivity]@0#155891
03-02 00:57:16.625  1507  1507 I SurfaceFlinger: id=155891 Removed 68eb87 SurfaceView[com.zhiliaoapp.musically/com.ss.android.ugc.aweme.splash.SplashActivity]@0#155891 (340)
03-02 00:57:16.625  1507  1507 I SurfaceFlinger: onHandleDestroyed: layerId=155893, name=Background for 68eb87 SurfaceView[com.zhiliaoapp.musically/com.ss.android.ugc.aweme.splash.SplashActivity]@0#155893
03-02 00:57:16.625  1507  1507 I SurfaceFlinger: id=155893 Removed Background for 68eb87 SurfaceView[com.zhiliaoapp.musically/com.ss.android.ugc.aweme.splash.SplashActivity]@0#155893 (340)
03-02 00:57:16.626  1445 16865 W C2MtkBufferManager: [0xB4000070F68A9420] fetchNewCcBlock: wait fence 0x0xb4000070f692fea0 timed out. ret 110
03-02 00:57:16.628  1446  1446 I SensorsHub: queueActivate: handle 5 enable 0
03-02 00:57:16.628  1446  1446 I SensorsHub: type : 5, enable : 0
03-02 00:57:16.629 14885 16210 D SensorManager: unregisterListener
03-02 00:57:16.630  2013  4903 I MediaFocusControl: abandonAudioFocus() from uid/pid 10350/14885 clientId=android.media.AudioManager@b7fcc9dX.143s@4302512 callingPack=com.zhiliaoapp.musically
03-02 00:57:16.630  2013  4903 D AS.AudioService: [Android Auto] isConnectedAndroidAuto = false
03-02 00:57:16.630  2013  4903 D MediaFocusControl: selectFocusStack, uid = 10350, appDevice = 0, device = 2
03-02 00:57:16.630  2013  4903 I MediaFocusControl: removeFocusStackEntry client:android.media.AudioManager@b7fcc9dX.143s@4302512
03-02 00:57:16.631  1507  1507 I SurfaceFlinger: destroyed Background for 836459b SurfaceView[com.zhiliaoapp.musically/com.ss.android.ugc.aweme.splash.SplashActivity]@0#155899
03-02 00:57:16.631  1507  1507 I SurfaceFlinger: destroyed 68eb87 SurfaceView[com.zhiliaoapp.musically/com.ss.android.ugc.aweme.splash.SplashActivity]@0#155891
03-02 00:57:16.631  1507  1507 I SurfaceFlinger: destroyed Background for 7086fb SurfaceView[com.zhiliaoapp.musically/com.ss.android.ugc.aweme.splash.SplashActivity]@0#155896
03-02 00:57:16.631  1507  1507 I SurfaceFlinger: destroyed Background for 68eb87 SurfaceView[com.zhiliaoapp.musically/com.ss.android.ugc.aweme.splash.SplashActivity]@0#155893
03-02 00:57:16.631  1507  1507 I SurfaceFlinger: destroyed 836459b SurfaceView[com.zhiliaoapp.musically/com.ss.android.ugc.aweme.splash.SplashActivity]@0#155897
03-02 00:57:16.631  1507  1507 I SurfaceFlinger: destroyed 7086fb SurfaceView[com.zhiliaoapp.musically/com.ss.android.ugc.aweme.splash.SplashActivity]@0(BLAST)#155895
03-02 00:57:16.631  1507  1507 I SurfaceFlinger: destroyed 7086fb SurfaceView[com.zhiliaoapp.musically/com.ss.android.ugc.aweme.splash.SplashActivity]@0#155894
03-02 00:57:16.631  1507  1507 I SurfaceFlinger: destroyed 836459b SurfaceView[com.zhiliaoapp.musically/com.ss.android.ugc.aweme.splash.SplashActivity]@0(BLAST)#155898
03-02 00:57:16.631  1507  1507 I SurfaceFlinger: destroyed 68eb87 SurfaceView[com.zhiliaoapp.musically/com.ss.android.ugc.aweme.splash.SplashActivity]@0(BLAST)#155892
03-02 00:57:16.633  2991  3002 I LocationAccessPolicy: checkLocationPermission - callingUid: 10492, callingPid: 14636, result: DENIED_SOFT
03-02 00:57:16.633  2991  3002 I LocationAccessPolicy: checkLocationPermission - callingUid: 10492, callingPid: 14636, result: DENIED_SOFT
03-02 00:57:16.635  1445  2902 W C2MtkBufferManager: [0xB4000070F507E520] fetchNewCcBlock: wait fence 0x0xb4000070f5058270 timed out. ret 110
03-02 00:57:16.635  1507  1507 I Layer   : id=155893 Destroyed Background for 68eb87 SurfaceView[com.zhiliaoapp.musically/com.ss.android.ugc.aweme.splash.SplashActivity]@0#155893
03-02 00:57:16.635  1507  1507 I Layer   : id=155891 Destroyed 68eb87 SurfaceView[com.zhiliaoapp.musically/com.ss.android.ugc.aweme.splash.SplashActivity]@0#155891
03-02 00:57:16.635  1507  1507 I Layer   : id=155892 Destroyed 68eb87 SurfaceView[com.zhiliaoapp.musically/com.ss.android.ugc.aweme.splash.SplashActivity]@0(BLAST)#155892
03-02 00:57:16.635  1507  1507 I Layer   : id=155896 Destroyed Background for 7086fb SurfaceView[com.zhiliaoapp.musically/com.ss.android.ugc.aweme.splash.SplashActivity]@0#155896
03-02 00:57:16.635  1507  1507 I Layer   : id=155894 Destroyed 7086fb SurfaceView[com.zhiliaoapp.musically/com.ss.android.ugc.aweme.splash.SplashActivity]@0#155894
03-02 00:57:16.635  1507  1507 I Layer   : id=155895 Destroyed 7086fb SurfaceView[com.zhiliaoapp.musically/com.ss.android.ugc.aweme.splash.SplashActivity]@0(BLAST)#155895
03-02 00:57:16.636  1507  1507 I Layer   : id=155899 Destroyed Background for 836459b SurfaceView[com.zhiliaoapp.musically/com.ss.android.ugc.aweme.splash.SplashActivity]@0#155899
03-02 00:57:16.636  1507  1507 I Layer   : id=155897 Destroyed 836459b SurfaceView[com.zhiliaoapp.musically/com.ss.android.ugc.aweme.splash.SplashActivity]@0#155897
03-02 00:57:16.636  1507  1507 I Layer   : id=155898 Destroyed 836459b SurfaceView[com.zhiliaoapp.musically/com.ss.android.ugc.aweme.splash.SplashActivity]@0(BLAST)#155898
03-02 00:57:16.642  2991  3002 I LocationAccessPolicy: checkLocationPermission - callingUid: 10492, callingPid: 14636, result: DENIED_SOFT
03-02 00:57:16.642  2991  3002 I LocationAccessPolicy: checkLocationPermission - callingUid: 10492, callingPid: 14636, result: DENIED_SOFT
03-02 00:57:16.650  2991  3002 I LocationAccessPolicy: checkLocationPermission - callingUid: 10492, callingPid: 14636, result: DENIED_SOFT
03-02 00:57:16.650  2991  3002 I LocationAccessPolicy: checkLocationPermission - callingUid: 10492, callingPid: 14636, result: DENIED_SOFT
03-02 00:57:16.655 14885 14885 I System.out: SceneSafeLifecycleDispatcher: onStopped Start
03-02 00:57:16.655 14885 14885 I System.out: SAFActivity V Scene Framework: NavigationMessageQueue postSync start
03-02 00:57:16.656 14885 14885 I System.out: SAFActivity V Scene Framework: NavigationMessageQueue postSync run current task start 14_Y.ARunnableS108S0200000_32@13cdddb
03-02 00:57:16.656 14885 14885 I System.out: SAFActivity V Scene Framework: NavigationSceneManager Sync Scene SAFFragmentRootScene{79e191c} Lifecycle [STARTED -> ACTIVITY_CREATED] without saved State
03-02 00:57:16.656 14885 14885 I System.out: SAFFragmentRootScene: onStop Start (SAFFragmentRootScene{79e191c})
03-02 00:57:16.658  2013  2023 I system_server: Background concurrent mark compact GC freed 42MB AllocSpace bytes, 174(3380KB) LOS objects, 22% free, 164MB/212MB, paused 2.392ms,13.323ms total 1.314s
03-02 00:57:16.660 14885 14885 I System.out: SAFActivity V Scene Framework: NavigationMessageQueue postSync run current task finish 14_Y.ARunnableS108S0200000_32@13cdddb
03-02 00:57:16.660 14885 14885 I System.out: SAFActivity V Scene Framework: NavigationMessageQueue postSync finish
03-02 00:57:16.660 14885 14885 I System.out: SceneSafeLifecycleDispatcher: onStopped End STOP
03-02 00:57:16.660 14885 14885 I System.out: SAFActivity: com.ss.android.ugc.aweme.main.MainActivity@c20428f,  onStop End
03-02 00:57:16.661 14885 14885 D SV[6876039 SplashActivity]: updateSurface: surface is not valid
03-02 00:57:16.661 14885 14885 I SV[6876039 SplashActivity]: releaseSurfaces: viewRoot = VRI[SplashActivity]@35f4eb8
03-02 00:57:16.661 14885 14885 D VRI[SplashActivity]@35f4eb8: applyTransactionOnDraw applyImmediately
03-02 00:57:16.661 14885 14885 D SV[7374587 SplashActivity]: updateSurface: surface is not valid
03-02 00:57:16.661 14885 14885 I SV[7374587 SplashActivity]: releaseSurfaces: viewRoot = VRI[SplashActivity]@35f4eb8
03-02 00:57:16.661 14885 14885 D VRI[SplashActivity]@35f4eb8: applyTransactionOnDraw applyImmediately
03-02 00:57:16.661 14885 14885 D SV[137774491 SplashActivity]: updateSurface: surface is not valid
03-02 00:57:16.661 14885 14885 I SV[137774491 SplashActivity]: releaseSurfaces: viewRoot = VRI[SplashActivity]@35f4eb8
03-02 00:57:16.662 14885 14885 D VRI[SplashActivity]@35f4eb8: applyTransactionOnDraw applyImmediately
03-02 00:57:16.662  2013  2025 W System  : A resource failed to call HardwareBuffer.close.
03-02 00:57:16.662  2013  2025 W System  : A resource failed to call release.
03-02 00:57:16.662  2013  2025 W System  : A resource failed to call release.
03-02 00:57:16.662  2013  2025 W System  : A resource failed to call release.
03-02 00:57:16.663  2013  2025 W System  : A resource failed to call release.
03-02 00:57:16.663  2013  2025 W System  : A resource failed to call HardwareBuffer.close.
03-02 00:57:16.663  2013  2025 W System  : A resource failed to call release.
03-02 00:57:16.663  2013  2025 W System  : A resource failed to call release.
03-02 00:57:16.664  2013  2025 W System  : A resource failed to call release.
03-02 00:57:16.665 14885 14885 I System.out: SAFActivity V Scene Framework: NavigationSceneManager forceExecutePendingNavigationOperation start
03-02 00:57:16.665 14885 14885 I System.out: SAFActivity V Scene Framework: NavigationMessageQueue postSync start
03-02 00:57:16.665 14885 14885 I System.out: SAFActivity V Scene Framework: NavigationMessageQueue postSync run current task start 0_Y.ARunnableS90S0000000_15@25cb437
03-02 00:57:16.665 14885 14885 I System.out: SAFActivity V Scene Framework: NavigationMessageQueue postSync run current task finish 0_Y.ARunnableS90S0000000_15@25cb437
03-02 00:57:16.665 14885 14885 I System.out: SAFActivity V Scene Framework: NavigationMessageQueue postSync finish
03-02 00:57:16.665 14885 14885 I System.out: SAFActivity V Scene Framework: NavigationSceneManager forceExecutePendingNavigationOperation finish
03-02 00:57:16.665 14885 14885 I System.out: SAFActivity: com.ss.android.ugc.aweme.main.MainActivity@c20428f,  onSaveInstanceState Start
03-02 00:57:16.667 14885 14885 I System.out: SceneSafeLifecycleDispatcher: onSaveInstanceState Start
03-02 00:57:16.667  1445 16865 W C2MtkBufferManager: [0xB4000070F68A9420] fetchNewCcBlock: wait fence 0x0xb4000070f692fea0 timed out. ret 110
03-02 00:57:16.667 14885 14885 I System.out: SAFFragmentRootScene: onSaveInstanceState Start (SAFFragmentRootScene{79e191c})
03-02 00:57:16.667 14885 14885 I System.out: SceneSafeLifecycleDispatcher: onSaveInstanceState End STOP
03-02 00:57:16.667 14885 14885 I System.out: SAFActivity: com.ss.android.ugc.aweme.main.MainActivity@c20428f,  onSaveInstanceState End
03-02 00:57:16.668 14885 14885 W System.err: onActivityPostSaveInstanceState store finished---->com.ss.android.ugc.aweme.main.MainActivity@c20428f
03-02 00:57:16.676 14885 14885 D SV[6876039 SplashActivity]: updateSurface: surface is not valid
03-02 00:57:16.676 14885 14885 I SV[6876039 SplashActivity]: releaseSurfaces: viewRoot = VRI[SplashActivity]@35f4eb8
03-02 00:57:16.676 14885 14885 D VRI[SplashActivity]@35f4eb8: applyTransactionOnDraw applyImmediately
03-02 00:57:16.677 14885 14885 D SV[7374587 SplashActivity]: updateSurface: surface is not valid
03-02 00:57:16.677 14885 14885 I SV[7374587 SplashActivity]: releaseSurfaces: viewRoot = VRI[SplashActivity]@35f4eb8
03-02 00:57:16.677 14885 14885 D VRI[SplashActivity]@35f4eb8: applyTransactionOnDraw applyImmediately
03-02 00:57:16.677 14885 14885 D SV[137774491 SplashActivity]: updateSurface: surface is not valid
03-02 00:57:16.677 14885 14885 I SV[137774491 SplashActivity]: releaseSurfaces: viewRoot = VRI[SplashActivity]@35f4eb8
03-02 00:57:16.677 14885 14885 D VRI[SplashActivity]@35f4eb8: applyTransactionOnDraw applyImmediately
03-02 00:57:16.682  2013  2067 I ChimeraSystemEventListener: appLaunchIntent package name is: com.podcast.app.debug.test
03-02 00:57:16.684  1507  1825 I SurfaceFlinger: Capture layer list: 	 com.podcast.app.debug/androidx.activity.ComponentActivity$_17121#155909(seamlessTransition:0)
03-02 00:57:16.686  2013  3441 I SemDvfsHyPerManager: acquire hyper - AMS_APP_SWITCH/2013@20, type = -999
03-02 00:57:16.686  1450  1487 I HYPER-HAL: [RequestManager.cpp]acquire(): Acquired ID : 2067581  [2013 / 20]    HINT : AMS_ACT_SWITCH    list :
03-02 00:57:16.686  1464  1492 I mtkpower@impl: [setMode] type:5, enabled:1
03-02 00:57:16.686 14885 16236 W System.err: FlagsHookHelper: skip hook flags method getInstanceHook
03-02 00:57:16.686  1450  1487 I mtkpower_client: perf_lock_rel, hdl:76462, pid: 1450, tid:1487
03-02 00:57:16.687  1507  1507 I SurfaceFlinger: [LayerHierarchy{RequestedLayerState{com.zhiliaoapp.musically/com.ss.android.ugc.aweme.splash.SplashActivity$_14885#155887} no children}] reparent to OffscreenRoot
03-02 00:57:16.687  1507  1507 I SurfaceFlinger: [LayerHierarchy{RequestedLayerState{com.zhiliaoapp.musically/com.ss.android.ugc.aweme.splash.SplashActivity$_14885#155887} no children}] RelativeParent to null
03-02 00:57:16.688  1507  2393 I SurfaceFlinger: id=155918 createSurf, flag=24004, Task=44867#155918
03-02 00:57:16.690  1507  1507 I SurfaceFlinger: onHandleDestroyed: layerId=155887, name=com.zhiliaoapp.musically/com.ss.android.ugc.aweme.splash.SplashActivity$_14885#155887
03-02 00:57:16.690  1507  1507 I SurfaceFlinger: id=155887 Removed com.zhiliaoapp.musically/com.ss.android.ugc.aweme.splash.SplashActivity$_14885#155887 (332)
03-02 00:57:16.692  1507  1562 I SurfaceFlinger: id=155919 createSurf, flag=84004, ActivityRecord{116444417 u0 com.podcast.app.debug.test/androidx.test.core.app.InstrumentationActivityInvoker$EmptyActivity t44867}#155919
03-02 00:57:16.692  1450  1487 I mtkpower_client: perf_lock_acq, hdl:0, dur:0, num:2, pid:1450, tid:1487
03-02 00:57:16.693  1464  1529 I libPowerHal: [perfLockRel] hdl:76462, idx:5
03-02 00:57:16.694  1464  1529 I libPowerHal: [PD] vendor.samsung. update cmd:1000000 param:-1 pr:6
03-02 00:57:16.694  4784  4784 I SemDvfsHyPerManager: acquire hyper - APP_START_SHORT/4784@15, type = -999
03-02 00:57:16.694  1464  1529 I libPowerHal: [perfLockRel] Done for hdl : 76462
03-02 00:57:16.695  1450  1487 I mtkpower_client: ret_hdl:76463
03-02 00:57:16.695  1450  1487 I mtkpower_client: perf_lock_rel, hdl:76460, pid: 1450, tid:1487
