03-02 00:57:23.286  2746  2865 I VRI[debug]@8e3c403: mWNT: t=0xb4000076ae53a500 mBlastBufferQueue=0xb4000076ae346800 fn= 2 HdrRenderState mRenderHdrSdrRatio=1.0 caller= android.view.SyncRtSurfaceTransactionApplier.applyTransaction:100 android.view.SyncRtSurfaceTransactionApplier.lambda$scheduleApply$0:73 android.view.SyncRtSurfaceTransactionApplier.$r8$lambda$afI4fXg3U3-nBZQEDQMiNy-B06s:0
03-02 00:57:23.288  2013  3648 D InputTransport: Input channel destroyed: '329543d', fd=1036
03-02 00:57:23.288  2013  2322 I ImeTracker: com.podcast.app.debug:2c99d9d: onRequestHide at ORIGIN_SERVER reason HIDE_UNSPECIFIED_WINDOW fromUser false
03-02 00:57:23.291  1507  1507 I SurfaceFlinger: [LayerHierarchy{RequestedLayerState{61e1481 com.podcast.app.debug/androidx.activity.ComponentActivity#156151 parentId=156158} 1 children}] reparent to LayerHierarchy{RequestedLayerState{Surface(name=61e1481 com.podcast.app.debug/androidx.activity.ComponentActivity)/@0x7b93e55 - animation-leash of starting_reveal#156158 parentId=156148} 1 children}
03-02 00:57:23.292 17121 17121 I InputMethodManager: handleMessage: setImeVisibility visible=false
03-02 00:57:23.292 17121 17121 D InsetsController: hide(ime(), fromIme=false)
03-02 00:57:23.292 17121 17121 I ImeTracker: com.podcast.app.debug:2c99d9d: onCancelled at PHASE_CLIENT_ALREADY_HIDDEN
03-02 00:57:23.293 14885 14885 D InputTransport: Input channel destroyed: 'ClientS', fd=442
03-02 00:57:23.296 17532 17532 D InputTransport: Input channel destroyed: '329543d', fd=119
03-02 00:57:23.298  2746  2866 I VRI[debug]@8e3c403: mWNT: t=0xb4000076ae53a680 mBlastBufferQueue=0xb4000076ae346800 fn= 3 HdrRenderState mRenderHdrSdrRatio=1.0 caller= android.view.SyncRtSurfaceTransactionApplier.applyTransaction:100 android.view.SyncRtSurfaceTransactionApplier.lambda$scheduleApply$0:73 android.view.SyncRtSurfaceTransactionApplier.$r8$lambda$afI4fXg3U3-nBZQEDQMiNy-B06s:0
03-02 00:57:23.305  1507  1507 I SurfaceFlinger: [LayerHierarchy{RequestedLayerState{329543d com.podcast.app.debug.test/androidx.test.core.app.InstrumentationActivityInvoker$EmptyActivity#156119} 1 children}] reparent to OffscreenRoot
03-02 00:57:23.305  1507  1507 I SurfaceFlinger: [LayerHierarchy{RequestedLayerState{329543d com.podcast.app.debug.test/androidx.test.core.app.InstrumentationActivityInvoker$EmptyActivity#156119} 1 children}] RelativeParent to null
03-02 00:57:23.305  1507  1507 I SurfaceFlinger: [LayerHierarchy{RequestedLayerState{com.podcast.app.debug.test/androidx.test.core.app.InstrumentationActivityInvoker$EmptyActivity$_17532#156120} no children}] reparent to OffscreenRoot
03-02 00:57:23.305  1507  1507 I SurfaceFlinger: [LayerHierarchy{RequestedLayerState{com.podcast.app.debug.test/androidx.test.core.app.InstrumentationActivityInvoker$EmptyActivity$_17532#156120} no children}] RelativeParent to null
03-02 00:57:23.305  2013  2844 W system_server: Large reply transaction of 325152 bytes, interface descriptor android.app.IActivityTaskManager, code 26
03-02 00:57:23.307  1507  2393 I SurfaceFlinger: onHandleDestroyed: layerId=156141, name=8d6b934 ActivityRecordInputSink com.podcast.app.debug.test/androidx.test.core.app.InstrumentationActivityInvoker$EmptyActivity#156141
03-02 00:57:23.308  2746  2865 I VRI[debug]@8e3c403: mWNT: t=0xb40000783d33de00 mBlastBufferQueue=0xb4000076ae346800 fn= 4 HdrRenderState mRenderHdrSdrRatio=1.0 caller= android.view.SyncRtSurfaceTransactionApplier.applyTransaction:100 android.view.SyncRtSurfaceTransactionApplier.lambda$scheduleApply$0:73 android.view.SyncRtSurfaceTransactionApplier.$r8$lambda$afI4fXg3U3-nBZQEDQMiNy-B06s:0
03-02 00:57:23.308  1507  2393 I SurfaceFlinger: id=156141 Removed 8d6b934 ActivityRecordInputSink com.podcast.app.debug.test/androidx.test.core.app.InstrumentationActivityInvoker$EmptyActivity#156141 (351)
03-02 00:57:23.308  1507  1562 I SurfaceFlinger: id=156159 createSurf, flag=24004, Task=44875#156159
03-02 00:57:23.309  1507  1507 I SurfaceFlinger: onHandleDestroyed: layerId=156119, name=329543d com.podcast.app.debug.test/androidx.test.core.app.InstrumentationActivityInvoker$EmptyActivity#156119
03-02 00:57:23.309  1507  1507 I SurfaceFlinger: id=156119 Removed 329543d com.podcast.app.debug.test/androidx.test.core.app.InstrumentationActivityInvoker$EmptyActivity#156119 (352)
03-02 00:57:23.310  1507  1507 I SurfaceFlinger: onHandleDestroyed: layerId=156120, name=com.podcast.app.debug.test/androidx.test.core.app.InstrumentationActivityInvoker$EmptyActivity$_17532#156120
03-02 00:57:23.310  1507  1507 I SurfaceFlinger: id=156120 Removed com.podcast.app.debug.test/androidx.test.core.app.InstrumentationActivityInvoker$EmptyActivity$_17532#156120 (352)
03-02 00:57:23.312  2746  2866 I VRI[debug]@8e3c403: mWNT: t=0xb4000076d38eb080 mBlastBufferQueue=0xb4000076ae346800 fn= 5 HdrRenderState mRenderHdrSdrRatio=1.0 caller= android.view.SyncRtSurfaceTransactionApplier.applyTransaction:100 android.view.SyncRtSurfaceTransactionApplier.lambda$scheduleApply$0:73 android.view.SyncRtSurfaceTransactionApplier.$r8$lambda$afI4fXg3U3-nBZQEDQMiNy-B06s:0
03-02 00:57:23.318  1507  1507 I SurfaceFlinger: destroyed 329543d com.podcast.app.debug.test/androidx.test.core.app.InstrumentationActivityInvoker$EmptyActivity#156119
03-02 00:57:23.318  1507  1507 I SurfaceFlinger: destroyed com.podcast.app.debug.test/androidx.test.core.app.InstrumentationActivityInvoker$EmptyActivity$_17532#156120
03-02 00:57:23.318  1507  1507 I SurfaceFlinger: [Task=44875#156159] attach to parent Root
03-02 00:57:23.318  3202  3202 I HoneySpace.TaskStackChangeRepositoryImpl: onTaskRemoved : 44875
03-02 00:57:23.319  3202  3202 I HoneySpace.TaskListViewModel[160530624]: taskRemoveId, 44875
03-02 00:57:23.319  3202  3202 W HoneySpace.TaskListViewModel[160530624]: task is already removed: 44875
03-02 00:57:23.320  3202  3386 I HoneySpace.TopTaskSource: onTaskRemoved: 44875
03-02 00:57:23.322  2013  2322 D InputTransport: Input channel constructed: 'ClientS', fd=1036
03-02 00:57:23.323  1507  1507 I Layer   : id=156120 Destroyed com.podcast.app.debug.test/androidx.test.core.app.InstrumentationActivityInvoker$EmptyActivity$_17532#156120
03-02 00:57:23.323  1507  1507 I Layer   : id=156119 Destroyed 329543d com.podcast.app.debug.test/androidx.test.core.app.InstrumentationActivityInvoker$EmptyActivity#156119
03-02 00:57:23.324  2013  2322 D InputTransport: Input channel destroyed: 'ClientS', fd=1036
03-02 00:57:23.324  5235  5235 I HBD     : HoneyBoardService onFinishInput
03-02 00:57:23.325  5235  5235 I HBD     : a IC have been unbinding,  RemoteInputConnection{idHash=#8ffe189}
03-02 00:57:23.325  5235  5235 I HBD     : HoneyBoardService [PF_CL][onFinishInput]  1 ms
03-02 00:57:23.325  5235  5235 I HBD     : HoneyBoardService [IMI] onStartInput - caller pid : 17121 , caller uid : 10685
03-02 00:57:23.325  5235  5235 I HBD     : k updateConfigs
03-02 00:57:23.325  5235  5235 I HBD     : k isEnabledNightMode : true
03-02 00:57:23.325  5235  5235 I HBD     : a IC have been binding, RemoteInputConnection{idHash=#2b00454}
03-02 00:57:23.325  5235  5235 I HBD     : h [EditorInputType]setPrivateImeOptionsToTable privateImeOptions ( null )
03-02 00:57:23.325  5235  5235 I HBD     : b incognitoMode : false
03-02 00:57:23.325  5235  5235 I HBD     : c needOff = true , isForceOff = false, isNullInputClass : true
03-02 00:57:23.325  5235  5235 I HBD     : h getDefaultInputRange : UNKNOWN
03-02 00:57:23.325  5235  5235 I HBD     : h getDefaultInputRange : UNKNOWN
03-02 00:57:23.325  5235  5235 I HBD     : h getDefaultInputRange : UNKNOWN
03-02 00:57:23.325  1445  2902 W C2MtkBufferManager: [0xB4000070F507E520] fetchNewCcBlock: wait fence 0x0xb4000070f5058270 timed out. ret 110
03-02 00:57:23.326  2746  2865 I VRI[debug]@8e3c403: mWNT: t=0xb4000076d38ebf80 mBlastBufferQueue=0xb4000076ae346800 fn= 6 HdrRenderState mRenderHdrSdrRatio=1.0 caller= android.view.SyncRtSurfaceTransactionApplier.applyTransaction:100 android.view.SyncRtSurfaceTransactionApplier.lambda$scheduleApply$0:73 android.view.SyncRtSurfaceTransactionApplier.$r8$lambda$afI4fXg3U3-nBZQEDQMiNy-B06s:0
03-02 00:57:23.326 17121 17133 D InputTransport: Input channel constructed: 'ClientS', fd=156
03-02 00:57:23.326  1507  1562 I SurfaceFlinger: id=156160 createSurf, flag=24004, Surface(name=2141cda InputMethod)/@0x5ea0b56 - animation-leash of insets_animation#156160
03-02 00:57:23.328  2013  3648 W ParceledListSlice: Element #30 is 21544 bytes.
03-02 00:57:23.329  5235  5235 I HBD     : c needOff = true , isForceOff = false, isNullInputClass : true
03-02 00:57:23.329  5235  5235 I HBD     : c update cached prediction status : false
03-02 00:57:23.329  5235  5235 I HBD     : h getDefaultInputRange : UNKNOWN
03-02 00:57:23.329  5235  5235 I HBD     : a currentState : 0
03-02 00:57:23.330  5235  5235 I HBD     : a [UpdatePolicy] [post] a: 0 cl: 65538 kit: [0/0] vt: 0 ir: 1
03-02 00:57:23.331  3202  3202 I HoneySpace.TaskStackChangeRepositoryImpl: onTaskRemoved : 44875
03-02 00:57:23.331  3202  3202 I HoneySpace.TaskListViewModel[160530624]: taskRemoveId, 44875
03-02 00:57:23.331  3202  3202 W HoneySpace.TaskListViewModel[160530624]: task is already removed: 44875
03-02 00:57:23.333  1507  1507 I SurfaceFlinger: [LayerHierarchy{RequestedLayerState{Task=44875#156115 z=40} 1 children}] reparent to OffscreenRoot
03-02 00:57:23.333  1507  1507 I SurfaceFlinger: [LayerHierarchy{RequestedLayerState{Task=44875#156115 z=40} 1 children}] RelativeParent to null
03-02 00:57:23.333  1507  1507 I SurfaceFlinger: [LayerHierarchy{RequestedLayerState{ActivityRecord{171922642 u0 com.podcast.app.debug.test/androidx.test.core.app.InstrumentationActivityInvoker$EmptyActivity t44875}#156116} 1 children}] reparent to OffscreenRoot
03-02 00:57:23.333  1507  1507 I SurfaceFlinger: [LayerHierarchy{RequestedLayerState{ActivityRecord{171922642 u0 com.podcast.app.debug.test/androidx.test.core.app.InstrumentationActivityInvoker$EmptyActivity t44875}#156116} 1 children}] RelativeParent to null
03-02 00:57:23.333  1507  1507 I SurfaceFlinger: [LayerHierarchy{RequestedLayerState{Task=44875#156159 z=40} no children}] reparent to OffscreenRoot
03-02 00:57:23.333  1507  1507 I SurfaceFlinger: [LayerHierarchy{RequestedLayerState{Task=44875#156159 z=40} no children}] RelativeParent to null
03-02 00:57:23.333  1507  1507 I SurfaceFlinger: [Surface(name=2141cda InputMethod)/@0x5ea0b56 - animation-leash of insets_animation#156160] attach to parent LayerHierarchy{RequestedLayerState{WindowToken{4048e94 type=2011 android.os.Binder@219c2e7}#143 parentId=15} 2 children}
03-02 00:57:23.337  1507  1507 I SurfaceFlinger: onHandleDestroyed: layerId=156159, name=Task=44875#156159
03-02 00:57:23.337  1507  1507 I SurfaceFlinger: id=156159 Removed Task=44875#156159 (351)
03-02 00:57:23.337  1507  1507 I SurfaceFlinger: onHandleDestroyed: layerId=156116, name=ActivityRecord{171922642 u0 com.podcast.app.debug.test/androidx.test.core.app.InstrumentationActivityInvoker$EmptyActivity t44875}#156116
03-02 00:57:23.337  1507  1507 I SurfaceFlinger: id=156116 Removed ActivityRecord{171922642 u0 com.podcast.app.debug.test/androidx.test.core.app.InstrumentationActivityInvoker$EmptyActivity t44875}#156116 (351)
03-02 00:57:23.338  1646  1892 I CameraService: onUidStateChanged: uid=10062, procState is changed. (1 -> 0)
03-02 00:57:23.339  5235  5235 I HBD     : a [NRIC] resetNoResponseState
03-02 00:57:23.339  5235  5235 I HBD     : c needOff = true , isForceOff = false, isNullInputClass : true
03-02 00:57:23.339  5235  5235 I HBD     : c update cached prediction status : false
03-02 00:57:23.339  5235  5235 I HBD     : b [AiWriter] setContact : com.podcast.app.debug
03-02 00:57:23.339  5235  5235 I HBD     : a [AiWriter] setContact : com.podcast.app.debug
03-02 00:57:23.339  5235  5235 I HBD     : o0 EBD si S 0
03-02 00:57:23.339  5235  5235 I HBD     : r updateContactDBLanguage : 65538
03-02 00:57:23.339  5235  5235 I HBD     : g isCoverDisplay : false, cached selected json info : SelectedLanguageInfo(languageVersion=4.2, currentLanguageOrder=0, selectedLanguageList=[SelectedLanguage(id=65538, isUsed=true, engName=English, inputType=qwerty, activeOptionList=[auto_replace, auto_spacing, writing_assistant, prediction], bilingualId=-1), SelectedLanguage(id=5308416, isUsed=true, engName=Arabic, inputType=qwerty, activeOptionList=[auto_replace, auto_spacing, prediction], bilingualId=-1)])
03-02 00:57:23.340  5235  5235 I HBD     : g updateSelectedLanguageCache is succeeded. English
03-02 00:57:23.340  2013  3345 I ImeTracker: system_server:467e3985: onRequestHide at ORIGIN_SERVER reason IME_REQUESTED_CHANGED_LISTENER fromUser false
03-02 00:57:23.340  5235  5235 I HBD     : l writeToFile path : /data/user/0/com.samsung.android.honeyboard/files/selected.json
03-02 00:57:23.340  5235  5235 I HBD     : l writeToFile json : {"version":"4.2","currentLanguageOrder":0,"selected":[{"activeOptionList":["auto_replace","auto_spacing","writing_assistant","prediction"],"bilingualId":-1,"engName":"English","id":65538,"inputType":"qwerty","isUsed":true},{"activeOptionList":["auto_replace","auto_spacing","prediction"],"bilingualId":-1,"engName":"Arabic","id":5308416,"inputType":"qwerty","isUsed":true}]}
03-02 00:57:23.344  1507  1507 I SurfaceFlinger: destroyed 8d6b934 ActivityRecordInputSink com.podcast.app.debug.test/androidx.test.core.app.InstrumentationActivityInvoker$EmptyActivity#156141
03-02 00:57:23.344  1507  1507 I SurfaceFlinger: destroyed ActivityRecord{171922642 u0 com.podcast.app.debug.test/androidx.test.core.app.InstrumentationActivityInvoker$EmptyActivity t44875}#156116
03-02 00:57:23.344  1507  1507 I SurfaceFlinger: destroyed Task=44875#156159
03-02 00:57:23.344  5235  5235 I HBD     : l writeToFile complete
03-02 00:57:23.344  3202 31843 I HoneySpace.RecentTasks: onRunningTaskVanished
03-02 00:57:23.345  5235  5235 I HBD     : g isCoverDisplay : false, cached selected json info : SelectedLanguageInfo(languageVersion=4.2, currentLanguageOrder=0, selectedLanguageList=[SelectedLanguage(id=65538, isUsed=true, engName=English, inputType=qwerty, activeOptionList=[auto_replace, auto_spacing, writing_assistant, prediction], bilingualId=-1), SelectedLanguage(id=5308416, isUsed=true, engName=Arabic, inputType=qwerty, activeOptionList=[auto_replace, auto_spacing, prediction], bilingualId=-1)])
03-02 00:57:23.345  5235  5235 I HBD     : n updateActionOptionFromPreference isCover = false
03-02 00:57:23.345  5235  5235 I HBD     : n before lang.activeOptionList =  [auto_replace, auto_spacing, writing_assistant, prediction]
03-02 00:57:23.345  3202 31843 I HoneySpace.RecentTasks: onRecentTasksChanged
03-02 00:57:23.345  5235 18596 I HBD     : l Write selected lang for DE
03-02 00:57:23.345  5235 18596 I HBD     : l writeToFile path : /data/user_de/0/com.samsung.android.honeyboard/files/selected.json
03-02 00:57:23.345  2746  2746 D SystemUIService: SYSUI_RAM_OPTIMIZATION onTrimMemory=20
03-02 00:57:23.345  5235 18596 I HBD     : l writeToFile json : {"version":"4.2","currentLanguageOrder":0,"selected":[{"activeOptionList":["auto_replace","auto_spacing","writing_assistant","prediction"],"bilingualId":-1,"engName":"English","id":65538,"inputType":"qwerty","isUsed":true},{"activeOptionList":["auto_replace","auto_spacing","prediction"],"bilingualId":-1,"engName":"Arabic","id":5308416,"inputType":"qwerty","isUsed":true}]}
03-02 00:57:23.345  2746  2746 D CentralSurfaces: SYSUI_RAM_OPTIMIZATION onTrimMemory=20
03-02 00:57:23.345  1507  1507 I Layer   : id=156141 Destroyed 8d6b934 ActivityRecordInputSink com.podcast.app.debug.test/androidx.test.core.app.InstrumentationActivityInvoker$EmptyActivity#156141
03-02 00:57:23.345  1507  1507 I Layer   : id=156116 Destroyed ActivityRecord{171922642 u0 com.podcast.app.debug.test/androidx.test.core.app.InstrumentationActivityInvoker$EmptyActivity t44875}#156116
03-02 00:57:23.346  1507  1507 I Layer   : id=156159 Destroyed Task=44875#156159
03-02 00:57:23.347  3202  3386 I HoneySpace.TopTaskSource: onTaskRemoved: 44875
03-02 00:57:23.347  5235  5235 I HBD     : n after lang.activeOptionList = [auto_replace, auto_spacing, writing_assistant, prediction]
03-02 00:57:23.348  5235  5235 I HBD     : l writeToFile path : /data/user/0/com.samsung.android.honeyboard/files/selected.json
03-02 00:57:23.349  2746  2870 D HWUI    : CacheManager::trimMemory(20)
03-02 00:57:23.349  5235  5235 I HBD     : l writeToFile json : {"version":"4.2","currentLanguageOrder":0,"selected":[{"activeOptionList":["auto_replace","auto_spacing","writing_assistant","prediction"],"bilingualId":-1,"engName":"English","id":65538,"inputType":"qwerty","isUsed":true},{"activeOptionList":["auto_replace","auto_spacing","prediction"],"bilingualId":-1,"engName":"Arabic","id":5308416,"inputType":"qwerty","isUsed":true}]}
03-02 00:57:23.349  2013  2067 I ImeTracker: system_server:467e3985: onCancelled at PHASE_SERVER_SHOULD_HIDE
03-02 00:57:23.350  5235 18596 I HBD     : l writeToFile complete
03-02 00:57:23.350  2013  4835 I WindowManager: Relayout Window{759113 u0 Splash Screen com.podcast.app.debug}: viewVisibility=8 req=1080x2340 ty=3 d0
03-02 00:57:23.351  5235  5235 I HBD     : l writeToFile complete
03-02 00:57:23.352  5235  5235 I HBD     : m normal : updateLanguage : English
03-02 00:57:23.353  5235 18597 I HBD     : l Write selected lang for DE
03-02 00:57:23.353  5235  5235 I HBD     : g isCoverDisplay : false, cached selected json info : SelectedLanguageInfo(languageVersion=4.2, currentLanguageOrder=0, selectedLanguageList=[SelectedLanguage(id=65538, isUsed=true, engName=English, inputType=qwerty, activeOptionList=[auto_replace, auto_spacing, writing_assistant, prediction], bilingualId=-1), SelectedLanguage(id=5308416, isUsed=true, engName=Arabic, inputType=qwerty, activeOptionList=[auto_replace, auto_spacing, prediction], bilingualId=-1)])
03-02 00:57:23.353  5235 18597 I HBD     : l writeToFile path : /data/user_de/0/com.samsung.android.honeyboard/files/selected.json
03-02 00:57:23.353  5235 18597 I HBD     : l writeToFile json : {"version":"4.2","currentLanguageOrder":0,"selected":[{"activeOptionList":["auto_replace","auto_spacing","writing_assistant","prediction"],"bilingualId":-1,"engName":"English","id":65538,"inputType":"qwerty","isUsed":true},{"activeOptionList":["auto_replace","auto_spacing","prediction"],"bilingualId":-1,"engName":"Arabic","id":5308416,"inputType":"qwerty","isUsed":true}]}
03-02 00:57:23.354  5235  5235 I HBD     : g isCoverDisplay : false, cached selected json info : SelectedLanguageInfo(languageVersion=4.2, currentLanguageOrder=0, selectedLanguageList=[SelectedLanguage(id=65538, isUsed=true, engName=English, inputType=qwerty, activeOptionList=[auto_replace, auto_spacing, writing_assistant, prediction], bilingualId=-1), SelectedLanguage(id=5308416, isUsed=true, engName=Arabic, inputType=qwerty, activeOptionList=[auto_replace, auto_spacing, prediction], bilingualId=-1)])
03-02 00:57:23.354  5235  5235 I HBD     : n updateActionOptionFromPreference isCover = false
03-02 00:57:23.354  5235  5235 I HBD     : n before lang.activeOptionList =  [auto_replace, auto_spacing, writing_assistant, prediction]
03-02 00:57:23.354  2013  4835 I WindowManager: Relayout hash=759113, pid=2746, syncId=-1: mAttrs={(0,0)(fillxfill) sim={adjust=pan} layoutInDisplayCutoutMode=always ty=APPLICATION_STARTING fmt=TRANSLUCENT wanim=0x1030317
03-02 00:57:23.354  2013  4835 I WindowManager:   fl=81030118
03-02 00:57:23.354  2013  4835 I WindowManager:   pfl=10000810
03-02 00:57:23.354  2013  4835 I WindowManager:   bhv=1
03-02 00:57:23.354  2013  4835 I WindowManager:   fitSides=0
03-02 00:57:23.354  2013  4835 I WindowManager:   frameRateBoostOnTouch=true
03-02 00:57:23.354  2013  4835 I WindowManager:   dvrrWindowFrameRateHint=true naviIconColor=0}
03-02 00:57:23.355  2746  2808 I VRI[debug]@8e3c403: onActiveControlsChanged, removed=false, mAdded=true, caller=android.view.ViewRootImpl.handleInsetsControlChanged:3002 android.view.ViewRootImpl.relayoutWindow:11629 android.view.ViewRootImpl.performTraversals:4804 android.view.ViewRootImpl.doTraversal:3924 android.view.ViewRootImpl$TraversalRunnable.run:12903
03-02 00:57:23.355  5235  5235 I HBD     : n after lang.activeOptionList = [auto_replace, auto_spacing, writing_assistant, prediction]
03-02 00:57:23.355  2746  2808 I BLASTBufferQueue: [VRI[debug]@8e3c403#7710](f:0,a:1,s:0) destructor()
03-02 00:57:23.355  2746  2808 D BufferQueueConsumer: [VRI[debug]@8e3c403#7710(BLAST Consumer)7710](id:aba00001e1e,api:0,p:-1,c:2746) disconnect
03-02 00:57:23.355  2746  2808 I VRI[debug]@8e3c403: Relayout returned: old=(0,0,1080,2340) new=(0,0,1080,2340) relayoutAsync=false req=(1080,2340)8 dur=13 res=0x2 s={false 0x0} ch=true seqId=0
03-02 00:57:23.355  2746  2808 D VRI[debug]@8e3c403: Not drawing due to not visible. Reason=View.GONE
03-02 00:57:23.355  2746  2808 W WindowOnBackDispatcher: sendCancelIfRunning: isInProgress=false callback=android.view.ViewRootImpl$$ExternalSyntheticLambda16@1f423ac
03-02 00:57:23.355  2746  2808 I VRI[debug]@8e3c403: dispatchDetachedFromWindow
03-02 00:57:23.356  5235 18597 I HBD     : l writeToFile complete
03-02 00:57:23.356  5235  5235 I HBD     : l writeToFile path : /data/user/0/com.samsung.android.honeyboard/files/selected.json
03-02 00:57:23.356  5235  5235 I HBD     : l writeToFile json : {"version":"4.2","currentLanguageOrder":0,"selected":[{"activeOptionList":["auto_replace","auto_spacing","writing_assistant","prediction"],"bilingualId":-1,"engName":"English","id":65538,"inputType":"qwerty","isUsed":true},{"activeOptionList":["auto_replace","auto_spacing","prediction"],"bilingualId":-1,"engName":"Arabic","id":5308416,"inputType":"qwerty","isUsed":true}]}
03-02 00:57:23.359  5235  5235 I HBD     : l writeToFile complete
03-02 00:57:23.360  5235  5235 I HBD     : m normal : updateLanguage : English
03-02 00:57:23.360  2013  3648 D InputTransport: Input channel destroyed: '759113 ', fd=964
03-02 00:57:23.360  5235  5235 I HBD     : g isCoverDisplay : false, cached selected json info : SelectedLanguageInfo(languageVersion=4.2, currentLanguageOrder=0, selectedLanguageList=[SelectedLanguage(id=65538, isUsed=true, engName=English, inputType=qwerty, activeOptionList=[auto_replace, auto_spacing, writing_assistant, prediction], bilingualId=-1), SelectedLanguage(id=5308416, isUsed=true, engName=Arabic, inputType=qwerty, activeOptionList=[auto_replace, auto_spacing, prediction], bilingualId=-1)])
03-02 00:57:23.360  5235 18598 I HBD     : l Write selected lang for DE
03-02 00:57:23.361  5235 18598 I HBD     : l writeToFile path : /data/user_de/0/com.samsung.android.honeyboard/files/selected.json
03-02 00:57:23.361  5235 18598 I HBD     : l writeToFile json : {"version":"4.2","currentLanguageOrder":0,"selected":[{"activeOptionList":["auto_replace","auto_spacing","writing_assistant","prediction"],"bilingualId":-1,"engName":"English","id":65538,"inputType":"qwerty","isUsed":true},{"activeOptionList":["auto_replace","auto_spacing","prediction"],"bilingualId":-1,"engName":"Arabic","id":5308416,"inputType":"qwerty","isUsed":true}]}
03-02 00:57:23.361  5235  5235 I HBD     : g isCoverDisplay : false, cached selected json info : SelectedLanguageInfo(languageVersion=4.2, currentLanguageOrder=0, selectedLanguageList=[SelectedLanguage(id=65538, isUsed=true, engName=English, inputType=qwerty, activeOptionList=[auto_replace, auto_spacing, writing_assistant, prediction], bilingualId=-1), SelectedLanguage(id=5308416, isUsed=true, engName=Arabic, inputType=qwerty, activeOptionList=[auto_replace, auto_spacing, prediction], bilingualId=-1)])
03-02 00:57:23.361  5235  5235 I HBD     : g updateSelectedLanguageCache is succeeded. English
03-02 00:57:23.362  5235  5235 I HBD     : l writeToFile path : /data/user/0/com.samsung.android.honeyboard/files/selected.json
03-02 00:57:23.362  5235  5235 I HBD     : l writeToFile json : {"version":"4.2","currentLanguageOrder":0,"selected":[{"activeOptionList":["auto_replace","auto_spacing","writing_assistant","prediction"],"bilingualId":-1,"engName":"English","id":65538,"inputType":"qwerty","isUsed":true},{"activeOptionList":["auto_replace","auto_spacing","prediction"],"bilingualId":-1,"engName":"Arabic","id":5308416,"inputType":"qwerty","isUsed":true}]}
03-02 00:57:23.363  2746  2808 D InputTransport: Input channel destroyed: '759113 ', fd=442
03-02 00:57:23.365  5235  5235 I HBD     : l writeToFile complete
03-02 00:57:23.365  5235 18598 I HBD     : l writeToFile complete
03-02 00:57:23.366  2013  3566 W system_server: Large reply transaction of 325152 bytes, interface descriptor android.app.IActivityTaskManager, code 26
03-02 00:57:23.366  5235 18599 I HBD     : l Write selected lang for DE
03-02 00:57:23.366  5235 18599 I HBD     : l writeToFile path : /data/user_de/0/com.samsung.android.honeyboard/files/selected.json
03-02 00:57:23.366  5235 18599 I HBD     : l writeToFile json : {"version":"4.2","currentLanguageOrder":0,"selected":[{"activeOptionList":["auto_replace","auto_spacing","writing_assistant","prediction"],"bilingualId":-1,"engName":"English","id":65538,"inputType":"qwerty","isUsed":true},{"activeOptionList":["auto_replace","auto_spacing","prediction"],"bilingualId":-1,"engName":"Arabic","id":5308416,"inputType":"qwerty","isUsed":true}]}
03-02 00:57:23.367  1507  1507 I SurfaceFlinger: RequestedLayer [Surface(name=2141cda InputMethod)/@0[...]ion-leash of insets_animation#156160] hidden!! flag  from(1) --> to(0)
03-02 00:57:23.367  1507  1507 E SurfaceFlinger: alpha changed 1.000 -> 0.000 - Surface(name=2141cda InputMethod)/@0x5ea0b56 - animation-leash of insets_animation#156160
03-02 00:57:23.367  1507  1507 I SurfaceFlinger: RequestedLayer [Splash Screen com.podcast.app.debug$_2746#156150] hidden!! flag  from(0) --> to(1)
03-02 00:57:23.367  1507  1507 I SurfaceFlinger: [LayerHierarchy{RequestedLayerState{ImeContainer#15 parentId=156148 relativeParentId=156148 z=3} 1 children}] reparent to LayerHierarchy{RequestedLayerState{ActivityRecord{109785505 u0 com.podcast.app.debug/androidx.activity.ComponentActivity t44876}#156148 parentId=156147} 4 children}
03-02 00:57:23.367  1507  1507 I SurfaceFlinger: [LayerHierarchy{RequestedLayerState{ImeContainer#15 parentId=156148 relativeParentId=156148 z=3} 1 children}] RelativeParent to null
03-02 00:57:23.367  1507  1507 I SurfaceFlinger: [LayerHierarchy{RequestedLayerState{2141cda InputMethod#159 parentId=156160} no children}] reparent to LayerHierarchy{RequestedLayerState{Surface(name=2141cda InputMethod)/@0x5ea0b56 - animation-leash of insets_animation#156160 parentId=143} 1 children}
03-02 00:57:23.367  1507  1507 I SurfaceFlinger: [LayerHierarchy{RequestedLayerState{Surface(name=2141cda InputMethod)/@0x5ea0b56 - animation-leash of insets_animation#156145} no children}] reparent to OffscreenRoot
03-02 00:57:23.367  1507  1507 I SurfaceFlinger: [LayerHierarchy{RequestedLayerState{Surface(name=2141cda InputMethod)/@0x5ea0b56 - animation-leash of insets_animation#156145} no children}] RelativeParent to null
03-02 00:57:23.367  1507  1507 I SurfaceFlinger: [LayerHierarchy{RequestedLayerState{61e1481 com.podcast.app.debug/androidx.activity.ComponentActivity#156151 parentId=156148} 1 children}] reparent to LayerHierarchy{RequestedLayerState{ActivityRecord{109785505 u0 com.podcast.app.debug/androidx.activity.ComponentActivity t44876}#156148 parentId=156147} 5 children}
03-02 00:57:23.367  1507  1507 I SurfaceFlinger: [LayerHierarchy{RequestedLayerState{Surface(name=61e1481 com.podcast.app.debug/androidx.activity.ComponentActivity)/@0x7b93e55 - animation-leash of starting_reveal#156158} no children}] reparent to OffscreenRoot
03-02 00:57:23.367  1507  1507 I SurfaceFlinger: [LayerHierarchy{RequestedLayerState{Surface(name=61e1481 com.podcast.app.debug/androidx.activity.ComponentActivity)/@0x7b93e55 - animation-leash of starting_reveal#156158} no children}] RelativeParent to null
03-02 00:57:23.368  5235  5235 I HBD     : g isCoverDisplay : false, cached selected json info : SelectedLanguageInfo(languageVersion=4.2, currentLanguageOrder=0, selectedLanguageList=[SelectedLanguage(id=65538, isUsed=true, engName=English, inputType=qwerty, activeOptionList=[auto_replace, auto_spacing, writing_assistant, prediction], bilingualId=-1), SelectedLanguage(id=5308416, isUsed=true, engName=Arabic, inputType=qwerty, activeOptionList=[auto_replace, auto_spacing, prediction], bilingualId=-1)])
03-02 00:57:23.368  5235  5235 I HBD     : g updateSelectedLanguageCache is succeeded. English
03-02 00:57:23.368  2013  3566 D SecContentProvider: query(), uri = 17 selection = isSettingsChangesAllowed
03-02 00:57:23.372  5235  5235 I HBD     : l writeToFile path : /data/user/0/com.samsung.android.honeyboard/files/selected.json
03-02 00:57:23.372  5235  5235 I HBD     : l writeToFile json : {"version":"4.2","currentLanguageOrder":0,"selected":[{"activeOptionList":["auto_replace","auto_spacing","writing_assistant","prediction"],"bilingualId":-1,"engName":"English","id":65538,"inputType":"qwerty","isUsed":true},{"activeOptionList":["auto_replace","auto_spacing","prediction"],"bilingualId":-1,"engName":"Arabic","id":5308416,"inputType":"qwerty","isUsed":true}]}
03-02 00:57:23.374  1507  2128 I SurfaceFlinger: onHandleDestroyed: layerId=156145, name=Surface(name=2141cda InputMethod)/@0x5ea0b56 - animation-leash of insets_animation#156145
03-02 00:57:23.375  1507  2128 I SurfaceFlinger: id=156145 Removed Surface(name=2141cda InputMethod)/@0x5ea0b56 - animation-leash of insets_animation#156145 (348)
03-02 00:57:23.376  5235 18599 I HBD     : l writeToFile complete
03-02 00:57:23.377  5235  5235 I HBD     : l writeToFile complete
03-02 00:57:23.377  2013  3648 D SecContentProvider: query(), uri = 17 selection = isSettingsChangesAllowed
03-02 00:57:23.378  5235  5235 I HBD     : a [UpdatePolicy] [post] a: 31 cl: 65538 kit: [0/0] vt: 0 ir: 1
03-02 00:57:23.378  5235 12846 I HBD     : u updated Sub Types. English
03-02 00:57:23.378  2013  3648 D SecContentProvider: query(), uri = 17 selection = isSettingsChangesAllowed
03-02 00:57:23.379  5235  5235 I HBD     : HoneyBoardService [PF_OP][onStartInput]  54 ms
03-02 00:57:23.379  2013  3345 W ParceledListSlice: Element #30 is 21544 bytes.
03-02 00:57:23.379  5235  5235 I InputMethodService: scheduleImeSurfaceRemoval: canceled, mShowInputRequested=false, mWindowVisible=false, IsmWindowNull=false, IsmImeSurfaceRemoverRunnableNotNull=true
03-02 00:57:23.381  1507  1507 D SurfaceFlinger: Display 4627039422300187648 HWC layers:
03-02 00:57:23.381  1507  1507 D SurfaceFlinger:   SOLID_COLOR |                        0 | 00000002 | N/A          |    0.0    0.0    0.0    0.0 |    0    0   -1   -1 | Background for 68eb87 SurfaceView[co[...]weme.splash.SplashActivity]@0#156133 (0)
03-02 00:57:23.381  1507  1507 D SurfaceFlinger:   SOLID_COLOR |                        0 | 00000002 | N/A          |    0.0    0.0    0.0    0.0 |    0    0   -1   -1 | Background for 7086fb SurfaceView[co[...]weme.splash.SplashActivity]@0#156136 (0)
03-02 00:57:23.381  1507  1507 D SurfaceFlinger:   SOLID_COLOR |                        0 | 00000002 | N/A          |    0.0    0.0    0.0    0.0 |    0    0   -1   -1 | Background for 836459b SurfaceView[c[...]weme.splash.SplashActivity]@0#156139 (0)
03-02 00:57:23.381  1507  1507 D SurfaceFlinger:        CLIENT |           63930588202117 | 00000102 | 0x32315659   |  169.0    0.0  720.0 1280.0 |    0   80  827 2000 | 7086fb SurfaceView[com.zhiliaoapp.mu[...]lash.SplashActivity]@0(BLAST)#156135 (7)
03-02 00:57:23.381  1507  1507 D SurfaceFlinger:        CLIENT |           63930588202094 | 00002100 | RGBA_8888    |  253.0    0.0 1080.0 2340.0 |    0    0 1080 2340 | com.zhiliaoapp.musically/com.ss.andr[...].splash.S
03-02 00:57:23.381  1507  1507 D SurfaceFlinger: plashActivity$_14885#156127 (6)
03-02 00:57:23.381  1507  1507 D SurfaceFlinger:   SOLID_COLOR |                        0 | 00000000 | N/A          |    0.0    0.0    0.0    0.0 |    0    0 1080 2340 | DimTransitionLayer for Surface(name=Task=44876)/@0x69ed957#156157 (0)
03-02 00:57:23.381  1507  1507 D SurfaceFlinger:        DEVICE |           73534135074893 | 00002102 | RGBA_8888    |    0.0    0.0  811.0 2340.0 |  269    0 1080 2340 | com.podcast.app.debug/androidx.activity.ComponentActivity$_17121#156152 (1)
03-02 00:57:23.381  1507  1507 D SurfaceFlinger:        DEVICE |           11793980281854 | 00002100 | RGBA_8888    |    0.0    0.0 1080.0   80.0 |    0    0 1080   80 | StatusBar$_2746#117 (211048)
03-02 00:57:23.381  1507  1507 D SurfaceFlinger:        DEVICE |           13752485304097 | 00002100 | RGBA_8888    |    0.0    0.0   67.0  346.0 | 1013  454 1080  800 | com.sec.android.app.launcher/com.sam[...].app.CocktailBarService$_3202#152779 (1)
03-02 00:57:23.381  1507  1507 D SurfaceFlinger:        DEVICE |           11793980281853 | 00002100 | RGBA_8888    |    0.0    0.0 1080.0  135.0 |    0 2205 1080 2340 | NavigationBar0$_2746#113 (187769)
03-02 00:57:23.381  1507  1507 D SurfaceFlinger:
03-02 00:57:23.382  1507  1507 I SurfaceFlinger: destroyed Surface(name=2141cda InputMethod)/@0x5ea0b56 - animation-leash of insets_animation#156145
03-02 00:57:23.384  2013  4823 D SecContentProvider: query(), uri = 17 selection = isSettingsChangesAllowed
03-02 00:57:23.386  1507  1507 I Layer   : id=156145 Destroyed Surface(name=2141cda InputMethod)/@0x5ea0b56 - animation-leash of insets_animation#156145
03-02 00:57:23.387  5235 18600 I HBD     : l Write selected lang for DE
03-02 00:57:23.388  5235 18600 I HBD     : l writeToFile path : /data/user_de/0/com.samsung.android.honeyboard/files/selected.json
03-02 00:57:23.388  5235 18600 I HBD     : l writeToFile json : {"version":"4.2","currentLanguageOrder":0,"selected":[{"activeOptionList":["auto_replace","auto_spacing","writing_assistant","prediction"],"bilingualId":-1,"engName":"English","id":65538,"inputType":"qwerty","isUsed":true},{"activeOptionList":["auto_replace","auto_spacing","prediction"],"bilingualId":-1,"engName":"Arabic","id":5308416,"inputType":"qwerty","isUsed":true}]}
03-02 00:57:23.388  5235 18603 I HBD     : b InputMethodSubtype is set as local:en_GB
03-02 00:57:23.391  5235 12847 I HBD     : u updated Sub Types. English
03-02 00:57:23.391  5235 18600 I HBD     : l writeToFile complete
03-02 00:57:23.391  5235 18601 I HBD     : b InputMethodSubtype is set as local:en_GB
03-02 00:57:23.393  2013  4835 W system_server: Large reply transaction of 325152 bytes, interface descriptor android.app.IActivityTaskManager, code 26
03-02 00:57:23.398  1445  2902 W C2MtkBufferManager: [0xB4000070F507E520] fetchNewCcBlock: wait fence 0x0xb4000070f5058270 timed out. ret 110
03-02 00:57:23.417  1507  1825 I SurfaceFlinger: Capture layer list: 	 com.zhiliaoapp.musically/com.ss.android.ugc.aweme.splash.SplashActivity$_14885#156127(seamlessTransition:0)
03-02 00:57:23.417  1507  1825 I SurfaceFlinger: Capture layer list: 	 DimTransitionLayer for Surface(name=Task=44876)/@0x69ed957#156157(seamlessTransition:0)
03-02 00:57:23.417  1507  1825 I SurfaceFlinger: Capture layer list: 	 com.podcast.app.debug/androidx.activity.ComponentActivity$_17121#156152(seamlessTransition:0)
03-02 00:57:23.438  3202  3202 I HoneySpace.EdgePanel.EdgeVisibilityRepository: getComputedTrayVisible : keyguardState = 1
03-02 00:57:23.438  3202  3202 I HoneySpace.EdgePanel.EdgeVisibilityRepository: updateTrayVisible: State = 0x1, visible = true, current containerState = 0, specificMode = 0
03-02 00:57:23.438  3202  3202 I HoneySpace.EdgePanel.EdgeVisibilityRepository: Same container state 0
03-02 00:57:23.461  1450 18594 I mtkpower_client: perf_lock_rel, hdl:76549, pid: 1450, tid:18594
03-02 00:57:23.461  1450 18594 I mtkpower_client: perf_lock_acq, hdl:0, dur:0, num:2, pid:1450, tid:18594
03-02 00:57:23.461  5235 12846 I HBD     : a [SKE_SPECIFIC] specific model[com.podcast.app.debug] loaded, 79940923 ns
03-02 00:57:23.462  1464  1529 I libPowerHal: [perfLockRel] hdl:76549, idx:2
03-02 00:57:23.463  1464  1529 I libPowerHal: [set_cpuidle] enable:1, fd:17, scn:0xb40000737b607270
03-02 00:57:23.463  1464  1529 I libPowerHal: [PD] vendor.samsung. update cmd:1c3c100 param:1 pr:6
03-02 00:57:23.464  1464  1529 I libPowerHal: [perfLockRel] Done for hdl : 76549
03-02 00:57:23.464  1450 18594 I mtkpower_client: ret_hdl:76553
03-02 00:57:23.464  1450 18594 I mtkpower_client: perf_lock_rel, hdl:76551, pid: 1450, tid:18594
03-02 00:57:23.464  1464  1529 I libPowerHal: [perfLockAcq] idx:5 hdl:76553 hint:-1 pid:1450 tid:18594 duration:0 lock_user:vendor.samsung. => ret_hdl:76553
03-02 00:57:23.464  1464  1529 I libPowerHal: [set_cpuidle] enable:0, fd:17, scn:0xb40000737b610cd8
03-02 00:57:23.464  1464  1529 I libPowerHal: [get_cpu_dma_latency_value] 0
03-02 00:57:23.464  1464  1529 I libPowerHal: [PE] vendor.samsung. update cmd:1c3c100 param:0 pr:3
03-02 00:57:23.464  1464  1529 I libPowerHal: [perfLockAcq] Done for hdl : 76553
03-02 00:57:23.465  1450 18594 I mtkpower_client: perf_lock_acq, hdl:0, dur:0, num:2, pid:1450, tid:18594
03-02 00:57:23.465  1464  1529 I libPowerHal: [perfLockRel] hdl:76551, idx:7
03-02 00:57:23.465  1464  1529 I libPowerHal: [PD] vendor.samsung. update cmd:1000000 param:-1 pr:6
03-02 00:57:23.466  1464  1529 I libPowerHal: [perfLockRel] Done for hdl : 76551
03-02 00:57:23.466  1450 18594 I mtkpower_client: ret_hdl:76554
03-02 00:57:23.467  1464  1529 I libPowerHal: [perfLockAcq] idx:2 hdl:76554 hint:-1 pid:1450 tid:18594 duration:0 lock_user:vendor.samsung. => ret_hdl:76554
03-02 00:57:23.467  1450 18594 I HYPER-HAL: [RequestManager.cpp]releaseLocked(): Released ID : 2063514
03-02 00:57:23.467  1464  1529 I libPowerHal: [setDvfsrcDevFreqOpp] opp:0, freq:4266000000
03-02 00:57:23.467  1464  1529 I libPowerHal: [PE] vendor.samsung. update cmd:1000000 param:0 pr:3
03-02 00:57:23.467  1464  1529 I libPowerHal: [perfLockAcq] Done for hdl : 76554
03-02 00:57:23.471  1445  2902 W C2MtkBufferManager: [0xB4000070F507E520] fetchNewCcBlock: wait fence 0x0xb4000070f5058270 timed out. ret 110
03-02 00:57:23.482  1444  1444 I hwcomposer: [HWCDisplay] (0 updateFps():4131), (type:1, mode:2) fps:87.970222,dur:1000.34,max:21.81,min:5.17
03-02 00:57:23.509  5235  5235 I InputMethodService: removeImeSurface
03-02 00:57:23.509  5235  5235 I InputMethodService: cancelImeSurfaceRemoval: removeCallbacks
03-02 00:57:23.517  1507  1825 I SurfaceFlinger: Capture layer list: 	 com.zhiliaoapp.musically/com.ss.android.ugc.aweme.splash.SplashActivity$_14885#156127(seamlessTransition:0)
03-02 00:57:23.517  1507  1825 I SurfaceFlinger: Capture layer list: 	 DimTransitionLayer for Surface(name=Task=44876)/@0x69ed957#156157(seamlessTransition:0)
03-02 00:57:23.517  1507  1825 I SurfaceFlinger: Capture layer list: 	 com.podcast.app.debug/androidx.activity.ComponentActivity$_17121#156152(seamlessTransition:0)
03-02 00:57:23.544  1445  2902 W C2MtkBufferManager: [0xB4000070F507E520] fetchNewCcBlock: wait fence 0x0xb4000070f5058270 timed out. ret 110
03-02 00:57:23.597  1628  1637 E thermal_core: find_tz_idx_by_name:"Failed to find thermal zone index of ap_ntc\n"
03-02 00:57:23.598  1628  1637 E thermal_core: find_tz_idx_by_name:"Failed to find thermal zone index of mtk-master-charger\n"
03-02 00:57:23.617  1445  2902 W C2MtkBufferManager: [0xB4000070F507E520] fetchNewCcBlock: wait fence 0x0xb4000070f5058270 timed out. ret 110
03-02 00:57:23.617  1507  1825 I SurfaceFlinger: Capture layer list: 	 com.zhiliaoapp.musically/com.ss.android.ugc.aweme.splash.SplashActivity$_14885#156127(seamlessTransition:0)
03-02 00:57:23.617  1507  1825 I SurfaceFlinger: Capture layer list: 	 DimTransitionLayer for Surface(name=Task=44876)/@0x69ed957#156157(seamlessTransition:0)
03-02 00:57:23.617  1507  1825 I SurfaceFlinger: Capture layer list: 	 com.podcast.app.debug/androidx.activity.ComponentActivity$_17121#156152(seamlessTransition:0)
03-02 00:57:23.637  1507  1507 I BufferQueueProducer: [FramebufferSurface](this:0xb400007a458f0370,id:-1,api:1,p:1507,c:1507) queueBuffer: fps=58.69 dur=1005.21 max=353.94 min=5.69
03-02 00:57:23.650  1445  2902 D C2MtkBufferManager: over 5000ms not request from VCodec but callback hooked, slow BM Cc fetch thread. Last get time was 90607061ms ago.
03-02 00:57:23.690  1445  2902 W C2MtkBufferManager: [0xB4000070F507E520] fetchNewCcBlock: wait fence 0x0xb4000070f5058270 timed out. ret 110
03-02 00:57:23.703  1444  1444 D libcomposer_ext: DeviceImplAidl::DeviceClientContextAidl::NotifyHwcComposition()
03-02 00:57:23.703  1444  1444 D libcomposer_ext: DeviceImplAidl::DeviceClientContextAidl::NotifyHwcComposition()
03-02 00:57:23.703  1698  1698 D libcomposer_ext: ClientCallbackAidl::asyncPerform(12)
03-02 00:57:23.703  1698  1698 D libcomposer_ext: ClientImplAidl::ParseNotifyHwcComposition()
03-02 00:57:23.703  1507  2393 D libcomposer_ext: ClientCallbackAidl::asyncPerform(12)
03-02 00:57:23.703  1507  2393 D libcomposer_ext: ClientImplAidl::ParseNotifyHwcComposition()
03-02 00:57:23.703  1507  2393 D SurfaceFlinger: NotifyHwcComposition(), id 0, mode 0
03-02 00:57:23.704  1464  1492 I mtkpower@impl: [setMode] type:6, enabled:0
03-02 00:57:23.704  1464  1492 E mtkpower@impl: [setMode] unknown type
03-02 00:57:23.705  1507  1507 D SurfaceFlinger: Display 4627039422300187648 HWC layers:
03-02 00:57:23.705  1507  1507 D SurfaceFlinger:   SOLID_COLOR |                        0 | 00000002 | N/A          |    0.0    0.0    0.0    0.0 |    0    0   -1   -1 | Background for 68eb87 SurfaceView[co[...]weme.splash.SplashActivity]@0#156133 (0)
03-02 00:57:23.705  1507  1507 D SurfaceFlinger:   SOLID_COLOR |                        0 | 00000002 | N/A          |    0.0    0.0    0.0    0.0 |    0    0   -1   -1 | Background for 7086fb SurfaceView[co[...]weme.splash.SplashActivity]@0#156136 (0)
03-02 00:57:23.705  1507  1507 D SurfaceFlinger:   SOLID_COLOR |                        0 | 00000002 | N/A          |    0.0    0.0    0.0    0.0 |    0    0   -1   -1 | Background for 836459b SurfaceView[c[...]weme.splash.SplashActivity]@0#156139 (0)
03-02 00:57:23.705  1507  1507 D SurfaceFlinger:        DEVICE |           63930588202117 | 00000102 | 0x32315659   |    0.0    0.0    0.0    0.0 |    0    0   -1   -1 | 7086fb SurfaceView[com.zhiliaoapp.mu[...]lash.SplashActivity]@0(BLAST)#156135 (7)
03-02 00:57:23.705  1507  1507 D SurfaceFlinger:        DEVICE |           63930588202094 | 00002100 | RGBA_8888    |    0.0    0.0    0.0    0.0 |    0    0   -1   -1 | com.zhiliaoapp.musically/com.ss.andr[...].splash.S
03-02 00:57:23.705  1507  1507 D SurfaceFlinger: plashActivity$_14885#156127 (6)
03-02 00:57:23.705  1507  1507 D SurfaceFlinger:   SOLID_COLOR |                        0 | 00000000 | N/A          |    0.0    0.0    0.0    0.0 |    0    0   -1   -1 | DimTransitionLayer for Surface(name=Task=44876)/@0x69ed957#156157 (0)
03-02 00:57:23.705  1507  1507 D SurfaceFlinger:        DEVICE |           73534135074893 | 00002102 | RGBA_8888    |    0.0    0.0 1080.0 2340.0 |    0    0 1080 2340 | com.podcast.app.debug/androidx.activity.ComponentActivity$_17121#156152 (1)
03-02 00:57:23.705  1507  1507 D SurfaceFlinger:        DEVICE |           11793980281854 | 00002100 | RGBA_8888    |    0.0    0.0 1080.0   80.0 |    0    0 1080   80 | StatusBar$_2746#117 (211048)
03-02 00:57:23.705  1507  1507 D SurfaceFlinger:        DEVICE |           13752485304097 | 00002100 | RGBA_8888    |    0.0    0.0   67.0  346.0 | 1013  454 1080  800 | com.sec.android.app.launcher/com.sam[...].app.CocktailBarService$_3202#152779 (1)
03-02 00:57:23.705  1507  1507 D SurfaceFlinger:        DEVICE |           11793980281853 | 00002100 | RGBA_8888    |    0.0    0.0 1080.0  135.0 |    0 2205 1080 2340 | NavigationBar0$_2746#113 (187769)
03-02 00:57:23.705  1507  1507 D SurfaceFlinger:
03-02 00:57:23.708  2746  2798 I SurfaceControlRegistry: apply, t=FinishTransaction_SyncId<11270>, caller=android.view.SurfaceControl$Transaction.apply:3459 android.view.SurfaceControl$Transaction.apply:3447 android.view.SurfaceControl$Transaction.apply:3397 com.android.wm.shell.transition.Transitions.onFinish:315 com.android.wm.shell.transition.Transitions$$ExternalSyntheticLambda7.onTransitionFinished:12 com.android.wm.shell.transition.DefaultTransitionHandler$$ExternalSyntheticLambda6.run:36
03-02 00:57:23.712  1507  1507 I SurfaceFlinger: RequestedLayer [Task=44543#147901] hidden!! flag  from(0) --> to(1)
03-02 00:57:23.712  1507  1507 I SurfaceFlinger: [LayerHierarchy{RequestedLayerState{DimTransitionLayer for Surface(name=Task=44876)/@0x69ed957#156157 z=-1} no children}] reparent to OffscreenRoot
03-02 00:57:23.712  1507  1507 I SurfaceFlinger: [LayerHierarchy{RequestedLayerState{DimTransitionLayer for Surface(name=Task=44876)/@0x69ed957#156157 z=-1} no children}] RelativeParent to null
03-02 00:57:23.712  1507  1507 I SurfaceFlinger: [LayerHierarchy{RequestedLayerState{Task=44543#147901 parentId=10 z=41} 1 children}] reparent to LayerHierarchy{RequestedLayerState{DefaultTaskDisplayArea_d0#10 parentId=9} 45 children}
03-02 00:57:23.712  1507  1507 I SurfaceFlinger: [LayerHierarchy{RequestedLayerState{Transition Root: Task=44876#156155 z=42} 1 children}] reparent to OffscreenRoot
03-02 00:57:23.712  1507  1507 I SurfaceFlinger: [LayerHierarchy{RequestedLayerState{Transition Root: Task=44876#156155 z=42} 1 children}] RelativeParent to null
03-02 00:57:23.712  1507  1507 I SurfaceFlinger: [LayerHierarchy{RequestedLayerState{Task=44876#156147 parentId=10 z=42} 1 children}] reparent to LayerHierarchy{RequestedLayerState{DefaultTaskDisplayArea_d0#10 parentId=9} 45 children}
03-02 00:57:23.714  1507  1507 I SurfaceFlinger: onHandleDestroyed: layerId=156157, name=DimTransitionLayer for Surface(name=Task=44876)/@0x69ed957#156157
03-02 00:57:23.714  1507  1507 I SurfaceFlinger: id=156157 Removed DimTransitionLayer for Surface(name=Task=44876)/@0x69ed957#156157 (347)
03-02 00:57:23.714  1507  1507 I SurfaceFlinger: onHandleDestroyed: layerId=156155, name=Transition Root: Task=44876#156155
03-02 00:57:23.714  1507  1507 I SurfaceFlinger: id=156155 Removed Transition Root: Task=44876#156155 (347)
03-02 00:57:23.715 14885 14885 I VRI[SplashActivity]@35f4eb8: handleAppVisibility mAppVisible = true visible = false
03-02 00:57:23.716 14885 14885 D VRI[SplashActivity]@35f4eb8: visibilityChanged oldVisibility=true newVisibility=false
03-02 00:57:23.718  1507  1825 I SurfaceFlinger: Capture layer list: 	 com.podcast.app.debug/androidx.activity.ComponentActivity$_17121#156152(seamlessTransition:0)
03-02 00:57:23.719 14885 14895 I aoapp.musically: Background concurrent mark compact GC freed 32MB AllocSpace bytes, 76(10MB) LOS objects, 39% free, 72MB/120MB, paused 2.254ms,5.507ms total 429.713ms
03-02 00:57:23.722  2746  2746 D SystemUIService: SYSUI_RAM_OPTIMIZATION onTrimMemory=20
03-02 00:57:23.722 14885 14885 I SV[6876039 SplashActivity]: onWindowVisibilityChanged(8) false X.0fk7{68eb87 V.E...... ........ 0,80-1080,2000} of VRI[SplashActivity]@35f4eb8
03-02 00:57:23.722 14885 14885 I SurfaceView: 6876039 Changes: creating=false format=false size=false visible=true alpha=false hint=false left=false top=false z=false attached=true lifecycleStrategy=false
03-02 00:57:23.722 14885 14885 I SurfaceView: 6876039 Cur surface: Surface(name=null mNativeObject=509412505600)/@0x56b4ffd
03-02 00:57:23.722 14885 14885 I SurfaceView: 6876039 surfaceDestroyed
03-02 00:57:23.722 14885 14885 I SV[6876039 SplashActivity]: surfaceDestroyed callback.size 1 #2 X.0fk7{68eb87 V.E...... ........ 0,80-1080,2000}
03-02 00:57:23.722 14885 14885 I SV[6876039 SplashActivity]: updateSurface: mVisible = false mSurface.isValid() = true
03-02 00:57:23.722 14885 14885 I BLASTBufferQueue: [68eb87 SurfaceView[com.zhiliaoapp.musically/com.ss.android.ugc.aweme.splash.SplashActivity]@0#85](f:0,a:0,s:0) destructor()
03-02 00:57:23.723 14885 14885 D BufferQueueConsumer: [68eb87 SurfaceView[com.zhiliaoapp.musically/com.ss.android.ugc.aweme.splash.SplashActivity]@0#85(BLAST Consumer)85](id:3a2500000058,api:0,p:-1,c:14885) disconnect
03-02 00:57:23.723 14885 14885 I SV[6876039 SplashActivity]: releaseSurfaces: viewRoot = VRI[SplashActivity]@35f4eb8
03-02 00:57:23.723  1507  1507 I SurfaceFlinger: [Display 0 name="Built-in Screen"#49] setFrameRateCategory: Default
03-02 00:57:23.723  1507  1507 I SurfaceFlinger: destroyed DimTransitionLayer for Surface(name=Task=44876)/@0x69ed957#156157
03-02 00:57:23.723  1507  1507 I SurfaceFlinger: destroyed Transition Root: Task=44876#156155
03-02 00:57:23.724  2746  2746 D CentralSurfaces: SYSUI_RAM_OPTIMIZATION onTrimMemory=20
03-02 00:57:23.725  1507  1507 I Layer   : id=156155 Destroyed Transition Root: Task=44876#156155
03-02 00:57:23.725  2746  2870 D HWUI    : CacheManager::trimMemory(20)
03-02 00:57:23.725  1507  1507 I Layer   : id=156157 Destroyed DimTransitionLayer for Surface(name=Task=44876)/@0x69ed957#156157
03-02 00:57:23.725  1507  1507 E RefreshRateSelector: Can't find HRR max refresh rate by policy with the same group 0
03-02 00:57:23.723 14885 14885 V SurfaceView: Layout: x=4320 y=-2080 w=1080 h=1920, frame=Rect(0, 0 - 1080, 1920)
03-02 00:57:23.729 14885 14885 I SV[7374587 SplashActivity]: onWindowVisibilityChanged(8) false X.0fk7{7086fb V.E...... ........ 0,80-1080,2000} of VRI[SplashActivity]@35f4eb8
03-02 00:57:23.729 14885 14885 I SurfaceView: 7374587 Changes: creating=false format=false size=false visible=true alpha=false hint=false left=false top=false z=false attached=true lifecycleStrategy=false
03-02 00:57:23.729 14885 14885 I SurfaceView: 7374587 Cur surface: Surface(name=null mNativeObject=499546322432)/@0x5798c7e
03-02 00:57:23.729 14885 14885 I SurfaceView: 7374587 surfaceDestroyed
03-02 00:57:23.730 14885 14885 I SV[7374587 SplashActivity]: surfaceDestroyed callback.size 2 #2 X.0fk7{7086fb V.E...... ........ 0,80-1080,2000}
03-02 00:57:23.730  1646  2917 I CameraService: onUidStateChanged: uid=10235, procState is changed. (3 -> 4)
