03-02 00:57:06.953  1444  1808 D AAL     : [PQEngineInterface] DpEngineTDSHPConfigFrame(0) pqSessionId = a
03-02 00:57:06.953  1444  1808 D MDP     : [PQSession] getDpPqConfig() id[a] enable[0], scenario[1]
03-02 00:57:06.953  1444  1808 D MDP     : [PQSession] getDpPqConfig() enSharp[0] enDC[0] enColor[0] enHDR[0] enHDRVivid[0] enUR[0] enReFocus[0] enCcorr[0] enDRE[0] enHFG[0] enAIPQ[0] enAISDR2HDR[0] enAIRegionPQ[0] mAdaptiveEnable[0]
03-02 00:57:06.953  1444  1808 D AAL     : [PQEngineInterface] DpEngineTDSHPConfigFrame(0) tdshpEnable(0) enSharp(0) enDC(0) enHFG(0)
03-02 00:57:06.953  1444  1808 D MDP     : [PQSessionManager] PQSessionManager::getPQSession id[a]
03-02 00:57:06.953  1444  1808 D MDP     : [PQSessionManager] getPQSessionListHandle id[a]
03-02 00:57:06.953  1444  1808 D MDP     : [PQSessionManager] getPQSessionListHandle, find id[a]
03-02 00:57:06.953  1444  1808 D MDP     : [PQSession] getDpPqConfig() id[a] enable[0], scenario[1]
03-02 00:57:06.953  1444  1808 D MDP     : [PQSession] getDpPqConfig() enSharp[0] enDC[0] enColor[0] enHDR[0] enHDRVivid[0] enUR[0] enReFocus[0] enCcorr[0] enDRE[0] enHFG[0] enAIPQ[0] enAISDR2HDR[0] enAIRegionPQ[0] mAdaptiveEnable[0]
03-02 00:57:06.953  1444  1808 W AAL     : DpEngine_AAL: relay 1
03-02 00:57:06.953  1444  1808 D AAL     : [PQEngineInterface] DpEngineTDSHPConfigTile(0) InpSize: 807, 1920, OutSize: 807, 1920
03-02 00:57:06.953  1444  1808 D MDP     : [PQSessionManager] PQSessionManager::getPQSession id[a]
03-02 00:57:06.953  1444  1808 D MDP     : [PQSessionManager] getPQSessionListHandle id[a]
03-02 00:57:06.953  1444  1808 D MDP     : [PQSessionManager] getPQSessionListHandle, find id[a]
03-02 00:57:06.953  1444  1808 D PQ      : [PQHFGConfig] PQHFGConfig::isEnabled = 2
03-02 00:57:06.953  1444  1808 D MDP     : [PQSession] getDpPqConfig() id[a] enable[0], scenario[1]
03-02 00:57:06.953  1444  1808 D MDP     : [PQSession] getDpPqConfig() enSharp[0] enDC[0] enColor[0] enHDR[0] enHDRVivid[0] enUR[0] enReFocus[0] enCcorr[0] enDRE[0] enHFG[0] enAIPQ[0] enAISDR2HDR[0] enAIRegionPQ[0] mAdaptiveEnable[0]
03-02 00:57:06.953  1444  1808 D AAL     : [PQEngineInterface] DpEngineAALCongTile(0) MDP_aal_size = 36177152
03-02 00:57:06.953  1444  1808 D AAL     : [PQEngineInterface(1791345034)::MDP_AAL_output_offset = 0
03-02 00:57:06.953  1444  1808 D AAL     : [PQEngineInterface] DpEngineAALCongTile(0) MDP_AAL_output_size = 35652864
03-02 00:57:06.953  1444  1808 D AAL     : [PQEngineInterface] DpEngineAALCongTile(0) inTileXRight = 551, inTileXLeft = 0
03-02 00:57:06.953  1444  1808 D AAL     : [PQEngineInterface] DpEngineAALCongTile(0) inTileYBottom = 543, inTileYTop = 0
03-02 00:57:06.953  1444  1808 D AAL     : [PQEngineInterface] DpEngineAALCongTile(0) outTileXRight = 1279, outTileXLeft = 0
03-02 00:57:06.953  1444  1808 D AAL     : [PQEngineInterface] DpEngineAALCongTile(0) m_outTileYBottom = 1279, m_outTileYTop = 0
03-02 00:57:06.953  1444  1808 D MDP     : [PQSessionManager] PQSessionManager::getPQSession id[a]
03-02 00:57:06.953  1444  1808 D MDP     : [PQSessionManager] getPQSessionListHandle id[a]
03-02 00:57:06.953  1444  1808 D MDP     : [PQSessionManager] getPQSessionListHandle, find id[a]
03-02 00:57:06.953  1444  1808 D AAL     : [PQEngineInterface] DpEngineAALCongTile(0)cropOffset[X, Y]=[1, 0], crop[Wid, Hei]=[0, 720]
03-02 00:57:06.953  1444  1808 D MDP     : [PQSessionManager] PQSessionManager::getPQSession id[a]
03-02 00:57:06.953  1444  1808 D MDP     : [PQSessionManager] getPQSessionListHandle id[a]
03-02 00:57:06.953  1444  1808 D MDP     : [PQSessionManager] getPQSessionListHandle, find id[a]
03-02 00:57:06.953  1444  1808 D AAL     : [PQEngineInterface] DpEngineHDRConfigTile(0) outTileXLeft = 0, outTileXRight = 551
03-02 00:57:06.953  1444  1808 D AAL     : [PQEngineInterface] DpEngineHDRConfigTile(0) inTileXLeft = 0, inTileXRight = 551
03-02 00:57:06.953  1444  1808 D AAL     : [PQEngineInterface] DpEngineHDRConfigTile(0) HDR_out_start_x = 0, HDR_out_end_x = 551, src h: 552,v: 1280
03-02 00:57:06.953  1444  1808 D AAL     : [PQEngineInterface] DpEngineHDRConfigTile(0) HDR_hist_end_x = 0, HDR_hist_begin_x = 0
03-02 00:57:06.953  1444  1808 D AAL     : [PQEngineInterface] DpEngineHDRConfigTile(0) HDR_first_tile = 0, HDR_last_tile = 0
03-02 00:57:06.953  1444  1808 D AAL     : [PQEngineInterface] DpEngineHDRConfigTile(0) inFrameWidth = 720 , middlePosX = 0
03-02 00:57:06.953  1444  1808 D AAL     : [PQEngineInterface] DpEngineTDSHPConfigTile(0) InpSize: 274, 1920, OutSize: 274, 1920
03-02 00:57:06.953  1444  1808 D MDP     : [PQSessionManager] PQSessionManager::getPQSession id[a]
03-02 00:57:06.953  1444  1808 D MDP     : [PQSessionManager] getPQSessionListHandle id[a]
03-02 00:57:06.953  1444  1808 D MDP     : [PQSessionManager] getPQSessionListHandle, find id[a]
03-02 00:57:06.953  1444  1808 D PQ      : [PQHFGConfig] PQHFGConfig::isEnabled = 2
03-02 00:57:06.954  1444  1808 D MDP     : [PQSession] getDpPqConfig() id[a] enable[0], scenario[1]
03-02 00:57:06.954  1444  1808 D MDP     : [PQSession] getDpPqConfig() enSharp[0] enDC[0] enColor[0] enHDR[0] enHDRVivid[0] enUR[0] enReFocus[0] enCcorr[0] enDRE[0] enHFG[0] enAIPQ[0] enAISDR2HDR[0] enAIRegionPQ[0] mAdaptiveEnable[0]
03-02 00:57:06.954  1444  1808 D AAL     : [PQEngineInterface] DpEngineAALCongTile(0) MDP_aal_size = 12715264
03-02 00:57:06.954  1444  1808 D AAL     : [PQEngineInterface(1791345034)::MDP_AAL_output_offset = 0
03-02 00:57:06.954  1444  1808 D AAL     : [PQEngineInterface] DpEngineAALCongTile(0) MDP_AAL_output_size = 12190976
03-02 00:57:06.954  1444  1808 D AAL     : [PQEngineInterface] DpEngineAALCongTile(0) inTileXRight = 719, inTileXLeft = 526
03-02 00:57:06.954  1444  1808 D AAL     : [PQEngineInterface] DpEngineAALCongTile(0) inTileYBottom = 719, inTileYTop = 0
03-02 00:57:06.954  1444  1808 D AAL     : [PQEngineInterface] DpEngineAALCongTile(0) outTileXRight = 1279, outTileXLeft = 534
03-02 00:57:06.954  1444  1808 D AAL     : [PQEngineInterface] DpEngineAALCongTile(0) m_outTileYBottom = 1279, m_outTileYTop = 0
03-02 00:57:06.954  1444  1808 D MDP     : [PQSessionManager] PQSessionManager::getPQSession id[a]
03-02 00:57:06.954  1444  1808 D MDP     : [PQSessionManager] getPQSessionListHandle id[a]
03-02 00:57:06.954  1444  1808 D MDP     : [PQSessionManager] getPQSessionListHandle, find id[a]
03-02 00:57:06.954  1444  1808 D AAL     : [PQEngineInterface] DpEngineAALCongTile(0)cropOffset[X, Y]=[1, 0], crop[Wid, Hei]=[0, 720]
03-02 00:57:06.954  1444  1808 D MDP     : [PQSessionManager] PQSessionManager::getPQSession id[a]
03-02 00:57:06.954  1444  1808 D MDP     : [PQSessionManager] getPQSessionListHandle id[a]
03-02 00:57:06.954  1444  1808 D MDP     : [PQSessionManager] getPQSessionListHandle, find id[a]
03-02 00:57:06.954  1444  1808 D AAL     : [PQEngineInterface] DpEngineHDRConfigTile(0) outTileXLeft = 526, outTileXRight = 719
03-02 00:57:06.954  1444  1808 D AAL     : [PQEngineInterface] DpEngineHDRConfigTile(0) inTileXLeft = 526, inTileXRight = 719
03-02 00:57:06.954  1444  1808 D AAL     : [PQEngineInterface] DpEngineHDRConfigTile(0) HDR_out_start_x = 0, HDR_out_end_x = 193, src h: 194,v: 1280
03-02 00:57:06.954  1444  1808 D AAL     : [PQEngineInterface] DpEngineHDRConfigTile(0) HDR_hist_end_x = 0, HDR_hist_begin_x = 0
03-02 00:57:06.954  1444  1808 D AAL     : [PQEngineInterface] DpEngineHDRConfigTile(0) HDR_first_tile = 0, HDR_last_tile = 0
03-02 00:57:06.954  1444  1808 D AAL     : [PQEngineInterface] DpEngineHDRConfigTile(0) inFrameWidth = 720 , middlePosX = 0
03-02 00:57:06.954  1444  1808 D MDP     : [PQSessionManager] PQSessionManager::getPQSession id[a]
03-02 00:57:06.954  1444  1808 D MDP     : [PQSessionManager] getPQSessionListHandle id[a]
03-02 00:57:06.954  1444  1808 D MDP     : [PQSessionManager] getPQSessionListHandle, find id[a]
03-02 00:57:06.954  1444  1808 D MDP     : [PQSessionManager] PQSessionManager::getPQSession id[a]
03-02 00:57:06.954  1444  1808 D MDP     : [PQSessionManager] getPQSessionListHandle id[a]
03-02 00:57:06.954  1444  1808 D MDP     : [PQSessionManager] getPQSessionListHandle, find id[a]
03-02 00:57:06.956  3202  3386 I HoneySpace.TopTaskSource: onTaskMovedToFront : taskId = 44854, displayId = 0
03-02 00:57:06.956  2746  2808 D VRI[debug]@ecc4e3f: mThreadedRenderer.initialize() mSurface={isValid=true 0xb40000770f7b8800} hwInitialized=true
03-02 00:57:06.956  2746  2808 D VRI[debug]@ecc4e3f: reportNextDraw android.view.ViewRootImpl.performTraversals:5443 android.view.ViewRootImpl.doTraversal:3924 android.view.ViewRootImpl$TraversalRunnable.run:12903 android.view.Choreographer$CallbackRecord.run:1901 android.view.Choreographer$CallbackRecord.run:1910
03-02 00:57:06.957  2746  2808 D VRI[debug]@ecc4e3f: Setup new sync=wmsSync-VRI[debug]@ecc4e3f#89
03-02 00:57:06.957  2746  2808 I VRI[debug]@ecc4e3f: Creating new active sync group VRI[debug]@ecc4e3f#90
03-02 00:57:06.956  3202  3390 I HoneySpace.TopTaskUseCase: topTasks 44854 ComponentInfo{com.podcast.app.debug/androidx.activity.ComponentActivity}[displayId=0]
03-02 00:57:06.957  2746  2808 D VRI[debug]@ecc4e3f: registerCallbacksForSync syncBuffer=false
03-02 00:57:06.957  2013  4829 D InputDispatcher: Focused application(0): ActivityRecord{178698076 u0 com.podcast.app.debug/androidx.activity.ComponentActivity t44854}
03-02 00:57:06.958  2746  2865 D VRI[debug]@ecc4e3f: Received frameDrawingCallback syncResult=0 frameNum=1.
03-02 00:57:06.958  2746  2865 I VRI[debug]@ecc4e3f: mWNT: t=0xb40000771f55d000 mBlastBufferQueue=0xb4000076ae46ec00 fn= 1 HdrRenderState mRenderHdrSdrRatio=1.0 caller= android.view.ViewRootImpl$12.onFrameDraw:15441 android.view.ThreadedRenderer$1.onFrameDraw:718 <bottom of call stack>
03-02 00:57:06.958  2746  2865 I VRI[debug]@ecc4e3f: Setting up sync and frameCommitCallback
03-02 00:57:06.959  3202  3918 I HoneySpace.RecentTasks: onRecentTasksChanged
03-02 00:57:06.959  3202  4698 I HoneySpace.RecentTasks: onRecentTasksChanged
03-02 00:57:06.960  2013  2834 D GraphicsStatsService: requestRenderEngineFor(com.podcast.app.debug)
03-02 00:57:06.962  1444  1809 D MDP     : [PQSessionManager] PQSessionManager::getPQSession id[a]
03-02 00:57:06.962  1444  1809 D MDP     : [PQSessionManager] getPQSessionListHandle id[a]
03-02 00:57:06.962  1444  1809 D MDP     : [PQSessionManager] getPQSessionListHandle, find id[a]
03-02 00:57:06.962  1444  1809 D MDP     : [PQSessionManager] findVideoID[f6840820] found on index a
03-02 00:57:06.964  2746  2870 I BLASTBufferQueue: [VRI[debug]@ecc4e3f#7686](f:0,a:0,s:0) onFrameAvailable the first frame is available
03-02 00:57:06.965  2746  2870 I BLASTBufferQueue: [VRI[debug]@ecc4e3f#7686](f:0,a:1,s:0) acquireNextBufferLocked size=1080x2340 mFrameNumber=1 applyTransaction=true mTimestamp=491105965171117(auto) mPendingTransactions.size=0 graphicBufferId=11793980283294 transform=0
03-02 00:57:06.965  2746  2870 I VRI[debug]@ecc4e3f: Received frameCommittedCallback lastAttemptedDrawFrameNum=1 didProduceBuffer=true
03-02 00:57:06.969  2746  2870 D HWUI    : CFMS:: SetUp Pid : 2746    Tid : 2870
03-02 00:57:06.970  2746  2808 D VRI[debug]@ecc4e3f: reportDrawFinished seqId=0
03-02 00:57:06.973 17121 17121 D LifecycleMonitor: Lifecycle status change: androidx.activity.ComponentActivity@7b7194f in: PRE_ON_CREATE
03-02 00:57:06.973 17121 17121 V ActivityScenario: Activity lifecycle changed event received but ignored because the reported transition was not ON_CREATE while the last known transition was PRE_ON_CREATE
03-02 00:57:06.975  2013  2600 D AS.MultiSoundManager: mForegroundUid = 10685
03-02 00:57:06.978  1507  1507 I SurfaceFlinger: [LayerHierarchy{RequestedLayerState{ImeContainer#15 parentId=147902 relativeParentId=147902 z=1} 1 children}] RelativeParent to null
03-02 00:57:06.978 17121 17121 I DecorView: setWindowBackground: isPopOver=false color=ff0f0f0f d=android.graphics.drawable.ColorDrawable@318d6c8
03-02 00:57:06.980 17121 17121 D LifecycleMonitor: Lifecycle status change: androidx.activity.ComponentActivity@7b7194f in: CREATED
03-02 00:57:06.981 17121 17121 V ActivityScenario: Update currentActivityStage to CREATED, currentActivity=androidx.activity.ComponentActivity@7b7194f
03-02 00:57:06.982 17121 17121 D LifecycleMonitor: Lifecycle status change: androidx.activity.ComponentActivity@7b7194f in: STARTED
03-02 00:57:06.982 17121 17121 V ActivityScenario: Update currentActivityStage to STARTED, currentActivity=androidx.activity.ComponentActivity@7b7194f
03-02 00:57:06.984 17121 17121 D LifecycleMonitor: Lifecycle status change: androidx.activity.ComponentActivity@7b7194f in: RESUMED
03-02 00:57:06.984 17121 17121 V ActivityScenario: Update currentActivityStage to RESUMED, currentActivity=androidx.activity.ComponentActivity@7b7194f
03-02 00:57:06.984  1507  2128 I SurfaceFlinger: id=155620 createSurf, flag=84004, Transition Root: Task=44854#155620
03-02 00:57:06.984  5235  5235 I InputMethodService: removeImeSurface
03-02 00:57:06.984  5235  5235 I InputMethodService: cancelImeSurfaceRemoval: removeCallbacks
03-02 00:57:06.985 17121 17121 I ViewRootImpl: dVRR is disabled
03-02 00:57:06.986 17121 17389 D NativeCustomFrequencyManager: [NativeCFMS] BpCustomFrequencyManager::BpCustomFrequencyManager()
03-02 00:57:06.988  2013  4845 W ParceledListSlice: Element #30 is 21544 bytes.
03-02 00:57:06.989  2013  2068 I SurfaceControlRegistry: show, t=StartTransaction_SyncId<11241> sc=ActivityRecord{178698076 u0 com.podcast.app.debug/androidx.activity.ComponentActivity t44854}, caller=android.view.SurfaceControl$Transaction.show:3557 com.android.server.wm.Transition.onTransactionReady:2048 com.android.server.wm.BLASTSyncEngine$SyncGroup.finishNow:240 com.android.server.wm.BLASTSyncEngine.onSurfacePlacement:263 com.android.server.wm.RootWindowContainer.performSurfacePlacementNoTrace:1083 com.android.server.wm.WindowSurfacePlacer.performSurfacePlacement:166
03-02 00:57:06.993  1507  1825 I SurfaceFlinger: Capture layer list: 	 com.zhiliaoapp.musically/com.ss.android.ugc.aweme.splash.SplashActivity$_14885#155596(seamlessTransition:0)
03-02 00:57:06.993  2013  2068 D ScreenCapture: [Capture_TEST] : setIsScreenShotBySystem false
03-02 00:57:06.993  2013  2068 I SurfaceComposerClient: captureLayers:childrenOnly:1, sync:1
03-02 00:57:06.995  2746  2798 I SurfaceControlRegistry: hide, t=FinishTransaction_SyncId<11241> sc=Task=44543, caller=android.view.SurfaceControl$Transaction.hide:3583 com.android.wm.shell.transition.Transitions.dispatchReady:1263 com.android.wm.shell.transition.Transitions.onTransitionReady:251 com.android.wm.shell.transition.Transitions$TransitionPlayerImpl$$ExternalSyntheticLambda0.run:13 android.os.Handler.handleCallback:995 android.os.Handler.dispatchMessage:103
03-02 00:57:06.996  2746  2798 I SurfaceControlRegistry: show, t=StartTransaction_SyncId<11241> sc=Task=44854, caller=android.view.SurfaceControl$Transaction.show:3557 com.android.wm.shell.transition.Transitions.dispatchReady:1279 com.android.wm.shell.transition.Transitions.onTransitionReady:251 com.android.wm.shell.transition.Transitions$TransitionPlayerImpl$$ExternalSyntheticLambda0.run:13 android.os.Handler.handleCallback:995 android.os.Handler.dispatchMessage:103
03-02 00:57:06.996  2746  2798 I SurfaceControlRegistry: show, t=FinishTransaction_SyncId<11241> sc=Task=44854, caller=android.view.SurfaceControl$Transaction.show:3557 com.android.wm.shell.transition.Transitions.dispatchReady:1330 com.android.wm.shell.transition.Transitions.onTransitionReady:251 com.android.wm.shell.transition.Transitions$TransitionPlayerImpl$$ExternalSyntheticLambda0.run:13 android.os.Handler.handleCallback:995 android.os.Handler.dispatchMessage:103
03-02 00:57:06.996  2746  2798 I SurfaceControlRegistry: show, t=StartTransaction_SyncId<11241> sc=Transition Root: Task=44854, caller=android.view.SurfaceControl$Transaction.show:3557 com.android.wm.shell.transition.Transitions.playTransition:79 com.android.wm.shell.transition.Transitions.processReadyQueue:239 com.android.wm.shell.transition.Transitions.dispatchReady:1352 com.android.wm.shell.transition.Transitions.onTransitionReady:251 com.android.wm.shell.transition.Transitions$TransitionPlayerImpl$$ExternalSyntheticLambda0.run:13
03-02 00:57:07.002  1507  2128 I SurfaceFlinger: id=155621 createSurf, flag=20004, DimTransitionLayer for Surface(name=Task=44854)/@0xd879909#155621
03-02 00:57:07.003  2746  2798 I SurfaceControlRegistry: show, t=StartTransaction_SyncId<11241> sc=DimTransitionLayer for Surface(name=Task=44854)/@0xd879909, caller=android.view.SurfaceControl$Transaction.show:3557 com.android.wm.shell.transition.DefaultTransitionHandler.startAnimation:2837 com.android.wm.shell.transition.Transitions.dispatchTransition:90 com.android.wm.shell.transition.Transitions.playTransition:774 com.android.wm.shell.transition.Transitions.processReadyQueue:239 com.android.wm.shell.transition.Transitions.dispatchReady:1352
03-02 00:57:07.004  2013  2013 D MediaSessionService: Audio playback is changed, config=AudioPlaybackConfiguration piid:92743 deviceIds:[3] type:android.media.AudioTrack u/pid:10350/14885 state:paused attr:AudioAttributes: usage=USAGE_MEDIA content=CONTENT_TYPE_UNKNOWN flags=0xA00 tags= bundle=null sessionId:126033 mutedState:none  FormatInfo{isSpatialized=false, channelMask=0x3, sampleRate=44100}, removed=false
03-02 00:57:07.004  1507  1507 I SurfaceFlinger: [Transition Root: Task=44854#155620] attach to parent LayerHierarchy{RequestedLayerState{DefaultTaskDisplayArea_d0#10 parentId=9} 46 children}
03-02 00:57:07.004  1507  1507 I SurfaceFlinger: [DimTransitionLayer for Surface(name=Task=44854)/@0xd879909#155621] attach to parent LayerHierarchy{RequestedLayerState{Transition Root: Task=44854#155620 parentId=10} 1 children}
03-02 00:57:07.004  2013  2013 D MediaSessionStack: updateMediaButtonSessionIfNeeded, callers=com.android.server.media.AudioPlayerStateMonitor$MessageHandler.handleMessage:19 android.os.Handler.dispatchMessage:110
03-02 00:57:07.004  2013  2013 D MediaSessionStack: updateMediaButtonSessionIfNeeded, skipping uid=10350
03-02 00:57:07.004  2013  2013 D MediaSessionStack: updateMediaButtonSessionIfNeeded, skipping uid=10342
03-02 00:57:07.004  2013  2013 D MediaSessionStack: updateMediaButtonSessionIfNeeded, skipping uid=10317
03-02 00:57:07.004  2013  2013 D MediaSessionStack: updateMediaButtonSessionIfNeeded, skipping uid=10672
03-02 00:57:07.005  1507  2393 I SurfaceFlinger: Capture layer list: 	 Background for 68eb87 SurfaceView[com.zhiliaoapp.musically/com.ss.android.ugc.aweme.splash.SplashActivity]@0#155602(seamlessTransition:0)
03-02 00:57:07.005  1507  2393 I SurfaceFlinger: Capture layer list: 	 Background for 7086fb SurfaceView[com.zhiliaoapp.musically/com.ss.android.ugc.aweme.splash.SplashActivity]@0#155605(seamlessTransition:0)
03-02 00:57:07.005  1507  2393 I SurfaceFlinger: Capture layer list: 	 Background for 836459b SurfaceView[com.zhiliaoapp.musically/com.ss.android.ugc.aweme.splash.SplashActivity]@0#155608(seamlessTransition:0)
03-02 00:57:07.005  1507  2393 I SurfaceFlinger: Capture layer list: 	 7086fb SurfaceView[com.zhiliaoapp.musically/com.ss.android.ugc.aweme.splash.SplashActivity]@0(BLAST)#155604(seamlessTransition:0)
03-02 00:57:07.005  1507  2393 I SurfaceFlinger: Capture layer list: 	 com.zhiliaoapp.musically/com.ss.android.ugc.aweme.splash.SplashActivity$_14885#155596(seamlessTransition:0)
03-02 00:57:07.006  2746  3671 D SoundCraft.PlayingAudioConditionHandler: onPlaybackConfigChanged : lastStartedPackageName=com.zhiliaoapp.musically, lastStartedUid=10350, newStartedUid=-1, newStartPackageName=null, thread=Thread[RoutineHandlerThread,5,main]
03-02 00:57:07.006  2746  2798 I SurfaceControlRegistry: apply, t=StartTransaction_SyncId<11241>, caller=android.view.SurfaceControl$Transaction.apply:3459 android.view.SurfaceControl$Transaction.apply:3447 android.view.SurfaceControl$Transaction.apply:3397 com.android.wm.shell.transition.DefaultTransitionHandler.startAnimation:3292 com.android.wm.shell.transition.Transitions.dispatchTransition:90 com.android.wm.shell.transition.Transitions.playTransition:774
03-02 00:57:07.008  1445  2902 W C2MtkBufferManager: [0xB4000070F507E520] fetchNewCcBlock: wait fence 0x0xb4000070f5058270 timed out. ret 110
03-02 00:57:07.011  1507  1507 I SurfaceFlinger: RequestedLayer [42ef219 Splash Screen com.podcast.app.debug#155618] hidden!! flag  from(1) --> to(0)
03-02 00:57:07.011  1507  1507 I SurfaceFlinger: RequestedLayer [Splash Screen com.podcast.app.debug$_2746#155619] hidden!! flag  from(1) --> to(0)
03-02 00:57:07.011  1507  1507 I SurfaceFlinger: RequestedLayer [Task=44854#155616] hidden!! flag  from(1) --> to(0)
03-02 00:57:07.011  1507  1507 E SurfaceFlinger: alpha changed 1.000 -> 0.000 - Task=44854#155616
03-02 00:57:07.011  1507  1507 I SurfaceFlinger: RequestedLayer [Transition Root: Task=44854#155620] hidden!! flag  from(1) --> to(0)
03-02 00:57:07.011  1507  1507 I SurfaceFlinger: RequestedLayer [ActivityRecord{178698076 u0 com.podc[...]ity.ComponentActivity t44854}#155617] hidden!! flag  from(1) --> to(0)
03-02 00:57:07.011  1507  1507 I SurfaceFlinger: RequestedLayer [DimTransitionLayer for Surface(name=Task=44854)/@0xd879909#155621] hidden!! flag  from(1) --> to(0)
03-02 00:57:07.011  1507  1507 E SurfaceFlinger: alpha changed 1.000 -> 0.000 - DimTransitionLayer for Surface(name=Task=44854)/@0xd879909#155621
03-02 00:57:07.011  1507  1507 E SurfaceFlinger: alpha changed 0.000 -> 1.000 - Task=44854#155616
03-02 00:57:07.011  1507  1507 E SurfaceFlinger: alpha changed 0.000 -> 0.000 - DimTransitionLayer for Surface(name=Task=44854)/@0xd879909#155621
03-02 00:57:07.011  1507  1507 I SurfaceFlinger: [LayerHierarchy{RequestedLayerState{Task=44543#147901 parentId=155620 z=2} 1 children}] reparent to LayerHierarchy{RequestedLayerState{Transition Root: Task=44854#155620 parentId=10 z=41} 2 children}
03-02 00:57:07.011  1507  1507 I SurfaceFlinger: [LayerHierarchy{RequestedLayerState{Task=44854#155616 parentId=155620 z=5} 1 children}] reparent to LayerHierarchy{RequestedLayerState{Transition Root: Task=44854#155620 parentId=10 z=41} 3 children}
03-02 00:57:07.011  1507  1507 I SurfaceFlinger: [LayerHierarchy{RequestedLayerState{DimTransitionLayer for Surface(name=Task=44854)/@0xd879909#155621 parentId=155620 relativeParentId=155616 z=-1} no children}] RelativeParent to LayerHierarchy{RequestedLayerState{Task=44854#155616 parentId=155620 z=5} 2 children}
03-02 00:57:07.014  1444  1444 I hwcomposer: [HWCLayer] (0 id:45568 setHwlayerType():839), pending release queue sp q2_45568, type 3 -> 0
03-02 00:57:07.015  1444  1444 D libcomposer_ext: DeviceImplAidl::DeviceClientContextAidl::NotifyHwcComposition()
03-02 00:57:07.015  1444  1444 D libcomposer_ext: DeviceImplAidl::DeviceClientContextAidl::NotifyHwcComposition()
03-02 00:57:07.015  1507  2128 I SurfaceFlinger: id=155622 createSurf, flag=84000, 70b922e ActivityRecordInputSink com.podcast.app.debug/androidx.activity.ComponentActivity#155622
03-02 00:57:07.015  1698  1698 D libcomposer_ext: ClientCallbackAidl::asyncPerform(12)
03-02 00:57:07.015  1698  1698 D libcomposer_ext: ClientImplAidl::ParseNotifyHwcComposition()
03-02 00:57:07.016  1464  1492 I mtkpower@impl: [setMode] type:6, enabled:1
03-02 00:57:07.016  1464  1492 E mtkpower@impl: [setMode] unknown type
03-02 00:57:07.018  1507  2393 D libcomposer_ext: ClientCallbackAidl::asyncPerform(12)
03-02 00:57:07.018  1507  2393 D libcomposer_ext: ClientImplAidl::ParseNotifyHwcComposition()
03-02 00:57:07.018  1507  2393 D SurfaceFlinger: NotifyHwcComposition(), id 0, mode 1
03-02 00:57:07.019  1444  1444 I hwcomposer: [HWCLayer] (0 id:45568 afterPresent():797), release queue sp q2_45568
03-02 00:57:07.019  1444  1444 I hwcomposer: [DBQ] (q2:0xb4000074f4d1c000) Buffer queue is destroyed, m_id(45568)
03-02 00:57:07.019  1444  1444 I hwcomposer: [DBQ] (q2:0xb4000074f4d1c000) ~DisplayBufferQueue(), m_id(45568), release buf
03-02 00:57:07.019  1444  1444 I hwcomposer: [DBQ] (q2:0xb4000074f4d1c000) Free Slot(0), handle=0xb4000074f4c25240, 5054400 -> 0
03-02 00:57:07.019  1444  1444 I hwcomposer: [DBQ] (q2:0xb4000074f4d1c000) Free Slot(1), handle=0xb4000074f4c236c0, 5054400 -> 0
03-02 00:57:07.019  1444  1444 I hwcomposer: [DBQ] (q2:0xb4000074f4d1c000) Free Slot(2), handle=0xb4000074f4c24d40, 5054400 -> 0
03-02 00:57:07.020  3202 10541 I HoneySpace.RecentTasks: onRunningTaskAppeared
03-02 00:57:07.021  3202 15778 I HoneySpace.RecentTasks: onRecentTasksChanged
03-02 00:57:07.021  1507  1507 I SurfaceFlinger: [70b922e ActivityRecordInputSink com.podcast.app.debug/androidx.activity.ComponentActivity#155622] attach to parent LayerHierarchy{RequestedLayerState{ActivityRecord{178698076 u0 com.podcast.app.debug/androidx.activity.ComponentActivity t44854}#155617 parentId=155616} 2 children}
03-02 00:57:07.024  2013  2834 D InputTransport: Input channel constructed: 'e850ef2', fd=1044
03-02 00:57:07.024  2013  2834 D InputTransport: Input channel constructed: 'e850ef2', fd=1074
03-02 00:57:07.025  2013  2834 D InputTransport: Input channel constructed: 'e850ef2', fd=964
03-02 00:57:07.025  2013  2834 D InputTransport: Input channel destroyed: 'e850ef2', fd=1074
03-02 00:57:07.026  1507  2128 I SurfaceFlinger: id=155623 createSurf, flag=84004, e850ef2 com.podcast.app.debug/androidx.activity.ComponentActivity#155623
03-02 00:57:07.028  2013  2834 D InputTransport: Input channel destroyed: 'e850ef2', fd=964
03-02 00:57:07.029 17121 17121 D InputTransport: Input channel constructed: 'e850ef2', fd=128
03-02 00:57:07.029  1507  1845 D SurfaceFlinger: [input] setFocusedWindow: <null>
03-02 00:57:07.029  1507  1845 D SurfaceFlinger: updateWinowInfo=1, setFocusedWindow timestamp=491105977234194, windowName=<null>
03-02 00:57:07.029  2013  2834 D InputDispatcher: Once focus requested (0): <null>
03-02 00:57:07.029  2013  2834 D InputDispatcher: Focus request (0): <null> but waiting because NO_WINDOW
03-02 00:57:07.029  2013  2834 D InputDispatcher: Focus left window (0): cd2d6b5 com.zhiliaoapp.musically/com.ss.android.ugc.aweme.splash.SplashActivity
03-02 00:57:07.029 17121 17121 I InsetsController: onStateChanged: host=com.podcast.app.debug/androidx.activity.ComponentActivity, from=android.view.ViewRootImpl.onInsetsStateChanged:3026, state=InsetsState: {mDisplayFrame=Rect(0, 0 - 1080, 2340), mDisplayCutout=DisplayCutout{insets=Rect(0, 80 - 0, 0) waterfall=Insets{left=0, top=0, right=0, bottom=0} boundingRect={Bounds=[Rect(0, 0 - 0, 0), Rect(472, 0 - 608, 80), Rect(0, 0 - 0, 0), Rect(0, 0 - 0, 0)]} cutoutPathParserInfo={CutoutPathParserInfo{displayWidth=1080 displayHeight=2340 physicalDisplayWidth=1080 physicalDisplayHeight=2340 density={2.8125} cutoutSpec={M 0,0 H -24.177777778 V 28.4444444444 H 24.177777778 V 0 H 0 Z @dp} rotation={0} scale={1.0} physicalPixelDisplaySizeRatio={1.0}}} sideOverrides={}}, mRoundedCorners=RoundedCorners{[RoundedCorner{position=TopLeft, radius=113, center=Point(113, 113)}, RoundedCorner{position=TopRight, radius=113, center=Point(967, 113)}, RoundedCorner{position=BottomRight, radius=113, center=Point(967, 2227)}, RoundedCorner{position=BottomLeft, radius=113, center=Point(113, 2227)}]}  mRoundedCornerFrame=Rect(0, 0 - 1080, 2340), mPrivacyIndicatorBounds=PrivacyIndicatorBounds {static bounds=Rect(956, 0 - 1080, 80) rotation=0}, mDisplayShape=DisplayShape{ spec=-311912193 displayWidth=1080 displayHeight=2340 physicalPixelDisplaySizeRatio=1.0 rotation=0 offsetX=0 offsetY=0 scale=1.0}, mSources= { InsetsSource: {e9af0000 mType=statusBars mFrame=[0,0][1080,80] mVisible=true mFlags= mSideHint=TOP mBoundingRects=null}, InsetsSource: {e9af0005 mType=mandatorySystemGestures mFrame=[0,0][1080,114] mVisible=true mFlags= mSideHint=TOP mBoundingRects=null}, InsetsSource: {e9af0006 mType=tappableElement mFrame=[0,0][1080,80] mVisible=true mFlags= mSideHint=TOP mBoundingRects=null}, InsetsSource: {3 mType=ime mFrame=[0,0][0,0] mVisible=false mFlags= mSideHint=NONE mBoundingRects=null}, InsetsSource: {27 mType=displayCutout mFrame=[0,0][1080,80] mVisible=true mFlags= mSideHint=TOP mBoundingRects=null}, InsetsSource: {26ed0001 mType=navigationBars mFrame=[0,2298][1080,2340] mVisible=true mFlags=SUPPRESS_SCRIM mSideHint=BOTTOM mBoundingRects=null}, InsetsSource: {26ed0004 mType=systemGestures mFrame=[0,0][84,2340] mVisible=true mFlags= mSideHint=LEFT mBoundingRects=null}, InsetsSource: {26ed0005 mType=mandatorySystemGestures mFrame=[0,2250][1080,2340] mVisible=true mFlags= mSideHint=BOTTOM mBoundingRects=null}, InsetsSource: {26ed0006 mType=tappableElement mFrame=[0,0][0,0] mVisible=true mFlags= mSideHint=NONE mBoundingRects=null}, InsetsSource: {26ed0024 mType=systemGestures mFrame=[996,0][1080,2340] mVisible=true mFlags= mSideHint=RIGHT mBoundingRects=null} }
03-02 00:57:07.030 17121 17121 I VRI[ComponentActivity]@225fd12: synced displayState. AttachInfo displayState=2
03-02 00:57:07.030 14885 14885 I ImeFocusController: onPreWindowFocus: skipped hasWindowFocus=false mHasImeFocus=true
03-02 00:57:07.030 17121 17121 I VRI[ComponentActivity]@225fd12: setView = com.android.internal.policy.DecorView@3834d99 IsHRR=false mFlingFrameRateChange=0 TM=true
03-02 00:57:07.030 14885 14885 I System.out: SAFActivity V Scene Framework: NavigationSceneManager onWindowFocusChanged false
03-02 00:57:07.030 14885 14885 I ImeFocusController: onPostWindowFocus: skipped hasWindowFocus=false mHasImeFocus=true
03-02 00:57:07.031 17121 17389 D HWUI    : HWUI - treat SMPTE_170M as sRGB
03-02 00:57:07.032  2746  2746 I {OngoingActivityController}: onTaskFocusChanged but OA data is empty
03-02 00:57:07.032  1507  1507 E SurfaceFlinger: alpha changed 0.000 -> 0.013 - DimTransitionLayer for Surface(name=Task=44854)/@0xd879909#155621
03-02 00:57:07.033  1507  1507 I SurfaceFlinger: [e850ef2 com.podcast.app.debug/androidx.activity.ComponentActivity#155623] attach to parent LayerHierarchy{RequestedLayerState{ActivityRecord{178698076 u0 com.podcast.app.debug/androidx.activity.ComponentActivity t44854}#155617 parentId=155616} 3 children}
03-02 00:57:07.033  3202  3386 I HoneySpace.TopTaskSource: onTaskFocusChanged(): taskId = 44854
03-02 00:57:07.034  2013  2731 I WindowManager: Relayout Window{e850ef2 u0 com.podcast.app.debug/androidx.activity.ComponentActivity}: viewVisibility=0 req=1080x2340 ty=1 d0
03-02 00:57:07.035  1507  2128 I SurfaceFlinger: id=155624 createSurf, flag=44004, com.podcast.app.debug/androidx.activity.ComponentActivity$_17121#155624
03-02 00:57:07.035  3202  3202 I HoneySpace.EdgePanel.CocktailHostRepositoryImpl: onNoteResume
03-02 00:57:07.035  3202  3202 I HoneySpace.EdgePanel.EdgePanelContainerViewModel: cocktailHostRepository.edgePanelOperation NoteResumeComponent(componentName=ComponentInfo{com.podcast.app.debug/androidx.activity.ComponentActivity})
03-02 00:57:07.035  3202  3202 I HoneySpace.EdgePanel.ActivityUtils: HomePackage : com.sec.android.app.launcher, resumePackageName : com.podcast.app.debug, className : androidx.activity.ComponentActivity
03-02 00:57:07.036  1507  2393 I SurfaceFlinger: id=155625 createSurf, flag=24000, Surface(name=c536234 NavigationBar0)/@0xfac847b - animation-leash of insets_animation#155625
03-02 00:57:07.038  1507  2393 I SurfaceFlinger: id=155626 createSurf, flag=24000, Surface(name=a5d3a68 StatusBar)/@0xd5726d6 - animation-leash of insets_animation#155626
03-02 00:57:07.041  2013  2023 I system_server: Background concurrent mark compact GC freed 44MB AllocSpace bytes, 198(4180KB) LOS objects, 22% free, 166MB/214MB, paused 2.491ms,13.305ms total 1.072s
03-02 00:57:07.044  1484  1921 D DlbEffectContext: setParam() received parameter EFFECT_PARAM_SEEK
03-02 00:57:07.044  1484  1921 D DlbEffectContext: handleSeek(seek operation starts, current profile is 2)
03-02 00:57:07.044  1484  1921 D DlbEffectContext: transformExternalGain() volume:0x0 fVol:0.000000 extVal:-2080
03-02 00:57:07.044  1484  1921 D DlbEndpointParamCache: commitChangedParams()
03-02 00:57:07.044  1484  1921 D DlbEndpointParamCache: commit() Applying parameters for device 0x40000000
03-02 00:57:07.045  1484  1921 D DlbDap2Process: setParam(preg = #1[-2080])
03-02 00:57:07.045  1484  1921 D DlbDap2Process: setSystemGain(vol = 0)
03-02 00:57:07.045  1484  1921 D DlbDap2Process: setParam(svol = #1[-2080])
03-02 00:57:07.045  1484  1921 D DlbEndpointParamCache: doCommit() Committed 2 parameters out of 15.
03-02 00:57:07.045  1484  1921 D DlbEndpointParamCache: commit() Overriding parameters for current device 0x00000002
03-02 00:57:07.045  1484  1921 D DlbEndpointParamCache: doCommit() Committed 0 parameters out of 60.
03-02 00:57:07.045  1484  1921 I SoundBoosterEffectPlus: SB_setVolume(0xb400007075106040)
03-02 00:57:07.045  1484  1921 I SoundBoosterEffectPlus: command EFFECT_CMD_SET_VOLUME left = 0.000000, right =0.000000
03-02 00:57:07.045  1484  1921 I SoundBooster_Interface2000_a64: BuffClear() mMode: 1
03-02 00:57:07.045  1484  1921 I SoundBoosterEffectPlus: SB_reset SoundBooster sessionId(-2102)
03-02 00:57:07.045  1484  1921 I SAG_EQ a64: SetVolumeFloat() inst_num [424238335] VolumeFloat [-100.000000] mModeFW [1] mMode [1]
03-02 00:57:07.045  1484  1921 I SAG_EQ a64: mIsVolumeTableValid yes
03-02 00:57:07.045  1507  2128 I SurfaceFlinger: id=155627 createSurf, flag=24000, Surface(name=c536234 NavigationBar0)/@0xfac847b - animation-leash of insets_animation#155627
03-02 00:57:07.045  1484  1921 I SAG_EQ a64: SetVolume() VolumeIndexInt [1]
03-02 00:57:07.045  1439 16888 D MTKAdapterStreamLayer: updateMetadataCommon(),
03-02 00:57:07.046  1507  1507 D SurfaceFlinger: Display 4627039422300187648 HWC layers:
03-02 00:57:07.046  1507  1507 D SurfaceFlinger:   SOLID_COLOR |                        0 | 00000002 | N/A          |    0.0    0.0    0.0    0.0 |    0    0   -1   -1 | Background for 68eb87 SurfaceView[co[...]weme.splash.SplashActivity]@0#155602 (0)
03-02 00:57:07.046  1507  1507 D SurfaceFlinger:   SOLID_COLOR |                        0 | 00000002 | N/A          |    0.0    0.0    0.0    0.0 |    0    0   -1   -1 | Background for 7086fb SurfaceView[co[...]weme.splash.SplashActivity]@0#155605 (0)
03-02 00:57:07.046  1507  1507 D SurfaceFlinger:   SOLID_COLOR |                        0 | 00000002 | N/A          |    0.0    0.0    0.0    0.0 |    0    0   -1   -1 | Background for 836459b SurfaceView[c[...]weme.splash.SplashActivity]@0#155608 (0)
03-02 00:57:07.046  1507  1507 D SurfaceFlinger:        CLIENT |           63930588201740 | 00000102 | 0x32315659   |   14.0    0.0  720.0 1280.0 |    0   80 1059 2000 | 7086fb SurfaceView[com.zhiliaoapp.mu[...]lash.SplashActivity]@0(BLAST)#155604 (20)
03-02 00:57:07.046  1507  1507 D SurfaceFlinger:        CLIENT |           63930588201696 | 00002100 | RGBA_8888    |   21.0    0.0 1080.0 2340.0 |    0    0 1080 2340 | com.zhiliaoapp.musically/com.ss.andr[...].splash.
03-02 00:57:07.046  1507  1507 D SurfaceFlinger: SplashActivity$_14885#155596 (7)
03-02 00:57:07.046  1507  1507 D SurfaceFlinger:   SOLID_COLOR |                        0 | 00000000 | N/A          |    0.0    0.0    0.0    0.0 |    0    0 1080 2340 | DimTransitionLayer for Surface(name=Task=44854)/@0xd879909#155621 (0)
03-02 00:57:07.046  1507  1507 D SurfaceFlinger:        DEVICE |           11793980283294 | 00002100 | RGBA_8888    |    0.0    0.0   68.0 2340.0 | 1012    0 1080 2340 | Splash Screen com.podcast.app.debug$_2746#155619 (1)
03-02 00:57:07.046  1507  1507 D SurfaceFlinger:        DEVICE |           11793980281878 | 00002100 | RGBA_8888    |    0.0    0.0 1080.0   80.0 |    0    0 1080   80 | StatusBar$_2746#117 (210926)
03-02 00:57:07.046  1507  1507 D SurfaceFlinger:        DEVICE |           13752485304097 | 00002100 | RGBA_8888    |    0.0    0.0   67.0  346.0 | 1013  454 1080  800 | com.sec.android.app.launcher/com.sam[...].app.CocktailBarService$_3202#152779 (1)
03-02 00:57:07.046  1507  1507 D SurfaceFlinger:        DEVICE |           11793980281862 | 00002100 | RGBA_8888    |    0.0    0.0 1080.0  135.0 |    0 2205 1080 2340 | NavigationBar0$_2746#113 (187564)
03-02 00:57:07.046  1507  1507 D SurfaceFlinger:
03-02 00:57:07.046  1507  2128 I SurfaceFlinger: id=155628 createSurf, flag=24000, Surface(name=a5d3a68 StatusBar)/@0xd5726d6 - animation-leash of insets_animation#155628
03-02 00:57:07.046  1507  1507 I SurfaceFlinger: RequestedLayer [e850ef2 com.podcast.app.debug/androidx.activity.ComponentActivity#155623] hidden!! flag  from(1) --> to(0)
03-02 00:57:07.046  1507  1507 I SurfaceFlinger: [com.podcast.app.debug/androidx.activity.ComponentActivity$_17121#155624] attach to parent LayerHierarchy{RequestedLayerState{e850ef2 com.podcast.app.debug/androidx.activity.ComponentActivity#155623 parentId=155617} 1 children}
03-02 00:57:07.046  1507  1507 I SurfaceFlinger: [Surface(name=c536234 NavigationBar0)/@0xfac847b - animation-leash of insets_animation#155625] attach to parent LayerHierarchy{RequestedLayerState{WindowToken{5cf38d1 type=2019 android.os.BinderProxy@916675b}#101 parentId=34} 2 children}
03-02 00:57:07.046  1507  1507 I SurfaceFlinger: [Surface(name=a5d3a68 StatusBar)/@0xd5726d6 - animation-leash of insets_animation#155626] attach to parent LayerHierarchy{RequestedLayerState{WindowToken{d05298b type=2000 android.os.BinderProxy@163b705}#108 parentId=17} 2 children}
03-02 00:57:07.046  1507  1507 I SurfaceFlinger: [Surface(name=c536234 NavigationBar0)/@0xfac847b - animation-leash of insets_animation#155627] attach to parent LayerHierarchy{RequestedLayerState{WindowToken{5cf38d1 type=2019 android.os.BinderProxy@916675b}#101 parentId=34} 3 children}
03-02 00:57:07.046  1507  1507 I SurfaceFlinger: [Surface(name=a5d3a68 StatusBar)/@0xd5726d6 - animation-leash of insets_animation#155628] attach to parent LayerHierarchy{RequestedLayerState{WindowToken{d05298b type=2000 android.os.BinderProxy@163b705}#108 parentId=17} 3 children}
03-02 00:57:07.046  1484  1921 I SoundBooster_Interface2000_a64: [AE_LOG] Exe() mMode : 1,  n : 2048    VolumeIndexFloat : -100.000000 mSamplingRate : 48000
03-02 00:57:07.047  2013  2731 I SystemKeyManager: requested systemKeyInfo size=1 focusedWindow=com.podcast.app.debug/androidx.activity.ComponentActivity
03-02 00:57:07.047  2013  2731 I SystemKeyManager: requested systemKeyInfo size=2 focusedWindow=com.podcast.app.debug/androidx.activity.ComponentActivity
03-02 00:57:07.047  2013  2025 W System  : A resource failed to call HardwareBuffer.close.
03-02 00:57:07.047  2013  2731 I WindowManager: Relayout hash=e850ef2, pid=17121, syncId=-1: mAttrs={(0,0)(fillxfill) sim={adjust=pan forwardNavigation} layoutInDisplayCutoutMode=always ty=BASE_APPLICATION wanim=0x1030317
03-02 00:57:07.047  2013  2731 I WindowManager:   fl=81810100
03-02 00:57:07.047  2013  2731 I WindowManager:   pfl=100088c0
03-02 00:57:07.047  2013  2731 I WindowManager:   bhv=1
03-02 00:57:07.047  2013  2731 I WindowManager:   fitSides=0
03-02 00:57:07.047  2013  2731 I WindowManager:   frameRateBoostOnTouch=true
03-02 00:57:07.047  2013  2731 I WindowManager:   dvrrWindowFrameRateHint=true naviIconColor=0}
03-02 00:57:07.048  1484  1921 I SoundBooster_Interface2000_a64: BuffClear_apply() mMode: 1
03-02 00:57:07.048  1484  1921 I SoundAlive_Interface_a64: [dB = -100.000000 ]
03-02 00:57:07.049  2013  2025 W System  : A resource failed to call release.
03-02 00:57:07.049  2013  2025 W System  : A resource failed to call release.
03-02 00:57:07.049  2013  2025 W System  : A resource failed to call HardwareBuffer.close.
03-02 00:57:07.049  2013  2025 W System  : A resource failed to call HardwareBuffer.close.
03-02 00:57:07.049  2013  2025 W System  : A resource failed to call release.
03-02 00:57:07.050  2013  2025 W System  : A resource failed to call release.
03-02 00:57:07.050  2013  2025 W System  : A resource failed to call release.
03-02 00:57:07.050 17121 17121 D BufferQueueConsumer: [](id:42e100000008,api:0,p:-1,c:17121) connect: controlledByApp=false
03-02 00:57:07.050  2013  2025 W System  : A resource failed to call release.
03-02 00:57:07.052 17121 17121 I BLASTBufferQueue: [VRI[ComponentActivity]@225fd12#8](f:0,a:0,s:0) constructor()
03-02 00:57:07.053 17121 17121 I BLASTBufferQueue_Java: new BLASTBufferQueue, mName= VRI[ComponentActivity]@225fd12 mNativeObject= 0xb40000772b14a800 caller= android.view.ViewRootImpl.updateBlastSurfaceIfNeeded:3585 android.view.ViewRootImpl.relayoutWindow:11685 android.view.ViewRootImpl.performTraversals:4804 android.view.ViewRootImpl.doTraversal:3924 android.view.ViewRootImpl$TraversalRunnable.run:12903 android.view.Choreographer$CallbackRecord.run:1901 android.view.Choreographer$CallbackRecord.run:1910 android.view.Choreographer.doCallbacks:1367 android.view.Choreographer.doFrame:1292 android.view.Choreographer$FrameDisplayEventReceiver.run:1870
03-02 00:57:07.053 17121 17121 I BLASTBufferQueue_Java: update, w= 1080 h= 2340 mName = VRI[ComponentActivity]@225fd12 mNativeObject= 0xb40000772b14a800 sc.mNativeObject= 0xb40000783d2bb340 format= -1 caller= android.view.ViewRootImpl.updateBlastSurfaceIfNeeded:3590 android.view.ViewRootImpl.relayoutWindow:11685 android.view.ViewRootImpl.performTraversals:4804 android.view.ViewRootImpl.doTraversal:3924 android.view.ViewRootImpl$TraversalRunnable.run:12903 android.view.Choreographer$CallbackRecord.run:1901
03-02 00:57:07.053 17121 17121 I BLASTBufferQueue: [VRI[ComponentActivity]@225fd12#8](f:0,a:0,s:0) update width=1080 height=2340 format=-1 mTransformHint=0
03-02 00:57:07.053 17121 17121 I VRI[ComponentActivity]@225fd12: Relayout returned: old=(0,0,1080,2340) new=(0,0,1080,2340) relayoutAsync=false req=(1080,2340)0 dur=18 res=0x3 s={true 0xb400007837ca5500} ch=true seqId=0
03-02 00:57:07.054 17121 17121 I VRI[ComponentActivity]@225fd12: performConfigurationChange setNightDimText nightDimLevel=0
03-02 00:57:07.054 10943 10943 I AudioPathManager: loadAudioPath() : loaded audio path is speaker (0)
03-02 00:57:07.054 10943 10943 I ModelUtil: isHighEndModel() : this model is SM-A155F
03-02 00:57:07.054 10943 10943 I EffectManager: isSupportDolbyAtmosOnThisAudioPath() : path is speaker (0)
03-02 00:57:07.054 10943 10943 I AudioPathManager: loadAudioPath() : loaded audio path is speaker (0)
03-02 00:57:07.054 10943 10943 I EffectManager: isSupportVolumeNormalizationOnCurrentAudioPath() : path is speaker (0)
03-02 00:57:07.054 10943 10943 I DVFSHelper: isNecessaryToBoostCPU() : isDolbyOn? false, isUHQUpscalerOn? false, isVoiceBoostOn? false, isVolumeNormalizationOn? false
03-02 00:57:07.054 17121 17121 D VRI[ComponentActivity]@225fd12: mThreadedRenderer.initialize() mSurface={isValid=true 0xb400007837ca5500} hwInitialized=true
03-02 00:57:07.055 17121 17121 D VRI[ComponentActivity]@225fd12: reportNextDraw android.view.ViewRootImpl.performTraversals:5443 android.view.ViewRootImpl.doTraversal:3924 android.view.ViewRootImpl$TraversalRunnable.run:12903 android.view.Choreographer$CallbackRecord.run:1901 android.view.Choreographer$CallbackRecord.run:1910
03-02 00:57:07.055 17121 17121 D VRI[ComponentActivity]@225fd12: Setup new sync=wmsSync-VRI[ComponentActivity]@225fd12#16
03-02 00:57:07.055 17121 17121 I VRI[ComponentActivity]@225fd12: Creating new active sync group VRI[ComponentActivity]@225fd12#17
03-02 00:57:07.056 17121 17121 D VRI[ComponentActivity]@225fd12: registerCallbacksForSync syncBuffer=false
03-02 00:57:07.057 17121 17414 D VRI[ComponentActivity]@225fd12: Received frameDrawingCallback syncResult=0 frameNum=1.
03-02 00:57:07.057 17121 17414 I VRI[ComponentActivity]@225fd12: mWNT: t=0xb40000772b201e80 mBlastBufferQueue=0xb40000772b14a800 fn= 1 HdrRenderState mRenderHdrSdrRatio=1.0 caller= android.view.ViewRootImpl$12.onFrameDraw:15441 android.view.ThreadedRenderer$1.onFrameDraw:718 <bottom of call stack>
03-02 00:57:07.057 17121 17414 I VRI[ComponentActivity]@225fd12: Setting up sync and frameCommitCallback
03-02 00:57:07.058  1507  1507 I SurfaceFlinger: [LayerHierarchy{RequestedLayerState{c536234 NavigationBar0#102 parentId=155627} 1 children}] reparent to LayerHierarchy{RequestedLayerState{Surface(name=c536234 NavigationBar0)/@0xfac847b - animation-leash of insets_animation#155627 parentId=101} 1 children}
03-02 00:57:07.058  1507  1507 I SurfaceFlinger: [LayerHierarchy{RequestedLayerState{a5d3a68 StatusBar#109 parentId=155628} 1 children}] reparent to LayerHierarchy{RequestedLayerState{Surface(name=a5d3a68 StatusBar)/@0xd5726d6 - animation-leash of insets_animation#155628 parentId=108} 1 children}
03-02 00:57:07.058  1507  1507 I SurfaceFlinger: [LayerHierarchy{RequestedLayerState{Surface(name=a5d3a68 StatusBar)/@0xd5726d6 - animation-leash of insets_animation#155598} no children}] reparent to OffscreenRoot
03-02 00:57:07.058  1507  1507 I SurfaceFlinger: [LayerHierarchy{RequestedLayerState{Surface(name=a5d3a68 StatusBar)/@0xd5726d6 - animation-leash of insets_animation#155598} no children}] RelativeParent to null
03-02 00:57:07.058  1507  1507 I SurfaceFlinger: [LayerHierarchy{RequestedLayerState{Surface(name=c536234 NavigationBar0)/@0xfac847b - animation-leash of insets_animation#155597} no children}] reparent to OffscreenRoot
03-02 00:57:07.058  1507  1507 I SurfaceFlinger: [LayerHierarchy{RequestedLayerState{Surface(name=c536234 NavigationBar0)/@0xfac847b - animation-leash of insets_animation#155597} no children}] RelativeParent to null
03-02 00:57:07.058  1507  1507 I SurfaceFlinger: [LayerHierarchy{RequestedLayerState{Surface(name=c536234 NavigationBar0)/@0xfac847b - animation-leash of insets_animation#155625} no children}] reparent to OffscreenRoot
03-02 00:57:07.058  1507  1507 I SurfaceFlinger: [LayerHierarchy{RequestedLayerState{Surface(name=c536234 NavigationBar0)/@0xfac847b - animation-leash of insets_animation#155625} no children}] RelativeParent to null
03-02 00:57:07.058  1507  1507 I SurfaceFlinger: [LayerHierarchy{RequestedLayerState{Surface(name=a5d3a68 StatusBar)/@0xd5726d6 - animation-leash of insets_animation#155626} no children}] reparent to OffscreenRoot
03-02 00:57:07.058  1507  1507 I SurfaceFlinger: [LayerHierarchy{RequestedLayerState{Surface(name=a5d3a68 StatusBar)/@0xd5726d6 - animation-leash of insets_animation#155626} no children}] RelativeParent to null
03-02 00:57:07.061  2013  2065 D PkgPredictorService-SecIpmManagerServiceImpl: onForegroundActivitiesChanged pid:17121 uid:10685
03-02 00:57:07.061  1507  2128 I SurfaceFlinger: onHandleDestroyed: layerId=155625, name=Surface(name=c536234 NavigationBar0)/@0xfac847b - animation-leash of insets_animation#155625
03-02 00:57:07.061  1507  2128 I SurfaceFlinger: id=155625 Removed Surface(name=c536234 NavigationBar0)/@0xfac847b - animation-leash of insets_animation#155625 (340)
03-02 00:57:07.061  1507  2128 I SurfaceFlinger: onHandleDestroyed: layerId=155626, name=Surface(name=a5d3a68 StatusBar)/@0xd5726d6 - animation-leash of insets_animation#155626
03-02 00:57:07.061  1507  2128 I SurfaceFlinger: id=155626 Removed Surface(name=a5d3a68 StatusBar)/@0xd5726d6 - animation-leash of insets_animation#155626 (340)
03-02 00:57:07.062  1507  2128 I SurfaceFlinger: onHandleDestroyed: layerId=155597, name=Surface(name=c536234 NavigationBar0)/@0xfac847b - animation-leash of insets_animation#155597
03-02 00:57:07.062  1507  2128 I SurfaceFlinger: id=155597 Removed Surface(name=c536234 NavigationBar0)/@0xfac847b - animation-leash of insets_animation#155597 (340)
03-02 00:57:07.062  1507  2128 I SurfaceFlinger: onHandleDestroyed: layerId=155598, name=Surface(name=a5d3a68 StatusBar)/@0xd5726d6 - animation-leash of insets_animation#155598
03-02 00:57:07.062  1507  2128 I SurfaceFlinger: id=155598 Removed Surface(name=a5d3a68 StatusBar)/@0xd5726d6 - animation-leash of insets_animation#155598 (340)
03-02 00:57:07.062 17121 17389 I BLASTBufferQueue: [VRI[ComponentActivity]@225fd12#8](f:0,a:0,s:0) onFrameAvailable the first frame is available
03-02 00:57:07.063 17121 17389 I BLASTBufferQueue: [VRI[ComponentActivity]@225fd12#8](f:0,a:1,s:0) acquireNextBufferLocked size=1080x2340 mFrameNumber=1 applyTransaction=true mTimestamp=491106063510809(auto) mPendingTransactions.size=0 graphicBufferId=73534135074848 transform=0
03-02 00:57:07.063 17121 17389 I VRI[ComponentActivity]@225fd12: Received frameCommittedCallback lastAttemptedDrawFrameNum=1 didProduceBuffer=true
03-02 00:57:07.064 17121 17389 D HWUI    : CFMS:: SetUp Pid : 17121    Tid : 17389
03-02 00:57:07.064 17121 17121 D VRI[ComponentActivity]@225fd12: reportDrawFinished seqId=0
03-02 00:57:07.066  1507  1507 I SurfaceFlinger: destroyed Surface(name=a5d3a68 StatusBar)/@0xd5726d6 - animation-leash of insets_animation#155598
03-02 00:57:07.066  1507  1507 I SurfaceFlinger: destroyed Surface(name=c536234 NavigationBar0)/@0xfac847b - animation-leash of insets_animation#155597
03-02 00:57:07.066  1507  1507 I SurfaceFlinger: destroyed Surface(name=c536234 NavigationBar0)/@0xfac847b - animation-leash of insets_animation#155625
03-02 00:57:07.066  1507  1507 I SurfaceFlinger: destroyed Surface(name=a5d3a68 StatusBar)/@0xd5726d6 - animation-leash of insets_animation#155626
03-02 00:57:07.067  1507  1845 D SurfaceFlinger: [input] setFocusedWindow: e850ef2 com.podcast.app.debug/androidx.activity.ComponentActivity
03-02 00:57:07.067  1507  1845 D SurfaceFlinger: updateWinowInfo=1, setFocusedWindow timestamp=491106053059425, windowName=e850ef2 com.podcast.app.debug/androidx.activity.ComponentActivity
03-02 00:57:07.068  2013  3345 D InputDispatcher: Once focus requested (0): e850ef2 com.podcast.app.debug/androidx.activity.ComponentActivity
03-02 00:57:07.068  2013  3345 D InputDispatcher: Focus request (0): e850ef2 com.podcast.app.debug/androidx.activity.ComponentActivity but waiting because NOT_VISIBLE
03-02 00:57:07.070  2013  4829 W ParceledListSlice: Element #30 is 21544 bytes.
03-02 00:57:07.070  1507  1507 I Layer   : id=155598 Destroyed Surface(name=a5d3a68 StatusBar)/@0xd5726d6 - animation-leash of insets_animation#155598
