03-02 00:56:53.540  1439  1541 D AudioALSAStreamManager: setParameters(), Send to mStreamOutVector[1], flag 8
03-02 00:56:53.540  1439  1541 D AudioALSAStreamOut: value_str = 2 devices count = 1
03-02 00:56:53.540  1439  1541 D AudioALSAStreamOut: updatePolicyDevice(), flag: 0x8, device: 0x2
03-02 00:56:53.540  1439  1541 D AudioALSAStreamManager: getMode(), mAudioMode = 0
03-02 00:56:53.540  1439  1541 W AudioALSAStreamManager: routingOutputDevice(), flag: 0x8, output_devices == current_output_devices(0x2), return
03-02 00:56:53.540  1439  1541 D AudioIEMsController: routing(+), cur out 0x0 in 0x0, hs 0, bt 0, usb 0, device 0x2, mask 0x1, on 0
03-02 00:56:53.540  1439  1541 D AudioIEMsController: routing(-), cur out 0x0 in 0x0
03-02 00:56:53.540  1439  1541 D AudioALSAHardware: -createAudioPatch() num_sources [1] , num_sinks [1], handle [0x36b2]
03-02 00:56:53.540  1439  1541 D AHAL_Module: setAudioPatch: default: updated patch AudioPatch{id: 579, sourcePortConfigIds: [30], sinkPortConfigIds: [1025], minimumStreamBufferSizeFrames: 2048, latenciesMs: [85]}
03-02 00:56:53.541  1484  1921 D AudioFlinger: setCurDevice() 0x2
03-02 00:56:53.541  1439 16888 D AHAL_Stream: getRecommendedLatencyModes
03-02 00:56:53.541  1646  2917 I CameraService: onUidStateChanged: uid=10235, procState is changed. (4 -> 3)
03-02 00:56:53.543  1439  1541 D MTKAdapterStreamLayer: updateMetadataCommon(),
03-02 00:56:53.544  1507  1507 I Layer   : id=155264 Destroyed Surface(name=a5d3a68 StatusBar)/@0xd5726d6 - animation-leash of insets_animation#155264
03-02 00:56:53.544  1507  1507 I Layer   : id=155263 Destroyed Surface(name=c536234 NavigationBar0)/@0xfac847b - animation-leash of insets_animation#155263
03-02 00:56:53.544  1484  1566 V APM_AudioPolicyManager: setOutputDevices() AF::createAudioPatch returned 0 patchHandle 111476 num_sources 1 num_sinks 1
03-02 00:56:53.545  1484  1566 V APM_AudioPolicyManager: checkAndSetVolume: output 21, stream 10, index 4, devices 0x2, volume 0.017783, delayMs 0, muted false
03-02 00:56:53.545  2013  4823 D SecContentProvider: query(), uri = 10 selection = getURLFilterList
03-02 00:56:53.548  1696  1756 I VPUD    : == vdec_codec_msg_handler() == msg_id = 0xA001, codec_id = 1
03-02 00:56:53.549  1696  1756 E VPUD    : [info] H265_fillGeneralBuf: bIsHDR10plus 0 bIsCUVAHDR 0 u4MetaDataRawSize 0
03-02 00:56:53.549  1484  1566 V APM_AudioPolicyManager: checkAndSetVolume: output 21, stream 9, index 4, devices 0x2, volume 0.125893, delayMs 0, muted false
03-02 00:56:53.551  1696  1756 I VPUD    : == vdec_codec_msg_handler() == msg_id = 0xA001, codec_id = 1
03-02 00:56:53.552  1696  1756 E VPUD    : [info] H265_fillGeneralBuf: bIsHDR10plus 0 bIsCUVAHDR 0 u4MetaDataRawSize 0
03-02 00:56:53.553  1484  1566 V APM_AudioPolicyManager: checkAndSetVolume: output 21, stream 8, index 8, devices 0x2, volume 0.089125, delayMs 0, muted false
03-02 00:56:53.554  1696  1756 I VPUD    : == vdec_codec_msg_handler() == msg_id = 0xA001, codec_id = 1
03-02 00:56:53.554  1696  1756 E VPUD    : [info] H265_fillGeneralBuf: bIsHDR10plus 0 bIsCUVAHDR 0 u4MetaDataRawSize 0
03-02 00:56:53.557  2013  4823 D SecContentProvider: query(), uri = 10 selection = getURLFilterEnabled
03-02 00:56:53.560  1507  1825 I SurfaceFlinger: Capture layer list: 	 com.podcast.app.debug.test/androidx.test.core.app.InstrumentationActivityInvoker$EmptyActivity$_17532#155260(seamlessTransition:0)
03-02 00:56:53.560  1507  1825 I SurfaceFlinger: Capture layer list: 	 Splash Screen com.podcast.app.debug.test$_2746#155253(seamlessTransition:0)
03-02 00:56:53.563  1484  1566 V APM_AudioPolicyManager: checkAndSetVolume: output 21, stream 5, index 9, devices 0x2, volume 0.141254, delayMs 0, muted false
03-02 00:56:53.563  1484  1566 V APM_AudioPolicyManager: checkAndSetVolume: output 21, stream 4, index 11, devices 0x2, volume 0.223872, delayMs 0, muted false
03-02 00:56:53.563  1484  1566 V APM_AudioPolicyManager: checkAndSetVolume: output 21, stream 3, index 4, devices 0x2, volume 0.018316, delayMs 0, muted false
03-02 00:56:53.563  1484  1566 D APM_AudioPolicyManager: checkAndSetGainTableAnalogGain stream 3, devices 0x2, index 4
03-02 00:56:53.563  1696  1756 I VPUD    : == vdec_codec_msg_handler() == msg_id = 0xA001, codec_id = 1
03-02 00:56:53.564  1696  1756 E VPUD    : [info] H265_fillGeneralBuf: bIsHDR10plus 0 bIsCUVAHDR 0 u4MetaDataRawSize 0
03-02 00:56:53.567  1484  1888 D StreamHalAidl: [out|ioHandle:13] setParameters: parameters: "volumeDevice=2;volumeIndex=4;volumeStreamType=3"
03-02 00:56:53.567  1696  1756 I VPUD    : == vdec_codec_msg_handler() == msg_id = 0xA001, codec_id = 1
03-02 00:56:53.568  1696  1756 E VPUD    : [info] H265_fillGeneralBuf: bIsHDR10plus 0 bIsCUVAHDR 0 u4MetaDataRawSize 0
03-02 00:56:53.568  1509  1509 D Audio_ParameterParser: parseVendorParameters: scope: STREAM, keys/values: volumeDevice=2;volumeIndex=4;volumeStreamType=3
03-02 00:56:53.569  1628  1637 E thermal_core: find_tz_idx_by_name:"Failed to find thermal zone index of ap_ntc\n"
03-02 00:56:53.569  1628  1637 E thermal_core: find_tz_idx_by_name:"Failed to find thermal zone index of mtk-master-charger\n"
03-02 00:56:53.569  1628  1637 E thermal_core: find_tz_idx_by_name:"Failed to find thermal zone index of camera0\n"
03-02 00:56:53.569  1628  1637 E thermal_core: find_tz_idx_by_name:"Failed to find thermal zone index of mtk-master-charger\n"
03-02 00:56:53.569  1628  1637 E thermal_core: find_tz_idx_by_name:"Failed to find thermal zone index of nrpa_ntc\n"
03-02 00:56:53.569  1628  1637 E thermal_core: dump_thermal_log:"Error: sccanf error, ret=9\n"
03-02 00:56:53.569  1696  1756 I VPUD    : == vdec_codec_msg_handler() == msg_id = 0xA001, codec_id = 1
03-02 00:56:53.569 14885 15878 W NaviWarn: StackPtr is not 8-byte aligned.
03-02 00:56:53.570  1628  1637 E thermal_core: node_read:"Failed to read /sys/class/thermal/thermal_zone2/temp: No data available\n"
03-02 00:56:53.570  1628  1637 I thermal_core: "soc/nr/lte/ap_ntc/tpcb/conn/chg/cam/c_ttj/g_ttj/a_ttj=0/-274000/40235/-274000/46000/37000/-274000/-274000/85000/85000/85000\n"
03-02 00:56:53.570  1628  1637 I thermal_core: "[C(l)(c)(i)][G(l)(c)][A(l)(c)][TH][D]=[(666666/666666/666666)(2000/2200/0)(0x0)][(666666)(666666)][(666666666)(666666666)][0][4266]\n"
03-02 00:56:53.570  1628  1637 E thermal_core: node_read:"Failed to open /sys/kernel/helio-dvfsrc/dvfsrc_therm_info: No such file or directory\n"
03-02 00:56:53.570  1628  1637 I thermal_core: "4266"
03-02 00:56:53.570  1696  1756 E VPUD    : [info] H265_fillGeneralBuf: bIsHDR10plus 0 bIsCUVAHDR 0 u4MetaDataRawSize 0
03-02 00:56:53.569  1439  1541 D AudioALSAStreamOut: +setParameters(): flag 2
03-02 00:56:53.570  1439  1541 D AudioALSAStreamManager: setVolumeIndex() stream= 3, device= 0x2, index= 4
03-02 00:56:53.570  1439  1541 D AudioMTKGainController: setNormalVolume(), mSceneIndex = 0, stream 3, devices 0x2, index 4, mode 0x0, gainDevice 0x2
03-02 00:56:53.571  2013  4823 D SecContentProvider: query(), uri = 10 selection = getURLFilterReportEnabled
03-02 00:56:53.572  1696  1756 I VPUD    : == vdec_codec_msg_handler() == msg_id = 0xA001, codec_id = 1
03-02 00:56:53.572  1484  1566 V APM_AudioPolicyManager: checkAndSetVolume: output 21, stream 2, index 8, devices 0x2, volume 0.112202, delayMs 0, muted false
03-02 00:56:53.572  1484  1566 V APM_AudioPolicyManager: checkAndSetVolume: output 21, stream 1, index 7, devices 0x2, volume 0.125893, delayMs 0, muted false
03-02 00:56:53.573  1696  1756 E VPUD    : [info] H265_fillGeneralBuf: bIsHDR10plus 0 bIsCUVAHDR 0 u4MetaDataRawSize 0
03-02 00:56:53.574  1484  1566 V APM_AudioPolicyManager: checkAndSetVolume: output 21, stream 0, index 8, devices 0x2, volume 1.000000, delayMs 0, muted false
03-02 00:56:53.575  1696  1756 I VPUD    : == vdec_codec_msg_handler() == msg_id = 0xA001, codec_id = 1
03-02 00:56:53.576  1696  1756 E VPUD    : [info] H265_fillGeneralBuf: bIsHDR10plus 0 bIsCUVAHDR 0 u4MetaDataRawSize 0
03-02 00:56:53.576  1484  1566 V APM_AudioPolicyManager: checkAndSetVolume: output 21, stream 11, index 15, devices 0x2, volume 1.000000, delayMs 0, muted false
03-02 00:56:53.577  1484  1566 V APM_AudioPolicyManager: checkAndSetVolume: output 21, stream 3, index 4, devices 0x2, volume 0.018316, delayMs 0, muted false
03-02 00:56:53.579  1484  1566 I AudioFlinger: updateStageIndex new -2102
03-02 00:56:53.579  1484  9573 D NativePermissionController: checkPermission: missing 13 for 10350
03-02 00:56:53.579  1484 28718 D NativePermissionController: checkPermission: missing 13 for 10476
03-02 00:56:53.579 14885 14885 I InsetsSourceConsumer: applyRequestedVisibilityToControl: visible=true, type=navigationBars, host=com.zhiliaoapp.musically/com.ss.android.ugc.aweme.splash.SplashActivity
03-02 00:56:53.579 14885 14885 I InsetsSourceConsumer: applyRequestedVisibilityToControl: visible=true, type=statusBars, host=com.zhiliaoapp.musically/com.ss.android.ugc.aweme.splash.SplashActivity
03-02 00:56:53.580  1484  1921 D DlbEffectContext: setParam() received parameter EFFECT_PARAM_SEEK
03-02 00:56:53.580  1484  1921 D DlbEffectContext: handleSeek(seek operation ends, restore profile to 2)
03-02 00:56:53.580  1484  1921 D DlbEffectContext: applySpecificParams() Reset some user specific parameters
03-02 00:56:53.580  1484  1921 D DlbProfileParamCache: resetParam(param=dvla)
03-02 00:56:53.580  1484  1921 D DlbProfileParamArray: getProfileParams(profile = 2)
03-02 00:56:53.580  1484  1921 D DlbProfileParamCache: resetParam() resend the parameter value got from xml.
03-02 00:56:53.580  1484  1921 D DlbProfileParamCache: resetParam() resend the parameter value got from xml.
03-02 00:56:53.580  1484  1921 D DlbProfileParamCache: resetParam() resend the parameter value got from xml.
03-02 00:56:53.580  1484  1921 D DlbProfileParamCache: resetParam() resend the parameter value got from xml.
03-02 00:56:53.580  1484  1921 D DlbProfileParamCache: resetParam() resend the parameter value got from xml.
03-02 00:56:53.580  1484  1921 D DlbProfileParamCache: resetParam() resend the parameter value got from xml.
03-02 00:56:53.580  1484  1921 D DlbProfileParamCache: resetParam() resend the parameter value got from xml.
03-02 00:56:53.580  1484  1921 D DlbEndpointParamCache: commitChangedParams()
03-02 00:56:53.580  1484  1921 D DlbEndpointParamCache: commit() Applying parameters for device 0x40000000
03-02 00:56:53.580  1484  1921 D DlbEndpointParamCache: doCommit() Committed 0 parameters out of 15.
03-02 00:56:53.580  1484  1921 D DlbEndpointParamCache: commit() Overriding parameters for current device 0x00000002
03-02 00:56:53.580  1484  1921 D DlbDap2Process: setParam(dvla = #1[0])
03-02 00:56:53.580  1484  1921 D DlbEndpointParamCache: doCommit() Committed 1 parameters out of 60.
03-02 00:56:53.580  1484  1921 D DlbProfileParamCache: resetParam(param=dvli)
03-02 00:56:53.580  1484  1921 D DlbProfileParamArray: getProfileParams(profile = 2)
03-02 00:56:53.580  1484  1921 D DlbProfileParamCache: resetParam() resend the parameter value got from xml.
03-02 00:56:53.580  1484  1921 D DlbProfileParamCache: resetParam() resend the parameter value got from xml.
03-02 00:56:53.580  1484  1921 D DlbProfileParamCache: resetParam() resend the parameter value got from xml.
03-02 00:56:53.580  1484  1921 D DlbProfileParamCache: resetParam() resend the parameter value got from xml.
03-02 00:56:53.580  1484  1921 D DlbProfileParamCache: resetParam() resend the parameter value got from xml.
03-02 00:56:53.580  1484  1921 D DlbProfileParamCache: resetParam() resend the parameter value got from xml.
03-02 00:56:53.580  1484  1921 D DlbProfileParamCache: resetParam() resend the parameter value got from xml.
03-02 00:56:53.580  1484  1921 D DlbEndpointParamCache: commitChangedParams()
03-02 00:56:53.580  1484  1921 D DlbEndpointParamCache: commit() Applying parameters for device 0x40000000
03-02 00:56:53.580  1484  1921 D DlbEndpointParamCache: doCommit() Committed 0 parameters out of 15.
03-02 00:56:53.580  1484  1921 D DlbEndpointParamCache: commit() Overriding parameters for current device 0x00000002
03-02 00:56:53.580  1484  1921 D DlbDap2Process: setParam(dvli = #1[-256])
03-02 00:56:53.580  1484  1921 D DlbEndpointParamCache: doCommit() Committed 1 parameters out of 60.
03-02 00:56:53.580  1484  1921 D DlbProfileParamCache: resetParam(param=dvlo)
03-02 00:56:53.580  1484  1921 D DlbProfileParamArray: getProfileParams(profile = 2)
03-02 00:56:53.580  1484  1921 D DlbProfileParamCache: resetParam() resend the parameter value got from xml.
03-02 00:56:53.580  1484  1921 D DlbProfileParamCache: resetParam() resend the parameter value got from xml.
03-02 00:56:53.580  1484  1921 D DlbProfileParamCache: resetParam() resend the parameter value got from xml.
03-02 00:56:53.580  1484  1921 D DlbProfileParamCache: resetParam() resend the parameter value got from xml.
03-02 00:56:53.580  1484  1921 D DlbProfileParamCache: resetParam() resend the parameter value got from xml.
03-02 00:56:53.580  1484  1921 D DlbProfileParamCache: resetParam() resend the parameter value got from xml.
03-02 00:56:53.580  1484  1921 D DlbProfileParamCache: resetParam() resend the parameter value got from xml.
03-02 00:56:53.580  1484  1921 D DlbEndpointParamCache: commitChangedParams()
03-02 00:56:53.580  1484  1921 D DlbEndpointParamCache: commit() Applying parameters for device 0x40000000
03-02 00:56:53.580  1484  1921 D DlbEndpointParamCache: doCommit() Committed 0 parameters out of 15.
03-02 00:56:53.580  1484  1921 D DlbEndpointParamCache: commit() Overriding parameters for current device 0x00000002
03-02 00:56:53.580  1484  1921 D DlbDap2Process: setParam(dvlo = #1[-224])
03-02 00:56:53.580  1484  1921 D DlbEndpointParamCache: doCommit() Committed 1 parameters out of 60.
03-02 00:56:53.580  1484  1921 D DlbProfileParamCache: resetParam(param=vmb)
03-02 00:56:53.580  1484  1921 D DlbProfileParamArray: getProfileParams(profile = 2)
03-02 00:56:53.580  1484  1921 D DlbProfileParamCache: resetParam() resend the parameter value got from xml.
03-02 00:56:53.580  1484  1921 D DlbProfileParamCache: resetParam() resend the parameter value got from xml.
03-02 00:56:53.580  1484  1921 D DlbProfileParamCache: resetParam() resend the parameter value got from xml.
03-02 00:56:53.580  1484  1921 D DlbProfileParamCache: resetParam() resend the parameter value got from xml.
03-02 00:56:53.580  1484  1921 D DlbProfileParamCache: resetParam() resend the parameter value got from xml.
03-02 00:56:53.580  1484  1921 D DlbProfileParamCache: resetParam() resend the parameter value got from xml.
03-02 00:56:53.580  1484  1921 D DlbProfileParamCache: resetParam() resend the parameter value got from xml.
03-02 00:56:53.580  1484  1921 D DlbEndpointParamCache: commitChangedParams()
03-02 00:56:53.580  1484  1921 D DlbEndpointParamCache: commit() Applying parameters for device 0x40000000
03-02 00:56:53.580  1484  1921 D DlbEndpointParamCache: doCommit() Committed 0 parameters out of 15.
03-02 00:56:53.580  1484  1921 D DlbEndpointParamCache: commit() Overriding parameters for current device 0x00000002
03-02 00:56:53.580  1484  1921 D DlbDap2Process: setParam(vmb = #1[0])
03-02 00:56:53.580  1484  1921 D DlbEndpointParamCache: doCommit() Committed 1 parameters out of 60.
03-02 00:56:53.580  1484  1921 D DlbProfileParamCache: resetParam(param=dea)
03-02 00:56:53.580  1484  1921 D DlbProfileParamArray: getProfileParams(profile = 2)
03-02 00:56:53.581  1484  1921 D DlbProfileParamCache: resetParam() resend the parameter value got from xml.
03-02 00:56:53.581  1484  1921 D DlbProfileParamCache: resetParam() resend the parameter value got from xml.
03-02 00:56:53.581  1484  1921 D DlbProfileParamCache: resetParam() resend the parameter value got from xml.
03-02 00:56:53.581  1484  1921 D DlbProfileParamCache: resetParam() resend the parameter value got from xml.
03-02 00:56:53.581  1484  1921 D DlbProfileParamCache: resetParam() resend the parameter value got from xml.
03-02 00:56:53.581  1484  1921 D DlbProfileParamCache: resetParam() resend the parameter value got from xml.
03-02 00:56:53.581  1484  1921 D DlbProfileParamCache: resetParam() resend the parameter value got from xml.
03-02 00:56:53.581  1484  1921 D DlbEndpointParamCache: commitChangedParams()
03-02 00:56:53.581  1484  1921 D DlbEndpointParamCache: commit() Applying parameters for device 0x40000000
03-02 00:56:53.581  1484  1921 D DlbEndpointParamCache: doCommit() Committed 0 parameters out of 15.
03-02 00:56:53.581  1484  1921 D DlbEndpointParamCache: commit() Overriding parameters for current device 0x00000002
03-02 00:56:53.581  1484  1921 D DlbDap2Process: setParam(dea = #1[0])
03-02 00:56:53.581  1484  1921 D DlbEndpointParamCache: doCommit() Committed 1 parameters out of 60.
03-02 00:56:53.581  1484  1921 D DlbProfileParamCache: resetParam(param=deon)
03-02 00:56:53.581  1484  1921 D DlbProfileParamArray: getProfileParams(profile = 2)
03-02 00:56:53.581  1484  1921 D DlbProfileParamCache: resetParam() resend the parameter value got from xml.
03-02 00:56:53.581  1484  1921 D DlbProfileParamCache: resetParam() resend the parameter value got from xml.
03-02 00:56:53.581  1484  1921 D DlbProfileParamCache: resetParam() resend the parameter value got from xml.
03-02 00:56:53.581  1484  1921 D DlbProfileParamCache: resetParam() resend the parameter value got from xml.
03-02 00:56:53.581  1484  1921 D DlbProfileParamCache: resetParam() resend the parameter value got from xml.
03-02 00:56:53.581  1484  1921 D DlbProfileParamCache: resetParam() resend the parameter value got from xml.
03-02 00:56:53.581  1484  1921 D DlbProfileParamCache: resetParam() resend the parameter value got from xml.
03-02 00:56:53.581  1484  1921 D DlbEndpointParamCache: commitChangedParams()
03-02 00:56:53.581  1484  1921 D DlbEndpointParamCache: commit() Applying parameters for device 0x40000000
03-02 00:56:53.581  1484  1921 D DlbEndpointParamCache: doCommit() Committed 0 parameters out of 15.
03-02 00:56:53.581  1484  1921 D DlbEndpointParamCache: commit() Overriding parameters for current device 0x00000002
03-02 00:56:53.581  1484  1921 D DlbDap2Process: setParam(deon = #1[0])
03-02 00:56:53.581  1484  1921 D DlbEndpointParamCache: doCommit() Committed 1 parameters out of 60.
03-02 00:56:53.581  1484  1921 D DlbProfileParamCache: resetParam(param=mdee)
03-02 00:56:53.581  1484  1921 D DlbProfileParamArray: getProfileParams(profile = 2)
03-02 00:56:53.581  1484  1921 D DlbProfileParamCache: resetParam() resend the parameter value got from xml.
03-02 00:56:53.581  1484  1921 D DlbEndpointParamCache: commitChangedParams()
03-02 00:56:53.581  1484  1921 D DlbEndpointParamCache: commit() Applying parameters for device 0x40000000
03-02 00:56:53.581  1484  1921 D DlbDap2Process: setParam(mdee = #1[0])
03-02 00:56:53.581  1484  1921 D DlbEndpointParamCache: doCommit() Committed 1 parameters out of 15.
03-02 00:56:53.581  1484  1921 D DlbEndpointParamCache: commit() Overriding parameters for current device 0x00000002
03-02 00:56:53.581  1484  1921 D DlbEndpointParamCache: doCommit() Committed 0 parameters out of 60.
03-02 00:56:53.581  1484  1921 D DlbEffectContext: transformExternalGain() volume:0x4B059 fVol:0.018316 extVal:-555
03-02 00:56:53.581  1484  1921 D DlbEndpointParamCache: commitChangedParams()
03-02 00:56:53.581  1484  1921 D DlbEndpointParamCache: commit() Applying parameters for device 0x40000000
03-02 00:56:53.581  1484  1921 D DlbDap2Process: setParam(preg = #1[0])
03-02 00:56:53.581  1484  1921 D DlbDap2Process: setSystemGain(vol = 0)
03-02 00:56:53.581  1484  1921 D DlbDap2Process: setParam(svol = #1[-555])
03-02 00:56:53.581  1484  1921 D DlbEndpointParamCache: doCommit() Committed 2 parameters out of 15.
03-02 00:56:53.581  1484  1921 D DlbEndpointParamCache: commit() Overriding parameters for current device 0x00000002
03-02 00:56:53.581  1484  1921 D DlbEndpointParamCache: doCommit() Committed 0 parameters out of 60.
03-02 00:56:53.581  1484  1921 I SoundBoosterEffectPlus: SB_setVolume(0xb400007075106040)
03-02 00:56:53.581  1484  1921 I SoundBoosterEffectPlus: command EFFECT_CMD_SET_VOLUME left = 0.018316, right =0.018316
03-02 00:56:53.581  1484  1921 I SAG_EQ a64: SetVolumeFloat() inst_num [424238335] VolumeFloat [-34.738720] mModeFW [1] mMode [1]
03-02 00:56:53.581  1484  1921 I SAG_EQ a64: mIsVolumeTableValid yes
03-02 00:56:53.581  1484  1921 I SAG_EQ a64: SetVolume() VolumeIndexInt [4]
03-02 00:56:53.581  1484  1921 V VolumeMonitor_Energy_Effect: VM_setVolume() sessionId:-2101, do nothing
03-02 00:56:53.582  1439  1541 D MTKAdapterStreamLayer: updateMetadataCommon(),
03-02 00:56:53.582 10943 10943 I AudioPathManager: loadAudioPath() : loaded audio path is speaker (0)
03-02 00:56:53.583 10943 10943 I ModelUtil: isHighEndModel() : this model is SM-A155F
03-02 00:56:53.583  1445  2902 W C2MtkBufferManager: [0xB4000070F507E520] fetchNewCcBlock: wait fence 0x0xb4000070f5058270 timed out. ret 110
03-02 00:56:53.585  1484  1921 I SoundBooster_Interface2000_a64: [AE_LOG] Exe() mMode : 1,  n : 2048    VolumeIndexFloat : -34.738720 mSamplingRate : 48000
03-02 00:56:53.586  1484  1921 I SoundAlive_Interface_a64: [ 0 ][ 48000 ]FlushBuffers()
03-02 00:56:53.586  1484  1921 I SoundAlive_Interface_a64: [dB = -34.738720 ]
03-02 00:56:53.586  1484 15560 D NativePermissionController: checkPermission: missing 13 for 10492
03-02 00:56:53.588  1484  6346 D NativePermissionController: checkPermission: missing 13 for 10476
03-02 00:56:53.590  1484  9961 D NativePermissionController: checkPermission: missing 13 for 10350
03-02 00:56:53.590  1439  1902 D AHAL_Stream: cycle: received command Command{start: Void{}} in writer
03-02 00:56:53.590  1439  1902 D AHAL_Stream: [out|ioHandle:21] start
03-02 00:56:53.590  1439  1902 I AHAL_Stream: start()
03-02 00:56:53.590  1439  1902 W MTKAdapterStreamLayer: getStreamState(), stub == NULL
03-02 00:56:53.590  1439  1902 D AHAL_Stream: cycle: writing reply Reply{status: 0, fmqByteCount: 0, observable: Position{frames: -1, timeNs: 0}, hardware: Position{frames: -1, timeNs: -1}, latencyMs: 85, xrunFrames: 0, state: IDLE}
03-02 00:56:53.590  1439  1902 D AudioALSAStreamOut: write(), flag 0x8, usePolicyDevice/standbyByHifi: 1/0, output_devices: 0x2 -> latest policyDevice 0x2 (ori policyDevice 0x2)
03-02 00:56:53.590  1439  1902 D AudioALSAStreamManager: +syncSharedOutDevice(), originDevice/routingSharedOutDevice: 0x2/0x2, mAudioMode: 0
03-02 00:56:53.591  1439  1902 D AudioALSAStreamManager: getMode(), mAudioMode = 0
03-02 00:56:53.591  1439  1902 D AudioIEMsController: routing(+), cur out 0x0 in 0x0, hs 0, bt 0, usb 0, device 0x2, mask 0x1, on 0
03-02 00:56:53.591  1439  1902 D AudioIEMsController: routing(-), cur out 0x0 in 0x0
03-02 00:56:53.591  1439  1902 D AudioALSAUltrasoundOutOfCallController: afterOutputDeviceRouting(), output_device=0x2, mTargetOutputDevice=0x1
03-02 00:56:53.591  1439  1902 D AudioMTKGainController: setNormalVolume(), mSceneIndex = 0, stream 3, devices 0x2, index 4, mode 0x0, gainDevice 0x2
03-02 00:56:53.591  1439  1902 D AudioALSAStreamOut: open(), flags 8
03-02 00:56:53.591  1439  1902 D AudioALSAStreamManager: +createPlaybackHandler(), mAudioMode = 0, output_devices = 0x2, isMixerOut = 0, isBypassAurisys = 0, flag = 8, isIEMsSource = 0, isIEMsOn = 0
03-02 00:56:53.591  1439  1902 D AudioALSAStreamManager: needEnableVoip(), output_devices = 0x2, flags: 0x8, mAvailableOutputFlags: 0x1000e, enable: 0
03-02 00:56:53.591  1439  1902 D AudioSpeechEnhanceInfo: IsAPDMNRTuningEnable(), 0
03-02 00:56:53.593  1439  1902 D AudioALSAPlaybackHandlerMixer: open(+), source flag 8, mDevice = 0x2, buffer_size 8192, sample_rate 48000
03-02 00:56:53.593  1439  1902 D AudioALSAPlaybackHandlerBase: CreateAurisysLibManager, ph type: 11, voip: 0, mAurisysScenario: 0
03-02 00:56:53.593  1439  1902 D aurisys_utility: input dev: 0x80000080 0x0, fmt = 0x1, fs: 48000, max fs: 48000, ch: 2, max ch: 2, ch maks: 0x3, hw_info_mask: 0x0; output dev: 0x2 0x0, fmt = 0x1, fs: 48000, max fs: 48000, ch: 2, max ch: 4, ch maks: 0x3, hw_info_mask: 0x8; task_scene: 2, audio_mode: 0, stream_type: 3, output_flags: 0x8, input_source: 0, input_flags: 0x0; network_info: 0, enhancement_feature_mask: 0x0
03-02 00:56:53.593  1439  1902 D AudioUtility: setupCustomInfoStr(), custom_info = "SetAudioCustomScene=Default;", (scene = Default, vol_level = -1, bt_codec = -1, gameChatMode = -1)
03-02 00:56:53.593  1439  1902 D aurisys_utility: lib, working fs: 48000, fmt: 0x3, frame = 0, b_interleave = 1, num_ul_ref_buf_array = 0, num_dl_ref_buf_array = 0
03-02 00:56:53.593  1439  1902 D aurisys_utility: dl in[type:2], ch: 2, ch_mask: 0x3, buf fs: 48000, buf content fs: 48000, fmt: 0x3; dl out[type:3], ch: 2, ch_mask: 0x3, buf fs: 48000, buf content fs: 48000, fmt: 0x3
03-02 00:56:53.593  1439  1902 D aurisys_lib_handler: aurisys_arsi_parsing_param_file(), gProductInfo "platform=MT6789,device=a15,model=SM-A155F", file_path "/vendor/etc/audio_param", enhancement_mode 0, param_buf_size 128, data_size 128, custom_info SetAudioCustomScene=Default;
03-02 00:56:53.593  1439  1902 D aurisys_lib_handler: aurisys_arsi_create_handler(), lib_name aurisys_demo, [queried_size] dram:896 [avail_size] dram:4294967295
03-02 00:56:53.593  1439  1902 D aurisys_lib_handler: aurisys_arsi_create_handler(), lib_name aurisys_demo, 0xb400006fecaa7000, process_type 1, arsi_handler 0xb400006feca82600, retval 0x0
03-02 00:56:53.593  1439  1902 D aurisys_lib_handler: aurisys_arsi_create_handler(), arsi_query_process_unit_bytes, ul 4096, dl 4096, retval 0
03-02 00:56:53.593  1439  1902 D aurisys_lib_manager: DL Lib, lib_name aurisys_demo, 0xb400006fecaa7000, sample_rate: 48000 => 48000, num_channels: 2 => 2, audio_format: 0x1 => 0x3, interleave: 1 => 1, frame: 0 => 0
03-02 00:56:53.593  1439  1902 D aurisys_lib_manager: DL out, sample_rate: 48000 => 48000, num_channels: 2 => 2, audio_format: 0x3 => 0x3, interleave: 1 => 1, frame: 0 => 0
03-02 00:56:53.593  1439  1902 D audio_sw_mixer: sw_mixer_source_attach(), MIXER_PLAYBACK  , name T_DEEP       order 2 sz 8192 fmt 3 ch 2 rate 48000 latency_us 21333
03-02 00:56:53.593  1439  1902 D AudioUtility: chooseTargetSampleRate() hiFiState 0 isDeviceSupportHiFi 0 sampleRate 48000 targetSampleRate 48000, isUltra96k 0
03-02 00:56:53.594  1439  1902 D AudioALSAStreamManager: +createPlaybackHandler(), mAudioMode = 0, output_devices = 0x2, isMixerOut = 1, isBypassAurisys = 1, flag = 8, isIEMsSource = 0, isIEMsOn = 0
03-02 00:56:53.594  1439  1902 D AudioALSAStreamManager: needEnableVoip(), output_devices = 0x2, flags: 0x8, mAvailableOutputFlags: 0x1000e, enable: 0
03-02 00:56:53.594  1439  1902 D AudioSpeechEnhanceInfo: IsAPDMNRTuningEnable(), 0
03-02 00:56:53.594  1439  1902 D AudioALSAPlaybackHandlerNormal: +open(), flag = 8, source output_devices = 0x2, audio_format = 3, buffer_size = 16384, sample_rate = 48000
03-02 00:56:53.594  1439  1902 D AudioALSAPlaybackHandlerNormal: open(), isolated deep buffer keypcmDeepBuffer = Playback_3
03-02 00:56:53.594  1439  1902 D AudioALSADeviceConfigManager: ApplyDeviceTurnonSequenceByName() DeviceName = PLAYBACK3_TO_I2S3 descriptor->DeviceStatusCounte = 0, Ctlsize=4
03-02 00:56:53.594  1696  1756 I VPUD    : == vdec_codec_msg_handler() == msg_id = 0xA001, codec_id = 1
03-02 00:56:53.595  1696  1756 E VPUD    : [info] H265_fillGeneralBuf: bIsHDR10plus 0 bIsCUVAHDR 0 u4MetaDataRawSize 0
03-02 00:56:53.595  1484 23599 D NativePermissionController: checkPermission: missing 13 for 10492
03-02 00:56:53.596  2013  2656 I SemWifiLinkQualityMonitor: Link stat: 0 / 0 / 1.00 (580) / 58 / -82.0 || 100.0 : 58.00 / B (B) || 63618b082412: 0.241 / 33.224 / D || N N / 0 0 / Y 2.0 / Y X 0 / 491092596 0 || Invalid
03-02 00:56:53.599  1439  1902 D AudioUtility: chooseTargetSampleRate() hiFiState 0 isDeviceSupportHiFi 0 sampleRate 48000 targetSampleRate 48000, isUltra96k 0
03-02 00:56:53.599  1439  1902 D AudioALSAPlaybackHandlerBase: transferAudioFormatToPcmFormat(), audio_format(0x4) => pcm_format(0x3)
03-02 00:56:53.599  1439  1902 D AudioALSAPlaybackHandlerNormal: open(), flag = 8, mConfig: channels = 2, sample_rate(target) = 48000, period_size = 1024, period_count = 4, format = 3, avail_min = 2048, start_threshold = 0
03-02 00:56:53.600 14885 16071 W System.err: FlagsHookHelper: skip hook flags method getInstanceHook
03-02 00:56:53.602  1484 15560 D NativePermissionController: checkPermission: missing 13 for 10476
03-02 00:56:53.603  1464  1492 I mtkpower@impl: [setMode] type:5, enabled:0
03-02 00:56:53.605  1439  1902 D AudioALSAPlaybackHandlerBase: openPcmDriverWithFlag(), pcm device = 3 flag = 0xc mPcm = 0xb400006feb0387c0
03-02 00:56:53.605  1439  1902 D AudioALSAPlaybackHandlerBase: CreateAurisysLibManager, ph type: 10, voip: 0, mAurisysScenario: 9
03-02 00:56:53.605  1439  1902 D aurisys_utility: input dev: 0x80000080 0x0, fmt = 0x3, fs: 48000, max fs: 48000, ch: 2, max ch: 2, ch maks: 0x3, hw_info_mask: 0x0; output dev: 0x2 0x0, fmt = 0x3, fs: 48000, max fs: 48000, ch: 2, max ch: 4, ch maks: 0x3, hw_info_mask: 0x8; task_scene: 32, audio_mode: 0, stream_type: 3, output_flags: 0x8, input_source: 0, input_flags: 0x0; network_info: 0, enhancement_feature_mask: 0x0
03-02 00:56:53.605  1439  1902 D AudioUtility: setupCustomInfoStr(), custom_info = "SetAudioCustomScene=Default;", (scene = Default, vol_level = -1, bt_codec = -1, gameChatMode = -1)
03-02 00:56:53.605  1439  1902 D aurisys_utility: lib, working fs: 48000, fmt: 0x3, frame = 0, b_interleave = 1, num_ul_ref_buf_array = 0, num_dl_ref_buf_array = 0
03-02 00:56:53.605  1439  1902 D aurisys_utility: dl in[type:2], ch: 2, ch_mask: 0x3, buf fs: 48000, buf content fs: 48000, fmt: 0x3; dl out[type:3], ch: 2, ch_mask: 0x3, buf fs: 48000, buf content fs: 48000, fmt: 0x3
03-02 00:56:53.605  1439  1902 I [Awinic]: aw_skt_arsi_query_param_buf_size_by_custom_info:reserve2 [0] cust_scene[0] ---> aw_scene[0]
03-02 00:56:53.605  1439  1902 I [Awinic]: find [] scene_block with id 0
03-02 00:56:53.605  1439  1902 I [Awinic]: aw_skt_arsi_query_param_buf_size_by_custom_info:aw_scene[] params len is 11884
03-02 00:56:53.605  1439  1902 D aurisys_lib_handler: [LIB] Awinic Info: aw_skt_arsi_query_param_buf_size_by_custom_info done!
03-02 00:56:53.605  1439  1902 I [Awinic]: aw_skt_arsi_parsing_param_file_by_custom_info:reserve2 [0] cust_scene[0] ---> aw_scene[0]
03-02 00:56:53.605  1439  1902 I [Awinic]: find [] scene_block with id 0
03-02 00:56:53.606  1439  1902 E [Awinic]: open awinic params file [vendor/etc/demo//AW_SPIN_MODE.bin] failed
03-02 00:56:53.606  1439  1902 D [Awinic]: aw_skt_arsi_get_spin_mode_table: read awinic spin mode file failed
03-02 00:56:53.606  1439  1902 I [Awinic]: aw_skt_arsi_parsing_param_file_by_custom_info:load aw_scene[] params done
03-02 00:56:53.606  1439  1902 D aurisys_lib_handler: aurisys_arsi_parsing_param_file(), gProductInfo "platform=MT6789,device=a15,model=SM-A155F", file_path "/vendor/etc/audio_param", enhancement_mode 0, param_buf_size 11884, data_size 11860, custom_info SetAudioCustomScene=Default;
03-02 00:56:53.606  1439  1902 D aurisys_lib_handler: [LIB] Awinic Info: aw_skt_arsi_query_working_buf_size(), scene = 32
03-02 00:56:53.606  1439  1902 D aurisys_lib_handler: [LIB] Awinic Info: input dev: 0x80000080 0x0, fmt = 0x3, fs: 48000, max fs: 48000, ch: 2, max ch: 2
03-02 00:56:53.606  1439  1902 D aurisys_lib_handler: [LIB] Awinic Info: output dev: 0x2 0x0, fmt = 0x3, fs: 48000, max fs: 48000, ch: 2, max ch: 4
03-02 00:56:53.606  1439  1902 D aurisys_lib_handler: [LIB] Awinic Info: lib, working fs: 48000, fmt: 0x3, frame = 0, b_interleave = 1
03-02 00:56:53.606  1439  1902 D aurisys_lib_handler: [LIB] Awinic Info: dl in, ch: 2, buf fs: 48000, read data fs: 48000, fmt: 0x3
03-02 00:56:53.606  1439  1902 D aurisys_lib_handler: [LIB] Awinic Info: dl out, ch: 2, buf fs: 48000, read data fs: 48000, fmt: 0x3
03-02 00:56:53.606  1439  1902 D [Awinic]: [I]Awinic <aw_get_algo_propert>get prop_id: 0x00010001 start!
03-02 00:56:53.606  1439  1902 D [Awinic]: [I]Awinic <aw_get_algo_propert>get prop_id: 0x00010001 success!
03-02 00:56:53.606  1439  1902 D [Awinic]: [I]Awinic <aw_get_algo_propert>get prop_id: 0x00010002 start!
03-02 00:56:53.606  1439  1902 D [Awinic]: [I]Awinic <aw_get_algo_propert>get prop_id: 0x00010002 success!
03-02 00:56:53.606  1439  1902 D [Awinic]: [I]Awinic <aw_get_algo_propert>get prop_id: 0x00010005 start!
03-02 00:56:53.606  1439  1902 D [Awinic]: [I]Awinic <aw_get_algo_propert>get prop_id: 0x00010005 success!
03-02 00:56:53.606  1439  1902 D [Awinic]: [I]Awinic <aw_set_algo_propert>set prop_id: 0x00020005 start!
03-02 00:56:53.606  1439  1902 D [Awinic]: [I]Awinic <aw_set_algo_propert>set prop_id: 0x00020005 success!
03-02 00:56:53.606  1439  1902 D [Awinic]: [I]Awinic <aw_set_algo_propert>set prop_id: 0x00020003 start!
03-02 00:56:53.606  1439  1902 D [Awinic]: [I]Awinic <elog_start>Awinic Logger Init Done!
03-02 00:56:53.606  1439  1902 D [Awinic]: [I]Awinic <aw_set_algo_propert>set prop_id: 0x00020003 success!
03-02 00:56:53.606  1439  1902 D aurisys_lib_handler: [LIB] Awinic Info: (null)(), work_buf size, SLB:0 L2SRAM:621232 DRAM:213155840
03-02 00:56:53.606  1439  1902 D aurisys_lib_handler: [LIB] Awinic Info: aw_skt_arsi_query_working_buf_size done!
03-02 00:56:53.606  1439  1902 D aurisys_lib_handler: aurisys_arsi_create_handler(), lib_name smartpa_aw88xxx, [queried_size] dram:621232 [avail_size] dram:4294967295
03-02 00:56:53.606  1439  1902 D aurisys_lib_handler: [LIB] SLB address: 0x0 size: 0, L2SRAM address: 0x0 size: 0, DRAM address: 0xe1dc7a40 size: 621232
03-02 00:56:53.606  1439  1902 D aurisys_lib_handler: [LIB] Awinic Info: skt_cfg_size : 618744
03-02 00:56:53.606  1439  1902 D [Awinic]: [I]Awinic <aw_get_algo_propert>get prop_id: 0x00010006 start!
03-02 00:56:53.606  1439  1902 D [Awinic]: [I]Awinic <aw_get_algo_propert>get prop_id: 0x00010006 success!
03-02 00:56:53.606  1439  1902 I [Awinic]: SKTune version is SKTune_V6.5_v1.1.5[2].1
03-02 00:56:53.606  1439  1902 I [Awinic]: API version is SKTune_api_v0.0.4.10
03-02 00:56:53.606  1439  1902 D [Awinic]: mix_init init done!
03-02 00:56:53.606  1439  1902 D [Awinic]: mix_init init done!
03-02 00:56:53.606  1439  1902 D [Awinic]: spin init done!
03-02 00:56:53.606  1439  1902 D [Awinic]: mix_init init done!
03-02 00:56:53.606  1439  1902 D [Awinic]: init Done !
03-02 00:56:53.606  1439  1902 D [Awinic]: [I]Awinic <aw_gse_lib_set_preset>GSE Preset convert END!
03-02 00:56:53.606  1439  1902 D [Awinic]: [D]Awinic <aw_gse_ch_set_params>classification or deq is not enabled
03-02 00:56:53.606  1439  1902 D [Awinic]: [D]Awinic <aw_gse_ch_set_params>classification or deq is not enabled
03-02 00:56:53.606 25915 26075 I Rubin   : [4019] M.c0.k(Unknown Source) : Notify com.samsung.android.rubin.inferenceengine.contextanalytics.engine.loggers.AppUsageLogger's database is updated.
03-02 00:56:53.606  1439  1902 D [Awinic]: [I]Awinic <aw_sToneEvalSetParams>Origin cfg->cali_Re: -98000ohm, set param->cali_Re: 6259mohm!
03-02 00:56:53.606  1439  1902 D [Awinic]: [I]Awinic <aw_sToneEvalSetParams>Origin cfg->cali_Re: -98000ohm, set param->cali_Re: 8000mohm!
03-02 00:56:53.606  1439  1902 D [Awinic]: [D]Awinic <aw_mecLibSetParams_v2>set parameter done!
03-02 00:56:53.607  1439  1902 I [Awinic]: AW_UI_PRESET set done!
03-02 00:56:53.607  1439  1902 I [Awinic]: params data random code is 10902!
03-02 00:56:53.607  1439  1902 D [Awinic]: fadein mix start, pre_gain:[1048576], post_gain:[1048576], mix state: 5
03-02 00:56:53.607  1439  1902 D [Awinic]: set params for cfg[0] done
03-02 00:56:53.607  1439  1902 D aurisys_lib_handler: [LIB] Awinic Info: format 0x3 , num_channels 2, sampling_rate 48000
03-02 00:56:53.607   457   457 I lmkd    : cached 0, sandbox(not0) 0
03-02 00:56:53.608   457   457 I lmkd    : Reclaim 'com.google.android.packageinstaller' (17099), uid 10077, oom_score_adj 955, state 19 to free 73132kB rss, 36912kB swap; reason: low watermark is breached and swap is low (4605280kB < 4613732kB)
03-02 00:56:53.608  1439  1902 I [Awinic]: aw_vmax_kctl_dev_init: Awinic dev[0]'s monitor switch kcontrol is not accessible!
03-02 00:56:53.609  1439  1902 I [Awinic]: aw_vmax_kctl_dev_init: Awinic dev[1]'s monitor switch kcontrol is not accessible!
03-02 00:56:53.609  1439  1902 I [Awinic]: aw_vamx_node_init: Awinic open monitor_node_path: /sys/class/power_supply/battery/capacity failed, close monitor
03-02 00:56:53.609  1439  1902 D [Awinic]: set dtc_status: interval_time: 2 s, tma_pre: 80166952, tcm_pre: 32589456
03-02 00:56:53.609  1439  1902 E [Awinic]: Open env_te attr[/sys/class/power_supply/battery/temp] failed, errno: 13, due to Permission denied!
03-02 00:56:53.609  1439  1902 D aurisys_lib_handler: [LIB] Awinic Info: aw_skt_arsi_create_handler done!
03-02 00:56:53.609  1439  1902 D aurisys_lib_handler: aurisys_arsi_create_handler(), lib_name smartpa_aw88xxx, 0xb400006feb041000, process_type 1, arsi_handler 0xb400006fe1dc7a40, retval 0x0
03-02 00:56:53.609  1439  1902 D aurisys_lib_handler: [LIB] Awinic Info: aw_skt_arsi_set_debug_log_fp done!
03-02 00:56:53.609  1439  1902 D aurisys_lib_handler: [LIB] Awinic Info: aw_skt_arsi_query_process_unit_bytes done!
03-02 00:56:53.609  1439  1902 D aurisys_lib_handler: aurisys_arsi_create_handler(), arsi_query_process_unit_bytes, ul 4096, dl 4096, retval 0
03-02 00:56:53.609  1439  1902 D aurisys_lib_manager: DL Lib, lib_name smartpa_aw88xxx, 0xb400006feb041000, sample_rate: 48000 => 48000, num_channels: 2 => 2, audio_format: 0x3 => 0x3, interleave: 1 => 1, frame: 0 => 0
03-02 00:56:53.609  1439  1902 D aurisys_lib_manager: DL out, sample_rate: 48000 => 48000, num_channels: 2 => 2, audio_format: 0x3 => 0x4, interleave: 1 => 1, frame: 0 => 0
03-02 00:56:53.609  1439  1902 D AudioALSAHardwareResourceManager: +startOutputDevice(), new_devices = 0x2, mOutputDevices = 0x0, mStartOutputDevicesCount = 0 SampleRate = 48000
03-02 00:56:53.609  1439  1902 D AudioSmartPaController: +dspOnBoardSpeakerOn(), SampleRate: 48000, MD_type: 0, isI2sInEchoRefEn: 0
03-02 00:56:53.609  1439  1902 D AudioALSAHardwareResourceManager: notifyOutputDeviceStatusChange(), device = 2, status = 0, sampleRate = 48000, mOpenSpeakerPathCount = 1
03-02 00:56:53.609  1439  1902 D AudioALSAStreamManager: speakerStatusChangeCb(), status = 0, sampleRate = 48000
03-02 00:56:53.609  1439  1902 D AudioALSAPlaybackHandlerNormal: -open()
03-02 00:56:53.609  1439  1902 D audio_sw_mixer: sw_mixer_target_attach(), MIXER_PLAYBACK  , name T_PRIMARY    order 4 sz 16384 fmt 3 ch 2 rate 48000 latency_us 42666
03-02 00:56:53.609  1439  1902 D audio_sw_mixer: sw_mixer_manager_create_path(), MIXER_PLAYBACK  , path T_DEEP=>T_PRIMARY   , uuid 1682419681, source: order 2 sz 8192 fmt 3 ch 2 rate 48000 latency_us 21333, target: order 4 sz 16384 fmt 3 ch 2 rate 48000 latency_us 42666
03-02 00:56:53.609  1439  1902 D audio_sw_mixer: dump_path_list(), MIXER_PLAYBACK  , T_DEEP=>T_PRIMARY   [8192, 2, n]
03-02 00:56:53.610  1439  1902 D AudioALSAPlaybackHandlerMixer: open(-), target flag 8, mDevice 0x2, buffer_size 16384, frame_count 2048, sample_rate 48000
03-02 00:56:53.610  1439  1620 D audio_sw_mixer: sw_mixer_mix_thread(), thread mix1:0 running: target T_PRIMARY
03-02 00:56:53.610  1439  1902 D AudioALSAStreamManager: setPlaybackStreamActive(), is_active = 1, stream_type = 3, mIsMusicStreamActive = 1
03-02 00:56:53.610  1439  1902 D AudioALSAStreamOut: -open(), flags 8
03-02 00:56:53.610  1439  1902 D AudioALSAPlaybackHandlerMixer: setScreenState(), buffer_size 8192 => 16384
03-02 00:56:53.610  1439  1902 D AudioALSAPlaybackHandlerNormal: setScreenState(), flag = 8, rate = 2048, mInterrupt = 0.042667, mode = 1, sample_rate(target) = 48000, buffer_size = 16384, channel = 2, format = 4, reduceInterruptSize = 1024
03-02 00:56:53.610  1439  1902 W audio_sw_mixer: sw_mixer_source_update_write_bytes(), MIXER_PLAYBACK  , name T_DEEP       order 2 sz 8192=>16384 fmt 3 ch 2 rate 48000 latency_us 42666
03-02 00:56:53.610  1439  1902 W AudioALSAPlaybackHandlerBase: getQueuedFramesInfo(), mTimeStampValid false!!
03-02 00:56:53.611  1484  1921 E StreamHalAidl: Function: getPresentationPosition Line: 1037 Failed
03-02 00:56:53.611  1484  1921 I SoundAlive_SRC384 arch64: ~SoundAlive_SRC384(): instance 6704
03-02 00:56:53.612  1439  1541 D MTKAdapterStreamLayer: updateMetadataCommon(),
03-02 00:56:53.612  1484  1484 D NativePermissionController: checkPermission: missing 13 for 10492
03-02 00:56:53.612  1484  1921 I SoundAlive_SRC384 arch64: SoundAlive_SRC384() ID = 6705 GID = 6706
03-02 00:56:53.613  1484  1921 I SoundAlive_SRC384 arch64: SoundAlive_SRC384: Instance 6705 Init(outFs 7, InFs 7, chnum 0, outBW 0, inBW 0)
03-02 00:56:53.613  1484  1921 I Samsung_SoundAlive_SRC arch64: SRC384 version Samsung SoundAlive SRC ver320 arch64  2021.08.04 (Cppref for ARM64, ver.300.c 32bit 07_10_2016 based)
03-02 00:56:53.613  1484  1921 D SoundAliveResampler: [SoundAliveResampler] Init+++
03-02 00:56:53.613  1484  1921 I SoundAlive_SRC384 arch64: SoundAlive_SRC384: Instance 6705 Init(outFs 8, InFs 7, chnum 2, outBW 3, inBW 3)
03-02 00:56:53.613  1484  1921 I Samsung_SoundAlive_SRC arch64: SRC384 version Samsung SoundAlive SRC ver320 arch64  2021.08.04 (Cppref for ARM64, ver.300.c 32bit 07_10_2016 based)
03-02 00:56:53.617  3438  3438 I EPDG -- SIM0 [SMARTWIFI]: isProfiling, hash=103173838, started=true
03-02 00:56:53.617  1445  2902 D C2MtkBufferManager: over 5000ms not request from VCodec but callback hooked, slow BM Cc fetch thread. Last get time was 90577028ms ago.
03-02 00:56:53.618  1445 16854 I FmtStream: [0xb4000070f0ff3418] invalidate() IN: job (653532 333) (768, 1280, 24576, 12288, C12b, P1), sec0
03-02 00:56:53.618  1445 16854 I FmtStream: [0xb4000070f0ff3418] invalidate() OUT: (720, 1280, 720, 368, C8s, P1), roi: (X:0, Y:0, RW:720, RH:1280), sec0
03-02 00:56:53.618  1484  1484 D NativePermissionController: checkPermission: missing 13 for 10492
03-02 00:56:53.618  1439  1902 W AudioALSAPlaybackHandlerBase: getQueuedFramesInfo(), mTimeStampValid false!!
03-02 00:56:53.620  1484 28718 D AudioFlinger: setParameters: filtered dev setParameters keyvalue audioHDR=0
03-02 00:56:53.620  1509  1509 D Audio_ParameterParser: parseVendorParameters: scope: MODULE, keys/values: audioHDR=0
03-02 00:56:53.621  1439  1541 D AudioALSAHardware: +setParameters(): audioHDR=0
03-02 00:56:53.621  1439  1541 D AudioALSAHardware: -setParameters(): audioHDR=0
03-02 00:56:53.621  1439  1541 E AHAL_Module: setVendorParameters: default: unrecognized parameter "audioHDR=0"
03-02 00:56:53.621  1484 28718 E ConversionHelperAidl: Function: parseAndSetVendorParameters Line: 94 Failed
03-02 00:56:53.621  1439  1620 D [Awinic]: mix fade in done, switch to MIX_DONE
03-02 00:56:53.621  1439  1620 D [Awinic]: mix_reset reset done!
03-02 00:56:53.621  1509  1509 D Audio_ParameterParser: parseVendorParameters: scope: MODULE, keys/values: audioHDR=0
03-02 00:56:53.621  1509  1509 D Audio_ParameterParser: parseVendorParameters: scope: MODULE, keys/values: audioHDR=0
03-02 00:56:53.622  1439  1541 D AHAL_ModuleBluetooth: setVendorParameters unrecognized parameter: audioHDR=0
03-02 00:56:53.623  1696  1756 I VPUD    : == vdec_codec_msg_handler() == msg_id = 0xA001, codec_id = 1
03-02 00:56:53.623  1696  1756 E VPUD    : [info] H265_fillGeneralBuf: bIsHDR10plus 0 bIsCUVAHDR 0 u4MetaDataRawSize 0
03-02 00:56:53.625  1484 28718 D NativePermissionController: checkPermission: missing 13 for 10130
03-02 00:56:53.626  1484 28718 D NativePermissionController: checkPermission: missing 13 for 10130
03-02 00:56:53.627  2013  2635 I ChimeraPolicyHandler: onPsiMonitorTriggered() - psiLevel: 0
03-02 00:56:53.630  1484 28718 D NativePermissionController: checkPermission: missing 13 for 10350
03-02 00:56:53.631 14885 16837 D SurfaceUtils: connecting to surface 0x6f9da2e010, reason connectToSurface
03-02 00:56:53.632 14885 16837 I MediaCodec: [c2.mtk.hevc.decoder] setting surface generation to 15242247
03-02 00:56:53.632 14885 16837 D SurfaceUtils: disconnecting from surface 0x6f9da2e010, reason connectToSurface(reconnect)
03-02 00:56:53.632 14885 16837 D SurfaceUtils: connecting to surface 0x6f9da2e000, reason connectToSurface(reconnect-with-listener)
03-02 00:56:53.632  1450 17610 I mtkpower_client: perf_lock_rel, hdl:76201, pid: 1450, tid:17610
03-02 00:56:53.633 14885 16837 D GraphicsTracker: new surface in configuration: maxDequeueRequested(0), maxDequeueCommitted(24)
03-02 00:56:53.633 14885 16837 D GraphicsTracker: new surface configured with id:63930588200971 gen:15242247 maxDequeue:24
03-02 00:56:53.633 14885 16837 D GraphicsTracker: maxDequeueCount is already 24
03-02 00:56:53.633  1464  1529 I libPowerHal: [perfLockRel] hdl:76201, idx:8
03-02 00:56:53.633 14885 16837 D Codec2Client: setOutputSurface -- generation=15242247 consumer usage=0x900
03-02 00:56:53.633  1464  1529 I libPowerHal: [set_cpuidle] enable:1, fd:17, scn:0xb40000737b61a740
03-02 00:56:53.633  1464  1529 I libPowerHal: [PD] vendor.samsung. update cmd:1c3c100 param:1 pr:6
03-02 00:56:53.634  1464  1529 I libPowerHal: [perfLockRel] Done for hdl : 76201
03-02 00:56:53.634  3438  3438 I EPDG -- SIM0 [SMARTWIFI]: isProfiling, hash=103173838, started=true
03-02 00:56:53.635  1450 17610 I mtkpower_client: perf_lock_rel, hdl:76202, pid: 1450, tid:17610
03-02 00:56:53.635  1484  1921 E StreamHalAidl: Function: getPresentationPosition Line: 1037 Failed
03-02 00:56:53.635 14885 16837 D SurfaceUtils: disconnecting from surface 0x6f9d803610, reason disconnectFromSurface
03-02 00:56:53.635 14885 16246 D AudioTrack: setVolume(1.000000, 1.000000) pid : 14885
03-02 00:56:53.636  1450 17610 I HYPER-HAL: [RequestManager.cpp]releaseLocked(): Released ID : 2063514
03-02 00:56:53.636  1464  1529 I libPowerHal: [perfLockRel] hdl:76202, idx:2
03-02 00:56:53.636 14885 16837 I BLASTBufferQueue: [7086fb SurfaceView[com.zhiliaoapp.musically/com.ss.android.ugc.aweme.splash.SplashActivity]@0#8](f:0,a:0,s:0) onFrameAvailable the first frame is available
03-02 00:56:53.637  1464  1529 I libPowerHal: [PD] vendor.samsung. update cmd:1000000 param:-1 pr:6
03-02 00:56:53.637 14885 16837 I BLASTBufferQueue: [7086fb SurfaceView[com.zhiliaoapp.musically/com.ss.android.ugc.aweme.splash.SplashActivity]@0#8](f:0,a:1,s:0) acquireNextBufferLocked size=1080x1920 mFrameNumber=1 applyTransaction=true mTimestamp=491092636428347 mPendingTransactions.size=0 graphicBufferId=63930588201444 transform=0
03-02 00:56:53.637  1464  1529 I libPowerHal: [perfLockRel] Done for hdl : 76202
03-02 00:56:53.641 10943 10943 I EffectManager: isSupportDolbyAtmosOnThisAudioPath() : path is speaker (0)
03-02 00:56:53.641 10943 10943 I AudioPathManager: loadAudioPath() : loaded audio path is speaker (0)
03-02 00:56:53.641 10943 10943 I EffectManager: isSupportVolumeNormalizationOnCurrentAudioPath() : path is speaker (0)
03-02 00:56:53.641 10943 10943 I DVFSHelper: isNecessaryToBoostCPU() : isDolbyOn? false, isUHQUpscalerOn? false, isVoiceBoostOn? false, isVolumeNormalizationOn? false
03-02 00:56:53.641  1439  1620 D audio_sw_mixer: sw_mixer_wait_to_mix(), MIXER_PLAYBACK  , target T_PRIMARY    thread enter direct mode
03-02 00:56:53.641  1484  1484 D NativePermissionController: checkPermission: missing 13 for 10350
03-02 00:56:53.641  2013  6778 D SemWifiUsabilityStatsMonitor: onWifiUsabilityStats - seqNum 30949, isSameBssidAndFreq true
03-02 00:56:53.649 14885 15878 W NaviWarn: StackPtr is not 8-byte aligned.
03-02 00:56:53.649  1484 15560 D NativePermissionController: checkPermission: missing 13 for 10476
03-02 00:56:53.651  2013  2635 I ChimeraAggressivePolicyHandler: executePolicy() - triggerSource: TRIGGER_SOURCE_PSI_MEM_MONITOR
03-02 00:56:53.652  2013  2635 I ChimeraAggressivePolicyHandler: available memory: 2472056, free memory target: 2201600, quit chimera
03-02 00:56:53.654  1484  3507 D NativePermissionController: checkPermission: missing 13 for 10350
03-02 00:56:53.655  1484  5506 D NativePermissionController: checkPermission: missing 13 for 10350
03-02 00:56:53.656  1696  1756 I VPUD    : == vdec_codec_msg_handler() == msg_id = 0xA001, codec_id = 1
03-02 00:56:53.657  1696  1756 E VPUD    : [info] H265_fillGeneralBuf: bIsHDR10plus 0 bIsCUVAHDR 0 u4MetaDataRawSize 0
03-02 00:56:53.657  1445  2902 W C2MtkBufferManager: [0xB4000070F507E520] fetchNewCcBlock: wait fence 0x0xb4000070f5058270 timed out. ret 110
03-02 00:56:53.658  2746  2746 D NavigationBar: onSystemBarAttributesChanged() -  displayId:0, appearance:16, packageName: com.zhiliaoapp.musically (APPEARANCE_LIGHT_NAVIGATION_BARS ), navbarColorManagedByIme:false
03-02 00:56:53.661  1507  1825 I SurfaceFlinger: Capture layer list: 	 com.podcast.app.debug.test/androidx.test.core.app.InstrumentationActivityInvoker$EmptyActivity$_17532#155260(seamlessTransition:0)
03-02 00:56:53.661  1507  1825 I SurfaceFlinger: Capture layer list: 	 Splash Screen com.podcast.app.debug.test$_2746#155253(seamlessTransition:0)
03-02 00:56:53.663  1439  1902 W audio_sw_mixer: sw_mixer_mix_fp_direct_write(-),   MIXER_PLAYBACK  , path T_DEEP=>T_PRIMARY   , size_out 16384, rb     0, latency/total: 42.666/45.140 (22.962+0.002+22.176) ms
03-02 00:56:53.663  1484  1921 D AudioFlinger: mixer(0xb40000706662d000) throttle end: throttle time(14)
03-02 00:56:53.665  1484  9573 D NativePermissionController: checkPermission: missing 13 for 10350
03-02 00:56:53.665  1484  1567 D NativePermissionController: checkPermission: missing 13 for 10350
03-02 00:56:53.666 17142 17326 I SCS@AiSearch user 0: (IndexSearcherManager) [androidx.work-2] leaving from refreshSearcherManager():
03-02 00:56:53.667  1696  1756 I VPUD    : == vdec_codec_msg_handler() == msg_id = 0xA001, codec_id = 1
03-02 00:56:53.667 17142 17326 I SCS@AiSearch user 0: (IndexManager) [androidx.work-2] leaving from updateIndex, result = true():
03-02 00:56:53.667 17142 17326 I SCS@AiSearch user 0: (AppsDataObserver) [androidx.work-2] leaving from execute():  result is true
