03-02 00:57:33.923  3202  3202 I HoneySpace.EdgePanel.EdgePanelContainerViewModel: cocktailHostRepository.edgePanelOperation NoteResumeComponent(componentName=ComponentInfo{com.zhiliaoapp.musically/com.ss.android.ugc.aweme.main.MainActivity})
03-02 00:57:33.923  3202  3202 I HoneySpace.EdgePanel.ActivityUtils: HomePackage : com.sec.android.app.launcher, resumePackageName : com.zhiliaoapp.musically, className : com.ss.android.ugc.aweme.main.MainActivity
03-02 00:57:33.924  1507  1563 I SurfaceFlinger: id=156477 createSurf, flag=20404, Background for 7086fb SurfaceView[com.zhiliaoapp.musically/com.ss.android.ugc.aweme.splash.SplashActivity]@0#156477
03-02 00:57:33.924 14885 14885 D BufferQueueConsumer: [](id:3a2500000078,api:0,p:-1,c:14885) connect: controlledByApp=false
03-02 00:57:33.924 14885 14885 I BLASTBufferQueue: [7086fb SurfaceView[com.zhiliaoapp.musically/com.ss.android.ugc.aweme.splash.SplashActivity]@0#115](f:0,a:0,s:0) constructor()
03-02 00:57:33.924 14885 14885 I BLASTBufferQueue_Java: new BLASTBufferQueue, mName= 7086fb SurfaceView[com.zhiliaoapp.musically/com.ss.android.ugc.aweme.splash.SplashActivity]@0 mNativeObject= 0x6f01ff7400 caller= android.view.SurfaceView.createBlastSurfaceControls:1781 android.view.SurfaceView.updateSurface:1450 android.view.SurfaceView.setWindowStopped:539 android.view.SurfaceView.surfaceCreated:2327 android.view.ViewRootImpl.notifySurfaceCreated:3502 android.view.ViewRootImpl.performTraversals:5286 android.view.ViewRootImpl.doTraversal:3924 android.view.ViewRootImpl$TraversalRunnable.run:12903 android.view.Choreographer$CallbackRecord.run:1901 android.view.Choreographer$CallbackRecord.run:1910
03-02 00:57:33.925 14885 14885 I BLASTBufferQueue_Java: update, w= 1080 h= 1920 mName = 7086fb SurfaceView[com.zhiliaoapp.musically/com.ss.android.ugc.aweme.splash.SplashActivity]@0 mNativeObject= 0x6f01ff7400 sc.mNativeObject= 0x744fec5e80 format= 4 caller= android.view.SurfaceView.createBlastSurfaceControls:1782 android.view.SurfaceView.updateSurface:1450 android.view.SurfaceView.setWindowStopped:539 android.view.SurfaceView.surfaceCreated:2327 android.view.ViewRootImpl.notifySurfaceCreated:3502 android.view.ViewRootImpl.performTraversals:5286
03-02 00:57:33.925 14885 14885 I BLASTBufferQueue: [7086fb SurfaceView[com.zhiliaoapp.musically/com.ss.android.ugc.aweme.splash.SplashActivity]@0#115](f:0,a:0,s:0) update width=1080 height=1920 format=4 mTransformHint=0
03-02 00:57:33.926 14885 14885 I SurfaceView: 7374587 Cur surface: Surface(name=null mNativeObject=0)/@0x5798c7e
03-02 00:57:33.926 14885 14885 I SV[7374587 SplashActivity]: pST: sr = Rect(0, 80 - 1080, 2000) sw = 1080 sh = 1920
03-02 00:57:33.926 14885 14885 D SurfaceView: 7374587 performSurfaceTransaction RenderWorker position = [0, 80, 1080, 2000] surfaceSize = 1080x1920
03-02 00:57:33.926 14885 14885 I SV[7374587 SplashActivity]: updateSurface: mVisible = true mSurface.isValid() = true
03-02 00:57:33.926 14885 14885 I SV[7374587 SplashActivity]: updateSurface: mSurfaceCreated = false surfaceChanged = true visibleChanged = true
03-02 00:57:33.926 14885 14885 I SurfaceView: 7374587 visibleChanged -- surfaceCreated
03-02 00:57:33.926 14885 14885 I SV[7374587 SplashActivity]: surfaceCreated 2 #1 X.0fk7{7086fb V.E...... ........ 0,80-1080,2000}
03-02 00:57:33.928 25915 26075 I Rubin   : [4019] com.samsung.android.rubin.inferenceengine.contextanalytics.engine.monitors.moment.exercise.ExercisingWithCalendarMonitor.isSatisfiedByCalendarEvent(Unknown Source) : isSatisfiedByCalendarEvent is false
03-02 00:57:33.929 25915 26075 I Rubin   : [4019] com.samsung.android.rubin.inferenceengine.contextanalytics.engine.monitors.moment.exercise.ExercisingWithCmhMonitor.isSatisfiedByCmh(Unknown Source) : isSatisfiedByCmh is false
03-02 00:57:33.930  2013  2013 D AudioPlayerStateMonitor: Found a new active media playback. AudioPlaybackConfiguration piid:92743 deviceIds:[] type:android.media.AudioTrack u/pid:10350/14885 state:started attr:AudioAttributes: usage=USAGE_MEDIA content=CONTENT_TYPE_UNKNOWN flags=0xA00 tags= bundle=null sessionId:126033 mutedState:none  FormatInfo{isSpatialized=false, channelMask=0x3, sampleRate=44100}
03-02 00:57:33.930  1484  9573 I AF::Track: setMixerOutConfig return default condition, mixer key 2002, thread key 202
03-02 00:57:33.930  1484  9573 I AudioPolicyEffectException: MySpaceHandler::checkDetachCondition media 1, ring 0, mp 0
03-02 00:57:33.930  1484  9573 I AudioPolicyEffectException: MySpace detach value 1
03-02 00:57:33.930  2013  2013 D MediaSessionService: Audio playback is changed, config=AudioPlaybackConfiguration piid:92743 deviceIds:[] type:android.media.AudioTrack u/pid:10350/14885 state:started attr:AudioAttributes: usage=USAGE_MEDIA content=CONTENT_TYPE_UNKNOWN flags=0xA00 tags= bundle=null sessionId:126033 mutedState:none  FormatInfo{isSpatialized=false, channelMask=0x3, sampleRate=44100}, removed=false
03-02 00:57:33.930  1484  9573 V APM_AudioPolicyManager: startOutput portId 13560
03-02 00:57:33.930  1484  9573 V APM_AudioPolicyManager: startOutput() output 21, stream 3, session 126033
03-02 00:57:33.930  1484  9573 V APM_AudioPolicyManager: setBeaconMute(1) mBeaconMuteRefCount=9 mBeaconPlayingRefCount=0
03-02 00:57:33.930  2013  2013 D MediaSessionStack: updateMediaButtonSessionIfNeeded, callers=com.android.server.media.AudioPlayerStateMonitor$MessageHandler.handleMessage:19 android.os.Handler.dispatchMessage:110
03-02 00:57:33.930  2013  2013 D MediaSessionStack: updateMediaButtonSessionIfNeeded, skipping uid=10350
03-02 00:57:33.930  2013  2013 D MediaSessionStack: updateMediaButtonSessionIfNeeded, skipping uid=10342
03-02 00:57:33.930  2013  2013 D MediaSessionStack: updateMediaButtonSessionIfNeeded, skipping uid=10317
03-02 00:57:33.930  2013  2013 D MediaSessionStack: updateMediaButtonSessionIfNeeded, skipping uid=10672
03-02 00:57:33.930  1484  9573 V APM_AudioPolicyManager: selectOutputForMusicEffects activeOnly 1 output 21 flags 0x00000008
03-02 00:57:33.930  1484  9573 W AudioFlinger: moveEffectChain_ll: effect chain for session 0 not on source thread 0xb40000707515f310
03-02 00:57:33.930  1484  9573 V APM_AudioPolicyManager: selectOutputForMusicEffects selected output 21
03-02 00:57:33.931  1484  9573 V APM_AudioPolicyManager: getNewOutputDevices selected devices {AUDIO_DEVICE_OUT_SPEAKER, @:}
03-02 00:57:33.931  2013  2598 D AS.SoundAliveUtils: notify dvfs state : 2, screen : true
03-02 00:57:33.931  1484  9573 V APM_AudioPolicyManager: setOutputDevices caller startSource[[portId:5][io:21, deep-buffer]] device {AUDIO_DEVICE_OUT_SPEAKER, @:} delayMs 0
03-02 00:57:33.931  1484  9573 V APM_AudioPolicyManager: setOutputDevices: caller startSource[[portId:5][io:21, deep-buffer]] suppressing checkDeviceMuteStrategies
03-02 00:57:33.931  1484  9573 V APM_AudioPolicyManager: setOutputDevices caller startSource[[portId:5][io:21, deep-buffer]] changing device to {AUDIO_DEVICE_OUT_SPEAKER, @:} (prevDevice {AUDIO_DEVICE_OUT_SPEAKER, @:})
03-02 00:57:33.931  1507  1507 I SurfaceFlinger: [7086fb SurfaceView[com.zhiliaoapp.musically/com.ss.android.ugc.aweme.splash.SplashActivity]@0#156475] attach to parent LayerHierarchy{RequestedLayerState{Bounds for - com.zhiliaoapp.musically/com.ss.android.ugc.aweme.splash.SplashActivity@26#156471 parentId=156468} 2 children}
03-02 00:57:33.931  1507  1507 I SurfaceFlinger: [7086fb SurfaceView[com.zhiliaoapp.musically/com.ss.android.ugc.aweme.splash.SplashActivity]@0(BLAST)#156476] attach to parent LayerHierarchy{RequestedLayerState{7086fb SurfaceView[com.zhiliaoapp.musically/com.ss.android.ugc.aweme.splash.SplashActivity]@0#156475 parentId=156471} 1 children}
03-02 00:57:33.931  1507  1507 I SurfaceFlinger: [Background for 7086fb SurfaceView[com.zhiliaoapp.musically/com.ss.android.ugc.aweme.splash.SplashActivity]@0#156477] attach to parent LayerHierarchy{RequestedLayerState{7086fb SurfaceView[com.zhiliaoapp.musically/com.ss.android.ugc.aweme.splash.SplashActivity]@0#156475 parentId=156471} 2 children}
03-02 00:57:33.931 14885 16246 D AudioTrack: setVolume(1.000000, 1.000000) pid : 14885
03-02 00:57:33.932 14885 14885 I SurfaceView: 7374587 surfaceChanged -- format=4 w=1080 h=1920
03-02 00:57:33.932 14885 14885 I SV[7374587 SplashActivity]: surfaceChanged (1080,1920) 2 #1 X.0fk7{7086fb V.E...... ........ 0,80-1080,2000}
03-02 00:57:33.932 14885 14885 I SurfaceView: 7374587 surfaceRedrawNeeded
03-02 00:57:33.932  2746  3671 D SoundCraft.PlayingAudioConditionHandler: onPlaybackConfigChanged : lastStartedPackageName=com.zhiliaoapp.musically, lastStartedUid=10350, newStartedUid=10350, newStartPackageName=com.zhiliaoapp.musically, thread=Thread[RoutineHandlerThread,5,main]
03-02 00:57:33.933 14885 14885 I SurfaceView: 7374587 finishedDrawing
03-02 00:57:33.933  2013  3505 I NSLocationMonitor: getGPSUsingApps() called
03-02 00:57:33.933 14885 14885 V SurfaceView: Layout: x=0 y=80 w=1080 h=1920, frame=Rect(0, 0 - 1080, 1920)
03-02 00:57:33.933 14885 14885 I SV[137774491 SplashActivity]: windowStopped(false) true X.0fk7{836459b V.E...... ........ 0,81-1080,1998} of VRI[SplashActivity]@35f4eb8
03-02 00:57:33.933 14885 14885 I SurfaceView: 137774491 Changes: creating=true format=false size=false visible=true alpha=false hint=false left=false top=false z=false attached=true lifecycleStrategy=false
03-02 00:57:33.933  3477 27872 I NSLocationManager_FLP: getGPSUsingApps, No change
03-02 00:57:33.933  1507  2393 I SurfaceFlinger: id=156478 createSurf, flag=84004, 836459b SurfaceView[com.zhiliaoapp.musically/com.ss.android.ugc.aweme.splash.SplashActivity]@0#156478
03-02 00:57:33.934  1507  1907 I SurfaceFlinger: id=156479 createSurf, flag=44400, 836459b SurfaceView[com.zhiliaoapp.musically/com.ss.android.ugc.aweme.splash.SplashActivity]@0(BLAST)#156479
03-02 00:57:33.935  1507  1907 I SurfaceFlinger: id=156480 createSurf, flag=20404, Background for 836459b SurfaceView[com.zhiliaoapp.musically/com.ss.android.ugc.aweme.splash.SplashActivity]@0#156480
03-02 00:57:33.935 14885 14885 D BufferQueueConsumer: [](id:3a2500000079,api:0,p:-1,c:14885) connect: controlledByApp=false
03-02 00:57:33.935 14885 14885 I BLASTBufferQueue: [836459b SurfaceView[com.zhiliaoapp.musically/com.ss.android.ugc.aweme.splash.SplashActivity]@0#116](f:0,a:0,s:0) constructor()
03-02 00:57:33.936 14885 14885 I BLASTBufferQueue_Java: new BLASTBufferQueue, mName= 836459b SurfaceView[com.zhiliaoapp.musically/com.ss.android.ugc.aweme.splash.SplashActivity]@0 mNativeObject= 0x7450361c00 caller= android.view.SurfaceView.createBlastSurfaceControls:1781 android.view.SurfaceView.updateSurface:1450 android.view.SurfaceView.setWindowStopped:539 android.view.SurfaceView.surfaceCreated:2327 android.view.ViewRootImpl.notifySurfaceCreated:3502 android.view.ViewRootImpl.performTraversals:5286 android.view.ViewRootImpl.doTraversal:3924 android.view.ViewRootImpl$TraversalRunnable.run:12903 android.view.Choreographer$CallbackRecord.run:1901 android.view.Choreographer$CallbackRecord.run:1910
03-02 00:57:33.936 14885 14885 I BLASTBufferQueue_Java: update, w= 1080 h= 1917 mName = 836459b SurfaceView[com.zhiliaoapp.musically/com.ss.android.ugc.aweme.splash.SplashActivity]@0 mNativeObject= 0x7450361c00 sc.mNativeObject= 0x769bd9ef00 format= 4 caller= android.view.SurfaceView.createBlastSurfaceControls:1782 android.view.SurfaceView.updateSurface:1450 android.view.SurfaceView.setWindowStopped:539 android.view.SurfaceView.surfaceCreated:2327 android.view.ViewRootImpl.notifySurfaceCreated:3502 android.view.ViewRootImpl.performTraversals:5286
03-02 00:57:33.936 14885 14885 I BLASTBufferQueue: [836459b SurfaceView[com.zhiliaoapp.musically/com.ss.android.ugc.aweme.splash.SplashActivity]@0#116](f:0,a:0,s:0) update width=1080 height=1917 format=4 mTransformHint=0
03-02 00:57:33.936 14885 14885 I SurfaceView: 137774491 Cur surface: Surface(name=null mNativeObject=0)/@0xe7e74a9
03-02 00:57:33.936 14885 14885 I SV[137774491 SplashActivity]: pST: sr = Rect(4320, 2240 - 5400, 4157) sw = 1080 sh = 1917
03-02 00:57:33.936 14885 14885 D SurfaceView: 137774491 performSurfaceTransaction RenderWorker position = [4320, 2240, 5400, 4157] surfaceSize = 1080x1917
03-02 00:57:33.936 14885 14885 I SV[137774491 SplashActivity]: updateSurface: mVisible = true mSurface.isValid() = true
03-02 00:57:33.936 14885 14885 I SV[137774491 SplashActivity]: updateSurface: mSurfaceCreated = false surfaceChanged = true visibleChanged = true
03-02 00:57:33.936 14885 14885 I SurfaceView: 137774491 visibleChanged -- surfaceCreated
03-02 00:57:33.936 14885 14885 I SV[137774491 SplashActivity]: surfaceCreated 1 #1 X.0fk7{836459b V.E...... ........ 0,81-1080,1998}
03-02 00:57:33.937 14885 14885 I SurfaceView: 137774491 surfaceChanged -- format=4 w=1080 h=1917
03-02 00:57:33.937 14885 14885 I SV[137774491 SplashActivity]: surfaceChanged (1080,1917) 1 #1 X.0fk7{836459b V.E...... ........ 0,81-1080,1998}
03-02 00:57:33.937 14885 14885 I SurfaceView: 137774491 surfaceRedrawNeeded
03-02 00:57:33.938  2746  2808 I VRI[test]@c454e8a: onActiveControlsChanged, removed=false, mAdded=true, caller=android.view.ViewRootImpl.handleInsetsControlChanged:3002 android.view.ViewRootImpl$ViewRootHandler.handleMessageImpl:8352 android.view.ViewRootImpl$ViewRootHandler.handleMessage:8301 android.os.Handler.dispatchMessage:110 android.os.Looper.loopOnce:273
03-02 00:57:33.938 14885 14885 I SurfaceView: 137774491 finishedDrawing
03-02 00:57:33.938 14885 14885 V SurfaceView: Layout: x=4320 y=2240 w=1080 h=1917, frame=Rect(0, 0 - 1080, 1917)
03-02 00:57:33.938  1507  2393 I SurfaceFlinger: onHandleDestroyed: layerId=156466, name=Surface(name=c536234 NavigationBar0)/@0xfac847b - animation-leash of insets_animation#156466
03-02 00:57:33.938  1507  2393 I SurfaceFlinger: id=156466 Removed Surface(name=c536234 NavigationBar0)/@0xfac847b - animation-leash of insets_animation#156466 (343)
03-02 00:57:33.938  1507  2393 I SurfaceFlinger: onHandleDestroyed: layerId=156467, name=Surface(name=a5d3a68 StatusBar)/@0xd5726d6 - animation-leash of insets_animation#156467
03-02 00:57:33.938 14885 14885 D VRI[SplashActivity]@35f4eb8: reportNextDraw android.view.ViewRootImpl.performTraversals:5443 android.view.ViewRootImpl.doTraversal:3924 android.view.ViewRootImpl$TraversalRunnable.run:12903 android.view.Choreographer$CallbackRecord.run:1901 android.view.Choreographer$CallbackRecord.run:1910
03-02 00:57:33.938  1507  2393 I SurfaceFlinger: id=156467 Removed Surface(name=a5d3a68 StatusBar)/@0xd5726d6 - animation-leash of insets_animation#156467 (343)
03-02 00:57:33.938 14885 14885 D VRI[SplashActivity]@35f4eb8: Setup new sync=wmsSync-VRI[SplashActivity]@35f4eb8#46
03-02 00:57:33.938 14885 14885 I VRI[SplashActivity]@35f4eb8: Creating new active sync group VRI[SplashActivity]@35f4eb8#47
03-02 00:57:33.938 14885 14885 D VRI[SplashActivity]@35f4eb8: Start draw after previous draw not visible
03-02 00:57:33.939  1507  1845 D SurfaceFlinger: [input] setFocusedWindow: cd2d6b5 com.zhiliaoapp.musically/com.ss.android.ugc.aweme.splash.SplashActivity
03-02 00:57:33.939  1507  1845 D SurfaceFlinger: updateWinowInfo=1, setFocusedWindow timestamp=491132918813888, windowName=cd2d6b5 com.zhiliaoapp.musically/com.ss.android.ugc.aweme.splash.SplashActivity
03-02 00:57:33.939  2013  2252 D InputDispatcher: Once focus requested (0): cd2d6b5 com.zhiliaoapp.musically/com.ss.android.ugc.aweme.splash.SplashActivity
03-02 00:57:33.939 14885 14885 D VRI[SplashActivity]@35f4eb8: registerCallbacksForSync syncBuffer=false
03-02 00:57:33.939  2013  2252 D InputDispatcher: Focus request (0): cd2d6b5 com.zhiliaoapp.musically/com.ss.android.ugc.aweme.splash.SplashActivity but waiting because NO_WINDOW
03-02 00:57:33.940  1446  1498 I SensorsHub: LightSensor: lux = 37, time = 767670326414146
03-02 00:57:33.940  1646  5384 I CameraService: onUidStateChanged: uid=10492, procState is changed. (19 -> 8)
03-02 00:57:33.942  1507  1507 I SurfaceFlinger: destroyed Surface(name=a5d3a68 StatusBar)/@0xd5726d6 - animation-leash of insets_animation#156467
03-02 00:57:33.942  1507  1507 I SurfaceFlinger: destroyed Surface(name=c536234 NavigationBar0)/@0xfac847b - animation-leash of insets_animation#156466
03-02 00:57:33.942  1507  1507 I SurfaceFlinger: [Background for 836459b SurfaceView[com.zhiliaoapp.musically/com.ss.android.ugc.aweme.splash.SplashActivity]@0#156480] attach to parent LayerHierarchy{RequestedLayerState{836459b SurfaceView[com.zhiliaoapp.musically/com.ss.android.ugc.aweme.splash.SplashActivity]@0#156478 parentId=156471} 1 children}
03-02 00:57:33.942  1507  1507 I SurfaceFlinger: [836459b SurfaceView[com.zhiliaoapp.musically/com.ss.android.ugc.aweme.splash.SplashActivity]@0(BLAST)#156479] attach to parent LayerHierarchy{RequestedLayerState{836459b SurfaceView[com.zhiliaoapp.musically/com.ss.android.ugc.aweme.splash.SplashActivity]@0#156478 parentId=156471} 2 children}
03-02 00:57:33.942  1507  1507 I SurfaceFlinger: [836459b SurfaceView[com.zhiliaoapp.musically/com.ss.android.ugc.aweme.splash.SplashActivity]@0#156478] attach to parent LayerHierarchy{RequestedLayerState{Bounds for - com.zhiliaoapp.musically/com.ss.android.ugc.aweme.splash.SplashActivity@26#156471 parentId=156468} 3 children}
03-02 00:57:33.944  1507  1507 I Layer   : id=156467 Destroyed Surface(name=a5d3a68 StatusBar)/@0xd5726d6 - animation-leash of insets_animation#156467
03-02 00:57:33.944  1507  1507 I Layer   : id=156466 Destroyed Surface(name=c536234 NavigationBar0)/@0xfac847b - animation-leash of insets_animation#156466
03-02 00:57:33.946  2013  2252 W ParceledListSlice: Element #30 is 21544 bytes.
03-02 00:57:33.946 14885 15423 D SurfaceView: 6876039 updateSurfacePosition RenderWorker, frameNr = 1, position = [4320, -2080, 5400, -160] surfaceSize = 1080x1920
03-02 00:57:33.946 14885 15423 I SV[6876039 SplashActivity]: uSP: rtp = Rect(4320, -2080 - 5400, -160) rtsw = 1080 rtsh = 1920
03-02 00:57:33.946 14885 15423 I SV[6876039 SplashActivity]: onSSPAndSRT: pl = 4320 pt = -2080 sx = 1.0 sy = 1.0
03-02 00:57:33.946 14885 15423 I SV[6876039 SplashActivity]: aOrMT: VRI[SplashActivity]@35f4eb8 t = android.view.SurfaceControl$Transaction@2097195 fN = 1 android.view.SurfaceView.-$$Nest$mapplyOrMergeTransaction:0 android.view.SurfaceView$SurfaceViewPositionUpdateListener.positionChanged:1932 android.graphics.RenderNode$CompositePositionUpdateListener.positionChanged:401
03-02 00:57:33.947 14885 15423 I VRI[SplashActivity]@35f4eb8: mWNT: t=0x7450117b80 mBlastBufferQueue=0x769b545000 fn= 1 HdrRenderState mRenderHdrSdrRatio=1.0 caller= android.view.SurfaceView.applyOrMergeTransaction:1863 android.view.SurfaceView.-$$Nest$mapplyOrMergeTransaction:0 android.view.SurfaceView$SurfaceViewPositionUpdateListener.positionChanged:1932
03-02 00:57:33.948 10943 10959 I SAContentProvider:  getType() : screen on is true
03-02 00:57:33.948 14885 15423 D SurfaceView: 7374587 updateSurfacePosition RenderWorker, frameNr = 1, position = [0, 80, 1080, 2000] surfaceSize = 1080x1920
03-02 00:57:33.948 14885 15423 I SV[7374587 SplashActivity]: uSP: rtp = Rect(0, 80 - 1080, 2000) rtsw = 1080 rtsh = 1920
03-02 00:57:33.948 14885 15423 I SV[7374587 SplashActivity]: onSSPAndSRT: pl = 0 pt = 80 sx = 1.0 sy = 1.0
03-02 00:57:33.949 14885 15423 I SV[7374587 SplashActivity]: aOrMT: VRI[SplashActivity]@35f4eb8 t = android.view.SurfaceControl$Transaction@cdef2aa fN = 1 android.view.SurfaceView.-$$Nest$mapplyOrMergeTransaction:0 android.view.SurfaceView$SurfaceViewPositionUpdateListener.positionChanged:1932 android.graphics.RenderNode$CompositePositionUpdateListener.positionChanged:401
03-02 00:57:33.949 14885 15423 I VRI[SplashActivity]@35f4eb8: mWNT: t=0x744fa0f100 mBlastBufferQueue=0x769b545000 fn= 1 HdrRenderState mRenderHdrSdrRatio=1.0 caller= android.view.SurfaceView.applyOrMergeTransaction:1863 android.view.SurfaceView.-$$Nest$mapplyOrMergeTransaction:0 android.view.SurfaceView$SurfaceViewPositionUpdateListener.positionChanged:1932
03-02 00:57:33.950 14885 15423 D SurfaceView: 137774491 updateSurfacePosition RenderWorker, frameNr = 1, position = [4320, 2239, 5400, 4157] surfaceSize = 1080x1917
03-02 00:57:33.950 14885 15423 I SV[137774491 SplashActivity]: uSP: rtp = Rect(4320, 2239 - 5400, 4157) rtsw = 1080 rtsh = 1917
03-02 00:57:33.950 14885 15423 I SV[137774491 SplashActivity]: onSSPAndSRT: pl = 4320 pt = 2239 sx = 1.0 sy = 1.0005217
03-02 00:57:33.950 14885 15423 I SV[137774491 SplashActivity]: aOrMT: VRI[SplashActivity]@35f4eb8 t = android.view.SurfaceControl$Transaction@2594e9b fN = 1 android.view.SurfaceView.-$$Nest$mapplyOrMergeTransaction:0 android.view.SurfaceView$SurfaceViewPositionUpdateListener.positionChanged:1932 android.graphics.RenderNode$CompositePositionUpdateListener.positionChanged:401
03-02 00:57:33.950 14885 15423 I VRI[SplashActivity]@35f4eb8: mWNT: t=0x6fdfb04d00 mBlastBufferQueue=0x769b545000 fn= 1 HdrRenderState mRenderHdrSdrRatio=1.0 caller= android.view.SurfaceView.applyOrMergeTransaction:1863 android.view.SurfaceView.-$$Nest$mapplyOrMergeTransaction:0 android.view.SurfaceView$SurfaceViewPositionUpdateListener.positionChanged:1932
03-02 00:57:33.950 14885 15780 D VRI[SplashActivity]@35f4eb8: Received frameDrawingCallback syncResult=0 frameNum=1.
03-02 00:57:33.950 14885 15780 I VRI[SplashActivity]@35f4eb8: mWNT: t=0x6fdfe06500 mBlastBufferQueue=0x769b545000 fn= 1 HdrRenderState mRenderHdrSdrRatio=1.0 caller= android.view.ViewRootImpl$12.onFrameDraw:15441 android.view.ThreadedRenderer$1.onFrameDraw:718 <bottom of call stack>
03-02 00:57:33.950 14885 15780 I VRI[SplashActivity]@35f4eb8: Setting up sync and frameCommitCallback
03-02 00:57:33.958 14636 14636 D WM-SystemJobService: onStartJob for WorkGenerationalId(workSpecId=f23029b8-b7a3-4a93-aaf6-b7c7a26dfe9e, generation=0)
03-02 00:57:33.962  3202  4698 I HoneySpace.RecentTasks: onRecentTasksChanged
03-02 00:57:33.962 14636 15266 D WM-Processor: MutableConfig: processing WorkGenerationalId(workSpecId=f23029b8-b7a3-4a93-aaf6-b7c7a26dfe9e, generation=0)
03-02 00:57:33.964 14885 17619 D AidlBufferPool: Destruction - bufferpool2 0x6f1b410c68 cached: 0/0M, 0/0% in use; allocs: 457, 98% recycled; transfers: 457, 81% unfetched
03-02 00:57:33.964 14885 18629 W aoapp.musically: AIBinder_linkToDeath is being called with a non-null cookie and no onUnlink callback set. This might not be intended. AIBinder_DeathRecipient_setOnUnlinked should be called first.
03-02 00:57:33.966  1696  1756 I VPUD    : == vdec_codec_msg_handler() == msg_id = 0xA001, codec_id = 1
03-02 00:57:33.966 14885 15423 I BLASTBufferQueue: [VRI[SplashActivity]@35f4eb8#113](f:0,a:0,s:0) onFrameAvailable the first frame is available
03-02 00:57:33.966  1696  1756 E VPUD    : [info] H265_fillGeneralBuf: bIsHDR10plus 0 bIsCUVAHDR 0 u4MetaDataRawSize 0
03-02 00:57:33.967 14885 15423 I BLASTBufferQueue: [VRI[SplashActivity]@35f4eb8#113](f:0,a:1,s:0) acquireNextBufferLocked size=1080x2340 mFrameNumber=1 applyTransaction=true mTimestamp=491132966913195(auto) mPendingTransactions.size=0 graphicBufferId=63930588202204 transform=0
03-02 00:57:33.967 14885 15423 I VRI[SplashActivity]@35f4eb8: Received frameCommittedCallback lastAttemptedDrawFrameNum=1 didProduceBuffer=true
03-02 00:57:33.969 14885 14885 D VRI[SplashActivity]@35f4eb8: reportDrawFinished seqId=0
03-02 00:57:33.969  1696  1756 I VPUD    : == vdec_codec_msg_handler() == msg_id = 0xA001, codec_id = 1
03-02 00:57:33.969 14636 14636 D WM-WorkerWrapper: Starting work for com.urbanairship.job.AirshipWorker
03-02 00:57:33.970  1696  1756 E VPUD    : [info] H265_fillGeneralBuf: bIsHDR10plus 0 bIsCUVAHDR 0 u4MetaDataRawSize 0
03-02 00:57:33.970 14636 14636 V Ana Vodafone - UALib: AirshipWorker - Running job: JobInfo{action='ACTION_UPDATE_CHANNEL', airshipComponentName='com.urbanairship.channel.AirshipChannel', isNetworkAccessRequired=true, minDelayMs=0, conflictStrategy=2, initialBackOffMs=30000, extras={}, rateLimitIds=[]}, work Id: f23029b8-b7a3-4a93-aaf6-b7c7a26dfe9e run attempt: 312
03-02 00:57:33.971  1507  1825 I SurfaceFlinger: Capture layer list: 	 com.podcast.app.debug/androidx.activity.ComponentActivity$_17121#156449(seamlessTransition:0)
03-02 00:57:33.971  1507  1825 I SurfaceFlinger: Capture layer list: 	 DimTransitionLayer for Surface(name=Task=44889)/@0xbb33a9#156465(seamlessTransition:0)
03-02 00:57:33.971  1507  1825 I SurfaceFlinger: Capture layer list: 	 com.podcast.app.debug.test/androidx.test.core.app.InstrumentationActivityInvoker$EmptyActivity$_17532#156461(seamlessTransition:0)
03-02 00:57:33.971  1507  1825 I SurfaceFlinger: Capture layer list: 	 Splash Screen com.podcast.app.debug.test$_2746#156459(seamlessTransition:0)
03-02 00:57:33.971 14636 14636 V Ana Vodafone - UALib: JobDispatcher - Running job: JobInfo{action='ACTION_UPDATE_CHANNEL', airshipComponentName='com.urbanairship.channel.AirshipChannel', isNetworkAccessRequired=true, minDelayMs=0, conflictStrategy=2, initialBackOffMs=30000, extras={}, rateLimitIds=[]}, run attempt: 312
03-02 00:57:33.972  1696  1756 I VPUD    : == vdec_codec_msg_handler() == msg_id = 0xA001, codec_id = 1
03-02 00:57:33.973  1696  1756 E VPUD    : [info] H265_fillGeneralBuf: bIsHDR10plus 0 bIsCUVAHDR 0 u4MetaDataRawSize 0
03-02 00:57:33.974  1484  1921 D DlbDlbEffect: handle_EFFECT_CMD_SET_DEVICE(device=0x00000002)
03-02 00:57:33.974  1484  1921 D DlbEffectContext: setDevice(00000002)
03-02 00:57:33.974  1484  1921 D DlbEndpointParamCache: setDevice(device=0x00000002)
03-02 00:57:33.974  1484  1921 D DlbDlbEffect: handle_EFFECT_CMD_SET_DEVICE(device=0x00000002)
03-02 00:57:33.974  1484  1921 D DlbSpatializerEffectContext: setDevice(00000002)
03-02 00:57:33.974  1484  1921 D DlbEndpointParamCache: setDevice(device=0x00000002)
03-02 00:57:33.974  1484  1921 D DlbDlbEffect: handle_EFFECT_CMD_SET_DEVICE(device=0x00000002)
03-02 00:57:33.974  1484  1921 D DlbEffectContext: setDevice(00000002)
03-02 00:57:33.974  1484  1921 D DlbEndpointParamCache: setDevice(device=0x00000002)
03-02 00:57:33.974  1484  1921 I AudioEffectExtendAction: setDevice_l empty address, empty name
03-02 00:57:33.974  1484  1921 V VolumeMonitor_Energy_Effect: VM_setDevice() sessionId:-2101, device:0x0x2, isBtTypeHeadset:0
03-02 00:57:33.975  1439 16890 D MTKAdapterStreamLayer: updateMetadataCommon(),
03-02 00:57:33.975  1696  1756 I VPUD    : == vdec_codec_msg_handler() == msg_id = 0xA001, codec_id = 1
03-02 00:57:33.975  1507  1507 I SurfaceFlinger: RequestedLayer [68eb87 SurfaceView[com.zhiliaoapp.mu[...]weme.splash.SplashActivity]@0#156472] hidden!! flag  from(1) --> to(0)
03-02 00:57:33.975  1507  1507 I SurfaceFlinger: RequestedLayer [7086fb SurfaceView[com.zhiliaoapp.mu[...]weme.splash.SplashActivity]@0#156475] hidden!! flag  from(1) --> to(0)
03-02 00:57:33.975  1507  1507 I SurfaceFlinger: RequestedLayer [836459b SurfaceView[com.zhiliaoapp.m[...]weme.splash.SplashActivity]@0#156478] hidden!! flag  from(1) --> to(0)
03-02 00:57:33.975  1484  1921 D DeviceHalAidl: [default] createAudioPatch: sources: 1 sinks 1
03-02 00:57:33.975  1507  1507 I SurfaceFlinger: RequestedLayer [Bounds for - com.zhiliaoapp.musicall[...]weme.splash.SplashActivity@26#156471] hidden!! flag  from(1) --> to(0)
03-02 00:57:33.975  1507  1507 I SurfaceFlinger: RequestedLayer [Background for 68eb87 SurfaceView[co[...]weme.splash.SplashActivity]@0#156474] hidden!! flag  from(1) --> to(0)
03-02 00:57:33.975  1507  1507 I SurfaceFlinger: RequestedLayer [Background for 7086fb SurfaceView[co[...]weme.splash.SplashActivity]@0#156477] hidden!! flag  from(1) --> to(0)
03-02 00:57:33.975  1507  1507 I SurfaceFlinger: RequestedLayer [Background for 836459b SurfaceView[c[...]weme.splash.SplashActivity]@0#156480] hidden!! flag  from(1) --> to(0)
03-02 00:57:33.975  1507  1507 I SurfaceFlinger: [LayerHierarchy{RequestedLayerState{Background for 836459b SurfaceView[com.zhiliaoapp.musically/com.ss.android.ugc.aweme.splash.SplashActivity]@0#156480 parentId=156478 relativeParentId=156468 z=-2147483648} no children}] RelativeParent to LayerHierarchy{RequestedLayerState{com.zhiliaoapp.musically/com.ss.android.ugc.aweme.splash.SplashActivity$_14885#156468 parentId=155210} 2 children}
03-02 00:57:33.975  1507  1507 I SurfaceFlinger: [LayerHierarchy{RequestedLayerState{68eb87 SurfaceView[com.zhiliaoapp.musically/com.ss.android.ugc.aweme.splash.SplashActivity]@0#156472 parentId=156471 relativeParentId=156468 z=-2} 2 children}] RelativeParent to LayerHierarchy{RequestedLayerState{com.zhiliaoapp.musically/com.ss.android.ugc.aweme.splash.SplashActivity$_14885#156468 parentId=155210} 3 children}
03-02 00:57:33.975  1507  1507 I SurfaceFlinger: [LayerHierarchy{RequestedLayerState{Background for 68eb87 SurfaceView[com.zhiliaoapp.musically/com.ss.android.ugc.aweme.splash.SplashActivity]@0#156474 parentId=156472 relativeParentId=156468 z=-2147483648} no children}] RelativeParent to LayerHierarchy{RequestedLayerState{com.zhiliaoapp.musically/com.ss.android.ugc.aweme.splash.SplashActivity$_14885#156468 parentId=155210} 4 children}
03-02 00:57:33.975  1507  1507 I SurfaceFlinger: [LayerHierarchy{RequestedLayerState{7086fb SurfaceView[com.zhiliaoapp.musically/com.ss.android.ugc.aweme.splash.SplashActivity]@0#156475 parentId=156471 relativeParentId=156468 z=-2} 2 children}] RelativeParent to LayerHierarchy{RequestedLayerState{com.zhiliaoapp.musically/com.ss.android.ugc.aweme.splash.SplashActivity$_14885#156468 parentId=155210} 5 children}
03-02 00:57:33.975  1507  1507 I SurfaceFlinger: [LayerHierarchy{RequestedLayerState{Background for 7086fb SurfaceView[com.zhiliaoapp.musically/com.ss.android.ugc.aweme.splash.SplashActivity]@0#156477 parentId=156475 relativeParentId=156468 z=-2147483648} no children}] RelativeParent to LayerHierarchy{RequestedLayerState{com.zhiliaoapp.musically/com.ss.android.ugc.aweme.splash.SplashActivity$_14885#156468 parentId=155210} 6 children}
03-02 00:57:33.975  1507  1507 I SurfaceFlinger: [LayerHierarchy{RequestedLayerState{836459b SurfaceView[com.zhiliaoapp.musically/com.ss.android.ugc.aweme.splash.SplashActivity]@0#156478 parentId=156471 relativeParentId=156468 z=-2} 2 children}] RelativeParent to LayerHierarchy{RequestedLayerState{com.zhiliaoapp.musically/com.ss.android.ugc.aweme.splash.SplashActivity$_14885#156468 parentId=155210} 7 children}
03-02 00:57:33.975  1484  1921 D Hal2AidlMapper: [default] createOrUpdatePatch: patch ID: 579, [disregard IDs] sources: [AudioPortConfig{id: 5, portId: 0, sampleRate: Int{value: 48000}, channelMask: AudioChannelLayout{layoutMask: 3}, format: AudioFormatDescription{type: PCM, pcm: INT_16_BIT, encoding: }, gain: (null), flags: AudioIoFlags{output: 8}, ext: AudioPortExt{mix: AudioPortMixExt{handle: 21, usecase: AudioPortMixExtUseCase{stream: SYS_RESERVED_DEFAULT}, maxOpenStreamCount: 0, maxActiveStreamCount: 0, recommendedMuteDurationMs: 0}}}], sinks: [AudioPortConfig{id: 3, portId: 0, sampleRate: (null), channelMask: (null), format: (null), gain: (null), flags: (null), ext: AudioPortExt{device: AudioPortDeviceExt{device: AudioDevice{type: AudioDeviceDescription{type: OUT_SPEAKER, connection: }, address: AudioDeviceAddress{id: }}, flags: 0, encodedFormats: [], encapsulationModes: 0, encapsulationMetadataTypes: 0, speakerLayout: (null)}}}]
03-02 00:57:33.975  1484  1921 I Hal2AidlMapper: findOrCreatePortConfig
03-02 00:57:33.975  1484  1921 D Hal2AidlMapper: [default] findOrCreatePortConfig: device port config does not have audio or gain config specified
03-02 00:57:33.975  1484  1921 I Hal2AidlMapper: findOrCreatePortConfig
03-02 00:57:33.975  1484  1921 I Hal2AidlMapper: findOrCreateMixPortConfig, ioHandle:21
03-02 00:57:33.975  1696  1756 E VPUD    : [info] H265_fillGeneralBuf: bIsHDR10plus 0 bIsCUVAHDR 0 u4MetaDataRawSize 0
03-02 00:57:33.977  1439 16888 D AHAL_Module: setAudioPatch: default: requested patch AudioPatch{id: 579, sourcePortConfigIds: [30], sinkPortConfigIds: [1025], minimumStreamBufferSizeFrames: 2048, latenciesMs: [85]}
03-02 00:57:33.977  1439 16888 D AudioALSAStreamManager: reduce hal buffer size 28672 -> 8192
03-02 00:57:33.977  1439 16888 D AudioALSAStreamManager: calculateOutLatencyAndFrames(), flags 0x8, latency 85, frame count 2048
03-02 00:57:33.977  1439 16888 D MTKAdapterLayer: setAudioPatch(), patch.mLatency: 85 patch.mFrameCount: 2048
03-02 00:57:33.977  1439 16888 D AudioALSAHardware: +createAudioPatch() num_sources [1] , num_sinks [1], handle [0x0], current mAudioHalPatchVector size 4
03-02 00:57:33.977  1439 16888 D AudioALSAStreamManager: +setParameters(), IOport = 21, keyValuePairs = routing=2
03-02 00:57:33.977  1439 16888 D AudioALSAStreamManager: setParameters(), Send to mStreamOutVector[1], flag 8
03-02 00:57:33.978  1439 16888 D AudioALSAStreamOut: value_str = 2 devices count = 1
03-02 00:57:33.978  1439 16888 D AudioALSAStreamOut: updatePolicyDevice(), flag: 0x8, device: 0x2
03-02 00:57:33.978  1439 16888 D AudioALSAStreamManager: getMode(), mAudioMode = 0
03-02 00:57:33.978  1439 16888 W AudioALSAStreamManager: routingOutputDevice(), flag: 0x8, output_devices == current_output_devices(0x2), return
03-02 00:57:33.978  1439 16888 D AudioIEMsController: routing(+), cur out 0x0 in 0x0, hs 0, bt 0, usb 0, device 0x2, mask 0x1, on 0
03-02 00:57:33.978  1439 16888 D AudioIEMsController: routing(-), cur out 0x0 in 0x0
03-02 00:57:33.978  1439 16888 D AudioALSAHardware: -createAudioPatch() num_sources [1] , num_sinks [1], handle [0x36cb]
03-02 00:57:33.978  1696  1756 I VPUD    : == vdec_codec_msg_handler() == msg_id = 0xA001, codec_id = 1
03-02 00:57:33.978  1445 18650 I FmtStream: [0xb4000070f69f8d98] invalidate() IN: job (653845 228) (768, 1280, 24576, 12288, C12b, P1), sec0
03-02 00:57:33.978  1439 16888 D AHAL_Module: setAudioPatch: default: updated patch AudioPatch{id: 579, sourcePortConfigIds: [30], sinkPortConfigIds: [1025], minimumStreamBufferSizeFrames: 2048, latenciesMs: [85]}
03-02 00:57:33.978  1445 18650 I FmtStream: [0xb4000070f69f8d98] invalidate() OUT: (720, 1280, 720, 368, C8s, P1), roi: (X:0, Y:0, RW:720, RH:1280), sec0
03-02 00:57:33.978  1696  1756 E VPUD    : [info] H265_fillGeneralBuf: bIsHDR10plus 0 bIsCUVAHDR 0 u4MetaDataRawSize 0
03-02 00:57:33.978  1484  1921 D AudioFlinger: setCurDevice() 0x2
03-02 00:57:33.979  1439 16890 D AHAL_Stream: getRecommendedLatencyModes
03-02 00:57:33.979  1439 32089 D MTKAdapterStreamLayer: updateMetadataCommon(),
03-02 00:57:33.980  1484  9573 V APM_AudioPolicyManager: setOutputDevices() AF::createAudioPatch returned 0 patchHandle 111676 num_sources 1 num_sinks 1
03-02 00:57:33.981  1484  9573 V APM_AudioPolicyManager: checkAndSetVolume: output 21, stream 10, index 3, devices 0x2, volume 0.011220, delayMs 0, muted false
03-02 00:57:33.982  1484  9573 V APM_AudioPolicyManager: checkAndSetVolume: output 21, stream 9, index 2, devices 0x2, volume 0.089125, delayMs 0, muted false
03-02 00:57:33.982  1446  1498 I SensorsHub: LightSensor: lux = 36, time = 767670366393014
03-02 00:57:33.982  1484  9573 V APM_AudioPolicyManager: checkAndSetVolume: output 21, stream 8, index 8, devices 0x2, volume 0.089125, delayMs 0, muted false
03-02 00:57:33.984  2013  4835 W system_server: Large reply transaction of 322012 bytes, interface descriptor android.app.IActivityTaskManager, code 26
03-02 00:57:33.989  2013  4834 W ParceledListSlice: Element #30 is 21544 bytes.
03-02 00:57:33.989  1445  2902 W C2MtkBufferManager: [0xB4000070F507E520] fetchNewCcBlock: wait fence 0x0xb4000070f5058270 timed out. ret 110
03-02 00:57:33.990  1484  9573 V APM_AudioPolicyManager: checkAndSetVolume: output 21, stream 5, index 9, devices 0x2, volume 0.141254, delayMs 0, muted false
03-02 00:57:33.990  1484  9573 V APM_AudioPolicyManager: checkAndSetVolume: output 21, stream 4, index 11, devices 0x2, volume 0.223872, delayMs 0, muted false
03-02 00:57:33.990  1484  9573 V APM_AudioPolicyManager: checkAndSetVolume: output 21, stream 3, index 2, devices 0x2, volume 0.005792, delayMs 0, muted false
03-02 00:57:33.990  1484  9573 V APM_AudioPolicyManager: checkAndSetVolume: output 21, stream 2, index 8, devices 0x2, volume 0.112202, delayMs 0, muted false
03-02 00:57:33.990  1484  9573 V APM_AudioPolicyManager: checkAndSetVolume: output 21, stream 1, index 7, devices 0x2, volume 0.125893, delayMs 0, muted false
03-02 00:57:33.992  1484  9573 V APM_AudioPolicyManager: checkAndSetVolume: output 21, stream 0, index 8, devices 0x2, volume 1.000000, delayMs 0, muted false
03-02 00:57:33.994  1484  9573 V APM_AudioPolicyManager: checkAndSetVolume: output 21, stream 11, index 15, devices 0x2, volume 1.000000, delayMs 0, muted false
03-02 00:57:33.994  1484  9573 V APM_AudioPolicyManager: checkAndSetVolume: output 21, stream 3, index 2, devices 0x2, volume 0.005792, delayMs 0, muted false
03-02 00:57:33.995  1507  1907 I SurfaceFlinger: id=156481 createSurf, flag=84004, Transition Root: Task=44543#156481
03-02 00:57:33.996  1484  9573 I AudioFlinger: updateStageIndex new -2102
03-02 00:57:33.996  1484 10083 D NativePermissionController: checkPermission: missing 13 for 10350
03-02 00:57:33.997  2013  2068 I SurfaceControlRegistry: show, t=StartTransaction_SyncId<11288> sc=ActivityRecord{2751228 u0 com.zhiliaoapp.musically/com.ss.android.ugc.aweme.splash.SplashActivity t44543}, caller=android.view.SurfaceControl$Transaction.show:3557 com.android.server.wm.Transition.onTransactionReady:2048 com.android.server.wm.BLASTSyncEngine$SyncGroup.finishNow:240 com.android.server.wm.BLASTSyncEngine.onSurfacePlacement:263 com.android.server.wm.RootWindowContainer.performSurfacePlacementNoTrace:1083 com.android.server.wm.WindowSurfacePlacer.performSurfacePlacement:166
03-02 00:57:33.997  1484  1566 D NativePermissionController: checkPermission: missing 13 for 10248
03-02 00:57:33.997  1484  9269 D NativePermissionController: checkPermission: missing 13 for 10476
03-02 00:57:33.997  1484  6346 D NativePermissionController: checkPermission: missing 13 for 10492
03-02 00:57:33.997  1484 16929 D NativePermissionController: checkPermission: missing 13 for 10351
03-02 00:57:33.998  1507  1507 I SurfaceFlinger: [Transition Root: Task=44543#156481] attach to parent LayerHierarchy{RequestedLayerState{DefaultTaskDisplayArea_d0#10 parentId=9} 46 children}
03-02 00:57:33.998  1484  3507 D NativePermissionController: checkPermission: missing 13 for 10130
03-02 00:57:33.998  1484  2000 D NativePermissionController: checkPermission: missing 13 for 10350
03-02 00:57:34.000  1484  9961 D NativePermissionController: checkPermission: missing 13 for 10248
03-02 00:57:34.000  1484  9573 D NativePermissionController: checkPermission: missing 13 for 10476
03-02 00:57:34.000  1484 16929 D NativePermissionController: checkPermission: missing 13 for 10492
03-02 00:57:34.002  1484  3507 D NativePermissionController: checkPermission: missing 13 for 10351
03-02 00:57:34.003  1484 10083 D NativePermissionController: checkPermission: missing 13 for 10130
03-02 00:57:34.003  1484  9573 D NativePermissionController: checkPermission: missing 13 for 10350
03-02 00:57:34.004 14885 18629 D SurfaceUtils: connecting to surface 0x6f9d395610, reason connectToSurface
03-02 00:57:34.004 14885 18629 I MediaCodec: [c2.mtk.hevc.decoder] setting surface generation to 15242307
03-02 00:57:34.004 14885 18629 D SurfaceUtils: disconnecting from surface 0x6f9d395610, reason connectToSurface(reconnect)
03-02 00:57:34.004 14885 18629 D SurfaceUtils: connecting to surface 0x6f9d395600, reason connectToSurface(reconnect-with-listener)
03-02 00:57:34.004 14885 14885 I InsetsSourceConsumer: applyRequestedVisibilityToControl: visible=true, type=navigationBars, host=com.zhiliaoapp.musically/com.ss.android.ugc.aweme.splash.SplashActivity
03-02 00:57:34.004 14885 14885 I InsetsSourceConsumer: applyRequestedVisibilityToControl: visible=true, type=statusBars, host=com.zhiliaoapp.musically/com.ss.android.ugc.aweme.splash.SplashActivity
03-02 00:57:34.005  1484  1566 D NativePermissionController: checkPermission: missing 13 for 10476
03-02 00:57:34.006 14885 18629 D GraphicsTracker: new surface in configuration: maxDequeueRequested(0), maxDequeueCommitted(24)
03-02 00:57:34.006  1484 16929 D NativePermissionController: checkPermission: missing 13 for 10492
03-02 00:57:34.006  1484  1567 D NativePermissionController: checkPermission: missing 13 for 10476
03-02 00:57:34.007 14885 18629 D GraphicsTracker: new surface configured with id:63930588201080 gen:15242307 maxDequeue:24
03-02 00:57:34.007 14885 18629 D GraphicsTracker: maxDequeueCount is already 24
03-02 00:57:34.007  1484 16929 D NativePermissionController: checkPermission: missing 13 for 10248
03-02 00:57:34.007 14885 18629 D Codec2Client: setOutputSurface -- generation=15242307 consumer usage=0x900
03-02 00:57:34.007 14885 18629 D SurfaceUtils: disconnecting from surface 0x6f9d394c10, reason disconnectFromSurface
03-02 00:57:34.008  1484 10083 D NativePermissionController: checkPermission: missing 13 for 10248
03-02 00:57:34.009  1484  1567 D NativePermissionController: checkPermission: missing 13 for 10492
03-02 00:57:34.010 14885 16246 D AudioTrack: setVolume(1.000000, 1.000000) pid : 14885
03-02 00:57:34.012  1484 10083 D NativePermissionController: checkPermission: missing 13 for 10351
03-02 00:57:34.012  1484 24378 D NativePermissionController: checkPermission: missing 13 for 10130
03-02 00:57:34.012  1484 10083 D NativePermissionController: checkPermission: missing 13 for 10351
03-02 00:57:34.012  1484 24378 D NativePermissionController: checkPermission: missing 13 for 10130
03-02 00:57:34.014  2013  2068 D ScreenCapture: [Capture_TEST] : setIsScreenShotBySystem false
03-02 00:57:34.015  2013  2068 I SurfaceComposerClient: captureLayers:childrenOnly:1, sync:1
03-02 00:57:34.016  1484  1921 I SoundAlive_SRC384 arch64: ~SoundAlive_SRC384(): instance 6729
03-02 00:57:34.016  1484  1921 D DlbEffectContext: setParam() received parameter EFFECT_PARAM_SEEK
03-02 00:57:34.016  1484  1921 D DlbEffectContext: handleSeek(seek operation ends, restore profile to 2)
03-02 00:57:34.017  1484  1921 D DlbEffectContext: applySpecificParams() Reset some user specific parameters
03-02 00:57:34.017  1484  1921 D DlbProfileParamCache: resetParam(param=dvla)
03-02 00:57:34.017  1484  1921 D DlbProfileParamArray: getProfileParams(profile = 2)
03-02 00:57:34.017  1484  1921 D DlbProfileParamCache: resetParam() resend the parameter value got from xml.
03-02 00:57:34.017  1484  1921 D DlbProfileParamCache: resetParam() resend the parameter value got from xml.
03-02 00:57:34.017  1484  1921 D DlbProfileParamCache: resetParam() resend the parameter value got from xml.
03-02 00:57:34.017  1484  1921 D DlbProfileParamCache: resetParam() resend the parameter value got from xml.
03-02 00:57:34.017  1484  1921 D DlbProfileParamCache: resetParam() resend the parameter value got from xml.
03-02 00:57:34.017  1484  1921 D DlbProfileParamCache: resetParam() resend the parameter value got from xml.
03-02 00:57:34.017  1484  1921 D DlbProfileParamCache: resetParam() resend the parameter value got from xml.
03-02 00:57:34.017  1484  1921 D DlbEndpointParamCache: commitChangedParams()
03-02 00:57:34.017  1484  1921 D DlbEndpointParamCache: commit() Applying parameters for device 0x40000000
03-02 00:57:34.017  1484  1921 D DlbEndpointParamCache: doCommit() Committed 0 parameters out of 15.
03-02 00:57:34.017  1484  1921 D DlbEndpointParamCache: commit() Overriding parameters for current device 0x00000002
03-02 00:57:34.017  1484  1921 D DlbDap2Process: setParam(dvla = #1[0])
03-02 00:57:34.017  1484  1921 D DlbEndpointParamCache: doCommit() Committed 1 parameters out of 60.
03-02 00:57:34.017  1484  1921 D DlbProfileParamCache: resetParam(param=dvli)
03-02 00:57:34.017  1484  1921 D DlbProfileParamArray: getProfileParams(profile = 2)
03-02 00:57:34.017  1484  1921 D DlbProfileParamCache: resetParam() resend the parameter value got from xml.
03-02 00:57:34.017  1484  1921 D DlbProfileParamCache: resetParam() resend the parameter value got from xml.
03-02 00:57:34.017  1484  1921 D DlbProfileParamCache: resetParam() resend the parameter value got from xml.
03-02 00:57:34.017  1484  1921 D DlbProfileParamCache: resetParam() resend the parameter value got from xml.
03-02 00:57:34.017  1484  1921 D DlbProfileParamCache: resetParam() resend the parameter value got from xml.
03-02 00:57:34.017  1484  1921 D DlbProfileParamCache: resetParam() resend the parameter value got from xml.
03-02 00:57:34.017  1484  1921 D DlbProfileParamCache: resetParam() resend the parameter value got from xml.
03-02 00:57:34.017  1484  1921 D DlbEndpointParamCache: commitChangedParams()
03-02 00:57:34.017  1484  1921 D DlbEndpointParamCache: commit() Applying parameters for device 0x40000000
03-02 00:57:34.017  1484  1921 D DlbEndpointParamCache: doCommit() Committed 0 parameters out of 15.
03-02 00:57:34.017  1484  1921 D DlbEndpointParamCache: commit() Overriding parameters for current device 0x00000002
03-02 00:57:34.017  1484  1921 D DlbDap2Process: setParam(dvli = #1[-256])
03-02 00:57:34.017  1484  1921 D DlbEndpointParamCache: doCommit() Committed 1 parameters out of 60.
03-02 00:57:34.017  1484  1921 D DlbProfileParamCache: resetParam(param=dvlo)
03-02 00:57:34.017  1484  1921 D DlbProfileParamArray: getProfileParams(profile = 2)
03-02 00:57:34.017  1484  1921 D DlbProfileParamCache: resetParam() resend the parameter value got from xml.
03-02 00:57:34.017  1484  1921 D DlbProfileParamCache: resetParam() resend the parameter value got from xml.
03-02 00:57:34.017  1484  1921 D DlbProfileParamCache: resetParam() resend the parameter value got from xml.
03-02 00:57:34.017  1484  1921 D DlbProfileParamCache: resetParam() resend the parameter value got from xml.
03-02 00:57:34.017  1484  1921 D DlbProfileParamCache: resetParam() resend the parameter value got from xml.
03-02 00:57:34.017  1484  1921 D DlbProfileParamCache: resetParam() resend the parameter value got from xml.
03-02 00:57:34.017  1484  1921 D DlbProfileParamCache: resetParam() resend the parameter value got from xml.
03-02 00:57:34.017  2746  2798 I SurfaceControlRegistry: hide, t=FinishTransaction_SyncId<11288> sc=Task=44889, caller=android.view.SurfaceControl$Transaction.hide:3583 com.android.wm.shell.transition.Transitions.dispatchReady:1263 com.android.wm.shell.transition.Transitions.onTransitionReady:251 com.android.wm.shell.transition.Transitions$TransitionPlayerImpl$$ExternalSyntheticLambda0.run:13 android.os.Handler.handleCallback:995 android.os.Handler.dispatchMessage:103
03-02 00:57:34.017  1484  1921 D DlbEndpointParamCache: commitChangedParams()
03-02 00:57:34.017  1484  1921 D DlbEndpointParamCache: commit() Applying parameters for device 0x40000000
03-02 00:57:34.017  1484  1921 D DlbEndpointParamCache: doCommit() Committed 0 parameters out of 15.
03-02 00:57:34.017  1484  1921 D DlbEndpointParamCache: commit() Overriding parameters for current device 0x00000002
03-02 00:57:34.017  1484  1921 D DlbDap2Process: setParam(dvlo = #1[-224])
03-02 00:57:34.017  1484  1921 D DlbEndpointParamCache: doCommit() Committed 1 parameters out of 60.
03-02 00:57:34.017  2746  2798 I SurfaceControlRegistry: show, t=StartTransaction_SyncId<11288> sc=Task=44543, caller=android.view.SurfaceControl$Transaction.show:3557 com.android.wm.shell.transition.Transitions.dispatchReady:1279 com.android.wm.shell.transition.Transitions.onTransitionReady:251 com.android.wm.shell.transition.Transitions$TransitionPlayerImpl$$ExternalSyntheticLambda0.run:13 android.os.Handler.handleCallback:995 android.os.Handler.dispatchMessage:103
03-02 00:57:34.017  1484  1921 D DlbProfileParamCache: resetParam(param=vmb)
03-02 00:57:34.017  1484  1921 D DlbProfileParamArray: getProfileParams(profile = 2)
03-02 00:57:34.017  1484  1921 D DlbProfileParamCache: resetParam() resend the parameter value got from xml.
03-02 00:57:34.017  1484  1921 D DlbProfileParamCache: resetParam() resend the parameter value got from xml.
03-02 00:57:34.017  2746  2798 I SurfaceControlRegistry: show, t=FinishTransaction_SyncId<11288> sc=Task=44543, caller=android.view.SurfaceControl$Transaction.show:3557 com.android.wm.shell.transition.Transitions.dispatchReady:1330 com.android.wm.shell.transition.Transitions.onTransitionReady:251 com.android.wm.shell.transition.Transitions$TransitionPlayerImpl$$ExternalSyntheticLambda0.run:13 android.os.Handler.handleCallback:995 android.os.Handler.dispatchMessage:103
03-02 00:57:34.017  1484  1921 D DlbProfileParamCache: resetParam() resend the parameter value got from xml.
03-02 00:57:34.017  1484  1921 D DlbProfileParamCache: resetParam() resend the parameter value got from xml.
03-02 00:57:34.017  1484  1921 D DlbProfileParamCache: resetParam() resend the parameter value got from xml.
03-02 00:57:34.017  1484  1921 D DlbProfileParamCache: resetParam() resend the parameter value got from xml.
03-02 00:57:34.017  1484  1921 D DlbProfileParamCache: resetParam() resend the parameter value got from xml.
03-02 00:57:34.017  1484  1921 D DlbEndpointParamCache: commitChangedParams()
03-02 00:57:34.017  1484  1921 D DlbEndpointParamCache: commit() Applying parameters for device 0x40000000
03-02 00:57:34.017  1484  1921 D DlbEndpointParamCache: doCommit() Committed 0 parameters out of 15.
03-02 00:57:34.017  1484  1921 D DlbEndpointParamCache: commit() Overriding parameters for current device 0x00000002
03-02 00:57:34.017  1484  1921 D DlbDap2Process: setParam(vmb = #1[0])
03-02 00:57:34.017  1484  1921 D DlbEndpointParamCache: doCommit() Committed 1 parameters out of 60.
03-02 00:57:34.017  1484  1921 D DlbProfileParamCache: resetParam(param=dea)
03-02 00:57:34.017  1484  1921 D DlbProfileParamArray: getProfileParams(profile = 2)
03-02 00:57:34.017  1484  1921 D DlbProfileParamCache: resetParam() resend the parameter value got from xml.
03-02 00:57:34.017  1484  1921 D DlbProfileParamCache: resetParam() resend the parameter value got from xml.
03-02 00:57:34.017  1484  1921 D DlbProfileParamCache: resetParam() resend the parameter value got from xml.
