03-02 00:56:50.413  1507  1507 I SurfaceFlinger: [83ae247 ActivityRecordInputSink com.podcast.app.debug/androidx.activity.ComponentActivity#155241] attach to parent LayerHierarchy{RequestedLayerState{ActivityRecord{252681117 u0 com.podcast.app.debug/androidx.activity.ComponentActivity t44838}#155236 parentId=155235} 2 children}
03-02 00:56:50.417  1646 17197 I CameraService: onUidStateChanged: uid=10062, procState is changed. (0 -> 1)
03-02 00:56:50.418  2013  4759 D InputTransport: Input channel constructed: '1ca26f7', fd=1083
03-02 00:56:50.418  2013  4759 D InputTransport: Input channel constructed: '1ca26f7', fd=1100
03-02 00:56:50.418  2013  4759 D InputTransport: Input channel constructed: '1ca26f7', fd=1116
03-02 00:56:50.418  2013  4759 D InputTransport: Input channel destroyed: '1ca26f7', fd=1100
03-02 00:56:50.419  1507  2128 I SurfaceFlinger: id=155242 createSurf, flag=84004, 1ca26f7 com.podcast.app.debug/androidx.activity.ComponentActivity#155242
03-02 00:56:50.420  2013  4759 D InputTransport: Input channel destroyed: '1ca26f7', fd=1116
03-02 00:56:50.420 17121 17121 D InputTransport: Input channel constructed: '1ca26f7', fd=128
03-02 00:56:50.423 17121 17121 I InsetsController: onStateChanged: host=com.podcast.app.debug/androidx.activity.ComponentActivity, from=android.view.ViewRootImpl.onInsetsStateChanged:3026, state=InsetsState: {mDisplayFrame=Rect(0, 0 - 1080, 2340), mDisplayCutout=DisplayCutout{insets=Rect(0, 80 - 0, 0) waterfall=Insets{left=0, top=0, right=0, bottom=0} boundingRect={Bounds=[Rect(0, 0 - 0, 0), Rect(472, 0 - 608, 80), Rect(0, 0 - 0, 0), Rect(0, 0 - 0, 0)]} cutoutPathParserInfo={CutoutPathParserInfo{displayWidth=1080 displayHeight=2340 physicalDisplayWidth=1080 physicalDisplayHeight=2340 density={2.8125} cutoutSpec={M 0,0 H -24.177777778 V 28.4444444444 H 24.177777778 V 0 H 0 Z @dp} rotation={0} scale={1.0} physicalPixelDisplaySizeRatio={1.0}}} sideOverrides={}}, mRoundedCorners=RoundedCorners{[RoundedCorner{position=TopLeft, radius=113, center=Point(113, 113)}, RoundedCorner{position=TopRight, radius=113, center=Point(967, 113)}, RoundedCorner{position=BottomRight, radius=113, center=Point(967, 2227)}, RoundedCorner{position=BottomLeft, radius=113, center=Point(113, 2227)}]}  mRoundedCornerFrame=Rect(0, 0 - 1080, 2340), mPrivacyIndicatorBounds=PrivacyIndicatorBounds {static bounds=Rect(956, 0 - 1080, 80) rotation=0}, mDisplayShape=DisplayShape{ spec=-311912193 displayWidth=1080 displayHeight=2340 physicalPixelDisplaySizeRatio=1.0 rotation=0 offsetX=0 offsetY=0 scale=1.0}, mSources= { InsetsSource: {e9af0000 mType=statusBars mFrame=[0,0][1080,80] mVisible=true mFlags= mSideHint=TOP mBoundingRects=null}, InsetsSource: {e9af0005 mType=mandatorySystemGestures mFrame=[0,0][1080,114] mVisible=true mFlags= mSideHint=TOP mBoundingRects=null}, InsetsSource: {e9af0006 mType=tappableElement mFrame=[0,0][1080,80] mVisible=true mFlags= mSideHint=TOP mBoundingRects=null}, InsetsSource: {3 mType=ime mFrame=[0,0][0,0] mVisible=false mFlags= mSideHint=NONE mBoundingRects=null}, InsetsSource: {27 mType=displayCutout mFrame=[0,0][1080,80] mVisible=true mFlags= mSideHint=TOP mBoundingRects=null}, InsetsSource: {26ed0001 mType=navigationBars mFrame=[0,2298][1080,2340] mVisible=true mFlags=SUPPRESS_SCRIM mSideHint=BOTTOM mBoundingRects=null}, InsetsSource: {26ed0004 mType=systemGestures mFrame=[0,0][84,2340] mVisible=true mFlags= mSideHint=LEFT mBoundingRects=null}, InsetsSource: {26ed0005 mType=mandatorySystemGestures mFrame=[0,2250][1080,2340] mVisible=true mFlags= mSideHint=BOTTOM mBoundingRects=null}, InsetsSource: {26ed0006 mType=tappableElement mFrame=[0,0][0,0] mVisible=true mFlags= mSideHint=NONE mBoundingRects=null}, InsetsSource: {26ed0024 mType=systemGestures mFrame=[996,0][1080,2340] mVisible=true mFlags= mSideHint=RIGHT mBoundingRects=null} }
03-02 00:56:50.426  1507  1507 I SurfaceFlinger: RequestedLayer [1ca26f7 com.podcast.app.debug/androidx.activity.ComponentActivity#155242] hidden!! flag  from(1) --> to(0)
03-02 00:56:50.426  1507  1507 I SurfaceFlinger: [1ca26f7 com.podcast.app.debug/androidx.activity.ComponentActivity#155242] attach to parent LayerHierarchy{RequestedLayerState{ActivityRecord{252681117 u0 com.podcast.app.debug/androidx.activity.ComponentActivity t44838}#155236 parentId=155235} 3 children}
03-02 00:56:50.427 17121 17121 I VRI[ComponentActivity]@1ead17b: synced displayState. AttachInfo displayState=2
03-02 00:56:50.427 17121 17121 I VRI[ComponentActivity]@1ead17b: setView = com.android.internal.policy.DecorView@7cb0a57 IsHRR=false mFlingFrameRateChange=0 TM=true
03-02 00:56:50.428 17121 17121 I IDS_TAG : Starting IDS observe window
03-02 00:56:50.428 17121 17121 I IDS_TAG : Getting Shared Preference for dagger.hilt.android.testing.HiltTestApplication@e5ed7b5 uid = 10685
03-02 00:56:50.429 25915 26075 I Rubin   : [4019] M.c0.k(Unknown Source) : Notify com.samsung.android.rubin.inferenceengine.contextanalytics.engine.loggers.AppUsageLogger's database is updated.
03-02 00:56:50.436 17121 17121 I IDS_TAG : App dagger.hilt.android.testing.HiltTestApplication@e5ed7b5 has not finished training
03-02 00:56:50.438 17121 17389 D HWUI    : HWUI - treat SMPTE_170M as sRGB
03-02 00:56:50.439 17121 17121 I IDS_TAG : Closing IDS observe window
03-02 00:56:50.439 17121 17121 I IDS_TAG : Getting Shared Preference for dagger.hilt.android.testing.HiltTestApplication@e5ed7b5 uid = 10685
03-02 00:56:50.442  3202  3921 I HoneySpace.RecentTasks: onRunningTaskAppeared
03-02 00:56:50.442  2746  2746 I {OngoingActivityController}: onTaskFocusChanged but OA data is empty
03-02 00:56:50.444  3202  3921 I HoneySpace.RecentTasks: onRecentTasksChanged
03-02 00:56:50.445  3202  3386 I HoneySpace.TopTaskSource: onTaskFocusChanged(): taskId = 44838
03-02 00:56:50.445  2013  2685 D WifiConnectivityMonitor.NetworkStatsAnalyzer: Backhaul result - RSSI:-80, CE:42, PE:30, TI:44, PTI:32, TW:11, PTW:7, Tx:1996, Rx:3524, TxS:1788, RxS:3204, RESULT:true, IC:0, ICT:2, WC:0, WCT:3, R:42, RC:0, IE:0, EC:0
03-02 00:56:50.444 17386 17386 I ActivityThread: Relaunch all activities: onCoreSettingsChange
03-02 00:56:50.453  2013  4759 W ParceledListSlice: Element #340 is 18688 bytes.
03-02 00:56:50.466  1445  2902 W C2MtkBufferManager: [0xB4000070F507E520] fetchNewCcBlock: wait fence 0x0xb4000070f5058270 timed out. ret 110
03-02 00:56:50.467  2013  2252 W ParceledListSlice: Element #29 is 21544 bytes.
03-02 00:56:50.472 17121 17121 I IDS_TAG : IDS count updated to 1 for dagger.hilt.android.testing.HiltTestApplication@e5ed7b5
03-02 00:56:50.475  3202  3202 I HoneySpace.EdgePanel.CocktailHostRepositoryImpl: onNoteResume
03-02 00:56:50.475 25915 26075 I Rubin   : [4019] com.samsung.android.rubin.inferenceengine.contextanalytics.engine.monitors.moment.exercise.ExercisingWithCalendarMonitor.isSatisfiedByCalendarEvent(Unknown Source) : isSatisfiedByCalendarEvent is false
03-02 00:56:50.475  3202  3202 I HoneySpace.EdgePanel.EdgePanelContainerViewModel: cocktailHostRepository.edgePanelOperation NoteResumeComponent(componentName=ComponentInfo{com.podcast.app.debug/androidx.activity.ComponentActivity})
03-02 00:56:50.476  2013  2253 I WindowManager: Relayout Window{1ca26f7 u0 com.podcast.app.debug/androidx.activity.ComponentActivity}: viewVisibility=0 req=1080x2340 ty=1 d0
03-02 00:56:50.476  3202  3202 I HoneySpace.EdgePanel.ActivityUtils: HomePackage : com.sec.android.app.launcher, resumePackageName : com.podcast.app.debug, className : androidx.activity.ComponentActivity
03-02 00:56:50.476  1507  1563 I SurfaceFlinger: id=155243 createSurf, flag=44004, com.podcast.app.debug/androidx.activity.ComponentActivity$_17121#155243
03-02 00:56:50.478 25915 26075 I Rubin   : [4019] com.samsung.android.rubin.inferenceengine.contextanalytics.engine.monitors.moment.exercise.ExercisingWithCmhMonitor.isSatisfiedByCmh(Unknown Source) : isSatisfiedByCmh is false
03-02 00:56:50.480  1507  1563 I SurfaceFlinger: id=155244 createSurf, flag=24000, Surface(name=c536234 NavigationBar0)/@0xfac847b - animation-leash of insets_animation#155244
03-02 00:56:50.481  1507  1563 I SurfaceFlinger: id=155245 createSurf, flag=24000, Surface(name=a5d3a68 StatusBar)/@0xd5726d6 - animation-leash of insets_animation#155245
03-02 00:56:50.482  1507  1507 I SurfaceFlinger: [com.podcast.app.debug/androidx.activity.ComponentActivity$_17121#155243] attach to parent LayerHierarchy{RequestedLayerState{1ca26f7 com.podcast.app.debug/androidx.activity.ComponentActivity#155242 parentId=155236} 1 children}
03-02 00:56:50.482  1507  1507 I SurfaceFlinger: [Surface(name=c536234 NavigationBar0)/@0xfac847b - animation-leash of insets_animation#155244] attach to parent LayerHierarchy{RequestedLayerState{WindowToken{5cf38d1 type=2019 android.os.BinderProxy@916675b}#101 parentId=34} 2 children}
03-02 00:56:50.482  1507  1507 I SurfaceFlinger: [Surface(name=a5d3a68 StatusBar)/@0xd5726d6 - animation-leash of insets_animation#155245] attach to parent LayerHierarchy{RequestedLayerState{WindowToken{d05298b type=2000 android.os.BinderProxy@163b705}#108 parentId=17} 2 children}
03-02 00:56:50.484  1507  1563 I SurfaceFlinger: id=155246 createSurf, flag=24000, Surface(name=c536234 NavigationBar0)/@0xfac847b - animation-leash of insets_animation#155246
03-02 00:56:50.485  1507  1563 I SurfaceFlinger: id=155247 createSurf, flag=24000, Surface(name=a5d3a68 StatusBar)/@0xd5726d6 - animation-leash of insets_animation#155247
03-02 00:56:50.486  2013  2253 I SystemKeyManager: requested systemKeyInfo size=1 focusedWindow=com.podcast.app.debug/androidx.activity.ComponentActivity
03-02 00:56:50.486  2013  2253 I SystemKeyManager: requested systemKeyInfo size=2 focusedWindow=com.podcast.app.debug/androidx.activity.ComponentActivity
03-02 00:56:50.486  2013  2253 I WindowManager: Relayout hash=1ca26f7, pid=17121, syncId=-1: mAttrs={(0,0)(fillxfill) sim={adjust=pan forwardNavigation} layoutInDisplayCutoutMode=always ty=BASE_APPLICATION wanim=0x1030317
03-02 00:56:50.486  2013  2253 I WindowManager:   fl=81810100
03-02 00:56:50.486  2013  2253 I WindowManager:   pfl=100088c0
03-02 00:56:50.486  2013  2253 I WindowManager:   bhv=1
03-02 00:56:50.486  2013  2253 I WindowManager:   fitSides=0
03-02 00:56:50.486  2013  2253 I WindowManager:   frameRateBoostOnTouch=true
03-02 00:56:50.486  2013  2253 I WindowManager:   dvrrWindowFrameRateHint=true naviIconColor=0}
03-02 00:56:50.488  2746  2746 D NavigationBar: onSystemBarAttributesChanged() -  displayId:0, appearance:0, packageName: com.podcast.app.debug, navbarColorManagedByIme:false
03-02 00:56:50.488 17232 17289 E PLog-plog_internal: PLogConfigFetcherCore: Fetch failed: java.lang.RuntimeException: Failed to fetch PLog configs: null xfbPlogConfigs
03-02 00:56:50.490 17232 17289 E PLog-plog_internal: Sync failed with error: Failed to fetch PLog configs: null xfbPlogConfigs
03-02 00:56:50.491 17121 17121 E dcast.app.debug: [perfctl] 17121 17121 FPSGO ver:-1
03-02 00:56:50.491 17121 17121 E dcast.app.debug: [perfctl] 0 0 0 0
03-02 00:56:50.493 17121 17121 D BufferQueueConsumer: [](id:42e100000000,api:0,p:-1,c:17121) connect: controlledByApp=false
03-02 00:56:50.494  1507  1507 I SurfaceFlinger: [Surface(name=c536234 NavigationBar0)/@0xfac847b - animation-leash of insets_animation#155246] attach to parent LayerHierarchy{RequestedLayerState{WindowToken{5cf38d1 type=2019 android.os.BinderProxy@916675b}#101 parentId=34} 3 children}
03-02 00:56:50.494  1507  1507 I SurfaceFlinger: [Surface(name=a5d3a68 StatusBar)/@0xd5726d6 - animation-leash of insets_animation#155247] attach to parent LayerHierarchy{RequestedLayerState{WindowToken{d05298b type=2000 android.os.BinderProxy@163b705}#108 parentId=17} 3 children}
03-02 00:56:50.495 17121 17121 I BLASTBufferQueue: [VRI[ComponentActivity]@1ead17b#0](f:0,a:0,s:0) constructor()
03-02 00:56:50.495 17121 17121 I BLASTBufferQueue_Java: new BLASTBufferQueue, mName= VRI[ComponentActivity]@1ead17b mNativeObject= 0xb400007876b9a000 caller= android.view.ViewRootImpl.updateBlastSurfaceIfNeeded:3585 android.view.ViewRootImpl.relayoutWindow:11685 android.view.ViewRootImpl.performTraversals:4804 android.view.ViewRootImpl.doTraversal:3924 android.view.ViewRootImpl$TraversalRunnable.run:12903 android.view.Choreographer$CallbackRecord.run:1901 android.view.Choreographer$CallbackRecord.run:1910 android.view.Choreographer.doCallbacks:1367 android.view.Choreographer.doFrame:1292 android.view.Choreographer$FrameDisplayEventReceiver.run:1870
03-02 00:56:50.495  1450  1487 I mtkpower_client: perf_lock_rel, hdl:76181, pid: 1450, tid:1487
03-02 00:56:50.495 17121 17121 I BLASTBufferQueue_Java: update, w= 1080 h= 2340 mName = VRI[ComponentActivity]@1ead17b mNativeObject= 0xb400007876b9a000 sc.mNativeObject= 0xb400007876b2d800 format= -1 caller= android.view.ViewRootImpl.updateBlastSurfaceIfNeeded:3590 android.view.ViewRootImpl.relayoutWindow:11685 android.view.ViewRootImpl.performTraversals:4804 android.view.ViewRootImpl.doTraversal:3924 android.view.ViewRootImpl$TraversalRunnable.run:12903 android.view.Choreographer$CallbackRecord.run:1901
03-02 00:56:50.495 17121 17121 I BLASTBufferQueue: [VRI[ComponentActivity]@1ead17b#0](f:0,a:0,s:0) update width=1080 height=2340 format=-1 mTransformHint=0
03-02 00:56:50.496  1464  1529 I libPowerHal: [perfLockRel] hdl:76181, idx:2
03-02 00:56:50.496 17121 17121 I VRI[ComponentActivity]@1ead17b: Relayout returned: old=(0,0,1080,2340) new=(0,0,1080,2340) relayoutAsync=false req=(1080,2340)0 dur=13 res=0x3 s={true 0xb400007837ca5f00} ch=true seqId=0
03-02 00:56:50.497  1507  2393 W ServiceManagerCppClient: Permission failure: android.permission.ACCESS_SURFACE_FLINGER from uid=10685 pid=0
03-02 00:56:50.497  1507  2393 D PermissionCache: checking android.permission.ACCESS_SURFACE_FLINGER for uid=10685 => denied (696 us)
03-02 00:56:50.497  1464  1529 I libPowerHal: [PD] vendor.samsung. update cmd:1000000 param:-1 pr:6
03-02 00:56:50.497  1507  2393 W ServiceManagerCppClient: Permission failure: android.permission.ROTATE_SURFACE_FLINGER from uid=10685 pid=0
03-02 00:56:50.497  1507  2393 D PermissionCache: checking android.permission.ROTATE_SURFACE_FLINGER for uid=10685 => denied (476 us)
03-02 00:56:50.497  1464  1529 I libPowerHal: [perfLockRel] Done for hdl : 76181
03-02 00:56:50.498  1450  1487 I mtkpower_client: perf_lock_acq, hdl:0, dur:0, num:2, pid:1450, tid:1487
03-02 00:56:50.498  1507  2393 W ServiceManagerCppClient: Permission failure: android.permission.INTERNAL_SYSTEM_WINDOW from uid=10685 pid=0
03-02 00:56:50.498  1507  2393 D PermissionCache: checking android.permission.INTERNAL_SYSTEM_WINDOW for uid=10685 => denied (628 us)
03-02 00:56:50.498  1507  1563 W ServiceManagerCppClient: Permission failure: android.permission.ROTATE_SURFACE_FLINGER from uid=10685 pid=17121
03-02 00:56:50.498  1507  1563 D PermissionCache: checking android.permission.ROTATE_SURFACE_FLINGER for uid=10685 => denied (1445 us)
03-02 00:56:50.498  1464  1529 I libPowerHal: [perfLockAcq] idx:2 hdl:76182 hint:-1 pid:1450 tid:1487 duration:0 lock_user:vendor.samsung. => ret_hdl:76182
03-02 00:56:50.498  1464  1529 I libPowerHal: [setDvfsrcDevFreqOpp] opp:0, freq:4266000000
03-02 00:56:50.498  1464  1529 I libPowerHal: [PE] vendor.samsung. update cmd:1000000 param:0 pr:3
03-02 00:56:50.499  1464  1529 I libPowerHal: [perfLockAcq] Done for hdl : 76182
03-02 00:56:50.499  1450  1487 I mtkpower_client: ret_hdl:76182
03-02 00:56:50.499 17121 17121 I VRI[ComponentActivity]@1ead17b: performConfigurationChange setNightDimText nightDimLevel=0
03-02 00:56:50.499  1450  1487 I HYPER-HAL: [RequestManager.cpp]releaseLocked(): Released ID : 2071652
03-02 00:56:50.501 17121 17121 D VRI[ComponentActivity]@1ead17b: mThreadedRenderer.initialize() mSurface={isValid=true 0xb400007837ca5f00} hwInitialized=true
03-02 00:56:50.506  1507  1507 I SurfaceFlinger: [LayerHierarchy{RequestedLayerState{c536234 NavigationBar0#102 parentId=155246} 1 children}] reparent to LayerHierarchy{RequestedLayerState{Surface(name=c536234 NavigationBar0)/@0xfac847b - animation-leash of insets_animation#155246 parentId=101} 1 children}
03-02 00:56:50.506  1507  1507 I SurfaceFlinger: [LayerHierarchy{RequestedLayerState{a5d3a68 StatusBar#109 parentId=155247} 1 children}] reparent to LayerHierarchy{RequestedLayerState{Surface(name=a5d3a68 StatusBar)/@0xd5726d6 - animation-leash of insets_animation#155247 parentId=108} 1 children}
03-02 00:56:50.506  1507  1507 I SurfaceFlinger: [LayerHierarchy{RequestedLayerState{Surface(name=a5d3a68 StatusBar)/@0xd5726d6 - animation-leash of insets_animation#155213} no children}] reparent to OffscreenRoot
03-02 00:56:50.506  1507  1507 I SurfaceFlinger: [LayerHierarchy{RequestedLayerState{Surface(name=a5d3a68 StatusBar)/@0xd5726d6 - animation-leash of insets_animation#155213} no children}] RelativeParent to null
03-02 00:56:50.506  1507  1507 I SurfaceFlinger: [LayerHierarchy{RequestedLayerState{Surface(name=c536234 NavigationBar0)/@0xfac847b - animation-leash of insets_animation#155212} no children}] reparent to OffscreenRoot
03-02 00:56:50.506  1507  1507 I SurfaceFlinger: [LayerHierarchy{RequestedLayerState{Surface(name=c536234 NavigationBar0)/@0xfac847b - animation-leash of insets_animation#155212} no children}] RelativeParent to null
03-02 00:56:50.506  1507  1507 I SurfaceFlinger: [LayerHierarchy{RequestedLayerState{Surface(name=c536234 NavigationBar0)/@0xfac847b - animation-leash of insets_animation#155244} no children}] reparent to OffscreenRoot
03-02 00:56:50.506  1507  1507 I SurfaceFlinger: [LayerHierarchy{RequestedLayerState{Surface(name=c536234 NavigationBar0)/@0xfac847b - animation-leash of insets_animation#155244} no children}] RelativeParent to null
03-02 00:56:50.506  1507  1507 I SurfaceFlinger: [LayerHierarchy{RequestedLayerState{Surface(name=a5d3a68 StatusBar)/@0xd5726d6 - animation-leash of insets_animation#155245} no children}] reparent to OffscreenRoot
03-02 00:56:50.506  1507  1507 I SurfaceFlinger: [LayerHierarchy{RequestedLayerState{Surface(name=a5d3a68 StatusBar)/@0xd5726d6 - animation-leash of insets_animation#155245} no children}] RelativeParent to null
03-02 00:56:50.507 17121 17121 D VRI[ComponentActivity]@1ead17b: reportNextDraw android.view.ViewRootImpl.performTraversals:5443 android.view.ViewRootImpl.doTraversal:3924 android.view.ViewRootImpl$TraversalRunnable.run:12903 android.view.Choreographer$CallbackRecord.run:1901 android.view.Choreographer$CallbackRecord.run:1910
03-02 00:56:50.507 17121 17121 D VRI[ComponentActivity]@1ead17b: Setup new sync=wmsSync-VRI[ComponentActivity]@1ead17b#0
03-02 00:56:50.508  3202  4698 I HoneySpace.RecentTasks: onRecentTasksChanged
03-02 00:56:50.508 17121 17121 I VRI[ComponentActivity]@1ead17b: Creating new active sync group VRI[ComponentActivity]@1ead17b#1
03-02 00:56:50.511 17121 17121 D VRI[ComponentActivity]@1ead17b: registerCallbacksForSync syncBuffer=false
03-02 00:56:50.512  1507  1562 I SurfaceFlinger: onHandleDestroyed: layerId=155244, name=Surface(name=c536234 NavigationBar0)/@0xfac847b - animation-leash of insets_animation#155244
03-02 00:56:50.512  1507  1562 I SurfaceFlinger: id=155244 Removed Surface(name=c536234 NavigationBar0)/@0xfac847b - animation-leash of insets_animation#155244 (351)
03-02 00:56:50.512  1507  1562 I SurfaceFlinger: onHandleDestroyed: layerId=155245, name=Surface(name=a5d3a68 StatusBar)/@0xd5726d6 - animation-leash of insets_animation#155245
03-02 00:56:50.512  1507  1562 I SurfaceFlinger: id=155245 Removed Surface(name=a5d3a68 StatusBar)/@0xd5726d6 - animation-leash of insets_animation#155245 (351)
03-02 00:56:50.513 17121 17389 D dcast.app.debug: Can't load libmbrainSDK
03-02 00:56:50.514 17121 17389 D dcast.app.debug: initMbrain failed
03-02 00:56:50.514 17121 17414 D VRI[ComponentActivity]@1ead17b: Received frameDrawingCallback syncResult=0 frameNum=1.
03-02 00:56:50.515 17121 17414 I VRI[ComponentActivity]@1ead17b: mWNT: t=0xb400007838596800 mBlastBufferQueue=0xb400007876b9a000 fn= 1 HdrRenderState mRenderHdrSdrRatio=1.0 caller= android.view.ViewRootImpl$12.onFrameDraw:15441 android.view.ThreadedRenderer$1.onFrameDraw:718 <bottom of call stack>
03-02 00:56:50.515 17121 17414 I VRI[ComponentActivity]@1ead17b: Setting up sync and frameCommitCallback
03-02 00:56:50.515 16938 17087 I Routine@Core[4.9.04.16]: AppFunctionsActionHandler: isSupported: supportStatus = SUPPORTED, tag = appfunction://com.sec.android.app.clockpackage.crossappactions#StopwatchCrossAppFunctions_stopStopwatch
03-02 00:56:50.519  1507  1507 I SurfaceFlinger: destroyed Surface(name=c536234 NavigationBar0)/@0xfac847b - animation-leash of insets_animation#155244
03-02 00:56:50.519  1507  1507 I SurfaceFlinger: destroyed Surface(name=a5d3a68 StatusBar)/@0xd5726d6 - animation-leash of insets_animation#155245
03-02 00:56:50.519  2746  2808 I VRI[debug]@2a7e919: onActiveControlsChanged, removed=false, mAdded=true, caller=android.view.ViewRootImpl.handleInsetsControlChanged:3002 android.view.ViewRootImpl$ViewRootHandler.handleMessageImpl:8352 android.view.ViewRootImpl$ViewRootHandler.handleMessage:8301 android.os.Handler.dispatchMessage:110 android.os.Looper.loopOnce:273
03-02 00:56:50.520  1507  1845 D SurfaceFlinger: [input] setFocusedWindow: 1ca26f7 com.podcast.app.debug/androidx.activity.ComponentActivity
03-02 00:56:50.520  1507  1845 D SurfaceFlinger: updateWinowInfo=1, setFocusedWindow timestamp=491089487736270, windowName=1ca26f7 com.podcast.app.debug/androidx.activity.ComponentActivity
03-02 00:56:50.521 17386 17386 W .android.chrome: Failed to find entry 'classes.dex': Entry not found
03-02 00:56:50.521 16938 17087 I Routine@Core[4.9.04.16]: TASKD/ActionTaskAdapterFactoryImpl: getAdapter - metaId=appfunction://com.sec.android.app.clockpackage.crossappactions#AlarmCrossAppActions_createAlarm(id=372)
03-02 00:56:50.521 17386 17386 D nativeloader: Configuring clns-9 for other apk /data/app/~~_lcH_uiJetS5kxGj3ySRqg==/com.google.android.trichromelibrary_763212033-Na-TCTQSJG3TH-Y1iNkMtA==/base.apk. target_sdk_version=36, uses_libraries=ALL, library_path=/data/app/~~DovwGeIwyvUk5Fn4HJCSAQ==/com.android.chrome-wbApbVJtWYfWlmqyZgtTwQ==/lib/arm64:/data/app/~~DovwGeIwyvUk5Fn4HJCSAQ==/com.android.chrome-wbApbVJtWYfWlmqyZgtTwQ==/base.apk!/lib/arm64-v8a:/data/app/~~_lcH_uiJetS5kxGj3ySRqg==/com.google.android.trichromelibrary_763212033-Na-TCTQSJG3TH-Y1iNkMtA==/base.apk!/lib/arm64-v8a, permitted_path=/data:/mnt/expand:/data/user/0/com.android.chrome
03-02 00:56:50.521 17386 17386 D nativeloader: Extending system_exposed_libraries: libface_landmark.arcsoft.so:liblow_light_hdr.arcsoft.so:libhigh_dynamic_range.arcsoft.so:libFacialAttributeDetection.arcsoft.so:libaudiomirroring_jni.audiomirroring.samsung.so:libBeauty_v4.camera.samsung.so:libexifa.camera.samsung.so:libjpega.camera.samsung.so:libOpenCv.camera.samsung.so:libC2paDps.camera.samsung.so:libImageScreener.camera.samsung.so:libMyFilter.camera.samsung.so:libtensorflowLite.myfilter.camera.samsung.so:libtflite2.myfilters.camera.samsung.so:libtensorflowlite_inference_api.myfilter.camera.samsung.so:libFace_Landmark_API.camera.samsung.so:libHpr_RecGAE_cvFeature_v1.0.camera.samsung.so:libHprFace_GAE_api.camera.samsung.so:libFacialBasedSelfieCorrection.camera.samsung.so:libHprFace_GAE_jni.camera.samsung.so:libDLInterface_aidl.camera.samsung.so:libImageTagger.camera.samsung.so:libSceneDetector_v1.camera.samsung.so:libQREngine.camera.samsung.so:libEventDetector.camera.samsung.so:libFood.camera.samsung.so:libFoodDetector.camera.samsung.so:libportrait_contro
03-02 00:56:50.523  1507  1507 I Layer   : id=155245 Destroyed Surface(name=a5d3a68 StatusBar)/@0xd5726d6 - animation-leash of insets_animation#155245
03-02 00:56:50.523  1507  1507 I Layer   : id=155244 Destroyed Surface(name=c536234 NavigationBar0)/@0xfac847b - animation-leash of insets_animation#155244
03-02 00:56:50.523  2013  3345 D InputDispatcher: Once focus requested (0): 1ca26f7 com.podcast.app.debug/androidx.activity.ComponentActivity
03-02 00:56:50.523  2013  3345 D InputDispatcher: Focus request (0): 1ca26f7 com.podcast.app.debug/androidx.activity.ComponentActivity but waiting because NOT_VISIBLE
03-02 00:56:50.524 17386 17386 D ApplicationLoaders: Returning zygote-cached class loader: /system_ext/framework/androidx.window.extensions.jar
03-02 00:56:50.524 17386 17386 D ApplicationLoaders: Returning zygote-cached class loader: /system_ext/framework/androidx.window.sidecar.jar
03-02 00:56:50.527  2991  3778 D SatelliteController: isInCarrierRoamingNbIotNtn: satellite is disabled
03-02 00:56:50.537 17121 17389 I GrallocExtra: gralloc_extra_query:is_SW3D 0
03-02 00:56:50.537 17121 17389 I BLASTBufferQueue: [VRI[ComponentActivity]@1ead17b#0](f:0,a:0,s:0) onFrameAvailable the first frame is available
03-02 00:56:50.537 17121 17389 I GrallocExtra: gralloc_extra_query:is_SW3D 0
03-02 00:56:50.539  1445  2902 W C2MtkBufferManager: [0xB4000070F507E520] fetchNewCcBlock: wait fence 0x0xb4000070f5058270 timed out. ret 110
03-02 00:56:50.539 17121 17389 I BLASTBufferQueue: [VRI[ComponentActivity]@1ead17b#0](f:0,a:1,s:0) acquireNextBufferLocked size=1080x2340 mFrameNumber=1 applyTransaction=true mTimestamp=491089538244885(auto) mPendingTransactions.size=0 graphicBufferId=73534135074816 transform=0
03-02 00:56:50.540 17121 17389 D dcast.app.debug: Can't load libmbrainSDK
03-02 00:56:50.540 17121 17389 D dcast.app.debug: initMbrain failed
03-02 00:56:50.541  1507  1907 I SurfaceFlinger: onHandleDestroyed: layerId=155212, name=Surface(name=c536234 NavigationBar0)/@0xfac847b - animation-leash of insets_animation#155212
03-02 00:56:50.541  1507  1907 I SurfaceFlinger: id=155212 Removed Surface(name=c536234 NavigationBar0)/@0xfac847b - animation-leash of insets_animation#155212 (349)
03-02 00:56:50.541  1507  1907 I SurfaceFlinger: onHandleDestroyed: layerId=155213, name=Surface(name=a5d3a68 StatusBar)/@0xd5726d6 - animation-leash of insets_animation#155213
03-02 00:56:50.541  1507  1907 I SurfaceFlinger: id=155213 Removed Surface(name=a5d3a68 StatusBar)/@0xd5726d6 - animation-leash of insets_animation#155213 (349)
03-02 00:56:50.542 17121 17389 I VRI[ComponentActivity]@1ead17b: Received frameCommittedCallback lastAttemptedDrawFrameNum=1 didProduceBuffer=true
03-02 00:56:50.542  1507  1507 I SurfaceFlinger: destroyed Surface(name=a5d3a68 StatusBar)/@0xd5726d6 - animation-leash of insets_animation#155213
03-02 00:56:50.542  1507  1507 I SurfaceFlinger: destroyed Surface(name=c536234 NavigationBar0)/@0xfac847b - animation-leash of insets_animation#155212
03-02 00:56:50.545  1507  1507 I Layer   : id=155213 Destroyed Surface(name=a5d3a68 StatusBar)/@0xd5726d6 - animation-leash of insets_animation#155213
03-02 00:56:50.545 17121 17389 D HWUI    : CFMS:: SetUp Pid : 17121    Tid : 17389
03-02 00:56:50.546  1507  1507 I Layer   : id=155212 Destroyed Surface(name=c536234 NavigationBar0)/@0xfac847b - animation-leash of insets_animation#155212
03-02 00:56:50.546 17121 17121 D VRI[ComponentActivity]@1ead17b: reportDrawFinished seqId=0
03-02 00:56:50.547  2013  4834 W ServiceManagerCppClient: Permission failure: android.permission.ACCESS_SURFACE_FLINGER from uid=10685 pid=0
03-02 00:56:50.547  2013  4834 D PermissionCache: checking android.permission.ACCESS_SURFACE_FLINGER for uid=10685 => denied (86 us)
03-02 00:56:50.547  2013  4834 W ServiceManagerCppClient: Permission failure: android.permission.ROTATE_SURFACE_FLINGER from uid=10685 pid=0
03-02 00:56:50.547  2013  4834 D PermissionCache: checking android.permission.ROTATE_SURFACE_FLINGER for uid=10685 => denied (33 us)
03-02 00:56:50.547  2013  4834 W ServiceManagerCppClient: Permission failure: android.permission.INTERNAL_SYSTEM_WINDOW from uid=10685 pid=0
03-02 00:56:50.547  2013  4834 D PermissionCache: checking android.permission.INTERNAL_SYSTEM_WINDOW for uid=10685 => denied (27 us)
03-02 00:56:50.548 17121 17121 I InsetsSourceConsumer: applyRequestedVisibilityToControl: visible=true, type=navigationBars, host=com.podcast.app.debug/androidx.activity.ComponentActivity
03-02 00:56:50.550  3438  3438 I EPDG -- SIM1 [SMARTCELLULAR]: onSignalStrengthsChanged: SignalStrength:{mCdma=Invalid,mGsm=Invalid,mWcdma=Invalid,mTdscdma=Invalid,mLte=CellSignalStrengthLte: rssi=-99 rsrp=-99 rsrq=-14 rssnr=4 cqiTableIndex=2147483647 cqi=2147483647 ta=2147483647 level=3 parametersUseForLevel=0,mNr=Invalid,SignalBarInfo{ lteLevel=3 },rat=14,primary=CellSignalStrengthLte}
03-02 00:56:50.550  3438  4448 I EPDG -- SIM1 [SMARTCELLULAR]: lastLteRSRP is -98 currentLteRSRP is -99 lastLteRSRQ is -13 currentLteRSRQ is -14 lastLteSNR is 4 currentLteSNR is 4
03-02 00:56:50.551 17121 17121 I InsetsSourceConsumer: applyRequestedVisibilityToControl: visible=true, type=statusBars, host=com.podcast.app.debug/androidx.activity.ComponentActivity
03-02 00:56:50.556  1507  1562 I SurfaceFlinger: id=155248 createSurf, flag=24000, Surface(name=1ca26f7 com.podcast.app.debug/androidx.activity.ComponentActivity)/@0x27a74d5 - animation-leash of starting_reveal#155248
03-02 00:56:50.561  3438  3438 I EPDG -- SIM0 [SMARTWIFI]: isProfiling, hash=103173838, started=true
03-02 00:56:50.562  3438  3438 I EPDG -- SIM0 [SMARTWIFI]: isProfiling, hash=103173838, started=true
03-02 00:56:50.563  1464  1492 I mtkpower@impl: [setMode] type:5, enabled:0
03-02 00:56:50.563  2013  3319 I SemDvfsHyPerManager: acquire hyper - AMS_RESUME_TAIL/2013@18, type = -999
03-02 00:56:50.563  1450  1487 I HYPER-HAL: [RequestManager.cpp]acquire(): Acquired ID : 2063514  [2013 / 18]    HINT : AMS_RESUME_TAIL    list :
03-02 00:56:50.564  2013  3319 I SemDvfsHyPerManager: acquire hyper - AMS_ACT_LAZY/2013@19, type = -999
03-02 00:56:50.564  1450  1487 I mtkpower_client: perf_lock_rel, hdl:76179, pid: 1450, tid:1487
03-02 00:56:50.565  1464  1529 I libPowerHal: [perfLockRel] hdl:76179, idx:7
03-02 00:56:50.565  1464  1529 I libPowerHal: [set_cpuidle] enable:1, fd:17, scn:0xb40000737b6173c8
03-02 00:56:50.565  1464  1529 I libPowerHal: [PD] vendor.samsung. update cmd:1c3c100 param:1 pr:6
03-02 00:56:50.565  1464  1529 I libPowerHal: [perfLockRel] Done for hdl : 76179
03-02 00:56:50.565  1507  1507 I SurfaceFlinger: [Surface(name=1ca26f7 com.podcast.app.debug/androidx.activity.ComponentActivity)/@0x27a74d5 - animation-leash of starting_reveal#155248] attach to parent LayerHierarchy{RequestedLayerState{ActivityRecord{252681117 u0 com.podcast.app.debug/androidx.activity.ComponentActivity t44838}#155236 parentId=155235} 4 children}
03-02 00:56:50.565  1450  1487 I mtkpower_client: perf_lock_acq, hdl:0, dur:0, num:2, pid:1450, tid:1487
03-02 00:56:50.566  1464  1529 I libPowerHal: [perfLockAcq] idx:5 hdl:76183 hint:-1 pid:1450 tid:1487 duration:0 lock_user:vendor.samsung. => ret_hdl:76183
03-02 00:56:50.566  1464  1529 I libPowerHal: [set_cpuidle] enable:0, fd:17, scn:0xb40000737b610cd8
03-02 00:56:50.566  1464  1529 I libPowerHal: [get_cpu_dma_latency_value] 0
03-02 00:56:50.566  1464  1529 I libPowerHal: [PE] vendor.samsung. update cmd:1c3c100 param:0 pr:3
03-02 00:56:50.566  1464  1529 I libPowerHal: [perfLockAcq] Done for hdl : 76183
03-02 00:56:50.566  1450  1487 I mtkpower_client: ret_hdl:76183
03-02 00:56:50.566  1450  1487 I mtkpower_client: perf_lock_rel, hdl:76182, pid: 1450, tid:1487
03-02 00:56:50.567  1464  1529 I libPowerHal: [perfLockRel] hdl:76182, idx:2
03-02 00:56:50.567  1464  1529 I libPowerHal: [PD] vendor.samsung. update cmd:1000000 param:-1 pr:6
03-02 00:56:50.567  1464  1529 I libPowerHal: [perfLockRel] Done for hdl : 76182
03-02 00:56:50.567  1628  1637 E thermal_core: find_tz_idx_by_name:"Failed to find thermal zone index of ap_ntc\n"
03-02 00:56:50.567  1628  1637 E thermal_core: find_tz_idx_by_name:"Failed to find thermal zone index of mtk-master-charger\n"
03-02 00:56:50.567  1450  1487 I mtkpower_client: perf_lock_acq, hdl:0, dur:0, num:2, pid:1450, tid:1487
03-02 00:56:50.567  2013  6778 D SemWifiUsabilityStatsMonitor: onWifiUsabilityStats - seqNum 30948, isSameBssidAndFreq true
03-02 00:56:50.568  1450  1487 I mtkpower_client: ret_hdl:76184
03-02 00:56:50.568  1464  1529 I libPowerHal: [perfLockAcq] idx:2 hdl:76184 hint:-1 pid:1450 tid:1487 duration:0 lock_user:vendor.samsung. => ret_hdl:76184
03-02 00:56:50.568  1464  1529 I libPowerHal: [setDvfsrcDevFreqOpp] opp:0, freq:4266000000
03-02 00:56:50.568  1464  1529 I libPowerHal: [PE] vendor.samsung. update cmd:1000000 param:0 pr:3
03-02 00:56:50.568  1464  1529 I libPowerHal: [perfLockAcq] Done for hdl : 76184
03-02 00:56:50.569  1450  1487 I mtkpower_client: perf_lock_rel, hdl:76184, pid: 1450, tid:1487
03-02 00:56:50.569  2013  2719 W ParceledListSlice: Element #29 is 21544 bytes.
03-02 00:56:50.569  1464  1529 I libPowerHal: [perfLockRel] hdl:76184, idx:2
03-02 00:56:50.570  1450  1487 I mtkpower_client: perf_lock_acq, hdl:0, dur:0, num:2, pid:1450, tid:1487
03-02 00:56:50.570  1464  1529 I libPowerHal: [PD] vendor.samsung. update cmd:1000000 param:-1 pr:6
03-02 00:56:50.570  1464  1529 I libPowerHal: [perfLockRel] Done for hdl : 76184
03-02 00:56:50.570  1450  1487 I mtkpower_client: ret_hdl:76185
03-02 00:56:50.570  1450  1487 I mtkpower_client: perf_lock_rel, hdl:76180, pid: 1450, tid:1487
03-02 00:56:50.570  1507  1825 I SurfaceFlinger: Capture layer list: 	 com.zhiliaoapp.musically/com.ss.android.ugc.aweme.splash.SplashActivity$_14885#155211(seamlessTransition:0)
03-02 00:56:50.571  1507  1825 I SurfaceFlinger: Capture layer list: 	 DimTransitionLayer for Surface(name=Task=44838)/@0xf80128d#155240(seamlessTransition:0)
03-02 00:56:50.571  1464  1529 I libPowerHal: [perfLockAcq] idx:2 hdl:76185 hint:-1 pid:1450 tid:1487 duration:0 lock_user:vendor.samsung. => ret_hdl:76185
03-02 00:56:50.571  1507  1825 I SurfaceFlinger: Capture layer list: 	 Splash Screen com.podcast.app.debug$_2746#155238(seamlessTransition:0)
03-02 00:56:50.571  2991  3757 I LocationAccessPolicy: checkLocationPermission - callingUid: 10492, callingPid: 14636, result: DENIED_SOFT
03-02 00:56:50.571  2991  3757 I LocationAccessPolicy: checkLocationPermission - callingUid: 10492, callingPid: 14636, result: DENIED_SOFT
03-02 00:56:50.571  1464  1529 I libPowerHal: [setDvfsrcDevFreqOpp] opp:0, freq:4266000000
03-02 00:56:50.571  1464  1529 I libPowerHal: [PE] vendor.samsung. update cmd:1000000 param:0 pr:3
03-02 00:56:50.571  1464  1529 I libPowerHal: [perfLockAcq] Done for hdl : 76185
03-02 00:56:50.571  1464  1529 I libPowerHal: [perfLockRel] hdl:76180, idx:8
03-02 00:56:50.571  1450  1487 I mtkpower_client: perf_lock_acq, hdl:0, dur:0, num:2, pid:1450, tid:1487
03-02 00:56:50.571  1464  1529 I libPowerHal: [PD] vendor.samsung. update cmd:400000 param:-1 pr:6
03-02 00:56:50.572  1464  1529 I libPowerHal: [recordCPUFreqInfo] set cluster[0] min(-1): -1 max(-1): -1 cluster[1] min(-1): -1 max(-1): -1
03-02 00:56:50.572  1464  1529 I libPowerHal: [perfLockRel] Done for hdl : 76180
03-02 00:56:50.572  2013  2656 I SemWifiLinkQualityMonitor: Link stat: 0 / 0 / 1.00 (999) / 58 / -81.0 || 100.0 : 58.00 / B (B) || 63618b082412: 0.241 / 33.224 / D || N N / 0 0 / Y 2.0 / Y X 0 / 491089572 0 || Invalid
03-02 00:56:50.572  1464  1529 I libPowerHal: [perfLockAcq] idx:7 hdl:76186 hint:-1 pid:1450 tid:1487 duration:0 lock_user:vendor.samsung. => ret_hdl:76186
03-02 00:56:50.572  1450  1487 I mtkpower_client: ret_hdl:76186
03-02 00:56:50.572  1464  1529 I libPowerHal: [PE] vendor.samsung. update cmd:400000 param:2000000 pr:3
03-02 00:56:50.572  1464  1529 I libPowerHal: [recordCPUFreqInfo] set cluster[0] min(vendor.samsung.): 2000000 max(-1): -1 cluster[1] min(-1): -1 max(-1): -1
03-02 00:56:50.572  1464  1529 I libPowerHal: [perfLockAcq] Done for hdl : 76186
03-02 00:56:50.573  1450  1487 I HYPER-HAL: [RequestManager.cpp]releaseLocked(): Released ID : 2067581
03-02 00:56:50.574  2013  2844 W system_server: Large reply transaction of 325152 bytes, interface descriptor android.app.IActivityTaskManager, code 26
03-02 00:56:50.575  3438  3438 I EPDG -- SIM0 [SMARTWIFI]: Rssi : -81 highrange : -75 lowrange : -85 mIsRssiInHystersis : true
03-02 00:56:50.575  3438  3438 I EPDG -- SIM0 [SMARTWIFI]: Rssi : -81 highrange : -75 lowrange : -85 mIsRssiInHystersis : true
03-02 00:56:50.576 17386 17386 D nativeloader: Configuring clns-10 for other apk /data/app/~~DovwGeIwyvUk5Fn4HJCSAQ==/com.android.chrome-wbApbVJtWYfWlmqyZgtTwQ==/base.apk. target_sdk_version=36, uses_libraries=, library_path=/data/app/~~DovwGeIwyvUk5Fn4HJCSAQ==/com.android.chrome-wbApbVJtWYfWlmqyZgtTwQ==/lib/arm64:/data/app/~~DovwGeIwyvUk5Fn4HJCSAQ==/com.android.chrome-wbApbVJtWYfWlmqyZgtTwQ==/base.apk!/lib/arm64-v8a:/data/app/~~_lcH_uiJetS5kxGj3ySRqg==/com.google.android.trichromelibrary_763212033-Na-TCTQSJG3TH-Y1iNkMtA==/base.apk!/lib/arm64-v8a, permitted_path=/data:/mnt/expand:/data/user/0/com.android.chrome
03-02 00:56:50.576  3438  3438 I EPDG -- SIM1 [SMARTWIFI]: isProfiling, hash=59853931, started=true
03-02 00:56:50.576  3438  3438 I EPDG -- SIM1 [SMARTWIFI]: isProfiling, hash=59853931, started=true
03-02 00:56:50.578  1507  1507 I SurfaceFlinger: RequestedLayer [com.podcast.app.debug/androidx.activity.ComponentActivity$_17121#155243] hidden!! flag  from(1) --> to(0)
03-02 00:56:50.578  1507  1507 I SurfaceFlinger: [LayerHierarchy{RequestedLayerState{1ca26f7 com.podcast.app.debug/androidx.activity.ComponentActivity#155242 parentId=155248} 1 children}] reparent to LayerHierarchy{RequestedLayerState{Surface(name=1ca26f7 com.podcast.app.debug/androidx.activity.ComponentActivity)/@0x27a74d5 - animation-leash of starting_reveal#155248 parentId=155236} 1 children}
03-02 00:56:50.580  2013  2064 I PkgPredictorService-SecIpmManagerServiceImpl: reportToNAP uid:10685 com.podcast.app.debug/androidx.activity.ComponentActivity thisTime:478
03-02 00:56:50.580  3438  3438 I EPDG -- SIM1 [SMARTWIFI]: Rssi : -81 highrange : -75 lowrange : -85 mIsRssiInHystersis : true
03-02 00:56:50.580  2013  2064 D PkgPredictorService-SecIpmManagerServiceImpl: reportToNAP: mHeavyLaunchCounter is false
03-02 00:56:50.580  3438  3438 I EPDG -- SIM1 [SMARTWIFI]: Rssi : -81 highrange : -75 lowrange : -85 mIsRssiInHystersis : true
03-02 00:56:50.581  2746  2798 D ShellTaskOrganizer: removeStartingWindow, removalInfo=StartingWindowRemovalInfo{taskId=44838 frame=Rect(0, 0 - 1080, 2340) playRevealAnimation=true roundedCornerRadius=0.0 deferRemoveMode=0 windowlessSurface=false removeImmediately=false}
03-02 00:56:50.590  2746  2865 I VRI[debug]@2a7e919: mWNT: t=0xb40000771f55fe80 mBlastBufferQueue=0xb4000076ae318400 fn= 2 HdrRenderState mRenderHdrSdrRatio=1.0 caller= android.view.SyncRtSurfaceTransactionApplier.applyTransaction:100 android.view.SyncRtSurfaceTransactionApplier.lambda$scheduleApply$0:73 android.view.SyncRtSurfaceTransactionApplier.$r8$lambda$afI4fXg3U3-nBZQEDQMiNy-B06s:0
03-02 00:56:50.590  2746  2865 I VRI[debug]@2a7e919: mWNT: t=0xb40000771f6f0000 mBlastBufferQueue=0xb4000076ae318400 fn= 2 HdrRenderState mRenderHdrSdrRatio=1.0 caller= android.view.SyncRtSurfaceTransactionApplier.applyTransaction:100 android.view.SyncRtSurfaceTransactionApplier.lambda$scheduleApply$0:73 android.view.SyncRtSurfaceTransactionApplier.$r8$lambda$afI4fXg3U3-nBZQEDQMiNy-B06s:0
03-02 00:56:50.591  1507  1507 D SurfaceFlinger: Display 4627039422300187648 HWC layers:
03-02 00:56:50.591  1507  1507 D SurfaceFlinger:   SOLID_COLOR |                        0 | 00000002 | N/A          |    0.0    0.0    0.0    0.0 |    0    0   -1   -1 | Background for 68eb87 SurfaceView[co[...]weme.splash.SplashActivity]@0#155225 (0)
03-02 00:56:50.591  1507  1507 D SurfaceFlinger:   SOLID_COLOR |                        0 | 00000002 | N/A          |    0.0    0.0    0.0    0.0 |    0    0   -1   -1 | Background for 7086fb SurfaceView[co[...]weme.splash.SplashActivity]@0#155228 (0)
03-02 00:56:50.591  1507  1507 D SurfaceFlinger:   SOLID_COLOR |                        0 | 00000002 | N/A          |    0.0    0.0    0.0    0.0 |    0    0   -1   -1 | Background for 836459b SurfaceView[c[...]weme.splash.SplashActivity]@0#155231 (0)
03-02 00:56:50.591  1507  1507 D SurfaceFlinger:        DEVICE |           63930588201254 | 00000102 | 0x32315659   |    0.0    0.0    0.0    0.0 |    0    0   -1   -1 | 68eb87 SurfaceView[com.zhiliaoapp.mu[...]lash.SplashActivity]@0(BLAST)#155224 (131)
03-02 00:56:50.591  1507  1507 D SurfaceFlinger:        CLIENT |           63930588201259 | 00000102 | 0x32315659   |  202.0    0.0  720.0 1280.0 |    0   80  777 2000 | 7086fb SurfaceView[com.zhiliaoapp.mu[...]lash.Sp
03-02 00:56:50.591  1507  1507 D SurfaceFlinger: lashActivity]@0(BLAST)#155227 (145)
03-02 00:56:50.591  1507  1507 D SurfaceFlinger:        DEVICE |           63930588201318 | 00000102 | 0x32315659   |    0.0    0.0    0.0    0.0 |    0    0   -1   -1 | 836459b SurfaceView[com.zhiliaoapp.m[...]lash.SplashActivity]@0(BLAST)#155230 (1)
03-02 00:56:50.591  1507  1507 D SurfaceFlinger:        CLIENT |           63930588201001 | 00002100 | RGBA_8888    |  303.0    0.0 1080.0 2340.0 |    0    0 1080 2340 | com.zhiliaoapp.musically/com.ss.andr[...].splash.SplashActivity$_14885#155211 (272)
03-02 00:56:50.591  1507  1507 D SurfaceFlinger:   SOLID_COLOR |                        0 | 00000000 | N/A          |    0.0    0.0    0.0    0.0 |    0    0 1080 2340 | DimTransitionLayer for Surface(name=Task=44838)/@0xf80128d#155240 (0)
03-02 00:56:50.591  1507  1507 D SurfaceFlinger:        DEVICE |           73534135074816 | 00002102 | RGBA_8888    |    0.0    0.0  969.0 2340.0 |  111    0 1080 2340 | com.podcast.app.debug/androidx.activity.ComponentActivity$_17121#155243 (1)
03-02 00:56:50.591  1507  1507 D SurfaceFlinger:        DEVICE |           11793980283112 | 00002100 | RGBA_8888    |    0.0    0.0  969.0 2340.0 |  111    0 1080 2340 | Splash Screen com.podcast.app.debug$_2746#155238 (1)
03-02 00:56:50.591  1507  1507 D SurfaceFlinger:        DEVICE |
03-02 00:56:50.591  1507  1507 D SurfaceFlinger:          11793980281854 | 00002100 | RGBA_8888    |    0.0    0.0 1080.0   80.0 |    0    0 1080   80 | StatusBar$_2746#117 (210836)
03-02 00:56:50.591  1507  1507 D SurfaceFlinger:        DEVICE |           13752485304097 | 00002100 | RGBA_8888    |    0.0    0.0   67.0  346.0 | 1013  454 1080  800 | com.sec.android.app.launcher/com.sam[...].app.CocktailBarService$_3202#152779 (1)
03-02 00:56:50.591  1507  1507 D SurfaceFlinger:        DEVICE |           11793980283111 | 00002100 | RGBA_8888    |    0.0    0.0  229.0  724.0 |  851  551 1080 1275 | VolumePanelWindow$_2746#155234 (62)
03-02 00:56:50.591  1507  1507 D SurfaceFlinger:        DEVICE |           11793980281868 | 00002100 | RGBA_8888    |    0.0    0.0 1080.0  135.0 |    0 2205 1080 2340 | NavigationBar0$_2746#113 (187215)
03-02 00:56:50.591  1507  1507 D SurfaceFlinger:
03-02 00:56:50.604  2746  2866 I VRI[debug]@2a7e919: mWNT: t=0xb40000772ad87b80 mBlastBufferQueue=0xb4000076ae318400 fn= 3 HdrRenderState mRenderHdrSdrRatio=1.0 caller= android.view.SyncRtSurfaceTransactionApplier.applyTransaction:100 android.view.SyncRtSurfaceTransactionApplier.lambda$scheduleApply$0:73 android.view.SyncRtSurfaceTransactionApplier.$r8$lambda$afI4fXg3U3-nBZQEDQMiNy-B06s:0
03-02 00:56:50.613  2991  3757 I LocationAccessPolicy: checkLocationPermission - callingUid: 10492, callingPid: 14636, result: DENIED_SOFT
03-02 00:56:50.613  2991  3757 I LocationAccessPolicy: checkLocationPermission - callingUid: 10492, callingPid: 14636, result: DENIED_SOFT
03-02 00:56:50.613  1445  2902 W C2MtkBufferManager: [0xB4000070F507E520] fetchNewCcBlock: wait fence 0x0xb4000070f5058270 timed out. ret 110
03-02 00:56:50.614  2746  2865 I VRI[debug]@2a7e919: mWNT: t=0xb40000772ad87d00 mBlastBufferQueue=0xb4000076ae318400 fn= 4 HdrRenderState mRenderHdrSdrRatio=1.0 caller= android.view.SyncRtSurfaceTransactionApplier.applyTransaction:100 android.view.SyncRtSurfaceTransactionApplier.lambda$scheduleApply$0:73 android.view.SyncRtSurfaceTransactionApplier.$r8$lambda$afI4fXg3U3-nBZQEDQMiNy-B06s:0
03-02 00:56:50.625  2013  3819 D InputDispatcher: Focus entered window (0): 1ca26f7 com.podcast.app.debug/androidx.activity.ComponentActivity
03-02 00:56:50.626  2746  2866 I VRI[debug]@2a7e919: mWNT: t=0xb40000772adfed00 mBlastBufferQueue=0xb4000076ae318400 fn= 5 HdrRenderState mRenderHdrSdrRatio=1.0 caller= android.view.SyncRtSurfaceTransactionApplier.applyTransaction:100 android.view.SyncRtSurfaceTransactionApplier.lambda$scheduleApply$0:73 android.view.SyncRtSurfaceTransactionApplier.$r8$lambda$afI4fXg3U3-nBZQEDQMiNy-B06s:0
03-02 00:56:50.627 17121 17121 D VRI[ComponentActivity]@1ead17b: mThreadedRenderer.initializeIfNeeded()#2 mSurface={isValid=true 0xb400007837ca5f00}
03-02 00:56:50.627 17121 17121 D InputMethodManagerUtils: startInputInner - Id : 0
03-02 00:56:50.627 17121 17121 I InputMethodManager: startInputInner - IInputMethodManagerGlobalInvoker.startInputOrWindowGainedFocus
03-02 00:56:50.629 17208 17208 W SmApplication: onTrimMemory : 40
03-02 00:56:50.629 17208 17208 I DC.AppIconCache: clear icon cache
03-02 00:56:50.632  2013  2322 I ImeTracker: com.podcast.app.debug:339a0cb0: onRequestHide at ORIGIN_SERVER reason HIDE_UNSPECIFIED_WINDOW fromUser false
03-02 00:56:50.633 17121 17121 I InputMethodManager: handleMessage: setImeVisibility visible=false
03-02 00:56:50.633 17121 17121 D InsetsController: hide(ime(), fromIme=false)
03-02 00:56:50.633 17121 17121 I ImeTracker: com.podcast.app.debug:339a0cb0: onCancelled at PHASE_CLIENT_ALREADY_HIDDEN
03-02 00:56:50.633  2991  3778 D SatelliteController: isInCarrierRoamingNbIotNtn: satellite is disabled
03-02 00:56:50.634  2013  2322 D InputTransport: Input channel constructed: 'ClientS', fd=1066
03-02 00:56:50.634  2013  2322 D InputTransport: Input channel constructed: 'ClientS', fd=1090
03-02 00:56:50.635 17208 17208 W SmApplication: onTrimMemory : 40
03-02 00:56:50.635 17208 17208 I DC.AppIconCache: clear icon cache
03-02 00:56:50.637  2013  2064 D ActivityManager: ChimeraTriggerManager::onPolicyScoreUpdated() - evaPolicy: 1.5
03-02 00:56:50.637  2013  2322 D InputTransport: Input channel destroyed: 'ClientS', fd=1090
03-02 00:56:50.639  2746  2865 I VRI[debug]@2a7e919: mWNT: t=0xb40000772af33480 mBlastBufferQueue=0xb4000076ae318400 fn= 6 HdrRenderState mRenderHdrSdrRatio=1.0 caller= android.view.SyncRtSurfaceTransactionApplier.applyTransaction:100 android.view.SyncRtSurfaceTransactionApplier.lambda$scheduleApply$0:73 android.view.SyncRtSurfaceTransactionApplier.$r8$lambda$afI4fXg3U3-nBZQEDQMiNy-B06s:0
03-02 00:56:50.640  2013  4903 D InputTransport: Input channel constructed: 'ClientS', fd=1044
03-02 00:56:50.641  2013  4903 D InputTransport: Input channel destroyed: 'ClientS', fd=1044
03-02 00:56:50.642 17121 17137 D InputTransport: Input channel constructed: 'ClientS', fd=151
03-02 00:56:50.642 14885 14885 D InputTransport: Input channel destroyed: 'ClientS', fd=526
03-02 00:56:50.644  5235  5235 I HBD     : HoneyBoardService onFinishInput
03-02 00:56:50.645  5235  5235 I HBD     : a IC have been unbinding,  RemoteInputConnection{idHash=#e73ca55}
03-02 00:56:50.645  5235  5235 I HBD     : HoneyBoardService [PF_CL][onFinishInput]  1 ms
03-02 00:56:50.645  1507  1907 I SurfaceFlinger: id=155249 createSurf, flag=24004, Surface(name=2141cda InputMethod)/@0x5ea0b56 - animation-leash of insets_animation#155249
03-02 00:56:50.646  2013  3648 I ImeTracker: system_server:5c384f2e: onRequestHide at ORIGIN_SERVER reason IME_REQUESTED_CHANGED_LISTENER fromUser false
03-02 00:56:50.646  2013  2064 I ActivityTaskManager: Displayed com.podcast.app.debug/androidx.activity.ComponentActivity for user 0: +478ms
03-02 00:56:50.647  1445  2902 D C2MtkBufferManager: over 5000ms not request from VCodec but callback hooked, slow BM Cc fetch thread. Last get time was 90574058ms ago.
03-02 00:56:50.647 17208 17208 I MemoryLowReceiver: Received : com.samsung.KPM_CRITICAL_MEMORY_STATUS
03-02 00:56:50.649  5235  5235 I HBD     : HoneyBoardService [IMI] onStartInput - caller pid : 17121 , caller uid : 10685
03-02 00:56:50.649  5235  5235 I HBD     : k updateConfigs
03-02 00:56:50.649  5235  5235 I HBD     : k isEnabledNightMode : true
03-02 00:56:50.649  5235  5235 I HBD     : a IC have been binding, RemoteInputConnection{idHash=#e7ab810}
03-02 00:56:50.650  3506  3506 E pageboostd: Received HALT command code 2
03-02 00:56:50.650  5235  5235 I HBD     : h [EditorInputType]setPrivateImeOptionsToTable privateImeOptions ( null )
03-02 00:56:50.650  5235  5235 I HBD     : b incognitoMode : false
03-02 00:56:50.650  5235  5235 I HBD     : c needOff = true , isForceOff = false, isNullInputClass : true
03-02 00:56:50.650  5235  5235 I HBD     : h getDefaultInputRange : UNKNOWN
03-02 00:56:50.650  5235  5235 I HBD     : h getDefaultInputRange : UNKNOWN
03-02 00:56:50.650  5235  5235 I HBD     : h getDefaultInputRange : UNKNOWN
03-02 00:56:50.651  2013  2067 I ImeTracker: system_server:5c384f2e: onCancelled at PHASE_SERVER_SHOULD_HIDE
03-02 00:56:50.654  1507  1507 I SurfaceFlinger: [Surface(name=2141cda InputMethod)/@0x5ea0b56 - animation-leash of insets_animation#155249] attach to parent LayerHierarchy{RequestedLayerState{WindowToken{4048e94 type=2011 android.os.Binder@219c2e7}#143 parentId=15} 2 children}
03-02 00:56:50.657  5235  5235 I HBD     : c needOff = true , isForceOff = false, isNullInputClass : true
03-02 00:56:50.657  5235  5235 I HBD     : c update cached prediction status : false
03-02 00:56:50.657  5235  5235 I HBD     : h getDefaultInputRange : UNKNOWN
03-02 00:56:50.657  5235  5235 I HBD     : a currentState : 0
03-02 00:56:50.658  5235  5235 I HBD     : a [UpdatePolicy] [post] a: 0 cl: 65538 kit: [0/0] vt: 0 ir: 1
03-02 00:56:50.663  3438  3438 I EPDG -- SIM0 [SMARTCELLULAR]: onSignalStrengthsChanged: SignalStrength:{mCdma=Invalid,mGsm=Invalid,mWcdma=Invalid,mTdscdma=Invalid,mLte=CellSignalStrengthLte: rssi=-107 rsrp=-107 rsrq=-8 rssnr=5 cqiTableIndex=2147483647 cqi=2147483647 ta=2147483647 level=3 parametersUseForLevel=0,mNr=Invalid,SignalBarInfo{ lteLevel=2 },rat=14,primary=CellSignalStrengthLte}
