03-02 00:57:29.060  1507  1507 I SurfaceFlinger: RequestedLayer [Background for 836459b SurfaceView[c[...]weme.splash.SplashActivity]@0#156334] hidden!! flag  from(1) --> to(0)
03-02 00:57:29.060  1507  1507 I SurfaceFlinger: [LayerHierarchy{RequestedLayerState{7086fb SurfaceView[com.zhiliaoapp.musically/com.ss.android.ugc.aweme.splash.SplashActivity]@0#156329 parentId=156325 relativeParentId=156322 z=-2} 2 children}] RelativeParent to LayerHierarchy{RequestedLayerState{com.zhiliaoapp.musically/com.ss.android.ugc.aweme.splash.SplashActivity$_14885#156322 parentId=155210} 2 children}
03-02 00:57:29.060  1507  1507 I SurfaceFlinger: [LayerHierarchy{RequestedLayerState{68eb87 SurfaceView[com.zhiliaoapp.musically/com.ss.android.ugc.aweme.splash.SplashActivity]@0#156326 parentId=156325 relativeParentId=156322 z=-2} 2 children}] RelativeParent to LayerHierarchy{RequestedLayerState{com.zhiliaoapp.musically/com.ss.android.ugc.aweme.splash.SplashActivity$_14885#156322 parentId=155210} 3 children}
03-02 00:57:29.060  1507  1507 I SurfaceFlinger: [LayerHierarchy{RequestedLayerState{Background for 68eb87 SurfaceView[com.zhiliaoapp.musically/com.ss.android.ugc.aweme.splash.SplashActivity]@0#156328 parentId=156326 relativeParentId=156322 z=-2147483648} no children}] RelativeParent to LayerHierarchy{RequestedLayerState{com.zhiliaoapp.musically/com.ss.android.ugc.aweme.splash.SplashActivity$_14885#156322 parentId=155210} 4 children}
03-02 00:57:29.060  1507  1507 I SurfaceFlinger: [LayerHierarchy{RequestedLayerState{Background for 7086fb SurfaceView[com.zhiliaoapp.musically/com.ss.android.ugc.aweme.splash.SplashActivity]@0#156331 parentId=156329 relativeParentId=156322 z=-2147483648} no children}] RelativeParent to LayerHierarchy{RequestedLayerState{com.zhiliaoapp.musically/com.ss.android.ugc.aweme.splash.SplashActivity$_14885#156322 parentId=155210} 5 children}
03-02 00:57:29.060  1507  1507 I SurfaceFlinger: [LayerHierarchy{RequestedLayerState{836459b SurfaceView[com.zhiliaoapp.musically/com.ss.android.ugc.aweme.splash.SplashActivity]@0#156332 parentId=156325 relativeParentId=156322 z=-2} 2 children}] RelativeParent to LayerHierarchy{RequestedLayerState{com.zhiliaoapp.musically/com.ss.android.ugc.aweme.splash.SplashActivity$_14885#156322 parentId=155210} 6 children}
03-02 00:57:29.060  1507  1507 I SurfaceFlinger: [LayerHierarchy{RequestedLayerState{Background for 836459b SurfaceView[com.zhiliaoapp.musically/com.ss.android.ugc.aweme.splash.SplashActivity]@0#156334 parentId=156332 relativeParentId=156322 z=-2147483648} no children}] RelativeParent to LayerHierarchy{RequestedLayerState{com.zhiliaoapp.musically/com.ss.android.ugc.aweme.splash.SplashActivity$_14885#156322 parentId=155210} 7 children}
03-02 00:57:29.061  1445 18689 W C2MtkBufferManager: [0xB4000070F68A8D20] fetchNewCcBlock: wait fence 0x0xb4000070f692fcb0 timed out. ret 110
03-02 00:57:29.062  1484  1921 D DlbDlbEffect: handle_EFFECT_CMD_SET_DEVICE(device=0x00000002)
03-02 00:57:29.062  1484  1921 D DlbEffectContext: setDevice(00000002)
03-02 00:57:29.062  1484  1921 D DlbEndpointParamCache: setDevice(device=0x00000002)
03-02 00:57:29.062  1484  1921 D DlbDlbEffect: handle_EFFECT_CMD_SET_DEVICE(device=0x00000002)
03-02 00:57:29.062  1484  1921 D DlbSpatializerEffectContext: setDevice(00000002)
03-02 00:57:29.062  1484  1921 D DlbEndpointParamCache: setDevice(device=0x00000002)
03-02 00:57:29.062  1484  1921 D DlbDlbEffect: handle_EFFECT_CMD_SET_DEVICE(device=0x00000002)
03-02 00:57:29.062  1484  1921 D DlbEffectContext: setDevice(00000002)
03-02 00:57:29.062  1484  1921 D DlbEndpointParamCache: setDevice(device=0x00000002)
03-02 00:57:29.062  1484  1921 I AudioEffectExtendAction: setDevice_l empty address, empty name
03-02 00:57:29.062  1484  1921 V VolumeMonitor_Energy_Effect: VM_setDevice() sessionId:-2101, device:0x0x2, isBtTypeHeadset:0
03-02 00:57:29.063  1439 32089 D MTKAdapterStreamLayer: updateMetadataCommon(),
03-02 00:57:29.063  1484  1921 D DeviceHalAidl: [default] createAudioPatch: sources: 1 sinks 1
03-02 00:57:29.063  1484  1921 D Hal2AidlMapper: [default] createOrUpdatePatch: patch ID: 579, [disregard IDs] sources: [AudioPortConfig{id: 5, portId: 0, sampleRate: Int{value: 48000}, channelMask: AudioChannelLayout{layoutMask: 3}, format: AudioFormatDescription{type: PCM, pcm: INT_16_BIT, encoding: }, gain: (null), flags: AudioIoFlags{output: 8}, ext: AudioPortExt{mix: AudioPortMixExt{handle: 21, usecase: AudioPortMixExtUseCase{stream: SYS_RESERVED_DEFAULT}, maxOpenStreamCount: 0, maxActiveStreamCount: 0, recommendedMuteDurationMs: 0}}}], sinks: [AudioPortConfig{id: 3, portId: 0, sampleRate: (null), channelMask: (null), format: (null), gain: (null), flags: (null), ext: AudioPortExt{device: AudioPortDeviceExt{device: AudioDevice{type: AudioDeviceDescription{type: OUT_SPEAKER, connection: }, address: AudioDeviceAddress{id: }}, flags: 0, encodedFormats: [], encapsulationModes: 0, encapsulationMetadataTypes: 0, speakerLayout: (null)}}}]
03-02 00:57:29.063  1484  1921 I Hal2AidlMapper: findOrCreatePortConfig
03-02 00:57:29.063  1484  1921 D Hal2AidlMapper: [default] findOrCreatePortConfig: device port config does not have audio or gain config specified
03-02 00:57:29.063  1484  1921 I Hal2AidlMapper: findOrCreatePortConfig
03-02 00:57:29.063  1484  1921 I Hal2AidlMapper: findOrCreateMixPortConfig, ioHandle:21
03-02 00:57:29.063  1439 16888 D AHAL_Module: setAudioPatch: default: requested patch AudioPatch{id: 579, sourcePortConfigIds: [30], sinkPortConfigIds: [1025], minimumStreamBufferSizeFrames: 2048, latenciesMs: [85]}
03-02 00:57:29.063  1439 16888 D AudioALSAStreamManager: reduce hal buffer size 28672 -> 8192
03-02 00:57:29.063  1439 16888 D AudioALSAStreamManager: calculateOutLatencyAndFrames(), flags 0x8, latency 85, frame count 2048
03-02 00:57:29.063  1439 16888 D MTKAdapterLayer: setAudioPatch(), patch.mLatency: 85 patch.mFrameCount: 2048
03-02 00:57:29.063  1439 16888 D AudioALSAHardware: +createAudioPatch() num_sources [1] , num_sinks [1], handle [0x0], current mAudioHalPatchVector size 4
03-02 00:57:29.063  1439 16888 D AudioALSAStreamManager: +setParameters(), IOport = 21, keyValuePairs = routing=2
03-02 00:57:29.063  1439 16888 D AudioALSAStreamManager: setParameters(), Send to mStreamOutVector[1], flag 8
03-02 00:57:29.063  1439 16888 D AudioALSAStreamOut: value_str = 2 devices count = 1
03-02 00:57:29.063  1439 16888 D AudioALSAStreamOut: updatePolicyDevice(), flag: 0x8, device: 0x2
03-02 00:57:29.063  1439 16888 D AudioALSAStreamManager: getMode(), mAudioMode = 0
03-02 00:57:29.063  1439 16888 W AudioALSAStreamManager: routingOutputDevice(), flag: 0x8, output_devices == current_output_devices(0x2), return
03-02 00:57:29.063  1439 16888 D AudioIEMsController: routing(+), cur out 0x0 in 0x0, hs 0, bt 0, usb 0, device 0x2, mask 0x1, on 0
03-02 00:57:29.063  1439 16888 D AudioIEMsController: routing(-), cur out 0x0 in 0x0
03-02 00:57:29.063  1439 16888 D AudioALSAHardware: -createAudioPatch() num_sources [1] , num_sinks [1], handle [0x36c8]
03-02 00:57:29.063  1439 16888 D AHAL_Module: setAudioPatch: default: updated patch AudioPatch{id: 579, sourcePortConfigIds: [30], sinkPortConfigIds: [1025], minimumStreamBufferSizeFrames: 2048, latenciesMs: [85]}
03-02 00:57:29.065  1484  1921 D AudioFlinger: setCurDevice() 0x2
03-02 00:57:29.065  1439 16890 D AHAL_Stream: getRecommendedLatencyModes
03-02 00:57:29.066  1439 16890 D MTKAdapterStreamLayer: updateMetadataCommon(),
03-02 00:57:29.066  1484 24378 V APM_AudioPolicyManager: setOutputDevices() AF::createAudioPatch returned 0 patchHandle 111652 num_sources 1 num_sinks 1
03-02 00:57:29.068  1450  1487 I mtkpower_client: perf_lock_rel, hdl:76629, pid: 1450, tid:1487
03-02 00:57:29.068  1450  1487 I mtkpower_client: perf_lock_acq, hdl:0, dur:0, num:2, pid:1450, tid:1487
03-02 00:57:29.068  2013  4835 W ParceledListSlice: Element #30 is 21544 bytes.
03-02 00:57:29.069  1464  1529 I libPowerHal: [perfLockRel] hdl:76629, idx:2
03-02 00:57:29.069  1464  1529 I libPowerHal: [set_cpuidle] enable:1, fd:17, scn:0xb40000737b607270
03-02 00:57:29.069  1484 24378 V APM_AudioPolicyManager: checkAndSetVolume: output 21, stream 10, index 4, devices 0x2, volume 0.017783, delayMs 0, muted false
03-02 00:57:29.069  1464  1529 I libPowerHal: [PD] vendor.samsung. update cmd:1c3c100 param:1 pr:6
03-02 00:57:29.069  1484 24378 V APM_AudioPolicyManager: checkAndSetVolume: output 21, stream 9, index 3, devices 0x2, volume 0.105925, delayMs 0, muted false
03-02 00:57:29.069  1484 24378 V APM_AudioPolicyManager: checkAndSetVolume: output 21, stream 8, index 8, devices 0x2, volume 0.089125, delayMs 0, muted false
03-02 00:57:29.069  1464  1529 I libPowerHal: [perfLockRel] Done for hdl : 76629
03-02 00:57:29.070  1507  2128 I SurfaceFlinger: id=156335 createSurf, flag=84004, Transition Root: Task=44543#156335
03-02 00:57:29.070  1450  1487 I mtkpower_client: ret_hdl:76631
03-02 00:57:29.071  1450  1487 I mtkpower_client: perf_lock_rel, hdl:76630, pid: 1450, tid:1487
03-02 00:57:29.071  1464  1529 I libPowerHal: [perfLockAcq] idx:8 hdl:76631 hint:-1 pid:1450 tid:1487 duration:0 lock_user:vendor.samsung. => ret_hdl:76631
03-02 00:57:29.071  1464  1529 I libPowerHal: [set_cpuidle] enable:0, fd:17, scn:0xb40000737b61a740
03-02 00:57:29.072  1464  1529 I libPowerHal: [get_cpu_dma_latency_value] 0
03-02 00:57:29.072  1464  1529 I libPowerHal: [PE] vendor.samsung. update cmd:1c3c100 param:0 pr:3
03-02 00:57:29.072  1464  1529 I libPowerHal: [perfLockAcq] Done for hdl : 76631
03-02 00:57:29.072  1507  1507 I SurfaceFlinger: [Transition Root: Task=44543#156335] attach to parent LayerHierarchy{RequestedLayerState{DefaultTaskDisplayArea_d0#10 parentId=9} 46 children}
03-02 00:57:29.072  1450  1487 I mtkpower_client: perf_lock_acq, hdl:0, dur:0, num:2, pid:1450, tid:1487
03-02 00:57:29.073  1464  1529 I libPowerHal: [perfLockRel] hdl:76630, idx:5
03-02 00:57:29.073  1445  2902 W C2MtkBufferManager: [0xB4000070F507E520] fetchNewCcBlock: wait fence 0x0xb4000070f5058270 timed out. ret 110
03-02 00:57:29.073  1464  1529 I libPowerHal: [PD] vendor.samsung. update cmd:1000000 param:-1 pr:6
03-02 00:57:29.074  1464  1529 I libPowerHal: [perfLockRel] Done for hdl : 76630
03-02 00:57:29.074  1450  1487 I mtkpower_client: ret_hdl:76632
03-02 00:57:29.074  1464  1529 I libPowerHal: [perfLockAcq] idx:2 hdl:76632 hint:-1 pid:1450 tid:1487 duration:0 lock_user:vendor.samsung. => ret_hdl:76632
03-02 00:57:29.074  1450  1487 I HYPER-HAL: [RequestManager.cpp]releaseLocked(): Released ID : 2057421
03-02 00:57:29.074  1464  1529 I libPowerHal: [setDvfsrcDevFreqOpp] opp:0, freq:4266000000
03-02 00:57:29.075  1464  1529 I libPowerHal: [PE] vendor.samsung. update cmd:1000000 param:0 pr:3
03-02 00:57:29.075  1464  1529 I libPowerHal: [perfLockAcq] Done for hdl : 76632
03-02 00:57:29.078  1484 24378 V APM_AudioPolicyManager: checkAndSetVolume: output 21, stream 5, index 9, devices 0x2, volume 0.141254, delayMs 0, muted false
03-02 00:57:29.078  1484 24378 V APM_AudioPolicyManager: checkAndSetVolume: output 21, stream 4, index 11, devices 0x2, volume 0.223872, delayMs 0, muted false
03-02 00:57:29.079  1484 24378 V APM_AudioPolicyManager: checkAndSetVolume: output 21, stream 3, index 3, devices 0x2, volume 0.010300, delayMs 0, muted false
03-02 00:57:29.080  1484 24378 V APM_AudioPolicyManager: checkAndSetVolume: output 21, stream 2, index 8, devices 0x2, volume 0.112202, delayMs 0, muted false
03-02 00:57:29.080  1484 24378 V APM_AudioPolicyManager: checkAndSetVolume: output 21, stream 1, index 7, devices 0x2, volume 0.125893, delayMs 0, muted false
03-02 00:57:29.081  1484 24378 V APM_AudioPolicyManager: checkAndSetVolume: output 21, stream 0, index 8, devices 0x2, volume 1.000000, delayMs 0, muted false
03-02 00:57:29.082  1446  1498 I SensorsHub: LightSensor: lux = 27, time = 767665466387151
03-02 00:57:29.083  2013  2068 I SurfaceControlRegistry: show, t=StartTransaction_SyncId<11281> sc=ActivityRecord{2751228 u0 com.zhiliaoapp.musically/com.ss.android.ugc.aweme.splash.SplashActivity t44543}, caller=android.view.SurfaceControl$Transaction.show:3557 com.android.server.wm.Transition.onTransactionReady:2048 com.android.server.wm.BLASTSyncEngine$SyncGroup.finishNow:240 com.android.server.wm.BLASTSyncEngine.onSurfacePlacement:263 com.android.server.wm.RootWindowContainer.performSurfacePlacementNoTrace:1083 com.android.server.wm.WindowSurfacePlacer.performSurfacePlacement:166
03-02 00:57:29.084  1484 24378 V APM_AudioPolicyManager: checkAndSetVolume: output 21, stream 11, index 15, devices 0x2, volume 1.000000, delayMs 0, muted false
03-02 00:57:29.085  1484 24378 V APM_AudioPolicyManager: checkAndSetVolume: output 21, stream 3, index 3, devices 0x2, volume 0.010300, delayMs 0, muted false
03-02 00:57:29.086  1484 24378 I AudioFlinger: updateStageIndex new -2102
03-02 00:57:29.087  1484 16929 D NativePermissionController: checkPermission: missing 13 for 10130
03-02 00:57:29.087  2013  2068 D ScreenCapture: [Capture_TEST] : setIsScreenShotBySystem false
03-02 00:57:29.088  2013  2068 I SurfaceComposerClient: captureLayers:childrenOnly:1, sync:1
03-02 00:57:29.088 14885 16246 D AudioTrack: setVolume(1.000000, 1.000000) pid : 14885
03-02 00:57:29.090  1484  9573 D NativePermissionController: checkPermission: missing 13 for 10248
03-02 00:57:29.090  1484  9269 D NativePermissionController: checkPermission: missing 13 for 10492
03-02 00:57:29.091  1484  1921 D DlbEffectContext: setParam() received parameter EFFECT_PARAM_SEEK
03-02 00:57:29.091  1484  1921 D DlbEffectContext: handleSeek(seek operation ends, restore profile to 2)
03-02 00:57:29.091  1484  1921 D DlbEffectContext: applySpecificParams() Reset some user specific parameters
03-02 00:57:29.091  1484  1921 D DlbProfileParamCache: resetParam(param=dvla)
03-02 00:57:29.091  1484  1921 D DlbProfileParamArray: getProfileParams(profile = 2)
03-02 00:57:29.091  1484  1921 D DlbProfileParamCache: resetParam() resend the parameter value got from xml.
03-02 00:57:29.091  1484  1921 D DlbProfileParamCache: resetParam() resend the parameter value got from xml.
03-02 00:57:29.091  1484  1921 D DlbProfileParamCache: resetParam() resend the parameter value got from xml.
03-02 00:57:29.091  1484  1921 D DlbProfileParamCache: resetParam() resend the parameter value got from xml.
03-02 00:57:29.091  1484  1921 D DlbProfileParamCache: resetParam() resend the parameter value got from xml.
03-02 00:57:29.091  1484  1921 D DlbProfileParamCache: resetParam() resend the parameter value got from xml.
03-02 00:57:29.091  1484  1921 D DlbProfileParamCache: resetParam() resend the parameter value got from xml.
03-02 00:57:29.091  1484  1921 D DlbEndpointParamCache: commitChangedParams()
03-02 00:57:29.091  1484  1921 D DlbEndpointParamCache: commit() Applying parameters for device 0x40000000
03-02 00:57:29.091  1484  1921 D DlbEndpointParamCache: doCommit() Committed 0 parameters out of 15.
03-02 00:57:29.092  1484  1921 D DlbEndpointParamCache: commit() Overriding parameters for current device 0x00000002
03-02 00:57:29.092  1484  1921 D DlbDap2Process: setParam(dvla = #1[0])
03-02 00:57:29.092  1484  1921 D DlbEndpointParamCache: doCommit() Committed 1 parameters out of 60.
03-02 00:57:29.092  1484  1921 D DlbProfileParamCache: resetParam(param=dvli)
03-02 00:57:29.092  1484  1921 D DlbProfileParamArray: getProfileParams(profile = 2)
03-02 00:57:29.092  1484  1921 D DlbProfileParamCache: resetParam() resend the parameter value got from xml.
03-02 00:57:29.092  1484  1921 D DlbProfileParamCache: resetParam() resend the parameter value got from xml.
03-02 00:57:29.092  1484  1921 D DlbProfileParamCache: resetParam() resend the parameter value got from xml.
03-02 00:57:29.092  1484  1921 D DlbProfileParamCache: resetParam() resend the parameter value got from xml.
03-02 00:57:29.092  1484  1921 D DlbProfileParamCache: resetParam() resend the parameter value got from xml.
03-02 00:57:29.092  1484  1921 D DlbProfileParamCache: resetParam() resend the parameter value got from xml.
03-02 00:57:29.092  1484  1921 D DlbProfileParamCache: resetParam() resend the parameter value got from xml.
03-02 00:57:29.092  1484  1921 D DlbEndpointParamCache: commitChangedParams()
03-02 00:57:29.092  1484  1921 D DlbEndpointParamCache: commit() Applying parameters for device 0x40000000
03-02 00:57:29.092  1484  1921 D DlbEndpointParamCache: doCommit() Committed 0 parameters out of 15.
03-02 00:57:29.092  1484  1921 D DlbEndpointParamCache: commit() Overriding parameters for current device 0x00000002
03-02 00:57:29.092  1484  1921 D DlbDap2Process: setParam(dvli = #1[-256])
03-02 00:57:29.092  1484  1921 D DlbEndpointParamCache: doCommit() Committed 1 parameters out of 60.
03-02 00:57:29.092  1484  1921 D DlbProfileParamCache: resetParam(param=dvlo)
03-02 00:57:29.092  1484  1921 D DlbProfileParamArray: getProfileParams(profile = 2)
03-02 00:57:29.092  1484  1921 D DlbProfileParamCache: resetParam() resend the parameter value got from xml.
03-02 00:57:29.092  1484  1921 D DlbProfileParamCache: resetParam() resend the parameter value got from xml.
03-02 00:57:29.092  1484  1921 D DlbProfileParamCache: resetParam() resend the parameter value got from xml.
03-02 00:57:29.092  1484  1921 D DlbProfileParamCache: resetParam() resend the parameter value got from xml.
03-02 00:57:29.092  1484  1921 D DlbProfileParamCache: resetParam() resend the parameter value got from xml.
03-02 00:57:29.092  2746  2798 I SurfaceControlRegistry: hide, t=FinishTransaction_SyncId<11281> sc=Task=44883, caller=android.view.SurfaceControl$Transaction.hide:3583 com.android.wm.shell.transition.Transitions.dispatchReady:1263 com.android.wm.shell.transition.Transitions.onTransitionReady:251 com.android.wm.shell.transition.Transitions$TransitionPlayerImpl$$ExternalSyntheticLambda0.run:13 android.os.Handler.handleCallback:995 android.os.Handler.dispatchMessage:103
03-02 00:57:29.092  1484  1921 D DlbProfileParamCache: resetParam() resend the parameter value got from xml.
03-02 00:57:29.092  1484  1921 D DlbProfileParamCache: resetParam() resend the parameter value got from xml.
03-02 00:57:29.092  1484  1921 D DlbEndpointParamCache: commitChangedParams()
03-02 00:57:29.092  1484  1921 D DlbEndpointParamCache: commit() Applying parameters for device 0x40000000
03-02 00:57:29.092  1484  1921 D DlbEndpointParamCache: doCommit() Committed 0 parameters out of 15.
03-02 00:57:29.092  1484  1921 D DlbEndpointParamCache: commit() Overriding parameters for current device 0x00000002
03-02 00:57:29.092  1484  1921 D DlbDap2Process: setParam(dvlo = #1[-224])
03-02 00:57:29.092  1484  1921 D DlbEndpointParamCache: doCommit() Committed 1 parameters out of 60.
03-02 00:57:29.092  1484  1921 D DlbProfileParamCache: resetParam(param=vmb)
03-02 00:57:29.092  1484  1921 D DlbProfileParamArray: getProfileParams(profile = 2)
03-02 00:57:29.092  1484  1921 D DlbProfileParamCache: resetParam() resend the parameter value got from xml.
03-02 00:57:29.092  1484  1921 D DlbProfileParamCache: resetParam() resend the parameter value got from xml.
03-02 00:57:29.092  1484  1921 D DlbProfileParamCache: resetParam() resend the parameter value got from xml.
03-02 00:57:29.092  1484  1921 D DlbProfileParamCache: resetParam() resend the parameter value got from xml.
03-02 00:57:29.092  1484  1921 D DlbProfileParamCache: resetParam() resend the parameter value got from xml.
03-02 00:57:29.092  1484  1921 D DlbProfileParamCache: resetParam() resend the parameter value got from xml.
03-02 00:57:29.092  1484  1921 D DlbProfileParamCache: resetParam() resend the parameter value got from xml.
03-02 00:57:29.092  1484  1921 D DlbEndpointParamCache: commitChangedParams()
03-02 00:57:29.092  1484  1921 D DlbEndpointParamCache: commit() Applying parameters for device 0x40000000
03-02 00:57:29.092  1484  1921 D DlbEndpointParamCache: doCommit() Committed 0 parameters out of 15.
03-02 00:57:29.092  1484  1921 D DlbEndpointParamCache: commit() Overriding parameters for current device 0x00000002
03-02 00:57:29.092  1484  1921 D DlbDap2Process: setParam(vmb = #1[0])
03-02 00:57:29.092  2746  2798 I SurfaceControlRegistry: show, t=StartTransaction_SyncId<11281> sc=Task=44543, caller=android.view.SurfaceControl$Transaction.show:3557 com.android.wm.shell.transition.Transitions.dispatchReady:1279 com.android.wm.shell.transition.Transitions.onTransitionReady:251 com.android.wm.shell.transition.Transitions$TransitionPlayerImpl$$ExternalSyntheticLambda0.run:13 android.os.Handler.handleCallback:995 android.os.Handler.dispatchMessage:103
03-02 00:57:29.092  1484  1921 D DlbEndpointParamCache: doCommit() Committed 1 parameters out of 60.
03-02 00:57:29.092  1484  1921 D DlbProfileParamCache: resetParam(param=dea)
03-02 00:57:29.092  1484  1921 D DlbProfileParamArray: getProfileParams(profile = 2)
03-02 00:57:29.092  1484  1921 D DlbProfileParamCache: resetParam() resend the parameter value got from xml.
03-02 00:57:29.092  1484  1921 D DlbProfileParamCache: resetParam() resend the parameter value got from xml.
03-02 00:57:29.092  1484  1921 D DlbProfileParamCache: resetParam() resend the parameter value got from xml.
03-02 00:57:29.092  1484  1921 D DlbProfileParamCache: resetParam() resend the parameter value got from xml.
03-02 00:57:29.092  1484  1921 D DlbProfileParamCache: resetParam() resend the parameter value got from xml.
03-02 00:57:29.092  1484  1921 D DlbProfileParamCache: resetParam() resend the parameter value got from xml.
03-02 00:57:29.092  1484  1921 D DlbProfileParamCache: resetParam() resend the parameter value got from xml.
03-02 00:57:29.092  1484  1921 D DlbEndpointParamCache: commitChangedParams()
03-02 00:57:29.092  1484  1921 D DlbEndpointParamCache: commit() Applying parameters for device 0x40000000
03-02 00:57:29.092  1484  1921 D DlbEndpointParamCache: doCommit() Committed 0 parameters out of 15.
03-02 00:57:29.092  1484  1921 D DlbEndpointParamCache: commit() Overriding parameters for current device 0x00000002
03-02 00:57:29.092  1484  1921 D DlbDap2Process: setParam(dea = #1[0])
03-02 00:57:29.092  1484  1921 D DlbEndpointParamCache: doCommit() Committed 1 parameters out of 60.
03-02 00:57:29.092  1484  1921 D DlbProfileParamCache: resetParam(param=deon)
03-02 00:57:29.092  1484  1921 D DlbProfileParamArray: getProfileParams(profile = 2)
03-02 00:57:29.092  2746  2798 I SurfaceControlRegistry: show, t=FinishTransaction_SyncId<11281> sc=Task=44543, caller=android.view.SurfaceControl$Transaction.show:3557 com.android.wm.shell.transition.Transitions.dispatchReady:1330 com.android.wm.shell.transition.Transitions.onTransitionReady:251 com.android.wm.shell.transition.Transitions$TransitionPlayerImpl$$ExternalSyntheticLambda0.run:13 android.os.Handler.handleCallback:995 android.os.Handler.dispatchMessage:103
03-02 00:57:29.092  1484  1921 D DlbProfileParamCache: resetParam() resend the parameter value got from xml.
03-02 00:57:29.092  1484  1921 D DlbProfileParamCache: resetParam() resend the parameter value got from xml.
03-02 00:57:29.092  1484  1921 D DlbProfileParamCache: resetParam() resend the parameter value got from xml.
03-02 00:57:29.092  1484  1921 D DlbProfileParamCache: resetParam() resend the parameter value got from xml.
03-02 00:57:29.092  1484  1921 D DlbProfileParamCache: resetParam() resend the parameter value got from xml.
03-02 00:57:29.092  1484  1921 D DlbProfileParamCache: resetParam() resend the parameter value got from xml.
03-02 00:57:29.095  1507  1563 I SurfaceFlinger: Capture layer list: 	 com.podcast.app.debug.test/androidx.test.core.app.InstrumentationActivityInvoker$EmptyActivity$_17532#156314(seamlessTransition:0)
03-02 00:57:29.095  1507  1563 I SurfaceFlinger: Capture layer list: 	 Splash Screen com.podcast.app.debug.test$_2746#156312(seamlessTransition:0)
03-02 00:57:29.096  2746  2798 I SurfaceControlRegistry: apply, t=FinishTransaction_SyncId<11280>, caller=android.view.SurfaceControl$Transaction.apply:3459 android.view.SurfaceControl$Transaction.apply:3447 android.view.SurfaceControl$Transaction.apply:3397 com.android.wm.shell.transition.Transitions.onFinish:315 com.android.wm.shell.transition.Transitions$$ExternalSyntheticLambda7.onTransitionFinished:12 com.android.wm.shell.transition.DefaultTransitionHandler$$ExternalSyntheticLambda6.run:36
03-02 00:57:29.096  1484  3507 D NativePermissionController: checkPermission: missing 13 for 10476
03-02 00:57:29.096  1484 10083 D NativePermissionController: checkPermission: missing 13 for 10350
03-02 00:57:29.096  1484 28718 D NativePermissionController: checkPermission: missing 13 for 10351
03-02 00:57:29.097  1484  1567 D NativePermissionController: checkPermission: missing 13 for 10248
03-02 00:57:29.097  1484 16929 D NativePermissionController: checkPermission: missing 13 for 10492
03-02 00:57:29.092  1484  1921 D DlbProfileParamCache: resetParam() resend the parameter value got from xml.
03-02 00:57:29.097  1484  1921 D DlbEndpointParamCache: commitChangedParams()
03-02 00:57:29.097  1484  1921 D DlbEndpointParamCache: commit() Applying parameters for device 0x40000000
03-02 00:57:29.097  1484  1921 D DlbEndpointParamCache: doCommit() Committed 0 parameters out of 15.
03-02 00:57:29.097  1484  1921 D DlbEndpointParamCache: commit() Overriding parameters for current device 0x00000002
03-02 00:57:29.097  1484  1921 D DlbDap2Process: setParam(deon = #1[0])
03-02 00:57:29.098  1484  1921 D DlbEndpointParamCache: doCommit() Committed 1 parameters out of 60.
03-02 00:57:29.098  1484  1921 D DlbProfileParamCache: resetParam(param=mdee)
03-02 00:57:29.098  1484  1921 D DlbProfileParamArray: getProfileParams(profile = 2)
03-02 00:57:29.098  1484  1921 D DlbProfileParamCache: resetParam() resend the parameter value got from xml.
03-02 00:57:29.098  1484  1921 D DlbEndpointParamCache: commitChangedParams()
03-02 00:57:29.098  1484  1921 D DlbEndpointParamCache: commit() Applying parameters for device 0x40000000
03-02 00:57:29.098  1484  1921 D DlbDap2Process: setParam(mdee = #1[0])
03-02 00:57:29.098  1484  1921 D DlbEndpointParamCache: doCommit() Committed 1 parameters out of 15.
03-02 00:57:29.098  1484  1921 D DlbEndpointParamCache: commit() Overriding parameters for current device 0x00000002
03-02 00:57:29.098  1484  1921 D DlbEndpointParamCache: doCommit() Committed 0 parameters out of 60.
03-02 00:57:29.098  1484  1921 D DlbEffectContext: transformExternalGain() volume:0x2A301 fVol:0.010300 extVal:-635
03-02 00:57:29.098  1484  1921 D DlbEndpointParamCache: commitChangedParams()
03-02 00:57:29.098  1484  1921 D DlbEndpointParamCache: commit() Applying parameters for device 0x40000000
03-02 00:57:29.098  1484  1921 D DlbDap2Process: setParam(preg = #1[0])
03-02 00:57:29.098  1484  1921 D DlbDap2Process: setSystemGain(vol = 0)
03-02 00:57:29.098  1484  1921 D DlbDap2Process: setParam(svol = #1[-635])
03-02 00:57:29.098  1484  1921 D DlbEndpointParamCache: doCommit() Committed 2 parameters out of 15.
03-02 00:57:29.098  1484  1921 D DlbEndpointParamCache: commit() Overriding parameters for current device 0x00000002
03-02 00:57:29.098  1484  1921 D DlbEndpointParamCache: doCommit() Committed 0 parameters out of 60.
03-02 00:57:29.098  1484  1921 I SoundBoosterEffectPlus: SB_setVolume(0xb400007075106040)
03-02 00:57:29.098  1484  1921 I SoundBoosterEffectPlus: command EFFECT_CMD_SET_VOLUME left = 0.010300, right =0.010300
03-02 00:57:29.098  1484  1921 I SAG_EQ a64: SetVolumeFloat() inst_num [424238335] VolumeFloat [-39.735046] mModeFW [1] mMode [1]
03-02 00:57:29.098  1484  1921 I SAG_EQ a64: mIsVolumeTableValid yes
03-02 00:57:29.098  1484  1921 I SAG_EQ a64: SetVolume() VolumeIndexInt [3]
03-02 00:57:29.100  1484 15560 D NativePermissionController: checkPermission: missing 13 for 10130
03-02 00:57:29.100  1484 28718 D NativePermissionController: checkPermission: missing 13 for 10476
03-02 00:57:29.100  1484  5506 D NativePermissionController: checkPermission: missing 13 for 10351
03-02 00:57:29.100  1439 16888 D MTKAdapterStreamLayer: updateMetadataCommon(),
03-02 00:57:29.101  1484 24378 D NativePermissionController: checkPermission: missing 13 for 10350
03-02 00:57:29.101  1445 18689 W C2MtkBufferManager: [0xB4000070F68A8D20] fetchNewCcBlock: wait fence 0x0xb4000070f692fcb0 timed out. ret 110
03-02 00:57:29.102  1484  2000 D NativePermissionController: checkPermission: missing 13 for 10492
03-02 00:57:29.102  1484  9269 D NativePermissionController: checkPermission: missing 13 for 10248
03-02 00:57:29.102  1484  3507 D NativePermissionController: checkPermission: missing 13 for 10492
03-02 00:57:29.102  1484 15560 D NativePermissionController: checkPermission: missing 13 for 10248
03-02 00:57:29.103  1484  2000 D NativePermissionController: checkPermission: missing 13 for 10476
03-02 00:57:29.103  1484  2000 D NativePermissionController: checkPermission: missing 13 for 10476
03-02 00:57:29.103  1484 15560 D NativePermissionController: checkPermission: missing 13 for 10130
03-02 00:57:29.104  1507  1507 I SurfaceFlinger: RequestedLayer [Task=44882#156293] hidden!! flag  from(0) --> to(1)
03-02 00:57:29.104  1507  1507 I SurfaceFlinger: [LayerHierarchy{RequestedLayerState{DimTransitionLayer for Surface(name=Task=44883)/@0x9c01675#156318 z=-1} no children}] reparent to OffscreenRoot
03-02 00:57:29.104  1507  1507 I SurfaceFlinger: [LayerHierarchy{RequestedLayerState{DimTransitionLayer for Surface(name=Task=44883)/@0x9c01675#156318 z=-1} no children}] RelativeParent to null
03-02 00:57:29.104  1507  1507 I SurfaceFlinger: [LayerHierarchy{RequestedLayerState{Task=44882#156293 parentId=10 z=41} 1 children}] reparent to LayerHierarchy{RequestedLayerState{DefaultTaskDisplayArea_d0#10 parentId=9} 47 children}
03-02 00:57:29.104  1507  1507 I SurfaceFlinger: [LayerHierarchy{RequestedLayerState{Task=44883#156309 parentId=10 z=42} 1 children}] reparent to LayerHierarchy{RequestedLayerState{DefaultTaskDisplayArea_d0#10 parentId=9} 48 children}
03-02 00:57:29.104  1507  1507 I SurfaceFlinger: [LayerHierarchy{RequestedLayerState{Transition Root: Task=44883#156317 z=42} no children}] reparent to OffscreenRoot
03-02 00:57:29.104  1507  1507 I SurfaceFlinger: [LayerHierarchy{RequestedLayerState{Transition Root: Task=44883#156317 z=42} no children}] RelativeParent to null
03-02 00:57:29.104  1484  2000 D NativePermissionController: checkPermission: missing 13 for 10350
03-02 00:57:29.105  1484 15560 D NativePermissionController: checkPermission: missing 13 for 10350
03-02 00:57:29.105  1507  1507 I SurfaceFlinger: onHandleDestroyed: layerId=156318, name=DimTransitionLayer for Surface(name=Task=44883)/@0x9c01675#156318
03-02 00:57:29.105  1507  1507 I SurfaceFlinger: id=156318 Removed DimTransitionLayer for Surface(name=Task=44883)/@0x9c01675#156318 (345)
03-02 00:57:29.106  1484  3507 D NativePermissionController: checkPermission: missing 13 for 10130
03-02 00:57:29.107  1484  9573 D NativePermissionController: checkPermission: missing 13 for 10351
03-02 00:57:29.107  1484  6346 D NativePermissionController: checkPermission: missing 13 for 10350
03-02 00:57:29.107  1484  9573 D NativePermissionController: checkPermission: missing 13 for 10350
03-02 00:57:29.109  1484  9573 D NativePermissionController: checkPermission: missing 13 for 10350
03-02 00:57:29.109  1507  1507 D SurfaceFlinger: Display 4627039422300187648 HWC layers:
03-02 00:57:29.109  1507  1507 D SurfaceFlinger:        DEVICE |           75299366633560 | 00002102 | RGBA_8888    |    0.0    0.0 1080.0 2340.0 |    0    0 1080 2340 | com.podcast.app.debug.test/androidx.[...]yInvoker$EmptyActivity$_17532#156314 (1)
03-02 00:57:29.109  1507  1507 D SurfaceFlinger:        DEVICE |           11793980283613 | 00002100 | RGBA_8888    |    0.0    0.0 1080.0 2340.0 |    0    0 1080 2340 | Splash Screen com.podcast.app.debug.test$_2746#156312 (1)
03-02 00:57:29.109  1507  1507 D SurfaceFlinger:        DEVICE |           11793980281856 | 00002100 | RGBA_8888    |    0.0    0.0 1080.0   80.0 |    0    0 1080   80 | StatusBar$_2746#117 (211099)
03-02 00:57:29.109  1507  1507 D SurfaceFlinger:        DEVICE |           13752485304097 | 00002100 | RGBA_8888    |    0.0    0.0   67.0  346.0 | 1013  454 1080  800 | com.sec.android.app.launcher/com.sam[...].app.CocktailBarService$_3202#152779 (1)
03-02 00:57:29.109  1507  1507 D SurfaceFlinger:        DEVICE |           11793980281853 | 00002100 | RGBA_8888    |    0.0    0.0 1080.0  135.0 |    0 2205 1080 2340 | NavigationBar0$_2746#113 (187913)
03-02 00:57:29.109  1507  1507 D SurfaceFlinger:
03-02 00:57:29.109  1484  6346 D NativePermissionController: checkPermission: missing 13 for 10350
03-02 00:57:29.110  1484  3507 D NativePermissionController: checkPermission: missing 13 for 10351
03-02 00:57:29.113  2746  3671 D SoundCraft.PlayingAudioConditionHandler: onPlaybackConfigChanged : lastStartedPackageName=com.zhiliaoapp.musically, lastStartedUid=10350, newStartedUid=10350, newStartPackageName=com.zhiliaoapp.musically, thread=Thread[RoutineHandlerThread,5,main]
03-02 00:57:29.116  1507  1507 I SurfaceFlinger: destroyed DimTransitionLayer for Surface(name=Task=44883)/@0x9c01675#156318
03-02 00:57:29.117  1507  1507 I BufferQueueProducer: [StatusBar$_2746#117](this:0xb400007a1be07638,id:-1,api:0,p:-1,c:1507) queueBuffer: fps=12.86 dur=1321.85 max=1142.82 min=10.04
03-02 00:57:29.117  1507  1507 I Layer   : id=156318 Destroyed DimTransitionLayer for Surface(name=Task=44883)/@0x9c01675#156318
03-02 00:57:29.119  2746  2746 D SamsungLightBarControlHelper: updateStatusBar (WHITE icon) numStacks:1, StatusBarMode:MODE_TRANSPARENT, lightBarBounds:[], StatusBarState:SHADE, packageName:, isWhiteKeyguardStatusBar:true
03-02 00:57:29.120  2746  2746 D SamsungLightBarControlHelper: onStatusBarAppearanceChanged() -  sbModeChanged:false, statusBarMode:0, barState:MODE_TRANSPARENT, isKeyguardShowing:false, navbarColorManagedByIme:false, (AppearanceRegion{ bounds=[0,0][1080,2340]}, )
03-02 00:57:29.125  2013  4834 W system_server: Large reply transaction of 322012 bytes, interface descriptor android.app.IActivityTaskManager, code 26
03-02 00:57:29.127 17121 17121 I VRI[ComponentActivity]@e0ce584: handleAppVisibility mAppVisible = true visible = false
03-02 00:57:29.127  1507  1507 I SurfaceFlinger: [LayerHierarchy{RequestedLayerState{Transition Root: Task=44883#156317 z=42} no children}] reparent to OffscreenRoot
03-02 00:57:29.127 17121 17121 D VRI[ComponentActivity]@e0ce584: visibilityChanged oldVisibility=true newVisibility=false
03-02 00:57:29.127  1507  1507 I SurfaceFlinger: [LayerHierarchy{RequestedLayerState{Transition Root: Task=44883#156317 z=42} no children}] RelativeParent to null
03-02 00:57:29.129  1507  1507 I SurfaceFlinger: onHandleDestroyed: layerId=156317, name=Transition Root: Task=44883#156317
03-02 00:57:29.129  1507  1507 I SurfaceFlinger: id=156317 Removed Transition Root: Task=44883#156317 (344)
03-02 00:57:29.129  2746  2798 I SurfaceControlRegistry: show, t=StartTransaction_SyncId<11281> sc=Transition Root: Task=44543, caller=android.view.SurfaceControl$Transaction.show:3557 com.android.wm.shell.transition.Transitions.playTransition:79 com.android.wm.shell.transition.Transitions.processReadyQueue:239 com.android.wm.shell.transition.Transitions.onFinish:528 com.android.wm.shell.transition.Transitions$$ExternalSyntheticLambda7.onTransitionFinished:12 com.android.wm.shell.transition.DefaultTransitionHandler$$ExternalSyntheticLambda6.run:36
03-02 00:57:29.133  1507  1563 I SurfaceFlinger: id=156336 createSurf, flag=20004, DimTransitionLayer for Surface(name=Task=44883)/@0x6361d5e#156336
03-02 00:57:29.134  2746  2798 I SurfaceControlRegistry: show, t=StartTransaction_SyncId<11281> sc=DimTransitionLayer for Surface(name=Task=44883)/@0x6361d5e, caller=android.view.SurfaceControl$Transaction.show:3557 com.android.wm.shell.transition.DefaultTransitionHandler.startAnimation:2837 com.android.wm.shell.transition.Transitions.dispatchTransition:90 com.android.wm.shell.transition.Transitions.playTransition:774 com.android.wm.shell.transition.Transitions.processReadyQueue:239 com.android.wm.shell.transition.Transitions.onFinish:528
03-02 00:57:29.136  2746  2798 I SurfaceControlRegistry: apply, t=StartTransaction_SyncId<11281>, caller=android.view.SurfaceControl$Transaction.apply:3459 android.view.SurfaceControl$Transaction.apply:3447 android.view.SurfaceControl$Transaction.apply:3397 com.android.wm.shell.transition.DefaultTransitionHandler.startAnimation:3292 com.android.wm.shell.transition.Transitions.dispatchTransition:90 com.android.wm.shell.transition.Transitions.playTransition:774
03-02 00:57:29.138  1507  1507 I SurfaceFlinger: RequestedLayer [com.zhiliaoapp.musically/com.ss.andr[...].splash.SplashActivity$_14885#156322] hidden!! flag  from(1) --> to(0)
03-02 00:57:29.138  1507  1507 I SurfaceFlinger: RequestedLayer [Task=44543#147901] hidden!! flag  from(1) --> to(0)
03-02 00:57:29.138  1507  1507 I SurfaceFlinger: RequestedLayer [Transition Root: Task=44543#156335] hidden!! flag  from(1) --> to(0)
03-02 00:57:29.138  1507  1507 I SurfaceFlinger: RequestedLayer [ActivityRecord{2751228 u0 com.zhilia[...]splash.SplashActivity t44543}#147902] hidden!! flag  from(1) --> to(0)
03-02 00:57:29.138  1507  1507 I SurfaceFlinger: RequestedLayer [DimTransitionLayer for Surface(name=Task=44883)/@0x6361d5e#156336] hidden!! flag  from(1) --> to(0)
03-02 00:57:29.138  1507  1507 E SurfaceFlinger: alpha changed 1.000 -> 0.000 - DimTransitionLayer for Surface(name=Task=44883)/@0x6361d5e#156336
03-02 00:57:29.138  1507  1507 I SurfaceFlinger: RequestedLayer [com.podcast.app.debug/androidx.activity.ComponentActivity$_17121#156302] hidden!! flag  from(0) --> to(1)
03-02 00:57:29.138  1507  1507 I SurfaceFlinger: RequestedLayer [ActivityRecord{7780918 u0 com.podcas[...]ity.ComponentActivity t44882}#156294] hidden!! flag  from(0) --> to(1)
03-02 00:57:29.138  1507  1507 I SurfaceFlinger: destroyed Transition Root: Task=44883#156317
03-02 00:57:29.138  1507  1507 I SurfaceFlinger: [LayerHierarchy{RequestedLayerState{Task=44543#147901 parentId=156335 z=3} 1 children}] reparent to LayerHierarchy{RequestedLayerState{Transition Root: Task=44543#156335 parentId=10 z=42} 1 children}
03-02 00:57:29.138  1507  1507 I SurfaceFlinger: [LayerHierarchy{RequestedLayerState{Task=44883#156309 parentId=156335 z=4} 1 children}] reparent to LayerHierarchy{RequestedLayerState{Transition Root: Task=44543#156335 parentId=10 z=42} 2 children}
03-02 00:57:29.138  1507  1507 I SurfaceFlinger: [DimTransitionLayer for Surface(name=Task=44883)/@0x6361d5e#156336] attach to parent LayerHierarchy{RequestedLayerState{Transition Root: Task=44543#156335 parentId=10 z=42} 3 children}
03-02 00:57:29.139  1484  3507 D AudioFlinger: setParameters: filtered dev setParameters keyvalue audioHDR=0
03-02 00:57:29.139  1509  1509 D Audio_ParameterParser: parseVendorParameters: scope: MODULE, keys/values: audioHDR=0
03-02 00:57:29.140  1507  1507 I Layer   : id=156317 Destroyed Transition Root: Task=44883#156317
03-02 00:57:29.140 17121 17389 D HWUI    : CacheManager::trimMemory(20)
03-02 00:57:29.141  1445 18689 W C2MtkBufferManager: [0xB4000070F68A8D20] fetchNewCcBlock: wait fence 0x0xb4000070f692fcb0 timed out. ret 110
03-02 00:57:29.142  1439 16888 D AudioALSAHardware: +setParameters(): audioHDR=0
03-02 00:57:29.142  1439 16888 D AudioALSAHardware: -setParameters(): audioHDR=0
03-02 00:57:29.142  1439 16888 E AHAL_Module: setVendorParameters: default: unrecognized parameter "audioHDR=0"
03-02 00:57:29.142  1484  3507 E ConversionHelperAidl: Function: parseAndSetVendorParameters Line: 94 Failed
03-02 00:57:29.143  1509  1509 D Audio_ParameterParser: parseVendorParameters: scope: MODULE, keys/values: audioHDR=0
03-02 00:57:29.144  1509  1509 D Audio_ParameterParser: parseVendorParameters: scope: MODULE, keys/values: audioHDR=0
03-02 00:57:29.144  1439 16890 D AHAL_ModuleBluetooth: setVendorParameters unrecognized parameter: audioHDR=0
03-02 00:57:29.144  1484  1921 I SoundAlive_SRC384 arch64: ~SoundAlive_SRC384(): instance 6726
03-02 00:57:29.145  1439 16890 D MTKAdapterStreamLayer: updateMetadataCommon(),
03-02 00:57:29.146  1484  1921 I SoundAlive_SRC384 arch64: SoundAlive_SRC384() ID = 6727 GID = 6728
03-02 00:57:29.146  1484  1921 I SoundAlive_SRC384 arch64: SoundAlive_SRC384: Instance 6727 Init(outFs 7, InFs 7, chnum 0, outBW 0, inBW 0)
03-02 00:57:29.146  1484  1921 I Samsung_SoundAlive_SRC arch64: SRC384 version Samsung SoundAlive SRC ver320 arch64  2021.08.04 (Cppref for ARM64, ver.300.c 32bit 07_10_2016 based)
03-02 00:57:29.146  1484  1921 D SoundAliveResampler: [SoundAliveResampler] Init+++
03-02 00:57:29.146  1484  1921 I SoundAlive_SRC384 arch64: SoundAlive_SRC384: Instance 6727 Init(outFs 8, InFs 7, chnum 2, outBW 3, inBW 3)
03-02 00:57:29.146  1484  1921 I Samsung_SoundAlive_SRC arch64: SRC384 version Samsung SoundAlive SRC ver320 arch64  2021.08.04 (Cppref for ARM64, ver.300.c 32bit 07_10_2016 based)
03-02 00:57:29.146  2013  3566 D InputDispatcher: Focus entered window (0): cd2d6b5 com.zhiliaoapp.musically/com.ss.android.ugc.aweme.splash.SplashActivity
03-02 00:57:29.146 14885 14885 D VRI[SplashActivity]@35f4eb8: mThreadedRenderer.initializeIfNeeded()#2 mSurface={isValid=true 0x744ffebc00}
03-02 00:57:29.147  1445  2902 W C2MtkBufferManager: [0xB4000070F507E520] fetchNewCcBlock: wait fence 0x0xb4000070f5058270 timed out. ret 110
03-02 00:57:29.147 14885 14885 I System.out: SAFActivity V Scene Framework: NavigationSceneManager onWindowFocusChanged true
03-02 00:57:29.147 14885 14885 I System.out: SAFFragmentRootScene: onWindowFocusChanged: com.ss.android.ugc.aweme.main.MainRootFragment, MainRootFragment{e89d275} (8a90a2f7-f51b-4f8d-88b5-38e0125851ad tag=root_fragment), true (SAFFragmentRootScene{79e191c})
03-02 00:57:29.147  1484  1921 I SoundBooster_Interface2000_a64: [AE_LOG] Exe() mMode : 1,  n : 2048    VolumeIndexFloat : -39.735046 mSamplingRate : 48000
03-02 00:57:29.147 14885 14885 D InputMethodManagerUtils: startInputInner - Id : 0
03-02 00:57:29.148 14885 14885 I InputMethodManager: startInputInner - IInputMethodManagerGlobalInvoker.startInputOrWindowGainedFocus
03-02 00:57:29.149  1507  1507 E SurfaceFlinger: alpha changed 0.000 -> 0.180 - DimTransitionLayer for Surface(name=Task=44883)/@0x6361d5e#156336
03-02 00:57:29.151  1484  1921 I SoundAlive_Interface_a64: [ 0 ][ 48000 ]FlushBuffers()
03-02 00:57:29.151  1484  1921 I SoundAlive_Interface_a64: [dB = -39.735046 ]
03-02 00:57:29.153  1439  1902 W audio_sw_mixer: sw_mixer_mix_fp_direct_write(-),   MIXER_PLAYBACK  , path T_DEEP=>T_PRIMARY   , size_out 16384, rb     0, latency/total: 42.666/62.621 (61.309+0.002+1.310) ms
03-02 00:57:29.154  1507  1825 I SurfaceFlinger: Capture layer list: 	 com.zhiliaoapp.musically/com.ss.android.ugc.aweme.splash.SplashActivity$_14885#156322(seamlessTransition:0)
03-02 00:57:29.154  1507  1825 I SurfaceFlinger: Capture layer list: 	 DimTransitionLayer for Surface(name=Task=44883)/@0x6361d5e#156336(seamlessTransition:0)
03-02 00:57:29.154  1507  1825 I SurfaceFlinger: Capture layer list: 	 com.podcast.app.debug.test/androidx.test.core.app.InstrumentationActivityInvoker$EmptyActivity$_17532#156314(seamlessTransition:0)
03-02 00:57:29.154  1507  1825 I SurfaceFlinger: Capture layer list: 	 Splash Screen com.podcast.app.debug.test$_2746#156312(seamlessTransition:0)
03-02 00:57:29.159  1507  1562 I SurfaceFlinger: id=156337 createSurf, flag=24000, Surface(name=d9a5553 com.podcast.app.debug.test/androidx.test.core.app.InstrumentationActivityInvoker$EmptyActivity)/@0xf990b8b - animation-leash of starting_reveal#156337
03-02 00:57:29.160  2746  2798 D ShellTaskOrganizer: removeStartingWindow, removalInfo=StartingWindowRemovalInfo{taskId=44883 frame=Rect(0, 0 - 1080, 2340) playRevealAnimation=true roundedCornerRadius=0.0 deferRemoveMode=0 windowlessSurface=false removeImmediately=false}
03-02 00:57:29.160  1507  1507 I SurfaceFlinger: [Surface(name=d9a5553 com.podcast.app.debug.test/androidx.test.core.app.InstrumentationActivityInvoker$EmptyActivity)/@0xf990b8b - animation-leash of starting_reveal#156337] attach to parent LayerHierarchy{RequestedLayerState{ActivityRecord{194453875 u0 com.podcast.app.debug.test/androidx.test.core.app.InstrumentationActivityInvoker$EmptyActivity t44883}#156310 parentId=156309} 4 children}
03-02 00:57:29.161  2013  3645 W system_server: Large reply transaction of 322012 bytes, interface descriptor android.app.IActivityTaskManager, code 26
03-02 00:57:29.163  2013  4835 I WindowManager: Relayout Window{f226221 u0 com.podcast.app.debug/androidx.activity.ComponentActivity}: viewVisibility=8 req=1080x2340 ty=1 d0
03-02 00:57:29.169  2013  4835 I WindowManager: Relayout hash=f226221, pid=17121, syncId=-1: mAttrs={(0,0)(fillxfill) sim={adjust=pan forwardNavigation} layoutInDisplayCutoutMode=always ty=BASE_APPLICATION wanim=0x1030317
03-02 00:57:29.169  2013  4835 I WindowManager:   fl=81810100
03-02 00:57:29.169  2013  4835 I WindowManager:   pfl=100088c0
03-02 00:57:29.169  2013  4835 I WindowManager:   bhv=1
03-02 00:57:29.169  2013  4835 I WindowManager:   fitSides=0
03-02 00:57:29.169  2013  4835 I WindowManager:   frameRateBoostOnTouch=true
03-02 00:57:29.169  2013  4835 I WindowManager:   dvrrWindowFrameRateHint=true naviIconColor=0}
03-02 00:57:29.169  2013  2065 D PkgPredictorService-SecIpmManagerServiceImpl: bg information pid:17121 uid:10685 pkgName:com.podcast.app.debug
03-02 00:57:29.169  2013  2322 I ImeTracker: com.zhiliaoapp.musically:66d4059d: onRequestHide at ORIGIN_SERVER reason HIDE_UNSPECIFIED_WINDOW fromUser false
03-02 00:57:29.171  1507  1507 I SurfaceFlinger: [LayerHierarchy{RequestedLayerState{d9a5553 com.podcast.app.debug.test/androidx.test.core.app.InstrumentationActivityInvoker$EmptyActivity#156313 parentId=156337} 1 children}] reparent to LayerHierarchy{RequestedLayerState{Surface(name=d9a5553 com.podcast.app.debug.test/androidx.test.core.app.InstrumentationActivityInvoker$EmptyActivity)/@0xf990b8b - animation-leash of starting_reveal#156337 parentId=156310} 1 children}
03-02 00:57:29.173 17121 17121 I BLASTBufferQueue: [VRI[ComponentActivity]@e0ce584#22](f:0,a:1,s:0) destructor()
03-02 00:57:29.173 17121 17121 D BufferQueueConsumer: [VRI[ComponentActivity]@e0ce584#22(BLAST Consumer)22](id:42e100000016,api:0,p:-1,c:17121) disconnect
03-02 00:57:29.174  2746  2866 I VRI[test]@8a08c8b: mWNT: t=0xb4000076d39e0080 mBlastBufferQueue=0xb40000767226cc00 fn= 2 HdrRenderState mRenderHdrSdrRatio=1.0 caller= android.view.SyncRtSurfaceTransactionApplier.applyTransaction:100 android.view.SyncRtSurfaceTransactionApplier.lambda$scheduleApply$0:73 android.view.SyncRtSurfaceTransactionApplier.$r8$lambda$afI4fXg3U3-nBZQEDQMiNy-B06s:0
03-02 00:57:29.174  2746  2866 I VRI[test]@8a08c8b: mWNT: t=0xb4000076d39e0380 mBlastBufferQueue=0xb40000767226cc00 fn= 2 HdrRenderState mRenderHdrSdrRatio=1.0 caller= android.view.SyncRtSurfaceTransactionApplier.applyTransaction:100 android.view.SyncRtSurfaceTransactionApplier.lambda$scheduleApply$0:73 android.view.SyncRtSurfaceTransactionApplier.$r8$lambda$afI4fXg3U3-nBZQEDQMiNy-B06s:0
03-02 00:57:29.175 17121 17121 I VRI[ComponentActivity]@e0ce584: Relayout returned: old=(0,0,1080,2340) new=(0,0,1080,2340) relayoutAsync=false req=(1080,2340)8 dur=28 res=0x2 s={false 0x0} ch=true seqId=0
03-02 00:57:29.176 17121 17121 D VRI[ComponentActivity]@e0ce584: Not drawing due to not visible. Reason=!mAppVisible && !mForceDecorViewVisibility
03-02 00:57:29.177 14885 14885 I InputMethodManager: handleMessage: setImeVisibility visible=false
03-02 00:57:29.177 14885 14885 D InsetsController: hide(ime(), fromIme=false)
03-02 00:57:29.177 14885 14885 I ImeTracker: com.zhiliaoapp.musically:66d4059d: onCancelled at PHASE_CLIENT_ALREADY_HIDDEN
03-02 00:57:29.178  1507  1507 D SurfaceFlinger: Display 4627039422300187648 HWC layers:
03-02 00:57:29.178  1507  1507 D SurfaceFlinger:   SOLID_COLOR |                        0 | 00000002 | N/A          |    0.0    0.0    0.0    0.0 |    0    0   -1   -1 | Background for 68eb87 SurfaceView[co[...]weme.splash.SplashActivity]@0#156328 (0)
03-02 00:57:29.178  1507  1507 D SurfaceFlinger:   SOLID_COLOR |                        0 | 00000002 | N/A          |    0.0    0.0    0.0    0.0 |    0   80  756 2000 | Background for 7086fb SurfaceView[co[...]weme.splash.SplashActivity]@0#156331 (0)
03-02 00:57:29.178  1507  1507 D SurfaceFlinger:   SOLID_COLOR |                        0 | 00000002 | N/A          |    0.0    0.0    0.0    0.0 |    0    0   -1   -1 | Background for 836459b SurfaceView[c[...]weme.splash.SplashActivity]@0#156334 (0)
03-02 00:57:29.178  1507  1507 D SurfaceFlinger:        DEVICE |           63930588202193 | 00002100 | RGBA_8888    |  324.0    0.0 1080.0 2340.0 |    0    0  756 2340 | com.zhiliaoapp.musically/com.ss.andr[...].splash.SplashActivity$_14885#156322 (3)
03-02 00:57:29.178  1507  1507 D SurfaceFlinger:   SOLID_COLOR |                        0 | 00000000 | N/A          |    0.0    0.0    0.0    0.0 |    0    0 1080 2340 | DimTransitionLayer for Surface(name=Task=44883)/@0
03-02 00:57:29.178  1507  1507 D SurfaceFlinger: x6361d5e#156336 (0)
03-02 00:57:29.178  1507  1507 D SurfaceFlinger:        DEVICE |           75299366633560 | 00002102 | RGBA_8888    |    0.0    0.0 1037.0 2340.0 |   43    0 1080 2340 | com.podcast.app.debug.test/androidx.[...]yInvoker$EmptyActivity$_17532#156314 (1)
03-02 00:57:29.178  1507  1507 D SurfaceFlinger:        DEVICE |           11793980283613 | 00002100 | RGBA_8888    |    0.0    0.0 1037.0 2340.0 |   43    0 1080 2340 | Splash Screen com.podcast.app.debug.test$_2746#156312 (1)
03-02 00:57:29.178  1507  1507 D SurfaceFlinger:        DEVICE |           11793980281879 | 00002100 | RGBA_8888    |    0.0    0.0 1080.0   80.0 |    0    0 1080   80 | StatusBar$_2746#117 (211105)
