03-02 00:57:17.654  1507  1562 I SurfaceFlinger: Capture layer list: 	 7086fb SurfaceView[com.zhiliaoapp.musically/com.ss.android.ugc.aweme.splash.SplashActivity]@0(BLAST)#155950(seamlessTransition:0)
03-02 00:57:17.654  1507  1562 I SurfaceFlinger: Capture layer list: 	 com.zhiliaoapp.musically/com.ss.android.ugc.aweme.splash.SplashActivity$_14885#155933(seamlessTransition:0)
03-02 00:57:17.654  1507  1562 I SurfaceFlinger: Capture layer list: 	 DimTransitionLayer for Surface(name=Task=44868)/@0x1bc5d9#155965(seamlessTransition:0)
03-02 00:57:17.654  1507  1562 I SurfaceFlinger: Capture layer list: 	 com.podcast.app.debug/androidx.activity.ComponentActivity$_17121#155962(seamlessTransition:0)
03-02 00:57:17.654  1507  1562 I SurfaceFlinger: Capture layer list: 	 StatusBar$_2746#117(seamlessTransition:0)
03-02 00:57:17.654  1507  1562 I SurfaceFlinger: Capture layer list: 	 com.sec.android.app.launcher/com.samsung.app.honeyspace.edge.edgepanel.app.CocktailBarService$_3202#152779(seamlessTransition:0)
03-02 00:57:17.654  1507  1562 I SurfaceFlinger: Capture layer list: 	 NavigationBar0$_2746#113(seamlessTransition:0)
03-02 00:57:17.659 18166 18407 I Finsky:background: [4055] playLoggingServerUrl: https://play.googleapis.com/play/log
03-02 00:57:17.659 18166 18407 I Finsky:background: [4055] playLoggingServerTimestampUrl: https://play.googleapis.com/play/log/timestamp
03-02 00:57:17.660  1445  2902 W C2MtkBufferManager: [0xB4000070F507E520] fetchNewCcBlock: wait fence 0x0xb4000070f5058270 timed out. ret 110
03-02 00:57:17.663  1507  1507 I SurfaceFlinger: RequestedLayer [VolumePanelWindow$_2746#155973] hidden!! flag  from(1) --> to(0)
03-02 00:57:17.663  2991  3004 I LocationAccessPolicy: checkLocationPermission - callingUid: 10492, callingPid: 14636, result: DENIED_SOFT
03-02 00:57:17.663  2991  3004 I LocationAccessPolicy: checkLocationPermission - callingUid: 10492, callingPid: 14636, result: DENIED_SOFT
03-02 00:57:17.665  2746  2746 D View    : semSetBlurInfo, blurInfo : android.view.SemBlurInfo@aa6456a {BLUR_MODE_WINDOW_CAPTURED, mBlurRadius = 300, mCapturedBitmap = android.graphics.Bitmap@7635755, mColorCurve = android.view.SemBlurInfo$ColorCurve@bee0a5b {minX = 5.0, minY = 17.8, maxX = 235.0, maxY = 247.3, curveBias = 12.0, saturation = 0.3}}, android.widget.ImageView{8e452f8 V.ED..... ......ID 52,52-170,643 #7f0a0f38 app:id/volume_panel_blur}
03-02 00:57:17.665  2746  2746 D RenderEffectImageFilter: Use RenderEffectImageFilter
03-02 00:57:17.670  1507  1507 D SurfaceFlinger: Display 4627039422300187648 HWC layers:
03-02 00:57:17.670  1507  1507 D SurfaceFlinger:   SOLID_COLOR |                        0 | 00000002 | N/A          |    0.0    0.0    0.0    0.0 |    0    0   -1   -1 | Background for 68eb87 SurfaceView[co[...]weme.splash.SplashActivity]@0#155939 (0)
03-02 00:57:17.670  1507  1507 D SurfaceFlinger:   SOLID_COLOR |                        0 | 00000002 | N/A          |    0.0    0.0    0.0    0.0 |    0    0   -1   -1 | Background for 836459b SurfaceView[c[...]weme.splash.SplashActivity]@0#155945 (0)
03-02 00:57:17.670  1507  1507 D SurfaceFlinger:   SOLID_COLOR |                        0 | 00000002 | N/A          |    0.0    0.0    0.0    0.0 |    0    0   -1   -1 | Background for 7086fb SurfaceView[co[...]weme.splash.SplashActivity]@0#155951 (0)
03-02 00:57:17.670  1507  1507 D SurfaceFlinger:        CLIENT |           63930588201985 | 00000102 | 0x32315659   |  215.0    0.0  720.0 1280.0 |    0   80  758 2000 | 7086fb SurfaceView[com.zhiliaoapp.mu[...]lash.SplashActivity]@0(BLAST)#155950 (2)
03-02 00:57:17.670  1507  1507 D SurfaceFlinger:        CLIENT |           63930588201978 | 00002100 | RGBA_8888    |  322.0    0.0 1080.0 2340.0 |    0    0 1080 2340 | com.zhiliaoapp.musically/com.ss.andr[...].splash.S
03-02 00:57:17.670  1507  1507 D SurfaceFlinger: plashActivity$_14885#155933 (7)
03-02 00:57:17.670  1507  1507 D SurfaceFlinger:   SOLID_COLOR |                        0 | 00000000 | N/A          |    0.0    0.0    0.0    0.0 |    0    0 1080 2340 | DimTransitionLayer for Surface(name=Task=44868)/@0x1bc5d9#155965 (0)
03-02 00:57:17.670  1507  1507 D SurfaceFlinger:        DEVICE |           73534135074877 | 00002102 | RGBA_8888    |    0.0    0.0 1030.0 2340.0 |   50    0 1080 2340 | com.podcast.app.debug/androidx.activity.ComponentActivity$_17121#155962 (1)
03-02 00:57:17.670  1507  1507 D SurfaceFlinger:        DEVICE |           11793980281879 | 00002100 | RGBA_8888    |    0.0    0.0 1080.0   80.0 |    0    0 1080   80 | StatusBar$_2746#117 (211013)
03-02 00:57:17.670  1507  1507 D SurfaceFlinger:        DEVICE |           13752485304097 | 00002100 | RGBA_8888    |    0.0    0.0   67.0  346.0 | 1013  454 1080  800 | com.sec.android.app.launcher/com.sam[...].app.CocktailBarService$_3202#152779 (1)
03-02 00:57:17.670  1507  1507 D SurfaceFlinger:        DEVICE |           11793980283456 | 00002100 | RGBA_8888    |    0.0    0.0  229.0  724.0 |  851  551 1080 1275 | VolumePanelWindow$_2746#155973 (1)
03-02 00:57:17.670  1507  1507 D SurfaceFlinger:        DEVICE |           11793980281868 | 00002100 | RGBA_8888    |    0.0    0.0 1080.0  135.
03-02 00:57:17.670  1507  1507 D SurfaceFlinger: 0 |    0 2205 1080 2340 | NavigationBar0$_2746#113 (187683)
03-02 00:57:17.670  1507  1507 D SurfaceFlinger:
03-02 00:57:17.692  1507  1825 I SurfaceFlinger: Capture layer list: 	 com.zhiliaoapp.musically/com.ss.android.ugc.aweme.splash.SplashActivity$_14885#155933(seamlessTransition:0)
03-02 00:57:17.692  1507  1825 I SurfaceFlinger: Capture layer list: 	 DimTransitionLayer for Surface(name=Task=44868)/@0x1bc5d9#155965(seamlessTransition:0)
03-02 00:57:17.692  1507  1825 I SurfaceFlinger: Capture layer list: 	 com.podcast.app.debug/androidx.activity.ComponentActivity$_17121#155962(seamlessTransition:0)
03-02 00:57:17.698  1484  9961 D AudioFlinger: setParameters: filtered dev setParameters keyvalue audioHDR=0
03-02 00:57:17.698  1509  1509 D Audio_ParameterParser: parseVendorParameters: scope: MODULE, keys/values: audioHDR=0
03-02 00:57:17.698  1439 16890 D AudioALSAHardware: +setParameters(): audioHDR=0
03-02 00:57:17.699  1439 16890 D AudioALSAHardware: -setParameters(): audioHDR=0
03-02 00:57:17.699  1439 16890 E AHAL_Module: setVendorParameters: default: unrecognized parameter "audioHDR=0"
03-02 00:57:17.699  1484  9961 E ConversionHelperAidl: Function: parseAndSetVendorParameters Line: 94 Failed
03-02 00:57:17.700  1509  1509 D Audio_ParameterParser: parseVendorParameters: scope: MODULE, keys/values: audioHDR=0
03-02 00:57:17.701  1509  1509 D Audio_ParameterParser: parseVendorParameters: scope: MODULE, keys/values: audioHDR=0
03-02 00:57:17.701  1439 16890 D AHAL_ModuleBluetooth: setVendorParameters unrecognized parameter: audioHDR=0
03-02 00:57:17.713  5235  5235 I InputMethodService: removeImeSurface
03-02 00:57:17.713  5235  5235 I InputMethodService: cancelImeSurfaceRemoval: removeCallbacks
03-02 00:57:17.722  1450 18397 I mtkpower_client: perf_lock_rel, hdl:76477, pid: 1450, tid:18397
03-02 00:57:17.723  1450 18397 I mtkpower_client: perf_lock_acq, hdl:0, dur:0, num:2, pid:1450, tid:18397
03-02 00:57:17.723  1464  1529 I libPowerHal: [perfLockRel] hdl:76477, idx:8
03-02 00:57:17.724  1464  1529 I libPowerHal: [set_cpuidle] enable:1, fd:17, scn:0xb40000737b61a740
03-02 00:57:17.724  1464  1529 I libPowerHal: [PD] vendor.samsung. update cmd:1c3c100 param:1 pr:6
03-02 00:57:17.725  1464  1529 I libPowerHal: [perfLockRel] Done for hdl : 76477
03-02 00:57:17.726  1450 18397 I mtkpower_client: ret_hdl:76481
03-02 00:57:17.726  1450 18397 I mtkpower_client: perf_lock_rel, hdl:76479, pid: 1450, tid:18397
03-02 00:57:17.726  1464  1529 I libPowerHal: [perfLockAcq] idx:5 hdl:76481 hint:-1 pid:1450 tid:18397 duration:0 lock_user:vendor.samsung. => ret_hdl:76481
03-02 00:57:17.726  1464  1529 I libPowerHal: [set_cpuidle] enable:0, fd:17, scn:0xb40000737b610cd8
03-02 00:57:17.726  1464  1529 I libPowerHal: [get_cpu_dma_latency_value] 0
03-02 00:57:17.726  1464  1529 I libPowerHal: [PE] vendor.samsung. update cmd:1c3c100 param:0 pr:3
03-02 00:57:17.726  1464  1529 I libPowerHal: [perfLockAcq] Done for hdl : 76481
03-02 00:57:17.727  1450 18397 I mtkpower_client: perf_lock_acq, hdl:0, dur:0, num:2, pid:1450, tid:18397
03-02 00:57:17.727  1464  1529 I libPowerHal: [perfLockRel] hdl:76479, idx:7
03-02 00:57:17.728  1464  1529 I libPowerHal: [PD] vendor.samsung. update cmd:1000000 param:-1 pr:6
03-02 00:57:17.728  1464  1529 I libPowerHal: [perfLockRel] Done for hdl : 76479
03-02 00:57:17.729  1450 18397 I mtkpower_client: ret_hdl:76482
03-02 00:57:17.729  1464  1529 I libPowerHal: [perfLockAcq] idx:8 hdl:76482 hint:-1 pid:1450 tid:18397 duration:0 lock_user:vendor.samsung. => ret_hdl:76482
03-02 00:57:17.729  1450 18397 I HYPER-HAL: [RequestManager.cpp]releaseLocked(): Released ID : 2063514
03-02 00:57:17.733  1445  2902 W C2MtkBufferManager: [0xB4000070F507E520] fetchNewCcBlock: wait fence 0x0xb4000070f5058270 timed out. ret 110
03-02 00:57:17.734  1464  1529 I libPowerHal: [setDvfsrcDevFreqOpp] opp:0, freq:4266000000
03-02 00:57:17.734  1464  1529 I libPowerHal: [PE] vendor.samsung. update cmd:1000000 param:0 pr:3
03-02 00:57:17.734  1464  1529 I libPowerHal: [perfLockAcq] Done for hdl : 76482
03-02 00:57:17.751  2013  6778 D SemWifiUsabilityStatsMonitor: onWifiUsabilityStats - seqNum 30957, isSameBssidAndFreq true
03-02 00:57:17.754  2013  2656 I SemWifiLinkQualityMonitor: Link stat: 0 / 0 / 1.00 (63) / 58 / -81.0 || 100.0 : 58.00 / B (B) || 63618b082412: 0.241 / 33.224 / D || N N / 0 0 / Y 2.0 / Y X 0 / 491116754 0 || Invalid
03-02 00:57:17.793  1507  1825 I SurfaceFlinger: Capture layer list: 	 com.zhiliaoapp.musically/com.ss.android.ugc.aweme.splash.SplashActivity$_14885#155933(seamlessTransition:0)
03-02 00:57:17.793  1507  1825 I SurfaceFlinger: Capture layer list: 	 DimTransitionLayer for Surface(name=Task=44868)/@0x1bc5d9#155965(seamlessTransition:0)
03-02 00:57:17.793  1507  1825 I SurfaceFlinger: Capture layer list: 	 com.podcast.app.debug/androidx.activity.ComponentActivity$_17121#155962(seamlessTransition:0)
03-02 00:57:17.806  1445  2902 W C2MtkBufferManager: [0xB4000070F507E520] fetchNewCcBlock: wait fence 0x0xb4000070f5058270 timed out. ret 110
03-02 00:57:17.810  2746  2746 D SecVolume.VolumePanelStore: dispatch [ACTION_VOLUME_ICON_ANIMATION_FINISHED with [STATE_CAPTION_COMPONENT_CHANGED], currentAction={iconTargetState : 1, stream : 3, iconCurrentState : 1}, currentState={activeStream=3(vol=320), stream=3(vol=320) } isPendingState : true, isShowing : true, isHasVibrator : true, isVoiceCapable : true, isSetupWizardComplete : true, isCaptionComponentEnabled : true, isMediaDefaultEnabled : true, ringerModeInternal : 2, timeOutControlsText : 0, cutoutHeight : 0, iconTargetState : 2, pinDevice : 0, activeStream : 3, iconCurrentState : 2, timeOutControls : 0, timeOut : 3000, stream : 3, earProtectLevel : 909, systemTimeNow : 491116539}
03-02 00:57:17.810  2746  2746 D SecVolume.VolumePanelStore:   > New State : [STATE_SET_VOLUME_STATE]
03-02 00:57:17.827  2746  2755 I ndroid.systemui: NativeAlloc concurrent mark compact GC freed 29MB AllocSpace bytes, 13(260KB) LOS objects, 40% free, 69MB/117MB, paused 931us,3.119ms total 367.024ms
03-02 00:57:17.827  1507  1562 I SurfaceFlinger: onHandleDestroyed: layerId=155524, name=Task=44850#155524
03-02 00:57:17.827  1507  1562 I SurfaceFlinger: id=155524 Removed Task=44850#155524 (352)
03-02 00:57:17.827  1507  2128 I SurfaceFlinger: onHandleDestroyed: layerId=155583, name=Surface(name=568d3f2 com.podcast.app.debug/androidx.activity.ComponentActivity)/@0x7e8169b - animation-leash of starting_reveal#155583
03-02 00:57:17.827  1507  1562 I SurfaceFlinger: onHandleDestroyed: layerId=155541, name=Task=44851#155541
03-02 00:57:17.827  1507  2128 I SurfaceFlinger: id=155583 Removed Surface(name=568d3f2 com.podcast.app.debug/androidx.activity.ComponentActivity)/@0x7e8169b - animation-leash of starting_reveal#155583 (352)
03-02 00:57:17.828  1507  1562 I SurfaceFlinger: id=155541 Removed Task=44851#155541 (352)
03-02 00:57:17.828  1507  1562 I SurfaceFlinger: onHandleDestroyed: layerId=155586, name=Task=44853#155586
03-02 00:57:17.828  1507  2393 I SurfaceFlinger: onHandleDestroyed: layerId=155616, name=Task=44854#155616
03-02 00:57:17.828  1507  2393 I SurfaceFlinger: id=155616 Removed Task=44854#155616 (352)
03-02 00:57:17.828  1507  1562 I SurfaceFlinger: id=155586 Removed Task=44853#155586 (352)
03-02 00:57:17.828  1507  1563 I SurfaceFlinger: onHandleDestroyed: layerId=155572, name=Task=44852#155572
03-02 00:57:17.828  1507  1563 I SurfaceFlinger: id=155572 Removed Task=44852#155572 (352)
03-02 00:57:17.828  1507  2393 I SurfaceFlinger: onHandleDestroyed: layerId=155631, name=Task=44855#155631
03-02 00:57:17.829  1507  1562 I SurfaceFlinger: onHandleDestroyed: layerId=155681, name=Task=44857#155681
03-02 00:57:17.829  1507  1562 I SurfaceFlinger: id=155681 Removed Task=44857#155681 (352)
03-02 00:57:17.829  1507  2393 I SurfaceFlinger: id=155631 Removed Task=44855#155631 (352)
03-02 00:57:17.829  1507  1562 I SurfaceFlinger: onHandleDestroyed: layerId=155755, name=Surface(name=a821ab9 com.podcast.app.debug.test/androidx.test.core.app.InstrumentationActivityInvoker$EmptyActivity)/@0x845193b - animation-leash of starting_reveal#155755
03-02 00:57:17.829  1507  1562 I SurfaceFlinger: id=155755 Removed Surface(name=a821ab9 com.podcast.app.debug.test/androidx.test.core.app.InstrumentationActivityInvoker$EmptyActivity)/@0x845193b - animation-leash of starting_reveal#155755 (352)
03-02 00:57:17.829  1507  1563 I SurfaceFlinger: onHandleDestroyed: layerId=155667, name=Task=44856#155667
03-02 00:57:17.829  1507  1563 I SurfaceFlinger: id=155667 Removed Task=44856#155667 (352)
03-02 00:57:17.829  1507  2393 I SurfaceFlinger: onHandleDestroyed: layerId=155770, name=Surface(name=f0a4a8a com.podcast.app.debug/androidx.activity.ComponentActivity)/@0x6b1dd90 - animation-leash of starting_reveal#155770
03-02 00:57:17.829  1507  2393 I SurfaceFlinger: id=155770 Removed Surface(name=f0a4a8a com.podcast.app.debug/androidx.activity.ComponentActivity)/@0x6b1dd90 - animation-leash of starting_reveal#155770 (352)
03-02 00:57:17.829  1507  1507 I SurfaceFlinger: destroyed Task=44857#155681
03-02 00:57:17.830  1507  1507 I SurfaceFlinger: destroyed Surface(name=f0a4a8a com.podcast.app.debug/androidx.activity.ComponentActivity)/@0x6b1dd90 - animation-leash of starting_reveal#155770
03-02 00:57:17.830  1507  1507 I SurfaceFlinger: destroyed Task=44856#155667
03-02 00:57:17.830  1507  1507 I SurfaceFlinger: destroyed Task=44850#155524
03-02 00:57:17.830  1507  1507 I SurfaceFlinger: destroyed Task=44852#155572
03-02 00:57:17.830  1507  1507 I SurfaceFlinger: destroyed Surface(name=a821ab9 com.podcast.app.debug.test/androidx.test.core.app.InstrumentationActivityInvoker$EmptyActivity)/@0x845193b - animation-leash of starting_reveal#155755
03-02 00:57:17.830  1507  1507 I SurfaceFlinger: destroyed Task=44854#155616
03-02 00:57:17.830  1507  1507 I SurfaceFlinger: destroyed Task=44855#155631
03-02 00:57:17.830  1507  1507 I SurfaceFlinger: destroyed Task=44851#155541
03-02 00:57:17.830  1507  1507 I SurfaceFlinger: destroyed Task=44853#155586
03-02 00:57:17.830  1507  1507 I SurfaceFlinger: destroyed Surface(name=568d3f2 com.podcast.app.debug/androidx.activity.ComponentActivity)/@0x7e8169b - animation-leash of starting_reveal#155583
03-02 00:57:17.831  1507  1507 I Layer   : id=155770 Destroyed Surface(name=f0a4a8a com.podcast.app.debug/androidx.activity.ComponentActivity)/@0x6b1dd90 - animation-leash of starting_reveal#155770
03-02 00:57:17.831  1507  1507 I Layer   : id=155631 Destroyed Task=44855#155631
03-02 00:57:17.831  1507  1507 I Layer   : id=155667 Destroyed Task=44856#155667
03-02 00:57:17.831  1507  1507 I Layer   : id=155755 Destroyed Surface(name=a821ab9 com.podcast.app.debug.test/androidx.test.core.app.InstrumentationActivityInvoker$EmptyActivity)/@0x845193b - animation-leash of starting_reveal#155755
03-02 00:57:17.831  1507  1507 I Layer   : id=155681 Destroyed Task=44857#155681
03-02 00:57:17.831  1507  1507 I Layer   : id=155572 Destroyed Task=44852#155572
03-02 00:57:17.831  1507  1507 I Layer   : id=155586 Destroyed Task=44853#155586
03-02 00:57:17.831  1507  1507 I Layer   : id=155616 Destroyed Task=44854#155616
03-02 00:57:17.831  1507  1507 I Layer   : id=155541 Destroyed Task=44851#155541
03-02 00:57:17.831  1507  1507 I Layer   : id=155583 Destroyed Surface(name=568d3f2 com.podcast.app.debug/androidx.activity.ComponentActivity)/@0x7e8169b - animation-leash of starting_reveal#155583
03-02 00:57:17.831  1507  1507 I Layer   : id=155524 Destroyed Task=44850#155524
03-02 00:57:17.833  1507  2393 I SurfaceFlinger: onHandleDestroyed: layerId=155785, name=Surface(name=9160c03 com.podcast.app.debug.test/androidx.test.core.app.InstrumentationActivityInvoker$EmptyActivity)/@0x8a72ad6 - animation-leash of starting_reveal#155785
03-02 00:57:17.833  1507  2393 I SurfaceFlinger: id=155785 Removed Surface(name=9160c03 com.podcast.app.debug.test/androidx.test.core.app.InstrumentationActivityInvoker$EmptyActivity)/@0x8a72ad6 - animation-leash of starting_reveal#155785 (341)
03-02 00:57:17.836  1507  2393 I SurfaceFlinger: onHandleDestroyed: layerId=155820, name=Surface(name=27daa3d com.podcast.app.debug/androidx.activity.ComponentActivity)/@0x5b4fa30 - animation-leash of starting_reveal#155820
03-02 00:57:17.837  1507  2393 I SurfaceFlinger: id=155820 Removed Surface(name=27daa3d com.podcast.app.debug/androidx.activity.ComponentActivity)/@0x5b4fa30 - animation-leash of starting_reveal#155820 (341)
03-02 00:57:17.838  1507  2393 I SurfaceFlinger: onHandleDestroyed: layerId=155869, name=Surface(name=34932b3 com.podcast.app.debug/androidx.activity.ComponentActivity)/@0xe7ecf1b - animation-leash of starting_reveal#155869
03-02 00:57:17.838  1507  2393 I SurfaceFlinger: id=155869 Removed Surface(name=34932b3 com.podcast.app.debug/androidx.activity.ComponentActivity)/@0xe7ecf1b - animation-leash of starting_reveal#155869 (341)
03-02 00:57:17.838  1507  2393 I SurfaceFlinger: onHandleDestroyed: layerId=155884, name=Surface(name=a9efcb6 com.podcast.app.debug.test/androidx.test.core.app.InstrumentationActivityInvoker$EmptyActivity)/@0xd7dc9ee - animation-leash of starting_reveal#155884
03-02 00:57:17.838  1507  2393 I SurfaceFlinger: id=155884 Removed Surface(name=a9efcb6 com.podcast.app.debug.test/androidx.test.core.app.InstrumentationActivityInvoker$EmptyActivity)/@0xd7dc9ee - animation-leash of starting_reveal#155884 (341)
03-02 00:57:17.839  1507  2393 I SurfaceFlinger: onHandleDestroyed: layerId=155915, name=Surface(name=9a51a27 com.podcast.app.debug/androidx.activity.ComponentActivity)/@0x7c828a5 - animation-leash of starting_reveal#155915
03-02 00:57:17.839  1507  2393 I SurfaceFlinger: id=155915 Removed Surface(name=9a51a27 com.podcast.app.debug/androidx.activity.ComponentActivity)/@0x7c828a5 - animation-leash of starting_reveal#155915 (341)
03-02 00:57:17.840  1507  2393 I SurfaceFlinger: onHandleDestroyed: layerId=155948, name=Surface(name=33f0ddb com.podcast.app.debug.test/androidx.test.core.app.InstrumentationActivityInvoker$EmptyActivity)/@0xb9c5714 - animation-leash of starting_reveal#155948
03-02 00:57:17.840  1507  2393 I SurfaceFlinger: id=155948 Removed Surface(name=33f0ddb com.podcast.app.debug.test/androidx.test.core.app.InstrumentationActivityInvoker$EmptyActivity)/@0xb9c5714 - animation-leash of starting_reveal#155948 (341)
03-02 00:57:17.841  1507  1507 I SurfaceFlinger: destroyed Surface(name=34932b3 com.podcast.app.debug/androidx.activity.ComponentActivity)/@0xe7ecf1b - animation-leash of starting_reveal#155869
03-02 00:57:17.841  1507  1507 I SurfaceFlinger: destroyed Surface(name=9160c03 com.podcast.app.debug.test/androidx.test.core.app.InstrumentationActivityInvoker$EmptyActivity)/@0x8a72ad6 - animation-leash of starting_reveal#155785
03-02 00:57:17.841  1507  1507 I SurfaceFlinger: destroyed Surface(name=33f0ddb com.podcast.app.debug.test/androidx.test.core.app.InstrumentationActivityInvoker$EmptyActivity)/@0xb9c5714 - animation-leash of starting_reveal#155948
03-02 00:57:17.841  1507  1507 I SurfaceFlinger: destroyed Surface(name=27daa3d com.podcast.app.debug/androidx.activity.ComponentActivity)/@0x5b4fa30 - animation-leash of starting_reveal#155820
03-02 00:57:17.841  1507  1507 I SurfaceFlinger: destroyed Surface(name=a9efcb6 com.podcast.app.debug.test/androidx.test.core.app.InstrumentationActivityInvoker$EmptyActivity)/@0xd7dc9ee - animation-leash of starting_reveal#155884
03-02 00:57:17.841  1507  1507 I SurfaceFlinger: destroyed Surface(name=9a51a27 com.podcast.app.debug/androidx.activity.ComponentActivity)/@0x7c828a5 - animation-leash of starting_reveal#155915
03-02 00:57:17.842  1507  1507 I Layer   : id=155948 Destroyed Surface(name=33f0ddb com.podcast.app.debug.test/androidx.test.core.app.InstrumentationActivityInvoker$EmptyActivity)/@0xb9c5714 - animation-leash of starting_reveal#155948
03-02 00:57:17.842  1507  1507 I Layer   : id=155915 Destroyed Surface(name=9a51a27 com.podcast.app.debug/androidx.activity.ComponentActivity)/@0x7c828a5 - animation-leash of starting_reveal#155915
03-02 00:57:17.842  1507  1507 I Layer   : id=155884 Destroyed Surface(name=a9efcb6 com.podcast.app.debug.test/androidx.test.core.app.InstrumentationActivityInvoker$EmptyActivity)/@0xd7dc9ee - animation-leash of starting_reveal#155884
03-02 00:57:17.842  1507  1507 I Layer   : id=155869 Destroyed Surface(name=34932b3 com.podcast.app.debug/androidx.activity.ComponentActivity)/@0xe7ecf1b - animation-leash of starting_reveal#155869
03-02 00:57:17.842  1507  1507 I Layer   : id=155820 Destroyed Surface(name=27daa3d com.podcast.app.debug/androidx.activity.ComponentActivity)/@0x5b4fa30 - animation-leash of starting_reveal#155820
03-02 00:57:17.842  1507  1507 I Layer   : id=155785 Destroyed Surface(name=9160c03 com.podcast.app.debug.test/androidx.test.core.app.InstrumentationActivityInvoker$EmptyActivity)/@0x8a72ad6 - animation-leash of starting_reveal#155785
03-02 00:57:17.843  1507  1563 I SurfaceFlinger: onHandleDestroyed: layerId=155968, name=Surface(name=f627e96 com.podcast.app.debug/androidx.activity.ComponentActivity)/@0xa396388 - animation-leash of starting_reveal#155968
03-02 00:57:17.843  1507  1563 I SurfaceFlinger: id=155968 Removed Surface(name=f627e96 com.podcast.app.debug/androidx.activity.ComponentActivity)/@0xa396388 - animation-leash of starting_reveal#155968 (335)
03-02 00:57:17.844  3438  3438 I EPDG -- SIM0 [SMARTWIFI]: isProfiling, hash=103173838, started=true
03-02 00:57:17.844  2746  2758 W System  : A resource failed to call release.
03-02 00:57:17.844  2746  2758 W System  : A resource failed to call release.
03-02 00:57:17.844  2746  2758 W System  : A resource failed to call release.
03-02 00:57:17.844  2746  2758 W System  : A resource failed to call release.
03-02 00:57:17.845  2746  2758 W System  : A resource failed to call release.
03-02 00:57:17.845  2746  2758 W System  : A resource failed to call release.
03-02 00:57:17.845  2746  2758 W System  : A resource failed to call release.
03-02 00:57:17.845  3438  3438 I EPDG -- SIM0 [SMARTWIFI]: isProfiling, hash=103173838, started=true
03-02 00:57:17.845  3438  3438 I EPDG -- SIM0 [SMARTWIFI]: Rssi : -81 highrange : -75 lowrange : -85 mIsRssiInHystersis : true
03-02 00:57:17.845  3438  3438 I EPDG -- SIM0 [SMARTWIFI]: Rssi : -81 highrange : -75 lowrange : -85 mIsRssiInHystersis : true
03-02 00:57:17.846  2746  2758 W System  : A resource failed to call release.
03-02 00:57:17.846  2746  2758 W System  : A resource failed to call release.
03-02 00:57:17.846  2746  2758 W System  : A resource failed to call release.
03-02 00:57:17.847  2746  2758 W System  : A resource failed to call release.
03-02 00:57:17.847  2746  2758 W System  : A resource failed to call release.
03-02 00:57:17.847  3438  3438 I EPDG -- SIM1 [SMARTWIFI]: isProfiling, hash=59853931, started=true
03-02 00:57:17.847  2746  2758 W System  : A resource failed to call release.
03-02 00:57:17.847  2746  2758 W System  : A resource failed to call release.
03-02 00:57:17.847  2746  2758 W System  : A resource failed to call release.
03-02 00:57:17.847  3438  3438 I EPDG -- SIM1 [SMARTWIFI]: isProfiling, hash=59853931, started=true
03-02 00:57:17.848  2746  2758 W System  : A resource failed to call release.
03-02 00:57:17.848  2746  2758 W System  : A resource failed to call release.
03-02 00:57:17.848  2746  2758 W System  : A resource failed to call release.
03-02 00:57:17.849  3438  3438 I EPDG -- SIM1 [SMARTWIFI]: Rssi : -81 highrange : -75 lowrange : -85 mIsRssiInHystersis : true
03-02 00:57:17.849  3438  3438 I EPDG -- SIM1 [SMARTWIFI]: Rssi : -81 highrange : -75 lowrange : -85 mIsRssiInHystersis : true
03-02 00:57:17.849  2746  2758 W System  : A resource failed to call release.
03-02 00:57:17.849  2746  2758 W System  : A resource failed to call release.
03-02 00:57:17.849  2746  2758 W System  : A resource failed to call release.
03-02 00:57:17.849  2746  2758 W System  : A resource failed to call release.
03-02 00:57:17.849  2746  2758 W System  : A resource failed to call release.
03-02 00:57:17.849  2746  2758 W System  : A resource failed to call release.
03-02 00:57:17.850  2746  2758 W System  : A resource failed to call release.
03-02 00:57:17.850  2746  2758 W System  : A resource failed to call release.
03-02 00:57:17.850  2746  2758 W System  : A resource failed to call release.
03-02 00:57:17.850  2746  2758 W System  : A resource failed to call release.
03-02 00:57:17.850  2746  2758 W System  : A resource failed to call release.
03-02 00:57:17.850  2746  2758 W System  : A resource failed to call release.
03-02 00:57:17.850  2746  2758 W System  : A resource failed to call release.
03-02 00:57:17.851  2746  2758 W System  : A resource failed to call release.
03-02 00:57:17.851  2746  2758 W System  : A resource failed to call release.
03-02 00:57:17.851  2746  2758 W System  : A resource failed to call release.
03-02 00:57:17.852  1507  1507 I SurfaceFlinger: destroyed Surface(name=f627e96 com.podcast.app.debug/androidx.activity.ComponentActivity)/@0xa396388 - animation-leash of starting_reveal#155968
03-02 00:57:17.853  1507  1507 I Layer   : id=155968 Destroyed Surface(name=f627e96 com.podcast.app.debug/androidx.activity.ComponentActivity)/@0xa396388 - animation-leash of starting_reveal#155968
03-02 00:57:17.853  2746  2798 I SurfaceControlRegistry: apply, t=FinishTransaction_SyncId<11259>, caller=android.view.SurfaceControl$Transaction.apply:3459 android.view.SurfaceControl$Transaction.apply:3447 android.view.SurfaceControl$Transaction.apply:3397 com.android.wm.shell.transition.Transitions.onFinish:315 com.android.wm.shell.transition.Transitions$$ExternalSyntheticLambda7.onTransitionFinished:12 com.android.wm.shell.transition.DefaultTransitionHandler$$ExternalSyntheticLambda6.run:36
03-02 00:57:17.855  1444  1444 D libcomposer_ext: DeviceImplAidl::DeviceClientContextAidl::NotifyHwcComposition()
03-02 00:57:17.855  1444  1444 D libcomposer_ext: DeviceImplAidl::DeviceClientContextAidl::NotifyHwcComposition()
03-02 00:57:17.855  1698  1698 D libcomposer_ext: ClientCallbackAidl::asyncPerform(12)
03-02 00:57:17.855  1698  1698 D libcomposer_ext: ClientImplAidl::ParseNotifyHwcComposition()
03-02 00:57:17.855  1507  2128 D libcomposer_ext: ClientCallbackAidl::asyncPerform(12)
03-02 00:57:17.855  1507  2128 D libcomposer_ext: ClientImplAidl::ParseNotifyHwcComposition()
03-02 00:57:17.856  1507  2128 D SurfaceFlinger: NotifyHwcComposition(), id 0, mode 0
03-02 00:57:17.856  1507  1907 I SurfaceFlinger: onHandleDestroyed: layerId=155958, name=Splash Screen com.podcast.app.debug$_2746#155958
03-02 00:57:17.856  1507  1907 I SurfaceFlinger: id=155958 Removed Splash Screen com.podcast.app.debug$_2746#155958 (334)
03-02 00:57:17.856 14885 14885 I VRI[SplashActivity]@35f4eb8: handleAppVisibility mAppVisible = true visible = false
03-02 00:57:17.856 14885 14885 D VRI[SplashActivity]@35f4eb8: visibilityChanged oldVisibility=true newVisibility=false
03-02 00:57:17.856  1464  1492 I mtkpower@impl: [setMode] type:6, enabled:0
03-02 00:57:17.856  1464  1492 E mtkpower@impl: [setMode] unknown type
03-02 00:57:17.857  1507  1507 D SurfaceFlinger: Display 4627039422300187648 HWC layers:
03-02 00:57:17.857  1507  1507 D SurfaceFlinger:   SOLID_COLOR |                        0 | 00000002 | N/A          |    0.0    0.0    0.0    0.0 |    0    0   -1   -1 | Background for 68eb87 SurfaceView[co[...]weme.splash.SplashActivity]@0#155939 (0)
03-02 00:57:17.857  1507  1507 D SurfaceFlinger:   SOLID_COLOR |                        0 | 00000002 | N/A          |    0.0    0.0    0.0    0.0 |    0    0   -1   -1 | Background for 836459b SurfaceView[c[...]weme.splash.SplashActivity]@0#155945 (0)
03-02 00:57:17.857  1507  1507 D SurfaceFlinger:   SOLID_COLOR |                        0 | 00000002 | N/A          |    0.0    0.0    0.0    0.0 |    0    0   -1   -1 | Background for 7086fb SurfaceView[co[...]weme.splash.SplashActivity]@0#155951 (0)
03-02 00:57:17.857  1507  1507 D SurfaceFlinger:        DEVICE |           63930588201985 | 00000102 | 0x32315659   |    0.0    0.0    0.0    0.0 |    0    0   -1   -1 | 7086fb SurfaceView[com.zhiliaoapp.mu[...]lash.SplashActivity]@0(BLAST)#155950 (2)
03-02 00:57:17.857  1507  1507 D SurfaceFlinger:        DEVICE |           63930588201978 | 00002100 | RGBA_8888    |    0.0    0.0    0.0    0.0 |    0    0   -1   -1 | com.zhiliaoapp.musically/com.ss.andr[...].splash.S
03-02 00:57:17.857  1507  1507 D SurfaceFlinger: plashActivity$_14885#155933 (7)
03-02 00:57:17.857  1507  1507 D SurfaceFlinger:   SOLID_COLOR |                        0 | 00000000 | N/A          |    0.0    0.0    0.0    0.0 |    0    0   -1   -1 | DimTransitionLayer for Surface(name=Task=44868)/@0x1bc5d9#155965 (0)
03-02 00:57:17.857  1507  1507 D SurfaceFlinger:        DEVICE |           73534135074877 | 00002102 | RGBA_8888    |    0.0    0.0 1080.0 2340.0 |    0    0 1080 2340 | com.podcast.app.debug/androidx.activity.ComponentActivity$_17121#155962 (1)
03-02 00:57:17.857  1507  1507 D SurfaceFlinger:        DEVICE |           11793980281879 | 00002100 | RGBA_8888    |    0.0    0.0 1080.0   80.0 |    0    0 1080   80 | StatusBar$_2746#117 (211013)
03-02 00:57:17.857  1507  1507 D SurfaceFlinger:        DEVICE |           13752485304097 | 00002100 | RGBA_8888    |    0.0    0.0   67.0  346.0 | 1013  454 1080  800 | com.sec.android.app.launcher/com.sam[...].app.CocktailBarService$_3202#152779 (1)
03-02 00:57:17.857  1507  1507 D SurfaceFlinger:        DEVICE |           11793980283456 | 00002100 | RGBA_8888    |    0.0    0.0  229.0  724.0 |  851  551 1080 1275 | VolumePanelWindow$_2746#155973 (17)
03-02 00:57:17.857  1507  1507 D SurfaceFlinger:        DEVICE |           11793980281868 | 00002100 | RGBA_8888    |    0.0    0.0 1080.0  135
03-02 00:57:17.857  1507  1507 D SurfaceFlinger: .0 |    0 2205 1080 2340 | NavigationBar0$_2746#113 (187683)
03-02 00:57:17.857  1507  1507 D SurfaceFlinger:
03-02 00:57:17.863 14885 14885 I SV[6876039 SplashActivity]: onWindowVisibilityChanged(8) false X.0fk7{68eb87 V.E...... ........ 0,80-1080,2000} of VRI[SplashActivity]@35f4eb8
03-02 00:57:17.864 14885 14885 I SurfaceView: 6876039 Changes: creating=false format=false size=false visible=true alpha=false hint=false left=false top=false z=false attached=true lifecycleStrategy=false
03-02 00:57:17.864 14885 14885 I SurfaceView: 6876039 Cur surface: Surface(name=null mNativeObject=509412508160)/@0x56b4ffd
03-02 00:57:17.864  1507  1507 I SurfaceFlinger: RequestedLayer [Task=44543#147901] hidden!! flag  from(0) --> to(1)
03-02 00:57:17.864  1507  1507 I SurfaceFlinger: [Display 0 name="Built-in Screen"#49] setFrameRateCategory: Default
03-02 00:57:17.864  1507  1507 I SurfaceFlinger: destroyed Splash Screen com.podcast.app.debug$_2746#155958
03-02 00:57:17.864  1507  1507 I SurfaceFlinger: [LayerHierarchy{RequestedLayerState{Task=44543#147901 parentId=10 z=41} 1 children}] reparent to LayerHierarchy{RequestedLayerState{DefaultTaskDisplayArea_d0#10 parentId=9} 45 children}
03-02 00:57:17.864 14885 14885 I SurfaceView: 6876039 surfaceDestroyed
03-02 00:57:17.864  1507  1507 I SurfaceFlinger: [LayerHierarchy{RequestedLayerState{Task=44868#155955 parentId=10 z=42} 2 children}] reparent to LayerHierarchy{RequestedLayerState{DefaultTaskDisplayArea_d0#10 parentId=9} 46 children}
03-02 00:57:17.864  1507  1507 I SurfaceFlinger: [LayerHierarchy{RequestedLayerState{Transition Root: Task=44868#155959 z=42} 1 children}] reparent to OffscreenRoot
03-02 00:57:17.864  1507  1507 I SurfaceFlinger: [LayerHierarchy{RequestedLayerState{Transition Root: Task=44868#155959 z=42} 1 children}] RelativeParent to null
03-02 00:57:17.864  1507  1507 I SurfaceFlinger: [LayerHierarchy{RequestedLayerState{DimTransitionLayer for Surface(name=Task=44868)/@0x1bc5d9#155965 z=-1} no children}] reparent to OffscreenRoot
03-02 00:57:17.864  1507  1507 I SurfaceFlinger: [LayerHierarchy{RequestedLayerState{DimTransitionLayer for Surface(name=Task=44868)/@0x1bc5d9#155965 z=-1} no children}] RelativeParent to null
03-02 00:57:17.864 14885 14885 I SV[6876039 SplashActivity]: surfaceDestroyed callback.size 1 #2 X.0fk7{68eb87 V.E...... ........ 0,80-1080,2000}
03-02 00:57:17.864 14885 14885 I SV[6876039 SplashActivity]: updateSurface: mVisible = false mSurface.isValid() = true
03-02 00:57:17.864 14885 14885 I BLASTBufferQueue: [68eb87 SurfaceView[com.zhiliaoapp.musically/com.ss.android.ugc.aweme.splash.SplashActivity]@0#67](f:0,a:0,s:0) destructor()
03-02 00:57:17.864 14885 14885 D BufferQueueConsumer: [68eb87 SurfaceView[com.zhiliaoapp.musically/com.ss.android.ugc.aweme.splash.SplashActivity]@0#67(BLAST Consumer)67](id:3a2500000046,api:0,p:-1,c:14885) disconnect
03-02 00:57:17.864  1646  2917 I CameraService: onUidStateChanged: uid=10235, procState is changed. (3 -> 4)
03-02 00:57:17.864 14885 14885 I SV[6876039 SplashActivity]: releaseSurfaces: viewRoot = VRI[SplashActivity]@35f4eb8
03-02 00:57:17.865 14885 14885 V SurfaceView: Layout: x=4320 y=-2080 w=1080 h=1920, frame=Rect(0, 0 - 1080, 1920)
03-02 00:57:17.865 14885 14885 I SV[7374587 SplashActivity]: onWindowVisibilityChanged(8) false X.0fk7{7086fb V.E...... ........ 0,80-1080,2000} of VRI[SplashActivity]@35f4eb8
03-02 00:57:17.865 14885 14885 I SurfaceView: 7374587 Changes: creating=false format=false size=false visible=true alpha=false hint=false left=false top=false z=false attached=true lifecycleStrategy=false
03-02 00:57:17.865 14885 14885 I SurfaceView: 7374587 Cur surface: Surface(name=null mNativeObject=499558285312)/@0x5798c7e
03-02 00:57:17.865 14885 14885 I SurfaceView: 7374587 surfaceDestroyed
03-02 00:57:17.865 14885 14885 I SV[7374587 SplashActivity]: surfaceDestroyed callback.size 2 #2 X.0fk7{7086fb V.E...... ........ 0,80-1080,2000}
03-02 00:57:17.866  1507  1507 I Layer   : id=155958 Destroyed Splash Screen com.podcast.app.debug$_2746#155958
03-02 00:57:17.866  1507  1507 I SurfaceFlinger: onHandleDestroyed: layerId=155965, name=DimTransitionLayer for Surface(name=Task=44868)/@0x1bc5d9#155965
03-02 00:57:17.866  1507  1507 I SurfaceFlinger: id=155965 Removed DimTransitionLayer for Surface(name=Task=44868)/@0x1bc5d9#155965 (333)
03-02 00:57:17.866  1507  1507 I SurfaceFlinger: onHandleDestroyed: layerId=155959, name=Transition Root: Task=44868#155959
03-02 00:57:17.866  1507  1507 I SurfaceFlinger: id=155959 Removed Transition Root: Task=44868#155959 (333)
03-02 00:57:17.866  1507  1507 I SurfaceFlinger: onHandleDestroyed: layerId=155957, name=7d11da4 Splash Screen com.podcast.app.debug#155957
03-02 00:57:17.866  1507  1507 I SurfaceFlinger: id=155957 Removed 7d11da4 Splash Screen com.podcast.app.debug#155957 (333)
03-02 00:57:17.866  1507  1507 E RefreshRateSelector: Can't find HRR max refresh rate by policy with the same group 0
03-02 00:57:17.867 14885 16837 D SurfaceUtils: connecting to surface 0x6f9d803610, reason connectToSurface
03-02 00:57:17.867 14885 16837 I MediaCodec: [c2.mtk.hevc.decoder] setting surface generation to 15242284
03-02 00:57:17.867 14885 16837 D SurfaceUtils: disconnecting from surface 0x6f9d803610, reason connectToSurface(reconnect)
03-02 00:57:17.868 14885 16837 D SurfaceUtils: connecting to surface 0x6f9d803600, reason connectToSurface(reconnect-with-listener)
03-02 00:57:17.868 14885 16837 D GraphicsTracker: new surface in configuration: maxDequeueRequested(0), maxDequeueCommitted(24)
03-02 00:57:17.869 14885 16837 D GraphicsTracker: new surface configured with id:63930588200968 gen:15242284 maxDequeue:24
03-02 00:57:17.869 14885 16837 D GraphicsTracker: maxDequeueCount is already 24
03-02 00:57:17.869 14885 16837 D Codec2Client: setOutputSurface -- generation=15242284 consumer usage=0x900
03-02 00:57:17.869 14885 16837 D SurfaceUtils: disconnecting from surface 0x6f9da2e010, reason disconnectFromSurface
03-02 00:57:17.869  2746  2746 D SystemUIService: SYSUI_RAM_OPTIMIZATION onTrimMemory=20
03-02 00:57:17.869  2746  2746 D CentralSurfaces: SYSUI_RAM_OPTIMIZATION onTrimMemory=20
03-02 00:57:17.872 14885 14885 I SV[7374587 SplashActivity]: updateSurface: mVisible = false mSurface.isValid() = true
03-02 00:57:17.872 14885 14885 I BLASTBufferQueue: [7086fb SurfaceView[com.zhiliaoapp.musically/com.ss.android.ugc.aweme.splash.SplashActivity]@0#70](f:0,a:1,s:0) destructor()
03-02 00:57:17.872 14885 14885 D BufferQueueConsumer: [7086fb SurfaceView[com.zhiliaoapp.musically/com.ss.android.ugc.aweme.splash.SplashActivity]@0#70(BLAST Consumer)70](id:3a2500000049,api:0,p:-1,c:14885) disconnect
03-02 00:57:17.873 14885 14885 I SV[7374587 SplashActivity]: releaseSurfaces: viewRoot = VRI[SplashActivity]@35f4eb8
03-02 00:57:17.873 14885 14885 V SurfaceView: Layout: x=0 y=80 w=1080 h=1920, frame=Rect(0, 0 - 1080, 1920)
03-02 00:57:17.873 14885 14885 I SV[137774491 SplashActivity]: onWindowVisibilityChanged(8) false X.0fk7{836459b V.E...... ........ 0,81-1080,1998} of VRI[SplashActivity]@35f4eb8
03-02 00:57:17.873  2746  2870 D HWUI    : CacheManager::trimMemory(20)
03-02 00:57:17.873 14885 14885 I SurfaceView: 137774491 Changes: creating=false format=false size=false visible=true alpha=false hint=false left=false top=false z=false attached=true lifecycleStrategy=false
03-02 00:57:17.874 14885 14885 I SurfaceView: 137774491 Cur surface: Surface(name=null mNativeObject=499556365056)/@0xe7e74a9
03-02 00:57:17.874 14885 14885 I SurfaceView: 137774491 surfaceDestroyed
03-02 00:57:17.874 14885 14885 I SV[137774491 SplashActivity]: surfaceDestroyed callback.size 1 #2 X.0fk7{836459b V.E...... ........ 0,81-1080,1998}
03-02 00:57:17.874 14885 14885 I SV[137774491 SplashActivity]: updateSurface: mVisible = false mSurface.isValid() = true
03-02 00:57:17.874 14885 14885 I BLASTBufferQueue: [836459b SurfaceView[com.zhiliaoapp.musically/com.ss.android.ugc.aweme.splash.SplashActivity]@0#69](f:0,a:0,s:0) destructor()
03-02 00:57:17.874 14885 14885 D BufferQueueConsumer: [836459b SurfaceView[com.zhiliaoapp.musically/com.ss.android.ugc.aweme.splash.SplashActivity]@0#69(BLAST Consumer)69](id:3a2500000048,api:0,p:-1,c:14885) disconnect
03-02 00:57:17.874 14885 14885 I SV[137774491 SplashActivity]: releaseSurfaces: viewRoot = VRI[SplashActivity]@35f4eb8
03-02 00:57:17.874 14885 14885 V SurfaceView: Layout: x=4320 y=2240 w=1080 h=1917, frame=Rect(0, 0 - 1080, 1917)
03-02 00:57:17.875  1507  1507 I SurfaceFlinger: RequestedLayer [com.zhiliaoapp.musically/com.ss.andr[...].splash.SplashActivity$_14885#155933] hidden!! flag  from(0) --> to(1)
03-02 00:57:17.875  1507  1507 I SurfaceFlinger: RequestedLayer [ActivityRecord{2751228 u0 com.zhilia[...]splash.SplashActivity t44543}#147902] hidden!! flag  from(0) --> to(1)
03-02 00:57:17.875  1507  1507 I SurfaceFlinger: destroyed 7d11da4 Splash Screen com.podcast.app.debug#155957
03-02 00:57:17.875  1507  1507 I SurfaceFlinger: destroyed Transition Root: Task=44868#155959
03-02 00:57:17.875  1507  1507 I SurfaceFlinger: destroyed DimTransitionLayer for Surface(name=Task=44868)/@0x1bc5d9#155965
03-02 00:57:17.876  1507  1507 I Layer   : id=155957 Destroyed 7d11da4 Splash Screen com.podcast.app.debug#155957
03-02 00:57:17.876  1507  1507 I Layer   : id=155959 Destroyed Transition Root: Task=44868#155959
03-02 00:57:17.876  1507  1507 I Layer   : id=155965 Destroyed DimTransitionLayer for Surface(name=Task=44868)/@0x1bc5d9#155965
03-02 00:57:17.878 14885 15423 D SurfaceView: 175458859 windowPositionLost, frameNr = 0
03-02 00:57:17.878 14885 15423 D SurfaceView: 147578504 windowPositionLost, frameNr = 0
03-02 00:57:17.879 14885 15423 D SurfaceView: 30105633 windowPositionLost, frameNr = 0
03-02 00:57:17.879  1445  2902 W C2MtkBufferManager: [0xB4000070F507E520] fetchNewCcBlock: wait fence 0x0xb4000070f5058270 timed out. ret 110
03-02 00:57:17.882 14885 15423 D HWUI    : CacheManager::trimMemory(20)
03-02 00:57:17.883  2013  4835 I WindowManager: Relayout Window{cd2d6b5 u0 com.zhiliaoapp.musically/com.ss.android.ugc.aweme.splash.SplashActivity}: viewVisibility=8 req=1080x2340 ty=1 d0
03-02 00:57:17.886  2013  4835 I WindowManager: Relayout hash=cd2d6b5, pid=14885, syncId=-1: mAttrs={(0,0)(fillxfill) sim={adjust=pan} layoutInDisplayCutoutMode=always ty=BASE_APPLICATION fmt=TRANSLUCENT wanim=0x1030317
03-02 00:57:17.886  2013  4835 I WindowManager:   fl=81810180
03-02 00:57:17.886  2013  4835 I WindowManager:   pfl=10008840
03-02 00:57:17.886  2013  4835 I WindowManager:   vsysui=400
03-02 00:57:17.886  2013  4835 I WindowManager:   apr=10
03-02 00:57:17.886  2013  4835 I WindowManager:   bhv=1
03-02 00:57:17.886  2013  4835 I WindowManager:   fitSides=0
03-02 00:57:17.886  2013  4835 I WindowManager:   frameRateBoostOnTouch=true
03-02 00:57:17.886  2013  4835 I WindowManager:   dvrrWindowFrameRateHint=true naviIconColor=0
03-02 00:57:17.886  2013  4835 I WindowManager:   sfl=100000}
03-02 00:57:17.889 14885 14885 I BLASTBufferQueue: [VRI[SplashActivity]@35f4eb8#66](f:0,a:1,s:0) destructor()
03-02 00:57:17.889 14885 14885 D BufferQueueConsumer: [VRI[SplashActivity]@35f4eb8#66(BLAST Consumer)66](id:3a2500000045,api:0,p:-1,c:14885) disconnect
03-02 00:57:17.889 14885 14885 I VRI[SplashActivity]@35f4eb8: Relayout returned: old=(0,0,1080,2340) new=(0,0,1080,2340) relayoutAsync=false req=(1080,2340)8 dur=6 res=0x2 s={false 0x0} ch=true seqId=0
03-02 00:57:17.890 14885 14885 I SV[6876039 SplashActivity]: windowStopped(true) false X.0fk7{68eb87 V.E...... ........ 0,80-1080,2000} of VRI[SplashActivity]@35f4eb8
03-02 00:57:17.890 14885 14885 D SV[6876039 SplashActivity]: updateSurface: surface is not valid
03-02 00:57:17.890 14885 14885 I SV[6876039 SplashActivity]: releaseSurfaces: viewRoot = VRI[SplashActivity]@35f4eb8
03-02 00:57:17.890 14885 14885 D VRI[SplashActivity]@35f4eb8: applyTransactionOnDraw applyImmediately
03-02 00:57:17.890 14885 14885 I SV[7374587 SplashActivity]: windowStopped(true) false X.0fk7{7086fb V.E...... ........ 0,80-1080,2000} of VRI[SplashActivity]@35f4eb8
03-02 00:57:17.890 14885 14885 D SV[7374587 SplashActivity]: updateSurface: surface is not valid
03-02 00:57:17.890 14885 14885 I SV[7374587 SplashActivity]: releaseSurfaces: viewRoot = VRI[SplashActivity]@35f4eb8
03-02 00:57:17.890 14885 14885 D VRI[SplashActivity]@35f4eb8: applyTransactionOnDraw applyImmediately
03-02 00:57:17.891 14885 14885 I SV[137774491 SplashActivity]: windowStopped(true) false X.0fk7{836459b V.E...... ........ 0,81-1080,1998} of VRI[SplashActivity]@35f4eb8
03-02 00:57:17.891 14885 14885 D SV[137774491 SplashActivity]: updateSurface: surface is not valid
03-02 00:57:17.891 14885 14885 I SV[137774491 SplashActivity]: releaseSurfaces: viewRoot = VRI[SplashActivity]@35f4eb8
03-02 00:57:17.891 14885 14885 D VRI[SplashActivity]@35f4eb8: applyTransactionOnDraw applyImmediately
03-02 00:57:17.891 14885 14885 D SV[6876039 SplashActivity]: updateSurface: surface is not valid
03-02 00:57:17.891 14885 14885 I SV[6876039 SplashActivity]: releaseSurfaces: viewRoot = VRI[SplashActivity]@35f4eb8
03-02 00:57:17.891 14885 14885 D VRI[SplashActivity]@35f4eb8: applyTransactionOnDraw applyImmediately
03-02 00:57:17.891 14885 14885 D SV[7374587 SplashActivity]: updateSurface: surface is not valid
03-02 00:57:17.891 14885 14885 I SV[7374587 SplashActivity]: releaseSurfaces: viewRoot = VRI[SplashActivity]@35f4eb8
03-02 00:57:17.892 14885 14885 D VRI[SplashActivity]@35f4eb8: applyTransactionOnDraw applyImmediately
03-02 00:57:17.892 14885 14885 D SV[137774491 SplashActivity]: updateSurface: surface is not valid
03-02 00:57:17.892 14885 14885 I SV[137774491 SplashActivity]: releaseSurfaces: viewRoot = VRI[SplashActivity]@35f4eb8
03-02 00:57:17.892 14885 14885 D VRI[SplashActivity]@35f4eb8: applyTransactionOnDraw applyImmediately
03-02 00:57:17.892 14885 14885 D VRI[SplashActivity]@35f4eb8: Not drawing due to not visible. Reason=!mAppVisible && !mForceDecorViewVisibility
03-02 00:57:17.892 14885 14885 D VRI[SplashActivity]@35f4eb8: Pending transaction will not be applied in sync with a draw due to view not visible
03-02 00:57:17.893 14885 14885 I VRI[SplashActivity]@35f4eb8: mWNT: t=0x769ac0ba00 mBlastBufferQueue=0xnull fn= 0 HdrRenderState mRenderHdrSdrRatio=1.0 caller= android.view.ViewRootImpl.handleSyncRequestWhenNoAsyncDraw:6733 android.view.ViewRootImpl.performTraversals:5504 android.view.ViewRootImpl.doTraversal:3924
03-02 00:57:17.893  1507  1825 I SurfaceFlinger: Capture layer list: 	 com.podcast.app.debug/androidx.activity.ComponentActivity$_17121#155962(seamlessTransition:0)
03-02 00:57:17.895 14885 15423 D HWUI    : CacheManager::trimMemory(20)
03-02 00:57:17.896 14885 14885 I VRI[SplashActivity]@35f4eb8: stopped(true) old = false
03-02 00:57:17.896 14885 14885 D VRI[SplashActivity]@35f4eb8: WindowStopped on com.zhiliaoapp.musically/com.ss.android.ugc.aweme.splash.SplashActivity set to true
03-02 00:57:17.897 14885 15423 D HWUI    : CacheManager::trimMemory(20)
03-02 00:57:17.897  1507  1507 I SurfaceFlinger: [LayerHierarchy{RequestedLayerState{Background for 68eb87 SurfaceView[com.zhiliaoapp.musically/com.ss.android.ugc.aweme.splash.SplashActivity]@0#155939 z=-2147483648} no children}] reparent to OffscreenRoot
03-02 00:57:17.897  1507  1507 I SurfaceFlinger: [LayerHierarchy{RequestedLayerState{Background for 68eb87 SurfaceView[com.zhiliaoapp.musically/com.ss.android.ugc.aweme.splash.SplashActivity]@0#155939 z=-2147483648} no children}] RelativeParent to null
03-02 00:57:17.897  1507  1507 I SurfaceFlinger: [LayerHierarchy{RequestedLayerState{68eb87 SurfaceView[com.zhiliaoapp.musically/com.ss.android.ugc.aweme.splash.SplashActivity]@0(BLAST)#155938} no children}] reparent to OffscreenRoot
03-02 00:57:17.897  1507  1507 I SurfaceFlinger: [LayerHierarchy{RequestedLayerState{68eb87 SurfaceView[com.zhiliaoapp.musically/com.ss.android.ugc.aweme.splash.SplashActivity]@0(BLAST)#155938} no children}] RelativeParent to null
03-02 00:57:17.897  1507  1507 I SurfaceFlinger: [LayerHierarchy{RequestedLayerState{68eb87 SurfaceView[com.zhiliaoapp.musically/com.ss.android.ugc.aweme.splash.SplashActivity]@0#155937 z=-2} no children}] reparent to OffscreenRoot
03-02 00:57:17.898  1507  1507 I SurfaceFlinger: [LayerHierarchy{RequestedLayerState{68eb87 SurfaceView[com.zhiliaoapp.musically/com.ss.android.ugc.aweme.splash.SplashActivity]@0#155937 z=-2} no children}] RelativeParent to null
03-02 00:57:17.898  1507  1507 I SurfaceFlinger: [LayerHierarchy{RequestedLayerState{Background for 836459b SurfaceView[com.zhiliaoapp.musically/com.ss.android.ugc.aweme.splash.SplashActivity]@0#155945 z=-2147483648} no children}] reparent to OffscreenRoot
03-02 00:57:17.898  1507  1507 I SurfaceFlinger: [LayerHierarchy{RequestedLayerState{Background for 836459b SurfaceView[com.zhiliaoapp.musically/com.ss.android.ugc.aweme.splash.SplashActivity]@0#155945 z=-2147483648} no children}] RelativeParent to null
03-02 00:57:17.898  1507  1507 I SurfaceFlinger: [LayerHierarchy{RequestedLayerState{Bounds for - com.zhiliaoapp.musically/com.ss.android.ugc.aweme.splash.SplashActivity@15#155936} 2 children}] reparent to OffscreenRoot
03-02 00:57:17.898  1507  1507 I SurfaceFlinger: [LayerHierarchy{RequestedLayerState{Bounds for - com.zhiliaoapp.musically/com.ss.android.ugc.aweme.splash.SplashActivity@15#155936} 2 children}] RelativeParent to null
03-02 00:57:17.898  1507  1507 I SurfaceFlinger: [LayerHierarchy{RequestedLayerState{Background for 7086fb SurfaceView[com.zhiliaoapp.musically/com.ss.android.ugc.aweme.splash.SplashActivity]@0#155951 z=-2147483648} no children}] reparent to OffscreenRoot
03-02 00:57:17.898  1507  1507 I SurfaceFlinger: [LayerHierarchy{RequestedLayerState{Background for 7086fb SurfaceView[com.zhiliaoapp.musically/com.ss.android.ugc.aweme.splash.SplashActivity]@0#155951 z=-2147483648} no children}] RelativeParent to null
03-02 00:57:17.898  1507  1507 I SurfaceFlinger: [LayerHierarchy{RequestedLayerState{836459b SurfaceView[com.zhiliaoapp.musically/com.ss.android.ugc.aweme.splash.SplashActivity]@0(BLAST)#155944} no children}] reparent to OffscreenRoot
03-02 00:57:17.898  1507  1507 I SurfaceFlinger: [LayerHierarchy{RequestedLayerState{836459b SurfaceView[com.zhiliaoapp.musically/com.ss.android.ugc.aweme.splash.SplashActivity]@0(BLAST)#155944} no children}] RelativeParent to null
03-02 00:57:17.898  1507  1507 I SurfaceFlinger: [LayerHierarchy{RequestedLayerState{836459b SurfaceView[com.zhiliaoapp.musically/com.ss.android.ugc.aweme.splash.SplashActivity]@0#155943 z=-2} no children}] reparent to OffscreenRoot
03-02 00:57:17.898  1507  1507 I SurfaceFlinger: [LayerHierarchy{RequestedLayerState{836459b SurfaceView[com.zhiliaoapp.musically/com.ss.android.ugc.aweme.splash.SplashActivity]@0#155943 z=-2} no children}] RelativeParent to null
