03-02 00:57:38.132  1439  1902 D AudioALSAStreamManager: +createPlaybackHandler(), mAudioMode = 0, output_devices = 0x2, isMixerOut = 1, isBypassAurisys = 1, flag = 8, isIEMsSource = 0, isIEMsOn = 0
03-02 00:57:38.132  1439  1902 D AudioALSAStreamManager: needEnableVoip(), output_devices = 0x2, flags: 0x8, mAvailableOutputFlags: 0x1000e, enable: 0
03-02 00:57:38.132  1439  1902 D AudioSpeechEnhanceInfo: IsAPDMNRTuningEnable(), 0
03-02 00:57:38.133  1439  1902 D AudioALSAPlaybackHandlerNormal: +open(), flag = 8, source output_devices = 0x2, audio_format = 3, buffer_size = 16384, sample_rate = 48000
03-02 00:57:38.133  1439  1902 D AudioALSAPlaybackHandlerNormal: open(), isolated deep buffer keypcmDeepBuffer = Playback_3
03-02 00:57:38.133  1439  1902 D AudioALSADeviceConfigManager: ApplyDeviceTurnonSequenceByName() DeviceName = PLAYBACK3_TO_I2S3 descriptor->DeviceStatusCounte = 0, Ctlsize=4
03-02 00:57:38.134  1484 15560 D NativePermissionController: checkPermission: missing 13 for 10350
03-02 00:57:38.136  2746  2798 I SurfaceControlRegistry: apply, t=FinishTransaction_SyncId<11296>, caller=android.view.SurfaceControl$Transaction.apply:3459 android.view.SurfaceControl$Transaction.apply:3447 android.view.SurfaceControl$Transaction.apply:3397 com.android.wm.shell.transition.Transitions.onFinish:315 com.android.wm.shell.transition.Transitions$$ExternalSyntheticLambda7.onTransitionFinished:12 com.android.wm.shell.transition.DefaultTransitionHandler$$ExternalSyntheticLambda6.run:36
03-02 00:57:38.137  1439  1902 D AudioUtility: chooseTargetSampleRate() hiFiState 0 isDeviceSupportHiFi 0 sampleRate 48000 targetSampleRate 48000, isUltra96k 0
03-02 00:57:38.138  1484 15560 D NativePermissionController: checkPermission: missing 13 for 10350
03-02 00:57:38.138  1439  1902 D AudioALSAPlaybackHandlerBase: transferAudioFormatToPcmFormat(), audio_format(0x4) => pcm_format(0x3)
03-02 00:57:38.138  1439  1902 D AudioALSAPlaybackHandlerNormal: open(), flag = 8, mConfig: channels = 2, sample_rate(target) = 48000, period_size = 1024, period_count = 4, format = 3, avail_min = 2048, start_threshold = 0
03-02 00:57:38.139  1484  1567 D NativePermissionController: checkPermission: missing 13 for 10350
03-02 00:57:38.139  1484  3507 D NativePermissionController: checkPermission: missing 13 for 10351
03-02 00:57:38.141  1507  1507 D SurfaceFlinger: Display 4627039422300187648 HWC layers:
03-02 00:57:38.141  1507  1507 D SurfaceFlinger:        DEVICE |           73534135074940 | 00002102 | RGBA_8888    |    0.0    0.0    0.0    0.0 |    0    0   -1   -1 | com.podcast.app.debug/androidx.activity.ComponentActivity$_17121#156599 (2)
03-02 00:57:38.141  1507  1507 D SurfaceFlinger:   SOLID_COLOR |                        0 | 00000000 | N/A          |    0.0    0.0    0.0    0.0 |    0    0   -1   -1 | DimTransitionLayer for Surface(name=Task=44895)/@0x5c8679c#156620 (0)
03-02 00:57:38.141  1507  1507 D SurfaceFlinger:        DEVICE |           75299366633584 | 00002102 | RGBA_8888    |    0.0    0.0 1080.0 2340.0 |    0    0 1080 2340 | com.podcast.app.debug.test/androidx.[...]yInvoker$EmptyActivity$_17532#156613 (1)
03-02 00:57:38.141  1507  1507 D SurfaceFlinger:        DEVICE |           11793980283745 | 00002100 | RGBA_8888    |    0.0    0.0 1080.0 2340.0 |    0    0 1080 2340 | Splash Screen com.podcast.app.debug.test$_2746#156611 (1)
03-02 00:57:38.141  1507  1507 D SurfaceFlinger:        DEVICE |           11793980281854 | 00002100 | RGBA_8888    |    0.0    0.0 1080.0   80.0 |    0    0 1080   80 | StatusBar$_2746#117 (211172)
03-02 00:57:38.141  1507  1507 D SurfaceFlinger:        DEVICE |           13752485304097 | 00002100 | RGBA_8888
03-02 00:57:38.142  1507  1507 D SurfaceFlinger:     |    0.0    0.0   67.0  346.0 | 1013  454 1080  800 | com.sec.android.app.launcher/com.sam[...].app.CocktailBarService$_3202#152779 (1)
03-02 00:57:38.142  1507  1507 D SurfaceFlinger:        DEVICE |           11793980281853 | 00002100 | RGBA_8888    |    0.0    0.0 1080.0  135.0 |    0 2205 1080 2340 | NavigationBar0$_2746#113 (188141)
03-02 00:57:38.142  1507  1507 D SurfaceFlinger:
03-02 00:57:38.142  2746  2746 D SamsungLightBarControlHelper: updateStatusBar (WHITE icon) numStacks:1, StatusBarMode:MODE_TRANSPARENT, lightBarBounds:[], StatusBarState:SHADE, packageName:, isWhiteKeyguardStatusBar:true
03-02 00:57:38.142  2746  2746 D SamsungLightBarControlHelper: onStatusBarAppearanceChanged() -  sbModeChanged:false, statusBarMode:0, barState:MODE_TRANSPARENT, isKeyguardShowing:false, navbarColorManagedByIme:false, (AppearanceRegion{ bounds=[0,0][1080,2340]}, )
03-02 00:57:38.143  1484  1567 D NativePermissionController: checkPermission: missing 13 for 10350
03-02 00:57:38.143  1439  1902 D AudioALSAPlaybackHandlerBase: openPcmDriverWithFlag(), pcm device = 3 flag = 0xc mPcm = 0xb400006feb0387c0
03-02 00:57:38.143  1439  1902 D AudioALSAPlaybackHandlerBase: CreateAurisysLibManager, ph type: 10, voip: 0, mAurisysScenario: 9
03-02 00:57:38.143  1484 15560 D NativePermissionController: checkPermission: missing 13 for 10350
03-02 00:57:38.143  1439  1902 D aurisys_utility: input dev: 0x80000080 0x0, fmt = 0x3, fs: 48000, max fs: 48000, ch: 2, max ch: 2, ch maks: 0x3, hw_info_mask: 0x0; output dev: 0x2 0x0, fmt = 0x3, fs: 48000, max fs: 48000, ch: 2, max ch: 4, ch maks: 0x3, hw_info_mask: 0x8; task_scene: 32, audio_mode: 0, stream_type: 3, output_flags: 0x8, input_source: 0, input_flags: 0x0; network_info: 0, enhancement_feature_mask: 0x0
03-02 00:57:38.144  1439  1902 D AudioUtility: setupCustomInfoStr(), custom_info = "SetAudioCustomScene=Default;", (scene = Default, vol_level = -1, bt_codec = -1, gameChatMode = -1)
03-02 00:57:38.144  1439  1902 D aurisys_utility: lib, working fs: 48000, fmt: 0x3, frame = 0, b_interleave = 1, num_ul_ref_buf_array = 0, num_dl_ref_buf_array = 0
03-02 00:57:38.144  1439  1902 D aurisys_utility: dl in[type:2], ch: 2, ch_mask: 0x3, buf fs: 48000, buf content fs: 48000, fmt: 0x3; dl out[type:3], ch: 2, ch_mask: 0x3, buf fs: 48000, buf content fs: 48000, fmt: 0x3
03-02 00:57:38.144  1439  1902 I [Awinic]: aw_skt_arsi_query_param_buf_size_by_custom_info:reserve2 [0] cust_scene[0] ---> aw_scene[0]
03-02 00:57:38.144  1439  1902 I [Awinic]: find [] scene_block with id 0
03-02 00:57:38.144  1439  1902 I [Awinic]: aw_skt_arsi_query_param_buf_size_by_custom_info:aw_scene[] params len is 11884
03-02 00:57:38.144  1439  1902 D aurisys_lib_handler: [LIB] Awinic Info: aw_skt_arsi_query_param_buf_size_by_custom_info done!
03-02 00:57:38.144  1439  1902 I [Awinic]: aw_skt_arsi_parsing_param_file_by_custom_info:reserve2 [0] cust_scene[0] ---> aw_scene[0]
03-02 00:57:38.144  1439  1902 I [Awinic]: find [] scene_block with id 0
03-02 00:57:38.144  1439  1902 E [Awinic]: open awinic params file [vendor/etc/demo//AW_SPIN_MODE.bin] failed
03-02 00:57:38.144  1439  1902 D [Awinic]: aw_skt_arsi_get_spin_mode_table: read awinic spin mode file failed
03-02 00:57:38.144  1439  1902 I [Awinic]: aw_skt_arsi_parsing_param_file_by_custom_info:load aw_scene[] params done
03-02 00:57:38.144  1439  1902 D aurisys_lib_handler: aurisys_arsi_parsing_param_file(), gProductInfo "platform=MT6789,device=a15,model=SM-A155F", file_path "/vendor/etc/audio_param", enhancement_mode 0, param_buf_size 11884, data_size 11860, custom_info SetAudioCustomScene=Default;
03-02 00:57:38.144  1439  1902 D aurisys_lib_handler: [LIB] Awinic Info: aw_skt_arsi_query_working_buf_size(), scene = 32
03-02 00:57:38.144  1439  1902 D aurisys_lib_handler: [LIB] Awinic Info: input dev: 0x80000080 0x0, fmt = 0x3, fs: 48000, max fs: 48000, ch: 2, max ch: 2
03-02 00:57:38.144  1439  1902 D aurisys_lib_handler: [LIB] Awinic Info: output dev: 0x2 0x0, fmt = 0x3, fs: 48000, max fs: 48000, ch: 2, max ch: 4
03-02 00:57:38.144  1439  1902 D aurisys_lib_handler: [LIB] Awinic Info: lib, working fs: 48000, fmt: 0x3, frame = 0, b_interleave = 1
03-02 00:57:38.144  1439  1902 D aurisys_lib_handler: [LIB] Awinic Info: dl in, ch: 2, buf fs: 48000, read data fs: 48000, fmt: 0x3
03-02 00:57:38.144  1439  1902 D aurisys_lib_handler: [LIB] Awinic Info: dl out, ch: 2, buf fs: 48000, read data fs: 48000, fmt: 0x3
03-02 00:57:38.144  1439  1902 D [Awinic]: [I]Awinic <aw_get_algo_propert>get prop_id: 0x00010001 start!
03-02 00:57:38.144  1439  1902 D [Awinic]: [I]Awinic <aw_get_algo_propert>get prop_id: 0x00010001 success!
03-02 00:57:38.144  1439  1902 D [Awinic]: [I]Awinic <aw_get_algo_propert>get prop_id: 0x00010002 start!
03-02 00:57:38.144  1439  1902 D [Awinic]: [I]Awinic <aw_get_algo_propert>get prop_id: 0x00010002 success!
03-02 00:57:38.144  1439  1902 D [Awinic]: [I]Awinic <aw_get_algo_propert>get prop_id: 0x00010005 start!
03-02 00:57:38.144  1439  1902 D [Awinic]: [I]Awinic <aw_get_algo_propert>get prop_id: 0x00010005 success!
03-02 00:57:38.144  1439  1902 D [Awinic]: [I]Awinic <aw_set_algo_propert>set prop_id: 0x00020005 start!
03-02 00:57:38.144  1439  1902 D [Awinic]: [I]Awinic <aw_set_algo_propert>set prop_id: 0x00020005 success!
03-02 00:57:38.144  1439  1902 D [Awinic]: [I]Awinic <aw_set_algo_propert>set prop_id: 0x00020003 start!
03-02 00:57:38.144  1439  1902 D [Awinic]: [I]Awinic <elog_start>Awinic Logger Init Done!
03-02 00:57:38.144  1439  1902 D [Awinic]: [I]Awinic <aw_set_algo_propert>set prop_id: 0x00020003 success!
03-02 00:57:38.144  1439  1902 D aurisys_lib_handler: [LIB] Awinic Info: (null)(), work_buf size, SLB:0 L2SRAM:621232 DRAM:213178106
03-02 00:57:38.144  1439  1902 D aurisys_lib_handler: [LIB] Awinic Info: aw_skt_arsi_query_working_buf_size done!
03-02 00:57:38.144  1439  1902 D aurisys_lib_handler: aurisys_arsi_create_handler(), lib_name smartpa_aw88xxx, [queried_size] dram:621232 [avail_size] dram:4294967295
03-02 00:57:38.145  1439  1902 D aurisys_lib_handler: [LIB] SLB address: 0x0 size: 0, L2SRAM address: 0x0 size: 0, DRAM address: 0xe1dc7a80 size: 621232
03-02 00:57:38.145  1439  1902 D aurisys_lib_handler: [LIB] Awinic Info: skt_cfg_size : 618744
03-02 00:57:38.145  1439  1902 D [Awinic]: [I]Awinic <aw_get_algo_propert>get prop_id: 0x00010006 start!
03-02 00:57:38.145  1439  1902 D [Awinic]: [I]Awinic <aw_get_algo_propert>get prop_id: 0x00010006 success!
03-02 00:57:38.145  1439  1902 I [Awinic]: SKTune version is SKTune_V6.5_v1.1.5[2].1
03-02 00:57:38.145  1439  1902 I [Awinic]: API version is SKTune_api_v0.0.4.10
03-02 00:57:38.145  1439  1902 D [Awinic]: mix_init init done!
03-02 00:57:38.145  1439  1902 D [Awinic]: mix_init init done!
03-02 00:57:38.145  1439  1902 D [Awinic]: spin init done!
03-02 00:57:38.145  1439  1902 D [Awinic]: mix_init init done!
03-02 00:57:38.145  1439  1902 D [Awinic]: init Done !
03-02 00:57:38.145  1439  1902 D [Awinic]: [I]Awinic <aw_gse_lib_set_preset>GSE Preset convert END!
03-02 00:57:38.145  1439  1902 D [Awinic]: [D]Awinic <aw_gse_ch_set_params>classification or deq is not enabled
03-02 00:57:38.145  1439  1902 D [Awinic]: [D]Awinic <aw_gse_ch_set_params>classification or deq is not enabled
03-02 00:57:38.145  1439  1902 D [Awinic]: [I]Awinic <aw_sToneEvalSetParams>Origin cfg->cali_Re: -98000ohm, set param->cali_Re: 6259mohm!
03-02 00:57:38.146  1439  1902 D [Awinic]: [I]Awinic <aw_sToneEvalSetParams>Origin cfg->cali_Re: -98000ohm, set param->cali_Re: 8000mohm!
03-02 00:57:38.146  1439  1902 D [Awinic]: [D]Awinic <aw_mecLibSetParams_v2>set parameter done!
03-02 00:57:38.146  1439  1902 I [Awinic]: AW_UI_PRESET set done!
03-02 00:57:38.146  1439  1902 I [Awinic]: params data random code is 10902!
03-02 00:57:38.146  1439  1902 D [Awinic]: fadein mix start, pre_gain:[1048576], post_gain:[1048576], mix state: 5
03-02 00:57:38.146  1439  1902 D [Awinic]: set params for cfg[0] done
03-02 00:57:38.146  1439  1902 D aurisys_lib_handler: [LIB] Awinic Info: format 0x3 , num_channels 2, sampling_rate 48000
03-02 00:57:38.146  1484  2000 D NativePermissionController: checkPermission: missing 13 for 10130
03-02 00:57:38.146  1439  1902 I [Awinic]: aw_vmax_kctl_dev_init: Awinic dev[0]'s monitor switch kcontrol is not accessible!
03-02 00:57:38.146  1439  1902 I [Awinic]: aw_vmax_kctl_dev_init: Awinic dev[1]'s monitor switch kcontrol is not accessible!
03-02 00:57:38.146  2746  3671 D SoundCraft.PlayingAudioConditionHandler: onPlaybackConfigChanged : lastStartedPackageName=com.zhiliaoapp.musically, lastStartedUid=10350, newStartedUid=10350, newStartPackageName=com.zhiliaoapp.musically, thread=Thread[RoutineHandlerThread,5,main]
03-02 00:57:38.148  1507  1507 I SurfaceFlinger: RequestedLayer [Task=44894#156594] hidden!! flag  from(0) --> to(1)
03-02 00:57:38.148  1439  1902 I [Awinic]: aw_vamx_node_init: Awinic open monitor_node_path: /sys/class/power_supply/battery/capacity failed, close monitor
03-02 00:57:38.148  1439  1902 D [Awinic]: set dtc_status: interval_time: 0 s, tma_pre: 124076, tcm_pre: 6906
03-02 00:57:38.148  1439  1902 D [Awinic]: [D]Awinic <tpc_ppc_set_centre_state>cfg->dtc_enable: 1, state->interval_time: 0
03-02 00:57:38.148  1507  1507 I SurfaceFlinger: [LayerHierarchy{RequestedLayerState{Task=44894#156594 parentId=10 z=41} 1 children}] reparent to LayerHierarchy{RequestedLayerState{DefaultTaskDisplayArea_d0#10 parentId=9} 47 children}
03-02 00:57:38.148  1507  1507 I SurfaceFlinger: [LayerHierarchy{RequestedLayerState{DimTransitionLayer for Surface(name=Task=44895)/@0x5c8679c#156620 z=-1} no children}] reparent to OffscreenRoot
03-02 00:57:38.148  1507  1507 I SurfaceFlinger: [LayerHierarchy{RequestedLayerState{DimTransitionLayer for Surface(name=Task=44895)/@0x5c8679c#156620 z=-1} no children}] RelativeParent to null
03-02 00:57:38.148  1507  1507 I SurfaceFlinger: [LayerHierarchy{RequestedLayerState{Task=44895#156608 parentId=10 z=42} 1 children}] reparent to LayerHierarchy{RequestedLayerState{DefaultTaskDisplayArea_d0#10 parentId=9} 48 children}
03-02 00:57:38.148  1439  1902 E [Awinic]: Open env_te attr[/sys/class/power_supply/battery/temp] failed, errno: 13, due to Permission denied!
03-02 00:57:38.148  1507  1507 I SurfaceFlinger: [LayerHierarchy{RequestedLayerState{Transition Root: Task=44895#156614 z=42} no children}] reparent to OffscreenRoot
03-02 00:57:38.148  1507  1507 I SurfaceFlinger: [LayerHierarchy{RequestedLayerState{Transition Root: Task=44895#156614 z=42} no children}] RelativeParent to null
03-02 00:57:38.148  1439  1902 D aurisys_lib_handler: [LIB] Awinic Info: aw_skt_arsi_create_handler done!
03-02 00:57:38.148  1439  1902 D aurisys_lib_handler: aurisys_arsi_create_handler(), lib_name smartpa_aw88xxx, 0xb400006feb041000, process_type 1, arsi_handler 0xb400006fe1dc7a80, retval 0x0
03-02 00:57:38.148  1439  1902 D aurisys_lib_handler: [LIB] Awinic Info: aw_skt_arsi_set_debug_log_fp done!
03-02 00:57:38.148  1439  1902 D aurisys_lib_handler: [LIB] Awinic Info: aw_skt_arsi_query_process_unit_bytes done!
03-02 00:57:38.148  1439  1902 D aurisys_lib_handler: aurisys_arsi_create_handler(), arsi_query_process_unit_bytes, ul 4096, dl 4096, retval 0
03-02 00:57:38.148  1439  1902 D aurisys_lib_manager: DL Lib, lib_name smartpa_aw88xxx, 0xb400006feb041000, sample_rate: 48000 => 48000, num_channels: 2 => 2, audio_format: 0x3 => 0x3, interleave: 1 => 1, frame: 0 => 0
03-02 00:57:38.148  1439  1902 D aurisys_lib_manager: DL out, sample_rate: 48000 => 48000, num_channels: 2 => 2, audio_format: 0x3 => 0x4, interleave: 1 => 1, frame: 0 => 0
03-02 00:57:38.148  1484  2000 D NativePermissionController: checkPermission: missing 13 for 10130
03-02 00:57:38.149  1439  1902 D AudioALSAHardwareResourceManager: +startOutputDevice(), new_devices = 0x2, mOutputDevices = 0x0, mStartOutputDevicesCount = 0 SampleRate = 48000
03-02 00:57:38.149  2746  2798 I SurfaceControlRegistry: show, t=StartTransaction_SyncId<11297> sc=Transition Root: Task=44543, caller=android.view.SurfaceControl$Transaction.show:3557 com.android.wm.shell.transition.Transitions.playTransition:79 com.android.wm.shell.transition.Transitions.processReadyQueue:239 com.android.wm.shell.transition.Transitions.onFinish:528 com.android.wm.shell.transition.Transitions$$ExternalSyntheticLambda7.onTransitionFinished:12 com.android.wm.shell.transition.DefaultTransitionHandler$$ExternalSyntheticLambda6.run:36
03-02 00:57:38.149  1439  1902 D AudioSmartPaController: +dspOnBoardSpeakerOn(), SampleRate: 48000, MD_type: 0, isI2sInEchoRefEn: 0
03-02 00:57:38.149  1439  1902 D AudioALSAHardwareResourceManager: notifyOutputDeviceStatusChange(), device = 2, status = 0, sampleRate = 48000, mOpenSpeakerPathCount = 1
03-02 00:57:38.149  1439  1902 D AudioALSAStreamManager: speakerStatusChangeCb(), status = 0, sampleRate = 48000
03-02 00:57:38.149  1439  1902 D AudioALSAPlaybackHandlerNormal: -open()
03-02 00:57:38.149  1439  1902 D audio_sw_mixer: sw_mixer_target_attach(), MIXER_PLAYBACK  , name T_PRIMARY    order 4 sz 16384 fmt 3 ch 2 rate 48000 latency_us 42666
03-02 00:57:38.149  1439  1902 D audio_sw_mixer: sw_mixer_manager_create_path(), MIXER_PLAYBACK  , path T_DEEP=>T_PRIMARY   , uuid 1960187408, source: order 2 sz 8192 fmt 3 ch 2 rate 48000 latency_us 21333, target: order 4 sz 16384 fmt 3 ch 2 rate 48000 latency_us 42666
03-02 00:57:38.149  1439  1902 D audio_sw_mixer: dump_path_list(), MIXER_PLAYBACK  , T_DEEP=>T_PRIMARY   [8192, 2, n]
03-02 00:57:38.150  1439  1902 D AudioALSAPlaybackHandlerMixer: open(-), target flag 8, mDevice 0x2, buffer_size 16384, frame_count 2048, sample_rate 48000
03-02 00:57:38.150  1439  1620 D audio_sw_mixer: sw_mixer_mix_thread(), thread mix1:0 running: target T_PRIMARY
03-02 00:57:38.150  1439  1902 D AudioALSAStreamManager: setPlaybackStreamActive(), is_active = 1, stream_type = 3, mIsMusicStreamActive = 1
03-02 00:57:38.150  1439  1902 D AudioALSAStreamOut: -open(), flags 8
03-02 00:57:38.150  1439  1902 D AudioALSAPlaybackHandlerMixer: setScreenState(), buffer_size 8192 => 16384
03-02 00:57:38.150  1484 15560 D NativePermissionController: checkPermission: missing 13 for 10476
03-02 00:57:38.150  1439  1902 D AudioALSAPlaybackHandlerNormal: setScreenState(), flag = 8, rate = 2048, mInterrupt = 0.042667, mode = 1, sample_rate(target) = 48000, buffer_size = 16384, channel = 2, format = 4, reduceInterruptSize = 1024
03-02 00:57:38.150  1439  1902 W audio_sw_mixer: sw_mixer_source_update_write_bytes(), MIXER_PLAYBACK  , name T_DEEP       order 2 sz 8192=>16384 fmt 3 ch 2 rate 48000 latency_us 42666
03-02 00:57:38.150  1439  1902 W AudioALSAPlaybackHandlerBase: getQueuedFramesInfo(), mTimeStampValid false!!
03-02 00:57:38.152  1507  1507 I SurfaceFlinger: onHandleDestroyed: layerId=156620, name=DimTransitionLayer for Surface(name=Task=44895)/@0x5c8679c#156620
03-02 00:57:38.152  1507  1507 I SurfaceFlinger: id=156620 Removed DimTransitionLayer for Surface(name=Task=44895)/@0x5c8679c#156620 (335)
03-02 00:57:38.152  1507  1507 I SurfaceFlinger: onHandleDestroyed: layerId=156614, name=Transition Root: Task=44895#156614
03-02 00:57:38.152  1507  1507 I SurfaceFlinger: id=156614 Removed Transition Root: Task=44895#156614 (335)
03-02 00:57:38.153  1507  2128 I SurfaceFlinger: id=156635 createSurf, flag=20004, DimTransitionLayer for Surface(name=Task=44895)/@0x72d7718#156635
03-02 00:57:38.153  1484 15560 D NativePermissionController: checkPermission: missing 13 for 10351
03-02 00:57:38.154  1484  1921 E StreamHalAidl: Function: getPresentationPosition Line: 1037 Failed
03-02 00:57:38.154  1484  1921 I SoundAlive_SRC384 arch64: ~SoundAlive_SRC384(): instance 6732
03-02 00:57:38.154 17121 17121 I VRI[ComponentActivity]@284d1df: handleAppVisibility mAppVisible = true visible = false
03-02 00:57:38.154 17121 17121 D VRI[ComponentActivity]@284d1df: visibilityChanged oldVisibility=true newVisibility=false
03-02 00:57:38.154  1439 16888 D MTKAdapterStreamLayer: updateMetadataCommon(),
03-02 00:57:38.154  1484  1921 I SoundAlive_SRC384 arch64: SoundAlive_SRC384() ID = 6733 GID = 6734
03-02 00:57:38.155  1484  1921 I SoundAlive_SRC384 arch64: SoundAlive_SRC384: Instance 6733 Init(outFs 7, InFs 7, chnum 0, outBW 0, inBW 0)
03-02 00:57:38.155  1484  1921 I Samsung_SoundAlive_SRC arch64: SRC384 version Samsung SoundAlive SRC ver320 arch64  2021.08.04 (Cppref for ARM64, ver.300.c 32bit 07_10_2016 based)
03-02 00:57:38.155  1484  1921 D SoundAliveResampler: [SoundAliveResampler] Init+++
03-02 00:57:38.155  1484  1921 I SoundAlive_SRC384 arch64: SoundAlive_SRC384: Instance 6733 Init(outFs 8, InFs 7, chnum 2, outBW 3, inBW 3)
03-02 00:57:38.155  1484  1921 I Samsung_SoundAlive_SRC arch64: SRC384 version Samsung SoundAlive SRC ver320 arch64  2021.08.04 (Cppref for ARM64, ver.300.c 32bit 07_10_2016 based)
03-02 00:57:38.155  2746  2798 I SurfaceControlRegistry: show, t=StartTransaction_SyncId<11297> sc=DimTransitionLayer for Surface(name=Task=44895)/@0x72d7718, caller=android.view.SurfaceControl$Transaction.show:3557 com.android.wm.shell.transition.DefaultTransitionHandler.startAnimation:2837 com.android.wm.shell.transition.Transitions.dispatchTransition:90 com.android.wm.shell.transition.Transitions.playTransition:774 com.android.wm.shell.transition.Transitions.processReadyQueue:239 com.android.wm.shell.transition.Transitions.onFinish:528
03-02 00:57:38.156  1484 15560 D NativePermissionController: checkPermission: missing 13 for 10476
03-02 00:57:38.157  1484  1567 D NativePermissionController: checkPermission: missing 13 for 10130
03-02 00:57:38.157  1464  1492 I mtkpower@impl: [setMode] type:5, enabled:0
03-02 00:57:38.157  2746  2798 I SurfaceControlRegistry: apply, t=StartTransaction_SyncId<11297>, caller=android.view.SurfaceControl$Transaction.apply:3459 android.view.SurfaceControl$Transaction.apply:3447 android.view.SurfaceControl$Transaction.apply:3397 com.android.wm.shell.transition.DefaultTransitionHandler.startAnimation:3292 com.android.wm.shell.transition.Transitions.dispatchTransition:90 com.android.wm.shell.transition.Transitions.playTransition:774
03-02 00:57:38.157  1484  1567 D NativePermissionController: checkPermission: missing 13 for 10476
03-02 00:57:38.157  1439  1902 W AudioALSAPlaybackHandlerBase: getQueuedFramesInfo(), mTimeStampValid false!!
03-02 00:57:38.159  1507  1507 I SurfaceFlinger: RequestedLayer [com.podcast.app.debug/androidx.activity.ComponentActivity$_17121#156599] hidden!! flag  from(0) --> to(1)
03-02 00:57:38.159  1507  1507 I SurfaceFlinger: RequestedLayer [ActivityRecord{226246986 u0 com.podc[...]ity.ComponentActivity t44894}#156595] hidden!! flag  from(0) --> to(1)
03-02 00:57:38.159  1507  1507 I SurfaceFlinger: RequestedLayer [Task=44543#147901] hidden!! flag  from(1) --> to(0)
03-02 00:57:38.159  1507  1507 I SurfaceFlinger: RequestedLayer [com.zhiliaoapp.musically/com.ss.andr[...].splash.SplashActivity$_14885#156621] hidden!! flag  from(1) --> to(0)
03-02 00:57:38.159  1507  1507 I SurfaceFlinger: RequestedLayer [Transition Root: Task=44543#156634] hidden!! flag  from(1) --> to(0)
03-02 00:57:38.159  1507  1507 I SurfaceFlinger: RequestedLayer [ActivityRecord{2751228 u0 com.zhilia[...]splash.SplashActivity t44543}#147902] hidden!! flag  from(1) --> to(0)
03-02 00:57:38.159  1507  1507 I SurfaceFlinger: RequestedLayer [DimTransitionLayer for Surface(name=Task=44895)/@0x72d7718#156635] hidden!! flag  from(1) --> to(0)
03-02 00:57:38.159  1507  1507 E SurfaceFlinger: alpha changed 1.000 -> 0.000 - DimTransitionLayer for Surface(name=Task=44895)/@0x72d7718#156635
03-02 00:57:38.159  1507  1507 I SurfaceFlinger: destroyed DimTransitionLayer for Surface(name=Task=44895)/@0x5c8679c#156620
03-02 00:57:38.159  1507  1507 I SurfaceFlinger: destroyed Transition Root: Task=44895#156614
03-02 00:57:38.159  1507  1507 I SurfaceFlinger: [LayerHierarchy{RequestedLayerState{Task=44543#147901 parentId=156634 z=3} 1 children}] reparent to LayerHierarchy{RequestedLayerState{Transition Root: Task=44543#156634 parentId=10 z=42} 1 children}
03-02 00:57:38.159  1507  1507 I SurfaceFlinger: [DimTransitionLayer for Surface(name=Task=44895)/@0x72d7718#156635] attach to parent LayerHierarchy{RequestedLayerState{Transition Root: Task=44543#156634 parentId=10 z=42} 2 children}
03-02 00:57:38.159  1507  1507 I SurfaceFlinger: [LayerHierarchy{RequestedLayerState{Task=44895#156608 parentId=156634 z=4} 2 children}] reparent to LayerHierarchy{RequestedLayerState{Transition Root: Task=44543#156634 parentId=10 z=42} 3 children}
03-02 00:57:38.160  1439  1620 D [Awinic]: mix fade in done, switch to MIX_DONE
03-02 00:57:38.160  1439  1620 D [Awinic]: mix_reset reset done!
03-02 00:57:38.161  1507  1507 I Layer   : id=156614 Destroyed Transition Root: Task=44895#156614
03-02 00:57:38.161  1507  1507 I Layer   : id=156620 Destroyed DimTransitionLayer for Surface(name=Task=44895)/@0x5c8679c#156620
03-02 00:57:38.166  2013  4835 D InputDispatcher: Focus entered window (0): cd2d6b5 com.zhiliaoapp.musically/com.ss.android.ugc.aweme.splash.SplashActivity
03-02 00:57:38.167 17121 17389 D HWUI    : CacheManager::trimMemory(20)
03-02 00:57:38.167 14885 14885 D VRI[SplashActivity]@35f4eb8: mThreadedRenderer.initializeIfNeeded()#2 mSurface={isValid=true 0x744fcbb100}
03-02 00:57:38.167  1507  1563 I SurfaceFlinger: id=156636 createSurf, flag=24000, Surface(name=cd388e9 com.podcast.app.debug.test/androidx.test.core.app.InstrumentationActivityInvoker$EmptyActivity)/@0x402442e - animation-leash of starting_reveal#156636
03-02 00:57:38.168 14885 14885 I System.out: SAFActivity V Scene Framework: NavigationSceneManager onWindowFocusChanged true
03-02 00:57:38.169 14885 14885 I System.out: SAFFragmentRootScene: onWindowFocusChanged: com.ss.android.ugc.aweme.main.MainRootFragment, MainRootFragment{e89d275} (8a90a2f7-f51b-4f8d-88b5-38e0125851ad tag=root_fragment), true (SAFFragmentRootScene{79e191c})
03-02 00:57:38.169  2746  2798 D ShellTaskOrganizer: removeStartingWindow, removalInfo=StartingWindowRemovalInfo{taskId=44895 frame=Rect(0, 0 - 1080, 2340) playRevealAnimation=true roundedCornerRadius=0.0 deferRemoveMode=0 windowlessSurface=false removeImmediately=false}
03-02 00:57:38.170  1507  1507 E SurfaceFlinger: alpha changed 0.000 -> 0.180 - DimTransitionLayer for Surface(name=Task=44895)/@0x72d7718#156635
03-02 00:57:38.170  1507  1507 I SurfaceFlinger: [Surface(name=cd388e9 com.podcast.app.debug.test/androidx.test.core.app.InstrumentationActivityInvoker$EmptyActivity)/@0x402442e - animation-leash of starting_reveal#156636] attach to parent LayerHierarchy{RequestedLayerState{ActivityRecord{267158692 u0 com.podcast.app.debug.test/androidx.test.core.app.InstrumentationActivityInvoker$EmptyActivity t44895}#156609 parentId=156608} 4 children}
03-02 00:57:38.170  2013  4835 I WindowManager: Relayout Window{79a6976 u0 com.podcast.app.debug/androidx.activity.ComponentActivity}: viewVisibility=8 req=1080x2340 ty=1 d0
03-02 00:57:38.172  2746  2865 I VRI[test]@4afefb1: mWNT: t=0xb40000783d375500 mBlastBufferQueue=0xb40000771f71d400 fn= 2 HdrRenderState mRenderHdrSdrRatio=1.0 caller= android.view.SyncRtSurfaceTransactionApplier.applyTransaction:100 android.view.SyncRtSurfaceTransactionApplier.lambda$scheduleApply$0:73 android.view.SyncRtSurfaceTransactionApplier.$r8$lambda$afI4fXg3U3-nBZQEDQMiNy-B06s:0
03-02 00:57:38.172  2746  2865 I VRI[test]@4afefb1: mWNT: t=0xb40000783d376280 mBlastBufferQueue=0xb40000771f71d400 fn= 2 HdrRenderState mRenderHdrSdrRatio=1.0 caller= android.view.SyncRtSurfaceTransactionApplier.applyTransaction:100 android.view.SyncRtSurfaceTransactionApplier.lambda$scheduleApply$0:73 android.view.SyncRtSurfaceTransactionApplier.$r8$lambda$afI4fXg3U3-nBZQEDQMiNy-B06s:0
03-02 00:57:38.173 14885 14885 D InputMethodManagerUtils: startInputInner - Id : 0
03-02 00:57:38.173 14885 14885 I InputMethodManager: startInputInner - IInputMethodManagerGlobalInvoker.startInputOrWindowGainedFocus
03-02 00:57:38.174  2013  4835 I WindowManager: Relayout hash=79a6976, pid=17121, syncId=-1: mAttrs={(0,0)(fillxfill) sim={adjust=pan forwardNavigation} layoutInDisplayCutoutMode=always ty=BASE_APPLICATION wanim=0x1030317
03-02 00:57:38.174  2013  4835 I WindowManager:   fl=81810100
03-02 00:57:38.174  2013  4835 I WindowManager:   pfl=100088c0
03-02 00:57:38.174  2013  4835 I WindowManager:   bhv=1
03-02 00:57:38.174  2013  4835 I WindowManager:   fitSides=0
03-02 00:57:38.174  2013  4835 I WindowManager:   frameRateBoostOnTouch=true
03-02 00:57:38.174  2013  4835 I WindowManager:   dvrrWindowFrameRateHint=true naviIconColor=0}
03-02 00:57:38.175  2013  2322 I ImeTracker: com.zhiliaoapp.musically:f5e504e: onRequestHide at ORIGIN_SERVER reason HIDE_UNSPECIFIED_WINDOW fromUser false
03-02 00:57:38.175  1445  2902 W C2MtkBufferManager: [0xB4000070F507E520] fetchNewCcBlock: wait fence 0x0xb4000070f5058270 timed out. ret 110
03-02 00:57:38.176  1484  1921 E StreamHalAidl: Function: getPresentationPosition Line: 1037 Failed
03-02 00:57:38.176 14885 14885 I InputMethodManager: handleMessage: setImeVisibility visible=false
03-02 00:57:38.176 14885 14885 D InsetsController: hide(ime(), fromIme=false)
03-02 00:57:38.176 14885 14885 I ImeTracker: com.zhiliaoapp.musically:f5e504e: onCancelled at PHASE_CLIENT_ALREADY_HIDDEN
03-02 00:57:38.178  1484  1567 D AudioFlinger: setParameters: filtered dev setParameters keyvalue audioHDR=0
03-02 00:57:38.178 17121 17121 I BLASTBufferQueue: [VRI[ComponentActivity]@284d1df#30](f:0,a:1,s:0) destructor()
03-02 00:57:38.178 17121 17121 D BufferQueueConsumer: [VRI[ComponentActivity]@284d1df#30(BLAST Consumer)30](id:42e10000001e,api:0,p:-1,c:17121) disconnect
03-02 00:57:38.178  1509  1509 D Audio_ParameterParser: parseVendorParameters: scope: MODULE, keys/values: audioHDR=0
03-02 00:57:38.179 17121 17121 I VRI[ComponentActivity]@284d1df: Relayout returned: old=(0,0,1080,2340) new=(0,0,1080,2340) relayoutAsync=false req=(1080,2340)8 dur=11 res=0x2 s={false 0x0} ch=true seqId=0
03-02 00:57:38.179 17121 17121 D VRI[ComponentActivity]@284d1df: Not drawing due to not visible. Reason=!mAppVisible && !mForceDecorViewVisibility
03-02 00:57:38.180 17121 17121 I VRI[ComponentActivity]@284d1df: stopped(true) old = false
03-02 00:57:38.180  1439 16888 D AudioALSAHardware: +setParameters(): audioHDR=0
03-02 00:57:38.180 17121 17121 D VRI[ComponentActivity]@284d1df: WindowStopped on com.podcast.app.debug/androidx.activity.ComponentActivity set to true
03-02 00:57:38.180  1439 16888 D AudioALSAHardware: -setParameters(): audioHDR=0
03-02 00:57:38.180 17121 17389 D HWUI    : CacheManager::trimMemory(20)
03-02 00:57:38.180  1439 16888 E AHAL_Module: setVendorParameters: default: unrecognized parameter "audioHDR=0"
03-02 00:57:38.183  2746  2866 I VRI[test]@4afefb1: mWNT: t=0xb40000783d376d00 mBlastBufferQueue=0xb40000771f71d400 fn= 3 HdrRenderState mRenderHdrSdrRatio=1.0 caller= android.view.SyncRtSurfaceTransactionApplier.applyTransaction:100 android.view.SyncRtSurfaceTransactionApplier.lambda$scheduleApply$0:73 android.view.SyncRtSurfaceTransactionApplier.$r8$lambda$afI4fXg3U3-nBZQEDQMiNy-B06s:0
03-02 00:57:38.183 17121 17121 D LifecycleMonitor: Lifecycle status change: androidx.activity.ComponentActivity@14b9de8 in: STOPPED
03-02 00:57:38.183 17121 17121 V ActivityScenario: Update currentActivityStage to STOPPED, currentActivity=androidx.activity.ComponentActivity@14b9de8
03-02 00:57:38.185  1439  1620 D audio_sw_mixer: sw_mixer_wait_to_mix(), MIXER_PLAYBACK  , target T_PRIMARY    thread enter direct mode
03-02 00:57:38.186  1484  1567 E ConversionHelperAidl: Function: parseAndSetVendorParameters Line: 94 Failed
03-02 00:57:38.188  1509  1509 D Audio_ParameterParser: parseVendorParameters: scope: MODULE, keys/values: audioHDR=0
03-02 00:57:38.188  1509  1509 D Audio_ParameterParser: parseVendorParameters: scope: MODULE, keys/values: audioHDR=0
03-02 00:57:38.189  1439 32089 D AHAL_ModuleBluetooth: setVendorParameters unrecognized parameter: audioHDR=0
03-02 00:57:38.189  2013  2065 D PkgPredictorService-SecIpmManagerServiceImpl: bg information pid:17121 uid:10685 pkgName:com.podcast.app.debug
03-02 00:57:38.190  1507  1507 D SurfaceFlinger: Display 4627039422300187648 HWC layers:
03-02 00:57:38.190  1507  1507 D SurfaceFlinger:   SOLID_COLOR |                        0 | 00000002 | N/A          |    0.0    0.0    0.0    0.0 |    0    0   -1   -1 | Background for 68eb87 SurfaceView[co[...]weme.splash.SplashActivity]@0#156627 (0)
03-02 00:57:38.190  1507  1507 D SurfaceFlinger:   SOLID_COLOR |                        0 | 00000002 | N/A          |    0.0    0.0    0.0    0.0 |    0   80  756 2000 | Background for 7086fb SurfaceView[co[...]weme.splash.SplashActivity]@0#156630 (0)
03-02 00:57:38.190  1507  1507 D SurfaceFlinger:   SOLID_COLOR |                        0 | 00000002 | N/A          |    0.0    0.0    0.0    0.0 |    0    0   -1   -1 | Background for 836459b SurfaceView[c[...]weme.splash.SplashActivity]@0#156633 (0)
03-02 00:57:38.190  1507  1507 D SurfaceFlinger:        DEVICE |           63930588202232 | 00002100 | RGBA_8888    |  324.0    0.0 1080.0 2340.0 |    0    0  756 2340 | com.zhiliaoapp.musically/com.ss.andr[...].splash.SplashActivity$_14885#156621 (3)
03-02 00:57:38.190  1507  1507 D SurfaceFlinger:   SOLID_COLOR |                        0 | 00000000 | N/A          |    0.0    0.0    0.0    0.0 |    0    0 1080 2340 | DimTransitionLayer for Surface(name=Task=44895)/@0
03-02 00:57:38.190  1507  1507 D SurfaceFlinger: x72d7718#156635 (0)
03-02 00:57:38.190  1507  1507 D SurfaceFlinger:        DEVICE |           75299366633584 | 00002102 | RGBA_8888    |    0.0    0.0 1037.0 2340.0 |   43    0 1080 2340 | com.podcast.app.debug.test/androidx.[...]yInvoker$EmptyActivity$_17532#156613 (1)
03-02 00:57:38.190  1507  1507 D SurfaceFlinger:        DEVICE |           11793980283748 | 00002100 | RGBA_8888    |    0.0    0.0 1037.0 2340.0 |   43    0 1080 2340 | Splash Screen com.podcast.app.debug.test$_2746#156611 (2)
03-02 00:57:38.190  1507  1507 D SurfaceFlinger:        DEVICE |           11793980281878 | 00002100 | RGBA_8888    |    0.0    0.0 1080.0   80.0 |    0    0 1080   80 | StatusBar$_2746#117 (211174)
03-02 00:57:38.190  1507  1507 D SurfaceFlinger:        DEVICE |           13752485304097 | 00002100 | RGBA_8888    |    0.0    0.0   67.0  346.0 | 1013  454 1080  800 | com.sec.android.app.launcher/com.sam[...].app.CocktailBarService$_3202#152779 (1)
03-02 00:57:38.190  1507  1507 D SurfaceFlinger:        DEVICE |           11793980281853 | 00002100 | RGBA_8888    |    0.0    0.0 1080.0  135.0 |    0 2205 1080 2340 | NavigationBar0$_2746#113 (188141)
03-02 00:57:38.190  1507  1507 D SurfaceFlinger:
03-02 00:57:38.192 17121 17121 D LifecycleMonitor: Lifecycle status change: androidx.activity.ComponentActivity@14b9de8 in: DESTROYED
03-02 00:57:38.193  2746  2865 I VRI[test]@4afefb1: mWNT: t=0xb40000772ad77300 mBlastBufferQueue=0xb40000771f71d400 fn= 4 HdrRenderState mRenderHdrSdrRatio=1.0 caller= android.view.SyncRtSurfaceTransactionApplier.applyTransaction:100 android.view.SyncRtSurfaceTransactionApplier.lambda$scheduleApply$0:73 android.view.SyncRtSurfaceTransactionApplier.$r8$lambda$afI4fXg3U3-nBZQEDQMiNy-B06s:0
03-02 00:57:38.193 17121 17121 V ActivityScenario: Update currentActivityStage to DESTROYED, currentActivity=null
03-02 00:57:38.193  1507  1507 I SurfaceFlinger: [LayerHierarchy{RequestedLayerState{cd388e9 com.podcast.app.debug.test/androidx.test.core.app.InstrumentationActivityInvoker$EmptyActivity#156612 parentId=156636} 1 children}] reparent to LayerHierarchy{RequestedLayerState{Surface(name=cd388e9 com.podcast.app.debug.test/androidx.test.core.app.InstrumentationActivityInvoker$EmptyActivity)/@0x402442e - animation-leash of starting_reveal#156636 parentId=156609} 1 children}
03-02 00:57:38.194 17121 17121 W WindowOnBackDispatcher: sendCancelIfRunning: isInProgress=false callback=android.view.ViewRootImpl$$ExternalSyntheticLambda16@28eacfb
03-02 00:57:38.195 17121 17389 D HWUI    : CacheManager::trimMemory(20)
03-02 00:57:38.196  2013  2322 D InputTransport: Input channel constructed: 'ClientS', fd=964
03-02 00:57:38.196  2013  2322 D InputTransport: Input channel destroyed: 'ClientS', fd=964
03-02 00:57:38.196 14885 14903 D InputTransport: Input channel constructed: 'ClientS', fd=606
03-02 00:57:38.196 17121 17121 D ViewRootImpl: Skipping stats log for color mode
03-02 00:57:38.196 17121 17121 I VRI[ComponentActivity]@284d1df: dispatchDetachedFromWindow
03-02 00:57:38.197  2013  2834 D InputTransport: Input channel destroyed: '79a6976', fd=1100
03-02 00:57:38.197  5235  5235 I HBD     : HoneyBoardService onFinishInput
03-02 00:57:38.198  5235  5235 I HBD     : a IC have been unbinding,  RemoteInputConnection{idHash=#14d48cb}
03-02 00:57:38.198  5235  5235 I HBD     : HoneyBoardService [PF_CL][onFinishInput]  1 ms
03-02 00:57:38.198  5235  5235 I HBD     : HoneyBoardService [IMI] onStartInput - caller pid : 14885 , caller uid : 10350
03-02 00:57:38.198  5235  5235 I HBD     : k updateConfigs
03-02 00:57:38.198  5235  5235 I HBD     : k isEnabledNightMode : true
03-02 00:57:38.198  5235  5235 I HBD     : a IC have been binding, RemoteInputConnection{idHash=#d44c93e}
03-02 00:57:38.198  5235  5235 I HBD     : h [EditorInputType]setPrivateImeOptionsToTable privateImeOptions ( null )
03-02 00:57:38.199  5235  5235 I HBD     : b incognitoMode : false
03-02 00:57:38.199  5235  5235 I HBD     : c needOff = true , isForceOff = false, isNullInputClass : true
03-02 00:57:38.199  5235  5235 I HBD     : h getDefaultInputRange : UNKNOWN
03-02 00:57:38.199  5235  5235 I HBD     : h getDefaultInputRange : UNKNOWN
03-02 00:57:38.199  5235  5235 I HBD     : h getDefaultInputRange : UNKNOWN
03-02 00:57:38.199  1507  1907 I SurfaceFlinger: id=156637 createSurf, flag=24004, Surface(name=2141cda InputMethod)/@0x5ea0b56 - animation-leash of insets_animation#156637
03-02 00:57:38.200  5235  5235 I HBD     : c needOff = true , isForceOff = false, isNullInputClass : true
03-02 00:57:38.200  5235  5235 I HBD     : c update cached prediction status : false
03-02 00:57:38.200  5235  5235 I HBD     : h getDefaultInputRange : UNKNOWN
03-02 00:57:38.200  5235  5235 I HBD     : a currentState : 0
03-02 00:57:38.200  2013  2834 I ImeTracker: system_server:16d21c10: onRequestHide at ORIGIN_SERVER reason IME_REQUESTED_CHANGED_LISTENER fromUser false
03-02 00:57:38.200  5235  5235 I HBD     : a [UpdatePolicy] [post] a: 0 cl: 65538 kit: [0/0] vt: 0 ir: 1
03-02 00:57:38.201  5235  5235 I HBD     : a [NRIC] resetNoResponseState
03-02 00:57:38.201  5235  5235 I HBD     : c needOff = true , isForceOff = false, isNullInputClass : true
03-02 00:57:38.201  5235  5235 I HBD     : c update cached prediction status : false
03-02 00:57:38.201  5235  5235 I HBD     : b [AiWriter] setContact : com.zhiliaoapp.musically
03-02 00:57:38.201  5235  5235 I HBD     : a [AiWriter] setContact : com.zhiliaoapp.musically
03-02 00:57:38.202  1450 19009 I mtkpower_client: perf_lock_rel, hdl:76729, pid: 1450, tid:19009
03-02 00:57:38.202  5235  5235 I HBD     : o0 EBD si S 0
03-02 00:57:38.202  5235  5235 I HBD     : r updateContactDBLanguage : 65538
03-02 00:57:38.202  1450 19009 I mtkpower_client: perf_lock_acq, hdl:0, dur:0, num:2, pid:1450, tid:19009
03-02 00:57:38.202  1439  1902 W audio_sw_mixer: sw_mixer_mix_fp_direct_write(-),   MIXER_PLAYBACK  , path T_DEEP=>T_PRIMARY   , size_out 16384, rb     0, latency/total: 42.666/44.866 (28.029+0.001+16.836) ms
03-02 00:57:38.202  5235  5235 I HBD     : g isCoverDisplay : false, cached selected json info : SelectedLanguageInfo(languageVersion=4.2, currentLanguageOrder=0, selectedLanguageList=[SelectedLanguage(id=65538, isUsed=true, engName=English, inputType=qwerty, activeOptionList=[auto_replace, auto_spacing, writing_assistant, prediction], bilingualId=-1), SelectedLanguage(id=5308416, isUsed=true, engName=Arabic, inputType=qwerty, activeOptionList=[auto_replace, auto_spacing, prediction], bilingualId=-1)])
03-02 00:57:38.202  5235  5235 I HBD     : g updateSelectedLanguageCache is succeeded. English
03-02 00:57:38.202  1484  1921 D AudioFlinger: mixer(0xb40000706662d000) throttle end: throttle time(18)
03-02 00:57:38.203  1464  1529 I libPowerHal: [perfLockRel] hdl:76729, idx:3
03-02 00:57:38.203  1464  1529 I libPowerHal: [set_cpuidle] enable:1, fd:17, scn:0xb40000737b60a5e8
03-02 00:57:38.204  1464  1529 I libPowerHal: [PD] vendor.samsung. update cmd:1c3c100 param:1 pr:6
03-02 00:57:38.204  5235  5235 I HBD     : l writeToFile path : /data/user/0/com.samsung.android.honeyboard/files/selected.json
03-02 00:57:38.204  5235  5235 I HBD     : l writeToFile json : {"version":"4.2","currentLanguageOrder":0,"selected":[{"activeOptionList":["auto_replace","auto_spacing","writing_assistant","prediction"],"bilingualId":-1,"engName":"English","id":65538,"inputType":"qwerty","isUsed":true},{"activeOptionList":["auto_replace","auto_spacing","prediction"],"bilingualId":-1,"engName":"Arabic","id":5308416,"inputType":"qwerty","isUsed":true}]}
03-02 00:57:38.204  1464  1529 I libPowerHal: [perfLockRel] Done for hdl : 76729
03-02 00:57:38.205  1450 19009 I mtkpower_client: ret_hdl:76733
03-02 00:57:38.205  1507  1507 I SurfaceFlinger: [Surface(name=2141cda InputMethod)/@0x5ea0b56 - animation-leash of insets_animation#156637] attach to parent LayerHierarchy{RequestedLayerState{WindowToken{4048e94 type=2011 android.os.Binder@219c2e7}#143 parentId=15} 2 children}
03-02 00:57:38.205  1450 19009 I mtkpower_client: perf_lock_rel, hdl:76731, pid: 1450, tid:19009
03-02 00:57:38.205  1464  1529 I libPowerHal: [perfLockAcq] idx:6 hdl:76733 hint:-1 pid:1450 tid:19009 duration:0 lock_user:vendor.samsung. => ret_hdl:76733
03-02 00:57:38.205  1464  1529 I libPowerHal: [set_cpuidle] enable:0, fd:17, scn:0xb40000737b614050
03-02 00:57:38.205  1464  1529 I libPowerHal: [get_cpu_dma_latency_value] 0
03-02 00:57:38.205  1464  1529 I libPowerHal: [PE] vendor.samsung. update cmd:1c3c100 param:0 pr:3
03-02 00:57:38.205  1464  1529 I libPowerHal: [perfLockAcq] Done for hdl : 76733
03-02 00:57:38.206  1450 19009 I mtkpower_client: perf_lock_acq, hdl:0, dur:0, num:2, pid:1450, tid:19009
03-02 00:57:38.206  1507  2393 I SurfaceFlinger: id=156638 createSurf, flag=24004, Surface(name=2141cda InputMethod)/@0x5ea0b56 - animation-leash of insets_animation#156638
03-02 00:57:38.206 17121 17121 D InputTransport: Input channel destroyed: '79a6976', fd=128
03-02 00:57:38.206  1464  1529 I libPowerHal: [perfLockRel] hdl:76731, idx:8
03-02 00:57:38.207  2013  4835 I ImeTracker: system_server:fdf213a8: onRequestHide at ORIGIN_SERVER reason IME_REQUESTED_CHANGED_LISTENER fromUser false
03-02 00:57:38.207  1464  1529 I libPowerHal: [PD] vendor.samsung. update cmd:1000000 param:-1 pr:6
03-02 00:57:38.207  1464  1529 I libPowerHal: [perfLockRel] Done for hdl : 76731
03-02 00:57:38.207  2013  2067 I ImeTracker: system_server:16d21c10: onCancelled at PHASE_SERVER_SHOULD_HIDE
03-02 00:57:38.208  1450 19009 I mtkpower_client: ret_hdl:76734
03-02 00:57:38.208  2013  2067 I ImeTracker: system_server:fdf213a8: onCancelled at PHASE_SERVER_SHOULD_HIDE
03-02 00:57:38.208  1464  1529 I libPowerHal: [perfLockAcq] idx:3 hdl:76734 hint:-1 pid:1450 tid:19009 duration:0 lock_user:vendor.samsung. => ret_hdl:76734
03-02 00:57:38.208  1450 19009 I HYPER-HAL: [RequestManager.cpp]releaseLocked(): Released ID : 2063514
03-02 00:57:38.208 17121 17121 D InputTransport: Input channel destroyed: 'ClientS', fd=156
03-02 00:57:38.208  1464  1529 I libPowerHal: [setDvfsrcDevFreqOpp] opp:0, freq:4266000000
03-02 00:57:38.208  1464  1529 I libPowerHal: [PE] vendor.samsung. update cmd:1000000 param:0 pr:3
03-02 00:57:38.208  1464  1529 I libPowerHal: [perfLockAcq] Done for hdl : 76734
03-02 00:57:38.208 17121 17121 D BBA2    : setIsFg isFg = false; delayValue 3999ms
03-02 00:57:38.209  5235  5235 I HBD     : l writeToFile complete
03-02 00:57:38.209  1507  2393 I SurfaceFlinger: onHandleDestroyed: layerId=156603, name=844719f ActivityRecordInputSink com.podcast.app.debug/androidx.activity.ComponentActivity#156603
03-02 00:57:38.210  1507  2393 I SurfaceFlinger: id=156603 Removed 844719f ActivityRecordInputSink com.podcast.app.debug/androidx.activity.ComponentActivity#156603 (337)
03-02 00:57:38.210  5235 19011 I HBD     : l Write selected lang for DE
03-02 00:57:38.210  1507  2393 I SurfaceFlinger: id=156639 createSurf, flag=24004, Task=44894#156639
03-02 00:57:38.210  5235 19011 I HBD     : l writeToFile path : /data/user_de/0/com.samsung.android.honeyboard/files/selected.json
03-02 00:57:38.211  5235 19011 I HBD     : l writeToFile json : {"version":"4.2","currentLanguageOrder":0,"selected":[{"activeOptionList":["auto_replace","auto_spacing","writing_assistant","prediction"],"bilingualId":-1,"engName":"English","id":65538,"inputType":"qwerty","isUsed":true},{"activeOptionList":["auto_replace","auto_spacing","prediction"],"bilingualId":-1,"engName":"Arabic","id":5308416,"inputType":"qwerty","isUsed":true}]}
03-02 00:57:38.211  5235  5235 I HBD     : g isCoverDisplay : false, cached selected json info : SelectedLanguageInfo(languageVersion=4.2, currentLanguageOrder=0, selectedLanguageList=[SelectedLanguage(id=65538, isUsed=true, engName=English, inputType=qwerty, activeOptionList=[auto_replace, auto_spacing, writing_assistant, prediction], bilingualId=-1), SelectedLanguage(id=5308416, isUsed=true, engName=Arabic, inputType=qwerty, activeOptionList=[auto_replace, auto_spacing, prediction], bilingualId=-1)])
03-02 00:57:38.212  5235  5235 I HBD     : n updateActionOptionFromPreference isCover = false
03-02 00:57:38.212  5235  5235 I HBD     : n before lang.activeOptionList =  [auto_replace, auto_spacing, writing_assistant, prediction]
03-02 00:57:38.212  2746  2866 I VRI[test]@4afefb1: mWNT: t=0xb40000772ad78080 mBlastBufferQueue=0xb40000771f71d400 fn= 5 HdrRenderState mRenderHdrSdrRatio=1.0 caller= android.view.SyncRtSurfaceTransactionApplier.applyTransaction:100 android.view.SyncRtSurfaceTransactionApplier.lambda$scheduleApply$0:73 android.view.SyncRtSurfaceTransactionApplier.$r8$lambda$afI4fXg3U3-nBZQEDQMiNy-B06s:0
03-02 00:57:38.213  5235  5235 I HBD     : n after lang.activeOptionList = [auto_replace, auto_spacing, writing_assistant, prediction]
03-02 00:57:38.214  5235  5235 I HBD     : l writeToFile path : /data/user/0/com.samsung.android.honeyboard/files/selected.json
03-02 00:57:38.216  1507  1507 I SurfaceFlinger: [Surface(name=2141cda InputMethod)/@0x5ea0b56 - animation-leash of insets_animation#156638] attach to parent LayerHierarchy{RequestedLayerState{WindowToken{4048e94 type=2011 android.os.Binder@219c2e7}#143 parentId=15} 3 children}
03-02 00:57:38.216  1507  1507 I SurfaceFlinger: [Task=44894#156639] attach to parent Root
03-02 00:57:38.217  5235  5235 I HBD     : l writeToFile json : {"version":"4.2","currentLanguageOrder":0,"selected":[{"activeOptionList":["auto_replace","auto_spacing","writing_assistant","prediction"],"bilingualId":-1,"engName":"English","id":65538,"inputType":"qwerty","isUsed":true},{"activeOptionList":["auto_replace","auto_spacing","prediction"],"bilingualId":-1,"engName":"Arabic","id":5308416,"inputType":"qwerty","isUsed":true}]}
03-02 00:57:38.217  2746  2865 I VRI[test]@4afefb1: mWNT: t=0xb40000772ad78980 mBlastBufferQueue=0xb40000771f71d400 fn= 6 HdrRenderState mRenderHdrSdrRatio=1.0 caller= android.view.SyncRtSurfaceTransactionApplier.applyTransaction:100 android.view.SyncRtSurfaceTransactionApplier.lambda$scheduleApply$0:73 android.view.SyncRtSurfaceTransactionApplier.$r8$lambda$afI4fXg3U3-nBZQEDQMiNy-B06s:0
03-02 00:57:38.218  5235 19011 I HBD     : l writeToFile complete
03-02 00:57:38.220  5235  5235 I HBD     : l writeToFile complete
03-02 00:57:38.220  5235  5235 I HBD     : m normal : updateLanguage : English
03-02 00:57:38.220 17121 17305 D IdlingRegistry: Unregistering idling resources: [androidx.compose.ui.test.EspressoLink@ef857f7]
03-02 00:57:38.220  5235 19013 I HBD     : l Write selected lang for DE
03-02 00:57:38.220  5235 19013 I HBD     : l writeToFile path : /data/user_de/0/com.samsung.android.honeyboard/files/selected.json
03-02 00:57:38.220  5235 19013 I HBD     : l writeToFile json : {"version":"4.2","currentLanguageOrder":0,"selected":[{"activeOptionList":["auto_replace","auto_spacing","writing_assistant","prediction"],"bilingualId":-1,"engName":"English","id":65538,"inputType":"qwerty","isUsed":true},{"activeOptionList":["auto_replace","auto_spacing","prediction"],"bilingualId":-1,"engName":"Arabic","id":5308416,"inputType":"qwerty","isUsed":true}]}
03-02 00:57:38.221  5235  5235 I HBD     : g isCoverDisplay : false, cached selected json info : SelectedLanguageInfo(languageVersion=4.2, currentLanguageOrder=0, selectedLanguageList=[SelectedLanguage(id=65538, isUsed=true, engName=English, inputType=qwerty, activeOptionList=[auto_replace, auto_spacing, writing_assistant, prediction], bilingualId=-1), SelectedLanguage(id=5308416, isUsed=true, engName=Arabic, inputType=qwerty, activeOptionList=[auto_replace, auto_spacing, prediction], bilingualId=-1)])
03-02 00:57:38.222 17121 17305 I TestRunner: finished: settingsScreen_language_row_shows_current_language_arabic(com.podcast.app.ui.SettingsScreenTest)
