03-02 00:57:07.766  1507  1507 I SurfaceFlinger: destroyed Surface(name=a5d3a68 StatusBar)/@0xd5726d6 - animation-leash of insets_animation#155640
03-02 00:57:07.766  3506  3506 E pageboostd: Received HALT command code 2
03-02 00:57:07.767  1464  1529 I libPowerHal: [perfLockRel] hdl:76366, idx:5
03-02 00:57:07.768  1464  1529 I libPowerHal: [PD] vendor.samsung. update cmd:1000000 param:-1 pr:6
03-02 00:57:07.768  1464  1529 I libPowerHal: [perfLockRel] Done for hdl : 76366
03-02 00:57:07.769  1507  1507 I BufferQueueProducer: [StatusBar$_2746#117](this:0xb400007a1be07638,id:-1,api:0,p:-1,c:1507) queueBuffer: fps=4.39 dur=3187.83 max=3031.26 min=8.00
03-02 00:57:07.769  1450  1487 I mtkpower_client: ret_hdl:76367
03-02 00:57:07.769  1450  1487 I mtkpower_client: perf_lock_rel, hdl:76364, pid: 1450, tid:1487
03-02 00:57:07.769  1464  1529 I libPowerHal: [perfLockAcq] idx:5 hdl:76367 hint:-1 pid:1450 tid:1487 duration:0 lock_user:vendor.samsung. => ret_hdl:76367
03-02 00:57:07.770  1464  1529 I libPowerHal: [setDvfsrcDevFreqOpp] opp:0, freq:4266000000
03-02 00:57:07.770  1464  1529 I libPowerHal: [PE] vendor.samsung. update cmd:1000000 param:0 pr:3
03-02 00:57:07.770  1464  1529 I libPowerHal: [perfLockAcq] Done for hdl : 76367
03-02 00:57:07.770  2013  4823 I SemDvfsHyPerManager: acquire hyper - AMS_ACT_RESUME/2013@15, type = -999
03-02 00:57:07.770  1507  1507 I Layer   : id=155640 Destroyed Surface(name=a5d3a68 StatusBar)/@0xd5726d6 - animation-leash of insets_animation#155640
03-02 00:57:07.770  1507  1507 I Layer   : id=155639 Destroyed Surface(name=c536234 NavigationBar0)/@0xfac847b - animation-leash of insets_animation#155639
03-02 00:57:07.771  1450  1487 I mtkpower_client: perf_lock_acq, hdl:0, dur:0, num:2, pid:1450, tid:1487
03-02 00:57:07.771  1464  1529 I libPowerHal: [perfLockRel] hdl:76364, idx:8
03-02 00:57:07.772  1464  1529 I libPowerHal: [PD] vendor.samsung. update cmd:400000 param:-1 pr:6
03-02 00:57:07.772  1464  1529 I libPowerHal: [recordCPUFreqInfo] set cluster[0] min(-1): -1 max(-1): -1 cluster[1] min(-1): -1 max(-1): -1
03-02 00:57:07.773  1464  1529 I libPowerHal: [perfLockRel] Done for hdl : 76364
03-02 00:57:07.773 14885 14885 I VRI[SplashActivity]@35f4eb8: handleAppVisibility mAppVisible = false visible = true
03-02 00:57:07.773  1450  1487 I mtkpower_client: ret_hdl:76368
03-02 00:57:07.773  2013  4823 D InputDispatcher: Focused application(0): ActivityRecord{2751228 u0 com.zhiliaoapp.musically/com.ss.android.ugc.aweme.splash.SplashActivity t44543}
03-02 00:57:07.773  1450  1487 I HYPER-HAL: [RequestManager.cpp]releaseLocked(): Released ID : 2067581
03-02 00:57:07.773  1450  1487 I HYPER-HAL: [RequestManager.cpp]acquire(): Acquired ID : 2057421  [2013 / 15]    HINT : AMS_ACT_RESUME    list :
03-02 00:57:07.773  2013  2600 D AS.MultiSoundManager: mForegroundUid = 10350
03-02 00:57:07.774  1450  1487 I mtkpower_client: perf_lock_rel, hdl:76365, pid: 1450, tid:1487
03-02 00:57:07.774  1450  1487 I mtkpower_client: perf_lock_acq, hdl:0, dur:0, num:2, pid:1450, tid:1487
03-02 00:57:07.775  1464  1529 I libPowerHal: [perfLockAcq] idx:7 hdl:76368 hint:-1 pid:1450 tid:1487 duration:0 lock_user:vendor.samsung. => ret_hdl:76368
03-02 00:57:07.775  1464  1529 I libPowerHal: [PE] vendor.samsung. update cmd:400000 param:2000000 pr:3
03-02 00:57:07.775  1464  1529 I libPowerHal: [recordCPUFreqInfo] set cluster[0] min(vendor.samsung.): 2000000 max(-1): -1 cluster[1] min(-1): -1 max(-1): -1
03-02 00:57:07.775  1464  1529 I libPowerHal: [perfLockAcq] Done for hdl : 76368
03-02 00:57:07.776  1464  1529 I libPowerHal: [perfLockRel] hdl:76365, idx:2
03-02 00:57:07.776  1464  1529 I libPowerHal: [set_cpuidle] enable:1, fd:17, scn:0xb40000737b607270
03-02 00:57:07.776  1464  1529 I libPowerHal: [PD] vendor.samsung. update cmd:1c3c100 param:1 pr:6
03-02 00:57:07.777  1464  1529 I libPowerHal: [perfLockRel] Done for hdl : 76365
03-02 00:57:07.777  1507  1507 I SurfaceFlinger: RequestedLayer [com.podcast.app.debug.test/androidx.[...]yInvoker$EmptyActivity$_17532#155638] hidden!! flag  from(1) --> to(0)
03-02 00:57:07.779  1450  1487 I mtkpower_client: ret_hdl:76369
03-02 00:57:07.779  1450  1487 I mtkpower_client: perf_lock_rel, hdl:76367, pid: 1450, tid:1487
03-02 00:57:07.780  1507  1562 I SurfaceFlinger: id=155644 createSurf, flag=24000, Surface(name=c536234 NavigationBar0)/@0xfac847b - animation-leash of insets_animation#155644
03-02 00:57:07.781  1507  1907 I SurfaceFlinger: id=155645 createSurf, flag=24000, Surface(name=a5d3a68 StatusBar)/@0xd5726d6 - animation-leash of insets_animation#155645
03-02 00:57:07.782  1464  1529 I libPowerHal: [perfLockAcq] idx:2 hdl:76369 hint:-1 pid:1450 tid:1487 duration:0 lock_user:vendor.samsung. => ret_hdl:76369
03-02 00:57:07.782  1464  1529 I libPowerHal: [set_cpuidle] enable:0, fd:17, scn:0xb40000737b607270
03-02 00:57:07.782  1464  1529 I libPowerHal: [get_cpu_dma_latency_value] 0
03-02 00:57:07.782  1464  1529 I libPowerHal: [PE] vendor.samsung. update cmd:1c3c100 param:0 pr:3
03-02 00:57:07.782  1464  1529 I libPowerHal: [perfLockAcq] Done for hdl : 76369
03-02 00:57:07.783  1450  1487 I mtkpower_client: perf_lock_acq, hdl:0, dur:0, num:2, pid:1450, tid:1487
03-02 00:57:07.784  1450  1487 I mtkpower_client: ret_hdl:76370
03-02 00:57:07.784  1464  1529 I libPowerHal: [perfLockRel] hdl:76367, idx:5
03-02 00:57:07.785  1464  1529 I libPowerHal: [PD] vendor.samsung. update cmd:1000000 param:-1 pr:6
03-02 00:57:07.785  1507  1507 D SurfaceFlinger: Display 4627039422300187648 HWC layers:
03-02 00:57:07.785  1507  1507 D SurfaceFlinger:        CLIENT |           73534135074850 | 00002102 | RGBA_8888    |   75.0    0.0 1080.0 2340.0 |    0    0 1080 2340 | com.podcast.app.debug/androidx.activity.ComponentActivity$_17121#155624 (15)
03-02 00:57:07.785  1507  1507 D SurfaceFlinger:   SOLID_COLOR |                        0 | 00000000 | N/A          |    0.0    0.0    0.0    0.0 |    0    0 1080 2340 | DimTransitionLayer for Surface(name=Task=44855)/@0x3816346#155637 (0)
03-02 00:57:07.785  1507  1507 D SurfaceFlinger:        DEVICE |           75299366633504 | 00002102 | RGBA_8888    |    0.0    0.0  238.0 2340.0 |  842    0 1080 2340 | com.podcast.app.debug.test/androidx.[...]yInvoker$EmptyActivity$_17532#155638 (1)
03-02 00:57:07.785  1507  1507 D SurfaceFlinger:        DEVICE |           11793980283303 | 00002100 | RGBA_8888    |    0.0    0.0  238.0 2340.0 |  842    0 1080 2340 | Splash Screen com.podcast.app.debug.test$_2746#155634 (1)
03-02 00:57:07.785  1507  1507 D SurfaceFlinger:        DEVICE |           11793980281854 | 00002100 | RGBA_8888    |    0.0    0.0 1080.0   80.0 |    0    0 1080   80 | StatusBar$_2746#117 (210928)
03-02 00:57:07.785  1507  1507 D SurfaceFlinger:        DEVICE |           13752485304097 | 00002100 | RGBA_888
03-02 00:57:07.785  1507  1507 D SurfaceFlinger: 8    |    0.0    0.0   67.0  346.0 | 1013  454 1080  800 | com.sec.android.app.launcher/com.sam[...].app.CocktailBarService$_3202#152779 (1)
03-02 00:57:07.785  1507  1507 D SurfaceFlinger:        DEVICE |           11793980281862 | 00002100 | RGBA_8888    |    0.0    0.0 1080.0  135.0 |    0 2205 1080 2340 | NavigationBar0$_2746#113 (187564)
03-02 00:57:07.785  1507  1507 D SurfaceFlinger:
03-02 00:57:07.785  1464  1529 I libPowerHal: [perfLockRel] Done for hdl : 76367
03-02 00:57:07.786  1464  1529 I libPowerHal: [perfLockAcq] idx:8 hdl:76370 hint:-1 pid:1450 tid:1487 duration:0 lock_user:vendor.samsung. => ret_hdl:76370
03-02 00:57:07.786  1464  1529 I libPowerHal: [setDvfsrcDevFreqOpp] opp:0, freq:4266000000
03-02 00:57:07.786  1464  1529 I libPowerHal: [PE] vendor.samsung. update cmd:1000000 param:0 pr:3
03-02 00:57:07.786  1464  1529 I libPowerHal: [perfLockAcq] Done for hdl : 76370
03-02 00:57:07.787  1507  1507 I SurfaceFlinger: [Surface(name=c536234 NavigationBar0)/@0xfac847b - animation-leash of insets_animation#155644] attach to parent LayerHierarchy{RequestedLayerState{WindowToken{5cf38d1 type=2019 android.os.BinderProxy@916675b}#101 parentId=34} 2 children}
03-02 00:57:07.787  1507  1507 I SurfaceFlinger: [Surface(name=a5d3a68 StatusBar)/@0xd5726d6 - animation-leash of insets_animation#155645] attach to parent LayerHierarchy{RequestedLayerState{WindowToken{d05298b type=2000 android.os.BinderProxy@163b705}#108 parentId=17} 2 children}
03-02 00:57:07.787 14885 14885 I VRI[SplashActivity]@35f4eb8: stopped(false) old = true
03-02 00:57:07.788 14885 14885 D VRI[SplashActivity]@35f4eb8: WindowStopped on com.zhiliaoapp.musically/com.ss.android.ugc.aweme.splash.SplashActivity set to false
03-02 00:57:07.788 14885 14885 D ViewRootImpl: Skipping stats log for color mode
03-02 00:57:07.789 14885 14885 I System.out: SAFActivity: com.ss.android.ugc.aweme.main.MainActivity@c20428f,  onStart Start
03-02 00:57:07.793  2746  2746 D NavigationBar: onSystemBarAttributesChanged() -  displayId:0, appearance:24, packageName: com.podcast.app.debug.test (APPEARANCE_LIGHT_STATUS_BARS APPEARANCE_LIGHT_NAVIGATION_BARS ), navbarColorManagedByIme:false
03-02 00:57:07.798  2013  2706 D NetdEventListenerService: DNS Requested by 318, 10685(com.podcast.app.debug), SUCCESS, 160ms
03-02 00:57:07.798  1507  1507 I SurfaceFlinger: [LayerHierarchy{RequestedLayerState{c536234 NavigationBar0#102 parentId=155644} 1 children}] reparent to LayerHierarchy{RequestedLayerState{Surface(name=c536234 NavigationBar0)/@0xfac847b - animation-leash of insets_animation#155644 parentId=101} 1 children}
03-02 00:57:07.799  1507  1507 I SurfaceFlinger: [LayerHierarchy{RequestedLayerState{a5d3a68 StatusBar#109 parentId=155645} 1 children}] reparent to LayerHierarchy{RequestedLayerState{Surface(name=a5d3a68 StatusBar)/@0xd5726d6 - animation-leash of insets_animation#155645 parentId=108} 1 children}
03-02 00:57:07.799  1507  1507 I SurfaceFlinger: [LayerHierarchy{RequestedLayerState{Surface(name=a5d3a68 StatusBar)/@0xd5726d6 - animation-leash of insets_animation#155642} no children}] reparent to OffscreenRoot
03-02 00:57:07.799  1507  1507 I SurfaceFlinger: [LayerHierarchy{RequestedLayerState{Surface(name=a5d3a68 StatusBar)/@0xd5726d6 - animation-leash of insets_animation#155642} no children}] RelativeParent to null
03-02 00:57:07.799  1507  1507 I SurfaceFlinger: [LayerHierarchy{RequestedLayerState{Surface(name=c536234 NavigationBar0)/@0xfac847b - animation-leash of insets_animation#155641} no children}] reparent to OffscreenRoot
03-02 00:57:07.799  1507  1507 I SurfaceFlinger: [LayerHierarchy{RequestedLayerState{Surface(name=c536234 NavigationBar0)/@0xfac847b - animation-leash of insets_animation#155641} no children}] RelativeParent to null
03-02 00:57:07.804  1507  1563 I SurfaceFlinger: onHandleDestroyed: layerId=155641, name=Surface(name=c536234 NavigationBar0)/@0xfac847b - animation-leash of insets_animation#155641
03-02 00:57:07.804  1507  1563 I SurfaceFlinger: id=155641 Removed Surface(name=c536234 NavigationBar0)/@0xfac847b - animation-leash of insets_animation#155641 (333)
03-02 00:57:07.805 25915 26075 I Rubin   : [4019] M.c0.k(Unknown Source) : Notify com.samsung.android.rubin.inferenceengine.contextanalytics.engine.loggers.AppUsageLogger's database is updated.
03-02 00:57:07.807  1507  2393 I SurfaceFlinger: onHandleDestroyed: layerId=155642, name=Surface(name=a5d3a68 StatusBar)/@0xd5726d6 - animation-leash of insets_animation#155642
03-02 00:57:07.807  1507  2393 I SurfaceFlinger: id=155642 Removed Surface(name=a5d3a68 StatusBar)/@0xd5726d6 - animation-leash of insets_animation#155642 (333)
03-02 00:57:07.808  1507  2393 I SurfaceFlinger: onHandleDestroyed: layerId=155627, name=Surface(name=c536234 NavigationBar0)/@0xfac847b - animation-leash of insets_animation#155627
03-02 00:57:07.808  1507  2393 I SurfaceFlinger: id=155627 Removed Surface(name=c536234 NavigationBar0)/@0xfac847b - animation-leash of insets_animation#155627 (333)
03-02 00:57:07.810  1507  1507 I SurfaceFlinger: destroyed Surface(name=c536234 NavigationBar0)/@0xfac847b - animation-leash of insets_animation#155627
03-02 00:57:07.810  1507  1507 I SurfaceFlinger: destroyed Surface(name=a5d3a68 StatusBar)/@0xd5726d6 - animation-leash of insets_animation#155642
03-02 00:57:07.810  1507  1507 I SurfaceFlinger: destroyed Surface(name=c536234 NavigationBar0)/@0xfac847b - animation-leash of insets_animation#155641
03-02 00:57:07.812  1445  2902 W C2MtkBufferManager: [0xB4000070F507E520] fetchNewCcBlock: wait fence 0x0xb4000070f5058270 timed out. ret 110
03-02 00:57:07.814  2746  2808 I VRI[test]@c7e7804: onActiveControlsChanged, removed=false, mAdded=true, caller=android.view.ViewRootImpl.handleInsetsControlChanged:3002 android.view.ViewRootImpl$ViewRootHandler.handleMessageImpl:8352 android.view.ViewRootImpl$ViewRootHandler.handleMessage:8301 android.os.Handler.dispatchMessage:110 android.os.Looper.loopOnce:273
03-02 00:57:07.814  2746  2808 I InsetsSourceConsumer: applyRequestedVisibilityToControl: visible=true, type=navigationBars, host=Splash Screen com.podcast.app.debug.test
03-02 00:57:07.814  1507  1507 I Layer   : id=155627 Destroyed Surface(name=c536234 NavigationBar0)/@0xfac847b - animation-leash of insets_animation#155627
03-02 00:57:07.815  1507  1507 I Layer   : id=155642 Destroyed Surface(name=a5d3a68 StatusBar)/@0xd5726d6 - animation-leash of insets_animation#155642
03-02 00:57:07.815 14885 14885 I System.out: SceneSafeLifecycleDispatcher: onStarted Start
03-02 00:57:07.815  2746  2808 I InsetsSourceConsumer: applyRequestedVisibilityToControl: visible=true, type=statusBars, host=Splash Screen com.podcast.app.debug.test
03-02 00:57:07.815  1507  1507 I Layer   : id=155641 Destroyed Surface(name=c536234 NavigationBar0)/@0xfac847b - animation-leash of insets_animation#155641
03-02 00:57:07.815 14885 14885 I System.out: SAFActivity V Scene Framework: NavigationMessageQueue postSync start
03-02 00:57:07.815 14885 14885 I System.out: SAFActivity V Scene Framework: NavigationMessageQueue postSync run current task start 14_Y.ARunnableS108S0200000_32@721c1ef
03-02 00:57:07.815 14885 14885 I System.out: SAFActivity V Scene Framework: NavigationSceneManager Sync Scene SAFFragmentRootScene{79e191c} Lifecycle [ACTIVITY_CREATED -> STARTED] without saved State
03-02 00:57:07.815 14885 14885 I System.out: SAFFragmentRootScene: onStart Start (SAFFragmentRootScene{79e191c})
03-02 00:57:07.815  2013  4829 W ParceledListSlice: Element #30 is 21544 bytes.
03-02 00:57:07.825 14885 14885 I System.out: SAFActivity V Scene Framework: NavigationMessageQueue postSync run current task finish 14_Y.ARunnableS108S0200000_32@721c1ef
03-02 00:57:07.825 14885 14885 I System.out: SAFActivity V Scene Framework: NavigationMessageQueue postSync finish
03-02 00:57:07.825 14885 14885 I System.out: SceneSafeLifecycleDispatcher: onStarted End START
03-02 00:57:07.825 14885 14885 I System.out: SAFActivity: com.ss.android.ugc.aweme.main.MainActivity@c20428f,  onStart End
03-02 00:57:07.826  2013  2065 D PkgPredictorService-SecIpmManagerServiceImpl: onForegroundActivitiesChanged pid:14885 uid:10350
03-02 00:57:07.828  1507  1563 I SurfaceFlinger: onHandleDestroyed: layerId=155628, name=Surface(name=a5d3a68 StatusBar)/@0xd5726d6 - animation-leash of insets_animation#155628
03-02 00:57:07.829  1507  1563 I SurfaceFlinger: id=155628 Removed Surface(name=a5d3a68 StatusBar)/@0xd5726d6 - animation-leash of insets_animation#155628 (330)
03-02 00:57:07.829  1646 17197 I CameraService: onUidStateChanged: uid=10235, procState is changed. (4 -> 3)
03-02 00:57:07.832  1507  1507 I SurfaceFlinger: destroyed Surface(name=a5d3a68 StatusBar)/@0xd5726d6 - animation-leash of insets_animation#155628
03-02 00:57:07.833  1507  1507 I Layer   : id=155628 Destroyed Surface(name=a5d3a68 StatusBar)/@0xd5726d6 - animation-leash of insets_animation#155628
03-02 00:57:07.833 25915 26075 I Rubin   : [4019] com.samsung.android.rubin.inferenceengine.contextanalytics.engine.monitors.moment.exercise.ExercisingWithCalendarMonitor.isSatisfiedByCalendarEvent(Unknown Source) : isSatisfiedByCalendarEvent is false
03-02 00:57:07.834 25915 26075 I Rubin   : [4019] com.samsung.android.rubin.inferenceengine.contextanalytics.engine.monitors.moment.exercise.ExercisingWithCmhMonitor.isSatisfiedByCmh(Unknown Source) : isSatisfiedByCmh is false
03-02 00:57:07.839 14885 14885 I System.out: SAFActivity: com.ss.android.ugc.aweme.main.MainActivity@c20428f,  onResume Start
03-02 00:57:07.841 14885 17073 W AudioManager: Use of stream types is deprecated for operations other than volume control
03-02 00:57:07.842 14885 14885 I System.out: SceneSafeLifecycleDispatcher: onResumed Start
03-02 00:57:07.842 14885 14885 I System.out: SAFActivity V Scene Framework: NavigationMessageQueue postSync start
03-02 00:57:07.842 14885 17073 W AudioManager: See the documentation of requestAudioFocus() for what to use instead with android.media.AudioAttributes to qualify your playback use case
03-02 00:57:07.844  2013  3645 I MediaFocusControl: requestAudioFocus() from uid/pid 10350/14885 AA=USAGE_MEDIA/CONTENT_TYPE_UNKNOWN clientId=android.media.AudioManager@b7fcc9dX.143s@4302512 callingPack=com.zhiliaoapp.musically req=2 flags=0x0 sdk=35
03-02 00:57:07.844 14885 14885 I System.out: SAFActivity V Scene Framework: NavigationMessageQueue postSync run current task start 14_Y.ARunnableS108S0200000_32@58d2c69
03-02 00:57:07.844 14885 14885 I System.out: SAFActivity V Scene Framework: NavigationSceneManager Sync Scene SAFFragmentRootScene{79e191c} Lifecycle [STARTED -> RESUMED] without saved State
03-02 00:57:07.844 14885 14885 I System.out: SAFFragmentRootScene: onResume Start (SAFFragmentRootScene{79e191c})
03-02 00:57:07.844  2013  3645 D AS.AudioService: [Android Auto] isConnectedAndroidAuto = false
03-02 00:57:07.844  2013  3645 D MediaFocusControl: selectFocusStack, uid = 10350, appDevice = 0, device = 2
03-02 00:57:07.845  2013  3645 I MediaFocusControl: removeFocusStackEntry client:android.media.AudioManager@b7fcc9dX.143s@4302512
03-02 00:57:07.845  2013  3645 I MediaFocusControl: propagateFocusLossFromGain_syncAf gain:2
03-02 00:57:07.845  2013  3645 I MediaFocusControl: propagateFocusLossFromGain_syncAf empty stack
03-02 00:57:07.846  1446  1446 I SensorsHub: queueBatch: handle=5 period=200000000 timeout=0
03-02 00:57:07.848  1646  2917 I CameraService: onUidStateChanged: uid=10492, procState is changed. (19 -> 8)
03-02 00:57:07.850  1446  1446 I SensorsHub: queueActivate: handle 5 enable 1
03-02 00:57:07.850  1446  1446 I SensorsHub: type : 5, enable : 1
03-02 00:57:07.851  1507  1825 I SurfaceFlinger: Capture layer list: 	 com.podcast.app.debug/androidx.activity.ComponentActivity$_17121#155624(seamlessTransition:0)
03-02 00:57:07.851  1507  1825 I SurfaceFlinger: Capture layer list: 	 DimTransitionLayer for Surface(name=Task=44855)/@0x3816346#155637(seamlessTransition:0)
03-02 00:57:07.851  1507  1825 I SurfaceFlinger: Capture layer list: 	 com.podcast.app.debug.test/androidx.test.core.app.InstrumentationActivityInvoker$EmptyActivity$_17532#155638(seamlessTransition:0)
03-02 00:57:07.851  1507  1825 I SurfaceFlinger: Capture layer list: 	 Splash Screen com.podcast.app.debug.test$_2746#155634(seamlessTransition:0)
03-02 00:57:07.859 14885 14885 I DecorView: setWindowBackground: isPopOver=false color=ff000000 d=android.graphics.drawable.ColorDrawable@755b75a
03-02 00:57:07.859 14885 16246 D AudioTrack: setVolume(1.000000, 1.000000) pid : 14885
03-02 00:57:07.862 14885 16208 D SensorManager: registerListener :: 5, TCS3701 Light, 200000, 0,
03-02 00:57:07.867 14636 14636 D WM-SystemJobService: onStartJob for WorkGenerationalId(workSpecId=f23029b8-b7a3-4a93-aaf6-b7c7a26dfe9e, generation=0)
03-02 00:57:07.873 14636 15264 D WM-Processor: MutableConfig: processing WorkGenerationalId(workSpecId=f23029b8-b7a3-4a93-aaf6-b7c7a26dfe9e, generation=0)
03-02 00:57:07.875 14252 14252 I BadgeCountReceiver: onReceive: Intent { act=android.intent.action.BADGE_COUNT_UPDATE flg=0x1000010 xflg=0x4 cmp=com.sec.android.provider.badge/.BadgeCountReceiver (has extras) }
03-02 00:57:07.876  2746  2746 D QSClock : onDarkChanged tint=DARK
03-02 00:57:07.880  3202  3386 I HoneySpace.TopTaskSource: onTaskMovedToFront : taskId = 44543, displayId = 0
03-02 00:57:07.882 14885 17072 W System.err: FlagsHookHelper: skip hook flags method getInstanceHook
03-02 00:57:07.882 14636 14636 D WM-WorkerWrapper: Starting work for com.urbanairship.job.AirshipWorker
03-02 00:57:07.882  3202  3918 I HoneySpace.RecentTasks: onRecentTasksChanged
03-02 00:57:07.883 14636 14636 V Ana Vodafone - UALib: AirshipWorker - Running job: JobInfo{action='ACTION_UPDATE_CHANNEL', airshipComponentName='com.urbanairship.channel.AirshipChannel', isNetworkAccessRequired=true, minDelayMs=0, conflictStrategy=2, initialBackOffMs=30000, extras={}, rateLimitIds=[]}, work Id: f23029b8-b7a3-4a93-aaf6-b7c7a26dfe9e run attempt: 279
03-02 00:57:07.883 14636 14636 V Ana Vodafone - UALib: JobDispatcher - Running job: JobInfo{action='ACTION_UPDATE_CHANNEL', airshipComponentName='com.urbanairship.channel.AirshipChannel', isNetworkAccessRequired=true, minDelayMs=0, conflictStrategy=2, initialBackOffMs=30000, extras={}, rateLimitIds=[]}, run attempt: 279
03-02 00:57:07.884 14252 14273 I BadgeCountReceiver: UpdateTask START: PendingResult hashCode: 31899473
03-02 00:57:07.885 14252 14273 I BadgeCountReceiver: packageName: com.zhiliaoapp.musically, className: com.ss.android.ugc.aweme.splash.SplashActivity, count: 0
03-02 00:57:07.885  3202  3390 I HoneySpace.TopTaskUseCase: topTasks 44543 ComponentInfo{com.zhiliaoapp.musically/com.ss.android.ugc.aweme.main.MainActivity}[displayId=0]
03-02 00:57:07.885 14885 14885 I System.out: SAFActivity V Scene Framework: NavigationMessageQueue postSync run current task finish 14_Y.ARunnableS108S0200000_32@58d2c69
03-02 00:57:07.885 14885 14885 I System.out: SAFActivity V Scene Framework: NavigationMessageQueue postSync finish
03-02 00:57:07.885 14885 14885 I System.out: SceneSafeLifecycleDispatcher: onResumed End RESUME
03-02 00:57:07.885 14885 14885 I System.out: SAFActivity: com.ss.android.ugc.aweme.main.MainActivity@c20428f,  onResume End
03-02 00:57:07.886  1445  2902 W C2MtkBufferManager: [0xB4000070F507E520] fetchNewCcBlock: wait fence 0x0xb4000070f5058270 timed out. ret 110
03-02 00:57:07.888  2746  2746 I {OngoingActivityController}: onTaskFocusChanged but OA data is empty
03-02 00:57:07.888  3202  3386 I HoneySpace.TopTaskSource: onTaskFocusChanged(): taskId = 44543
03-02 00:57:07.889 14885 14885 I SV[6876039 SplashActivity]: onWindowVisibilityChanged(0) false X.0fk7{68eb87 V.E...... ........ 0,80-1080,2000} of VRI[SplashActivity]@35f4eb8
03-02 00:57:07.889 14885 14885 D SV[6876039 SplashActivity]: updateSurface: surface is not valid
03-02 00:57:07.889 14885 14885 I SV[6876039 SplashActivity]: releaseSurfaces: viewRoot = VRI[SplashActivity]@35f4eb8
03-02 00:57:07.889 14885 14885 D VRI[SplashActivity]@35f4eb8: applyTransactionOnDraw applyImmediately
03-02 00:57:07.890 14885 14885 I SV[7374587 SplashActivity]: onWindowVisibilityChanged(0) false X.0fk7{7086fb V.E...... ........ 0,80-1080,2000} of VRI[SplashActivity]@35f4eb8
03-02 00:57:07.890 14885 14885 D SV[7374587 SplashActivity]: updateSurface: surface is not valid
03-02 00:57:07.890 14885 14885 I SV[7374587 SplashActivity]: releaseSurfaces: viewRoot = VRI[SplashActivity]@35f4eb8
03-02 00:57:07.890 14885 14885 D VRI[SplashActivity]@35f4eb8: applyTransactionOnDraw applyImmediately
03-02 00:57:07.890 14885 14885 I SV[137774491 SplashActivity]: onWindowVisibilityChanged(0) false X.0fk7{836459b V.E...... ........ 0,81-1080,1998} of VRI[SplashActivity]@35f4eb8
03-02 00:57:07.890 14885 14885 D SV[137774491 SplashActivity]: updateSurface: surface is not valid
03-02 00:57:07.890 14885 14885 I SV[137774491 SplashActivity]: releaseSurfaces: viewRoot = VRI[SplashActivity]@35f4eb8
03-02 00:57:07.890 14885 14885 D VRI[SplashActivity]@35f4eb8: applyTransactionOnDraw applyImmediately
03-02 00:57:07.892  3202  3202 I HoneySpace.EdgePanel.CocktailHostRepositoryImpl: onNoteResume
03-02 00:57:07.892  2013  3645 I WindowManager: Relayout Window{cd2d6b5 u0 com.zhiliaoapp.musically/com.ss.android.ugc.aweme.splash.SplashActivity}: viewVisibility=0 req=1080x2340 ty=1 d0
03-02 00:57:07.892  3202  3202 I HoneySpace.EdgePanel.EdgePanelContainerViewModel: cocktailHostRepository.edgePanelOperation NoteResumeComponent(componentName=ComponentInfo{com.zhiliaoapp.musically/com.ss.android.ugc.aweme.main.MainActivity})
03-02 00:57:07.892  3202  3202 I HoneySpace.EdgePanel.ActivityUtils: HomePackage : com.sec.android.app.launcher, resumePackageName : com.zhiliaoapp.musically, className : com.ss.android.ugc.aweme.main.MainActivity
03-02 00:57:07.893  1507  2393 I SurfaceFlinger: id=155646 createSurf, flag=44004, com.zhiliaoapp.musically/com.ss.android.ugc.aweme.splash.SplashActivity$_14885#155646
03-02 00:57:07.898  1507  1507 I SurfaceFlinger: [com.zhiliaoapp.musically/com.ss.android.ugc.aweme.splash.SplashActivity$_14885#155646] attach to parent LayerHierarchy{RequestedLayerState{cd2d6b5 com.zhiliaoapp.musically/com.ss.android.ugc.aweme.splash.SplashActivity#155210 parentId=147902} 1 children}
03-02 00:57:07.899 14252 14273 I BadgeProvider: sendNotify [uri]: content://com.sec.badge/apps, [notify]: null
03-02 00:57:07.900 14252 14273 I BadgeProvider: update, [calling package]: com.sec.android.provider.badge, [uri]: content://com.sec.badge/apps, [uri.query]: null, [BadgeCount]: badgecount=0, [UpdateCount]: 1
03-02 00:57:07.900 14252 14273 I BadgeCountReceiver: UpdateTask END: PendingResult hashCode: 31899473
03-02 00:57:07.901 14885 15878 W NaviWarn: StackPtr is not 8-byte aligned.
03-02 00:57:07.901  1507  2393 I SurfaceFlinger: id=155647 createSurf, flag=24000, Surface(name=c536234 NavigationBar0)/@0xfac847b - animation-leash of insets_animation#155647
03-02 00:57:07.902 14252 14270 I BadgeProvider: query, [calling package]: com.sec.android.app.launcher, [selection]: null
03-02 00:57:07.903  2013  4845 W ParceledListSlice: Element #30 is 21544 bytes.
03-02 00:57:07.903  1507  1562 I SurfaceFlinger: id=155648 createSurf, flag=24000, Surface(name=a5d3a68 StatusBar)/@0xd5726d6 - animation-leash of insets_animation#155648
03-02 00:57:07.905  2746  2746 D NavigationBar: onSystemBarAttributesChanged() -  displayId:0, appearance:16, packageName: com.zhiliaoapp.musically (APPEARANCE_LIGHT_NAVIGATION_BARS ), navbarColorManagedByIme:false
03-02 00:57:07.906  2013  3645 I SystemKeyManager: requested systemKeyInfo size=1 focusedWindow=com.zhiliaoapp.musically/com.ss.android.ugc.aweme.splash.SplashActivity
03-02 00:57:07.906  2013  3645 I SystemKeyManager: requested systemKeyInfo size=2 focusedWindow=com.zhiliaoapp.musically/com.ss.android.ugc.aweme.splash.SplashActivity
03-02 00:57:07.907  2013  3645 I WindowManager: Relayout hash=cd2d6b5, pid=14885, syncId=-1: mAttrs={(0,0)(fillxfill) sim={adjust=pan} layoutInDisplayCutoutMode=always ty=BASE_APPLICATION fmt=TRANSLUCENT wanim=0x1030317
03-02 00:57:07.907  2013  3645 I WindowManager:   fl=81810180
03-02 00:57:07.907  2013  3645 I WindowManager:   pfl=10008840
03-02 00:57:07.907  2013  3645 I WindowManager:   vsysui=400
03-02 00:57:07.907  2013  3645 I WindowManager:   apr=10
03-02 00:57:07.907  2013  3645 I WindowManager:   bhv=1
03-02 00:57:07.907  2013  3645 I WindowManager:   fitSides=0
03-02 00:57:07.907  2013  3645 I WindowManager:   frameRateBoostOnTouch=true
03-02 00:57:07.907  2013  3645 I WindowManager:   dvrrWindowFrameRateHint=true naviIconColor=0
03-02 00:57:07.907  2013  3645 I WindowManager:   sfl=100000}
03-02 00:57:07.908 14885 14885 D BufferQueueConsumer: [](id:3a250000002b,api:0,p:-1,c:14885) connect: controlledByApp=false
03-02 00:57:07.908  2013  2306 D InputReader: Input event(8): value=1 when=491106.909405
03-02 00:57:07.908 14885 14885 I BLASTBufferQueue: [VRI[SplashActivity]@35f4eb8#40](f:0,a:0,s:0) constructor()
03-02 00:57:07.909 14885 14885 I BLASTBufferQueue_Java: new BLASTBufferQueue, mName= VRI[SplashActivity]@35f4eb8 mNativeObject= 0x769b545000 caller= android.view.ViewRootImpl.updateBlastSurfaceIfNeeded:3585 android.view.ViewRootImpl.relayoutWindow:11685 android.view.ViewRootImpl.performTraversals:4804 android.view.ViewRootImpl.doTraversal:3924 android.view.ViewRootImpl$TraversalRunnable.run:12903 android.view.Choreographer$CallbackRecord.run:1901 android.view.Choreographer$CallbackRecord.run:1910 android.view.Choreographer.doCallbacks:1367 android.view.Choreographer.doFrame:1292 android.view.Choreographer$FrameDisplayEventReceiver.run:1870
03-02 00:57:07.909 14885 14885 I BLASTBufferQueue_Java: update, w= 1080 h= 2340 mName = VRI[SplashActivity]@35f4eb8 mNativeObject= 0x769b545000 sc.mNativeObject= 0x769b123e00 format= -3 caller= android.view.ViewRootImpl.updateBlastSurfaceIfNeeded:3590 android.view.ViewRootImpl.relayoutWindow:11685 android.view.ViewRootImpl.performTraversals:4804 android.view.ViewRootImpl.doTraversal:3924 android.view.ViewRootImpl$TraversalRunnable.run:12903 android.view.Choreographer$CallbackRecord.run:1901
03-02 00:57:07.909 14885 14885 I BLASTBufferQueue: [VRI[SplashActivity]@35f4eb8#40](f:0,a:0,s:0) update width=1080 height=2340 format=-3 mTransformHint=0
03-02 00:57:07.909  2013  2306 D PhoneWindowManager: interceptKeyTq keycode=25 interactive=true keyguardActive=false policyFlags=22000000
03-02 00:57:07.909  1507  1507 I SurfaceFlinger: [Surface(name=c536234 NavigationBar0)/@0xfac847b - animation-leash of insets_animation#155647] attach to parent LayerHierarchy{RequestedLayerState{WindowToken{5cf38d1 type=2019 android.os.BinderProxy@916675b}#101 parentId=34} 2 children}
03-02 00:57:07.909  1507  1507 I SurfaceFlinger: [Surface(name=a5d3a68 StatusBar)/@0xd5726d6 - animation-leash of insets_animation#155648] attach to parent LayerHierarchy{RequestedLayerState{WindowToken{d05298b type=2000 android.os.BinderProxy@163b705}#108 parentId=17} 2 children}
03-02 00:57:07.910  2013  2306 D SingleKeyGesture: interceptKeyDown, info : KeyCode=KEYCODE_UNKNOWN, size=0
03-02 00:57:07.910  2013  2306 D PhoneWindowManagerExt: interceptKeyTq code=25 down=true repeatCount=0 displayId=-1 interactive=true powerCombination=false
03-02 00:57:07.910  2013  2306 D PhoneWindowManager: interceptKeyTq interceptKeyResult=1
03-02 00:57:07.912 14885 14885 I VRI[SplashActivity]@35f4eb8: Relayout returned: old=(0,0,1080,2340) new=(0,0,1080,2340) relayoutAsync=false req=(1080,2340)0 dur=17 res=0x3 s={true 0x744ffebc00} ch=true seqId=0
03-02 00:57:07.913  2013  2305 D InputDispatcher: We will try again in 146 msec by PWM
03-02 00:57:07.913 14885 14885 D VRI[SplashActivity]@35f4eb8: mThreadedRenderer.initialize() mSurface={isValid=true 0x744ffebc00} hwInitialized=true
03-02 00:57:07.913 14885 14885 I SV[6876039 SplashActivity]: windowStopped(false) true X.0fk7{68eb87 V.E...... ........ 0,80-1080,2000} of VRI[SplashActivity]@35f4eb8
03-02 00:57:07.913 14885 14885 I SurfaceView: 6876039 Changes: creating=true format=false size=false visible=true alpha=false hint=false left=false top=false z=false attached=true lifecycleStrategy=false
03-02 00:57:07.914  1507  1563 I SurfaceFlinger: id=155649 createSurf, flag=20004, Bounds for - com.zhiliaoapp.musically/com.ss.android.ugc.aweme.splash.SplashActivity@9#155649
03-02 00:57:07.915  1507  1907 I SurfaceFlinger: id=155650 createSurf, flag=84004, 68eb87 SurfaceView[com.zhiliaoapp.musically/com.ss.android.ugc.aweme.splash.SplashActivity]@0#155650
03-02 00:57:07.917  1507  1907 I SurfaceFlinger: id=155651 createSurf, flag=44400, 68eb87 SurfaceView[com.zhiliaoapp.musically/com.ss.android.ugc.aweme.splash.SplashActivity]@0(BLAST)#155651
03-02 00:57:07.918  2746  3431 D RingtonePlayer: stopAsync()
03-02 00:57:07.918  1507  1907 I SurfaceFlinger: id=155652 createSurf, flag=20404, Background for 68eb87 SurfaceView[com.zhiliaoapp.musically/com.ss.android.ugc.aweme.splash.SplashActivity]@0#155652
03-02 00:57:07.918  2746  3431 D RingtonePlayer: stop
03-02 00:57:07.919 14885 14885 D BufferQueueConsumer: [](id:3a250000002c,api:0,p:-1,c:14885) connect: controlledByApp=false
03-02 00:57:07.919 14885 14885 I BLASTBufferQueue: [68eb87 SurfaceView[com.zhiliaoapp.musically/com.ss.android.ugc.aweme.splash.SplashActivity]@0#41](f:0,a:0,s:0) constructor()
03-02 00:57:07.919 14885 14885 I BLASTBufferQueue_Java: new BLASTBufferQueue, mName= 68eb87 SurfaceView[com.zhiliaoapp.musically/com.ss.android.ugc.aweme.splash.SplashActivity]@0 mNativeObject= 0x7450361c00 caller= android.view.SurfaceView.createBlastSurfaceControls:1781 android.view.SurfaceView.updateSurface:1450 android.view.SurfaceView.setWindowStopped:539 android.view.SurfaceView.surfaceCreated:2327 android.view.ViewRootImpl.notifySurfaceCreated:3502 android.view.ViewRootImpl.performTraversals:5286 android.view.ViewRootImpl.doTraversal:3924 android.view.ViewRootImpl$TraversalRunnable.run:12903 android.view.Choreographer$CallbackRecord.run:1901 android.view.Choreographer$CallbackRecord.run:1910
03-02 00:57:07.919 14885 14885 I BLASTBufferQueue_Java: update, w= 1080 h= 1920 mName = 68eb87 SurfaceView[com.zhiliaoapp.musically/com.ss.android.ugc.aweme.splash.SplashActivity]@0 mNativeObject= 0x7450361c00 sc.mNativeObject= 0x6fdfbc10c0 format= 4 caller= android.view.SurfaceView.createBlastSurfaceControls:1782 android.view.SurfaceView.updateSurface:1450 android.view.SurfaceView.setWindowStopped:539 android.view.SurfaceView.surfaceCreated:2327 android.view.ViewRootImpl.notifySurfaceCreated:3502 android.view.ViewRootImpl.performTraversals:5286
03-02 00:57:07.919 14885 14885 I BLASTBufferQueue: [68eb87 SurfaceView[com.zhiliaoapp.musically/com.ss.android.ugc.aweme.splash.SplashActivity]@0#41](f:0,a:0,s:0) update width=1080 height=1920 format=4 mTransformHint=0
03-02 00:57:07.919 14885 14885 I SurfaceView: 6876039 Cur surface: Surface(name=null mNativeObject=0)/@0x56b4ffd
03-02 00:57:07.919 14885 14885 I SV[6876039 SplashActivity]: pST: sr = Rect(4320, -2080 - 5400, -160) sw = 1080 sh = 1920
03-02 00:57:07.919 14885 14885 D SurfaceView: 6876039 performSurfaceTransaction RenderWorker position = [4320, -2080, 5400, -160] surfaceSize = 1080x1920
03-02 00:57:07.919 14885 14885 I SV[6876039 SplashActivity]: updateSurface: mVisible = true mSurface.isValid() = true
03-02 00:57:07.920 14885 14885 I SV[6876039 SplashActivity]: updateSurface: mSurfaceCreated = false surfaceChanged = true visibleChanged = true
03-02 00:57:07.920 14885 14885 I SurfaceView: 6876039 visibleChanged -- surfaceCreated
03-02 00:57:07.920 14885 14885 I SV[6876039 SplashActivity]: surfaceCreated 1 #1 X.0fk7{68eb87 V.E...... ........ 0,80-1080,2000}
03-02 00:57:07.920  1507  1507 I SurfaceFlinger: [LayerHierarchy{RequestedLayerState{c536234 NavigationBar0#102 parentId=155647} 1 children}] reparent to LayerHierarchy{RequestedLayerState{Surface(name=c536234 NavigationBar0)/@0xfac847b - animation-leash of insets_animation#155647 parentId=101} 1 children}
03-02 00:57:07.920  1507  1507 I SurfaceFlinger: [LayerHierarchy{RequestedLayerState{a5d3a68 StatusBar#109 parentId=155648} 1 children}] reparent to LayerHierarchy{RequestedLayerState{Surface(name=a5d3a68 StatusBar)/@0xd5726d6 - animation-leash of insets_animation#155648 parentId=108} 1 children}
03-02 00:57:07.920  1507  1507 I SurfaceFlinger: [LayerHierarchy{RequestedLayerState{Surface(name=c536234 NavigationBar0)/@0xfac847b - animation-leash of insets_animation#155644} no children}] reparent to OffscreenRoot
03-02 00:57:07.920  1507  1507 I SurfaceFlinger: [LayerHierarchy{RequestedLayerState{Surface(name=c536234 NavigationBar0)/@0xfac847b - animation-leash of insets_animation#155644} no children}] RelativeParent to null
03-02 00:57:07.920  1507  1507 I SurfaceFlinger: [LayerHierarchy{RequestedLayerState{Surface(name=a5d3a68 StatusBar)/@0xd5726d6 - animation-leash of insets_animation#155645} no children}] reparent to OffscreenRoot
03-02 00:57:07.920  1507  1507 I SurfaceFlinger: [LayerHierarchy{RequestedLayerState{Surface(name=a5d3a68 StatusBar)/@0xd5726d6 - animation-leash of insets_animation#155645} no children}] RelativeParent to null
03-02 00:57:07.920  1507  1507 I SurfaceFlinger: [Bounds for - com.zhiliaoapp.musically/com.ss.android.ugc.aweme.splash.SplashActivity@9#155649] attach to parent LayerHierarchy{RequestedLayerState{com.zhiliaoapp.musically/com.ss.android.ugc.aweme.splash.SplashActivity$_14885#155646 parentId=155210} 1 children}
03-02 00:57:07.920  1507  1507 I SurfaceFlinger: [68eb87 SurfaceView[com.zhiliaoapp.musically/com.ss.android.ugc.aweme.splash.SplashActivity]@0#155650] attach to parent LayerHierarchy{RequestedLayerState{Bounds for - com.zhiliaoapp.musically/com.ss.android.ugc.aweme.splash.SplashActivity@9#155649 parentId=155646} 1 children}
03-02 00:57:07.920  1507  1507 I SurfaceFlinger: [68eb87 SurfaceView[com.zhiliaoapp.musically/com.ss.android.ugc.aweme.splash.SplashActivity]@0(BLAST)#155651] attach to parent LayerHierarchy{RequestedLayerState{68eb87 SurfaceView[com.zhiliaoapp.musically/com.ss.android.ugc.aweme.splash.SplashActivity]@0#155650 parentId=155649} 1 children}
03-02 00:57:07.920  1507  1507 I SurfaceFlinger: [Background for 68eb87 SurfaceView[com.zhiliaoapp.musically/com.ss.android.ugc.aweme.splash.SplashActivity]@0#155652] attach to parent LayerHierarchy{RequestedLayerState{68eb87 SurfaceView[com.zhiliaoapp.musically/com.ss.android.ugc.aweme.splash.SplashActivity]@0#155650 parentId=155649} 2 children}
03-02 00:57:07.920 14252 14270 I BadgeProvider: query, [calling package]: com.sec.android.app.launcher, [selection]: null
03-02 00:57:07.923 14885 16071 W System.err: FlagsHookHelper: skip hook flags method getInstanceHook
03-02 00:57:07.923 14885 14885 I SurfaceView: 6876039 surfaceChanged -- format=4 w=1080 h=1920
03-02 00:57:07.923 14885 14885 I SV[6876039 SplashActivity]: surfaceChanged (1080,1920) 1 #1 X.0fk7{68eb87 V.E...... ........ 0,80-1080,2000}
03-02 00:57:07.923 14885 14885 I SurfaceView: 6876039 surfaceRedrawNeeded
03-02 00:57:07.923 14885 14885 I SurfaceView: 6876039 finishedDrawing
03-02 00:57:07.923 14885 14885 V SurfaceView: Layout: x=4320 y=-2080 w=1080 h=1920, frame=Rect(0, 0 - 1080, 1920)
03-02 00:57:07.924 14885 14885 I SV[7374587 SplashActivity]: windowStopped(false) true X.0fk7{7086fb V.E...... ........ 0,80-1080,2000} of VRI[SplashActivity]@35f4eb8
03-02 00:57:07.924 14885 14885 I SurfaceView: 7374587 Changes: creating=true format=false size=false visible=true alpha=false hint=false left=false top=false z=false attached=true lifecycleStrategy=false
03-02 00:57:07.925  1507  1907 I SurfaceFlinger: id=155653 createSurf, flag=84004, 7086fb SurfaceView[com.zhiliaoapp.musically/com.ss.android.ugc.aweme.splash.SplashActivity]@0#155653
03-02 00:57:07.925  1507  2393 I SurfaceFlinger: id=155654 createSurf, flag=44400, 7086fb SurfaceView[com.zhiliaoapp.musically/com.ss.android.ugc.aweme.splash.SplashActivity]@0(BLAST)#155654
03-02 00:57:07.926  1507  1563 I SurfaceFlinger: id=155655 createSurf, flag=20404, Background for 7086fb SurfaceView[com.zhiliaoapp.musically/com.ss.android.ugc.aweme.splash.SplashActivity]@0#155655
03-02 00:57:07.928  1507  1845 D SurfaceFlinger: [input] setFocusedWindow: cd2d6b5 com.zhiliaoapp.musically/com.ss.android.ugc.aweme.splash.SplashActivity
03-02 00:57:07.928  1507  1845 D SurfaceFlinger: updateWinowInfo=1, setFocusedWindow timestamp=491106909847963, windowName=cd2d6b5 com.zhiliaoapp.musically/com.ss.android.ugc.aweme.splash.SplashActivity
03-02 00:57:07.928 14885 14885 D BufferQueueConsumer: [](id:3a250000002d,api:0,p:-1,c:14885) connect: controlledByApp=false
03-02 00:57:07.928  2013  4845 D InputDispatcher: Once focus requested (0): cd2d6b5 com.zhiliaoapp.musically/com.ss.android.ugc.aweme.splash.SplashActivity
03-02 00:57:07.928  2013  4845 D InputDispatcher: Focus request (0): cd2d6b5 com.zhiliaoapp.musically/com.ss.android.ugc.aweme.splash.SplashActivity but waiting because NO_WINDOW
03-02 00:57:07.928 14885 14885 I BLASTBufferQueue: [7086fb SurfaceView[com.zhiliaoapp.musically/com.ss.android.ugc.aweme.splash.SplashActivity]@0#42](f:0,a:0,s:0) constructor()
03-02 00:57:07.928 14885 14885 I BLASTBufferQueue_Java: new BLASTBufferQueue, mName= 7086fb SurfaceView[com.zhiliaoapp.musically/com.ss.android.ugc.aweme.splash.SplashActivity]@0 mNativeObject= 0x6fe0ef9000 caller= android.view.SurfaceView.createBlastSurfaceControls:1781 android.view.SurfaceView.updateSurface:1450 android.view.SurfaceView.setWindowStopped:539 android.view.SurfaceView.surfaceCreated:2327 android.view.ViewRootImpl.notifySurfaceCreated:3502 android.view.ViewRootImpl.performTraversals:5286 android.view.ViewRootImpl.doTraversal:3924 android.view.ViewRootImpl$TraversalRunnable.run:12903 android.view.Choreographer$CallbackRecord.run:1901 android.view.Choreographer$CallbackRecord.run:1910
03-02 00:57:07.928 14885 14885 I BLASTBufferQueue_Java: update, w= 1080 h= 1920 mName = 7086fb SurfaceView[com.zhiliaoapp.musically/com.ss.android.ugc.aweme.splash.SplashActivity]@0 mNativeObject= 0x6fe0ef9000 sc.mNativeObject= 0x769b124c40 format= 4 caller= android.view.SurfaceView.createBlastSurfaceControls:1782 android.view.SurfaceView.updateSurface:1450 android.view.SurfaceView.setWindowStopped:539 android.view.SurfaceView.surfaceCreated:2327 android.view.ViewRootImpl.notifySurfaceCreated:3502 android.view.ViewRootImpl.performTraversals:5286
03-02 00:57:07.928 14885 14885 I BLASTBufferQueue: [7086fb SurfaceView[com.zhiliaoapp.musically/com.ss.android.ugc.aweme.splash.SplashActivity]@0#42](f:0,a:0,s:0) update width=1080 height=1920 format=4 mTransformHint=0
03-02 00:57:07.929 14885 14885 I SurfaceView: 7374587 Cur surface: Surface(name=null mNativeObject=0)/@0x5798c7e
03-02 00:57:07.929 14885 14885 I SV[7374587 SplashActivity]: pST: sr = Rect(0, 80 - 1080, 2000) sw = 1080 sh = 1920
03-02 00:57:07.929 14885 14885 D SurfaceView: 7374587 performSurfaceTransaction RenderWorker position = [0, 80, 1080, 2000] surfaceSize = 1080x1920
03-02 00:57:07.929 14885 14885 I SV[7374587 SplashActivity]: updateSurface: mVisible = true mSurface.isValid() = true
03-02 00:57:07.929 14885 14885 I SV[7374587 SplashActivity]: updateSurface: mSurfaceCreated = false surfaceChanged = true visibleChanged = true
03-02 00:57:07.929 14885 14885 I SurfaceView: 7374587 visibleChanged -- surfaceCreated
03-02 00:57:07.929 14885 14885 I SV[7374587 SplashActivity]: surfaceCreated 2 #1 X.0fk7{7086fb V.E...... ........ 0,80-1080,2000}
03-02 00:57:07.931  2013  3345 D PackageManager: setEnabledSetting : userId = 0 packageName = com.instagram.barcelona cmp = com.instagram.push.FbnsInitBroadcastReceiver newState = 1 callingPackage = com.instagram.barcelona
03-02 00:57:07.931  1507  1507 I SurfaceFlinger: [7086fb SurfaceView[com.zhiliaoapp.musically/com.ss.android.ugc.aweme.splash.SplashActivity]@0#155653] attach to parent LayerHierarchy{RequestedLayerState{Bounds for - com.zhiliaoapp.musically/com.ss.android.ugc.aweme.splash.SplashActivity@9#155649 parentId=155646} 2 children}
03-02 00:57:07.931  1507  1507 I SurfaceFlinger: [7086fb SurfaceView[com.zhiliaoapp.musically/com.ss.android.ugc.aweme.splash.SplashActivity]@0(BLAST)#155654] attach to parent LayerHierarchy{RequestedLayerState{7086fb SurfaceView[com.zhiliaoapp.musically/com.ss.android.ugc.aweme.splash.SplashActivity]@0#155653 parentId=155649} 1 children}
03-02 00:57:07.931  1507  1507 I SurfaceFlinger: [Background for 7086fb SurfaceView[com.zhiliaoapp.musically/com.ss.android.ugc.aweme.splash.SplashActivity]@0#155655] attach to parent LayerHierarchy{RequestedLayerState{7086fb SurfaceView[com.zhiliaoapp.musically/com.ss.android.ugc.aweme.splash.SplashActivity]@0#155653 parentId=155649} 2 children}
03-02 00:57:07.932  1484 23599 I AF::Track: setMixerOutConfig return default condition, mixer key 2002, thread key 202
03-02 00:57:07.932  1484 23599 I AudioPolicyEffectException: MySpaceHandler::checkDetachCondition media 1, ring 0, mp 0
03-02 00:57:07.932  1484 23599 I AudioPolicyEffectException: MySpace detach value 1
03-02 00:57:07.932  1484 23599 V APM_AudioPolicyManager: startOutput portId 13560
03-02 00:57:07.932  1484 23599 V APM_AudioPolicyManager: startOutput() output 21, stream 3, session 126033
03-02 00:57:07.932  1484 23599 V APM_AudioPolicyManager: setBeaconMute(1) mBeaconMuteRefCount=9 mBeaconPlayingRefCount=0
03-02 00:57:07.932  2013  3345 D ApplicationPolicy: getApplicationStateEnabled : pkg = com.instagram.barcelona userId : 0
03-02 00:57:07.932  1484 23599 V APM_AudioPolicyManager: selectOutputForMusicEffects activeOnly 1 output 21 flags 0x00000008
03-02 00:57:07.932  1484 23599 W AudioFlinger: moveEffectChain_ll: effect chain for session 0 not on source thread 0xb40000707515f310
03-02 00:57:07.932  1484 23599 V APM_AudioPolicyManager: selectOutputForMusicEffects selected output 21
03-02 00:57:07.933  1484 23599 V APM_AudioPolicyManager: getNewOutputDevices selected devices {AUDIO_DEVICE_OUT_SPEAKER, @:}
03-02 00:57:07.933  2013  3345 D ApplicationPolicy: getApplicationComponentState : pkg = com.instagram.barcelona userId : 0
03-02 00:57:07.933  1484 23599 V APM_AudioPolicyManager: setOutputDevices caller startSource[[portId:5][io:21, deep-buffer]] device {AUDIO_DEVICE_OUT_SPEAKER, @:} delayMs 0
03-02 00:57:07.933  1484 23599 V APM_AudioPolicyManager: setOutputDevices: caller startSource[[portId:5][io:21, deep-buffer]] suppressing checkDeviceMuteStrategies
03-02 00:57:07.933  1484 23599 V APM_AudioPolicyManager: setOutputDevices caller startSource[[portId:5][io:21, deep-buffer]] changing device to {AUDIO_DEVICE_OUT_SPEAKER, @:} (prevDevice {AUDIO_DEVICE_OUT_SPEAKER, @:})
03-02 00:57:07.934  3202  4698 I HoneySpace.RecentTasks: onRecentTasksChanged
03-02 00:57:07.934  2013  2013 D AudioPlayerStateMonitor: Found a new active media playback. AudioPlaybackConfiguration piid:92743 deviceIds:[] type:android.media.AudioTrack u/pid:10350/14885 state:started attr:AudioAttributes: usage=USAGE_MEDIA content=CONTENT_TYPE_UNKNOWN flags=0xA00 tags= bundle=null sessionId:126033 mutedState:none  FormatInfo{isSpatialized=false, channelMask=0x3, sampleRate=44100}
03-02 00:57:07.934  2013  2013 D MediaSessionService: Audio playback is changed, config=AudioPlaybackConfiguration piid:92743 deviceIds:[] type:android.media.AudioTrack u/pid:10350/14885 state:started attr:AudioAttributes: usage=USAGE_MEDIA content=CONTENT_TYPE_UNKNOWN flags=0xA00 tags= bundle=null sessionId:126033 mutedState:none  FormatInfo{isSpatialized=false, channelMask=0x3, sampleRate=44100}, removed=false
03-02 00:57:07.934  2013  2013 D MediaSessionStack: updateMediaButtonSessionIfNeeded, callers=com.android.server.media.AudioPlayerStateMonitor$MessageHandler.handleMessage:19 android.os.Handler.dispatchMessage:110
03-02 00:57:07.934  2013  2013 D MediaSessionStack: updateMediaButtonSessionIfNeeded, skipping uid=10350
03-02 00:57:07.934  2013  2013 D MediaSessionStack: updateMediaButtonSessionIfNeeded, skipping uid=10342
03-02 00:57:07.934  2013  2013 D MediaSessionStack: updateMediaButtonSessionIfNeeded, skipping uid=10317
03-02 00:57:07.934  2013  2013 D MediaSessionStack: updateMediaButtonSessionIfNeeded, skipping uid=10672
03-02 00:57:07.935  2746  2808 I VRI[test]@c7e7804: onActiveControlsChanged, removed=false, mAdded=true, caller=android.view.ViewRootImpl.handleInsetsControlChanged:3002 android.view.ViewRootImpl$ViewRootHandler.handleMessageImpl:8352 android.view.ViewRootImpl$ViewRootHandler.handleMessage:8301 android.os.Handler.dispatchMessage:110 android.os.Looper.loopOnce:273
03-02 00:57:07.936  1507  1563 I SurfaceFlinger: onHandleDestroyed: layerId=155644, name=Surface(name=c536234 NavigationBar0)/@0xfac847b - animation-leash of insets_animation#155644
03-02 00:57:07.937  1507  1563 I SurfaceFlinger: id=155644 Removed Surface(name=c536234 NavigationBar0)/@0xfac847b - animation-leash of insets_animation#155644 (339)
03-02 00:57:07.937  1507  1563 I SurfaceFlinger: onHandleDestroyed: layerId=155645, name=Surface(name=a5d3a68 StatusBar)/@0xd5726d6 - animation-leash of insets_animation#155645
03-02 00:57:07.937  1507  1563 I SurfaceFlinger: id=155645 Removed Surface(name=a5d3a68 StatusBar)/@0xd5726d6 - animation-leash of insets_animation#155645 (339)
03-02 00:57:07.939  2013  3645 W system_server: Large reply transaction of 322012 bytes, interface descriptor android.app.IActivityTaskManager, code 26
03-02 00:57:07.940 14885 14885 I SurfaceView: 7374587 surfaceChanged -- format=4 w=1080 h=1920
03-02 00:57:07.940 14885 14885 I SV[7374587 SplashActivity]: surfaceChanged (1080,1920) 2 #1 X.0fk7{7086fb V.E...... ........ 0,80-1080,2000}
03-02 00:57:07.940 14885 14885 I SurfaceView: 7374587 surfaceRedrawNeeded
03-02 00:57:07.940 14885 14885 I SurfaceView: 7374587 finishedDrawing
03-02 00:57:07.940  2746  3671 D SoundCraft.PlayingAudioConditionHandler: onPlaybackConfigChanged : lastStartedPackageName=com.zhiliaoapp.musically, lastStartedUid=10350, newStartedUid=10350, newStartPackageName=com.zhiliaoapp.musically, thread=Thread[RoutineHandlerThread,5,main]
03-02 00:57:07.940 14885 14885 V SurfaceView: Layout: x=0 y=80 w=1080 h=1920, frame=Rect(0, 0 - 1080, 1920)
03-02 00:57:07.940 14885 14885 I SV[137774491 SplashActivity]: windowStopped(false) true X.0fk7{836459b V.E...... ........ 0,81-1080,1998} of VRI[SplashActivity]@35f4eb8
03-02 00:57:07.940 14885 14885 I SurfaceView: 137774491 Changes: creating=true format=false size=false visible=true alpha=false hint=false left=false top=false z=false attached=true lifecycleStrategy=false
03-02 00:57:07.941  2013  3645 D PackageManager: setEnabledSetting : userId = 0 packageName = com.instagram.barcelona cmp = com.facebook.rti.pushv2.inapp.InappFbnsService newState = 1 callingPackage = com.instagram.barcelona
03-02 00:57:07.941  1507  1907 I SurfaceFlinger: id=155656 createSurf, flag=84004, 836459b SurfaceView[com.zhiliaoapp.musically/com.ss.android.ugc.aweme.splash.SplashActivity]@0#155656
03-02 00:57:07.941  2013  3645 D ApplicationPolicy: getApplicationStateEnabled : pkg = com.instagram.barcelona userId : 0
