03-02 00:56:54.729 17386 17386 D SurfaceView: 1451046 updateSurface: has no frame
03-02 00:56:54.729  3202  3202 I HoneySpace.EdgePanel.EdgeVisibilityRepository: getComputedTrayVisible : keyguardState = 1
03-02 00:56:54.730  3202  3202 I HoneySpace.EdgePanel.EdgeVisibilityRepository: updateTrayVisible: State = 0x1, visible = true, current containerState = 0, specificMode = 0
03-02 00:56:54.730  3202  3202 I HoneySpace.EdgePanel.EdgeVisibilityRepository: Same container state 0
03-02 00:56:54.730 17386 17386 I cr_CompositorSurfaceMgr: Transitioning to surface with format: -1
03-02 00:56:54.730 17650 17650 D nativeloader: Load /data/app/~~DovwGeIwyvUk5Fn4HJCSAQ==/com.android.chrome-wbApbVJtWYfWlmqyZgtTwQ==/base.apk!/lib/arm64-v8a/libchromium_android_linker.so using class loader ns clns-10 (caller=/data/app/~~DovwGeIwyvUk5Fn4HJCSAQ==/com.android.chrome-wbApbVJtWYfWlmqyZgtTwQ==/base.apk): ok
03-02 00:56:54.732 17650 17650 I cr_LibraryLoader: Loading monochrome_64 from within /data/app/~~DovwGeIwyvUk5Fn4HJCSAQ==/com.android.chrome-wbApbVJtWYfWlmqyZgtTwQ==/base.apk
03-02 00:56:54.732 17650 17650 I cr_Linker: loadLibraryImplLocked: monochrome_64, relroMode=1
03-02 00:56:54.746 31272 31297 I ebct    : (REDACTED) appOpsListener %s %s
03-02 00:56:54.747 31272 31297 I ebct    : (REDACTED) Ignoring irrelevant audio permission changes for package %s
03-02 00:56:54.747  3477  3554 I RequestManager_FLP: onOpChanged, op=0 / packageName=com.whatsapp
03-02 00:56:54.748 14885 14895 I aoapp.musically: Background concurrent mark compact GC freed 31MB AllocSpace bytes, 105(10MB) LOS objects, 39% free, 73MB/121MB, paused 10.641ms,21.634ms total 956.304ms
03-02 00:56:54.751 17650 17650 D nativeloader: Load /data/app/~~_lcH_uiJetS5kxGj3ySRqg==/com.google.android.trichromelibrary_763212033-Na-TCTQSJG3TH-Y1iNkMtA==/base.apk!/lib/arm64-v8a/libmonochrome_64.so using class loader ns clns-10 (caller=/data/app/~~DovwGeIwyvUk5Fn4HJCSAQ==/com.android.chrome-wbApbVJtWYfWlmqyZgtTwQ==/base.apk): ok
03-02 00:56:54.752 17650 17650 I AppZygoteInit: Application preload done
03-02 00:56:54.752  2013  2074 I AppZygote: Application preload done.
03-02 00:56:54.764 14885 15569 D nativeloader: Load /data/app/~~GEXSLbcyjjij4WtBb6_fbg==/com.zhiliaoapp.musically-GwzztE4dynXMpM9jUTnuoQ==/lib/arm64/libavmdlp2pv2.so using class loader ns clns-11 (caller=/data/app/~~GEXSLbcyjjij4WtBb6_fbg==/com.zhiliaoapp.musically-GwzztE4dynXMpM9jUTnuoQ==/base.apk!classes26.dex): ok
03-02 00:56:54.765 14885 15569 E ttmio   : <0x0,JNI_OnLoad,MDLP2PJniBase.cpp:56>-----compiled native library  Jan 30 2026 03:55:38 (2.0.0.1285)-----
03-02 00:56:54.765 14885 15569 E ttmio   : <0x0,JNI_OnLoad,MDLP2PJniBase.cpp:72><JNI_OnLoad,72> JNI_OnLoad (result=65540)
03-02 00:56:54.770 17650 17656 W d.chrome_zygote: userfaultfd: MOVE ioctl seems unsupported: Success
03-02 00:56:54.774 17650 17656 W d.chrome_zygote: Reducing the number of considered missed Gc histogram windows from 10851 to 100
03-02 00:56:54.777 17650 17650 I Zygote  : Entering forkRepeatedly native zygote loop
03-02 00:56:54.781  1445  2902 W C2MtkBufferManager: [0xB4000070F507E520] fetchNewCcBlock: wait fence 0x0xb4000070f5058270 timed out. ret 110
03-02 00:56:54.785 17650 17650 D Zygote  : Forked child process 17661
03-02 00:56:54.792 17661 17661 E libc    : SetHeapTaggingLevel: re-enabling tagging after it was disabled is not supported
03-02 00:56:54.795  1427  1427 I Zygote  : Entering forkRepeatedly native zygote loop
03-02 00:56:54.798 17386 17386 I PlayCore: UID: [10248]  PID: [17386] AppUpdateService : ServiceConnectionImpl.onServiceConnected(ComponentInfo{com.android.vending/com.google.android.finsky.installservice.DevTriggeredUpdateService})
03-02 00:56:54.803 17386 17513 I PlayCore: UID: [10248]  PID: [17386] AppUpdateService : linkToDeath
03-02 00:56:54.803 17661 17661 I ocessService0:0: Using CollectorTypeCMC GC.
03-02 00:56:54.811  1427  1427 D Zygote  : Forked child process 17668
03-02 00:56:54.813 17661 17661 D nativeloader: Load libframework-connectivity-tiramisu-jni.so using APEX ns com_android_tethering for caller /apex/com.android.tethering/javalib/framework-connectivity-t.jar: ok
03-02 00:56:54.816 17661 17661 D ActivityThread: setConscryptValidator
03-02 00:56:54.816 17661 17661 D ActivityThread: setConscryptValidator - put
03-02 00:56:54.818  2746  2798 I SurfaceControlRegistry: apply, t=FinishTransaction_SyncId<11222>, caller=android.view.SurfaceControl$Transaction.apply:3459 android.view.SurfaceControl$Transaction.apply:3447 android.view.SurfaceControl$Transaction.apply:3397 com.android.wm.shell.transition.Transitions.onFinish:315 com.android.wm.shell.transition.Transitions$$ExternalSyntheticLambda7.onTransitionFinished:12 com.android.wm.shell.transition.DefaultTransitionHandler$$ExternalSyntheticLambda6.run:36
03-02 00:56:54.820  1444  1444 D libcomposer_ext: DeviceImplAidl::DeviceClientContextAidl::NotifyHwcComposition()
03-02 00:56:54.820  1444  1444 D libcomposer_ext: DeviceImplAidl::DeviceClientContextAidl::NotifyHwcComposition()
03-02 00:56:54.820  1698  1698 D libcomposer_ext: ClientCallbackAidl::asyncPerform(12)
03-02 00:56:54.820  1698  1698 D libcomposer_ext: ClientImplAidl::ParseNotifyHwcComposition()
03-02 00:56:54.821  1507  1907 D libcomposer_ext: ClientCallbackAidl::asyncPerform(12)
03-02 00:56:54.821  1507  1907 D libcomposer_ext: ClientImplAidl::ParseNotifyHwcComposition()
03-02 00:56:54.821  1507  1907 D SurfaceFlinger: NotifyHwcComposition(), id 0, mode 0
03-02 00:56:54.821  1507  1562 I SurfaceFlinger: onHandleDestroyed: layerId=155290, name=Splash Screen com.podcast.app.debug$_2746#155290
03-02 00:56:54.822  1507  1562 I SurfaceFlinger: id=155290 Removed Splash Screen com.podcast.app.debug$_2746#155290 (350)
03-02 00:56:54.822 14885 14885 I VRI[SplashActivity]@35f4eb8: handleAppVisibility mAppVisible = true visible = false
03-02 00:56:54.823 14885 14885 D VRI[SplashActivity]@35f4eb8: visibilityChanged oldVisibility=true newVisibility=false
03-02 00:56:54.822  1464  1492 I mtkpower@impl: [setMode] type:6, enabled:0
03-02 00:56:54.823  1507  1507 D SurfaceFlinger: Display 4627039422300187648 HWC layers:
03-02 00:56:54.823  1507  1507 D SurfaceFlinger:   SOLID_COLOR |                        0 | 00000002 | N/A          |    0.0    0.0    0.0    0.0 |    0    0   -1   -1 | Background for 68eb87 SurfaceView[co[...]weme.splash.SplashActivity]@0#155273 (0)
03-02 00:56:54.823  1507  1507 D SurfaceFlinger:   SOLID_COLOR |                        0 | 00000002 | N/A          |    0.0    0.0    0.0    0.0 |    0    0   -1   -1 | Background for 7086fb SurfaceView[co[...]weme.splash.SplashActivity]@0#155276 (0)
03-02 00:56:54.823  1507  1507 D SurfaceFlinger:   SOLID_COLOR |                        0 | 00000002 | N/A          |    0.0    0.0    0.0    0.0 |    0    0   -1   -1 | Background for 836459b SurfaceView[c[...]weme.splash.SplashActivity]@0#155279 (0)
03-02 00:56:54.823  1507  1507 D SurfaceFlinger:        DEVICE |           63930588201472 | 00000102 | 0x32315659   |    0.0    0.0    0.0    0.0 |    0    0   -1   -1 | 7086fb SurfaceView[com.zhiliaoapp.mu[...]lash.SplashActivity]@0(BLAST)#155275 (10)
03-02 00:56:54.823  1507  1507 D SurfaceFlinger:        DEVICE |           63930588201435 | 00002100 | RGBA_8888    |    0.0    0.0    0.0    0.0 |    0    0   -1   -1 | com.zhiliaoapp.musically/com.ss.andr[...].splash.
03-02 00:56:54.823  1507  1507 D SurfaceFlinger: SplashActivity$_14885#155267 (6)
03-02 00:56:54.823  1507  1507 D SurfaceFlinger:   SOLID_COLOR |                        0 | 00000000 | N/A          |    0.0    0.0    0.0    0.0 |    0    0   -1   -1 | DimTransitionLayer for Surface(name=Task=44840)/@0xac92d41#155293 (0)
03-02 00:56:54.823  1507  1507 D SurfaceFlinger:        DEVICE |           73534135074820 | 00002102 | RGBA_8888    |    0.0    0.0 1080.0 2340.0 |    0    0 1080 2340 | com.podcast.app.debug/androidx.activity.ComponentActivity$_17121#155285 (1)
03-02 00:56:54.823  1507  1507 D SurfaceFlinger:        DEVICE |           11793980281878 | 00002100 | RGBA_8888    |    0.0    0.0 1080.0   80.0 |    0    0 1080   80 | StatusBar$_2746#117 (210854)
03-02 00:56:54.823  1507  1507 D SurfaceFlinger:        DEVICE |           13752485304097 | 00002100 | RGBA_8888    |    0.0    0.0   67.0  346.0 | 1013  454 1080  800 | com.sec.android.app.launcher/com.sam[...].app.CocktailBarService$_3202#152779 (1)
03-02 00:56:54.823  1507  1507 D SurfaceFlinger:        DEVICE |           11793980281853 | 00002100 | RGBA_8888    |    0.0    0.0 1080.0  135.0 |    0 2205 1080 2340 | NavigationBar0$_2746#113 (187237)
03-02 00:56:54.823  1507  1507 D SurfaceFlinger:
03-02 00:56:54.823  1464  1492 E mtkpower@impl: [setMode] unknown type
03-02 00:56:54.827  1507  1507 I SurfaceFlinger: RequestedLayer [Task=44543#147901] hidden!! flag  from(0) --> to(1)
03-02 00:56:54.827  1507  1507 I SurfaceFlinger: [Display 0 name="Built-in Screen"#49] setFrameRateCategory: Default
03-02 00:56:54.827  1507  1507 I SurfaceFlinger: destroyed Splash Screen com.podcast.app.debug$_2746#155290
03-02 00:56:54.827  1507  1507 I SurfaceFlinger: [LayerHierarchy{RequestedLayerState{Task=44543#147901 parentId=10 z=41} 1 children}] reparent to LayerHierarchy{RequestedLayerState{DefaultTaskDisplayArea_d0#10 parentId=9} 45 children}
03-02 00:56:54.827  1507  1507 I SurfaceFlinger: [LayerHierarchy{RequestedLayerState{DimTransitionLayer for Surface(name=Task=44840)/@0xac92d41#155293 z=-1} no children}] reparent to OffscreenRoot
03-02 00:56:54.828  1507  1507 I SurfaceFlinger: [LayerHierarchy{RequestedLayerState{DimTransitionLayer for Surface(name=Task=44840)/@0xac92d41#155293 z=-1} no children}] RelativeParent to null
03-02 00:56:54.828  1507  1507 I SurfaceFlinger: [LayerHierarchy{RequestedLayerState{Transition Root: Task=44840#155291 z=42} 1 children}] reparent to OffscreenRoot
03-02 00:56:54.828  1507  1507 I SurfaceFlinger: [LayerHierarchy{RequestedLayerState{Transition Root: Task=44840#155291 z=42} 1 children}] RelativeParent to null
03-02 00:56:54.828  1507  1507 I SurfaceFlinger: [LayerHierarchy{RequestedLayerState{Task=44840#155281 parentId=10 z=42} 1 children}] reparent to LayerHierarchy{RequestedLayerState{DefaultTaskDisplayArea_d0#10 parentId=9} 45 children}
03-02 00:56:54.827 14885 14885 I SV[6876039 SplashActivity]: onWindowVisibilityChanged(8) false X.0fk7{68eb87 V.E...... ........ 0,80-1080,2000} of VRI[SplashActivity]@35f4eb8
03-02 00:56:54.831 14885 14885 I SurfaceView: 6876039 Changes: creating=false format=false size=false visible=true alpha=false hint=false left=false top=false z=false attached=true lifecycleStrategy=false
03-02 00:56:54.831 14885 14885 I SurfaceView: 6876039 Cur surface: Surface(name=null mNativeObject=499558726656)/@0x56b4ffd
03-02 00:56:54.831 14885 14885 I SurfaceView: 6876039 surfaceDestroyed
03-02 00:56:54.831 14885 14885 I SV[6876039 SplashActivity]: surfaceDestroyed callback.size 1 #2 X.0fk7{68eb87 V.E...... ........ 0,80-1080,2000}
03-02 00:56:54.831 14885 14885 I SV[6876039 SplashActivity]: updateSurface: mVisible = false mSurface.isValid() = true
03-02 00:56:54.831 14885 14885 I BLASTBufferQueue: [68eb87 SurfaceView[com.zhiliaoapp.musically/com.ss.android.ugc.aweme.splash.SplashActivity]@0#7](f:0,a:0,s:0) destructor()
03-02 00:56:54.831 14885 14885 D BufferQueueConsumer: [68eb87 SurfaceView[com.zhiliaoapp.musically/com.ss.android.ugc.aweme.splash.SplashActivity]@0#7(BLAST Consumer)7](id:3a250000000a,api:0,p:-1,c:14885) disconnect
03-02 00:56:54.831 14885 14885 I SV[6876039 SplashActivity]: releaseSurfaces: viewRoot = VRI[SplashActivity]@35f4eb8
03-02 00:56:54.831 14885 14885 V SurfaceView: Layout: x=4320 y=-2080 w=1080 h=1920, frame=Rect(0, 0 - 1080, 1920)
03-02 00:56:54.831 14885 14885 I SV[7374587 SplashActivity]: onWindowVisibilityChanged(8) false X.0fk7{7086fb V.E...... ........ 0,80-1080,2000} of VRI[SplashActivity]@35f4eb8
03-02 00:56:54.831 14885 14885 I SurfaceView: 7374587 Changes: creating=false format=false size=false visible=true alpha=false hint=false left=false top=false z=false attached=true lifecycleStrategy=false
03-02 00:56:54.831 14885 14885 I SurfaceView: 7374587 Cur surface: Surface(name=null mNativeObject=480500723456)/@0x5798c7e
03-02 00:56:54.831 14885 14885 I SurfaceView: 7374587 surfaceDestroyed
03-02 00:56:54.831 14885 14885 I SV[7374587 SplashActivity]: surfaceDestroyed callback.size 2 #2 X.0fk7{7086fb V.E...... ........ 0,80-1080,2000}
03-02 00:56:54.832  1507  1507 I Layer   : id=155290 Destroyed Splash Screen com.podcast.app.debug$_2746#155290
03-02 00:56:54.832 14885 16837 D SurfaceUtils: connecting to surface 0x6f9d803610, reason connectToSurface
03-02 00:56:54.833 14885 16837 I MediaCodec: [c2.mtk.hevc.decoder] setting surface generation to 15242248
03-02 00:56:54.833 14885 16837 D SurfaceUtils: disconnecting from surface 0x6f9d803610, reason connectToSurface(reconnect)
03-02 00:56:54.833 14885 16837 D SurfaceUtils: connecting to surface 0x6f9d803600, reason connectToSurface(reconnect-with-listener)
03-02 00:56:54.833  1507  1507 I SurfaceFlinger: onHandleDestroyed: layerId=155293, name=DimTransitionLayer for Surface(name=Task=44840)/@0xac92d41#155293
03-02 00:56:54.833  1507  1507 I SurfaceFlinger: id=155293 Removed DimTransitionLayer for Surface(name=Task=44840)/@0xac92d41#155293 (349)
03-02 00:56:54.833  1507  1507 I SurfaceFlinger: onHandleDestroyed: layerId=155291, name=Transition Root: Task=44840#155291
03-02 00:56:54.833  1507  1507 I SurfaceFlinger: id=155291 Removed Transition Root: Task=44840#155291 (349)
03-02 00:56:54.833  1507  1507 I SurfaceFlinger: onHandleDestroyed: layerId=155288, name=83740c2 Splash Screen com.podcast.app.debug#155288
03-02 00:56:54.833  1507  1507 I SurfaceFlinger: id=155288 Removed 83740c2 Splash Screen com.podcast.app.debug#155288 (349)
03-02 00:56:54.833  1507  1507 I SurfaceFlinger: onHandleDestroyed: layerId=155252, name=a295732 Splash Screen com.podcast.app.debug.test#155252
03-02 00:56:54.833  1507  1507 I SurfaceFlinger: id=155252 Removed a295732 Splash Screen com.podcast.app.debug.test#155252 (349)
03-02 00:56:54.833  1507  1507 E RefreshRateSelector: Can't find HRR max refresh rate by policy with the same group 0
03-02 00:56:54.838 14885 16837 D GraphicsTracker: new surface in configuration: maxDequeueRequested(0), maxDequeueCommitted(24)
03-02 00:56:54.838 14885 16837 D GraphicsTracker: new surface configured with id:63930588200968 gen:15242248 maxDequeue:24
03-02 00:56:54.838 14885 16837 D GraphicsTracker: maxDequeueCount is already 24
03-02 00:56:54.838 14885 16837 D Codec2Client: setOutputSurface -- generation=15242248 consumer usage=0x900
03-02 00:56:54.838 14885 16837 D SurfaceUtils: disconnecting from surface 0x6f9da2e010, reason disconnectFromSurface
03-02 00:56:54.838  1507  1507 I SurfaceFlinger: RequestedLayer [com.zhiliaoapp.musically/com.ss.andr[...].splash.SplashActivity$_14885#155267] hidden!! flag  from(0) --> to(1)
03-02 00:56:54.839  1507  1507 I SurfaceFlinger: RequestedLayer [ActivityRecord{2751228 u0 com.zhilia[...]splash.SplashActivity t44543}#147902] hidden!! flag  from(0) --> to(1)
03-02 00:56:54.839  1507  1507 I SurfaceFlinger: destroyed 83740c2 Splash Screen com.podcast.app.debug#155288
03-02 00:56:54.839  1507  1507 I SurfaceFlinger: destroyed DimTransitionLayer for Surface(name=Task=44840)/@0xac92d41#155293
03-02 00:56:54.839  1507  1507 I SurfaceFlinger: destroyed a295732 Splash Screen com.podcast.app.debug.test#155252
03-02 00:56:54.839  1507  1507 I SurfaceFlinger: destroyed Transition Root: Task=44840#155291
03-02 00:56:54.842  6655 28636 W PhBaseOp: Phenotype API error. Event: # ipwm@31413ab7, EventCode: GET_EXP [CONTEXT service_id=51 ]
03-02 00:56:54.842  6655 28636 W PhBaseOp: euhl: 29505: No config packages for log source, or config package not registered
03-02 00:56:54.842  6655 28636 W PhBaseOp: 	at eukc.f(:com.google.android.gms@260833035@26.08.33 (260400-873118776):77)
03-02 00:56:54.842  6655 28636 W PhBaseOp: 	at euka.i(:com.google.android.gms@260833035@26.08.33 (260400-873118776):3)
03-02 00:56:54.842  6655 28636 W PhBaseOp: 	at euje.h(:com.google.android.gms@260833035@26.08.33 (260400-873118776):31)
03-02 00:56:54.842  6655 28636 W PhBaseOp: 	at euje.f(:com.google.android.gms@260833035@26.08.33 (260400-873118776):13)
03-02 00:56:54.842  6655 28636 W PhBaseOp: 	at ctkl.fx(:com.google.android.gms@260833035@26.08.33 (260400-873118776):1)
03-02 00:56:54.842  6655 28636 W PhBaseOp: 	at ctkp.run(:com.google.android.gms@260833035@26.08.33 (260400-873118776):118)
03-02 00:56:54.842  6655 28636 W PhBaseOp: 	at gsnm.run(:com.google.android.gms@260833035@26.08.33 (260400-873118776):19)
03-02 00:56:54.842  6655 28636 W PhBaseOp: 	at bgyz.c(:com.google.android.gms@260833035@26.08.33 (260400-873118776):50)
03-02 00:56:54.842  6655 28636 W PhBaseOp: 	at bgyz.run(:com.google.android.gms@260833035@26.08.33 (260400-873118776):73)
03-02 00:56:54.842  6655 28636 W PhBaseOp: 	at java.util.concurrent.ThreadPoolExecutor.runWorker(ThreadPoolExecutor.java:1154)
03-02 00:56:54.842  6655 28636 W PhBaseOp: 	at java.util.concurrent.ThreadPoolExecutor$Worker.run(ThreadPoolExecutor.java:652)
03-02 00:56:54.842  6655 28636 W PhBaseOp: 	at bher.run(:com.google.android.gms@260833035@26.08.33 (260400-873118776):8)
03-02 00:56:54.842  6655 28636 W PhBaseOp: 	at java.lang.Thread.run(Thread.java:1563)
03-02 00:56:54.842  6655 28636 W AsyncOperation: operation=GetExperimentTokensOperationCall, opStatusCode=29505 [CONTEXT service_id=51 ]
03-02 00:56:54.842  6655 28636 W AsyncOperation: OperationException[Status{statusCode=No config packages for log source, or config package not registered, resolution=null}]
03-02 00:56:54.842  6655 28636 W AsyncOperation: 	at euje.h(:com.google.android.gms@260833035@26.08.33 (260400-873118776):61)
03-02 00:56:54.842  6655 28636 W AsyncOperation: 	at euje.f(:com.google.android.gms@260833035@26.08.33 (260400-873118776):13)
03-02 00:56:54.842  6655 28636 W AsyncOperation: 	at ctkl.fx(:com.google.android.gms@260833035@26.08.33 (260400-873118776):1)
03-02 00:56:54.842  6655 28636 W AsyncOperation: 	at ctkp.run(:com.google.android.gms@260833035@26.08.33 (260400-873118776):118)
03-02 00:56:54.842  6655 28636 W AsyncOperation: 	at gsnm.run(:com.google.android.gms@260833035@26.08.33 (260400-873118776):19)
03-02 00:56:54.842  6655 28636 W AsyncOperation: 	at bgyz.c(:com.google.android.gms@260833035@26.08.33 (260400-873118776):50)
03-02 00:56:54.842  6655 28636 W AsyncOperation: 	at bgyz.run(:com.google.android.gms@260833035@26.08.33 (260400-873118776):73)
03-02 00:56:54.842  6655 28636 W AsyncOperation: 	at java.util.concurrent.ThreadPoolExecutor.runWorker(ThreadPoolExecutor.java:1154)
03-02 00:56:54.842  6655 28636 W AsyncOperation: 	at java.util.concurrent.ThreadPoolExecutor$Worker.run(ThreadPoolExecutor.java:652)
03-02 00:56:54.842  6655 28636 W AsyncOperation: 	at bher.run(:com.google.android.gms@260833035@26.08.33 (260400-873118776):8)
03-02 00:56:54.842  6655 28636 W AsyncOperation: 	at java.lang.Thread.run(Thread.java:1563)
03-02 00:56:54.843  1507  1507 I Layer   : id=155252 Destroyed a295732 Splash Screen com.podcast.app.debug.test#155252
03-02 00:56:54.843  1507  1507 I Layer   : id=155288 Destroyed 83740c2 Splash Screen com.podcast.app.debug#155288
03-02 00:56:54.843  1507  1507 I Layer   : id=155291 Destroyed Transition Root: Task=44840#155291
03-02 00:56:54.843  1507  1507 I Layer   : id=155293 Destroyed DimTransitionLayer for Surface(name=Task=44840)/@0xac92d41#155293
03-02 00:56:54.851 14885 14885 I SV[7374587 SplashActivity]: updateSurface: mVisible = false mSurface.isValid() = true
03-02 00:56:54.851 14885 14885 I BLASTBufferQueue: [7086fb SurfaceView[com.zhiliaoapp.musically/com.ss.android.ugc.aweme.splash.SplashActivity]@0#8](f:0,a:1,s:0) destructor()
03-02 00:56:54.851 14885 14885 D BufferQueueConsumer: [7086fb SurfaceView[com.zhiliaoapp.musically/com.ss.android.ugc.aweme.splash.SplashActivity]@0#8(BLAST Consumer)8](id:3a250000000b,api:0,p:-1,c:14885) disconnect
03-02 00:56:54.852 14885 14885 I SV[7374587 SplashActivity]: releaseSurfaces: viewRoot = VRI[SplashActivity]@35f4eb8
03-02 00:56:54.852 14885 14885 V SurfaceView: Layout: x=0 y=80 w=1080 h=1920, frame=Rect(0, 0 - 1080, 1920)
03-02 00:56:54.852 14885 14885 I SV[137774491 SplashActivity]: onWindowVisibilityChanged(8) false X.0fk7{836459b V.E...... ........ 0,81-1080,1998} of VRI[SplashActivity]@35f4eb8
03-02 00:56:54.852 14885 14885 I SurfaceView: 137774491 Changes: creating=false format=false size=false visible=true alpha=false hint=false left=false top=false z=false attached=true lifecycleStrategy=false
03-02 00:56:54.852 14885 14885 I SurfaceView: 137774491 Cur surface: Surface(name=null mNativeObject=480514720768)/@0xe7e74a9
03-02 00:56:54.852 14885 14885 I SurfaceView: 137774491 surfaceDestroyed
03-02 00:56:54.852 14885 14885 I SV[137774491 SplashActivity]: surfaceDestroyed callback.size 1 #2 X.0fk7{836459b V.E...... ........ 0,81-1080,1998}
03-02 00:56:54.852 14885 14885 I SV[137774491 SplashActivity]: updateSurface: mVisible = false mSurface.isValid() = true
03-02 00:56:54.852 14885 14885 I BLASTBufferQueue: [836459b SurfaceView[com.zhiliaoapp.musically/com.ss.android.ugc.aweme.splash.SplashActivity]@0#9](f:0,a:0,s:0) destructor()
03-02 00:56:54.852 14885 14885 D BufferQueueConsumer: [836459b SurfaceView[com.zhiliaoapp.musically/com.ss.android.ugc.aweme.splash.SplashActivity]@0#9(BLAST Consumer)9](id:3a250000000c,api:0,p:-1,c:14885) disconnect
03-02 00:56:54.852 14885 14885 I SV[137774491 SplashActivity]: releaseSurfaces: viewRoot = VRI[SplashActivity]@35f4eb8
03-02 00:56:54.853 14885 14885 V SurfaceView: Layout: x=4320 y=2240 w=1080 h=1917, frame=Rect(0, 0 - 1080, 1917)
03-02 00:56:54.854 14885 15423 D SurfaceView: 40742098 windowPositionLost, frameNr = 0
03-02 00:56:54.854 14885 15423 D SurfaceView: 264683939 windowPositionLost, frameNr = 0
03-02 00:56:54.854 14885 15423 D SurfaceView: 229788832 windowPositionLost, frameNr = 0
03-02 00:56:54.856  1445  2902 W C2MtkBufferManager: [0xB4000070F507E520] fetchNewCcBlock: wait fence 0x0xb4000070f5058270 timed out. ret 110
03-02 00:56:54.863  2991  3757 I LocationAccessPolicy: checkLocationPermission - callingUid: 10492, callingPid: 14636, result: DENIED_SOFT
03-02 00:56:54.864  2991  3757 I LocationAccessPolicy: checkLocationPermission - callingUid: 10492, callingPid: 14636, result: DENIED_SOFT
03-02 00:56:54.864 17661 17661 I ActivityThread: Relaunch all activities: onCoreSettingsChange
03-02 00:56:54.864  2746  2746 D SystemUIService: SYSUI_RAM_OPTIMIZATION onTrimMemory=20
03-02 00:56:54.865  2746  2746 D CentralSurfaces: SYSUI_RAM_OPTIMIZATION onTrimMemory=20
03-02 00:56:54.866 14885 15423 D HWUI    : CacheManager::trimMemory(20)
03-02 00:56:54.867  2746  2870 D HWUI    : CacheManager::trimMemory(20)
03-02 00:56:54.867 17668 17668 I android.dqagent: Using CollectorTypeCMC GC.
03-02 00:56:54.872  2013  3646 I WindowManager: Relayout Window{cd2d6b5 u0 com.zhiliaoapp.musically/com.ss.android.ugc.aweme.splash.SplashActivity}: viewVisibility=8 req=1080x2340 ty=1 d0
03-02 00:56:54.878 14616 17673 I Finsky  : [4076] Created new item store.
03-02 00:56:54.879  2013  3646 I WindowManager: Relayout hash=cd2d6b5, pid=14885, syncId=-1: mAttrs={(0,0)(fillxfill) sim={adjust=pan} layoutInDisplayCutoutMode=always ty=BASE_APPLICATION fmt=TRANSLUCENT wanim=0x1030317
03-02 00:56:54.879  2013  3646 I WindowManager:   fl=81810180
03-02 00:56:54.879  2013  3646 I WindowManager:   pfl=10008840
03-02 00:56:54.879  2013  3646 I WindowManager:   vsysui=400
03-02 00:56:54.879  2013  3646 I WindowManager:   apr=10
03-02 00:56:54.879  2013  3646 I WindowManager:   bhv=1
03-02 00:56:54.879  2013  3646 I WindowManager:   fitSides=0
03-02 00:56:54.879  2013  3646 I WindowManager:   frameRateBoostOnTouch=true
03-02 00:56:54.879  2013  3646 I WindowManager:   dvrrWindowFrameRateHint=true naviIconColor=0
03-02 00:56:54.879  2013  3646 I WindowManager:   sfl=100000}
03-02 00:56:54.880 17661 17661 D ApplicationLoaders: Returning zygote-cached class loader: /system_ext/framework/androidx.window.extensions.jar
03-02 00:56:54.880 17661 17661 D ApplicationLoaders: Returning zygote-cached class loader: /system_ext/framework/androidx.window.sidecar.jar
03-02 00:56:54.884 14885 14885 I BLASTBufferQueue: [VRI[SplashActivity]@35f4eb8#6](f:0,a:1,s:0) destructor()
03-02 00:56:54.884 14885 14885 D BufferQueueConsumer: [VRI[SplashActivity]@35f4eb8#6(BLAST Consumer)6](id:3a2500000009,api:0,p:-1,c:14885) disconnect
03-02 00:56:54.885 14885 14885 I VRI[SplashActivity]@35f4eb8: Relayout returned: old=(0,0,1080,2340) new=(0,0,1080,2340) relayoutAsync=false req=(1080,2340)8 dur=11 res=0x2 s={false 0x0} ch=true seqId=0
03-02 00:56:54.885 14885 14885 I SV[6876039 SplashActivity]: windowStopped(true) false X.0fk7{68eb87 V.E...... ........ 0,80-1080,2000} of VRI[SplashActivity]@35f4eb8
03-02 00:56:54.886 14885 14885 D SV[6876039 SplashActivity]: updateSurface: surface is not valid
03-02 00:56:54.886 14885 14885 I SV[6876039 SplashActivity]: releaseSurfaces: viewRoot = VRI[SplashActivity]@35f4eb8
03-02 00:56:54.886 14885 14885 D VRI[SplashActivity]@35f4eb8: applyTransactionOnDraw applyImmediately
03-02 00:56:54.886 14885 14885 I SV[7374587 SplashActivity]: windowStopped(true) false X.0fk7{7086fb V.E...... ........ 0,80-1080,2000} of VRI[SplashActivity]@35f4eb8
03-02 00:56:54.886 14885 14885 D SV[7374587 SplashActivity]: updateSurface: surface is not valid
03-02 00:56:54.886 14885 14885 I SV[7374587 SplashActivity]: releaseSurfaces: viewRoot = VRI[SplashActivity]@35f4eb8
03-02 00:56:54.886 14885 14885 D VRI[SplashActivity]@35f4eb8: applyTransactionOnDraw applyImmediately
03-02 00:56:54.887 14885 14885 I SV[137774491 SplashActivity]: windowStopped(true) false X.0fk7{836459b V.E...... ........ 0,81-1080,1998} of VRI[SplashActivity]@35f4eb8
03-02 00:56:54.887 14885 14885 D SV[137774491 SplashActivity]: updateSurface: surface is not valid
03-02 00:56:54.887 14885 14885 I SV[137774491 SplashActivity]: releaseSurfaces: viewRoot = VRI[SplashActivity]@35f4eb8
03-02 00:56:54.887 14885 14885 D VRI[SplashActivity]@35f4eb8: applyTransactionOnDraw applyImmediately
03-02 00:56:54.889 14885 14885 D SV[6876039 SplashActivity]: updateSurface: surface is not valid
03-02 00:56:54.889 14885 14885 I SV[6876039 SplashActivity]: releaseSurfaces: viewRoot = VRI[SplashActivity]@35f4eb8
03-02 00:56:54.889 14885 14885 D VRI[SplashActivity]@35f4eb8: applyTransactionOnDraw applyImmediately
03-02 00:56:54.891 14885 14885 D SV[7374587 SplashActivity]: updateSurface: surface is not valid
03-02 00:56:54.891 14885 14885 I SV[7374587 SplashActivity]: releaseSurfaces: viewRoot = VRI[SplashActivity]@35f4eb8
03-02 00:56:54.891 14885 14885 D VRI[SplashActivity]@35f4eb8: applyTransactionOnDraw applyImmediately
03-02 00:56:54.891 14885 14885 D SV[137774491 SplashActivity]: updateSurface: surface is not valid
03-02 00:56:54.891 14885 14885 I SV[137774491 SplashActivity]: releaseSurfaces: viewRoot = VRI[SplashActivity]@35f4eb8
03-02 00:56:54.891 14885 14885 D VRI[SplashActivity]@35f4eb8: applyTransactionOnDraw applyImmediately
03-02 00:56:54.892 14885 14885 D VRI[SplashActivity]@35f4eb8: Not drawing due to not visible. Reason=!mAppVisible && !mForceDecorViewVisibility
03-02 00:56:54.892 14885 14885 D VRI[SplashActivity]@35f4eb8: Pending transaction will not be applied in sync with a draw due to view not visible
03-02 00:56:54.893  1507  1507 I SurfaceFlinger: [LayerHierarchy{RequestedLayerState{Bounds for - com.zhiliaoapp.musically/com.ss.android.ugc.aweme.splash.SplashActivity@1#155270} 3 children}] reparent to OffscreenRoot
03-02 00:56:54.894  1507  1507 I SurfaceFlinger: [LayerHierarchy{RequestedLayerState{Bounds for - com.zhiliaoapp.musically/com.ss.android.ugc.aweme.splash.SplashActivity@1#155270} 3 children}] RelativeParent to null
03-02 00:56:54.895 14885 14885 I VRI[SplashActivity]@35f4eb8: mWNT: t=0x769ac0ba00 mBlastBufferQueue=0xnull fn= 0 HdrRenderState mRenderHdrSdrRatio=1.0 caller= android.view.ViewRootImpl.handleSyncRequestWhenNoAsyncDraw:6733 android.view.ViewRootImpl.performTraversals:5504 android.view.ViewRootImpl.doTraversal:3924
03-02 00:56:54.897  1507  1507 I SurfaceFlinger: onHandleDestroyed: layerId=155270, name=Bounds for - com.zhiliaoapp.musically/com.ss.android.ugc.aweme.splash.SplashActivity@1#155270
03-02 00:56:54.897  1507  1507 I SurfaceFlinger: id=155270 Removed Bounds for - com.zhiliaoapp.musically/com.ss.android.ugc.aweme.splash.SplashActivity@1#155270 (345)
03-02 00:56:54.900 14885 15423 D HWUI    : CacheManager::trimMemory(20)
03-02 00:56:54.901  1507  1825 I SurfaceFlinger: Capture layer list: 	 com.podcast.app.debug/androidx.activity.ComponentActivity$_17121#155285(seamlessTransition:0)
03-02 00:56:54.904  1507  1507 I SurfaceFlinger: destroyed Bounds for - com.zhiliaoapp.musically/com.ss.android.ugc.aweme.splash.SplashActivity@1#155270
03-02 00:56:54.904  1507  1507 I SurfaceFlinger: [LayerHierarchy{RequestedLayerState{Background for 836459b SurfaceView[com.zhiliaoapp.musically/com.ss.android.ugc.aweme.splash.SplashActivity]@0#155279 z=-2147483648} no children}] reparent to OffscreenRoot
03-02 00:56:54.904  1507  1507 I SurfaceFlinger: [LayerHierarchy{RequestedLayerState{Background for 836459b SurfaceView[com.zhiliaoapp.musically/com.ss.android.ugc.aweme.splash.SplashActivity]@0#155279 z=-2147483648} no children}] RelativeParent to null
03-02 00:56:54.904  1507  1507 I SurfaceFlinger: [LayerHierarchy{RequestedLayerState{836459b SurfaceView[com.zhiliaoapp.musically/com.ss.android.ugc.aweme.splash.SplashActivity]@0(BLAST)#155278} no children}] reparent to OffscreenRoot
03-02 00:56:54.904  1507  1507 I SurfaceFlinger: [LayerHierarchy{RequestedLayerState{836459b SurfaceView[com.zhiliaoapp.musically/com.ss.android.ugc.aweme.splash.SplashActivity]@0(BLAST)#155278} no children}] RelativeParent to null
03-02 00:56:54.904  1507  1507 I SurfaceFlinger: [LayerHierarchy{RequestedLayerState{836459b SurfaceView[com.zhiliaoapp.musically/com.ss.android.ugc.aweme.splash.SplashActivity]@0#155277 z=-2} no children}] reparent to OffscreenRoot
03-02 00:56:54.904  1507  1507 I SurfaceFlinger: [LayerHierarchy{RequestedLayerState{836459b SurfaceView[com.zhiliaoapp.musically/com.ss.android.ugc.aweme.splash.SplashActivity]@0#155277 z=-2} no children}] RelativeParent to null
03-02 00:56:54.904  1507  1507 I SurfaceFlinger: [LayerHierarchy{RequestedLayerState{Background for 7086fb SurfaceView[com.zhiliaoapp.musically/com.ss.android.ugc.aweme.splash.SplashActivity]@0#155276 z=-2147483648} no children}] reparent to OffscreenRoot
03-02 00:56:54.904  1507  1507 I SurfaceFlinger: [LayerHierarchy{RequestedLayerState{Background for 7086fb SurfaceView[com.zhiliaoapp.musically/com.ss.android.ugc.aweme.splash.SplashActivity]@0#155276 z=-2147483648} no children}] RelativeParent to null
03-02 00:56:54.904  1507  1507 I SurfaceFlinger: [LayerHierarchy{RequestedLayerState{68eb87 SurfaceView[com.zhiliaoapp.musically/com.ss.android.ugc.aweme.splash.SplashActivity]@0#155271 z=-2} 2 children}] reparent to OffscreenRoot
03-02 00:56:54.904  1507  1507 I SurfaceFlinger: [LayerHierarchy{RequestedLayerState{68eb87 SurfaceView[com.zhiliaoapp.musically/com.ss.android.ugc.aweme.splash.SplashActivity]@0#155271 z=-2} 2 children}] RelativeParent to null
03-02 00:56:54.904  1507  1507 I SurfaceFlinger: [LayerHierarchy{RequestedLayerState{68eb87 SurfaceView[com.zhiliaoapp.musically/com.ss.android.ugc.aweme.splash.SplashActivity]@0(BLAST)#155272} no children}] reparent to OffscreenRoot
03-02 00:56:54.904  1507  1507 I SurfaceFlinger: [LayerHierarchy{RequestedLayerState{68eb87 SurfaceView[com.zhiliaoapp.musically/com.ss.android.ugc.aweme.splash.SplashActivity]@0(BLAST)#155272} no children}] RelativeParent to null
03-02 00:56:54.904  1507  1507 I SurfaceFlinger: [LayerHierarchy{RequestedLayerState{Background for 68eb87 SurfaceView[com.zhiliaoapp.musically/com.ss.android.ugc.aweme.splash.SplashActivity]@0#155273 z=-2147483648} no children}] reparent to OffscreenRoot
03-02 00:56:54.904  1507  1507 I SurfaceFlinger: [LayerHierarchy{RequestedLayerState{Background for 68eb87 SurfaceView[com.zhiliaoapp.musically/com.ss.android.ugc.aweme.splash.SplashActivity]@0#155273 z=-2147483648} no children}] RelativeParent to null
03-02 00:56:54.904  1507  1507 I SurfaceFlinger: [LayerHierarchy{RequestedLayerState{7086fb SurfaceView[com.zhiliaoapp.musically/com.ss.android.ugc.aweme.splash.SplashActivity]@0#155274 z=-2} 1 children}] reparent to OffscreenRoot
03-02 00:56:54.904  1507  1507 I SurfaceFlinger: [LayerHierarchy{RequestedLayerState{7086fb SurfaceView[com.zhiliaoapp.musically/com.ss.android.ugc.aweme.splash.SplashActivity]@0#155274 z=-2} 1 children}] RelativeParent to null
03-02 00:56:54.904  1507  1507 I SurfaceFlinger: [LayerHierarchy{RequestedLayerState{7086fb SurfaceView[com.zhiliaoapp.musically/com.ss.android.ugc.aweme.splash.SplashActivity]@0(BLAST)#155275} no children}] reparent to OffscreenRoot
03-02 00:56:54.904  1507  1507 I SurfaceFlinger: [LayerHierarchy{RequestedLayerState{7086fb SurfaceView[com.zhiliaoapp.musically/com.ss.android.ugc.aweme.splash.SplashActivity]@0(BLAST)#155275} no children}] RelativeParent to null
03-02 00:56:54.904 14885 14885 I VRI[SplashActivity]@35f4eb8: stopped(true) old = false
03-02 00:56:54.904 14885 14885 D VRI[SplashActivity]@35f4eb8: WindowStopped on com.zhiliaoapp.musically/com.ss.android.ugc.aweme.splash.SplashActivity set to true
03-02 00:56:54.905 14885 15423 D HWUI    : CacheManager::trimMemory(20)
03-02 00:56:54.908 14885 14885 I System.out: SAFActivity: com.ss.android.ugc.aweme.main.MainActivity@c20428f,  onStop Start
03-02 00:56:54.908  1507  1507 I Layer   : id=155270 Destroyed Bounds for - com.zhiliaoapp.musically/com.ss.android.ugc.aweme.splash.SplashActivity@1#155270
03-02 00:56:54.908  1507  1507 I SurfaceFlinger: onHandleDestroyed: layerId=155278, name=836459b SurfaceView[com.zhiliaoapp.musically/com.ss.android.ugc.aweme.splash.SplashActivity]@0(BLAST)#155278
03-02 00:56:54.908  1507  1507 I SurfaceFlinger: id=155278 Removed 836459b SurfaceView[com.zhiliaoapp.musically/com.ss.android.ugc.aweme.splash.SplashActivity]@0(BLAST)#155278 (344)
03-02 00:56:54.908  1507  1507 I SurfaceFlinger: onHandleDestroyed: layerId=155277, name=836459b SurfaceView[com.zhiliaoapp.musically/com.ss.android.ugc.aweme.splash.SplashActivity]@0#155277
03-02 00:56:54.908  1507  1507 I SurfaceFlinger: id=155277 Removed 836459b SurfaceView[com.zhiliaoapp.musically/com.ss.android.ugc.aweme.splash.SplashActivity]@0#155277 (344)
03-02 00:56:54.908  1507  1507 I SurfaceFlinger: onHandleDestroyed: layerId=155279, name=Background for 836459b SurfaceView[com.zhiliaoapp.musically/com.ss.android.ugc.aweme.splash.SplashActivity]@0#155279
03-02 00:56:54.908  1507  1507 I SurfaceFlinger: id=155279 Removed Background for 836459b SurfaceView[com.zhiliaoapp.musically/com.ss.android.ugc.aweme.splash.SplashActivity]@0#155279 (344)
03-02 00:56:54.908  1507  1507 I SurfaceFlinger: onHandleDestroyed: layerId=155275, name=7086fb SurfaceView[com.zhiliaoapp.musically/com.ss.android.ugc.aweme.splash.SplashActivity]@0(BLAST)#155275
03-02 00:56:54.908  1507  1507 I SurfaceFlinger: id=155275 Removed 7086fb SurfaceView[com.zhiliaoapp.musically/com.ss.android.ugc.aweme.splash.SplashActivity]@0(BLAST)#155275 (344)
03-02 00:56:54.908  1507  1507 I SurfaceFlinger: onHandleDestroyed: layerId=155274, name=7086fb SurfaceView[com.zhiliaoapp.musically/com.ss.android.ugc.aweme.splash.SplashActivity]@0#155274
03-02 00:56:54.908  1507  1507 I SurfaceFlinger: id=155274 Removed 7086fb SurfaceView[com.zhiliaoapp.musically/com.ss.android.ugc.aweme.splash.SplashActivity]@0#155274 (344)
03-02 00:56:54.908  1507  1507 I SurfaceFlinger: onHandleDestroyed: layerId=155276, name=Background for 7086fb SurfaceView[com.zhiliaoapp.musically/com.ss.android.ugc.aweme.splash.SplashActivity]@0#155276
03-02 00:56:54.908  1507  1507 I SurfaceFlinger: id=155276 Removed Background for 7086fb SurfaceView[com.zhiliaoapp.musically/com.ss.android.ugc.aweme.splash.SplashActivity]@0#155276 (344)
03-02 00:56:54.908  1507  1507 I SurfaceFlinger: onHandleDestroyed: layerId=155272, name=68eb87 SurfaceView[com.zhiliaoapp.musically/com.ss.android.ugc.aweme.splash.SplashActivity]@0(BLAST)#155272
03-02 00:56:54.908  1507  1507 I SurfaceFlinger: id=155272 Removed 68eb87 SurfaceView[com.zhiliaoapp.musically/com.ss.android.ugc.aweme.splash.SplashActivity]@0(BLAST)#155272 (344)
03-02 00:56:54.908  1507  1507 I SurfaceFlinger: onHandleDestroyed: layerId=155271, name=68eb87 SurfaceView[com.zhiliaoapp.musically/com.ss.android.ugc.aweme.splash.SplashActivity]@0#155271
03-02 00:56:54.908  1507  1507 I SurfaceFlinger: id=155271 Removed 68eb87 SurfaceView[com.zhiliaoapp.musically/com.ss.android.ugc.aweme.splash.SplashActivity]@0#155271 (344)
03-02 00:56:54.908  1507  1507 I SurfaceFlinger: onHandleDestroyed: layerId=155273, name=Background for 68eb87 SurfaceView[com.zhiliaoapp.musically/com.ss.android.ugc.aweme.splash.SplashActivity]@0#155273
03-02 00:56:54.908  1507  1507 I SurfaceFlinger: id=155273 Removed Background for 68eb87 SurfaceView[com.zhiliaoapp.musically/com.ss.android.ugc.aweme.splash.SplashActivity]@0#155273 (344)
03-02 00:56:54.912  1450 17630 I mtkpower_client: perf_lock_rel, hdl:76205, pid: 1450, tid:17630
03-02 00:56:54.913  2013  2306 D InputReader: Input event(9): value=1 when=491093.913847
03-02 00:56:54.913  1464  1529 I libPowerHal: [perfLockRel] hdl:76205, idx:6
03-02 00:56:54.913  1464  1529 I libPowerHal: [PD] vendor.samsung. update cmd:300c000 param:0, pr:6
03-02 00:56:54.913  2013  2306 D PhoneWindowManager: interceptKeyTq keycode=24 interactive=true keyguardActive=false policyFlags=22000000
03-02 00:56:54.913  1450 17630 I mtkpower_client: perf_lock_rel, hdl:76213, pid: 1450, tid:17630
03-02 00:56:54.914  1464  1529 I libPowerHal: [perfLockRel] Done for hdl : 76205
03-02 00:56:54.914  1464  1529 I libPowerHal: [perfLockRel] hdl:76213, idx:2
03-02 00:56:54.914  1450 17630 I mtkpower_client: perf_lock_rel, hdl:76212, pid: 1450, tid:17630
03-02 00:56:54.914  1464  1529 I libPowerHal: [set_cpuidle] enable:1, fd:17, scn:0xb40000737b607270
03-02 00:56:54.914  1464  1529 I libPowerHal: [PD] vendor.samsung. update cmd:1c3c100 param:1 pr:6
03-02 00:56:54.914  2013  2306 D SingleKeyGesture: interceptKeyDown, info : KeyCode=KEYCODE_UNKNOWN, size=0
03-02 00:56:54.914  2013  2306 D PhoneWindowManagerExt: interceptKeyTq code=24 down=true repeatCount=0 displayId=-1 interactive=true powerCombination=false
03-02 00:56:54.914  1464  1529 I libPowerHal: [perfLockRel] Done for hdl : 76213
03-02 00:56:54.914  2013  2306 D PhoneWindowManager: interceptKeyTq interceptKeyResult=1
03-02 00:56:54.915  1464  1529 I libPowerHal: [perfLockRel] hdl:76212, idx:7
03-02 00:56:54.915  1450 17630 I mtkpower_client: perf_lock_rel, hdl:76214, pid: 1450, tid:17630
03-02 00:56:54.915  1464  1529 I libPowerHal: [PD] vendor.samsung. update cmd:400000 param:-1 pr:6
03-02 00:56:54.915  2746  5007 D RingtonePlayer: stopAsync()
03-02 00:56:54.915  2746  5007 D RingtonePlayer: stop
03-02 00:56:54.915  1464  1529 I libPowerHal: [recordCPUFreqInfo] set cluster[0] min(-1): -1 max(-1): -1 cluster[1] min(-1): -1 max(-1): -1
03-02 00:56:54.915  1464  1529 I libPowerHal: [perfLockRel] Done for hdl : 76212
03-02 00:56:54.915  1507  1507 I SurfaceFlinger: destroyed Background for 836459b SurfaceView[com.zhiliaoapp.musically/com.ss.android.ugc.aweme.splash.SplashActivity]@0#155279
03-02 00:56:54.915  1507  1507 I SurfaceFlinger: destroyed 7086fb SurfaceView[com.zhiliaoapp.musically/com.ss.android.ugc.aweme.splash.SplashActivity]@0(BLAST)#155275
03-02 00:56:54.915  1507  1507 I SurfaceFlinger: destroyed 7086fb SurfaceView[com.zhiliaoapp.musically/com.ss.android.ugc.aweme.splash.SplashActivity]@0#155274
03-02 00:56:54.915  1507  1507 I SurfaceFlinger: destroyed Background for 68eb87 SurfaceView[com.zhiliaoapp.musically/com.ss.android.ugc.aweme.splash.SplashActivity]@0#155273
03-02 00:56:54.915  1507  1507 I SurfaceFlinger: destroyed 68eb87 SurfaceView[com.zhiliaoapp.musically/com.ss.android.ugc.aweme.splash.SplashActivity]@0(BLAST)#155272
03-02 00:56:54.915  1507  1507 I SurfaceFlinger: destroyed 68eb87 SurfaceView[com.zhiliaoapp.musically/com.ss.android.ugc.aweme.splash.SplashActivity]@0#155271
03-02 00:56:54.915  1507  1507 I SurfaceFlinger: destroyed Background for 7086fb SurfaceView[com.zhiliaoapp.musically/com.ss.android.ugc.aweme.splash.SplashActivity]@0#155276
03-02 00:56:54.915  1507  1507 I SurfaceFlinger: destroyed 836459b SurfaceView[com.zhiliaoapp.musically/com.ss.android.ugc.aweme.splash.SplashActivity]@0(BLAST)#155278
03-02 00:56:54.915  1507  1507 I SurfaceFlinger: destroyed 836459b SurfaceView[com.zhiliaoapp.musically/com.ss.android.ugc.aweme.splash.SplashActivity]@0#155277
03-02 00:56:54.916  1464  1529 I libPowerHal: [perfLockRel] hdl:76214, idx:5
03-02 00:56:54.916  1450 17630 I HYPER-HAL: [RequestManager.cpp]releaseLocked(): Released ID : 2061482
03-02 00:56:54.916  1464  1529 I libPowerHal: [PD] vendor.samsung. update cmd:1000000 param:-1 pr:6
03-02 00:56:54.916  1464  1529 I libPowerHal: [perfLockRel] Done for hdl : 76214
03-02 00:56:54.916 14636 14636 D WM-SystemJobService: onStartJob for WorkGenerationalId(workSpecId=f23029b8-b7a3-4a93-aaf6-b7c7a26dfe9e, generation=0)
03-02 00:56:54.918  1646  1646 I CameraService: onUidStateChanged: uid=10492, procState is changed. (19 -> 8)
03-02 00:56:54.918 14636 15217 D WM-Processor: MutableConfig: processing WorkGenerationalId(workSpecId=f23029b8-b7a3-4a93-aaf6-b7c7a26dfe9e, generation=0)
03-02 00:56:54.919  1507  1507 I Layer   : id=155273 Destroyed Background for 68eb87 SurfaceView[com.zhiliaoapp.musically/com.ss.android.ugc.aweme.splash.SplashActivity]@0#155273
03-02 00:56:54.919  1507  1507 I Layer   : id=155271 Destroyed 68eb87 SurfaceView[com.zhiliaoapp.musically/com.ss.android.ugc.aweme.splash.SplashActivity]@0#155271
03-02 00:56:54.919  1507  1507 I Layer   : id=155272 Destroyed 68eb87 SurfaceView[com.zhiliaoapp.musically/com.ss.android.ugc.aweme.splash.SplashActivity]@0(BLAST)#155272
03-02 00:56:54.919  1507  1507 I Layer   : id=155276 Destroyed Background for 7086fb SurfaceView[com.zhiliaoapp.musically/com.ss.android.ugc.aweme.splash.SplashActivity]@0#155276
03-02 00:56:54.919  1507  1507 I Layer   : id=155274 Destroyed 7086fb SurfaceView[com.zhiliaoapp.musically/com.ss.android.ugc.aweme.splash.SplashActivity]@0#155274
03-02 00:56:54.919  1507  1507 I Layer   : id=155275 Destroyed 7086fb SurfaceView[com.zhiliaoapp.musically/com.ss.android.ugc.aweme.splash.SplashActivity]@0(BLAST)#155275
03-02 00:56:54.920  1507  1507 I Layer   : id=155279 Destroyed Background for 836459b SurfaceView[com.zhiliaoapp.musically/com.ss.android.ugc.aweme.splash.SplashActivity]@0#155279
03-02 00:56:54.920  1507  1507 I Layer   : id=155277 Destroyed 836459b SurfaceView[com.zhiliaoapp.musically/com.ss.android.ugc.aweme.splash.SplashActivity]@0#155277
03-02 00:56:54.920  1507  1507 I Layer   : id=155278 Destroyed 836459b SurfaceView[com.zhiliaoapp.musically/com.ss.android.ugc.aweme.splash.SplashActivity]@0(BLAST)#155278
03-02 00:56:54.923  2013  2305 D InputDispatcher: We will try again in 140 msec by PWM
03-02 00:56:54.926 17661 17661 I LoadedApk: No resource references to update in package com.google.android.trichromelibrary
03-02 00:56:54.929  1445  2902 W C2MtkBufferManager: [0xB4000070F507E520] fetchNewCcBlock: wait fence 0x0xb4000070f5058270 timed out. ret 110
03-02 00:56:54.930  1446  1446 I SensorsHub: queueActivate: handle 5 enable 0
03-02 00:56:54.930  1446  1446 I SensorsHub: type : 5, enable : 0
03-02 00:56:54.932 14636 14636 D WM-WorkerWrapper: Starting work for com.urbanairship.job.AirshipWorker
03-02 00:56:54.933 14636 14636 V Ana Vodafone - UALib: AirshipWorker - Running job: JobInfo{action='ACTION_UPDATE_CHANNEL', airshipComponentName='com.urbanairship.channel.AirshipChannel', isNetworkAccessRequired=true, minDelayMs=0, conflictStrategy=2, initialBackOffMs=30000, extras={}, rateLimitIds=[]}, work Id: f23029b8-b7a3-4a93-aaf6-b7c7a26dfe9e run attempt: 264
03-02 00:56:54.933 14885 17073 D SensorManager: unregisterListener
03-02 00:56:54.933 14636 14636 V Ana Vodafone - UALib: JobDispatcher - Running job: JobInfo{action='ACTION_UPDATE_CHANNEL', airshipComponentName='com.urbanairship.channel.AirshipChannel', isNetworkAccessRequired=true, minDelayMs=0, conflictStrategy=2, initialBackOffMs=30000, extras={}, rateLimitIds=[]}, run attempt: 264
03-02 00:56:54.935 17668 17668 I ActivityThread: Relaunch all activities: onCoreSettingsChange
03-02 00:56:54.939 17661 17661 I cr_SplitCompatApp: version=145.0.7632.120 (763212033) minSdkVersion=29 processName=com.android.chrome:sandboxed_process0:org.chromium.content.app.SandboxedProcessService0:0 isIsolatedProcess=true splits=chrome,config.ar,config.en,dev_ui,on_demand,stack_unwinder,test_dummy
03-02 00:56:54.952 14885 17072 W System.err: FlagsHookHelper: skip hook flags method getInstanceHook
03-02 00:56:54.955  2013  3646 I MediaFocusControl: abandonAudioFocus() from uid/pid 10350/14885 clientId=android.media.AudioManager@b7fcc9dX.143s@4302512 callingPack=com.zhiliaoapp.musically
03-02 00:56:54.955  2013  3646 D AS.AudioService: [Android Auto] isConnectedAndroidAuto = false
03-02 00:56:54.955  2013  3646 D MediaFocusControl: selectFocusStack, uid = 10350, appDevice = 0, device = 2
03-02 00:56:54.955  2013  3646 I MediaFocusControl: removeFocusStackEntry client:android.media.AudioManager@b7fcc9dX.143s@4302512
03-02 00:56:54.956 17661 17661 I cr_ChildProcessService: Creating new ChildProcessService pid=17661
03-02 00:56:54.961 14885 15878 W NaviWarn: StackPtr is not 8-byte aligned.
03-02 00:56:54.972 14885 14885 I System.out: SceneSafeLifecycleDispatcher: onStopped Start
03-02 00:56:54.972 14885 14885 I System.out: SAFActivity V Scene Framework: NavigationMessageQueue postSync start
03-02 00:56:54.972 14885 14885 I System.out: SAFActivity V Scene Framework: NavigationMessageQueue postSync run current task start 14_Y.ARunnableS108S0200000_32@5fa4af3
03-02 00:56:54.973 14885 14885 I System.out: SAFActivity V Scene Framework: NavigationSceneManager Sync Scene SAFFragmentRootScene{79e191c} Lifecycle [STARTED -> ACTIVITY_CREATED] without saved State
03-02 00:56:54.973 14885 14885 I System.out: SAFFragmentRootScene: onStop Start (SAFFragmentRootScene{79e191c})
03-02 00:56:54.979 14885 14885 I System.out: SAFActivity V Scene Framework: NavigationMessageQueue postSync run current task finish 14_Y.ARunnableS108S0200000_32@5fa4af3
03-02 00:56:54.979 14885 14885 I System.out: SAFActivity V Scene Framework: NavigationMessageQueue postSync finish
03-02 00:56:54.979 14885 14885 I System.out: SceneSafeLifecycleDispatcher: onStopped End STOP
03-02 00:56:54.979 14885 14885 I System.out: SAFActivity: com.ss.android.ugc.aweme.main.MainActivity@c20428f,  onStop End
03-02 00:56:54.979 14885 14885 D SV[6876039 SplashActivity]: updateSurface: surface is not valid
03-02 00:56:54.979 14885 14885 I SV[6876039 SplashActivity]: releaseSurfaces: viewRoot = VRI[SplashActivity]@35f4eb8
03-02 00:56:54.979 14885 14885 D VRI[SplashActivity]@35f4eb8: applyTransactionOnDraw applyImmediately
03-02 00:56:54.980 14885 14885 D SV[7374587 SplashActivity]: updateSurface: surface is not valid
03-02 00:56:54.980 14885 14885 I SV[7374587 SplashActivity]: releaseSurfaces: viewRoot = VRI[SplashActivity]@35f4eb8
03-02 00:56:54.980 14885 14885 D VRI[SplashActivity]@35f4eb8: applyTransactionOnDraw applyImmediately
03-02 00:56:54.980 14885 14885 D SV[137774491 SplashActivity]: updateSurface: surface is not valid
03-02 00:56:54.980 14885 14885 I SV[137774491 SplashActivity]: releaseSurfaces: viewRoot = VRI[SplashActivity]@35f4eb8
03-02 00:56:54.980 14885 14885 D VRI[SplashActivity]@35f4eb8: applyTransactionOnDraw applyImmediately
03-02 00:56:54.982 17661 17688 I cr_LibraryLoader: Successfully loaded native library
03-02 00:56:54.982 14885 14885 I System.out: SAFActivity V Scene Framework: NavigationSceneManager forceExecutePendingNavigationOperation start
03-02 00:56:54.982 14885 14885 I System.out: SAFActivity V Scene Framework: NavigationMessageQueue postSync start
03-02 00:56:54.982 14885 14885 I System.out: SAFActivity V Scene Framework: NavigationMessageQueue postSync run current task start 0_Y.ARunnableS90S0000000_15@8608acf
03-02 00:56:54.982 14885 14885 I System.out: SAFActivity V Scene Framework: NavigationMessageQueue postSync run current task finish 0_Y.ARunnableS90S0000000_15@8608acf
03-02 00:56:54.982 14885 14885 I System.out: SAFActivity V Scene Framework: NavigationMessageQueue postSync finish
03-02 00:56:54.982 14885 14885 I System.out: SAFActivity V Scene Framework: NavigationSceneManager forceExecutePendingNavigationOperation finish
03-02 00:56:54.982 14885 14885 I System.out: SAFActivity: com.ss.android.ugc.aweme.main.MainActivity@c20428f,  onSaveInstanceState Start
03-02 00:56:54.984 14885 14885 I System.out: SceneSafeLifecycleDispatcher: onSaveInstanceState Start
03-02 00:56:54.984 14885 14885 I System.out: SAFFragmentRootScene: onSaveInstanceState Start (SAFFragmentRootScene{79e191c})
03-02 00:56:54.984 14885 14885 I System.out: SceneSafeLifecycleDispatcher: onSaveInstanceState End STOP
03-02 00:56:54.984 14885 14885 I System.out: SAFActivity: com.ss.android.ugc.aweme.main.MainActivity@c20428f,  onSaveInstanceState End
03-02 00:56:54.985 14885 14885 W System.err: onActivityPostSaveInstanceState store finished---->com.ss.android.ugc.aweme.main.MainActivity@c20428f
03-02 00:56:54.987 17661 17688 I cr_CachingUmaRecorder: Flushed 3 samples from 3 histograms, 0 samples were dropped.
03-02 00:56:54.988 14885 14885 D SV[6876039 SplashActivity]: updateSurface: surface is not valid
03-02 00:56:54.988 14885 14885 I SV[6876039 SplashActivity]: releaseSurfaces: viewRoot = VRI[SplashActivity]@35f4eb8
03-02 00:56:54.988 14885 14885 D VRI[SplashActivity]@35f4eb8: applyTransactionOnDraw applyImmediately
