03-02 00:57:22.634  1507  1507 I SurfaceFlinger: destroyed Surface(name=c536234 NavigationBar0)/@0xfac847b - animation-leash of insets_animation#156109
03-02 00:57:22.634  1507  1507 I SurfaceFlinger: destroyed Surface(name=a5d3a68 StatusBar)/@0xd5726d6 - animation-leash of insets_animation#156110
03-02 00:57:22.635  1450  1487 I mtkpower_client: ret_hdl:76539
03-02 00:57:22.635  1450  1487 I mtkpower_client: perf_lock_rel, hdl:76536, pid: 1450, tid:1487
03-02 00:57:22.635  1464  1529 I libPowerHal: [perfLockAcq] idx:2 hdl:76539 hint:-1 pid:1450 tid:1487 duration:0 lock_user:vendor.samsung. => ret_hdl:76539
03-02 00:57:22.635  3438  3438 I EPDG -- SIM0 [SMARTCELLULAR]: onSignalStrengthsChanged: SignalStrength:{mCdma=Invalid,mGsm=Invalid,mWcdma=Invalid,mTdscdma=Invalid,mLte=CellSignalStrengthLte: rssi=-107 rsrp=-106 rsrq=-8 rssnr=5 cqiTableIndex=2147483647 cqi=2147483647 ta=2147483647 level=3 parametersUseForLevel=0,mNr=Invalid,SignalBarInfo{ lteLevel=2 },rat=14,primary=CellSignalStrengthLte}
03-02 00:57:22.636  1464  1529 I libPowerHal: [setDvfsrcDevFreqOpp] opp:0, freq:4266000000
03-02 00:57:22.636  1464  1529 I libPowerHal: [PE] vendor.samsung. update cmd:1000000 param:0 pr:3
03-02 00:57:22.636  1464  1529 I libPowerHal: [perfLockAcq] Done for hdl : 76539
03-02 00:57:22.636  1507  1507 I Layer   : id=156110 Destroyed Surface(name=a5d3a68 StatusBar)/@0xd5726d6 - animation-leash of insets_animation#156110
03-02 00:57:22.636  1507  1507 I Layer   : id=156109 Destroyed Surface(name=c536234 NavigationBar0)/@0xfac847b - animation-leash of insets_animation#156109
03-02 00:57:22.636  1450  1487 I mtkpower_client: perf_lock_acq, hdl:0, dur:0, num:2, pid:1450, tid:1487
03-02 00:57:22.637  3438  4395 I EPDG -- SIM0 [SMARTCELLULAR]: lastLteRSRP is -106 currentLteRSRP is -106 lastLteRSRQ is -9 currentLteRSRQ is -8 lastLteSNR is 5 currentLteSNR is 5
03-02 00:57:22.637  1464  1529 I libPowerHal: [perfLockRel] hdl:76536, idx:8
03-02 00:57:22.638  1464  1529 I libPowerHal: [PD] vendor.samsung. update cmd:400000 param:-1 pr:6
03-02 00:57:22.639  1464  1529 I libPowerHal: [recordCPUFreqInfo] set cluster[0] min(-1): -1 max(-1): -1 cluster[1] min(-1): -1 max(-1): -1
03-02 00:57:22.639  1464  1529 I libPowerHal: [perfLockRel] Done for hdl : 76536
03-02 00:57:22.639  2013  2064 I ActivityTaskManager: Displayed com.podcast.app.debug.test/androidx.test.core.app.InstrumentationActivityInvoker$EmptyActivity for user 0: +124ms
03-02 00:57:22.639  1450  1487 I mtkpower_client: ret_hdl:76540
03-02 00:57:22.639  1450  1487 I HYPER-HAL: [RequestManager.cpp]releaseLocked(): Released ID : 2067581
03-02 00:57:22.639  1450  1487 I HYPER-HAL: [RequestManager.cpp]acquire(): Acquired ID : 2057421  [2013 / 15]    HINT : AMS_ACT_RESUME    list :
03-02 00:57:22.640  1464  1529 I libPowerHal: [perfLockAcq] idx:7 hdl:76540 hint:-1 pid:1450 tid:1487 duration:0 lock_user:vendor.samsung. => ret_hdl:76540
03-02 00:57:22.640  1450  1487 I mtkpower_client: perf_lock_rel, hdl:76537, pid: 1450, tid:1487
03-02 00:57:22.640  1464  1529 I libPowerHal: [PE] vendor.samsung. update cmd:400000 param:2000000 pr:3
03-02 00:57:22.640  1464  1529 I libPowerHal: [recordCPUFreqInfo] set cluster[0] min(vendor.samsung.): 2000000 max(-1): -1 cluster[1] min(-1): -1 max(-1): -1
03-02 00:57:22.640  1464  1529 I libPowerHal: [perfLockAcq] Done for hdl : 76540
03-02 00:57:22.640  3506  3506 E pageboostd: Received HALT command code 2
03-02 00:57:22.640  1450  1487 I mtkpower_client: perf_lock_acq, hdl:0, dur:0, num:2, pid:1450, tid:1487
03-02 00:57:22.641  1464  1529 I libPowerHal: [perfLockRel] hdl:76537, idx:5
03-02 00:57:22.641  1507  1845 D SurfaceFlinger: [input] setFocusedWindow: 329543d com.podcast.app.debug.test/androidx.test.core.app.InstrumentationActivityInvoker$EmptyActivity
03-02 00:57:22.641  1507  1845 D SurfaceFlinger: updateWinowInfo=1, setFocusedWindow timestamp=491121594431041, windowName=329543d com.podcast.app.debug.test/androidx.test.core.app.InstrumentationActivityInvoker$EmptyActivity
03-02 00:57:22.641  1464  1529 I libPowerHal: [set_cpuidle] enable:1, fd:17, scn:0xb40000737b610cd8
03-02 00:57:22.641  1464  1529 I libPowerHal: [PD] vendor.samsung. update cmd:1c3c100 param:1 pr:6
03-02 00:57:22.642  1464  1529 I libPowerHal: [perfLockRel] Done for hdl : 76537
03-02 00:57:22.642  2013  4835 D InputDispatcher: Once focus requested (0): 329543d com.podcast.app.debug.test/androidx.test.core.app.InstrumentationActivityInvoker$EmptyActivity
03-02 00:57:22.642  2013  4835 D InputDispatcher: Focus entered window (0): 329543d com.podcast.app.debug.test/androidx.test.core.app.InstrumentationActivityInvoker$EmptyActivity
03-02 00:57:22.642  1450  1487 I mtkpower_client: ret_hdl:76541
03-02 00:57:22.643  1464  1529 I libPowerHal: [perfLockAcq] idx:8 hdl:76541 hint:-1 pid:1450 tid:1487 duration:0 lock_user:vendor.samsung. => ret_hdl:76541
03-02 00:57:22.643  1464  1529 I libPowerHal: [set_cpuidle] enable:0, fd:17, scn:0xb40000737b61a740
03-02 00:57:22.643  1450  1487 I mtkpower_client: perf_lock_rel, hdl:76539, pid: 1450, tid:1487
03-02 00:57:22.643  1464  1529 I libPowerHal: [get_cpu_dma_latency_value] 0
03-02 00:57:22.643  1464  1529 I libPowerHal: [PE] vendor.samsung. update cmd:1c3c100 param:0 pr:3
03-02 00:57:22.643  1464  1529 I libPowerHal: [perfLockAcq] Done for hdl : 76541
03-02 00:57:22.644  1450  1487 I mtkpower_client: perf_lock_acq, hdl:0, dur:0, num:2, pid:1450, tid:1487
03-02 00:57:22.644  1464  1529 I libPowerHal: [perfLockRel] hdl:76539, idx:2
03-02 00:57:22.645  1464  1529 I libPowerHal: [PD] vendor.samsung. update cmd:1000000 param:-1 pr:6
03-02 00:57:22.645  1464  1529 I libPowerHal: [perfLockRel] Done for hdl : 76539
03-02 00:57:22.646  1507  1507 E SurfaceFlinger: alpha changed 0.000 -> 0.013 - DimTransitionLayer for Surface(name=Task=44875)/@0x7e7de89#156124
03-02 00:57:22.646  1507  1562 I SurfaceFlinger: id=156125 createSurf, flag=24000, Surface(name=c536234 NavigationBar0)/@0xfac847b - animation-leash of insets_animation#156125
03-02 00:57:22.646  2991  3757 I LocationAccessPolicy: checkLocationPermission - callingUid: 10492, callingPid: 14636, result: DENIED_SOFT
03-02 00:57:22.646  2991  3757 I LocationAccessPolicy: checkLocationPermission - callingUid: 10492, callingPid: 14636, result: DENIED_SOFT
03-02 00:57:22.646  1450  1487 I mtkpower_client: ret_hdl:76542
03-02 00:57:22.646  1464  1529 I libPowerHal: [perfLockAcq] idx:5 hdl:76542 hint:-1 pid:1450 tid:1487 duration:0 lock_user:vendor.samsung. => ret_hdl:76542
03-02 00:57:22.646  1464  1529 I libPowerHal: [setDvfsrcDevFreqOpp] opp:0, freq:4266000000
03-02 00:57:22.646  1464  1529 I libPowerHal: [PE] vendor.samsung. update cmd:1000000 param:0 pr:3
03-02 00:57:22.646  1464  1529 I libPowerHal: [perfLockAcq] Done for hdl : 76542
03-02 00:57:22.650  1507  1907 I SurfaceFlinger: id=156126 createSurf, flag=24000, Surface(name=a5d3a68 StatusBar)/@0xd5726d6 - animation-leash of insets_animation#156126
03-02 00:57:22.653  1507  1507 D SurfaceFlinger: Display 4627039422300187648 HWC layers:
03-02 00:57:22.653  1507  1507 D SurfaceFlinger:        CLIENT |           73534135074891 | 00002102 | RGBA_8888    |   21.0    0.0 1080.0 2340.0 |    0    0 1080 2340 | com.podcast.app.debug/androidx.activity.ComponentActivity$_17121#156106 (3)
03-02 00:57:22.653  1507  1507 D SurfaceFlinger:   SOLID_COLOR |                        0 | 00000000 | N/A          |    0.0    0.0    0.0    0.0 |    0    0 1080 2340 | DimTransitionLayer for Surface(name=Task=44875)/@0x7e7de89#156124 (0)
03-02 00:57:22.653  1507  1507 D SurfaceFlinger:        DEVICE |           75299366633544 | 00002102 | RGBA_8888    |    0.0    0.0   68.0 2340.0 | 1012    0 1080 2340 | com.podcast.app.debug.test/androidx.[...]yInvoker$EmptyActivity$_17532#156120 (1)
03-02 00:57:22.653  1507  1507 D SurfaceFlinger:        DEVICE |           11793980283522 | 00002100 | RGBA_8888    |    0.0    0.0   68.0 2340.0 | 1012    0 1080 2340 | Splash Screen com.podcast.app.debug.test$_2746#156118 (1)
03-02 00:57:22.653  1507  1507 D SurfaceFlinger:        DEVICE |           11793980281879 | 00002100 | RGBA_8888    |    0.0    0.0 1080.0   80.0 |    0    0 1080   80 | StatusBar$_2746#117 (211037)
03-02 00:57:22.653  1507  1507 D SurfaceFlinger:        DEVICE |           13752485304097 | 00002100 | RGBA_8888
03-02 00:57:22.653  1507  1507 D SurfaceFlinger:     |    0.0    0.0   67.0  346.0 | 1013  454 1080  800 | com.sec.android.app.launcher/com.sam[...].app.CocktailBarService$_3202#152779 (1)
03-02 00:57:22.653  1507  1507 D SurfaceFlinger:        DEVICE |           11793980281867 | 00002100 | RGBA_8888    |    0.0    0.0 1080.0  135.0 |    0 2205 1080 2340 | NavigationBar0$_2746#113 (187738)
03-02 00:57:22.653  1507  1507 D SurfaceFlinger:
03-02 00:57:22.657 14885 14885 I VRI[SplashActivity]@35f4eb8: stopped(false) old = true
03-02 00:57:22.657 14885 14885 D VRI[SplashActivity]@35f4eb8: WindowStopped on com.zhiliaoapp.musically/com.ss.android.ugc.aweme.splash.SplashActivity set to false
03-02 00:57:22.657  1507  1507 I SurfaceFlinger: [Surface(name=c536234 NavigationBar0)/@0xfac847b - animation-leash of insets_animation#156125] attach to parent LayerHierarchy{RequestedLayerState{WindowToken{5cf38d1 type=2019 android.os.BinderProxy@916675b}#101 parentId=34} 2 children}
03-02 00:57:22.657  1507  1507 I SurfaceFlinger: [Surface(name=a5d3a68 StatusBar)/@0xd5726d6 - animation-leash of insets_animation#156126] attach to parent LayerHierarchy{RequestedLayerState{WindowToken{d05298b type=2000 android.os.BinderProxy@163b705}#108 parentId=17} 2 children}
03-02 00:57:22.657 17532 17532 I InsetsSourceConsumer: applyRequestedVisibilityToControl: visible=true, type=navigationBars, host=com.podcast.app.debug.test/androidx.test.core.app.InstrumentationActivityInvoker$EmptyActivity
03-02 00:57:22.657 14885 14885 D ViewRootImpl: Skipping stats log for color mode
03-02 00:57:22.658  2991  3810 I LocationAccessPolicy: checkLocationPermission - callingUid: 10492, callingPid: 14636, result: DENIED_SOFT
03-02 00:57:22.658 17532 17532 I InsetsSourceConsumer: applyRequestedVisibilityToControl: visible=true, type=statusBars, host=com.podcast.app.debug.test/androidx.test.core.app.InstrumentationActivityInvoker$EmptyActivity
03-02 00:57:22.658  2991  3810 I LocationAccessPolicy: checkLocationPermission - callingUid: 10492, callingPid: 14636, result: DENIED_SOFT
03-02 00:57:22.658 14885 14885 I System.out: SAFActivity: com.ss.android.ugc.aweme.main.MainActivity@c20428f,  onStart Start
03-02 00:57:22.658  1445  2902 W C2MtkBufferManager: [0xB4000070F507E520] fetchNewCcBlock: wait fence 0x0xb4000070f5058270 timed out. ret 110
03-02 00:57:22.660 17532 17532 D VRI[InstrumentationActivityInvoker$EmptyActivity]@fff56f6: mThreadedRenderer.initializeIfNeeded()#2 mSurface={isValid=true 0xb40000783ab88f00}
03-02 00:57:22.660 17532 17532 D InputMethodManagerUtils: startInputInner - Id : 0
03-02 00:57:22.660 17532 17532 I InputMethodManager: startInputInner - IInputMethodManagerGlobalInvoker.startInputOrWindowGainedFocus
03-02 00:57:22.663 14885 14885 I System.out: SceneSafeLifecycleDispatcher: onStarted Start
03-02 00:57:22.663 14885 14885 I System.out: SAFActivity V Scene Framework: NavigationMessageQueue postSync start
03-02 00:57:22.663 14885 14885 I System.out: SAFActivity V Scene Framework: NavigationMessageQueue postSync run current task start 14_Y.ARunnableS108S0200000_32@356331
03-02 00:57:22.663 14885 14885 I System.out: SAFActivity V Scene Framework: NavigationSceneManager Sync Scene SAFFragmentRootScene{79e191c} Lifecycle [ACTIVITY_CREATED -> STARTED] without saved State
03-02 00:57:22.663 14885 14885 I System.out: SAFFragmentRootScene: onStart Start (SAFFragmentRootScene{79e191c})
03-02 00:57:22.666  1446  1446 I SensorsHub: queueBatch: handle=5 period=200000000 timeout=0
03-02 00:57:22.668  1446  1446 I SensorsHub: queueActivate: handle 5 enable 1
03-02 00:57:22.668  1446  1446 I SensorsHub: type : 5, enable : 1
03-02 00:57:22.668  1507  1507 I SurfaceFlinger: [LayerHierarchy{RequestedLayerState{c536234 NavigationBar0#102 parentId=156125} 1 children}] reparent to LayerHierarchy{RequestedLayerState{Surface(name=c536234 NavigationBar0)/@0xfac847b - animation-leash of insets_animation#156125 parentId=101} 1 children}
03-02 00:57:22.668  1507  1507 I SurfaceFlinger: [LayerHierarchy{RequestedLayerState{a5d3a68 StatusBar#109 parentId=156126} 1 children}] reparent to LayerHierarchy{RequestedLayerState{Surface(name=a5d3a68 StatusBar)/@0xd5726d6 - animation-leash of insets_animation#156126 parentId=108} 1 children}
03-02 00:57:22.668  1507  1507 I SurfaceFlinger: [LayerHierarchy{RequestedLayerState{Surface(name=c536234 NavigationBar0)/@0xfac847b - animation-leash of insets_animation#156121} no children}] reparent to OffscreenRoot
03-02 00:57:22.668  1507  1507 I SurfaceFlinger: [LayerHierarchy{RequestedLayerState{Surface(name=c536234 NavigationBar0)/@0xfac847b - animation-leash of insets_animation#156121} no children}] RelativeParent to null
03-02 00:57:22.668  1507  1507 I SurfaceFlinger: [LayerHierarchy{RequestedLayerState{Surface(name=a5d3a68 StatusBar)/@0xd5726d6 - animation-leash of insets_animation#156122} no children}] reparent to OffscreenRoot
03-02 00:57:22.668  1507  1507 I SurfaceFlinger: [LayerHierarchy{RequestedLayerState{Surface(name=a5d3a68 StatusBar)/@0xd5726d6 - animation-leash of insets_animation#156122} no children}] RelativeParent to null
03-02 00:57:22.669 14885 14885 I System.out: SAFActivity V Scene Framework: NavigationMessageQueue postSync run current task finish 14_Y.ARunnableS108S0200000_32@356331
03-02 00:57:22.669 14885 14885 I System.out: SAFActivity V Scene Framework: NavigationMessageQueue postSync finish
03-02 00:57:22.669 14885 14885 I System.out: SceneSafeLifecycleDispatcher: onStarted End START
03-02 00:57:22.669 14885 14885 I System.out: SAFActivity: com.ss.android.ugc.aweme.main.MainActivity@c20428f,  onStart End
03-02 00:57:22.670 14885 16239 D SensorManager: registerListener :: 5, TCS3701 Light, 200000, 0,
03-02 00:57:22.673 14885 14885 I System.out: SAFActivity: com.ss.android.ugc.aweme.main.MainActivity@c20428f,  onResume Start
03-02 00:57:22.677  2013  2252 W ParceledListSlice: Element #30 is 21544 bytes.
03-02 00:57:22.679 14885 14885 I System.out: SceneSafeLifecycleDispatcher: onResumed Start
03-02 00:57:22.679 14885 14885 I System.out: SAFActivity V Scene Framework: NavigationMessageQueue postSync start
03-02 00:57:22.679 14885 14885 I System.out: SAFActivity V Scene Framework: NavigationMessageQueue postSync run current task start 14_Y.ARunnableS108S0200000_32@3b3b2f8
03-02 00:57:22.679 14885 14885 I System.out: SAFActivity V Scene Framework: NavigationSceneManager Sync Scene SAFFragmentRootScene{79e191c} Lifecycle [STARTED -> RESUMED] without saved State
03-02 00:57:22.679 14885 14885 I System.out: SAFFragmentRootScene: onResume Start (SAFFragmentRootScene{79e191c})
03-02 00:57:22.681  2013  2065 D PkgPredictorService-SecIpmManagerServiceImpl: onForegroundActivitiesChanged pid:14885 uid:10350
03-02 00:57:22.683  1507  1563 I SurfaceFlinger: onHandleDestroyed: layerId=156121, name=Surface(name=c536234 NavigationBar0)/@0xfac847b - animation-leash of insets_animation#156121
03-02 00:57:22.683  1507  1563 I SurfaceFlinger: id=156121 Removed Surface(name=c536234 NavigationBar0)/@0xfac847b - animation-leash of insets_animation#156121 (338)
03-02 00:57:22.683  1507  1563 I SurfaceFlinger: onHandleDestroyed: layerId=156122, name=Surface(name=a5d3a68 StatusBar)/@0xd5726d6 - animation-leash of insets_animation#156122
03-02 00:57:22.683  1507  1563 I SurfaceFlinger: id=156122 Removed Surface(name=a5d3a68 StatusBar)/@0xd5726d6 - animation-leash of insets_animation#156122 (338)
03-02 00:57:22.687  1646  3125 I CameraService: onUidStateChanged: uid=10235, procState is changed. (4 -> 3)
03-02 00:57:22.687  2013  2252 D InputDispatcher: Focus left window (0): 329543d com.podcast.app.debug.test/androidx.test.core.app.InstrumentationActivityInvoker$EmptyActivity
03-02 00:57:22.688 17532 17532 I ImeFocusController: onPreWindowFocus: skipped hasWindowFocus=false mHasImeFocus=true
03-02 00:57:22.688 17532 17532 I ImeFocusController: onPostWindowFocus: skipped hasWindowFocus=false mHasImeFocus=true
03-02 00:57:22.690  1507  1507 I SurfaceFlinger: destroyed Surface(name=c536234 NavigationBar0)/@0xfac847b - animation-leash of insets_animation#156121
03-02 00:57:22.690  1507  1507 I SurfaceFlinger: destroyed Surface(name=a5d3a68 StatusBar)/@0xd5726d6 - animation-leash of insets_animation#156122
03-02 00:57:22.693  2991  3757 I LocationAccessPolicy: checkLocationPermission - callingUid: 10492, callingPid: 14636, result: DENIED_SOFT
03-02 00:57:22.694 14885 16246 D AudioTrack: setVolume(1.000000, 1.000000) pid : 14885
03-02 00:57:22.694  1507  1507 I Layer   : id=156122 Destroyed Surface(name=a5d3a68 StatusBar)/@0xd5726d6 - animation-leash of insets_animation#156122
03-02 00:57:22.694  1507  1507 I Layer   : id=156121 Destroyed Surface(name=c536234 NavigationBar0)/@0xfac847b - animation-leash of insets_animation#156121
03-02 00:57:22.695 14885 14885 I DecorView: setWindowBackground: isPopOver=false color=ff000000 d=android.graphics.drawable.ColorDrawable@78ff22
03-02 00:57:22.695  3202  3386 I HoneySpace.TopTaskSource: onTaskMovedToFront : taskId = 44543, displayId = 0
03-02 00:57:22.699 14885 18451 W System.err: FlagsHookHelper: skip hook flags method getInstanceHook
03-02 00:57:22.700  3202  3390 I HoneySpace.TopTaskUseCase: topTasks 44543 ComponentInfo{com.zhiliaoapp.musically/com.ss.android.ugc.aweme.main.MainActivity}[displayId=0]
03-02 00:57:22.702 14885 16071 W System.err: FlagsHookHelper: skip hook flags method getInstanceHook
03-02 00:57:22.704  3202 31843 I HoneySpace.RecentTasks: onRecentTasksChanged
03-02 00:57:22.705 14885 16239 W AudioManager: Use of stream types is deprecated for operations other than volume control
03-02 00:57:22.706 14885 16239 W AudioManager: See the documentation of requestAudioFocus() for what to use instead with android.media.AudioAttributes to qualify your playback use case
03-02 00:57:22.707  2013  4829 I MediaFocusControl: requestAudioFocus() from uid/pid 10350/14885 AA=USAGE_MEDIA/CONTENT_TYPE_UNKNOWN clientId=android.media.AudioManager@b7fcc9dX.143s@4302512 callingPack=com.zhiliaoapp.musically req=2 flags=0x0 sdk=35
03-02 00:57:22.708 14885 14885 I System.out: SAFActivity V Scene Framework: NavigationMessageQueue postSync run current task finish 14_Y.ARunnableS108S0200000_32@3b3b2f8
03-02 00:57:22.708 14885 14885 I System.out: SAFActivity V Scene Framework: NavigationMessageQueue postSync finish
03-02 00:57:22.708 14885 14885 I System.out: SceneSafeLifecycleDispatcher: onResumed End RESUME
03-02 00:57:22.708 14885 14885 I System.out: SAFActivity: com.ss.android.ugc.aweme.main.MainActivity@c20428f,  onResume End
03-02 00:57:22.709  2746  2808 I VRI[test]@226dea: onActiveControlsChanged, removed=false, mAdded=true, caller=android.view.ViewRootImpl.handleInsetsControlChanged:3002 android.view.ViewRootImpl$ViewRootHandler.handleMessageImpl:8352 android.view.ViewRootImpl$ViewRootHandler.handleMessage:8301 android.os.Handler.dispatchMessage:110 android.os.Looper.loopOnce:273
03-02 00:57:22.709  2746  2808 I InsetsSourceConsumer: applyRequestedVisibilityToControl: visible=true, type=navigationBars, host=Splash Screen com.podcast.app.debug.test
03-02 00:57:22.709 14885 14885 I SV[6876039 SplashActivity]: onWindowVisibilityChanged(0) false X.0fk7{68eb87 V.E...... ........ 0,80-1080,2000} of VRI[SplashActivity]@35f4eb8
03-02 00:57:22.709 14885 14885 D SV[6876039 SplashActivity]: updateSurface: surface is not valid
03-02 00:57:22.709 14885 14885 I SV[6876039 SplashActivity]: releaseSurfaces: viewRoot = VRI[SplashActivity]@35f4eb8
03-02 00:57:22.709 14885 14885 D VRI[SplashActivity]@35f4eb8: applyTransactionOnDraw applyImmediately
03-02 00:57:22.709  2746  2808 I InsetsSourceConsumer: applyRequestedVisibilityToControl: visible=true, type=statusBars, host=Splash Screen com.podcast.app.debug.test
03-02 00:57:22.711 14885 14885 I SV[7374587 SplashActivity]: onWindowVisibilityChanged(0) false X.0fk7{7086fb V.E...... ........ 0,80-1080,2000} of VRI[SplashActivity]@35f4eb8
03-02 00:57:22.711 14885 15878 W NaviWarn: StackPtr is not 8-byte aligned.
03-02 00:57:22.711 14885 14885 D SV[7374587 SplashActivity]: updateSurface: surface is not valid
03-02 00:57:22.711 14885 14885 I SV[7374587 SplashActivity]: releaseSurfaces: viewRoot = VRI[SplashActivity]@35f4eb8
03-02 00:57:22.711 14885 14885 D VRI[SplashActivity]@35f4eb8: applyTransactionOnDraw applyImmediately
03-02 00:57:22.711 14885 14885 I SV[137774491 SplashActivity]: onWindowVisibilityChanged(0) false X.0fk7{836459b V.E...... ........ 0,81-1080,1998} of VRI[SplashActivity]@35f4eb8
03-02 00:57:22.711 14885 14885 D SV[137774491 SplashActivity]: updateSurface: surface is not valid
03-02 00:57:22.711 14885 14885 I SV[137774491 SplashActivity]: releaseSurfaces: viewRoot = VRI[SplashActivity]@35f4eb8
03-02 00:57:22.712 14885 14885 D VRI[SplashActivity]@35f4eb8: applyTransactionOnDraw applyImmediately
03-02 00:57:22.715  2013  4829 D AS.AudioService: [Android Auto] isConnectedAndroidAuto = false
03-02 00:57:22.715  2013  4829 D MediaFocusControl: selectFocusStack, uid = 10350, appDevice = 0, device = 2
03-02 00:57:22.715  2013  4829 I MediaFocusControl: removeFocusStackEntry client:android.media.AudioManager@b7fcc9dX.143s@4302512
03-02 00:57:22.715  2013  4829 I MediaFocusControl: propagateFocusLossFromGain_syncAf gain:2
03-02 00:57:22.715  2013  4829 I MediaFocusControl: propagateFocusLossFromGain_syncAf empty stack
03-02 00:57:22.715  2013  3645 I WindowManager: Relayout Window{cd2d6b5 u0 com.zhiliaoapp.musically/com.ss.android.ugc.aweme.splash.SplashActivity}: viewVisibility=0 req=1080x2340 ty=1 d0
03-02 00:57:22.716  1507  1907 I SurfaceFlinger: id=156127 createSurf, flag=44004, com.zhiliaoapp.musically/com.ss.android.ugc.aweme.splash.SplashActivity$_14885#156127
03-02 00:57:22.719 25915 26075 I Rubin   : [4019] M.c0.k(Unknown Source) : Notify com.samsung.android.rubin.inferenceengine.contextanalytics.engine.loggers.AppUsageLogger's database is updated.
03-02 00:57:22.721  2013  4834 W ParceledListSlice: Element #30 is 21544 bytes.
03-02 00:57:22.722  1507  1825 I SurfaceFlinger: Capture layer list: 	 com.podcast.app.debug/androidx.activity.ComponentActivity$_17121#156106(seamlessTransition:0)
03-02 00:57:22.722  1507  1825 I SurfaceFlinger: Capture layer list: 	 DimTransitionLayer for Surface(name=Task=44875)/@0x7e7de89#156124(seamlessTransition:0)
03-02 00:57:22.722  1507  1825 I SurfaceFlinger: Capture layer list: 	 com.podcast.app.debug.test/androidx.test.core.app.InstrumentationActivityInvoker$EmptyActivity$_17532#156120(seamlessTransition:0)
03-02 00:57:22.722  1507  1825 I SurfaceFlinger: Capture layer list: 	 Splash Screen com.podcast.app.debug.test$_2746#156118(seamlessTransition:0)
03-02 00:57:22.723  1507  1563 I SurfaceFlinger: id=156128 createSurf, flag=24000, Surface(name=c536234 NavigationBar0)/@0xfac847b - animation-leash of insets_animation#156128
03-02 00:57:22.723  1507  1507 I SurfaceFlinger: [com.zhiliaoapp.musically/com.ss.android.ugc.aweme.splash.SplashActivity$_14885#156127] attach to parent LayerHierarchy{RequestedLayerState{cd2d6b5 com.zhiliaoapp.musically/com.ss.android.ugc.aweme.splash.SplashActivity#155210 parentId=147902} 1 children}
03-02 00:57:22.724  1507  2393 I SurfaceFlinger: id=156129 createSurf, flag=24000, Surface(name=a5d3a68 StatusBar)/@0xd5726d6 - animation-leash of insets_animation#156129
03-02 00:57:22.726  2013  3645 I SystemKeyManager: requested systemKeyInfo size=1 focusedWindow=com.zhiliaoapp.musically/com.ss.android.ugc.aweme.splash.SplashActivity
03-02 00:57:22.726  2013  3645 I SystemKeyManager: requested systemKeyInfo size=2 focusedWindow=com.zhiliaoapp.musically/com.ss.android.ugc.aweme.splash.SplashActivity
03-02 00:57:22.727  2746  2746 D NavigationBar: onSystemBarAttributesChanged() -  displayId:0, appearance:24, packageName: com.podcast.app.debug.test (APPEARANCE_LIGHT_STATUS_BARS APPEARANCE_LIGHT_NAVIGATION_BARS ), navbarColorManagedByIme:false
03-02 00:57:22.727  2746  2746 D NavigationBar: onSystemBarAttributesChanged() -  displayId:0, appearance:16, packageName: com.zhiliaoapp.musically (APPEARANCE_LIGHT_NAVIGATION_BARS ), navbarColorManagedByIme:false
03-02 00:57:22.728  2013  3645 I WindowManager: Relayout hash=cd2d6b5, pid=14885, syncId=-1: mAttrs={(0,0)(fillxfill) sim={adjust=pan} layoutInDisplayCutoutMode=always ty=BASE_APPLICATION fmt=TRANSLUCENT wanim=0x1030317
03-02 00:57:22.728  2013  3645 I WindowManager:   fl=81810180
03-02 00:57:22.728  2013  3645 I WindowManager:   pfl=10008840
03-02 00:57:22.728  2013  3645 I WindowManager:   vsysui=400
03-02 00:57:22.728  2013  3645 I WindowManager:   apr=10
03-02 00:57:22.728  2013  3645 I WindowManager:   bhv=1
03-02 00:57:22.728  2013  3645 I WindowManager:   fitSides=0
03-02 00:57:22.728  2013  3645 I WindowManager:   frameRateBoostOnTouch=true
03-02 00:57:22.728  2013  3645 I WindowManager:   dvrrWindowFrameRateHint=true naviIconColor=0
03-02 00:57:22.728  2013  3645 I WindowManager:   sfl=100000}
03-02 00:57:22.729 14885 14885 D BufferQueueConsumer: [](id:3a2500000057,api:0,p:-1,c:14885) connect: controlledByApp=false
03-02 00:57:22.729 14885 14885 I BLASTBufferQueue: [VRI[SplashActivity]@35f4eb8#84](f:0,a:0,s:0) constructor()
03-02 00:57:22.729 14885 14885 I BLASTBufferQueue_Java: new BLASTBufferQueue, mName= VRI[SplashActivity]@35f4eb8 mNativeObject= 0x769b545000 caller= android.view.ViewRootImpl.updateBlastSurfaceIfNeeded:3585 android.view.ViewRootImpl.relayoutWindow:11685 android.view.ViewRootImpl.performTraversals:4804 android.view.ViewRootImpl.doTraversal:3924 android.view.ViewRootImpl$TraversalRunnable.run:12903 android.view.Choreographer$CallbackRecord.run:1901 android.view.Choreographer$CallbackRecord.run:1910 android.view.Choreographer.doCallbacks:1367 android.view.Choreographer.doFrame:1292 android.view.Choreographer$FrameDisplayEventReceiver.run:1870
03-02 00:57:22.730 14885 14885 I BLASTBufferQueue_Java: update, w= 1080 h= 2340 mName = VRI[SplashActivity]@35f4eb8 mNativeObject= 0x769b545000 sc.mNativeObject= 0x769bd9e180 format= -3 caller= android.view.ViewRootImpl.updateBlastSurfaceIfNeeded:3590 android.view.ViewRootImpl.relayoutWindow:11685 android.view.ViewRootImpl.performTraversals:4804 android.view.ViewRootImpl.doTraversal:3924 android.view.ViewRootImpl$TraversalRunnable.run:12903 android.view.Choreographer$CallbackRecord.run:1901
03-02 00:57:22.730 14885 14885 I BLASTBufferQueue: [VRI[SplashActivity]@35f4eb8#84](f:0,a:0,s:0) update width=1080 height=2340 format=-3 mTransformHint=0
03-02 00:57:22.733 14885 14885 I VRI[SplashActivity]@35f4eb8: Relayout returned: old=(0,0,1080,2340) new=(0,0,1080,2340) relayoutAsync=false req=(1080,2340)0 dur=14 res=0x3 s={true 0x6f1af0b100} ch=true seqId=0
03-02 00:57:22.734  1445  2902 W C2MtkBufferManager: [0xB4000070F507E520] fetchNewCcBlock: wait fence 0x0xb4000070f5058270 timed out. ret 110
03-02 00:57:22.734 14252 14252 I BadgeCountReceiver: onReceive: Intent { act=android.intent.action.BADGE_COUNT_UPDATE flg=0x1000010 xflg=0x4 cmp=com.sec.android.provider.badge/.BadgeCountReceiver (has extras) }
03-02 00:57:22.734  1507  1507 I SurfaceFlinger: [Surface(name=c536234 NavigationBar0)/@0xfac847b - animation-leash of insets_animation#156128] attach to parent LayerHierarchy{RequestedLayerState{WindowToken{5cf38d1 type=2019 android.os.BinderProxy@916675b}#101 parentId=34} 2 children}
03-02 00:57:22.734  1507  1507 I SurfaceFlinger: [Surface(name=a5d3a68 StatusBar)/@0xd5726d6 - animation-leash of insets_animation#156129] attach to parent LayerHierarchy{RequestedLayerState{WindowToken{d05298b type=2000 android.os.BinderProxy@163b705}#108 parentId=17} 2 children}
03-02 00:57:22.736 14885 15878 W NaviWarn: StackPtr is not 8-byte aligned.
03-02 00:57:22.737 14885 14885 D VRI[SplashActivity]@35f4eb8: mThreadedRenderer.initialize() mSurface={isValid=true 0x6f1af0b100} hwInitialized=true
03-02 00:57:22.737 14885 14885 I SV[6876039 SplashActivity]: windowStopped(false) true X.0fk7{68eb87 V.E...... ........ 0,80-1080,2000} of VRI[SplashActivity]@35f4eb8
03-02 00:57:22.737 14885 14885 I SurfaceView: 6876039 Changes: creating=true format=false size=false visible=true alpha=false hint=false left=false top=false z=false attached=true lifecycleStrategy=false
03-02 00:57:22.740  1507  2393 I SurfaceFlinger: id=156130 createSurf, flag=20004, Bounds for - com.zhiliaoapp.musically/com.ss.android.ugc.aweme.splash.SplashActivity@19#156130
03-02 00:57:22.741  1507  1907 I SurfaceFlinger: id=156131 createSurf, flag=84004, 68eb87 SurfaceView[com.zhiliaoapp.musically/com.ss.android.ugc.aweme.splash.SplashActivity]@0#156131
03-02 00:57:22.742  1507  2393 I SurfaceFlinger: id=156132 createSurf, flag=44400, 68eb87 SurfaceView[com.zhiliaoapp.musically/com.ss.android.ugc.aweme.splash.SplashActivity]@0(BLAST)#156132
03-02 00:57:22.742  1484  1921 D StreamHalAidl: [out|ioHandle:21] standby
03-02 00:57:22.742  1484  1921 D StreamHalAidl: [out|ioHandle:21] pause
03-02 00:57:22.742  1439  1902 D AHAL_Stream: cycle: received command Command{pause: Void{}} in writer
03-02 00:57:22.742  1439  1902 D AHAL_Stream: [out|ioHandle:21] pause
03-02 00:57:22.742  1439  1902 I AHAL_Stream: pause()
03-02 00:57:22.742  1439  1902 D MTKAdapterStreamLayer: pause(),
03-02 00:57:22.742  1439  1902 D AudioALSAStreamOut: pause() 0xb400006fe2305e00
03-02 00:57:22.742  1439  1902 D AHAL_Stream: cycle: writing reply Reply{status: 0, fmqByteCount: 0, observable: Position{frames: 3078480992, timeNs: 491121743664349}, hardware: Position{frames: -1, timeNs: -1}, latencyMs: 21, xrunFrames: 0, state: PAUSED}
03-02 00:57:22.743  1507  1562 I SurfaceFlinger: id=156133 createSurf, flag=20404, Background for 68eb87 SurfaceView[com.zhiliaoapp.musically/com.ss.android.ugc.aweme.splash.SplashActivity]@0#156133
03-02 00:57:22.736 14252 14273 I BadgeCountReceiver: UpdateTask START: PendingResult hashCode: 192059311
03-02 00:57:22.743 14252 14273 I BadgeCountReceiver: packageName: com.zhiliaoapp.musically, className: com.ss.android.ugc.aweme.splash.SplashActivity, count: 0
03-02 00:57:22.743  1484  1921 D StreamHalAidl: [out|ioHandle:21] flush
03-02 00:57:22.743  1439  1902 D AHAL_Stream: cycle: received command Command{flush: Void{}} in writer
03-02 00:57:22.743 14885 14885 D BufferQueueConsumer: [](id:3a2500000058,api:0,p:-1,c:14885) connect: controlledByApp=false
03-02 00:57:22.743  1439  1902 D AHAL_Stream: [out|ioHandle:21] flush
03-02 00:57:22.743  1439  1902 I AHAL_Stream: flush()
03-02 00:57:22.743  1439  1902 D MTKAdapterStreamLayer: flush(),
03-02 00:57:22.743  1439  1902 D AudioALSAStreamOut: flush() 0xb400006fe2305e00
03-02 00:57:22.743  1439  1902 D AHAL_Stream: cycle: writing reply Reply{status: 0, fmqByteCount: 0, observable: Position{frames: 3078481026, timeNs: 491121744403041}, hardware: Position{frames: -1, timeNs: -1}, latencyMs: 21, xrunFrames: 0, state: IDLE}
03-02 00:57:22.743 14885 14885 I BLASTBufferQueue: [68eb87 SurfaceView[com.zhiliaoapp.musically/com.ss.android.ugc.aweme.splash.SplashActivity]@0#85](f:0,a:0,s:0) constructor()
03-02 00:57:22.743 14885 14885 I BLASTBufferQueue_Java: new BLASTBufferQueue, mName= 68eb87 SurfaceView[com.zhiliaoapp.musically/com.ss.android.ugc.aweme.splash.SplashActivity]@0 mNativeObject= 0x7450361c00 caller= android.view.SurfaceView.createBlastSurfaceControls:1781 android.view.SurfaceView.updateSurface:1450 android.view.SurfaceView.setWindowStopped:539 android.view.SurfaceView.surfaceCreated:2327 android.view.ViewRootImpl.notifySurfaceCreated:3502 android.view.ViewRootImpl.performTraversals:5286 android.view.ViewRootImpl.doTraversal:3924 android.view.ViewRootImpl$TraversalRunnable.run:12903 android.view.Choreographer$CallbackRecord.run:1901 android.view.Choreographer$CallbackRecord.run:1910
03-02 00:57:22.744  1439  1902 D AHAL_Stream: cycle: received command Command{standby: Void{}} in writer
03-02 00:57:22.744 14885 14885 I BLASTBufferQueue_Java: update, w= 1080 h= 1920 mName = 68eb87 SurfaceView[com.zhiliaoapp.musically/com.ss.android.ugc.aweme.splash.SplashActivity]@0 mNativeObject= 0x7450361c00 sc.mNativeObject= 0x744fec3540 format= 4 caller= android.view.SurfaceView.createBlastSurfaceControls:1782 android.view.SurfaceView.updateSurface:1450 android.view.SurfaceView.setWindowStopped:539 android.view.SurfaceView.surfaceCreated:2327 android.view.ViewRootImpl.notifySurfaceCreated:3502 android.view.ViewRootImpl.performTraversals:5286
03-02 00:57:22.744  1439  1902 D AHAL_Stream: [out|ioHandle:21] standby
03-02 00:57:22.744  1439  1902 D AudioALSAStreamOut: standby(), flag 8
03-02 00:57:22.744 14885 14885 I BLASTBufferQueue: [68eb87 SurfaceView[com.zhiliaoapp.musically/com.ss.android.ugc.aweme.splash.SplashActivity]@0#85](f:0,a:0,s:0) update width=1080 height=1920 format=4 mTransformHint=0
03-02 00:57:22.744  1439  1902 D AudioALSAStreamOut: standbyStreamOut(), halRequest 0, mDestroy 0, flag 8
03-02 00:57:22.744  1439  1902 D AudioALSAStreamOut: close_l(), flags 8
03-02 00:57:22.744  1439  1902 D AudioALSAStreamManager: setPlaybackStreamActive(), is_active = 0, stream_type = 3, mIsMusicStreamActive = 0
03-02 00:57:22.744 14885 14885 I SurfaceView: 6876039 Cur surface: Surface(name=null mNativeObject=0)/@0x56b4ffd
03-02 00:57:22.744  1439  1902 D AudioALSAPlaybackHandlerMixer: close(+), source flag 8, mDevice = 0x2, buffer_size 8192
03-02 00:57:22.744  1439  1902 D audio_sw_mixer: sw_mixer_source_detach(), MIXER_PLAYBACK  , name T_DEEP
03-02 00:57:22.744  1439  1902 D audio_sw_mixer: sw_mixer_manager_destroy_path(), MIXER_PLAYBACK  , path T_DEEP=>T_PRIMARY
03-02 00:57:22.744  1439  1902 D audio_sw_mixer: dump_path_list(), MIXER_PLAYBACK  , no path
03-02 00:57:22.744 14885 14885 I SV[6876039 SplashActivity]: pST: sr = Rect(4320, -2080 - 5400, -160) sw = 1080 sh = 1920
03-02 00:57:22.744  1439  1902 D audio_sw_mixer: sw_mixer_target_detach(), MIXER_PLAYBACK  , name T_PRIMARY
03-02 00:57:22.744 14885 14885 D SurfaceView: 6876039 performSurfaceTransaction RenderWorker position = [4320, -2080, 5400, -160] surfaceSize = 1080x1920
03-02 00:57:22.744  1439  1620 D audio_sw_mixer: sw_mixer_wait_to_mix(), MIXER_PLAYBACK  , target T_PRIMARY    thread exit direct mode
03-02 00:57:22.744 14885 14885 I SV[6876039 SplashActivity]: updateSurface: mVisible = true mSurface.isValid() = true
03-02 00:57:22.744  1439  1620 D audio_sw_mixer: sw_mixer_mix_thread(), thread mix1:0 idle
03-02 00:57:22.744 14885 14885 I SV[6876039 SplashActivity]: updateSurface: mSurfaceCreated = false surfaceChanged = true visibleChanged = true
03-02 00:57:22.744 14885 14885 I SurfaceView: 6876039 visibleChanged -- surfaceCreated
03-02 00:57:22.744 14885 14885 I SV[6876039 SplashActivity]: surfaceCreated 1 #1 X.0fk7{68eb87 V.E...... ........ 0,80-1080,2000}
03-02 00:57:22.744 25915 26075 I Rubin   : [4019] com.samsung.android.rubin.inferenceengine.contextanalytics.engine.monitors.moment.exercise.ExercisingWithCalendarMonitor.isSatisfiedByCalendarEvent(Unknown Source) : isSatisfiedByCalendarEvent is false
03-02 00:57:22.745 14885 14885 I SurfaceView: 6876039 surfaceChanged -- format=4 w=1080 h=1920
03-02 00:57:22.745 14885 14885 I SV[6876039 SplashActivity]: surfaceChanged (1080,1920) 1 #1 X.0fk7{68eb87 V.E...... ........ 0,80-1080,2000}
03-02 00:57:22.745 14885 14885 I SurfaceView: 6876039 surfaceRedrawNeeded
03-02 00:57:22.745 14885 14885 I SurfaceView: 6876039 finishedDrawing
03-02 00:57:22.746  1507  1507 I SurfaceFlinger: [LayerHierarchy{RequestedLayerState{c536234 NavigationBar0#102 parentId=156128} 1 children}] reparent to LayerHierarchy{RequestedLayerState{Surface(name=c536234 NavigationBar0)/@0xfac847b - animation-leash of insets_animation#156128 parentId=101} 1 children}
03-02 00:57:22.746  1507  1507 I SurfaceFlinger: [LayerHierarchy{RequestedLayerState{a5d3a68 StatusBar#109 parentId=156129} 1 children}] reparent to LayerHierarchy{RequestedLayerState{Surface(name=a5d3a68 StatusBar)/@0xd5726d6 - animation-leash of insets_animation#156129 parentId=108} 1 children}
03-02 00:57:22.746  1507  1507 I SurfaceFlinger: [LayerHierarchy{RequestedLayerState{Surface(name=a5d3a68 StatusBar)/@0xd5726d6 - animation-leash of insets_animation#156126} no children}] reparent to OffscreenRoot
03-02 00:57:22.746  1507  1507 I SurfaceFlinger: [LayerHierarchy{RequestedLayerState{Surface(name=a5d3a68 StatusBar)/@0xd5726d6 - animation-leash of insets_animation#156126} no children}] RelativeParent to null
03-02 00:57:22.746  1507  1507 I SurfaceFlinger: [LayerHierarchy{RequestedLayerState{Surface(name=c536234 NavigationBar0)/@0xfac847b - animation-leash of insets_animation#156125} no children}] reparent to OffscreenRoot
03-02 00:57:22.746  1507  1507 I SurfaceFlinger: [LayerHierarchy{RequestedLayerState{Surface(name=c536234 NavigationBar0)/@0xfac847b - animation-leash of insets_animation#156125} no children}] RelativeParent to null
03-02 00:57:22.746  1507  1507 I SurfaceFlinger: [Bounds for - com.zhiliaoapp.musically/com.ss.android.ugc.aweme.splash.SplashActivity@19#156130] attach to parent LayerHierarchy{RequestedLayerState{com.zhiliaoapp.musically/com.ss.android.ugc.aweme.splash.SplashActivity$_14885#156127 parentId=155210} 1 children}
03-02 00:57:22.746  1507  1507 I SurfaceFlinger: [68eb87 SurfaceView[com.zhiliaoapp.musically/com.ss.android.ugc.aweme.splash.SplashActivity]@0#156131] attach to parent LayerHierarchy{RequestedLayerState{Bounds for - com.zhiliaoapp.musically/com.ss.android.ugc.aweme.splash.SplashActivity@19#156130 parentId=156127} 1 children}
03-02 00:57:22.746  1507  1507 I SurfaceFlinger: [68eb87 SurfaceView[com.zhiliaoapp.musically/com.ss.android.ugc.aweme.splash.SplashActivity]@0(BLAST)#156132] attach to parent LayerHierarchy{RequestedLayerState{68eb87 SurfaceView[com.zhiliaoapp.musically/com.ss.android.ugc.aweme.splash.SplashActivity]@0#156131 parentId=156130} 1 children}
03-02 00:57:22.746  1507  1507 I SurfaceFlinger: [Background for 68eb87 SurfaceView[com.zhiliaoapp.musically/com.ss.android.ugc.aweme.splash.SplashActivity]@0#156133] attach to parent LayerHierarchy{RequestedLayerState{68eb87 SurfaceView[com.zhiliaoapp.musically/com.ss.android.ugc.aweme.splash.SplashActivity]@0#156131 parentId=156130} 2 children}
03-02 00:57:22.746 14885 14885 V SurfaceView: Layout: x=4320 y=-2080 w=1080 h=1920, frame=Rect(0, 0 - 1080, 1920)
03-02 00:57:22.746  1439  1902 D AudioALSAPlaybackHandlerNormal: +close(), flag = 8, mDevice = 0x2
03-02 00:57:22.746  1439  1902 D AudioALSAHardwareResourceManager: +stopOutputDevice(), mOutputDevices = 0x2, mStartOutputDevicesCount = 1
03-02 00:57:22.746  1439  1902 D AudioSmartPaController: +dspOnBoardSpeakerOff()
03-02 00:57:22.746  1439  1902 D AudioALSAHardwareResourceManager: notifyOutputDeviceStatusChange(), device = 2, status = 1, sampleRate = 0, mOpenSpeakerPathCount = 0
03-02 00:57:22.746  1439  1902 D AudioALSAStreamManager: speakerStatusChangeCb(), status = 1, sampleRate = 0
03-02 00:57:22.747 14885 14885 I SV[7374587 SplashActivity]: windowStopped(false) true X.0fk7{7086fb V.E...... ........ 0,80-1080,2000} of VRI[SplashActivity]@35f4eb8
03-02 00:57:22.747 14885 14885 I SurfaceView: 7374587 Changes: creating=true format=false size=false visible=true alpha=false hint=false left=false top=false z=false attached=true lifecycleStrategy=false
03-02 00:57:22.747 25915 26075 I Rubin   : [4019] com.samsung.android.rubin.inferenceengine.contextanalytics.engine.monitors.moment.exercise.ExercisingWithCmhMonitor.isSatisfiedByCmh(Unknown Source) : isSatisfiedByCmh is false
03-02 00:57:22.747  1507  1907 I SurfaceFlinger: id=156134 createSurf, flag=84004, 7086fb SurfaceView[com.zhiliaoapp.musically/com.ss.android.ugc.aweme.splash.SplashActivity]@0#156134
03-02 00:57:22.748  1507  2393 I SurfaceFlinger: id=156135 createSurf, flag=44400, 7086fb SurfaceView[com.zhiliaoapp.musically/com.ss.android.ugc.aweme.splash.SplashActivity]@0(BLAST)#156135
03-02 00:57:22.749  1507  1563 I SurfaceFlinger: id=156136 createSurf, flag=20404, Background for 7086fb SurfaceView[com.zhiliaoapp.musically/com.ss.android.ugc.aweme.splash.SplashActivity]@0#156136
03-02 00:57:22.749 14885 14885 D BufferQueueConsumer: [](id:3a2500000059,api:0,p:-1,c:14885) connect: controlledByApp=false
03-02 00:57:22.750 14885 16208 W System.err: FlagsHookHelper: skip hook flags method getInstanceHook
03-02 00:57:22.750 14885 14885 I BLASTBufferQueue: [7086fb SurfaceView[com.zhiliaoapp.musically/com.ss.android.ugc.aweme.splash.SplashActivity]@0#86](f:0,a:0,s:0) constructor()
03-02 00:57:22.751 14885 14885 I BLASTBufferQueue_Java: new BLASTBufferQueue, mName= 7086fb SurfaceView[com.zhiliaoapp.musically/com.ss.android.ugc.aweme.splash.SplashActivity]@0 mNativeObject= 0x6f01ff7400 caller= android.view.SurfaceView.createBlastSurfaceControls:1781 android.view.SurfaceView.updateSurface:1450 android.view.SurfaceView.setWindowStopped:539 android.view.SurfaceView.surfaceCreated:2327 android.view.ViewRootImpl.notifySurfaceCreated:3502 android.view.ViewRootImpl.performTraversals:5286 android.view.ViewRootImpl.doTraversal:3924 android.view.ViewRootImpl$TraversalRunnable.run:12903 android.view.Choreographer$CallbackRecord.run:1901 android.view.Choreographer$CallbackRecord.run:1910
03-02 00:57:22.751 14885 14885 I BLASTBufferQueue_Java: update, w= 1080 h= 1920 mName = 7086fb SurfaceView[com.zhiliaoapp.musically/com.ss.android.ugc.aweme.splash.SplashActivity]@0 mNativeObject= 0x6f01ff7400 sc.mNativeObject= 0x744fec5a00 format= 4 caller= android.view.SurfaceView.createBlastSurfaceControls:1782 android.view.SurfaceView.updateSurface:1450 android.view.SurfaceView.setWindowStopped:539 android.view.SurfaceView.surfaceCreated:2327 android.view.ViewRootImpl.notifySurfaceCreated:3502 android.view.ViewRootImpl.performTraversals:5286
03-02 00:57:22.751 14885 14885 I BLASTBufferQueue: [7086fb SurfaceView[com.zhiliaoapp.musically/com.ss.android.ugc.aweme.splash.SplashActivity]@0#86](f:0,a:0,s:0) update width=1080 height=1920 format=4 mTransformHint=0
03-02 00:57:22.751 14885 14885 I SurfaceView: 7374587 Cur surface: Surface(name=null mNativeObject=0)/@0x5798c7e
03-02 00:57:22.751 14885 14885 I SV[7374587 SplashActivity]: pST: sr = Rect(0, 80 - 1080, 2000) sw = 1080 sh = 1920
03-02 00:57:22.751 14885 14885 D SurfaceView: 7374587 performSurfaceTransaction RenderWorker position = [0, 80, 1080, 2000] surfaceSize = 1080x1920
03-02 00:57:22.751 14885 14885 I SV[7374587 SplashActivity]: updateSurface: mVisible = true mSurface.isValid() = true
03-02 00:57:22.751 14885 14885 I SV[7374587 SplashActivity]: updateSurface: mSurfaceCreated = false surfaceChanged = true visibleChanged = true
03-02 00:57:22.751 14885 14885 I SurfaceView: 7374587 visibleChanged -- surfaceCreated
03-02 00:57:22.751 14885 14885 I SV[7374587 SplashActivity]: surfaceCreated 2 #1 X.0fk7{7086fb V.E...... ........ 0,80-1080,2000}
03-02 00:57:22.754 14252 14273 I BadgeProvider: sendNotify [uri]: content://com.sec.badge/apps, [notify]: null
03-02 00:57:22.755 14252 14273 I BadgeProvider: update, [calling package]: com.sec.android.provider.badge, [uri]: content://com.sec.badge/apps, [uri.query]: null, [BadgeCount]: badgecount=0, [UpdateCount]: 1
03-02 00:57:22.755 14252 14273 I BadgeCountReceiver: UpdateTask END: PendingResult hashCode: 192059311
03-02 00:57:22.755 14885 16246 D AudioTrack: setVolume(1.000000, 1.000000) pid : 14885
03-02 00:57:22.755 14885 14885 I SurfaceView: 7374587 surfaceChanged -- format=4 w=1080 h=1920
03-02 00:57:22.756 14885 14885 I SV[7374587 SplashActivity]: surfaceChanged (1080,1920) 2 #1 X.0fk7{7086fb V.E...... ........ 0,80-1080,2000}
03-02 00:57:22.756 14885 14885 I SurfaceView: 7374587 surfaceRedrawNeeded
03-02 00:57:22.756  2013  2013 D AudioPlayerStateMonitor: Found a new active media playback. AudioPlaybackConfiguration piid:92743 deviceIds:[] type:android.media.AudioTrack u/pid:10350/14885 state:started attr:AudioAttributes: usage=USAGE_MEDIA content=CONTENT_TYPE_UNKNOWN flags=0xA00 tags= bundle=null sessionId:126033 mutedState:none  FormatInfo{isSpatialized=false, channelMask=0x3, sampleRate=44100}
03-02 00:57:22.756  2013  2013 D MediaSessionService: Audio playback is changed, config=AudioPlaybackConfiguration piid:92743 deviceIds:[] type:android.media.AudioTrack u/pid:10350/14885 state:started attr:AudioAttributes: usage=USAGE_MEDIA content=CONTENT_TYPE_UNKNOWN flags=0xA00 tags= bundle=null sessionId:126033 mutedState:none  FormatInfo{isSpatialized=false, channelMask=0x3, sampleRate=44100}, removed=false
03-02 00:57:22.756 14885 14885 I SurfaceView: 7374587 finishedDrawing
03-02 00:57:22.756 14885 14885 V SurfaceView: Layout: x=0 y=80 w=1080 h=1920, frame=Rect(0, 0 - 1080, 1920)
03-02 00:57:22.756 14885 14885 I SV[137774491 SplashActivity]: windowStopped(false) true X.0fk7{836459b V.E...... ........ 0,81-1080,1998} of VRI[SplashActivity]@35f4eb8
03-02 00:57:22.756 14885 14885 I SurfaceView: 137774491 Changes: creating=true format=false size=false visible=true alpha=false hint=false left=false top=false z=false attached=true lifecycleStrategy=false
03-02 00:57:22.756  2013  2013 D MediaSessionStack: updateMediaButtonSessionIfNeeded, callers=com.android.server.media.AudioPlayerStateMonitor$MessageHandler.handleMessage:19 android.os.Handler.dispatchMessage:110
03-02 00:57:22.756  2013  2013 D MediaSessionStack: updateMediaButtonSessionIfNeeded, skipping uid=10350
03-02 00:57:22.757  1507  1562 I SurfaceFlinger: id=156137 createSurf, flag=84004, 836459b SurfaceView[com.zhiliaoapp.musically/com.ss.android.ugc.aweme.splash.SplashActivity]@0#156137
03-02 00:57:22.758  1507  2128 I SurfaceFlinger: id=156138 createSurf, flag=44400, 836459b SurfaceView[com.zhiliaoapp.musically/com.ss.android.ugc.aweme.splash.SplashActivity]@0(BLAST)#156138
03-02 00:57:22.758  2746  2808 I VRI[test]@226dea: onActiveControlsChanged, removed=false, mAdded=true, caller=android.view.ViewRootImpl.handleInsetsControlChanged:3002 android.view.ViewRootImpl$ViewRootHandler.handleMessageImpl:8352 android.view.ViewRootImpl$ViewRootHandler.handleMessage:8301 android.os.Handler.dispatchMessage:110 android.os.Looper.loopOnce:273
03-02 00:57:22.758  1507  1507 I SurfaceFlinger: [7086fb SurfaceView[com.zhiliaoapp.musically/com.ss.android.ugc.aweme.splash.SplashActivity]@0#156134] attach to parent LayerHierarchy{RequestedLayerState{Bounds for - com.zhiliaoapp.musically/com.ss.android.ugc.aweme.splash.SplashActivity@19#156130 parentId=156127} 2 children}
03-02 00:57:22.758  1507  1507 I SurfaceFlinger: [7086fb SurfaceView[com.zhiliaoapp.musically/com.ss.android.ugc.aweme.splash.SplashActivity]@0(BLAST)#156135] attach to parent LayerHierarchy{RequestedLayerState{7086fb SurfaceView[com.zhiliaoapp.musically/com.ss.android.ugc.aweme.splash.SplashActivity]@0#156134 parentId=156130} 1 children}
03-02 00:57:22.758  1507  1507 I SurfaceFlinger: [Background for 7086fb SurfaceView[com.zhiliaoapp.musically/com.ss.android.ugc.aweme.splash.SplashActivity]@0#156136] attach to parent LayerHierarchy{RequestedLayerState{7086fb SurfaceView[com.zhiliaoapp.musically/com.ss.android.ugc.aweme.splash.SplashActivity]@0#156134 parentId=156130} 2 children}
03-02 00:57:22.758  1507  1507 I SurfaceFlinger: [836459b SurfaceView[com.zhiliaoapp.musically/com.ss.android.ugc.aweme.splash.SplashActivity]@0#156137] attach to parent LayerHierarchy{RequestedLayerState{Bounds for - com.zhiliaoapp.musically/com.ss.android.ugc.aweme.splash.SplashActivity@19#156130 parentId=156127} 3 children}
03-02 00:57:22.758  1507  2393 I SurfaceFlinger: onHandleDestroyed: layerId=156125, name=Surface(name=c536234 NavigationBar0)/@0xfac847b - animation-leash of insets_animation#156125
03-02 00:57:22.758  1507  2393 I SurfaceFlinger: id=156125 Removed Surface(name=c536234 NavigationBar0)/@0xfac847b - animation-leash of insets_animation#156125 (348)
03-02 00:57:22.758  1507  2393 I SurfaceFlinger: onHandleDestroyed: layerId=156126, name=Surface(name=a5d3a68 StatusBar)/@0xd5726d6 - animation-leash of insets_animation#156126
03-02 00:57:22.758  1507  2393 I SurfaceFlinger: id=156126 Removed Surface(name=a5d3a68 StatusBar)/@0xd5726d6 - animation-leash of insets_animation#156126 (348)
03-02 00:57:22.758  1507  1907 I SurfaceFlinger: id=156139 createSurf, flag=20404, Background for 836459b SurfaceView[com.zhiliaoapp.musically/com.ss.android.ugc.aweme.splash.SplashActivity]@0#156139
03-02 00:57:22.758  1507  1845 D SurfaceFlinger: [input] setFocusedWindow: cd2d6b5 com.zhiliaoapp.musically/com.ss.android.ugc.aweme.splash.SplashActivity
03-02 00:57:22.758  1507  1845 D SurfaceFlinger: updateWinowInfo=1, setFocusedWindow timestamp=491121729418810, windowName=cd2d6b5 com.zhiliaoapp.musically/com.ss.android.ugc.aweme.splash.SplashActivity
03-02 00:57:22.759 14885 14885 D BufferQueueConsumer: [](id:3a250000005a,api:0,p:-1,c:14885) connect: controlledByApp=false
03-02 00:57:22.760  2746  3671 D SoundCraft.PlayingAudioConditionHandler: onPlaybackConfigChanged : lastStartedPackageName=com.zhiliaoapp.musically, lastStartedUid=10350, newStartedUid=10350, newStartPackageName=com.zhiliaoapp.musically, thread=Thread[RoutineHandlerThread,5,main]
03-02 00:57:22.756  2013  2013 D MediaSessionStack: updateMediaButtonSessionIfNeeded, skipping uid=10342
03-02 00:57:22.761  2013  4835 D InputDispatcher: Once focus requested (0): cd2d6b5 com.zhiliaoapp.musically/com.ss.android.ugc.aweme.splash.SplashActivity
03-02 00:57:22.761  2013  2013 D MediaSessionStack: updateMediaButtonSessionIfNeeded, skipping uid=10317
03-02 00:57:22.761  2013  2013 D MediaSessionStack: updateMediaButtonSessionIfNeeded, skipping uid=10672
03-02 00:57:22.761  2013  4835 D InputDispatcher: Focus request (0): cd2d6b5 com.zhiliaoapp.musically/com.ss.android.ugc.aweme.splash.SplashActivity but waiting because NO_WINDOW
03-02 00:57:22.761  2013  2598 D AS.SoundAliveUtils: notify dvfs state : 2, screen : true
