03-02 00:57:10.983 14885 14885 I BLASTBufferQueue: [7086fb SurfaceView[com.zhiliaoapp.musically/com.ss.android.ugc.aweme.splash.SplashActivity]@0#52](f:0,a:0,s:0) update width=1080 height=1920 format=4 mTransformHint=0
03-02 00:57:10.983  1484 10083 D NativePermissionController: checkPermission: missing 13 for 10248
03-02 00:57:10.983 14885 14885 I SurfaceView: 7374587 Cur surface: Surface(name=null mNativeObject=0)/@0x5798c7e
03-02 00:57:10.983  1464  1529 I libPowerHal: [PD] vendor.samsung. update cmd:400000 param:-1 pr:6
03-02 00:57:10.983 14885 14885 I SV[7374587 SplashActivity]: pST: sr = Rect(0, 80 - 1080, 2000) sw = 1080 sh = 1920
03-02 00:57:10.983 14885 14885 D SurfaceView: 7374587 performSurfaceTransaction RenderWorker position = [0, 80, 1080, 2000] surfaceSize = 1080x1920
03-02 00:57:10.983 14885 14885 I SV[7374587 SplashActivity]: updateSurface: mVisible = true mSurface.isValid() = true
03-02 00:57:10.983 14885 14885 I SV[7374587 SplashActivity]: updateSurface: mSurfaceCreated = false surfaceChanged = true visibleChanged = true
03-02 00:57:10.983 14885 14885 I SurfaceView: 7374587 visibleChanged -- surfaceCreated
03-02 00:57:10.983 14885 14885 I SV[7374587 SplashActivity]: surfaceCreated 2 #3 X.0fk7{7086fb V.E...... ......ID 0,80-1080,2000}
03-02 00:57:10.984  1464  1529 I libPowerHal: [recordCPUFreqInfo] set cluster[0] min(-1): -1 max(-1): -1 cluster[1] min(-1): -1 max(-1): -1
03-02 00:57:10.984  1464  1529 I libPowerHal: [perfLockRel] Done for hdl : 76400
03-02 00:57:10.985  1450  1487 I mtkpower_client: ret_hdl:76404
03-02 00:57:10.985  1450  1487 I HYPER-HAL: [RequestManager.cpp]releaseLocked(): Released ID : 2067581
03-02 00:57:10.985  1464  1529 I libPowerHal: [perfLockAcq] idx:2 hdl:76404 hint:-1 pid:1450 tid:1487 duration:0 lock_user:vendor.samsung. => ret_hdl:76404
03-02 00:57:10.985  1484 23599 D NativePermissionController: checkPermission: missing 13 for 10350
03-02 00:57:10.985  1464  1529 I libPowerHal: [PE] vendor.samsung. update cmd:400000 param:2000000 pr:3
03-02 00:57:10.985  1464  1529 I libPowerHal: [recordCPUFreqInfo] set cluster[0] min(vendor.samsung.): 2000000 max(-1): -1 cluster[1] min(-1): -1 max(-1): -1
03-02 00:57:10.985  1464  1529 I libPowerHal: [perfLockAcq] Done for hdl : 76404
03-02 00:57:10.986  1484 16929 D NativePermissionController: checkPermission: missing 13 for 10130
03-02 00:57:10.987 14885 14885 I SurfaceView: 7374587 surfaceChanged -- format=4 w=1080 h=1920
03-02 00:57:10.987 14885 14885 I SV[7374587 SplashActivity]: surfaceChanged (1080,1920) 2 #3 X.0fk7{7086fb V.E...... ......ID 0,80-1080,2000}
03-02 00:57:10.987 14885 14885 I SurfaceView: 7374587 surfaceRedrawNeeded
03-02 00:57:10.988  1484  2000 D NativePermissionController: checkPermission: missing 13 for 10476
03-02 00:57:10.988 14885 14885 I SurfaceView: 7374587 finishedDrawing
03-02 00:57:10.988 14885 14885 V SurfaceView: Layout: x=0 y=80 w=1080 h=1920, frame=Rect(0, 0 - 1080, 1920)
03-02 00:57:10.988  1484 15560 D NativePermissionController: checkPermission: missing 13 for 10350
03-02 00:57:10.988 14885 14885 I InsetsSourceConsumer: applyRequestedVisibilityToControl: visible=true, type=navigationBars, host=com.zhiliaoapp.musically/com.ss.android.ugc.aweme.splash.SplashActivity
03-02 00:57:10.989  1484 10083 D NativePermissionController: checkPermission: missing 13 for 10350
03-02 00:57:10.989 14885 14885 I InsetsSourceConsumer: applyRequestedVisibilityToControl: visible=true, type=statusBars, host=com.zhiliaoapp.musically/com.ss.android.ugc.aweme.splash.SplashActivity
03-02 00:57:10.990  1484  9961 D NativePermissionController: checkPermission: missing 13 for 10248
03-02 00:57:10.990  1484 10083 D NativePermissionController: checkPermission: missing 13 for 10476
03-02 00:57:10.990  1484  1566 D NativePermissionController: checkPermission: missing 13 for 10350
03-02 00:57:10.991 14885 16837 D SurfaceUtils: connecting to surface 0x6f9da2e010, reason connectToSurface
03-02 00:57:10.991 14885 16837 I MediaCodec: [c2.mtk.hevc.decoder] setting surface generation to 15242271
03-02 00:57:10.991 14885 16837 D SurfaceUtils: disconnecting from surface 0x6f9da2e010, reason connectToSurface(reconnect)
03-02 00:57:10.991 14885 16837 D SurfaceUtils: connecting to surface 0x6f9da2e000, reason connectToSurface(reconnect-with-listener)
03-02 00:57:10.992  2013  2068 D ScreenCapture: [Capture_TEST] : setIsScreenShotBySystem false
03-02 00:57:10.992  1484  9961 D NativePermissionController: checkPermission: missing 13 for 10476
03-02 00:57:10.992  2013  2068 I SurfaceComposerClient: captureLayers:childrenOnly:1, sync:1
03-02 00:57:10.992 14885 16837 D GraphicsTracker: new surface in configuration: maxDequeueRequested(0), maxDequeueCommitted(24)
03-02 00:57:10.992 14885 16837 D GraphicsTracker: new surface configured with id:63930588201015 gen:15242271 maxDequeue:24
03-02 00:57:10.992 14885 16837 D GraphicsTracker: maxDequeueCount is already 24
03-02 00:57:10.992 14885 16837 D Codec2Client: setOutputSurface -- generation=15242271 consumer usage=0x900
03-02 00:57:10.993 14885 16837 D SurfaceUtils: disconnecting from surface 0x6f9d803610, reason disconnectFromSurface
03-02 00:57:10.993  1484 15560 D NativePermissionController: checkPermission: missing 13 for 10492
03-02 00:57:10.993  1484 10083 D NativePermissionController: checkPermission: missing 13 for 10248
03-02 00:57:10.994 14885 16246 D AudioTrack: setVolume(1.000000, 1.000000) pid : 14885
03-02 00:57:10.995 14885 16837 I BLASTBufferQueue: [7086fb SurfaceView[com.zhiliaoapp.musically/com.ss.android.ugc.aweme.splash.SplashActivity]@0#52](f:0,a:0,s:0) onFrameAvailable the first frame is available
03-02 00:57:10.995 14885 14885 I VRI[SplashActivity]@35f4eb8: registerCallbackForPendingTransactions
03-02 00:57:10.995 14885 16837 I BLASTBufferQueue: [7086fb SurfaceView[com.zhiliaoapp.musically/com.ss.android.ugc.aweme.splash.SplashActivity]@0#52](f:0,a:1,s:0) acquireNextBufferLocked size=1080x1920 mFrameNumber=1 applyTransaction=true mTimestamp=491109995261502 mPendingTransactions.size=0 graphicBufferId=63930588201832 transform=0
03-02 00:57:10.995  1484 15560 D NativePermissionController: checkPermission: missing 13 for 10492
03-02 00:57:10.996 14885 15423 D SurfaceView: 7374587 updateSurfacePosition RenderWorker, frameNr = 3, position = [0, 80, 1080, 2000] surfaceSize = 1080x1920
03-02 00:57:10.996 14885 15423 I SV[7374587 SplashActivity]: uSP: rtp = Rect(0, 80 - 1080, 2000) rtsw = 1080 rtsh = 1920
03-02 00:57:10.996 14885 15423 I SV[7374587 SplashActivity]: onSSPAndSRT: pl = 0 pt = 80 sx = 1.0 sy = 1.0
03-02 00:57:10.997 14885 15423 I SV[7374587 SplashActivity]: aOrMT: VRI[SplashActivity]@35f4eb8 t = android.view.SurfaceControl$Transaction@30b113b fN = 3 android.view.SurfaceView.-$$Nest$mapplyOrMergeTransaction:0 android.view.SurfaceView$SurfaceViewPositionUpdateListener.positionChanged:1932 android.graphics.RenderNode$CompositePositionUpdateListener.positionChanged:401
03-02 00:57:10.997 14885 15423 I VRI[SplashActivity]@35f4eb8: mWNT: t=0x744fa9e680 mBlastBufferQueue=0x769b545000 fn= 3 HdrRenderState mRenderHdrSdrRatio=1.0 caller= android.view.SurfaceView.applyOrMergeTransaction:1863 android.view.SurfaceView.-$$Nest$mapplyOrMergeTransaction:0 android.view.SurfaceView$SurfaceViewPositionUpdateListener.positionChanged:1932
03-02 00:57:10.997 14252 14252 I BadgeCountReceiver: onReceive: Intent { act=android.intent.action.BADGE_COUNT_UPDATE flg=0x1000010 xflg=0x4 cmp=com.sec.android.provider.badge/.BadgeCountReceiver (has extras) }
03-02 00:57:10.998 14252 14273 I BadgeCountReceiver: UpdateTask START: PendingResult hashCode: 232343735
03-02 00:57:10.998 14252 14273 I BadgeCountReceiver: packageName: com.zhiliaoapp.musically, className: com.ss.android.ugc.aweme.splash.SplashActivity, count: 0
03-02 00:57:10.999  1446  1498 I SensorsHub: LightSensor: lux = 14, time = 767647386416692
03-02 00:57:10.999 18166 18228 I Finsky:background: [4050] SCH: Canceling job 3-87536
03-02 00:57:11.000  1484  1921 I SoundAlive_SRC384 arch64: ~SoundAlive_SRC384(): instance 6714
03-02 00:57:11.000 18166 18228 I Finsky:background: [4050] WM::SCH: Logging work end for 3-87536
03-02 00:57:11.000  1484  1921 D DlbEffectContext: setParam() received parameter EFFECT_PARAM_SEEK
03-02 00:57:11.000  1484  1921 D DlbEffectContext: handleSeek(seek operation ends, restore profile to 2)
03-02 00:57:11.000  1484  1921 D DlbEffectContext: applySpecificParams() Reset some user specific parameters
03-02 00:57:11.000  1484  1921 D DlbProfileParamCache: resetParam(param=dvla)
03-02 00:57:11.000  1484  1921 D DlbProfileParamArray: getProfileParams(profile = 2)
03-02 00:57:11.000  1484  1921 D DlbProfileParamCache: resetParam() resend the parameter value got from xml.
03-02 00:57:11.000  1484  1921 D DlbProfileParamCache: resetParam() resend the parameter value got from xml.
03-02 00:57:11.000  1484  1921 D DlbProfileParamCache: resetParam() resend the parameter value got from xml.
03-02 00:57:11.000  1484  1921 D DlbProfileParamCache: resetParam() resend the parameter value got from xml.
03-02 00:57:11.000  1484  1921 D DlbProfileParamCache: resetParam() resend the parameter value got from xml.
03-02 00:57:11.000  1484  1921 D DlbProfileParamCache: resetParam() resend the parameter value got from xml.
03-02 00:57:11.000  1484  1921 D DlbProfileParamCache: resetParam() resend the parameter value got from xml.
03-02 00:57:11.000  1484  1921 D DlbEndpointParamCache: commitChangedParams()
03-02 00:57:11.000  1484  1921 D DlbEndpointParamCache: commit() Applying parameters for device 0x40000000
03-02 00:57:11.000  1484  1921 D DlbEndpointParamCache: doCommit() Committed 0 parameters out of 15.
03-02 00:57:11.000  1484  1921 D DlbEndpointParamCache: commit() Overriding parameters for current device 0x00000002
03-02 00:57:11.000  1484  1921 D DlbDap2Process: setParam(dvla = #1[0])
03-02 00:57:11.000  1484  1921 D DlbEndpointParamCache: doCommit() Committed 1 parameters out of 60.
03-02 00:57:11.000  1484  1921 D DlbProfileParamCache: resetParam(param=dvli)
03-02 00:57:11.000  1484  1921 D DlbProfileParamArray: getProfileParams(profile = 2)
03-02 00:57:11.001  1484  1921 D DlbProfileParamCache: resetParam() resend the parameter value got from xml.
03-02 00:57:11.001  1484  1921 D DlbProfileParamCache: resetParam() resend the parameter value got from xml.
03-02 00:57:11.001  1484  1921 D DlbProfileParamCache: resetParam() resend the parameter value got from xml.
03-02 00:57:11.001  1484  1921 D DlbProfileParamCache: resetParam() resend the parameter value got from xml.
03-02 00:57:11.001  1484  1921 D DlbProfileParamCache: resetParam() resend the parameter value got from xml.
03-02 00:57:11.001  1484  1921 D DlbProfileParamCache: resetParam() resend the parameter value got from xml.
03-02 00:57:11.001  1484  1921 D DlbProfileParamCache: resetParam() resend the parameter value got from xml.
03-02 00:57:11.001  1484  1921 D DlbEndpointParamCache: commitChangedParams()
03-02 00:57:11.001  1484  1921 D DlbEndpointParamCache: commit() Applying parameters for device 0x40000000
03-02 00:57:11.001  1484  1921 D DlbEndpointParamCache: doCommit() Committed 0 parameters out of 15.
03-02 00:57:11.001  1484  1921 D DlbEndpointParamCache: commit() Overriding parameters for current device 0x00000002
03-02 00:57:11.001  1484  1921 D DlbDap2Process: setParam(dvli = #1[-256])
03-02 00:57:11.001  1484  1921 D DlbEndpointParamCache: doCommit() Committed 1 parameters out of 60.
03-02 00:57:11.001  1484  1921 D DlbProfileParamCache: resetParam(param=dvlo)
03-02 00:57:11.001  1484  1921 D DlbProfileParamArray: getProfileParams(profile = 2)
03-02 00:57:11.001  1484  1921 D DlbProfileParamCache: resetParam() resend the parameter value got from xml.
03-02 00:57:11.001  1484  1921 D DlbProfileParamCache: resetParam() resend the parameter value got from xml.
03-02 00:57:11.001  1484  1921 D DlbProfileParamCache: resetParam() resend the parameter value got from xml.
03-02 00:57:11.001  1484  1921 D DlbProfileParamCache: resetParam() resend the parameter value got from xml.
03-02 00:57:11.001  1484  1921 D DlbProfileParamCache: resetParam() resend the parameter value got from xml.
03-02 00:57:11.001  1484  1921 D DlbProfileParamCache: resetParam() resend the parameter value got from xml.
03-02 00:57:11.001  1484  1921 D DlbProfileParamCache: resetParam() resend the parameter value got from xml.
03-02 00:57:11.001  1484  1921 D DlbEndpointParamCache: commitChangedParams()
03-02 00:57:11.001  1484  1921 D DlbEndpointParamCache: commit() Applying parameters for device 0x40000000
03-02 00:57:11.001  1484  1921 D DlbEndpointParamCache: doCommit() Committed 0 parameters out of 15.
03-02 00:57:11.001  1484  1921 D DlbEndpointParamCache: commit() Overriding parameters for current device 0x00000002
03-02 00:57:11.001  1484  1921 D DlbDap2Process: setParam(dvlo = #1[-224])
03-02 00:57:11.001  1484  1921 D DlbEndpointParamCache: doCommit() Committed 1 parameters out of 60.
03-02 00:57:11.001  1484  1921 D DlbProfileParamCache: resetParam(param=vmb)
03-02 00:57:11.001  1484  1921 D DlbProfileParamArray: getProfileParams(profile = 2)
03-02 00:57:11.001  1484  1921 D DlbProfileParamCache: resetParam() resend the parameter value got from xml.
03-02 00:57:11.001  1484  1921 D DlbProfileParamCache: resetParam() resend the parameter value got from xml.
03-02 00:57:11.001  1484  1921 D DlbProfileParamCache: resetParam() resend the parameter value got from xml.
03-02 00:57:11.001  1484  1921 D DlbProfileParamCache: resetParam() resend the parameter value got from xml.
03-02 00:57:11.001  1484  1921 D DlbProfileParamCache: resetParam() resend the parameter value got from xml.
03-02 00:57:11.001 14885 16246 D AudioTrack: setVolume(1.000000, 1.000000) pid : 14885
03-02 00:57:11.001 14885 16246 D AudioTrack: setVolume(1.000000, 1.000000) pid : 14885
03-02 00:57:11.002 18166 18190 I Finsky:background: [4024] SCH: Scheduling phonesky job Id: 3-87538, CT: 1772405782753, Constraints: [{ L: 0, D: 86400000, C: CHARGING_REQUIRED, I: IDLE_REQUIRED, N: NET_UNMETERED, B: BATTERY_ANY }]
03-02 00:57:11.002  1484  1921 D DlbProfileParamCache: resetParam() resend the parameter value got from xml.
03-02 00:57:11.002  1484  1921 D DlbProfileParamCache: resetParam() resend the parameter value got from xml.
03-02 00:57:11.002  1484  1921 D DlbEndpointParamCache: commitChangedParams()
03-02 00:57:11.002  1484  1921 D DlbEndpointParamCache: commit() Applying parameters for device 0x40000000
03-02 00:57:11.002  1484  1921 D DlbEndpointParamCache: doCommit() Committed 0 parameters out of 15.
03-02 00:57:11.002  1484  1921 D DlbEndpointParamCache: commit() Overriding parameters for current device 0x00000002
03-02 00:57:11.002  1484  1921 D DlbDap2Process: setParam(vmb = #1[0])
03-02 00:57:11.002  1484  1921 D DlbEndpointParamCache: doCommit() Committed 1 parameters out of 60.
03-02 00:57:11.002 14885 15781 I VRI[SplashActivity]@35f4eb8: mWNT: t=0x744fbb6c80 mBlastBufferQueue=0x769b545000 fn= 3 HdrRenderState mRenderHdrSdrRatio=1.0 caller= android.view.ViewRootImpl$10.onFrameDraw:6536 android.view.ViewRootImpl$4.onFrameDraw:2489 android.view.ThreadedRenderer$1.onFrameDraw:718
03-02 00:57:11.002  1484  1921 D DlbProfileParamCache: resetParam(param=dea)
03-02 00:57:11.002  1484  1921 D DlbProfileParamArray: getProfileParams(profile = 2)
03-02 00:57:11.002  1484  1921 D DlbProfileParamCache: resetParam() resend the parameter value got from xml.
03-02 00:57:11.002  1507  1507 I SurfaceFlinger: [Transition Root: Task=44543#155749] attach to parent LayerHierarchy{RequestedLayerState{DefaultTaskDisplayArea_d0#10 parentId=9} 47 children}
03-02 00:57:11.002  1484  1921 D DlbProfileParamCache: resetParam() resend the parameter value got from xml.
03-02 00:57:11.002  1484  1921 D DlbProfileParamCache: resetParam() resend the parameter value got from xml.
03-02 00:57:11.002  1484  1921 D DlbProfileParamCache: resetParam() resend the parameter value got from xml.
03-02 00:57:11.002  1507  1507 I SurfaceFlinger: [7086fb SurfaceView[com.zhiliaoapp.musically/com.ss.android.ugc.aweme.splash.SplashActivity]@0#155750] attach to parent LayerHierarchy{RequestedLayerState{Bounds for - com.zhiliaoapp.musically/com.ss.android.ugc.aweme.splash.SplashActivity@11#155739 parentId=155736} 4 children}
03-02 00:57:11.002  1484  1921 D DlbProfileParamCache: resetParam() resend the parameter value got from xml.
03-02 00:57:11.002  1484  1921 D DlbProfileParamCache: resetParam() resend the parameter value got from xml.
03-02 00:57:11.002  1507  1507 I SurfaceFlinger: [7086fb SurfaceView[com.zhiliaoapp.musically/com.ss.android.ugc.aweme.splash.SplashActivity]@0(BLAST)#155751] attach to parent LayerHierarchy{RequestedLayerState{7086fb SurfaceView[com.zhiliaoapp.musically/com.ss.android.ugc.aweme.splash.SplashActivity]@0#155750 parentId=155739} 1 children}
03-02 00:57:11.002  1484  1921 D DlbProfileParamCache: resetParam() resend the parameter value got from xml.
03-02 00:57:11.002  1507  1507 I SurfaceFlinger: [Background for 7086fb SurfaceView[com.zhiliaoapp.musically/com.ss.android.ugc.aweme.splash.SplashActivity]@0#155752] attach to parent LayerHierarchy{RequestedLayerState{7086fb SurfaceView[com.zhiliaoapp.musically/com.ss.android.ugc.aweme.splash.SplashActivity]@0#155750 parentId=155739} 2 children}
03-02 00:57:11.002  1484  1921 D DlbEndpointParamCache: commitChangedParams()
03-02 00:57:11.002  1484  1921 D DlbEndpointParamCache: commit() Applying parameters for device 0x40000000
03-02 00:57:11.002  1484  1921 D DlbEndpointParamCache: doCommit() Committed 0 parameters out of 15.
03-02 00:57:11.002  1484  1921 D DlbEndpointParamCache: commit() Overriding parameters for current device 0x00000002
03-02 00:57:11.003  1484  1921 D DlbDap2Process: setParam(dea = #1[0])
03-02 00:57:11.003  1484  1921 D DlbEndpointParamCache: doCommit() Committed 1 parameters out of 60.
03-02 00:57:11.003  1484  1921 D DlbProfileParamCache: resetParam(param=deon)
03-02 00:57:11.003  1484  1921 D DlbProfileParamArray: getProfileParams(profile = 2)
03-02 00:57:11.003  1484  1921 D DlbProfileParamCache: resetParam() resend the parameter value got from xml.
03-02 00:57:11.003  1484  1921 D DlbProfileParamCache: resetParam() resend the parameter value got from xml.
03-02 00:57:11.003  1484  1921 D DlbProfileParamCache: resetParam() resend the parameter value got from xml.
03-02 00:57:11.003  1484  1921 D DlbProfileParamCache: resetParam() resend the parameter value got from xml.
03-02 00:57:11.003  1484  1921 D DlbProfileParamCache: resetParam() resend the parameter value got from xml.
03-02 00:57:11.003  1484  1921 D DlbProfileParamCache: resetParam() resend the parameter value got from xml.
03-02 00:57:11.003  1484  1921 D DlbProfileParamCache: resetParam() resend the parameter value got from xml.
03-02 00:57:11.003  1484  1921 D DlbEndpointParamCache: commitChangedParams()
03-02 00:57:11.003  1484  1921 D DlbEndpointParamCache: commit() Applying parameters for device 0x40000000
03-02 00:57:11.003  1484  1921 D DlbEndpointParamCache: doCommit() Committed 0 parameters out of 15.
03-02 00:57:11.003  1484  1921 D DlbEndpointParamCache: commit() Overriding parameters for current device 0x00000002
03-02 00:57:11.003  1484  1921 D DlbDap2Process: setParam(deon = #1[0])
03-02 00:57:11.003  1484  1921 D DlbEndpointParamCache: doCommit() Committed 1 parameters out of 60.
03-02 00:57:11.003  1484  1921 D DlbProfileParamCache: resetParam(param=mdee)
03-02 00:57:11.003  1484  1921 D DlbProfileParamArray: getProfileParams(profile = 2)
03-02 00:57:11.003  1484  1921 D DlbProfileParamCache: resetParam() resend the parameter value got from xml.
03-02 00:57:11.003  1484  1921 D DlbEndpointParamCache: commitChangedParams()
03-02 00:57:11.003  1484  1921 D DlbEndpointParamCache: commit() Applying parameters for device 0x40000000
03-02 00:57:11.003  1484  1921 D DlbDap2Process: setParam(mdee = #1[0])
03-02 00:57:11.003  1484  1921 D DlbEndpointParamCache: doCommit() Committed 1 parameters out of 15.
03-02 00:57:11.003  1484  1921 D DlbEndpointParamCache: commit() Overriding parameters for current device 0x00000002
03-02 00:57:11.003  1484  1921 D DlbEndpointParamCache: doCommit() Committed 0 parameters out of 60.
03-02 00:57:11.003  1484  1921 D DlbEffectContext: transformExternalGain() volume:0x4B059 fVol:0.018316 extVal:-555
03-02 00:57:11.003  1484  1921 D DlbEndpointParamCache: commitChangedParams()
03-02 00:57:11.003  1484  1921 D DlbEndpointParamCache: commit() Applying parameters for device 0x40000000
03-02 00:57:11.003  1484  1921 D DlbDap2Process: setParam(preg = #1[0])
03-02 00:57:11.003  1484  1921 D DlbDap2Process: setSystemGain(vol = 0)
03-02 00:57:11.003  1484  1921 D DlbDap2Process: setParam(svol = #1[-555])
03-02 00:57:11.003  1484  1921 D DlbEndpointParamCache: doCommit() Committed 2 parameters out of 15.
03-02 00:57:11.003  1484  1921 D DlbEndpointParamCache: commit() Overriding parameters for current device 0x00000002
03-02 00:57:11.003  1484  1921 D DlbEndpointParamCache: doCommit() Committed 0 parameters out of 60.
03-02 00:57:11.003  1484  1921 I SoundBoosterEffectPlus: SB_setVolume(0xb400007075106040)
03-02 00:57:11.003  1484  1921 I SoundBoosterEffectPlus: command EFFECT_CMD_SET_VOLUME left = 0.018316, right =0.018316
03-02 00:57:11.003  1484  1921 I SAG_EQ a64: SetVolumeFloat() inst_num [424238335] VolumeFloat [-34.738720] mModeFW [1] mMode [1]
03-02 00:57:11.003  1484  1921 I SAG_EQ a64: mIsVolumeTableValid yes
03-02 00:57:11.003  1484  1921 I SAG_EQ a64: SetVolume() VolumeIndexInt [4]
03-02 00:57:11.004  1484 16929 D NativePermissionController: checkPermission: missing 13 for 10130
03-02 00:57:11.004  1507  1907 I SurfaceFlinger: Capture layer list: 	 com.podcast.app.debug/androidx.activity.ComponentActivity$_17121#155719(seamlessTransition:0)
03-02 00:57:11.005  1484 16929 D NativePermissionController: checkPermission: missing 13 for 10130
03-02 00:57:11.005  1439 32089 D MTKAdapterStreamLayer: updateMetadataCommon(),
03-02 00:57:11.005  1484  1921 I SoundAlive_SRC384 arch64: SoundAlive_SRC384() ID = 6715 GID = 6716
03-02 00:57:11.006  1484  1921 I SoundAlive_SRC384 arch64: SoundAlive_SRC384: Instance 6715 Init(outFs 7, InFs 7, chnum 0, outBW 0, inBW 0)
03-02 00:57:11.006  1484  1921 I Samsung_SoundAlive_SRC arch64: SRC384 version Samsung SoundAlive SRC ver320 arch64  2021.08.04 (Cppref for ARM64, ver.300.c 32bit 07_10_2016 based)
03-02 00:57:11.006  1484  1921 D SoundAliveResampler: [SoundAliveResampler] Init+++
03-02 00:57:11.006  1484  1921 I SoundAlive_SRC384 arch64: SoundAlive_SRC384: Instance 6715 Init(outFs 8, InFs 7, chnum 2, outBW 3, inBW 3)
03-02 00:57:11.006  1484  1921 I Samsung_SoundAlive_SRC arch64: SRC384 version Samsung SoundAlive SRC ver320 arch64  2021.08.04 (Cppref for ARM64, ver.300.c 32bit 07_10_2016 based)
03-02 00:57:11.007  1484  1921 I SoundBooster_Interface2000_a64: [AE_LOG] Exe() mMode : 1,  n : 2048    VolumeIndexFloat : -34.738720 mSamplingRate : 48000
03-02 00:57:11.008  2746  2798 I SurfaceControlRegistry: hide, t=FinishTransaction_SyncId<11247> sc=Task=44858, caller=android.view.SurfaceControl$Transaction.hide:3583 com.android.wm.shell.transition.Transitions.dispatchReady:1263 com.android.wm.shell.transition.Transitions.onTransitionReady:251 com.android.wm.shell.transition.Transitions$TransitionPlayerImpl$$ExternalSyntheticLambda0.run:13 android.os.Handler.handleCallback:995 android.os.Handler.dispatchMessage:103
03-02 00:57:11.008  2746  2798 I SurfaceControlRegistry: show, t=StartTransaction_SyncId<11247> sc=Task=44543, caller=android.view.SurfaceControl$Transaction.show:3557 com.android.wm.shell.transition.Transitions.dispatchReady:1279 com.android.wm.shell.transition.Transitions.onTransitionReady:251 com.android.wm.shell.transition.Transitions$TransitionPlayerImpl$$ExternalSyntheticLambda0.run:13 android.os.Handler.handleCallback:995 android.os.Handler.dispatchMessage:103
03-02 00:57:11.008  2746  2798 I SurfaceControlRegistry: show, t=FinishTransaction_SyncId<11247> sc=Task=44543, caller=android.view.SurfaceControl$Transaction.show:3557 com.android.wm.shell.transition.Transitions.dispatchReady:1330 com.android.wm.shell.transition.Transitions.onTransitionReady:251 com.android.wm.shell.transition.Transitions$TransitionPlayerImpl$$ExternalSyntheticLambda0.run:13 android.os.Handler.handleCallback:995 android.os.Handler.dispatchMessage:103
03-02 00:57:11.008  2746  2798 I SurfaceControlRegistry: show, t=StartTransaction_SyncId<11247> sc=Transition Root: Task=44543, caller=android.view.SurfaceControl$Transaction.show:3557 com.android.wm.shell.transition.Transitions.playTransition:79 com.android.wm.shell.transition.Transitions.processReadyQueue:239 com.android.wm.shell.transition.Transitions.dispatchReady:1352 com.android.wm.shell.transition.Transitions.onTransitionReady:251 com.android.wm.shell.transition.Transitions$TransitionPlayerImpl$$ExternalSyntheticLambda0.run:13
03-02 00:57:11.009 14252 14262 I BadgeProvider: query, [calling package]: com.sec.android.app.launcher, [selection]: null
03-02 00:57:11.013  1484  1921 I SoundAlive_Interface_a64: [ 0 ][ 48000 ]FlushBuffers()
03-02 00:57:11.013  1484  1921 I SoundAlive_Interface_a64: [dB = -34.738720 ]
03-02 00:57:11.015 14252 14273 I BadgeProvider: sendNotify [uri]: content://com.sec.badge/apps, [notify]: null
03-02 00:57:11.015  1507  1825 I SurfaceFlinger: Capture layer list: 	 com.podcast.app.debug/androidx.activity.ComponentActivity$_17121#155719(seamlessTransition:0)
03-02 00:57:11.016  1507  1507 I SurfaceFlinger: RequestedLayer [7086fb SurfaceView[com.zhiliaoapp.mu[...]weme.splash.SplashActivity]@0#155750] hidden!! flag  from(1) --> to(0)
03-02 00:57:11.016  1507  1507 I SurfaceFlinger: RequestedLayer [Background for 7086fb SurfaceView[co[...]weme.splash.SplashActivity]@0#155752] hidden!! flag  from(1) --> to(0)
03-02 00:57:11.016  1507  1507 I SurfaceFlinger: [LayerHierarchy{RequestedLayerState{7086fb SurfaceView[com.zhiliaoapp.musically/com.ss.android.ugc.aweme.splash.SplashActivity]@0#155743 z=-2} 2 children}] reparent to OffscreenRoot
03-02 00:57:11.016  1507  1507 I SurfaceFlinger: [LayerHierarchy{RequestedLayerState{7086fb SurfaceView[com.zhiliaoapp.musically/com.ss.android.ugc.aweme.splash.SplashActivity]@0#155743 z=-2} 2 children}] RelativeParent to null
03-02 00:57:11.016  1507  1507 I SurfaceFlinger: [LayerHierarchy{RequestedLayerState{7086fb SurfaceView[com.zhiliaoapp.musically/com.ss.android.ugc.aweme.splash.SplashActivity]@0(BLAST)#155744} no children}] reparent to OffscreenRoot
03-02 00:57:11.016  1507  1507 I SurfaceFlinger: [LayerHierarchy{RequestedLayerState{7086fb SurfaceView[com.zhiliaoapp.musically/com.ss.android.ugc.aweme.splash.SplashActivity]@0(BLAST)#155744} no children}] RelativeParent to null
03-02 00:57:11.016  1507  1507 I SurfaceFlinger: [LayerHierarchy{RequestedLayerState{Background for 7086fb SurfaceView[com.zhiliaoapp.musically/com.ss.android.ugc.aweme.splash.SplashActivity]@0#155745 z=-2147483648} no children}] reparent to OffscreenRoot
03-02 00:57:11.016  1507  1507 I SurfaceFlinger: [LayerHierarchy{RequestedLayerState{Background for 7086fb SurfaceView[com.zhiliaoapp.musically/com.ss.android.ugc.aweme.splash.SplashActivity]@0#155745 z=-2147483648} no children}] RelativeParent to null
03-02 00:57:11.016  1507  1507 I SurfaceFlinger: [LayerHierarchy{RequestedLayerState{7086fb SurfaceView[com.zhiliaoapp.musically/com.ss.android.ugc.aweme.splash.SplashActivity]@0#155750 parentId=155739 relativeParentId=155736 z=-2} 2 children}] RelativeParent to LayerHierarchy{RequestedLayerState{com.zhiliaoapp.musically/com.ss.android.ugc.aweme.splash.SplashActivity$_14885#155736 parentId=155210} 6 children}
03-02 00:57:11.016  1507  1507 I SurfaceFlinger: [LayerHierarchy{RequestedLayerState{Background for 7086fb SurfaceView[com.zhiliaoapp.musically/com.ss.android.ugc.aweme.splash.SplashActivity]@0#155752 parentId=155750 relativeParentId=155736 z=-2147483648} no children}] RelativeParent to LayerHierarchy{RequestedLayerState{com.zhiliaoapp.musically/com.ss.android.ugc.aweme.splash.SplashActivity$_14885#155736 parentId=155210} 7 children}
03-02 00:57:11.016 14252 14273 I BadgeProvider: update, [calling package]: com.sec.android.provider.badge, [uri]: content://com.sec.badge/apps, [uri.query]: null, [BadgeCount]: badgecount=0, [UpdateCount]: 1
03-02 00:57:11.016 14252 14273 I BadgeCountReceiver: UpdateTask END: PendingResult hashCode: 232343735
03-02 00:57:11.019  1507  1907 I SurfaceFlinger: id=155753 createSurf, flag=20004, DimTransitionLayer for Surface(name=Task=44543)/@0x493db39#155753
03-02 00:57:11.020  1484 16929 D NativePermissionController: checkPermission: missing 13 for 10350
03-02 00:57:11.020  1484 10083 D NativePermissionController: checkPermission: missing 13 for 10350
03-02 00:57:11.022  2746  2798 I SurfaceControlRegistry: show, t=StartTransaction_SyncId<11247> sc=DimTransitionLayer for Surface(name=Task=44543)/@0x493db39, caller=android.view.SurfaceControl$Transaction.show:3557 com.android.wm.shell.transition.DefaultTransitionHandler.startAnimation:2837 com.android.wm.shell.transition.Transitions.dispatchTransition:90 com.android.wm.shell.transition.Transitions.playTransition:774 com.android.wm.shell.transition.Transitions.processReadyQueue:239 com.android.wm.shell.transition.Transitions.dispatchReady:1352
03-02 00:57:11.023  1507  1907 I SurfaceFlinger: id=155754 createSurf, flag=20004, app-background-layer#155754
03-02 00:57:11.023  1507  1563 I SurfaceFlinger: onHandleDestroyed: layerId=155745, name=Background for 7086fb SurfaceView[com.zhiliaoapp.musically/com.ss.android.ugc.aweme.splash.SplashActivity]@0#155745
03-02 00:57:11.023  1507  1563 I SurfaceFlinger: id=155745 Removed Background for 7086fb SurfaceView[com.zhiliaoapp.musically/com.ss.android.ugc.aweme.splash.SplashActivity]@0#155745 (356)
03-02 00:57:11.023  1507  1563 I SurfaceFlinger: onHandleDestroyed: layerId=155743, name=7086fb SurfaceView[com.zhiliaoapp.musically/com.ss.android.ugc.aweme.splash.SplashActivity]@0#155743
03-02 00:57:11.023  1507  1563 I SurfaceFlinger: id=155743 Removed 7086fb SurfaceView[com.zhiliaoapp.musically/com.ss.android.ugc.aweme.splash.SplashActivity]@0#155743 (356)
03-02 00:57:11.023  1507  1563 I SurfaceFlinger: onHandleDestroyed: layerId=155744, name=7086fb SurfaceView[com.zhiliaoapp.musically/com.ss.android.ugc.aweme.splash.SplashActivity]@0(BLAST)#155744
03-02 00:57:11.023  1507  1563 I SurfaceFlinger: id=155744 Removed 7086fb SurfaceView[com.zhiliaoapp.musically/com.ss.android.ugc.aweme.splash.SplashActivity]@0(BLAST)#155744 (356)
03-02 00:57:11.023  2746  2798 I SurfaceControlRegistry: show, t=StartTransaction_SyncId<11247> sc=app-background-layer, caller=android.view.SurfaceControl$Transaction.show:3557 com.android.wm.shell.transition.DefaultTransitionHandler.startAnimation:3005 com.android.wm.shell.transition.Transitions.dispatchTransition:90 com.android.wm.shell.transition.Transitions.playTransition:774 com.android.wm.shell.transition.Transitions.processReadyQueue:239 com.android.wm.shell.transition.Transitions.dispatchReady:1352
03-02 00:57:11.023  1484 10083 D NativePermissionController: checkPermission: missing 13 for 10351
03-02 00:57:11.024  2746  2798 I SurfaceControlRegistry: apply, t=StartTransaction_SyncId<11247>, caller=android.view.SurfaceControl$Transaction.apply:3459 android.view.SurfaceControl$Transaction.apply:3447 android.view.SurfaceControl$Transaction.apply:3397 com.android.wm.shell.transition.DefaultTransitionHandler.startAnimation:3292 com.android.wm.shell.transition.Transitions.dispatchTransition:90 com.android.wm.shell.transition.Transitions.playTransition:774
03-02 00:57:11.025  1484 10083 D NativePermissionController: checkPermission: missing 13 for 10351
03-02 00:57:11.026 14252 14262 I BadgeProvider: query, [calling package]: com.sec.android.app.launcher, [selection]: null
03-02 00:57:11.027  1507  1507 I SurfaceFlinger: destroyed 7086fb SurfaceView[com.zhiliaoapp.musically/com.ss.android.ugc.aweme.splash.SplashActivity]@0#155743
03-02 00:57:11.027  1507  1507 I SurfaceFlinger: destroyed 7086fb SurfaceView[com.zhiliaoapp.musically/com.ss.android.ugc.aweme.splash.SplashActivity]@0(BLAST)#155744
03-02 00:57:11.027  1507  1507 I SurfaceFlinger: destroyed Background for 7086fb SurfaceView[com.zhiliaoapp.musically/com.ss.android.ugc.aweme.splash.SplashActivity]@0#155745
03-02 00:57:11.027  1507  1507 I SurfaceFlinger: [app-background-layer#155754] attach to parent LayerHierarchy{RequestedLayerState{Task=44543#147901 parentId=10 z=40} 2 children}
03-02 00:57:11.027  1507  1507 I SurfaceFlinger: [DimTransitionLayer for Surface(name=Task=44543)/@0x493db39#155753] attach to parent LayerHierarchy{RequestedLayerState{Transition Root: Task=44543#155749 parentId=10} 1 children}
03-02 00:57:11.029  1507  1507 I Layer   : id=155744 Destroyed 7086fb SurfaceView[com.zhiliaoapp.musically/com.ss.android.ugc.aweme.splash.SplashActivity]@0(BLAST)#155744
03-02 00:57:11.029  1507  1507 I Layer   : id=155743 Destroyed 7086fb SurfaceView[com.zhiliaoapp.musically/com.ss.android.ugc.aweme.splash.SplashActivity]@0#155743
03-02 00:57:11.029  1507  1507 I Layer   : id=155745 Destroyed Background for 7086fb SurfaceView[com.zhiliaoapp.musically/com.ss.android.ugc.aweme.splash.SplashActivity]@0#155745
03-02 00:57:11.031  1484 10083 D NativePermissionController: checkPermission: missing 13 for 10351
03-02 00:57:11.032  1484 10083 D NativePermissionController: checkPermission: missing 13 for 10351
03-02 00:57:11.033  1484 10083 D NativePermissionController: checkPermission: missing 13 for 10350
03-02 00:57:11.033  1484 16929 D NativePermissionController: checkPermission: missing 13 for 10350
03-02 00:57:11.034 18166 18194 I Finsky:background: [4028] SCH: Scheduling 1 system job(s)
03-02 00:57:11.035 18166 18194 I Finsky:background: [4028] SCH: Scheduling system job Id: 10029, L: 0, D: 86351719, C: true, I: true, N: 2
03-02 00:57:11.036  2746  3671 D SoundCraft.PlayingAudioConditionHandler: onPlaybackConfigChanged : lastStartedPackageName=com.zhiliaoapp.musically, lastStartedUid=10350, newStartedUid=10350, newStartPackageName=com.zhiliaoapp.musically, thread=Thread[RoutineHandlerThread,5,main]
03-02 00:57:11.037  2746  2746 D NavigationBar: onSystemBarAttributesChanged() -  displayId:0, appearance:16, packageName: com.zhiliaoapp.musically (APPEARANCE_LIGHT_NAVIGATION_BARS ), navbarColorManagedByIme:false
03-02 00:57:11.038  1507  1507 I SurfaceFlinger: RequestedLayer [4a9ac77 Splash Screen com.podcast.app.debug.test#155728] hidden!! flag  from(1) --> to(0)
03-02 00:57:11.038  1507  1507 I SurfaceFlinger: RequestedLayer [a821ab9 com.podcast.app.debug.test/a[...]ActivityInvoker$EmptyActivity#155730] hidden!! flag  from(1) --> to(0)
03-02 00:57:11.038  1507  1507 I SurfaceFlinger: RequestedLayer [com.zhiliaoapp.musically/com.ss.andr[...].splash.SplashActivity$_14885#155736] hidden!! flag  from(1) --> to(0)
03-02 00:57:11.038  1507  1507 I SurfaceFlinger: RequestedLayer [Task=44543#147901] hidden!! flag  from(1) --> to(0)
03-02 00:57:11.038  1507  1507 E SurfaceFlinger: alpha changed 1.000 -> 0.000 - Task=44543#147901
03-02 00:57:11.038  1507  1507 I SurfaceFlinger: RequestedLayer [Transition Root: Task=44543#155749] hidden!! flag  from(1) --> to(0)
03-02 00:57:11.038  1507  1507 I SurfaceFlinger: RequestedLayer [ActivityRecord{2751228 u0 com.zhilia[...]splash.SplashActivity t44543}#147902] hidden!! flag  from(1) --> to(0)
03-02 00:57:11.039  1507  1507 I SurfaceFlinger: RequestedLayer [DimTransitionLayer for Surface(name=Task=44543)/@0x493db39#155753] hidden!! flag  from(1) --> to(0)
03-02 00:57:11.039  1507  1507 E SurfaceFlinger: alpha changed 1.000 -> 0.000 - DimTransitionLayer for Surface(name=Task=44543)/@0x493db39#155753
03-02 00:57:11.039  1507  1507 I SurfaceFlinger: RequestedLayer [app-background-layer#155754] hidden!! flag  from(1) --> to(0)
03-02 00:57:11.039  1507  1507 E SurfaceFlinger: alpha changed 0.000 -> 1.000 - Task=44543#147901
03-02 00:57:11.039  1507  1507 E SurfaceFlinger: alpha changed 0.000 -> 0.000 - DimTransitionLayer for Surface(name=Task=44543)/@0x493db39#155753
03-02 00:57:11.039  1507  1507 I SurfaceFlinger: [LayerHierarchy{RequestedLayerState{Task=44543#147901 parentId=155749 z=5} 2 children}] reparent to LayerHierarchy{RequestedLayerState{Transition Root: Task=44543#155749 parentId=10 z=42} 2 children}
03-02 00:57:11.039  1507  1507 I SurfaceFlinger: [LayerHierarchy{RequestedLayerState{Task=44858#155711 parentId=155749 z=2} 1 children}] reparent to LayerHierarchy{RequestedLayerState{Transition Root: Task=44543#155749 parentId=10 z=42} 3 children}
03-02 00:57:11.039  1507  1507 I SurfaceFlinger: [LayerHierarchy{RequestedLayerState{app-background-layer#155754 parentId=147901 relativeParentId=147901 z=-1} no children}] RelativeParent to null
03-02 00:57:11.039  1507  1507 I SurfaceFlinger: [LayerHierarchy{RequestedLayerState{DimTransitionLayer for Surface(name=Task=44543)/@0x493db39#155753 parentId=155749 relativeParentId=147901 z=-1} no children}] RelativeParent to LayerHierarchy{RequestedLayerState{Task=44543#147901 parentId=155749 z=5} 3 children}
03-02 00:57:11.040  1445 16865 W C2MtkBufferManager: [0xB4000070F68A9420] fetchNewCcBlock: wait fence 0x0xb4000070f692fea0 timed out. ret 110
03-02 00:57:11.041  3202  3918 I HoneySpace.RecentTasks: onRunningTaskAppeared
03-02 00:57:11.041  3202  3918 I HoneySpace.RecentTasks: onRecentTasksChanged
03-02 00:57:11.044  1507  1563 I SurfaceFlinger: id=155755 createSurf, flag=24000, Surface(name=a821ab9 com.podcast.app.debug.test/androidx.test.core.app.InstrumentationActivityInvoker$EmptyActivity)/@0x845193b - animation-leash of starting_reveal#155755
03-02 00:57:11.046  2013  2562 W system_server: Long monitor contention with owner binder:2013_F (3645) at android.net.NetworkStatsCollection android.net.connectivity.com.android.server.net.NetworkStatsService$1.getUidComplete()(NetworkStatsService.java:1649) waiters=0 in void android.net.connectivity.com.android.server.net.NetworkStatsService.noteUidForeground(int, boolean) for 189ms
03-02 00:57:11.050  1507  1507 I SurfaceFlinger: [Surface(name=a821ab9 com.podcast.app.debug.test/androidx.test.core.app.InstrumentationActivityInvoker$EmptyActivity)/@0x845193b - animation-leash of starting_reveal#155755] attach to parent LayerHierarchy{RequestedLayerState{ActivityRecord{212892065 u0 com.podcast.app.debug.test/androidx.test.core.app.InstrumentationActivityInvoker$EmptyActivity t44859}#155727 parentId=155726} 3 children}
03-02 00:57:11.051  2013  4823 D InputDispatcher: Focus entered window (0): cd2d6b5 com.zhiliaoapp.musically/com.ss.android.ugc.aweme.splash.SplashActivity
03-02 00:57:11.053 14885 14885 D VRI[SplashActivity]@35f4eb8: mThreadedRenderer.initializeIfNeeded()#2 mSurface={isValid=true 0x744ffec600}
03-02 00:57:11.053  1445  2902 W C2MtkBufferManager: [0xB4000070F507E520] fetchNewCcBlock: wait fence 0x0xb4000070f5058270 timed out. ret 110
03-02 00:57:11.054  2013  4834 W system_server: Large reply transaction of 322012 bytes, interface descriptor android.app.IActivityTaskManager, code 26
03-02 00:57:11.056 14885 14885 I System.out: SAFActivity V Scene Framework: NavigationSceneManager onWindowFocusChanged true
03-02 00:57:11.056 14885 14885 I System.out: SAFFragmentRootScene: onWindowFocusChanged: com.ss.android.ugc.aweme.main.MainRootFragment, MainRootFragment{e89d275} (8a90a2f7-f51b-4f8d-88b5-38e0125851ad tag=root_fragment), true (SAFFragmentRootScene{79e191c})
03-02 00:57:11.056 18166 18228 I Finsky:background: [4050] SCH: Canceling job 3-87537
03-02 00:57:11.056 18166 18228 I Finsky:background: [4050] WM::SCH: Logging work end for 3-87537
03-02 00:57:11.058 18166 18192 I Finsky:background: [4026] SCH: no pending jobs to schedule.
03-02 00:57:11.060 14885 14885 D InputMethodManagerUtils: startInputInner - Id : 0
03-02 00:57:11.060 14885 14885 I InputMethodManager: startInputInner - IInputMethodManagerGlobalInvoker.startInputOrWindowGainedFocus
03-02 00:57:11.061  1507  1507 E SurfaceFlinger: alpha changed 0.000 -> 0.013 - DimTransitionLayer for Surface(name=Task=44543)/@0x493db39#155753
03-02 00:57:11.062 18166 18228 I Finsky:background: [4050] SCH: Canceling job 3-87538
03-02 00:57:11.063 18166 18228 I Finsky:background: [4050] WM::SCH: Logging work end for 3-87538
03-02 00:57:11.064 18166 18199 I Finsky:background: [4032] SCH: no pending jobs to schedule.
03-02 00:57:11.068  1444  1444 D libcomposer_ext: DeviceImplAidl::DeviceClientContextAidl::NotifyHwcComposition()
03-02 00:57:11.068  1464  1492 I mtkpower@impl: [setMode] type:5, enabled:0
03-02 00:57:11.068  1444  1444 D libcomposer_ext: DeviceImplAidl::DeviceClientContextAidl::NotifyHwcComposition()
03-02 00:57:11.069  1698  1698 D libcomposer_ext: ClientCallbackAidl::asyncPerform(12)
03-02 00:57:11.069  1698  1698 D libcomposer_ext: ClientImplAidl::ParseNotifyHwcComposition()
03-02 00:57:11.069  2013  2844 W ParceledListSlice: Element #30 is 21544 bytes.
03-02 00:57:11.070  1507  1568 E mali_winsys: Unrecognised Android chroma siting range: [2, 2]. Applying default
03-02 00:57:11.071  1464  1492 I mtkpower@impl: [setMode] type:6, enabled:1
03-02 00:57:11.071  1464  1492 E mtkpower@impl: [setMode] unknown type
03-02 00:57:11.072  1646  2917 I CameraService: onUidStateChanged: uid=10492, procState is changed. (19 -> 8)
03-02 00:57:11.073  1507  1563 D libcomposer_ext: ClientCallbackAidl::asyncPerform(12)
03-02 00:57:11.073  1507  1563 D libcomposer_ext: ClientImplAidl::ParseNotifyHwcComposition()
03-02 00:57:11.073  1507  1563 D SurfaceFlinger: NotifyHwcComposition(), id 0, mode 1
03-02 00:57:11.074  1507  1507 D SurfaceFlinger: Display 4627039422300187648 HWC layers:
03-02 00:57:11.074  1507  1507 D SurfaceFlinger:        CLIENT |           73534135074860 | 00002102 | RGBA_8888    |   21.0    0.0 1080.0 2340.0 |    0    0 1080 2340 | com.podcast.app.debug/androidx.activity.ComponentActivity$_17121#155719 (2)
03-02 00:57:11.074  1507  1507 D SurfaceFlinger:        CLIENT |                        0 | 00000000 | N/A          |    0.0    0.0    0.0    0.0 |    0    0 1080 2340 | DimTransitionLayer for Surface(name=Task=44543)/@0x493db39#155753 (0)
03-02 00:57:11.074  1507  1507 D SurfaceFlinger:        CLIENT |                        0 | 00000000 | N/A          |    0.0    0.0    0.0    0.0 | 1012    0 1080 2340 | app-background-layer#155754 (0)
03-02 00:57:11.074  1507  1507 D SurfaceFlinger:   SOLID_COLOR |                        0 | 00000002 | N/A          |    0.0    0.0    0.0    0.0 |    0    0   -1   -1 | Background for 68eb87 SurfaceView[co[...]weme.splash.SplashActivity]@0#155742 (0)
03-02 00:57:11.074  1507  1507 D SurfaceFlinger:   SOLID_COLOR |                        0 | 00000002 | N/A          |    0.0    0.0    0.0    0.0 |    0    0   -1   -1 | Background for 836459b SurfaceView[c[...]weme.splash.SplashActivity]@0#155748 (0)
03-02 00:57:11.074  1507  1507 D SurfaceFlinger:   SOLID_COLOR |
03-02 00:57:11.074  1507  1507 D SurfaceFlinger:    0 | 00000002 | N/A          |    0.0    0.0    0.0    0.0 |    0    0   -1   -1 | Background for 7086fb SurfaceView[co[...]weme.splash.SplashActivity]@0#155752 (0)
03-02 00:57:11.074  1507  1507 D SurfaceFlinger:        CLIENT |           63930588201832 | 00000102 | 0x32315659   |    0.0    0.0   45.0 1280.0 | 1012   80 1080 2000 | 7086fb SurfaceView[com.zhiliaoapp.mu[...]lash.SplashActivity]@0(BLAST)#155751 (1)
03-02 00:57:11.074  1507  1507 D SurfaceFlinger:        DEVICE |           63930588201835 | 00002100 | RGBA_8888    |    0.0    0.0   68.0 2340.0 | 1012    0 1080 2340 | com.zhiliaoapp.musically/com.ss.andr[...].splash.SplashActivity$_14885#155736 (4)
03-02 00:57:11.074  1507  1507 D SurfaceFlinger:        DEVICE |           11793980281879 | 00002100 | RGBA_8888    |    0.0    0.0 1080.0   80.0 |    0    0 1080   80 | StatusBar$_2746#117 (210949)
03-02 00:57:11.074  1507  1507 D SurfaceFlinger:        DEVICE |           13752485304097 | 00002100 | RGBA_8888    |    0.0    0.0   67.0  346.0 | 1013  454 1080  800 | com.sec.android.app.launcher/com.sam[...].app.CocktailBarService$_3202#152779 (1)
03-02 00:57:11.074  1507  1507 D SurfaceFlinger:        DEVICE |           11793980283318 | 00002100 | RGBA_8888    |    0.0    0.0  229.0  724.0
03-02 00:57:11.074  1507  1507 D SurfaceFlinger: |  851  551 1080 1275 | VolumePanelWindow$_2746#155666 (47)
03-02 00:57:11.074  1507  1507 D SurfaceFlinger:        DEVICE |           11793980281868 | 00002100 | RGBA_8888    |    0.0    0.0 1080.0  135.0 |    0 2205 1080 2340 | NavigationBar0$_2746#113 (187583)
03-02 00:57:11.074  1507  1507 D SurfaceFlinger:
03-02 00:57:11.074  1507  1507 I SurfaceFlinger: RequestedLayer [Task=44859#155726] hidden!! flag  from(1) --> to(0)
03-02 00:57:11.074  1507  1507 I SurfaceFlinger: [LayerHierarchy{RequestedLayerState{a821ab9 com.podcast.app.debug.test/androidx.test.core.app.InstrumentationActivityInvoker$EmptyActivity#155730 parentId=155755} 1 children}] reparent to LayerHierarchy{RequestedLayerState{Surface(name=a821ab9 com.podcast.app.debug.test/androidx.test.core.app.InstrumentationActivityInvoker$EmptyActivity)/@0x845193b - animation-leash of starting_reveal#155755 parentId=155727} 1 children}
03-02 00:57:11.075  2013  2322 I ImeTracker: com.zhiliaoapp.musically:c2487771: onRequestHide at ORIGIN_SERVER reason HIDE_UNSPECIFIED_WINDOW fromUser false
03-02 00:57:11.078  1444  1444 D libcomposer_ext: DeviceImplAidl::DeviceClientContextAidl::NotifyHwcComposition()
03-02 00:57:11.078  1444  1444 D libcomposer_ext: DeviceImplAidl::DeviceClientContextAidl::NotifyHwcComposition()
03-02 00:57:11.078 14885 14885 I InputMethodManager: handleMessage: setImeVisibility visible=false
03-02 00:57:11.078 14885 14885 D InsetsController: hide(ime(), fromIme=false)
03-02 00:57:11.078 14885 14885 I ImeTracker: com.zhiliaoapp.musically:c2487771: onCancelled at PHASE_CLIENT_ALREADY_HIDDEN
03-02 00:57:11.079  1698  1698 D libcomposer_ext: ClientCallbackAidl::asyncPerform(12)
03-02 00:57:11.079  1698  1698 D libcomposer_ext: ClientImplAidl::ParseNotifyHwcComposition()
03-02 00:57:11.079  2746  2798 D ShellTaskOrganizer: removeStartingWindow, removalInfo=StartingWindowRemovalInfo{taskId=44859 frame=Rect(0, 0 - 1080, 2340) playRevealAnimation=true roundedCornerRadius=0.0 deferRemoveMode=0 windowlessSurface=false removeImmediately=false}
03-02 00:57:11.077 14636 14636 D WM-SystemJobService: onStartJob for WorkGenerationalId(workSpecId=f23029b8-b7a3-4a93-aaf6-b7c7a26dfe9e, generation=0)
03-02 00:57:11.079  1507  1907 D libcomposer_ext: ClientCallbackAidl::asyncPerform(12)
03-02 00:57:11.079  1507  1907 D libcomposer_ext: ClientImplAidl::ParseNotifyHwcComposition()
03-02 00:57:11.079  1507  1907 D SurfaceFlinger: NotifyHwcComposition(), id 0, mode 1
03-02 00:57:11.080  2013  3645 W system_server: Large reply transaction of 322012 bytes, interface descriptor android.app.IActivityTaskManager, code 26
03-02 00:57:11.081  1444  1444 I hwcomposer: [DBQ] (q2:0xb4000074f4d1c000) Buffer queue is created with size(3), m_id(45592), q2
03-02 00:57:11.080  1445 16865 W C2MtkBufferManager: [0xB4000070F68A9420] fetchNewCcBlock: wait fence 0x0xb4000070f692fea0 timed out. ret 110
03-02 00:57:11.081  1444  1444 I hwcomposer: [DBQ] (q2:0xb4000074f4d1c000) Reallocate Slot(0), pool(0 -> -159119328) size(0 -> 5054400) secure(0 -> 0)
03-02 00:57:11.082 14636 15263 D WM-Processor: MutableConfig: processing WorkGenerationalId(workSpecId=f23029b8-b7a3-4a93-aaf6-b7c7a26dfe9e, generation=0)
03-02 00:57:11.082  2013  2322 D InputTransport: Input channel constructed: 'ClientS', fd=1100
03-02 00:57:11.082  2013  2322 D InputTransport: Input channel destroyed: 'ClientS', fd=1100
03-02 00:57:11.082 14885 15694 D InputTransport: Input channel constructed: 'ClientS', fd=615
03-02 00:57:11.082 14885 16210 W System.err: FlagsHookHelper: skip hook flags method getInstanceHook
03-02 00:57:11.084  1444  1444 I hwcomposer: [DBQ] (q2:0xb4000074f4d1c000) Alloc Slot(0), handle=0xb4000074f4c25100 c=0 w=1080 h=2340 p=1088 ys=1088 vs=2340 f=268 sec=0 sh=0, usage=0x800
03-02 00:57:11.084  1444  1808 D MDP     : [PQSessionManager] findVideoID[f6840820] found on index a
03-02 00:57:11.084  1444  1808 D MDP     : [PQSessionManager] createPQSession(a) user(0xb4000074f4d46d80)
03-02 00:57:11.084  1444  1808 D MDP     : [PQSessionManager] Duplicated ID[a] found, please check if double createPQSession!
03-02 00:57:11.084  1444  1808 D MDP     : [PQSessionManager] getPQSessionListHandle id[a]
03-02 00:57:11.084  1444  1808 D MDP     : [PQSessionManager] getPQSessionListHandle, find id[a]
03-02 00:57:11.084  1444  1808 D MDP     : [PQSession] incRefCount id[a] user[0xb4000074f4d46d80] existed
03-02 00:57:11.084  1444  1808 D MDP     : [PQSession] incRefCount id[a] user[0xb4000074f4d46d80] numOfUser[1]
03-02 00:57:11.084  1444  1808 D MDP     : [PQSession] numElements[0] key[0] metaData[0]
03-02 00:57:11.084  1444  1808 D MDP     : [PQSession] setPQParam() id[a] enable[1], scenario[1]
03-02 00:57:11.084  1444  1808 D MDP     : [PQSession] video TS [10633]
03-02 00:57:11.084  1444  1808 D PQ      : PQDSConfig::getEnableStatus check1  time 0 ms
03-02 00:57:11.084  1444  1808 D PQ      : [PQDSConfig] PQDSConfig::getEnableStatus = 1
03-02 00:57:11.084  1444  1808 D PQ      : [PQDSConfig] m_TDSHPTableInit 1
03-02 00:57:11.084  1444  1808 D PQ      : [PQDSConfig] getAshmemContext(SHP_ENABLE) = 1
03-02 00:57:11.084  1444  1808 D PQ      : PQDSConfig::getEnableStatus check2  time 0 ms
03-02 00:57:11.084  1444  1808 D PQ      : [PQDSConfig] PQDSConfig::getUREnableStatus = 1
03-02 00:57:11.084  1444  1808 D MDP     : [PQSession] setDpPqConfig m_svp = 0, enDRE = 0
03-02 00:57:11.084  1444  1808 D MDP     : setPQParam globalPQSupport = [0] globalPQSwitch = [0] globalPQStrength = [0] globalPQType = [0]
03-02 00:57:11.084  1444  1808 D MDP     : [PQSession] setPQparam userId[0x0], scenario[1], enDRE[0]
