03-02 00:57:15.450  2013  4843 D InputDispatcher: Focus request (0): a9efcb6 com.podcast.app.debug.test/androidx.test.core.app.InstrumentationActivityInvoker$EmptyActivity but waiting because NO_WINDOW
03-02 00:57:15.450  1507  2393 I SurfaceFlinger: id=155880 Removed Surface(name=c536234 NavigationBar0)/@0xfac847b - animation-leash of insets_animation#155880 (340)
03-02 00:57:15.453  1507  2393 I SurfaceFlinger: onHandleDestroyed: layerId=155881, name=Surface(name=a5d3a68 StatusBar)/@0xd5726d6 - animation-leash of insets_animation#155881
03-02 00:57:15.452  2746  2866 I VRI[test]@62e136d: mWNT: t=0xb40000771f6f2100 mBlastBufferQueue=0xb4000076ae46b000 fn= 2 HdrRenderState mRenderHdrSdrRatio=1.0 caller= android.view.SyncRtSurfaceTransactionApplier.applyTransaction:100 android.view.SyncRtSurfaceTransactionApplier.lambda$scheduleApply$0:73 android.view.SyncRtSurfaceTransactionApplier.$r8$lambda$afI4fXg3U3-nBZQEDQMiNy-B06s:0
03-02 00:57:15.454  2746  2866 I VRI[test]@62e136d: mWNT: t=0xb40000771f6f2400 mBlastBufferQueue=0xb4000076ae46b000 fn= 2 HdrRenderState mRenderHdrSdrRatio=1.0 caller= android.view.SyncRtSurfaceTransactionApplier.applyTransaction:100 android.view.SyncRtSurfaceTransactionApplier.lambda$scheduleApply$0:73 android.view.SyncRtSurfaceTransactionApplier.$r8$lambda$afI4fXg3U3-nBZQEDQMiNy-B06s:0
03-02 00:57:15.454  1507  2393 I SurfaceFlinger: id=155881 Removed Surface(name=a5d3a68 StatusBar)/@0xd5726d6 - animation-leash of insets_animation#155881 (340)
03-02 00:57:15.458  2746  2865 I VRI[test]@62e136d: mWNT: t=0xb40000771f6f2a00 mBlastBufferQueue=0xb4000076ae46b000 fn= 3 HdrRenderState mRenderHdrSdrRatio=1.0 caller= android.view.SyncRtSurfaceTransactionApplier.applyTransaction:100 android.view.SyncRtSurfaceTransactionApplier.lambda$scheduleApply$0:73 android.view.SyncRtSurfaceTransactionApplier.$r8$lambda$afI4fXg3U3-nBZQEDQMiNy-B06s:0
03-02 00:57:15.459  1507  1562 I SurfaceFlinger: onHandleDestroyed: layerId=155866, name=Surface(name=c536234 NavigationBar0)/@0xfac847b - animation-leash of insets_animation#155866
03-02 00:57:15.459  1507  1562 I SurfaceFlinger: id=155866 Removed Surface(name=c536234 NavigationBar0)/@0xfac847b - animation-leash of insets_animation#155866 (340)
03-02 00:57:15.459  1507  1562 I SurfaceFlinger: onHandleDestroyed: layerId=155867, name=Surface(name=a5d3a68 StatusBar)/@0xd5726d6 - animation-leash of insets_animation#155867
03-02 00:57:15.459  1507  1562 I SurfaceFlinger: id=155867 Removed Surface(name=a5d3a68 StatusBar)/@0xd5726d6 - animation-leash of insets_animation#155867 (340)
03-02 00:57:15.460  1507  1507 D SurfaceFlinger: Display 4627039422300187648 HWC layers:
03-02 00:57:15.460  1507  1507 D SurfaceFlinger:        CLIENT |           73534135074872 | 00002102 | RGBA_8888    |   75.0    0.0 1080.0 2340.0 |    0    0 1080 2340 | com.podcast.app.debug/androidx.activity.ComponentActivity$_17121#155863 (2)
03-02 00:57:15.460  1507  1507 D SurfaceFlinger:   SOLID_COLOR |                        0 | 00000000 | N/A          |    0.0    0.0    0.0    0.0 |    0    0 1080 2340 | DimTransitionLayer for Surface(name=Task=44865)/@0x778fe87#155877 (0)
03-02 00:57:15.460  1507  1507 D SurfaceFlinger:        DEVICE |           75299366633524 | 00002102 | RGBA_8888    |    0.0    0.0  238.0 2340.0 |  842    0 1080 2340 | com.podcast.app.debug.test/androidx.[...]yInvoker$EmptyActivity$_17532#155879 (1)
03-02 00:57:15.460  1507  1507 D SurfaceFlinger:        DEVICE |           11793980283407 | 00002100 | RGBA_8888    |    0.0    0.0  238.0 2340.0 |  842    0 1080 2340 | Splash Screen com.podcast.app.debug.test$_2746#155874 (1)
03-02 00:57:15.460  1507  1507 D SurfaceFlinger:        DEVICE |           11793980281879 | 00002100 | RGBA_8888    |    0.0    0.0 1080.0   80.0 |    0    0 1080   80 | StatusBar$_2746#117 (210973)
03-02 00:57:15.460  1507  1507 D SurfaceFlinger:        DEVICE |           13752485304097 | 00002100 | RGBA_8888
03-02 00:57:15.460  1507  1507 D SurfaceFlinger:     |    0.0    0.0   67.0  346.0 | 1013  454 1080  800 | com.sec.android.app.launcher/com.sam[...].app.CocktailBarService$_3202#152779 (1)
03-02 00:57:15.460  1507  1507 D SurfaceFlinger:        DEVICE |           11793980281862 | 00002100 | RGBA_8888    |    0.0    0.0 1080.0  135.0 |    0 2205 1080 2340 | NavigationBar0$_2746#113 (187604)
03-02 00:57:15.460  1507  1507 D SurfaceFlinger:
03-02 00:57:15.460  1507  1507 I SurfaceFlinger: destroyed Surface(name=c536234 NavigationBar0)/@0xfac847b - animation-leash of insets_animation#155866
03-02 00:57:15.460  1507  1507 I SurfaceFlinger: destroyed Surface(name=a5d3a68 StatusBar)/@0xd5726d6 - animation-leash of insets_animation#155867
03-02 00:57:15.460  1507  1507 I SurfaceFlinger: destroyed Surface(name=c536234 NavigationBar0)/@0xfac847b - animation-leash of insets_animation#155880
03-02 00:57:15.460  1507  1507 I SurfaceFlinger: destroyed Surface(name=a5d3a68 StatusBar)/@0xd5726d6 - animation-leash of insets_animation#155881
03-02 00:57:15.461  1445  2902 W C2MtkBufferManager: [0xB4000070F507E520] fetchNewCcBlock: wait fence 0x0xb4000070f5058270 timed out. ret 110
03-02 00:57:15.463  2013  4823 D InputDispatcher: Focus entered window (0): a9efcb6 com.podcast.app.debug.test/androidx.test.core.app.InstrumentationActivityInvoker$EmptyActivity
03-02 00:57:15.464  1507  1507 I Layer   : id=155867 Destroyed Surface(name=a5d3a68 StatusBar)/@0xd5726d6 - animation-leash of insets_animation#155867
03-02 00:57:15.464  1507  1507 I Layer   : id=155866 Destroyed Surface(name=c536234 NavigationBar0)/@0xfac847b - animation-leash of insets_animation#155866
03-02 00:57:15.464  1507  1507 I Layer   : id=155881 Destroyed Surface(name=a5d3a68 StatusBar)/@0xd5726d6 - animation-leash of insets_animation#155881
03-02 00:57:15.464  1507  1507 I Layer   : id=155880 Destroyed Surface(name=c536234 NavigationBar0)/@0xfac847b - animation-leash of insets_animation#155880
03-02 00:57:15.468  2013  3441 I SemDvfsHyPerManager: acquire hyper - AMS_APP_SWITCH/2013@20, type = -999
03-02 00:57:15.468  1450  1487 I HYPER-HAL: [RequestManager.cpp]acquire(): Acquired ID : 2067581  [2013 / 20]    HINT : AMS_ACT_SWITCH    list :
03-02 00:57:15.468 14885 14885 I VRI[SplashActivity]@35f4eb8: handleAppVisibility mAppVisible = false visible = true
03-02 00:57:15.470  4784  4784 I SemDvfsHyPerManager: acquire hyper - APP_START_SHORT/4784@15, type = -999
03-02 00:57:15.470  2013  3566 D InputDispatcher: Focused application(0): ActivityRecord{2751228 u0 com.zhiliaoapp.musically/com.ss.android.ugc.aweme.splash.SplashActivity t44543}
03-02 00:57:15.470  1450  1487 I HYPER-HAL: [RequestManager.cpp]acquire(): Acquired ID : 11517615  [4784 / 15]    HINT : APP_START    list : [TIMEOUT / 1500]
03-02 00:57:15.470  2013  2600 D AS.MultiSoundManager: mForegroundUid = 10350
03-02 00:57:15.472  1507  2393 I SurfaceFlinger: id=155885 createSurf, flag=24000, Surface(name=c536234 NavigationBar0)/@0xfac847b - animation-leash of insets_animation#155885
03-02 00:57:15.472  1507  1507 I SurfaceFlinger: [Surface(name=c536234 NavigationBar0)/@0xfac847b - animation-leash of insets_animation#155885] attach to parent LayerHierarchy{RequestedLayerState{WindowToken{5cf38d1 type=2019 android.os.BinderProxy@916675b}#101 parentId=34} 2 children}
03-02 00:57:15.473  1507  2393 I SurfaceFlinger: id=155886 createSurf, flag=24000, Surface(name=a5d3a68 StatusBar)/@0xd5726d6 - animation-leash of insets_animation#155886
03-02 00:57:15.474  2013  4823 D InputDispatcher: Focus left window (0): a9efcb6 com.podcast.app.debug.test/androidx.test.core.app.InstrumentationActivityInvoker$EmptyActivity
03-02 00:57:15.476  2746  2866 I VRI[test]@62e136d: mWNT: t=0xb40000771f6f2b80 mBlastBufferQueue=0xb4000076ae46b000 fn= 4 HdrRenderState mRenderHdrSdrRatio=1.0 caller= android.view.SyncRtSurfaceTransactionApplier.applyTransaction:100 android.view.SyncRtSurfaceTransactionApplier.lambda$scheduleApply$0:73 android.view.SyncRtSurfaceTransactionApplier.$r8$lambda$afI4fXg3U3-nBZQEDQMiNy-B06s:0
03-02 00:57:15.476  2746  2808 I VRI[test]@62e136d: onActiveControlsChanged, removed=false, mAdded=true, caller=android.view.ViewRootImpl.handleInsetsControlChanged:3002 android.view.ViewRootImpl$ViewRootHandler.handleMessageImpl:8352 android.view.ViewRootImpl$ViewRootHandler.handleMessage:8301 android.os.Handler.dispatchMessage:110 android.os.Looper.loopOnce:273
03-02 00:57:15.477  1445 16865 W C2MtkBufferManager: [0xB4000070F68A9420] fetchNewCcBlock: wait fence 0x0xb4000070f692fea0 timed out. ret 110
03-02 00:57:15.479 17532 17532 I InsetsSourceConsumer: applyRequestedVisibilityToControl: visible=true, type=navigationBars, host=com.podcast.app.debug.test/androidx.test.core.app.InstrumentationActivityInvoker$EmptyActivity
03-02 00:57:15.479 14885 14885 I VRI[SplashActivity]@35f4eb8: stopped(false) old = true
03-02 00:57:15.479 14885 14885 D VRI[SplashActivity]@35f4eb8: WindowStopped on com.zhiliaoapp.musically/com.ss.android.ugc.aweme.splash.SplashActivity set to false
03-02 00:57:15.479 14885 14885 D ViewRootImpl: Skipping stats log for color mode
03-02 00:57:15.479 17532 17532 I InsetsSourceConsumer: applyRequestedVisibilityToControl: visible=true, type=statusBars, host=com.podcast.app.debug.test/androidx.test.core.app.InstrumentationActivityInvoker$EmptyActivity
03-02 00:57:15.480 17532 17532 I ImeFocusController: onPreWindowFocus: skipped hasWindowFocus=false mHasImeFocus=true
03-02 00:57:15.480 17532 17532 I ImeFocusController: onPostWindowFocus: skipped hasWindowFocus=false mHasImeFocus=true
03-02 00:57:15.481  2746  2865 I VRI[test]@62e136d: mWNT: t=0xb40000771f6f2e80 mBlastBufferQueue=0xb4000076ae46b000 fn= 5 HdrRenderState mRenderHdrSdrRatio=1.0 caller= android.view.SyncRtSurfaceTransactionApplier.applyTransaction:100 android.view.SyncRtSurfaceTransactionApplier.lambda$scheduleApply$0:73 android.view.SyncRtSurfaceTransactionApplier.$r8$lambda$afI4fXg3U3-nBZQEDQMiNy-B06s:0
03-02 00:57:15.481 14885 14885 I System.out: SAFActivity: com.ss.android.ugc.aweme.main.MainActivity@c20428f,  onStart Start
03-02 00:57:15.484  1507  1507 I SurfaceFlinger: [Surface(name=a5d3a68 StatusBar)/@0xd5726d6 - animation-leash of insets_animation#155886] attach to parent LayerHierarchy{RequestedLayerState{WindowToken{d05298b type=2000 android.os.BinderProxy@163b705}#108 parentId=17} 2 children}
03-02 00:57:15.495  1507  1507 I SurfaceFlinger: [LayerHierarchy{RequestedLayerState{c536234 NavigationBar0#102 parentId=155885} 1 children}] reparent to LayerHierarchy{RequestedLayerState{Surface(name=c536234 NavigationBar0)/@0xfac847b - animation-leash of insets_animation#155885 parentId=101} 1 children}
03-02 00:57:15.496  1507  1507 I SurfaceFlinger: [LayerHierarchy{RequestedLayerState{a5d3a68 StatusBar#109 parentId=155886} 1 children}] reparent to LayerHierarchy{RequestedLayerState{Surface(name=a5d3a68 StatusBar)/@0xd5726d6 - animation-leash of insets_animation#155886 parentId=108} 1 children}
03-02 00:57:15.496  1507  1507 I SurfaceFlinger: [LayerHierarchy{RequestedLayerState{Surface(name=a5d3a68 StatusBar)/@0xd5726d6 - animation-leash of insets_animation#155883} no children}] reparent to OffscreenRoot
03-02 00:57:15.496  1507  1507 I SurfaceFlinger: [LayerHierarchy{RequestedLayerState{Surface(name=a5d3a68 StatusBar)/@0xd5726d6 - animation-leash of insets_animation#155883} no children}] RelativeParent to null
03-02 00:57:15.496  1507  1507 I SurfaceFlinger: [LayerHierarchy{RequestedLayerState{Surface(name=c536234 NavigationBar0)/@0xfac847b - animation-leash of insets_animation#155882} no children}] reparent to OffscreenRoot
03-02 00:57:15.496  1507  1507 I SurfaceFlinger: [LayerHierarchy{RequestedLayerState{Surface(name=c536234 NavigationBar0)/@0xfac847b - animation-leash of insets_animation#155882} no children}] RelativeParent to null
03-02 00:57:15.498 14885 14885 I System.out: SceneSafeLifecycleDispatcher: onStarted Start
03-02 00:57:15.498 14885 14885 I System.out: SAFActivity V Scene Framework: NavigationMessageQueue postSync start
03-02 00:57:15.498 14885 14885 I System.out: SAFActivity V Scene Framework: NavigationMessageQueue postSync run current task start 14_Y.ARunnableS108S0200000_32@9286e97
03-02 00:57:15.498 14885 14885 I System.out: SAFActivity V Scene Framework: NavigationSceneManager Sync Scene SAFFragmentRootScene{79e191c} Lifecycle [ACTIVITY_CREATED -> STARTED] without saved State
03-02 00:57:15.498 14885 14885 I System.out: SAFFragmentRootScene: onStart Start (SAFFragmentRootScene{79e191c})
03-02 00:57:15.498  2013  2065 D PkgPredictorService-SecIpmManagerServiceImpl: bg information pid:14885 uid:10350 pkgName:com.zhiliaoapp.musically
03-02 00:57:15.500  1507  1563 I SurfaceFlinger: onHandleDestroyed: layerId=155882, name=Surface(name=c536234 NavigationBar0)/@0xfac847b - animation-leash of insets_animation#155882
03-02 00:57:15.500  1507  1563 I SurfaceFlinger: id=155882 Removed Surface(name=c536234 NavigationBar0)/@0xfac847b - animation-leash of insets_animation#155882 (338)
03-02 00:57:15.500  1507  1562 I SurfaceFlinger: onHandleDestroyed: layerId=155883, name=Surface(name=a5d3a68 StatusBar)/@0xd5726d6 - animation-leash of insets_animation#155883
03-02 00:57:15.500  1507  1562 I SurfaceFlinger: id=155883 Removed Surface(name=a5d3a68 StatusBar)/@0xd5726d6 - animation-leash of insets_animation#155883 (338)
03-02 00:57:15.502  1646  3125 I CameraService: onUidStateChanged: uid=10235, procState is changed. (4 -> 3)
03-02 00:57:15.502 14885 14885 I System.out: SAFActivity V Scene Framework: NavigationMessageQueue postSync run current task finish 14_Y.ARunnableS108S0200000_32@9286e97
03-02 00:57:15.502 14885 14885 I System.out: SAFActivity V Scene Framework: NavigationMessageQueue postSync finish
03-02 00:57:15.502 14885 14885 I System.out: SceneSafeLifecycleDispatcher: onStarted End START
03-02 00:57:15.502 14885 14885 I System.out: SAFActivity: com.ss.android.ugc.aweme.main.MainActivity@c20428f,  onStart End
03-02 00:57:15.503 14885 14885 I System.out: SAFActivity: com.ss.android.ugc.aweme.main.MainActivity@c20428f,  onResume Start
03-02 00:57:15.504  1446  1446 I SensorsHub: queueBatch: handle=5 period=200000000 timeout=0
03-02 00:57:15.504  2746  2866 I VRI[test]@62e136d: mWNT: t=0xb4000076d38ea000 mBlastBufferQueue=0xb4000076ae46b000 fn= 6 HdrRenderState mRenderHdrSdrRatio=1.0 caller= android.view.SyncRtSurfaceTransactionApplier.applyTransaction:100 android.view.SyncRtSurfaceTransactionApplier.lambda$scheduleApply$0:73 android.view.SyncRtSurfaceTransactionApplier.$r8$lambda$afI4fXg3U3-nBZQEDQMiNy-B06s:0
03-02 00:57:15.505  1446  1446 I SensorsHub: queueActivate: handle 5 enable 1
03-02 00:57:15.505  1446  1446 I SensorsHub: type : 5, enable : 1
03-02 00:57:15.506 14885 17072 W AudioManager: Use of stream types is deprecated for operations other than volume control
03-02 00:57:15.506 14885 17072 W AudioManager: See the documentation of requestAudioFocus() for what to use instead with android.media.AudioAttributes to qualify your playback use case
03-02 00:57:15.507  1507  1825 I SurfaceFlinger: Capture layer list: 	 com.podcast.app.debug/androidx.activity.ComponentActivity$_17121#155863(seamlessTransition:0)
03-02 00:57:15.507  1507  1825 I SurfaceFlinger: Capture layer list: 	 DimTransitionLayer for Surface(name=Task=44865)/@0x778fe87#155877(seamlessTransition:0)
03-02 00:57:15.507  1507  1825 I SurfaceFlinger: Capture layer list: 	 com.podcast.app.debug.test/androidx.test.core.app.InstrumentationActivityInvoker$EmptyActivity$_17532#155879(seamlessTransition:0)
03-02 00:57:15.507  1507  1825 I SurfaceFlinger: Capture layer list: 	 Splash Screen com.podcast.app.debug.test$_2746#155874(seamlessTransition:0)
03-02 00:57:15.508  2013  3648 I MediaFocusControl: requestAudioFocus() from uid/pid 10350/14885 AA=USAGE_MEDIA/CONTENT_TYPE_UNKNOWN clientId=android.media.AudioManager@b7fcc9dX.143s@4302512 callingPack=com.zhiliaoapp.musically req=2 flags=0x0 sdk=35
03-02 00:57:15.508 14885 14885 I System.out: SceneSafeLifecycleDispatcher: onResumed Start
03-02 00:57:15.508 14885 14885 I System.out: SAFActivity V Scene Framework: NavigationMessageQueue postSync start
03-02 00:57:15.508 14885 14885 I System.out: SAFActivity V Scene Framework: NavigationMessageQueue postSync run current task start 14_Y.ARunnableS108S0200000_32@575a95b
03-02 00:57:15.508 14885 14885 I System.out: SAFActivity V Scene Framework: NavigationSceneManager Sync Scene SAFFragmentRootScene{79e191c} Lifecycle [STARTED -> RESUMED] without saved State
03-02 00:57:15.508 14885 14885 I System.out: SAFFragmentRootScene: onResume Start (SAFFragmentRootScene{79e191c})
03-02 00:57:15.509  1660 14929 D AudioAnalytics: gc(1700, 2000): log size:1700 item map size:103, item map items:1700
03-02 00:57:15.511  1507  1507 I SurfaceFlinger: destroyed Surface(name=a5d3a68 StatusBar)/@0xd5726d6 - animation-leash of insets_animation#155883
03-02 00:57:15.511  1507  1507 I SurfaceFlinger: destroyed Surface(name=c536234 NavigationBar0)/@0xfac847b - animation-leash of insets_animation#155882
03-02 00:57:15.511  2013  3648 D AS.AudioService: [Android Auto] isConnectedAndroidAuto = false
03-02 00:57:15.511  2013  3648 D MediaFocusControl: selectFocusStack, uid = 10350, appDevice = 0, device = 2
03-02 00:57:15.511  2013  3648 I MediaFocusControl: removeFocusStackEntry client:android.media.AudioManager@b7fcc9dX.143s@4302512
03-02 00:57:15.511  2013  3648 I MediaFocusControl: propagateFocusLossFromGain_syncAf gain:2
03-02 00:57:15.511  2013  3648 I MediaFocusControl: propagateFocusLossFromGain_syncAf empty stack
03-02 00:57:15.511 14885 16239 D SensorManager: registerListener :: 5, TCS3701 Light, 200000, 0,
03-02 00:57:15.515  1507  1507 I Layer   : id=155882 Destroyed Surface(name=c536234 NavigationBar0)/@0xfac847b - animation-leash of insets_animation#155882
03-02 00:57:15.515  1507  1507 I Layer   : id=155883 Destroyed Surface(name=a5d3a68 StatusBar)/@0xd5726d6 - animation-leash of insets_animation#155883
03-02 00:57:15.516  2013  4823 W ParceledListSlice: Element #30 is 21544 bytes.
03-02 00:57:15.516  1445 16865 W C2MtkBufferManager: [0xB4000070F68A9420] fetchNewCcBlock: wait fence 0x0xb4000070f692fea0 timed out. ret 110
03-02 00:57:15.519  2991  3004 I LocationAccessPolicy: checkLocationPermission - callingUid: 10492, callingPid: 14636, result: DENIED_SOFT
03-02 00:57:15.519  2991  3004 I LocationAccessPolicy: checkLocationPermission - callingUid: 10492, callingPid: 14636, result: DENIED_SOFT
03-02 00:57:15.520 14885 16246 D AudioTrack: setVolume(1.000000, 1.000000) pid : 14885
03-02 00:57:15.522 14885 14885 I DecorView: setWindowBackground: isPopOver=false color=ff000000 d=android.graphics.drawable.ColorDrawable@972cbed
03-02 00:57:15.533  2746  2746 D QSClock : onDarkChanged tint=DARK
03-02 00:57:15.535  1445  2902 W C2MtkBufferManager: [0xB4000070F507E520] fetchNewCcBlock: wait fence 0x0xb4000070f5058270 timed out. ret 110
03-02 00:57:15.536 14885 14885 I System.out: SAFActivity V Scene Framework: NavigationMessageQueue postSync run current task finish 14_Y.ARunnableS108S0200000_32@575a95b
03-02 00:57:15.536 14885 14885 I System.out: SAFActivity V Scene Framework: NavigationMessageQueue postSync finish
03-02 00:57:15.536 14885 14885 I System.out: SceneSafeLifecycleDispatcher: onResumed End RESUME
03-02 00:57:15.536 14885 14885 I System.out: SAFActivity: com.ss.android.ugc.aweme.main.MainActivity@c20428f,  onResume End
03-02 00:57:15.536 14885 14885 I SV[6876039 SplashActivity]: onWindowVisibilityChanged(0) false X.0fk7{68eb87 V.E...... ........ 0,80-1080,2000} of VRI[SplashActivity]@35f4eb8
03-02 00:57:15.536 14885 14885 D SV[6876039 SplashActivity]: updateSurface: surface is not valid
03-02 00:57:15.537 14885 14885 I SV[6876039 SplashActivity]: releaseSurfaces: viewRoot = VRI[SplashActivity]@35f4eb8
03-02 00:57:15.537 14885 14885 D VRI[SplashActivity]@35f4eb8: applyTransactionOnDraw applyImmediately
03-02 00:57:15.539 14885 14885 I SV[7374587 SplashActivity]: onWindowVisibilityChanged(0) false X.0fk7{7086fb V.E...... ........ 0,80-1080,2000} of VRI[SplashActivity]@35f4eb8
03-02 00:57:15.539 14885 14885 D SV[7374587 SplashActivity]: updateSurface: surface is not valid
03-02 00:57:15.539 14885 14885 I SV[7374587 SplashActivity]: releaseSurfaces: viewRoot = VRI[SplashActivity]@35f4eb8
03-02 00:57:15.539 14885 14885 D VRI[SplashActivity]@35f4eb8: applyTransactionOnDraw applyImmediately
03-02 00:57:15.539  2013  3566 I WindowManager: Relayout Window{5b97c92 u0 Splash Screen com.podcast.app.debug.test}: viewVisibility=8 req=1080x2340 ty=3 d0
03-02 00:57:15.539 14885 14885 I SV[137774491 SplashActivity]: onWindowVisibilityChanged(0) false X.0fk7{836459b V.E...... ........ 0,81-1080,1998} of VRI[SplashActivity]@35f4eb8
03-02 00:57:15.539 14885 14885 D SV[137774491 SplashActivity]: updateSurface: surface is not valid
03-02 00:57:15.539 14885 14885 I SV[137774491 SplashActivity]: releaseSurfaces: viewRoot = VRI[SplashActivity]@35f4eb8
03-02 00:57:15.539 14885 14885 D VRI[SplashActivity]@35f4eb8: applyTransactionOnDraw applyImmediately
03-02 00:57:15.541  2746  2746 D NavigationBar: onSystemBarAttributesChanged() -  displayId:0, appearance:24, packageName: com.podcast.app.debug.test (APPEARANCE_LIGHT_STATUS_BARS APPEARANCE_LIGHT_NAVIGATION_BARS ), navbarColorManagedByIme:false
03-02 00:57:15.541  2013  2065 D PkgPredictorService-SecIpmManagerServiceImpl: onForegroundActivitiesChanged pid:14885 uid:10350
03-02 00:57:15.546  2013  4843 I WindowManager: Relayout Window{cd2d6b5 u0 com.zhiliaoapp.musically/com.ss.android.ugc.aweme.splash.SplashActivity}: viewVisibility=0 req=1080x2340 ty=1 d0
03-02 00:57:15.546  2013  3566 I WindowManager: Relayout hash=5b97c92, pid=2746, syncId=-1: mAttrs={(0,0)(fillxfill) sim={adjust=pan} layoutInDisplayCutoutMode=always ty=APPLICATION_STARTING fmt=TRANSLUCENT
03-02 00:57:15.546  2013  3566 I WindowManager:   fl=81030118
03-02 00:57:15.546  2013  3566 I WindowManager:   pfl=10000810
03-02 00:57:15.546  2013  3566 I WindowManager:   apr=18
03-02 00:57:15.546  2013  3566 I WindowManager:   bhv=1
03-02 00:57:15.546  2013  3566 I WindowManager:   fitSides=0
03-02 00:57:15.546  2013  3566 I WindowManager:   frameRateBoostOnTouch=true
03-02 00:57:15.546  2013  3566 I WindowManager:   dvrrWindowFrameRateHint=true naviIconColor=0}
03-02 00:57:15.547  1507  1563 I SurfaceFlinger: id=155887 createSurf, flag=44004, com.zhiliaoapp.musically/com.ss.android.ugc.aweme.splash.SplashActivity$_14885#155887
03-02 00:57:15.547  2746  2808 I VRI[test]@62e136d: onActiveControlsChanged, removed=false, mAdded=true, caller=android.view.ViewRootImpl.handleInsetsControlChanged:3002 android.view.ViewRootImpl.relayoutWindow:11629 android.view.ViewRootImpl.performTraversals:4804 android.view.ViewRootImpl.doTraversal:3924 android.view.ViewRootImpl$TraversalRunnable.run:12903
03-02 00:57:15.547  2746  2808 I InsetsSourceConsumer: applyRequestedVisibilityToControl: visible=true, type=navigationBars, host=Splash Screen com.podcast.app.debug.test
03-02 00:57:15.548  2746  2808 I InsetsSourceConsumer: applyRequestedVisibilityToControl: visible=true, type=statusBars, host=Splash Screen com.podcast.app.debug.test
03-02 00:57:15.548  2746  2808 I BLASTBufferQueue: [VRI[test]@62e136d#7698](f:0,a:1,s:0) destructor()
03-02 00:57:15.548  2746  2808 D BufferQueueConsumer: [VRI[test]@62e136d#7698(BLAST Consumer)7698](id:aba00001e12,api:0,p:-1,c:2746) disconnect
03-02 00:57:15.549 14885 16236 W System.err: FlagsHookHelper: skip hook flags method getInstanceHook
03-02 00:57:15.549  1507  1563 I SurfaceFlinger: id=155888 createSurf, flag=24000, Surface(name=c536234 NavigationBar0)/@0xfac847b - animation-leash of insets_animation#155888
03-02 00:57:15.549  2746  2808 I VRI[test]@62e136d: Relayout returned: old=(0,0,1080,2340) new=(0,0,1080,2340) relayoutAsync=false req=(1080,2340)8 dur=9 res=0x2 s={false 0x0} ch=true seqId=0
03-02 00:57:15.549  2746  2808 D VRI[test]@62e136d: Not drawing due to not visible. Reason=View.GONE
03-02 00:57:15.549  2746  2808 I VRI[test]@62e136d: onActiveControlsChanged, removed=false, mAdded=true, caller=android.view.ViewRootImpl.handleInsetsControlChanged:3002 android.view.ViewRootImpl$ViewRootHandler.handleMessageImpl:8352 android.view.ViewRootImpl$ViewRootHandler.handleMessage:8301 android.os.Handler.dispatchMessage:110 android.os.Looper.loopOnce:273
03-02 00:57:15.550  1507  2128 I SurfaceFlinger: id=155889 createSurf, flag=24000, Surface(name=a5d3a68 StatusBar)/@0xd5726d6 - animation-leash of insets_animation#155889
03-02 00:57:15.551  2746  2808 W WindowOnBackDispatcher: sendCancelIfRunning: isInProgress=false callback=android.view.ViewRootImpl$$ExternalSyntheticLambda16@2711b1c
03-02 00:57:15.551  2746  2808 I VRI[test]@62e136d: dispatchDetachedFromWindow
03-02 00:57:15.551  2013  4843 I SystemKeyManager: requested systemKeyInfo size=1 focusedWindow=com.zhiliaoapp.musically/com.ss.android.ugc.aweme.splash.SplashActivity
03-02 00:57:15.551  2013  4843 I SystemKeyManager: requested systemKeyInfo size=2 focusedWindow=com.zhiliaoapp.musically/com.ss.android.ugc.aweme.splash.SplashActivity
03-02 00:57:15.552  2013  4843 I WindowManager: Relayout hash=cd2d6b5, pid=14885, syncId=-1: mAttrs={(0,0)(fillxfill) sim={adjust=pan} layoutInDisplayCutoutMode=always ty=BASE_APPLICATION fmt=TRANSLUCENT wanim=0x1030317
03-02 00:57:15.552  2013  4843 I WindowManager:   fl=81810180
03-02 00:57:15.552  2013  4843 I WindowManager:   pfl=10008840
03-02 00:57:15.552  2013  4843 I WindowManager:   vsysui=400
03-02 00:57:15.552  2013  4843 I WindowManager:   apr=10
03-02 00:57:15.552  2013  4843 I WindowManager:   bhv=1
03-02 00:57:15.552  2013  4843 I WindowManager:   fitSides=0
03-02 00:57:15.552  2013  4843 I WindowManager:   frameRateBoostOnTouch=true
03-02 00:57:15.552  2013  4843 I WindowManager:   dvrrWindowFrameRateHint=true naviIconColor=0
03-02 00:57:15.552  2013  4843 I WindowManager:   sfl=100000}
03-02 00:57:15.553 14885 14885 D BufferQueueConsumer: [](id:3a2500000041,api:0,p:-1,c:14885) connect: controlledByApp=false
03-02 00:57:15.553 14885 14885 I BLASTBufferQueue: [VRI[SplashActivity]@35f4eb8#62](f:0,a:0,s:0) constructor()
03-02 00:57:15.553 14885 14885 I BLASTBufferQueue_Java: new BLASTBufferQueue, mName= VRI[SplashActivity]@35f4eb8 mNativeObject= 0x769b545000 caller= android.view.ViewRootImpl.updateBlastSurfaceIfNeeded:3585 android.view.ViewRootImpl.relayoutWindow:11685 android.view.ViewRootImpl.performTraversals:4804 android.view.ViewRootImpl.doTraversal:3924 android.view.ViewRootImpl$TraversalRunnable.run:12903 android.view.Choreographer$CallbackRecord.run:1901 android.view.Choreographer$CallbackRecord.run:1910 android.view.Choreographer.doCallbacks:1367 android.view.Choreographer.doFrame:1292 android.view.Choreographer$FrameDisplayEventReceiver.run:1870
03-02 00:57:15.553 14885 14885 I BLASTBufferQueue_Java: update, w= 1080 h= 2340 mName = VRI[SplashActivity]@35f4eb8 mNativeObject= 0x769b545000 sc.mNativeObject= 0x769b1226c0 format= -3 caller= android.view.ViewRootImpl.updateBlastSurfaceIfNeeded:3590 android.view.ViewRootImpl.relayoutWindow:11685 android.view.ViewRootImpl.performTraversals:4804 android.view.ViewRootImpl.doTraversal:3924 android.view.ViewRootImpl$TraversalRunnable.run:12903 android.view.Choreographer$CallbackRecord.run:1901
03-02 00:57:15.553 14885 14885 I BLASTBufferQueue: [VRI[SplashActivity]@35f4eb8#62](f:0,a:0,s:0) update width=1080 height=2340 format=-3 mTransformHint=0
03-02 00:57:15.554 25915 26075 I Rubin   : [4019] M.c0.k(Unknown Source) : Notify com.samsung.android.rubin.inferenceengine.contextanalytics.engine.loggers.AppUsageLogger's database is updated.
03-02 00:57:15.554 14885 14885 I VRI[SplashActivity]@35f4eb8: Relayout returned: old=(0,0,1080,2340) new=(0,0,1080,2340) relayoutAsync=false req=(1080,2340)0 dur=12 res=0x3 s={true 0x76d5299e00} ch=true seqId=0
03-02 00:57:15.554 14885 14885 D VRI[SplashActivity]@35f4eb8: mThreadedRenderer.initialize() mSurface={isValid=true 0x76d5299e00} hwInitialized=true
03-02 00:57:15.555 14885 14885 I SV[6876039 SplashActivity]: windowStopped(false) true X.0fk7{68eb87 V.E...... ........ 0,80-1080,2000} of VRI[SplashActivity]@35f4eb8
03-02 00:57:15.555 14885 14885 I SurfaceView: 6876039 Changes: creating=true format=false size=false visible=true alpha=false hint=false left=false top=false z=false attached=true lifecycleStrategy=false
03-02 00:57:15.555  1507  1507 I SurfaceFlinger: [com.zhiliaoapp.musically/com.ss.android.ugc.aweme.splash.SplashActivity$_14885#155887] attach to parent LayerHierarchy{RequestedLayerState{cd2d6b5 com.zhiliaoapp.musically/com.ss.android.ugc.aweme.splash.SplashActivity#155210 parentId=147902} 1 children}
03-02 00:57:15.555  1507  1507 I SurfaceFlinger: [Surface(name=c536234 NavigationBar0)/@0xfac847b - animation-leash of insets_animation#155888] attach to parent LayerHierarchy{RequestedLayerState{WindowToken{5cf38d1 type=2019 android.os.BinderProxy@916675b}#101 parentId=34} 2 children}
03-02 00:57:15.555  1507  1507 I SurfaceFlinger: [Surface(name=a5d3a68 StatusBar)/@0xd5726d6 - animation-leash of insets_animation#155889] attach to parent LayerHierarchy{RequestedLayerState{WindowToken{d05298b type=2000 android.os.BinderProxy@163b705}#108 parentId=17} 2 children}
03-02 00:57:15.556  1507  1563 I SurfaceFlinger: id=155890 createSurf, flag=20004, Bounds for - com.zhiliaoapp.musically/com.ss.android.ugc.aweme.splash.SplashActivity@14#155890
03-02 00:57:15.557  1445 16865 W C2MtkBufferManager: [0xB4000070F68A9420] fetchNewCcBlock: wait fence 0x0xb4000070f692fea0 timed out. ret 110
03-02 00:57:15.557  2013  4835 I SemDvfsHyPerManager: acquire hyper - AMS_RESUME_TAIL/2013@18, type = -999
03-02 00:57:15.557  1507  1562 I SurfaceFlinger: id=155891 createSurf, flag=84004, 68eb87 SurfaceView[com.zhiliaoapp.musically/com.ss.android.ugc.aweme.splash.SplashActivity]@0#155891
03-02 00:57:15.557  2013  4835 I SemDvfsHyPerManager: acquire hyper - AMS_ACT_LAZY/2013@19, type = -999
03-02 00:57:15.557  1450  1487 I HYPER-HAL: [RequestManager.cpp]acquire(): Acquired ID : 2063514  [2013 / 18]    HINT : AMS_RESUME_TAIL    list :
03-02 00:57:15.558  1450  1487 I mtkpower_client: perf_lock_rel, hdl:76445, pid: 1450, tid:1487
03-02 00:57:15.559  1507  1907 I SurfaceFlinger: id=155892 createSurf, flag=44400, 68eb87 SurfaceView[com.zhiliaoapp.musically/com.ss.android.ugc.aweme.splash.SplashActivity]@0(BLAST)#155892
03-02 00:57:15.559  2746  2746 D NavigationBar: onSystemBarAttributesChanged() -  displayId:0, appearance:8, packageName: com.podcast.app.debug.test (APPEARANCE_LIGHT_STATUS_BARS ), navbarColorManagedByIme:false
03-02 00:57:15.559  1450  1487 I mtkpower_client: perf_lock_acq, hdl:0, dur:0, num:2, pid:1450, tid:1487
03-02 00:57:15.559  1507  2128 I SurfaceFlinger: id=155893 createSurf, flag=20404, Background for 68eb87 SurfaceView[com.zhiliaoapp.musically/com.ss.android.ugc.aweme.splash.SplashActivity]@0#155893
03-02 00:57:15.560  1464  1529 I libPowerHal: [perfLockRel] hdl:76445, idx:8
03-02 00:57:15.560 14885 14885 D BufferQueueConsumer: [](id:3a2500000042,api:0,p:-1,c:14885) connect: controlledByApp=false
03-02 00:57:15.560 14885 14885 I BLASTBufferQueue: [68eb87 SurfaceView[com.zhiliaoapp.musically/com.ss.android.ugc.aweme.splash.SplashActivity]@0#63](f:0,a:0,s:0) constructor()
03-02 00:57:15.560  2746  2746 D NavigationBar: onSystemBarAttributesChanged() -  displayId:0, appearance:0, packageName: com.zhiliaoapp.musically, navbarColorManagedByIme:false
03-02 00:57:15.560  1464  1529 I libPowerHal: [set_cpuidle] enable:1, fd:17, scn:0xb40000737b61a740
03-02 00:57:15.560  1464  1529 I libPowerHal: [PD] vendor.samsung. update cmd:1c3c100 param:1 pr:6
03-02 00:57:15.560 14885 14885 I BLASTBufferQueue_Java: new BLASTBufferQueue, mName= 68eb87 SurfaceView[com.zhiliaoapp.musically/com.ss.android.ugc.aweme.splash.SplashActivity]@0 mNativeObject= 0x6f5977d800 caller= android.view.SurfaceView.createBlastSurfaceControls:1781 android.view.SurfaceView.updateSurface:1450 android.view.SurfaceView.setWindowStopped:539 android.view.SurfaceView.surfaceCreated:2327 android.view.ViewRootImpl.notifySurfaceCreated:3502 android.view.ViewRootImpl.performTraversals:5286 android.view.ViewRootImpl.doTraversal:3924 android.view.ViewRootImpl$TraversalRunnable.run:12903 android.view.Choreographer$CallbackRecord.run:1901 android.view.Choreographer$CallbackRecord.run:1910
03-02 00:57:15.560 14885 14885 I BLASTBufferQueue_Java: update, w= 1080 h= 1920 mName = 68eb87 SurfaceView[com.zhiliaoapp.musically/com.ss.android.ugc.aweme.splash.SplashActivity]@0 mNativeObject= 0x6f5977d800 sc.mNativeObject= 0x769b122900 format= 4 caller= android.view.SurfaceView.createBlastSurfaceControls:1782 android.view.SurfaceView.updateSurface:1450 android.view.SurfaceView.setWindowStopped:539 android.view.SurfaceView.surfaceCreated:2327 android.view.ViewRootImpl.notifySurfaceCreated:3502 android.view.ViewRootImpl.performTraversals:5286
03-02 00:57:15.560 14885 14885 I BLASTBufferQueue: [68eb87 SurfaceView[com.zhiliaoapp.musically/com.ss.android.ugc.aweme.splash.SplashActivity]@0#63](f:0,a:0,s:0) update width=1080 height=1920 format=4 mTransformHint=0
03-02 00:57:15.560  1464  1529 I libPowerHal: [perfLockRel] Done for hdl : 76445
03-02 00:57:15.561 14885 14885 I SurfaceView: 6876039 Cur surface: Surface(name=null mNativeObject=0)/@0x56b4ffd
03-02 00:57:15.561 14885 14885 I SV[6876039 SplashActivity]: pST: sr = Rect(4320, -2080 - 5400, -160) sw = 1080 sh = 1920
03-02 00:57:15.561 14885 14885 D SurfaceView: 6876039 performSurfaceTransaction RenderWorker position = [4320, -2080, 5400, -160] surfaceSize = 1080x1920
03-02 00:57:15.561 14885 14885 I SV[6876039 SplashActivity]: updateSurface: mVisible = true mSurface.isValid() = true
03-02 00:57:15.561 14885 14885 I SV[6876039 SplashActivity]: updateSurface: mSurfaceCreated = false surfaceChanged = true visibleChanged = true
03-02 00:57:15.561 14885 14885 I SurfaceView: 6876039 visibleChanged -- surfaceCreated
03-02 00:57:15.561  2013  4835 D InputTransport: Input channel destroyed: '5b97c92', fd=964
03-02 00:57:15.561 14885 14885 I SV[6876039 SplashActivity]: surfaceCreated 1 #1 X.0fk7{68eb87 V.E...... ........ 0,80-1080,2000}
03-02 00:57:15.561  1450  1487 I mtkpower_client: ret_hdl:76449
03-02 00:57:15.561  1450  1487 I mtkpower_client: perf_lock_rel, hdl:76447, pid: 1450, tid:1487
03-02 00:57:15.561  1464  1529 I libPowerHal: [perfLockAcq] idx:7 hdl:76449 hint:-1 pid:1450 tid:1487 duration:0 lock_user:vendor.samsung. => ret_hdl:76449
03-02 00:57:15.561  1464  1529 I libPowerHal: [set_cpuidle] enable:0, fd:17, scn:0xb40000737b6173c8
03-02 00:57:15.562  1464  1529 I libPowerHal: [get_cpu_dma_latency_value] 0
03-02 00:57:15.562  1464  1529 I libPowerHal: [PE] vendor.samsung. update cmd:1c3c100 param:0 pr:3
03-02 00:57:15.562  1464  1529 I libPowerHal: [perfLockAcq] Done for hdl : 76449
03-02 00:57:15.562 14885 14885 I SurfaceView: 6876039 surfaceChanged -- format=4 w=1080 h=1920
03-02 00:57:15.562 14885 14885 I SV[6876039 SplashActivity]: surfaceChanged (1080,1920) 1 #1 X.0fk7{68eb87 V.E...... ........ 0,80-1080,2000}
03-02 00:57:15.562 14885 14885 I SurfaceView: 6876039 surfaceRedrawNeeded
03-02 00:57:15.562  1450  1487 I mtkpower_client: perf_lock_acq, hdl:0, dur:0, num:2, pid:1450, tid:1487
03-02 00:57:15.562 14885 14885 I SurfaceView: 6876039 finishedDrawing
03-02 00:57:15.562 14885 14885 V SurfaceView: Layout: x=4320 y=-2080 w=1080 h=1920, frame=Rect(0, 0 - 1080, 1920)
03-02 00:57:15.563 14885 14885 I SV[7374587 SplashActivity]: windowStopped(false) true X.0fk7{7086fb V.E...... ........ 0,80-1080,2000} of VRI[SplashActivity]@35f4eb8
03-02 00:57:15.563 14885 14885 I SurfaceView: 7374587 Changes: creating=true format=false size=false visible=true alpha=false hint=false left=false top=false z=false attached=true lifecycleStrategy=false
03-02 00:57:15.563  1507  2128 I SurfaceFlinger: id=155894 createSurf, flag=84004, 7086fb SurfaceView[com.zhiliaoapp.musically/com.ss.android.ugc.aweme.splash.SplashActivity]@0#155894
03-02 00:57:15.563  1464  1529 I libPowerHal: [perfLockRel] hdl:76447, idx:5
03-02 00:57:15.564  1464  1529 I libPowerHal: [PD] vendor.samsung. update cmd:1000000 param:-1 pr:6
03-02 00:57:15.564  1507  2393 I SurfaceFlinger: id=155895 createSurf, flag=44400, 7086fb SurfaceView[com.zhiliaoapp.musically/com.ss.android.ugc.aweme.splash.SplashActivity]@0(BLAST)#155895
03-02 00:57:15.564  1464  1529 I libPowerHal: [perfLockRel] Done for hdl : 76447
03-02 00:57:15.565 14252 14252 I BadgeCountReceiver: onReceive: Intent { act=android.intent.action.BADGE_COUNT_UPDATE flg=0x1000010 xflg=0x4 cmp=com.sec.android.provider.badge/.BadgeCountReceiver (has extras) }
03-02 00:57:15.565  1507  2128 I SurfaceFlinger: id=155896 createSurf, flag=20404, Background for 7086fb SurfaceView[com.zhiliaoapp.musically/com.ss.android.ugc.aweme.splash.SplashActivity]@0#155896
03-02 00:57:15.565  1450  1487 I mtkpower_client: ret_hdl:76450
03-02 00:57:15.565 14885 14885 D BufferQueueConsumer: [](id:3a2500000043,api:0,p:-1,c:14885) connect: controlledByApp=false
03-02 00:57:15.565 14885 14885 I BLASTBufferQueue: [7086fb SurfaceView[com.zhiliaoapp.musically/com.ss.android.ugc.aweme.splash.SplashActivity]@0#64](f:0,a:0,s:0) constructor()
03-02 00:57:15.565 14885 14885 I BLASTBufferQueue_Java: new BLASTBufferQueue, mName= 7086fb SurfaceView[com.zhiliaoapp.musically/com.ss.android.ugc.aweme.splash.SplashActivity]@0 mNativeObject= 0x6fe0ef9000 caller= android.view.SurfaceView.createBlastSurfaceControls:1781 android.view.SurfaceView.updateSurface:1450 android.view.SurfaceView.setWindowStopped:539 android.view.SurfaceView.surfaceCreated:2327 android.view.ViewRootImpl.notifySurfaceCreated:3502 android.view.ViewRootImpl.performTraversals:5286 android.view.ViewRootImpl.doTraversal:3924 android.view.ViewRootImpl$TraversalRunnable.run:12903 android.view.Choreographer$CallbackRecord.run:1901 android.view.Choreographer$CallbackRecord.run:1910
03-02 00:57:15.566 14885 14885 I BLASTBufferQueue_Java: update, w= 1080 h= 1920 mName = 7086fb SurfaceView[com.zhiliaoapp.musically/com.ss.android.ugc.aweme.splash.SplashActivity]@0 mNativeObject= 0x6fe0ef9000 sc.mNativeObject= 0x769b7fb3c0 format= 4 caller= android.view.SurfaceView.createBlastSurfaceControls:1782 android.view.SurfaceView.updateSurface:1450 android.view.SurfaceView.setWindowStopped:539 android.view.SurfaceView.surfaceCreated:2327 android.view.ViewRootImpl.notifySurfaceCreated:3502 android.view.ViewRootImpl.performTraversals:5286
03-02 00:57:15.566 14885 14885 I BLASTBufferQueue: [7086fb SurfaceView[com.zhiliaoapp.musically/com.ss.android.ugc.aweme.splash.SplashActivity]@0#64](f:0,a:0,s:0) update width=1080 height=1920 format=4 mTransformHint=0
03-02 00:57:15.566  1450  1487 I mtkpower_client: perf_lock_rel, hdl:76450, pid: 1450, tid:1487
03-02 00:57:15.566 14885 14885 I SurfaceView: 7374587 Cur surface: Surface(name=null mNativeObject=0)/@0x5798c7e
03-02 00:57:15.566 14885 14885 I SV[7374587 SplashActivity]: pST: sr = Rect(0, 80 - 1080, 2000) sw = 1080 sh = 1920
03-02 00:57:15.566 14885 14885 D SurfaceView: 7374587 performSurfaceTransaction RenderWorker position = [0, 80, 1080, 2000] surfaceSize = 1080x1920
03-02 00:57:15.566 14885 14885 I SV[7374587 SplashActivity]: updateSurface: mVisible = true mSurface.isValid() = true
03-02 00:57:15.566 14885 14885 I SV[7374587 SplashActivity]: updateSurface: mSurfaceCreated = false surfaceChanged = true visibleChanged = true
03-02 00:57:15.566 14885 14885 I SurfaceView: 7374587 visibleChanged -- surfaceCreated
03-02 00:57:15.566 14885 14885 I SV[7374587 SplashActivity]: surfaceCreated 2 #1 X.0fk7{7086fb V.E...... ........ 0,80-1080,2000}
03-02 00:57:15.566  1450  1487 I mtkpower_client: perf_lock_acq, hdl:0, dur:0, num:2, pid:1450, tid:1487
03-02 00:57:15.566  1507  1507 I SurfaceFlinger: [Bounds for - com.zhiliaoapp.musically/com.ss.android.ugc.aweme.splash.SplashActivity@14#155890] attach to parent LayerHierarchy{RequestedLayerState{com.zhiliaoapp.musically/com.ss.android.ugc.aweme.splash.SplashActivity$_14885#155887 parentId=155210} 1 children}
03-02 00:57:15.566  1507  1507 I SurfaceFlinger: [68eb87 SurfaceView[com.zhiliaoapp.musically/com.ss.android.ugc.aweme.splash.SplashActivity]@0#155891] attach to parent LayerHierarchy{RequestedLayerState{Bounds for - com.zhiliaoapp.musically/com.ss.android.ugc.aweme.splash.SplashActivity@14#155890 parentId=155887} 1 children}
03-02 00:57:15.566  1507  1507 I SurfaceFlinger: [68eb87 SurfaceView[com.zhiliaoapp.musically/com.ss.android.ugc.aweme.splash.SplashActivity]@0(BLAST)#155892] attach to parent LayerHierarchy{RequestedLayerState{68eb87 SurfaceView[com.zhiliaoapp.musically/com.ss.android.ugc.aweme.splash.SplashActivity]@0#155891 parentId=155890} 1 children}
03-02 00:57:15.566  1507  1507 I SurfaceFlinger: [Background for 68eb87 SurfaceView[com.zhiliaoapp.musically/com.ss.android.ugc.aweme.splash.SplashActivity]@0#155893] attach to parent LayerHierarchy{RequestedLayerState{68eb87 SurfaceView[com.zhiliaoapp.musically/com.ss.android.ugc.aweme.splash.SplashActivity]@0#155891 parentId=155890} 2 children}
03-02 00:57:15.566  1507  1507 I SurfaceFlinger: [7086fb SurfaceView[com.zhiliaoapp.musically/com.ss.android.ugc.aweme.splash.SplashActivity]@0#155894] attach to parent LayerHierarchy{RequestedLayerState{Bounds for - com.zhiliaoapp.musically/com.ss.android.ugc.aweme.splash.SplashActivity@14#155890 parentId=155887} 2 children}
03-02 00:57:15.566  1507  1507 I SurfaceFlinger: [7086fb SurfaceView[com.zhiliaoapp.musically/com.ss.android.ugc.aweme.splash.SplashActivity]@0(BLAST)#155895] attach to parent LayerHierarchy{RequestedLayerState{7086fb SurfaceView[com.zhiliaoapp.musically/com.ss.android.ugc.aweme.splash.SplashActivity]@0#155894 parentId=155890} 1 children}
03-02 00:57:15.566  1507  1507 I SurfaceFlinger: [Background for 7086fb SurfaceView[com.zhiliaoapp.musically/com.ss.android.ugc.aweme.splash.SplashActivity]@0#155896] attach to parent LayerHierarchy{RequestedLayerState{7086fb SurfaceView[com.zhiliaoapp.musically/com.ss.android.ugc.aweme.splash.SplashActivity]@0#155894 parentId=155890} 2 children}
03-02 00:57:15.567  1464  1529 I libPowerHal: [perfLockAcq] idx:8 hdl:76450 hint:-1 pid:1450 tid:1487 duration:0 lock_user:vendor.samsung. => ret_hdl:76450
03-02 00:57:15.567  1464  1529 I libPowerHal: [setDvfsrcDevFreqOpp] opp:0, freq:4266000000
03-02 00:57:15.567  1464  1529 I libPowerHal: [PE] vendor.samsung. update cmd:1000000 param:0 pr:3
03-02 00:57:15.567  1464  1529 I libPowerHal: [perfLockAcq] Done for hdl : 76450
03-02 00:57:15.567  1464  1529 I libPowerHal: [perfLockRel] hdl:76450, idx:8
03-02 00:57:15.568  1464  1529 I libPowerHal: [PD] vendor.samsung. update cmd:1000000 param:-1 pr:6
03-02 00:57:15.568  1464  1529 I libPowerHal: [perfLockRel] Done for hdl : 76450
03-02 00:57:15.568 14252 14273 I BadgeCountReceiver: UpdateTask START: PendingResult hashCode: 73790786
03-02 00:57:15.568 14252 14273 I BadgeCountReceiver: packageName: com.zhiliaoapp.musically, className: com.ss.android.ugc.aweme.splash.SplashActivity, count: 0
03-02 00:57:15.569  1450  1487 I mtkpower_client: ret_hdl:76451
03-02 00:57:15.569  1450  1487 I mtkpower_client: perf_lock_rel, hdl:76448, pid: 1450, tid:1487
03-02 00:57:15.569  1464  1529 I libPowerHal: [perfLockAcq] idx:5 hdl:76451 hint:-1 pid:1450 tid:1487 duration:0 lock_user:vendor.samsung. => ret_hdl:76451
03-02 00:57:15.569  1464  1529 I libPowerHal: [setDvfsrcDevFreqOpp] opp:0, freq:4266000000
03-02 00:57:15.569  1464  1529 I libPowerHal: [PE] vendor.samsung. update cmd:1000000 param:0 pr:3
03-02 00:57:15.569  1507  1507 I BufferQueueProducer: [NavigationBar0$_2746#113](this:0xb400007a17b59e38,id:-1,api:0,p:-1,c:1507) queueBuffer: fps=7.65 dur=2743.33 max=2332.36 min=9.87
03-02 00:57:15.569  1464  1529 I libPowerHal: [perfLockAcq] Done for hdl : 76451
03-02 00:57:15.570  1450  1487 I mtkpower_client: perf_lock_acq, hdl:0, dur:0, num:2, pid:1450, tid:1487
03-02 00:57:15.570  1464  1529 I libPowerHal: [perfLockRel] hdl:76448, idx:2
03-02 00:57:15.570  1484  9269 I AF::Track: setMixerOutConfig return default condition, mixer key 2002, thread key 202
03-02 00:57:15.570  1484  9269 I AudioPolicyEffectException: MySpaceHandler::checkDetachCondition media 1, ring 0, mp 0
03-02 00:57:15.570  1484  9269 I AudioPolicyEffectException: MySpace detach value 1
03-02 00:57:15.570  1484  9269 V APM_AudioPolicyManager: startOutput portId 13560
03-02 00:57:15.570  1484  9269 V APM_AudioPolicyManager: startOutput() output 21, stream 3, session 126033
03-02 00:57:15.570  1484  9269 V APM_AudioPolicyManager: setBeaconMute(1) mBeaconMuteRefCount=9 mBeaconPlayingRefCount=0
03-02 00:57:15.570  1464  1529 I libPowerHal: [PD] vendor.samsung. update cmd:400000 param:-1 pr:6
03-02 00:57:15.570  1484  9269 V APM_AudioPolicyManager: selectOutputForMusicEffects activeOnly 1 output 21 flags 0x00000008
03-02 00:57:15.570  1484  9269 W AudioFlinger: moveEffectChain_ll: effect chain for session 0 not on source thread 0xb40000707515f310
03-02 00:57:15.570  1484  9269 V APM_AudioPolicyManager: selectOutputForMusicEffects selected output 21
03-02 00:57:15.570  1484  9269 V APM_AudioPolicyManager: getNewOutputDevices selected devices {AUDIO_DEVICE_OUT_SPEAKER, @:}
03-02 00:57:15.570  1484  9269 V APM_AudioPolicyManager: setOutputDevices caller startSource[[portId:5][io:21, deep-buffer]] device {AUDIO_DEVICE_OUT_SPEAKER, @:} delayMs 0
03-02 00:57:15.570  1484  9269 V APM_AudioPolicyManager: setOutputDevices: caller startSource[[portId:5][io:21, deep-buffer]] suppressing checkDeviceMuteStrategies
03-02 00:57:15.570  1484  9269 V APM_AudioPolicyManager: setOutputDevices caller startSource[[portId:5][io:21, deep-buffer]] changing device to {AUDIO_DEVICE_OUT_SPEAKER, @:} (prevDevice {AUDIO_DEVICE_OUT_SPEAKER, @:})
03-02 00:57:15.571 14885 14885 I SurfaceView: 7374587 surfaceChanged -- format=4 w=1080 h=1920
03-02 00:57:15.571 14885 16246 D AudioTrack: setVolume(1.000000, 1.000000) pid : 14885
03-02 00:57:15.571 14885 14885 I SV[7374587 SplashActivity]: surfaceChanged (1080,1920) 2 #1 X.0fk7{7086fb V.E...... ........ 0,80-1080,2000}
03-02 00:57:15.571  1464  1529 I libPowerHal: [recordCPUFreqInfo] set cluster[0] min(-1): -1 max(-1): -1 cluster[1] min(-1): -1 max(-1): -1
03-02 00:57:15.571 14885 14885 I SurfaceView: 7374587 surfaceRedrawNeeded
03-02 00:57:15.571  1464  1529 I libPowerHal: [perfLockRel] Done for hdl : 76448
03-02 00:57:15.572  1450  1487 I mtkpower_client: ret_hdl:76452
03-02 00:57:15.572  1464  1529 I libPowerHal: [perfLockAcq] idx:2 hdl:76452 hint:-1 pid:1450 tid:1487 duration:0 lock_user:vendor.samsung. => ret_hdl:76452
03-02 00:57:15.572  1450  1487 I HYPER-HAL: [RequestManager.cpp]releaseLocked(): Released ID : 2067581
03-02 00:57:15.572  1464  1529 I libPowerHal: [PE] vendor.samsung. update cmd:400000 param:2000000 pr:3
03-02 00:57:15.572  1464  1529 I libPowerHal: [recordCPUFreqInfo] set cluster[0] min(vendor.samsung.): 2000000 max(-1): -1 cluster[1] min(-1): -1 max(-1): -1
03-02 00:57:15.572  1464  1529 I libPowerHal: [perfLockAcq] Done for hdl : 76452
03-02 00:57:15.573  2013  2013 D AudioPlayerStateMonitor: Found a new active media playback. AudioPlaybackConfiguration piid:92743 deviceIds:[] type:android.media.AudioTrack u/pid:10350/14885 state:started attr:AudioAttributes: usage=USAGE_MEDIA content=CONTENT_TYPE_UNKNOWN flags=0xA00 tags= bundle=null sessionId:126033 mutedState:none  FormatInfo{isSpatialized=false, channelMask=0x3, sampleRate=44100}
03-02 00:57:15.574  2013  2013 D MediaSessionService: Audio playback is changed, config=AudioPlaybackConfiguration piid:92743 deviceIds:[] type:android.media.AudioTrack u/pid:10350/14885 state:started attr:AudioAttributes: usage=USAGE_MEDIA content=CONTENT_TYPE_UNKNOWN flags=0xA00 tags= bundle=null sessionId:126033 mutedState:none  FormatInfo{isSpatialized=false, channelMask=0x3, sampleRate=44100}, removed=false
03-02 00:57:15.574 14885 15878 W NaviWarn: StackPtr is not 8-byte aligned.
03-02 00:57:15.574  2013  2013 D MediaSessionStack: updateMediaButtonSessionIfNeeded, callers=com.android.server.media.AudioPlayerStateMonitor$MessageHandler.handleMessage:19 android.os.Handler.dispatchMessage:110
03-02 00:57:15.574  2013  2013 D MediaSessionStack: updateMediaButtonSessionIfNeeded, skipping uid=10350
03-02 00:57:15.574  2013  2013 D MediaSessionStack: updateMediaButtonSessionIfNeeded, skipping uid=10342
03-02 00:57:15.574  2013  2013 D MediaSessionStack: updateMediaButtonSessionIfNeeded, skipping uid=10317
03-02 00:57:15.574  2013  2013 D MediaSessionStack: updateMediaButtonSessionIfNeeded, skipping uid=10672
03-02 00:57:15.575  2746  3671 D SoundCraft.PlayingAudioConditionHandler: onPlaybackConfigChanged : lastStartedPackageName=com.zhiliaoapp.musically, lastStartedUid=10350, newStartedUid=10350, newStartPackageName=com.zhiliaoapp.musically, thread=Thread[RoutineHandlerThread,5,main]
03-02 00:57:15.577 14885 14885 I SurfaceView: 7374587 finishedDrawing
03-02 00:57:15.577 14885 14885 V SurfaceView: Layout: x=0 y=80 w=1080 h=1920, frame=Rect(0, 0 - 1080, 1920)
03-02 00:57:15.577 14885 14885 I SV[137774491 SplashActivity]: windowStopped(false) true X.0fk7{836459b V.E...... ........ 0,81-1080,1998} of VRI[SplashActivity]@35f4eb8
03-02 00:57:15.577 14885 14885 I SurfaceView: 137774491 Changes: creating=true format=false size=false visible=true alpha=false hint=false left=false top=false z=false attached=true lifecycleStrategy=false
03-02 00:57:15.577  1646  1646 I CameraService: onUidStateChanged: uid=10062, procState is changed. (1 -> 0)
03-02 00:57:15.578  2746  2746 D SystemUIService: SYSUI_RAM_OPTIMIZATION onTrimMemory=20
03-02 00:57:15.579  2746  2746 D CentralSurfaces: SYSUI_RAM_OPTIMIZATION onTrimMemory=20
03-02 00:57:15.581  1507  1563 I SurfaceFlinger: id=155897 createSurf, flag=84004, 836459b SurfaceView[com.zhiliaoapp.musically/com.ss.android.ugc.aweme.splash.SplashActivity]@0#155897
03-02 00:57:15.582 14252 14273 I BadgeProvider: sendNotify [uri]: content://com.sec.badge/apps, [notify]: null
