03-02 00:57:51.408  1507  1562 I SurfaceFlinger: Capture layer list: 	 DimTransitionLayer for Surface(name=Task=44914)/@0xb0cbb91#157100(seamlessTransition:0)
03-02 00:57:51.408  1507  1562 I SurfaceFlinger: Capture layer list: 	 com.podcast.app.debug/androidx.activity.ComponentActivity$_17121#157095(seamlessTransition:0)
03-02 00:57:51.408  1507  1562 I SurfaceFlinger: Capture layer list: 	 StatusBar$_2746#117(seamlessTransition:0)
03-02 00:57:51.408  1507  1562 I SurfaceFlinger: Capture layer list: 	 com.sec.android.app.launcher/com.samsung.app.honeyspace.edge.edgepanel.app.CocktailBarService$_3202#152779(seamlessTransition:0)
03-02 00:57:51.408  1507  1562 I SurfaceFlinger: Capture layer list: 	 NavigationBar0$_2746#113(seamlessTransition:0)
03-02 00:57:51.417  2746  2746 D View    : semSetBlurInfo, blurInfo : android.view.SemBlurInfo@45d3adb {BLUR_MODE_WINDOW_CAPTURED, mBlurRadius = 300, mCapturedBitmap = android.graphics.Bitmap@c89e7ea, mColorCurve = android.view.SemBlurInfo$ColorCurve@402f978 {minX = 5.0, minY = 17.8, maxX = 235.0, maxY = 247.3, curveBias = 12.0, saturation = 0.3}}, android.widget.ImageView{816f851 V.ED..... ......ID 52,52-170,643 #7f0a0f38 app:id/volume_panel_blur}
03-02 00:57:51.417  2746  2746 D RenderEffectImageFilter: Use RenderEffectImageFilter
03-02 00:57:51.418  1450 19347 I mtkpower_client: perf_lock_rel, hdl:76897, pid: 1450, tid:19347
03-02 00:57:51.419  1450 19347 I mtkpower_client: perf_lock_acq, hdl:0, dur:0, num:2, pid:1450, tid:19347
03-02 00:57:51.419  1507  1507 I SurfaceFlinger: RequestedLayer [VolumePanelWindow$_2746#157106] hidden!! flag  from(1) --> to(0)
03-02 00:57:51.420  1464  1529 I libPowerHal: [perfLockRel] hdl:76897, idx:8
03-02 00:57:51.420  1464  1529 I libPowerHal: [set_cpuidle] enable:1, fd:17, scn:0xb40000737b61a740
03-02 00:57:51.420  1464  1529 I libPowerHal: [PD] vendor.samsung. update cmd:1c3c100 param:1 pr:6
03-02 00:57:51.420  1464  1529 I libPowerHal: [perfLockRel] Done for hdl : 76897
03-02 00:57:51.421  1450 19347 I mtkpower_client: ret_hdl:76901
03-02 00:57:51.421  1450 19347 I mtkpower_client: perf_lock_rel, hdl:76899, pid: 1450, tid:19347
03-02 00:57:51.421  1464  1529 I libPowerHal: [perfLockAcq] idx:6 hdl:76901 hint:-1 pid:1450 tid:19347 duration:0 lock_user:vendor.samsung. => ret_hdl:76901
03-02 00:57:51.421  1464  1529 I libPowerHal: [set_cpuidle] enable:0, fd:17, scn:0xb40000737b614050
03-02 00:57:51.422  1464  1529 I libPowerHal: [get_cpu_dma_latency_value] 0
03-02 00:57:51.422  1464  1529 I libPowerHal: [PE] vendor.samsung. update cmd:1c3c100 param:0 pr:3
03-02 00:57:51.422  1464  1529 I libPowerHal: [perfLockAcq] Done for hdl : 76901
03-02 00:57:51.422  1450 19347 I mtkpower_client: perf_lock_acq, hdl:0, dur:0, num:2, pid:1450, tid:19347
03-02 00:57:51.422  1464  1529 I libPowerHal: [perfLockRel] hdl:76899, idx:3
03-02 00:57:51.423  1464  1529 I libPowerHal: [PD] vendor.samsung. update cmd:1000000 param:-1 pr:6
03-02 00:57:51.423  1464  1529 I libPowerHal: [perfLockRel] Done for hdl : 76899
03-02 00:57:51.424  1450 19347 I mtkpower_client: ret_hdl:76902
03-02 00:57:51.424  1464  1529 I libPowerHal: [perfLockAcq] idx:8 hdl:76902 hint:-1 pid:1450 tid:19347 duration:0 lock_user:vendor.samsung. => ret_hdl:76902
03-02 00:57:51.424  1450 19347 I HYPER-HAL: [RequestManager.cpp]releaseLocked(): Released ID : 2063514
03-02 00:57:51.424  1464  1529 I libPowerHal: [setDvfsrcDevFreqOpp] opp:0, freq:4266000000
03-02 00:57:51.424  1464  1529 I libPowerHal: [PE] vendor.samsung. update cmd:1000000 param:0 pr:3
03-02 00:57:51.424  1464  1529 I libPowerHal: [perfLockAcq] Done for hdl : 76902
03-02 00:57:51.426  1507  1507 D SurfaceFlinger: Display 4627039422300187648 HWC layers:
03-02 00:57:51.426  1507  1507 D SurfaceFlinger:   SOLID_COLOR |                        0 | 00000002 | N/A          |    0.0    0.0    0.0    0.0 |    0    0   -1   -1 | Background for 68eb87 SurfaceView[co[...]weme.splash.SplashActivity]@0#157075 (0)
03-02 00:57:51.426  1507  1507 D SurfaceFlinger:   SOLID_COLOR |                        0 | 00000002 | N/A          |    0.0    0.0    0.0    0.0 |    0    0   -1   -1 | Background for 7086fb SurfaceView[co[...]weme.splash.SplashActivity]@0#157078 (0)
03-02 00:57:51.426  1507  1507 D SurfaceFlinger:   SOLID_COLOR |                        0 | 00000002 | N/A          |    0.0    0.0    0.0    0.0 |    0    0   -1   -1 | Background for 836459b SurfaceView[c[...]weme.splash.SplashActivity]@0#157081 (0)
03-02 00:57:51.426  1507  1507 D SurfaceFlinger:        CLIENT |           63930588202351 | 00000102 | 0x32315659   |  211.0    0.0  720.0 1280.0 |    0   80  763 2000 | 7086fb SurfaceView[com.zhiliaoapp.mu[...]lash.SplashActivity]@0(BLAST)#157077 (2)
03-02 00:57:51.426  1507  1507 D SurfaceFlinger:        CLIENT |           63930588202329 | 00002100 | RGBA_8888    |  317.0    0.0 1080.0 2340.0 |    0    0 1080 2340 | com.zhiliaoapp.musically/com.ss.andr[...].splash.S
03-02 00:57:51.426  1507  1507 D SurfaceFlinger: plashActivity$_14885#157069 (6)
03-02 00:57:51.426  1507  1507 D SurfaceFlinger:   SOLID_COLOR |                        0 | 00000000 | N/A          |    0.0    0.0    0.0    0.0 |    0    0 1080 2340 | DimTransitionLayer for Surface(name=Task=44914)/@0xb0cbb91#157100 (0)
03-02 00:57:51.426  1507  1507 D SurfaceFlinger:        DEVICE |           73534135074989 | 00002102 | RGBA_8888    |    0.0    0.0 1014.0 2340.0 |   66    0 1080 2340 | com.podcast.app.debug/androidx.activity.ComponentActivity$_17121#157095 (1)
03-02 00:57:51.426  1507  1507 D SurfaceFlinger:        DEVICE |           11793980281854 | 00002100 | RGBA_8888    |    0.0    0.0 1080.0   80.0 |    0    0 1080   80 | StatusBar$_2746#117 (211332)
03-02 00:57:51.426  1507  1507 D SurfaceFlinger:        DEVICE |           13752485304097 | 00002100 | RGBA_8888    |    0.0    0.0   67.0  346.0 | 1013  454 1080  800 | com.sec.android.app.launcher/com.sam[...].app.CocktailBarService$_3202#152779 (1)
03-02 00:57:51.426  1507  1507 D SurfaceFlinger:        DEVICE |           11793980283984 | 00002100 | RGBA_8888    |    0.0    0.0  229.0  724.0 |  851  551 1080 1275 | VolumePanelWindow$_2746#157106 (1)
03-02 00:57:51.426  1507  1507 D SurfaceFlinger:        DEVICE |           11793980281853 | 00002100 | RGBA_8888    |    0.0    0.0 1080.0  135
03-02 00:57:51.426  1507  1507 D SurfaceFlinger: .0 |    0 2205 1080 2340 | NavigationBar0$_2746#113 (188465)
03-02 00:57:51.426  1507  1507 D SurfaceFlinger:
03-02 00:57:51.442  1445  2902 W C2MtkBufferManager: [0xB4000070F507E520] fetchNewCcBlock: wait fence 0x0xb4000070f5058270 timed out. ret 110
03-02 00:57:51.447  1445 18689 W C2MtkBufferManager: [0xB4000070F68A8D20] fetchNewCcBlock: wait fence 0x0xb4000070f692fcb0 timed out. ret 110
03-02 00:57:51.449  1507  1825 I SurfaceFlinger: Capture layer list: 	 com.zhiliaoapp.musically/com.ss.android.ugc.aweme.splash.SplashActivity$_14885#157069(seamlessTransition:0)
03-02 00:57:51.449  1507  1825 I SurfaceFlinger: Capture layer list: 	 DimTransitionLayer for Surface(name=Task=44914)/@0xb0cbb91#157100(seamlessTransition:0)
03-02 00:57:51.449  1507  1825 I SurfaceFlinger: Capture layer list: 	 com.podcast.app.debug/androidx.activity.ComponentActivity$_17121#157095(seamlessTransition:0)
03-02 00:57:51.486  1445 18689 W C2MtkBufferManager: [0xB4000070F68A8D20] fetchNewCcBlock: wait fence 0x0xb4000070f692fcb0 timed out. ret 110
03-02 00:57:51.515  1445  2902 W C2MtkBufferManager: [0xB4000070F507E520] fetchNewCcBlock: wait fence 0x0xb4000070f5058270 timed out. ret 110
03-02 00:57:51.526  1445 18689 W C2MtkBufferManager: [0xB4000070F68A8D20] fetchNewCcBlock: wait fence 0x0xb4000070f692fcb0 timed out. ret 110
03-02 00:57:51.558  1507  1825 I SurfaceFlinger: Capture layer list: 	 com.zhiliaoapp.musically/com.ss.android.ugc.aweme.splash.SplashActivity$_14885#157069(seamlessTransition:0)
03-02 00:57:51.558  1507  1825 I SurfaceFlinger: Capture layer list: 	 DimTransitionLayer for Surface(name=Task=44914)/@0xb0cbb91#157100(seamlessTransition:0)
03-02 00:57:51.558  1507  1825 I SurfaceFlinger: Capture layer list: 	 com.podcast.app.debug/androidx.activity.ComponentActivity$_17121#157095(seamlessTransition:0)
03-02 00:57:51.561 14885 16784 D Native  : [TTNativeML] NativeMLTaskRunner 2.3-2.4 code：BuildInputs: CostTime 0.06 ms
03-02 00:57:51.562 14885 16784 D Native  : [TTNativeML] NativeMLTaskRunner 3-4 code：AdapterSetInputs: cost time 0.03 ms
03-02 00:57:51.562 14885 16784 D Native  : [TTNativeML] NativeMLTaskRunner 4-5 code：AdapterInference: cost time 0.14 ms
03-02 00:57:51.566  1445 18689 W C2MtkBufferManager: [0xB4000070F68A8D20] fetchNewCcBlock: wait fence 0x0xb4000070f692fcb0 timed out. ret 110
03-02 00:57:51.576  2746  2746 D SecVolume.VolumePanelStore: dispatch [ACTION_VOLUME_ICON_ANIMATION_FINISHED with [STATE_CAPTION_COMPONENT_CHANGED], currentAction={iconTargetState : 2, stream : 3, iconCurrentState : 2}, currentState={activeStream=3(vol=520), stream=3(vol=520) } isPendingState : true, isShowing : true, isHasVibrator : true, isVoiceCapable : true, isSetupWizardComplete : true, isCaptionComponentEnabled : true, isMediaDefaultEnabled : true, ringerModeInternal : 2, timeOutControlsText : 0, cutoutHeight : 0, iconTargetState : 2, pinDevice : 0, activeStream : 3, iconCurrentState : 2, timeOutControls : 0, timeOut : 3000, stream : 3, earProtectLevel : 909, systemTimeNow : 491150324}
03-02 00:57:51.576  2746  2746 D SecVolume.VolumePanelStore:   > New State : [STATE_SET_VOLUME_STATE]
03-02 00:57:51.588  1445  2902 W C2MtkBufferManager: [0xB4000070F507E520] fetchNewCcBlock: wait fence 0x0xb4000070f5058270 timed out. ret 110
03-02 00:57:51.606  1445 18689 W C2MtkBufferManager: [0xB4000070F68A8D20] fetchNewCcBlock: wait fence 0x0xb4000070f692fcb0 timed out. ret 110
03-02 00:57:51.621  1445  2902 D C2MtkBufferManager: over 5000ms not request from VCodec but callback hooked, slow BM Cc fetch thread. Last get time was 90635032ms ago.
03-02 00:57:51.633  1444  1461 D libcomposer_ext: DeviceImplAidl::DeviceClientContextAidl::NotifyHwcComposition()
03-02 00:57:51.633  1444  1461 D libcomposer_ext: DeviceImplAidl::DeviceClientContextAidl::NotifyHwcComposition()
03-02 00:57:51.633  1698  1698 D libcomposer_ext: ClientCallbackAidl::asyncPerform(12)
03-02 00:57:51.633  1507  2393 D libcomposer_ext: ClientCallbackAidl::asyncPerform(12)
03-02 00:57:51.633  1698  1698 D libcomposer_ext: ClientImplAidl::ParseNotifyHwcComposition()
03-02 00:57:51.633  1507  2393 D libcomposer_ext: ClientImplAidl::ParseNotifyHwcComposition()
03-02 00:57:51.633  1507  2393 D SurfaceFlinger: NotifyHwcComposition(), id 0, mode 0
03-02 00:57:51.633  1464  1492 I mtkpower@impl: [setMode] type:6, enabled:0
03-02 00:57:51.633  2746  2798 I SurfaceControlRegistry: apply, t=FinishTransaction_SyncId<11325>, caller=android.view.SurfaceControl$Transaction.apply:3459 android.view.SurfaceControl$Transaction.apply:3447 android.view.SurfaceControl$Transaction.apply:3397 com.android.wm.shell.transition.Transitions.onFinish:315 com.android.wm.shell.transition.Transitions$$ExternalSyntheticLambda7.onTransitionFinished:12 com.android.wm.shell.transition.DefaultTransitionHandler$$ExternalSyntheticLambda6.run:36
03-02 00:57:51.633  1464  1492 E mtkpower@impl: [setMode] unknown type
03-02 00:57:51.635  1507  1507 D SurfaceFlinger: Display 4627039422300187648 HWC layers:
03-02 00:57:51.635  1507  1507 D SurfaceFlinger:   SOLID_COLOR |                        0 | 00000002 | N/A          |    0.0    0.0    0.0    0.0 |    0    0   -1   -1 | Background for 68eb87 SurfaceView[co[...]weme.splash.SplashActivity]@0#157075 (0)
03-02 00:57:51.635  1507  1507 D SurfaceFlinger:   SOLID_COLOR |                        0 | 00000002 | N/A          |    0.0    0.0    0.0    0.0 |    0    0   -1   -1 | Background for 7086fb SurfaceView[co[...]weme.splash.SplashActivity]@0#157078 (0)
03-02 00:57:51.635  1507  1507 D SurfaceFlinger:   SOLID_COLOR |                        0 | 00000002 | N/A          |    0.0    0.0    0.0    0.0 |    0    0   -1   -1 | Background for 836459b SurfaceView[c[...]weme.splash.SplashActivity]@0#157081 (0)
03-02 00:57:51.635  1507  1507 D SurfaceFlinger:        DEVICE |           63930588202351 | 00000102 | 0x32315659   |    0.0    0.0    0.0    0.0 |    0    0   -1   -1 | 7086fb SurfaceView[com.zhiliaoapp.mu[...]lash.SplashActivity]@0(BLAST)#157077 (2)
03-02 00:57:51.635  1507  1507 D SurfaceFlinger:        DEVICE |           63930588202329 | 00002100 | RGBA_8888    |    0.0    0.0    0.0    0.0 |    0    0   -1   -1 | com.zhiliaoapp.musically/com.ss.andr[...].splash.S
03-02 00:57:51.635  1507  1507 D SurfaceFlinger: plashActivity$_14885#157069 (6)
03-02 00:57:51.635  1507  1507 D SurfaceFlinger:   SOLID_COLOR |                        0 | 00000000 | N/A          |    0.0    0.0    0.0    0.0 |    0    0   -1   -1 | DimTransitionLayer for Surface(name=Task=44914)/@0xb0cbb91#157100 (0)
03-02 00:57:51.635  1507  1507 D SurfaceFlinger:        DEVICE |           73534135074989 | 00002102 | RGBA_8888    |    0.0    0.0 1080.0 2340.0 |    0    0 1080 2340 | com.podcast.app.debug/androidx.activity.ComponentActivity$_17121#157095 (1)
03-02 00:57:51.635  1507  1507 D SurfaceFlinger:        DEVICE |           11793980281854 | 00002100 | RGBA_8888    |    0.0    0.0 1080.0   80.0 |    0    0 1080   80 | StatusBar$_2746#117 (211332)
03-02 00:57:51.635  1507  1507 D SurfaceFlinger:        DEVICE |           13752485304097 | 00002100 | RGBA_8888    |    0.0    0.0   67.0  346.0 | 1013  454 1080  800 | com.sec.android.app.launcher/com.sam[...].app.CocktailBarService$_3202#152779 (1)
03-02 00:57:51.635  1507  1507 D SurfaceFlinger:        DEVICE |           11793980283985 | 00002100 | RGBA_8888    |    0.0    0.0  229.0  724.0 |  851  551 1080 1275 | VolumePanelWindow$_2746#157106 (19)
03-02 00:57:51.635  1507  1507 D SurfaceFlinger:        DEVICE |           11793980281853 | 00002100 | RGBA_8888    |    0.0    0.0 1080.0  13
03-02 00:57:51.635  1507  1507 D SurfaceFlinger: 5.0 |    0 2205 1080 2340 | NavigationBar0$_2746#113 (188465)
03-02 00:57:51.635  1507  1507 D SurfaceFlinger:
03-02 00:57:51.642  1507  1507 I SurfaceFlinger: RequestedLayer [Task=44543#147901] hidden!! flag  from(0) --> to(1)
03-02 00:57:51.642  1507  1507 I SurfaceFlinger: [LayerHierarchy{RequestedLayerState{Task=44543#147901 parentId=10 z=41} 1 children}] reparent to LayerHierarchy{RequestedLayerState{DefaultTaskDisplayArea_d0#10 parentId=9} 45 children}
03-02 00:57:51.642  1507  1507 I SurfaceFlinger: [LayerHierarchy{RequestedLayerState{Transition Root: Task=44914#157093 z=42} 2 children}] reparent to OffscreenRoot
03-02 00:57:51.642  1507  1507 I SurfaceFlinger: [LayerHierarchy{RequestedLayerState{Transition Root: Task=44914#157093 z=42} 2 children}] RelativeParent to null
03-02 00:57:51.642  1507  1507 I SurfaceFlinger: [LayerHierarchy{RequestedLayerState{DimTransitionLayer for Surface(name=Task=44914)/@0xb0cbb91#157100 z=-1} no children}] reparent to OffscreenRoot
03-02 00:57:51.642  1507  1507 I SurfaceFlinger: [LayerHierarchy{RequestedLayerState{DimTransitionLayer for Surface(name=Task=44914)/@0xb0cbb91#157100 z=-1} no children}] RelativeParent to null
03-02 00:57:51.642  1507  1507 I SurfaceFlinger: [LayerHierarchy{RequestedLayerState{Task=44914#157088 parentId=10 z=42} 1 children}] reparent to LayerHierarchy{RequestedLayerState{DefaultTaskDisplayArea_d0#10 parentId=9} 45 children}
03-02 00:57:51.644  1507  1562 I SurfaceFlinger: onHandleDestroyed: layerId=157091, name=Splash Screen com.podcast.app.debug$_2746#157091
03-02 00:57:51.644  1507  1507 I SurfaceFlinger: onHandleDestroyed: layerId=157100, name=DimTransitionLayer for Surface(name=Task=44914)/@0xb0cbb91#157100
03-02 00:57:51.644  1507  1507 I SurfaceFlinger: id=157100 Removed DimTransitionLayer for Surface(name=Task=44914)/@0xb0cbb91#157100 (339)
03-02 00:57:51.644  1507  1507 I SurfaceFlinger: onHandleDestroyed: layerId=157090, name=1094d93 Splash Screen com.podcast.app.debug#157090
03-02 00:57:51.644  1507  1507 I SurfaceFlinger: id=157090 Removed 1094d93 Splash Screen com.podcast.app.debug#157090 (339)
03-02 00:57:51.644  1507  1507 I SurfaceFlinger: onHandleDestroyed: layerId=157059, name=cd49e13 Splash Screen com.podcast.app.debug.test#157059
03-02 00:57:51.644  1507  1507 I SurfaceFlinger: id=157059 Removed cd49e13 Splash Screen com.podcast.app.debug.test#157059 (339)
03-02 00:57:51.645  1507  1562 I SurfaceFlinger: id=157091 Removed Splash Screen com.podcast.app.debug$_2746#157091 (339)
03-02 00:57:51.647 14885 14885 I VRI[SplashActivity]@35f4eb8: handleAppVisibility mAppVisible = true visible = false
03-02 00:57:51.647 14885 14885 D VRI[SplashActivity]@35f4eb8: visibilityChanged oldVisibility=true newVisibility=false
03-02 00:57:51.647  1445 18689 W C2MtkBufferManager: [0xB4000070F68A8D20] fetchNewCcBlock: wait fence 0x0xb4000070f692fcb0 timed out. ret 110
03-02 00:57:51.653 14885 14885 I SV[6876039 SplashActivity]: onWindowVisibilityChanged(8) false X.0fk7{68eb87 V.E...... ........ 0,80-1080,2000} of VRI[SplashActivity]@35f4eb8
03-02 00:57:51.653 14885 14885 I SurfaceView: 6876039 Changes: creating=false format=false size=false visible=true alpha=false hint=false left=false top=false z=false attached=true lifecycleStrategy=false
03-02 00:57:51.653 14885 14885 I SurfaceView: 6876039 Cur surface: Surface(name=null mNativeObject=480494724352)/@0x56b4ffd
03-02 00:57:51.653 14885 14885 I SurfaceView: 6876039 surfaceDestroyed
03-02 00:57:51.653 14885 14885 I SV[6876039 SplashActivity]: surfaceDestroyed callback.size 1 #2 X.0fk7{68eb87 V.E...... ........ 0,80-1080,2000}
03-02 00:57:51.653 14885 14885 I SV[6876039 SplashActivity]: updateSurface: mVisible = false mSurface.isValid() = true
03-02 00:57:51.653 14885 14885 I BLASTBufferQueue: [68eb87 SurfaceView[com.zhiliaoapp.musically/com.ss.android.ugc.aweme.splash.SplashActivity]@0#163](f:0,a:0,s:0) destructor()
03-02 00:57:51.653 14885 14885 D BufferQueueConsumer: [68eb87 SurfaceView[com.zhiliaoapp.musically/com.ss.android.ugc.aweme.splash.SplashActivity]@0#163(BLAST Consumer)163](id:3a25000000a8,api:0,p:-1,c:14885) disconnect
03-02 00:57:51.653 14885 14885 I SV[6876039 SplashActivity]: releaseSurfaces: viewRoot = VRI[SplashActivity]@35f4eb8
03-02 00:57:51.653  1507  1507 I SurfaceFlinger: destroyed DimTransitionLayer for Surface(name=Task=44914)/@0xb0cbb91#157100
03-02 00:57:51.653  1507  1507 I SurfaceFlinger: destroyed cd49e13 Splash Screen com.podcast.app.debug.test#157059
03-02 00:57:51.653  1507  1507 I SurfaceFlinger: destroyed Splash Screen com.podcast.app.debug$_2746#157091
03-02 00:57:51.653  1507  1507 I SurfaceFlinger: destroyed 1094d93 Splash Screen com.podcast.app.debug#157090
03-02 00:57:51.653  1507  1507 I SurfaceFlinger: [LayerHierarchy{RequestedLayerState{Transition Root: Task=44914#157093 z=42} no children}] reparent to OffscreenRoot
03-02 00:57:51.653  1507  1507 I SurfaceFlinger: [LayerHierarchy{RequestedLayerState{Transition Root: Task=44914#157093 z=42} no children}] RelativeParent to null
03-02 00:57:51.654  2746  2746 D SystemUIService: SYSUI_RAM_OPTIMIZATION onTrimMemory=20
03-02 00:57:51.654  2746  2746 D CentralSurfaces: SYSUI_RAM_OPTIMIZATION onTrimMemory=20
03-02 00:57:51.655  1507  1507 I Layer   : id=157091 Destroyed Splash Screen com.podcast.app.debug$_2746#157091
03-02 00:57:51.655  1507  1507 I Layer   : id=157059 Destroyed cd49e13 Splash Screen com.podcast.app.debug.test#157059
03-02 00:57:51.655  1507  1507 I Layer   : id=157090 Destroyed 1094d93 Splash Screen com.podcast.app.debug#157090
03-02 00:57:51.655  1507  1507 I Layer   : id=157100 Destroyed DimTransitionLayer for Surface(name=Task=44914)/@0xb0cbb91#157100
03-02 00:57:51.655  1507  1507 I SurfaceFlinger: onHandleDestroyed: layerId=157093, name=Transition Root: Task=44914#157093
03-02 00:57:51.655  1507  1507 I SurfaceFlinger: id=157093 Removed Transition Root: Task=44914#157093 (335)
03-02 00:57:51.656 14885 14885 V SurfaceView: Layout: x=4320 y=-2080 w=1080 h=1920, frame=Rect(0, 0 - 1080, 1920)
03-02 00:57:51.656 14885 14885 I SV[7374587 SplashActivity]: onWindowVisibilityChanged(8) false X.0fk7{7086fb V.E...... ........ 0,80-1080,2000} of VRI[SplashActivity]@35f4eb8
03-02 00:57:51.656 14885 14885 I SurfaceView: 7374587 Changes: creating=false format=false size=false visible=true alpha=false hint=false left=false top=false z=false attached=true lifecycleStrategy=false
03-02 00:57:51.656 14885 14885 I SurfaceView: 7374587 Cur surface: Surface(name=null mNativeObject=480505736192)/@0x5798c7e
03-02 00:57:51.656 14885 14885 I SurfaceView: 7374587 surfaceDestroyed
03-02 00:57:51.656 14885 14885 I SV[7374587 SplashActivity]: surfaceDestroyed callback.size 2 #2 X.0fk7{7086fb V.E...... ........ 0,80-1080,2000}
03-02 00:57:51.659  2746  2870 D HWUI    : CacheManager::trimMemory(20)
03-02 00:57:51.661  1445  2902 W C2MtkBufferManager: [0xB4000070F507E520] fetchNewCcBlock: wait fence 0x0xb4000070f5058270 timed out. ret 110
03-02 00:57:51.661  1507  1825 I SurfaceFlinger: Capture layer list: 	 com.podcast.app.debug/androidx.activity.ComponentActivity$_17121#157095(seamlessTransition:0)
03-02 00:57:51.665  1507  1507 I SurfaceFlinger: [Display 0 name="Built-in Screen"#49] setFrameRateCategory: Default
03-02 00:57:51.665  1507  1507 I SurfaceFlinger: RequestedLayer [com.zhiliaoapp.musically/com.ss.andr[...].splash.SplashActivity$_14885#157069] hidden!! flag  from(0) --> to(1)
03-02 00:57:51.665  1507  1507 I SurfaceFlinger: RequestedLayer [ActivityRecord{2751228 u0 com.zhilia[...]splash.SplashActivity t44543}#147902] hidden!! flag  from(0) --> to(1)
03-02 00:57:51.665  1507  1507 I SurfaceFlinger: destroyed Transition Root: Task=44914#157093
03-02 00:57:51.665 14885 18629 D SurfaceUtils: connecting to surface 0x6f9d394c10, reason connectToSurface
03-02 00:57:51.665 14885 18629 I MediaCodec: [c2.mtk.hevc.decoder] setting surface generation to 15242334
03-02 00:57:51.665 14885 18629 D SurfaceUtils: disconnecting from surface 0x6f9d394c10, reason connectToSurface(reconnect)
03-02 00:57:51.665 14885 18629 D SurfaceUtils: connecting to surface 0x6f9d394c00, reason connectToSurface(reconnect-with-listener)
03-02 00:57:51.666 14885 18629 D GraphicsTracker: new surface in configuration: maxDequeueRequested(0), maxDequeueCommitted(24)
03-02 00:57:51.666 14885 18629 D GraphicsTracker: new surface configured with id:63930588201057 gen:15242334 maxDequeue:24
03-02 00:57:51.666 14885 18629 D GraphicsTracker: maxDequeueCount is already 24
03-02 00:57:51.666 14885 18629 D Codec2Client: setOutputSurface -- generation=15242334 consumer usage=0x900
03-02 00:57:51.666 14885 18629 D SurfaceUtils: disconnecting from surface 0x6f9d395610, reason disconnectFromSurface
03-02 00:57:51.667  1507  1507 I Layer   : id=157093 Destroyed Transition Root: Task=44914#157093
03-02 00:57:51.667  1507  1507 E RefreshRateSelector: Can't find HRR max refresh rate by policy with the same group 0
03-02 00:57:51.669 14885 14885 I SV[7374587 SplashActivity]: updateSurface: mVisible = false mSurface.isValid() = true
03-02 00:57:51.669 14885 14885 I BLASTBufferQueue: [7086fb SurfaceView[com.zhiliaoapp.musically/com.ss.android.ugc.aweme.splash.SplashActivity]@0#164](f:0,a:1,s:0) destructor()
03-02 00:57:51.669 14885 14885 D BufferQueueConsumer: [7086fb SurfaceView[com.zhiliaoapp.musically/com.ss.android.ugc.aweme.splash.SplashActivity]@0#164(BLAST Consumer)164](id:3a25000000a9,api:0,p:-1,c:14885) disconnect
03-02 00:57:51.670 14885 14885 I SV[7374587 SplashActivity]: releaseSurfaces: viewRoot = VRI[SplashActivity]@35f4eb8
03-02 00:57:51.670 14885 14885 V SurfaceView: Layout: x=0 y=80 w=1080 h=1920, frame=Rect(0, 0 - 1080, 1920)
03-02 00:57:51.670 14885 14885 I SV[137774491 SplashActivity]: onWindowVisibilityChanged(8) false X.0fk7{836459b V.E...... ........ 0,81-1080,1998} of VRI[SplashActivity]@35f4eb8
03-02 00:57:51.670 14885 14885 I SurfaceView: 137774491 Changes: creating=false format=false size=false visible=true alpha=false hint=false left=false top=false z=false attached=true lifecycleStrategy=false
03-02 00:57:51.670 14885 14885 I SurfaceView: 137774491 Cur surface: Surface(name=null mNativeObject=480514716928)/@0xe7e74a9
03-02 00:57:51.670 14885 14885 I SurfaceView: 137774491 surfaceDestroyed
03-02 00:57:51.670 14885 14885 I SV[137774491 SplashActivity]: surfaceDestroyed callback.size 1 #2 X.0fk7{836459b V.E...... ........ 0,81-1080,1998}
03-02 00:57:51.670 14885 14885 I SV[137774491 SplashActivity]: updateSurface: mVisible = false mSurface.isValid() = true
03-02 00:57:51.670 14885 14885 I BLASTBufferQueue: [836459b SurfaceView[com.zhiliaoapp.musically/com.ss.android.ugc.aweme.splash.SplashActivity]@0#165](f:0,a:0,s:0) destructor()
03-02 00:57:51.670 14885 14885 D BufferQueueConsumer: [836459b SurfaceView[com.zhiliaoapp.musically/com.ss.android.ugc.aweme.splash.SplashActivity]@0#165(BLAST Consumer)165](id:3a25000000aa,api:0,p:-1,c:14885) disconnect
03-02 00:57:51.670 14885 14885 I SV[137774491 SplashActivity]: releaseSurfaces: viewRoot = VRI[SplashActivity]@35f4eb8
03-02 00:57:51.670 14885 14885 V SurfaceView: Layout: x=4320 y=2240 w=1080 h=1917, frame=Rect(0, 0 - 1080, 1917)
03-02 00:57:51.672 14885 15423 D SurfaceView: 222926624 windowPositionLost, frameNr = 0
03-02 00:57:51.675 14885 15423 D SurfaceView: 119621849 windowPositionLost, frameNr = 0
03-02 00:57:51.676 14885 15423 D SurfaceView: 238310046 windowPositionLost, frameNr = 0
03-02 00:57:51.677  1444  1461 I hwcomposer: [HWCDisplay] (0 updateFps():4131), (type:1, mode:2) fps:90.896545,dur:1001.14,max:18.03,min:3.97
03-02 00:57:51.679 14885 15423 D HWUI    : CacheManager::trimMemory(20)
03-02 00:57:51.681  2013  4844 I WindowManager: Relayout Window{cd2d6b5 u0 com.zhiliaoapp.musically/com.ss.android.ugc.aweme.splash.SplashActivity}: viewVisibility=8 req=1080x2340 ty=1 d0
03-02 00:57:51.683  1628  1637 E thermal_core: find_tz_idx_by_name:"Failed to find thermal zone index of ap_ntc\n"
03-02 00:57:51.684  1628  1637 E thermal_core: find_tz_idx_by_name:"Failed to find thermal zone index of mtk-master-charger\n"
03-02 00:57:51.690  2013  4844 I WindowManager: Relayout hash=cd2d6b5, pid=14885, syncId=-1: mAttrs={(0,0)(fillxfill) sim={adjust=pan} layoutInDisplayCutoutMode=always ty=BASE_APPLICATION fmt=TRANSLUCENT wanim=0x1030317
03-02 00:57:51.690  2013  4844 I WindowManager:   fl=81810180
03-02 00:57:51.690  2013  4844 I WindowManager:   pfl=10008840
03-02 00:57:51.690  2013  4844 I WindowManager:   vsysui=400
03-02 00:57:51.690  2013  4844 I WindowManager:   apr=10
03-02 00:57:51.690  2013  4844 I WindowManager:   bhv=1
03-02 00:57:51.690  2013  4844 I WindowManager:   fitSides=0
03-02 00:57:51.690  2013  4844 I WindowManager:   frameRateBoostOnTouch=true
03-02 00:57:51.690  2013  4844 I WindowManager:   dvrrWindowFrameRateHint=true naviIconColor=0
03-02 00:57:51.690  2013  4844 I WindowManager:   sfl=100000}
03-02 00:57:51.692 14885 14885 I BLASTBufferQueue: [VRI[SplashActivity]@35f4eb8#162](f:0,a:1,s:0) destructor()
03-02 00:57:51.692 14885 14885 D BufferQueueConsumer: [VRI[SplashActivity]@35f4eb8#162(BLAST Consumer)162](id:3a25000000a7,api:0,p:-1,c:14885) disconnect
03-02 00:57:51.692  1646  2917 I CameraService: onUidStateChanged: uid=10235, procState is changed. (3 -> 4)
03-02 00:57:51.694 14885 14885 I VRI[SplashActivity]@35f4eb8: Relayout returned: old=(0,0,1080,2340) new=(0,0,1080,2340) relayoutAsync=false req=(1080,2340)8 dur=12 res=0x2 s={false 0x0} ch=true seqId=0
03-02 00:57:51.694 14885 14885 I SV[6876039 SplashActivity]: windowStopped(true) false X.0fk7{68eb87 V.E...... ........ 0,80-1080,2000} of VRI[SplashActivity]@35f4eb8
03-02 00:57:51.694 14885 14885 D SV[6876039 SplashActivity]: updateSurface: surface is not valid
03-02 00:57:51.694 14885 14885 I SV[6876039 SplashActivity]: releaseSurfaces: viewRoot = VRI[SplashActivity]@35f4eb8
03-02 00:57:51.694 14885 14885 D VRI[SplashActivity]@35f4eb8: applyTransactionOnDraw applyImmediately
03-02 00:57:51.695 14885 14885 I SV[7374587 SplashActivity]: windowStopped(true) false X.0fk7{7086fb V.E...... ........ 0,80-1080,2000} of VRI[SplashActivity]@35f4eb8
03-02 00:57:51.695 14885 14885 D SV[7374587 SplashActivity]: updateSurface: surface is not valid
03-02 00:57:51.695 14885 14885 I SV[7374587 SplashActivity]: releaseSurfaces: viewRoot = VRI[SplashActivity]@35f4eb8
03-02 00:57:51.695 14885 14885 D VRI[SplashActivity]@35f4eb8: applyTransactionOnDraw applyImmediately
03-02 00:57:51.696 14885 14885 I SV[137774491 SplashActivity]: windowStopped(true) false X.0fk7{836459b V.E...... ........ 0,81-1080,1998} of VRI[SplashActivity]@35f4eb8
03-02 00:57:51.696 14885 14885 D SV[137774491 SplashActivity]: updateSurface: surface is not valid
03-02 00:57:51.696 14885 14885 I SV[137774491 SplashActivity]: releaseSurfaces: viewRoot = VRI[SplashActivity]@35f4eb8
03-02 00:57:51.696 14885 14885 D VRI[SplashActivity]@35f4eb8: applyTransactionOnDraw applyImmediately
03-02 00:57:51.697 14885 14885 D SV[6876039 SplashActivity]: updateSurface: surface is not valid
03-02 00:57:51.697 14885 14885 I SV[6876039 SplashActivity]: releaseSurfaces: viewRoot = VRI[SplashActivity]@35f4eb8
03-02 00:57:51.697 14885 14885 D VRI[SplashActivity]@35f4eb8: applyTransactionOnDraw applyImmediately
03-02 00:57:51.698  1507  1507 I SurfaceFlinger: [LayerHierarchy{RequestedLayerState{Bounds for - com.zhiliaoapp.musically/com.ss.android.ugc.aweme.splash.SplashActivity@38#157072} 3 children}] reparent to OffscreenRoot
03-02 00:57:51.698 14885 14885 D SV[7374587 SplashActivity]: updateSurface: surface is not valid
03-02 00:57:51.698  1507  1507 I SurfaceFlinger: [LayerHierarchy{RequestedLayerState{Bounds for - com.zhiliaoapp.musically/com.ss.android.ugc.aweme.splash.SplashActivity@38#157072} 3 children}] RelativeParent to null
03-02 00:57:51.698 14885 14885 I SV[7374587 SplashActivity]: releaseSurfaces: viewRoot = VRI[SplashActivity]@35f4eb8
03-02 00:57:51.698 14885 14885 D VRI[SplashActivity]@35f4eb8: applyTransactionOnDraw applyImmediately
03-02 00:57:51.699 14885 14885 D SV[137774491 SplashActivity]: updateSurface: surface is not valid
03-02 00:57:51.699 14885 14885 I SV[137774491 SplashActivity]: releaseSurfaces: viewRoot = VRI[SplashActivity]@35f4eb8
03-02 00:57:51.699 14885 14885 D VRI[SplashActivity]@35f4eb8: applyTransactionOnDraw applyImmediately
03-02 00:57:51.701 14885 14885 D VRI[SplashActivity]@35f4eb8: Not drawing due to not visible. Reason=!mAppVisible && !mForceDecorViewVisibility
03-02 00:57:51.701 14885 14885 D VRI[SplashActivity]@35f4eb8: Pending transaction will not be applied in sync with a draw due to view not visible
03-02 00:57:51.701 14885 14885 I VRI[SplashActivity]@35f4eb8: mWNT: t=0x769ac0ba00 mBlastBufferQueue=0xnull fn= 0 HdrRenderState mRenderHdrSdrRatio=1.0 caller= android.view.ViewRootImpl.handleSyncRequestWhenNoAsyncDraw:6733 android.view.ViewRootImpl.performTraversals:5504 android.view.ViewRootImpl.doTraversal:3924
03-02 00:57:51.702  1507  1507 I SurfaceFlinger: onHandleDestroyed: layerId=157072, name=Bounds for - com.zhiliaoapp.musically/com.ss.android.ugc.aweme.splash.SplashActivity@38#157072
03-02 00:57:51.702  1507  1507 I SurfaceFlinger: id=157072 Removed Bounds for - com.zhiliaoapp.musically/com.ss.android.ugc.aweme.splash.SplashActivity@38#157072 (334)
03-02 00:57:51.704 14885 15423 D HWUI    : CacheManager::trimMemory(20)
03-02 00:57:51.707 14885 14885 I VRI[SplashActivity]@35f4eb8: stopped(true) old = false
03-02 00:57:51.707 14885 14885 D VRI[SplashActivity]@35f4eb8: WindowStopped on com.zhiliaoapp.musically/com.ss.android.ugc.aweme.splash.SplashActivity set to true
03-02 00:57:51.708 14885 15423 D HWUI    : CacheManager::trimMemory(20)
03-02 00:57:51.709  1507  1507 I SurfaceFlinger: destroyed Bounds for - com.zhiliaoapp.musically/com.ss.android.ugc.aweme.splash.SplashActivity@38#157072
03-02 00:57:51.709  1507  1507 I SurfaceFlinger: [LayerHierarchy{RequestedLayerState{Background for 7086fb SurfaceView[com.zhiliaoapp.musically/com.ss.android.ugc.aweme.splash.SplashActivity]@0#157078 z=-2147483648} no children}] reparent to OffscreenRoot
03-02 00:57:51.709  1445 18689 W C2MtkBufferManager: [0xB4000070F68A8D20] fetchNewCcBlock: wait fence 0x0xb4000070f692fcb0 timed out. ret 110
03-02 00:57:51.709  1507  1507 I SurfaceFlinger: [LayerHierarchy{RequestedLayerState{Background for 7086fb SurfaceView[com.zhiliaoapp.musically/com.ss.android.ugc.aweme.splash.SplashActivity]@0#157078 z=-2147483648} no children}] RelativeParent to null
03-02 00:57:51.709  1507  1507 I SurfaceFlinger: [LayerHierarchy{RequestedLayerState{836459b SurfaceView[com.zhiliaoapp.musically/com.ss.android.ugc.aweme.splash.SplashActivity]@0#157079 z=-2} 2 children}] reparent to OffscreenRoot
03-02 00:57:51.710  1507  1507 I SurfaceFlinger: [LayerHierarchy{RequestedLayerState{836459b SurfaceView[com.zhiliaoapp.musically/com.ss.android.ugc.aweme.splash.SplashActivity]@0#157079 z=-2} 2 children}] RelativeParent to null
03-02 00:57:51.710  1507  1507 I SurfaceFlinger: [LayerHierarchy{RequestedLayerState{836459b SurfaceView[com.zhiliaoapp.musically/com.ss.android.ugc.aweme.splash.SplashActivity]@0(BLAST)#157080} no children}] reparent to OffscreenRoot
03-02 00:57:51.710  1507  1507 I SurfaceFlinger: [LayerHierarchy{RequestedLayerState{836459b SurfaceView[com.zhiliaoapp.musically/com.ss.android.ugc.aweme.splash.SplashActivity]@0(BLAST)#157080} no children}] RelativeParent to null
03-02 00:57:51.710  1507  1507 I SurfaceFlinger: [LayerHierarchy{RequestedLayerState{7086fb SurfaceView[com.zhiliaoapp.musically/com.ss.android.ugc.aweme.splash.SplashActivity]@0#157076 z=-2} 1 children}] reparent to OffscreenRoot
03-02 00:57:51.710  1507  1507 I SurfaceFlinger: [LayerHierarchy{RequestedLayerState{7086fb SurfaceView[com.zhiliaoapp.musically/com.ss.android.ugc.aweme.splash.SplashActivity]@0#157076 z=-2} 1 children}] RelativeParent to null
03-02 00:57:51.710  1507  1507 I SurfaceFlinger: [LayerHierarchy{RequestedLayerState{Background for 68eb87 SurfaceView[com.zhiliaoapp.musically/com.ss.android.ugc.aweme.splash.SplashActivity]@0#157075 z=-2147483648} no children}] reparent to OffscreenRoot
03-02 00:57:51.710  1507  1507 I SurfaceFlinger: [LayerHierarchy{RequestedLayerState{Background for 68eb87 SurfaceView[com.zhiliaoapp.musically/com.ss.android.ugc.aweme.splash.SplashActivity]@0#157075 z=-2147483648} no children}] RelativeParent to null
03-02 00:57:51.710  1507  1507 I SurfaceFlinger: [LayerHierarchy{RequestedLayerState{Background for 836459b SurfaceView[com.zhiliaoapp.musically/com.ss.android.ugc.aweme.splash.SplashActivity]@0#157081 z=-2147483648} no children}] reparent to OffscreenRoot
03-02 00:57:51.710  1507  1507 I SurfaceFlinger: [LayerHierarchy{RequestedLayerState{Background for 836459b SurfaceView[com.zhiliaoapp.musically/com.ss.android.ugc.aweme.splash.SplashActivity]@0#157081 z=-2147483648} no children}] RelativeParent to null
03-02 00:57:51.710  1507  1507 I SurfaceFlinger: [LayerHierarchy{RequestedLayerState{7086fb SurfaceView[com.zhiliaoapp.musically/com.ss.android.ugc.aweme.splash.SplashActivity]@0(BLAST)#157077} no children}] reparent to OffscreenRoot
03-02 00:57:51.710  1507  1507 I SurfaceFlinger: [LayerHierarchy{RequestedLayerState{7086fb SurfaceView[com.zhiliaoapp.musically/com.ss.android.ugc.aweme.splash.SplashActivity]@0(BLAST)#157077} no children}] RelativeParent to null
03-02 00:57:51.710  1507  1507 I SurfaceFlinger: [LayerHierarchy{RequestedLayerState{68eb87 SurfaceView[com.zhiliaoapp.musically/com.ss.android.ugc.aweme.splash.SplashActivity]@0#157073 z=-2} 1 children}] reparent to OffscreenRoot
03-02 00:57:51.710  1507  1507 I SurfaceFlinger: [LayerHierarchy{RequestedLayerState{68eb87 SurfaceView[com.zhiliaoapp.musically/com.ss.android.ugc.aweme.splash.SplashActivity]@0#157073 z=-2} 1 children}] RelativeParent to null
03-02 00:57:51.710  1507  1507 I SurfaceFlinger: [LayerHierarchy{RequestedLayerState{68eb87 SurfaceView[com.zhiliaoapp.musically/com.ss.android.ugc.aweme.splash.SplashActivity]@0(BLAST)#157074} no children}] reparent to OffscreenRoot
03-02 00:57:51.710  1507  1507 I SurfaceFlinger: [LayerHierarchy{RequestedLayerState{68eb87 SurfaceView[com.zhiliaoapp.musically/com.ss.android.ugc.aweme.splash.SplashActivity]@0(BLAST)#157074} no children}] RelativeParent to null
03-02 00:57:51.711 14885 14885 I System.out: SAFActivity: com.ss.android.ugc.aweme.main.MainActivity@c20428f,  onStop Start
03-02 00:57:51.714  1507  1507 I Layer   : id=157072 Destroyed Bounds for - com.zhiliaoapp.musically/com.ss.android.ugc.aweme.splash.SplashActivity@38#157072
03-02 00:57:51.714  1507  1507 I SurfaceFlinger: onHandleDestroyed: layerId=157080, name=836459b SurfaceView[com.zhiliaoapp.musically/com.ss.android.ugc.aweme.splash.SplashActivity]@0(BLAST)#157080
03-02 00:57:51.714  1507  1507 I SurfaceFlinger: id=157080 Removed 836459b SurfaceView[com.zhiliaoapp.musically/com.ss.android.ugc.aweme.splash.SplashActivity]@0(BLAST)#157080 (333)
03-02 00:57:51.714  1507  1507 I SurfaceFlinger: onHandleDestroyed: layerId=157079, name=836459b SurfaceView[com.zhiliaoapp.musically/com.ss.android.ugc.aweme.splash.SplashActivity]@0#157079
03-02 00:57:51.714  1507  1507 I SurfaceFlinger: id=157079 Removed 836459b SurfaceView[com.zhiliaoapp.musically/com.ss.android.ugc.aweme.splash.SplashActivity]@0#157079 (333)
03-02 00:57:51.714  1507  1507 I SurfaceFlinger: onHandleDestroyed: layerId=157081, name=Background for 836459b SurfaceView[com.zhiliaoapp.musically/com.ss.android.ugc.aweme.splash.SplashActivity]@0#157081
03-02 00:57:51.714  1507  1507 I SurfaceFlinger: id=157081 Removed Background for 836459b SurfaceView[com.zhiliaoapp.musically/com.ss.android.ugc.aweme.splash.SplashActivity]@0#157081 (333)
03-02 00:57:51.714  1507  1507 I SurfaceFlinger: onHandleDestroyed: layerId=157077, name=7086fb SurfaceView[com.zhiliaoapp.musically/com.ss.android.ugc.aweme.splash.SplashActivity]@0(BLAST)#157077
03-02 00:57:51.714  1507  1507 I SurfaceFlinger: id=157077 Removed 7086fb SurfaceView[com.zhiliaoapp.musically/com.ss.android.ugc.aweme.splash.SplashActivity]@0(BLAST)#157077 (333)
03-02 00:57:51.714  1507  1507 I SurfaceFlinger: onHandleDestroyed: layerId=157076, name=7086fb SurfaceView[com.zhiliaoapp.musically/com.ss.android.ugc.aweme.splash.SplashActivity]@0#157076
03-02 00:57:51.714  1507  1507 I SurfaceFlinger: id=157076 Removed 7086fb SurfaceView[com.zhiliaoapp.musically/com.ss.android.ugc.aweme.splash.SplashActivity]@0#157076 (333)
03-02 00:57:51.714  1507  1507 I SurfaceFlinger: onHandleDestroyed: layerId=157078, name=Background for 7086fb SurfaceView[com.zhiliaoapp.musically/com.ss.android.ugc.aweme.splash.SplashActivity]@0#157078
03-02 00:57:51.714  1507  1507 I SurfaceFlinger: id=157078 Removed Background for 7086fb SurfaceView[com.zhiliaoapp.musically/com.ss.android.ugc.aweme.splash.SplashActivity]@0#157078 (333)
03-02 00:57:51.714  1507  1507 I SurfaceFlinger: onHandleDestroyed: layerId=157074, name=68eb87 SurfaceView[com.zhiliaoapp.musically/com.ss.android.ugc.aweme.splash.SplashActivity]@0(BLAST)#157074
03-02 00:57:51.714  1507  1507 I SurfaceFlinger: id=157074 Removed 68eb87 SurfaceView[com.zhiliaoapp.musically/com.ss.android.ugc.aweme.splash.SplashActivity]@0(BLAST)#157074 (333)
03-02 00:57:51.714  1507  1507 I SurfaceFlinger: onHandleDestroyed: layerId=157073, name=68eb87 SurfaceView[com.zhiliaoapp.musically/com.ss.android.ugc.aweme.splash.SplashActivity]@0#157073
03-02 00:57:51.714  1507  1507 I SurfaceFlinger: id=157073 Removed 68eb87 SurfaceView[com.zhiliaoapp.musically/com.ss.android.ugc.aweme.splash.SplashActivity]@0#157073 (333)
03-02 00:57:51.714  1507  1507 I SurfaceFlinger: onHandleDestroyed: layerId=157075, name=Background for 68eb87 SurfaceView[com.zhiliaoapp.musically/com.ss.android.ugc.aweme.splash.SplashActivity]@0#157075
03-02 00:57:51.714  1507  1507 I SurfaceFlinger: id=157075 Removed Background for 68eb87 SurfaceView[com.zhiliaoapp.musically/com.ss.android.ugc.aweme.splash.SplashActivity]@0#157075 (333)
03-02 00:57:51.720  1507  1507 I SurfaceFlinger: destroyed Background for 7086fb SurfaceView[com.zhiliaoapp.musically/com.ss.android.ugc.aweme.splash.SplashActivity]@0#157078
03-02 00:57:51.720  1507  1507 I SurfaceFlinger: destroyed 68eb87 SurfaceView[com.zhiliaoapp.musically/com.ss.android.ugc.aweme.splash.SplashActivity]@0(BLAST)#157074
03-02 00:57:51.720  1507  1507 I SurfaceFlinger: destroyed 68eb87 SurfaceView[com.zhiliaoapp.musically/com.ss.android.ugc.aweme.splash.SplashActivity]@0#157073
03-02 00:57:51.720  1507  1507 I SurfaceFlinger: destroyed 836459b SurfaceView[com.zhiliaoapp.musically/com.ss.android.ugc.aweme.splash.SplashActivity]@0#157079
03-02 00:57:51.720  1507  1507 I SurfaceFlinger: destroyed 836459b SurfaceView[com.zhiliaoapp.musically/com.ss.android.ugc.aweme.splash.SplashActivity]@0(BLAST)#157080
03-02 00:57:51.720  1507  1507 I SurfaceFlinger: destroyed 7086fb SurfaceView[com.zhiliaoapp.musically/com.ss.android.ugc.aweme.splash.SplashActivity]@0#157076
03-02 00:57:51.720  1507  1507 I SurfaceFlinger: destroyed Background for 68eb87 SurfaceView[com.zhiliaoapp.musically/com.ss.android.ugc.aweme.splash.SplashActivity]@0#157075
03-02 00:57:51.720  1507  1507 I SurfaceFlinger: destroyed 7086fb SurfaceView[com.zhiliaoapp.musically/com.ss.android.ugc.aweme.splash.SplashActivity]@0(BLAST)#157077
03-02 00:57:51.720  1507  1507 I SurfaceFlinger: destroyed Background for 836459b SurfaceView[com.zhiliaoapp.musically/com.ss.android.ugc.aweme.splash.SplashActivity]@0#157081
03-02 00:57:51.723  1446  1446 I SensorsHub: queueActivate: handle 5 enable 0
03-02 00:57:51.724  1446  1446 I SensorsHub: type : 5, enable : 0
03-02 00:57:51.725  1507  1507 I Layer   : id=157075 Destroyed Background for 68eb87 SurfaceView[com.zhiliaoapp.musically/com.ss.android.ugc.aweme.splash.SplashActivity]@0#157075
03-02 00:57:51.725  1507  1507 I Layer   : id=157073 Destroyed 68eb87 SurfaceView[com.zhiliaoapp.musically/com.ss.android.ugc.aweme.splash.SplashActivity]@0#157073
03-02 00:57:51.725  1507  1507 I Layer   : id=157074 Destroyed 68eb87 SurfaceView[com.zhiliaoapp.musically/com.ss.android.ugc.aweme.splash.SplashActivity]@0(BLAST)#157074
03-02 00:57:51.725  1507  1507 I Layer   : id=157078 Destroyed Background for 7086fb SurfaceView[com.zhiliaoapp.musically/com.ss.android.ugc.aweme.splash.SplashActivity]@0#157078
03-02 00:57:51.725  1507  1507 I Layer   : id=157076 Destroyed 7086fb SurfaceView[com.zhiliaoapp.musically/com.ss.android.ugc.aweme.splash.SplashActivity]@0#157076
03-02 00:57:51.725  1507  1507 I Layer   : id=157077 Destroyed 7086fb SurfaceView[com.zhiliaoapp.musically/com.ss.android.ugc.aweme.splash.SplashActivity]@0(BLAST)#157077
03-02 00:57:51.725  1507  1507 I Layer   : id=157081 Destroyed Background for 836459b SurfaceView[com.zhiliaoapp.musically/com.ss.android.ugc.aweme.splash.SplashActivity]@0#157081
03-02 00:57:51.725  1507  1507 I Layer   : id=157079 Destroyed 836459b SurfaceView[com.zhiliaoapp.musically/com.ss.android.ugc.aweme.splash.SplashActivity]@0#157079
03-02 00:57:51.725  1507  1507 I Layer   : id=157080 Destroyed 836459b SurfaceView[com.zhiliaoapp.musically/com.ss.android.ugc.aweme.splash.SplashActivity]@0(BLAST)#157080
03-02 00:57:51.730  2013  4844 I MediaFocusControl: abandonAudioFocus() from uid/pid 10350/14885 clientId=android.media.AudioManager@b7fcc9dX.143s@4302512 callingPack=com.zhiliaoapp.musically
03-02 00:57:51.731  2013  4844 D AS.AudioService: [Android Auto] isConnectedAndroidAuto = false
03-02 00:57:51.731  2013  4844 D MediaFocusControl: selectFocusStack, uid = 10350, appDevice = 0, device = 2
03-02 00:57:51.731  2013  4844 I MediaFocusControl: removeFocusStackEntry client:android.media.AudioManager@b7fcc9dX.143s@4302512
03-02 00:57:51.734  1445  2902 W C2MtkBufferManager: [0xB4000070F507E520] fetchNewCcBlock: wait fence 0x0xb4000070f5058270 timed out. ret 110
03-02 00:57:51.749  1445 18689 W C2MtkBufferManager: [0xB4000070F68A8D20] fetchNewCcBlock: wait fence 0x0xb4000070f692fcb0 timed out. ret 110
03-02 00:57:51.753 14885 14885 I System.out: SceneSafeLifecycleDispatcher: onStopped Start
03-02 00:57:51.753 14885 14885 I System.out: SAFActivity V Scene Framework: NavigationMessageQueue postSync start
03-02 00:57:51.753 14885 14885 I System.out: SAFActivity V Scene Framework: NavigationMessageQueue postSync run current task start 14_Y.ARunnableS108S0200000_32@77e082e
03-02 00:57:51.753 14885 14885 I System.out: SAFActivity V Scene Framework: NavigationSceneManager Sync Scene SAFFragmentRootScene{79e191c} Lifecycle [STARTED -> ACTIVITY_CREATED] without saved State
03-02 00:57:51.753 14885 14885 I System.out: SAFFragmentRootScene: onStop Start (SAFFragmentRootScene{79e191c})
03-02 00:57:51.753  2013  2067 I ChimeraSystemEventListener: appLaunchIntent package name is: com.podcast.app.debug.test
03-02 00:57:51.754 14885 16208 W System.err: FlagsHookHelper: skip hook flags method getInstanceHook
03-02 00:57:51.757 14885 17072 W System.err: FlagsHookHelper: skip hook flags method getInstanceHook
03-02 00:57:51.758 14885 16239 D SensorManager: unregisterListener
03-02 00:57:51.760  1507  1825 I SurfaceFlinger: Capture layer list: 	 com.podcast.app.debug/androidx.activity.ComponentActivity$_17121#157095(seamlessTransition:0)
03-02 00:57:51.764 14885 14885 I System.out: SAFActivity V Scene Framework: NavigationMessageQueue postSync run current task finish 14_Y.ARunnableS108S0200000_32@77e082e
03-02 00:57:51.764 14885 14885 I System.out: SAFActivity V Scene Framework: NavigationMessageQueue postSync finish
03-02 00:57:51.764 14885 14885 I System.out: SceneSafeLifecycleDispatcher: onStopped End STOP
03-02 00:57:51.764 14885 14885 I System.out: SAFActivity: com.ss.android.ugc.aweme.main.MainActivity@c20428f,  onStop End
03-02 00:57:51.764 14885 14885 D SV[6876039 SplashActivity]: updateSurface: surface is not valid
03-02 00:57:51.764 14885 14885 I SV[6876039 SplashActivity]: releaseSurfaces: viewRoot = VRI[SplashActivity]@35f4eb8
03-02 00:57:51.764 14885 14885 D VRI[SplashActivity]@35f4eb8: applyTransactionOnDraw applyImmediately
03-02 00:57:51.764 14885 14885 D SV[7374587 SplashActivity]: updateSurface: surface is not valid
03-02 00:57:51.764 14885 14885 I SV[7374587 SplashActivity]: releaseSurfaces: viewRoot = VRI[SplashActivity]@35f4eb8
03-02 00:57:51.764 14885 14885 D VRI[SplashActivity]@35f4eb8: applyTransactionOnDraw applyImmediately
03-02 00:57:51.765 14885 14885 D SV[137774491 SplashActivity]: updateSurface: surface is not valid
03-02 00:57:51.765 14885 14885 I SV[137774491 SplashActivity]: releaseSurfaces: viewRoot = VRI[SplashActivity]@35f4eb8
03-02 00:57:51.765 14885 14885 D VRI[SplashActivity]@35f4eb8: applyTransactionOnDraw applyImmediately
03-02 00:57:51.767 14885 14885 I System.out: SAFActivity V Scene Framework: NavigationSceneManager forceExecutePendingNavigationOperation start
03-02 00:57:51.767 14885 14885 I System.out: SAFActivity V Scene Framework: NavigationMessageQueue postSync start
03-02 00:57:51.767 14885 14885 I System.out: SAFActivity V Scene Framework: NavigationMessageQueue postSync run current task start 0_Y.ARunnableS90S0000000_15@c5075e1
03-02 00:57:51.767 14885 14885 I System.out: SAFActivity V Scene Framework: NavigationMessageQueue postSync run current task finish 0_Y.ARunnableS90S0000000_15@c5075e1
03-02 00:57:51.767 14885 14885 I System.out: SAFActivity V Scene Framework: NavigationMessageQueue postSync finish
03-02 00:57:51.767 14885 14885 I System.out: SAFActivity V Scene Framework: NavigationSceneManager forceExecutePendingNavigationOperation finish
03-02 00:57:51.767 14885 14885 I System.out: SAFActivity: com.ss.android.ugc.aweme.main.MainActivity@c20428f,  onSaveInstanceState Start
03-02 00:57:51.770 14885 14885 I System.out: SceneSafeLifecycleDispatcher: onSaveInstanceState Start
03-02 00:57:51.770  2013  3441 I SemDvfsHyPerManager: acquire hyper - AMS_APP_SWITCH/2013@20, type = -999
03-02 00:57:51.770 14885 14885 I System.out: SAFFragmentRootScene: onSaveInstanceState Start (SAFFragmentRootScene{79e191c})
03-02 00:57:51.770  1450  1487 I HYPER-HAL: [RequestManager.cpp]acquire(): Acquired ID : 2067581  [2013 / 20]    HINT : AMS_ACT_SWITCH    list :
03-02 00:57:51.770 14885 14885 I System.out: SceneSafeLifecycleDispatcher: onSaveInstanceState End STOP
03-02 00:57:51.770 14885 14885 I System.out: SAFActivity: com.ss.android.ugc.aweme.main.MainActivity@c20428f,  onSaveInstanceState End
03-02 00:57:51.770  1450  1487 I mtkpower_client: perf_lock_rel, hdl:76902, pid: 1450, tid:1487
03-02 00:57:51.771  1464  1492 I mtkpower@impl: [setMode] type:5, enabled:1
03-02 00:57:51.771 14885 14885 W System.err: onActivityPostSaveInstanceState store finished---->com.ss.android.ugc.aweme.main.MainActivity@c20428f
03-02 00:57:51.771  1450  1487 I mtkpower_client: perf_lock_acq, hdl:0, dur:0, num:2, pid:1450, tid:1487
03-02 00:57:51.772  1464  1529 I libPowerHal: [perfLockRel] hdl:76902, idx:8
03-02 00:57:51.772  1464  1529 I libPowerHal: [PD] vendor.samsung. update cmd:1000000 param:-1 pr:6
03-02 00:57:51.773  1464  1529 I libPowerHal: [perfLockRel] Done for hdl : 76902
03-02 00:57:51.773  1450  1487 I mtkpower_client: ret_hdl:76903
03-02 00:57:51.774  1450  1487 I mtkpower_client: perf_lock_rel, hdl:76900, pid: 1450, tid:1487
03-02 00:57:51.774  1464  1529 I libPowerHal: [perfLockAcq] idx:3 hdl:76903 hint:-1 pid:1450 tid:1487 duration:0 lock_user:vendor.samsung. => ret_hdl:76903
03-02 00:57:51.774  1464  1529 I libPowerHal: [setDvfsrcDevFreqOpp] opp:0, freq:4266000000
03-02 00:57:51.774  1464  1529 I libPowerHal: [PE] vendor.samsung. update cmd:1000000 param:0 pr:3
03-02 00:57:51.774  1464  1529 I libPowerHal: [perfLockAcq] Done for hdl : 76903
03-02 00:57:51.774 14885 14885 D SV[6876039 SplashActivity]: updateSurface: surface is not valid
03-02 00:57:51.774 14885 14885 I SV[6876039 SplashActivity]: releaseSurfaces: viewRoot = VRI[SplashActivity]@35f4eb8
03-02 00:57:51.774 14885 14885 D VRI[SplashActivity]@35f4eb8: applyTransactionOnDraw applyImmediately
