03-02 00:57:40.626  2746  2808 I VRI[test]@9aff730: onActiveControlsChanged, removed=false, mAdded=true, caller=android.view.ViewRootImpl.handleInsetsControlChanged:3002 android.view.ViewRootImpl.setView:2014 android.view.WindowManagerGlobal.addView:604 com.android.wm.shell.startingsurface.SplashscreenWindowCreator.addWindow:38 com.android.wm.shell.startingsurface.StartingWindowController$$ExternalSyntheticLambda4.run:1365
03-02 00:57:40.626  2746  2808 I VRI[test]@9aff730: synced displayState. AttachInfo displayState=2
03-02 00:57:40.626  2746  2808 I VRI[test]@9aff730: setView = android.widget.FrameLayout@c652ccf IsHRR=false mFlingFrameRateChange=0 TM=true
03-02 00:57:40.626  2746  2870 D HWUI    : HWUI - treat SMPTE_170M as sRGB
03-02 00:57:40.626 14636 15264 D WM-GreedyScheduler: Cancelling work ID f23029b8-b7a3-4a93-aaf6-b7c7a26dfe9e
03-02 00:57:40.628 17532 17532 I DecorView: setWindowBackground: isPopOver=false color=ffffffff d=android.graphics.drawable.ColorDrawable@4ec2da2
03-02 00:57:40.628 14885 18457 W System.err: FlagsHookHelper: skip hook flags method getInstanceHook
03-02 00:57:40.628  3202  3386 I HoneySpace.TopTaskSource: onTaskFocusChanged(): taskId = 44899
03-02 00:57:40.629  2746  2746 I {OngoingActivityController}: onTaskFocusChanged but OA data is empty
03-02 00:57:40.630  2013  3648 I WindowManager: Relayout Window{bc33abe u0 Splash Screen com.podcast.app.debug.test}: viewVisibility=0 req=1080x2340 ty=3 d0
03-02 00:57:40.631  1507  2128 I SurfaceFlinger: id=156716 createSurf, flag=44004, Splash Screen com.podcast.app.debug.test$_2746#156716
03-02 00:57:40.631  3202  3202 I HoneySpace.EdgePanel.CocktailHostRepositoryImpl: onNoteResume
03-02 00:57:40.632 14636 15264 W JobInfo : Requested important-while-foreground flag for job3705 is ignored and takes no effect
03-02 00:57:40.632  3202  3202 I HoneySpace.EdgePanel.EdgePanelContainerViewModel: cocktailHostRepository.edgePanelOperation NoteResumeComponent(componentName=ComponentInfo{com.podcast.app.debug.test/androidx.test.core.app.InstrumentationActivityInvoker$EmptyActivity})
03-02 00:57:40.632 14636 15264 D WM-SystemJobScheduler: Scheduling work ID f23029b8-b7a3-4a93-aaf6-b7c7a26dfe9eJob ID 3705
03-02 00:57:40.632  3202  3202 I HoneySpace.EdgePanel.ActivityUtils: HomePackage : com.sec.android.app.launcher, resumePackageName : com.podcast.app.debug.test, className : androidx.test.core.app.InstrumentationActivityInvoker$EmptyActivity
03-02 00:57:40.634  1507  1507 I SurfaceFlinger: [Splash Screen com.podcast.app.debug.test$_2746#156716] attach to parent LayerHierarchy{RequestedLayerState{bc33abe Splash Screen com.podcast.app.debug.test#156715 parentId=156714} 1 children}
03-02 00:57:40.636  2013  4835 W ParceledListSlice: Element #30 is 21544 bytes.
03-02 00:57:40.637 14885 18452 W System.err: FlagsHookHelper: skip hook flags method getInstanceHook
03-02 00:57:40.637  2013  3648 I WindowManager: Relayout hash=bc33abe, pid=2746, syncId=-1: mAttrs={(0,0)(fillxfill) sim={adjust=pan} layoutInDisplayCutoutMode=always ty=APPLICATION_STARTING fmt=TRANSLUCENT
03-02 00:57:40.637  2013  3648 I WindowManager:   fl=81030118
03-02 00:57:40.637  2013  3648 I WindowManager:   pfl=10000810
03-02 00:57:40.637  2013  3648 I WindowManager:   apr=18
03-02 00:57:40.637  2013  3648 I WindowManager:   bhv=1
03-02 00:57:40.637  2013  3648 I WindowManager:   fitSides=0
03-02 00:57:40.637  2013  3648 I WindowManager:   frameRateBoostOnTouch=true
03-02 00:57:40.637  2013  3648 I WindowManager:   dvrrWindowFrameRateHint=true naviIconColor=0}
03-02 00:57:40.637  1445  2902 D C2MtkBufferManager: over 5000ms not request from VCodec but callback hooked, slow BM Cc fetch thread. Last get time was 90624048ms ago.
03-02 00:57:40.638  2746  2808 I VRI[test]@9aff730: onActiveControlsChanged, removed=false, mAdded=true, caller=android.view.ViewRootImpl.handleInsetsControlChanged:3002 android.view.ViewRootImpl.relayoutWindow:11629 android.view.ViewRootImpl.performTraversals:4804 android.view.ViewRootImpl.doTraversal:3924 android.view.ViewRootImpl$TraversalRunnable.run:12903
03-02 00:57:40.638  2746  2808 D BufferQueueConsumer: [](id:aba00001e37,api:0,p:-1,c:2746) connect: controlledByApp=false
03-02 00:57:40.639  2746  2808 I BLASTBufferQueue: [VRI[test]@9aff730#7735](f:0,a:0,s:0) constructor()
03-02 00:57:40.639  2746  2808 I BLASTBufferQueue_Java: new BLASTBufferQueue, mName= VRI[test]@9aff730 mNativeObject= 0xb40000771f71d400 caller= android.view.ViewRootImpl.updateBlastSurfaceIfNeeded:3585 android.view.ViewRootImpl.relayoutWindow:11685 android.view.ViewRootImpl.performTraversals:4804 android.view.ViewRootImpl.doTraversal:3924 android.view.ViewRootImpl$TraversalRunnable.run:12903 android.view.Choreographer$CallbackRecord.run:1901 android.view.Choreographer$CallbackRecord.run:1910 android.view.Choreographer.doCallbacks:1367 android.view.Choreographer.doFrame:1292 android.view.Choreographer$FrameDisplayEventReceiver.run:1870
03-02 00:57:40.639  2746  2808 I BLASTBufferQueue_Java: update, w= 1080 h= 2340 mName = VRI[test]@9aff730 mNativeObject= 0xb40000771f71d400 sc.mNativeObject= 0xb4000076e5838ac0 format= -3 caller= android.view.ViewRootImpl.updateBlastSurfaceIfNeeded:3590 android.view.ViewRootImpl.relayoutWindow:11685 android.view.ViewRootImpl.performTraversals:4804 android.view.ViewRootImpl.doTraversal:3924 android.view.ViewRootImpl$TraversalRunnable.run:12903 android.view.Choreographer$CallbackRecord.run:1901
03-02 00:57:40.639  2746  2808 I BLASTBufferQueue: [VRI[test]@9aff730#7735](f:0,a:0,s:0) update width=1080 height=2340 format=-3 mTransformHint=0
03-02 00:57:40.640 17532 17532 I ViewRootImpl: dVRR is disabled
03-02 00:57:40.640  2746  2808 I VRI[test]@9aff730: Relayout returned: old=(0,0,1080,2340) new=(0,0,1080,2340) relayoutAsync=false req=(1080,2340)0 dur=11 res=0x3 s={true 0xb40000770f574100} ch=true seqId=0
03-02 00:57:40.641 17532 17563 D NativeCustomFrequencyManager: [NativeCFMS] BpCustomFrequencyManager::BpCustomFrequencyManager()
03-02 00:57:40.641  1507  1845 D SurfaceFlinger: [input] setFocusedWindow: <null>
03-02 00:57:40.641  1507  1845 D SurfaceFlinger: updateWinowInfo=1, setFocusedWindow timestamp=491139625980888, windowName=<null>
03-02 00:57:40.641  2013  2253 D InputDispatcher: Focus left window (0): 33b451c com.podcast.app.debug/androidx.activity.ComponentActivity
03-02 00:57:40.641  2746  2808 I VRI[test]@9aff730: performConfigurationChange setNightDimText nightDimLevel=0
03-02 00:57:40.642  2013  4835 D InputDispatcher: Once focus requested (0): <null>
03-02 00:57:40.643  2746  2808 D VRI[test]@9aff730: mThreadedRenderer.initialize() mSurface={isValid=true 0xb40000770f574100} hwInitialized=true
03-02 00:57:40.644  2013  4835 D InputTransport: Input channel constructed: 'd9238ed', fd=1036
03-02 00:57:40.644  2013  4835 D InputTransport: Input channel constructed: 'd9238ed', fd=1116
03-02 00:57:40.644  2013  4835 D InputTransport: Input channel constructed: 'd9238ed', fd=1119
03-02 00:57:40.644  2013  4835 D InputTransport: Input channel destroyed: 'd9238ed', fd=1116
03-02 00:57:40.644  2746  2808 D VRI[test]@9aff730: reportNextDraw android.view.ViewRootImpl.performTraversals:5443 android.view.ViewRootImpl.doTraversal:3924 android.view.ViewRootImpl$TraversalRunnable.run:12903 android.view.Choreographer$CallbackRecord.run:1901 android.view.Choreographer$CallbackRecord.run:1910
03-02 00:57:40.644  2746  2808 D VRI[test]@9aff730: Setup new sync=wmsSync-VRI[test]@9aff730#87
03-02 00:57:40.644  2746  2808 I VRI[test]@9aff730: Creating new active sync group VRI[test]@9aff730#88
03-02 00:57:40.644 17121 17121 I ImeFocusController: onPreWindowFocus: skipped hasWindowFocus=false mHasImeFocus=true
03-02 00:57:40.645  2746  2808 D VRI[test]@9aff730: registerCallbacksForSync syncBuffer=false
03-02 00:57:40.645  1507  1562 I SurfaceFlinger: id=156717 createSurf, flag=84004, d9238ed com.podcast.app.debug.test/androidx.test.core.app.InstrumentationActivityInvoker$EmptyActivity#156717
03-02 00:57:40.645  2746  2865 D VRI[test]@9aff730: Received frameDrawingCallback syncResult=0 frameNum=1.
03-02 00:57:40.645 17121 17121 I ImeFocusController: onPostWindowFocus: skipped hasWindowFocus=false mHasImeFocus=true
03-02 00:57:40.645  2746  2865 I VRI[test]@9aff730: mWNT: t=0xb40000771f55fd00 mBlastBufferQueue=0xb40000771f71d400 fn= 1 HdrRenderState mRenderHdrSdrRatio=1.0 caller= android.view.ViewRootImpl$12.onFrameDraw:15441 android.view.ThreadedRenderer$1.onFrameDraw:718 <bottom of call stack>
03-02 00:57:40.646  2746  2865 I VRI[test]@9aff730: Setting up sync and frameCommitCallback
03-02 00:57:40.646  2013  4835 D InputTransport: Input channel destroyed: 'd9238ed', fd=1119
03-02 00:57:40.647  1507  1565 E SfCpu   :  sched_setaffinity return fail 1461
03-02 00:57:40.647  1507  1565 E SfCpu   :  sched_setaffinity return fail 1444
03-02 00:57:40.647 17532 17532 D InputTransport: Input channel constructed: 'd9238ed', fd=119
03-02 00:57:40.648 17532 17532 I InsetsController: onStateChanged: host=com.podcast.app.debug.test/androidx.test.core.app.InstrumentationActivityInvoker$EmptyActivity, from=android.view.ViewRootImpl.onInsetsStateChanged:3026, state=InsetsState: {mDisplayFrame=Rect(0, 0 - 1080, 2340), mDisplayCutout=DisplayCutout{insets=Rect(0, 80 - 0, 0) waterfall=Insets{left=0, top=0, right=0, bottom=0} boundingRect={Bounds=[Rect(0, 0 - 0, 0), Rect(472, 0 - 608, 80), Rect(0, 0 - 0, 0), Rect(0, 0 - 0, 0)]} cutoutPathParserInfo={CutoutPathParserInfo{displayWidth=1080 displayHeight=2340 physicalDisplayWidth=1080 physicalDisplayHeight=2340 density={2.8125} cutoutSpec={M 0,0 H -24.177777778 V 28.4444444444 H 24.177777778 V 0 H 0 Z @dp} rotation={0} scale={1.0} physicalPixelDisplaySizeRatio={1.0}}} sideOverrides={}}, mRoundedCorners=RoundedCorners{[RoundedCorner{position=TopLeft, radius=113, center=Point(113, 113)}, RoundedCorner{position=TopRight, radius=113, center=Point(967, 113)}, RoundedCorner{position=BottomRight, radius=113, center=Point(967, 2227)}, RoundedCorner{position=BottomLeft, radius=113, center=Point(113, 2227)}]}  mRoundedCornerFrame=Rect(0, 0 - 1080, 2340), mPrivacyIndicatorBounds=PrivacyIndicatorBounds {static bounds=Rect(956, 0 - 1080, 80) rotation=0}, mDisplayShape=DisplayShape{ spec=-311912193 displayWidth=1080 displayHeight=2340 physicalPixelDisplaySizeRatio=1.0 rotation=0 offsetX=0 offsetY=0 scale=1.0}, mSources= { InsetsSource: {e9af0000 mType=statusBars mFrame=[0,0][1080,80] mVisible=true mFlags= mSideHint=TOP mBoundingRects=null}, InsetsSource: {e9af0005 mType=mandatorySystemGestures mFrame=[0,0][1080,114] mVisible=true mFlags= mSideHint=TOP mBoundingRects=null}, InsetsSource: {e9af0006 mType=tappableElement mFrame=[0,0][1080,80] mVisible=true mFlags= mSideHint=TOP mBoundingRects=null}, InsetsSource: {3 mType=ime mFrame=[0,0][0,0] mVisible=false mFlags= mSideHint=NONE mBoundingRects=null}, InsetsSource: {27 mType=displayCutout mFrame=[0,0][1080,80] mVisible=true mFlags= mSideHint=TOP mBoundingRects=null}, InsetsSource: {26ed0001 mType=navigationBars mFrame=[0,2298][1080,2340] mVisible=true mFlags=SUPPRESS_SCRIM mSideHint=BOTTOM mBoundingRects=null}, InsetsSource: {26ed0004 mType=systemGestures mFrame=[0,0][84,2340] mVisible=true mFlags= mSideHint=LEFT mBoundingRects=null}, InsetsSource: {26ed0005 mType=mandatorySystemGestures mFrame=[0,2250][1080,2340] mVisible=true mFlags= mSideHint=BOTTOM mBoundingRects=null}, InsetsSource: {26ed0006 mType=tappableElement mFrame=[0,0][0,0] mVisible=true mFlags= mSideHint=NONE mBoundingRects=null}, InsetsSource: {26ed0024 mType=systemGestures mFrame=[996,0][1080,2340] mVisible=true mFlags= mSideHint=RIGHT mBoundingRects=null} }
03-02 00:57:40.649 17532 17532 I VRI[InstrumentationActivityInvoker$EmptyActivity]@b9d6369: synced displayState. AttachInfo displayState=2
03-02 00:57:40.649 17532 17532 I VRI[InstrumentationActivityInvoker$EmptyActivity]@b9d6369: setView = com.android.internal.policy.DecorView@c918d1c IsHRR=false mFlingFrameRateChange=0 TM=true
03-02 00:57:40.650 17532 17563 D HWUI    : HWUI - treat SMPTE_170M as sRGB
03-02 00:57:40.651  2013  4835 I WindowManager: Relayout Window{d9238ed u0 com.podcast.app.debug.test/androidx.test.core.app.InstrumentationActivityInvoker$EmptyActivity}: viewVisibility=0 req=1080x2340 ty=1 d0
03-02 00:57:40.651  2746  2870 I BLASTBufferQueue: [VRI[test]@9aff730#7735](f:0,a:0,s:0) onFrameAvailable the first frame is available
03-02 00:57:40.652  1507  1562 I SurfaceFlinger: id=156718 createSurf, flag=44004, com.podcast.app.debug.test/androidx.test.core.app.InstrumentationActivityInvoker$EmptyActivity$_17532#156718
03-02 00:57:40.652  2746  2870 I BLASTBufferQueue: [VRI[test]@9aff730#7735](f:0,a:1,s:0) acquireNextBufferLocked size=1080x2340 mFrameNumber=1 applyTransaction=true mTimestamp=491139652717580(auto) mPendingTransactions.size=0 graphicBufferId=11793980283795 transform=0
03-02 00:57:40.652  2746  2870 I VRI[test]@9aff730: Received frameCommittedCallback lastAttemptedDrawFrameNum=1 didProduceBuffer=true
03-02 00:57:40.653  2746  2870 D HWUI    : CFMS:: SetUp Pid : 2746    Tid : 2870
03-02 00:57:40.654  2746  2808 D VRI[test]@9aff730: reportDrawFinished seqId=0
03-02 00:57:40.656  1507  1507 I SurfaceFlinger: [d9238ed com.podcast.app.debug.test/androidx.test.core.app.InstrumentationActivityInvoker$EmptyActivity#156717] attach to parent LayerHierarchy{RequestedLayerState{ActivityRecord{86982235 u0 com.podcast.app.debug.test/androidx.test.core.app.InstrumentationActivityInvoker$EmptyActivity t44899}#156714 parentId=156713} 2 children}
03-02 00:57:40.656  1507  1507 I SurfaceFlinger: [com.podcast.app.debug.test/androidx.test.core.app.InstrumentationActivityInvoker$EmptyActivity$_17532#156718] attach to parent LayerHierarchy{RequestedLayerState{d9238ed com.podcast.app.debug.test/androidx.test.core.app.InstrumentationActivityInvoker$EmptyActivity#156717 parentId=156714} 1 children}
03-02 00:57:40.656  1507  2128 I SurfaceFlinger: id=156719 createSurf, flag=24000, Surface(name=c536234 NavigationBar0)/@0xfac847b - animation-leash of insets_animation#156719
03-02 00:57:40.656 14885 15878 W NaviWarn: StackPtr is not 8-byte aligned.
03-02 00:57:40.657  1507  2128 I SurfaceFlinger: id=156720 createSurf, flag=24000, Surface(name=a5d3a68 StatusBar)/@0xd5726d6 - animation-leash of insets_animation#156720
03-02 00:57:40.658  2013  4835 I SystemKeyManager: requested systemKeyInfo size=1 focusedWindow=com.podcast.app.debug.test/androidx.test.core.app.InstrumentationActivityInvoker$EmptyActivity
03-02 00:57:40.658  2013  4835 I SystemKeyManager: requested systemKeyInfo size=2 focusedWindow=com.podcast.app.debug.test/androidx.test.core.app.InstrumentationActivityInvoker$EmptyActivity
03-02 00:57:40.658  2013  4835 I WindowManager: Relayout hash=d9238ed, pid=17532, syncId=-1: mAttrs={(0,0)(fillxfill) sim={adjust=pan forwardNavigation} layoutInDisplayCutoutMode=always ty=BASE_APPLICATION
03-02 00:57:40.658  2013  4835 I WindowManager:   fl=81810100
03-02 00:57:40.658  2013  4835 I WindowManager:   pfl=100088c0
03-02 00:57:40.658  2013  4835 I WindowManager:   bhv=1
03-02 00:57:40.658  2013  4835 I WindowManager:   fitSides=0
03-02 00:57:40.658  2013  4835 I WindowManager:   frameRateBoostOnTouch=true
03-02 00:57:40.658  2013  4835 I WindowManager:   dvrrWindowFrameRateHint=true naviIconColor=0}
03-02 00:57:40.660 17532 17532 D BufferQueueConsumer: [](id:447c0000001e,api:0,p:-1,c:17532) connect: controlledByApp=false
03-02 00:57:40.660  1445 18689 W C2MtkBufferManager: [0xB4000070F68A8D20] fetchNewCcBlock: wait fence 0x0xb4000070f692fcb0 timed out. ret 110
03-02 00:57:40.660 17532 17532 I BLASTBufferQueue: [VRI[InstrumentationActivityInvoker$EmptyActivity]@b9d6369#30](f:0,a:0,s:0) constructor()
03-02 00:57:40.660 17532 17532 I BLASTBufferQueue_Java: new BLASTBufferQueue, mName= VRI[InstrumentationActivityInvoker$EmptyActivity]@b9d6369 mNativeObject= 0xb400007869824000 caller= android.view.ViewRootImpl.updateBlastSurfaceIfNeeded:3585 android.view.ViewRootImpl.relayoutWindow:11685 android.view.ViewRootImpl.performTraversals:4804 android.view.ViewRootImpl.doTraversal:3924 android.view.ViewRootImpl$TraversalRunnable.run:12903 android.view.Choreographer$CallbackRecord.run:1901 android.view.Choreographer$CallbackRecord.run:1910 android.view.Choreographer.doCallbacks:1367 android.view.Choreographer.doFrame:1292 android.view.Choreographer$FrameDisplayEventReceiver.run:1870
03-02 00:57:40.660 17532 17532 I BLASTBufferQueue_Java: update, w= 1080 h= 2340 mName = VRI[InstrumentationActivityInvoker$EmptyActivity]@b9d6369 mNativeObject= 0xb400007869824000 sc.mNativeObject= 0xb400007837f10a40 format= -1 caller= android.view.ViewRootImpl.updateBlastSurfaceIfNeeded:3590 android.view.ViewRootImpl.relayoutWindow:11685 android.view.ViewRootImpl.performTraversals:4804 android.view.ViewRootImpl.doTraversal:3924 android.view.ViewRootImpl$TraversalRunnable.run:12903 android.view.Choreographer$CallbackRecord.run:1901
03-02 00:57:40.661 17532 17532 I BLASTBufferQueue: [VRI[InstrumentationActivityInvoker$EmptyActivity]@b9d6369#30](f:0,a:0,s:0) update width=1080 height=2340 format=-1 mTransformHint=0
03-02 00:57:40.661 17532 17532 I VRI[InstrumentationActivityInvoker$EmptyActivity]@b9d6369: Relayout returned: old=(0,0,1080,2340) new=(0,0,1080,2340) relayoutAsync=false req=(1080,2340)0 dur=8 res=0x3 s={true 0xb40000783ab88f00} ch=true seqId=0
03-02 00:57:40.662 17532 17532 I VRI[InstrumentationActivityInvoker$EmptyActivity]@b9d6369: performConfigurationChange setNightDimText nightDimLevel=0
03-02 00:57:40.663 17532 17532 D VRI[InstrumentationActivityInvoker$EmptyActivity]@b9d6369: mThreadedRenderer.initialize() mSurface={isValid=true 0xb40000783ab88f00} hwInitialized=true
03-02 00:57:40.663 17532 17532 D VRI[InstrumentationActivityInvoker$EmptyActivity]@b9d6369: reportNextDraw android.view.ViewRootImpl.performTraversals:5443 android.view.ViewRootImpl.doTraversal:3924 android.view.ViewRootImpl$TraversalRunnable.run:12903 android.view.Choreographer$CallbackRecord.run:1901 android.view.Choreographer$CallbackRecord.run:1910
03-02 00:57:40.663 17532 17532 D VRI[InstrumentationActivityInvoker$EmptyActivity]@b9d6369: Setup new sync=wmsSync-VRI[InstrumentationActivityInvoker$EmptyActivity]@b9d6369#60
03-02 00:57:40.664 17532 17532 I VRI[InstrumentationActivityInvoker$EmptyActivity]@b9d6369: Creating new active sync group VRI[InstrumentationActivityInvoker$EmptyActivity]@b9d6369#61
03-02 00:57:40.664 17532 17532 D VRI[InstrumentationActivityInvoker$EmptyActivity]@b9d6369: registerCallbacksForSync syncBuffer=false
03-02 00:57:40.664 17532 17581 D VRI[InstrumentationActivityInvoker$EmptyActivity]@b9d6369: Received frameDrawingCallback syncResult=0 frameNum=1.
03-02 00:57:40.665 17532 17581 I VRI[InstrumentationActivityInvoker$EmptyActivity]@b9d6369: mWNT: t=0xb40000783ac2cc00 mBlastBufferQueue=0xb400007869824000 fn= 1 HdrRenderState mRenderHdrSdrRatio=1.0 caller= android.view.ViewRootImpl$12.onFrameDraw:15441 android.view.ThreadedRenderer$1.onFrameDraw:718 <bottom of call stack>
03-02 00:57:40.665 17532 17581 I VRI[InstrumentationActivityInvoker$EmptyActivity]@b9d6369: Setting up sync and frameCommitCallback
03-02 00:57:40.666  2013  2065 D PkgPredictorService-SecIpmManagerServiceImpl: bg information pid:14885 uid:10350 pkgName:com.zhiliaoapp.musically
03-02 00:57:40.667  1507  1507 I SurfaceFlinger: [LayerHierarchy{RequestedLayerState{c536234 NavigationBar0#102 parentId=156719} 1 children}] reparent to LayerHierarchy{RequestedLayerState{Surface(name=c536234 NavigationBar0)/@0xfac847b - animation-leash of insets_animation#156719 parentId=101} 1 children}
03-02 00:57:40.667  1507  1507 I SurfaceFlinger: [LayerHierarchy{RequestedLayerState{a5d3a68 StatusBar#109 parentId=156720} 1 children}] reparent to LayerHierarchy{RequestedLayerState{Surface(name=a5d3a68 StatusBar)/@0xd5726d6 - animation-leash of insets_animation#156720 parentId=108} 1 children}
03-02 00:57:40.667  1507  1507 I SurfaceFlinger: [LayerHierarchy{RequestedLayerState{Surface(name=c536234 NavigationBar0)/@0xfac847b - animation-leash of insets_animation#156704} no children}] reparent to OffscreenRoot
03-02 00:57:40.667  1507  1507 I SurfaceFlinger: [LayerHierarchy{RequestedLayerState{Surface(name=c536234 NavigationBar0)/@0xfac847b - animation-leash of insets_animation#156704} no children}] RelativeParent to null
03-02 00:57:40.667  1507  1507 I SurfaceFlinger: [LayerHierarchy{RequestedLayerState{Surface(name=a5d3a68 StatusBar)/@0xd5726d6 - animation-leash of insets_animation#156705} no children}] reparent to OffscreenRoot
03-02 00:57:40.667  1507  1507 I SurfaceFlinger: [LayerHierarchy{RequestedLayerState{Surface(name=a5d3a68 StatusBar)/@0xd5726d6 - animation-leash of insets_animation#156705} no children}] RelativeParent to null
03-02 00:57:40.667  1507  1507 I SurfaceFlinger: [Surface(name=c536234 NavigationBar0)/@0xfac847b - animation-leash of insets_animation#156719] attach to parent LayerHierarchy{RequestedLayerState{WindowToken{5cf38d1 type=2019 android.os.BinderProxy@916675b}#101 parentId=34} 1 children}
03-02 00:57:40.667  1507  1507 I SurfaceFlinger: [Surface(name=a5d3a68 StatusBar)/@0xd5726d6 - animation-leash of insets_animation#156720] attach to parent LayerHierarchy{RequestedLayerState{WindowToken{d05298b type=2000 android.os.BinderProxy@163b705}#108 parentId=17} 1 children}
03-02 00:57:40.667 14885 15878 W NaviWarn: StackPtr is not 8-byte aligned.
03-02 00:57:40.668  1646  1646 I CameraService: onUidStateChanged: uid=10492, procState is changed. (8 -> 19)
03-02 00:57:40.669 17532 17563 I BLASTBufferQueue: [VRI[InstrumentationActivityInvoker$EmptyActivity]@b9d6369#30](f:0,a:0,s:0) onFrameAvailable the first frame is available
03-02 00:57:40.670 17532 17563 I BLASTBufferQueue: [VRI[InstrumentationActivityInvoker$EmptyActivity]@b9d6369#30](f:0,a:1,s:0) acquireNextBufferLocked size=1080x2340 mFrameNumber=1 applyTransaction=true mTimestamp=491139670420888(auto) mPendingTransactions.size=0 graphicBufferId=75299366633592 transform=0
03-02 00:57:40.670  1507  1562 I SurfaceFlinger: id=156721 createSurf, flag=84004, Transition Root: Task=44899#156721
03-02 00:57:40.670 17532 17563 I VRI[InstrumentationActivityInvoker$EmptyActivity]@b9d6369: Received frameCommittedCallback lastAttemptedDrawFrameNum=1 didProduceBuffer=true
03-02 00:57:40.670  1628  1637 E thermal_core: find_tz_idx_by_name:"Failed to find thermal zone index of ap_ntc\n"
03-02 00:57:40.671  1628  1637 E thermal_core: find_tz_idx_by_name:"Failed to find thermal zone index of mtk-master-charger\n"
03-02 00:57:40.671  1646  2917 I CameraService: onUidStateChanged: uid=10062, procState is changed. (0 -> 1)
03-02 00:57:40.672 17532 17563 D HWUI    : CFMS:: SetUp Pid : 17532    Tid : 17563
03-02 00:57:40.672 17532 17532 D VRI[InstrumentationActivityInvoker$EmptyActivity]@b9d6369: reportDrawFinished seqId=0
03-02 00:57:40.673  2013  2068 I SurfaceControlRegistry: show, t=StartTransaction_SyncId<11302> sc=ActivityRecord{86982235 u0 com.podcast.app.debug.test/androidx.test.core.app.InstrumentationActivityInvoker$EmptyActivity t44899}, caller=android.view.SurfaceControl$Transaction.show:3557 com.android.server.wm.Transition.onTransactionReady:2048 com.android.server.wm.BLASTSyncEngine$SyncGroup.finishNow:240 com.android.server.wm.BLASTSyncEngine.onSurfacePlacement:263 com.android.server.wm.RootWindowContainer.performSurfacePlacementNoTrace:1083 com.android.server.wm.WindowSurfacePlacer.performSurfacePlacement:166
03-02 00:57:40.675  1507  1845 D SurfaceFlinger: [input] setFocusedWindow: d9238ed com.podcast.app.debug.test/androidx.test.core.app.InstrumentationActivityInvoker$EmptyActivity
03-02 00:57:40.675  1507  1845 D SurfaceFlinger: updateWinowInfo=1, setFocusedWindow timestamp=491139660339965, windowName=d9238ed com.podcast.app.debug.test/androidx.test.core.app.InstrumentationActivityInvoker$EmptyActivity
03-02 00:57:40.675  2013  4844 D InputDispatcher: Once focus requested (0): d9238ed com.podcast.app.debug.test/androidx.test.core.app.InstrumentationActivityInvoker$EmptyActivity
03-02 00:57:40.675  2013  4844 D InputDispatcher: Focus request (0): d9238ed com.podcast.app.debug.test/androidx.test.core.app.InstrumentationActivityInvoker$EmptyActivity but waiting because NO_WINDOW
03-02 00:57:40.675 14885 14885 D BBA2    : setIsFg isFg = false; delayValue 3999ms
03-02 00:57:40.675  2013  2068 D ScreenCapture: [Capture_TEST] : setIsScreenShotBySystem false
03-02 00:57:40.675  2013  2068 I SurfaceComposerClient: captureLayers:childrenOnly:1, sync:1
03-02 00:57:40.677  1445  2902 W C2MtkBufferManager: [0xB4000070F507E520] fetchNewCcBlock: wait fence 0x0xb4000070f5058270 timed out. ret 110
03-02 00:57:40.679  1507  1507 I SurfaceFlinger: [Transition Root: Task=44899#156721] attach to parent LayerHierarchy{RequestedLayerState{DefaultTaskDisplayArea_d0#10 parentId=9} 47 children}
03-02 00:57:40.679  2013  2834 W ParceledListSlice: Element #30 is 21544 bytes.
03-02 00:57:40.681  1507  2128 I SurfaceFlinger: Capture layer list: 	 com.podcast.app.debug/androidx.activity.ComponentActivity$_17121#156703(seamlessTransition:0)
03-02 00:57:40.685  2746  2798 I SurfaceControlRegistry: hide, t=FinishTransaction_SyncId<11302> sc=Task=44898, caller=android.view.SurfaceControl$Transaction.hide:3583 com.android.wm.shell.transition.Transitions.dispatchReady:1263 com.android.wm.shell.transition.Transitions.onTransitionReady:251 com.android.wm.shell.transition.Transitions$TransitionPlayerImpl$$ExternalSyntheticLambda0.run:13 android.os.Handler.handleCallback:995 android.os.Handler.dispatchMessage:103
03-02 00:57:40.686  2746  2798 I SurfaceControlRegistry: show, t=StartTransaction_SyncId<11302> sc=Task=44899, caller=android.view.SurfaceControl$Transaction.show:3557 com.android.wm.shell.transition.Transitions.dispatchReady:1279 com.android.wm.shell.transition.Transitions.onTransitionReady:251 com.android.wm.shell.transition.Transitions$TransitionPlayerImpl$$ExternalSyntheticLambda0.run:13 android.os.Handler.handleCallback:995 android.os.Handler.dispatchMessage:103
03-02 00:57:40.686  2746  2798 I SurfaceControlRegistry: show, t=FinishTransaction_SyncId<11302> sc=Task=44899, caller=android.view.SurfaceControl$Transaction.show:3557 com.android.wm.shell.transition.Transitions.dispatchReady:1330 com.android.wm.shell.transition.Transitions.onTransitionReady:251 com.android.wm.shell.transition.Transitions$TransitionPlayerImpl$$ExternalSyntheticLambda0.run:13 android.os.Handler.handleCallback:995 android.os.Handler.dispatchMessage:103
03-02 00:57:40.686  2746  2798 I SurfaceControlRegistry: show, t=StartTransaction_SyncId<11302> sc=Transition Root: Task=44899, caller=android.view.SurfaceControl$Transaction.show:3557 com.android.wm.shell.transition.Transitions.playTransition:79 com.android.wm.shell.transition.Transitions.processReadyQueue:239 com.android.wm.shell.transition.Transitions.dispatchReady:1352 com.android.wm.shell.transition.Transitions.onTransitionReady:251 com.android.wm.shell.transition.Transitions$TransitionPlayerImpl$$ExternalSyntheticLambda0.run:13
03-02 00:57:40.692  1507  2128 I SurfaceFlinger: id=156722 createSurf, flag=20004, DimTransitionLayer for Surface(name=Task=44899)/@0x7e3e6c7#156722
03-02 00:57:40.692  2746  2798 I SurfaceControlRegistry: show, t=StartTransaction_SyncId<11302> sc=DimTransitionLayer for Surface(name=Task=44899)/@0x7e3e6c7, caller=android.view.SurfaceControl$Transaction.show:3557 com.android.wm.shell.transition.DefaultTransitionHandler.startAnimation:2837 com.android.wm.shell.transition.Transitions.dispatchTransition:90 com.android.wm.shell.transition.Transitions.playTransition:774 com.android.wm.shell.transition.Transitions.processReadyQueue:239 com.android.wm.shell.transition.Transitions.dispatchReady:1352
03-02 00:57:40.693  2746  2798 I SurfaceControlRegistry: apply, t=StartTransaction_SyncId<11302>, caller=android.view.SurfaceControl$Transaction.apply:3459 android.view.SurfaceControl$Transaction.apply:3447 android.view.SurfaceControl$Transaction.apply:3397 com.android.wm.shell.transition.DefaultTransitionHandler.startAnimation:3292 com.android.wm.shell.transition.Transitions.dispatchTransition:90 com.android.wm.shell.transition.Transitions.playTransition:774
03-02 00:57:40.694  2746  2798 D ShellDesktopMode: handleRequest: TransitionRequestInfo {type=2, tid=44899, debugId=11303}
03-02 00:57:40.697  2013  3441 I SemDvfsHyPerManager: acquire hyper - AMS_APP_SWITCH/2013@20, type = -999
03-02 00:57:40.697 14885 14885 I VRI[SplashActivity]@35f4eb8: handleAppVisibility mAppVisible = false visible = true
03-02 00:57:40.697  1450  1487 I HYPER-HAL: [RequestManager.cpp]acquire(): Acquired ID : 2067581  [2013 / 20]    HINT : AMS_ACT_SWITCH    list :
03-02 00:57:40.698  4784  4784 I SemDvfsHyPerManager: acquire hyper - APP_START_SHORT/4784@15, type = -999
03-02 00:57:40.698  2013  4835 D InputDispatcher: Focused application(0): ActivityRecord{2751228 u0 com.zhiliaoapp.musically/com.ss.android.ugc.aweme.splash.SplashActivity t44543}
03-02 00:57:40.698  1450  1487 I HYPER-HAL: [RequestManager.cpp]acquire(): Acquired ID : 11517615  [4784 / 15]    HINT : APP_START    list : [TIMEOUT / 1500]
03-02 00:57:40.698  2013  2600 D AS.MultiSoundManager: mForegroundUid = 10350
03-02 00:57:40.699  1507  1563 I SurfaceFlinger: id=156723 createSurf, flag=24000, Surface(name=c536234 NavigationBar0)/@0xfac847b - animation-leash of insets_animation#156723
03-02 00:57:40.700  1445 18689 W C2MtkBufferManager: [0xB4000070F68A8D20] fetchNewCcBlock: wait fence 0x0xb4000070f692fcb0 timed out. ret 110
03-02 00:57:40.700  1507  1507 I SurfaceFlinger: RequestedLayer [bc33abe Splash Screen com.podcast.app.debug.test#156715] hidden!! flag  from(1) --> to(0)
03-02 00:57:40.700  1507  1507 I SurfaceFlinger: RequestedLayer [d9238ed com.podcast.app.debug.test/a[...]ActivityInvoker$EmptyActivity#156717] hidden!! flag  from(1) --> to(0)
03-02 00:57:40.700  1507  1507 I SurfaceFlinger: RequestedLayer [Splash Screen com.podcast.app.debug.test$_2746#156716] hidden!! flag  from(1) --> to(0)
03-02 00:57:40.700  1507  1507 I SurfaceFlinger: RequestedLayer [Task=44899#156713] hidden!! flag  from(1) --> to(0)
03-02 00:57:40.700  1507  1507 E SurfaceFlinger: alpha changed 1.000 -> 0.000 - Task=44899#156713
03-02 00:57:40.700  1507  1507 I SurfaceFlinger: RequestedLayer [Transition Root: Task=44899#156721] hidden!! flag  from(1) --> to(0)
03-02 00:57:40.700  1507  1507 I SurfaceFlinger: RequestedLayer [ActivityRecord{86982235 u0 com.podca[...]Invoker$EmptyActivity t44899}#156714] hidden!! flag  from(1) --> to(0)
03-02 00:57:40.700  1507  1507 I SurfaceFlinger: RequestedLayer [DimTransitionLayer for Surface(name=Task=44899)/@0x7e3e6c7#156722] hidden!! flag  from(1) --> to(0)
03-02 00:57:40.700  1507  1507 E SurfaceFlinger: alpha changed 1.000 -> 0.000 - DimTransitionLayer for Surface(name=Task=44899)/@0x7e3e6c7#156722
03-02 00:57:40.700  1507  1507 E SurfaceFlinger: alpha changed 0.000 -> 1.000 - Task=44899#156713
03-02 00:57:40.700  1507  1507 E SurfaceFlinger: alpha changed 0.000 -> 0.000 - DimTransitionLayer for Surface(name=Task=44899)/@0x7e3e6c7#156722
03-02 00:57:40.700  1507  1507 I SurfaceFlinger: [LayerHierarchy{RequestedLayerState{Task=44898#156699 parentId=156721 z=2} 1 children}] reparent to LayerHierarchy{RequestedLayerState{Transition Root: Task=44899#156721 parentId=10 z=42} 1 children}
03-02 00:57:40.700  1507  1507 I SurfaceFlinger: [LayerHierarchy{RequestedLayerState{Task=44899#156713 parentId=156721 z=5} 1 children}] reparent to LayerHierarchy{RequestedLayerState{Transition Root: Task=44899#156721 parentId=10 z=42} 2 children}
03-02 00:57:40.700  1507  1507 I SurfaceFlinger: [DimTransitionLayer for Surface(name=Task=44899)/@0x7e3e6c7#156722] attach to parent LayerHierarchy{RequestedLayerState{Transition Root: Task=44899#156721 parentId=10 z=42} 3 children}
03-02 00:57:40.700  1507  1507 I SurfaceFlinger: [Surface(name=c536234 NavigationBar0)/@0xfac847b - animation-leash of insets_animation#156723] attach to parent LayerHierarchy{RequestedLayerState{WindowToken{5cf38d1 type=2019 android.os.BinderProxy@916675b}#101 parentId=34} 2 children}
03-02 00:57:40.701  1507  1563 I SurfaceFlinger: id=156724 createSurf, flag=24000, Surface(name=a5d3a68 StatusBar)/@0xd5726d6 - animation-leash of insets_animation#156724
03-02 00:57:40.704  2013  4835 I SemDvfsHyPerManager: acquire hyper - AMS_RESUME_TAIL/2013@18, type = -999
03-02 00:57:40.704  2013  4835 I SemDvfsHyPerManager: acquire hyper - AMS_ACT_LAZY/2013@19, type = -999
03-02 00:57:40.704  1450  1487 I HYPER-HAL: [RequestManager.cpp]acquire(): Acquired ID : 2063514  [2013 / 18]    HINT : AMS_RESUME_TAIL    list :
03-02 00:57:40.705  1450  1487 I mtkpower_client: perf_lock_rel, hdl:76757, pid: 1450, tid:1487
03-02 00:57:40.705  1450  1487 I mtkpower_client: perf_lock_acq, hdl:0, dur:0, num:2, pid:1450, tid:1487
03-02 00:57:40.705  1464  1529 I libPowerHal: [perfLockRel] hdl:76757, idx:3
03-02 00:57:40.706 14885 14885 I VRI[SplashActivity]@35f4eb8: stopped(false) old = true
03-02 00:57:40.706 14885 14885 D VRI[SplashActivity]@35f4eb8: WindowStopped on com.zhiliaoapp.musically/com.ss.android.ugc.aweme.splash.SplashActivity set to false
03-02 00:57:40.706  1464  1529 I libPowerHal: [set_cpuidle] enable:1, fd:17, scn:0xb40000737b60a5e8
03-02 00:57:40.706  1464  1529 I libPowerHal: [PD] vendor.samsung. update cmd:1c3c100 param:1 pr:6
03-02 00:57:40.707  1464  1529 I libPowerHal: [perfLockRel] Done for hdl : 76757
03-02 00:57:40.707  1450  1487 I mtkpower_client: ret_hdl:76761
03-02 00:57:40.707  1450  1487 I mtkpower_client: perf_lock_rel, hdl:76759, pid: 1450, tid:1487
03-02 00:57:40.707 14885 14885 D ViewRootImpl: Skipping stats log for color mode
03-02 00:57:40.707  1464  1529 I libPowerHal: [perfLockAcq] idx:3 hdl:76761 hint:-1 pid:1450 tid:1487 duration:0 lock_user:vendor.samsung. => ret_hdl:76761
03-02 00:57:40.707  1464  1529 I libPowerHal: [set_cpuidle] enable:0, fd:17, scn:0xb40000737b60a5e8
03-02 00:57:40.707  1464  1529 I libPowerHal: [get_cpu_dma_latency_value] 0
03-02 00:57:40.707  1464  1529 I libPowerHal: [PE] vendor.samsung. update cmd:1c3c100 param:0 pr:3
03-02 00:57:40.707  1464  1529 I libPowerHal: [perfLockAcq] Done for hdl : 76761
03-02 00:57:40.708  2013  2064 I PkgPredictorService-SecIpmManagerServiceImpl: reportToNAP uid:10687 com.podcast.app.debug.test/androidx.test.core.app.InstrumentationActivityInvoker$EmptyActivity thisTime:124
03-02 00:57:40.708  2013  2064 D PkgPredictorService-SecIpmManagerServiceImpl: reportToNAP: mHeavyLaunchCounter is false
03-02 00:57:40.708 14885 14885 I System.out: SAFActivity: com.ss.android.ugc.aweme.main.MainActivity@c20428f,  onStart Start
03-02 00:57:40.708  1507  1507 I BufferQueueProducer: [FramebufferSurface](this:0xb400007a458f0370,id:-1,api:1,p:1507,c:1507) queueBuffer: fps=40.77 dur=1201.98 max=435.60 min=8.06
03-02 00:57:40.708  1450  1487 I mtkpower_client: perf_lock_acq, hdl:0, dur:0, num:2, pid:1450, tid:1487
03-02 00:57:40.709  1464  1529 I libPowerHal: [perfLockRel] hdl:76759, idx:6
03-02 00:57:40.710  1464  1529 I libPowerHal: [PD] vendor.samsung. update cmd:1000000 param:-1 pr:6
03-02 00:57:40.710  2013  2065 D PkgPredictorService-SecIpmManagerServiceImpl: onForegroundActivitiesChanged pid:17532 uid:10687
03-02 00:57:40.710  1464  1529 I libPowerHal: [perfLockRel] Done for hdl : 76759
03-02 00:57:40.711  1464  1529 I libPowerHal: [perfLockAcq] idx:8 hdl:76762 hint:-1 pid:1450 tid:1487 duration:0 lock_user:vendor.samsung. => ret_hdl:76762
03-02 00:57:40.711  1450  1487 I mtkpower_client: ret_hdl:76762
03-02 00:57:40.711  1464  1529 I libPowerHal: [setDvfsrcDevFreqOpp] opp:0, freq:4266000000
03-02 00:57:40.711  1464  1529 I libPowerHal: [PE] vendor.samsung. update cmd:1000000 param:0 pr:3
03-02 00:57:40.711  1464  1529 I libPowerHal: [perfLockAcq] Done for hdl : 76762
03-02 00:57:40.711  1450  1487 I mtkpower_client: perf_lock_rel, hdl:76762, pid: 1450, tid:1487
03-02 00:57:40.711  2746  2746 D SamsungLightBarControlHelper: updateStatusBar (BLACK icon) numStacks:1, StatusBarMode:MODE_TRANSPARENT, lightBarBounds:[Rect(0, 0 - 1080, 2340)], StatusBarState:SHADE, packageName:, isWhiteKeyguardStatusBar:true
03-02 00:57:40.711  2746  2746 D SamsungLightBarControlHelper: onStatusBarAppearanceChanged() -  sbModeChanged:false, statusBarMode:0, barState:MODE_TRANSPARENT, isKeyguardShowing:false, navbarColorManagedByIme:false, (AppearanceRegion{LIGHT_STATUS_BARS bounds=[0,0][1080,2340]}, )
03-02 00:57:40.711  2746  2746 D NavigationBar: onSystemBarAttributesChanged() -  displayId:0, appearance:16, packageName: com.podcast.app.debug.test (APPEARANCE_LIGHT_NAVIGATION_BARS ), navbarColorManagedByIme:false
03-02 00:57:40.711  1507  1507 I SurfaceFlinger: [Surface(name=a5d3a68 StatusBar)/@0xd5726d6 - animation-leash of insets_animation#156724] attach to parent LayerHierarchy{RequestedLayerState{WindowToken{d05298b type=2000 android.os.BinderProxy@163b705}#108 parentId=17} 2 children}
03-02 00:57:40.711  2746  2746 D NavigationBar: onSystemBarAttributesChanged() -  displayId:0, appearance:24, packageName: com.podcast.app.debug.test (APPEARANCE_LIGHT_STATUS_BARS APPEARANCE_LIGHT_NAVIGATION_BARS ), navbarColorManagedByIme:false
03-02 00:57:40.711  2013  3282 D PkgPredictorService-SecIpmManagerServiceImpl: ACTION_FOREGROUND_FINISH_EVENT sCurForegroundApp :com.podcast.app.debug
03-02 00:57:40.712  2013  3282 V PkgPredictorService-SecIpmManagerServiceImpl: discard foreground app:com.podcast.app.debug.test 1|true
03-02 00:57:40.713  1450  1487 I mtkpower_client: perf_lock_acq, hdl:0, dur:0, num:2, pid:1450, tid:1487
03-02 00:57:40.714  1464  1529 I libPowerHal: [perfLockRel] hdl:76762, idx:8
03-02 00:57:40.714  1464  1529 I libPowerHal: [PD] vendor.samsung. update cmd:1000000 param:-1 pr:6
03-02 00:57:40.714  2013  2064 I ActivityTaskManager: Displayed com.podcast.app.debug.test/androidx.test.core.app.InstrumentationActivityInvoker$EmptyActivity for user 0: +124ms
03-02 00:57:40.714  1464  1529 I libPowerHal: [perfLockRel] Done for hdl : 76762
03-02 00:57:40.716  3202  3977 I HoneySpace.RecentTasks: onRunningTaskAppeared
03-02 00:57:40.716  3202  3977 I HoneySpace.RecentTasks: onRecentTasksChanged
03-02 00:57:40.716  3506  3506 E pageboostd: Received HALT command code 2
03-02 00:57:40.717  1450  1487 I mtkpower_client: ret_hdl:76763
03-02 00:57:40.717  1450  1487 I mtkpower_client: perf_lock_rel, hdl:76760, pid: 1450, tid:1487
03-02 00:57:40.717  1464  1529 I libPowerHal: [perfLockAcq] idx:6 hdl:76763 hint:-1 pid:1450 tid:1487 duration:0 lock_user:vendor.samsung. => ret_hdl:76763
03-02 00:57:40.717  1464  1529 I libPowerHal: [setDvfsrcDevFreqOpp] opp:0, freq:4266000000
03-02 00:57:40.717  1464  1529 I libPowerHal: [PE] vendor.samsung. update cmd:1000000 param:0 pr:3
03-02 00:57:40.718  1464  1529 I libPowerHal: [perfLockAcq] Done for hdl : 76763
03-02 00:57:40.719  1450  1487 I mtkpower_client: perf_lock_acq, hdl:0, dur:0, num:2, pid:1450, tid:1487
03-02 00:57:40.719  1464  1529 I libPowerHal: [perfLockRel] hdl:76760, idx:2
03-02 00:57:40.720  1464  1529 I libPowerHal: [PD] vendor.samsung. update cmd:400000 param:-1 pr:6
03-02 00:57:40.720  1464  1529 I libPowerHal: [recordCPUFreqInfo] set cluster[0] min(-1): -1 max(-1): -1 cluster[1] min(-1): -1 max(-1): -1
03-02 00:57:40.720  1464  1529 I libPowerHal: [perfLockRel] Done for hdl : 76760
03-02 00:57:40.721  1450  1487 I mtkpower_client: ret_hdl:76764
03-02 00:57:40.721  1450  1487 I HYPER-HAL: [RequestManager.cpp]releaseLocked(): Released ID : 2067581
03-02 00:57:40.721  1464  1529 I libPowerHal: [perfLockAcq] idx:2 hdl:76764 hint:-1 pid:1450 tid:1487 duration:0 lock_user:vendor.samsung. => ret_hdl:76764
03-02 00:57:40.721  1464  1529 I libPowerHal: [PE] vendor.samsung. update cmd:400000 param:2000000 pr:3
03-02 00:57:40.721  1464  1529 I libPowerHal: [recordCPUFreqInfo] set cluster[0] min(vendor.samsung.): 2000000 max(-1): -1 cluster[1] min(-1): -1 max(-1): -1
03-02 00:57:40.721  1464  1529 I libPowerHal: [perfLockAcq] Done for hdl : 76764
03-02 00:57:40.721 14885 14885 I System.out: SceneSafeLifecycleDispatcher: onStarted Start
03-02 00:57:40.721 14885 14885 I System.out: SAFActivity V Scene Framework: NavigationMessageQueue postSync start
03-02 00:57:40.721 14885 14885 I System.out: SAFActivity V Scene Framework: NavigationMessageQueue postSync run current task start 14_Y.ARunnableS108S0200000_32@913db96
03-02 00:57:40.722 14885 14885 I System.out: SAFActivity V Scene Framework: NavigationSceneManager Sync Scene SAFFragmentRootScene{79e191c} Lifecycle [ACTIVITY_CREATED -> STARTED] without saved State
03-02 00:57:40.722  1507  1507 I SurfaceFlinger: RequestedLayer [com.podcast.app.debug.test/androidx.[...]yInvoker$EmptyActivity$_17532#156718] hidden!! flag  from(1) --> to(0)
03-02 00:57:40.722  1507  1507 E SurfaceFlinger: alpha changed 0.000 -> 0.013 - DimTransitionLayer for Surface(name=Task=44899)/@0x7e3e6c7#156722
03-02 00:57:40.722 14885 14885 I System.out: SAFFragmentRootScene: onStart Start (SAFFragmentRootScene{79e191c})
03-02 00:57:40.722  1507  1507 I SurfaceFlinger: [LayerHierarchy{RequestedLayerState{c536234 NavigationBar0#102 parentId=156723} 1 children}] reparent to LayerHierarchy{RequestedLayerState{Surface(name=c536234 NavigationBar0)/@0xfac847b - animation-leash of insets_animation#156723 parentId=101} 1 children}
03-02 00:57:40.722  1507  1507 I SurfaceFlinger: [LayerHierarchy{RequestedLayerState{a5d3a68 StatusBar#109 parentId=156724} 1 children}] reparent to LayerHierarchy{RequestedLayerState{Surface(name=a5d3a68 StatusBar)/@0xd5726d6 - animation-leash of insets_animation#156724 parentId=108} 1 children}
03-02 00:57:40.722  1507  1507 I SurfaceFlinger: [LayerHierarchy{RequestedLayerState{Surface(name=c536234 NavigationBar0)/@0xfac847b - animation-leash of insets_animation#156719} no children}] reparent to OffscreenRoot
03-02 00:57:40.722  1507  1507 I SurfaceFlinger: [LayerHierarchy{RequestedLayerState{Surface(name=c536234 NavigationBar0)/@0xfac847b - animation-leash of insets_animation#156719} no children}] RelativeParent to null
03-02 00:57:40.722  1507  1507 I SurfaceFlinger: [LayerHierarchy{RequestedLayerState{Surface(name=a5d3a68 StatusBar)/@0xd5726d6 - animation-leash of insets_animation#156720} no children}] reparent to OffscreenRoot
03-02 00:57:40.722  1507  1507 I SurfaceFlinger: [LayerHierarchy{RequestedLayerState{Surface(name=a5d3a68 StatusBar)/@0xd5726d6 - animation-leash of insets_animation#156720} no children}] RelativeParent to null
03-02 00:57:40.725  3202 31843 I HoneySpace.RecentTasks: onRecentTasksChanged
03-02 00:57:40.725  3202  3386 I HoneySpace.TopTaskSource: onTaskMovedToFront : taskId = 44543, displayId = 0
03-02 00:57:40.727  3202  3390 I HoneySpace.TopTaskUseCase: topTasks 44543 ComponentInfo{com.zhiliaoapp.musically/com.ss.android.ugc.aweme.main.MainActivity}[displayId=0]
03-02 00:57:40.727  2013  3505 I NSLocationMonitor: getGPSUsingApps() called
03-02 00:57:40.727  3477 27872 I NSLocationManager_FLP: getGPSUsingApps, No change
03-02 00:57:40.729  1507  2128 I SurfaceFlinger: onHandleDestroyed: layerId=156719, name=Surface(name=c536234 NavigationBar0)/@0xfac847b - animation-leash of insets_animation#156719
03-02 00:57:40.730 25915 26075 I Rubin   : [4019] M.c0.k(Unknown Source) : Notify com.samsung.android.rubin.inferenceengine.contextanalytics.engine.loggers.AppUsageLogger's database is updated.
03-02 00:57:40.730  1507  2128 I SurfaceFlinger: id=156719 Removed Surface(name=c536234 NavigationBar0)/@0xfac847b - animation-leash of insets_animation#156719 (337)
03-02 00:57:40.730  1507  2128 I SurfaceFlinger: onHandleDestroyed: layerId=156720, name=Surface(name=a5d3a68 StatusBar)/@0xd5726d6 - animation-leash of insets_animation#156720
03-02 00:57:40.730  1507  2128 I SurfaceFlinger: id=156720 Removed Surface(name=a5d3a68 StatusBar)/@0xd5726d6 - animation-leash of insets_animation#156720 (337)
03-02 00:57:40.730  1507  1507 D SurfaceFlinger: Display 4627039422300187648 HWC layers:
03-02 00:57:40.730  1507  1507 D SurfaceFlinger:        CLIENT |           73534135074952 | 00002102 | RGBA_8888    |   21.0    0.0 1080.0 2340.0 |    0    0 1080 2340 | com.podcast.app.debug/androidx.activity.ComponentActivity$_17121#156703 (2)
03-02 00:57:40.730  1507  1507 D SurfaceFlinger:   SOLID_COLOR |                        0 | 00000000 | N/A          |    0.0    0.0    0.0    0.0 |    0    0 1080 2340 | DimTransitionLayer for Surface(name=Task=44899)/@0x7e3e6c7#156722 (0)
03-02 00:57:40.730  1507  1507 D SurfaceFlinger:        DEVICE |           75299366633592 | 00002102 | RGBA_8888    |    0.0    0.0   68.0 2340.0 | 1012    0 1080 2340 | com.podcast.app.debug.test/androidx.[...]yInvoker$EmptyActivity$_17532#156718 (1)
03-02 00:57:40.730  1507  1507 D SurfaceFlinger:        DEVICE |           11793980283795 | 00002100 | RGBA_8888    |    0.0    0.0   68.0 2340.0 | 1012    0 1080 2340 | Splash Screen com.podcast.app.debug.test$_2746#156716 (1)
03-02 00:57:40.730  1507  1507 D SurfaceFlinger:        DEVICE |           11793980281856 | 00002100 | RGBA_8888    |    0.0    0.0 1080.0   80.0 |    0    0 1080   80 | StatusBar$_2746#117 (211195)
03-02 00:57:40.730  1507  1507 D SurfaceFlinger:        DEVICE |           13752485304097 | 00002100 | RGBA_8888
03-02 00:57:40.730  1507  1507 D SurfaceFlinger:     |    0.0    0.0   67.0  346.0 | 1013  454 1080  800 | com.sec.android.app.launcher/com.sam[...].app.CocktailBarService$_3202#152779 (1)
03-02 00:57:40.730  1507  1507 D SurfaceFlinger:        DEVICE |           11793980283768 | 00002100 | RGBA_8888    |    0.0    0.0  229.0  724.0 |  851  551 1080 1275 | VolumePanelWindow$_2746#156664 (40)
03-02 00:57:40.730  1507  1507 D SurfaceFlinger:        DEVICE |           11793980281862 | 00002100 | RGBA_8888    |    0.0    0.0 1080.0  135.0 |    0 2205 1080 2340 | NavigationBar0$_2746#113 (188192)
03-02 00:57:40.730  1507  1507 D SurfaceFlinger:
03-02 00:57:40.731  1446  1446 I SensorsHub: queueBatch: handle=5 period=200000000 timeout=0
03-02 00:57:40.732  1446  1446 I SensorsHub: queueActivate: handle 5 enable 1
03-02 00:57:40.732  1446  1446 I SensorsHub: type : 5, enable : 1
03-02 00:57:40.733  1507  1507 I SurfaceFlinger: destroyed Surface(name=c536234 NavigationBar0)/@0xfac847b - animation-leash of insets_animation#156719
03-02 00:57:40.733  1507  1507 I SurfaceFlinger: destroyed Surface(name=a5d3a68 StatusBar)/@0xd5726d6 - animation-leash of insets_animation#156720
03-02 00:57:40.735  1507  1507 I Layer   : id=156720 Destroyed Surface(name=a5d3a68 StatusBar)/@0xd5726d6 - animation-leash of insets_animation#156720
03-02 00:57:40.735  1507  1507 I Layer   : id=156719 Destroyed Surface(name=c536234 NavigationBar0)/@0xfac847b - animation-leash of insets_animation#156719
03-02 00:57:40.734 14885 16208 D SensorManager: registerListener :: 5, TCS3701 Light, 200000, 0,
03-02 00:57:40.736  1507  1907 I SurfaceFlinger: onHandleDestroyed: layerId=156704, name=Surface(name=c536234 NavigationBar0)/@0xfac847b - animation-leash of insets_animation#156704
03-02 00:57:40.736  1507  1907 I SurfaceFlinger: id=156704 Removed Surface(name=c536234 NavigationBar0)/@0xfac847b - animation-leash of insets_animation#156704 (335)
03-02 00:57:40.736  1507  1907 I SurfaceFlinger: onHandleDestroyed: layerId=156705, name=Surface(name=a5d3a68 StatusBar)/@0xd5726d6 - animation-leash of insets_animation#156705
03-02 00:57:40.736  1507  1907 I SurfaceFlinger: id=156705 Removed Surface(name=a5d3a68 StatusBar)/@0xd5726d6 - animation-leash of insets_animation#156705 (335)
03-02 00:57:40.739  2746  2808 I VRI[test]@9aff730: onActiveControlsChanged, removed=false, mAdded=true, caller=android.view.ViewRootImpl.handleInsetsControlChanged:3002 android.view.ViewRootImpl$ViewRootHandler.handleMessageImpl:8352 android.view.ViewRootImpl$ViewRootHandler.handleMessage:8301 android.os.Handler.dispatchMessage:110 android.os.Looper.loopOnce:273
03-02 00:57:40.739  2746  2808 I InsetsSourceConsumer: applyRequestedVisibilityToControl: visible=true, type=navigationBars, host=Splash Screen com.podcast.app.debug.test
03-02 00:57:40.739  1445 18689 W C2MtkBufferManager: [0xB4000070F68A8D20] fetchNewCcBlock: wait fence 0x0xb4000070f692fcb0 timed out. ret 110
03-02 00:57:40.740  2013  3505 I NSLocationMonitor: getGPSUsingApps() called
03-02 00:57:40.741  2746  2808 I InsetsSourceConsumer: applyRequestedVisibilityToControl: visible=true, type=statusBars, host=Splash Screen com.podcast.app.debug.test
03-02 00:57:40.741  1507  1825 I SurfaceFlinger: Capture layer list: 	 com.podcast.app.debug/androidx.activity.ComponentActivity$_17121#156703(seamlessTransition:0)
03-02 00:57:40.741  1507  1825 I SurfaceFlinger: Capture layer list: 	 DimTransitionLayer for Surface(name=Task=44899)/@0x7e3e6c7#156722(seamlessTransition:0)
03-02 00:57:40.742  2746  2746 I {OngoingActivityController}: onTaskFocusChanged but OA data is empty
03-02 00:57:40.743  3477 27872 I NSLocationManager_FLP: getGPSUsingApps, No change
03-02 00:57:40.743  2013  2253 W ParceledListSlice: Element #30 is 21544 bytes.
03-02 00:57:40.744  1507  1507 I SurfaceFlinger: destroyed Surface(name=c536234 NavigationBar0)/@0xfac847b - animation-leash of insets_animation#156704
03-02 00:57:40.744  1507  1507 I SurfaceFlinger: destroyed Surface(name=a5d3a68 StatusBar)/@0xd5726d6 - animation-leash of insets_animation#156705
03-02 00:57:40.747  3202  3386 I HoneySpace.TopTaskSource: onTaskFocusChanged(): taskId = 44543
03-02 00:57:40.748  3202  3202 I HoneySpace.EdgePanel.CocktailHostRepositoryImpl: onNoteResume
03-02 00:57:40.748  3202  3202 I HoneySpace.EdgePanel.EdgePanelContainerViewModel: cocktailHostRepository.edgePanelOperation NoteResumeComponent(componentName=ComponentInfo{com.zhiliaoapp.musically/com.ss.android.ugc.aweme.main.MainActivity})
