03-02 00:57:36.981  2013  2013 D MediaSessionService: Audio playback is changed, config=AudioPlaybackConfiguration piid:92743 deviceIds:[3] type:android.media.AudioTrack u/pid:10350/14885 state:paused attr:AudioAttributes: usage=USAGE_MEDIA content=CONTENT_TYPE_UNKNOWN flags=0xA00 tags= bundle=null sessionId:126033 mutedState:none  FormatInfo{isSpatialized=false, channelMask=0x3, sampleRate=44100}, removed=false
03-02 00:57:36.982  2013  2013 D MediaSessionStack: updateMediaButtonSessionIfNeeded, callers=com.android.server.media.AudioPlayerStateMonitor$MessageHandler.handleMessage:19 android.os.Handler.dispatchMessage:110
03-02 00:57:36.982  2013  2013 D MediaSessionStack: updateMediaButtonSessionIfNeeded, skipping uid=10350
03-02 00:57:36.982  2013  2013 D MediaSessionStack: updateMediaButtonSessionIfNeeded, skipping uid=10342
03-02 00:57:36.982  2013  2013 D MediaSessionStack: updateMediaButtonSessionIfNeeded, skipping uid=10317
03-02 00:57:36.982  2013  2013 D MediaSessionStack: updateMediaButtonSessionIfNeeded, skipping uid=10672
03-02 00:57:36.982  2013  3566 D InputTransport: Input channel constructed: '79a6976', fd=1133
03-02 00:57:36.982  2013  3566 D InputTransport: Input channel destroyed: '79a6976', fd=1132
03-02 00:57:36.983  1507  1562 I SurfaceFlinger: id=156598 createSurf, flag=84004, 79a6976 com.podcast.app.debug/androidx.activity.ComponentActivity#156598
03-02 00:57:36.984  2746  3671 D SoundCraft.PlayingAudioConditionHandler: onPlaybackConfigChanged : lastStartedPackageName=com.zhiliaoapp.musically, lastStartedUid=10350, newStartedUid=-1, newStartPackageName=null, thread=Thread[RoutineHandlerThread,5,main]
03-02 00:57:36.984  1507  1507 I SurfaceFlinger: [LayerHierarchy{RequestedLayerState{ImeContainer#15 parentId=147902 relativeParentId=147902 z=1} 1 children}] RelativeParent to null
03-02 00:57:36.984  1507  1507 I SurfaceFlinger: [79a6976 com.podcast.app.debug/androidx.activity.ComponentActivity#156598] attach to parent LayerHierarchy{RequestedLayerState{ActivityRecord{226246986 u0 com.podcast.app.debug/androidx.activity.ComponentActivity t44894}#156595 parentId=156594} 2 children}
03-02 00:57:36.984  2013  3566 D InputTransport: Input channel destroyed: '79a6976', fd=1133
03-02 00:57:36.985 17121 17121 D InputTransport: Input channel constructed: '79a6976', fd=128
03-02 00:57:36.986 17121 17121 I InsetsController: onStateChanged: host=com.podcast.app.debug/androidx.activity.ComponentActivity, from=android.view.ViewRootImpl.onInsetsStateChanged:3026, state=InsetsState: {mDisplayFrame=Rect(0, 0 - 1080, 2340), mDisplayCutout=DisplayCutout{insets=Rect(0, 80 - 0, 0) waterfall=Insets{left=0, top=0, right=0, bottom=0} boundingRect={Bounds=[Rect(0, 0 - 0, 0), Rect(472, 0 - 608, 80), Rect(0, 0 - 0, 0), Rect(0, 0 - 0, 0)]} cutoutPathParserInfo={CutoutPathParserInfo{displayWidth=1080 displayHeight=2340 physicalDisplayWidth=1080 physicalDisplayHeight=2340 density={2.8125} cutoutSpec={M 0,0 H -24.177777778 V 28.4444444444 H 24.177777778 V 0 H 0 Z @dp} rotation={0} scale={1.0} physicalPixelDisplaySizeRatio={1.0}}} sideOverrides={}}, mRoundedCorners=RoundedCorners{[RoundedCorner{position=TopLeft, radius=113, center=Point(113, 113)}, RoundedCorner{position=TopRight, radius=113, center=Point(967, 113)}, RoundedCorner{position=BottomRight, radius=113, center=Point(967, 2227)}, RoundedCorner{position=BottomLeft, radius=113, center=Point(113, 2227)}]}  mRoundedCornerFrame=Rect(0, 0 - 1080, 2340), mPrivacyIndicatorBounds=PrivacyIndicatorBounds {static bounds=Rect(956, 0 - 1080, 80) rotation=0}, mDisplayShape=DisplayShape{ spec=-311912193 displayWidth=1080 displayHeight=2340 physicalPixelDisplaySizeRatio=1.0 rotation=0 offsetX=0 offsetY=0 scale=1.0}, mSources= { InsetsSource: {e9af0000 mType=statusBars mFrame=[0,0][1080,80] mVisible=true mFlags= mSideHint=TOP mBoundingRects=null}, InsetsSource: {e9af0005 mType=mandatorySystemGestures mFrame=[0,0][1080,114] mVisible=true mFlags= mSideHint=TOP mBoundingRects=null}, InsetsSource: {e9af0006 mType=tappableElement mFrame=[0,0][1080,80] mVisible=true mFlags= mSideHint=TOP mBoundingRects=null}, InsetsSource: {3 mType=ime mFrame=[0,0][0,0] mVisible=false mFlags= mSideHint=NONE mBoundingRects=null}, InsetsSource: {27 mType=displayCutout mFrame=[0,0][1080,80] mVisible=true mFlags= mSideHint=TOP mBoundingRects=null}, InsetsSource: {26ed0001 mType=navigationBars mFrame=[0,2298][1080,2340] mVisible=true mFlags=SUPPRESS_SCRIM mSideHint=BOTTOM mBoundingRects=null}, InsetsSource: {26ed0004 mType=systemGestures mFrame=[0,0][84,2340] mVisible=true mFlags= mSideHint=LEFT mBoundingRects=null}, InsetsSource: {26ed0005 mType=mandatorySystemGestures mFrame=[0,2250][1080,2340] mVisible=true mFlags= mSideHint=BOTTOM mBoundingRects=null}, InsetsSource: {26ed0006 mType=tappableElement mFrame=[0,0][0,0] mVisible=true mFlags= mSideHint=NONE mBoundingRects=null}, InsetsSource: {26ed0024 mType=systemGestures mFrame=[996,0][1080,2340] mVisible=true mFlags= mSideHint=RIGHT mBoundingRects=null} }
03-02 00:57:36.986 17121 17121 I VRI[ComponentActivity]@284d1df: synced displayState. AttachInfo displayState=2
03-02 00:57:36.987 17121 17121 I VRI[ComponentActivity]@284d1df: setView = com.android.internal.policy.DecorView@2ef4e8a IsHRR=false mFlingFrameRateChange=0 TM=true
03-02 00:57:36.988  2746  2746 I {OngoingActivityController}: onTaskFocusChanged but OA data is empty
03-02 00:57:36.988  2746  2870 I BLASTBufferQueue: [VRI[debug]@e4712ac#7729](f:0,a:0,s:0) onFrameAvailable the first frame is available
03-02 00:57:36.988 17121 17389 D HWUI    : HWUI - treat SMPTE_170M as sRGB
03-02 00:57:36.988  1507  1845 D SurfaceFlinger: [input] setFocusedWindow: <null>
03-02 00:57:36.988  1507  1845 D SurfaceFlinger: updateWinowInfo=1, setFocusedWindow timestamp=491135954586196, windowName=<null>
03-02 00:57:36.989  2013  3566 D InputDispatcher: Once focus requested (0): <null>
03-02 00:57:36.989  2013  3566 D InputDispatcher: Focus request (0): <null> but waiting because NO_WINDOW
03-02 00:57:36.989  2013  3566 D InputDispatcher: Focus left window (0): cd2d6b5 com.zhiliaoapp.musically/com.ss.android.ugc.aweme.splash.SplashActivity
03-02 00:57:36.989  2013  4843 I WindowManager: Relayout Window{79a6976 u0 com.podcast.app.debug/androidx.activity.ComponentActivity}: viewVisibility=0 req=1080x2340 ty=1 d0
03-02 00:57:36.990 14885 14885 I ImeFocusController: onPreWindowFocus: skipped hasWindowFocus=false mHasImeFocus=true
03-02 00:57:36.990 14885 14885 I System.out: SAFActivity V Scene Framework: NavigationSceneManager onWindowFocusChanged false
03-02 00:57:36.990  1507  1563 I SurfaceFlinger: id=156599 createSurf, flag=44004, com.podcast.app.debug/androidx.activity.ComponentActivity$_17121#156599
03-02 00:57:36.990 14885 14885 I ImeFocusController: onPostWindowFocus: skipped hasWindowFocus=false mHasImeFocus=true
03-02 00:57:36.990  2746  2870 I BLASTBufferQueue: [VRI[debug]@e4712ac#7729](f:0,a:1,s:0) acquireNextBufferLocked size=1080x2340 mFrameNumber=1 applyTransaction=true mTimestamp=491135989147965(auto) mPendingTransactions.size=0 graphicBufferId=11793980283736 transform=0
03-02 00:57:36.991  2746  2870 I VRI[debug]@e4712ac: Received frameCommittedCallback lastAttemptedDrawFrameNum=1 didProduceBuffer=true
03-02 00:57:36.992  3202  3386 I HoneySpace.TopTaskSource: onTaskFocusChanged(): taskId = 44894
03-02 00:57:36.992  2746  2870 D HWUI    : CFMS:: SetUp Pid : 2746    Tid : 2870
03-02 00:57:36.993  2746  2808 D VRI[debug]@e4712ac: reportDrawFinished seqId=0
03-02 00:57:36.994  1507  1562 I SurfaceFlinger: id=156600 createSurf, flag=24000, Surface(name=c536234 NavigationBar0)/@0xfac847b - animation-leash of insets_animation#156600
03-02 00:57:36.995  1507  1507 I SurfaceFlinger: [com.podcast.app.debug/androidx.activity.ComponentActivity$_17121#156599] attach to parent LayerHierarchy{RequestedLayerState{79a6976 com.podcast.app.debug/androidx.activity.ComponentActivity#156598 parentId=156595} 1 children}
03-02 00:57:36.995  1507  1507 I SurfaceFlinger: [Surface(name=c536234 NavigationBar0)/@0xfac847b - animation-leash of insets_animation#156600] attach to parent LayerHierarchy{RequestedLayerState{WindowToken{5cf38d1 type=2019 android.os.BinderProxy@916675b}#101 parentId=34} 2 children}
03-02 00:57:36.998  1507  1563 I SurfaceFlinger: id=156601 createSurf, flag=24000, Surface(name=a5d3a68 StatusBar)/@0xd5726d6 - animation-leash of insets_animation#156601
03-02 00:57:36.999  1445  2902 W C2MtkBufferManager: [0xB4000070F507E520] fetchNewCcBlock: wait fence 0x0xb4000070f5058270 timed out. ret 110
03-02 00:57:37.000  3202  3202 I HoneySpace.EdgePanel.CocktailHostRepositoryImpl: onNoteResume
03-02 00:57:37.000  3202  3202 I HoneySpace.EdgePanel.EdgePanelContainerViewModel: cocktailHostRepository.edgePanelOperation NoteResumeComponent(componentName=ComponentInfo{com.podcast.app.debug/androidx.activity.ComponentActivity})
03-02 00:57:37.000  3202  3202 I HoneySpace.EdgePanel.ActivityUtils: HomePackage : com.sec.android.app.launcher, resumePackageName : com.podcast.app.debug, className : androidx.activity.ComponentActivity
03-02 00:57:37.001  2013  4843 I SystemKeyManager: requested systemKeyInfo size=1 focusedWindow=com.podcast.app.debug/androidx.activity.ComponentActivity
03-02 00:57:37.001  2013  4843 I SystemKeyManager: requested systemKeyInfo size=2 focusedWindow=com.podcast.app.debug/androidx.activity.ComponentActivity
03-02 00:57:37.001  2013  4843 I WindowManager: Relayout hash=79a6976, pid=17121, syncId=-1: mAttrs={(0,0)(fillxfill) sim={adjust=pan forwardNavigation} layoutInDisplayCutoutMode=always ty=BASE_APPLICATION wanim=0x1030317
03-02 00:57:37.001  2013  4843 I WindowManager:   fl=81810100
03-02 00:57:37.001  2013  4843 I WindowManager:   pfl=100088c0
03-02 00:57:37.001  2013  4843 I WindowManager:   bhv=1
03-02 00:57:37.001  2013  4843 I WindowManager:   fitSides=0
03-02 00:57:37.001  2013  4843 I WindowManager:   frameRateBoostOnTouch=true
03-02 00:57:37.001  2013  4843 I WindowManager:   dvrrWindowFrameRateHint=true naviIconColor=0}
03-02 00:57:37.003 17121 17121 D BufferQueueConsumer: [](id:42e10000001e,api:0,p:-1,c:17121) connect: controlledByApp=false
03-02 00:57:37.003 17121 17121 I BLASTBufferQueue: [VRI[ComponentActivity]@284d1df#30](f:0,a:0,s:0) constructor()
03-02 00:57:37.004 17121 17121 I BLASTBufferQueue_Java: new BLASTBufferQueue, mName= VRI[ComponentActivity]@284d1df mNativeObject= 0xb400007867a34800 caller= android.view.ViewRootImpl.updateBlastSurfaceIfNeeded:3585 android.view.ViewRootImpl.relayoutWindow:11685 android.view.ViewRootImpl.performTraversals:4804 android.view.ViewRootImpl.doTraversal:3924 android.view.ViewRootImpl$TraversalRunnable.run:12903 android.view.Choreographer$CallbackRecord.run:1901 android.view.Choreographer$CallbackRecord.run:1910 android.view.Choreographer.doCallbacks:1367 android.view.Choreographer.doFrame:1292 android.view.Choreographer$FrameDisplayEventReceiver.run:1870
03-02 00:57:37.004 17121 17121 I BLASTBufferQueue_Java: update, w= 1080 h= 2340 mName = VRI[ComponentActivity]@284d1df mNativeObject= 0xb400007867a34800 sc.mNativeObject= 0xb4000078339981c0 format= -1 caller= android.view.ViewRootImpl.updateBlastSurfaceIfNeeded:3590 android.view.ViewRootImpl.relayoutWindow:11685 android.view.ViewRootImpl.performTraversals:4804 android.view.ViewRootImpl.doTraversal:3924 android.view.ViewRootImpl$TraversalRunnable.run:12903 android.view.Choreographer$CallbackRecord.run:1901
03-02 00:57:37.004 17121 17121 I BLASTBufferQueue: [VRI[ComponentActivity]@284d1df#30](f:0,a:0,s:0) update width=1080 height=2340 format=-1 mTransformHint=0
03-02 00:57:37.006  1507  1507 I SurfaceFlinger: [Surface(name=a5d3a68 StatusBar)/@0xd5726d6 - animation-leash of insets_animation#156601] attach to parent LayerHierarchy{RequestedLayerState{WindowToken{d05298b type=2000 android.os.BinderProxy@163b705}#108 parentId=17} 2 children}
03-02 00:57:37.006 17121 17121 I VRI[ComponentActivity]@284d1df: Relayout returned: old=(0,0,1080,2340) new=(0,0,1080,2340) relayoutAsync=false req=(1080,2340)0 dur=14 res=0x3 s={true 0xb40000772b258a00} ch=true seqId=0
03-02 00:57:37.008 17121 17121 I VRI[ComponentActivity]@284d1df: performConfigurationChange setNightDimText nightDimLevel=0
03-02 00:57:37.009 17121 17121 D VRI[ComponentActivity]@284d1df: mThreadedRenderer.initialize() mSurface={isValid=true 0xb40000772b258a00} hwInitialized=true
03-02 00:57:37.010 17121 17121 D VRI[ComponentActivity]@284d1df: reportNextDraw android.view.ViewRootImpl.performTraversals:5443 android.view.ViewRootImpl.doTraversal:3924 android.view.ViewRootImpl$TraversalRunnable.run:12903 android.view.Choreographer$CallbackRecord.run:1901 android.view.Choreographer$CallbackRecord.run:1910
03-02 00:57:37.010 17121 17121 D VRI[ComponentActivity]@284d1df: Setup new sync=wmsSync-VRI[ComponentActivity]@284d1df#60
03-02 00:57:37.010 17121 17121 I VRI[ComponentActivity]@284d1df: Creating new active sync group VRI[ComponentActivity]@284d1df#61
03-02 00:57:37.011 17121 17121 D VRI[ComponentActivity]@284d1df: registerCallbacksForSync syncBuffer=false
03-02 00:57:37.011 17121 17414 D VRI[ComponentActivity]@284d1df: Received frameDrawingCallback syncResult=0 frameNum=1.
03-02 00:57:37.012 17121 17414 I VRI[ComponentActivity]@284d1df: mWNT: t=0xb40000772b10f580 mBlastBufferQueue=0xb400007867a34800 fn= 1 HdrRenderState mRenderHdrSdrRatio=1.0 caller= android.view.ViewRootImpl$12.onFrameDraw:15441 android.view.ThreadedRenderer$1.onFrameDraw:718 <bottom of call stack>
03-02 00:57:37.012 17121 17414 I VRI[ComponentActivity]@284d1df: Setting up sync and frameCommitCallback
03-02 00:57:37.017  1507  1507 I SurfaceFlinger: [LayerHierarchy{RequestedLayerState{c536234 NavigationBar0#102 parentId=156600} 1 children}] reparent to LayerHierarchy{RequestedLayerState{Surface(name=c536234 NavigationBar0)/@0xfac847b - animation-leash of insets_animation#156600 parentId=101} 1 children}
03-02 00:57:37.017  1507  1507 I SurfaceFlinger: [LayerHierarchy{RequestedLayerState{a5d3a68 StatusBar#109 parentId=156601} 1 children}] reparent to LayerHierarchy{RequestedLayerState{Surface(name=a5d3a68 StatusBar)/@0xd5726d6 - animation-leash of insets_animation#156601 parentId=108} 1 children}
03-02 00:57:37.017  1507  1507 I SurfaceFlinger: [LayerHierarchy{RequestedLayerState{Surface(name=c536234 NavigationBar0)/@0xfac847b - animation-leash of insets_animation#156577} no children}] reparent to OffscreenRoot
03-02 00:57:37.017  1507  1507 I SurfaceFlinger: [LayerHierarchy{RequestedLayerState{Surface(name=c536234 NavigationBar0)/@0xfac847b - animation-leash of insets_animation#156577} no children}] RelativeParent to null
03-02 00:57:37.017  1507  1507 I SurfaceFlinger: [LayerHierarchy{RequestedLayerState{Surface(name=a5d3a68 StatusBar)/@0xd5726d6 - animation-leash of insets_animation#156578} no children}] reparent to OffscreenRoot
03-02 00:57:37.017  1507  1507 I SurfaceFlinger: [LayerHierarchy{RequestedLayerState{Surface(name=a5d3a68 StatusBar)/@0xd5726d6 - animation-leash of insets_animation#156578} no children}] RelativeParent to null
03-02 00:57:37.020  1484  1921 D DlbEffectContext: setParam() received parameter EFFECT_PARAM_SEEK
03-02 00:57:37.020  1484  1921 D DlbEffectContext: handleSeek(seek operation starts, current profile is 2)
03-02 00:57:37.020  1484  1921 D DlbEffectContext: transformExternalGain() volume:0x0 fVol:0.000000 extVal:-2080
03-02 00:57:37.021  1484  1921 D DlbEndpointParamCache: commitChangedParams()
03-02 00:57:37.021  1484  1921 D DlbEndpointParamCache: commit() Applying parameters for device 0x40000000
03-02 00:57:37.021  1484  1921 D DlbDap2Process: setParam(preg = #1[-2080])
03-02 00:57:37.021  1484  1921 D DlbDap2Process: setSystemGain(vol = 0)
03-02 00:57:37.021  1484  1921 D DlbDap2Process: setParam(svol = #1[-2080])
03-02 00:57:37.021  1484  1921 D DlbEndpointParamCache: doCommit() Committed 2 parameters out of 15.
03-02 00:57:37.021  1484  1921 D DlbEndpointParamCache: commit() Overriding parameters for current device 0x00000002
03-02 00:57:37.021  1484  1921 D DlbEndpointParamCache: doCommit() Committed 0 parameters out of 60.
03-02 00:57:37.021  1484  1921 I SoundBoosterEffectPlus: SB_setVolume(0xb400007075106040)
03-02 00:57:37.021  1484  1921 I SoundBoosterEffectPlus: command EFFECT_CMD_SET_VOLUME left = 0.000000, right =0.000000
03-02 00:57:37.021  1484  1921 I SoundBooster_Interface2000_a64: BuffClear() mMode: 1
03-02 00:57:37.021  1484  1921 I SoundBoosterEffectPlus: SB_reset SoundBooster sessionId(-2102)
03-02 00:57:37.021  1484  1921 I SAG_EQ a64: SetVolumeFloat() inst_num [424238335] VolumeFloat [-100.000000] mModeFW [1] mMode [1]
03-02 00:57:37.021  1484  1921 I SAG_EQ a64: mIsVolumeTableValid yes
03-02 00:57:37.021  1484  1921 I SAG_EQ a64: SetVolume() VolumeIndexInt [1]
03-02 00:57:37.021  1439 16888 D MTKAdapterStreamLayer: updateMetadataCommon(),
03-02 00:57:37.023  1484  1921 I SoundBooster_Interface2000_a64: [AE_LOG] Exe() mMode : 1,  n : 2048    VolumeIndexFloat : -100.000000 mSamplingRate : 48000
03-02 00:57:37.023  1507  1825 I SurfaceFlinger: Capture layer list: 	 com.zhiliaoapp.musically/com.ss.android.ugc.aweme.splash.SplashActivity$_14885#156576(seamlessTransition:0)
03-02 00:57:37.024  1484  1921 I SoundBooster_Interface2000_a64: BuffClear_apply() mMode: 1
03-02 00:57:37.024  1484  1921 I SoundAlive_Interface_a64: [dB = -100.000000 ]
03-02 00:57:37.028  1507  2393 I SurfaceFlinger: id=156602 createSurf, flag=84004, Transition Root: Task=44894#156602
03-02 00:57:37.029 17121 17389 I BLASTBufferQueue: [VRI[ComponentActivity]@284d1df#30](f:0,a:0,s:0) onFrameAvailable the first frame is available
03-02 00:57:37.030 17121 17389 I BLASTBufferQueue: [VRI[ComponentActivity]@284d1df#30](f:0,a:1,s:0) acquireNextBufferLocked size=1080x2340 mFrameNumber=1 applyTransaction=true mTimestamp=491136029928888(auto) mPendingTransactions.size=0 graphicBufferId=73534135074937 transform=0
03-02 00:57:37.030 17121 17389 I VRI[ComponentActivity]@284d1df: Received frameCommittedCallback lastAttemptedDrawFrameNum=1 didProduceBuffer=true
03-02 00:57:37.033  1507  1845 D SurfaceFlinger: [input] setFocusedWindow: 79a6976 com.podcast.app.debug/androidx.activity.ComponentActivity
03-02 00:57:37.033  1507  1845 D SurfaceFlinger: updateWinowInfo=1, setFocusedWindow timestamp=491136013238196, windowName=79a6976 com.podcast.app.debug/androidx.activity.ComponentActivity
03-02 00:57:37.033 17121 17389 D HWUI    : CFMS:: SetUp Pid : 17121    Tid : 17389
03-02 00:57:37.033 17121 17121 D VRI[ComponentActivity]@284d1df: reportDrawFinished seqId=0
03-02 00:57:37.033  2013  2834 D InputDispatcher: Once focus requested (0): 79a6976 com.podcast.app.debug/androidx.activity.ComponentActivity
03-02 00:57:37.033  2013  2834 D InputDispatcher: Focus request (0): 79a6976 com.podcast.app.debug/androidx.activity.ComponentActivity but waiting because NO_WINDOW
03-02 00:57:37.038  2013  2068 I SurfaceControlRegistry: show, t=StartTransaction_SyncId<11295> sc=ActivityRecord{226246986 u0 com.podcast.app.debug/androidx.activity.ComponentActivity t44894}, caller=android.view.SurfaceControl$Transaction.show:3557 com.android.server.wm.Transition.onTransactionReady:2048 com.android.server.wm.BLASTSyncEngine$SyncGroup.finishNow:240 com.android.server.wm.BLASTSyncEngine.onSurfacePlacement:263 com.android.server.wm.RootWindowContainer.performSurfacePlacementNoTrace:1083 com.android.server.wm.WindowSurfacePlacer.performSurfacePlacement:166
03-02 00:57:37.039  1507  1507 I SurfaceFlinger: [Transition Root: Task=44894#156602] attach to parent LayerHierarchy{RequestedLayerState{DefaultTaskDisplayArea_d0#10 parentId=9} 46 children}
03-02 00:57:37.041  5235 12846 I HBD     : a [SKE_SPECIFIC] specific model[com.zhiliaoapp.musically] loaded, 173162384 ns
03-02 00:57:37.043  2013  2065 D PkgPredictorService-SecIpmManagerServiceImpl: onForegroundActivitiesChanged pid:17121 uid:10685
03-02 00:57:37.049  2013  2068 D ScreenCapture: [Capture_TEST] : setIsScreenShotBySystem false
03-02 00:57:37.050  2013  2068 I SurfaceComposerClient: captureLayers:childrenOnly:1, sync:1
03-02 00:57:37.058  1507  1563 I SurfaceFlinger: Capture layer list: 	 Background for 68eb87 SurfaceView[com.zhiliaoapp.musically/com.ss.android.ugc.aweme.splash.SplashActivity]@0#156582(seamlessTransition:0)
03-02 00:57:37.058  1507  1563 I SurfaceFlinger: Capture layer list: 	 Background for 7086fb SurfaceView[com.zhiliaoapp.musically/com.ss.android.ugc.aweme.splash.SplashActivity]@0#156585(seamlessTransition:0)
03-02 00:57:37.058  1507  1563 I SurfaceFlinger: Capture layer list: 	 Background for 836459b SurfaceView[com.zhiliaoapp.musically/com.ss.android.ugc.aweme.splash.SplashActivity]@0#156588(seamlessTransition:0)
03-02 00:57:37.058  1507  1563 I SurfaceFlinger: Capture layer list: 	 com.zhiliaoapp.musically/com.ss.android.ugc.aweme.splash.SplashActivity$_14885#156576(seamlessTransition:0)
03-02 00:57:37.069  1464  1492 I mtkpower@impl: [setMode] type:5, enabled:0
03-02 00:57:37.070  2013  3345 I SemDvfsHyPerManager: acquire hyper - AMS_RESUME_TAIL/2013@18, type = -999
03-02 00:57:37.070  2013  3345 I SemDvfsHyPerManager: acquire hyper - AMS_ACT_LAZY/2013@19, type = -999
03-02 00:57:37.070  1450  1487 I HYPER-HAL: [RequestManager.cpp]acquire(): Acquired ID : 2063514  [2013 / 18]    HINT : AMS_RESUME_TAIL    list :
03-02 00:57:37.071  1450  1487 I mtkpower_client: perf_lock_rel, hdl:76719, pid: 1450, tid:1487
03-02 00:57:37.071  1450  1487 I mtkpower_client: perf_lock_acq, hdl:0, dur:0, num:2, pid:1450, tid:1487
03-02 00:57:37.072  1464  1529 I libPowerHal: [perfLockRel] hdl:76719, idx:2
03-02 00:57:37.073  1464  1529 I libPowerHal: [set_cpuidle] enable:1, fd:17, scn:0xb40000737b607270
03-02 00:57:37.073  1464  1529 I libPowerHal: [PD] vendor.samsung. update cmd:1c3c100 param:1 pr:6
03-02 00:57:37.073  1464  1529 I libPowerHal: [perfLockRel] Done for hdl : 76719
03-02 00:57:37.074  1450  1487 I mtkpower_client: ret_hdl:76721
03-02 00:57:37.074  1450  1487 I mtkpower_client: perf_lock_rel, hdl:76720, pid: 1450, tid:1487
03-02 00:57:37.074  1445  2902 W C2MtkBufferManager: [0xB4000070F507E520] fetchNewCcBlock: wait fence 0x0xb4000070f5058270 timed out. ret 110
03-02 00:57:37.074  1464  1529 I libPowerHal: [perfLockAcq] idx:8 hdl:76721 hint:-1 pid:1450 tid:1487 duration:0 lock_user:vendor.samsung. => ret_hdl:76721
03-02 00:57:37.074  1464  1529 I libPowerHal: [set_cpuidle] enable:0, fd:17, scn:0xb40000737b61a740
03-02 00:57:37.074  1464  1529 I libPowerHal: [get_cpu_dma_latency_value] 0
03-02 00:57:37.074  1464  1529 I libPowerHal: [PE] vendor.samsung. update cmd:1c3c100 param:0 pr:3
03-02 00:57:37.074  1464  1529 I libPowerHal: [perfLockAcq] Done for hdl : 76721
03-02 00:57:37.075  1450  1487 I mtkpower_client: perf_lock_acq, hdl:0, dur:0, num:2, pid:1450, tid:1487
03-02 00:57:37.076  1464  1529 I libPowerHal: [perfLockRel] hdl:76720, idx:3
03-02 00:57:37.077  1464  1529 I libPowerHal: [PD] vendor.samsung. update cmd:1000000 param:-1 pr:6
03-02 00:57:37.077  1464  1529 I libPowerHal: [perfLockRel] Done for hdl : 76720
03-02 00:57:37.078  1450  1487 I mtkpower_client: ret_hdl:76722
03-02 00:57:37.078  1450  1487 I mtkpower_client: perf_lock_rel, hdl:76722, pid: 1450, tid:1487
03-02 00:57:37.078  1464  1529 I libPowerHal: [perfLockAcq] idx:2 hdl:76722 hint:-1 pid:1450 tid:1487 duration:0 lock_user:vendor.samsung. => ret_hdl:76722
03-02 00:57:37.078  1464  1529 I libPowerHal: [setDvfsrcDevFreqOpp] opp:0, freq:4266000000
03-02 00:57:37.078  1464  1529 I libPowerHal: [PE] vendor.samsung. update cmd:1000000 param:0 pr:3
03-02 00:57:37.078  1464  1529 I libPowerHal: [perfLockAcq] Done for hdl : 76722
03-02 00:57:37.079  1450  1487 I mtkpower_client: perf_lock_acq, hdl:0, dur:0, num:2, pid:1450, tid:1487
03-02 00:57:37.079  1464  1529 I libPowerHal: [perfLockRel] hdl:76722, idx:2
03-02 00:57:37.080  1464  1529 I libPowerHal: [PD] vendor.samsung. update cmd:1000000 param:-1 pr:6
03-02 00:57:37.080  1464  1529 I libPowerHal: [perfLockRel] Done for hdl : 76722
03-02 00:57:37.083  1450  1487 I mtkpower_client: ret_hdl:76723
03-02 00:57:37.083  1450  1487 I mtkpower_client: perf_lock_rel, hdl:76718, pid: 1450, tid:1487
03-02 00:57:37.084  1464  1529 I libPowerHal: [perfLockAcq] idx:2 hdl:76723 hint:-1 pid:1450 tid:1487 duration:0 lock_user:vendor.samsung. => ret_hdl:76723
03-02 00:57:37.085  1464  1529 I libPowerHal: [setDvfsrcDevFreqOpp] opp:0, freq:4266000000
03-02 00:57:37.085  1464  1529 I libPowerHal: [PE] vendor.samsung. update cmd:1000000 param:0 pr:3
03-02 00:57:37.085  1464  1529 I libPowerHal: [perfLockAcq] Done for hdl : 76723
03-02 00:57:37.085  1450  1487 I mtkpower_client: perf_lock_acq, hdl:0, dur:0, num:2, pid:1450, tid:1487
03-02 00:57:37.085  1464  1529 I libPowerHal: [perfLockRel] hdl:76718, idx:6
03-02 00:57:37.086  1464  1529 I libPowerHal: [PD] vendor.samsung. update cmd:400000 param:-1 pr:6
03-02 00:57:37.086  1464  1529 I libPowerHal: [recordCPUFreqInfo] set cluster[0] min(-1): -1 max(-1): -1 cluster[1] min(-1): -1 max(-1): -1
03-02 00:57:37.086  1464  1529 I libPowerHal: [perfLockRel] Done for hdl : 76718
03-02 00:57:37.087  1450  1487 I mtkpower_client: ret_hdl:76724
03-02 00:57:37.087  1450  1487 I HYPER-HAL: [RequestManager.cpp]releaseLocked(): Released ID : 2067581
03-02 00:57:37.087  1464  1529 I libPowerHal: [perfLockAcq] idx:3 hdl:76724 hint:-1 pid:1450 tid:1487 duration:0 lock_user:vendor.samsung. => ret_hdl:76724
03-02 00:57:37.088  1464  1529 I libPowerHal: [PE] vendor.samsung. update cmd:400000 param:2000000 pr:3
03-02 00:57:37.089  1464  1529 I libPowerHal: [recordCPUFreqInfo] set cluster[0] min(vendor.samsung.): 2000000 max(-1): -1 cluster[1] min(-1): -1 max(-1): -1
03-02 00:57:37.089  1464  1529 I libPowerHal: [perfLockAcq] Done for hdl : 76724
03-02 00:57:37.092  1507  1563 I SurfaceFlinger: id=156603 createSurf, flag=84000, 844719f ActivityRecordInputSink com.podcast.app.debug/androidx.activity.ComponentActivity#156603
03-02 00:57:37.095  1507  1507 I SurfaceFlinger: [844719f ActivityRecordInputSink com.podcast.app.debug/androidx.activity.ComponentActivity#156603] attach to parent LayerHierarchy{RequestedLayerState{ActivityRecord{226246986 u0 com.podcast.app.debug/androidx.activity.ComponentActivity t44894}#156595 parentId=156594} 3 children}
03-02 00:57:37.098  2013  3566 W ParceledListSlice: Element #30 is 21544 bytes.
03-02 00:57:37.100  2746  2746 D NavigationBar: onSystemBarAttributesChanged() -  displayId:0, appearance:0, packageName: com.podcast.app.debug, navbarColorManagedByIme:false
03-02 00:57:37.103  5019  5019 W g.android.mcfds: Long monitor contention with owner binder:5019_4 (5272) at boolean android.os.MessageQueue.enqueueMessageLegacy(android.os.Message, long)(MessageQueue.java:1488) waiters=0 in android.os.Message android.os.MessageQueue.nextLegacy() for 155ms
03-02 00:57:37.103  2013  2064 I PkgPredictorService-SecIpmManagerServiceImpl: reportToNAP uid:10685 com.podcast.app.debug/androidx.activity.ComponentActivity thisTime:239
03-02 00:57:37.103  2013  2064 D PkgPredictorService-SecIpmManagerServiceImpl: reportToNAP: mHeavyLaunchCounter is false
03-02 00:57:37.104  1507  1563 I SurfaceFlinger: onHandleDestroyed: layerId=156577, name=Surface(name=c536234 NavigationBar0)/@0xfac847b - animation-leash of insets_animation#156577
03-02 00:57:37.105  2746  2798 I SurfaceControlRegistry: hide, t=FinishTransaction_SyncId<11295> sc=Task=44543, caller=android.view.SurfaceControl$Transaction.hide:3583 com.android.wm.shell.transition.Transitions.dispatchReady:1263 com.android.wm.shell.transition.Transitions.onTransitionReady:251 com.android.wm.shell.transition.Transitions$TransitionPlayerImpl$$ExternalSyntheticLambda0.run:13 android.os.Handler.handleCallback:995 android.os.Handler.dispatchMessage:103
03-02 00:57:37.107  2746  2798 I SurfaceControlRegistry: show, t=StartTransaction_SyncId<11295> sc=Task=44894, caller=android.view.SurfaceControl$Transaction.show:3557 com.android.wm.shell.transition.Transitions.dispatchReady:1279 com.android.wm.shell.transition.Transitions.onTransitionReady:251 com.android.wm.shell.transition.Transitions$TransitionPlayerImpl$$ExternalSyntheticLambda0.run:13 android.os.Handler.handleCallback:995 android.os.Handler.dispatchMessage:103
03-02 00:57:37.107  2013  2064 I ActivityTaskManager: Displayed com.podcast.app.debug/androidx.activity.ComponentActivity for user 0: +239ms
03-02 00:57:37.107  2746  2798 I SurfaceControlRegistry: show, t=FinishTransaction_SyncId<11295> sc=Task=44894, caller=android.view.SurfaceControl$Transaction.show:3557 com.android.wm.shell.transition.Transitions.dispatchReady:1330 com.android.wm.shell.transition.Transitions.onTransitionReady:251 com.android.wm.shell.transition.Transitions$TransitionPlayerImpl$$ExternalSyntheticLambda0.run:13 android.os.Handler.handleCallback:995 android.os.Handler.dispatchMessage:103
03-02 00:57:37.107  3506  3506 E pageboostd: Received HALT command code 2
03-02 00:57:37.109 17121 17121 I InsetsSourceConsumer: applyRequestedVisibilityToControl: visible=true, type=navigationBars, host=com.podcast.app.debug/androidx.activity.ComponentActivity
03-02 00:57:37.109  1507  1563 I SurfaceFlinger: id=156577 Removed Surface(name=c536234 NavigationBar0)/@0xfac847b - animation-leash of insets_animation#156577 (354)
03-02 00:57:37.109  1507  1563 I SurfaceFlinger: onHandleDestroyed: layerId=156578, name=Surface(name=a5d3a68 StatusBar)/@0xd5726d6 - animation-leash of insets_animation#156578
03-02 00:57:37.109  1507  1563 I SurfaceFlinger: id=156578 Removed Surface(name=a5d3a68 StatusBar)/@0xd5726d6 - animation-leash of insets_animation#156578 (354)
03-02 00:57:37.110 17121 17121 I InsetsSourceConsumer: applyRequestedVisibilityToControl: visible=true, type=statusBars, host=com.podcast.app.debug/androidx.activity.ComponentActivity
03-02 00:57:37.116  2746  2798 I SurfaceControlRegistry: apply, t=FinishTransaction_SyncId<11294>, caller=android.view.SurfaceControl$Transaction.apply:3459 android.view.SurfaceControl$Transaction.apply:3447 android.view.SurfaceControl$Transaction.apply:3397 com.android.wm.shell.transition.Transitions.onFinish:315 com.android.wm.shell.transition.Transitions$$ExternalSyntheticLambda7.onTransitionFinished:12 com.android.wm.shell.transition.DefaultTransitionHandler$$ExternalSyntheticLambda6.run:36
03-02 00:57:37.117  1507  1507 I SurfaceFlinger: RequestedLayer [com.podcast.app.debug/androidx.activity.ComponentActivity$_17121#156599] hidden!! flag  from(1) --> to(0)
03-02 00:57:37.117  1507  1507 I SurfaceFlinger: destroyed Surface(name=c536234 NavigationBar0)/@0xfac847b - animation-leash of insets_animation#156577
03-02 00:57:37.117  1507  1507 I SurfaceFlinger: destroyed Surface(name=a5d3a68 StatusBar)/@0xd5726d6 - animation-leash of insets_animation#156578
03-02 00:57:37.119  1507  1507 I Layer   : id=156578 Destroyed Surface(name=a5d3a68 StatusBar)/@0xd5726d6 - animation-leash of insets_animation#156578
03-02 00:57:37.119  1507  1507 I Layer   : id=156577 Destroyed Surface(name=c536234 NavigationBar0)/@0xfac847b - animation-leash of insets_animation#156577
03-02 00:57:37.119  3202  3977 I HoneySpace.RecentTasks: onRunningTaskAppeared
03-02 00:57:37.119  3202  3977 I HoneySpace.RecentTasks: onRecentTasksChanged
03-02 00:57:37.122  1507  1507 D SurfaceFlinger: Display 4627039422300187648 HWC layers:
03-02 00:57:37.122  1507  1507 D SurfaceFlinger:   SOLID_COLOR |                        0 | 00000002 | N/A          |    0.0    0.0    0.0    0.0 |    0    0   -1   -1 | Background for 68eb87 SurfaceView[co[...]weme.splash.SplashActivity]@0#156582 (0)
03-02 00:57:37.122  1507  1507 D SurfaceFlinger:   SOLID_COLOR |                        0 | 00000002 | N/A          |    0.0    0.0    0.0    0.0 |    0   80 1080 2000 | Background for 7086fb SurfaceView[co[...]weme.splash.SplashActivity]@0#156585 (0)
03-02 00:57:37.122  1507  1507 D SurfaceFlinger:   SOLID_COLOR |                        0 | 00000002 | N/A          |    0.0    0.0    0.0    0.0 |    0    0   -1   -1 | Background for 836459b SurfaceView[c[...]weme.splash.SplashActivity]@0#156588 (0)
03-02 00:57:37.122  1507  1507 D SurfaceFlinger:        DEVICE |           63930588202220 | 00002100 | RGBA_8888    |    0.0    0.0 1080.0 2340.0 |    0    0 1080 2340 | com.zhiliaoapp.musically/com.ss.andr[...].splash.SplashActivity$_14885#156576 (5)
03-02 00:57:37.122  1507  1507 D SurfaceFlinger:        DEVICE |           75299366633580 | 00002102 | RGBA_8888    |    0.0    0.0    0.0    0.0 |    0    0   -1   -1 | com.podcast.app.debug.test/androidx.[...]yInvoker$
03-02 00:57:37.122  1507  1507 D SurfaceFlinger: EmptyActivity$_17532#156566 (1)
03-02 00:57:37.122  1507  1507 D SurfaceFlinger:        DEVICE |           11793980281879 | 00002100 | RGBA_8888    |    0.0    0.0 1080.0   80.0 |    0    0 1080   80 | StatusBar$_2746#117 (211161)
03-02 00:57:37.122  1507  1507 D SurfaceFlinger:        DEVICE |           13752485304097 | 00002100 | RGBA_8888    |    0.0    0.0   67.0  346.0 | 1013  454 1080  800 | com.sec.android.app.launcher/com.sam[...].app.CocktailBarService$_3202#152779 (1)
03-02 00:57:37.122  1507  1507 D SurfaceFlinger:        DEVICE |           11793980281867 | 00002100 | RGBA_8888    |    0.0    0.0 1080.0  135.0 |    0 2205 1080 2340 | NavigationBar0$_2746#113 (188126)
03-02 00:57:37.122  1507  1507 D SurfaceFlinger:
03-02 00:57:37.123  1507  1825 I SurfaceFlinger: Capture layer list: 	 com.zhiliaoapp.musically/com.ss.android.ugc.aweme.splash.SplashActivity$_14885#156576(seamlessTransition:0)
03-02 00:57:37.123 17532 17532 I VRI[InstrumentationActivityInvoker$EmptyActivity]@a81f971: handleAppVisibility mAppVisible = true visible = false
03-02 00:57:37.123 17532 17532 D VRI[InstrumentationActivityInvoker$EmptyActivity]@a81f971: visibilityChanged oldVisibility=true newVisibility=false
03-02 00:57:37.124 25915 26075 I Rubin   : [4019] M.c0.k(Unknown Source) : Notify com.samsung.android.rubin.inferenceengine.contextanalytics.engine.loggers.AppUsageLogger's database is updated.
03-02 00:57:37.128  1507  1507 I SurfaceFlinger: RequestedLayer [Task=44893#156558] hidden!! flag  from(0) --> to(1)
03-02 00:57:37.128  1507  1507 I SurfaceFlinger: [LayerHierarchy{RequestedLayerState{Task=44543#147901 parentId=10 z=42} 1 children}] reparent to LayerHierarchy{RequestedLayerState{DefaultTaskDisplayArea_d0#10 parentId=9} 47 children}
03-02 00:57:37.128  1507  1507 I SurfaceFlinger: [LayerHierarchy{RequestedLayerState{Task=44893#156558 parentId=10 z=41} 2 children}] reparent to LayerHierarchy{RequestedLayerState{DefaultTaskDisplayArea_d0#10 parentId=9} 48 children}
03-02 00:57:37.128  1507  1507 I SurfaceFlinger: [LayerHierarchy{RequestedLayerState{DimTransitionLayer for Surface(name=Task=44893)/@0xab161c6#156590 z=-1} no children}] reparent to OffscreenRoot
03-02 00:57:37.128  1507  1507 I SurfaceFlinger: [LayerHierarchy{RequestedLayerState{DimTransitionLayer for Surface(name=Task=44893)/@0xab161c6#156590 z=-1} no children}] RelativeParent to null
03-02 00:57:37.128  1507  1507 I SurfaceFlinger: [LayerHierarchy{RequestedLayerState{Transition Root: Task=44543#156589 z=42} no children}] reparent to OffscreenRoot
03-02 00:57:37.128  1507  1507 I SurfaceFlinger: [LayerHierarchy{RequestedLayerState{Transition Root: Task=44543#156589 z=42} no children}] RelativeParent to null
03-02 00:57:37.129 17532 17563 D HWUI    : CacheManager::trimMemory(20)
03-02 00:57:37.130  1507  1507 I SurfaceFlinger: onHandleDestroyed: layerId=156590, name=DimTransitionLayer for Surface(name=Task=44893)/@0xab161c6#156590
03-02 00:57:37.130  1507  1507 I SurfaceFlinger: id=156590 Removed DimTransitionLayer for Surface(name=Task=44893)/@0xab161c6#156590 (352)
03-02 00:57:37.130  1507  1507 I SurfaceFlinger: onHandleDestroyed: layerId=156589, name=Transition Root: Task=44543#156589
03-02 00:57:37.130  1507  1507 I SurfaceFlinger: id=156589 Removed Transition Root: Task=44543#156589 (352)
03-02 00:57:37.133  2746  2798 I SurfaceControlRegistry: show, t=StartTransaction_SyncId<11295> sc=Transition Root: Task=44894, caller=android.view.SurfaceControl$Transaction.show:3557 com.android.wm.shell.transition.Transitions.playTransition:79 com.android.wm.shell.transition.Transitions.processReadyQueue:239 com.android.wm.shell.transition.Transitions.onFinish:528 com.android.wm.shell.transition.Transitions$$ExternalSyntheticLambda7.onTransitionFinished:12 com.android.wm.shell.transition.DefaultTransitionHandler$$ExternalSyntheticLambda6.run:36
03-02 00:57:37.139  1507  1507 I SurfaceFlinger: RequestedLayer [ActivityRecord{199915966 u0 com.podc[...]Invoker$EmptyActivity t44893}#156559] hidden!! flag  from(0) --> to(1)
03-02 00:57:37.139  1507  1507 I SurfaceFlinger: RequestedLayer [com.podcast.app.debug.test/androidx.[...]yInvoker$EmptyActivity$_17532#156566] hidden!! flag  from(0) --> to(1)
03-02 00:57:37.139  1507  1507 I SurfaceFlinger: destroyed DimTransitionLayer for Surface(name=Task=44893)/@0xab161c6#156590
03-02 00:57:37.139  1507  1507 I SurfaceFlinger: destroyed Transition Root: Task=44543#156589
03-02 00:57:37.139  1507  1507 I SurfaceFlinger: [LayerHierarchy{RequestedLayerState{6fd64b3 Splash Screen com.podcast.app.debug.test#156560 z=2147483647} 1 children}] reparent to OffscreenRoot
03-02 00:57:37.139  1507  1507 I SurfaceFlinger: [LayerHierarchy{RequestedLayerState{6fd64b3 Splash Screen com.podcast.app.debug.test#156560 z=2147483647} 1 children}] RelativeParent to null
03-02 00:57:37.139  1507  1507 I SurfaceFlinger: [LayerHierarchy{RequestedLayerState{Splash Screen com.podcast.app.debug.test$_2746#156561} no children}] reparent to OffscreenRoot
03-02 00:57:37.139  1507  1507 I SurfaceFlinger: [LayerHierarchy{RequestedLayerState{Splash Screen com.podcast.app.debug.test$_2746#156561} no children}] RelativeParent to null
03-02 00:57:37.140  2013  2834 I WindowManager: Relayout Window{fd35434 u0 com.podcast.app.debug.test/androidx.test.core.app.InstrumentationActivityInvoker$EmptyActivity}: viewVisibility=8 req=1080x2340 ty=1 d0
03-02 00:57:37.141  1507  1507 I Layer   : id=156589 Destroyed Transition Root: Task=44543#156589
03-02 00:57:37.141  1507  1507 I Layer   : id=156590 Destroyed DimTransitionLayer for Surface(name=Task=44893)/@0xab161c6#156590
03-02 00:57:37.141  1507  1507 I SurfaceFlinger: onHandleDestroyed: layerId=156561, name=Splash Screen com.podcast.app.debug.test$_2746#156561
03-02 00:57:37.141  1507  1507 I SurfaceFlinger: id=156561 Removed Splash Screen com.podcast.app.debug.test$_2746#156561 (350)
03-02 00:57:37.143  2013  2834 I WindowManager: Relayout hash=fd35434, pid=17532, syncId=-1: mAttrs={(0,0)(fillxfill) sim={adjust=pan forwardNavigation} layoutInDisplayCutoutMode=always ty=BASE_APPLICATION
03-02 00:57:37.143  2013  2834 I WindowManager:   fl=81810100
03-02 00:57:37.143  2013  2834 I WindowManager:   pfl=100088c0
03-02 00:57:37.143  2013  2834 I WindowManager:   bhv=1
03-02 00:57:37.143  2013  2834 I WindowManager:   fitSides=0
03-02 00:57:37.143  2013  2834 I WindowManager:   frameRateBoostOnTouch=true
03-02 00:57:37.143  2013  2834 I WindowManager:   dvrrWindowFrameRateHint=true naviIconColor=0}
03-02 00:57:37.143  1507  1562 I SurfaceFlinger: id=156604 createSurf, flag=20004, DimTransitionLayer for Surface(name=Task=44894)/@0x68a7edc#156604
03-02 00:57:37.145  2746  2798 I SurfaceControlRegistry: show, t=StartTransaction_SyncId<11295> sc=DimTransitionLayer for Surface(name=Task=44894)/@0x68a7edc, caller=android.view.SurfaceControl$Transaction.show:3557 com.android.wm.shell.transition.DefaultTransitionHandler.startAnimation:2837 com.android.wm.shell.transition.Transitions.dispatchTransition:90 com.android.wm.shell.transition.Transitions.playTransition:774 com.android.wm.shell.transition.Transitions.processReadyQueue:239 com.android.wm.shell.transition.Transitions.onFinish:528
03-02 00:57:37.145  2746  2798 I SurfaceControlRegistry: apply, t=StartTransaction_SyncId<11295>, caller=android.view.SurfaceControl$Transaction.apply:3459 android.view.SurfaceControl$Transaction.apply:3447 android.view.SurfaceControl$Transaction.apply:3397 com.android.wm.shell.transition.DefaultTransitionHandler.startAnimation:3292 com.android.wm.shell.transition.Transitions.dispatchTransition:90 com.android.wm.shell.transition.Transitions.playTransition:774
03-02 00:57:37.146 17532 17532 I BLASTBufferQueue: [VRI[InstrumentationActivityInvoker$EmptyActivity]@a81f971#27](f:0,a:1,s:0) destructor()
03-02 00:57:37.146 17532 17532 D BufferQueueConsumer: [VRI[InstrumentationActivityInvoker$EmptyActivity]@a81f971#27(BLAST Consumer)27](id:447c0000001b,api:0,p:-1,c:17532) disconnect
03-02 00:57:37.147  1445  2902 W C2MtkBufferManager: [0xB4000070F507E520] fetchNewCcBlock: wait fence 0x0xb4000070f5058270 timed out. ret 110
03-02 00:57:37.148 25915 26075 I Rubin   : [4019] com.samsung.android.rubin.inferenceengine.contextanalytics.engine.monitors.moment.exercise.ExercisingWithCalendarMonitor.isSatisfiedByCalendarEvent(Unknown Source) : isSatisfiedByCalendarEvent is false
03-02 00:57:37.148  3202 31843 I HoneySpace.RecentTasks: onRecentTasksChanged
03-02 00:57:37.148 17532 17532 I VRI[InstrumentationActivityInvoker$EmptyActivity]@a81f971: Relayout returned: old=(0,0,1080,2340) new=(0,0,1080,2340) relayoutAsync=false req=(1080,2340)8 dur=16 res=0x2 s={false 0x0} ch=true seqId=0
03-02 00:57:37.149  1439 16888 D MTKAdapterStreamLayer: updateMetadataCommon(),
03-02 00:57:37.150  1507  1507 I SurfaceFlinger: RequestedLayer [9e8f108 Splash Screen com.podcast.app.debug#156596] hidden!! flag  from(1) --> to(0)
03-02 00:57:37.150  1507  1507 I SurfaceFlinger: RequestedLayer [79a6976 com.podcast.app.debug/androidx.activity.ComponentActivity#156598] hidden!! flag  from(1) --> to(0)
03-02 00:57:37.150  1507  1507 I SurfaceFlinger: RequestedLayer [Splash Screen com.podcast.app.debug$_2746#156597] hidden!! flag  from(1) --> to(0)
03-02 00:57:37.150  1507  1507 I SurfaceFlinger: RequestedLayer [Task=44894#156594] hidden!! flag  from(1) --> to(0)
03-02 00:57:37.150  1507  1507 E SurfaceFlinger: alpha changed 1.000 -> 0.000 - Task=44894#156594
03-02 00:57:37.150  1507  1507 I SurfaceFlinger: RequestedLayer [Transition Root: Task=44894#156602] hidden!! flag  from(1) --> to(0)
03-02 00:57:37.150  1507  1507 I SurfaceFlinger: RequestedLayer [ActivityRecord{226246986 u0 com.podc[...]ity.ComponentActivity t44894}#156595] hidden!! flag  from(1) --> to(0)
03-02 00:57:37.150  1507  1507 I SurfaceFlinger: RequestedLayer [DimTransitionLayer for Surface(name=Task=44894)/@0x68a7edc#156604] hidden!! flag  from(1) --> to(0)
03-02 00:57:37.150  1507  1507 E SurfaceFlinger: alpha changed 1.000 -> 0.000 - DimTransitionLayer for Surface(name=Task=44894)/@0x68a7edc#156604
03-02 00:57:37.150  1507  1507 I SurfaceFlinger: destroyed Splash Screen com.podcast.app.debug.test$_2746#156561
03-02 00:57:37.150  1507  1507 I SurfaceFlinger: [LayerHierarchy{RequestedLayerState{Task=44543#147901 parentId=156602 z=2} 1 children}] reparent to LayerHierarchy{RequestedLayerState{Transition Root: Task=44894#156602 parentId=10 z=42} 1 children}
03-02 00:57:37.150  1507  1507 I SurfaceFlinger: [DimTransitionLayer for Surface(name=Task=44894)/@0x68a7edc#156604] attach to parent LayerHierarchy{RequestedLayerState{Transition Root: Task=44894#156602 parentId=10 z=42} 2 children}
03-02 00:57:37.150  1507  1507 I SurfaceFlinger: [LayerHierarchy{RequestedLayerState{Task=44894#156594 parentId=156602 z=5} 2 children}] reparent to LayerHierarchy{RequestedLayerState{Transition Root: Task=44894#156602 parentId=10 z=42} 3 children}
03-02 00:57:37.151 17532 17532 D VRI[InstrumentationActivityInvoker$EmptyActivity]@a81f971: Not drawing due to not visible. Reason=!mAppVisible && !mForceDecorViewVisibility
03-02 00:57:37.151 25915 26075 I Rubin   : [4019] com.samsung.android.rubin.inferenceengine.contextanalytics.engine.monitors.moment.exercise.ExercisingWithCmhMonitor.isSatisfiedByCmh(Unknown Source) : isSatisfiedByCmh is false
03-02 00:57:37.152 17532 17532 I VRI[InstrumentationActivityInvoker$EmptyActivity]@a81f971: stopped(true) old = false
03-02 00:57:37.152 17532 17532 D VRI[InstrumentationActivityInvoker$EmptyActivity]@a81f971: WindowStopped on com.podcast.app.debug.test/androidx.test.core.app.InstrumentationActivityInvoker$EmptyActivity set to true
03-02 00:57:37.152 17532 17563 D HWUI    : CacheManager::trimMemory(20)
03-02 00:57:37.152  1507  1507 I Layer   : id=156561 Destroyed Splash Screen com.podcast.app.debug.test$_2746#156561
03-02 00:57:37.153  1484  1816 V APM_AudioPolicyManager: stopOutput portId 13560
03-02 00:57:37.153  1484  1816 V APM_AudioPolicyManager: stopOutput() output 21, stream 3, session 126033
03-02 00:57:37.153  1484  1816 V APM_AudioPolicyManager: setBeaconMute(1) mBeaconMuteRefCount=8 mBeaconPlayingRefCount=0
03-02 00:57:37.154  1484  1816 V APM_AudioPolicyManager: getNewOutputDevices selected devices AUDIO_DEVICE_NONE
03-02 00:57:37.154  1484  1816 V APM_AudioPolicyManager: setOutputDevices caller stopSource[[portId:5][io:21, deep-buffer]] device AUDIO_DEVICE_NONE delayMs 170
03-02 00:57:37.154  1484  1816 V APM_AudioPolicyManager: setOutputDevices caller stopSource[[portId:5][io:21, deep-buffer]] setting same device AUDIO_DEVICE_NONE or null device, force=0, patch handle=11429
03-02 00:57:37.154  1464  1492 I mtkpower@impl: [setMode] type:6, enabled:1
03-02 00:57:37.154  1464  1492 E mtkpower@impl: [setMode] unknown type
03-02 00:57:37.155  1484  1816 W AudioFlinger: moveEffectChain_ll: effect chain for session 0 not on source thread 0xb400007066671a50
03-02 00:57:37.155  1484  1816 V APM_AudioPolicyManager: selectOutputForMusicEffects selected output 13
03-02 00:57:37.156  2013  3505 I NSLocationMonitor: getGPSUsingApps() called
03-02 00:57:37.157  3477 22276 I NSLocationManager_FLP: getGPSUsingApps, No change
03-02 00:57:37.157 17532 17532 W WindowOnBackDispatcher: sendCancelIfRunning: isInProgress=false callback=android.view.ViewRootImpl$$ExternalSyntheticLambda16@a6bbbad
03-02 00:57:37.158  1507  1507 I BufferQueueProducer: [FramebufferSurface](this:0xb400007a458f0370,id:-1,api:1,p:1507,c:1507) queueBuffer: fps=47.18 dur=1335.24 max=447.39 min=7.01
03-02 00:57:37.158 17532 17563 D HWUI    : CacheManager::trimMemory(20)
03-02 00:57:37.158 17532 17532 D ViewRootImpl: Skipping stats log for color mode
03-02 00:57:37.159 17532 17532 I VRI[InstrumentationActivityInvoker$EmptyActivity]@a81f971: dispatchDetachedFromWindow
03-02 00:57:37.160  1507  1507 E SurfaceFlinger: alpha changed 0.000 -> 1.000 - Task=44894#156594
03-02 00:57:37.168  2013  4835 D InputDispatcher: Focus entered window (0): 79a6976 com.podcast.app.debug/androidx.activity.ComponentActivity
03-02 00:57:37.169 17121 17121 D VRI[ComponentActivity]@284d1df: mThreadedRenderer.initializeIfNeeded()#2 mSurface={isValid=true 0xb40000772b258a00}
03-02 00:57:37.170  1507  2393 I SurfaceFlinger: id=156605 createSurf, flag=24000, Surface(name=79a6976 com.podcast.app.debug/androidx.activity.ComponentActivity)/@0x81d9157 - animation-leash of starting_reveal#156605
03-02 00:57:37.170  2013  3566 W system_server: Large reply transaction of 325152 bytes, interface descriptor android.app.IActivityTaskManager, code 26
03-02 00:57:37.170 17121 17121 D InputMethodManagerUtils: startInputInner - Id : 0
03-02 00:57:37.171 17121 17121 I InputMethodManager: startInputInner - IInputMethodManagerGlobalInvoker.startInputOrWindowGainedFocus
03-02 00:57:37.172  1507  1507 I SurfaceFlinger: [Surface(name=79a6976 com.podcast.app.debug/androidx.activity.ComponentActivity)/@0x81d9157 - animation-leash of starting_reveal#156605] attach to parent LayerHierarchy{RequestedLayerState{ActivityRecord{226246986 u0 com.podcast.app.debug/androidx.activity.ComponentActivity t44894}#156595 parentId=156594} 4 children}
03-02 00:57:37.172  2013  3345 D InputTransport: Input channel destroyed: 'fd35434', fd=964
03-02 00:57:37.180 17532 17532 D InputTransport: Input channel destroyed: 'fd35434', fd=119
03-02 00:57:37.181  2013  3345 W ParceledListSlice: Element #30 is 21544 bytes.
03-02 00:57:37.183  1507  1507 E SurfaceFlinger: alpha changed 0.000 -> 0.014 - DimTransitionLayer for Surface(name=Task=44894)/@0x68a7edc#156604
03-02 00:57:37.183  1507  1507 I SurfaceFlinger: [LayerHierarchy{RequestedLayerState{fd35434 com.podcast.app.debug.test/androidx.test.core.app.InstrumentationActivityInvoker$EmptyActivity#156562} 1 children}] reparent to OffscreenRoot
03-02 00:57:37.183  1507  1507 I SurfaceFlinger: [LayerHierarchy{RequestedLayerState{fd35434 com.podcast.app.debug.test/androidx.test.core.app.InstrumentationActivityInvoker$EmptyActivity#156562} 1 children}] RelativeParent to null
03-02 00:57:37.183  1507  1507 I SurfaceFlinger: [LayerHierarchy{RequestedLayerState{com.podcast.app.debug.test/androidx.test.core.app.InstrumentationActivityInvoker$EmptyActivity$_17532#156566} no children}] reparent to OffscreenRoot
03-02 00:57:37.183  1507  1507 I SurfaceFlinger: [LayerHierarchy{RequestedLayerState{com.podcast.app.debug.test/androidx.test.core.app.InstrumentationActivityInvoker$EmptyActivity$_17532#156566} no children}] RelativeParent to null
03-02 00:57:37.183  1507  1507 I SurfaceFlinger: [LayerHierarchy{RequestedLayerState{79a6976 com.podcast.app.debug/androidx.activity.ComponentActivity#156598 parentId=156605} 1 children}] reparent to LayerHierarchy{RequestedLayerState{Surface(name=79a6976 com.podcast.app.debug/androidx.activity.ComponentActivity)/@0x81d9157 - animation-leash of starting_reveal#156605 parentId=156595} 1 children}
03-02 00:57:37.183  2013  2322 I ImeTracker: com.podcast.app.debug:8f41f3f4: onRequestHide at ORIGIN_SERVER reason HIDE_UNSPECIFIED_WINDOW fromUser false
03-02 00:57:37.184 17532 17563 D HWUI    : CacheManager::trimMemory(40)
03-02 00:57:37.187 17121 17121 I InputMethodManager: handleMessage: setImeVisibility visible=false
03-02 00:57:37.187 17121 17121 D InsetsController: hide(ime(), fromIme=false)
