03-02 00:57:40.970 17121 17121 I VRI[ComponentActivity]@184dcb9: dispatchDetachedFromWindow
03-02 00:57:40.970  5235  5235 I HBD     : l writeToFile path : /data/user/0/com.samsung.android.honeyboard/files/selected.json
03-02 00:57:40.970  5235  5235 I HBD     : l writeToFile json : {"version":"4.2","currentLanguageOrder":0,"selected":[{"activeOptionList":["auto_replace","auto_spacing","writing_assistant","prediction"],"bilingualId":-1,"engName":"English","id":65538,"inputType":"qwerty","isUsed":true},{"activeOptionList":["auto_replace","auto_spacing","prediction"],"bilingualId":-1,"engName":"Arabic","id":5308416,"inputType":"qwerty","isUsed":true}]}
03-02 00:57:40.970  5235 19074 I HBD     : l writeToFile path : /data/user_de/0/com.samsung.android.honeyboard/files/selected.json
03-02 00:57:40.970  5235 19074 I HBD     : l writeToFile json : {"version":"4.2","currentLanguageOrder":0,"selected":[{"activeOptionList":["auto_replace","auto_spacing","writing_assistant","prediction"],"bilingualId":-1,"engName":"English","id":65538,"inputType":"qwerty","isUsed":true},{"activeOptionList":["auto_replace","auto_spacing","prediction"],"bilingualId":-1,"engName":"Arabic","id":5308416,"inputType":"qwerty","isUsed":true}]}
03-02 00:57:40.970  2013  3648 D InputTransport: Input channel destroyed: '33b451c', fd=1074
03-02 00:57:40.971  2013  2253 D SecContentProvider: query(), uri = 17 selection = isSettingsChangesAllowed
03-02 00:57:40.972  2013  2253 D SecContentProvider: query(), uri = 17 selection = isSettingsChangesAllowed
03-02 00:57:40.973  5235 12848 I HBD     : u updated Sub Types. English
03-02 00:57:40.974  2746  2866 I VRI[test]@9aff730: mWNT: t=0xb40000771f6f0c00 mBlastBufferQueue=0xb40000771f71d400 fn= 4 HdrRenderState mRenderHdrSdrRatio=1.0 caller= android.view.SyncRtSurfaceTransactionApplier.applyTransaction:100 android.view.SyncRtSurfaceTransactionApplier.lambda$scheduleApply$0:73 android.view.SyncRtSurfaceTransactionApplier.$r8$lambda$afI4fXg3U3-nBZQEDQMiNy-B06s:0
03-02 00:57:40.974  5235 19074 I HBD     : l writeToFile complete
03-02 00:57:40.974  5235  5235 I HBD     : l writeToFile complete
03-02 00:57:40.974 17121 17121 D InputTransport: Input channel destroyed: '33b451c', fd=128
03-02 00:57:40.975  5235  5235 I HBD     : a [UpdatePolicy] [post] a: 31 cl: 65538 kit: [0/0] vt: 0 ir: 1
03-02 00:57:40.975  5235 19076 I HBD     : l Write selected lang for DE
03-02 00:57:40.975  5235  5235 I HBD     : HoneyBoardService [PF_OP][onStartInput]  39 ms
03-02 00:57:40.975  5235 19076 I HBD     : l writeToFile path : /data/user_de/0/com.samsung.android.honeyboard/files/selected.json
03-02 00:57:40.975  5235 19076 I HBD     : l writeToFile json : {"version":"4.2","currentLanguageOrder":0,"selected":[{"activeOptionList":["auto_replace","auto_spacing","writing_assistant","prediction"],"bilingualId":-1,"engName":"English","id":65538,"inputType":"qwerty","isUsed":true},{"activeOptionList":["auto_replace","auto_spacing","prediction"],"bilingualId":-1,"engName":"Arabic","id":5308416,"inputType":"qwerty","isUsed":true}]}
03-02 00:57:40.975  5235  5235 I InputMethodService: scheduleImeSurfaceRemoval: removeImeSurface is posted.
03-02 00:57:40.975 17121 17121 D InputTransport: Input channel destroyed: 'ClientS', fd=156
03-02 00:57:40.976 17121 17121 D BBA2    : setIsFg isFg = false; delayValue 3999ms
03-02 00:57:40.976  2013  2834 D SecContentProvider: query(), uri = 17 selection = isSettingsChangesAllowed
03-02 00:57:40.976  5235 19075 I HBD     : b InputMethodSubtype is set as local:en_GB
03-02 00:57:40.978  1507  1563 I SurfaceFlinger: id=156743 createSurf, flag=24004, Task=44898#156743
03-02 00:57:40.978  1507  2393 I SurfaceFlinger: onHandleDestroyed: layerId=156708, name=27d1243 ActivityRecordInputSink com.podcast.app.debug/androidx.activity.ComponentActivity#156708
03-02 00:57:40.978  1507  2393 I SurfaceFlinger: id=156708 Removed 27d1243 ActivityRecordInputSink com.podcast.app.debug/androidx.activity.ComponentActivity#156708 (348)
03-02 00:57:40.979  1507  1507 I SurfaceFlinger: [Task=44898#156743] attach to parent Root
03-02 00:57:40.979  2013  3648 D SecContentProvider: query(), uri = 17 selection = isSettingsChangesAllowed
03-02 00:57:40.980  5235 12848 I HBD     : u updated Sub Types. English
03-02 00:57:40.981  5235 19076 I HBD     : l writeToFile complete
03-02 00:57:40.983 17121 17305 D IdlingRegistry: Unregistering idling resources: [androidx.compose.ui.test.EspressoLink@bca0f11]
03-02 00:57:40.987 17121 17305 I TestRunner: finished: settingsScreen_renders_correctly_in_dark_mode(com.podcast.app.ui.SettingsScreenTest)
