03-02 00:57:26.037 14636 14636 D WM-SystemJobService: onStopJob for WorkGenerationalId(workSpecId=f23029b8-b7a3-4a93-aaf6-b7c7a26dfe9e, generation=0)
03-02 00:57:26.037  1450  1487 I mtkpower_client: ret_hdl:76581
03-02 00:57:26.037  1450  1487 I mtkpower_client: perf_lock_rel, hdl:76578, pid: 1450, tid:1487
03-02 00:57:26.037  5235  5235 I HBD     : g isCoverDisplay : false, cached selected json info : SelectedLanguageInfo(languageVersion=4.2, currentLanguageOrder=0, selectedLanguageList=[SelectedLanguage(id=65538, isUsed=true, engName=English, inputType=qwerty, activeOptionList=[auto_replace, auto_spacing, writing_assistant, prediction], bilingualId=-1), SelectedLanguage(id=5308416, isUsed=true, engName=Arabic, inputType=qwerty, activeOptionList=[auto_replace, auto_spacing, prediction], bilingualId=-1)])
03-02 00:57:26.037  5235  5235 I HBD     : g updateSelectedLanguageCache is succeeded. English
03-02 00:57:26.037  5235 18712 I HBD     : l Write selected lang for DE
03-02 00:57:26.037  1464  1492 I mtkpower@impl: [setMode] type:5, enabled:1
03-02 00:57:26.038  5235 18712 I HBD     : l writeToFile path : /data/user_de/0/com.samsung.android.honeyboard/files/selected.json
03-02 00:57:26.038  5235 18712 I HBD     : l writeToFile json : {"version":"4.2","currentLanguageOrder":0,"selected":[{"activeOptionList":["auto_replace","auto_spacing","writing_assistant","prediction"],"bilingualId":-1,"engName":"English","id":65538,"inputType":"qwerty","isUsed":true},{"activeOptionList":["auto_replace","auto_spacing","prediction"],"bilingualId":-1,"engName":"Arabic","id":5308416,"inputType":"qwerty","isUsed":true}]}
03-02 00:57:26.038  5235  5235 I HBD     : l writeToFile path : /data/user/0/com.samsung.android.honeyboard/files/selected.json
03-02 00:57:26.038  5235  5235 I HBD     : l writeToFile json : {"version":"4.2","currentLanguageOrder":0,"selected":[{"activeOptionList":["auto_replace","auto_spacing","writing_assistant","prediction"],"bilingualId":-1,"engName":"English","id":65538,"inputType":"qwerty","isUsed":true},{"activeOptionList":["auto_replace","auto_spacing","prediction"],"bilingualId":-1,"engName":"Arabic","id":5308416,"inputType":"qwerty","isUsed":true}]}
03-02 00:57:26.038  1507  1563 I SurfaceFlinger: id=156212 createSurf, flag=24004, Task=44879#156212
03-02 00:57:26.038  1464  1529 I libPowerHal: [perfLockAcq] idx:3 hdl:76581 hint:-1 pid:1450 tid:1487 duration:0 lock_user:vendor.samsung. => ret_hdl:76581
03-02 00:57:26.038 18627 18711 I SamsungAccount: [ConsentWorkManager] startWorkerAfterCheckCondition
03-02 00:57:26.038  1464  1529 I libPowerHal: [setDvfsrcDevFreqOpp] opp:0, freq:4266000000
03-02 00:57:26.038  1464  1529 I libPowerHal: [PE] vendor.samsung. update cmd:1000000 param:0 pr:3
03-02 00:57:26.038  1464  1529 I libPowerHal: [perfLockAcq] Done for hdl : 76581
03-02 00:57:26.039 18627 18643 I SamsungAccount: [MccManager] saveMccToPreference, mcc is same with previous mcc
03-02 00:57:26.039  1450  1487 I mtkpower_client: perf_lock_acq, hdl:0, dur:0, num:2, pid:1450, tid:1487
03-02 00:57:26.040 14636 15217 D WM-Processor: WorkerWrapper interrupted for f23029b8-b7a3-4a93-aaf6-b7c7a26dfe9e
03-02 00:57:26.040 14636 15217 D WM-StopWorkRunnable: StopWorkRunnable for f23029b8-b7a3-4a93-aaf6-b7c7a26dfe9e; Processor.stopWork = true
03-02 00:57:26.040  1464  1529 I libPowerHal: [perfLockRel] hdl:76578, idx:2
03-02 00:57:26.040  1507  2128 I SurfaceFlinger: id=156213 createSurf, flag=84004, ActivityRecord{209018311 u0 com.podcast.app.debug.test/androidx.test.core.app.InstrumentationActivityInvoker$EmptyActivity t44879}#156213
03-02 00:57:26.040  1464  1529 I libPowerHal: [PD] vendor.samsung. update cmd:400000 param:-1 pr:6
03-02 00:57:26.041 18627 18711 I SamsungAccount: [ConsentWorkManager] checkWorkerIsRunning
03-02 00:57:26.041  1464  1529 I libPowerHal: [recordCPUFreqInfo] set cluster[0] min(-1): -1 max(-1): -1 cluster[1] min(-1): -1 max(-1): -1
03-02 00:57:26.041  1464  1529 I libPowerHal: [perfLockRel] Done for hdl : 76578
03-02 00:57:26.042  1450  1487 I mtkpower_client: ret_hdl:76582
03-02 00:57:26.042  1464  1529 I libPowerHal: [perfLockAcq] idx:2 hdl:76582 hint:-1 pid:1450 tid:1487 duration:0 lock_user:vendor.samsung. => ret_hdl:76582
03-02 00:57:26.042  1450  1487 I HYPER-HAL: [RequestManager.cpp]acquire(): Acquired ID : 11517615  [4784 / 15]    HINT : APP_START    list : [TIMEOUT / 1500]
03-02 00:57:26.042  1464  1529 I libPowerHal: [PE] vendor.samsung. update cmd:400000 param:2000000 pr:3
03-02 00:57:26.042  1464  1529 I libPowerHal: [recordCPUFreqInfo] set cluster[0] min(vendor.samsung.): 2000000 max(-1): -1 cluster[1] min(-1): -1 max(-1): -1
03-02 00:57:26.042  1464  1529 I libPowerHal: [perfLockAcq] Done for hdl : 76582
03-02 00:57:26.042  1450 18613 I mtkpower_client: perf_lock_rel, hdl:76557, pid: 1450, tid:18613
03-02 00:57:26.042  5235  5235 I HBD     : l writeToFile complete
03-02 00:57:26.043  1445 18689 W C2MtkBufferManager: [0xB4000070F68A8D20] fetchNewCcBlock: wait fence 0x0xb4000070f692fcb0 timed out. ret 110
03-02 00:57:26.043  1450 18613 I mtkpower_client: perf_lock_rel, hdl:76579, pid: 1450, tid:18613
03-02 00:57:26.043  1464  1529 I libPowerHal: [perfLockRel] hdl:76557, idx:6
03-02 00:57:26.043  1464  1529 I libPowerHal: [PD] vendor.samsung. update cmd:300c000 param:0, pr:6
03-02 00:57:26.044  1464  1529 I libPowerHal: [perfLockRel] Done for hdl : 76557
03-02 00:57:26.044  1450 18613 I mtkpower_client: perf_lock_rel, hdl:76582, pid: 1450, tid:18613
03-02 00:57:26.044  1464  1529 I libPowerHal: [perfLockRel] hdl:76579, idx:5
03-02 00:57:26.045  1464  1529 I libPowerHal: [set_cpuidle] enable:1, fd:17, scn:0xb40000737b610cd8
03-02 00:57:26.045  1464  1529 I libPowerHal: [PD] vendor.samsung. update cmd:1c3c100 param:1 pr:6
03-02 00:57:26.045  5235  5235 I HBD     : g isCoverDisplay : false, cached selected json info : SelectedLanguageInfo(languageVersion=4.2, currentLanguageOrder=0, selectedLanguageList=[SelectedLanguage(id=65538, isUsed=true, engName=English, inputType=qwerty, activeOptionList=[auto_replace, auto_spacing, writing_assistant, prediction], bilingualId=-1), SelectedLanguage(id=5308416, isUsed=true, engName=Arabic, inputType=qwerty, activeOptionList=[auto_replace, auto_spacing, prediction], bilingualId=-1)])
03-02 00:57:26.045  5235  5235 I HBD     : g updateSelectedLanguageCache is succeeded. English
03-02 00:57:26.045  1464  1529 I libPowerHal: [perfLockRel] Done for hdl : 76579
03-02 00:57:26.046  5235  5235 I HBD     : l writeToFile path : /data/user/0/com.samsung.android.honeyboard/files/selected.json
03-02 00:57:26.046  5235  5235 I HBD     : l writeToFile json : {"version":"4.2","currentLanguageOrder":0,"selected":[{"activeOptionList":["auto_replace","auto_spacing","writing_assistant","prediction"],"bilingualId":-1,"engName":"English","id":65538,"inputType":"qwerty","isUsed":true},{"activeOptionList":["auto_replace","auto_spacing","prediction"],"bilingualId":-1,"engName":"Arabic","id":5308416,"inputType":"qwerty","isUsed":true}]}
03-02 00:57:26.046  1450 18613 I mtkpower_client: perf_lock_acq, hdl:0, dur:0, num:2, pid:1450, tid:18613
03-02 00:57:26.046  1464  1529 I libPowerHal: [perfLockRel] hdl:76582, idx:2
03-02 00:57:26.046  1464  1529 I libPowerHal: [PD] vendor.samsung. update cmd:400000 param:-1 pr:6
03-02 00:57:26.047  1464  1529 I libPowerHal: [recordCPUFreqInfo] set cluster[0] min(-1): -1 max(-1): -1 cluster[1] min(-1): -1 max(-1): -1
03-02 00:57:26.047  1464  1529 I libPowerHal: [perfLockRel] Done for hdl : 76582
03-02 00:57:26.047  2746  2808 I ViewRootImpl: dVRR is disabled
03-02 00:57:26.048  5235 18713 I HBD     : l Write selected lang for DE
03-02 00:57:26.048  1450 18613 I mtkpower_client: ret_hdl:76583
03-02 00:57:26.048  1450 18613 I mtkpower_client: perf_lock_rel, hdl:76581, pid: 1450, tid:18613
03-02 00:57:26.048  5235 18713 I HBD     : l writeToFile path : /data/user_de/0/com.samsung.android.honeyboard/files/selected.json
03-02 00:57:26.048  5235 18713 I HBD     : l writeToFile json : {"version":"4.2","currentLanguageOrder":0,"selected":[{"activeOptionList":["auto_replace","auto_spacing","writing_assistant","prediction"],"bilingualId":-1,"engName":"English","id":65538,"inputType":"qwerty","isUsed":true},{"activeOptionList":["auto_replace","auto_spacing","prediction"],"bilingualId":-1,"engName":"Arabic","id":5308416,"inputType":"qwerty","isUsed":true}]}
03-02 00:57:26.048  1464  1529 I libPowerHal: [perfLockAcq] idx:2 hdl:76583 hint:-1 pid:1450 tid:18613 duration:0 lock_user:vendor.samsung. => ret_hdl:76583
03-02 00:57:26.049  2013  2252 I SemDvfsHyPerManager: acquire hyper - AMS_APP_LAUNCH/2013@17, type = -999
03-02 00:57:26.049  1464  1529 I libPowerHal: [PE] vendor.samsung. update cmd:400000 param:2000000 pr:3
03-02 00:57:26.049  1464  1529 I libPowerHal: [recordCPUFreqInfo] set cluster[0] min(vendor.samsung.): 2000000 max(-1): -1 cluster[1] min(-1): -1 max(-1): -1
03-02 00:57:26.049  1464  1529 I libPowerHal: [perfLockAcq] Done for hdl : 76583
03-02 00:57:26.049  1450 18613 I mtkpower_client: perf_lock_acq, hdl:0, dur:0, num:2, pid:1450, tid:18613
03-02 00:57:26.049  4784  4784 I SemDvfsHyPerManager: acquire hyper - APP_START/4784@17, type = -999
03-02 00:57:26.050  1450 18613 I mtkpower_client: ret_hdl:76584
03-02 00:57:26.050  5235  5235 I HBD     : l writeToFile complete
03-02 00:57:26.050  1464  1529 I libPowerHal: [perfLockRel] hdl:76581, idx:3
03-02 00:57:26.050  1450 18613 I HYPER-HAL: [RequestManager.cpp]releaseLocked(): Released ID : 2061482
03-02 00:57:26.050  5235  5235 I HBD     : a [UpdatePolicy] [post] a: 31 cl: 65538 kit: [0/0] vt: 0 ir: 1
03-02 00:57:26.050  1450  1487 I HYPER-HAL: [RequestManager.cpp]acquire(): Acquired ID : 2061482  [2013 / 17]    HINT : AMS_APP_LAUNCH    list :
03-02 00:57:26.050  1464  1529 I libPowerHal: [PD] vendor.samsung. update cmd:1000000 param:-1 pr:6
03-02 00:57:26.050  5235  5235 I HBD     : HoneyBoardService [PF_OP][onStartInput]  370 ms
03-02 00:57:26.051  5235 18714 I HBD     : l Write selected lang for DE
03-02 00:57:26.051  1464  1529 I libPowerHal: [perfLockRel] Done for hdl : 76581
03-02 00:57:26.051  5235 18714 I HBD     : l writeToFile path : /data/user_de/0/com.samsung.android.honeyboard/files/selected.json
03-02 00:57:26.051  5235 18714 I HBD     : l writeToFile json : {"version":"4.2","currentLanguageOrder":0,"selected":[{"activeOptionList":["auto_replace","auto_spacing","writing_assistant","prediction"],"bilingualId":-1,"engName":"English","id":65538,"inputType":"qwerty","isUsed":true},{"activeOptionList":["auto_replace","auto_spacing","prediction"],"bilingualId":-1,"engName":"Arabic","id":5308416,"inputType":"qwerty","isUsed":true}]}
03-02 00:57:26.051  1450  1487 I mtkpower_client: perf_lock_acq, hdl:0, dur:0, num:2, pid:1450, tid:1487
03-02 00:57:26.051 14636 15263 I WM-WorkerWrapper: Work [ id=f23029b8-b7a3-4a93-aaf6-b7c7a26dfe9e, tags={ com.urbanairship.job.AirshipWorker,airship } ] was cancelled
03-02 00:57:26.051 14636 15263 I WM-WorkerWrapper: androidx.work.impl.WorkerStoppedException
03-02 00:57:26.051 14636 15263 I WM-WorkerWrapper: 	at o.setEnabledWhenDeviceHasQuirk.AnimatedBarChartKtAnimatedBarChart1112(:348)
03-02 00:57:26.051 14636 15263 I WM-WorkerWrapper: 	at o.MutableConfig.AnimatedBarChartKtAnimatedBarChart1(:439)
03-02 00:57:26.051 14636 15263 I WM-WorkerWrapper: 	at o.MutableConfig.AnimatedBarChartKtAnimatedBarChart1112(:259)
03-02 00:57:26.051 14636 15263 I WM-WorkerWrapper: 	at o.getUseCaseInfo.run(:49)
03-02 00:57:26.051 14636 15263 I WM-WorkerWrapper: 	at o.TagBundle$Architecture.run(:96)
03-02 00:57:26.051 14636 15263 I WM-WorkerWrapper: 	at java.util.concurrent.ThreadPoolExecutor.runWorker(ThreadPoolExecutor.java:1154)
03-02 00:57:26.051 14636 15263 I WM-WorkerWrapper: 	at java.util.concurrent.ThreadPoolExecutor$Worker.run(ThreadPoolExecutor.java:652)
03-02 00:57:26.051 14636 15263 I WM-WorkerWrapper: 	at java.lang.Thread.run(Thread.java:1563)
03-02 00:57:26.051  1464  1529 I libPowerHal: [perfLockAcq] idx:5 hdl:76584 hint:-1 pid:1450 tid:18613 duration:0 lock_user:vendor.samsung. => ret_hdl:76584
03-02 00:57:26.052  1464  1529 I libPowerHal: [setDvfsrcDevFreqOpp] opp:0, freq:4266000000
03-02 00:57:26.052  1464  1529 I libPowerHal: [PE] vendor.samsung. update cmd:1000000 param:0 pr:3
03-02 00:57:26.052  1464  1529 I libPowerHal: [perfLockAcq] Done for hdl : 76584
03-02 00:57:26.052  5235 18712 I HBD     : l writeToFile complete
03-02 00:57:26.052  2746  2870 D NativeCustomFrequencyManager: [NativeCFMS] BpCustomFrequencyManager::BpCustomFrequencyManager()
03-02 00:57:26.052  1507  1507 I SurfaceFlinger: [Task=44879#156212] attach to parent LayerHierarchy{RequestedLayerState{DefaultTaskDisplayArea_d0#10 parentId=9} 46 children}
03-02 00:57:26.052  1507  1507 I SurfaceFlinger: [ActivityRecord{209018311 u0 com.podcast.app.debug.test/androidx.test.core.app.InstrumentationActivityInvoker$EmptyActivity t44879}#156213] attach to parent LayerHierarchy{RequestedLayerState{Task=44879#156212 parentId=10} 1 children}
03-02 00:57:26.052 14636 15263 D WM-WorkerWrapper: Status for f23029b8-b7a3-4a93-aaf6-b7c7a26dfe9e is RUNNING; not doing any work and rescheduling for later execution
03-02 00:57:26.053  2746  2798 D ShellDesktopMode: handleRequest: TransitionRequestInfo {type=1, tid=44879, debugId=11274}
03-02 00:57:26.054  5235  5235 I InputMethodService: removeImeSurface
03-02 00:57:26.054  5235  5235 I InputMethodService: cancelImeSurfaceRemoval: removeCallbacks
03-02 00:57:26.054  5235  5235 I InputMethodService: scheduleImeSurfaceRemoval: removeImeSurface is posted.
03-02 00:57:26.055 14636 14636 D WM-Processor: MutableConfig f23029b8-b7a3-4a93-aaf6-b7c7a26dfe9e executed; reschedule = true
03-02 00:57:26.055  2013  2253 D InputTransport: Input channel constructed: 'dbd0d51', fd=1036
03-02 00:57:26.055  2013  2253 D InputTransport: Input channel constructed: 'dbd0d51', fd=1074
03-02 00:57:26.055  2013  2253 D InputTransport: Input channel constructed: 'dbd0d51', fd=1083
03-02 00:57:26.055  2013  2253 D InputTransport: Input channel destroyed: 'dbd0d51', fd=1074
03-02 00:57:26.055 17121 17121 D LifecycleMonitor: Lifecycle status change: androidx.activity.ComponentActivity@b4a4c67 in: PAUSED
03-02 00:57:26.056 17121 17121 V ActivityScenario: Update currentActivityStage to PAUSED, currentActivity=androidx.activity.ComponentActivity@b4a4c67
03-02 00:57:26.056  1507  2128 I SurfaceFlinger: id=156214 createSurf, flag=84004, dbd0d51 Splash Screen com.podcast.app.debug.test#156214
03-02 00:57:26.057  1450  1487 I mtkpower_client: ret_hdl:76585
03-02 00:57:26.057  2013  2253 D InputTransport: Input channel destroyed: 'dbd0d51', fd=1083
03-02 00:57:26.057  1450  1487 I mtkpower_client: perf_lock_acq, hdl:0, dur:0, num:2, pid:1450, tid:1487
03-02 00:57:26.057  1464  1529 I libPowerHal: [perfLockAcq] idx:3 hdl:76585 hint:-1 pid:1450 tid:1487 duration:0 lock_user:vendor.samsung. => ret_hdl:76585
03-02 00:57:26.057  1464  1529 I libPowerHal: [PE] vendor.samsung. update cmd:300c000, param:15, pr:3
03-02 00:57:26.058  1464  1529 I libPowerHal: [perfLockAcq] Done for hdl : 76585
03-02 00:57:26.058  2013  4843 D SecContentProvider: query(), uri = 17 selection = isSettingsChangesAllowed
03-02 00:57:26.058  2746  2808 D InputTransport: Input channel constructed: 'dbd0d51', fd=485
03-02 00:57:26.059  2746  2808 I InsetsController: onStateChanged: host=Splash Screen com.podcast.app.debug.test, from=android.view.ViewRootImpl.onInsetsStateChanged:3026, state=InsetsState: {mDisplayFrame=Rect(0, 0 - 1080, 2340), mDisplayCutout=DisplayCutout{insets=Rect(0, 80 - 0, 0) waterfall=Insets{left=0, top=0, right=0, bottom=0} boundingRect={Bounds=[Rect(0, 0 - 0, 0), Rect(472, 0 - 608, 80), Rect(0, 0 - 0, 0), Rect(0, 0 - 0, 0)]} cutoutPathParserInfo={CutoutPathParserInfo{displayWidth=1080 displayHeight=2340 physicalDisplayWidth=1080 physicalDisplayHeight=2340 density={2.8125} cutoutSpec={M 0,0 H -24.177777778 V 28.4444444444 H 24.177777778 V 0 H 0 Z @dp} rotation={0} scale={1.0} physicalPixelDisplaySizeRatio={1.0}}} sideOverrides={}}, mRoundedCorners=RoundedCorners{[RoundedCorner{position=TopLeft, radius=113, center=Point(113, 113)}, RoundedCorner{position=TopRight, radius=113, center=Point(967, 113)}, RoundedCorner{position=BottomRight, radius=113, center=Point(967, 2227)}, RoundedCorner{position=BottomLeft, radius=113, center=Point(113, 2227)}]}  mRoundedCornerFrame=Rect(0, 0 - 1080, 2340), mPrivacyIndicatorBounds=PrivacyIndicatorBounds {static bounds=Rect(956, 0 - 1080, 80) rotation=0}, mDisplayShape=DisplayShape{ spec=-311912193 displayWidth=1080 displayHeight=2340 physicalPixelDisplaySizeRatio=1.0 rotation=0 offsetX=0 offsetY=0 scale=1.0}, mSources= { InsetsSource: {e9af0000 mType=statusBars mFrame=[0,0][1080,80] mVisible=true mFlags= mSideHint=TOP mBoundingRects=null}, InsetsSource: {e9af0005 mType=mandatorySystemGestures mFrame=[0,0][1080,114] mVisible=true mFlags= mSideHint=TOP mBoundingRects=null}, InsetsSource: {e9af0006 mType=tappableElement mFrame=[0,0][1080,80] mVisible=true mFlags= mSideHint=TOP mBoundingRects=null}, InsetsSource: {27 mType=displayCutout mFrame=[0,0][1080,80] mVisible=true mFlags= mSideHint=TOP mBoundingRects=null}, InsetsSource: {26ed0001 mType=navigationBars mFrame=[0,2298][1080,2340] mVisible=true mFlags=SUPPRESS_SCRIM mSideHint=BOTTOM mBoundingRects=null}, InsetsSource: {26ed0004 mType=systemGestures mFrame=[0,0][84,2340] mVisible=true mFlags= mSideHint=LEFT mBoundingRects=null}, InsetsSource: {26ed0005 mType=mandatorySystemGestures mFrame=[0,2250][1080,2340] mVisible=true mFlags= mSideHint=BOTTOM mBoundingRects=null}, InsetsSource: {26ed0006 mType=tappableElement mFrame=[0,0][0,0] mVisible=true mFlags= mSideHint=NONE mBoundingRects=null}, InsetsSource: {26ed0024 mType=systemGestures mFrame=[996,0][1080,2340] mVisible=true mFlags= mSideHint=RIGHT mBoundingRects=null} }
03-02 00:57:26.059  1450  1487 I mtkpower_client: ret_hdl:76586
03-02 00:57:26.059  1450  1487 I mtkpower_client: perf_lock_rel, hdl:76583, pid: 1450, tid:1487
03-02 00:57:26.059  2746  2808 I VRI[test]@691d3fa: onActiveControlsChanged, removed=false, mAdded=true, caller=android.view.ViewRootImpl.handleInsetsControlChanged:3002 android.view.ViewRootImpl.setView:2014 android.view.WindowManagerGlobal.addView:604 com.android.wm.shell.startingsurface.SplashscreenWindowCreator.addWindow:38 com.android.wm.shell.startingsurface.StartingWindowController$$ExternalSyntheticLambda4.run:1365
03-02 00:57:26.059  2746  2808 I VRI[test]@691d3fa: synced displayState. AttachInfo displayState=2
03-02 00:57:26.059  1464  1529 I libPowerHal: [perfLockAcq] idx:6 hdl:76586 hint:-1 pid:1450 tid:1487 duration:0 lock_user:vendor.samsung. => ret_hdl:76586
03-02 00:57:26.059  1464  1529 I libPowerHal: [set_cpuidle] enable:0, fd:17, scn:0xb40000737b614050
03-02 00:57:26.059  2013  3648 D SecContentProvider: query(), uri = 17 selection = isSettingsChangesAllowed
03-02 00:57:26.059  1464  1529 I libPowerHal: [get_cpu_dma_latency_value] 0
03-02 00:57:26.059  1464  1529 I libPowerHal: [PE] vendor.samsung. update cmd:1c3c100 param:0 pr:3
03-02 00:57:26.059  1464  1529 I libPowerHal: [perfLockAcq] Done for hdl : 76586
03-02 00:57:26.059  1445  2902 W C2MtkBufferManager: [0xB4000070F507E520] fetchNewCcBlock: wait fence 0x0xb4000070f5058270 timed out. ret 110
03-02 00:57:26.060  1450  1487 I mtkpower_client: perf_lock_acq, hdl:0, dur:0, num:2, pid:1450, tid:1487
03-02 00:57:26.060  2013  4834 D SecContentProvider: query(), uri = 17 selection = isSettingsChangesAllowed
03-02 00:57:26.060  1464  1529 I libPowerHal: [perfLockRel] hdl:76583, idx:2
03-02 00:57:26.060  5235 18671 I HBD     : u updated Sub Types. English
03-02 00:57:26.060  1464  1529 I libPowerHal: [PD] vendor.samsung. update cmd:400000 param:-1 pr:6
03-02 00:57:26.061  1464  1529 I libPowerHal: [recordCPUFreqInfo] set cluster[0] min(-1): -1 max(-1): -1 cluster[1] min(-1): -1 max(-1): -1
03-02 00:57:26.061  1464  1529 I libPowerHal: [perfLockRel] Done for hdl : 76583
03-02 00:57:26.061  2746  2808 I VRI[test]@691d3fa: setView = android.widget.FrameLayout@dd840b4 IsHRR=false mFlingFrameRateChange=0 TM=true
03-02 00:57:26.062  1464  1529 I libPowerHal: [perfLockAcq] idx:8 hdl:76587 hint:-1 pid:1450 tid:1487 duration:0 lock_user:vendor.samsung. => ret_hdl:76587
03-02 00:57:26.062  1450  1487 I mtkpower_client: ret_hdl:76587
03-02 00:57:26.062  1450  1487 I mtkpower_client: perf_lock_rel, hdl:76584, pid: 1450, tid:1487
03-02 00:57:26.062  1464  1529 I libPowerHal: [PE] vendor.samsung. update cmd:400000 param:2000000 pr:3
03-02 00:57:26.062  1464  1529 I libPowerHal: [recordCPUFreqInfo] set cluster[0] min(vendor.samsung.): 2000000 max(-1): -1 cluster[1] min(-1): -1 max(-1): -1
03-02 00:57:26.062  1464  1529 I libPowerHal: [perfLockAcq] Done for hdl : 76587
03-02 00:57:26.062  1450  1487 I mtkpower_client: perf_lock_acq, hdl:0, dur:0, num:2, pid:1450, tid:1487
03-02 00:57:26.062  2746  2870 D HWUI    : HWUI - treat SMPTE_170M as sRGB
03-02 00:57:26.063  5235 18714 I HBD     : l writeToFile complete
03-02 00:57:26.063  2013  3345 D SecContentProvider: query(), uri = 17 selection = isSettingsChangesAllowed
03-02 00:57:26.063  1464  1529 I libPowerHal: [perfLockRel] hdl:76584, idx:5
03-02 00:57:26.063  1507  1507 I SurfaceFlinger: [Display 0 name="Built-in Screen"#49] setFrameRateCategory: High
03-02 00:57:26.064  1507  1507 I SurfaceFlinger: [dbd0d51 Splash Screen com.podcast.app.debug.test#156214] attach to parent LayerHierarchy{RequestedLayerState{ActivityRecord{209018311 u0 com.podcast.app.debug.test/androidx.test.core.app.InstrumentationActivityInvoker$EmptyActivity t44879}#156213 parentId=156212} 1 children}
03-02 00:57:26.064  1464  1529 I libPowerHal: [PD] vendor.samsung. update cmd:1000000 param:-1 pr:6
03-02 00:57:26.064  1464  1529 I libPowerHal: [perfLockRel] Done for hdl : 76584
03-02 00:57:26.068  1507  1507 I BpBinder: onLastStrongRef automatically unlinking death recipients:
03-02 00:57:26.069  1464  1529 I libPowerHal: [perfLockAcq] idx:2 hdl:76588 hint:-1 pid:1450 tid:1487 duration:0 lock_user:vendor.samsung. => ret_hdl:76588
03-02 00:57:26.069  1450  1487 I mtkpower_client: ret_hdl:76588
03-02 00:57:26.070  1464  1529 I libPowerHal: [setDvfsrcDevFreqOpp] opp:0, freq:4266000000
03-02 00:57:26.070  1464  1529 I libPowerHal: [PE] vendor.samsung. update cmd:1000000 param:0 pr:3
03-02 00:57:26.070  1464  1529 I libPowerHal: [perfLockAcq] Done for hdl : 76588
03-02 00:57:26.070  1450  1487 I HYPER-HAL: [RequestManager.cpp]acquire(): Acquired ID : 11527218  [4784 / 17]    HINT : APP_START    list :
03-02 00:57:26.070  2013  3648 D GraphicsStatsService: requestRenderEngineFor(com.podcast.app.debug.test)
03-02 00:57:26.071  2013  2834 D InputDispatcher: Focused application(0): ActivityRecord{209018311 u0 com.podcast.app.debug.test/androidx.test.core.app.InstrumentationActivityInvoker$EmptyActivity t44879}
03-02 00:57:26.071  1507  1825 I SurfaceFlinger: Capture layer list: 	 com.podcast.app.debug/androidx.activity.ComponentActivity$_17121#156202(seamlessTransition:0)
03-02 00:57:26.071  5235 18674 I HBD     : u updated Sub Types. English
03-02 00:57:26.073  3202  3386 I HoneySpace.TopTaskSource: onTaskMovedToFront : taskId = 44879, displayId = 0
03-02 00:57:26.074 18627 18627 I SamsungAccount: [QrNfcRepository] updateQrAndNfcStateAsync
03-02 00:57:26.074 18627 18627 I SamsungAccount: [AccountManagerUtil] isSamsungAccountSignedIn : true
03-02 00:57:26.074  3202  3390 I HoneySpace.TopTaskUseCase: topTasks 44879 ComponentInfo{com.podcast.app.debug.test/androidx.test.core.app.InstrumentationActivityInvoker$EmptyActivity}[displayId=0]
03-02 00:57:26.075  3202 10541 I HoneySpace.RecentTasks: onRecentTasksChanged
03-02 00:57:26.076 18627 18720 I Programs: getPrograms EG mobile.settings.samsungaccount SM-A155FZKIEGY null
03-02 00:57:26.077  3506  3506 E pageboostd: Received HALT command code 2
03-02 00:57:26.077  3202  4701 I HoneySpace.RecentTasks: onRecentTasksChanged
03-02 00:57:26.078  5235 18713 E AtomicFile: Failed to rename /data/user_de/0/com.samsung.android.honeyboard/files/selected.json.new to /data/user_de/0/com.samsung.android.honeyboard/files/selected.json
03-02 00:57:26.078  5235 18713 I HBD     : l writeToFile complete
03-02 00:57:26.080 18627 18720 I DataManager: cacheConfigFile is not exist
03-02 00:57:26.081 18627 18720 D DataManager: status : EXPIRED cachesPrograms: null
03-02 00:57:26.082  5235 18721 I HBD     : b InputMethodSubtype is set as local:en_GB
03-02 00:57:26.083  1445 18689 W C2MtkBufferManager: [0xB4000070F68A8D20] fetchNewCcBlock: wait fence 0x0xb4000070f692fcb0 timed out. ret 110
03-02 00:57:26.084 18627 18695 I SamsungAccount: [QrNfcRepository] requestQrAndWriteToNfc
03-02 00:57:26.084 18627 18695 I SamsungAccount: [ChildAccount] isChildAccount : false
03-02 00:57:26.085 14636 15263 D WM-GreedyScheduler: Cancelling work ID f23029b8-b7a3-4a93-aaf6-b7c7a26dfe9e
03-02 00:57:26.087 18627 18720 I DataManager: checkAndUpdateCacheFromServer EG SM-A155FZKIEGY EXPIRED null
03-02 00:57:26.089 18627 18695 I SamsungAccount: [QrHelper] read supported QR Countries from asset
03-02 00:57:26.090  2013  3345 I WindowManager: Relayout Window{dbd0d51 u0 Splash Screen com.podcast.app.debug.test}: viewVisibility=0 req=1080x2340 ty=3 d0
03-02 00:57:26.090  5235 18719 I HBD     : b InputMethodSubtype is set as local:en_GB
03-02 00:57:26.090 18627 18627 I SamsungAnalytics605079: Tracker start:6.05.079
03-02 00:57:26.090  1507  2128 I SurfaceFlinger: id=156215 createSurf, flag=44004, Splash Screen com.podcast.app.debug.test$_2746#156215
03-02 00:57:26.095 14636 15263 W JobInfo : Requested important-while-foreground flag for job3685 is ignored and takes no effect
03-02 00:57:26.095 14636 15263 D WM-SystemJobScheduler: Scheduling work ID f23029b8-b7a3-4a93-aaf6-b7c7a26dfe9eJob ID 3685
03-02 00:57:26.095 18627 18627 I SamsungAccount: [AnalyticsWorkManager] startWork
03-02 00:57:26.100  2013  3345 I WindowManager: Relayout hash=dbd0d51, pid=2746, syncId=-1: mAttrs={(0,0)(fillxfill) sim={adjust=pan} layoutInDisplayCutoutMode=always ty=APPLICATION_STARTING fmt=TRANSLUCENT
03-02 00:57:26.100  2013  3345 I WindowManager:   fl=81030118
03-02 00:57:26.100  2013  3345 I WindowManager:   pfl=10000810
03-02 00:57:26.100  2013  3345 I WindowManager:   apr=18
03-02 00:57:26.100  2013  3345 I WindowManager:   bhv=1
03-02 00:57:26.100  2013  3345 I WindowManager:   fitSides=0
03-02 00:57:26.100  2013  3345 I WindowManager:   frameRateBoostOnTouch=true
03-02 00:57:26.100  2013  3345 I WindowManager:   dvrrWindowFrameRateHint=true naviIconColor=0}
03-02 00:57:26.101 18627 18652 I SamsungAccount: [ChildAccountSupportedListPref] getSupportedList
03-02 00:57:26.102 18627 18720 D HttpRequest: https://api.account.samsung.com/v1/abtests?countryCode=EG&modelCode=SM-A155FZKIEGY&planID=mobile.settings.samsungaccount
03-02 00:57:26.102 18627 18652 I SamsungAccount: [ChildAccountSupportedListManager] getSupportedListFromLocal from preference
03-02 00:57:26.103  2013  2600 D AS.MultiSoundManager: mForegroundUid = 10687
03-02 00:57:26.103  2746  2808 I InsetsController: onStateChanged: host=Splash Screen com.podcast.app.debug.test, from=android.view.ViewRootImpl.onInsetsStateChanged:3026, state=InsetsState: {mDisplayFrame=Rect(0, 0 - 1080, 2340), mDisplayCutout=DisplayCutout{insets=Rect(0, 80 - 0, 0) waterfall=Insets{left=0, top=0, right=0, bottom=0} boundingRect={Bounds=[Rect(0, 0 - 0, 0), Rect(472, 0 - 608, 80), Rect(0, 0 - 0, 0), Rect(0, 0 - 0, 0)]} cutoutPathParserInfo={CutoutPathParserInfo{displayWidth=1080 displayHeight=2340 physicalDisplayWidth=1080 physicalDisplayHeight=2340 density={2.8125} cutoutSpec={M 0,0 H -24.177777778 V 28.4444444444 H 24.177777778 V 0 H 0 Z @dp} rotation={0} scale={1.0} physicalPixelDisplaySizeRatio={1.0}}} sideOverrides={}}, mRoundedCorners=RoundedCorners{[RoundedCorner{position=TopLeft, radius=113, center=Point(113, 113)}, RoundedCorner{position=TopRight, radius=113, center=Point(967, 113)}, RoundedCorner{position=BottomRight, radius=113, center=Point(967, 2227)}, RoundedCorner{position=BottomLeft, radius=113, center=Point(113, 2227)}]}  mRoundedCornerFrame=Rect(0, 0 - 1080, 2340), mPrivacyIndicatorBounds=PrivacyIndicatorBounds {static bounds=Rect(956, 0 - 1080, 80) rotation=0}, mDisplayShape=DisplayShape{ spec=-311912193 displayWidth=1080 displayHeight=2340 physicalPixelDisplaySizeRatio=1.0 rotation=0 offsetX=0 offsetY=0 scale=1.0}, mSources= { InsetsSource: {e9af0000 mType=statusBars mFrame=[0,0][1080,80] mVisible=true mFlags= mSideHint=TOP mBoundingRects=null}, InsetsSource: {e9af0005 mType=mandatorySystemGestures mFrame=[0,0][1080,114] mVisible=true mFlags= mSideHint=TOP mBoundingRects=null}, InsetsSource: {e9af0006 mType=tappableElement mFrame=[0,0][1080,80] mVisible=true mFlags= mSideHint=TOP mBoundingRects=null}, InsetsSource: {3 mType=ime mFrame=[0,0][0,0] mVisible=false mFlags= mSideHint=NONE mBoundingRects=null}, InsetsSource: {27 mType=displayCutout mFrame=[0,0][1080,80] mVisible=true mFlags= mSideHint=TOP mBoundingRects=null}, InsetsSource: {26ed0001 mType=navigationBars mFrame=[0,2298][1080,2340] mVisible=true mFlags=SUPPRESS_SCRIM mSideHint=BOTTOM mBoundingRects=null}, InsetsSource: {26ed0004 mType=systemGestures mFrame=[0,0][84,2340] mVisible=true mFlags= mSideHint=LEFT mBoundingRects=null}, InsetsSource: {26ed0005 mType=mandatorySystemGestures mFrame=[0,2250][1080,2340] mVisible=true mFlags= mSideHint=BOTTOM mBoundingRects=null}, InsetsSource: {26ed0006 mType=tappableElement mFrame=[0,0][0,0] mVisible=true mFlags= mSideHint=NONE mBoundingRects=null}, InsetsSource: {26ed0024 mType=systemGestures mFrame=[996,0][1080,2340] mVisible=true mFlags= mSideHint=RIGHT mBoundingRects=null} }
03-02 00:57:26.103  2746  2808 I VRI[test]@691d3fa: onActiveControlsChanged, removed=false, mAdded=true, caller=android.view.ViewRootImpl.handleInsetsControlChanged:3002 android.view.ViewRootImpl.relayoutWindow:11629 android.view.ViewRootImpl.performTraversals:4804 android.view.ViewRootImpl.doTraversal:3924 android.view.ViewRootImpl$TraversalRunnable.run:12903
03-02 00:57:26.105 18627 18652 I SamsungAccount: [TPMU]  SIMState     :SIM_STATE_READY
03-02 00:57:26.105 18627 18652 I SamsungAccount: [CountryCodeUtil] isChinaCountryCode : false
03-02 00:57:26.108  1507  1507 I SurfaceFlinger: [LayerHierarchy{RequestedLayerState{ImeContainer#15 parentId=156198 relativeParentId=156198 z=1} 1 children}] RelativeParent to null
03-02 00:57:26.108  1507  1507 I SurfaceFlinger: [Splash Screen com.podcast.app.debug.test$_2746#156215] attach to parent LayerHierarchy{RequestedLayerState{dbd0d51 Splash Screen com.podcast.app.debug.test#156214 parentId=156213} 1 children}
03-02 00:57:26.108 18627 18643 I SamsungAccount: [ChildAccountSupportedListPref] getSupportedList
03-02 00:57:26.109  2013  3345 W ParceledListSlice: Element #30 is 21544 bytes.
03-02 00:57:26.109 18627 18643 I SamsungAccount: [ChildAccountSupportedListManager] getSupportedListFromLocal from preference
03-02 00:57:26.111  1507  1507 I BufferQueueProducer: [NavigationBar0$_2746#113](this:0xb400007a17b59e38,id:-1,api:0,p:-1,c:1507) queueBuffer: fps=25.18 dur=1230.95 max=735.18 min=10.39
03-02 00:57:26.112  2746  2808 D BufferQueueConsumer: [](id:aba00001e21,api:0,p:-1,c:2746) connect: controlledByApp=false
03-02 00:57:26.113  2746  2808 I BLASTBufferQueue: [VRI[test]@691d3fa#7713](f:0,a:0,s:0) constructor()
03-02 00:57:26.113  2746  2808 I BLASTBufferQueue_Java: new BLASTBufferQueue, mName= VRI[test]@691d3fa mNativeObject= 0xb400007671f79400 caller= android.view.ViewRootImpl.updateBlastSurfaceIfNeeded:3585 android.view.ViewRootImpl.relayoutWindow:11685 android.view.ViewRootImpl.performTraversals:4804 android.view.ViewRootImpl.doTraversal:3924 android.view.ViewRootImpl$TraversalRunnable.run:12903 android.view.Choreographer$CallbackRecord.run:1901 android.view.Choreographer$CallbackRecord.run:1910 android.view.Choreographer.doCallbacks:1367 android.view.Choreographer.doFrame:1292 android.view.Choreographer$FrameDisplayEventReceiver.run:1870
03-02 00:57:26.113  2746  2808 I BLASTBufferQueue_Java: update, w= 1080 h= 2340 mName = VRI[test]@691d3fa mNativeObject= 0xb400007671f79400 sc.mNativeObject= 0xb40000772aec4240 format= -3 caller= android.view.ViewRootImpl.updateBlastSurfaceIfNeeded:3590 android.view.ViewRootImpl.relayoutWindow:11685 android.view.ViewRootImpl.performTraversals:4804 android.view.ViewRootImpl.doTraversal:3924 android.view.ViewRootImpl$TraversalRunnable.run:12903 android.view.Choreographer$CallbackRecord.run:1901
03-02 00:57:26.113  2746  2808 I BLASTBufferQueue: [VRI[test]@691d3fa#7713](f:0,a:0,s:0) update width=1080 height=2340 format=-3 mTransformHint=0
03-02 00:57:26.114  2746  2808 I VRI[test]@691d3fa: Relayout returned: old=(0,0,1080,2340) new=(0,0,1080,2340) relayoutAsync=false req=(1080,2340)0 dur=47 res=0x3 s={true 0xb40000767233eb00} ch=true seqId=0
03-02 00:57:26.114 17532 17532 I DecorView: setWindowBackground: isPopOver=false color=ffffffff d=android.graphics.drawable.ColorDrawable@b68adeb
03-02 00:57:26.115  2746  2808 I VRI[test]@691d3fa: performConfigurationChange setNightDimText nightDimLevel=0
03-02 00:57:26.115  1507  1565 E SfCpu   :  sched_setaffinity return fail 1461
03-02 00:57:26.115  1507  1565 E SfCpu   :  sched_setaffinity return fail 1444
03-02 00:57:26.115 18627 18652 I SamsungAccount: [TPMU] getMccFromUsim
03-02 00:57:26.117  2746  2808 D VRI[test]@691d3fa: mThreadedRenderer.initialize() mSurface={isValid=true 0xb40000767233eb00} hwInitialized=true
03-02 00:57:26.117  1507  1845 D SurfaceFlinger: [input] setFocusedWindow: <null>
03-02 00:57:26.117  1507  1845 D SurfaceFlinger: updateWinowInfo=1, setFocusedWindow timestamp=491125090908887, windowName=<null>
03-02 00:57:26.117  2013  4903 D InputDispatcher: Once focus requested (0): <null>
03-02 00:57:26.117  2013  4903 D InputDispatcher: Focus request (0): <null> but waiting because NO_WINDOW
03-02 00:57:26.117  2013  4903 D InputDispatcher: Focus left window (0): 297f8e5 com.podcast.app.debug/androidx.activity.ComponentActivity
03-02 00:57:26.117  2746  2808 D VRI[test]@691d3fa: reportNextDraw android.view.ViewRootImpl.performTraversals:5443 android.view.ViewRootImpl.doTraversal:3924 android.view.ViewRootImpl$TraversalRunnable.run:12903 android.view.Choreographer$CallbackRecord.run:1901 android.view.Choreographer$CallbackRecord.run:1910
03-02 00:57:26.117  2746  2746 I {OngoingActivityController}: onTaskFocusChanged but OA data is empty
03-02 00:57:26.117  2746  2808 D VRI[test]@691d3fa: Setup new sync=wmsSync-VRI[test]@691d3fa#43
03-02 00:57:26.117  2746  2808 I VRI[test]@691d3fa: Creating new active sync group VRI[test]@691d3fa#44
03-02 00:57:26.118 18627 18652 I SamsungAccount: [MccManager] saveMccToPreference Start
03-02 00:57:26.118  2746  2808 D VRI[test]@691d3fa: registerCallbacksForSync syncBuffer=false
03-02 00:57:26.118 18627 18652 I SamsungAccount: [MccManager] saveMccToPreference, mcc is same with previous mcc
03-02 00:57:26.119  2746  2866 D VRI[test]@691d3fa: Received frameDrawingCallback syncResult=0 frameNum=1.
03-02 00:57:26.118 18627 18652 I SamsungAccount: [FamilyGroupUtil] meetKoreaCountryCondition(beforeSignUp=false): false
03-02 00:57:26.119 18627 18643 I SamsungAccount: [TPMU]  SIMState     :SIM_STATE_READY
03-02 00:57:26.119 18627 18643 I SamsungAccount: [CountryCodeUtil] isChinaCountryCode : false
03-02 00:57:26.119  2991  3810 I LocationAccessPolicy: checkLocationPermission - callingUid: 10492, callingPid: 14636, result: DENIED_SOFT
03-02 00:57:26.119 17121 17121 I ImeFocusController: onPreWindowFocus: skipped hasWindowFocus=false mHasImeFocus=true
03-02 00:57:26.119  2991  3810 I LocationAccessPolicy: checkLocationPermission - callingUid: 10492, callingPid: 14636, result: DENIED_SOFT
03-02 00:57:26.120 18627 18711 D WM-PackageManagerHelper: Skipping component enablement for androidx.work.impl.background.systemjob.SystemJobService
03-02 00:57:26.120 18627 18711 D WM-Schedulers: Created SystemJobScheduler and enabled SystemJobService
03-02 00:57:26.120 17121 17121 I ImeFocusController: onPostWindowFocus: skipped hasWindowFocus=false mHasImeFocus=true
03-02 00:57:26.121 18627 18652 I SamsungAccount: [ChildAccountSupportedListManager] getSupportedListFromLocal from cache
03-02 00:57:26.123  1484  1921 D StreamHalAidl: [out|ioHandle:21] standby
03-02 00:57:26.123  1484  1921 D StreamHalAidl: [out|ioHandle:21] pause
03-02 00:57:26.123  1439  1902 D AHAL_Stream: cycle: received command Command{pause: Void{}} in writer
03-02 00:57:26.123  2013  2065 D PkgPredictorService-SecIpmManagerServiceImpl: bg information pid:14885 uid:10350 pkgName:com.zhiliaoapp.musically
03-02 00:57:26.123  1439  1902 D AHAL_Stream: [out|ioHandle:21] pause
03-02 00:57:26.123  1439  1902 I AHAL_Stream: pause()
03-02 00:57:26.123  1439  1902 D MTKAdapterStreamLayer: pause(),
03-02 00:57:26.123  1439  1902 D AudioALSAStreamOut: pause() 0xb400006fe2305e00
03-02 00:57:26.123  1439  1902 D AHAL_Stream: cycle: writing reply Reply{status: 0, fmqByteCount: 0, observable: Position{frames: 3078622286, timeNs: 491125124228656}, hardware: Position{frames: -1, timeNs: -1}, latencyMs: 21, xrunFrames: 0, state: PAUSED}
03-02 00:57:26.123  1445 18689 W C2MtkBufferManager: [0xB4000070F68A8D20] fetchNewCcBlock: wait fence 0x0xb4000070f692fcb0 timed out. ret 110
03-02 00:57:26.123  1484  1921 D StreamHalAidl: [out|ioHandle:21] flush
03-02 00:57:26.123  1439  1902 D AHAL_Stream: cycle: received command Command{flush: Void{}} in writer
03-02 00:57:26.123  1439  1902 D AHAL_Stream: [out|ioHandle:21] flush
03-02 00:57:26.123  1439  1902 I AHAL_Stream: flush()
03-02 00:57:26.123  1439  1902 D MTKAdapterStreamLayer: flush(),
03-02 00:57:26.123  1439  1902 D AudioALSAStreamOut: flush() 0xb400006fe2305e00
03-02 00:57:26.123  3202  3386 I HoneySpace.TopTaskSource: onTaskFocusChanged(): taskId = 44879
03-02 00:57:26.123  1439  1902 D AHAL_Stream: cycle: writing reply Reply{status: 0, fmqByteCount: 0, observable: Position{frames: 3078622306, timeNs: 491125124644272}, hardware: Position{frames: -1, timeNs: -1}, latencyMs: 21, xrunFrames: 0, state: IDLE}
03-02 00:57:26.124  1439  1902 D AHAL_Stream: cycle: received command Command{standby: Void{}} in writer
03-02 00:57:26.124  1439  1902 D AHAL_Stream: [out|ioHandle:21] standby
03-02 00:57:26.124  1439  1902 D AudioALSAStreamOut: standby(), flag 8
03-02 00:57:26.124  1439  1902 D AudioALSAStreamOut: standbyStreamOut(), halRequest 0, mDestroy 0, flag 8
03-02 00:57:26.124  1439  1902 D AudioALSAStreamOut: close_l(), flags 8
03-02 00:57:26.124  1439  1902 D AudioALSAStreamManager: setPlaybackStreamActive(), is_active = 0, stream_type = 3, mIsMusicStreamActive = 0
03-02 00:57:26.126 18627 18723 D SamsungAnalytics605079: do not send setting < 1day
03-02 00:57:26.126  1439  1902 D AudioALSAPlaybackHandlerMixer: close(+), source flag 8, mDevice = 0x2, buffer_size 8192
03-02 00:57:26.126  1439  1902 D audio_sw_mixer: sw_mixer_source_detach(), MIXER_PLAYBACK  , name T_DEEP
03-02 00:57:26.126  1439  1902 D audio_sw_mixer: sw_mixer_manager_destroy_path(), MIXER_PLAYBACK  , path T_DEEP=>T_PRIMARY
03-02 00:57:26.126  1439  1902 D audio_sw_mixer: dump_path_list(), MIXER_PLAYBACK  , no path
03-02 00:57:26.126  1439  1902 D audio_sw_mixer: sw_mixer_target_detach(), MIXER_PLAYBACK  , name T_PRIMARY
03-02 00:57:26.126  1439  1620 D audio_sw_mixer: sw_mixer_wait_to_mix(), MIXER_PLAYBACK  , target T_PRIMARY    thread exit direct mode
03-02 00:57:26.126  1439  1620 D audio_sw_mixer: sw_mixer_mix_thread(), thread mix1:0 idle
03-02 00:57:26.127  1439  1902 D AudioALSAPlaybackHandlerNormal: +close(), flag = 8, mDevice = 0x2
03-02 00:57:26.127  1439  1902 D AudioALSAHardwareResourceManager: +stopOutputDevice(), mOutputDevices = 0x2, mStartOutputDevicesCount = 1
03-02 00:57:26.127  1439  1902 D AudioSmartPaController: +dspOnBoardSpeakerOff()
03-02 00:57:26.127  2746  2866 I VRI[test]@691d3fa: mWNT: t=0xb40000772af34800 mBlastBufferQueue=0xb400007671f79400 fn= 1 HdrRenderState mRenderHdrSdrRatio=1.0 caller= android.view.ViewRootImpl$12.onFrameDraw:15441 android.view.ThreadedRenderer$1.onFrameDraw:718 <bottom of call stack>
03-02 00:57:26.127  1439  1902 D AudioALSAHardwareResourceManager: notifyOutputDeviceStatusChange(), device = 2, status = 1, sampleRate = 0, mOpenSpeakerPathCount = 0
03-02 00:57:26.127  2746  2866 I VRI[test]@691d3fa: Setting up sync and frameCommitCallback
03-02 00:57:26.127  1439  1902 D AudioALSAStreamManager: speakerStatusChangeCb(), status = 1, sampleRate = 0
03-02 00:57:26.127 18627 18723 D SamsungAnalytics605079: [PropertyLogBuildClient] No Property log
03-02 00:57:26.129 18627 18723 I SamsungAnalytics605079: register setting status
03-02 00:57:26.129 18627 18723 D SamsungAnalytics605079: do not send setting < 1day
03-02 00:57:26.130  2746  2870 I BLASTBufferQueue: [VRI[test]@691d3fa#7713](f:0,a:0,s:0) onFrameAvailable the first frame is available
03-02 00:57:26.131  2746  2870 I BLASTBufferQueue: [VRI[test]@691d3fa#7713](f:0,a:1,s:0) acquireNextBufferLocked size=1080x2340 mFrameNumber=1 applyTransaction=true mTimestamp=491125131192656(auto) mPendingTransactions.size=0 graphicBufferId=11793980283567 transform=0
03-02 00:57:26.132  2746  2870 I VRI[test]@691d3fa: Received frameCommittedCallback lastAttemptedDrawFrameNum=1 didProduceBuffer=true
03-02 00:57:26.132  1445  2902 W C2MtkBufferManager: [0xB4000070F507E520] fetchNewCcBlock: wait fence 0x0xb4000070f5058270 timed out. ret 110
03-02 00:57:26.133  2746  2870 D HWUI    : CFMS:: SetUp Pid : 2746    Tid : 2870
03-02 00:57:26.133  2746  2808 D VRI[test]@691d3fa: reportDrawFinished seqId=0
03-02 00:57:26.134  1646  5384 I CameraService: onUidStateChanged: uid=10492, procState is changed. (8 -> 19)
03-02 00:57:26.134 18627 18652 I SamsungAccount: [TPMU]  SIMState     :SIM_STATE_READY
03-02 00:57:26.134 18627 18652 I SamsungAccount: [CountryCodeUtil] isChinaCountryCode : false
03-02 00:57:26.135  1646  5384 I CameraService: onUidStateChanged: uid=10062, procState is changed. (0 -> 1)
03-02 00:57:26.136 18627 18643 I SamsungAccount: [TPMU] getMccFromUsim
03-02 00:57:26.136 14885 14885 D BBA2    : setIsFg isFg = false; delayValue 3999ms
03-02 00:57:26.137 17532 17532 I ViewRootImpl: dVRR is disabled
03-02 00:57:26.137 18627 18643 I SamsungAccount: [MccManager] saveMccToPreference Start
03-02 00:57:26.137 18627 18643 I SamsungAccount: [MccManager] saveMccToPreference, mcc is same with previous mcc
03-02 00:57:26.137 18627 18643 I SamsungAccount: [FamilyGroupUtil] meetKoreaCountryCondition(beforeSignUp=false): false
03-02 00:57:26.138  3202  3202 I HoneySpace.EdgePanel.CocktailHostRepositoryImpl: onNoteResume
03-02 00:57:26.138  3202  3202 I HoneySpace.EdgePanel.EdgePanelContainerViewModel: cocktailHostRepository.edgePanelOperation NoteResumeComponent(componentName=ComponentInfo{com.podcast.app.debug.test/androidx.test.core.app.InstrumentationActivityInvoker$EmptyActivity})
03-02 00:57:26.138 17532 17563 D NativeCustomFrequencyManager: [NativeCFMS] BpCustomFrequencyManager::BpCustomFrequencyManager()
03-02 00:57:26.139 18627 18643 I SamsungAccount: [ChildAccountSupportedListManager] getSupportedListFromLocal from cache
03-02 00:57:26.140  3202  3202 I HoneySpace.EdgePanel.ActivityUtils: HomePackage : com.sec.android.app.launcher, resumePackageName : com.podcast.app.debug.test, className : androidx.test.core.app.InstrumentationActivityInvoker$EmptyActivity
03-02 00:57:26.140  2013  2253 D InputTransport: Input channel constructed: '79b766d', fd=964
03-02 00:57:26.140  2013  2253 D InputTransport: Input channel constructed: '79b766d', fd=1074
03-02 00:57:26.140  2013  2253 D InputTransport: Input channel constructed: '79b766d', fd=1083
03-02 00:57:26.140  2013  2253 D InputTransport: Input channel destroyed: '79b766d', fd=1074
03-02 00:57:26.142 18627 18643 I SamsungAccount: [TPMU]  SIMState     :SIM_STATE_READY
03-02 00:57:26.142 18627 18643 I SamsungAccount: [CountryCodeUtil] isChinaCountryCode : false
03-02 00:57:26.142  1507  2393 I SurfaceFlinger: id=156216 createSurf, flag=84004, 79b766d com.podcast.app.debug.test/androidx.test.core.app.InstrumentationActivityInvoker$EmptyActivity#156216
03-02 00:57:26.144  2013  2253 D InputTransport: Input channel destroyed: '79b766d', fd=1083
03-02 00:57:26.145 17532 17532 D InputTransport: Input channel constructed: '79b766d', fd=119
03-02 00:57:26.145  1439  1902 D AudioALSAPlaybackHandlerBase: -closePcmDriver(), mPcm = 0x0
03-02 00:57:26.145  1439  1902 D AudioALSADeviceConfigManager: ApplyDeviceTurnoffSequenceByName(), DeviceName = PLAYBACK3_TO_I2S3 descriptor->DeviceStatusCounter = 1, Ctlsize=4
03-02 00:57:26.146  1439  1902 D AudioALSAPlaybackHandlerBase: DestroyAurisysLibManager()
03-02 00:57:26.146  1439  1902 D aurisys_lib_handler: [LIB] Awinic Info: aw_skt_arsi_destroy_handler(), p_handler = 0xb400006fe1dc7980
03-02 00:57:26.146  2013  2253 W ParceledListSlice: Element #30 is 21544 bytes.
03-02 00:57:26.146  1439  1902 D [Awinic]: get dtc_status: interval_time: 0 s, tma_pre: 379676, tcm_pre: 22555
03-02 00:57:26.146  1439  1902 D [Awinic]: Close attrs done!
03-02 00:57:26.146  1439  1902 D [Awinic]: spin reset done!
03-02 00:57:26.146  1439  1902 D [Awinic]:  Reset Done !
03-02 00:57:26.146  1439  1902 D aurisys_lib_handler: [LIB] Awinic Info: aw_skt_arsi_destroy_handler done!
03-02 00:57:26.146  1439  1902 D aurisys_lib_handler: aurisys_arsi_destroy_handler(), lib_name smartpa_aw88xxx, 0xb400006feb041000, arsi_destroy_handler, arsi_handler = 0xb400006fe1dc7980, retval = 0
03-02 00:57:26.146  1439  1902 D aurisys_lib_manager: delete_aurisys_lib_manager(), manager 0xb400006feb05c460
03-02 00:57:26.146  1439  1902 D AudioALSAPlaybackHandlerNormal: -close()
03-02 00:57:26.146  1439  1902 D AudioALSAPlaybackHandlerBase: DestroyAurisysLibManager()
03-02 00:57:26.146  1439  1902 D aurisys_lib_handler: aurisys_arsi_destroy_handler(), lib_name aurisys_demo, 0xb400006fecaa7000, arsi_destroy_handler, arsi_handler = 0xb400006feca82600, retval = 0
03-02 00:57:26.146  1439  1902 D aurisys_lib_manager: delete_aurisys_lib_manager(), manager 0xb400006fecb0c760
03-02 00:57:26.146  1439  1902 D AudioALSAPlaybackHandlerMixer: close(-)
03-02 00:57:26.146  1439  1902 D AudioALSAStreamManager: routingOutputDeviceForIEMs()
03-02 00:57:26.146  1439  1902 D AudioIEMsController: routing(+), cur out 0x0 in 0x0, hs 0, bt 0, usb 0, device 0x2, mask 0x1, on 0
03-02 00:57:26.146  1439  1902 D AudioIEMsController: routing(-), cur out 0x0 in 0x0
03-02 00:57:26.146  1439  1902 D AHAL_Stream: cycle: writing reply Reply{status: 0, fmqByteCount: 0, observable: Position{frames: 3078622324, timeNs: 491125125009503}, hardware: Position{frames: -1, timeNs: -1}, latencyMs: 21, xrunFrames: 0, state: STANDBY}
03-02 00:57:26.146 17532 17532 I InsetsController: onStateChanged: host=com.podcast.app.debug.test/androidx.test.core.app.InstrumentationActivityInvoker$EmptyActivity, from=android.view.ViewRootImpl.onInsetsStateChanged:3026, state=InsetsState: {mDisplayFrame=Rect(0, 0 - 1080, 2340), mDisplayCutout=DisplayCutout{insets=Rect(0, 80 - 0, 0) waterfall=Insets{left=0, top=0, right=0, bottom=0} boundingRect={Bounds=[Rect(0, 0 - 0, 0), Rect(472, 0 - 608, 80), Rect(0, 0 - 0, 0), Rect(0, 0 - 0, 0)]} cutoutPathParserInfo={CutoutPathParserInfo{displayWidth=1080 displayHeight=2340 physicalDisplayWidth=1080 physicalDisplayHeight=2340 density={2.8125} cutoutSpec={M 0,0 H -24.177777778 V 28.4444444444 H 24.177777778 V 0 H 0 Z @dp} rotation={0} scale={1.0} physicalPixelDisplaySizeRatio={1.0}}} sideOverrides={}}, mRoundedCorners=RoundedCorners{[RoundedCorner{position=TopLeft, radius=113, center=Point(113, 113)}, RoundedCorner{position=TopRight, radius=113, center=Point(967, 113)}, RoundedCorner{position=BottomRight, radius=113, center=Point(967, 2227)}, RoundedCorner{position=BottomLeft, radius=113, center=Point(113, 2227)}]}  mRoundedCornerFrame=Rect(0, 0 - 1080, 2340), mPrivacyIndicatorBounds=PrivacyIndicatorBounds {static bounds=Rect(956, 0 - 1080, 80) rotation=0}, mDisplayShape=DisplayShape{ spec=-311912193 displayWidth=1080 displayHeight=2340 physicalPixelDisplaySizeRatio=1.0 rotation=0 offsetX=0 offsetY=0 scale=1.0}, mSources= { InsetsSource: {e9af0000 mType=statusBars mFrame=[0,0][1080,80] mVisible=true mFlags= mSideHint=TOP mBoundingRects=null}, InsetsSource: {e9af0005 mType=mandatorySystemGestures mFrame=[0,0][1080,114] mVisible=true mFlags= mSideHint=TOP mBoundingRects=null}, InsetsSource: {e9af0006 mType=tappableElement mFrame=[0,0][1080,80] mVisible=true mFlags= mSideHint=TOP mBoundingRects=null}, InsetsSource: {3 mType=ime mFrame=[0,0][0,0] mVisible=false mFlags= mSideHint=NONE mBoundingRects=null}, InsetsSource: {27 mType=displayCutout mFrame=[0,0][1080,80] mVisible=true mFlags= mSideHint=TOP mBoundingRects=null}, InsetsSource: {26ed0001 mType=navigationBars mFrame=[0,2298][1080,2340] mVisible=true mFlags=SUPPRESS_SCRIM mSideHint=BOTTOM mBoundingRects=null}, InsetsSource: {26ed0004 mType=systemGestures mFrame=[0,0][84,2340] mVisible=true mFlags= mSideHint=LEFT mBoundingRects=null}, InsetsSource: {26ed0005 mType=mandatorySystemGestures mFrame=[0,2250][1080,2340] mVisible=true mFlags= mSideHint=BOTTOM mBoundingRects=null}, InsetsSource: {26ed0006 mType=tappableElement mFrame=[0,0][0,0] mVisible=true mFlags= mSideHint=NONE mBoundingRects=null}, InsetsSource: {26ed0024 mType=systemGestures mFrame=[996,0][1080,2340] mVisible=true mFlags= mSideHint=RIGHT mBoundingRects=null} }
03-02 00:57:26.147 18627 18643 I SamsungAccount: [TPMU] getMccFromUsim
03-02 00:57:26.147 18627 18643 I SamsungAccount: [MccManager] saveMccToPreference Start
03-02 00:57:26.147 18627 18643 I SamsungAccount: [MccManager] saveMccToPreference, mcc is same with previous mcc
03-02 00:57:26.147 18627 18643 I SamsungAccount: [FamilyGroupUtil] meetServerCountryCondition(beforeSignUp=false): true
03-02 00:57:26.149 17532 17532 I VRI[InstrumentationActivityInvoker$EmptyActivity]@37eb306: synced displayState. AttachInfo displayState=2
