03-02 00:57:43.847  1439  1902 D AudioALSAPlaybackHandlerMixer: open(-), target flag 8, mDevice 0x2, buffer_size 16384, frame_count 2048, sample_rate 48000
03-02 00:57:43.847  1439  1620 D audio_sw_mixer: sw_mixer_mix_thread(), thread mix1:0 running: target T_PRIMARY
03-02 00:57:43.847  1439  1902 D AudioALSAStreamManager: setPlaybackStreamActive(), is_active = 1, stream_type = 3, mIsMusicStreamActive = 1
03-02 00:57:43.847  1439  1902 D AudioALSAStreamOut: -open(), flags 8
03-02 00:57:43.847  1439  1902 D AudioALSAPlaybackHandlerMixer: setScreenState(), buffer_size 8192 => 16384
03-02 00:57:43.847  1439  1902 D AudioALSAPlaybackHandlerNormal: setScreenState(), flag = 8, rate = 2048, mInterrupt = 0.042667, mode = 1, sample_rate(target) = 48000, buffer_size = 16384, channel = 2, format = 4, reduceInterruptSize = 1024
03-02 00:57:43.847  1439  1902 W audio_sw_mixer: sw_mixer_source_update_write_bytes(), MIXER_PLAYBACK  , name T_DEEP       order 2 sz 8192=>16384 fmt 3 ch 2 rate 48000 latency_us 42666
03-02 00:57:43.847  1439  1902 W AudioALSAPlaybackHandlerBase: getQueuedFramesInfo(), mTimeStampValid false!!
03-02 00:57:43.848  1484  1921 E StreamHalAidl: Function: getPresentationPosition Line: 1037 Failed
03-02 00:57:43.848  1484  1921 I SoundAlive_SRC384 arch64: ~SoundAlive_SRC384(): instance 6736
03-02 00:57:43.848  1439 16888 D MTKAdapterStreamLayer: updateMetadataCommon(),
03-02 00:57:43.848  1484  2000 D NativePermissionController: checkPermission: missing 13 for 10350
03-02 00:57:43.848  1484  1921 I SoundAlive_SRC384 arch64: SoundAlive_SRC384() ID = 6737 GID = 6738
03-02 00:57:43.848  1484  1921 I SoundAlive_SRC384 arch64: SoundAlive_SRC384: Instance 6737 Init(outFs 7, InFs 7, chnum 0, outBW 0, inBW 0)
03-02 00:57:43.848  1484  1921 I Samsung_SoundAlive_SRC arch64: SRC384 version Samsung SoundAlive SRC ver320 arch64  2021.08.04 (Cppref for ARM64, ver.300.c 32bit 07_10_2016 based)
03-02 00:57:43.848  1484  1921 D SoundAliveResampler: [SoundAliveResampler] Init+++
03-02 00:57:43.848  1484  1921 I SoundAlive_SRC384 arch64: SoundAlive_SRC384: Instance 6737 Init(outFs 8, InFs 7, chnum 2, outBW 3, inBW 3)
03-02 00:57:43.848  1484  1921 I Samsung_SoundAlive_SRC arch64: SRC384 version Samsung SoundAlive SRC ver320 arch64  2021.08.04 (Cppref for ARM64, ver.300.c 32bit 07_10_2016 based)
03-02 00:57:43.849 14885 18629 D SurfaceUtils: connecting to surface 0x6f9d394c10, reason connectToSurface
03-02 00:57:43.849 14885 18629 I MediaCodec: [c2.mtk.hevc.decoder] setting surface generation to 15242322
03-02 00:57:43.849 14885 18629 D SurfaceUtils: disconnecting from surface 0x6f9d394c10, reason connectToSurface(reconnect)
03-02 00:57:43.849 14885 18629 D SurfaceUtils: connecting to surface 0x6f9d394c00, reason connectToSurface(reconnect-with-listener)
03-02 00:57:43.849  1507  1825 I SurfaceFlinger: Capture layer list: 	 com.podcast.app.debug/androidx.activity.ComponentActivity$_17121#156803(seamlessTransition:0)
03-02 00:57:43.849  1507  1825 I SurfaceFlinger: Capture layer list: 	 DimTransitionLayer for Surface(name=Task=44903)/@0xc60b4d8#156821(seamlessTransition:0)
03-02 00:57:43.849  1507  1825 I SurfaceFlinger: Capture layer list: 	 com.podcast.app.debug.test/androidx.test.core.app.InstrumentationActivityInvoker$EmptyActivity$_17532#156817(seamlessTransition:0)
03-02 00:57:43.849  1507  1825 I SurfaceFlinger: Capture layer list: 	 Splash Screen com.podcast.app.debug.test$_2746#156815(seamlessTransition:0)
03-02 00:57:43.850  1439  1902 W AudioALSAPlaybackHandlerBase: getQueuedFramesInfo(), mTimeStampValid false!!
03-02 00:57:43.850 14885 18629 D GraphicsTracker: new surface in configuration: maxDequeueRequested(0), maxDequeueCommitted(24)
03-02 00:57:43.850 14885 18629 D GraphicsTracker: new surface configured with id:63930588201057 gen:15242322 maxDequeue:24
03-02 00:57:43.850 14885 18629 D GraphicsTracker: maxDequeueCount is already 24
03-02 00:57:43.850 14885 18629 D Codec2Client: setOutputSurface -- generation=15242322 consumer usage=0x900
03-02 00:57:43.850 14885 18629 D SurfaceUtils: disconnecting from surface 0x6f9d395610, reason disconnectFromSurface
03-02 00:57:43.852  1439  1620 D [Awinic]: mix fade in done, switch to MIX_DONE
03-02 00:57:43.852  1439  1620 D [Awinic]: mix_reset reset done!
03-02 00:57:43.853  1484  2000 D NativePermissionController: checkPermission: missing 13 for 10350
03-02 00:57:43.853  1484  2000 D NativePermissionController: checkPermission: missing 13 for 10350
03-02 00:57:43.853  1445  2902 W C2MtkBufferManager: [0xB4000070F507E520] fetchNewCcBlock: wait fence 0x0xb4000070f5058270 timed out. ret 110
03-02 00:57:43.855 14885 14885 I SV[7374587 SplashActivity]: updateSurface: mVisible = false mSurface.isValid() = true
03-02 00:57:43.855 14885 14885 I BLASTBufferQueue: [7086fb SurfaceView[com.zhiliaoapp.musically/com.ss.android.ugc.aweme.splash.SplashActivity]@0#143](f:0,a:0,s:0) destructor()
03-02 00:57:43.856 14885 14885 D BufferQueueConsumer: [7086fb SurfaceView[com.zhiliaoapp.musically/com.ss.android.ugc.aweme.splash.SplashActivity]@0#143(BLAST Consumer)143](id:3a2500000094,api:0,p:-1,c:14885) disconnect
03-02 00:57:43.856 14885 14885 I SV[7374587 SplashActivity]: releaseSurfaces: viewRoot = VRI[SplashActivity]@35f4eb8
03-02 00:57:43.856 14885 14885 V SurfaceView: Layout: x=0 y=80 w=1080 h=1920, frame=Rect(0, 0 - 1080, 1920)
03-02 00:57:43.856 14885 14885 I SurfaceView: 7374587 Changes: creating=true format=false size=false visible=true alpha=false hint=false left=false top=false z=false attached=true lifecycleStrategy=false
03-02 00:57:43.857  1507  1562 I SurfaceFlinger: id=156838 createSurf, flag=84004, 7086fb SurfaceView[com.zhiliaoapp.musically/com.ss.android.ugc.aweme.splash.SplashActivity]@0#156838
03-02 00:57:43.857  1507  1907 I SurfaceFlinger: id=156839 createSurf, flag=44400, 7086fb SurfaceView[com.zhiliaoapp.musically/com.ss.android.ugc.aweme.splash.SplashActivity]@0(BLAST)#156839
03-02 00:57:43.858  1484  2000 D NativePermissionController: checkPermission: missing 13 for 10350
03-02 00:57:43.858  1507  2128 I SurfaceFlinger: id=156840 createSurf, flag=20404, Background for 7086fb SurfaceView[com.zhiliaoapp.musically/com.ss.android.ugc.aweme.splash.SplashActivity]@0#156840
03-02 00:57:43.859 14885 14885 D BufferQueueConsumer: [](id:3a2500000096,api:0,p:-1,c:14885) connect: controlledByApp=false
03-02 00:57:43.859  1484  2000 D NativePermissionController: checkPermission: missing 13 for 10350
03-02 00:57:43.859 14885 14885 I BLASTBufferQueue: [7086fb SurfaceView[com.zhiliaoapp.musically/com.ss.android.ugc.aweme.splash.SplashActivity]@0#145](f:0,a:0,s:0) constructor()
03-02 00:57:43.859 14885 14885 I BLASTBufferQueue_Java: new BLASTBufferQueue, mName= 7086fb SurfaceView[com.zhiliaoapp.musically/com.ss.android.ugc.aweme.splash.SplashActivity]@0 mNativeObject= 0x6f01ff7400 caller= android.view.SurfaceView.createBlastSurfaceControls:1781 android.view.SurfaceView.updateSurface:1450 android.view.SurfaceView.setVisibility:613 X.0fk7.setVisibility:16777219 X.0T6E.LJLJJLL:33554432 com.ss.android.ugc.playerkit.videoview.SurfaceViewWrapper.LJIIL:16777263 com.ss.android.ugc.playerkit.videoview.SurfaceViewWrapper.LJIIIZ:2 Y.ARunnableS132S0100000_20.run$53:16777271 Y.ARunnableS132S0100000_20.run:330 android.os.Handler.handleCallback:995
03-02 00:57:43.859 14885 14885 I BLASTBufferQueue_Java: update, w= 1080 h= 1920 mName = 7086fb SurfaceView[com.zhiliaoapp.musically/com.ss.android.ugc.aweme.splash.SplashActivity]@0 mNativeObject= 0x6f01ff7400 sc.mNativeObject= 0x6fe0734880 format= 4 caller= android.view.SurfaceView.createBlastSurfaceControls:1782 android.view.SurfaceView.updateSurface:1450 android.view.SurfaceView.setVisibility:613 X.0fk7.setVisibility:16777219 X.0T6E.LJLJJLL:33554432 com.ss.android.ugc.playerkit.videoview.SurfaceViewWrapper.LJIIL:16777263
03-02 00:57:43.859 14885 14885 I BLASTBufferQueue: [7086fb SurfaceView[com.zhiliaoapp.musically/com.ss.android.ugc.aweme.splash.SplashActivity]@0#145](f:0,a:0,s:0) update width=1080 height=1920 format=4 mTransformHint=0
03-02 00:57:43.859 14885 14885 I SurfaceView: 7374587 Cur surface: Surface(name=null mNativeObject=0)/@0x5798c7e
03-02 00:57:43.860 14885 14885 I SV[7374587 SplashActivity]: pST: sr = Rect(0, 80 - 1080, 2000) sw = 1080 sh = 1920
03-02 00:57:43.860 14885 14885 D SurfaceView: 7374587 performSurfaceTransaction RenderWorker position = [0, 80, 1080, 2000] surfaceSize = 1080x1920
03-02 00:57:43.860 14885 14885 I SV[7374587 SplashActivity]: updateSurface: mVisible = true mSurface.isValid() = true
03-02 00:57:43.860 14885 14885 I SV[7374587 SplashActivity]: updateSurface: mSurfaceCreated = false surfaceChanged = true visibleChanged = true
03-02 00:57:43.860 14885 14885 I SurfaceView: 7374587 visibleChanged -- surfaceCreated
03-02 00:57:43.860 14885 14885 I SV[7374587 SplashActivity]: surfaceCreated 2 #3 X.0fk7{7086fb V.E...... ......ID 0,80-1080,2000}
03-02 00:57:43.862  2746  2746 D SamsungLightBarControlHelper: updateStatusBar (WHITE icon) numStacks:1, StatusBarMode:MODE_TRANSPARENT, lightBarBounds:[], StatusBarState:SHADE, packageName:, isWhiteKeyguardStatusBar:true
03-02 00:57:43.862  2746  2746 D SamsungLightBarControlHelper: onStatusBarAppearanceChanged() -  sbModeChanged:false, statusBarMode:0, barState:MODE_TRANSPARENT, isKeyguardShowing:false, navbarColorManagedByIme:false, (AppearanceRegion{ bounds=[0,0][1080,2340]}, )
03-02 00:57:43.862  1507  2393 I SurfaceFlinger: id=156841 createSurf, flag=84000, b88503c ActivityRecordInputSink com.podcast.app.debug.test/androidx.test.core.app.InstrumentationActivityInvoker$EmptyActivity#156841
03-02 00:57:43.863  1507  1507 I SurfaceFlinger: [7086fb SurfaceView[com.zhiliaoapp.musically/com.ss.android.ugc.aweme.splash.SplashActivity]@0#156838] attach to parent LayerHierarchy{RequestedLayerState{Bounds for - com.zhiliaoapp.musically/com.ss.android.ugc.aweme.splash.SplashActivity@33#156827 parentId=156824} 4 children}
03-02 00:57:43.863  1507  1507 I SurfaceFlinger: [7086fb SurfaceView[com.zhiliaoapp.musically/com.ss.android.ugc.aweme.splash.SplashActivity]@0(BLAST)#156839] attach to parent LayerHierarchy{RequestedLayerState{7086fb SurfaceView[com.zhiliaoapp.musically/com.ss.android.ugc.aweme.splash.SplashActivity]@0#156838 parentId=156827} 1 children}
03-02 00:57:43.863  1507  1507 I SurfaceFlinger: [Background for 7086fb SurfaceView[com.zhiliaoapp.musically/com.ss.android.ugc.aweme.splash.SplashActivity]@0#156840] attach to parent LayerHierarchy{RequestedLayerState{7086fb SurfaceView[com.zhiliaoapp.musically/com.ss.android.ugc.aweme.splash.SplashActivity]@0#156838 parentId=156827} 2 children}
03-02 00:57:43.863  1507  1507 I SurfaceFlinger: [b88503c ActivityRecordInputSink com.podcast.app.debug.test/androidx.test.core.app.InstrumentationActivityInvoker$EmptyActivity#156841] attach to parent LayerHierarchy{RequestedLayerState{ActivityRecord{218175258 u0 com.podcast.app.debug.test/androidx.test.core.app.InstrumentationActivityInvoker$EmptyActivity t44903}#156813 parentId=156812} 3 children}
03-02 00:57:43.864  2746  3671 D SoundCraft.PlayingAudioConditionHandler: onPlaybackConfigChanged : lastStartedPackageName=com.zhiliaoapp.musically, lastStartedUid=10350, newStartedUid=10350, newStartPackageName=com.zhiliaoapp.musically, thread=Thread[RoutineHandlerThread,5,main]
03-02 00:57:43.864 14885 16246 D AudioTrack: setVolume(1.000000, 1.000000) pid : 14885
03-02 00:57:43.865 14885 14885 I SurfaceView: 7374587 surfaceChanged -- format=4 w=1080 h=1920
03-02 00:57:43.865 14885 14885 I SV[7374587 SplashActivity]: surfaceChanged (1080,1920) 2 #3 X.0fk7{7086fb V.E...... ......ID 0,80-1080,2000}
03-02 00:57:43.865 14885 14885 I SurfaceView: 7374587 surfaceRedrawNeeded
03-02 00:57:43.865 14885 14885 I SurfaceView: 7374587 finishedDrawing
03-02 00:57:43.865 14885 14885 V SurfaceView: Layout: x=0 y=80 w=1080 h=1920, frame=Rect(0, 0 - 1080, 1920)
03-02 00:57:43.866 14885 18629 D SurfaceUtils: connecting to surface 0x6f9d395610, reason connectToSurface
03-02 00:57:43.867 14885 18629 I MediaCodec: [c2.mtk.hevc.decoder] setting surface generation to 15242323
03-02 00:57:43.867 14885 18629 D SurfaceUtils: disconnecting from surface 0x6f9d395610, reason connectToSurface(reconnect)
03-02 00:57:43.867 14885 18629 D SurfaceUtils: connecting to surface 0x6f9d395600, reason connectToSurface(reconnect-with-listener)
03-02 00:57:43.867 14885 14885 I VRI[SplashActivity]@35f4eb8: registerCallbackForPendingTransactions
03-02 00:57:43.867  2013  4844 W ParceledListSlice: Element #30 is 21544 bytes.
03-02 00:57:43.868 14885 18629 D GraphicsTracker: new surface in configuration: maxDequeueRequested(0), maxDequeueCommitted(24)
03-02 00:57:43.868 14885 18629 D GraphicsTracker: new surface configured with id:63930588201110 gen:15242323 maxDequeue:24
03-02 00:57:43.868 14885 18629 D GraphicsTracker: maxDequeueCount is already 24
03-02 00:57:43.868 14885 18629 D Codec2Client: setOutputSurface -- generation=15242323 consumer usage=0x900
03-02 00:57:43.869 14885 18629 D SurfaceUtils: disconnecting from surface 0x6f9d394c10, reason disconnectFromSurface
03-02 00:57:43.869 14885 15423 D SurfaceView: 7374587 updateSurfacePosition RenderWorker, frameNr = 4, position = [0, 80, 1080, 2000] surfaceSize = 1080x1920
03-02 00:57:43.869 14885 15423 I SV[7374587 SplashActivity]: uSP: rtp = Rect(0, 80 - 1080, 2000) rtsw = 1080 rtsh = 1920
03-02 00:57:43.869 14885 15423 I SV[7374587 SplashActivity]: onSSPAndSRT: pl = 0 pt = 80 sx = 1.0 sy = 1.0
03-02 00:57:43.869 14885 15423 I SV[7374587 SplashActivity]: aOrMT: VRI[SplashActivity]@35f4eb8 t = android.view.SurfaceControl$Transaction@d0b0886 fN = 4 android.view.SurfaceView.-$$Nest$mapplyOrMergeTransaction:0 android.view.SurfaceView$SurfaceViewPositionUpdateListener.positionChanged:1932 android.graphics.RenderNode$CompositePositionUpdateListener.positionChanged:401
03-02 00:57:43.869 14885 15423 I VRI[SplashActivity]@35f4eb8: mWNT: t=0x6fe02aa480 mBlastBufferQueue=0x769b545000 fn= 4 HdrRenderState mRenderHdrSdrRatio=1.0 caller= android.view.SurfaceView.applyOrMergeTransaction:1863 android.view.SurfaceView.-$$Nest$mapplyOrMergeTransaction:0 android.view.SurfaceView$SurfaceViewPositionUpdateListener.positionChanged:1932
03-02 00:57:43.870 14885 16246 D AudioTrack: setVolume(1.000000, 1.000000) pid : 14885
03-02 00:57:43.870  1484  1921 E StreamHalAidl: Function: getPresentationPosition Line: 1037 Failed
03-02 00:57:43.871  1439  1620 D audio_sw_mixer: sw_mixer_wait_to_mix(), MIXER_PLAYBACK  , target T_PRIMARY    thread enter direct mode
03-02 00:57:43.873  3202  3386 I HoneySpace.TopTaskSource: onTaskFocusChanged(): taskId = 44543
03-02 00:57:43.873 14885 15780 I VRI[SplashActivity]@35f4eb8: mWNT: t=0x6fe02aa780 mBlastBufferQueue=0x769b545000 fn= 4 HdrRenderState mRenderHdrSdrRatio=1.0 caller= android.view.ViewRootImpl$10.onFrameDraw:6536 android.view.ViewRootImpl$4.onFrameDraw:2489 android.view.ThreadedRenderer$1.onFrameDraw:718
03-02 00:57:43.875  1507  1507 I SurfaceFlinger: RequestedLayer [Task=44543#147901] hidden!! flag  from(1) --> to(0)
03-02 00:57:43.876  2746  2746 I {OngoingActivityController}: onTaskFocusChanged but OA data is empty
03-02 00:57:43.878  2746  2798 I SurfaceControlRegistry: hide, t=FinishTransaction_SyncId<11309> sc=Task=44903, caller=android.view.SurfaceControl$Transaction.hide:3583 com.android.wm.shell.transition.Transitions.dispatchReady:1263 com.android.wm.shell.transition.Transitions.onTransitionReady:251 com.android.wm.shell.transition.Transitions$TransitionPlayerImpl$$ExternalSyntheticLambda0.run:13 android.os.Handler.handleCallback:995 android.os.Handler.dispatchMessage:103
03-02 00:57:43.878  2746  2798 I SurfaceControlRegistry: show, t=StartTransaction_SyncId<11309> sc=Task=44543, caller=android.view.SurfaceControl$Transaction.show:3557 com.android.wm.shell.transition.Transitions.dispatchReady:1279 com.android.wm.shell.transition.Transitions.onTransitionReady:251 com.android.wm.shell.transition.Transitions$TransitionPlayerImpl$$ExternalSyntheticLambda0.run:13 android.os.Handler.handleCallback:995 android.os.Handler.dispatchMessage:103
03-02 00:57:43.879  2746  2798 I SurfaceControlRegistry: show, t=FinishTransaction_SyncId<11309> sc=Task=44543, caller=android.view.SurfaceControl$Transaction.show:3557 com.android.wm.shell.transition.Transitions.dispatchReady:1330 com.android.wm.shell.transition.Transitions.onTransitionReady:251 com.android.wm.shell.transition.Transitions$TransitionPlayerImpl$$ExternalSyntheticLambda0.run:13 android.os.Handler.handleCallback:995 android.os.Handler.dispatchMessage:103
03-02 00:57:43.880  3202  3202 I HoneySpace.EdgePanel.CocktailHostRepositoryImpl: onNoteResume
03-02 00:57:43.881  2746  2798 I SurfaceControlRegistry: apply, t=FinishTransaction_SyncId<11308>, caller=android.view.SurfaceControl$Transaction.apply:3459 android.view.SurfaceControl$Transaction.apply:3447 android.view.SurfaceControl$Transaction.apply:3397 com.android.wm.shell.transition.Transitions.onFinish:315 com.android.wm.shell.transition.Transitions$$ExternalSyntheticLambda7.onTransitionFinished:12 com.android.wm.shell.transition.DefaultTransitionHandler$$ExternalSyntheticLambda6.run:36
03-02 00:57:43.882  3202  3202 I HoneySpace.EdgePanel.EdgePanelContainerViewModel: cocktailHostRepository.edgePanelOperation NoteResumeComponent(componentName=ComponentInfo{com.zhiliaoapp.musically/com.ss.android.ugc.aweme.main.MainActivity})
03-02 00:57:43.882  3202  3202 I HoneySpace.EdgePanel.ActivityUtils: HomePackage : com.sec.android.app.launcher, resumePackageName : com.zhiliaoapp.musically, className : com.ss.android.ugc.aweme.main.MainActivity
03-02 00:57:43.884 17121 17121 I VRI[ComponentActivity]@3ddc5f5: handleAppVisibility mAppVisible = true visible = false
03-02 00:57:43.885 17121 17121 D VRI[ComponentActivity]@3ddc5f5: visibilityChanged oldVisibility=true newVisibility=false
03-02 00:57:43.886  1507  1507 I SurfaceFlinger: RequestedLayer [7086fb SurfaceView[com.zhiliaoapp.mu[...]weme.splash.SplashActivity]@0#156838] hidden!! flag  from(1) --> to(0)
03-02 00:57:43.886  1507  1507 I SurfaceFlinger: RequestedLayer [Background for 7086fb SurfaceView[co[...]weme.splash.SplashActivity]@0#156840] hidden!! flag  from(1) --> to(0)
03-02 00:57:43.886  1507  1507 I SurfaceFlinger: RequestedLayer [Task=44902#156798] hidden!! flag  from(0) --> to(1)
03-02 00:57:43.886  1507  1507 I SurfaceFlinger: [LayerHierarchy{RequestedLayerState{Task=44902#156798 parentId=10 z=41} 1 children}] reparent to LayerHierarchy{RequestedLayerState{DefaultTaskDisplayArea_d0#10 parentId=9} 47 children}
03-02 00:57:43.886  1507  1507 I SurfaceFlinger: [LayerHierarchy{RequestedLayerState{Task=44903#156812 parentId=10 z=42} 2 children}] reparent to LayerHierarchy{RequestedLayerState{DefaultTaskDisplayArea_d0#10 parentId=9} 48 children}
03-02 00:57:43.886  1507  1507 I SurfaceFlinger: [LayerHierarchy{RequestedLayerState{DimTransitionLayer for Surface(name=Task=44903)/@0xc60b4d8#156821 z=-1} no children}] reparent to OffscreenRoot
03-02 00:57:43.886  1507  1507 I SurfaceFlinger: [LayerHierarchy{RequestedLayerState{DimTransitionLayer for Surface(name=Task=44903)/@0xc60b4d8#156821 z=-1} no children}] RelativeParent to null
03-02 00:57:43.886  1507  1507 I SurfaceFlinger: [LayerHierarchy{RequestedLayerState{Transition Root: Task=44903#156820 z=42} no children}] reparent to OffscreenRoot
03-02 00:57:43.886  1507  1507 I SurfaceFlinger: [LayerHierarchy{RequestedLayerState{Transition Root: Task=44903#156820 z=42} no children}] RelativeParent to null
03-02 00:57:43.886  1507  1507 I SurfaceFlinger: [LayerHierarchy{RequestedLayerState{7086fb SurfaceView[com.zhiliaoapp.musically/com.ss.android.ugc.aweme.splash.SplashActivity]@0#156831 z=-2} 2 children}] reparent to OffscreenRoot
03-02 00:57:43.886  1507  1507 I SurfaceFlinger: [LayerHierarchy{RequestedLayerState{7086fb SurfaceView[com.zhiliaoapp.musically/com.ss.android.ugc.aweme.splash.SplashActivity]@0#156831 z=-2} 2 children}] RelativeParent to null
03-02 00:57:43.886  1507  1507 I SurfaceFlinger: [LayerHierarchy{RequestedLayerState{7086fb SurfaceView[com.zhiliaoapp.musically/com.ss.android.ugc.aweme.splash.SplashActivity]@0(BLAST)#156832} no children}] reparent to OffscreenRoot
03-02 00:57:43.886  1507  1507 I SurfaceFlinger: [LayerHierarchy{RequestedLayerState{7086fb SurfaceView[com.zhiliaoapp.musically/com.ss.android.ugc.aweme.splash.SplashActivity]@0(BLAST)#156832} no children}] RelativeParent to null
03-02 00:57:43.886  1507  1507 I SurfaceFlinger: [LayerHierarchy{RequestedLayerState{Background for 7086fb SurfaceView[com.zhiliaoapp.musically/com.ss.android.ugc.aweme.splash.SplashActivity]@0#156833 z=-2147483648} no children}] reparent to OffscreenRoot
03-02 00:57:43.887  1507  1507 I SurfaceFlinger: [LayerHierarchy{RequestedLayerState{Background for 7086fb SurfaceView[com.zhiliaoapp.musically/com.ss.android.ugc.aweme.splash.SplashActivity]@0#156833 z=-2147483648} no children}] RelativeParent to null
03-02 00:57:43.887  1507  1507 I SurfaceFlinger: [LayerHierarchy{RequestedLayerState{7086fb SurfaceView[com.zhiliaoapp.musically/com.ss.android.ugc.aweme.splash.SplashActivity]@0#156838 parentId=156827 relativeParentId=156824 z=-2} 2 children}] RelativeParent to LayerHierarchy{RequestedLayerState{com.zhiliaoapp.musically/com.ss.android.ugc.aweme.splash.SplashActivity$_14885#156824 parentId=155210} 6 children}
03-02 00:57:43.887  1507  1507 I SurfaceFlinger: [LayerHierarchy{RequestedLayerState{Background for 7086fb SurfaceView[com.zhiliaoapp.musically/com.ss.android.ugc.aweme.splash.SplashActivity]@0#156840 parentId=156838 relativeParentId=156824 z=-2147483648} no children}] RelativeParent to LayerHierarchy{RequestedLayerState{com.zhiliaoapp.musically/com.ss.android.ugc.aweme.splash.SplashActivity$_14885#156824 parentId=155210} 7 children}
03-02 00:57:43.890 17121 17389 D HWUI    : endAllActiveAnimators on 0xb400007867aeb000 (UnprojectedRipple) with handle 0xb40000786779b7a0
03-02 00:57:43.890 17121 17389 D HWUI    : CacheManager::trimMemory(20)
03-02 00:57:43.891  2746  2798 I SurfaceControlRegistry: show, t=StartTransaction_SyncId<11309> sc=Transition Root: Task=44543, caller=android.view.SurfaceControl$Transaction.show:3557 com.android.wm.shell.transition.Transitions.playTransition:79 com.android.wm.shell.transition.Transitions.processReadyQueue:239 com.android.wm.shell.transition.Transitions.onFinish:528 com.android.wm.shell.transition.Transitions$$ExternalSyntheticLambda7.onTransitionFinished:12 com.android.wm.shell.transition.DefaultTransitionHandler$$ExternalSyntheticLambda6.run:36
03-02 00:57:43.891  2013  4844 I WindowManager: Relayout Window{7eb3ed9 u0 com.podcast.app.debug/androidx.activity.ComponentActivity}: viewVisibility=8 req=1080x2340 ty=1 d0
03-02 00:57:43.891  1507  1507 I SurfaceFlinger: onHandleDestroyed: layerId=156821, name=DimTransitionLayer for Surface(name=Task=44903)/@0xc60b4d8#156821
03-02 00:57:43.891  1507  1507 I SurfaceFlinger: id=156821 Removed DimTransitionLayer for Surface(name=Task=44903)/@0xc60b4d8#156821 (336)
03-02 00:57:43.891  1507  1507 I SurfaceFlinger: onHandleDestroyed: layerId=156820, name=Transition Root: Task=44903#156820
03-02 00:57:43.892  1507  1507 I SurfaceFlinger: id=156820 Removed Transition Root: Task=44903#156820 (336)
03-02 00:57:43.893  1507  1563 I SurfaceFlinger: id=156842 createSurf, flag=20004, DimTransitionLayer for Surface(name=Task=44903)/@0xbbd3f9b#156842
03-02 00:57:43.894  2013  4844 I WindowManager: Relayout hash=7eb3ed9, pid=17121, syncId=-1: mAttrs={(0,0)(fillxfill) sim={adjust=pan forwardNavigation} layoutInDisplayCutoutMode=always ty=BASE_APPLICATION wanim=0x1030317
03-02 00:57:43.894  2013  4844 I WindowManager:   fl=81810100
03-02 00:57:43.894  2013  4844 I WindowManager:   pfl=100088c0
03-02 00:57:43.894  2013  4844 I WindowManager:   bhv=1
03-02 00:57:43.894  2013  4844 I WindowManager:   fitSides=0
03-02 00:57:43.894  2013  4844 I WindowManager:   frameRateBoostOnTouch=true
03-02 00:57:43.894  2013  4844 I WindowManager:   dvrrWindowFrameRateHint=true naviIconColor=0}
03-02 00:57:43.895  1439  1902 W audio_sw_mixer: sw_mixer_mix_fp_direct_write(-),   MIXER_PLAYBACK  , path T_DEEP=>T_PRIMARY   , size_out 16384, rb     0, latency/total: 42.666/45.119 (21.698+0.001+23.420) ms
03-02 00:57:43.894  2746  2798 I SurfaceControlRegistry: show, t=StartTransaction_SyncId<11309> sc=DimTransitionLayer for Surface(name=Task=44903)/@0xbbd3f9b, caller=android.view.SurfaceControl$Transaction.show:3557 com.android.wm.shell.transition.DefaultTransitionHandler.startAnimation:2837 com.android.wm.shell.transition.Transitions.dispatchTransition:90 com.android.wm.shell.transition.Transitions.playTransition:774 com.android.wm.shell.transition.Transitions.processReadyQueue:239 com.android.wm.shell.transition.Transitions.onFinish:528
03-02 00:57:43.895  1484  1921 D AudioFlinger: mixer(0xb40000706662d000) throttle end: throttle time(18)
03-02 00:57:43.896  2013  2067 D PhoneWindowManager: handleKeyGestureEvent, type=1001 keyguardOn=false displayId=0
03-02 00:57:43.896  1507  1507 D SurfaceFlinger: Display 4627039422300187648 HWC layers:
03-02 00:57:43.896  1507  1507 D SurfaceFlinger:        DEVICE |           75299366633600 | 00002102 | RGBA_8888    |    0.0    0.0 1080.0 2340.0 |    0    0 1080 2340 | com.podcast.app.debug.test/androidx.[...]yInvoker$EmptyActivity$_17532#156817 (1)
03-02 00:57:43.896  1507  1507 D SurfaceFlinger:        DEVICE |           11793980283841 | 00002100 | RGBA_8888    |    0.0    0.0 1080.0 2340.0 |    0    0 1080 2340 | Splash Screen com.podcast.app.debug.test$_2746#156815 (1)
03-02 00:57:43.896  1507  1507 D SurfaceFlinger:        DEVICE |           11793980281879 | 00002100 | RGBA_8888    |    0.0    0.0 1080.0   80.0 |    0    0 1080   80 | StatusBar$_2746#117 (211233)
03-02 00:57:43.896  1507  1507 D SurfaceFlinger:        DEVICE |           13752485304097 | 00002100 | RGBA_8888    |    0.0    0.0   67.0  346.0 | 1013  454 1080  800 | com.sec.android.app.launcher/com.sam[...].app.CocktailBarService$_3202#152779 (1)
03-02 00:57:43.896  1507  1507 D SurfaceFlinger:        DEVICE |           11793980281853 | 00002100 | RGBA_8888    |    0.0    0.0 1080.0  135.0 |    0 2205 1080 2340 | NavigationBar0$_2746#113 (188257)
03-02 00:57:43.896  1507  1507 D SurfaceFlinger:
03-02 00:57:43.898  1507  1507 I SurfaceFlinger: destroyed DimTransitionLayer for Surface(name=Task=44903)/@0xc60b4d8#156821
03-02 00:57:43.898  1507  1507 I SurfaceFlinger: destroyed Transition Root: Task=44903#156820
03-02 00:57:43.898  1507  1507 I SurfaceFlinger: [DimTransitionLayer for Surface(name=Task=44903)/@0xbbd3f9b#156842] attach to parent LayerHierarchy{RequestedLayerState{Transition Root: Task=44543#156837 parentId=10} 1 children}
03-02 00:57:43.899 17121 17121 I VRI[ComponentActivity]@3ddc5f5: Relayout returned: old=(0,0,1080,2340) new=(0,0,1080,2340) relayoutAsync=false req=(1080,2340)8 dur=8 res=0x2 s={false 0x0} ch=true seqId=0
03-02 00:57:43.899 17121 17121 D VRI[ComponentActivity]@3ddc5f5: Not drawing due to not visible. Reason=!mAppVisible && !mForceDecorViewVisibility
03-02 00:57:43.900  1507  1563 I SurfaceFlinger: onHandleDestroyed: layerId=156833, name=Background for 7086fb SurfaceView[com.zhiliaoapp.musically/com.ss.android.ugc.aweme.splash.SplashActivity]@0#156833
03-02 00:57:43.900  1507  1562 I SurfaceFlinger: onHandleDestroyed: layerId=156831, name=7086fb SurfaceView[com.zhiliaoapp.musically/com.ss.android.ugc.aweme.splash.SplashActivity]@0#156831
03-02 00:57:43.900  1507  1562 I SurfaceFlinger: id=156831 Removed 7086fb SurfaceView[com.zhiliaoapp.musically/com.ss.android.ugc.aweme.splash.SplashActivity]@0#156831 (337)
03-02 00:57:43.900  1507  1563 I SurfaceFlinger: id=156833 Removed Background for 7086fb SurfaceView[com.zhiliaoapp.musically/com.ss.android.ugc.aweme.splash.SplashActivity]@0#156833 (337)
03-02 00:57:43.902  1507  1507 I Layer   : id=156820 Destroyed Transition Root: Task=44903#156820
03-02 00:57:43.902  1507  1507 I Layer   : id=156821 Destroyed DimTransitionLayer for Surface(name=Task=44903)/@0xc60b4d8#156821
03-02 00:57:43.902  1507  1563 I SurfaceFlinger: onHandleDestroyed: layerId=156832, name=7086fb SurfaceView[com.zhiliaoapp.musically/com.ss.android.ugc.aweme.splash.SplashActivity]@0(BLAST)#156832
03-02 00:57:43.902  1507  1563 I SurfaceFlinger: id=156832 Removed 7086fb SurfaceView[com.zhiliaoapp.musically/com.ss.android.ugc.aweme.splash.SplashActivity]@0(BLAST)#156832 (335)
03-02 00:57:43.903  2746  2798 I SurfaceControlRegistry: apply, t=StartTransaction_SyncId<11309>, caller=android.view.SurfaceControl$Transaction.apply:3459 android.view.SurfaceControl$Transaction.apply:3447 android.view.SurfaceControl$Transaction.apply:3397 com.android.wm.shell.transition.DefaultTransitionHandler.startAnimation:3292 com.android.wm.shell.transition.Transitions.dispatchTransition:90 com.android.wm.shell.transition.Transitions.playTransition:774
03-02 00:57:43.908 17121 17137 I BLASTBufferQueue: [VRI[ComponentActivity]@3ddc5f5#36](f:0,a:1,s:0) destructor()
03-02 00:57:43.908  1507  1507 I SurfaceFlinger: RequestedLayer [com.podcast.app.debug/androidx.activity.ComponentActivity$_17121#156803] hidden!! flag  from(0) --> to(1)
03-02 00:57:43.908  1507  1507 I SurfaceFlinger: RequestedLayer [ActivityRecord{73434299 u0 com.podca[...]ity.ComponentActivity t44902}#156799] hidden!! flag  from(0) --> to(1)
03-02 00:57:43.908 17121 17137 D BufferQueueConsumer: [VRI[ComponentActivity]@3ddc5f5#36(BLAST Consumer)36](id:42e100000024,api:0,p:-1,c:17121) disconnect
03-02 00:57:43.908  1507  1507 I SurfaceFlinger: RequestedLayer [com.zhiliaoapp.musically/com.ss.andr[...].splash.SplashActivity$_14885#156824] hidden!! flag  from(1) --> to(0)
03-02 00:57:43.908  1507  1507 I SurfaceFlinger: RequestedLayer [Transition Root: Task=44543#156837] hidden!! flag  from(1) --> to(0)
03-02 00:57:43.908  1507  1507 I SurfaceFlinger: RequestedLayer [ActivityRecord{2751228 u0 com.zhilia[...]splash.SplashActivity t44543}#147902] hidden!! flag  from(1) --> to(0)
03-02 00:57:43.908  1507  1507 I SurfaceFlinger: RequestedLayer [DimTransitionLayer for Surface(name=Task=44903)/@0xbbd3f9b#156842] hidden!! flag  from(1) --> to(0)
03-02 00:57:43.908  1507  1507 E SurfaceFlinger: alpha changed 1.000 -> 0.000 - DimTransitionLayer for Surface(name=Task=44903)/@0xbbd3f9b#156842
03-02 00:57:43.908  1507  1507 E SurfaceFlinger: alpha changed 0.000 -> 0.180 - DimTransitionLayer for Surface(name=Task=44903)/@0xbbd3f9b#156842
03-02 00:57:43.908  1507  1507 I SurfaceFlinger: destroyed 7086fb SurfaceView[com.zhiliaoapp.musically/com.ss.android.ugc.aweme.splash.SplashActivity]@0#156831
03-02 00:57:43.908  1507  1507 I SurfaceFlinger: destroyed 7086fb SurfaceView[com.zhiliaoapp.musically/com.ss.android.ugc.aweme.splash.SplashActivity]@0(BLAST)#156832
03-02 00:57:43.908  1507  1507 I SurfaceFlinger: destroyed Background for 7086fb SurfaceView[com.zhiliaoapp.musically/com.ss.android.ugc.aweme.splash.SplashActivity]@0#156833
03-02 00:57:43.908  1507  1507 I SurfaceFlinger: [LayerHierarchy{RequestedLayerState{Task=44543#147901 parentId=156837 z=3} 1 children}] reparent to LayerHierarchy{RequestedLayerState{Transition Root: Task=44543#156837 parentId=10 z=42} 2 children}
03-02 00:57:43.908 17121 17121 I VRI[ComponentActivity]@3ddc5f5: stopped(true) old = false
03-02 00:57:43.908 17121 17121 D VRI[ComponentActivity]@3ddc5f5: WindowStopped on com.podcast.app.debug/androidx.activity.ComponentActivity set to true
03-02 00:57:43.908  1507  1507 I SurfaceFlinger: [LayerHierarchy{RequestedLayerState{Task=44903#156812 parentId=156837 z=4} 1 children}] reparent to LayerHierarchy{RequestedLayerState{Transition Root: Task=44543#156837 parentId=10 z=42} 3 children}
03-02 00:57:43.908  1507  1507 I SurfaceFlinger: [LayerHierarchy{RequestedLayerState{DimTransitionLayer for Surface(name=Task=44903)/@0xbbd3f9b#156842 parentId=156837 relativeParentId=156812 z=-1} no children}] RelativeParent to LayerHierarchy{RequestedLayerState{Task=44903#156812 parentId=156837 z=4} 2 children}
03-02 00:57:43.909 17121 17389 D HWUI    : CacheManager::trimMemory(20)
03-02 00:57:43.912  3202  3977 I HoneySpace.RecentTasks: onRecentTasksChanged
03-02 00:57:43.914  1507  1507 I Layer   : id=156831 Destroyed 7086fb SurfaceView[com.zhiliaoapp.musically/com.ss.android.ugc.aweme.splash.SplashActivity]@0#156831
03-02 00:57:43.914  1507  1507 I Layer   : id=156832 Destroyed 7086fb SurfaceView[com.zhiliaoapp.musically/com.ss.android.ugc.aweme.splash.SplashActivity]@0(BLAST)#156832
03-02 00:57:43.914  1507  1507 I Layer   : id=156833 Destroyed Background for 7086fb SurfaceView[com.zhiliaoapp.musically/com.ss.android.ugc.aweme.splash.SplashActivity]@0#156833
03-02 00:57:43.915  2013  4829 W system_server: Large reply transaction of 322012 bytes, interface descriptor android.app.IActivityTaskManager, code 26
03-02 00:57:43.917 17121 17121 D LifecycleMonitor: Lifecycle status change: androidx.activity.ComponentActivity@80c0ba6 in: STOPPED
03-02 00:57:43.917  1507  1563 I SurfaceFlinger: id=156843 createSurf, flag=24000, Surface(name=d03a917 com.podcast.app.debug.test/androidx.test.core.app.InstrumentationActivityInvoker$EmptyActivity)/@0xef991c7 - animation-leash of starting_reveal#156843
03-02 00:57:43.917 17121 17121 V ActivityScenario: Update currentActivityStage to STOPPED, currentActivity=androidx.activity.ComponentActivity@80c0ba6
03-02 00:57:43.919  2013  2065 D PkgPredictorService-SecIpmManagerServiceImpl: bg information pid:17121 uid:10685 pkgName:com.podcast.app.debug
03-02 00:57:43.919  1507  1507 I SurfaceFlinger: [Surface(name=d03a917 com.podcast.app.debug.test/androidx.test.core.app.InstrumentationActivityInvoker$EmptyActivity)/@0xef991c7 - animation-leash of starting_reveal#156843] attach to parent LayerHierarchy{RequestedLayerState{ActivityRecord{218175258 u0 com.podcast.app.debug.test/androidx.test.core.app.InstrumentationActivityInvoker$EmptyActivity t44903}#156813 parentId=156812} 4 children}
03-02 00:57:43.920  2013  2731 D InputDispatcher: Focus entered window (0): cd2d6b5 com.zhiliaoapp.musically/com.ss.android.ugc.aweme.splash.SplashActivity
03-02 00:57:43.920 14885 14885 D VRI[SplashActivity]@35f4eb8: mThreadedRenderer.initializeIfNeeded()#2 mSurface={isValid=true 0x744f47c400}
03-02 00:57:43.921  2013  2305 I InputDispatcher: Delivering key to (14885): VU action: 0x0 (0), f=0x8, m=0x0, d=0, 'cd2d6b5'
03-02 00:57:43.921 14885 14885 I System.out: SAFActivity V Scene Framework: NavigationSceneManager onWindowFocusChanged true
03-02 00:57:43.921 14885 14885 I System.out: SAFFragmentRootScene: onWindowFocusChanged: com.ss.android.ugc.aweme.main.MainRootFragment, MainRootFragment{e89d275} (8a90a2f7-f51b-4f8d-88b5-38e0125851ad tag=root_fragment), true (SAFFragmentRootScene{79e191c})
03-02 00:57:43.921  2013  2305 D PhoneWindowManager: interceptKeyTi keyCode=24 action=1 repeatCount=0 keyguardOn=false canceled=false
03-02 00:57:43.921  2013  2305 D PhoneWindowManagerExt: interceptKeyTi code=24 down=false repeatCount=0 displayId=-1 interactive=true
03-02 00:57:43.923 14885 14885 D InputMethodManagerUtils: startInputInner - Id : 0
03-02 00:57:43.923 14885 14885 I InputMethodManager: startInputInner - IInputMethodManagerGlobalInvoker.startInputOrWindowGainedFocus
03-02 00:57:43.923  1450 19138 I mtkpower_client: perf_lock_rel, hdl:76803, pid: 1450, tid:19138
03-02 00:57:43.923  1450 19138 I mtkpower_client: perf_lock_acq, hdl:0, dur:0, num:2, pid:1450, tid:19138
03-02 00:57:43.924  1464  1529 I libPowerHal: [perfLockRel] hdl:76803, idx:2
03-02 00:57:43.925  1464  1529 I libPowerHal: [set_cpuidle] enable:1, fd:17, scn:0xb40000737b607270
03-02 00:57:43.925  1464  1529 I libPowerHal: [PD] vendor.samsung. update cmd:1c3c100 param:1 pr:6
03-02 00:57:43.925  1464  1529 I libPowerHal: [perfLockRel] Done for hdl : 76803
03-02 00:57:43.925 14885 14885 I VRI[SplashActivity]@35f4eb8: ViewPostIme key 0
03-02 00:57:43.925 14885 14885 I System.out: SAFFragmentRootScene: onActivityKeyDown Start (SAFFragmentRootScene{79e191c})
03-02 00:57:43.926  1450 19138 I mtkpower_client: ret_hdl:76805
03-02 00:57:43.926  1450 19138 I mtkpower_client: perf_lock_rel, hdl:76804, pid: 1450, tid:19138
03-02 00:57:43.926  2013  4835 D MediaSessionService: dispatchVolumeKeyEvent, pkg=com.zhiliaoapp.musically, opPkg=com.zhiliaoapp.musically, pid=14885, uid=10350, asSystem=true, event=KeyEvent { action=ACTION_DOWN, keyCode=KEYCODE_VOLUME_UP, scanCode=115, metaState=0, flags=0x8, repeatCount=0, eventTime=491142553674000, downTime=491142553674000, deviceId=2, source=0x101, displayId=-1 }, stream=-2147483648, musicOnly=false
03-02 00:57:43.926  1464  1529 I libPowerHal: [perfLockAcq] idx:8 hdl:76805 hint:-1 pid:1450 tid:19138 duration:0 lock_user:vendor.samsung. => ret_hdl:76805
03-02 00:57:43.926  1464  1529 I libPowerHal: [set_cpuidle] enable:0, fd:17, scn:0xb40000737b61a740
03-02 00:57:43.926  1464  1529 I libPowerHal: [get_cpu_dma_latency_value] 0
03-02 00:57:43.926  1464  1529 I libPowerHal: [PE] vendor.samsung. update cmd:1c3c100 param:0 pr:3
03-02 00:57:43.926  1464  1529 I libPowerHal: [perfLockAcq] Done for hdl : 76805
03-02 00:57:43.926  2013  4835 D MediaSessionService: Adjusting suggestedStream=-2147483648 by 1. flags=4113, preferSuggestedStream=false, session=null
03-02 00:57:43.927  1450 19138 I mtkpower_client: perf_lock_acq, hdl:0, dur:0, num:2, pid:1450, tid:19138
03-02 00:57:43.927  1445  2902 W C2MtkBufferManager: [0xB4000070F507E520] fetchNewCcBlock: wait fence 0x0xb4000070f5058270 timed out. ret 110
03-02 00:57:43.927  1464  1529 I libPowerHal: [perfLockRel] hdl:76804, idx:6
03-02 00:57:43.927  2013  2305 I InputDispatcher: Delivering key to (14885): VU action: 0x1 (0), f=0x8, m=0x0, d=0, 'cd2d6b5'
03-02 00:57:43.928 14885 14885 I VRI[SplashActivity]@35f4eb8: ViewPostIme key 1
03-02 00:57:43.928  1464  1529 I libPowerHal: [PD] vendor.samsung. update cmd:1000000 param:-1 pr:6
03-02 00:57:43.928  1464  1529 I libPowerHal: [perfLockRel] Done for hdl : 76804
03-02 00:57:43.929  1450 19138 I mtkpower_client: ret_hdl:76806
03-02 00:57:43.929  2013  4829 D MediaSessionService: dispatchVolumeKeyEvent, pkg=com.zhiliaoapp.musically, opPkg=com.zhiliaoapp.musically, pid=14885, uid=10350, asSystem=true, event=KeyEvent { action=ACTION_UP, keyCode=KEYCODE_VOLUME_UP, scanCode=115, metaState=0, flags=0x8, repeatCount=0, eventTime=491142717774000, downTime=491142553674000, deviceId=2, source=0x101, displayId=-1 }, stream=-2147483648, musicOnly=false
03-02 00:57:43.929  2013  4829 D MediaSessionService: Adjusting suggestedStream=-2147483648 by 0. flags=4116, preferSuggestedStream=false, session=null
03-02 00:57:43.929  1450 19138 I HYPER-HAL: [RequestManager.cpp]releaseLocked(): Released ID : 2063514
03-02 00:57:43.929  2013  2013 D AudioManager: adjustSuggestedStreamVolumeForUid : suggestedStreamType=-2147483648, direction=1 callers=MediaSessionService$SessionManagerImpl$3.run:56<-Handler.handleCallback:995<-Handler.dispatchMessage:103<-Looper.loopOnce:273<-Looper.loop:363
03-02 00:57:43.929  2013  2013 D AS.AudioService: adjustSuggestedStreamVolume() stream=-2147483648, flags=4113, caller=android, volControlStream=-1, userSelect=false
03-02 00:57:43.930  2013  2322 I ImeTracker: com.zhiliaoapp.musically:47c87c4a: onRequestHide at ORIGIN_SERVER reason HIDE_UNSPECIFIED_WINDOW fromUser false
03-02 00:57:43.930  1464  1529 I libPowerHal: [perfLockAcq] idx:2 hdl:76806 hint:-1 pid:1450 tid:19138 duration:0 lock_user:vendor.samsung. => ret_hdl:76806
03-02 00:57:43.930  1464  1529 I libPowerHal: [setDvfsrcDevFreqOpp] opp:0, freq:4266000000
03-02 00:57:43.930  1464  1529 I libPowerHal: [PE] vendor.samsung. update cmd:1000000 param:0 pr:3
03-02 00:57:43.930  1464  1529 I libPowerHal: [perfLockAcq] Done for hdl : 76806
03-02 00:57:43.933 14885 14885 I InputMethodManager: handleMessage: setImeVisibility visible=false
03-02 00:57:43.933 14885 14885 D InsetsController: hide(ime(), fromIme=false)
03-02 00:57:43.933 14885 14885 I ImeTracker: com.zhiliaoapp.musically:47c87c4a: onCancelled at PHASE_CLIENT_ALREADY_HIDDEN
03-02 00:57:43.936  2013  4829 W system_server: Large reply transaction of 322012 bytes, interface descriptor android.app.IActivityTaskManager, code 26
03-02 00:57:43.936  2013  2322 D InputTransport: Input channel constructed: 'ClientS', fd=1083
03-02 00:57:43.937 14885 15986 D InputTransport: Input channel constructed: 'ClientS', fd=626
03-02 00:57:43.937  5235  5235 I HBD     : HoneyBoardService onFinishInput
03-02 00:57:43.937  2013  2322 D InputTransport: Input channel destroyed: 'ClientS', fd=1083
03-02 00:57:43.937  1484  2000 V APM_AudioPolicyManager: getAudioPolicyConfig: audioParam;l_stream_active
03-02 00:57:43.939 17121 17121 D LifecycleMonitor: Lifecycle status change: androidx.activity.ComponentActivity@80c0ba6 in: DESTROYED
03-02 00:57:43.939 17121 17121 V ActivityScenario: Update currentActivityStage to DESTROYED, currentActivity=null
03-02 00:57:43.939  5235  5235 I HBD     : a IC have been unbinding,  RemoteInputConnection{idHash=#a1b9df3}
03-02 00:57:43.939  5235  5235 I HBD     : HoneyBoardService [PF_CL][onFinishInput]  2 ms
03-02 00:57:43.939  5235  5235 I HBD     : HoneyBoardService [IMI] onStartInput - caller pid : 14885 , caller uid : 10350
03-02 00:57:43.939  1507  1907 I SurfaceFlinger: id=156844 createSurf, flag=24004, Surface(name=2141cda InputMethod)/@0x5ea0b56 - animation-leash of insets_animation#156844
03-02 00:57:43.939  2013  2013 D AS.AudioService: adjustStreamVolume() stream=3, dir=1, flags=4113, caller=android
03-02 00:57:43.939  5235  5235 I HBD     : k updateConfigs
03-02 00:57:43.939  5235  5235 I HBD     : k isEnabledNightMode : true
03-02 00:57:43.939  5235  5235 I HBD     : a IC have been binding, RemoteInputConnection{idHash=#6dcbf86}
03-02 00:57:43.939  5235  5235 I HBD     : h [EditorInputType]setPrivateImeOptionsToTable privateImeOptions ( null )
03-02 00:57:43.940 17121 17121 W WindowOnBackDispatcher: sendCancelIfRunning: isInProgress=false callback=android.view.ViewRootImpl$$ExternalSyntheticLambda16@711cc71
03-02 00:57:43.940  2013  4843 I ImeTracker: system_server:805c08b5: onRequestHide at ORIGIN_SERVER reason IME_REQUESTED_CHANGED_LISTENER fromUser false
03-02 00:57:43.939  5235  5235 I HBD     : b incognitoMode : false
03-02 00:57:43.941  5235  5235 I HBD     : c needOff = true , isForceOff = false, isNullInputClass : true
03-02 00:57:43.941  5235  5235 I HBD     : h getDefaultInputRange : UNKNOWN
03-02 00:57:43.941  5235  5235 I HBD     : h getDefaultInputRange : UNKNOWN
03-02 00:57:43.941  5235  5235 I HBD     : h getDefaultInputRange : UNKNOWN
03-02 00:57:43.941  1507  1507 I SurfaceFlinger: [Surface(name=2141cda InputMethod)/@0x5ea0b56 - animation-leash of insets_animation#156844] attach to parent LayerHierarchy{RequestedLayerState{WindowToken{4048e94 type=2011 android.os.Binder@219c2e7}#143 parentId=15} 2 children}
03-02 00:57:43.944  1484  2000 V APM_AudioPolicyManager: getAudioPolicyConfig: audioParam;l_fmradio_record_active
03-02 00:57:43.944  2013  4829 W ParceledListSlice: Element #30 is 21544 bytes.
03-02 00:57:43.946  2013  2013 D AS.AudioService: updateVolumeGroupIndex for stream 10, muted=false, device=2, index=49, group AUDIO_STREAM_ACCESSIBILITY Muted=false, Index=5, forceMuteState=false
03-02 00:57:43.947 17121 17389 D HWUI    : CacheManager::trimMemory(20)
03-02 00:57:43.947 17121 17121 D ViewRootImpl: Skipping stats log for color mode
03-02 00:57:43.947 17121 17121 I VRI[ComponentActivity]@3ddc5f5: dispatchDetachedFromWindow
03-02 00:57:43.948  2013  2731 D InputTransport: Input channel destroyed: '7eb3ed9', fd=1074
03-02 00:57:43.948  2013  2013 D AS.AudioService: updateVolumeGroupIndex for stream 9, muted=false, device=2, index=42, group AUDIO_STREAM_TTS Muted=false, Index=4, forceMuteState=false
03-02 00:57:43.949  5235  5235 I HBD     : c needOff = true , isForceOff = false, isNullInputClass : true
03-02 00:57:43.949  5235  5235 I HBD     : c update cached prediction status : false
03-02 00:57:43.949  5235  5235 I HBD     : h getDefaultInputRange : UNKNOWN
03-02 00:57:43.949  5235  5235 I HBD     : a currentState : 0
03-02 00:57:43.949  2013  2013 D AS.AudioService: updateVolumeGroupIndex for stream 3, muted=false, device=2, index=42, group AUDIO_STREAM_MUSIC Muted=false, Index=4, forceMuteState=false
03-02 00:57:43.949  5235  5235 I HBD     : a [UpdatePolicy] [post] a: 0 cl: 65538 kit: [0/0] vt: 0 ir: 1
03-02 00:57:43.949  2013  2067 I ImeTracker: system_server:805c08b5: onCancelled at PHASE_SERVER_SHOULD_HIDE
03-02 00:57:43.950  2013  2600 D AS.AudioService: setStreamVolumeIndexAS(streamType=3, index=4, muted=false, device=2)
03-02 00:57:43.951  2746  2798 D ShellTaskOrganizer: removeStartingWindow, removalInfo=StartingWindowRemovalInfo{taskId=44903 frame=Rect(0, 0 - 1080, 2340) playRevealAnimation=true roundedCornerRadius=0.0 deferRemoveMode=0 windowlessSurface=false removeImmediately=false}
03-02 00:57:43.951  5235  5235 I HBD     : a [NRIC] resetNoResponseState
03-02 00:57:43.951  5235  5235 I HBD     : c needOff = true , isForceOff = false, isNullInputClass : true
03-02 00:57:43.951  5235  5235 I HBD     : c update cached prediction status : false
03-02 00:57:43.951  5235  5235 I HBD     : b [AiWriter] setContact : com.zhiliaoapp.musically
03-02 00:57:43.951 17121 17121 D InputTransport: Input channel destroyed: '7eb3ed9', fd=128
03-02 00:57:43.951  1507  1507 D SurfaceFlinger: Display 4627039422300187648 HWC layers:
03-02 00:57:43.951  1507  1507 D SurfaceFlinger:   SOLID_COLOR |                        0 | 00000002 | N/A          |    0.0    0.0    0.0    0.0 |    0    0   -1   -1 | Background for 68eb87 SurfaceView[co[...]weme.splash.SplashActivity]@0#156830 (0)
03-02 00:57:43.951  1507  1507 D SurfaceFlinger:   SOLID_COLOR |                        0 | 00000002 | N/A          |    0.0    0.0    0.0    0.0 |    0    0   -1   -1 | Background for 836459b SurfaceView[c[...]weme.splash.SplashActivity]@0#156836 (0)
03-02 00:57:43.951  1507  1507 D SurfaceFlinger:   SOLID_COLOR |                        0 | 00000002 | N/A          |    0.0    0.0    0.0    0.0 |    0   80  774 2000 | Background for 7086fb SurfaceView[co[...]weme.splash.SplashActivity]@0#156840 (0)
03-02 00:57:43.951  1507  1507 D SurfaceFlinger:        DEVICE |           63930588202276 | 00002100 | RGBA_8888    |  306.0    0.0 1080.0 2340.0 |    0    0  774 2340 | com.zhiliaoapp.musically/com.ss.andr[...].splash.SplashActivity$_14885#156824 (5)
03-02 00:57:43.951  1507  1507 D SurfaceFlinger:   SOLID_COLOR |                        0 | 00000000 | N/A          |    0.0    0.0    0.0    0.0 |    0    0 1080 2340 | DimTransitionLayer for Surface(name=Task=44903)/@0
03-02 00:57:43.951  1507  1507 D SurfaceFlinger: xbbd3f9b#156842 (0)
03-02 00:57:43.951  1507  1507 D SurfaceFlinger:        DEVICE |           75299366633600 | 00002102 | RGBA_8888    |    0.0    0.0  980.0 2340.0 |  100    0 1080 2340 | com.podcast.app.debug.test/androidx.[...]yInvoker$EmptyActivity$_17532#156817 (1)
03-02 00:57:43.951  1507  1507 D SurfaceFlinger:        DEVICE |           11793980283841 | 00002100 | RGBA_8888    |    0.0    0.0  980.0 2340.0 |  100    0 1080 2340 | Splash Screen com.podcast.app.debug.test$_2746#156815 (1)
03-02 00:57:43.951  1507  1507 D SurfaceFlinger:        DEVICE |           11793980281878 | 00002100 | RGBA_8888    |    0.0    0.0 1080.0   80.0 |    0    0 1080   80 | StatusBar$_2746#117 (211238)
03-02 00:57:43.951  1507  1507 D SurfaceFlinger:        DEVICE |           13752485304097 | 00002100 | RGBA_8888    |    0.0    0.0   67.0  346.0 | 1013  454 1080  800 | com.sec.android.app.launcher/com.sam[...].app.CocktailBarService$_3202#152779 (1)
03-02 00:57:43.951  1507  1507 D SurfaceFlinger:        DEVICE |           11793980281867 | 00002100 | RGBA_8888    |    0.0    0.0 1080.0  135.0 |    0 2205 1080 2340 | NavigationBar0$_2746#113 (188262)
03-02 00:57:43.951  1507  1507 D SurfaceFlinger:
03-02 00:57:43.952  5235  5235 I HBD     : a [AiWriter] setContact : com.zhiliaoapp.musically
03-02 00:57:43.952  5235  5235 I HBD     : o0 EBD si S 0
03-02 00:57:43.952  5235  5235 I HBD     : r updateContactDBLanguage : 65538
03-02 00:57:43.953  5235  5235 I HBD     : g isCoverDisplay : false, cached selected json info : SelectedLanguageInfo(languageVersion=4.2, currentLanguageOrder=0, selectedLanguageList=[SelectedLanguage(id=65538, isUsed=true, engName=English, inputType=qwerty, activeOptionList=[auto_replace, auto_spacing, writing_assistant, prediction], bilingualId=-1), SelectedLanguage(id=5308416, isUsed=true, engName=Arabic, inputType=qwerty, activeOptionList=[auto_replace, auto_spacing, prediction], bilingualId=-1)])
03-02 00:57:43.953  5235  5235 I HBD     : g updateSelectedLanguageCache is succeeded. English
03-02 00:57:43.953  2013  2600 D AS.AudioService: setStreamVolumeIndexAS(streamType=3, index=4, muted=false, device=1)
03-02 00:57:43.953  2013  2600 D AS.AudioService: setStreamVolumeIndexAS(streamType=10, index=4, muted=false, device=2)
03-02 00:57:43.954  5235  5235 I HBD     : l writeToFile path : /data/user/0/com.samsung.android.honeyboard/files/selected.json
03-02 00:57:43.954  2013  2013 D AudioManager: adjustSuggestedStreamVolumeForUid : suggestedStreamType=-2147483648, direction=0 callers=MediaSessionService$SessionManagerImpl$3.run:56<-Handler.handleCallback:995<-Handler.dispatchMessage:103<-Looper.loopOnce:273<-Looper.loop:363
03-02 00:57:43.954  5235  5235 I HBD     : l writeToFile json : {"version":"4.2","currentLanguageOrder":0,"selected":[{"activeOptionList":["auto_replace","auto_spacing","writing_assistant","prediction"],"bilingualId":-1,"engName":"English","id":65538,"inputType":"qwerty","isUsed":true},{"activeOptionList":["auto_replace","auto_spacing","prediction"],"bilingualId":-1,"engName":"Arabic","id":5308416,"inputType":"qwerty","isUsed":true}]}
