03-02 00:57:38.226 17121 17305 I TestRunner: started: languageDialog_cancel_button_is_visible(com.podcast.app.ui.SettingsScreenTest)
03-02 00:57:38.226  3202  3977 I HoneySpace.RecentTasks: onRunningTaskVanished
03-02 00:57:38.226  3202  3977 I HoneySpace.RecentTasks: onRecentTasksChanged
03-02 00:57:38.227  1507  1507 I SurfaceFlinger: RequestedLayer [Surface(name=2141cda InputMethod)/@0[...]ion-leash of insets_animation#156637] hidden!! flag  from(1) --> to(0)
03-02 00:57:38.227  1507  1507 E SurfaceFlinger: alpha changed 1.000 -> 0.000 - Surface(name=2141cda InputMethod)/@0x5ea0b56 - animation-leash of insets_animation#156637
03-02 00:57:38.227  1507  1507 I SurfaceFlinger: RequestedLayer [Surface(name=2141cda InputMethod)/@0[...]ion-leash of insets_animation#156638] hidden!! flag  from(1) --> to(0)
03-02 00:57:38.227  1507  1507 E SurfaceFlinger: alpha changed 1.000 -> 0.000 - Surface(name=2141cda InputMethod)/@0x5ea0b56 - animation-leash of insets_animation#156638
03-02 00:57:38.227  1507  1507 I SurfaceFlinger: [LayerHierarchy{RequestedLayerState{ImeContainer#15 parentId=147902 relativeParentId=155210 z=1} 1 children}] reparent to LayerHierarchy{RequestedLayerState{ActivityRecord{2751228 u0 com.zhiliaoapp.musically/com.ss.android.ugc.aweme.splash.SplashActivity t44543}#147902 parentId=147901} 3 children}
03-02 00:57:38.227  1507  1507 I SurfaceFlinger: [LayerHierarchy{RequestedLayerState{ImeContainer#15 parentId=147902 relativeParentId=155210 z=1} 1 children}] RelativeParent to LayerHierarchy{RequestedLayerState{cd2d6b5 com.zhiliaoapp.musically/com.ss.android.ugc.aweme.splash.SplashActivity#155210 parentId=147902} 2 children}
03-02 00:57:38.227  1507  1507 I SurfaceFlinger: [LayerHierarchy{RequestedLayerState{2141cda InputMethod#159 parentId=156638} no children}] reparent to LayerHierarchy{RequestedLayerState{Surface(name=2141cda InputMethod)/@0x5ea0b56 - animation-leash of insets_animation#156638 parentId=143} 1 children}
03-02 00:57:38.227  1507  1507 I SurfaceFlinger: [LayerHierarchy{RequestedLayerState{ActivityRecord{226246986 u0 com.podcast.app.debug/androidx.activity.ComponentActivity t44894}#156595} 2 children}] reparent to OffscreenRoot
03-02 00:57:38.227  1507  1507 I SurfaceFlinger: [LayerHierarchy{RequestedLayerState{ActivityRecord{226246986 u0 com.podcast.app.debug/androidx.activity.ComponentActivity t44894}#156595} 2 children}] RelativeParent to null
03-02 00:57:38.227  1507  1507 I SurfaceFlinger: [LayerHierarchy{RequestedLayerState{Task=44894#156594 z=40} no children}] reparent to OffscreenRoot
03-02 00:57:38.227  1507  1507 I SurfaceFlinger: [LayerHierarchy{RequestedLayerState{Task=44894#156594 z=40} no children}] RelativeParent to null
03-02 00:57:38.227  1507  1507 I SurfaceFlinger: [LayerHierarchy{RequestedLayerState{Surface(name=2141cda InputMethod)/@0x5ea0b56 - animation-leash of insets_animation#156607} no children}] reparent to OffscreenRoot
03-02 00:57:38.227  1507  1507 I SurfaceFlinger: [LayerHierarchy{RequestedLayerState{Surface(name=2141cda InputMethod)/@0x5ea0b56 - animation-leash of insets_animation#156607} no children}] RelativeParent to null
03-02 00:57:38.227  1507  1507 I SurfaceFlinger: [LayerHierarchy{RequestedLayerState{79a6976 com.podcast.app.debug/androidx.activity.ComponentActivity#156598} 1 children}] reparent to OffscreenRoot
03-02 00:57:38.227  1507  1507 I SurfaceFlinger: [LayerHierarchy{RequestedLayerState{79a6976 com.podcast.app.debug/androidx.activity.ComponentActivity#156598} 1 children}] RelativeParent to null
03-02 00:57:38.227  1507  1507 I SurfaceFlinger: [LayerHierarchy{RequestedLayerState{com.podcast.app.debug/androidx.activity.ComponentActivity$_17121#156599} no children}] reparent to OffscreenRoot
03-02 00:57:38.227  1507  1507 I SurfaceFlinger: [LayerHierarchy{RequestedLayerState{com.podcast.app.debug/androidx.activity.ComponentActivity$_17121#156599} no children}] RelativeParent to null
03-02 00:57:38.227  1507  1507 I SurfaceFlinger: [LayerHierarchy{RequestedLayerState{Surface(name=2141cda InputMethod)/@0x5ea0b56 - animation-leash of insets_animation#156637} no children}] reparent to OffscreenRoot
03-02 00:57:38.227  1507  1507 I SurfaceFlinger: [LayerHierarchy{RequestedLayerState{Surface(name=2141cda InputMethod)/@0x5ea0b56 - animation-leash of insets_animation#156637} no children}] RelativeParent to null
03-02 00:57:38.227  1507  1507 I SurfaceFlinger: [LayerHierarchy{RequestedLayerState{Task=44894#156639 z=40} no children}] reparent to OffscreenRoot
03-02 00:57:38.227  1507  1507 I SurfaceFlinger: [LayerHierarchy{RequestedLayerState{Task=44894#156639 z=40} no children}] RelativeParent to null
03-02 00:57:38.227  3202  3386 I HoneySpace.TopTaskSource: onTaskRemoved: 44894
03-02 00:57:38.227  5235 19013 I HBD     : l writeToFile complete
03-02 00:57:38.227  5235  5235 I HBD     : l writeToFile complete
03-02 00:57:38.228  5235  5235 I HBD     : m normal : updateLanguage : English
03-02 00:57:38.228  5235  5235 I HBD     : g isCoverDisplay : false, cached selected json info : SelectedLanguageInfo(languageVersion=4.2, currentLanguageOrder=0, selectedLanguageList=[SelectedLanguage(id=65538, isUsed=true, engName=English, inputType=qwerty, activeOptionList=[auto_replace, auto_spacing, writing_assistant, prediction], bilingualId=-1), SelectedLanguage(id=5308416, isUsed=true, engName=Arabic, inputType=qwerty, activeOptionList=[auto_replace, auto_spacing, prediction], bilingualId=-1)])
03-02 00:57:38.228  5235  5235 I HBD     : g isCoverDisplay : false, cached selected json info : SelectedLanguageInfo(languageVersion=4.2, currentLanguageOrder=0, selectedLanguageList=[SelectedLanguage(id=65538, isUsed=true, engName=English, inputType=qwerty, activeOptionList=[auto_replace, auto_spacing, writing_assistant, prediction], bilingualId=-1), SelectedLanguage(id=5308416, isUsed=true, engName=Arabic, inputType=qwerty, activeOptionList=[auto_replace, auto_spacing, prediction], bilingualId=-1)])
03-02 00:57:38.228  5235  5235 I HBD     : g updateSelectedLanguageCache is succeeded. English
03-02 00:57:38.228  5235 19014 I HBD     : l Write selected lang for DE
03-02 00:57:38.228  5235 19014 I HBD     : l writeToFile path : /data/user_de/0/com.samsung.android.honeyboard/files/selected.json
03-02 00:57:38.229  5235 19014 I HBD     : l writeToFile json : {"version":"4.2","currentLanguageOrder":0,"selected":[{"activeOptionList":["auto_replace","auto_spacing","writing_assistant","prediction"],"bilingualId":-1,"engName":"English","id":65538,"inputType":"qwerty","isUsed":true},{"activeOptionList":["auto_replace","auto_spacing","prediction"],"bilingualId":-1,"engName":"Arabic","id":5308416,"inputType":"qwerty","isUsed":true}]}
03-02 00:57:38.229  5235  5235 I HBD     : l writeToFile path : /data/user/0/com.samsung.android.honeyboard/files/selected.json
03-02 00:57:38.229  5235  5235 I HBD     : l writeToFile json : {"version":"4.2","currentLanguageOrder":0,"selected":[{"activeOptionList":["auto_replace","auto_spacing","writing_assistant","prediction"],"bilingualId":-1,"engName":"English","id":65538,"inputType":"qwerty","isUsed":true},{"activeOptionList":["auto_replace","auto_spacing","prediction"],"bilingualId":-1,"engName":"Arabic","id":5308416,"inputType":"qwerty","isUsed":true}]}
03-02 00:57:38.230  1507  1563 I SurfaceFlinger: onHandleDestroyed: layerId=156598, name=79a6976 com.podcast.app.debug/androidx.activity.ComponentActivity#156598
03-02 00:57:38.230  1507  2128 I SurfaceFlinger: onHandleDestroyed: layerId=156637, name=Surface(name=2141cda InputMethod)/@0x5ea0b56 - animation-leash of insets_animation#156637
03-02 00:57:38.231  1507  2128 I SurfaceFlinger: id=156637 Removed Surface(name=2141cda InputMethod)/@0x5ea0b56 - animation-leash of insets_animation#156637 (338)
03-02 00:57:38.231  1507  2128 I SurfaceFlinger: onHandleDestroyed: layerId=156595, name=ActivityRecord{226246986 u0 com.podcast.app.debug/androidx.activity.ComponentActivity t44894}#156595
03-02 00:57:38.231  1507  2128 I SurfaceFlinger: id=156595 Removed ActivityRecord{226246986 u0 com.podcast.app.debug/androidx.activity.ComponentActivity t44894}#156595 (338)
03-02 00:57:38.230  1507  1563 I SurfaceFlinger: id=156598 Removed 79a6976 com.podcast.app.debug/androidx.activity.ComponentActivity#156598 (338)
03-02 00:57:38.231  1507  1563 I SurfaceFlinger: onHandleDestroyed: layerId=156607, name=Surface(name=2141cda InputMethod)/@0x5ea0b56 - animation-leash of insets_animation#156607
03-02 00:57:38.231  1507  1563 I SurfaceFlinger: id=156607 Removed Surface(name=2141cda InputMethod)/@0x5ea0b56 - animation-leash of insets_animation#156607 (338)
03-02 00:57:38.231  1507  1907 I SurfaceFlinger: onHandleDestroyed: layerId=156639, name=Task=44894#156639
03-02 00:57:38.232  5235  5235 I HBD     : l writeToFile complete
03-02 00:57:38.232  5235 19014 I HBD     : l writeToFile complete
03-02 00:57:38.232  5235 19015 I HBD     : l Write selected lang for DE
03-02 00:57:38.232  5235 19015 I HBD     : l writeToFile path : /data/user_de/0/com.samsung.android.honeyboard/files/selected.json
03-02 00:57:38.232  5235 19015 I HBD     : l writeToFile json : {"version":"4.2","currentLanguageOrder":0,"selected":[{"activeOptionList":["auto_replace","auto_spacing","writing_assistant","prediction"],"bilingualId":-1,"engName":"English","id":65538,"inputType":"qwerty","isUsed":true},{"activeOptionList":["auto_replace","auto_spacing","prediction"],"bilingualId":-1,"engName":"Arabic","id":5308416,"inputType":"qwerty","isUsed":true}]}
03-02 00:57:38.232  5235  5235 I HBD     : g isCoverDisplay : false, cached selected json info : SelectedLanguageInfo(languageVersion=4.2, currentLanguageOrder=0, selectedLanguageList=[SelectedLanguage(id=65538, isUsed=true, engName=English, inputType=qwerty, activeOptionList=[auto_replace, auto_spacing, writing_assistant, prediction], bilingualId=-1), SelectedLanguage(id=5308416, isUsed=true, engName=Arabic, inputType=qwerty, activeOptionList=[auto_replace, auto_spacing, prediction], bilingualId=-1)])
03-02 00:57:38.232  5235  5235 I HBD     : g updateSelectedLanguageCache is succeeded. English
03-02 00:57:38.233  1507  1907 I SurfaceFlinger: id=156639 Removed Task=44894#156639 (338)
03-02 00:57:38.233  1507  1563 I SurfaceFlinger: onHandleDestroyed: layerId=156599, name=com.podcast.app.debug/androidx.activity.ComponentActivity$_17121#156599
03-02 00:57:38.233  1507  1825 I SurfaceFlinger: Capture layer list: 	 com.zhiliaoapp.musically/com.ss.android.ugc.aweme.splash.SplashActivity$_14885#156621(seamlessTransition:0)
03-02 00:57:38.233  1507  1825 I SurfaceFlinger: Capture layer list: 	 DimTransitionLayer for Surface(name=Task=44895)/@0x72d7718#156635(seamlessTransition:0)
03-02 00:57:38.233  1507  1825 I SurfaceFlinger: Capture layer list: 	 com.podcast.app.debug.test/androidx.test.core.app.InstrumentationActivityInvoker$EmptyActivity$_17532#156613(seamlessTransition:0)
03-02 00:57:38.233  1507  1825 I SurfaceFlinger: Capture layer list: 	 Splash Screen com.podcast.app.debug.test$_2746#156611(seamlessTransition:0)
03-02 00:57:38.233  1507  1563 I SurfaceFlinger: id=156599 Removed com.podcast.app.debug/androidx.activity.ComponentActivity$_17121#156599 (338)
03-02 00:57:38.233  5235  5235 I HBD     : l writeToFile path : /data/user/0/com.samsung.android.honeyboard/files/selected.json
03-02 00:57:38.233  5235  5235 I HBD     : l writeToFile json : {"version":"4.2","currentLanguageOrder":0,"selected":[{"activeOptionList":["auto_replace","auto_spacing","writing_assistant","prediction"],"bilingualId":-1,"engName":"English","id":65538,"inputType":"qwerty","isUsed":true},{"activeOptionList":["auto_replace","auto_spacing","prediction"],"bilingualId":-1,"engName":"Arabic","id":5308416,"inputType":"qwerty","isUsed":true}]}
03-02 00:57:38.235  1646 10643 I CameraService: onUidStateChanged: uid=10062, procState is changed. (1 -> 0)
03-02 00:57:38.237  5235  5235 I HBD     : l writeToFile complete
03-02 00:57:38.238  2013  2834 I WindowManager: Relayout Window{c59ac27 u0 Splash Screen com.podcast.app.debug.test}: viewVisibility=8 req=1080x2340 ty=3 d0
03-02 00:57:38.238  1507  1507 I SurfaceFlinger: destroyed 844719f ActivityRecordInputSink com.podcast.app.debug/androidx.activity.ComponentActivity#156603
03-02 00:57:38.238  1507  1507 I SurfaceFlinger: destroyed Task=44894#156639
03-02 00:57:38.238  1507  1507 I SurfaceFlinger: destroyed ActivityRecord{226246986 u0 com.podcast.app.debug/androidx.activity.ComponentActivity t44894}#156595
03-02 00:57:38.238  1507  1507 I SurfaceFlinger: destroyed Surface(name=2141cda InputMethod)/@0x5ea0b56 - animation-leash of insets_animation#156637
03-02 00:57:38.238  1507  1507 I SurfaceFlinger: destroyed Surface(name=2141cda InputMethod)/@0x5ea0b56 - animation-leash of insets_animation#156607
03-02 00:57:38.238  1507  1507 I SurfaceFlinger: destroyed 79a6976 com.podcast.app.debug/androidx.activity.ComponentActivity#156598
03-02 00:57:38.238  1507  1507 I SurfaceFlinger: destroyed com.podcast.app.debug/androidx.activity.ComponentActivity$_17121#156599
03-02 00:57:38.238  5235  5235 I HBD     : a [UpdatePolicy] [post] a: 31 cl: 65538 kit: [0/0] vt: 0 ir: 1
03-02 00:57:38.239  2013  4835 D SecContentProvider: query(), uri = 17 selection = isSettingsChangesAllowed
03-02 00:57:38.240  2013  4829 D SecContentProvider: query(), uri = 17 selection = isSettingsChangesAllowed
03-02 00:57:38.240  5235  5235 I HBD     : HoneyBoardService [PF_OP][onStartInput]  42 ms
03-02 00:57:38.241  3202  3386 I HoneySpace.TopTaskSource: onTaskRemoved: 44894
03-02 00:57:38.242  1507  1507 I Layer   : id=156603 Destroyed 844719f ActivityRecordInputSink com.podcast.app.debug/androidx.activity.ComponentActivity#156603
03-02 00:57:38.242  2746  2746 D SystemUIService: SYSUI_RAM_OPTIMIZATION onTrimMemory=20
03-02 00:57:38.242  2746  2746 D CentralSurfaces: SYSUI_RAM_OPTIMIZATION onTrimMemory=20
03-02 00:57:38.242  5235 19015 I HBD     : l writeToFile complete
03-02 00:57:38.242  2013  2834 I WindowManager: Relayout hash=c59ac27, pid=2746, syncId=-1: mAttrs={(0,0)(fillxfill) sim={adjust=pan} layoutInDisplayCutoutMode=always ty=APPLICATION_STARTING fmt=TRANSLUCENT
03-02 00:57:38.242  2013  2834 I WindowManager:   fl=81030118
03-02 00:57:38.242  2013  2834 I WindowManager:   pfl=10000810
03-02 00:57:38.242  2013  2834 I WindowManager:   apr=18
03-02 00:57:38.242  2013  2834 I WindowManager:   bhv=1
03-02 00:57:38.242  2013  2834 I WindowManager:   fitSides=0
03-02 00:57:38.242  2013  2834 I WindowManager:   frameRateBoostOnTouch=true
03-02 00:57:38.242  2013  2834 I WindowManager:   dvrrWindowFrameRateHint=true naviIconColor=0}
03-02 00:57:38.243  5235 19016 I HBD     : l Write selected lang for DE
03-02 00:57:38.243  1507  1507 I Layer   : id=156599 Destroyed com.podcast.app.debug/androidx.activity.ComponentActivity$_17121#156599
03-02 00:57:38.243  5235 19016 I HBD     : l writeToFile path : /data/user_de/0/com.samsung.android.honeyboard/files/selected.json
03-02 00:57:38.243  5235 19016 I HBD     : l writeToFile json : {"version":"4.2","currentLanguageOrder":0,"selected":[{"activeOptionList":["auto_replace","auto_spacing","writing_assistant","prediction"],"bilingualId":-1,"engName":"English","id":65538,"inputType":"qwerty","isUsed":true},{"activeOptionList":["auto_replace","auto_spacing","prediction"],"bilingualId":-1,"engName":"Arabic","id":5308416,"inputType":"qwerty","isUsed":true}]}
03-02 00:57:38.243  1507  1507 I Layer   : id=156639 Destroyed Task=44894#156639
03-02 00:57:38.243  1507  1507 I Layer   : id=156607 Destroyed Surface(name=2141cda InputMethod)/@0x5ea0b56 - animation-leash of insets_animation#156607
03-02 00:57:38.243  1507  1507 I Layer   : id=156598 Destroyed 79a6976 com.podcast.app.debug/androidx.activity.ComponentActivity#156598
03-02 00:57:38.243  1507  1507 I Layer   : id=156595 Destroyed ActivityRecord{226246986 u0 com.podcast.app.debug/androidx.activity.ComponentActivity t44894}#156595
03-02 00:57:38.243  1507  1507 I Layer   : id=156637 Destroyed Surface(name=2141cda InputMethod)/@0x5ea0b56 - animation-leash of insets_animation#156637
03-02 00:57:38.244  2746  2808 I VRI[test]@4afefb1: onActiveControlsChanged, removed=false, mAdded=true, caller=android.view.ViewRootImpl.handleInsetsControlChanged:3002 android.view.ViewRootImpl.relayoutWindow:11629 android.view.ViewRootImpl.performTraversals:4804 android.view.ViewRootImpl.doTraversal:3924 android.view.ViewRootImpl$TraversalRunnable.run:12903
03-02 00:57:38.244  2746  2808 I BLASTBufferQueue: [VRI[test]@4afefb1#7730](f:0,a:1,s:0) destructor()
03-02 00:57:38.244  2746  2808 D BufferQueueConsumer: [VRI[test]@4afefb1#7730(BLAST Consumer)7730](id:aba00001e32,api:0,p:-1,c:2746) disconnect
03-02 00:57:38.244  2013  2834 D SecContentProvider: query(), uri = 17 selection = isSettingsChangesAllowed
03-02 00:57:38.244  5235 12846 I HBD     : u updated Sub Types. English
03-02 00:57:38.245 17121 17305 D IdlingRegistry: Registering idling resources: [androidx.compose.ui.test.EspressoLink@936aa6b]
03-02 00:57:38.245  2746  2808 I VRI[test]@4afefb1: Relayout returned: old=(0,0,1080,2340) new=(0,0,1080,2340) relayoutAsync=false req=(1080,2340)8 dur=9 res=0x2 s={false 0x0} ch=true seqId=0
03-02 00:57:38.245  2746  2808 D VRI[test]@4afefb1: Not drawing due to not visible. Reason=View.GONE
03-02 00:57:38.245  2746  2808 W WindowOnBackDispatcher: sendCancelIfRunning: isInProgress=false callback=android.view.ViewRootImpl$$ExternalSyntheticLambda16@a22d5ed
03-02 00:57:38.245  2746  2870 D HWUI    : CacheManager::trimMemory(20)
03-02 00:57:38.246  2013  2834 D SecContentProvider: query(), uri = 17 selection = isSettingsChangesAllowed
03-02 00:57:38.247  2746  2808 I VRI[test]@4afefb1: dispatchDetachedFromWindow
03-02 00:57:38.248  5235  5235 I InputMethodService: scheduleImeSurfaceRemoval: removeImeSurface is posted.
03-02 00:57:38.248  2013  4844 D InputTransport: Input channel destroyed: 'c59ac27', fd=1074
03-02 00:57:38.248  1445  2902 W C2MtkBufferManager: [0xB4000070F507E520] fetchNewCcBlock: wait fence 0x0xb4000070f5058270 timed out. ret 110
03-02 00:57:38.250  5235 18674 I HBD     : u updated Sub Types. English
03-02 00:57:38.250  5235 19018 I HBD     : b InputMethodSubtype is set as local:en_GB
03-02 00:57:38.252  5235 19016 I HBD     : l writeToFile complete
03-02 00:57:38.254  2746  2808 D InputTransport: Input channel destroyed: 'c59ac27', fd=443
03-02 00:57:38.255 17121 17305 W Settings: Setting always_finish_activities has moved from android.provider.Settings.System to android.provider.Settings.Global, returning read-only value.
03-02 00:57:38.256  2013  4763 W ParceledListSlice: Element #30 is 21544 bytes.
03-02 00:57:38.261  5235 19019 I HBD     : b InputMethodSubtype is set as local:en_GB
03-02 00:57:38.265  2746  2746 D QSClock : onDarkChanged tint=WHITE
03-02 00:57:38.267  3202  3202 I HoneySpace.EdgePanel.EdgeVisibilityRepository: getComputedTrayVisible : keyguardState = 1
03-02 00:57:38.268 12859 12960 I SGPController: onForegroundAppChanged() update=false, cn=ComponentInfo{com.zhiliaoapp.musically/com.ss.android.ugc.aweme.main.MainActivity}, r=SkRegion((0,0,198,2340)(882,0,1080,2340))
03-02 00:57:38.268  3202  3202 I HoneySpace.EdgePanel.EdgeVisibilityRepository: updateTrayVisible: State = 0x1, visible = true, current containerState = 0, specificMode = 0
03-02 00:57:38.268  3202  3202 I HoneySpace.EdgePanel.EdgeVisibilityRepository: Same container state 0
03-02 00:57:38.271  1507  1507 I SurfaceFlinger: RequestedLayer [Splash Screen com.podcast.app.debug.test$_2746#156611] hidden!! flag  from(0) --> to(1)
03-02 00:57:38.271  1507  1507 I SurfaceFlinger: [LayerHierarchy{RequestedLayerState{Surface(name=cd388e9 com.podcast.app.debug.test/androidx.test.core.app.InstrumentationActivityInvoker$EmptyActivity)/@0x402442e - animation-leash of starting_reveal#156636} 1 children}] reparent to OffscreenRoot
03-02 00:57:38.271  1507  1507 I SurfaceFlinger: [LayerHierarchy{RequestedLayerState{Surface(name=cd388e9 com.podcast.app.debug.test/androidx.test.core.app.InstrumentationActivityInvoker$EmptyActivity)/@0x402442e - animation-leash of starting_reveal#156636} 1 children}] RelativeParent to null
03-02 00:57:38.271  1507  1507 I SurfaceFlinger: [LayerHierarchy{RequestedLayerState{cd388e9 com.podcast.app.debug.test/androidx.test.core.app.InstrumentationActivityInvoker$EmptyActivity#156612 parentId=156609} 1 children}] reparent to LayerHierarchy{RequestedLayerState{ActivityRecord{267158692 u0 com.podcast.app.debug.test/androidx.test.core.app.InstrumentationActivityInvoker$EmptyActivity t44895}#156609 parentId=156608} 3 children}
03-02 00:57:38.278  2013  2067 I ChimeraSystemEventListener: appLaunchIntent package name is: com.podcast.app.debug
03-02 00:57:38.280  1507  1507 D SurfaceFlinger: Display 4627039422300187648 HWC layers:
03-02 00:57:38.280  1507  1507 D SurfaceFlinger:   SOLID_COLOR |                        0 | 00000002 | N/A          |    0.0    0.0    0.0    0.0 |    0    0   -1   -1 | Background for 68eb87 SurfaceView[co[...]weme.splash.SplashActivity]@0#156627 (0)
03-02 00:57:38.280  1507  1507 D SurfaceFlinger:   SOLID_COLOR |                        0 | 00000002 | N/A          |    0.0    0.0    0.0    0.0 |    0   80  970 2000 | Background for 7086fb SurfaceView[co[...]weme.splash.SplashActivity]@0#156630 (0)
03-02 00:57:38.280  1507  1507 D SurfaceFlinger:   SOLID_COLOR |                        0 | 00000002 | N/A          |    0.0    0.0    0.0    0.0 |    0    0   -1   -1 | Background for 836459b SurfaceView[c[...]weme.splash.SplashActivity]@0#156633 (0)
03-02 00:57:38.280  1507  1507 D SurfaceFlinger:        DEVICE |           63930588202232 | 00002100 | RGBA_8888    |  110.0    0.0 1080.0 2340.0 |    0    0  970 2340 | com.zhiliaoapp.musically/com.ss.andr[...].splash.SplashActivity$_14885#156621 (3)
03-02 00:57:38.280  1507  1507 D SurfaceFlinger:   SOLID_COLOR |                        0 | 00000000 | N/A          |    0.0    0.0    0.0    0.0 |    0    0 1080 2340 | DimTransitionLayer for Surface(name=Task=44895)/@0
03-02 00:57:38.280  1507  1507 D SurfaceFlinger: x72d7718#156635 (0)
03-02 00:57:38.280  1507  1507 D SurfaceFlinger:        DEVICE |           75299366633584 | 00002102 | RGBA_8888    |    0.0    0.0  351.0 2340.0 |  729    0 1080 2340 | com.podcast.app.debug.test/androidx.[...]yInvoker$EmptyActivity$_17532#156613 (1)
03-02 00:57:38.280  1507  1507 D SurfaceFlinger:        DEVICE |           11793980281879 | 00002100 | RGBA_8888    |    0.0    0.0 1080.0   80.0 |    0    0 1080   80 | StatusBar$_2746#117 (211181)
03-02 00:57:38.280  1507  1507 D SurfaceFlinger:        DEVICE |           13752485304097 | 00002100 | RGBA_8888    |    0.0    0.0   67.0  346.0 | 1013  454 1080  800 | com.sec.android.app.launcher/com.sam[...].app.CocktailBarService$_3202#152779 (1)
03-02 00:57:38.280  1507  1507 D SurfaceFlinger:        DEVICE |           11793980281853 | 00002100 | RGBA_8888    |    0.0    0.0 1080.0  135.0 |    0 2205 1080 2340 | NavigationBar0$_2746#113 (188141)
03-02 00:57:38.280  1507  1507 D SurfaceFlinger:
03-02 00:57:38.287  2013  3441 I SemDvfsHyPerManager: acquire hyper - AMS_APP_SWITCH/2013@20, type = -999
03-02 00:57:38.287  1450  1487 I HYPER-HAL: [RequestManager.cpp]acquire(): Acquired ID : 2067581  [2013 / 20]    HINT : AMS_ACT_SWITCH    list :
03-02 00:57:38.288  1450  1487 I mtkpower_client: perf_lock_rel, hdl:76734, pid: 1450, tid:1487
03-02 00:57:38.288  1464  1492 I mtkpower@impl: [setMode] type:5, enabled:1
03-02 00:57:38.289  1450  1487 I mtkpower_client: perf_lock_acq, hdl:0, dur:0, num:2, pid:1450, tid:1487
03-02 00:57:38.289  1507  1563 I SurfaceFlinger: id=156640 createSurf, flag=24004, Task=44896#156640
03-02 00:57:38.290  1464  1529 I libPowerHal: [perfLockRel] hdl:76734, idx:3
03-02 00:57:38.291  4784  4784 I SemDvfsHyPerManager: acquire hyper - APP_START_SHORT/4784@15, type = -999
03-02 00:57:38.291  1464  1529 I libPowerHal: [PD] vendor.samsung. update cmd:1000000 param:-1 pr:6
03-02 00:57:38.291  1464  1529 I libPowerHal: [perfLockRel] Done for hdl : 76734
03-02 00:57:38.292  1450  1487 I mtkpower_client: ret_hdl:76735
03-02 00:57:38.292  1450  1487 I mtkpower_client: perf_lock_rel, hdl:76732, pid: 1450, tid:1487
03-02 00:57:38.292  1450  1487 I mtkpower_client: perf_lock_acq, hdl:0, dur:0, num:2, pid:1450, tid:1487
03-02 00:57:38.293  1507  1507 I SurfaceFlinger: [Task=44896#156640] attach to parent LayerHierarchy{RequestedLayerState{DefaultTaskDisplayArea_d0#10 parentId=9} 45 children}
03-02 00:57:38.293  1450  1487 I mtkpower_client: ret_hdl:76736
03-02 00:57:38.293  1450  1487 I HYPER-HAL: [RequestManager.cpp]acquire(): Acquired ID : 11517615  [4784 / 15]    HINT : APP_START    list : [TIMEOUT / 1500]
03-02 00:57:38.294  1464  1529 I libPowerHal: [perfLockAcq] idx:8 hdl:76735 hint:-1 pid:1450 tid:1487 duration:0 lock_user:vendor.samsung. => ret_hdl:76735
03-02 00:57:38.294  1464  1529 I libPowerHal: [setDvfsrcDevFreqOpp] opp:0, freq:4266000000
03-02 00:57:38.294  1464  1529 I libPowerHal: [PE] vendor.samsung. update cmd:1000000 param:0 pr:3
03-02 00:57:38.294  1464  1529 I libPowerHal: [perfLockAcq] Done for hdl : 76735
03-02 00:57:38.294  1464  1529 I libPowerHal: [perfLockRel] hdl:76732, idx:2
03-02 00:57:38.295  1507  2128 I SurfaceFlinger: id=156641 createSurf, flag=84004, ActivityRecord{161386323 u0 com.podcast.app.debug/androidx.activity.ComponentActivity t44896}#156641
03-02 00:57:38.295  1464  1529 I libPowerHal: [PD] vendor.samsung. update cmd:400000 param:-1 pr:6
03-02 00:57:38.295  1464  1529 I libPowerHal: [recordCPUFreqInfo] set cluster[0] min(-1): -1 max(-1): -1 cluster[1] min(-1): -1 max(-1): -1
03-02 00:57:38.296  1464  1529 I libPowerHal: [perfLockRel] Done for hdl : 76732
03-02 00:57:38.296  1464  1529 I libPowerHal: [perfLockAcq] idx:3 hdl:76736 hint:-1 pid:1450 tid:1487 duration:0 lock_user:vendor.samsung. => ret_hdl:76736
03-02 00:57:38.296  1464  1529 I libPowerHal: [PE] vendor.samsung. update cmd:400000 param:2000000 pr:3
03-02 00:57:38.296  1464  1529 I libPowerHal: [recordCPUFreqInfo] set cluster[0] min(vendor.samsung.): 2000000 max(-1): -1 cluster[1] min(-1): -1 max(-1): -1
03-02 00:57:38.296  1464  1529 I libPowerHal: [perfLockAcq] Done for hdl : 76736
03-02 00:57:38.298 14636 14636 D WM-SystemJobService: onStopJob for WorkGenerationalId(workSpecId=f23029b8-b7a3-4a93-aaf6-b7c7a26dfe9e, generation=0)
03-02 00:57:38.299 14636 15266 D WM-Processor: WorkerWrapper interrupted for f23029b8-b7a3-4a93-aaf6-b7c7a26dfe9e
03-02 00:57:38.299 14636 15266 D WM-StopWorkRunnable: StopWorkRunnable for f23029b8-b7a3-4a93-aaf6-b7c7a26dfe9e; Processor.stopWork = true
03-02 00:57:38.302  2746  2808 I ViewRootImpl: dVRR is disabled
03-02 00:57:38.302  2746  2870 D NativeCustomFrequencyManager: [NativeCFMS] BpCustomFrequencyManager::BpCustomFrequencyManager()
03-02 00:57:38.304  2013  4844 I SemDvfsHyPerManager: acquire hyper - AMS_APP_LAUNCH/2013@17, type = -999
03-02 00:57:38.304  1507  1507 I SurfaceFlinger: [ActivityRecord{161386323 u0 com.podcast.app.debug/androidx.activity.ComponentActivity t44896}#156641] attach to parent LayerHierarchy{RequestedLayerState{Task=44896#156640 parentId=10} 1 children}
03-02 00:57:38.304  1450  1487 I HYPER-HAL: [RequestManager.cpp]acquire(): Acquired ID : 2061482  [2013 / 17]    HINT : AMS_APP_LAUNCH    list :
03-02 00:57:38.305  4784  4784 I SemDvfsHyPerManager: acquire hyper - APP_START/4784@17, type = -999
03-02 00:57:38.308 14885 14885 I System.out: SAFActivity: com.ss.android.ugc.aweme.main.MainActivity@c20428f,  onPause Start
03-02 00:57:38.308  1450  1487 I HYPER-HAL: [RequestManager.cpp]acquire(): Acquired ID : 11527218  [4784 / 17]    HINT : APP_START    list :
03-02 00:57:38.308  2746  2798 D ShellDesktopMode: handleRequest: TransitionRequestInfo {type=1, tid=44896, debugId=11298}
03-02 00:57:38.310  1646 10643 I CameraService: onUidStateChanged: uid=10062, procState is changed. (0 -> 1)
03-02 00:57:38.315 14885 14885 I System.out: SceneSafeLifecycleDispatcher: onPaused Start
03-02 00:57:38.315 14885 14885 I System.out: SAFActivity V Scene Framework: NavigationMessageQueue postSync start
03-02 00:57:38.316 14885 14885 I System.out: SAFActivity V Scene Framework: NavigationMessageQueue postSync run current task start 14_Y.ARunnableS108S0200000_32@32cba64
03-02 00:57:38.316 14885 14885 I System.out: SAFActivity V Scene Framework: NavigationSceneManager Sync Scene SAFFragmentRootScene{79e191c} Lifecycle [RESUMED -> STARTED] without saved State
03-02 00:57:38.316 14885 14885 I System.out: SAFFragmentRootScene: onPause Start (SAFFragmentRootScene{79e191c})
03-02 00:57:38.318  1446  1498 I SensorsHub: LightSensor: lux = 71, time = 767674706408253
03-02 00:57:38.318  2013  4763 D InputTransport: Input channel constructed: '5f06054', fd=1074
03-02 00:57:38.318  2013  4763 D InputTransport: Input channel constructed: '5f06054', fd=1100
03-02 00:57:38.319  3202  3386 I HoneySpace.TopTaskSource: onTaskMovedToFront : taskId = 44896, displayId = 0
03-02 00:57:38.319  3202  3390 I HoneySpace.TopTaskUseCase: topTasks 44896 ComponentInfo{com.podcast.app.debug/androidx.activity.ComponentActivity}[displayId=0]
03-02 00:57:38.321  2013  4763 D InputTransport: Input channel constructed: '5f06054', fd=1131
03-02 00:57:38.321  2013  4763 D InputTransport: Input channel destroyed: '5f06054', fd=1100
03-02 00:57:38.322  1507  2128 I SurfaceFlinger: id=156642 createSurf, flag=84004, 5f06054 Splash Screen com.podcast.app.debug#156642
03-02 00:57:38.322  3506  3506 E pageboostd: Received HALT command code 2
03-02 00:57:38.323  1445  2902 W C2MtkBufferManager: [0xB4000070F507E520] fetchNewCcBlock: wait fence 0x0xb4000070f5058270 timed out. ret 110
03-02 00:57:38.323 14636 15217 I WM-WorkerWrapper: Work [ id=f23029b8-b7a3-4a93-aaf6-b7c7a26dfe9e, tags={ com.urbanairship.job.AirshipWorker,airship } ] was cancelled
03-02 00:57:38.323 14636 15217 I WM-WorkerWrapper: androidx.work.impl.WorkerStoppedException
03-02 00:57:38.323 14636 15217 I WM-WorkerWrapper: 	at o.setEnabledWhenDeviceHasQuirk.AnimatedBarChartKtAnimatedBarChart1112(:348)
03-02 00:57:38.323 14636 15217 I WM-WorkerWrapper: 	at o.MutableConfig.AnimatedBarChartKtAnimatedBarChart1(:439)
03-02 00:57:38.323 14636 15217 I WM-WorkerWrapper: 	at o.MutableConfig.AnimatedBarChartKtAnimatedBarChart1112(:259)
03-02 00:57:38.323 14636 15217 I WM-WorkerWrapper: 	at o.getUseCaseInfo.run(:49)
03-02 00:57:38.323 14636 15217 I WM-WorkerWrapper: 	at o.TagBundle$Architecture.run(:96)
03-02 00:57:38.323 14636 15217 I WM-WorkerWrapper: 	at java.util.concurrent.ThreadPoolExecutor.runWorker(ThreadPoolExecutor.java:1154)
03-02 00:57:38.323 14636 15217 I WM-WorkerWrapper: 	at java.util.concurrent.ThreadPoolExecutor$Worker.run(ThreadPoolExecutor.java:652)
03-02 00:57:38.323 14636 15217 I WM-WorkerWrapper: 	at java.lang.Thread.run(Thread.java:1563)
03-02 00:57:38.325 14636 15217 D WM-WorkerWrapper: Status for f23029b8-b7a3-4a93-aaf6-b7c7a26dfe9e is RUNNING; not doing any work and rescheduling for later execution
03-02 00:57:38.325  2013  4763 D InputTransport: Input channel destroyed: '5f06054', fd=1131
03-02 00:57:38.327  1507  1507 E SurfaceFlinger: alpha changed 0.007 -> 0.000 - DimTransitionLayer for Surface(name=Task=44895)/@0x72d7718#156635
03-02 00:57:38.327  1507  1507 I SurfaceFlinger: [5f06054 Splash Screen com.podcast.app.debug#156642] attach to parent LayerHierarchy{RequestedLayerState{ActivityRecord{161386323 u0 com.podcast.app.debug/androidx.activity.ComponentActivity t44896}#156641 parentId=156640} 1 children}
03-02 00:57:38.327 14636 14636 D WM-Processor: MutableConfig f23029b8-b7a3-4a93-aaf6-b7c7a26dfe9e executed; reschedule = true
03-02 00:57:38.328  2746  2808 D InputTransport: Input channel constructed: '5f06054', fd=520
03-02 00:57:38.329  2746  2808 I InsetsController: onStateChanged: host=Splash Screen com.podcast.app.debug, from=android.view.ViewRootImpl.onInsetsStateChanged:3026, state=InsetsState: {mDisplayFrame=Rect(0, 0 - 1080, 2340), mDisplayCutout=DisplayCutout{insets=Rect(0, 80 - 0, 0) waterfall=Insets{left=0, top=0, right=0, bottom=0} boundingRect={Bounds=[Rect(0, 0 - 0, 0), Rect(472, 0 - 608, 80), Rect(0, 0 - 0, 0), Rect(0, 0 - 0, 0)]} cutoutPathParserInfo={CutoutPathParserInfo{displayWidth=1080 displayHeight=2340 physicalDisplayWidth=1080 physicalDisplayHeight=2340 density={2.8125} cutoutSpec={M 0,0 H -24.177777778 V 28.4444444444 H 24.177777778 V 0 H 0 Z @dp} rotation={0} scale={1.0} physicalPixelDisplaySizeRatio={1.0}}} sideOverrides={}}, mRoundedCorners=RoundedCorners{[RoundedCorner{position=TopLeft, radius=113, center=Point(113, 113)}, RoundedCorner{position=TopRight, radius=113, center=Point(967, 113)}, RoundedCorner{position=BottomRight, radius=113, center=Point(967, 2227)}, RoundedCorner{position=BottomLeft, radius=113, center=Point(113, 2227)}]}  mRoundedCornerFrame=Rect(0, 0 - 1080, 2340), mPrivacyIndicatorBounds=PrivacyIndicatorBounds {static bounds=Rect(956, 0 - 1080, 80) rotation=0}, mDisplayShape=DisplayShape{ spec=-311912193 displayWidth=1080 displayHeight=2340 physicalPixelDisplaySizeRatio=1.0 rotation=0 offsetX=0 offsetY=0 scale=1.0}, mSources= { InsetsSource: {e9af0000 mType=statusBars mFrame=[0,0][1080,80] mVisible=true mFlags= mSideHint=TOP mBoundingRects=null}, InsetsSource: {e9af0005 mType=mandatorySystemGestures mFrame=[0,0][1080,114] mVisible=true mFlags= mSideHint=TOP mBoundingRects=null}, InsetsSource: {e9af0006 mType=tappableElement mFrame=[0,0][1080,80] mVisible=true mFlags= mSideHint=TOP mBoundingRects=null}, InsetsSource: {27 mType=displayCutout mFrame=[0,0][1080,80] mVisible=true mFlags= mSideHint=TOP mBoundingRects=null}, InsetsSource: {26ed0001 mType=navigationBars mFrame=[0,2298][1080,2340] mVisible=true mFlags=SUPPRESS_SCRIM mSideHint=BOTTOM mBoundingRects=null}, InsetsSource: {26ed0004 mType=systemGestures mFrame=[0,0][84,2340] mVisible=true mFlags= mSideHint=LEFT mBoundingRects=null}, InsetsSource: {26ed0005 mType=mandatorySystemGestures mFrame=[0,2250][1080,2340] mVisible=true mFlags= mSideHint=BOTTOM mBoundingRects=null}, InsetsSource: {26ed0006 mType=tappableElement mFrame=[0,0][0,0] mVisible=true mFlags= mSideHint=NONE mBoundingRects=null}, InsetsSource: {26ed0024 mType=systemGestures mFrame=[996,0][1080,2340] mVisible=true mFlags= mSideHint=RIGHT mBoundingRects=null} }
03-02 00:57:38.329  1646 10643 I CameraService: onUidStateChanged: uid=10492, procState is changed. (8 -> 10)
03-02 00:57:38.329  2746  2808 I VRI[debug]@c76dfc1: onActiveControlsChanged, removed=false, mAdded=true, caller=android.view.ViewRootImpl.handleInsetsControlChanged:3002 android.view.ViewRootImpl.setView:2014 android.view.WindowManagerGlobal.addView:604 com.android.wm.shell.startingsurface.SplashscreenWindowCreator.addWindow:38 com.android.wm.shell.startingsurface.StartingWindowController$$ExternalSyntheticLambda4.run:1365
03-02 00:57:38.330  2746  2808 I VRI[debug]@c76dfc1: synced displayState. AttachInfo displayState=2
03-02 00:57:38.331  1646 10643 I CameraService: onUidStateChanged: uid=10492, procState is changed. (10 -> 19)
03-02 00:57:38.331 14636 15263 D WM-GreedyScheduler: Cancelling work ID f23029b8-b7a3-4a93-aaf6-b7c7a26dfe9e
03-02 00:57:38.333  3202  3977 I HoneySpace.RecentTasks: onRecentTasksChanged
03-02 00:57:38.334  3202 15778 I HoneySpace.RecentTasks: onRecentTasksChanged
03-02 00:57:38.334  1507  1507 D SurfaceFlinger: Display 4627039422300187648 HWC layers:
03-02 00:57:38.334  1507  1507 D SurfaceFlinger:   SOLID_COLOR |                        0 | 00000002 | N/A          |    0.0    0.0    0.0    0.0 |    0    0   -1   -1 | Background for 68eb87 SurfaceView[co[...]weme.splash.SplashActivity]@0#156627 (0)
03-02 00:57:38.334  1507  1507 D SurfaceFlinger:   SOLID_COLOR |                        0 | 00000002 | N/A          |    0.0    0.0    0.0    0.0 |    0   80 1024 2000 | Background for 7086fb SurfaceView[co[...]weme.splash.SplashActivity]@0#156630 (0)
03-02 00:57:38.334  1507  1507 D SurfaceFlinger:   SOLID_COLOR |                        0 | 00000002 | N/A          |    0.0    0.0    0.0    0.0 |    0    0   -1   -1 | Background for 836459b SurfaceView[c[...]weme.splash.SplashActivity]@0#156633 (0)
03-02 00:57:38.334  1507  1507 D SurfaceFlinger:        DEVICE |           63930588202232 | 00002100 | RGBA_8888    |   56.0    0.0 1080.0 2340.0 |    0    0 1024 2340 | com.zhiliaoapp.musically/com.ss.andr[...].splash.SplashActivity$_14885#156621 (3)
03-02 00:57:38.334  1507  1507 D SurfaceFlinger:        DEVICE |           75299366633584 | 00002102 | RGBA_8888    |    0.0    0.0  180.0 2340.0 |  900    0 1080 2340 | com.podcast.app.debug.test/androidx.[...]yInvoker$
03-02 00:57:38.334  1507  1507 D SurfaceFlinger: EmptyActivity$_17532#156613 (1)
03-02 00:57:38.334  1507  1507 D SurfaceFlinger:        DEVICE |           11793980281854 | 00002100 | RGBA_8888    |    0.0    0.0 1080.0   80.0 |    0    0 1080   80 | StatusBar$_2746#117 (211184)
03-02 00:57:38.334  1507  1507 D SurfaceFlinger:        DEVICE |           13752485304097 | 00002100 | RGBA_8888    |    0.0    0.0   67.0  346.0 | 1013  454 1080  800 | com.sec.android.app.launcher/com.sam[...].app.CocktailBarService$_3202#152779 (1)
03-02 00:57:38.334  1507  1507 D SurfaceFlinger:        DEVICE |           11793980281853 | 00002100 | RGBA_8888    |    0.0    0.0 1080.0  135.0 |    0 2205 1080 2340 | NavigationBar0$_2746#113 (188141)
03-02 00:57:38.334  1507  1507 D SurfaceFlinger:
03-02 00:57:38.335 14636 15263 W JobInfo : Requested important-while-foreground flag for job3702 is ignored and takes no effect
03-02 00:57:38.335 14636 15263 D WM-SystemJobScheduler: Scheduling work ID f23029b8-b7a3-4a93-aaf6-b7c7a26dfe9eJob ID 3702
03-02 00:57:38.337  2746  2808 I VRI[debug]@c76dfc1: setView = android.widget.FrameLayout@4a55643 IsHRR=false mFlingFrameRateChange=0 TM=true
03-02 00:57:38.338  2746  2870 D HWUI    : HWUI - treat SMPTE_170M as sRGB
03-02 00:57:38.344  2013  4844 I WindowManager: Relayout Window{5f06054 u0 Splash Screen com.podcast.app.debug}: viewVisibility=0 req=1080x2340 ty=3 d0
03-02 00:57:38.345  1507  2128 I SurfaceFlinger: id=156643 createSurf, flag=44004, Splash Screen com.podcast.app.debug$_2746#156643
03-02 00:57:38.349  1507  1507 I SurfaceFlinger: [Splash Screen com.podcast.app.debug$_2746#156643] attach to parent LayerHierarchy{RequestedLayerState{5f06054 Splash Screen com.podcast.app.debug#156642 parentId=156641} 1 children}
03-02 00:57:38.350  2013  4844 I WindowManager: Relayout hash=5f06054, pid=2746, syncId=-1: mAttrs={(0,0)(fillxfill) sim={adjust=pan} layoutInDisplayCutoutMode=always ty=APPLICATION_STARTING fmt=TRANSLUCENT wanim=0x1030317
03-02 00:57:38.350  2013  4844 I WindowManager:   fl=81030118
03-02 00:57:38.350  2013  4844 I WindowManager:   pfl=10000810
03-02 00:57:38.350  2013  4844 I WindowManager:   bhv=1
03-02 00:57:38.350  2013  4844 I WindowManager:   fitSides=0
03-02 00:57:38.350  2013  4844 I WindowManager:   frameRateBoostOnTouch=true
03-02 00:57:38.350  2013  4844 I WindowManager:   dvrrWindowFrameRateHint=true naviIconColor=0}
03-02 00:57:38.353  2746  2808 I VRI[debug]@c76dfc1: onActiveControlsChanged, removed=false, mAdded=true, caller=android.view.ViewRootImpl.handleInsetsControlChanged:3002 android.view.ViewRootImpl.relayoutWindow:11629 android.view.ViewRootImpl.performTraversals:4804 android.view.ViewRootImpl.doTraversal:3924 android.view.ViewRootImpl$TraversalRunnable.run:12903
03-02 00:57:38.353  2013  2029 W ParceledListSlice: Element #30 is 21544 bytes.
03-02 00:57:38.354  2746  2808 D BufferQueueConsumer: [](id:aba00001e33,api:0,p:-1,c:2746) connect: controlledByApp=false
03-02 00:57:38.356  2746  2808 I BLASTBufferQueue: [VRI[debug]@c76dfc1#7731](f:0,a:0,s:0) constructor()
03-02 00:57:38.356  2746  2808 I BLASTBufferQueue_Java: new BLASTBufferQueue, mName= VRI[debug]@c76dfc1 mNativeObject= 0xb40000771f71d400 caller= android.view.ViewRootImpl.updateBlastSurfaceIfNeeded:3585 android.view.ViewRootImpl.relayoutWindow:11685 android.view.ViewRootImpl.performTraversals:4804 android.view.ViewRootImpl.doTraversal:3924 android.view.ViewRootImpl$TraversalRunnable.run:12903 android.view.Choreographer$CallbackRecord.run:1901 android.view.Choreographer$CallbackRecord.run:1910 android.view.Choreographer.doCallbacks:1367 android.view.Choreographer.doFrame:1292 android.view.Choreographer$FrameDisplayEventReceiver.run:1870
03-02 00:57:38.357  2746  2808 I BLASTBufferQueue_Java: update, w= 1080 h= 2340 mName = VRI[debug]@c76dfc1 mNativeObject= 0xb40000771f71d400 sc.mNativeObject= 0xb4000076e5838ac0 format= -3 caller= android.view.ViewRootImpl.updateBlastSurfaceIfNeeded:3590 android.view.ViewRootImpl.relayoutWindow:11685 android.view.ViewRootImpl.performTraversals:4804 android.view.ViewRootImpl.doTraversal:3924 android.view.ViewRootImpl$TraversalRunnable.run:12903 android.view.Choreographer$CallbackRecord.run:1901
03-02 00:57:38.357  2746  2808 I BLASTBufferQueue: [VRI[debug]@c76dfc1#7731](f:0,a:0,s:0) update width=1080 height=2340 format=-3 mTransformHint=0
03-02 00:57:38.360  2746  2808 I VRI[debug]@c76dfc1: Relayout returned: old=(0,0,1080,2340) new=(0,0,1080,2340) relayoutAsync=false req=(1080,2340)0 dur=14 res=0x3 s={true 0xb40000768d3dca00} ch=true seqId=0
03-02 00:57:38.362  2746  2808 D VRI[debug]@c76dfc1: mThreadedRenderer.initialize() mSurface={isValid=true 0xb40000768d3dca00} hwInitialized=true
03-02 00:57:38.364  2746  2808 D VRI[debug]@c76dfc1: reportNextDraw android.view.ViewRootImpl.performTraversals:5443 android.view.ViewRootImpl.doTraversal:3924 android.view.ViewRootImpl$TraversalRunnable.run:12903 android.view.Choreographer$CallbackRecord.run:1901 android.view.Choreographer$CallbackRecord.run:1910
03-02 00:57:38.365  2746  2808 D VRI[debug]@c76dfc1: Setup new sync=wmsSync-VRI[debug]@c76dfc1#79
03-02 00:57:38.366  2746  2808 I VRI[debug]@c76dfc1: Creating new active sync group VRI[debug]@c76dfc1#80
03-02 00:57:38.367  2746  2808 D VRI[debug]@c76dfc1: registerCallbacksForSync syncBuffer=false
03-02 00:57:38.368  2746  2866 D VRI[debug]@c76dfc1: Received frameDrawingCallback syncResult=0 frameNum=1.
03-02 00:57:38.368  2746  2866 I VRI[debug]@c76dfc1: mWNT: t=0xb40000772ad87a00 mBlastBufferQueue=0xb40000771f71d400 fn= 1 HdrRenderState mRenderHdrSdrRatio=1.0 caller= android.view.ViewRootImpl$12.onFrameDraw:15441 android.view.ThreadedRenderer$1.onFrameDraw:718 <bottom of call stack>
03-02 00:57:38.368  2746  2866 I VRI[debug]@c76dfc1: Setting up sync and frameCommitCallback
03-02 00:57:38.372 14885 14885 I System.out: SAFFragmentRootScene: onWindowFocusChanged: com.ss.android.ugc.aweme.main.MainRootFragment, MainRootFragment{e89d275} (8a90a2f7-f51b-4f8d-88b5-38e0125851ad tag=root_fragment), true (SAFFragmentRootScene{79e191c})
03-02 00:57:38.373 14885 14885 I System.out: SAFActivity V Scene Framework: NavigationMessageQueue postSync run current task finish 14_Y.ARunnableS108S0200000_32@32cba64
03-02 00:57:38.373 14885 14885 I System.out: SAFActivity V Scene Framework: NavigationMessageQueue postSync finish
03-02 00:57:38.373 14885 14885 I System.out: SceneSafeLifecycleDispatcher: onPaused End PAUSE
03-02 00:57:38.373 14885 14885 I System.out: SAFActivity: com.ss.android.ugc.aweme.main.MainActivity@c20428f,  onPause End
03-02 00:57:38.374  2746  2870 I BLASTBufferQueue: [VRI[debug]@c76dfc1#7731](f:0,a:0,s:0) onFrameAvailable the first frame is available
03-02 00:57:38.378  1507  1825 I SurfaceFlinger: Capture layer list: 	 com.zhiliaoapp.musically/com.ss.android.ugc.aweme.splash.SplashActivity$_14885#156621(seamlessTransition:0)
03-02 00:57:38.381  2013  2029 D InputDispatcher: Focused application(0): ActivityRecord{161386323 u0 com.podcast.app.debug/androidx.activity.ComponentActivity t44896}
03-02 00:57:38.381  2746  2870 I BLASTBufferQueue: [VRI[debug]@c76dfc1#7731](f:0,a:1,s:0) acquireNextBufferLocked size=1080x2340 mFrameNumber=1 applyTransaction=true mTimestamp=491137375667426(auto) mPendingTransactions.size=0 graphicBufferId=11793980283759 transform=0
03-02 00:57:38.382  2013  4843 D GraphicsStatsService: requestRenderEngineFor(com.podcast.app.debug)
03-02 00:57:38.385  2746  2870 I VRI[debug]@c76dfc1: Received frameCommittedCallback lastAttemptedDrawFrameNum=1 didProduceBuffer=true
03-02 00:57:38.387  2746  2870 D HWUI    : CFMS:: SetUp Pid : 2746    Tid : 2870
03-02 00:57:38.388  2746  2808 D VRI[debug]@c76dfc1: reportDrawFinished seqId=0
03-02 00:57:38.390  2013  2600 D AS.MultiSoundManager: mForegroundUid = 10685
03-02 00:57:38.390 17121 17121 D LifecycleMonitor: Lifecycle status change: androidx.activity.ComponentActivity@950740c in: PRE_ON_CREATE
03-02 00:57:38.390 17121 17121 V ActivityScenario: Activity lifecycle changed event received but ignored because the reported transition was not ON_CREATE while the last known transition was PRE_ON_CREATE
03-02 00:57:38.395 17121 17121 I DecorView: setWindowBackground: isPopOver=false color=ff0f0f0f d=android.graphics.drawable.ColorDrawable@6059dd1
03-02 00:57:38.396  1445  2902 W C2MtkBufferManager: [0xB4000070F507E520] fetchNewCcBlock: wait fence 0x0xb4000070f5058270 timed out. ret 110
03-02 00:57:38.396 17121 17121 D LifecycleMonitor: Lifecycle status change: androidx.activity.ComponentActivity@950740c in: CREATED
03-02 00:57:38.396 17121 17121 V ActivityScenario: Update currentActivityStage to CREATED, currentActivity=androidx.activity.ComponentActivity@950740c
03-02 00:57:38.397 17121 17121 D LifecycleMonitor: Lifecycle status change: androidx.activity.ComponentActivity@950740c in: STARTED
03-02 00:57:38.397 17121 17121 V ActivityScenario: Update currentActivityStage to STARTED, currentActivity=androidx.activity.ComponentActivity@950740c
03-02 00:57:38.398 17121 17121 D LifecycleMonitor: Lifecycle status change: androidx.activity.ComponentActivity@950740c in: RESUMED
03-02 00:57:38.398 17121 17121 V ActivityScenario: Update currentActivityStage to RESUMED, currentActivity=androidx.activity.ComponentActivity@950740c
03-02 00:57:38.400 17121 17121 I ViewRootImpl: dVRR is disabled
03-02 00:57:38.401 17121 17389 D NativeCustomFrequencyManager: [NativeCFMS] BpCustomFrequencyManager::BpCustomFrequencyManager()
03-02 00:57:38.406  2013  4843 D InputTransport: Input channel constructed: 'fe1c469', fd=1131
03-02 00:57:38.406  2013  4843 D InputTransport: Input channel constructed: 'fe1c469', fd=1132
03-02 00:57:38.407  2013  4843 D InputTransport: Input channel constructed: 'fe1c469', fd=1133
03-02 00:57:38.407  2013  4843 D InputTransport: Input channel destroyed: 'fe1c469', fd=1132
03-02 00:57:38.408  1507  1907 I SurfaceFlinger: id=156644 createSurf, flag=84004, fe1c469 com.podcast.app.debug/androidx.activity.ComponentActivity#156644
03-02 00:57:38.409  2013  4843 D InputTransport: Input channel destroyed: 'fe1c469', fd=1133
03-02 00:57:38.409 17121 17121 D InputTransport: Input channel constructed: 'fe1c469', fd=128
03-02 00:57:38.409  2013  4835 W ParceledListSlice: Element #30 is 21544 bytes.
03-02 00:57:38.410 17121 17121 I InsetsController: onStateChanged: host=com.podcast.app.debug/androidx.activity.ComponentActivity, from=android.view.ViewRootImpl.onInsetsStateChanged:3026, state=InsetsState: {mDisplayFrame=Rect(0, 0 - 1080, 2340), mDisplayCutout=DisplayCutout{insets=Rect(0, 80 - 0, 0) waterfall=Insets{left=0, top=0, right=0, bottom=0} boundingRect={Bounds=[Rect(0, 0 - 0, 0), Rect(472, 0 - 608, 80), Rect(0, 0 - 0, 0), Rect(0, 0 - 0, 0)]} cutoutPathParserInfo={CutoutPathParserInfo{displayWidth=1080 displayHeight=2340 physicalDisplayWidth=1080 physicalDisplayHeight=2340 density={2.8125} cutoutSpec={M 0,0 H -24.177777778 V 28.4444444444 H 24.177777778 V 0 H 0 Z @dp} rotation={0} scale={1.0} physicalPixelDisplaySizeRatio={1.0}}} sideOverrides={}}, mRoundedCorners=RoundedCorners{[RoundedCorner{position=TopLeft, radius=113, center=Point(113, 113)}, RoundedCorner{position=TopRight, radius=113, center=Point(967, 113)}, RoundedCorner{position=BottomRight, radius=113, center=Point(967, 2227)}, RoundedCorner{position=BottomLeft, radius=113, center=Point(113, 2227)}]}  mRoundedCornerFrame=Rect(0, 0 - 1080, 2340), mPrivacyIndicatorBounds=PrivacyIndicatorBounds {static bounds=Rect(956, 0 - 1080, 80) rotation=0}, mDisplayShape=DisplayShape{ spec=-311912193 displayWidth=1080 displayHeight=2340 physicalPixelDisplaySizeRatio=1.0 rotation=0 offsetX=0 offsetY=0 scale=1.0}, mSources= { InsetsSource: {e9af0000 mType=statusBars mFrame=[0,0][1080,80] mVisible=true mFlags= mSideHint=TOP mBoundingRects=null}, InsetsSource: {e9af0005 mType=mandatorySystemGestures mFrame=[0,0][1080,114] mVisible=true mFlags= mSideHint=TOP mBoundingRects=null}, InsetsSource: {e9af0006 mType=tappableElement mFrame=[0,0][1080,80] mVisible=true mFlags= mSideHint=TOP mBoundingRects=null}, InsetsSource: {3 mType=ime mFrame=[0,0][0,0] mVisible=false mFlags= mSideHint=NONE mBoundingRects=null}, InsetsSource: {27 mType=displayCutout mFrame=[0,0][1080,80] mVisible=true mFlags= mSideHint=TOP mBoundingRects=null}, InsetsSource: {26ed0001 mType=navigationBars mFrame=[0,2298][1080,2340] mVisible=true mFlags=SUPPRESS_SCRIM mSideHint=BOTTOM mBoundingRects=null}, InsetsSource: {26ed0004 mType=systemGestures mFrame=[0,0][84,2340] mVisible=true mFlags= mSideHint=LEFT mBoundingRects=null}, InsetsSource: {26ed0005 mType=mandatorySystemGestures mFrame=[0,2250][1080,2340] mVisible=true mFlags= mSideHint=BOTTOM mBoundingRects=null}, InsetsSource: {26ed0006 mType=tappableElement mFrame=[0,0][0,0] mVisible=true mFlags= mSideHint=NONE mBoundingRects=null}, InsetsSource: {26ed0024 mType=systemGestures mFrame=[996,0][1080,2340] mVisible=true mFlags= mSideHint=RIGHT mBoundingRects=null} }
03-02 00:57:38.411 17121 17121 I VRI[ComponentActivity]@8d3a3d3: synced displayState. AttachInfo displayState=2
03-02 00:57:38.411 17121 17121 I VRI[ComponentActivity]@8d3a3d3: setView = com.android.internal.policy.DecorView@efcf00e IsHRR=false mFlingFrameRateChange=0 TM=true
03-02 00:57:38.411 17121 17389 D HWUI    : HWUI - treat SMPTE_170M as sRGB
