03-02 00:56:54.989 14885 14885 D SV[7374587 SplashActivity]: updateSurface: surface is not valid
03-02 00:56:54.989 14885 14885 I SV[7374587 SplashActivity]: releaseSurfaces: viewRoot = VRI[SplashActivity]@35f4eb8
03-02 00:56:54.989 14885 14885 D VRI[SplashActivity]@35f4eb8: applyTransactionOnDraw applyImmediately
03-02 00:56:54.989 14885 14885 D SV[137774491 SplashActivity]: updateSurface: surface is not valid
03-02 00:56:54.989 14885 14885 I SV[137774491 SplashActivity]: releaseSurfaces: viewRoot = VRI[SplashActivity]@35f4eb8
03-02 00:56:54.989 14885 14885 D VRI[SplashActivity]@35f4eb8: applyTransactionOnDraw applyImmediately
03-02 00:56:54.992 17661 17688 W chromium: [WARNING:content/app/android/content_main_android.cc:82] android_setCpu already initialized
03-02 00:56:55.003  1445  2902 W C2MtkBufferManager: [0xB4000070F507E520] fetchNewCcBlock: wait fence 0x0xb4000070f5058270 timed out. ret 110
03-02 00:56:55.004  1507  1507 I SurfaceFlinger: [LayerHierarchy{RequestedLayerState{com.zhiliaoapp.musically/com.ss.android.ugc.aweme.splash.SplashActivity$_14885#155267} no children}] reparent to OffscreenRoot
03-02 00:56:55.004  1507  1507 I SurfaceFlinger: [LayerHierarchy{RequestedLayerState{com.zhiliaoapp.musically/com.ss.android.ugc.aweme.splash.SplashActivity$_14885#155267} no children}] RelativeParent to null
03-02 00:56:55.007  1507  1507 I SurfaceFlinger: onHandleDestroyed: layerId=155267, name=com.zhiliaoapp.musically/com.ss.android.ugc.aweme.splash.SplashActivity$_14885#155267
03-02 00:56:55.007  1507  1507 I SurfaceFlinger: id=155267 Removed com.zhiliaoapp.musically/com.ss.android.ugc.aweme.splash.SplashActivity$_14885#155267 (335)
03-02 00:56:55.008  1484  1921 D StreamHalAidl: [out|ioHandle:21] standby
03-02 00:56:55.008  1484  1921 D StreamHalAidl: [out|ioHandle:21] pause
03-02 00:56:55.008  1439  1902 D AHAL_Stream: cycle: received command Command{pause: Void{}} in writer
03-02 00:56:55.008  1439  1902 D AHAL_Stream: [out|ioHandle:21] pause
03-02 00:56:55.008  1439  1902 I AHAL_Stream: pause()
03-02 00:56:55.008  1439  1902 D MTKAdapterStreamLayer: pause(),
03-02 00:56:55.008  1439  1902 D AudioALSAStreamOut: pause() 0xb400006fe2305e00
03-02 00:56:55.008  1439  1902 D AHAL_Stream: cycle: writing reply Reply{status: 0, fmqByteCount: 0, observable: Position{frames: 3077268560, timeNs: 491094009319116}, hardware: Position{frames: -1, timeNs: -1}, latencyMs: 21, xrunFrames: 0, state: PAUSED}
03-02 00:56:55.008  1484  1921 D StreamHalAidl: [out|ioHandle:21] flush
03-02 00:56:55.008  1439  1902 D AHAL_Stream: cycle: received command Command{flush: Void{}} in writer
03-02 00:56:55.008  1439  1902 D AHAL_Stream: [out|ioHandle:21] flush
03-02 00:56:55.009  1439  1902 I AHAL_Stream: flush()
03-02 00:56:55.009  1439  1902 D MTKAdapterStreamLayer: flush(),
03-02 00:56:55.009  1439  1902 D AudioALSAStreamOut: flush() 0xb400006fe2305e00
03-02 00:56:55.009  1439  1902 D AHAL_Stream: cycle: writing reply Reply{status: 0, fmqByteCount: 0, observable: Position{frames: 3077268586, timeNs: 491094009886501}, hardware: Position{frames: -1, timeNs: -1}, latencyMs: 21, xrunFrames: 0, state: IDLE}
03-02 00:56:55.010  1439  1902 D AHAL_Stream: cycle: received command Command{standby: Void{}} in writer
03-02 00:56:55.010  1439  1902 D AHAL_Stream: [out|ioHandle:21] standby
03-02 00:56:55.010  1439  1902 D AudioALSAStreamOut: standby(), flag 8
03-02 00:56:55.010  1439  1902 D AudioALSAStreamOut: standbyStreamOut(), halRequest 0, mDestroy 0, flag 8
03-02 00:56:55.010  1439  1902 D AudioALSAStreamOut: close_l(), flags 8
03-02 00:56:55.010  1439  1902 D AudioALSAStreamManager: setPlaybackStreamActive(), is_active = 0, stream_type = 3, mIsMusicStreamActive = 0
03-02 00:56:55.010  1439  1902 D AudioALSAPlaybackHandlerMixer: close(+), source flag 8, mDevice = 0x2, buffer_size 8192
03-02 00:56:55.010  1439  1902 D audio_sw_mixer: sw_mixer_source_detach(), MIXER_PLAYBACK  , name T_DEEP
03-02 00:56:55.010  1439  1902 D audio_sw_mixer: sw_mixer_manager_destroy_path(), MIXER_PLAYBACK  , path T_DEEP=>T_PRIMARY
03-02 00:56:55.010  1439  1902 D audio_sw_mixer: dump_path_list(), MIXER_PLAYBACK  , no path
03-02 00:56:55.010  1439  1902 D audio_sw_mixer: sw_mixer_target_detach(), MIXER_PLAYBACK  , name T_PRIMARY
03-02 00:56:55.010  1439  1620 D audio_sw_mixer: sw_mixer_wait_to_mix(), MIXER_PLAYBACK  , target T_PRIMARY    thread exit direct mode
03-02 00:56:55.010  1439  1620 D audio_sw_mixer: sw_mixer_mix_thread(), thread mix1:0 idle
03-02 00:56:55.010  1439  1902 D AudioALSAPlaybackHandlerNormal: +close(), flag = 8, mDevice = 0x2
03-02 00:56:55.010  1439  1902 D AudioALSAHardwareResourceManager: +stopOutputDevice(), mOutputDevices = 0x2, mStartOutputDevicesCount = 1
03-02 00:56:55.010  1507  1825 I SurfaceFlinger: Capture layer list: 	 com.podcast.app.debug/androidx.activity.ComponentActivity$_17121#155285(seamlessTransition:0)
03-02 00:56:55.011  1439  1902 D AudioSmartPaController: +dspOnBoardSpeakerOff()
03-02 00:56:55.011  1439  1902 D AudioALSAHardwareResourceManager: notifyOutputDeviceStatusChange(), device = 2, status = 1, sampleRate = 0, mOpenSpeakerPathCount = 0
03-02 00:56:55.011  1439  1902 D AudioALSAStreamManager: speakerStatusChangeCb(), status = 1, sampleRate = 0
03-02 00:56:55.013   457   457 I lmkd    : 0(delay), 0(swap), 50(freelimit), 0(reentrymode) memory pressure events were skipped after a kill!
03-02 00:56:55.015  1507  1507 I SurfaceFlinger: destroyed com.zhiliaoapp.musically/com.ss.android.ugc.aweme.splash.SplashActivity$_14885#155267
03-02 00:56:55.017 17668 17668 E ashmem  : Pinning is deprecated since Android Q. Please use trim or other methods.
03-02 00:56:55.018  1507  1507 I Layer   : id=155267 Destroyed com.zhiliaoapp.musically/com.ss.android.ugc.aweme.splash.SplashActivity$_14885#155267
03-02 00:56:55.027  1439  1902 D AudioALSAPlaybackHandlerBase: -closePcmDriver(), mPcm = 0x0
03-02 00:56:55.027  1439  1902 D AudioALSADeviceConfigManager: ApplyDeviceTurnoffSequenceByName(), DeviceName = PLAYBACK3_TO_I2S3 descriptor->DeviceStatusCounter = 1, Ctlsize=4
03-02 00:56:55.027  1439  1902 D AudioALSAPlaybackHandlerBase: DestroyAurisysLibManager()
03-02 00:56:55.027  1439  1902 D aurisys_lib_handler: [LIB] Awinic Info: aw_skt_arsi_destroy_handler(), p_handler = 0xb400006fe1dc7a40
03-02 00:56:55.028  1439  1902 D [Awinic]: get dtc_status: interval_time: 20 s, tma_pre: 26523311, tcm_pre: 29959328
03-02 00:56:55.028  1439  1902 D [Awinic]: Close attrs done!
03-02 00:56:55.028  1439  1902 D [Awinic]: spin reset done!
03-02 00:56:55.028  1439  1902 D [Awinic]:  Reset Done !
03-02 00:56:55.028  1439  1902 D aurisys_lib_handler: [LIB] Awinic Info: aw_skt_arsi_destroy_handler done!
03-02 00:56:55.028  1439  1902 D aurisys_lib_handler: aurisys_arsi_destroy_handler(), lib_name smartpa_aw88xxx, 0xb400006feb041000, arsi_destroy_handler, arsi_handler = 0xb400006fe1dc7a40, retval = 0
03-02 00:56:55.028  1439  1902 D aurisys_lib_manager: delete_aurisys_lib_manager(), manager 0xb400006feb05c460
03-02 00:56:55.028  1439  1902 D AudioALSAPlaybackHandlerNormal: -close()
03-02 00:56:55.028  1439  1902 D AudioALSAPlaybackHandlerBase: DestroyAurisysLibManager()
03-02 00:56:55.028  1439  1902 D aurisys_lib_handler: aurisys_arsi_destroy_handler(), lib_name aurisys_demo, 0xb400006fecaa7000, arsi_destroy_handler, arsi_handler = 0xb400006feca82600, retval = 0
03-02 00:56:55.028  1439  1902 D aurisys_lib_manager: delete_aurisys_lib_manager(), manager 0xb400006fecb0c760
03-02 00:56:55.029  1439  1902 D AudioALSAPlaybackHandlerMixer: close(-)
03-02 00:56:55.029  1439  1902 D AudioALSAStreamManager: routingOutputDeviceForIEMs()
03-02 00:56:55.029  1439  1902 D AudioIEMsController: routing(+), cur out 0x0 in 0x0, hs 0, bt 0, usb 0, device 0x2, mask 0x1, on 0
03-02 00:56:55.029  1439  1902 D AudioIEMsController: routing(-), cur out 0x0 in 0x0
03-02 00:56:55.029  1439  1902 D AHAL_Stream: cycle: writing reply Reply{status: 0, fmqByteCount: 0, observable: Position{frames: 3077268638, timeNs: 491094010973808}, hardware: Position{frames: -1, timeNs: -1}, latencyMs: 21, xrunFrames: 0, state: STANDBY}
03-02 00:56:55.036  1524  1533 D ccci_mdinit: (1):monitor_time_update_thread round:57532 ########
03-02 00:56:55.043  2013  2065 D PkgPredictorService-SecIpmManagerServiceImpl: bg information pid:14885 uid:10350 pkgName:com.zhiliaoapp.musically
03-02 00:56:55.044 14885 14885 D BBA2    : setIsFg isFg = false; delayValue 3999ms
03-02 00:56:55.044  5235  5235 I InputMethodService: removeImeSurface
03-02 00:56:55.044  5235  5235 I InputMethodService: cancelImeSurfaceRemoval: removeCallbacks
03-02 00:56:55.045 14616 14732 I Finsky  : [4022] playLoggingServerUrl: https://play.googleapis.com/play/log
03-02 00:56:55.046 14616 14732 I Finsky  : [4022] playLoggingServerTimestampUrl: https://play.googleapis.com/play/log/timestamp
03-02 00:56:55.054 17668 17668 I DQA     : [b]DB open success
03-02 00:56:55.059 17386 17501 W chromium: [WARNING:net/cert/ev_root_ca_metadata.cc:118] Not implemented
03-02 00:56:55.064  2013  2305 D PhoneWindowManager: interceptKeyTi keyCode=24 action=0 repeatCount=0 keyguardOn=false canceled=false
03-02 00:56:55.064  2013  2305 D PhoneWindowManagerExt: interceptKeyTi code=24 down=true repeatCount=0 displayId=-1 interactive=true
03-02 00:56:55.064  2013  2305 I InputDispatcher: Delivering key to (17121): VU action: 0x0 (0), f=0x8, m=0x0, d=0, 'fa6e455'
03-02 00:56:55.068  5235  5235 I HBD     : c skip onKeyDown as physical keyboard not connected
03-02 00:56:55.069  5235  5235 I HBD     : HoneyBoardService onKeyDown r:f3c1a879 consumed:false 0
03-02 00:56:55.069  5235  5235 I HBD     : b onUpdateEditorToolType was called with unKnown motion event.
03-02 00:56:55.071 17121 17121 I VRI[ComponentActivity]@8bc6f92: ViewPostIme key 0
03-02 00:56:55.071 22395 22395 D BoundBrokerSvc: onBind: Intent { act=com.google.android.gms.languageprofile.service.START xflg=0x4 pkg=com.google.android.gms }
03-02 00:56:55.071 22395 22395 D BoundBrokerSvc: Loading bound service for intent: Intent { act=com.google.android.gms.languageprofile.service.START xflg=0x4 pkg=com.google.android.gms }
03-02 00:56:55.071  2013  3319 D MediaSessionService: dispatchVolumeKeyEvent, pkg=com.podcast.app.debug, opPkg=com.podcast.app.debug, pid=17121, uid=10685, asSystem=true, event=KeyEvent { action=ACTION_DOWN, keyCode=KEYCODE_VOLUME_UP, scanCode=115, metaState=0, flags=0x8, repeatCount=0, eventTime=491093913847000, downTime=491093913847000, deviceId=2, source=0x101, displayId=-1 }, stream=-2147483648, musicOnly=false
03-02 00:56:55.072  2013  3319 D MediaSessionService: Adjusting suggestedStream=-2147483648 by 1. flags=4113, preferSuggestedStream=false, session=null
03-02 00:56:55.072  2013  2013 D AudioManager: adjustSuggestedStreamVolumeForUid : suggestedStreamType=-2147483648, direction=1 callers=MediaSessionService$SessionManagerImpl$3.run:56<-Handler.handleCallback:995<-Handler.dispatchMessage:103<-Looper.loopOnce:273<-Looper.loop:363
03-02 00:56:55.073  2013  2013 D AS.AudioService: adjustSuggestedStreamVolume() stream=-2147483648, flags=4113, caller=android, volControlStream=-1, userSelect=false
03-02 00:56:55.074 17668 17668 I DIAGMON_SDK[605076]: DiagMonAgent type: 2
03-02 00:56:55.074 17668 17668 I DIAGMON_SDK[605076][999-399-549750] : generated SR object
03-02 00:56:55.075 17668 17668 I SamsungAnalytics605076: Tracker start:6.05.076
03-02 00:56:55.076  1484  1484 V APM_AudioPolicyManager: getAudioPolicyConfig: audioParam;l_stream_active
03-02 00:56:55.076  1445  2902 W C2MtkBufferManager: [0xB4000070F507E520] fetchNewCcBlock: wait fence 0x0xb4000070f5058270 timed out. ret 110
03-02 00:56:55.077  2013  2013 D AS.AudioService: adjustStreamVolume() stream=3, dir=1, flags=4113, caller=android
03-02 00:56:55.077 17668 17694 I DQA     : [a]Start InitializationTask
03-02 00:56:55.079  2013  2067 I ChimeraSystemEventListener: appLaunchIntent package name is: com.podcast.app.debug.test
03-02 00:56:55.080  1484 15560 V APM_AudioPolicyManager: getAudioPolicyConfig: audioParam;l_fmradio_record_active
03-02 00:56:55.083  2013  3441 I SemDvfsHyPerManager: acquire hyper - AMS_APP_SWITCH/2013@20, type = -999
03-02 00:56:55.084  1450  1487 I HYPER-HAL: [RequestManager.cpp]acquire(): Acquired ID : 2067581  [2013 / 20]    HINT : AMS_ACT_SWITCH    list :
03-02 00:56:55.084  1450  1487 I mtkpower_client: perf_lock_acq, hdl:0, dur:0, num:2, pid:1450, tid:1487
03-02 00:56:55.085  1464  1529 I libPowerHal: [perfLockAcq] idx:2 hdl:76215 hint:-1 pid:1450 tid:1487 duration:0 lock_user:vendor.samsung. => ret_hdl:76215
03-02 00:56:55.086  1464  1529 I libPowerHal: [setDvfsrcDevFreqOpp] opp:0, freq:4266000000
03-02 00:56:55.086  1464  1529 I libPowerHal: [PE] vendor.samsung. update cmd:1000000 param:0 pr:3
03-02 00:56:55.086  1464  1529 I libPowerHal: [perfLockAcq] Done for hdl : 76215
03-02 00:56:55.086  1464  1492 I mtkpower@impl: [setMode] type:5, enabled:1
03-02 00:56:55.086  1450  1487 I mtkpower_client: ret_hdl:76215
03-02 00:56:55.086  1450  1487 I mtkpower_client: perf_lock_acq, hdl:0, dur:0, num:2, pid:1450, tid:1487
03-02 00:56:55.087  2013  2013 D AS.AudioService: updateVolumeGroupIndex for stream 10, muted=false, device=2, index=59, group AUDIO_STREAM_ACCESSIBILITY Muted=false, Index=6, forceMuteState=false
03-02 00:56:55.087  1464  1529 I libPowerHal: [perfLockAcq] idx:5 hdl:76216 hint:-1 pid:1450 tid:1487 duration:0 lock_user:vendor.samsung. => ret_hdl:76216
03-02 00:56:55.087  1464  1529 I libPowerHal: [PE] vendor.samsung. update cmd:400000 param:2000000 pr:3
03-02 00:56:55.088  1464  1529 I libPowerHal: [recordCPUFreqInfo] set cluster[0] min(vendor.samsung.): 2000000 max(-1): -1 cluster[1] min(-1): -1 max(-1): -1
03-02 00:56:55.088  1464  1529 I libPowerHal: [perfLockAcq] Done for hdl : 76216
03-02 00:56:55.088  4784  4784 I SemDvfsHyPerManager: acquire hyper - APP_START_SHORT/4784@15, type = -999
03-02 00:56:55.088  1450  1487 I mtkpower_client: ret_hdl:76216
03-02 00:56:55.088  1450  1487 I HYPER-HAL: [RequestManager.cpp]acquire(): Acquired ID : 11517615  [4784 / 15]    HINT : APP_START    list : [TIMEOUT / 1500]
03-02 00:56:55.088  2013  2013 D AS.AudioService: updateVolumeGroupIndex for stream 9, muted=false, device=2, index=52, group AUDIO_STREAM_TTS Muted=false, Index=5, forceMuteState=false
03-02 00:56:55.089  2013  2013 D AS.AudioService: updateVolumeGroupIndex for stream 3, muted=false, device=2, index=52, group AUDIO_STREAM_MUSIC Muted=false, Index=5, forceMuteState=false
03-02 00:56:55.089  2013  2600 D AS.AudioService: setStreamVolumeIndexAS(streamType=3, index=5, muted=false, device=2)
03-02 00:56:55.089  2013  2600 D AS.AudioService: setStreamVolumeIndexAS(streamType=3, index=5, muted=false, device=1)
03-02 00:56:55.089  2013  2600 D AS.AudioService: setStreamVolumeIndexAS(streamType=10, index=5, muted=false, device=2)
03-02 00:56:55.089  1484 15560 V APM_AudioPolicyManager: setVolumeCurveIndex stream AUDIO_STREAM_ACCESSIBILITY, device 0x00000002, index 5  muted 0
03-02 00:56:55.089  1507  1907 I SurfaceFlinger: id=155297 createSurf, flag=24004, Task=44841#155297
03-02 00:56:55.090  2013  2600 D AS.AudioService: setStreamVolumeIndexAS(streamType=10, index=5, muted=false, device=1)
03-02 00:56:55.090  1484 15560 V APM_AudioPolicyManager: setVolumeCurveIndex stream AUDIO_STREAM_ACCESSIBILITY, device 0x00000001, index 5  muted 0
03-02 00:56:55.092  2013  2600 D AS.AudioService: setStreamVolumeIndexAS(streamType=9, index=5, muted=false, device=2)
03-02 00:56:55.093  1507  1507 I SurfaceFlinger: [Task=44841#155297] attach to parent LayerHierarchy{RequestedLayerState{DefaultTaskDisplayArea_d0#10 parentId=9} 46 children}
03-02 00:56:55.093  1484 15560 V APM_AudioPolicyManager: setVolumeCurveIndex stream AUDIO_STREAM_TTS, device 0x00000002, index 5  muted 0
03-02 00:56:55.093  2013  2600 D AS.AudioService: setStreamVolumeIndexAS(streamType=9, index=5, muted=false, device=1)
03-02 00:56:55.093  1507  1907 I SurfaceFlinger: id=155298 createSurf, flag=84004, ActivityRecord{86372569 u0 com.podcast.app.debug.test/androidx.test.core.app.InstrumentationActivityInvoker$EmptyActivity t44841}#155298
03-02 00:56:55.094  1484 15560 V APM_AudioPolicyManager: setVolumeCurveIndex stream AUDIO_STREAM_TTS, device 0x00000001, index 5  muted 0
03-02 00:56:55.095  1484 15560 V APM_AudioPolicyManager: setAudioPolicyConfig: audioParam;l_volume_fine_key;index=52;device=2
03-02 00:56:55.095  1484 15560 V APM_AudioPolicyManager: setVolumeCurveIndex stream AUDIO_STREAM_MUSIC, device 0x00000002, index 5  muted 0
03-02 00:56:55.095  1507  1507 I BufferQueueProducer: [com.podcast.app.debug/androidx.activity.ComponentActivity$_17121#155285](this:0xb400007a0bbd4e38,id:-1,api:0,p:-1,c:1507) queueBuffer: fps=0.96 dur=1038.92 max=1038.92 min=1038.92
03-02 00:56:55.095  1484 15560 V APM_AudioPolicyManager: getNewOutputDevices selected devices AUDIO_DEVICE_NONE
03-02 00:56:55.095  1484 15560 V APM_AudioPolicyManager: checkAndSetVolume: output 13, stream 3, index 5, devices 0x2, volume 0.032571, delayMs 0, muted false
03-02 00:56:55.096  1484 15560 V APM_AudioPolicyManager: checkAndSetVolume: output 21, stream 3, index 5, devices 0x2, volume 0.032571, delayMs 0, muted false
03-02 00:56:55.097  1484 15560 V APM_AudioPolicyManager: checkAndSetVolume: output 29, stream 3, index 5, devices 0x2, volume 0.032571, delayMs 0, muted false
03-02 00:56:55.099  2013  2600 I AS.AudioService: fine volume : l_volume_fine_key;index=52;device=2
03-02 00:56:55.099  1484 15560 V APM_AudioPolicyManager: setAudioPolicyConfig: audioParam;l_volume_fine_key;index=52;device=1
03-02 00:56:55.099  1484 15560 V APM_AudioPolicyManager: setVolumeCurveIndex stream AUDIO_STREAM_MUSIC, device 0x00000001, index 5  muted 0
03-02 00:56:55.099  1484 15560 V APM_AudioPolicyManager: getNewOutputDevices selected devices AUDIO_DEVICE_NONE
03-02 00:56:55.100  1484 15560 V APM_AudioPolicyManager: checkAndSetVolume: output 13, stream 3, index 5, devices 0x2, volume 0.032571, delayMs 0, muted false
03-02 00:56:55.102  1484 15560 V APM_AudioPolicyManager: checkAndSetVolume: output 21, stream 3, index 5, devices 0x2, volume 0.032571, delayMs 0, muted false
03-02 00:56:55.102  2013  2027 I SemDvfsHyPerManager: acquire hyper - AMS_APP_LAUNCH/2013@17, type = -999
03-02 00:56:55.103  1484 15560 V APM_AudioPolicyManager: checkAndSetVolume: output 29, stream 3, index 5, devices 0x2, volume 0.032571, delayMs 0, muted false
03-02 00:56:55.103  1450  1487 I HYPER-HAL: [RequestManager.cpp]acquire(): Acquired ID : 2061482  [2013 / 17]    HINT : AMS_APP_LAUNCH    list :
03-02 00:56:55.103  2013  2600 I AS.AudioService: fine volume : l_volume_fine_key;index=52;device=1
03-02 00:56:55.104  1450  1487 I mtkpower_client: perf_lock_acq, hdl:0, dur:0, num:2, pid:1450, tid:1487
03-02 00:56:55.104  2746  2808 I ViewRootImpl: dVRR is disabled
03-02 00:56:55.105  1464  1529 I libPowerHal: [perfLockAcq] idx:6 hdl:76217 hint:-1 pid:1450 tid:1487 duration:0 lock_user:vendor.samsung. => ret_hdl:76217
03-02 00:56:55.106  1464  1529 I libPowerHal: [PE] vendor.samsung. update cmd:300c000, param:15, pr:3
03-02 00:56:55.106  1464  1529 I libPowerHal: [perfLockAcq] Done for hdl : 76217
03-02 00:56:55.106  1450  1487 I mtkpower_client: ret_hdl:76217
03-02 00:56:55.106  2746  2870 D NativeCustomFrequencyManager: [NativeCFMS] BpCustomFrequencyManager::BpCustomFrequencyManager()
03-02 00:56:55.106  1450  1487 I mtkpower_client: perf_lock_acq, hdl:0, dur:0, num:2, pid:1450, tid:1487
03-02 00:56:55.107  2746  2798 D ShellDesktopMode: handleRequest: TransitionRequestInfo {type=1, tid=44841, debugId=11223}
03-02 00:56:55.108  1450  1487 I mtkpower_client: ret_hdl:76218
03-02 00:56:55.108  1450  1487 I mtkpower_client: perf_lock_rel, hdl:76216, pid: 1450, tid:1487
03-02 00:56:55.108  1464  1529 I libPowerHal: [perfLockAcq] idx:7 hdl:76218 hint:-1 pid:1450 tid:1487 duration:0 lock_user:vendor.samsung. => ret_hdl:76218
03-02 00:56:55.108 17121 17691 D ProfileInstaller: Installing profile for com.podcast.app.debug
03-02 00:56:55.108  1464  1529 I libPowerHal: [set_cpuidle] enable:0, fd:17, scn:0xb40000737b6173c8
03-02 00:56:55.108  1464  1529 I libPowerHal: [get_cpu_dma_latency_value] 0
03-02 00:56:55.108  1464  1529 I libPowerHal: [PE] vendor.samsung. update cmd:1c3c100 param:0 pr:3
03-02 00:56:55.108  1464  1529 I libPowerHal: [perfLockAcq] Done for hdl : 76218
03-02 00:56:55.109  1464  1529 I libPowerHal: [perfLockRel] hdl:76216, idx:5
03-02 00:56:55.109  1464  1529 I libPowerHal: [PD] vendor.samsung. update cmd:400000 param:-1 pr:6
03-02 00:56:55.109  1450  1487 I mtkpower_client: perf_lock_acq, hdl:0, dur:0, num:2, pid:1450, tid:1487
03-02 00:56:55.109  1464  1529 I libPowerHal: [recordCPUFreqInfo] set cluster[0] min(-1): -1 max(-1): -1 cluster[1] min(-1): -1 max(-1): -1
03-02 00:56:55.109  1464  1529 I libPowerHal: [perfLockRel] Done for hdl : 76216
03-02 00:56:55.110  2013  2027 D InputTransport: Input channel constructed: '675c613', fd=964
03-02 00:56:55.110  2013  2027 D InputTransport: Input channel constructed: '675c613', fd=1074
03-02 00:56:55.110  2013  2027 D InputTransport: Input channel constructed: '675c613', fd=1083
03-02 00:56:55.110  2013  2027 D InputTransport: Input channel destroyed: '675c613', fd=1074
03-02 00:56:55.110  1450  1487 I mtkpower_client: ret_hdl:76219
03-02 00:56:55.110  1450  1487 I mtkpower_client: perf_lock_rel, hdl:76215, pid: 1450, tid:1487
03-02 00:56:55.110  1464  1529 I libPowerHal: [perfLockAcq] idx:5 hdl:76219 hint:-1 pid:1450 tid:1487 duration:0 lock_user:vendor.samsung. => ret_hdl:76219
03-02 00:56:55.110  1464  1529 I libPowerHal: [PE] vendor.samsung. update cmd:400000 param:2000000 pr:3
03-02 00:56:55.110  1464  1529 I libPowerHal: [recordCPUFreqInfo] set cluster[0] min(vendor.samsung.): 2000000 max(-1): -1 cluster[1] min(-1): -1 max(-1): -1
03-02 00:56:55.110  1464  1529 I libPowerHal: [perfLockAcq] Done for hdl : 76219
03-02 00:56:55.111  1507  2393 I SurfaceFlinger: id=155299 createSurf, flag=84004, 675c613 Splash Screen com.podcast.app.debug.test#155299
03-02 00:56:55.111  1464  1529 I libPowerHal: [perfLockRel] hdl:76215, idx:2
03-02 00:56:55.111  1450  1487 I mtkpower_client: perf_lock_acq, hdl:0, dur:0, num:2, pid:1450, tid:1487
03-02 00:56:55.111  1464  1529 I libPowerHal: [PD] vendor.samsung. update cmd:1000000 param:-1 pr:6
03-02 00:56:55.111  1464  1529 I libPowerHal: [perfLockRel] Done for hdl : 76215
03-02 00:56:55.111  1450  1487 I mtkpower_client: ret_hdl:76220
03-02 00:56:55.112  1464  1529 I libPowerHal: [perfLockAcq] idx:2 hdl:76220 hint:-1 pid:1450 tid:1487 duration:0 lock_user:vendor.samsung. => ret_hdl:76220
03-02 00:56:55.112  1464  1529 I libPowerHal: [setDvfsrcDevFreqOpp] opp:0, freq:4266000000
03-02 00:56:55.112  1464  1529 I libPowerHal: [PE] vendor.samsung. update cmd:1000000 param:0 pr:3
03-02 00:56:55.112  1464  1529 I libPowerHal: [perfLockAcq] Done for hdl : 76220
03-02 00:56:55.112  1507  1825 I SurfaceFlinger: Capture layer list: 	 com.podcast.app.debug/androidx.activity.ComponentActivity$_17121#155285(seamlessTransition:0)
03-02 00:56:55.113  2013  2027 D InputTransport: Input channel destroyed: '675c613', fd=1083
03-02 00:56:55.114  2746  2808 D InputTransport: Input channel constructed: '675c613', fd=493
03-02 00:56:55.114  2746  2808 I InsetsController: onStateChanged: host=Splash Screen com.podcast.app.debug.test, from=android.view.ViewRootImpl.onInsetsStateChanged:3026, state=InsetsState: {mDisplayFrame=Rect(0, 0 - 1080, 2340), mDisplayCutout=DisplayCutout{insets=Rect(0, 80 - 0, 0) waterfall=Insets{left=0, top=0, right=0, bottom=0} boundingRect={Bounds=[Rect(0, 0 - 0, 0), Rect(472, 0 - 608, 80), Rect(0, 0 - 0, 0), Rect(0, 0 - 0, 0)]} cutoutPathParserInfo={CutoutPathParserInfo{displayWidth=1080 displayHeight=2340 physicalDisplayWidth=1080 physicalDisplayHeight=2340 density={2.8125} cutoutSpec={M 0,0 H -24.177777778 V 28.4444444444 H 24.177777778 V 0 H 0 Z @dp} rotation={0} scale={1.0} physicalPixelDisplaySizeRatio={1.0}}} sideOverrides={}}, mRoundedCorners=RoundedCorners{[RoundedCorner{position=TopLeft, radius=113, center=Point(113, 113)}, RoundedCorner{position=TopRight, radius=113, center=Point(967, 113)}, RoundedCorner{position=BottomRight, radius=113, center=Point(967, 2227)}, RoundedCorner{position=BottomLeft, radius=113, center=Point(113, 2227)}]}  mRoundedCornerFrame=Rect(0, 0 - 1080, 2340), mPrivacyIndicatorBounds=PrivacyIndicatorBounds {static bounds=Rect(956, 0 - 1080, 80) rotation=0}, mDisplayShape=DisplayShape{ spec=-311912193 displayWidth=1080 displayHeight=2340 physicalPixelDisplaySizeRatio=1.0 rotation=0 offsetX=0 offsetY=0 scale=1.0}, mSources= { InsetsSource: {e9af0000 mType=statusBars mFrame=[0,0][1080,80] mVisible=true mFlags= mSideHint=TOP mBoundingRects=null}, InsetsSource: {e9af0005 mType=mandatorySystemGestures mFrame=[0,0][1080,114] mVisible=true mFlags= mSideHint=TOP mBoundingRects=null}, InsetsSource: {e9af0006 mType=tappableElement mFrame=[0,0][1080,80] mVisible=true mFlags= mSideHint=TOP mBoundingRects=null}, InsetsSource: {27 mType=displayCutout mFrame=[0,0][1080,80] mVisible=true mFlags= mSideHint=TOP mBoundingRects=null}, InsetsSource: {26ed0001 mType=navigationBars mFrame=[0,2298][1080,2340] mVisible=true mFlags=SUPPRESS_SCRIM mSideHint=BOTTOM mBoundingRects=null}, InsetsSource: {26ed0004 mType=systemGestures mFrame=[0,0][84,2340] mVisible=true mFlags= mSideHint=LEFT mBoundingRects=null}, InsetsSource: {26ed0005 mType=mandatorySystemGestures mFrame=[0,2250][1080,2340] mVisible=true mFlags= mSideHint=BOTTOM mBoundingRects=null}, InsetsSource: {26ed0006 mType=tappableElement mFrame=[0,0][0,0] mVisible=true mFlags= mSideHint=NONE mBoundingRects=null}, InsetsSource: {26ed0024 mType=systemGestures mFrame=[996,0][1080,2340] mVisible=true mFlags= mSideHint=RIGHT mBoundingRects=null} }
03-02 00:56:55.115  1507  1507 I SurfaceFlinger: [Display 0 name="Built-in Screen"#49] setFrameRateCategory: High
03-02 00:56:55.115  2746  2808 I VRI[test]@6c3dd5d: onActiveControlsChanged, removed=false, mAdded=true, caller=android.view.ViewRootImpl.handleInsetsControlChanged:3002 android.view.ViewRootImpl.setView:2014 android.view.WindowManagerGlobal.addView:604 com.android.wm.shell.startingsurface.SplashscreenWindowCreator.addWindow:38 com.android.wm.shell.startingsurface.StartingWindowController$$ExternalSyntheticLambda4.run:1365
03-02 00:56:55.115  2746  2808 I VRI[test]@6c3dd5d: synced displayState. AttachInfo displayState=2
03-02 00:56:55.115  1507  1507 I SurfaceFlinger: [ActivityRecord{86372569 u0 com.podcast.app.debug.test/androidx.test.core.app.InstrumentationActivityInvoker$EmptyActivity t44841}#155298] attach to parent LayerHierarchy{RequestedLayerState{Task=44841#155297 parentId=10} 1 children}
03-02 00:56:55.115  1507  1507 I SurfaceFlinger: [675c613 Splash Screen com.podcast.app.debug.test#155299] attach to parent LayerHierarchy{RequestedLayerState{ActivityRecord{86372569 u0 com.podcast.app.debug.test/androidx.test.core.app.InstrumentationActivityInvoker$EmptyActivity t44841}#155298 parentId=155297} 1 children}
03-02 00:56:55.115  2746  2808 I VRI[test]@6c3dd5d: setView = android.widget.FrameLayout@9c806ff IsHRR=false mFlingFrameRateChange=0 TM=true
03-02 00:56:55.115  2746  2870 D HWUI    : HWUI - treat SMPTE_170M as sRGB
03-02 00:56:55.117  2013  4759 I WindowManager: Relayout Window{675c613 u0 Splash Screen com.podcast.app.debug.test}: viewVisibility=0 req=1080x2340 ty=3 d0
03-02 00:56:55.117 17121 17121 D LifecycleMonitor: Lifecycle status change: androidx.activity.ComponentActivity@d2941cf in: PAUSED
03-02 00:56:55.117 17121 17121 V ActivityScenario: Update currentActivityStage to PAUSED, currentActivity=androidx.activity.ComponentActivity@d2941cf
03-02 00:56:55.118  1507  1907 I SurfaceFlinger: id=155300 createSurf, flag=44004, Splash Screen com.podcast.app.debug.test$_2746#155300
03-02 00:56:55.119  1507  1507 I BpBinder: onLastStrongRef automatically unlinking death recipients:
03-02 00:56:55.126  2013  2719 D InputDispatcher: Focused application(0): ActivityRecord{86372569 u0 com.podcast.app.debug.test/androidx.test.core.app.InstrumentationActivityInvoker$EmptyActivity t44841}
03-02 00:56:55.127  2746  3672 I vol.Events: writeEvent active_stream_changed STREAM_MUSIC
03-02 00:56:55.128  4784  4784 I SemDvfsHyPerManager: acquire hyper - APP_START/4784@17, type = -999
03-02 00:56:55.128  1450  1487 I HYPER-HAL: [RequestManager.cpp]acquire(): Acquired ID : 11527218  [4784 / 17]    HINT : APP_START    list :
03-02 00:56:55.129  2013  3345 D GraphicsStatsService: requestRenderEngineFor(com.podcast.app.debug.test)
03-02 00:56:55.132  2013  4759 I WindowManager: Relayout hash=675c613, pid=2746, syncId=-1: mAttrs={(0,0)(fillxfill) sim={adjust=pan} layoutInDisplayCutoutMode=always ty=APPLICATION_STARTING fmt=TRANSLUCENT
03-02 00:56:55.132  2013  4759 I WindowManager:   fl=81030118
03-02 00:56:55.132  2013  4759 I WindowManager:   pfl=10000810
03-02 00:56:55.132  2013  4759 I WindowManager:   apr=18
03-02 00:56:55.132  2013  4759 I WindowManager:   bhv=1
03-02 00:56:55.132  2013  4759 I WindowManager:   fitSides=0
03-02 00:56:55.132  2013  4759 I WindowManager:   frameRateBoostOnTouch=true
03-02 00:56:55.132  2013  4759 I WindowManager:   dvrrWindowFrameRateHint=true naviIconColor=0}
03-02 00:56:55.132  2746  2808 I VRI[test]@6c3dd5d: onActiveControlsChanged, removed=false, mAdded=true, caller=android.view.ViewRootImpl.handleInsetsControlChanged:3002 android.view.ViewRootImpl.relayoutWindow:11629 android.view.ViewRootImpl.performTraversals:4804 android.view.ViewRootImpl.doTraversal:3924 android.view.ViewRootImpl$TraversalRunnable.run:12903
03-02 00:56:55.133  2746  2808 D BufferQueueConsumer: [](id:aba00001df7,api:0,p:-1,c:2746) connect: controlledByApp=false
03-02 00:56:55.133  2746  3672 I vol.Events: writeEvent level_changed STREAM_MUSIC 520
03-02 00:56:55.133  3202  4699 I HoneySpace.RecentTasks: onRecentTasksChanged
03-02 00:56:55.133  2746  2808 I BLASTBufferQueue: [VRI[test]@6c3dd5d#7671](f:0,a:0,s:0) constructor()
03-02 00:56:55.133  3202  3918 I HoneySpace.RecentTasks: onRecentTasksChanged
03-02 00:56:55.136  3202  3386 I HoneySpace.TopTaskSource: onTaskMovedToFront : taskId = 44841, displayId = 0
03-02 00:56:55.136  2746  2808 I BLASTBufferQueue_Java: new BLASTBufferQueue, mName= VRI[test]@6c3dd5d mNativeObject= 0xb4000076ae345400 caller= android.view.ViewRootImpl.updateBlastSurfaceIfNeeded:3585 android.view.ViewRootImpl.relayoutWindow:11685 android.view.ViewRootImpl.performTraversals:4804 android.view.ViewRootImpl.doTraversal:3924 android.view.ViewRootImpl$TraversalRunnable.run:12903 android.view.Choreographer$CallbackRecord.run:1901 android.view.Choreographer$CallbackRecord.run:1910 android.view.Choreographer.doCallbacks:1367 android.view.Choreographer.doFrame:1292 android.view.Choreographer$FrameDisplayEventReceiver.run:1870
03-02 00:56:55.136  2746  2808 I BLASTBufferQueue_Java: update, w= 1080 h= 2340 mName = VRI[test]@6c3dd5d mNativeObject= 0xb4000076ae345400 sc.mNativeObject= 0xb4000076e58b6b40 format= -3 caller= android.view.ViewRootImpl.updateBlastSurfaceIfNeeded:3590 android.view.ViewRootImpl.relayoutWindow:11685 android.view.ViewRootImpl.performTraversals:4804 android.view.ViewRootImpl.doTraversal:3924 android.view.ViewRootImpl$TraversalRunnable.run:12903 android.view.Choreographer$CallbackRecord.run:1901
03-02 00:56:55.136  2746  2808 I BLASTBufferQueue: [VRI[test]@6c3dd5d#7671](f:0,a:0,s:0) update width=1080 height=2340 format=-3 mTransformHint=0
03-02 00:56:55.137  2746  2808 I VRI[test]@6c3dd5d: Relayout returned: old=(0,0,1080,2340) new=(0,0,1080,2340) relayoutAsync=false req=(1080,2340)0 dur=17 res=0x3 s={true 0xb40000772ade5600} ch=true seqId=0
03-02 00:56:55.137  1507  1507 I SurfaceFlinger: [LayerHierarchy{RequestedLayerState{ImeContainer#15 parentId=155282 relativeParentId=155282 z=1} 1 children}] RelativeParent to null
03-02 00:56:55.137  1507  1507 I SurfaceFlinger: [Splash Screen com.podcast.app.debug.test$_2746#155300] attach to parent LayerHierarchy{RequestedLayerState{675c613 Splash Screen com.podcast.app.debug.test#155299 parentId=155298} 1 children}
03-02 00:56:55.137  2746  3672 D vol.VolumeDialogControl: onVolumeChangedW stream = 3, flags = 135185, lastAudibleStreamVolume = 520, changed = true, showUI = true, dualAudio = false, musicStreamState=[routedToHeadset=false, routedToBuds=false, routedToBuds3=false, routedToHomeMini=false, routedToMusicFrame=false, routedToHearingAid=false, remoteFixedVolume=false, remoteSpeaker=false]
03-02 00:56:55.138  2746  3672 I SoundCraft.VolumeManager: updateVolumeState VolumeModel(volume=52, minVolume=0, maxVolume=150, device=2, enable=true, isBroadcast=false, isAllSoundMute=false, isZenMode=0, isZenModeDisabled=false, isSmartViewEnabled=false, isMusicShareEnabled=false, isDisallowAdjustVolume=false)
03-02 00:56:55.138  2746  3672 D VolumeSeekBar: [QP volume] updateVolumeModel model: VolumeModel(volume=52, minVolume=0, maxVolume=150, device=0, enable=true, isBroadcast=false, isAllSoundMute=false, isZenMode=0, isZenModeDisabled=false, isSmartViewEnabled=false, isMusicShareEnabled=false, isDisallowAdjustVolume=false) isTracking : false
03-02 00:56:55.138  2746  3672 D VolumeSeekBar: [QP volume] updateVolumeModel model: VolumeModel(volume=52, minVolume=0, maxVolume=150, device=0, enable=true, isBroadcast=false, isAllSoundMute=false, isZenMode=0, isZenModeDisabled=false, isSmartViewEnabled=false, isMusicShareEnabled=false, isDisallowAdjustVolume=false) isTracking : false
03-02 00:56:55.139  2746  3672 I vol.Events: writeEvent key STREAM_MUSIC 520
03-02 00:56:55.139  2013  4759 D AS.AudioService: forceVolumeControlStream(3)
03-02 00:56:55.140  2746  2808 D VRI[test]@6c3dd5d: mThreadedRenderer.initialize() mSurface={isValid=true 0xb40000772ade5600} hwInitialized=true
03-02 00:56:55.140  2746  2808 D VRI[test]@6c3dd5d: reportNextDraw android.view.ViewRootImpl.performTraversals:5443 android.view.ViewRootImpl.doTraversal:3924 android.view.ViewRootImpl$TraversalRunnable.run:12903 android.view.Choreographer$CallbackRecord.run:1901 android.view.Choreographer$CallbackRecord.run:1910
03-02 00:56:55.140  2746  2808 D VRI[test]@6c3dd5d: Setup new sync=wmsSync-VRI[test]@6c3dd5d#57
03-02 00:56:55.140  2746  2808 I VRI[test]@6c3dd5d: Creating new active sync group VRI[test]@6c3dd5d#58
03-02 00:56:55.142 14616 14732 I Finsky  : [4022] CronetEngine is present. Using Cronet for the networking stack.
03-02 00:56:55.144  2746  2808 D VRI[test]@6c3dd5d: registerCallbacksForSync syncBuffer=false
03-02 00:56:55.145  2746  2746 D SecVolume.VolumePanelStore: dispatch [ACTION_STATE_CHANGED with [STATE_UPDATE], currentAction={isFromOutside : true, isVoiceCapble : true, activeStream : 3}, currentState={activeStream=3(vol=420), stream=3(vol=420) } isPendingState : true, isHasVibrator : true, isVoiceCapable : true, isSetupWizardComplete : true, isCaptionComponentEnabled : true, isMediaDefaultEnabled : true, ringerModeInternal : 2, timeOutControlsText : 0, cutoutHeight : 0, iconTargetState : 2, pinDevice : 0, activeStream : 3, iconCurrentState : 2, timeOutControls : 0, timeOut : 3000, stream : 3, earProtectLevel : 909, systemTimeNow : 491091789}
03-02 00:56:55.148  2013  2600 D AS.MultiSoundManager: mForegroundUid = 10687
03-02 00:56:55.149  2013  3345 W ParceledListSlice: Element #30 is 21544 bytes.
03-02 00:56:55.149  1445  2902 W C2MtkBufferManager: [0xB4000070F507E520] fetchNewCcBlock: wait fence 0x0xb4000070f5058270 timed out. ret 110
03-02 00:56:55.151  2746  2866 D VRI[test]@6c3dd5d: Received frameDrawingCallback syncResult=0 frameNum=1.
03-02 00:56:55.151  2746  2866 I VRI[test]@6c3dd5d: mWNT: t=0xb4000076d39e1400 mBlastBufferQueue=0xb4000076ae345400 fn= 1 HdrRenderState mRenderHdrSdrRatio=1.0 caller= android.view.ViewRootImpl$12.onFrameDraw:15441 android.view.ThreadedRenderer$1.onFrameDraw:718 <bottom of call stack>
03-02 00:56:55.151  2013  2306 D InputReader: Input event(9): value=0 when=491094.151974
03-02 00:56:55.151  2746  2866 I VRI[test]@6c3dd5d: Setting up sync and frameCommitCallback
03-02 00:56:55.151  2013  2306 D PhoneWindowManager: interceptKeyTq keycode=24 interactive=true keyguardActive=false policyFlags=22000000
03-02 00:56:55.152  2013  2306 D PhoneWindowManagerExt: interceptKeyTq code=24 down=false repeatCount=0 displayId=-1 interactive=true powerCombination=false
03-02 00:56:55.153  2013  2306 D PhoneWindowManager: interceptKeyTq interceptKeyResult=1
03-02 00:56:55.153  2013  2065 D PkgPredictorService-SecIpmManagerServiceImpl: onForegroundActivitiesChanged pid:17532 uid:10687
03-02 00:56:55.153  2013  3282 V PkgPredictorService-SecIpmManagerServiceImpl: discard foreground app:com.podcast.app.debug.test 1|true
03-02 00:56:55.153  2013  2305 D PhoneWindowManager: interceptKeyTi keyCode=24 action=1 repeatCount=0 keyguardOn=false canceled=false
03-02 00:56:55.154  2013  2305 D PhoneWindowManagerExt: interceptKeyTi code=24 down=false repeatCount=0 displayId=-1 interactive=true
03-02 00:56:55.154  2013  2305 I InputDispatcher: Waiting because fa6e455 com.podcast.app.debug/androidx.activity.ComponentActivity is paused
03-02 00:56:55.155  2746  2746 D SecVolume.SmartViewInteractor: isSmartView=false
03-02 00:56:55.156  2746  2746 D SecVolume.VolumePanelStore:   > New State : [STATE_UPDATE]
03-02 00:56:55.158  2746  2746 D SecVolume.JSonLogger: applyVolumeRow 3: {"boolMap":{"ICON_ENABLED":false,"DYNAMIC":false,"VISIBILITY":true,"ICON_CLICKABLE":true,"MUTED":false,"SLIDER_ENABLED":true,"TRACKING":false,"ROUTED_TO_BLUETOOTH":false,"IMPORTANT":true,"ACTIVE_NOW":false},"intMap":{"ORIGINAL_PRIORITY":5,"PRIORITY":0,"LEVEL_MAX":15,"ICON_TYPE":3,"EAR_PROTECT_LEVEL":-1,"LEVEL":520,"REAL_LEVEL":520,"AUDIBLE_LEVEL":520,"LEVEL_MIN":0},"longMap":{"USER_ATTEMPT_TIME":490387300},"streamType":3,"stringMap":{"NAME_RES":"com.android.systemui:string/volumepanel_media","REMOTE_LABEL":"","DUAL_BT_DEVICE_ADDRESS":"","DUAL_BT_DEVICE_NAME":"","SMART_VIEW_LABEL":""}}
03-02 00:56:55.158  2746  2746 D SecVolume.VolumePanelStore: dispatch [ACTION_PANEL_SHOW with [STATE_UPDATE], currentAction={isFromOutside : true}, currentState={activeStream=3(vol=520), stream=3(vol=520) } isPendingState : true, isHasVibrator : true, isVoiceCapable : true, isSetupWizardComplete : true, isCaptionComponentEnabled : true, isMediaDefaultEnabled : true, ringerModeInternal : 2, timeOutControlsText : 0, cutoutHeight : 0, iconTargetState : 2, pinDevice : 0, activeStream : 3, iconCurrentState : 2, timeOutControls : 0, timeOut : 3000, stream : 3, earProtectLevel : 909, systemTimeNow : 491094146}
03-02 00:56:55.163  3202  3390 I HoneySpace.TopTaskUseCase: topTasks 44841 ComponentInfo{com.podcast.app.debug.test/androidx.test.core.app.InstrumentationActivityInvoker$EmptyActivity}[displayId=0]
03-02 00:56:55.164  1507  1565 E SfCpu   :  sched_setaffinity return fail 1461
03-02 00:56:55.165  1507  1565 E SfCpu   :  sched_setaffinity return fail 1444
03-02 00:56:55.165  1507  1845 D SurfaceFlinger: [input] setFocusedWindow: <null>
03-02 00:56:55.166  1507  1845 D SurfaceFlinger: updateWinowInfo=1, setFocusedWindow timestamp=491094135499039, windowName=<null>
03-02 00:56:55.167  2746  2870 I BLASTBufferQueue: [VRI[test]@6c3dd5d#7671](f:0,a:0,s:0) onFrameAvailable the first frame is available
03-02 00:56:55.167  2746  2870 I BLASTBufferQueue: [VRI[test]@6c3dd5d#7671](f:0,a:1,s:0) acquireNextBufferLocked size=1080x2340 mFrameNumber=1 applyTransaction=true mTimestamp=491094167773270(auto) mPendingTransactions.size=0 graphicBufferId=11793980283147 transform=0
03-02 00:56:55.167  2746  2870 I VRI[test]@6c3dd5d: Received frameCommittedCallback lastAttemptedDrawFrameNum=1 didProduceBuffer=true
03-02 00:56:55.167  2013  3821 D InputDispatcher: Focus left window (0): fa6e455 com.podcast.app.debug/androidx.activity.ComponentActivity
03-02 00:56:55.167  2013  3821 D InputDispatcher: Cancel for 'fa6e455': focus left window, m=2
03-02 00:56:55.169  2013  3821 I InputDispatcher: Delivering key to (-1): VU action: 0x1 (0), f=0x28, m=0x0, d=-1, 'fa6e455'
03-02 00:56:55.169  2013  2719 D InputDispatcher: Once focus requested (0): <null>
03-02 00:56:55.169 25915 26075 I Rubin   : [4019] M.c0.k(Unknown Source) : Notify com.samsung.android.rubin.inferenceengine.contextanalytics.engine.loggers.AppUsageLogger's database is updated.
03-02 00:56:55.169  2013  2305 W InputDispatcher: Waiting because no window has focus but ActivityRecord{86372569 u0 com.podcast.app.debug.test/androidx.test.core.app.InstrumentationActivityInvoker$EmptyActivity t44841} may eventually add a window when it finishes starting up. Will wait for 10000ms
03-02 00:56:55.169  2013  2305 W InputDispatcher: Still no focused window. Will drop the event in 9999ms
03-02 00:56:55.170 17121 17121 I ImeFocusController: onPreWindowFocus: skipped hasWindowFocus=false mHasImeFocus=true
03-02 00:56:55.170  2746  2870 D HWUI    : CFMS:: SetUp Pid : 2746    Tid : 2870
03-02 00:56:55.171  2746  2808 D VRI[test]@6c3dd5d: reportDrawFinished seqId=0
03-02 00:56:55.171 17121 17121 I ImeFocusController: onPostWindowFocus: skipped hasWindowFocus=false mHasImeFocus=true
03-02 00:56:55.171  4750  5201 I DMASA[D][999-399-549750]: [DiagmonProvider]Received msg based on provider : true / anr_logging
03-02 00:56:55.171  5235  5235 I HBD     : HoneyBoardService onKeyUp r:bef036f1 consumed:false 0
03-02 00:56:55.174 17532 17532 I DecorView: setWindowBackground: isPopOver=false color=ffffffff d=android.graphics.drawable.ColorDrawable@bf23a31
03-02 00:56:55.174 17121 17121 I VRI[ComponentActivity]@8bc6f92: ViewPostIme key 1
03-02 00:56:55.174  2013  4759 D MediaSessionService: dispatchVolumeKeyEvent, pkg=com.podcast.app.debug, opPkg=com.podcast.app.debug, pid=17121, uid=10685, asSystem=true, event=KeyEvent { action=ACTION_UP, keyCode=KEYCODE_VOLUME_UP, scanCode=115, metaState=0, flags=0x28, repeatCount=0, eventTime=491094168718808, downTime=491093913847000, deviceId=2, source=0x101, displayId=-1 }, stream=-2147483648, musicOnly=false
03-02 00:56:55.176  4750  5201 I DMASA[D][999-399-549750]: [DiagmonProvider]Signature Check Success
03-02 00:56:55.180 17668 17693 I DIAGMON_SDK[605076][999-399-549750] : Results : Success
03-02 00:56:55.180  2746  2746 D SecVolume.AudioManagerController: device=2, pinDevice=0, isSmartView=false, isAudioMirroring=false, isLeBroadcasting=false, isImportant=false
03-02 00:56:55.183  2013  3821 D AS.AudioService: getPinAppInfo, device=0, pinappinfo=
03-02 00:56:55.184 25915 26075 I Rubin   : [4019] com.samsung.android.rubin.inferenceengine.contextanalytics.engine.monitors.moment.exercise.ExercisingWithCalendarMonitor.isSatisfiedByCalendarEvent(Unknown Source) : isSatisfiedByCalendarEvent is false
03-02 00:56:55.185 25915 26075 I Rubin   : [4019] com.samsung.android.rubin.inferenceengine.contextanalytics.engine.monitors.moment.exercise.ExercisingWithCmhMonitor.isSatisfiedByCmh(Unknown Source) : isSatisfiedByCmh is false
03-02 00:56:55.188  1507  1907 I SurfaceFlinger: id=155301 createSurf, flag=84004, Transition Root: Task=44841#155301
03-02 00:56:55.189  2013  3819 W ParceledListSlice: Element #30 is 21544 bytes.
03-02 00:56:55.196  2013  2068 I SurfaceControlRegistry: show, t=StartTransaction_SyncId<11223> sc=ActivityRecord{86372569 u0 com.podcast.app.debug.test/androidx.test.core.app.InstrumentationActivityInvoker$EmptyActivity t44841}, caller=android.view.SurfaceControl$Transaction.show:3557 com.android.server.wm.Transition.onTransactionReady:2048 com.android.server.wm.BLASTSyncEngine$SyncGroup.finishNow:240 com.android.server.wm.BLASTSyncEngine.onSurfacePlacement:263 com.android.server.wm.RootWindowContainer.performSurfacePlacementNoTrace:1083 com.android.server.wm.WindowSurfacePlacer.performSurfacePlacement:166
03-02 00:56:55.200  2013  2068 D ScreenCapture: [Capture_TEST] : setIsScreenShotBySystem false
03-02 00:56:55.200  2013  2068 I SurfaceComposerClient: captureLayers:childrenOnly:1, sync:1
03-02 00:56:55.201 17532 17532 I ViewRootImpl: dVRR is disabled
03-02 00:56:55.202 17532 17563 D NativeCustomFrequencyManager: [NativeCFMS] BpCustomFrequencyManager::BpCustomFrequencyManager()
03-02 00:56:55.210  1646  1646 I CameraService: onUidStateChanged: uid=10062, procState is changed. (0 -> 1)
03-02 00:56:55.210  1507  1907 I SurfaceFlinger: Capture layer list: 	 com.podcast.app.debug/androidx.activity.ComponentActivity$_17121#155285(seamlessTransition:0)
03-02 00:56:55.215  1507  1825 I SurfaceFlinger: Capture layer list: 	 com.podcast.app.debug/androidx.activity.ComponentActivity$_17121#155285(seamlessTransition:0)
03-02 00:56:55.221  2013  3819 D InputTransport: Input channel constructed: '8b01929', fd=1083
03-02 00:56:55.221  2013  3819 D InputTransport: Input channel constructed: '8b01929', fd=1090
03-02 00:56:55.221  2013  3819 D InputTransport: Input channel constructed: '8b01929', fd=1100
03-02 00:56:55.221  2013  3819 D InputTransport: Input channel destroyed: '8b01929', fd=1090
03-02 00:56:55.222  1507  1907 I SurfaceFlinger: id=155302 createSurf, flag=84004, 8b01929 com.podcast.app.debug.test/androidx.test.core.app.InstrumentationActivityInvoker$EmptyActivity#155302
03-02 00:56:55.223  1445  2902 W C2MtkBufferManager: [0xB4000070F507E520] fetchNewCcBlock: wait fence 0x0xb4000070f5058270 timed out. ret 110
03-02 00:56:55.224  2013  3819 D InputTransport: Input channel destroyed: '8b01929', fd=1100
03-02 00:56:55.224 17532 17532 D InputTransport: Input channel constructed: '8b01929', fd=122
03-02 00:56:55.225 17532 17532 I InsetsController: onStateChanged: host=com.podcast.app.debug.test/androidx.test.core.app.InstrumentationActivityInvoker$EmptyActivity, from=android.view.ViewRootImpl.onInsetsStateChanged:3026, state=InsetsState: {mDisplayFrame=Rect(0, 0 - 1080, 2340), mDisplayCutout=DisplayCutout{insets=Rect(0, 80 - 0, 0) waterfall=Insets{left=0, top=0, right=0, bottom=0} boundingRect={Bounds=[Rect(0, 0 - 0, 0), Rect(472, 0 - 608, 80), Rect(0, 0 - 0, 0), Rect(0, 0 - 0, 0)]} cutoutPathParserInfo={CutoutPathParserInfo{displayWidth=1080 displayHeight=2340 physicalDisplayWidth=1080 physicalDisplayHeight=2340 density={2.8125} cutoutSpec={M 0,0 H -24.177777778 V 28.4444444444 H 24.177777778 V 0 H 0 Z @dp} rotation={0} scale={1.0} physicalPixelDisplaySizeRatio={1.0}}} sideOverrides={}}, mRoundedCorners=RoundedCorners{[RoundedCorner{position=TopLeft, radius=113, center=Point(113, 113)}, RoundedCorner{position=TopRight, radius=113, center=Point(967, 113)}, RoundedCorner{position=BottomRight, radius=113, center=Point(967, 2227)}, RoundedCorner{position=BottomLeft, radius=113, center=Point(113, 2227)}]}  mRoundedCornerFrame=Rect(0, 0 - 1080, 2340), mPrivacyIndicatorBounds=PrivacyIndicatorBounds {static bounds=Rect(956, 0 - 1080, 80) rotation=0}, mDisplayShape=DisplayShape{ spec=-311912193 displayWidth=1080 displayHeight=2340 physicalPixelDisplaySizeRatio=1.0 rotation=0 offsetX=0 offsetY=0 scale=1.0}, mSources= { InsetsSource: {e9af0000 mType=statusBars mFrame=[0,0][1080,80] mVisible=true mFlags= mSideHint=TOP mBoundingRects=null}, InsetsSource: {e9af0005 mType=mandatorySystemGestures mFrame=[0,0][1080,114] mVisible=true mFlags= mSideHint=TOP mBoundingRects=null}, InsetsSource: {e9af0006 mType=tappableElement mFrame=[0,0][1080,80] mVisible=true mFlags= mSideHint=TOP mBoundingRects=null}, InsetsSource: {3 mType=ime mFrame=[0,0][0,0] mVisible=false mFlags= mSideHint=NONE mBoundingRects=null}, InsetsSource: {27 mType=displayCutout mFrame=[0,0][1080,80] mVisible=true mFlags= mSideHint=TOP mBoundingRects=null}, InsetsSource: {26ed0001 mType=navigationBars mFrame=[0,2298][1080,2340] mVisible=true mFlags=SUPPRESS_SCRIM mSideHint=BOTTOM mBoundingRects=null}, InsetsSource: {26ed0004 mType=systemGestures mFrame=[0,0][84,2340] mVisible=true mFlags= mSideHint=LEFT mBoundingRects=null}, InsetsSource: {26ed0005 mType=mandatorySystemGestures mFrame=[0,2250][1080,2340] mVisible=true mFlags= mSideHint=BOTTOM mBoundingRects=null}, InsetsSource: {26ed0006 mType=tappableElement mFrame=[0,0][0,0] mVisible=true mFlags= mSideHint=NONE mBoundingRects=null}, InsetsSource: {26ed0024 mType=systemGestures mFrame=[996,0][1080,2340] mVisible=true mFlags= mSideHint=RIGHT mBoundingRects=null} }
03-02 00:56:55.226  2746  2798 I SurfaceControlRegistry: hide, t=FinishTransaction_SyncId<11223> sc=Task=44840, caller=android.view.SurfaceControl$Transaction.hide:3583 com.android.wm.shell.transition.Transitions.dispatchReady:1263 com.android.wm.shell.transition.Transitions.onTransitionReady:251 com.android.wm.shell.transition.Transitions$TransitionPlayerImpl$$ExternalSyntheticLambda0.run:13 android.os.Handler.handleCallback:995 android.os.Handler.dispatchMessage:103
03-02 00:56:55.226  2746  2798 I SurfaceControlRegistry: show, t=StartTransaction_SyncId<11223> sc=Task=44841, caller=android.view.SurfaceControl$Transaction.show:3557 com.android.wm.shell.transition.Transitions.dispatchReady:1279 com.android.wm.shell.transition.Transitions.onTransitionReady:251 com.android.wm.shell.transition.Transitions$TransitionPlayerImpl$$ExternalSyntheticLambda0.run:13 android.os.Handler.handleCallback:995 android.os.Handler.dispatchMessage:103
03-02 00:56:55.226  1507  1907 I SurfaceFlinger: id=155303 createSurf, flag=84000, 6150e23 ActivityRecordInputSink com.podcast.app.debug.test/androidx.test.core.app.InstrumentationActivityInvoker$EmptyActivity#155303
03-02 00:56:55.226  2746  2798 I SurfaceControlRegistry: show, t=FinishTransaction_SyncId<11223> sc=Task=44841, caller=android.view.SurfaceControl$Transaction.show:3557 com.android.wm.shell.transition.Transitions.dispatchReady:1330 com.android.wm.shell.transition.Transitions.onTransitionReady:251 com.android.wm.shell.transition.Transitions$TransitionPlayerImpl$$ExternalSyntheticLambda0.run:13 android.os.Handler.handleCallback:995 android.os.Handler.dispatchMessage:103
03-02 00:56:55.226  2746  2746 D SecVolume.VolumePanelStore:   > New State : [STATE_SHOW]
03-02 00:56:55.226  2013  2675 D SemWifiTransportLayerMonitor.TcpMonitorHandler: MSG_SAVE_PACKAGE_INFO
