03-02 00:57:32.873 17121 17305 I TestRunner: started: settingsScreen_renders_correctly_in_light_mode(com.podcast.app.ui.SettingsScreenTest)
03-02 00:57:32.874  3438  3438 I EPDG -- SIM0 [SMARTCELLULAR]: onSignalStrengthsChanged: SignalStrength:{mCdma=Invalid,mGsm=Invalid,mWcdma=Invalid,mTdscdma=Invalid,mLte=CellSignalStrengthLte: rssi=-109 rsrp=-108 rsrq=-9 rssnr=5 cqiTableIndex=2147483647 cqi=2147483647 ta=2147483647 level=3 parametersUseForLevel=0,mNr=Invalid,SignalBarInfo{ lteLevel=2 },rat=14,primary=CellSignalStrengthLte}
03-02 00:57:32.874  2013  4843 W ParceledListSlice: Element #30 is 21544 bytes.
03-02 00:57:32.874  3438  4395 I EPDG -- SIM0 [SMARTCELLULAR]: lastLteRSRP is -108 currentLteRSRP is -108 lastLteRSRQ is -10 currentLteRSRQ is -9 lastLteSNR is 5 currentLteSNR is 5
03-02 00:57:32.875  2991  3757 I LocationAccessPolicy: checkLocationPermission - callingUid: 10492, callingPid: 14636, result: DENIED_SOFT
03-02 00:57:32.875  2991  3757 I LocationAccessPolicy: checkLocationPermission - callingUid: 10492, callingPid: 14636, result: DENIED_SOFT
03-02 00:57:32.877  1507  1507 I SurfaceFlinger: destroyed com.podcast.app.debug/androidx.activity.ComponentActivity$_17121#156393
03-02 00:57:32.877  1507  1507 I SurfaceFlinger: destroyed 67c9bdc com.podcast.app.debug/androidx.activity.ComponentActivity#156391
03-02 00:57:32.877  1507  1507 I SurfaceFlinger: destroyed d54d849 ActivityRecordInputSink com.podcast.app.debug/androidx.activity.ComponentActivity#156398
03-02 00:57:32.877  1507  1507 I SurfaceFlinger: destroyed ActivityRecord{100054639 u0 com.podcast.app.debug/androidx.activity.ComponentActivity t44886}#156387
03-02 00:57:32.877  1507  1507 I SurfaceFlinger: destroyed Task=44886#156440
03-02 00:57:32.877 17121 17305 D IdlingRegistry: Registering idling resources: [androidx.compose.ui.test.EspressoLink@60b896f]
03-02 00:57:32.878  2013  6778 D SemWifiUsabilityStatsMonitor: onWifiUsabilityStats - seqNum 30962, isSameBssidAndFreq true
03-02 00:57:32.880 17121 17305 W Settings: Setting always_finish_activities has moved from android.provider.Settings.System to android.provider.Settings.Global, returning read-only value.
03-02 00:57:32.881  1507  1507 I Layer   : id=156398 Destroyed d54d849 ActivityRecordInputSink com.podcast.app.debug/androidx.activity.ComponentActivity#156398
03-02 00:57:32.881  1507  1507 I Layer   : id=156393 Destroyed com.podcast.app.debug/androidx.activity.ComponentActivity$_17121#156393
03-02 00:57:32.881  2013  2656 I SemWifiLinkQualityMonitor: Link stat: 0 / 0 / 1.00 (57) / 58 / -83.0 || 100.0 : 58.00 / B (B) || 63618b082412: 0.241 / 33.224 / D || N N / 0 0 / Y 2.0 / Y X 0 / 491131879 0 || Invalid
03-02 00:57:32.881  1507  1507 I Layer   : id=156391 Destroyed 67c9bdc com.podcast.app.debug/androidx.activity.ComponentActivity#156391
03-02 00:57:32.881  1507  1507 I Layer   : id=156387 Destroyed ActivityRecord{100054639 u0 com.podcast.app.debug/androidx.activity.ComponentActivity t44886}#156387
03-02 00:57:32.881  1507  1507 I Layer   : id=156440 Destroyed Task=44886#156440
03-02 00:57:32.884  2013  2067 I ChimeraSystemEventListener: appLaunchIntent package name is: com.podcast.app.debug
03-02 00:57:32.885  2991  3757 I LocationAccessPolicy: checkLocationPermission - callingUid: 10492, callingPid: 14636, result: DENIED_SOFT
03-02 00:57:32.886  2991  3757 I LocationAccessPolicy: checkLocationPermission - callingUid: 10492, callingPid: 14636, result: DENIED_SOFT
03-02 00:57:32.888  1445  2902 W C2MtkBufferManager: [0xB4000070F507E520] fetchNewCcBlock: wait fence 0x0xb4000070f5058270 timed out. ret 110
03-02 00:57:32.890  2013  3441 I SemDvfsHyPerManager: acquire hyper - AMS_APP_SWITCH/2013@20, type = -999
03-02 00:57:32.890  1450  1487 I HYPER-HAL: [RequestManager.cpp]acquire(): Acquired ID : 2067581  [2013 / 20]    HINT : AMS_ACT_SWITCH    list :
03-02 00:57:32.890  1464  1492 I mtkpower@impl: [setMode] type:5, enabled:1
03-02 00:57:32.890  4784  4784 I SemDvfsHyPerManager: acquire hyper - APP_START_SHORT/4784@15, type = -999
03-02 00:57:32.890  1450  1487 I mtkpower_client: perf_lock_rel, hdl:76670, pid: 1450, tid:1487
03-02 00:57:32.891  1450  1487 I mtkpower_client: perf_lock_acq, hdl:0, dur:0, num:2, pid:1450, tid:1487
03-02 00:57:32.891  1450  1487 I mtkpower_client: ret_hdl:76671
03-02 00:57:32.891  1450  1487 I mtkpower_client: perf_lock_rel, hdl:76668, pid: 1450, tid:1487
03-02 00:57:32.891  1464  1529 I libPowerHal: [perfLockRel] hdl:76670, idx:2
03-02 00:57:32.892  1464  1529 I libPowerHal: [PD] vendor.samsung. update cmd:1000000 param:-1 pr:6
03-02 00:57:32.892  1507  1907 I SurfaceFlinger: id=156441 createSurf, flag=24004, Task=44888#156441
03-02 00:57:32.893  1464  1529 I libPowerHal: [perfLockRel] Done for hdl : 76670
03-02 00:57:32.893  1464  1529 I libPowerHal: [perfLockAcq] idx:8 hdl:76671 hint:-1 pid:1450 tid:1487 duration:0 lock_user:vendor.samsung. => ret_hdl:76671
03-02 00:57:32.893  1464  1529 I libPowerHal: [setDvfsrcDevFreqOpp] opp:0, freq:4266000000
03-02 00:57:32.893  1464  1529 I libPowerHal: [PE] vendor.samsung. update cmd:1000000 param:0 pr:3
03-02 00:57:32.893  1464  1529 I libPowerHal: [perfLockAcq] Done for hdl : 76671
03-02 00:57:32.894  2991  3810 I LocationAccessPolicy: checkLocationPermission - callingUid: 10492, callingPid: 14636, result: DENIED_SOFT
03-02 00:57:32.894  1450  1487 I mtkpower_client: perf_lock_acq, hdl:0, dur:0, num:2, pid:1450, tid:1487
03-02 00:57:32.894  1464  1529 I libPowerHal: [perfLockRel] hdl:76668, idx:3
03-02 00:57:32.895  1464  1529 I libPowerHal: [PD] vendor.samsung. update cmd:400000 param:-1 pr:6
03-02 00:57:32.895 14636 14636 D WM-SystemJobService: onStopJob for WorkGenerationalId(workSpecId=f23029b8-b7a3-4a93-aaf6-b7c7a26dfe9e, generation=0)
03-02 00:57:32.895  1464  1529 I libPowerHal: [recordCPUFreqInfo] set cluster[0] min(-1): -1 max(-1): -1 cluster[1] min(-1): -1 max(-1): -1
03-02 00:57:32.895  1464  1529 I libPowerHal: [perfLockRel] Done for hdl : 76668
03-02 00:57:32.896 14636 15263 D WM-Processor: WorkerWrapper interrupted for f23029b8-b7a3-4a93-aaf6-b7c7a26dfe9e
03-02 00:57:32.896 14636 15263 D WM-StopWorkRunnable: StopWorkRunnable for f23029b8-b7a3-4a93-aaf6-b7c7a26dfe9e; Processor.stopWork = true
03-02 00:57:32.896  1450  1487 I mtkpower_client: ret_hdl:76672
03-02 00:57:32.896  1450  1487 I HYPER-HAL: [RequestManager.cpp]acquire(): Acquired ID : 11517615  [4784 / 15]    HINT : APP_START    list : [TIMEOUT / 1500]
03-02 00:57:32.896  1464  1529 I libPowerHal: [perfLockAcq] idx:2 hdl:76672 hint:-1 pid:1450 tid:1487 duration:0 lock_user:vendor.samsung. => ret_hdl:76672
03-02 00:57:32.897  1464  1529 I libPowerHal: [PE] vendor.samsung. update cmd:400000 param:2000000 pr:3
03-02 00:57:32.897  1464  1529 I libPowerHal: [recordCPUFreqInfo] set cluster[0] min(vendor.samsung.): 2000000 max(-1): -1 cluster[1] min(-1): -1 max(-1): -1
03-02 00:57:32.897  1464  1529 I libPowerHal: [perfLockAcq] Done for hdl : 76672
03-02 00:57:32.898  1507  1907 I SurfaceFlinger: id=156442 createSurf, flag=84004, ActivityRecord{197596933 u0 com.podcast.app.debug/androidx.activity.ComponentActivity t44888}#156442
03-02 00:57:32.906  2013  4843 I SemDvfsHyPerManager: acquire hyper - AMS_APP_LAUNCH/2013@17, type = -999
03-02 00:57:32.907  1450  1487 I HYPER-HAL: [RequestManager.cpp]acquire(): Acquired ID : 2061482  [2013 / 17]    HINT : AMS_APP_LAUNCH    list :
03-02 00:57:32.907  2746  2808 I ViewRootImpl: dVRR is disabled
03-02 00:57:32.908  2746  2870 D NativeCustomFrequencyManager: [NativeCFMS] BpCustomFrequencyManager::BpCustomFrequencyManager()
03-02 00:57:32.908  4784  4784 I SemDvfsHyPerManager: acquire hyper - APP_START/4784@17, type = -999
03-02 00:57:32.908  2746  2798 D ShellDesktopMode: handleRequest: TransitionRequestInfo {type=1, tid=44888, debugId=11286}
03-02 00:57:32.908  1450  1487 I HYPER-HAL: [RequestManager.cpp]acquire(): Acquired ID : 11527218  [4784 / 17]    HINT : APP_START    list :
03-02 00:57:32.910  1507  1507 I SurfaceFlinger: [Task=44888#156441] attach to parent LayerHierarchy{RequestedLayerState{DefaultTaskDisplayArea_d0#10 parentId=9} 45 children}
03-02 00:57:32.910  1507  1507 I SurfaceFlinger: [ActivityRecord{197596933 u0 com.podcast.app.debug/androidx.activity.ComponentActivity t44888}#156442] attach to parent LayerHierarchy{RequestedLayerState{Task=44888#156441 parentId=10} 1 children}
03-02 00:57:32.915  2013  2252 D InputTransport: Input channel constructed: 'c1ac8fe', fd=1036
03-02 00:57:32.916  2013  2252 D InputTransport: Input channel constructed: 'c1ac8fe', fd=1074
03-02 00:57:32.916  1646 10643 I CameraService: onUidStateChanged: uid=10492, procState is changed. (8 -> 10)
03-02 00:57:32.916  2013  2252 D InputTransport: Input channel constructed: 'c1ac8fe', fd=1083
03-02 00:57:32.916  2013  2252 D InputTransport: Input channel destroyed: 'c1ac8fe', fd=1074
03-02 00:57:32.917 14885 14885 I System.out: SAFActivity: com.ss.android.ugc.aweme.main.MainActivity@c20428f,  onPause Start
03-02 00:57:32.918  1507  1825 I SurfaceFlinger: Capture layer list: 	 com.zhiliaoapp.musically/com.ss.android.ugc.aweme.splash.SplashActivity$_14885#156421(seamlessTransition:0)
03-02 00:57:32.916  3202  3386 I HoneySpace.TopTaskSource: onTaskMovedToFront : taskId = 44888, displayId = 0
03-02 00:57:32.919 14636 15264 I WM-WorkerWrapper: Work [ id=f23029b8-b7a3-4a93-aaf6-b7c7a26dfe9e, tags={ com.urbanairship.job.AirshipWorker,airship } ] was cancelled
03-02 00:57:32.919 14636 15264 I WM-WorkerWrapper: androidx.work.impl.WorkerStoppedException
03-02 00:57:32.919 14636 15264 I WM-WorkerWrapper: 	at o.setEnabledWhenDeviceHasQuirk.AnimatedBarChartKtAnimatedBarChart1112(:348)
03-02 00:57:32.919 14636 15264 I WM-WorkerWrapper: 	at o.MutableConfig.AnimatedBarChartKtAnimatedBarChart1(:439)
03-02 00:57:32.919 14636 15264 I WM-WorkerWrapper: 	at o.MutableConfig.AnimatedBarChartKtAnimatedBarChart1112(:259)
03-02 00:57:32.919 14636 15264 I WM-WorkerWrapper: 	at o.getUseCaseInfo.run(:49)
03-02 00:57:32.919 14636 15264 I WM-WorkerWrapper: 	at o.TagBundle$Architecture.run(:96)
03-02 00:57:32.919 14636 15264 I WM-WorkerWrapper: 	at java.util.concurrent.ThreadPoolExecutor.runWorker(ThreadPoolExecutor.java:1154)
03-02 00:57:32.919 14636 15264 I WM-WorkerWrapper: 	at java.util.concurrent.ThreadPoolExecutor$Worker.run(ThreadPoolExecutor.java:652)
03-02 00:57:32.919 14636 15264 I WM-WorkerWrapper: 	at java.lang.Thread.run(Thread.java:1563)
03-02 00:57:32.919  3202  3918 I HoneySpace.RecentTasks: onRecentTasksChanged
03-02 00:57:32.920  3202 31843 I HoneySpace.RecentTasks: onRecentTasksChanged
03-02 00:57:32.920 14636 15264 D WM-WorkerWrapper: Status for f23029b8-b7a3-4a93-aaf6-b7c7a26dfe9e is RUNNING; not doing any work and rescheduling for later execution
03-02 00:57:32.921  1507  1507 I SurfaceFlinger: [Display 0 name="Built-in Screen"#49] setFrameRateCategory: High
03-02 00:57:32.921  1507  2128 I SurfaceFlinger: id=156443 createSurf, flag=84004, c1ac8fe Splash Screen com.podcast.app.debug#156443
03-02 00:57:32.922 14885 14885 I System.out: SceneSafeLifecycleDispatcher: onPaused Start
03-02 00:57:32.922  3506  3506 E pageboostd: Received HALT command code 2
03-02 00:57:32.922 14885 14885 I System.out: SAFActivity V Scene Framework: NavigationMessageQueue postSync start
03-02 00:57:32.922 14885 14885 I System.out: SAFActivity V Scene Framework: NavigationMessageQueue postSync run current task start 14_Y.ARunnableS108S0200000_32@261720c
03-02 00:57:32.922 14885 14885 I System.out: SAFActivity V Scene Framework: NavigationSceneManager Sync Scene SAFFragmentRootScene{79e191c} Lifecycle [RESUMED -> STARTED] without saved State
03-02 00:57:32.922 14885 14885 I System.out: SAFFragmentRootScene: onPause Start (SAFFragmentRootScene{79e191c})
03-02 00:57:32.924  1507  1507 I BpBinder: onLastStrongRef automatically unlinking death recipients:
03-02 00:57:32.926  2013  2252 D InputTransport: Input channel destroyed: 'c1ac8fe', fd=1083
03-02 00:57:32.927 14636 14636 D WM-Processor: MutableConfig f23029b8-b7a3-4a93-aaf6-b7c7a26dfe9e executed; reschedule = true
03-02 00:57:32.927  3202  3390 I HoneySpace.TopTaskUseCase: topTasks 44888 ComponentInfo{com.podcast.app.debug/androidx.activity.ComponentActivity}[displayId=0]
03-02 00:57:32.928  2746  2808 D InputTransport: Input channel constructed: 'c1ac8fe', fd=635
03-02 00:57:32.929  2746  2808 I InsetsController: onStateChanged: host=Splash Screen com.podcast.app.debug, from=android.view.ViewRootImpl.onInsetsStateChanged:3026, state=InsetsState: {mDisplayFrame=Rect(0, 0 - 1080, 2340), mDisplayCutout=DisplayCutout{insets=Rect(0, 80 - 0, 0) waterfall=Insets{left=0, top=0, right=0, bottom=0} boundingRect={Bounds=[Rect(0, 0 - 0, 0), Rect(472, 0 - 608, 80), Rect(0, 0 - 0, 0), Rect(0, 0 - 0, 0)]} cutoutPathParserInfo={CutoutPathParserInfo{displayWidth=1080 displayHeight=2340 physicalDisplayWidth=1080 physicalDisplayHeight=2340 density={2.8125} cutoutSpec={M 0,0 H -24.177777778 V 28.4444444444 H 24.177777778 V 0 H 0 Z @dp} rotation={0} scale={1.0} physicalPixelDisplaySizeRatio={1.0}}} sideOverrides={}}, mRoundedCorners=RoundedCorners{[RoundedCorner{position=TopLeft, radius=113, center=Point(113, 113)}, RoundedCorner{position=TopRight, radius=113, center=Point(967, 113)}, RoundedCorner{position=BottomRight, radius=113, center=Point(967, 2227)}, RoundedCorner{position=BottomLeft, radius=113, center=Point(113, 2227)}]}  mRoundedCornerFrame=Rect(0, 0 - 1080, 2340), mPrivacyIndicatorBounds=PrivacyIndicatorBounds {static bounds=Rect(956, 0 - 1080, 80) rotation=0}, mDisplayShape=DisplayShape{ spec=-311912193 displayWidth=1080 displayHeight=2340 physicalPixelDisplaySizeRatio=1.0 rotation=0 offsetX=0 offsetY=0 scale=1.0}, mSources= { InsetsSource: {e9af0000 mType=statusBars mFrame=[0,0][1080,80] mVisible=true mFlags= mSideHint=TOP mBoundingRects=null}, InsetsSource: {e9af0005 mType=mandatorySystemGestures mFrame=[0,0][1080,114] mVisible=true mFlags= mSideHint=TOP mBoundingRects=null}, InsetsSource: {e9af0006 mType=tappableElement mFrame=[0,0][1080,80] mVisible=true mFlags= mSideHint=TOP mBoundingRects=null}, InsetsSource: {27 mType=displayCutout mFrame=[0,0][1080,80] mVisible=true mFlags= mSideHint=TOP mBoundingRects=null}, InsetsSource: {26ed0001 mType=navigationBars mFrame=[0,2298][1080,2340] mVisible=true mFlags=SUPPRESS_SCRIM mSideHint=BOTTOM mBoundingRects=null}, InsetsSource: {26ed0004 mType=systemGestures mFrame=[0,0][84,2340] mVisible=true mFlags= mSideHint=LEFT mBoundingRects=null}, InsetsSource: {26ed0005 mType=mandatorySystemGestures mFrame=[0,2250][1080,2340] mVisible=true mFlags= mSideHint=BOTTOM mBoundingRects=null}, InsetsSource: {26ed0006 mType=tappableElement mFrame=[0,0][0,0] mVisible=true mFlags= mSideHint=NONE mBoundingRects=null}, InsetsSource: {26ed0024 mType=systemGestures mFrame=[996,0][1080,2340] mVisible=true mFlags= mSideHint=RIGHT mBoundingRects=null} }
03-02 00:57:32.929  2746  2808 I VRI[debug]@60d9f07: onActiveControlsChanged, removed=false, mAdded=true, caller=android.view.ViewRootImpl.handleInsetsControlChanged:3002 android.view.ViewRootImpl.setView:2014 android.view.WindowManagerGlobal.addView:604 com.android.wm.shell.startingsurface.SplashscreenWindowCreator.addWindow:38 com.android.wm.shell.startingsurface.StartingWindowController$$ExternalSyntheticLambda4.run:1365
03-02 00:57:32.929  2746  2808 I VRI[debug]@60d9f07: synced displayState. AttachInfo displayState=2
03-02 00:57:32.929  2746  2808 I VRI[debug]@60d9f07: setView = android.widget.FrameLayout@40a73a0 IsHRR=false mFlingFrameRateChange=0 TM=true
03-02 00:57:32.934 14636 15264 D WM-GreedyScheduler: Cancelling work ID f23029b8-b7a3-4a93-aaf6-b7c7a26dfe9e
03-02 00:57:32.934  2746  2870 D HWUI    : HWUI - treat SMPTE_170M as sRGB
03-02 00:57:32.937  1646  1646 I CameraService: onUidStateChanged: uid=10062, procState is changed. (0 -> 1)
03-02 00:57:32.937  2013  4835 I WindowManager: Relayout Window{c1ac8fe u0 Splash Screen com.podcast.app.debug}: viewVisibility=0 req=1080x2340 ty=3 d0
03-02 00:57:32.938  1646  1646 I CameraService: onUidStateChanged: uid=10492, procState is changed. (10 -> 19)
03-02 00:57:32.938  1507  2393 I SurfaceFlinger: id=156444 createSurf, flag=44004, Splash Screen com.podcast.app.debug$_2746#156444
03-02 00:57:32.942 14636 15264 W JobInfo : Requested important-while-foreground flag for job3694 is ignored and takes no effect
03-02 00:57:32.942 14636 15264 D WM-SystemJobScheduler: Scheduling work ID f23029b8-b7a3-4a93-aaf6-b7c7a26dfe9eJob ID 3694
03-02 00:57:32.944  2013  4835 I WindowManager: Relayout hash=c1ac8fe, pid=2746, syncId=-1: mAttrs={(0,0)(fillxfill) sim={adjust=pan} layoutInDisplayCutoutMode=always ty=APPLICATION_STARTING fmt=TRANSLUCENT wanim=0x1030317
03-02 00:57:32.944  2013  4835 I WindowManager:   fl=81030118
03-02 00:57:32.944  2013  4835 I WindowManager:   pfl=10000810
03-02 00:57:32.944  2013  4835 I WindowManager:   bhv=1
03-02 00:57:32.944  2013  4835 I WindowManager:   fitSides=0
03-02 00:57:32.944  2013  4835 I WindowManager:   frameRateBoostOnTouch=true
03-02 00:57:32.944  2013  4835 I WindowManager:   dvrrWindowFrameRateHint=true naviIconColor=0}
03-02 00:57:32.945  2746  2808 I VRI[debug]@60d9f07: onActiveControlsChanged, removed=false, mAdded=true, caller=android.view.ViewRootImpl.handleInsetsControlChanged:3002 android.view.ViewRootImpl.relayoutWindow:11629 android.view.ViewRootImpl.performTraversals:4804 android.view.ViewRootImpl.doTraversal:3924 android.view.ViewRootImpl$TraversalRunnable.run:12903
03-02 00:57:32.945  1507  1565 E SfCpu   :  sched_setaffinity return fail 1461
03-02 00:57:32.945  1507  1565 E SfCpu   :  sched_setaffinity return fail 1444
03-02 00:57:32.946  2746  2808 D BufferQueueConsumer: [](id:aba00001e2b,api:0,p:-1,c:2746) connect: controlledByApp=false
03-02 00:57:32.946  2746  2808 I BLASTBufferQueue: [VRI[debug]@60d9f07#7723](f:0,a:0,s:0) constructor()
03-02 00:57:32.946  2746  2808 I BLASTBufferQueue_Java: new BLASTBufferQueue, mName= VRI[debug]@60d9f07 mNativeObject= 0xb400007672274400 caller= android.view.ViewRootImpl.updateBlastSurfaceIfNeeded:3585 android.view.ViewRootImpl.relayoutWindow:11685 android.view.ViewRootImpl.performTraversals:4804 android.view.ViewRootImpl.doTraversal:3924 android.view.ViewRootImpl$TraversalRunnable.run:12903 android.view.Choreographer$CallbackRecord.run:1901 android.view.Choreographer$CallbackRecord.run:1910 android.view.Choreographer.doCallbacks:1367 android.view.Choreographer.doFrame:1292 android.view.Choreographer$FrameDisplayEventReceiver.run:1870
03-02 00:57:32.946  2746  2808 I BLASTBufferQueue_Java: update, w= 1080 h= 2340 mName = VRI[debug]@60d9f07 mNativeObject= 0xb400007672274400 sc.mNativeObject= 0xb40000783d284e40 format= -3 caller= android.view.ViewRootImpl.updateBlastSurfaceIfNeeded:3590 android.view.ViewRootImpl.relayoutWindow:11685 android.view.ViewRootImpl.performTraversals:4804 android.view.ViewRootImpl.doTraversal:3924 android.view.ViewRootImpl$TraversalRunnable.run:12903 android.view.Choreographer$CallbackRecord.run:1901
03-02 00:57:32.947  2746  2808 I BLASTBufferQueue: [VRI[debug]@60d9f07#7723](f:0,a:0,s:0) update width=1080 height=2340 format=-3 mTransformHint=0
03-02 00:57:32.948  2013  2252 W ParceledListSlice: Element #30 is 21544 bytes.
03-02 00:57:32.948  2746  2808 I VRI[debug]@60d9f07: Relayout returned: old=(0,0,1080,2340) new=(0,0,1080,2340) relayoutAsync=false req=(1080,2340)0 dur=9 res=0x3 s={true 0xb40000772ad67e00} ch=true seqId=0
03-02 00:57:32.949  2746  2808 D VRI[debug]@60d9f07: mThreadedRenderer.initialize() mSurface={isValid=true 0xb40000772ad67e00} hwInitialized=true
03-02 00:57:32.950  2746  2808 D VRI[debug]@60d9f07: reportNextDraw android.view.ViewRootImpl.performTraversals:5443 android.view.ViewRootImpl.doTraversal:3924 android.view.ViewRootImpl$TraversalRunnable.run:12903 android.view.Choreographer$CallbackRecord.run:1901 android.view.Choreographer$CallbackRecord.run:1910
03-02 00:57:32.950  2746  2808 D VRI[debug]@60d9f07: Setup new sync=wmsSync-VRI[debug]@60d9f07#63
03-02 00:57:32.950  2746  2808 I VRI[debug]@60d9f07: Creating new active sync group VRI[debug]@60d9f07#64
03-02 00:57:32.955  1507  1507 I SurfaceFlinger: [c1ac8fe Splash Screen com.podcast.app.debug#156443] attach to parent LayerHierarchy{RequestedLayerState{ActivityRecord{197596933 u0 com.podcast.app.debug/androidx.activity.ComponentActivity t44888}#156442 parentId=156441} 1 children}
03-02 00:57:32.955  1507  1507 I SurfaceFlinger: [Splash Screen com.podcast.app.debug$_2746#156444] attach to parent LayerHierarchy{RequestedLayerState{c1ac8fe Splash Screen com.podcast.app.debug#156443 parentId=156442} 1 children}
03-02 00:57:32.959  2013  2013 D MediaSessionService: Audio playback is changed, config=AudioPlaybackConfiguration piid:92743 deviceIds:[3] type:android.media.AudioTrack u/pid:10350/14885 state:paused attr:AudioAttributes: usage=USAGE_MEDIA content=CONTENT_TYPE_UNKNOWN flags=0xA00 tags= bundle=null sessionId:126033 mutedState:none  FormatInfo{isSpatialized=false, channelMask=0x3, sampleRate=44100}, removed=false
03-02 00:57:32.959  2746  2808 D VRI[debug]@60d9f07: registerCallbacksForSync syncBuffer=false
03-02 00:57:32.961  2013  2013 D MediaSessionStack: updateMediaButtonSessionIfNeeded, callers=com.android.server.media.AudioPlayerStateMonitor$MessageHandler.handleMessage:19 android.os.Handler.dispatchMessage:110
03-02 00:57:32.961  2013  2013 D MediaSessionStack: updateMediaButtonSessionIfNeeded, skipping uid=10350
03-02 00:57:32.961  2013  2013 D MediaSessionStack: updateMediaButtonSessionIfNeeded, skipping uid=10342
03-02 00:57:32.961  2013  2013 D MediaSessionStack: updateMediaButtonSessionIfNeeded, skipping uid=10317
03-02 00:57:32.961  2013  2013 D MediaSessionStack: updateMediaButtonSessionIfNeeded, skipping uid=10672
03-02 00:57:32.961  1445  2902 W C2MtkBufferManager: [0xB4000070F507E520] fetchNewCcBlock: wait fence 0x0xb4000070f5058270 timed out. ret 110
03-02 00:57:32.963  2746  2865 D VRI[debug]@60d9f07: Received frameDrawingCallback syncResult=0 frameNum=1.
03-02 00:57:32.963  2746  2865 I VRI[debug]@60d9f07: mWNT: t=0xb40000772af35400 mBlastBufferQueue=0xb400007672274400 fn= 1 HdrRenderState mRenderHdrSdrRatio=1.0 caller= android.view.ViewRootImpl$12.onFrameDraw:15441 android.view.ThreadedRenderer$1.onFrameDraw:718 <bottom of call stack>
03-02 00:57:32.963  2746  2865 I VRI[debug]@60d9f07: Setting up sync and frameCommitCallback
03-02 00:57:32.965  2746  3671 D SoundCraft.PlayingAudioConditionHandler: onPlaybackConfigChanged : lastStartedPackageName=com.zhiliaoapp.musically, lastStartedUid=10350, newStartedUid=-1, newStartPackageName=null, thread=Thread[RoutineHandlerThread,5,main]
03-02 00:57:32.966 14885 14885 I System.out: SAFFragmentRootScene: onWindowFocusChanged: com.ss.android.ugc.aweme.main.MainRootFragment, MainRootFragment{e89d275} (8a90a2f7-f51b-4f8d-88b5-38e0125851ad tag=root_fragment), true (SAFFragmentRootScene{79e191c})
03-02 00:57:32.966 14885 14885 I System.out: SAFActivity V Scene Framework: NavigationMessageQueue postSync run current task finish 14_Y.ARunnableS108S0200000_32@261720c
03-02 00:57:32.966 14885 14885 I System.out: SAFActivity V Scene Framework: NavigationMessageQueue postSync finish
03-02 00:57:32.966 14885 14885 I System.out: SceneSafeLifecycleDispatcher: onPaused End PAUSE
03-02 00:57:32.966 14885 14885 I System.out: SAFActivity: com.ss.android.ugc.aweme.main.MainActivity@c20428f,  onPause End
03-02 00:57:32.966  2746  2870 I BLASTBufferQueue: [VRI[debug]@60d9f07#7723](f:0,a:0,s:0) onFrameAvailable the first frame is available
03-02 00:57:32.968  2746  2870 I BLASTBufferQueue: [VRI[debug]@60d9f07#7723](f:0,a:1,s:0) acquireNextBufferLocked size=1080x2340 mFrameNumber=1 applyTransaction=true mTimestamp=491131967592042(auto) mPendingTransactions.size=0 graphicBufferId=11793980283668 transform=0
03-02 00:57:32.969  2746  2870 I VRI[debug]@60d9f07: Received frameCommittedCallback lastAttemptedDrawFrameNum=1 didProduceBuffer=true
03-02 00:57:32.970  2746  2870 D HWUI    : CFMS:: SetUp Pid : 2746    Tid : 2870
03-02 00:57:32.970  2746  2808 D VRI[debug]@60d9f07: reportDrawFinished seqId=0
03-02 00:57:32.976  2013  4843 D InputDispatcher: Focused application(0): ActivityRecord{197596933 u0 com.podcast.app.debug/androidx.activity.ComponentActivity t44888}
03-02 00:57:32.976  2013  4835 D GraphicsStatsService: requestRenderEngineFor(com.podcast.app.debug)
03-02 00:57:32.992 17121 17121 D LifecycleMonitor: Lifecycle status change: androidx.activity.ComponentActivity@de4c280 in: PRE_ON_CREATE
03-02 00:57:32.992  2013  2600 D AS.MultiSoundManager: mForegroundUid = 10685
03-02 00:57:32.992 17121 17121 V ActivityScenario: Activity lifecycle changed event received but ignored because the reported transition was not ON_CREATE while the last known transition was PRE_ON_CREATE
03-02 00:57:32.993  1484  1921 D DlbEffectContext: setParam() received parameter EFFECT_PARAM_SEEK
03-02 00:57:32.993  1484  1921 D DlbEffectContext: handleSeek(seek operation starts, current profile is 2)
03-02 00:57:32.993  1484  1921 D DlbEffectContext: transformExternalGain() volume:0x0 fVol:0.000000 extVal:-2080
03-02 00:57:32.993  1484  1921 D DlbEndpointParamCache: commitChangedParams()
03-02 00:57:32.993  1484  1921 D DlbEndpointParamCache: commit() Applying parameters for device 0x40000000
03-02 00:57:32.993  1484  1921 D DlbDap2Process: setParam(preg = #1[-2080])
03-02 00:57:32.993  1484  1921 D DlbDap2Process: setSystemGain(vol = 0)
03-02 00:57:32.993  1484  1921 D DlbDap2Process: setParam(svol = #1[-2080])
03-02 00:57:32.993  1484  1921 D DlbEndpointParamCache: doCommit() Committed 2 parameters out of 15.
03-02 00:57:32.993  1484  1921 D DlbEndpointParamCache: commit() Overriding parameters for current device 0x00000002
03-02 00:57:32.993  1484  1921 D DlbEndpointParamCache: doCommit() Committed 0 parameters out of 60.
03-02 00:57:32.993  1484  1921 I SoundBoosterEffectPlus: SB_setVolume(0xb400007075106040)
03-02 00:57:32.993  1484  1921 I SoundBoosterEffectPlus: command EFFECT_CMD_SET_VOLUME left = 0.000000, right =0.000000
03-02 00:57:32.993  1484  1921 I SoundBooster_Interface2000_a64: BuffClear() mMode: 1
03-02 00:57:32.993  1484  1921 I SoundBoosterEffectPlus: SB_reset SoundBooster sessionId(-2102)
03-02 00:57:32.993  1484  1921 I SAG_EQ a64: SetVolumeFloat() inst_num [424238335] VolumeFloat [-100.000000] mModeFW [1] mMode [1]
03-02 00:57:32.993  1484  1921 I SAG_EQ a64: mIsVolumeTableValid yes
03-02 00:57:32.993  1484  1921 I SAG_EQ a64: SetVolume() VolumeIndexInt [1]
03-02 00:57:32.994  1439 16890 D MTKAdapterStreamLayer: updateMetadataCommon(),
03-02 00:57:32.995  1484  1921 I SoundBooster_Interface2000_a64: [AE_LOG] Exe() mMode : 1,  n : 2048    VolumeIndexFloat : -100.000000 mSamplingRate : 48000
03-02 00:57:32.996  1484  1921 I SoundBooster_Interface2000_a64: BuffClear_apply() mMode: 1
03-02 00:57:32.997  1484  1921 I SoundAlive_Interface_a64: [dB = -100.000000 ]
03-02 00:57:32.997 17121 17121 I DecorView: setWindowBackground: isPopOver=false color=ff0f0f0f d=android.graphics.drawable.ColorDrawable@660ef75
03-02 00:57:32.999 17121 17121 D LifecycleMonitor: Lifecycle status change: androidx.activity.ComponentActivity@de4c280 in: CREATED
03-02 00:57:32.999 17121 17121 V ActivityScenario: Update currentActivityStage to CREATED, currentActivity=androidx.activity.ComponentActivity@de4c280
03-02 00:57:32.999  1507  1507 I SurfaceFlinger: [LayerHierarchy{RequestedLayerState{ImeContainer#15 parentId=147902 relativeParentId=147902 z=1} 1 children}] RelativeParent to null
03-02 00:57:33.000 17121 17121 D LifecycleMonitor: Lifecycle status change: androidx.activity.ComponentActivity@de4c280 in: STARTED
03-02 00:57:33.000 17121 17121 V ActivityScenario: Update currentActivityStage to STARTED, currentActivity=androidx.activity.ComponentActivity@de4c280
03-02 00:57:33.001 17121 17121 D LifecycleMonitor: Lifecycle status change: androidx.activity.ComponentActivity@de4c280 in: RESUMED
03-02 00:57:33.001 17121 17121 V ActivityScenario: Update currentActivityStage to RESUMED, currentActivity=androidx.activity.ComponentActivity@de4c280
03-02 00:57:33.002 17121 17121 I ViewRootImpl: dVRR is disabled
03-02 00:57:33.003 17121 17389 D NativeCustomFrequencyManager: [NativeCFMS] BpCustomFrequencyManager::BpCustomFrequencyManager()
03-02 00:57:33.004  2013  3505 I NSLocationMonitor: getGPSUsingApps() called
03-02 00:57:33.004  1507  2393 I SurfaceFlinger: id=156445 createSurf, flag=84004, Transition Root: Task=44888#156445
03-02 00:57:33.006  3477 10041 I NSLocationManager_FLP: getGPSUsingApps, No change
03-02 00:57:33.008  2013  2068 I SurfaceControlRegistry: show, t=StartTransaction_SyncId<11286> sc=ActivityRecord{197596933 u0 com.podcast.app.debug/androidx.activity.ComponentActivity t44888}, caller=android.view.SurfaceControl$Transaction.show:3557 com.android.server.wm.Transition.onTransactionReady:2048 com.android.server.wm.BLASTSyncEngine$SyncGroup.finishNow:240 com.android.server.wm.BLASTSyncEngine.onSurfacePlacement:263 com.android.server.wm.RootWindowContainer.performSurfacePlacementNoTrace:1083 com.android.server.wm.WindowSurfacePlacer.performSurfacePlacement:166
03-02 00:57:33.009  2013  3505 W Binder  : Outgoing transactions from this process must be FLAG_ONEWAY
03-02 00:57:33.009  2013  3505 W Binder  : java.lang.Throwable
03-02 00:57:33.009  2013  3505 W Binder  : 	at android.os.BinderProxy.transact(BinderProxy.java:566)
03-02 00:57:33.009  2013  3505 W Binder  : 	at android.bluetooth.IBluetoothGatt$Stub$Proxy.getAdvertisingSetUids(IBluetoothGatt.java:1678)
03-02 00:57:33.009  2013  3505 W Binder  : 	at android.bluetooth.BluetoothAdapter.getAdvertisingSetUids(BluetoothAdapter.java:8476)
03-02 00:57:33.009  2013  3505 W Binder  : 	at android.bluetooth.BluetoothAdapter.getHWUsingApps(BluetoothAdapter.java:1342)
03-02 00:57:33.009  2013  3505 W Binder  : 	at com.android.server.am.mars.filter.filter.BlueToothConnectedFilter.updateBTUsingPackages(qb/105350715 268999f8a14e7f8abd6a326b97f385fa09379427d12c342cfc170109611a7a5c:22)
03-02 00:57:33.009  2013  3505 W Binder  : 	at com.android.server.am.FreecessController.freeze(qb/105350715 268999f8a14e7f8abd6a326b97f385fa09379427d12c342cfc170109611a7a5c:117)
03-02 00:57:33.009  2013  3505 W Binder  : 	at com.android.server.am.FreecessHandler$MainHandler.handleLcdOnFreeze(qb/105350715 268999f8a14e7f8abd6a326b97f385fa09379427d12c342cfc170109611a7a5c:55)
03-02 00:57:33.009  2013  3505 W Binder  : 	at com.android.server.am.FreecessHandler$MainHandler.handleMessage(qb/105350715 268999f8a14e7f8abd6a326b97f385fa09379427d12c342cfc170109611a7a5c:793)
03-02 00:57:33.009  2013  3505 W Binder  : 	at android.os.Handler.dispatchMessage(Handler.java:110)
03-02 00:57:33.009  2013  3505 W Binder  : 	at android.os.Looper.loopOnce(Looper.java:273)
03-02 00:57:33.009  2013  3505 W Binder  : 	at android.os.Looper.loop(Looper.java:363)
03-02 00:57:33.009  2013  3505 W Binder  : 	at android.os.HandlerThread.run(HandlerThread.java:85)
03-02 00:57:33.012  2013  2068 D ScreenCapture: [Capture_TEST] : setIsScreenShotBySystem false
03-02 00:57:33.015  2013  2068 I SurfaceComposerClient: captureLayers:childrenOnly:1, sync:1
03-02 00:57:33.017  2013  4903 W ParceledListSlice: Element #30 is 21544 bytes.
03-02 00:57:33.019  1507  1825 I SurfaceFlinger: Capture layer list: 	 com.zhiliaoapp.musically/com.ss.android.ugc.aweme.splash.SplashActivity$_14885#156421(seamlessTransition:0)
03-02 00:57:33.020  1507  2393 I SurfaceFlinger: Capture layer list: 	 Background for 68eb87 SurfaceView[com.zhiliaoapp.musically/com.ss.android.ugc.aweme.splash.SplashActivity]@0#156427(seamlessTransition:0)
03-02 00:57:33.020  1507  2393 I SurfaceFlinger: Capture layer list: 	 Background for 7086fb SurfaceView[com.zhiliaoapp.musically/com.ss.android.ugc.aweme.splash.SplashActivity]@0#156430(seamlessTransition:0)
03-02 00:57:33.020  1507  2393 I SurfaceFlinger: Capture layer list: 	 Background for 836459b SurfaceView[com.zhiliaoapp.musically/com.ss.android.ugc.aweme.splash.SplashActivity]@0#156433(seamlessTransition:0)
03-02 00:57:33.020  1507  2393 I SurfaceFlinger: Capture layer list: 	 com.zhiliaoapp.musically/com.ss.android.ugc.aweme.splash.SplashActivity$_14885#156421(seamlessTransition:0)
03-02 00:57:33.020 14885 14895 I aoapp.musically: Background concurrent mark compact GC freed 43MB AllocSpace bytes, 46(3120KB) LOS objects, 38% free, 75MB/123MB, paused 2.006ms,7.498ms total 390.903ms
03-02 00:57:33.021 14885 18629 I BLASTBufferQueue: [7086fb SurfaceView[com.zhiliaoapp.musically/com.ss.android.ugc.aweme.splash.SplashActivity]@0#111](f:0,a:0,s:0) onFrameAvailable the first frame is available
03-02 00:57:33.021 14885 18629 I BLASTBufferQueue: [7086fb SurfaceView[com.zhiliaoapp.musically/com.ss.android.ugc.aweme.splash.SplashActivity]@0#111](f:0,a:1,s:0) acquireNextBufferLocked size=1080x1920 mFrameNumber=1 applyTransaction=true mTimestamp=491132019839965 mPendingTransactions.size=0 graphicBufferId=63930588202203 transform=0
03-02 00:57:33.024  2746  2798 I SurfaceControlRegistry: hide, t=FinishTransaction_SyncId<11286> sc=Task=44543, caller=android.view.SurfaceControl$Transaction.hide:3583 com.android.wm.shell.transition.Transitions.dispatchReady:1263 com.android.wm.shell.transition.Transitions.onTransitionReady:251 com.android.wm.shell.transition.Transitions$TransitionPlayerImpl$$ExternalSyntheticLambda0.run:13 android.os.Handler.handleCallback:995 android.os.Handler.dispatchMessage:103
03-02 00:57:33.025  2746  2798 I SurfaceControlRegistry: show, t=StartTransaction_SyncId<11286> sc=Task=44888, caller=android.view.SurfaceControl$Transaction.show:3557 com.android.wm.shell.transition.Transitions.dispatchReady:1279 com.android.wm.shell.transition.Transitions.onTransitionReady:251 com.android.wm.shell.transition.Transitions$TransitionPlayerImpl$$ExternalSyntheticLambda0.run:13 android.os.Handler.handleCallback:995 android.os.Handler.dispatchMessage:103
03-02 00:57:33.026  2746  2798 I SurfaceControlRegistry: show, t=FinishTransaction_SyncId<11286> sc=Task=44888, caller=android.view.SurfaceControl$Transaction.show:3557 com.android.wm.shell.transition.Transitions.dispatchReady:1330 com.android.wm.shell.transition.Transitions.onTransitionReady:251 com.android.wm.shell.transition.Transitions$TransitionPlayerImpl$$ExternalSyntheticLambda0.run:13 android.os.Handler.handleCallback:995 android.os.Handler.dispatchMessage:103
03-02 00:57:33.026  2746  2798 I SurfaceControlRegistry: show, t=StartTransaction_SyncId<11286> sc=Transition Root: Task=44888, caller=android.view.SurfaceControl$Transaction.show:3557 com.android.wm.shell.transition.Transitions.playTransition:79 com.android.wm.shell.transition.Transitions.processReadyQueue:239 com.android.wm.shell.transition.Transitions.dispatchReady:1352 com.android.wm.shell.transition.Transitions.onTransitionReady:251 com.android.wm.shell.transition.Transitions$TransitionPlayerImpl$$ExternalSyntheticLambda0.run:13
03-02 00:57:33.031  2013  4835 D InputTransport: Input channel constructed: '112423f', fd=1074
03-02 00:57:33.031  2013  4835 D InputTransport: Input channel constructed: '112423f', fd=1083
03-02 00:57:33.031  2013  4835 D InputTransport: Input channel constructed: '112423f', fd=1100
03-02 00:57:33.031  2013  4835 D InputTransport: Input channel destroyed: '112423f', fd=1083
03-02 00:57:33.032  1507  2393 I SurfaceFlinger: id=156446 createSurf, flag=84004, 112423f com.podcast.app.debug/androidx.activity.ComponentActivity#156446
03-02 00:57:33.032  1507  1507 I SurfaceFlinger: [Transition Root: Task=44888#156445] attach to parent LayerHierarchy{RequestedLayerState{DefaultTaskDisplayArea_d0#10 parentId=9} 46 children}
03-02 00:57:33.032  1507  1507 I SurfaceFlinger: [112423f com.podcast.app.debug/androidx.activity.ComponentActivity#156446] attach to parent LayerHierarchy{RequestedLayerState{ActivityRecord{197596933 u0 com.podcast.app.debug/androidx.activity.ComponentActivity t44888}#156442 parentId=156441} 2 children}
03-02 00:57:33.033  2013  4835 D InputTransport: Input channel destroyed: '112423f', fd=1100
03-02 00:57:33.034 17121 17121 D InputTransport: Input channel constructed: '112423f', fd=128
03-02 00:57:33.034  1507  2393 I SurfaceFlinger: id=156447 createSurf, flag=20004, DimTransitionLayer for Surface(name=Task=44888)/@0xe4f16b8#156447
03-02 00:57:33.034 17121 17121 I InsetsController: onStateChanged: host=com.podcast.app.debug/androidx.activity.ComponentActivity, from=android.view.ViewRootImpl.onInsetsStateChanged:3026, state=InsetsState: {mDisplayFrame=Rect(0, 0 - 1080, 2340), mDisplayCutout=DisplayCutout{insets=Rect(0, 80 - 0, 0) waterfall=Insets{left=0, top=0, right=0, bottom=0} boundingRect={Bounds=[Rect(0, 0 - 0, 0), Rect(472, 0 - 608, 80), Rect(0, 0 - 0, 0), Rect(0, 0 - 0, 0)]} cutoutPathParserInfo={CutoutPathParserInfo{displayWidth=1080 displayHeight=2340 physicalDisplayWidth=1080 physicalDisplayHeight=2340 density={2.8125} cutoutSpec={M 0,0 H -24.177777778 V 28.4444444444 H 24.177777778 V 0 H 0 Z @dp} rotation={0} scale={1.0} physicalPixelDisplaySizeRatio={1.0}}} sideOverrides={}}, mRoundedCorners=RoundedCorners{[RoundedCorner{position=TopLeft, radius=113, center=Point(113, 113)}, RoundedCorner{position=TopRight, radius=113, center=Point(967, 113)}, RoundedCorner{position=BottomRight, radius=113, center=Point(967, 2227)}, RoundedCorner{position=BottomLeft, radius=113, center=Point(113, 2227)}]}  mRoundedCornerFrame=Rect(0, 0 - 1080, 2340), mPrivacyIndicatorBounds=PrivacyIndicatorBounds {static bounds=Rect(956, 0 - 1080, 80) rotation=0}, mDisplayShape=DisplayShape{ spec=-311912193 displayWidth=1080 displayHeight=2340 physicalPixelDisplaySizeRatio=1.0 rotation=0 offsetX=0 offsetY=0 scale=1.0}, mSources= { InsetsSource: {e9af0000 mType=statusBars mFrame=[0,0][1080,80] mVisible=true mFlags= mSideHint=TOP mBoundingRects=null}, InsetsSource: {e9af0005 mType=mandatorySystemGestures mFrame=[0,0][1080,114] mVisible=true mFlags= mSideHint=TOP mBoundingRects=null}, InsetsSource: {e9af0006 mType=tappableElement mFrame=[0,0][1080,80] mVisible=true mFlags= mSideHint=TOP mBoundingRects=null}, InsetsSource: {3 mType=ime mFrame=[0,0][0,0] mVisible=false mFlags= mSideHint=NONE mBoundingRects=null}, InsetsSource: {27 mType=displayCutout mFrame=[0,0][1080,80] mVisible=true mFlags= mSideHint=TOP mBoundingRects=null}, InsetsSource: {26ed0001 mType=navigationBars mFrame=[0,2298][1080,2340] mVisible=true mFlags=SUPPRESS_SCRIM mSideHint=BOTTOM mBoundingRects=null}, InsetsSource: {26ed0004 mType=systemGestures mFrame=[0,0][84,2340] mVisible=true mFlags= mSideHint=LEFT mBoundingRects=null}, InsetsSource: {26ed0005 mType=mandatorySystemGestures mFrame=[0,2250][1080,2340] mVisible=true mFlags= mSideHint=BOTTOM mBoundingRects=null}, InsetsSource: {26ed0006 mType=tappableElement mFrame=[0,0][0,0] mVisible=true mFlags= mSideHint=NONE mBoundingRects=null}, InsetsSource: {26ed0024 mType=systemGestures mFrame=[996,0][1080,2340] mVisible=true mFlags= mSideHint=RIGHT mBoundingRects=null} }
03-02 00:57:33.035  1445  2902 W C2MtkBufferManager: [0xB4000070F507E520] fetchNewCcBlock: wait fence 0x0xb4000070f5058270 timed out. ret 110
03-02 00:57:33.035  2746  2798 I SurfaceControlRegistry: show, t=StartTransaction_SyncId<11286> sc=DimTransitionLayer for Surface(name=Task=44888)/@0xe4f16b8, caller=android.view.SurfaceControl$Transaction.show:3557 com.android.wm.shell.transition.DefaultTransitionHandler.startAnimation:2837 com.android.wm.shell.transition.Transitions.dispatchTransition:90 com.android.wm.shell.transition.Transitions.playTransition:774 com.android.wm.shell.transition.Transitions.processReadyQueue:239 com.android.wm.shell.transition.Transitions.dispatchReady:1352
03-02 00:57:33.035  1444  1444 D libcomposer_ext: DeviceImplAidl::DeviceClientContextAidl::NotifyHwcComposition()
03-02 00:57:33.035 17121 17121 I VRI[ComponentActivity]@f54c857: synced displayState. AttachInfo displayState=2
03-02 00:57:33.035  1444  1444 D libcomposer_ext: DeviceImplAidl::DeviceClientContextAidl::NotifyHwcComposition()
03-02 00:57:33.035 17121 17121 I VRI[ComponentActivity]@f54c857: setView = com.android.internal.policy.DecorView@390b162 IsHRR=false mFlingFrameRateChange=0 TM=true
03-02 00:57:33.035  1698  1698 D libcomposer_ext: ClientCallbackAidl::asyncPerform(12)
03-02 00:57:33.035  1698  1698 D libcomposer_ext: ClientImplAidl::ParseNotifyHwcComposition()
03-02 00:57:33.036  2746  2746 I {OngoingActivityController}: onTaskFocusChanged but OA data is empty
03-02 00:57:33.036 17121 17389 D HWUI    : HWUI - treat SMPTE_170M as sRGB
03-02 00:57:33.036  2746  2798 I SurfaceControlRegistry: apply, t=StartTransaction_SyncId<11286>, caller=android.view.SurfaceControl$Transaction.apply:3459 android.view.SurfaceControl$Transaction.apply:3447 android.view.SurfaceControl$Transaction.apply:3397 com.android.wm.shell.transition.DefaultTransitionHandler.startAnimation:3292 com.android.wm.shell.transition.Transitions.dispatchTransition:90 com.android.wm.shell.transition.Transitions.playTransition:774
03-02 00:57:33.036  1444  1444 I hwcomposer: [DBQ] (q2:0xb4000074f4d1c000) Buffer queue is created with size(3), m_id(45722), q2
03-02 00:57:33.036  1507  2393 D libcomposer_ext: ClientCallbackAidl::asyncPerform(12)
03-02 00:57:33.036  1507  2393 D libcomposer_ext: ClientImplAidl::ParseNotifyHwcComposition()
03-02 00:57:33.037  1444  1444 I hwcomposer: [DBQ] (q2:0xb4000074f4d1c000) Reallocate Slot(0), pool(0 -> -183674848) size(0 -> 5054400) secure(0 -> 0)
03-02 00:57:33.037  1507  2393 D SurfaceFlinger: NotifyHwcComposition(), id 0, mode 1
03-02 00:57:33.038  3202  3386 I HoneySpace.TopTaskSource: onTaskFocusChanged(): taskId = 44888
03-02 00:57:33.039  1444  1444 I hwcomposer: [DBQ] (q2:0xb4000074f4d1c000) Alloc Slot(0), handle=0xb4000074f4c24e80 c=0 w=1080 h=2340 p=1088 ys=1088 vs=2340 f=268 sec=0 sh=0, usage=0x800
03-02 00:57:33.039  1507  2128 I SurfaceFlinger: id=156448 createSurf, flag=84000, a76056f ActivityRecordInputSink com.podcast.app.debug/androidx.activity.ComponentActivity#156448
03-02 00:57:33.039  1444  1808 D MDP     : [PQSessionManager] findVideoID[f50d5820] found on index 7
03-02 00:57:33.039  3202  3202 I HoneySpace.EdgePanel.CocktailHostRepositoryImpl: onNoteResume
03-02 00:57:33.039  1444  1808 D MDP     : [PQSessionManager] createPQSession(7) user(0xb4000074f4d46d80)
03-02 00:57:33.039  1444  1808 D MDP     : [PQSessionManager] Duplicated ID[7] found, please check if double createPQSession!
03-02 00:57:33.039  1444  1808 D MDP     : [PQSessionManager] getPQSessionListHandle id[7]
03-02 00:57:33.039  1444  1808 D MDP     : [PQSessionManager] getPQSessionListHandle, find id[7]
03-02 00:57:33.039  1444  1808 D MDP     : [PQSession] incRefCount id[7] user[0xb4000074f4d46d80] existed
03-02 00:57:33.039  1444  1808 D MDP     : [PQSession] incRefCount id[7] user[0xb4000074f4d46d80] numOfUser[1]
03-02 00:57:33.039  1444  1808 D MDP     : [PQSession] numElements[0] key[0] metaData[0]
03-02 00:57:33.039  1444  1808 D MDP     : [PQSession] setPQParam() id[7] enable[1], scenario[1]
03-02 00:57:33.039  1444  1808 D MDP     : [PQSession] video TS [21367]
03-02 00:57:33.040  1444  1808 D PQ      : PQDSConfig::getEnableStatus check1  time 0 ms
03-02 00:57:33.040  1444  1808 D PQ      : [PQDSConfig] PQDSConfig::getEnableStatus = 1
03-02 00:57:33.040  1444  1808 D PQ      : [PQDSConfig] m_TDSHPTableInit 1
03-02 00:57:33.040  1444  1808 D PQ      : [PQDSConfig] getAshmemContext(SHP_ENABLE) = 1
03-02 00:57:33.040  1444  1808 D PQ      : PQDSConfig::getEnableStatus check2  time 0 ms
03-02 00:57:33.040  1444  1808 D PQ      : [PQDSConfig] PQDSConfig::getUREnableStatus = 1
03-02 00:57:33.040  1444  1808 D MDP     : [PQSession] setDpPqConfig m_svp = 0, enDRE = 0
03-02 00:57:33.040  1444  1808 D MDP     : setPQParam globalPQSupport = [0] globalPQSwitch = [0] globalPQStrength = [0] globalPQType = [0]
03-02 00:57:33.040  1444  1808 D MDP     : [PQSession] setPQparam userId[0x0], scenario[1], enDRE[0]
03-02 00:57:33.040  1444  1808 D MDP     : [PQSession] getDpPqConfig() id[7] enable[1], scenario[1]
03-02 00:57:33.040  1444  1808 D MDP     : [PQSession] getDpPqConfig() enSharp[1] enDC[0] enColor[0] enHDR[0] enHDRVivid[0] enUR[0] enReFocus[0] enCcorr[1] enDRE[0] enHFG[0] enAIPQ[0] enAISDR2HDR[0] enAIRegionPQ[0] mAdaptiveEnable[0]
03-02 00:57:33.040  1444  1808 D MDP     : [PQSession] setPQDREParam userId[0x0] scenario[1] enDRE[0]
03-02 00:57:33.040  1444  1808 D MDP     : [PQSessionManager] findVideoID[f50d5820] found on index 7
03-02 00:57:33.040  1444  1808 D MDP     : [PQSessionManager] PQSessionManager::getPQSession id[7]
03-02 00:57:33.040  1444  1808 D MDP     : [PQSessionManager] getPQSessionListHandle id[7]
03-02 00:57:33.040  1444  1808 D MDP     : [PQSessionManager] getPQSessionListHandle, find id[7]
03-02 00:57:33.040  1444  1808 D MDP     : [PQSession] getDpPqConfig() id[7] enable[1], scenario[1]
03-02 00:57:33.040  1444  1808 D MDP     : [PQSession] getDpPqConfig() enSharp[1] enDC[0] enColor[0] enHDR[0] enHDRVivid[0] enUR[0] enReFocus[0] enCcorr[1] enDRE[0] enHFG[0] enAIPQ[0] enAISDR2HDR[0] enAIRegionPQ[0] mAdaptiveEnable[0]
03-02 00:57:33.040  1444  1808 D MDP     : [PQSessionManager] PQSessionManager::getPQSession id[7]
03-02 00:57:33.040  1444  1808 D MDP     : [PQSessionManager] getPQSessionListHandle id[7]
03-02 00:57:33.040  1444  1808 D MDP     : [PQSessionManager] getPQSessionListHandle, find id[7]
03-02 00:57:33.040  1444  1808 D AAL     : [PQEngineInterface] DpEngineTDSHPReConfigFrame(0)
03-02 00:57:33.040  1444  1808 D MDP     : [PQSession] getDpPqConfig() id[7] enable[1], scenario[1]
03-02 00:57:33.040  1444  1808 D MDP     : [PQSession] getDpPqConfig() enSharp[1] enDC[0] enColor[0] enHDR[0] enHDRVivid[0] enUR[0] enReFocus[0] enCcorr[1] enDRE[0] enHFG[0] enAIPQ[0] enAISDR2HDR[0] enAIRegionPQ[0] mAdaptiveEnable[0]
03-02 00:57:33.040  1444  1808 D AAL     : [PQEngineInterface] DpEngineTDSHPReConfigFrame(0) tdshpEnable(1) enSharp(1) enDC(0) enHFG(0)
03-02 00:57:33.040  1444  1808 D MDP     : PQSession:setPipeNum m_PipeNum[1] value[1] ID[7] DCPath[0] DCDone[0] addr[73225d5f]
03-02 00:57:33.040  1444  1808 D AAL     : [PQEngineInterface] DpEngineTDSHPReConfigFrame(0)  adl_enable = 0
03-02 00:57:33.040  1444  1808 D AAL     : [PQEngineInterface] DpEngineTDSHPReConfigFrame(0) Scenario = 0
03-02 00:57:33.040  1444  1808 D MDP     : [PQSessionManager] PQSessionManager::getPQSession id[7]
03-02 00:57:33.040  1444  1808 D MDP     : [PQSessionManager] getPQSessionListHandle id[7]
03-02 00:57:33.040  1444  1808 D MDP     : [PQSessionManager] getPQSessionListHandle, find id[7]
03-02 00:57:33.040  1444  1808 W AAL     : DpEngine_HDR::onReconfigTiles : PABufferIndex no change do nothing
03-02 00:57:33.040  1507  1507 D SurfaceFlinger: Display 4627039422300187648 HWC layers:
03-02 00:57:33.040  1507  1507 D SurfaceFlinger:   SOLID_COLOR |                        0 | 00000002 | N/A          |    0.0    0.0    0.0    0.0 |    0    0   -1   -1 | Background for 68eb87 SurfaceView[co[...]weme.splash.SplashActivity]@0#156427 (0)
03-02 00:57:33.040  1507  1507 D SurfaceFlinger:   SOLID_COLOR |                        0 | 00000002 | N/A          |    0.0    0.0    0.0    0.0 |    0    0   -1   -1 | Background for 7086fb SurfaceView[co[...]weme.splash.SplashActivity]@0#156430 (0)
03-02 00:57:33.040  1507  1507 D SurfaceFlinger:   SOLID_COLOR |                        0 | 00000002 | N/A          |    0.0    0.0    0.0    0.0 |    0    0   -1   -1 | Background for 836459b SurfaceView[c[...]weme.splash.SplashActivity]@0#156433 (0)
03-02 00:57:33.040  1507  1507 D SurfaceFlinger:        DEVICE |           63930588202203 | 00000102 | 0x32315659   |    0.0    0.0  720.0 1280.0 |    0   80 1080 2000 | 7086fb SurfaceView[com.zhiliaoapp.mu[...]lash.SplashActivity]@0(BLAST)#156429 (1)
03-02 00:57:33.040  1507  1507 D SurfaceFlinger:        DEVICE |           63930588202200 | 00002100 | RGBA_8888    |    0.0    0.0 1080.0 2340.0 |    0    0 1080 2340 | com.zhiliaoapp.musically/com.ss.andr[...].splash.S
03-02 00:57:33.040  1507  1507 D SurfaceFlinger: plashActivity$_14885#156421 (7)
03-02 00:57:33.040  1507  1507 D SurfaceFlinger:        DEVICE |           11793980281878 | 00002100 | RGBA_8888    |    0.0    0.0 1080.0   80.0 |    0    0 1080   80 | StatusBar$_2746#117 (211114)
03-02 00:57:33.040  1507  1507 D SurfaceFlinger:        DEVICE |           13752485304097 | 00002100 | RGBA_8888    |    0.0    0.0   67.0  346.0 | 1013  454 1080  800 | com.sec.android.app.launcher/com.sam[...].app.CocktailBarService$_3202#152779 (1)
03-02 00:57:33.040  1507  1507 D SurfaceFlinger:        DEVICE |           11793980283646 | 00002100 | RGBA_8888    |    0.0    0.0  229.0  724.0 |  851  551 1080 1275 | VolumePanelWindow$_2746#156390 (56)
03-02 00:57:33.040  1507  1507 D SurfaceFlinger:        DEVICE |           11793980281853 | 00002100 | RGBA_8888    |    0.0    0.0 1080.0  135.0 |    0 2205 1080 2340 | NavigationBar0$_2746#113 (188021)
03-02 00:57:33.040  1507  1507 D SurfaceFlinger:
03-02 00:57:33.040  3202  3202 I HoneySpace.EdgePanel.EdgePanelContainerViewModel: cocktailHostRepository.edgePanelOperation NoteResumeComponent(componentName=ComponentInfo{com.podcast.app.debug/androidx.activity.ComponentActivity})
03-02 00:57:33.040  3202  3202 I HoneySpace.EdgePanel.ActivityUtils: HomePackage : com.sec.android.app.launcher, resumePackageName : com.podcast.app.debug, className : androidx.activity.ComponentActivity
03-02 00:57:33.041  2013  4835 I WindowManager: Relayout Window{112423f u0 com.podcast.app.debug/androidx.activity.ComponentActivity}: viewVisibility=0 req=1080x2340 ty=1 d0
03-02 00:57:33.041  1507  2128 I SurfaceFlinger: id=156449 createSurf, flag=44004, com.podcast.app.debug/androidx.activity.ComponentActivity$_17121#156449
03-02 00:57:33.042  1444  1807 W hwcomposer: [DRMDEV] paramIsSame(), id 45718, w 1080/1080, h 2340/2340, pitch 1088/1088, format 0x2/0x1, secure 0/0
