03-02 00:57:02.091  5235 17904 I HBD     : l writeToFile json : {"version":"4.2","currentLanguageOrder":0,"selected":[{"activeOptionList":["auto_replace","auto_spacing","writing_assistant","prediction"],"bilingualId":-1,"engName":"English","id":65538,"inputType":"qwerty","isUsed":true},{"activeOptionList":["auto_replace","auto_spacing","prediction"],"bilingualId":-1,"engName":"Arabic","id":5308416,"inputType":"qwerty","isUsed":true}]}
03-02 00:57:02.091  2013  4834 D SecContentProvider: query(), uri = 17 selection = isSettingsChangesAllowed
03-02 00:57:02.092  2013  4834 D SecContentProvider: query(), uri = 17 selection = isSettingsChangesAllowed
03-02 00:57:02.093  5235 12846 I HBD     : u updated Sub Types. English
03-02 00:57:02.094  5235 17904 I HBD     : l writeToFile complete
03-02 00:57:02.094  5235  5235 I HBD     : l writeToFile complete
03-02 00:57:02.095  1507  1507 I SurfaceFlinger: destroyed Surface(name=2141cda InputMethod)/@0x5ea0b56 - animation-leash of insets_animation#155471
03-02 00:57:02.095  5235  5235 I HBD     : a [UpdatePolicy] [post] a: 31 cl: 65538 kit: [0/0] vt: 0 ir: 1
03-02 00:57:02.095  5235 17905 I HBD     : b InputMethodSubtype is set as local:en_GB
03-02 00:57:02.095  5235 17906 I HBD     : l Write selected lang for DE
03-02 00:57:02.096  5235 17906 I HBD     : l writeToFile path : /data/user_de/0/com.samsung.android.honeyboard/files/selected.json
03-02 00:57:02.096  5235 17906 I HBD     : l writeToFile json : {"version":"4.2","currentLanguageOrder":0,"selected":[{"activeOptionList":["auto_replace","auto_spacing","writing_assistant","prediction"],"bilingualId":-1,"engName":"English","id":65538,"inputType":"qwerty","isUsed":true},{"activeOptionList":["auto_replace","auto_spacing","prediction"],"bilingualId":-1,"engName":"Arabic","id":5308416,"inputType":"qwerty","isUsed":true}]}
03-02 00:57:02.097  5235  5235 I HBD     : HoneyBoardService [PF_OP][onStartInput]  39 ms
03-02 00:57:02.097  5235  5235 I InputMethodService: scheduleImeSurfaceRemoval: removeImeSurface is posted.
03-02 00:57:02.098  2013  4834 D SecContentProvider: query(), uri = 17 selection = isSettingsChangesAllowed
03-02 00:57:02.099  1646  5384 I CameraService: onUidStateChanged: uid=10062, procState is changed. (1 -> 0)
03-02 00:57:02.099  2013  2027 D SecContentProvider: query(), uri = 17 selection = isSettingsChangesAllowed
03-02 00:57:02.099  1507  1507 I Layer   : id=155471 Destroyed Surface(name=2141cda InputMethod)/@0x5ea0b56 - animation-leash of insets_animation#155471
03-02 00:57:02.099  5235 17906 I HBD     : l writeToFile complete
03-02 00:57:02.100  2013  3345 W ParceledListSlice: Element #30 is 21544 bytes.
03-02 00:57:02.101  2013  2027 I WindowManager: Relayout Window{b945df2 u0 Splash Screen com.podcast.app.debug}: viewVisibility=8 req=1080x2340 ty=3 d0
03-02 00:57:02.102  5235 12722 I HBD     : u updated Sub Types. English
03-02 00:57:02.103  2013  2027 I WindowManager: Relayout hash=b945df2, pid=2746, syncId=-1: mAttrs={(0,0)(fillxfill) sim={adjust=pan} layoutInDisplayCutoutMode=always ty=APPLICATION_STARTING fmt=TRANSLUCENT wanim=0x1030317
03-02 00:57:02.103  2013  2027 I WindowManager:   fl=81030118
03-02 00:57:02.103  2013  2027 I WindowManager:   pfl=10000810
03-02 00:57:02.103  2013  2027 I WindowManager:   bhv=1
03-02 00:57:02.103  2013  2027 I WindowManager:   fitSides=0
03-02 00:57:02.103  2013  2027 I WindowManager:   frameRateBoostOnTouch=true
03-02 00:57:02.103  2013  2027 I WindowManager:   dvrrWindowFrameRateHint=true naviIconColor=0}
03-02 00:57:02.103  2746  2808 I VRI[debug]@a4200ce: onActiveControlsChanged, removed=false, mAdded=true, caller=android.view.ViewRootImpl.handleInsetsControlChanged:3002 android.view.ViewRootImpl.relayoutWindow:11629 android.view.ViewRootImpl.performTraversals:4804 android.view.ViewRootImpl.doTraversal:3924 android.view.ViewRootImpl$TraversalRunnable.run:12903
03-02 00:57:02.103  2746  2808 I VRI[debug]@a4200ce: Relayout returned: old=(0,0,1080,2340) new=(0,0,1080,2340) relayoutAsync=false req=(1080,2340)8 dur=2 res=0x2 s={false 0x0} ch=true seqId=0
03-02 00:57:02.103  2746  2808 D VRI[debug]@a4200ce: Not drawing due to not visible. Reason=View.GONE
03-02 00:57:02.104  2746  2808 W WindowOnBackDispatcher: sendCancelIfRunning: isInProgress=false callback=android.view.ViewRootImpl$$ExternalSyntheticLambda16@c015bda
03-02 00:57:02.104  5235 17908 I HBD     : b InputMethodSubtype is set as local:en_GB
03-02 00:57:02.104  2746  2808 I VRI[debug]@a4200ce: dispatchDetachedFromWindow
03-02 00:57:02.106  2746  2746 D SystemUIService: SYSUI_RAM_OPTIMIZATION onTrimMemory=20
03-02 00:57:02.107  2746  2746 D CentralSurfaces: SYSUI_RAM_OPTIMIZATION onTrimMemory=20
03-02 00:57:02.107  2746  2870 D HWUI    : CacheManager::trimMemory(20)
03-02 00:57:02.109  2013  2253 D InputTransport: Input channel destroyed: 'b945df2', fd=1036
03-02 00:57:02.110  2013  4823 W system_server: Large reply transaction of 325152 bytes, interface descriptor android.app.IActivityTaskManager, code 26
03-02 00:57:02.111  1484  1816 V APM_AudioPolicyManager: stopOutput portId 13560
03-02 00:57:02.111  1484  1816 V APM_AudioPolicyManager: stopOutput() output 21, stream 3, session 126033
03-02 00:57:02.111  1484  1816 V APM_AudioPolicyManager: setBeaconMute(1) mBeaconMuteRefCount=8 mBeaconPlayingRefCount=0
03-02 00:57:02.111  1484  1816 V APM_AudioPolicyManager: getNewOutputDevices selected devices AUDIO_DEVICE_NONE
03-02 00:57:02.111  1484  1816 V APM_AudioPolicyManager: setOutputDevices caller stopSource[[portId:5][io:21, deep-buffer]] device AUDIO_DEVICE_NONE delayMs 170
03-02 00:57:02.112  1484  1816 V APM_AudioPolicyManager: setOutputDevices caller stopSource[[portId:5][io:21, deep-buffer]] setting same device AUDIO_DEVICE_NONE or null device, force=0, patch handle=11429
03-02 00:57:02.112  1439 32089 D MTKAdapterStreamLayer: updateMetadataCommon(),
03-02 00:57:02.113  1484  1816 W AudioFlinger: moveEffectChain_ll: effect chain for session 0 not on source thread 0xb400007066671a50
03-02 00:57:02.113  1484  1816 V APM_AudioPolicyManager: selectOutputForMusicEffects selected output 13
03-02 00:57:02.113  1445 16865 W C2MtkBufferManager: [0xB4000070F68A9420] fetchNewCcBlock: wait fence 0x0xb4000070f692fea0 timed out. ret 110
03-02 00:57:02.115  2746  2808 D InputTransport: Input channel destroyed: 'b945df2', fd=520
03-02 00:57:02.115  2746  5188 I BLASTBufferQueue: [VRI[debug]@a4200ce#7679](f:0,a:1,s:0) destructor()
03-02 00:57:02.115  2746  5188 D BufferQueueConsumer: [VRI[debug]@a4200ce#7679(BLAST Consumer)7679](id:aba00001dff,api:0,p:-1,c:2746) disconnect
03-02 00:57:02.117  1507  1507 I SurfaceFlinger: RequestedLayer [Splash Screen com.podcast.app.debug$_2746#155477] hidden!! flag  from(0) --> to(1)
03-02 00:57:02.122  2013  2253 W system_server: Large reply transaction of 325152 bytes, interface descriptor android.app.IActivityTaskManager, code 26
03-02 00:57:02.130  1507  1507 D SurfaceFlinger: Display 4627039422300187648 HWC layers:
03-02 00:57:02.130  1507  1507 D SurfaceFlinger:   SOLID_COLOR |                        0 | 00000002 | N/A          |    0.0    0.0    0.0    0.0 |    0    0   -1   -1 | Background for 68eb87 SurfaceView[co[...]weme.splash.SplashActivity]@0#155460 (0)
03-02 00:57:02.130  1507  1507 D SurfaceFlinger:   SOLID_COLOR |                        0 | 00000002 | N/A          |    0.0    0.0    0.0    0.0 |    0    0   -1   -1 | Background for 7086fb SurfaceView[co[...]weme.splash.SplashActivity]@0#155463 (0)
03-02 00:57:02.130  1507  1507 D SurfaceFlinger:   SOLID_COLOR |                        0 | 00000002 | N/A          |    0.0    0.0    0.0    0.0 |    0    0   -1   -1 | Background for 836459b SurfaceView[c[...]weme.splash.SplashActivity]@0#155466 (0)
03-02 00:57:02.130  1507  1507 D SurfaceFlinger:        CLIENT |           63930588201594 | 00000102 | 0x32315659   |  137.0    0.0  720.0 1280.0 |    0   80  874 2000 | 7086fb SurfaceView[com.zhiliaoapp.mu[...]lash.SplashActivity]@0(BLAST)#155462 (20)
03-02 00:57:02.130  1507  1507 D SurfaceFlinger:        CLIENT |           63930588201592 | 00002100 | RGBA_8888    |  206.0    0.0 1080.0 2340.0 |    0    0 1080 2340 | com.zhiliaoapp.musically/com.ss.andr[...].splash.
03-02 00:57:02.130  1507  1507 D SurfaceFlinger: SplashActivity$_14885#155454 (7)
03-02 00:57:02.130  1507  1507 D SurfaceFlinger:   SOLID_COLOR |                        0 | 00000000 | N/A          |    0.0    0.0    0.0    0.0 |    0    0 1080 2340 | DimTransitionLayer for Surface(name=Task=44848)/@0xd9ddc3d#155483 (0)
03-02 00:57:02.130  1507  1507 D SurfaceFlinger:        DEVICE |           73534135074836 | 00002102 | RGBA_8888    |    0.0    0.0  658.0 2340.0 |  422    0 1080 2340 | com.podcast.app.debug/androidx.activity.ComponentActivity$_17121#155479 (1)
03-02 00:57:02.130  1507  1507 D SurfaceFlinger:        DEVICE |           11793980281856 | 00002100 | RGBA_8888    |    0.0    0.0 1080.0   80.0 |    0    0 1080   80 | StatusBar$_2746#117 (210895)
03-02 00:57:02.130  1507  1507 D SurfaceFlinger:        DEVICE |           13752485304097 | 00002100 | RGBA_8888    |    0.0    0.0   67.0  346.0 | 1013  454 1080  800 | com.sec.android.app.launcher/com.sam[...].app.CocktailBarService$_3202#152779 (1)
03-02 00:57:02.130  1507  1507 D SurfaceFlinger:        DEVICE |           11793980281867 | 00002100 | RGBA_8888    |    0.0    0.0 1080.0  135.0 |    0 2205 1080 2340 | NavigationBar0$_2746#113 (187422)
03-02 00:57:02.130  1507  1507 D SurfaceFlinger:
03-02 00:57:02.131  1507  1507 I SurfaceFlinger: [LayerHierarchy{RequestedLayerState{ImeContainer#15 parentId=155475 relativeParentId=155478 z=1} 1 children}] RelativeParent to LayerHierarchy{RequestedLayerState{23799d8 com.podcast.app.debug/androidx.activity.ComponentActivity#155478 parentId=155475} 2 children}
03-02 00:57:02.131  1507  1507 I SurfaceFlinger: [LayerHierarchy{RequestedLayerState{Surface(name=23799d8 com.podcast.app.debug/androidx.activity.ComponentActivity)/@0x4400be4 - animation-leash of starting_reveal#155484} 1 children}] reparent to OffscreenRoot
03-02 00:57:02.131  1507  1507 I SurfaceFlinger: [LayerHierarchy{RequestedLayerState{Surface(name=23799d8 com.podcast.app.debug/androidx.activity.ComponentActivity)/@0x4400be4 - animation-leash of starting_reveal#155484} 1 children}] RelativeParent to null
03-02 00:57:02.131  1507  1507 I SurfaceFlinger: [LayerHierarchy{RequestedLayerState{b945df2 Splash Screen com.podcast.app.debug#155476 z=2147483647} 1 children}] reparent to OffscreenRoot
03-02 00:57:02.131  1507  1507 I SurfaceFlinger: [LayerHierarchy{RequestedLayerState{b945df2 Splash Screen com.podcast.app.debug#155476 z=2147483647} 1 children}] RelativeParent to null
03-02 00:57:02.131  1507  1507 I SurfaceFlinger: [LayerHierarchy{RequestedLayerState{Splash Screen com.podcast.app.debug$_2746#155477} no children}] reparent to OffscreenRoot
03-02 00:57:02.131  1507  1507 I SurfaceFlinger: [LayerHierarchy{RequestedLayerState{Splash Screen com.podcast.app.debug$_2746#155477} no children}] RelativeParent to null
03-02 00:57:02.131  1507  1507 I SurfaceFlinger: [LayerHierarchy{RequestedLayerState{23799d8 com.podcast.app.debug/androidx.activity.ComponentActivity#155478 parentId=155475} 2 children}] reparent to LayerHierarchy{RequestedLayerState{ActivityRecord{64970818 u0 com.podcast.app.debug/androidx.activity.ComponentActivity t44848}#155475 parentId=155474} 3 children}
03-02 00:57:02.144  2991  3778 D SatelliteController: isInCarrierRoamingNbIotNtn: satellite is disabled
03-02 00:57:02.147  3438  3438 I EPDG -- SIM0 [SMARTCELLULAR]: onSignalStrengthsChanged: SignalStrength:{mCdma=Invalid,mGsm=Invalid,mWcdma=Invalid,mTdscdma=Invalid,mLte=CellSignalStrengthLte: rssi=-109 rsrp=-108 rsrq=-9 rssnr=4 cqiTableIndex=2147483647 cqi=2147483647 ta=2147483647 level=3 parametersUseForLevel=0,mNr=Invalid,SignalBarInfo{ lteLevel=2 },rat=14,primary=CellSignalStrengthLte}
03-02 00:57:02.148  3438  4395 I EPDG -- SIM0 [SMARTCELLULAR]: lastLteRSRP is -108 currentLteRSRP is -108 lastLteRSRQ is -11 currentLteRSRQ is -9 lastLteSNR is 5 currentLteSNR is 4
03-02 00:57:02.148  2991  3004 I LocationAccessPolicy: checkLocationPermission - callingUid: 10492, callingPid: 14636, result: DENIED_SOFT
03-02 00:57:02.149  2991  3004 I LocationAccessPolicy: checkLocationPermission - callingUid: 10492, callingPid: 14636, result: DENIED_SOFT
03-02 00:57:02.153  1445 16865 W C2MtkBufferManager: [0xB4000070F68A9420] fetchNewCcBlock: wait fence 0x0xb4000070f692fea0 timed out. ret 110
03-02 00:57:02.155  1445  2902 W C2MtkBufferManager: [0xB4000070F507E520] fetchNewCcBlock: wait fence 0x0xb4000070f5058270 timed out. ret 110
03-02 00:57:02.155  1507  1825 I SurfaceFlinger: Capture layer list: 	 com.zhiliaoapp.musically/com.ss.android.ugc.aweme.splash.SplashActivity$_14885#155454(seamlessTransition:0)
03-02 00:57:02.155  2991  3810 I LocationAccessPolicy: checkLocationPermission - callingUid: 10492, callingPid: 14636, result: DENIED_SOFT
03-02 00:57:02.155  1507  1825 I SurfaceFlinger: Capture layer list: 	 DimTransitionLayer for Surface(name=Task=44848)/@0xd9ddc3d#155483(seamlessTransition:0)
03-02 00:57:02.155  1507  1825 I SurfaceFlinger: Capture layer list: 	 com.podcast.app.debug/androidx.activity.ComponentActivity$_17121#155479(seamlessTransition:0)
03-02 00:57:02.155  2991  3810 I LocationAccessPolicy: checkLocationPermission - callingUid: 10492, callingPid: 14636, result: DENIED_SOFT
03-02 00:57:02.162  2991  3004 I LocationAccessPolicy: checkLocationPermission - callingUid: 10492, callingPid: 14636, result: DENIED_SOFT
03-02 00:57:02.165  5235 12846 I HBD     : a [SKE_SPECIFIC] specific model[com.podcast.app.debug] loaded, 63948231 ns
03-02 00:57:02.169 14885 16784 D Native  : [TTNativeML] NativeMLTaskRunner 2.3-2.4 code：BuildInputs: CostTime 0.05 ms
03-02 00:57:02.169 14885 16784 D Native  : [TTNativeML] NativeMLTaskRunner 3-4 code：AdapterSetInputs: cost time 0.03 ms
03-02 00:57:02.169 14885 16784 D Native  : [TTNativeML] NativeMLTaskRunner 4-5 code：AdapterInference: cost time 0.15 ms
03-02 00:57:02.193  1445 16865 W C2MtkBufferManager: [0xB4000070F68A9420] fetchNewCcBlock: wait fence 0x0xb4000070f692fea0 timed out. ret 110
03-02 00:57:02.228  1445  2902 W C2MtkBufferManager: [0xB4000070F507E520] fetchNewCcBlock: wait fence 0x0xb4000070f5058270 timed out. ret 110
03-02 00:57:02.232  1445 16865 W C2MtkBufferManager: [0xB4000070F68A9420] fetchNewCcBlock: wait fence 0x0xb4000070f692fea0 timed out. ret 110
03-02 00:57:02.256  1507  1825 I SurfaceFlinger: Capture layer list: 	 com.zhiliaoapp.musically/com.ss.android.ugc.aweme.splash.SplashActivity$_14885#155454(seamlessTransition:0)
03-02 00:57:02.256  1507  1825 I SurfaceFlinger: Capture layer list: 	 DimTransitionLayer for Surface(name=Task=44848)/@0xd9ddc3d#155483(seamlessTransition:0)
03-02 00:57:02.256  1507  1825 I SurfaceFlinger: Capture layer list: 	 com.podcast.app.debug/androidx.activity.ComponentActivity$_17121#155479(seamlessTransition:0)
03-02 00:57:02.272  1445 16865 W C2MtkBufferManager: [0xB4000070F68A9420] fetchNewCcBlock: wait fence 0x0xb4000070f692fea0 timed out. ret 110
03-02 00:57:02.276 12859 12960 I SGPController: onForegroundAppChanged() update=false, cn=ComponentInfo{com.podcast.app.debug/androidx.activity.ComponentActivity}, r=SkRegion((0,0,198,2340)(882,0,1080,2340))
03-02 00:57:02.279  3202  3202 I HoneySpace.EdgePanel.EdgeVisibilityRepository: getComputedTrayVisible : keyguardState = 1
03-02 00:57:02.279  3202  3202 I HoneySpace.EdgePanel.EdgeVisibilityRepository: updateTrayVisible: State = 0x1, visible = true, current containerState = 0, specificMode = 0
03-02 00:57:02.279  3202  3202 I HoneySpace.EdgePanel.EdgeVisibilityRepository: Same container state 0
03-02 00:57:02.289  2991  3810 I LocationAccessPolicy: checkLocationPermission - callingUid: 10492, callingPid: 14636, result: DENIED_SOFT
03-02 00:57:02.289  2991  3810 I LocationAccessPolicy: checkLocationPermission - callingUid: 10492, callingPid: 14636, result: DENIED_SOFT
03-02 00:57:02.298  1444  1444 I hwcomposer: [HWCDisplay] (0 updateFps():4131), (type:1, mode:2) fps:84.438240,dur:1006.65,max:22.60,min:5.79
03-02 00:57:02.301  1450 17899 I mtkpower_client: perf_lock_rel, hdl:76297, pid: 1450, tid:17899
03-02 00:57:02.301  1445  2902 W C2MtkBufferManager: [0xB4000070F507E520] fetchNewCcBlock: wait fence 0x0xb4000070f5058270 timed out. ret 110
03-02 00:57:02.301  1450 17899 I mtkpower_client: perf_lock_acq, hdl:0, dur:0, num:2, pid:1450, tid:17899
03-02 00:57:02.302  1464  1529 I libPowerHal: [perfLockRel] hdl:76297, idx:8
03-02 00:57:02.302  1464  1529 I libPowerHal: [set_cpuidle] enable:1, fd:17, scn:0xb40000737b61a740
03-02 00:57:02.302  1464  1529 I libPowerHal: [PD] vendor.samsung. update cmd:1c3c100 param:1 pr:6
03-02 00:57:02.302  1464  1529 I libPowerHal: [perfLockRel] Done for hdl : 76297
03-02 00:57:02.302  1450 17899 I mtkpower_client: ret_hdl:76301
03-02 00:57:02.302  1450 17899 I mtkpower_client: perf_lock_rel, hdl:76299, pid: 1450, tid:17899
03-02 00:57:02.303  1464  1529 I libPowerHal: [perfLockAcq] idx:7 hdl:76301 hint:-1 pid:1450 tid:17899 duration:0 lock_user:vendor.samsung. => ret_hdl:76301
03-02 00:57:02.303  1464  1529 I libPowerHal: [set_cpuidle] enable:0, fd:17, scn:0xb40000737b6173c8
03-02 00:57:02.303  1464  1529 I libPowerHal: [get_cpu_dma_latency_value] 0
03-02 00:57:02.303  1464  1529 I libPowerHal: [PE] vendor.samsung. update cmd:1c3c100 param:0 pr:3
03-02 00:57:02.303  1464  1529 I libPowerHal: [perfLockAcq] Done for hdl : 76301
03-02 00:57:02.303  1450 17899 I mtkpower_client: perf_lock_acq, hdl:0, dur:0, num:2, pid:1450, tid:17899
03-02 00:57:02.304  1464  1529 I libPowerHal: [perfLockRel] hdl:76299, idx:2
03-02 00:57:02.304  1464  1529 I libPowerHal: [PD] vendor.samsung. update cmd:1000000 param:-1 pr:6
03-02 00:57:02.305  1464  1529 I libPowerHal: [perfLockRel] Done for hdl : 76299
03-02 00:57:02.305  1450 17899 I mtkpower_client: ret_hdl:76302
03-02 00:57:02.305  1450 17899 I HYPER-HAL: [RequestManager.cpp]releaseLocked(): Released ID : 2063514
03-02 00:57:02.305  1464  1529 I libPowerHal: [perfLockAcq] idx:2 hdl:76302 hint:-1 pid:1450 tid:17899 duration:0 lock_user:vendor.samsung. => ret_hdl:76302
03-02 00:57:02.306  1464  1529 I libPowerHal: [setDvfsrcDevFreqOpp] opp:0, freq:4266000000
03-02 00:57:02.306  1464  1529 I libPowerHal: [PE] vendor.samsung. update cmd:1000000 param:0 pr:3
03-02 00:57:02.306  1464  1529 I libPowerHal: [perfLockAcq] Done for hdl : 76302
03-02 00:57:02.309  1507  1507 I BufferQueueProducer: [FramebufferSurface](this:0xb400007a458f0370,id:-1,api:1,p:1507,c:1507) queueBuffer: fps=62.82 dur=1002.81 max=286.13 min=5.83
03-02 00:57:02.310 10943 10943 I DVFSHelper: acquireBoostingCPU() : stop boosting cpu
03-02 00:57:02.312  1445 16865 W C2MtkBufferManager: [0xB4000070F68A9420] fetchNewCcBlock: wait fence 0x0xb4000070f692fea0 timed out. ret 110
03-02 00:57:02.315 22395 22395 D BoundBrokerSvc: onUnbind: Intent { act=com.google.android.gms.measurement.START xflg=0x4 pkg=com.google.android.gms }
03-02 00:57:02.352  1445 16865 W C2MtkBufferManager: [0xB4000070F68A9420] fetchNewCcBlock: wait fence 0x0xb4000070f692fea0 timed out. ret 110
03-02 00:57:02.356  1507  1825 I SurfaceFlinger: Capture layer list: 	 com.zhiliaoapp.musically/com.ss.android.ugc.aweme.splash.SplashActivity$_14885#155454(seamlessTransition:0)
03-02 00:57:02.356  1507  1825 I SurfaceFlinger: Capture layer list: 	 DimTransitionLayer for Surface(name=Task=44848)/@0xd9ddc3d#155483(seamlessTransition:0)
03-02 00:57:02.356  1507  1825 I SurfaceFlinger: Capture layer list: 	 com.podcast.app.debug/androidx.activity.ComponentActivity$_17121#155479(seamlessTransition:0)
03-02 00:57:02.374  1445  2902 W C2MtkBufferManager: [0xB4000070F507E520] fetchNewCcBlock: wait fence 0x0xb4000070f5058270 timed out. ret 110
03-02 00:57:02.392  1445 16865 W C2MtkBufferManager: [0xB4000070F68A9420] fetchNewCcBlock: wait fence 0x0xb4000070f692fea0 timed out. ret 110
03-02 00:57:02.431  1445 16865 W C2MtkBufferManager: [0xB4000070F68A9420] fetchNewCcBlock: wait fence 0x0xb4000070f692fea0 timed out. ret 110
03-02 00:57:02.447  1445  2902 W C2MtkBufferManager: [0xB4000070F507E520] fetchNewCcBlock: wait fence 0x0xb4000070f5058270 timed out. ret 110
03-02 00:57:02.456  1507  1825 I SurfaceFlinger: Capture layer list: 	 com.zhiliaoapp.musically/com.ss.android.ugc.aweme.splash.SplashActivity$_14885#155454(seamlessTransition:0)
03-02 00:57:02.456  1507  1825 I SurfaceFlinger: Capture layer list: 	 DimTransitionLayer for Surface(name=Task=44848)/@0xd9ddc3d#155483(seamlessTransition:0)
03-02 00:57:02.456  1507  1825 I SurfaceFlinger: Capture layer list: 	 com.podcast.app.debug/androidx.activity.ComponentActivity$_17121#155479(seamlessTransition:0)
03-02 00:57:02.471  1445 16865 W C2MtkBufferManager: [0xB4000070F68A9420] fetchNewCcBlock: wait fence 0x0xb4000070f692fea0 timed out. ret 110
03-02 00:57:02.484  2746  2798 I SurfaceControlRegistry: apply, t=FinishTransaction_SyncId<11233>, caller=android.view.SurfaceControl$Transaction.apply:3459 android.view.SurfaceControl$Transaction.apply:3447 android.view.SurfaceControl$Transaction.apply:3397 com.android.wm.shell.transition.Transitions.onFinish:315 com.android.wm.shell.transition.Transitions$$ExternalSyntheticLambda7.onTransitionFinished:12 com.android.wm.shell.transition.DefaultTransitionHandler$$ExternalSyntheticLambda6.run:36
03-02 00:57:02.485  1444  1444 D libcomposer_ext: DeviceImplAidl::DeviceClientContextAidl::NotifyHwcComposition()
03-02 00:57:02.485  1444  1444 D libcomposer_ext: DeviceImplAidl::DeviceClientContextAidl::NotifyHwcComposition()
03-02 00:57:02.485  1698  1698 D libcomposer_ext: ClientCallbackAidl::asyncPerform(12)
03-02 00:57:02.485  1698  1698 D libcomposer_ext: ClientImplAidl::ParseNotifyHwcComposition()
03-02 00:57:02.485  1507  2393 D libcomposer_ext: ClientCallbackAidl::asyncPerform(12)
03-02 00:57:02.485  1507  2393 D libcomposer_ext: ClientImplAidl::ParseNotifyHwcComposition()
03-02 00:57:02.485  1507  2393 D SurfaceFlinger: NotifyHwcComposition(), id 0, mode 0
03-02 00:57:02.486  1464  1492 I mtkpower@impl: [setMode] type:6, enabled:0
03-02 00:57:02.486  1464  1492 E mtkpower@impl: [setMode] unknown type
03-02 00:57:02.486  1507  2128 I SurfaceFlinger: onHandleDestroyed: layerId=155477, name=Splash Screen com.podcast.app.debug$_2746#155477
03-02 00:57:02.486  1507  2128 I SurfaceFlinger: id=155477 Removed Splash Screen com.podcast.app.debug$_2746#155477 (341)
03-02 00:57:02.487  1507  1507 D SurfaceFlinger: Display 4627039422300187648 HWC layers:
03-02 00:57:02.487  1507  1507 D SurfaceFlinger:   SOLID_COLOR |                        0 | 00000002 | N/A          |    0.0    0.0    0.0    0.0 |    0    0   -1   -1 | Background for 68eb87 SurfaceView[co[...]weme.splash.SplashActivity]@0#155460 (0)
03-02 00:57:02.487  1507  1507 D SurfaceFlinger:   SOLID_COLOR |                        0 | 00000002 | N/A          |    0.0    0.0    0.0    0.0 |    0    0   -1   -1 | Background for 7086fb SurfaceView[co[...]weme.splash.SplashActivity]@0#155463 (0)
03-02 00:57:02.487  1507  1507 D SurfaceFlinger:   SOLID_COLOR |                        0 | 00000002 | N/A          |    0.0    0.0    0.0    0.0 |    0    0   -1   -1 | Background for 836459b SurfaceView[c[...]weme.splash.SplashActivity]@0#155466 (0)
03-02 00:57:02.487  1507  1507 D SurfaceFlinger:        DEVICE |           63930588201594 | 00000102 | 0x32315659   |    0.0    0.0    0.0    0.0 |    0    0   -1   -1 | 7086fb SurfaceView[com.zhiliaoapp.mu[...]lash.SplashActivity]@0(BLAST)#155462 (20)
03-02 00:57:02.487  1507  1507 D SurfaceFlinger:        DEVICE |           63930588201592 | 00002100 | RGBA_8888    |    0.0    0.0    0.0    0.0 |    0    0   -1   -1 | com.zhiliaoapp.musically/com.ss.andr[...].splash.
03-02 00:57:02.487  1507  1507 D SurfaceFlinger: SplashActivity$_14885#155454 (7)
03-02 00:57:02.487  1507  1507 D SurfaceFlinger:   SOLID_COLOR |                        0 | 00000000 | N/A          |    0.0    0.0    0.0    0.0 |    0    0   -1   -1 | DimTransitionLayer for Surface(name=Task=44848)/@0xd9ddc3d#155483 (0)
03-02 00:57:02.487  1507  1507 D SurfaceFlinger:        DEVICE |           73534135074836 | 00002102 | RGBA_8888    |    0.0    0.0 1080.0 2340.0 |    0    0 1080 2340 | com.podcast.app.debug/androidx.activity.ComponentActivity$_17121#155479 (1)
03-02 00:57:02.487  1507  1507 D SurfaceFlinger:        DEVICE |           11793980281856 | 00002100 | RGBA_8888    |    0.0    0.0 1080.0   80.0 |    0    0 1080   80 | StatusBar$_2746#117 (210895)
03-02 00:57:02.487  1507  1507 D SurfaceFlinger:        DEVICE |           13752485304097 | 00002100 | RGBA_8888    |    0.0    0.0   67.0  346.0 | 1013  454 1080  800 | com.sec.android.app.launcher/com.sam[...].app.CocktailBarService$_3202#152779 (1)
03-02 00:57:02.487  1507  1507 D SurfaceFlinger:        DEVICE |           11793980281867 | 00002100 | RGBA_8888    |    0.0    0.0 1080.0  135.0 |    0 2205 1080 2340 | NavigationBar0$_2746#113 (187422)
03-02 00:57:02.487  1507  1507 D SurfaceFlinger:
03-02 00:57:02.487 14885 14885 I VRI[SplashActivity]@35f4eb8: handleAppVisibility mAppVisible = true visible = false
03-02 00:57:02.487 14885 14885 D VRI[SplashActivity]@35f4eb8: visibilityChanged oldVisibility=true newVisibility=false
03-02 00:57:02.494  1646  5384 I CameraService: onUidStateChanged: uid=10235, procState is changed. (3 -> 4)
03-02 00:57:02.495  1507  1507 I SurfaceFlinger: RequestedLayer [Task=44543#147901] hidden!! flag  from(0) --> to(1)
03-02 00:57:02.495  1507  1507 I SurfaceFlinger: [Display 0 name="Built-in Screen"#49] setFrameRateCategory: Default
03-02 00:57:02.495  1507  1507 I SurfaceFlinger: destroyed Splash Screen com.podcast.app.debug$_2746#155477
03-02 00:57:02.495  1507  1507 I SurfaceFlinger: [LayerHierarchy{RequestedLayerState{Task=44543#147901 parentId=10 z=40} 1 children}] reparent to LayerHierarchy{RequestedLayerState{DefaultTaskDisplayArea_d0#10 parentId=9} 45 children}
03-02 00:57:02.495  1507  1507 I SurfaceFlinger: [LayerHierarchy{RequestedLayerState{Task=44848#155474 parentId=10 z=41} 2 children}] reparent to LayerHierarchy{RequestedLayerState{DefaultTaskDisplayArea_d0#10 parentId=9} 46 children}
03-02 00:57:02.495  1507  1507 I SurfaceFlinger: [LayerHierarchy{RequestedLayerState{DimTransitionLayer for Surface(name=Task=44848)/@0xd9ddc3d#155483 z=-1} no children}] reparent to OffscreenRoot
03-02 00:57:02.495  1507  1507 I SurfaceFlinger: [LayerHierarchy{RequestedLayerState{DimTransitionLayer for Surface(name=Task=44848)/@0xd9ddc3d#155483 z=-1} no children}] RelativeParent to null
03-02 00:57:02.495  1507  1507 I SurfaceFlinger: [LayerHierarchy{RequestedLayerState{Transition Root: Task=44848#155482 z=41} no children}] reparent to OffscreenRoot
03-02 00:57:02.495  1507  1507 I SurfaceFlinger: [LayerHierarchy{RequestedLayerState{Transition Root: Task=44848#155482 z=41} no children}] RelativeParent to null
03-02 00:57:02.495 14885 14885 I SV[6876039 SplashActivity]: onWindowVisibilityChanged(8) false X.0fk7{68eb87 V.E...... ........ 0,80-1080,2000} of VRI[SplashActivity]@35f4eb8
03-02 00:57:02.495 14885 14885 I SurfaceView: 6876039 Changes: creating=false format=false size=false visible=true alpha=false hint=false left=false top=false z=false attached=true lifecycleStrategy=false
03-02 00:57:02.496 14885 14885 I SurfaceView: 6876039 Cur surface: Surface(name=null mNativeObject=499554949120)/@0x56b4ffd
03-02 00:57:02.496 14885 14885 I SurfaceView: 6876039 surfaceDestroyed
03-02 00:57:02.496 14885 14885 I SV[6876039 SplashActivity]: surfaceDestroyed callback.size 1 #2 X.0fk7{68eb87 V.E...... ........ 0,80-1080,2000}
03-02 00:57:02.496 14885 14885 I SV[6876039 SplashActivity]: updateSurface: mVisible = false mSurface.isValid() = true
03-02 00:57:02.496  2746  2746 D SystemUIService: SYSUI_RAM_OPTIMIZATION onTrimMemory=20
03-02 00:57:02.496 14885 14885 I BLASTBufferQueue: [68eb87 SurfaceView[com.zhiliaoapp.musically/com.ss.android.ugc.aweme.splash.SplashActivity]@0#24](f:0,a:0,s:0) destructor()
03-02 00:57:02.496 14885 14885 D BufferQueueConsumer: [68eb87 SurfaceView[com.zhiliaoapp.musically/com.ss.android.ugc.aweme.splash.SplashActivity]@0#24(BLAST Consumer)24](id:3a250000001b,api:0,p:-1,c:14885) disconnect
03-02 00:57:02.496  2746  2746 D CentralSurfaces: SYSUI_RAM_OPTIMIZATION onTrimMemory=20
03-02 00:57:02.496 14885 14885 I SV[6876039 SplashActivity]: releaseSurfaces: viewRoot = VRI[SplashActivity]@35f4eb8
03-02 00:57:02.496  2746  2870 D HWUI    : CacheManager::trimMemory(20)
03-02 00:57:02.496 14885 14885 V SurfaceView: Layout: x=4320 y=-2080 w=1080 h=1920, frame=Rect(0, 0 - 1080, 1920)
03-02 00:57:02.497  1507  1507 I Layer   : id=155477 Destroyed Splash Screen com.podcast.app.debug$_2746#155477
03-02 00:57:02.497  1507  1507 I SurfaceFlinger: onHandleDestroyed: layerId=155483, name=DimTransitionLayer for Surface(name=Task=44848)/@0xd9ddc3d#155483
03-02 00:57:02.497 14885 14885 I SV[7374587 SplashActivity]: onWindowVisibilityChanged(8) false X.0fk7{7086fb V.E...... ........ 0,80-1080,2000} of VRI[SplashActivity]@35f4eb8
03-02 00:57:02.497  1507  1507 I SurfaceFlinger: id=155483 Removed DimTransitionLayer for Surface(name=Task=44848)/@0xd9ddc3d#155483 (340)
03-02 00:57:02.497  1507  1507 I SurfaceFlinger: onHandleDestroyed: layerId=155482, name=Transition Root: Task=44848#155482
03-02 00:57:02.497  1507  1507 I SurfaceFlinger: id=155482 Removed Transition Root: Task=44848#155482 (340)
03-02 00:57:02.497  1507  1507 I SurfaceFlinger: onHandleDestroyed: layerId=155476, name=b945df2 Splash Screen com.podcast.app.debug#155476
03-02 00:57:02.497  1507  1507 I SurfaceFlinger: id=155476 Removed b945df2 Splash Screen com.podcast.app.debug#155476 (340)
03-02 00:57:02.497 14885 14885 I SurfaceView: 7374587 Changes: creating=false format=false size=false visible=true alpha=false hint=false left=false top=false z=false attached=true lifecycleStrategy=false
03-02 00:57:02.497 14885 14885 I SurfaceView: 7374587 Cur surface: Surface(name=null mNativeObject=499558291712)/@0x5798c7e
03-02 00:57:02.497  1507  1507 E RefreshRateSelector: Can't find HRR max refresh rate by policy with the same group 0
03-02 00:57:02.497 14885 14885 I SurfaceView: 7374587 surfaceDestroyed
03-02 00:57:02.497 14885 14885 I SV[7374587 SplashActivity]: surfaceDestroyed callback.size 2 #2 X.0fk7{7086fb V.E...... ........ 0,80-1080,2000}
03-02 00:57:02.500 14885 16837 D SurfaceUtils: connecting to surface 0x6f9d803610, reason connectToSurface
03-02 00:57:02.500 14885 16837 I MediaCodec: [c2.mtk.hevc.decoder] setting surface generation to 15242258
03-02 00:57:02.500 14885 16837 D SurfaceUtils: disconnecting from surface 0x6f9d803610, reason connectToSurface(reconnect)
03-02 00:57:02.500 14885 16837 D SurfaceUtils: connecting to surface 0x6f9d803600, reason connectToSurface(reconnect-with-listener)
03-02 00:57:02.501 14885 16837 D GraphicsTracker: new surface in configuration: maxDequeueRequested(0), maxDequeueCommitted(24)
03-02 00:57:02.501 14885 16837 D GraphicsTracker: new surface configured with id:63930588200968 gen:15242258 maxDequeue:24
03-02 00:57:02.501 14885 16837 D GraphicsTracker: maxDequeueCount is already 24
03-02 00:57:02.501 14885 16837 D Codec2Client: setOutputSurface -- generation=15242258 consumer usage=0x900
03-02 00:57:02.501 14885 16837 D SurfaceUtils: disconnecting from surface 0x6f9da2e010, reason disconnectFromSurface
03-02 00:57:02.503 14885 14885 I SV[7374587 SplashActivity]: updateSurface: mVisible = false mSurface.isValid() = true
03-02 00:57:02.503 14885 14885 I BLASTBufferQueue: [7086fb SurfaceView[com.zhiliaoapp.musically/com.ss.android.ugc.aweme.splash.SplashActivity]@0#25](f:0,a:1,s:0) destructor()
03-02 00:57:02.503 14885 14885 D BufferQueueConsumer: [7086fb SurfaceView[com.zhiliaoapp.musically/com.ss.android.ugc.aweme.splash.SplashActivity]@0#25(BLAST Consumer)25](id:3a250000001c,api:0,p:-1,c:14885) disconnect
03-02 00:57:02.504 14885 14885 I SV[7374587 SplashActivity]: releaseSurfaces: viewRoot = VRI[SplashActivity]@35f4eb8
03-02 00:57:02.505 14885 14885 V SurfaceView: Layout: x=0 y=80 w=1080 h=1920, frame=Rect(0, 0 - 1080, 1920)
03-02 00:57:02.505 14885 14885 I SV[137774491 SplashActivity]: onWindowVisibilityChanged(8) false X.0fk7{836459b V.E...... ........ 0,81-1080,1998} of VRI[SplashActivity]@35f4eb8
03-02 00:57:02.505 14885 14885 I SurfaceView: 137774491 Changes: creating=false format=false size=false visible=true alpha=false hint=false left=false top=false z=false attached=true lifecycleStrategy=false
03-02 00:57:02.505 14885 14885 I SurfaceView: 137774491 Cur surface: Surface(name=null mNativeObject=480493531648)/@0xe7e74a9
03-02 00:57:02.505 14885 14885 I SurfaceView: 137774491 surfaceDestroyed
03-02 00:57:02.505 14885 14885 I SV[137774491 SplashActivity]: surfaceDestroyed callback.size 1 #2 X.0fk7{836459b V.E...... ........ 0,81-1080,1998}
03-02 00:57:02.505 14885 14885 I SV[137774491 SplashActivity]: updateSurface: mVisible = false mSurface.isValid() = true
03-02 00:57:02.505 14885 14885 I BLASTBufferQueue: [836459b SurfaceView[com.zhiliaoapp.musically/com.ss.android.ugc.aweme.splash.SplashActivity]@0#26](f:0,a:0,s:0) destructor()
03-02 00:57:02.505 14885 14885 D BufferQueueConsumer: [836459b SurfaceView[com.zhiliaoapp.musically/com.ss.android.ugc.aweme.splash.SplashActivity]@0#26(BLAST Consumer)26](id:3a250000001d,api:0,p:-1,c:14885) disconnect
03-02 00:57:02.505 14885 14885 I SV[137774491 SplashActivity]: releaseSurfaces: viewRoot = VRI[SplashActivity]@35f4eb8
03-02 00:57:02.506 14885 14885 V SurfaceView: Layout: x=4320 y=2240 w=1080 h=1917, frame=Rect(0, 0 - 1080, 1917)
03-02 00:57:02.506  1507  1507 I SurfaceFlinger: RequestedLayer [com.zhiliaoapp.musically/com.ss.andr[...].splash.SplashActivity$_14885#155454] hidden!! flag  from(0) --> to(1)
03-02 00:57:02.506  1507  1507 I SurfaceFlinger: RequestedLayer [ActivityRecord{2751228 u0 com.zhilia[...]splash.SplashActivity t44543}#147902] hidden!! flag  from(0) --> to(1)
03-02 00:57:02.506  1507  1507 I SurfaceFlinger: destroyed b945df2 Splash Screen com.podcast.app.debug#155476
03-02 00:57:02.506  1507  1507 I SurfaceFlinger: destroyed Transition Root: Task=44848#155482
03-02 00:57:02.506  1507  1507 I SurfaceFlinger: destroyed DimTransitionLayer for Surface(name=Task=44848)/@0xd9ddc3d#155483
03-02 00:57:02.507  1507  1507 I Layer   : id=155476 Destroyed b945df2 Splash Screen com.podcast.app.debug#155476
03-02 00:57:02.507  1507  1507 I Layer   : id=155482 Destroyed Transition Root: Task=44848#155482
03-02 00:57:02.507  1507  1507 I Layer   : id=155483 Destroyed DimTransitionLayer for Surface(name=Task=44848)/@0xd9ddc3d#155483
03-02 00:57:02.508 14885 15423 D SurfaceView: 210718875 windowPositionLost, frameNr = 0
03-02 00:57:02.509 14885 15423 D SurfaceView: 108444728 windowPositionLost, frameNr = 0
03-02 00:57:02.509 14885 15423 D SurfaceView: 154625041 windowPositionLost, frameNr = 0
03-02 00:57:02.512 14885 15423 D HWUI    : CacheManager::trimMemory(20)
03-02 00:57:02.513  2013  2253 I WindowManager: Relayout Window{cd2d6b5 u0 com.zhiliaoapp.musically/com.ss.android.ugc.aweme.splash.SplashActivity}: viewVisibility=8 req=1080x2340 ty=1 d0
03-02 00:57:02.517  2013  2253 I WindowManager: Relayout hash=cd2d6b5, pid=14885, syncId=-1: mAttrs={(0,0)(fillxfill) sim={adjust=pan forwardNavigation} layoutInDisplayCutoutMode=always ty=BASE_APPLICATION fmt=TRANSLUCENT wanim=0x1030317
03-02 00:57:02.517  2013  2253 I WindowManager:   fl=81810180
03-02 00:57:02.517  2013  2253 I WindowManager:   pfl=10008840
03-02 00:57:02.517  2013  2253 I WindowManager:   vsysui=400
03-02 00:57:02.517  2013  2253 I WindowManager:   apr=10
03-02 00:57:02.517  2013  2253 I WindowManager:   bhv=1
03-02 00:57:02.517  2013  2253 I WindowManager:   fitSides=0
03-02 00:57:02.517  2013  2253 I WindowManager:   frameRateBoostOnTouch=true
03-02 00:57:02.517  2013  2253 I WindowManager:   dvrrWindowFrameRateHint=true naviIconColor=0
03-02 00:57:02.517  2013  2253 I WindowManager:   sfl=100000}
03-02 00:57:02.519 14885 14885 I BLASTBufferQueue: [VRI[SplashActivity]@35f4eb8#23](f:0,a:1,s:0) destructor()
03-02 00:57:02.520  1445  2902 W C2MtkBufferManager: [0xB4000070F507E520] fetchNewCcBlock: wait fence 0x0xb4000070f5058270 timed out. ret 110
03-02 00:57:02.519 14885 14885 D BufferQueueConsumer: [VRI[SplashActivity]@35f4eb8#23(BLAST Consumer)23](id:3a250000001a,api:0,p:-1,c:14885) disconnect
03-02 00:57:02.521 14885 14885 I VRI[SplashActivity]@35f4eb8: Relayout returned: old=(0,0,1080,2340) new=(0,0,1080,2340) relayoutAsync=false req=(1080,2340)8 dur=6 res=0x2 s={false 0x0} ch=true seqId=0
03-02 00:57:02.521 14885 14885 I SV[6876039 SplashActivity]: windowStopped(true) false X.0fk7{68eb87 V.E...... ........ 0,80-1080,2000} of VRI[SplashActivity]@35f4eb8
03-02 00:57:02.521 14885 14885 D SV[6876039 SplashActivity]: updateSurface: surface is not valid
03-02 00:57:02.521 14885 14885 I SV[6876039 SplashActivity]: releaseSurfaces: viewRoot = VRI[SplashActivity]@35f4eb8
03-02 00:57:02.521 14885 14885 D VRI[SplashActivity]@35f4eb8: applyTransactionOnDraw applyImmediately
03-02 00:57:02.521 14885 14885 I SV[7374587 SplashActivity]: windowStopped(true) false X.0fk7{7086fb V.E...... ........ 0,80-1080,2000} of VRI[SplashActivity]@35f4eb8
03-02 00:57:02.521 14885 14885 D SV[7374587 SplashActivity]: updateSurface: surface is not valid
03-02 00:57:02.521 14885 14885 I SV[7374587 SplashActivity]: releaseSurfaces: viewRoot = VRI[SplashActivity]@35f4eb8
03-02 00:57:02.522 14885 14885 D VRI[SplashActivity]@35f4eb8: applyTransactionOnDraw applyImmediately
03-02 00:57:02.522 14885 14885 I SV[137774491 SplashActivity]: windowStopped(true) false X.0fk7{836459b V.E...... ........ 0,81-1080,1998} of VRI[SplashActivity]@35f4eb8
03-02 00:57:02.522 14885 14885 D SV[137774491 SplashActivity]: updateSurface: surface is not valid
03-02 00:57:02.522 14885 14885 I SV[137774491 SplashActivity]: releaseSurfaces: viewRoot = VRI[SplashActivity]@35f4eb8
03-02 00:57:02.522 14885 14885 D VRI[SplashActivity]@35f4eb8: applyTransactionOnDraw applyImmediately
03-02 00:57:02.522 14885 14885 D SV[6876039 SplashActivity]: updateSurface: surface is not valid
03-02 00:57:02.522 14885 14885 I SV[6876039 SplashActivity]: releaseSurfaces: viewRoot = VRI[SplashActivity]@35f4eb8
03-02 00:57:02.522 14885 14885 D VRI[SplashActivity]@35f4eb8: applyTransactionOnDraw applyImmediately
03-02 00:57:02.523 14885 14885 D SV[7374587 SplashActivity]: updateSurface: surface is not valid
03-02 00:57:02.523 14885 14885 I SV[7374587 SplashActivity]: releaseSurfaces: viewRoot = VRI[SplashActivity]@35f4eb8
03-02 00:57:02.523 14885 14885 D VRI[SplashActivity]@35f4eb8: applyTransactionOnDraw applyImmediately
03-02 00:57:02.523 14885 14885 D SV[137774491 SplashActivity]: updateSurface: surface is not valid
03-02 00:57:02.523 14885 14885 I SV[137774491 SplashActivity]: releaseSurfaces: viewRoot = VRI[SplashActivity]@35f4eb8
03-02 00:57:02.523 14885 14885 D VRI[SplashActivity]@35f4eb8: applyTransactionOnDraw applyImmediately
03-02 00:57:02.523 14885 14885 D VRI[SplashActivity]@35f4eb8: Not drawing due to not visible. Reason=!mAppVisible && !mForceDecorViewVisibility
03-02 00:57:02.524 14885 14885 D VRI[SplashActivity]@35f4eb8: Pending transaction will not be applied in sync with a draw due to view not visible
03-02 00:57:02.524 14885 14885 I VRI[SplashActivity]@35f4eb8: mWNT: t=0x769ac0ba00 mBlastBufferQueue=0xnull fn= 0 HdrRenderState mRenderHdrSdrRatio=1.0 caller= android.view.ViewRootImpl.handleSyncRequestWhenNoAsyncDraw:6733 android.view.ViewRootImpl.performTraversals:5504 android.view.ViewRootImpl.doTraversal:3924
03-02 00:57:02.525 14885 15423 D HWUI    : CacheManager::trimMemory(20)
03-02 00:57:02.526 14885 14885 I VRI[SplashActivity]@35f4eb8: stopped(true) old = false
03-02 00:57:02.526 14885 14885 D VRI[SplashActivity]@35f4eb8: WindowStopped on com.zhiliaoapp.musically/com.ss.android.ugc.aweme.splash.SplashActivity set to true
03-02 00:57:02.527 14885 15423 D HWUI    : CacheManager::trimMemory(20)
03-02 00:57:02.527  1507  1507 I SurfaceFlinger: [LayerHierarchy{RequestedLayerState{Background for 7086fb SurfaceView[com.zhiliaoapp.musically/com.ss.android.ugc.aweme.splash.SplashActivity]@0#155463 z=-2147483648} no children}] reparent to OffscreenRoot
03-02 00:57:02.527  1507  1507 I SurfaceFlinger: [LayerHierarchy{RequestedLayerState{Background for 7086fb SurfaceView[com.zhiliaoapp.musically/com.ss.android.ugc.aweme.splash.SplashActivity]@0#155463 z=-2147483648} no children}] RelativeParent to null
03-02 00:57:02.527  1507  1507 I SurfaceFlinger: [LayerHierarchy{RequestedLayerState{Background for 68eb87 SurfaceView[com.zhiliaoapp.musically/com.ss.android.ugc.aweme.splash.SplashActivity]@0#155460 z=-2147483648} no children}] reparent to OffscreenRoot
03-02 00:57:02.527  1507  1507 I SurfaceFlinger: [LayerHierarchy{RequestedLayerState{Background for 68eb87 SurfaceView[com.zhiliaoapp.musically/com.ss.android.ugc.aweme.splash.SplashActivity]@0#155460 z=-2147483648} no children}] RelativeParent to null
03-02 00:57:02.527  1507  1507 I SurfaceFlinger: [LayerHierarchy{RequestedLayerState{7086fb SurfaceView[com.zhiliaoapp.musically/com.ss.android.ugc.aweme.splash.SplashActivity]@0(BLAST)#155462} no children}] reparent to OffscreenRoot
03-02 00:57:02.527  1507  1507 I SurfaceFlinger: [LayerHierarchy{RequestedLayerState{7086fb SurfaceView[com.zhiliaoapp.musically/com.ss.android.ugc.aweme.splash.SplashActivity]@0(BLAST)#155462} no children}] RelativeParent to null
03-02 00:57:02.527  1507  1507 I SurfaceFlinger: [LayerHierarchy{RequestedLayerState{68eb87 SurfaceView[com.zhiliaoapp.musically/com.ss.android.ugc.aweme.splash.SplashActivity]@0(BLAST)#155459} no children}] reparent to OffscreenRoot
03-02 00:57:02.527  1507  1507 I SurfaceFlinger: [LayerHierarchy{RequestedLayerState{68eb87 SurfaceView[com.zhiliaoapp.musically/com.ss.android.ugc.aweme.splash.SplashActivity]@0(BLAST)#155459} no children}] RelativeParent to null
03-02 00:57:02.527  1507  1507 I SurfaceFlinger: [LayerHierarchy{RequestedLayerState{68eb87 SurfaceView[com.zhiliaoapp.musically/com.ss.android.ugc.aweme.splash.SplashActivity]@0#155458 z=-2} no children}] reparent to OffscreenRoot
03-02 00:57:02.527  1507  1507 I SurfaceFlinger: [LayerHierarchy{RequestedLayerState{68eb87 SurfaceView[com.zhiliaoapp.musically/com.ss.android.ugc.aweme.splash.SplashActivity]@0#155458 z=-2} no children}] RelativeParent to null
03-02 00:57:02.527  1507  1507 I SurfaceFlinger: [LayerHierarchy{RequestedLayerState{7086fb SurfaceView[com.zhiliaoapp.musically/com.ss.android.ugc.aweme.splash.SplashActivity]@0#155461 z=-2} no children}] reparent to OffscreenRoot
03-02 00:57:02.527  1507  1507 I SurfaceFlinger: [LayerHierarchy{RequestedLayerState{7086fb SurfaceView[com.zhiliaoapp.musically/com.ss.android.ugc.aweme.splash.SplashActivity]@0#155461 z=-2} no children}] RelativeParent to null
03-02 00:57:02.527  1507  1507 I SurfaceFlinger: [LayerHierarchy{RequestedLayerState{Bounds for - com.zhiliaoapp.musically/com.ss.android.ugc.aweme.splash.SplashActivity@5#155457} 1 children}] reparent to OffscreenRoot
03-02 00:57:02.527  1507  1507 I SurfaceFlinger: [LayerHierarchy{RequestedLayerState{Bounds for - com.zhiliaoapp.musically/com.ss.android.ugc.aweme.splash.SplashActivity@5#155457} 1 children}] RelativeParent to null
03-02 00:57:02.527  1507  1507 I SurfaceFlinger: [LayerHierarchy{RequestedLayerState{Background for 836459b SurfaceView[com.zhiliaoapp.musically/com.ss.android.ugc.aweme.splash.SplashActivity]@0#155466 z=-2147483648} no children}] reparent to OffscreenRoot
03-02 00:57:02.527  1507  1507 I SurfaceFlinger: [LayerHierarchy{RequestedLayerState{Background for 836459b SurfaceView[com.zhiliaoapp.musically/com.ss.android.ugc.aweme.splash.SplashActivity]@0#155466 z=-2147483648} no children}] RelativeParent to null
03-02 00:57:02.527  1507  1507 I SurfaceFlinger: [LayerHierarchy{RequestedLayerState{836459b SurfaceView[com.zhiliaoapp.musically/com.ss.android.ugc.aweme.splash.SplashActivity]@0(BLAST)#155465} no children}] reparent to OffscreenRoot
03-02 00:57:02.527  1507  1507 I SurfaceFlinger: [LayerHierarchy{RequestedLayerState{836459b SurfaceView[com.zhiliaoapp.musically/com.ss.android.ugc.aweme.splash.SplashActivity]@0(BLAST)#155465} no children}] RelativeParent to null
03-02 00:57:02.527  1507  1507 I SurfaceFlinger: [LayerHierarchy{RequestedLayerState{836459b SurfaceView[com.zhiliaoapp.musically/com.ss.android.ugc.aweme.splash.SplashActivity]@0#155464 z=-2} no children}] reparent to OffscreenRoot
03-02 00:57:02.527  1507  1507 I SurfaceFlinger: [LayerHierarchy{RequestedLayerState{836459b SurfaceView[com.zhiliaoapp.musically/com.ss.android.ugc.aweme.splash.SplashActivity]@0#155464 z=-2} no children}] RelativeParent to null
03-02 00:57:02.528 14885 14885 I System.out: SAFActivity: com.ss.android.ugc.aweme.main.MainActivity@c20428f,  onStop Start
03-02 00:57:02.528  1507  1507 I SurfaceFlinger: onHandleDestroyed: layerId=155465, name=836459b SurfaceView[com.zhiliaoapp.musically/com.ss.android.ugc.aweme.splash.SplashActivity]@0(BLAST)#155465
03-02 00:57:02.528  1507  1507 I SurfaceFlinger: id=155465 Removed 836459b SurfaceView[com.zhiliaoapp.musically/com.ss.android.ugc.aweme.splash.SplashActivity]@0(BLAST)#155465 (337)
03-02 00:57:02.528  1507  1507 I SurfaceFlinger: onHandleDestroyed: layerId=155464, name=836459b SurfaceView[com.zhiliaoapp.musically/com.ss.android.ugc.aweme.splash.SplashActivity]@0#155464
03-02 00:57:02.528  1507  1507 I SurfaceFlinger: id=155464 Removed 836459b SurfaceView[com.zhiliaoapp.musically/com.ss.android.ugc.aweme.splash.SplashActivity]@0#155464 (337)
03-02 00:57:02.528  1507  1507 I SurfaceFlinger: onHandleDestroyed: layerId=155466, name=Background for 836459b SurfaceView[com.zhiliaoapp.musically/com.ss.android.ugc.aweme.splash.SplashActivity]@0#155466
03-02 00:57:02.529  1507  1507 I SurfaceFlinger: id=155466 Removed Background for 836459b SurfaceView[com.zhiliaoapp.musically/com.ss.android.ugc.aweme.splash.SplashActivity]@0#155466 (337)
03-02 00:57:02.529  1507  1507 I SurfaceFlinger: onHandleDestroyed: layerId=155462, name=7086fb SurfaceView[com.zhiliaoapp.musically/com.ss.android.ugc.aweme.splash.SplashActivity]@0(BLAST)#155462
03-02 00:57:02.529  1507  1507 I SurfaceFlinger: id=155462 Removed 7086fb SurfaceView[com.zhiliaoapp.musically/com.ss.android.ugc.aweme.splash.SplashActivity]@0(BLAST)#155462 (337)
03-02 00:57:02.529  1507  1507 I SurfaceFlinger: onHandleDestroyed: layerId=155461, name=7086fb SurfaceView[com.zhiliaoapp.musically/com.ss.android.ugc.aweme.splash.SplashActivity]@0#155461
03-02 00:57:02.529  1507  1507 I SurfaceFlinger: id=155461 Removed 7086fb SurfaceView[com.zhiliaoapp.musically/com.ss.android.ugc.aweme.splash.SplashActivity]@0#155461 (337)
03-02 00:57:02.529  1507  1507 I SurfaceFlinger: onHandleDestroyed: layerId=155463, name=Background for 7086fb SurfaceView[com.zhiliaoapp.musically/com.ss.android.ugc.aweme.splash.SplashActivity]@0#155463
03-02 00:57:02.529  1507  1507 I SurfaceFlinger: id=155463 Removed Background for 7086fb SurfaceView[com.zhiliaoapp.musically/com.ss.android.ugc.aweme.splash.SplashActivity]@0#155463 (337)
03-02 00:57:02.529  1507  1507 I SurfaceFlinger: onHandleDestroyed: layerId=155459, name=68eb87 SurfaceView[com.zhiliaoapp.musically/com.ss.android.ugc.aweme.splash.SplashActivity]@0(BLAST)#155459
03-02 00:57:02.529  1507  1507 I SurfaceFlinger: id=155459 Removed 68eb87 SurfaceView[com.zhiliaoapp.musically/com.ss.android.ugc.aweme.splash.SplashActivity]@0(BLAST)#155459 (337)
03-02 00:57:02.529  1507  1507 I SurfaceFlinger: onHandleDestroyed: layerId=155458, name=68eb87 SurfaceView[com.zhiliaoapp.musically/com.ss.android.ugc.aweme.splash.SplashActivity]@0#155458
03-02 00:57:02.529  1507  1507 I SurfaceFlinger: id=155458 Removed 68eb87 SurfaceView[com.zhiliaoapp.musically/com.ss.android.ugc.aweme.splash.SplashActivity]@0#155458 (337)
03-02 00:57:02.529  1507  1507 I SurfaceFlinger: onHandleDestroyed: layerId=155460, name=Background for 68eb87 SurfaceView[com.zhiliaoapp.musically/com.ss.android.ugc.aweme.splash.SplashActivity]@0#155460
03-02 00:57:02.529  1507  1507 I SurfaceFlinger: id=155460 Removed Background for 68eb87 SurfaceView[com.zhiliaoapp.musically/com.ss.android.ugc.aweme.splash.SplashActivity]@0#155460 (337)
03-02 00:57:02.529  1507  1507 I SurfaceFlinger: onHandleDestroyed: layerId=155457, name=Bounds for - com.zhiliaoapp.musically/com.ss.android.ugc.aweme.splash.SplashActivity@5#155457
03-02 00:57:02.529  1507  1507 I SurfaceFlinger: id=155457 Removed Bounds for - com.zhiliaoapp.musically/com.ss.android.ugc.aweme.splash.SplashActivity@5#155457 (337)
03-02 00:57:02.534  2013  2253 I MediaFocusControl: abandonAudioFocus() from uid/pid 10350/14885 clientId=android.media.AudioManager@b7fcc9dX.143s@4302512 callingPack=com.zhiliaoapp.musically
03-02 00:57:02.534  2013  2253 D AS.AudioService: [Android Auto] isConnectedAndroidAuto = false
03-02 00:57:02.534  2013  2253 D MediaFocusControl: selectFocusStack, uid = 10350, appDevice = 0, device = 2
03-02 00:57:02.534  2013  2253 I MediaFocusControl: removeFocusStackEntry client:android.media.AudioManager@b7fcc9dX.143s@4302512
03-02 00:57:02.534  1446  1446 I SensorsHub: queueActivate: handle 5 enable 0
03-02 00:57:02.534  1446  1446 I SensorsHub: type : 5, enable : 0
03-02 00:57:02.536 14885 16239 D SensorManager: unregisterListener
03-02 00:57:02.538  1507  1507 I SurfaceFlinger: destroyed Background for 7086fb SurfaceView[com.zhiliaoapp.musically/com.ss.android.ugc.aweme.splash.SplashActivity]@0#155463
03-02 00:57:02.538  1507  1507 I SurfaceFlinger: destroyed Background for 68eb87 SurfaceView[com.zhiliaoapp.musically/com.ss.android.ugc.aweme.splash.SplashActivity]@0#155460
03-02 00:57:02.538  1507  1507 I SurfaceFlinger: destroyed 7086fb SurfaceView[com.zhiliaoapp.musically/com.ss.android.ugc.aweme.splash.SplashActivity]@0(BLAST)#155462
