03-02 00:57:11.562 17121 17305 I TestRunner: started: miniPlayer_is_displayed(com.podcast.app.ui.MiniPlayerBarTest)
03-02 00:57:11.565  2746  2746 I VRI[VolumePanelWindow]@640cf20: dispatchDetachedFromWindow
03-02 00:57:11.566  2013  2252 D InputTransport: Input channel destroyed: 'dd37ce7', fd=964
03-02 00:57:11.566  3202  3386 I HoneySpace.TopTaskSource: onTaskRemoved: 44859
03-02 00:57:11.566  1507  1507 I SurfaceFlinger: onHandleDestroyed: layerId=155717, name=4a48ead com.podcast.app.debug/androidx.activity.ComponentActivity#155717
03-02 00:57:11.566  1507  1507 I SurfaceFlinger: id=155717 Removed 4a48ead com.podcast.app.debug/androidx.activity.ComponentActivity#155717 (349)
03-02 00:57:11.566  1507  1507 I SurfaceFlinger: onHandleDestroyed: layerId=155719, name=com.podcast.app.debug/androidx.activity.ComponentActivity$_17121#155719
03-02 00:57:11.566  1507  1507 I SurfaceFlinger: id=155719 Removed com.podcast.app.debug/androidx.activity.ComponentActivity$_17121#155719 (349)
03-02 00:57:11.566  1507  1507 I SurfaceFlinger: onHandleDestroyed: layerId=155727, name=ActivityRecord{212892065 u0 com.podcast.app.debug.test/androidx.test.core.app.InstrumentationActivityInvoker$EmptyActivity t44859}#155727
03-02 00:57:11.566  1507  1507 I SurfaceFlinger: id=155727 Removed ActivityRecord{212892065 u0 com.podcast.app.debug.test/androidx.test.core.app.InstrumentationActivityInvoker$EmptyActivity t44859}#155727 (349)
03-02 00:57:11.568 17121 17305 D IdlingRegistry: Registering idling resources: [androidx.compose.ui.test.EspressoLink@7bcbcc4]
03-02 00:57:11.569  1507  1568 E mali_winsys: Unrecognised Android chroma siting range: [2, 2]. Applying default
03-02 00:57:11.570 17121 17305 W Settings: Setting always_finish_activities has moved from android.provider.Settings.System to android.provider.Settings.Global, returning read-only value.
03-02 00:57:11.571  6655 17504 I NearbyDiscovery: FastPair: isDestroyable: Scanner is alive. [CONTEXT service_id=265 ]
03-02 00:57:11.571  6655 17504 I NearbyDiscovery: DiscoveryService: Skip stopSelf(), fast pair controller is not destroyable. [CONTEXT service_id=265 ]
03-02 00:57:11.572  1445  2902 W C2MtkBufferManager: [0xB4000070F507E520] fetchNewCcBlock: wait fence 0x0xb4000070f5058270 timed out. ret 110
03-02 00:57:11.572  1507  1507 I SurfaceFlinger: destroyed 4a48ead com.podcast.app.debug/androidx.activity.ComponentActivity#155717
03-02 00:57:11.572  1507  1507 I SurfaceFlinger: destroyed com.podcast.app.debug/androidx.activity.ComponentActivity$_17121#155719
03-02 00:57:11.572  1507  1507 I SurfaceFlinger: destroyed ActivityRecord{212892065 u0 com.podcast.app.debug.test/androidx.test.core.app.InstrumentationActivityInvoker$EmptyActivity t44859}#155727
03-02 00:57:11.575  2746  2746 D InputTransport: Input channel destroyed: 'dd37ce7', fd=442
03-02 00:57:11.576  3202  3202 I HoneySpace.TaskStackChangeRepositoryImpl: onTaskRemoved : 44858
03-02 00:57:11.576  1507  1568 E mali_winsys: Unrecognised Android chroma siting range: [2, 2]. Applying default
03-02 00:57:11.577  1507  1507 I Layer   : id=155727 Destroyed ActivityRecord{212892065 u0 com.podcast.app.debug.test/androidx.test.core.app.InstrumentationActivityInvoker$EmptyActivity t44859}#155727
03-02 00:57:11.577  1507  1507 I Layer   : id=155719 Destroyed com.podcast.app.debug/androidx.activity.ComponentActivity$_17121#155719
03-02 00:57:11.577  1507  1507 I Layer   : id=155717 Destroyed 4a48ead com.podcast.app.debug/androidx.activity.ComponentActivity#155717
03-02 00:57:11.577  3202  3202 I HoneySpace.TaskListViewModel[160530624]: taskRemoveId, 44858
03-02 00:57:11.578  3202  3202 W HoneySpace.TaskListViewModel[160530624]: task is already removed: 44858
03-02 00:57:11.578  3202  3202 I HoneySpace.TaskStackChangeRepositoryImpl: onTaskRemoved : 44858
03-02 00:57:11.578  3202  3202 I HoneySpace.TaskListViewModel[160530624]: taskRemoveId, 44858
03-02 00:57:11.578  3202  3202 W HoneySpace.TaskListViewModel[160530624]: task is already removed: 44858
03-02 00:57:11.579 18166 18186 I Finsky:background: [4021] WM::SCH: Logging work initialize for 3-87539
03-02 00:57:11.579  2746  2746 D SecVolume.VolumePanelWindow: onStop : panelState.isExpanded=false
03-02 00:57:11.579  2013  2067 I ChimeraSystemEventListener: appLaunchIntent package name is: com.podcast.app.debug
03-02 00:57:11.579 18166 18186 I Finsky:background: [4021] WM::SCH: Logging work initialize for 3-87540
03-02 00:57:11.579 18166 18186 I Finsky:background: [4021] WM::SCH: Logging work initialize for 3-87541
03-02 00:57:11.579 18166 18186 I Finsky:background: [4021] WM::SCH: Logging work initialize for 3-87542
03-02 00:57:11.579 18166 18186 I Finsky:background: [4021] WM::SCH: Logging work initialize for 3-87543
03-02 00:57:11.580  1507  1563 I SurfaceFlinger: onHandleDestroyed: layerId=155757, name=Task=44859#155757
03-02 00:57:11.580  1507  1563 I SurfaceFlinger: id=155757 Removed Task=44859#155757 (346)
03-02 00:57:11.580  1444  1808 D MDP     : [PQSessionManager] findVideoID[f6840820] found on index a
03-02 00:57:11.580  1444  1808 D MDP     : [PQSessionManager] createPQSession(a) user(0xb4000074f4d46d80)
03-02 00:57:11.580  1444  1808 D MDP     : [PQSessionManager] Duplicated ID[a] found, please check if double createPQSession!
03-02 00:57:11.580  1444  1808 D MDP     : [PQSessionManager] getPQSessionListHandle id[a]
03-02 00:57:11.580  1444  1808 D MDP     : [PQSessionManager] getPQSessionListHandle, find id[a]
03-02 00:57:11.580  1444  1808 D MDP     : [PQSession] incRefCount id[a] user[0xb4000074f4d46d80] existed
03-02 00:57:11.580  1444  1808 D MDP     : [PQSession] incRefCount id[a] user[0xb4000074f4d46d80] numOfUser[1]
03-02 00:57:11.580  1444  1808 D MDP     : [PQSession] numElements[0] key[0] metaData[0]
03-02 00:57:11.580  1444  1808 D MDP     : [PQSession] setPQParam() id[a] enable[0], scenario[1]
03-02 00:57:11.581  1444  1808 D PQ      : PQDSConfig::getEnableStatus check1  time 0 ms
03-02 00:57:11.581  1444  1808 D PQ      : [PQDSConfig] PQDSConfig::getEnableStatus = 1
03-02 00:57:11.581  1444  1808 D PQ      : [PQDSConfig] m_TDSHPTableInit 1
03-02 00:57:11.581  1444  1808 D PQ      : [PQDSConfig] getAshmemContext(SHP_ENABLE) = 1
03-02 00:57:11.581  1444  1808 D PQ      : PQDSConfig::getEnableStatus check2  time 0 ms
03-02 00:57:11.581  1444  1808 D PQ      : [PQDSConfig] PQDSConfig::getUREnableStatus = 1
03-02 00:57:11.581  1444  1808 D MDP     : [PQSession] setDpPqConfig m_svp = 0, enDRE = 0
03-02 00:57:11.581  1444  1808 D MDP     : setPQParam globalPQSupport = [0] globalPQSwitch = [0] globalPQStrength = [0] globalPQType = [0]
03-02 00:57:11.581  1444  1808 D MDP     : [PQSession] setPQparam userId[0x0], scenario[1], enDRE[0]
03-02 00:57:11.581  1444  1808 D MDP     : [PQSession] getDpPqConfig() id[a] enable[0], scenario[1]
03-02 00:57:11.581  1444  1808 D MDP     : [PQSession] getDpPqConfig() enSharp[0] enDC[0] enColor[0] enHDR[0] enHDRVivid[0] enUR[0] enReFocus[0] enCcorr[0] enDRE[0] enHFG[0] enAIPQ[0] enAISDR2HDR[0] enAIRegionPQ[0] mAdaptiveEnable[0]
03-02 00:57:11.581  1444  1808 D MDP     : [PQSession] setPQDREParam userId[0x0] scenario[1] enDRE[0]
03-02 00:57:11.581  1444  1808 D MDP     : [PQSessionManager] findVideoID[f6840820] found on index a
03-02 00:57:11.581  1444  1808 D PQ_HDR  : DpAsyncBlit: job:(2070781 215) in:(720, 1280)[720 368] C8s P1.1.1.0.1, alpha 0, sec0 flush:0 Buffer 1035390: plane=3 bufVA={0xd7,0xd7,0xd7} bufMVA={0x0,0x0,0x0} bufSize={0xe1000,0x39800,0x39800} proxy={0xb40000747320b640,0x0,0x0}fence=-1
03-02 00:57:11.581  1444  1808 D PQ_HDR  : DpAsyncBlit: out 0:(1080, 1920)[2176 0] C5 P1.1.1.0.1 R:0 F:0 S:0 A:0 HDR:0 COLOR:0 CCORR:0 sec0 flush:0 Buffer 1035390: plane=1 bufVA={0x86,0x0,0x0} bufMVA={0x0,0x0,0x0} bufSize={0x4db200,0x0,0x0} proxy={0xb40000747320b500,0x0,0x0}fence=226
03-02 00:57:11.581  1444  1808 D PQ_HDR  : DpAsyncBlit: crop 0:(0.0, 0.0, 720.0, 1280.0) compose:(0, 0, 1080, 1920)
03-02 00:57:11.581  1444  1808 D MDP     : [PQSessionManager] PQSessionManager::getPQSession id[a]
03-02 00:57:11.581  1444  1808 D MDP     : [PQSessionManager] getPQSessionListHandle id[a]
03-02 00:57:11.581  1444  1808 D MDP     : [PQSessionManager] getPQSessionListHandle, find id[a]
03-02 00:57:11.581  1444  1808 D MDP     : [PQSessionManager] PQSessionManager::getPQSession id[a]
03-02 00:57:11.581  1444  1808 D MDP     : [PQSessionManager] getPQSessionListHandle id[a]
03-02 00:57:11.581  1444  1808 D MDP     : [PQSessionManager] getPQSessionListHandle, find id[a]
03-02 00:57:11.581  1444  1808 D MDP     : PQSession:setPipeNum m_PipeNum[1] value[1] ID[a] DCPath[0] DCDone[0] addr[732261df]
03-02 00:57:11.581  1444  1808 D MDP     : [PQSession] getDpPqConfig() id[a] enable[0], scenario[1]
03-02 00:57:11.581  1444  1808 D MDP     : [PQSession] getDpPqConfig() enSharp[0] enDC[0] enColor[0] enHDR[0] enHDRVivid[0] enUR[0] enReFocus[0] enCcorr[0] enDRE[0] enHFG[0] enAIPQ[0] enAISDR2HDR[0] enAIRegionPQ[0] mAdaptiveEnable[0]
03-02 00:57:11.581  1444  1808 D PQ      : [PQRSZConfig] PQRSZConfig::getUREnableStatus = 1
03-02 00:57:11.581  1444  1808 D MDP     : [PQSessionManager] PQSessionManager::getPQSession id[a]
03-02 00:57:11.581  1444  1808 D MDP     : [PQSessionManager] getPQSessionListHandle id[a]
03-02 00:57:11.581  1444  1808 D MDP     : [PQSessionManager] getPQSessionListHandle, find id[a]
03-02 00:57:11.581  1444  1808 D AAL     : [PQEngineInterface] DpEngineTDSHPConfigFrame(0) pqSessionId = a
03-02 00:57:11.581  1444  1808 D MDP     : [PQSession] getDpPqConfig() id[a] enable[0], scenario[1]
03-02 00:57:11.581  1444  1808 D MDP     : [PQSession] getDpPqConfig() enSharp[0] enDC[0] enColor[0] enHDR[0] enHDRVivid[0] enUR[0] enReFocus[0] enCcorr[0] enDRE[0] enHFG[0] enAIPQ[0] enAISDR2HDR[0] enAIRegionPQ[0] mAdaptiveEnable[0]
03-02 00:57:11.581  1444  1808 D AAL     : [PQEngineInterface] DpEngineTDSHPConfigFrame(0) tdshpEnable(0) enSharp(0) enDC(0) enHFG(0)
03-02 00:57:11.582  1444  1808 D MDP     : [PQSessionManager] PQSessionManager::getPQSession id[a]
03-02 00:57:11.582  2746  5007 I BLASTBufferQueue: [VRI[VolumePanelWindow]@640cf20#7688](f:0,a:1,s:0) destructor()
03-02 00:57:11.582  1444  1808 D MDP     : [PQSessionManager] getPQSessionListHandle id[a]
03-02 00:57:11.582  1444  1808 D MDP     : [PQSessionManager] getPQSessionListHandle, find id[a]
03-02 00:57:11.582  2746  5007 D BufferQueueConsumer: [VRI[VolumePanelWindow]@640cf20#7688(BLAST Consumer)7688](id:aba00001e08,api:0,p:-1,c:2746) disconnect
03-02 00:57:11.582  1444  1808 D MDP     : [PQSession] getDpPqConfig() id[a] enable[0], scenario[1]
03-02 00:57:11.582  1444  1808 D MDP     : [PQSession] getDpPqConfig() enSharp[0] enDC[0] enColor[0] enHDR[0] enHDRVivid[0] enUR[0] enReFocus[0] enCcorr[0] enDRE[0] enHFG[0] enAIPQ[0] enAISDR2HDR[0] enAIRegionPQ[0] mAdaptiveEnable[0]
03-02 00:57:11.582  1444  1808 W AAL     : DpEngine_AAL: relay 1
03-02 00:57:11.582  1444  1808 D AAL     : [PQEngineInterface] DpEngineTDSHPConfigTile(0) InpSize: 807, 1920, OutSize: 807, 1920
03-02 00:57:11.582  1444  1808 D MDP     : [PQSessionManager] PQSessionManager::getPQSession id[a]
03-02 00:57:11.582  1444  1808 D MDP     : [PQSessionManager] getPQSessionListHandle id[a]
03-02 00:57:11.582  1444  1808 D MDP     : [PQSessionManager] getPQSessionListHandle, find id[a]
03-02 00:57:11.582  1444  1808 D PQ      : [PQHFGConfig] PQHFGConfig::isEnabled = 2
03-02 00:57:11.582  1444  1808 D MDP     : [PQSession] getDpPqConfig() id[a] enable[0], scenario[1]
03-02 00:57:11.582  1444  1808 D MDP     : [PQSession] getDpPqConfig() enSharp[0] enDC[0] enColor[0] enHDR[0] enHDRVivid[0] enUR[0] enReFocus[0] enCcorr[0] enDRE[0] enHFG[0] enAIPQ[0] enAISDR2HDR[0] enAIRegionPQ[0] mAdaptiveEnable[0]
03-02 00:57:11.582  1444  1808 D AAL     : [PQEngineInterface] DpEngineAALCongTile(0) MDP_aal_size = 36177152
03-02 00:57:11.582  1444  1808 D AAL     : [PQEngineInterface(1791345034)::MDP_AAL_output_offset = 0
03-02 00:57:11.582  1444  1808 D AAL     : [PQEngineInterface] DpEngineAALCongTile(0) MDP_AAL_output_size = 35652864
03-02 00:57:11.582  1444  1808 D AAL     : [PQEngineInterface] DpEngineAALCongTile(0) inTileXRight = 551, inTileXLeft = 0
03-02 00:57:11.582  1444  1808 D AAL     : [PQEngineInterface] DpEngineAALCongTile(0) inTileYBottom = 543, inTileYTop = 0
03-02 00:57:11.582  1444  1808 D AAL     : [PQEngineInterface] DpEngineAALCongTile(0) outTileXRight = 1279, outTileXLeft = 0
03-02 00:57:11.582  1444  1808 D AAL     : [PQEngineInterface] DpEngineAALCongTile(0) m_outTileYBottom = 1279, m_outTileYTop = 0
03-02 00:57:11.582  1444  1808 D MDP     : [PQSessionManager] PQSessionManager::getPQSession id[a]
03-02 00:57:11.582  1444  1808 D MDP     : [PQSessionManager] getPQSessionListHandle id[a]
03-02 00:57:11.582  1444  1808 D MDP     : [PQSessionManager] getPQSessionListHandle, find id[a]
03-02 00:57:11.582  1444  1808 D AAL     : [PQEngineInterface] DpEngineAALCongTile(0)cropOffset[X, Y]=[1, 0], crop[Wid, Hei]=[0, 720]
03-02 00:57:11.582  1444  1808 D MDP     : [PQSessionManager] PQSessionManager::getPQSession id[a]
03-02 00:57:11.582  1444  1808 D MDP     : [PQSessionManager] getPQSessionListHandle id[a]
03-02 00:57:11.582  1444  1808 D MDP     : [PQSessionManager] getPQSessionListHandle, find id[a]
03-02 00:57:11.582  1444  1808 D AAL     : [PQEngineInterface] DpEngineHDRConfigTile(0) outTileXLeft = 0, outTileXRight = 551
03-02 00:57:11.582  1444  1808 D AAL     : [PQEngineInterface] DpEngineHDRConfigTile(0) inTileXLeft = 0, inTileXRight = 551
03-02 00:57:11.582  1444  1808 D AAL     : [PQEngineInterface] DpEngineHDRConfigTile(0) HDR_out_start_x = 0, HDR_out_end_x = 551, src h: 552,v: 1280
03-02 00:57:11.582  1444  1808 D AAL     : [PQEngineInterface] DpEngineHDRConfigTile(0) HDR_hist_end_x = 0, HDR_hist_begin_x = 0
03-02 00:57:11.582  1444  1808 D AAL     : [PQEngineInterface] DpEngineHDRConfigTile(0) HDR_first_tile = 0, HDR_last_tile = 0
03-02 00:57:11.582  1444  1808 D AAL     : [PQEngineInterface] DpEngineHDRConfigTile(0) inFrameWidth = 720 , middlePosX = 0
03-02 00:57:11.582  1444  1808 D AAL     : [PQEngineInterface] DpEngineTDSHPConfigTile(0) InpSize: 274, 1920, OutSize: 274, 1920
03-02 00:57:11.582  1444  1808 D MDP     : [PQSessionManager] PQSessionManager::getPQSession id[a]
03-02 00:57:11.582  1444  1808 D MDP     : [PQSessionManager] getPQSessionListHandle id[a]
03-02 00:57:11.582  1444  1808 D MDP     : [PQSessionManager] getPQSessionListHandle, find id[a]
03-02 00:57:11.582  1444  1808 D PQ      : [PQHFGConfig] PQHFGConfig::isEnabled = 2
03-02 00:57:11.582  1444  1808 D MDP     : [PQSession] getDpPqConfig() id[a] enable[0], scenario[1]
03-02 00:57:11.582  1444  1808 D MDP     : [PQSession] getDpPqConfig() enSharp[0] enDC[0] enColor[0] enHDR[0] enHDRVivid[0] enUR[0] enReFocus[0] enCcorr[0] enDRE[0] enHFG[0] enAIPQ[0] enAISDR2HDR[0] enAIRegionPQ[0] mAdaptiveEnable[0]
03-02 00:57:11.582  1444  1808 D AAL     : [PQEngineInterface] DpEngineAALCongTile(0) MDP_aal_size = 12715264
03-02 00:57:11.582  1444  1808 D AAL     : [PQEngineInterface(1791345034)::MDP_AAL_output_offset = 0
03-02 00:57:11.582  1444  1808 D AAL     : [PQEngineInterface] DpEngineAALCongTile(0) MDP_AAL_output_size = 12190976
03-02 00:57:11.582  1444  1808 D AAL     : [PQEngineInterface] DpEngineAALCongTile(0) inTileXRight = 719, inTileXLeft = 526
03-02 00:57:11.582  1444  1808 D AAL     : [PQEngineInterface] DpEngineAALCongTile(0) inTileYBottom = 719, inTileYTop = 0
03-02 00:57:11.582  1444  1808 D AAL     : [PQEngineInterface] DpEngineAALCongTile(0) outTileXRight = 1279, outTileXLeft = 534
03-02 00:57:11.582  1444  1808 D AAL     : [PQEngineInterface] DpEngineAALCongTile(0) m_outTileYBottom = 1279, m_outTileYTop = 0
03-02 00:57:11.582  1444  1808 D MDP     : [PQSessionManager] PQSessionManager::getPQSession id[a]
03-02 00:57:11.582  1444  1808 D MDP     : [PQSessionManager] getPQSessionListHandle id[a]
03-02 00:57:11.582  1444  1808 D MDP     : [PQSessionManager] getPQSessionListHandle, find id[a]
03-02 00:57:11.582  1444  1808 D AAL     : [PQEngineInterface] DpEngineAALCongTile(0)cropOffset[X, Y]=[1, 0], crop[Wid, Hei]=[0, 720]
03-02 00:57:11.582  1444  1808 D MDP     : [PQSessionManager] PQSessionManager::getPQSession id[a]
03-02 00:57:11.582  1444  1808 D MDP     : [PQSessionManager] getPQSessionListHandle id[a]
03-02 00:57:11.582  1444  1808 D MDP     : [PQSessionManager] getPQSessionListHandle, find id[a]
03-02 00:57:11.582  1444  1808 D AAL     : [PQEngineInterface] DpEngineHDRConfigTile(0) outTileXLeft = 526, outTileXRight = 719
03-02 00:57:11.582  1444  1808 D AAL     : [PQEngineInterface] DpEngineHDRConfigTile(0) inTileXLeft = 526, inTileXRight = 719
03-02 00:57:11.582  1444  1808 D AAL     : [PQEngineInterface] DpEngineHDRConfigTile(0) HDR_out_start_x = 0, HDR_out_end_x = 193, src h: 194,v: 1280
03-02 00:57:11.582  1444  1808 D AAL     : [PQEngineInterface] DpEngineHDRConfigTile(0) HDR_hist_end_x = 0, HDR_hist_begin_x = 0
03-02 00:57:11.582  1444  1808 D AAL     : [PQEngineInterface] DpEngineHDRConfigTile(0) HDR_first_tile = 0, HDR_last_tile = 0
03-02 00:57:11.582  1444  1808 D AAL     : [PQEngineInterface] DpEngineHDRConfigTile(0) inFrameWidth = 720 , middlePosX = 0
03-02 00:57:11.582  1444  1808 D MDP     : [PQSessionManager] PQSessionManager::getPQSession id[a]
03-02 00:57:11.582  1444  1808 D MDP     : [PQSessionManager] getPQSessionListHandle id[a]
03-02 00:57:11.582  1444  1808 D MDP     : [PQSessionManager] getPQSessionListHandle, find id[a]
03-02 00:57:11.583  1444  1808 D MDP     : [PQSessionManager] PQSessionManager::getPQSession id[a]
03-02 00:57:11.583  1444  1808 D MDP     : [PQSessionManager] getPQSessionListHandle id[a]
03-02 00:57:11.583  1444  1808 D MDP     : [PQSessionManager] getPQSessionListHandle, find id[a]
03-02 00:57:11.583  1507  1507 I SurfaceFlinger: destroyed Task=44859#155757
03-02 00:57:11.584  1507  1507 I SurfaceFlinger: [LayerHierarchy{RequestedLayerState{VolumePanelWindow$_2746#155666} no children}] reparent to OffscreenRoot
03-02 00:57:11.584  1507  1507 I SurfaceFlinger: [LayerHierarchy{RequestedLayerState{VolumePanelWindow$_2746#155666} no children}] RelativeParent to null
03-02 00:57:11.584  1507  1507 I SurfaceFlinger: [LayerHierarchy{RequestedLayerState{WindowToken{97efaa6 type=2020 android.os.BinderProxy@19cec01}#155664} 1 children}] reparent to OffscreenRoot
03-02 00:57:11.584  1507  1507 I SurfaceFlinger: [LayerHierarchy{RequestedLayerState{WindowToken{97efaa6 type=2020 android.os.BinderProxy@19cec01}#155664} 1 children}] RelativeParent to null
03-02 00:57:11.584  1507  1507 I SurfaceFlinger: [LayerHierarchy{RequestedLayerState{Task=44858#155758 z=40} no children}] reparent to OffscreenRoot
03-02 00:57:11.584  1507  1507 I SurfaceFlinger: [LayerHierarchy{RequestedLayerState{Task=44858#155758 z=40} no children}] RelativeParent to null
03-02 00:57:11.584  1507  1507 I SurfaceFlinger: [LayerHierarchy{RequestedLayerState{dd37ce7 VolumePanelWindow#155665} no children}] reparent to OffscreenRoot
03-02 00:57:11.584  1507  1507 I SurfaceFlinger: [LayerHierarchy{RequestedLayerState{dd37ce7 VolumePanelWindow#155665} no children}] RelativeParent to null
03-02 00:57:11.584  1507  1507 I SurfaceFlinger: [LayerHierarchy{RequestedLayerState{ActivityRecord{1417305 u0 com.podcast.app.debug/androidx.activity.ComponentActivity t44858}#155712} 1 children}] reparent to OffscreenRoot
03-02 00:57:11.584  1507  1507 I SurfaceFlinger: [LayerHierarchy{RequestedLayerState{ActivityRecord{1417305 u0 com.podcast.app.debug/androidx.activity.ComponentActivity t44858}#155712} 1 children}] RelativeParent to null
03-02 00:57:11.584  1507  1507 I SurfaceFlinger: [LayerHierarchy{RequestedLayerState{Task=44858#155711 z=40} no children}] reparent to OffscreenRoot
03-02 00:57:11.584  1507  1507 I SurfaceFlinger: [LayerHierarchy{RequestedLayerState{Task=44858#155711 z=40} no children}] RelativeParent to null
03-02 00:57:11.584  3202  3386 I HoneySpace.TopTaskSource: onTaskRemoved: 44858
03-02 00:57:11.587  1628  1637 E thermal_core: find_tz_idx_by_name:"Failed to find thermal zone index of ap_ntc\n"
03-02 00:57:11.587  1628  1637 E thermal_core: find_tz_idx_by_name:"Failed to find thermal zone index of mtk-master-charger\n"
03-02 00:57:11.588 18166 18194 I Finsky:background: [4028] SCH: Scheduling phonesky job Id: 3-87539, CT: 1772405831176, Constraints: [{ L: 0, D: 86400000, C: CHARGING_REQUIRED, I: IDLE_REQUIRED, N: NET_UNMETERED, B: BATTERY_ANY }]
03-02 00:57:11.588  1444  1809 D MDP     : [PQSessionManager] PQSessionManager::getPQSession id[a]
03-02 00:57:11.588  1444  1809 D MDP     : [PQSessionManager] getPQSessionListHandle id[a]
03-02 00:57:11.588  1444  1809 D MDP     : [PQSessionManager] getPQSessionListHandle, find id[a]
03-02 00:57:11.588  1444  1809 D MDP     : [PQSessionManager] findVideoID[f6840820] found on index a
03-02 00:57:11.588  1507  1507 I Layer   : id=155757 Destroyed Task=44859#155757
03-02 00:57:11.588  1507  1507 I SurfaceFlinger: onHandleDestroyed: layerId=155664, name=WindowToken{97efaa6 type=2020 android.os.BinderProxy@19cec01}#155664
03-02 00:57:11.588  1507  1507 I SurfaceFlinger: id=155664 Removed WindowToken{97efaa6 type=2020 android.os.BinderProxy@19cec01}#155664 (345)
03-02 00:57:11.588  1507  1507 I SurfaceFlinger: onHandleDestroyed: layerId=155665, name=dd37ce7 VolumePanelWindow#155665
03-02 00:57:11.589  1507  1507 I SurfaceFlinger: id=155665 Removed dd37ce7 VolumePanelWindow#155665 (345)
03-02 00:57:11.589  1507  1507 I SurfaceFlinger: onHandleDestroyed: layerId=155666, name=VolumePanelWindow$_2746#155666
03-02 00:57:11.589  1507  1507 I SurfaceFlinger: id=155666 Removed VolumePanelWindow$_2746#155666 (345)
03-02 00:57:11.589  1507  1507 I SurfaceFlinger: onHandleDestroyed: layerId=155758, name=Task=44858#155758
03-02 00:57:11.589  1507  1507 I SurfaceFlinger: id=155758 Removed Task=44858#155758 (345)
03-02 00:57:11.589  1507  1507 I SurfaceFlinger: onHandleDestroyed: layerId=155712, name=ActivityRecord{1417305 u0 com.podcast.app.debug/androidx.activity.ComponentActivity t44858}#155712
03-02 00:57:11.589  1507  1507 I SurfaceFlinger: id=155712 Removed ActivityRecord{1417305 u0 com.podcast.app.debug/androidx.activity.ComponentActivity t44858}#155712 (345)
03-02 00:57:11.589 18166 18194 I Finsky:background: [4028] SCH: Scheduling phonesky job Id: 3-87540, CT: 1772405831244, Constraints: [{ L: 168846, D: 10968846, C: CHARGING_NONE, I: IDLE_REQUIRED, N: NET_UNMETERED, B: BATTERY_ANY }]
03-02 00:57:11.590 18166 18194 I Finsky:background: [4028] SCH: Scheduling phonesky job Id: 3-87541, CT: 1772405831244, Constraints: [{ L: 0, D: 86400000, C: CHARGING_REQUIRED, I: IDLE_REQUIRED, N: NET_UNMETERED, B: BATTERY_ANY }]
03-02 00:57:11.590 18166 18194 I Finsky:background: [4028] SCH: Scheduling phonesky job Id: 3-87542, CT: 1772405831249, Constraints: [{ L: 168837, D: 10968837, C: CHARGING_NONE, I: IDLE_REQUIRED, N: NET_UNMETERED, B: BATTERY_ANY }]
03-02 00:57:11.590 18166 18194 I Finsky:background: [4028] SCH: Scheduling phonesky job Id: 3-87543, CT: 1772405831252, Constraints: [{ L: 0, D: 86400000, C: CHARGING_REQUIRED, I: IDLE_REQUIRED, N: NET_UNMETERED, B: BATTERY_ANY }]
03-02 00:57:11.590  2013  3566 I RefreshRateTokenController: Removing refreshRateToken={ RefreshRateToken[->RefreshRateMinLimitToken:VolumePanelView, mRefreshRate:60 acquire at 491107297 (3286 ms ago)}, caller=com.android.server.display.mode.RefreshRateToken.release:5 com.samsung.android.hardware.display.IRefreshRateToken$Stub.onTransact:86 android.os.Binder.execTransactInternal:1462 android.os.Binder.execTransact:1401 <bottom of call stack>
03-02 00:57:11.594  1507  1507 D SurfaceFlinger: Display 4627039422300187648 HWC layers:
03-02 00:57:11.594  1507  1507 D SurfaceFlinger:   SOLID_COLOR |                        0 | 00000002 | N/A          |    0.0    0.0    0.0    0.0 |    0    0   -1   -1 | Background for 68eb87 SurfaceView[co[...]weme.splash.SplashActivity]@0#155742 (0)
03-02 00:57:11.594  1507  1507 D SurfaceFlinger:   SOLID_COLOR |                        0 | 00000002 | N/A          |    0.0    0.0    0.0    0.0 |    0    0   -1   -1 | Background for 836459b SurfaceView[c[...]weme.splash.SplashActivity]@0#155748 (0)
03-02 00:57:11.594  1507  1507 D SurfaceFlinger:   SOLID_COLOR |                        0 | 00000002 | N/A          |    0.0    0.0    0.0    0.0 |    0    0   -1   -1 | Background for 7086fb SurfaceView[co[...]weme.splash.SplashActivity]@0#155752 (0)
03-02 00:57:11.594  1507  1507 D SurfaceFlinger:        DEVICE |           63930588201861 | 00000102 | 0x32315659   |    0.0    0.0  720.0 1280.0 |    0   80 1080 2000 | 7086fb SurfaceView[com.zhiliaoapp.mu[...]lash.SplashActivity]@0(BLAST)#155751 (15)
03-02 00:57:11.594  1507  1507 D SurfaceFlinger:        DEVICE |           63930588201830 | 00002100 | RGBA_8888    |    0.0    0.0 1080.0 2340.0 |    0    0 1080 2340 | com.zhiliaoapp.musically/com.ss.andr[...].splash.
03-02 00:57:11.594  1507  1507 D SurfaceFlinger: SplashActivity$_14885#155736 (6)
03-02 00:57:11.594  1507  1507 D SurfaceFlinger:        DEVICE |           11793980281879 | 00002100 | RGBA_8888    |    0.0    0.0 1080.0   80.0 |    0    0 1080   80 | StatusBar$_2746#117 (210949)
03-02 00:57:11.594  1507  1507 D SurfaceFlinger:        DEVICE |           13752485304097 | 00002100 | RGBA_8888    |    0.0    0.0   67.0  346.0 | 1013  454 1080  800 | com.sec.android.app.launcher/com.sam[...].app.CocktailBarService$_3202#152779 (1)
03-02 00:57:11.594  1507  1507 D SurfaceFlinger:        DEVICE |           11793980281868 | 00002100 | RGBA_8888    |    0.0    0.0 1080.0  135.0 |    0 2205 1080 2340 | NavigationBar0$_2746#113 (187583)
03-02 00:57:11.594  1507  1507 D SurfaceFlinger:
03-02 00:57:11.594  1507  1507 I SurfaceFlinger: destroyed VolumePanelWindow$_2746#155666
03-02 00:57:11.594  1507  1507 I SurfaceFlinger: destroyed WindowToken{97efaa6 type=2020 android.os.BinderProxy@19cec01}#155664
03-02 00:57:11.594  1507  1507 I SurfaceFlinger: destroyed Task=44858#155758
03-02 00:57:11.594  1507  1507 I SurfaceFlinger: destroyed 66651a3 ActivityRecordInputSink com.podcast.app.debug/androidx.activity.ComponentActivity#155718
03-02 00:57:11.594  1507  1507 I SurfaceFlinger: destroyed dd37ce7 VolumePanelWindow#155665
03-02 00:57:11.594  1507  1507 I SurfaceFlinger: destroyed ActivityRecord{1417305 u0 com.podcast.app.debug/androidx.activity.ComponentActivity t44858}#155712
03-02 00:57:11.595  2746  2746 D VolumePanelView: disableRefreshRateMinLimit
03-02 00:57:11.596  2746  2746 D SecVolume.VolumePanelStore: dispatch [ACTION_DISMISS_VOLUME_PANEL with [STATE_NO_DISPATCH], currentAction={}, currentState={activeStream=3(vol=420), stream=3(vol=420) } isPendingState : true, isShowing : true, isHasVibrator : true, isVoiceCapable : true, isSetupWizardComplete : true, isCaptionComponentEnabled : true, isWithAnimation : true, isMediaDefaultEnabled : true, isAnimating : true, ringerModeInternal : 2, timeOutControlsText : 0, cutoutHeight : 0, iconTargetState : 2, pinDevice : 0, activeStream : 3, iconCurrentState : 2, timeOutControls : 0, timeOut : 3000, stream : 3, earProtectLevel : 909, systemTimeNow : 491107169}
03-02 00:57:11.596  2746  2746 D SecVolume.VolumePanelStore:   > New State : [STATE_DISMISS_VOLUME_PANEL_COMPLETED]
03-02 00:57:11.596  2013  3441 I SemDvfsHyPerManager: acquire hyper - AMS_APP_SWITCH/2013@20, type = -999
03-02 00:57:11.597 18166 18199 I Finsky:background: [4032] SCH: Scheduling 0 system job(s)
03-02 00:57:11.597  2746  2746 D SecVolume.VolumePanelStore: dispatch [ACTION_ANIMATION_FINISHED with [STATE_DISMISS_VOLUME_PANEL_COMPLETED], currentAction={}, currentState={activeStream=3(vol=420), stream=3(vol=420) } isPendingState : true, isHasVibrator : true, isVoiceCapable : true, isSetupWizardComplete : true, isCaptionComponentEnabled : true, isMediaDefaultEnabled : true, ringerModeInternal : 2, timeOutControlsText : 0, cutoutHeight : 0, iconTargetState : 2, pinDevice : 0, activeStream : 3, iconCurrentState : 2, timeOutControls : 0, timeOut : 3000, stream : 3, earProtectLevel : 909, systemTimeNow : 491107169}
03-02 00:57:11.597  2746  2746 D SecVolume.VolumePanelStore:   > New State : [STATE_NO_DISPATCH]
03-02 00:57:11.597  1450  1487 I HYPER-HAL: [RequestManager.cpp]acquire(): Acquired ID : 2067581  [2013 / 20]    HINT : AMS_ACT_SWITCH    list :
03-02 00:57:11.597  1450  1487 I mtkpower_client: perf_lock_rel, hdl:76406, pid: 1450, tid:1487
03-02 00:57:11.598  1507  1507 I Layer   : id=155718 Destroyed 66651a3 ActivityRecordInputSink com.podcast.app.debug/androidx.activity.ComponentActivity#155718
03-02 00:57:11.598  2746  2755 I ndroid.systemui: NativeAlloc concurrent mark compact GC freed 28MB AllocSpace bytes, 7(140KB) LOS objects, 41% free, 68MB/116MB, paused 1.041ms,4.533ms total 554.203ms
03-02 00:57:11.598  1507  1507 I Layer   : id=155712 Destroyed ActivityRecord{1417305 u0 com.podcast.app.debug/androidx.activity.ComponentActivity t44858}#155712
03-02 00:57:11.598  1507  1507 I Layer   : id=155758 Destroyed Task=44858#155758
03-02 00:57:11.599  1507  1507 I Layer   : id=155666 Destroyed VolumePanelWindow$_2746#155666
03-02 00:57:11.599  1507  1907 I SurfaceFlinger: onHandleDestroyed: layerId=155297, name=Task=44841#155297
03-02 00:57:11.599  1507  1907 I SurfaceFlinger: id=155297 Removed Task=44841#155297 (341)
03-02 00:57:11.599  1464  1492 I mtkpower@impl: [setMode] type:5, enabled:1
03-02 00:57:11.599  1464  1529 I libPowerHal: [perfLockRel] hdl:76406, idx:7
03-02 00:57:11.599  1450  1487 I mtkpower_client: perf_lock_acq, hdl:0, dur:0, num:2, pid:1450, tid:1487
03-02 00:57:11.600  1464  1529 I libPowerHal: [PD] vendor.samsung. update cmd:1000000 param:-1 pr:6
03-02 00:57:11.600  1464  1529 I libPowerHal: [perfLockRel] Done for hdl : 76406
03-02 00:57:11.600  1507  1507 I Layer   : id=155665 Destroyed dd37ce7 VolumePanelWindow#155665
03-02 00:57:11.600  1507  1507 I Layer   : id=155664 Destroyed WindowToken{97efaa6 type=2020 android.os.BinderProxy@19cec01}#155664
03-02 00:57:11.597  2013  3345 D AS.AudioService: Volume controller visible: false
03-02 00:57:11.600  1450  1487 I mtkpower_client: ret_hdl:76407
03-02 00:57:11.600  1450  1487 I mtkpower_client: perf_lock_rel, hdl:76404, pid: 1450, tid:1487
03-02 00:57:11.600  2746  3672 I vol.Events: writeEvent active_stream_changed UNKNOWN_STREAM_-1
03-02 00:57:11.600  1507  1907 I SurfaceFlinger: onHandleDestroyed: layerId=155338, name=Task=44842#155338
03-02 00:57:11.600  1507  1907 I SurfaceFlinger: id=155338 Removed Task=44842#155338 (339)
03-02 00:57:11.600  1464  1529 I libPowerHal: [perfLockAcq] idx:7 hdl:76407 hint:-1 pid:1450 tid:1487 duration:0 lock_user:vendor.samsung. => ret_hdl:76407
03-02 00:57:11.601  1507  1907 I SurfaceFlinger: onHandleDestroyed: layerId=155352, name=Task=44843#155352
03-02 00:57:11.601  1464  1529 I libPowerHal: [setDvfsrcDevFreqOpp] opp:0, freq:4266000000
03-02 00:57:11.601  1464  1529 I libPowerHal: [PE] vendor.samsung. update cmd:1000000 param:0 pr:3
03-02 00:57:11.601  1464  1529 I libPowerHal: [perfLockAcq] Done for hdl : 76407
03-02 00:57:11.601  1507  1907 I SurfaceFlinger: id=155352 Removed Task=44843#155352 (339)
03-02 00:57:11.601  1507  1907 I SurfaceFlinger: onHandleDestroyed: layerId=155383, name=Task=44844#155383
03-02 00:57:11.601  1507  1907 I SurfaceFlinger: id=155383 Removed Task=44844#155383 (339)
03-02 00:57:11.601  1450  1487 I mtkpower_client: perf_lock_acq, hdl:0, dur:0, num:2, pid:1450, tid:1487
03-02 00:57:11.601  1507  1907 I SurfaceFlinger: onHandleDestroyed: layerId=155399, name=Task=44845#155399
03-02 00:57:11.601  1507  1907 I SurfaceFlinger: id=155399 Removed Task=44845#155399 (339)
03-02 00:57:11.601  1464  1529 I libPowerHal: [perfLockRel] hdl:76404, idx:2
03-02 00:57:11.602  1464  1529 I libPowerHal: [PD] vendor.samsung. update cmd:400000 param:-1 pr:6
03-02 00:57:11.602  1464  1529 I libPowerHal: [recordCPUFreqInfo] set cluster[0] min(-1): -1 max(-1): -1 cluster[1] min(-1): -1 max(-1): -1
03-02 00:57:11.602  1464  1529 I libPowerHal: [perfLockRel] Done for hdl : 76404
03-02 00:57:11.603  1507  1568 E mali_winsys: Unrecognised Android chroma siting range: [2, 2]. Applying default
03-02 00:57:11.603  1450  1487 I mtkpower_client: ret_hdl:76408
03-02 00:57:11.603  1464  1529 I libPowerHal: [perfLockAcq] idx:2 hdl:76408 hint:-1 pid:1450 tid:1487 duration:0 lock_user:vendor.samsung. => ret_hdl:76408
03-02 00:57:11.603  1464  1529 I libPowerHal: [PE] vendor.samsung. update cmd:400000 param:2000000 pr:3
03-02 00:57:11.604  1464  1529 I libPowerHal: [recordCPUFreqInfo] set cluster[0] min(vendor.samsung.): 2000000 max(-1): -1 cluster[1] min(-1): -1 max(-1): -1
03-02 00:57:11.604  1464  1529 I libPowerHal: [perfLockAcq] Done for hdl : 76408
03-02 00:57:11.604  2013  3566 W ParceledListSlice: Element #30 is 21544 bytes.
03-02 00:57:11.604  1507  1907 I SurfaceFlinger: onHandleDestroyed: layerId=155430, name=Task=44846#155430
03-02 00:57:11.604  1507  1907 I SurfaceFlinger: id=155430 Removed Task=44846#155430 (339)
03-02 00:57:11.604  1507  1907 I SurfaceFlinger: onHandleDestroyed: layerId=155444, name=Task=44847#155444
03-02 00:57:11.604  1507  1907 I SurfaceFlinger: id=155444 Removed Task=44847#155444 (339)
03-02 00:57:11.604  4784  4784 I SemDvfsHyPerManager: acquire hyper - APP_START_SHORT/4784@15, type = -999
03-02 00:57:11.605  1445  2902 D C2MtkBufferManager: over 5000ms not request from VCodec but callback hooked, slow BM Cc fetch thread. Last get time was 90595016ms ago.
03-02 00:57:11.605  1507  1507 I SurfaceFlinger: destroyed Task=44846#155430
03-02 00:57:11.605  1507  1507 I SurfaceFlinger: destroyed Task=44844#155383
03-02 00:57:11.605  1507  1507 I SurfaceFlinger: destroyed Task=44842#155338
03-02 00:57:11.606  1507  1507 I SurfaceFlinger: destroyed Task=44843#155352
03-02 00:57:11.606  1507  1507 I SurfaceFlinger: destroyed Task=44847#155444
03-02 00:57:11.606  1507  1507 I SurfaceFlinger: destroyed Task=44841#155297
03-02 00:57:11.606  1507  1507 I SurfaceFlinger: destroyed Task=44845#155399
03-02 00:57:11.606  2013  3645 D AS.AudioService: forceVolumeControlStream(-1)
03-02 00:57:11.608 14636 14636 D WM-SystemJobService: onStopJob for WorkGenerationalId(workSpecId=f23029b8-b7a3-4a93-aaf6-b7c7a26dfe9e, generation=0)
03-02 00:57:11.608  1507  2393 I SurfaceFlinger: id=155759 createSurf, flag=24004, Task=44860#155759
03-02 00:57:11.609 14636 15217 D WM-Processor: WorkerWrapper interrupted for f23029b8-b7a3-4a93-aaf6-b7c7a26dfe9e
03-02 00:57:11.609 14636 15217 D WM-StopWorkRunnable: StopWorkRunnable for f23029b8-b7a3-4a93-aaf6-b7c7a26dfe9e; Processor.stopWork = true
03-02 00:57:11.609  1507  1568 E mali_winsys: Unrecognised Android chroma siting range: [2, 2]. Applying default
03-02 00:57:11.609  2746  2746 D SecVolume.VolumePanelStore: dispatch [ACTION_STATE_CHANGED with [STATE_NO_DISPATCH], currentAction={isFromOutside : true, isVoiceCapble : true, activeStream : -1}, currentState={activeStream=3(vol=420), stream=3(vol=420) } isPendingState : true, isHasVibrator : true, isVoiceCapable : true, isSetupWizardComplete : true, isCaptionComponentEnabled : true, isMediaDefaultEnabled : true, ringerModeInternal : 2, timeOutControlsText : 0, cutoutHeight : 0, iconTargetState : 2, pinDevice : 0, activeStream : 3, iconCurrentState : 2, timeOutControls : 0, timeOut : 3000, stream : 3, earProtectLevel : 909, systemTimeNow : 491107169}
03-02 00:57:11.609  1507  1507 I Layer   : id=155444 Destroyed Task=44847#155444
03-02 00:57:11.609  1507  1507 I Layer   : id=155430 Destroyed Task=44846#155430
03-02 00:57:11.610  1507  1507 I Layer   : id=155399 Destroyed Task=44845#155399
03-02 00:57:11.610  1507  1507 I Layer   : id=155383 Destroyed Task=44844#155383
03-02 00:57:11.610  1507  1507 I Layer   : id=155352 Destroyed Task=44843#155352
03-02 00:57:11.610  1507  1507 I Layer   : id=155338 Destroyed Task=44842#155338
03-02 00:57:11.610  1507  1507 I Layer   : id=155297 Destroyed Task=44841#155297
03-02 00:57:11.610  1507  2393 I SurfaceFlinger: onHandleDestroyed: layerId=155569, name=Surface(name=89d1f3b com.podcast.app.debug.test/androidx.test.core.app.InstrumentationActivityInvoker$EmptyActivity)/@0x518ac39 - animation-leash of starting_reveal#155569
03-02 00:57:11.610  1507  2393 I SurfaceFlinger: id=155569 Removed Surface(name=89d1f3b com.podcast.app.debug.test/androidx.test.core.app.InstrumentationActivityInvoker$EmptyActivity)/@0x518ac39 - animation-leash of starting_reveal#155569 (333)
03-02 00:57:11.611  1450  1487 I HYPER-HAL: [RequestManager.cpp]acquire(): Acquired ID : 11517615  [4784 / 15]    HINT : APP_START    list : [TIMEOUT / 1500]
03-02 00:57:11.611  3202  4698 I HoneySpace.RecentTasks: onRunningTaskVanished
03-02 00:57:11.611  3202  4698 I HoneySpace.RecentTasks: onRecentTasksChanged
03-02 00:57:11.612  1507  2393 I SurfaceFlinger: id=155760 createSurf, flag=84004, ActivityRecord{64960898 u0 com.podcast.app.debug/androidx.activity.ComponentActivity t44860}#155760
03-02 00:57:11.612  1507  2393 I SurfaceFlinger: onHandleDestroyed: layerId=155612, name=Surface(name=7b435d3 com.podcast.app.debug.test/androidx.test.core.app.InstrumentationActivityInvoker$EmptyActivity)/@0xe8c28ff - animation-leash of starting_reveal#155612
03-02 00:57:11.612  1507  2393 I SurfaceFlinger: id=155612 Removed Surface(name=7b435d3 com.podcast.app.debug.test/androidx.test.core.app.InstrumentationActivityInvoker$EmptyActivity)/@0xe8c28ff - animation-leash of starting_reveal#155612 (334)
03-02 00:57:11.612  2746  2746 D SecVolume.SmartViewInteractor: isSmartView=false
03-02 00:57:11.612  1444  1808 D MDP     : [PQSessionManager] findVideoID[f6840820] found on index a
03-02 00:57:11.612  1444  1808 D MDP     : [PQSessionManager] createPQSession(a) user(0xb4000074f4d46d80)
03-02 00:57:11.612  1444  1808 D MDP     : [PQSessionManager] Duplicated ID[a] found, please check if double createPQSession!
03-02 00:57:11.612  1444  1808 D MDP     : [PQSessionManager] getPQSessionListHandle id[a]
03-02 00:57:11.612  1444  1808 D MDP     : [PQSessionManager] getPQSessionListHandle, find id[a]
03-02 00:57:11.612  1444  1808 D MDP     : [PQSession] incRefCount id[a] user[0xb4000074f4d46d80] existed
03-02 00:57:11.612  1444  1808 D MDP     : [PQSession] incRefCount id[a] user[0xb4000074f4d46d80] numOfUser[1]
03-02 00:57:11.612  1444  1808 D MDP     : [PQSession] numElements[0] key[0] metaData[0]
03-02 00:57:11.612  1444  1808 D MDP     : [PQSession] setPQParam() id[a] enable[0], scenario[1]
03-02 00:57:11.612  1444  1808 D PQ      : PQDSConfig::getEnableStatus check1  time 0 ms
03-02 00:57:11.612  1444  1808 D PQ      : [PQDSConfig] PQDSConfig::getEnableStatus = 1
03-02 00:57:11.612  1444  1808 D PQ      : [PQDSConfig] m_TDSHPTableInit 1
03-02 00:57:11.612  1444  1808 D PQ      : [PQDSConfig] getAshmemContext(SHP_ENABLE) = 1
03-02 00:57:11.612  1444  1808 D PQ      : PQDSConfig::getEnableStatus check2  time 0 ms
03-02 00:57:11.612  1444  1808 D PQ      : [PQDSConfig] PQDSConfig::getUREnableStatus = 1
03-02 00:57:11.612  1444  1808 D MDP     : [PQSession] setDpPqConfig m_svp = 0, enDRE = 0
03-02 00:57:11.612  1444  1808 D MDP     : setPQParam globalPQSupport = [0] globalPQSwitch = [0] globalPQStrength = [0] globalPQType = [0]
03-02 00:57:11.612  1444  1808 D MDP     : [PQSession] setPQparam userId[0x0], scenario[1], enDRE[0]
03-02 00:57:11.612  1444  1808 D MDP     : [PQSession] getDpPqConfig() id[a] enable[0], scenario[1]
03-02 00:57:11.612  1444  1808 D MDP     : [PQSession] getDpPqConfig() enSharp[0] enDC[0] enColor[0] enHDR[0] enHDRVivid[0] enUR[0] enReFocus[0] enCcorr[0] enDRE[0] enHFG[0] enAIPQ[0] enAISDR2HDR[0] enAIRegionPQ[0] mAdaptiveEnable[0]
03-02 00:57:11.612  1444  1808 D MDP     : [PQSession] setPQDREParam userId[0x0] scenario[1] enDRE[0]
03-02 00:57:11.612  1444  1808 D MDP     : [PQSessionManager] findVideoID[f6840820] found on index a
03-02 00:57:11.612  1444  1808 D MDP     : [PQSessionManager] PQSessionManager::getPQSession id[a]
03-02 00:57:11.612  1444  1808 D MDP     : [PQSessionManager] getPQSessionListHandle id[a]
03-02 00:57:11.612  2746  2746 D SecVolume.VolumePanelStore:   > New State : [STATE_UPDATE]
03-02 00:57:11.612  1444  1808 D MDP     : [PQSessionManager] getPQSessionListHandle, find id[a]
03-02 00:57:11.612  1444  1808 D MDP     : [PQSession] getDpPqConfig() id[a] enable[0], scenario[1]
03-02 00:57:11.612  1444  1808 D MDP     : [PQSession] getDpPqConfig() enSharp[0] enDC[0] enColor[0] enHDR[0] enHDRVivid[0] enUR[0] enReFocus[0] enCcorr[0] enDRE[0] enHFG[0] enAIPQ[0] enAISDR2HDR[0] enAIRegionPQ[0] mAdaptiveEnable[0]
03-02 00:57:11.612  1444  1808 D MDP     : [PQSessionManager] PQSessionManager::getPQSession id[a]
03-02 00:57:11.612  1444  1808 D MDP     : [PQSessionManager] getPQSessionListHandle id[a]
03-02 00:57:11.612  1444  1808 D MDP     : [PQSessionManager] getPQSessionListHandle, find id[a]
03-02 00:57:11.612  1444  1808 D AAL     : [PQEngineInterface] DpEngineTDSHPReConfigFrame(0)
03-02 00:57:11.612  1444  1808 D MDP     : [PQSession] getDpPqConfig() id[a] enable[0], scenario[1]
03-02 00:57:11.612  1444  1808 D MDP     : [PQSession] getDpPqConfig() enSharp[0] enDC[0] enColor[0] enHDR[0] enHDRVivid[0] enUR[0] enReFocus[0] enCcorr[0] enDRE[0] enHFG[0] enAIPQ[0] enAISDR2HDR[0] enAIRegionPQ[0] mAdaptiveEnable[0]
03-02 00:57:11.612  1444  1808 D AAL     : [PQEngineInterface] DpEngineTDSHPReConfigFrame(0) tdshpEnable(0) enSharp(0) enDC(0) enHFG(0)
03-02 00:57:11.613  1444  1808 D MDP     : [PQSessionManager] PQSessionManager::getPQSession id[a]
03-02 00:57:11.613  1444  1808 D MDP     : [PQSessionManager] getPQSessionListHandle id[a]
03-02 00:57:11.613  1444  1808 D MDP     : [PQSessionManager] getPQSessionListHandle, find id[a]
03-02 00:57:11.613  1444  1808 W AAL     : DpEngine_HDR::onReconfigTiles : PABufferIndex no change do nothing
03-02 00:57:11.614  2746  2746 D SecVolume.JSonLogger: applyVolumeRow 3: {"boolMap":{"ICON_ENABLED":false,"DYNAMIC":false,"VISIBILITY":true,"ICON_CLICKABLE":true,"MUTED":false,"SLIDER_ENABLED":true,"TRACKING":false,"ROUTED_TO_BLUETOOTH":false,"IMPORTANT":true,"ACTIVE_NOW":false},"intMap":{"ORIGINAL_PRIORITY":5,"PRIORITY":0,"LEVEL_MAX":15,"ICON_TYPE":3,"EAR_PROTECT_LEVEL":-1,"LEVEL":420,"REAL_LEVEL":420,"AUDIBLE_LEVEL":420,"LEVEL_MIN":0},"longMap":{"USER_ATTEMPT_TIME":490387300},"streamType":3,"stringMap":{"NAME_RES":"com.android.systemui:string/volumepanel_media","REMOTE_LABEL":"","DUAL_BT_DEVICE_ADDRESS":"","DUAL_BT_DEVICE_NAME":"","SMART_VIEW_LABEL":""}}
03-02 00:57:11.616  1507  1563 I SurfaceFlinger: onHandleDestroyed: layerId=155629, name=Surface(name=e850ef2 com.podcast.app.debug/androidx.activity.ComponentActivity)/@0x1d7146d - animation-leash of starting_reveal#155629
03-02 00:57:11.616  1507  1563 I SurfaceFlinger: id=155629 Removed Surface(name=e850ef2 com.podcast.app.debug/androidx.activity.ComponentActivity)/@0x1d7146d - animation-leash of starting_reveal#155629 (334)
03-02 00:57:11.617  1507  1507 I SurfaceFlinger: destroyed Surface(name=e850ef2 com.podcast.app.debug/androidx.activity.ComponentActivity)/@0x1d7146d - animation-leash of starting_reveal#155629
03-02 00:57:11.617  1507  1507 I SurfaceFlinger: destroyed Surface(name=89d1f3b com.podcast.app.debug.test/androidx.test.core.app.InstrumentationActivityInvoker$EmptyActivity)/@0x518ac39 - animation-leash of starting_reveal#155569
03-02 00:57:11.617  1507  1507 I SurfaceFlinger: destroyed Surface(name=7b435d3 com.podcast.app.debug.test/androidx.test.core.app.InstrumentationActivityInvoker$EmptyActivity)/@0xe8c28ff - animation-leash of starting_reveal#155612
03-02 00:57:11.617  1507  1507 I SurfaceFlinger: [ActivityRecord{64960898 u0 com.podcast.app.debug/androidx.activity.ComponentActivity t44860}#155760] attach to parent LayerHierarchy{RequestedLayerState{Task=44860#155759 parentId=10} 1 children}
03-02 00:57:11.617  1507  1507 I SurfaceFlinger: [Task=44860#155759] attach to parent LayerHierarchy{RequestedLayerState{DefaultTaskDisplayArea_d0#10 parentId=9} 45 children}
03-02 00:57:11.618  2746  2808 I ViewRootImpl: dVRR is disabled
03-02 00:57:11.618  2746  2870 D NativeCustomFrequencyManager: [NativeCFMS] BpCustomFrequencyManager::BpCustomFrequencyManager()
03-02 00:57:11.620  1507  2393 I SurfaceFlinger: onHandleDestroyed: layerId=155661, name=Surface(name=7bfd361 com.podcast.app.debug.test/androidx.test.core.app.InstrumentationActivityInvoker$EmptyActivity)/@0xefffb59 - animation-leash of starting_reveal#155661
03-02 00:57:11.620  1507  2393 I SurfaceFlinger: id=155661 Removed Surface(name=7bfd361 com.podcast.app.debug.test/androidx.test.core.app.InstrumentationActivityInvoker$EmptyActivity)/@0xefffb59 - animation-leash of starting_reveal#155661 (334)
03-02 00:57:11.621  1444  1809 D MDP     : [PQSessionManager] PQSessionManager::getPQSession id[a]
03-02 00:57:11.621  1444  1809 D MDP     : [PQSessionManager] getPQSessionListHandle id[a]
03-02 00:57:11.621  1444  1809 D MDP     : [PQSessionManager] getPQSessionListHandle, find id[a]
03-02 00:57:11.621  1444  1809 D MDP     : [PQSessionManager] findVideoID[f6840820] found on index a
03-02 00:57:11.621  2013  2252 I SemDvfsHyPerManager: acquire hyper - AMS_APP_LAUNCH/2013@17, type = -999
03-02 00:57:11.621  1507  1507 I Layer   : id=155629 Destroyed Surface(name=e850ef2 com.podcast.app.debug/androidx.activity.ComponentActivity)/@0x1d7146d - animation-leash of starting_reveal#155629
03-02 00:57:11.621  1507  1507 I Layer   : id=155612 Destroyed Surface(name=7b435d3 com.podcast.app.debug.test/androidx.test.core.app.InstrumentationActivityInvoker$EmptyActivity)/@0xe8c28ff - animation-leash of starting_reveal#155612
03-02 00:57:11.621  1507  1507 I Layer   : id=155569 Destroyed Surface(name=89d1f3b com.podcast.app.debug.test/androidx.test.core.app.InstrumentationActivityInvoker$EmptyActivity)/@0x518ac39 - animation-leash of starting_reveal#155569
03-02 00:57:11.621  1450  1487 I HYPER-HAL: [RequestManager.cpp]acquire(): Acquired ID : 2061482  [2013 / 17]    HINT : AMS_APP_LAUNCH    list :
03-02 00:57:11.622  1507  1563 I SurfaceFlinger: onHandleDestroyed: layerId=155707, name=Surface(name=b738147 com.podcast.app.debug.test/androidx.test.core.app.InstrumentationActivityInvoker$EmptyActivity)/@0x26cd60e - animation-leash of starting_reveal#155707
03-02 00:57:11.623  1507  1563 I SurfaceFlinger: id=155707 Removed Surface(name=b738147 com.podcast.app.debug.test/androidx.test.core.app.InstrumentationActivityInvoker$EmptyActivity)/@0x26cd60e - animation-leash of starting_reveal#155707 (331)
03-02 00:57:11.624 14885 14885 I System.out: SAFActivity: com.ss.android.ugc.aweme.main.MainActivity@c20428f,  onPause Start
03-02 00:57:11.624  2746  2758 W System  : A resource failed to call release.
03-02 00:57:11.626 14885 14885 I System.out: SceneSafeLifecycleDispatcher: onPaused Start
03-02 00:57:11.626 14885 14885 I System.out: SAFActivity V Scene Framework: NavigationMessageQueue postSync start
03-02 00:57:11.626 14885 14885 I System.out: SAFActivity V Scene Framework: NavigationMessageQueue postSync run current task start 14_Y.ARunnableS108S0200000_32@6e2e494
03-02 00:57:11.626 14885 14885 I System.out: SAFActivity V Scene Framework: NavigationSceneManager Sync Scene SAFFragmentRootScene{79e191c} Lifecycle [RESUMED -> STARTED] without saved State
03-02 00:57:11.626 14885 14885 I System.out: SAFFragmentRootScene: onPause Start (SAFFragmentRootScene{79e191c})
03-02 00:57:11.627  4784  4784 I SemDvfsHyPerManager: acquire hyper - APP_START/4784@17, type = -999
03-02 00:57:11.627  1450  1487 I HYPER-HAL: [RequestManager.cpp]acquire(): Acquired ID : 11527218  [4784 / 17]    HINT : APP_START    list :
03-02 00:57:11.628  1507  1507 I SurfaceFlinger: destroyed Surface(name=7bfd361 com.podcast.app.debug.test/androidx.test.core.app.InstrumentationActivityInvoker$EmptyActivity)/@0xefffb59 - animation-leash of starting_reveal#155661
03-02 00:57:11.628  1507  1507 I SurfaceFlinger: destroyed Surface(name=b738147 com.podcast.app.debug.test/androidx.test.core.app.InstrumentationActivityInvoker$EmptyActivity)/@0x26cd60e - animation-leash of starting_reveal#155707
03-02 00:57:11.628  2013  3566 D InputTransport: Input channel constructed: '2c38e7 ', fd=964
03-02 00:57:11.628  3202  3386 I HoneySpace.TopTaskSource: onTaskRemoved: 44858
03-02 00:57:11.628  2013  3566 D InputTransport: Input channel constructed: '2c38e7 ', fd=1036
03-02 00:57:11.628  2013  3566 D InputTransport: Input channel constructed: '2c38e7 ', fd=1074
03-02 00:57:11.628  2013  3566 D InputTransport: Input channel destroyed: '2c38e7 ', fd=1036
03-02 00:57:11.629  1507  1563 I SurfaceFlinger: id=155761 createSurf, flag=84004, 2c38e7 Splash Screen com.podcast.app.debug#155761
03-02 00:57:11.629  1507  1507 I Layer   : id=155661 Destroyed Surface(name=7bfd361 com.podcast.app.debug.test/androidx.test.core.app.InstrumentationActivityInvoker$EmptyActivity)/@0xefffb59 - animation-leash of starting_reveal#155661
03-02 00:57:11.629  1507  1507 I Layer   : id=155707 Destroyed Surface(name=b738147 com.podcast.app.debug.test/androidx.test.core.app.InstrumentationActivityInvoker$EmptyActivity)/@0x26cd60e - animation-leash of starting_reveal#155707
03-02 00:57:11.631  2013  3566 D InputTransport: Input channel destroyed: '2c38e7 ', fd=1074
03-02 00:57:11.632  1507  1825 I SurfaceFlinger: Capture layer list: 	 com.zhiliaoapp.musically/com.ss.android.ugc.aweme.splash.SplashActivity$_14885#155736(seamlessTransition:0)
03-02 00:57:11.633  2746  2808 D InputTransport: Input channel constructed: '2c38e7 ', fd=442
