03-02 00:56:59.177 14885 14885 I System.out: SAFActivity V Scene Framework: NavigationMessageQueue postSync start
03-02 00:56:59.178 14885 14885 I System.out: SAFActivity V Scene Framework: NavigationMessageQueue postSync run current task start 14_Y.ARunnableS108S0200000_32@6838776
03-02 00:56:59.178 14885 14885 I System.out: SAFActivity V Scene Framework: NavigationSceneManager Sync Scene SAFFragmentRootScene{79e191c} Lifecycle [STARTED -> ACTIVITY_CREATED] without saved State
03-02 00:56:59.178 14885 14885 I System.out: SAFFragmentRootScene: onStop Start (SAFFragmentRootScene{79e191c})
03-02 00:56:59.181 14885 14885 I System.out: SAFActivity V Scene Framework: NavigationMessageQueue postSync run current task finish 14_Y.ARunnableS108S0200000_32@6838776
03-02 00:56:59.181 14885 14885 I System.out: SAFActivity V Scene Framework: NavigationMessageQueue postSync finish
03-02 00:56:59.181 14885 14885 I System.out: SceneSafeLifecycleDispatcher: onStopped End STOP
03-02 00:56:59.181 14885 14885 I System.out: SAFActivity: com.ss.android.ugc.aweme.main.MainActivity@c20428f,  onStop End
03-02 00:56:59.181 14885 14885 D SV[6876039 SplashActivity]: updateSurface: surface is not valid
03-02 00:56:59.181 14885 14885 I SV[6876039 SplashActivity]: releaseSurfaces: viewRoot = VRI[SplashActivity]@35f4eb8
03-02 00:56:59.182 14885 14885 D VRI[SplashActivity]@35f4eb8: applyTransactionOnDraw applyImmediately
03-02 00:56:59.182 14885 14885 D SV[7374587 SplashActivity]: updateSurface: surface is not valid
03-02 00:56:59.182 14885 14885 I SV[7374587 SplashActivity]: releaseSurfaces: viewRoot = VRI[SplashActivity]@35f4eb8
03-02 00:56:59.182 14885 14885 D VRI[SplashActivity]@35f4eb8: applyTransactionOnDraw applyImmediately
03-02 00:56:59.182 14885 14885 D SV[137774491 SplashActivity]: updateSurface: surface is not valid
03-02 00:56:59.182 14885 14885 I SV[137774491 SplashActivity]: releaseSurfaces: viewRoot = VRI[SplashActivity]@35f4eb8
03-02 00:56:59.182 14885 14885 D VRI[SplashActivity]@35f4eb8: applyTransactionOnDraw applyImmediately
03-02 00:56:59.185 14885 14885 I System.out: SAFActivity V Scene Framework: NavigationSceneManager forceExecutePendingNavigationOperation start
03-02 00:56:59.185 14885 14885 I System.out: SAFActivity V Scene Framework: NavigationMessageQueue postSync start
03-02 00:56:59.185 14885 14885 I System.out: SAFActivity V Scene Framework: NavigationMessageQueue postSync run current task start 0_Y.ARunnableS90S0000000_15@6dc6282
03-02 00:56:59.185 14885 14885 I System.out: SAFActivity V Scene Framework: NavigationMessageQueue postSync run current task finish 0_Y.ARunnableS90S0000000_15@6dc6282
03-02 00:56:59.185 14885 14885 I System.out: SAFActivity V Scene Framework: NavigationMessageQueue postSync finish
03-02 00:56:59.185 14885 14885 I System.out: SAFActivity V Scene Framework: NavigationSceneManager forceExecutePendingNavigationOperation finish
03-02 00:56:59.185 14885 14885 I System.out: SAFActivity: com.ss.android.ugc.aweme.main.MainActivity@c20428f,  onSaveInstanceState Start
03-02 00:56:59.186 14885 14885 I System.out: SceneSafeLifecycleDispatcher: onSaveInstanceState Start
03-02 00:56:59.186 14885 14885 I System.out: SAFFragmentRootScene: onSaveInstanceState Start (SAFFragmentRootScene{79e191c})
03-02 00:56:59.187 14885 14885 I System.out: SceneSafeLifecycleDispatcher: onSaveInstanceState End STOP
03-02 00:56:59.187 14885 14885 I System.out: SAFActivity: com.ss.android.ugc.aweme.main.MainActivity@c20428f,  onSaveInstanceState End
03-02 00:56:59.187 17798 17826 I Finsky  : [4022] Already at the latest configurations for experiment package com.google.android.finsky.regular.
03-02 00:56:59.187 14885 14885 W System.err: onActivityPostSaveInstanceState store finished---->com.ss.android.ugc.aweme.main.MainActivity@c20428f
03-02 00:56:59.188 17798 17826 I Finsky  : [4022] Triggered update for experiment package com.google.android.finsky.stable.
03-02 00:56:59.189 14885 14885 D SV[6876039 SplashActivity]: updateSurface: surface is not valid
03-02 00:56:59.189 14885 14885 I SV[6876039 SplashActivity]: releaseSurfaces: viewRoot = VRI[SplashActivity]@35f4eb8
03-02 00:56:59.189 14885 14885 D VRI[SplashActivity]@35f4eb8: applyTransactionOnDraw applyImmediately
03-02 00:56:59.190 14885 14885 D SV[7374587 SplashActivity]: updateSurface: surface is not valid
03-02 00:56:59.190 14885 14885 I SV[7374587 SplashActivity]: releaseSurfaces: viewRoot = VRI[SplashActivity]@35f4eb8
03-02 00:56:59.190 14885 14885 D VRI[SplashActivity]@35f4eb8: applyTransactionOnDraw applyImmediately
03-02 00:56:59.190 14885 14885 D SV[137774491 SplashActivity]: updateSurface: surface is not valid
03-02 00:56:59.190 14885 14885 I SV[137774491 SplashActivity]: releaseSurfaces: viewRoot = VRI[SplashActivity]@35f4eb8
03-02 00:56:59.190 14885 14885 D VRI[SplashActivity]@35f4eb8: applyTransactionOnDraw applyImmediately
03-02 00:56:59.198  1507  1507 I SurfaceFlinger: [LayerHierarchy{RequestedLayerState{com.zhiliaoapp.musically/com.ss.android.ugc.aweme.splash.SplashActivity$_14885#155364} no children}] reparent to OffscreenRoot
03-02 00:56:59.198  1507  1507 I SurfaceFlinger: [LayerHierarchy{RequestedLayerState{com.zhiliaoapp.musically/com.ss.android.ugc.aweme.splash.SplashActivity$_14885#155364} no children}] RelativeParent to null
03-02 00:56:59.201  1507  1507 I SurfaceFlinger: onHandleDestroyed: layerId=155364, name=com.zhiliaoapp.musically/com.ss.android.ugc.aweme.splash.SplashActivity$_14885#155364
03-02 00:56:59.202  1507  1507 I SurfaceFlinger: id=155364 Removed com.zhiliaoapp.musically/com.ss.android.ugc.aweme.splash.SplashActivity$_14885#155364 (319)
03-02 00:56:59.209  1507  1507 I SurfaceFlinger: destroyed com.zhiliaoapp.musically/com.ss.android.ugc.aweme.splash.SplashActivity$_14885#155364
03-02 00:56:59.211 14885 15375 W System.err: FlagsHookHelper: skip hook flags method getInstanceHook
03-02 00:56:59.213  1445  2902 W C2MtkBufferManager: [0xB4000070F507E520] fetchNewCcBlock: wait fence 0x0xb4000070f5058270 timed out. ret 110
03-02 00:56:59.213  1507  1507 I Layer   : id=155364 Destroyed com.zhiliaoapp.musically/com.ss.android.ugc.aweme.splash.SplashActivity$_14885#155364
03-02 00:56:59.218 17798 17826 I Finsky  : [4022] Already at the latest configurations for experiment package com.google.android.finsky.stable.
03-02 00:56:59.221 14885 15878 W NaviWarn: StackPtr is not 8-byte aligned.
03-02 00:56:59.238  2013  2065 D PkgPredictorService-SecIpmManagerServiceImpl: bg information pid:14885 uid:10350 pkgName:com.zhiliaoapp.musically
03-02 00:56:59.238 14885 14885 D BBA2    : setIsFg isFg = false; delayValue 3999ms
03-02 00:56:59.250  1507  1825 I SurfaceFlinger: Capture layer list: 	 com.podcast.app.debug/androidx.activity.ComponentActivity$_17121#155389(seamlessTransition:0)
03-02 00:56:59.283  2013  2067 I ChimeraSystemEventListener: appLaunchIntent package name is: com.podcast.app.debug.test
03-02 00:56:59.286  1445  2902 W C2MtkBufferManager: [0xB4000070F507E520] fetchNewCcBlock: wait fence 0x0xb4000070f5058270 timed out. ret 110
03-02 00:56:59.288  1444  1444 I hwcomposer: [HWCDisplay] (0 updateFps():4131), (type:1, mode:2) fps:82.220886,dur:1033.80,max:73.84,min:5.88
03-02 00:56:59.288  2013  3441 I SemDvfsHyPerManager: acquire hyper - AMS_APP_SWITCH/2013@20, type = -999
03-02 00:56:59.289  1450  1487 I HYPER-HAL: [RequestManager.cpp]acquire(): Acquired ID : 2067581  [2013 / 20]    HINT : AMS_ACT_SWITCH    list :
03-02 00:56:59.289  1464  1492 I mtkpower@impl: [setMode] type:5, enabled:1
03-02 00:56:59.289  1450  1487 I mtkpower_client: perf_lock_rel, hdl:76262, pid: 1450, tid:1487
03-02 00:56:59.290  1450  1487 I mtkpower_client: perf_lock_acq, hdl:0, dur:0, num:2, pid:1450, tid:1487
03-02 00:56:59.290  1464  1529 I libPowerHal: [perfLockRel] hdl:76262, idx:5
03-02 00:56:59.291  1507  1907 I SurfaceFlinger: id=155399 createSurf, flag=24004, Task=44845#155399
03-02 00:56:59.291  4784  4784 I SemDvfsHyPerManager: acquire hyper - APP_START_SHORT/4784@15, type = -999
03-02 00:56:59.292  1464  1529 I libPowerHal: [PD] vendor.samsung. update cmd:1000000 param:-1 pr:6
03-02 00:56:59.292  1464  1529 I libPowerHal: [perfLockRel] Done for hdl : 76262
03-02 00:56:59.293  1507  2393 I SurfaceFlinger: id=155400 createSurf, flag=84004, ActivityRecord{129999715 u0 com.podcast.app.debug.test/androidx.test.core.app.InstrumentationActivityInvoker$EmptyActivity t44845}#155400
03-02 00:56:59.293  1450  1487 I mtkpower_client: ret_hdl:76263
03-02 00:56:59.293  1450  1487 I mtkpower_client: perf_lock_rel, hdl:76260, pid: 1450, tid:1487
03-02 00:56:59.293  1464  1529 I libPowerHal: [perfLockAcq] idx:5 hdl:76263 hint:-1 pid:1450 tid:1487 duration:0 lock_user:vendor.samsung. => ret_hdl:76263
03-02 00:56:59.293  1464  1529 I libPowerHal: [setDvfsrcDevFreqOpp] opp:0, freq:4266000000
03-02 00:56:59.293  1464  1529 I libPowerHal: [PE] vendor.samsung. update cmd:1000000 param:0 pr:3
03-02 00:56:59.293  1464  1529 I libPowerHal: [perfLockAcq] Done for hdl : 76263
03-02 00:56:59.294  1450  1487 I mtkpower_client: perf_lock_acq, hdl:0, dur:0, num:2, pid:1450, tid:1487
03-02 00:56:59.294  1450  1487 I mtkpower_client: ret_hdl:76264
03-02 00:56:59.294  1450  1487 I HYPER-HAL: [RequestManager.cpp]acquire(): Acquired ID : 11517615  [4784 / 15]    HINT : APP_START    list : [TIMEOUT / 1500]
03-02 00:56:59.294  1464  1529 I libPowerHal: [perfLockRel] hdl:76260, idx:8
03-02 00:56:59.295 14636 14636 D WM-SystemJobService: onStopJob for WorkGenerationalId(workSpecId=f23029b8-b7a3-4a93-aaf6-b7c7a26dfe9e, generation=0)
03-02 00:56:59.295 14636 15263 D WM-Processor: WorkerWrapper interrupted for f23029b8-b7a3-4a93-aaf6-b7c7a26dfe9e
03-02 00:56:59.296 14636 15263 D WM-StopWorkRunnable: StopWorkRunnable for f23029b8-b7a3-4a93-aaf6-b7c7a26dfe9e; Processor.stopWork = true
03-02 00:56:59.296  1464  1529 I libPowerHal: [PD] vendor.samsung. update cmd:400000 param:-1 pr:6
03-02 00:56:59.297  1464  1529 I libPowerHal: [recordCPUFreqInfo] set cluster[0] min(-1): -1 max(-1): -1 cluster[1] min(-1): -1 max(-1): -1
03-02 00:56:59.297  1464  1529 I libPowerHal: [perfLockRel] Done for hdl : 76260
03-02 00:56:59.297  1464  1529 I libPowerHal: [perfLockAcq] idx:7 hdl:76264 hint:-1 pid:1450 tid:1487 duration:0 lock_user:vendor.samsung. => ret_hdl:76264
03-02 00:56:59.297  1464  1529 I libPowerHal: [PE] vendor.samsung. update cmd:400000 param:2000000 pr:3
03-02 00:56:59.297  1464  1529 I libPowerHal: [recordCPUFreqInfo] set cluster[0] min(vendor.samsung.): 2000000 max(-1): -1 cluster[1] min(-1): -1 max(-1): -1
03-02 00:56:59.297  1464  1529 I libPowerHal: [perfLockAcq] Done for hdl : 76264
03-02 00:56:59.298  2013  3566 I SemDvfsHyPerManager: acquire hyper - AMS_APP_LAUNCH/2013@17, type = -999
03-02 00:56:59.298  1450  1487 I HYPER-HAL: [RequestManager.cpp]acquire(): Acquired ID : 2061482  [2013 / 17]    HINT : AMS_APP_LAUNCH    list :
03-02 00:56:59.299  2746  2798 D ShellDesktopMode: handleRequest: TransitionRequestInfo {type=1, tid=44845, debugId=11229}
03-02 00:56:59.303 17121 17121 D LifecycleMonitor: Lifecycle status change: androidx.activity.ComponentActivity@afe12c4 in: PAUSED
03-02 00:56:59.303 17121 17121 V ActivityScenario: Update currentActivityStage to PAUSED, currentActivity=androidx.activity.ComponentActivity@afe12c4
03-02 00:56:59.304  4784  4784 I SemDvfsHyPerManager: acquire hyper - APP_START/4784@17, type = -999
03-02 00:56:59.305  1450  1487 I HYPER-HAL: [RequestManager.cpp]acquire(): Acquired ID : 11527218  [4784 / 17]    HINT : APP_START    list :
03-02 00:56:59.308  5235  5235 I InputMethodService: removeImeSurface
03-02 00:56:59.308  5235  5235 I InputMethodService: cancelImeSurfaceRemoval: removeCallbacks
03-02 00:56:59.308  3506  3506 E pageboostd: Received HALT command code 2
03-02 00:56:59.308  3202  3386 I HoneySpace.TopTaskSource: onTaskMovedToFront : taskId = 44845, displayId = 0
03-02 00:56:59.308  2746  2808 I ViewRootImpl: dVRR is disabled
03-02 00:56:59.308  3202  3390 I HoneySpace.TopTaskUseCase: topTasks 44845 ComponentInfo{com.podcast.app.debug.test/androidx.test.core.app.InstrumentationActivityInvoker$EmptyActivity}[displayId=0]
03-02 00:56:59.309  1507  1507 I SurfaceFlinger: [Display 0 name="Built-in Screen"#49] setFrameRateCategory: High
03-02 00:56:59.309  1507  1507 I SurfaceFlinger: [Task=44845#155399] attach to parent LayerHierarchy{RequestedLayerState{DefaultTaskDisplayArea_d0#10 parentId=9} 46 children}
03-02 00:56:59.309  1507  1507 I SurfaceFlinger: [ActivityRecord{129999715 u0 com.podcast.app.debug.test/androidx.test.core.app.InstrumentationActivityInvoker$EmptyActivity t44845}#155400] attach to parent LayerHierarchy{RequestedLayerState{Task=44845#155399 parentId=10} 1 children}
03-02 00:56:59.309  2746  2870 D NativeCustomFrequencyManager: [NativeCFMS] BpCustomFrequencyManager::BpCustomFrequencyManager()
03-02 00:56:59.311  1507  1507 I BpBinder: onLastStrongRef automatically unlinking death recipients:
03-02 00:56:59.312  3202 17034 I HoneySpace.RecentTasks: onRecentTasksChanged
03-02 00:56:59.313  3202  4699 I HoneySpace.RecentTasks: onRecentTasksChanged
03-02 00:56:59.315  2013  4834 D GraphicsStatsService: requestRenderEngineFor(com.podcast.app.debug.test)
03-02 00:56:59.316  2013  3645 D InputDispatcher: Focused application(0): ActivityRecord{129999715 u0 com.podcast.app.debug.test/androidx.test.core.app.InstrumentationActivityInvoker$EmptyActivity t44845}
03-02 00:56:59.316  1646 10643 I CameraService: onUidStateChanged: uid=10492, procState is changed. (8 -> 10)
03-02 00:56:59.319 14636 15266 I WM-WorkerWrapper: Work [ id=f23029b8-b7a3-4a93-aaf6-b7c7a26dfe9e, tags={ com.urbanairship.job.AirshipWorker,airship } ] was cancelled
03-02 00:56:59.319 14636 15266 I WM-WorkerWrapper: androidx.work.impl.WorkerStoppedException
03-02 00:56:59.319 14636 15266 I WM-WorkerWrapper: 	at o.setEnabledWhenDeviceHasQuirk.AnimatedBarChartKtAnimatedBarChart1112(:348)
03-02 00:56:59.319 14636 15266 I WM-WorkerWrapper: 	at o.MutableConfig.AnimatedBarChartKtAnimatedBarChart1(:439)
03-02 00:56:59.319 14636 15266 I WM-WorkerWrapper: 	at o.MutableConfig.AnimatedBarChartKtAnimatedBarChart1112(:259)
03-02 00:56:59.319 14636 15266 I WM-WorkerWrapper: 	at o.getUseCaseInfo.run(:49)
03-02 00:56:59.319 14636 15266 I WM-WorkerWrapper: 	at o.TagBundle$Architecture.run(:96)
03-02 00:56:59.319 14636 15266 I WM-WorkerWrapper: 	at java.util.concurrent.ThreadPoolExecutor.runWorker(ThreadPoolExecutor.java:1154)
03-02 00:56:59.319 14636 15266 I WM-WorkerWrapper: 	at java.util.concurrent.ThreadPoolExecutor$Worker.run(ThreadPoolExecutor.java:652)
03-02 00:56:59.319 14636 15266 I WM-WorkerWrapper: 	at java.lang.Thread.run(Thread.java:1563)
03-02 00:56:59.319 14636 15266 D WM-WorkerWrapper: Status for f23029b8-b7a3-4a93-aaf6-b7c7a26dfe9e is RUNNING; not doing any work and rescheduling for later execution
03-02 00:56:59.320  1646  5384 I CameraService: onUidStateChanged: uid=10062, procState is changed. (0 -> 1)
03-02 00:56:59.325 14636 14636 D WM-Processor: MutableConfig f23029b8-b7a3-4a93-aaf6-b7c7a26dfe9e executed; reschedule = true
03-02 00:56:59.331  1507  1507 I SurfaceFlinger: [LayerHierarchy{RequestedLayerState{ImeContainer#15 parentId=155384 relativeParentId=155384 z=1} 1 children}] RelativeParent to null
03-02 00:56:59.332 14636 15266 D WM-GreedyScheduler: Cancelling work ID f23029b8-b7a3-4a93-aaf6-b7c7a26dfe9e
03-02 00:56:59.332  2013  2600 D AS.MultiSoundManager: mForegroundUid = 10687
03-02 00:56:59.334  2013  3566 D InputTransport: Input channel constructed: 'e0b07fd', fd=1036
03-02 00:56:59.334  2013  3566 D InputTransport: Input channel constructed: 'e0b07fd', fd=1044
03-02 00:56:59.334  2013  3566 D InputTransport: Input channel constructed: 'e0b07fd', fd=1074
03-02 00:56:59.334  2013  3566 D InputTransport: Input channel destroyed: 'e0b07fd', fd=1044
03-02 00:56:59.336  1507  2393 I SurfaceFlinger: id=155401 createSurf, flag=84004, e0b07fd Splash Screen com.podcast.app.debug.test#155401
03-02 00:56:59.337  2013  3566 D InputTransport: Input channel destroyed: 'e0b07fd', fd=1074
03-02 00:56:59.337 14636 15266 W JobInfo : Requested important-while-foreground flag for job3651 is ignored and takes no effect
03-02 00:56:59.337 14636 15266 D WM-SystemJobScheduler: Scheduling work ID f23029b8-b7a3-4a93-aaf6-b7c7a26dfe9eJob ID 3651
03-02 00:56:59.339  2013  4834 W ParceledListSlice: Element #30 is 21544 bytes.
03-02 00:56:59.340  2746  2808 D InputTransport: Input channel constructed: 'e0b07fd', fd=442
03-02 00:56:59.340  2746  2746 I {OngoingActivityController}: onTaskFocusChanged but OA data is empty
03-02 00:56:59.340  2746  2808 I InsetsController: onStateChanged: host=Splash Screen com.podcast.app.debug.test, from=android.view.ViewRootImpl.onInsetsStateChanged:3026, state=InsetsState: {mDisplayFrame=Rect(0, 0 - 1080, 2340), mDisplayCutout=DisplayCutout{insets=Rect(0, 80 - 0, 0) waterfall=Insets{left=0, top=0, right=0, bottom=0} boundingRect={Bounds=[Rect(0, 0 - 0, 0), Rect(472, 0 - 608, 80), Rect(0, 0 - 0, 0), Rect(0, 0 - 0, 0)]} cutoutPathParserInfo={CutoutPathParserInfo{displayWidth=1080 displayHeight=2340 physicalDisplayWidth=1080 physicalDisplayHeight=2340 density={2.8125} cutoutSpec={M 0,0 H -24.177777778 V 28.4444444444 H 24.177777778 V 0 H 0 Z @dp} rotation={0} scale={1.0} physicalPixelDisplaySizeRatio={1.0}}} sideOverrides={}}, mRoundedCorners=RoundedCorners{[RoundedCorner{position=TopLeft, radius=113, center=Point(113, 113)}, RoundedCorner{position=TopRight, radius=113, center=Point(967, 113)}, RoundedCorner{position=BottomRight, radius=113, center=Point(967, 2227)}, RoundedCorner{position=BottomLeft, radius=113, center=Point(113, 2227)}]}  mRoundedCornerFrame=Rect(0, 0 - 1080, 2340), mPrivacyIndicatorBounds=PrivacyIndicatorBounds {static bounds=Rect(956, 0 - 1080, 80) rotation=0}, mDisplayShape=DisplayShape{ spec=-311912193 displayWidth=1080 displayHeight=2340 physicalPixelDisplaySizeRatio=1.0 rotation=0 offsetX=0 offsetY=0 scale=1.0}, mSources= { InsetsSource: {e9af0000 mType=statusBars mFrame=[0,0][1080,80] mVisible=true mFlags= mSideHint=TOP mBoundingRects=null}, InsetsSource: {e9af0005 mType=mandatorySystemGestures mFrame=[0,0][1080,114] mVisible=true mFlags= mSideHint=TOP mBoundingRects=null}, InsetsSource: {e9af0006 mType=tappableElement mFrame=[0,0][1080,80] mVisible=true mFlags= mSideHint=TOP mBoundingRects=null}, InsetsSource: {3 mType=ime mFrame=[0,0][0,0] mVisible=false mFlags= mSideHint=NONE mBoundingRects=null}, InsetsSource: {27 mType=displayCutout mFrame=[0,0][1080,80] mVisible=true mFlags= mSideHint=TOP mBoundingRects=null}, InsetsSource: {26ed0001 mType=navigationBars mFrame=[0,2298][1080,2340] mVisible=true mFlags=SUPPRESS_SCRIM mSideHint=BOTTOM mBoundingRects=null}, InsetsSource: {26ed0004 mType=systemGestures mFrame=[0,0][84,2340] mVisible=true mFlags= mSideHint=LEFT mBoundingRects=null}, InsetsSource: {26ed0005 mType=mandatorySystemGestures mFrame=[0,2250][1080,2340] mVisible=true mFlags= mSideHint=BOTTOM mBoundingRects=null}, InsetsSource: {26ed0006 mType=tappableElement mFrame=[0,0][0,0] mVisible=true mFlags= mSideHint=NONE mBoundingRects=null}, InsetsSource: {26ed0024 mType=systemGestures mFrame=[996,0][1080,2340] mVisible=true mFlags= mSideHint=RIGHT mBoundingRects=null} }
03-02 00:56:59.340  2746  2808 I VRI[test]@8efe8a8: onActiveControlsChanged, removed=false, mAdded=true, caller=android.view.ViewRootImpl.handleInsetsControlChanged:3002 android.view.ViewRootImpl.setView:2014 android.view.WindowManagerGlobal.addView:604 com.android.wm.shell.startingsurface.SplashscreenWindowCreator.addWindow:38 com.android.wm.shell.startingsurface.StartingWindowController$$ExternalSyntheticLambda4.run:1365
03-02 00:56:59.340  2746  2808 I VRI[test]@8efe8a8: synced displayState. AttachInfo displayState=2
03-02 00:56:59.340  2746  2808 I VRI[test]@8efe8a8: setView = android.widget.FrameLayout@18706a7 IsHRR=false mFlingFrameRateChange=0 TM=true
03-02 00:56:59.341  2746  2870 D HWUI    : HWUI - treat SMPTE_170M as sRGB
03-02 00:56:59.341 17532 17532 I DecorView: setWindowBackground: isPopOver=false color=ffffffff d=android.graphics.drawable.ColorDrawable@c0dc175
03-02 00:56:59.342  3202  3386 I HoneySpace.TopTaskSource: onTaskFocusChanged(): taskId = 44845
03-02 00:56:59.342  1507  1507 I SurfaceFlinger: [e0b07fd Splash Screen com.podcast.app.debug.test#155401] attach to parent LayerHierarchy{RequestedLayerState{ActivityRecord{129999715 u0 com.podcast.app.debug.test/androidx.test.core.app.InstrumentationActivityInvoker$EmptyActivity t44845}#155400 parentId=155399} 1 children}
03-02 00:56:59.344  2013  2253 I WindowManager: Relayout Window{e0b07fd u0 Splash Screen com.podcast.app.debug.test}: viewVisibility=0 req=1080x2340 ty=3 d0
03-02 00:56:59.345 17532 17532 I ViewRootImpl: dVRR is disabled
03-02 00:56:59.345  1507  1907 I SurfaceFlinger: id=155402 createSurf, flag=44004, Splash Screen com.podcast.app.debug.test$_2746#155402
03-02 00:56:59.345 17532 17563 D NativeCustomFrequencyManager: [NativeCFMS] BpCustomFrequencyManager::BpCustomFrequencyManager()
03-02 00:56:59.346  1507  1565 E SfCpu   :  sched_setaffinity return fail 1461
03-02 00:56:59.346  1507  1565 E SfCpu   :  sched_setaffinity return fail 1444
03-02 00:56:59.346  2013  2065 D PkgPredictorService-SecIpmManagerServiceImpl: onForegroundActivitiesChanged pid:17532 uid:10687
03-02 00:56:59.347  2013  3282 V PkgPredictorService-SecIpmManagerServiceImpl: discard foreground app:com.podcast.app.debug.test 1|true
03-02 00:56:59.347  1507  1845 D SurfaceFlinger: [input] setFocusedWindow: <null>
03-02 00:56:59.347  1507  1845 D SurfaceFlinger: updateWinowInfo=1, setFocusedWindow timestamp=491098339168039, windowName=<null>
03-02 00:56:59.347  2013  4843 D InputDispatcher: Once focus requested (0): <null>
03-02 00:56:59.347  2013  4843 D InputDispatcher: Focus request (0): <null> but waiting because NO_WINDOW
03-02 00:56:59.347  2013  4843 D InputDispatcher: Focus left window (0): 756a7ac com.podcast.app.debug/androidx.activity.ComponentActivity
03-02 00:56:59.348  1646  5384 I CameraService: onUidStateChanged: uid=10492, procState is changed. (10 -> 19)
03-02 00:56:59.348  2013  3566 D InputTransport: Input channel constructed: '45ca3bb', fd=1044
03-02 00:56:59.348  2013  3566 D InputTransport: Input channel constructed: '45ca3bb', fd=1074
03-02 00:56:59.348  2013  3566 D InputTransport: Input channel constructed: '45ca3bb', fd=1083
03-02 00:56:59.348  2013  3566 D InputTransport: Input channel destroyed: '45ca3bb', fd=1074
03-02 00:56:59.348  2013  2253 I WindowManager: Relayout hash=e0b07fd, pid=2746, syncId=-1: mAttrs={(0,0)(fillxfill) sim={adjust=pan} layoutInDisplayCutoutMode=always ty=APPLICATION_STARTING fmt=TRANSLUCENT
03-02 00:56:59.348  2013  2253 I WindowManager:   fl=81030118
03-02 00:56:59.348  2013  2253 I WindowManager:   pfl=10000810
03-02 00:56:59.348  2013  2253 I WindowManager:   apr=18
03-02 00:56:59.348  2013  2253 I WindowManager:   bhv=1
03-02 00:56:59.348  2013  2253 I WindowManager:   fitSides=0
03-02 00:56:59.348  2013  2253 I WindowManager:   frameRateBoostOnTouch=true
03-02 00:56:59.348  2013  2253 I WindowManager:   dvrrWindowFrameRateHint=true naviIconColor=0}
03-02 00:56:59.349  1507  2393 I SurfaceFlinger: id=155403 createSurf, flag=84004, 45ca3bb com.podcast.app.debug.test/androidx.test.core.app.InstrumentationActivityInvoker$EmptyActivity#155403
03-02 00:56:59.349  3202  3202 I HoneySpace.EdgePanel.CocktailHostRepositoryImpl: onNoteResume
03-02 00:56:59.349  3202  3202 I HoneySpace.EdgePanel.EdgePanelContainerViewModel: cocktailHostRepository.edgePanelOperation NoteResumeComponent(componentName=ComponentInfo{com.podcast.app.debug.test/androidx.test.core.app.InstrumentationActivityInvoker$EmptyActivity})
03-02 00:56:59.349  3202  3202 I HoneySpace.EdgePanel.ActivityUtils: HomePackage : com.sec.android.app.launcher, resumePackageName : com.podcast.app.debug.test, className : androidx.test.core.app.InstrumentationActivityInvoker$EmptyActivity
03-02 00:56:59.349  2746  2808 I VRI[test]@8efe8a8: onActiveControlsChanged, removed=false, mAdded=true, caller=android.view.ViewRootImpl.handleInsetsControlChanged:3002 android.view.ViewRootImpl.relayoutWindow:11629 android.view.ViewRootImpl.performTraversals:4804 android.view.ViewRootImpl.doTraversal:3924 android.view.ViewRootImpl$TraversalRunnable.run:12903
03-02 00:56:59.350  2013  3566 D InputTransport: Input channel destroyed: '45ca3bb', fd=1083
03-02 00:56:59.350  1507  1825 I SurfaceFlinger: Capture layer list: 	 com.podcast.app.debug/androidx.activity.ComponentActivity$_17121#155389(seamlessTransition:0)
03-02 00:56:59.350  2746  2808 D BufferQueueConsumer: [](id:aba00001dfc,api:0,p:-1,c:2746) connect: controlledByApp=false
03-02 00:56:59.350 17532 17532 D InputTransport: Input channel constructed: '45ca3bb', fd=119
03-02 00:56:59.350  2746  2808 I BLASTBufferQueue: [VRI[test]@8efe8a8#7676](f:0,a:0,s:0) constructor()
03-02 00:56:59.351  2746  2808 I BLASTBufferQueue_Java: new BLASTBufferQueue, mName= VRI[test]@8efe8a8 mNativeObject= 0xb4000076ae319800 caller= android.view.ViewRootImpl.updateBlastSurfaceIfNeeded:3585 android.view.ViewRootImpl.relayoutWindow:11685 android.view.ViewRootImpl.performTraversals:4804 android.view.ViewRootImpl.doTraversal:3924 android.view.ViewRootImpl$TraversalRunnable.run:12903 android.view.Choreographer$CallbackRecord.run:1901 android.view.Choreographer$CallbackRecord.run:1910 android.view.Choreographer.doCallbacks:1367 android.view.Choreographer.doFrame:1292 android.view.Choreographer$FrameDisplayEventReceiver.run:1870
03-02 00:56:59.351 17532 17532 I InsetsController: onStateChanged: host=com.podcast.app.debug.test/androidx.test.core.app.InstrumentationActivityInvoker$EmptyActivity, from=android.view.ViewRootImpl.onInsetsStateChanged:3026, state=InsetsState: {mDisplayFrame=Rect(0, 0 - 1080, 2340), mDisplayCutout=DisplayCutout{insets=Rect(0, 80 - 0, 0) waterfall=Insets{left=0, top=0, right=0, bottom=0} boundingRect={Bounds=[Rect(0, 0 - 0, 0), Rect(472, 0 - 608, 80), Rect(0, 0 - 0, 0), Rect(0, 0 - 0, 0)]} cutoutPathParserInfo={CutoutPathParserInfo{displayWidth=1080 displayHeight=2340 physicalDisplayWidth=1080 physicalDisplayHeight=2340 density={2.8125} cutoutSpec={M 0,0 H -24.177777778 V 28.4444444444 H 24.177777778 V 0 H 0 Z @dp} rotation={0} scale={1.0} physicalPixelDisplaySizeRatio={1.0}}} sideOverrides={}}, mRoundedCorners=RoundedCorners{[RoundedCorner{position=TopLeft, radius=113, center=Point(113, 113)}, RoundedCorner{position=TopRight, radius=113, center=Point(967, 113)}, RoundedCorner{position=BottomRight, radius=113, center=Point(967, 2227)}, RoundedCorner{position=BottomLeft, radius=113, center=Point(113, 2227)}]}  mRoundedCornerFrame=Rect(0, 0 - 1080, 2340), mPrivacyIndicatorBounds=PrivacyIndicatorBounds {static bounds=Rect(956, 0 - 1080, 80) rotation=0}, mDisplayShape=DisplayShape{ spec=-311912193 displayWidth=1080 displayHeight=2340 physicalPixelDisplaySizeRatio=1.0 rotation=0 offsetX=0 offsetY=0 scale=1.0}, mSources= { InsetsSource: {e9af0000 mType=statusBars mFrame=[0,0][1080,80] mVisible=true mFlags= mSideHint=TOP mBoundingRects=null}, InsetsSource: {e9af0005 mType=mandatorySystemGestures mFrame=[0,0][1080,114] mVisible=true mFlags= mSideHint=TOP mBoundingRects=null}, InsetsSource: {e9af0006 mType=tappableElement mFrame=[0,0][1080,80] mVisible=true mFlags= mSideHint=TOP mBoundingRects=null}, InsetsSource: {3 mType=ime mFrame=[0,0][0,0] mVisible=false mFlags= mSideHint=NONE mBoundingRects=null}, InsetsSource: {27 mType=displayCutout mFrame=[0,0][1080,80] mVisible=true mFlags= mSideHint=TOP mBoundingRects=null}, InsetsSource: {26ed0001 mType=navigationBars mFrame=[0,2298][1080,2340] mVisible=true mFlags=SUPPRESS_SCRIM mSideHint=BOTTOM mBoundingRects=null}, InsetsSource: {26ed0004 mType=systemGestures mFrame=[0,0][84,2340] mVisible=true mFlags= mSideHint=LEFT mBoundingRects=null}, InsetsSource: {26ed0005 mType=mandatorySystemGestures mFrame=[0,2250][1080,2340] mVisible=true mFlags= mSideHint=BOTTOM mBoundingRects=null}, InsetsSource: {26ed0006 mType=tappableElement mFrame=[0,0][0,0] mVisible=true mFlags= mSideHint=NONE mBoundingRects=null}, InsetsSource: {26ed0024 mType=systemGestures mFrame=[996,0][1080,2340] mVisible=true mFlags= mSideHint=RIGHT mBoundingRects=null} }
03-02 00:56:59.351  2746  2808 I BLASTBufferQueue_Java: update, w= 1080 h= 2340 mName = VRI[test]@8efe8a8 mNativeObject= 0xb4000076ae319800 sc.mNativeObject= 0xb40000770f314ac0 format= -3 caller= android.view.ViewRootImpl.updateBlastSurfaceIfNeeded:3590 android.view.ViewRootImpl.relayoutWindow:11685 android.view.ViewRootImpl.performTraversals:4804 android.view.ViewRootImpl.doTraversal:3924 android.view.ViewRootImpl$TraversalRunnable.run:12903 android.view.Choreographer$CallbackRecord.run:1901
03-02 00:56:59.351  2746  2808 I BLASTBufferQueue: [VRI[test]@8efe8a8#7676](f:0,a:0,s:0) update width=1080 height=2340 format=-3 mTransformHint=0
03-02 00:56:59.351 17532 17532 I VRI[InstrumentationActivityInvoker$EmptyActivity]@cf0db98: synced displayState. AttachInfo displayState=2
03-02 00:56:59.351  2746  2808 I VRI[test]@8efe8a8: Relayout returned: old=(0,0,1080,2340) new=(0,0,1080,2340) relayoutAsync=false req=(1080,2340)0 dur=8 res=0x3 s={true 0xb4000076e939c200} ch=true seqId=0
03-02 00:56:59.351 17532 17532 I VRI[InstrumentationActivityInvoker$EmptyActivity]@cf0db98: setView = com.android.internal.policy.DecorView@7cb0a57 IsHRR=false mFlingFrameRateChange=0 TM=true
03-02 00:56:59.352 17532 17563 D HWUI    : HWUI - treat SMPTE_170M as sRGB
03-02 00:56:59.352  2746  2808 I VRI[test]@8efe8a8: performConfigurationChange setNightDimText nightDimLevel=0
03-02 00:56:59.353  2746  2808 D VRI[test]@8efe8a8: mThreadedRenderer.initialize() mSurface={isValid=true 0xb4000076e939c200} hwInitialized=true
03-02 00:56:59.353  2746  2808 D VRI[test]@8efe8a8: reportNextDraw android.view.ViewRootImpl.performTraversals:5443 android.view.ViewRootImpl.doTraversal:3924 android.view.ViewRootImpl$TraversalRunnable.run:12903 android.view.Choreographer$CallbackRecord.run:1901 android.view.Choreographer$CallbackRecord.run:1910
03-02 00:56:59.353  2746  2808 D VRI[test]@8efe8a8: Setup new sync=wmsSync-VRI[test]@8efe8a8#67
03-02 00:56:59.353  2746  2808 I VRI[test]@8efe8a8: Creating new active sync group VRI[test]@8efe8a8#68
03-02 00:56:59.354  1507  1507 I SurfaceFlinger: [Splash Screen com.podcast.app.debug.test$_2746#155402] attach to parent LayerHierarchy{RequestedLayerState{e0b07fd Splash Screen com.podcast.app.debug.test#155401 parentId=155400} 1 children}
03-02 00:56:59.354  1507  1507 I SurfaceFlinger: [45ca3bb com.podcast.app.debug.test/androidx.test.core.app.InstrumentationActivityInvoker$EmptyActivity#155403] attach to parent LayerHierarchy{RequestedLayerState{ActivityRecord{129999715 u0 com.podcast.app.debug.test/androidx.test.core.app.InstrumentationActivityInvoker$EmptyActivity t44845}#155400 parentId=155399} 2 children}
03-02 00:56:59.355 17121 17121 I ImeFocusController: onPreWindowFocus: skipped hasWindowFocus=false mHasImeFocus=true
03-02 00:56:59.355 17121 17121 I ImeFocusController: onPostWindowFocus: skipped hasWindowFocus=false mHasImeFocus=true
03-02 00:56:59.356  2746  2808 D VRI[test]@8efe8a8: registerCallbacksForSync syncBuffer=false
03-02 00:56:59.356 25915 26075 I Rubin   : [4019] M.c0.k(Unknown Source) : Notify com.samsung.android.rubin.inferenceengine.contextanalytics.engine.loggers.AppUsageLogger's database is updated.
03-02 00:56:59.359  2746  2866 D VRI[test]@8efe8a8: Received frameDrawingCallback syncResult=0 frameNum=1.
03-02 00:56:59.359  2746  2866 I VRI[test]@8efe8a8: mWNT: t=0xb40000772adfe100 mBlastBufferQueue=0xb4000076ae319800 fn= 1 HdrRenderState mRenderHdrSdrRatio=1.0 caller= android.view.ViewRootImpl$12.onFrameDraw:15441 android.view.ThreadedRenderer$1.onFrameDraw:718 <bottom of call stack>
03-02 00:56:59.359  2746  2866 I VRI[test]@8efe8a8: Setting up sync and frameCommitCallback
03-02 00:56:59.359  1445  2902 W C2MtkBufferManager: [0xB4000070F507E520] fetchNewCcBlock: wait fence 0x0xb4000070f5058270 timed out. ret 110
03-02 00:56:59.361  2746  2870 I BLASTBufferQueue: [VRI[test]@8efe8a8#7676](f:0,a:0,s:0) onFrameAvailable the first frame is available
03-02 00:56:59.361  2746  2870 I BLASTBufferQueue: [VRI[test]@8efe8a8#7676](f:0,a:1,s:0) acquireNextBufferLocked size=1080x2340 mFrameNumber=1 applyTransaction=true mTimestamp=491098361858193(auto) mPendingTransactions.size=0 graphicBufferId=11793980283194 transform=0
03-02 00:56:59.361  2746  2870 I VRI[test]@8efe8a8: Received frameCommittedCallback lastAttemptedDrawFrameNum=1 didProduceBuffer=true
03-02 00:56:59.362  2013  3566 I WindowManager: Relayout Window{45ca3bb u0 com.podcast.app.debug.test/androidx.test.core.app.InstrumentationActivityInvoker$EmptyActivity}: viewVisibility=0 req=1080x2340 ty=1 d0
03-02 00:56:59.362  2746  2870 D HWUI    : CFMS:: SetUp Pid : 2746    Tid : 2870
03-02 00:56:59.362  2746  2808 D VRI[test]@8efe8a8: reportDrawFinished seqId=0
03-02 00:56:59.363  1507  1562 I SurfaceFlinger: id=155404 createSurf, flag=44004, com.podcast.app.debug.test/androidx.test.core.app.InstrumentationActivityInvoker$EmptyActivity$_17532#155404
03-02 00:56:59.365  1507  1507 I SurfaceFlinger: [com.podcast.app.debug.test/androidx.test.core.app.InstrumentationActivityInvoker$EmptyActivity$_17532#155404] attach to parent LayerHierarchy{RequestedLayerState{45ca3bb com.podcast.app.debug.test/androidx.test.core.app.InstrumentationActivityInvoker$EmptyActivity#155403 parentId=155400} 1 children}
03-02 00:56:59.365  1507  1562 I SurfaceFlinger: id=155405 createSurf, flag=24000, Surface(name=c536234 NavigationBar0)/@0xfac847b - animation-leash of insets_animation#155405
03-02 00:56:59.366  1507  1562 I SurfaceFlinger: id=155406 createSurf, flag=24000, Surface(name=a5d3a68 StatusBar)/@0xd5726d6 - animation-leash of insets_animation#155406
03-02 00:56:59.367  2013  3566 I SystemKeyManager: requested systemKeyInfo size=1 focusedWindow=com.podcast.app.debug.test/androidx.test.core.app.InstrumentationActivityInvoker$EmptyActivity
03-02 00:56:59.367  2013  3566 I SystemKeyManager: requested systemKeyInfo size=2 focusedWindow=com.podcast.app.debug.test/androidx.test.core.app.InstrumentationActivityInvoker$EmptyActivity
03-02 00:56:59.368  2013  3566 I WindowManager: Relayout hash=45ca3bb, pid=17532, syncId=-1: mAttrs={(0,0)(fillxfill) sim={adjust=pan forwardNavigation} layoutInDisplayCutoutMode=always ty=BASE_APPLICATION
03-02 00:56:59.368  2013  3566 I WindowManager:   fl=81810100
03-02 00:56:59.368  2013  3566 I WindowManager:   pfl=100088c0
03-02 00:56:59.368  2013  3566 I WindowManager:   bhv=1
03-02 00:56:59.368  2013  3566 I WindowManager:   fitSides=0
03-02 00:56:59.368  2013  3566 I WindowManager:   frameRateBoostOnTouch=true
03-02 00:56:59.368  2013  3566 I WindowManager:   dvrrWindowFrameRateHint=true naviIconColor=0}
03-02 00:56:59.369 17532 17532 D BufferQueueConsumer: [](id:447c00000003,api:0,p:-1,c:17532) connect: controlledByApp=false
03-02 00:56:59.369 17532 17532 I BLASTBufferQueue: [VRI[InstrumentationActivityInvoker$EmptyActivity]@cf0db98#3](f:0,a:0,s:0) constructor()
03-02 00:56:59.370 17532 17532 I BLASTBufferQueue_Java: new BLASTBufferQueue, mName= VRI[InstrumentationActivityInvoker$EmptyActivity]@cf0db98 mNativeObject= 0xb400007876b9a000 caller= android.view.ViewRootImpl.updateBlastSurfaceIfNeeded:3585 android.view.ViewRootImpl.relayoutWindow:11685 android.view.ViewRootImpl.performTraversals:4804 android.view.ViewRootImpl.doTraversal:3924 android.view.ViewRootImpl$TraversalRunnable.run:12903 android.view.Choreographer$CallbackRecord.run:1901 android.view.Choreographer$CallbackRecord.run:1910 android.view.Choreographer.doCallbacks:1367 android.view.Choreographer.doFrame:1292 android.view.Choreographer$FrameDisplayEventReceiver.run:1870
03-02 00:56:59.370 17532 17532 I BLASTBufferQueue_Java: update, w= 1080 h= 2340 mName = VRI[InstrumentationActivityInvoker$EmptyActivity]@cf0db98 mNativeObject= 0xb400007876b9a000 sc.mNativeObject= 0xb400007876b2dc80 format= -1 caller= android.view.ViewRootImpl.updateBlastSurfaceIfNeeded:3590 android.view.ViewRootImpl.relayoutWindow:11685 android.view.ViewRootImpl.performTraversals:4804 android.view.ViewRootImpl.doTraversal:3924 android.view.ViewRootImpl$TraversalRunnable.run:12903 android.view.Choreographer$CallbackRecord.run:1901
03-02 00:56:59.370 17532 17532 I BLASTBufferQueue: [VRI[InstrumentationActivityInvoker$EmptyActivity]@cf0db98#3](f:0,a:0,s:0) update width=1080 height=2340 format=-1 mTransformHint=0
03-02 00:56:59.370 17532 17532 I VRI[InstrumentationActivityInvoker$EmptyActivity]@cf0db98: Relayout returned: old=(0,0,1080,2340) new=(0,0,1080,2340) relayoutAsync=false req=(1080,2340)0 dur=12 res=0x3 s={true 0xb4000078340b7b00} ch=true seqId=0
03-02 00:56:59.371 17532 17532 I VRI[InstrumentationActivityInvoker$EmptyActivity]@cf0db98: performConfigurationChange setNightDimText nightDimLevel=0
03-02 00:56:59.371 25915 26075 I Rubin   : [4019] com.samsung.android.rubin.inferenceengine.contextanalytics.engine.monitors.moment.exercise.ExercisingWithCalendarMonitor.isSatisfiedByCalendarEvent(Unknown Source) : isSatisfiedByCalendarEvent is false
03-02 00:56:59.371 17532 17532 D VRI[InstrumentationActivityInvoker$EmptyActivity]@cf0db98: mThreadedRenderer.initialize() mSurface={isValid=true 0xb4000078340b7b00} hwInitialized=true
03-02 00:56:59.372 17532 17532 D VRI[InstrumentationActivityInvoker$EmptyActivity]@cf0db98: reportNextDraw android.view.ViewRootImpl.performTraversals:5443 android.view.ViewRootImpl.doTraversal:3924 android.view.ViewRootImpl$TraversalRunnable.run:12903 android.view.Choreographer$CallbackRecord.run:1901 android.view.Choreographer$CallbackRecord.run:1910
03-02 00:56:59.372 17532 17532 D VRI[InstrumentationActivityInvoker$EmptyActivity]@cf0db98: Setup new sync=wmsSync-VRI[InstrumentationActivityInvoker$EmptyActivity]@cf0db98#6
03-02 00:56:59.372 17532 17532 I VRI[InstrumentationActivityInvoker$EmptyActivity]@cf0db98: Creating new active sync group VRI[InstrumentationActivityInvoker$EmptyActivity]@cf0db98#7
03-02 00:56:59.372 25915 26075 I Rubin   : [4019] com.samsung.android.rubin.inferenceengine.contextanalytics.engine.monitors.moment.exercise.ExercisingWithCmhMonitor.isSatisfiedByCmh(Unknown Source) : isSatisfiedByCmh is false
03-02 00:56:59.372 17532 17532 D VRI[InstrumentationActivityInvoker$EmptyActivity]@cf0db98: registerCallbacksForSync syncBuffer=false
03-02 00:56:59.373 17532 17582 D VRI[InstrumentationActivityInvoker$EmptyActivity]@cf0db98: Received frameDrawingCallback syncResult=0 frameNum=1.
03-02 00:56:59.373 17532 17582 I VRI[InstrumentationActivityInvoker$EmptyActivity]@cf0db98: mWNT: t=0xb40000783aba4200 mBlastBufferQueue=0xb400007876b9a000 fn= 1 HdrRenderState mRenderHdrSdrRatio=1.0 caller= android.view.ViewRootImpl$12.onFrameDraw:15441 android.view.ThreadedRenderer$1.onFrameDraw:718 <bottom of call stack>
03-02 00:56:59.373 17532 17582 I VRI[InstrumentationActivityInvoker$EmptyActivity]@cf0db98: Setting up sync and frameCommitCallback
03-02 00:56:59.376  1507  1507 I SurfaceFlinger: [LayerHierarchy{RequestedLayerState{c536234 NavigationBar0#102 parentId=155405} 1 children}] reparent to LayerHierarchy{RequestedLayerState{Surface(name=c536234 NavigationBar0)/@0xfac847b - animation-leash of insets_animation#155405 parentId=101} 1 children}
03-02 00:56:59.376  1507  1507 I SurfaceFlinger: [LayerHierarchy{RequestedLayerState{a5d3a68 StatusBar#109 parentId=155406} 1 children}] reparent to LayerHierarchy{RequestedLayerState{Surface(name=a5d3a68 StatusBar)/@0xd5726d6 - animation-leash of insets_animation#155406 parentId=108} 1 children}
03-02 00:56:59.376  1507  1507 I SurfaceFlinger: [LayerHierarchy{RequestedLayerState{Surface(name=c536234 NavigationBar0)/@0xfac847b - animation-leash of insets_animation#155392} no children}] reparent to OffscreenRoot
03-02 00:56:59.376  1507  1507 I SurfaceFlinger: [LayerHierarchy{RequestedLayerState{Surface(name=c536234 NavigationBar0)/@0xfac847b - animation-leash of insets_animation#155392} no children}] RelativeParent to null
03-02 00:56:59.376  1507  1507 I SurfaceFlinger: [LayerHierarchy{RequestedLayerState{Surface(name=a5d3a68 StatusBar)/@0xd5726d6 - animation-leash of insets_animation#155393} no children}] reparent to OffscreenRoot
03-02 00:56:59.376  1507  1507 I SurfaceFlinger: [LayerHierarchy{RequestedLayerState{Surface(name=a5d3a68 StatusBar)/@0xd5726d6 - animation-leash of insets_animation#155393} no children}] RelativeParent to null
03-02 00:56:59.376  1507  1507 I SurfaceFlinger: [Surface(name=c536234 NavigationBar0)/@0xfac847b - animation-leash of insets_animation#155405] attach to parent LayerHierarchy{RequestedLayerState{WindowToken{5cf38d1 type=2019 android.os.BinderProxy@916675b}#101 parentId=34} 1 children}
03-02 00:56:59.376  1507  1507 I SurfaceFlinger: [Surface(name=a5d3a68 StatusBar)/@0xd5726d6 - animation-leash of insets_animation#155406] attach to parent LayerHierarchy{RequestedLayerState{WindowToken{d05298b type=2000 android.os.BinderProxy@163b705}#108 parentId=17} 1 children}
03-02 00:56:59.377  1507  1563 I SurfaceFlinger: id=155407 createSurf, flag=84004, Transition Root: Task=44845#155407
03-02 00:56:59.378  2013  2068 I SurfaceControlRegistry: show, t=StartTransaction_SyncId<11229> sc=ActivityRecord{129999715 u0 com.podcast.app.debug.test/androidx.test.core.app.InstrumentationActivityInvoker$EmptyActivity t44845}, caller=android.view.SurfaceControl$Transaction.show:3557 com.android.server.wm.Transition.onTransactionReady:2048 com.android.server.wm.BLASTSyncEngine$SyncGroup.finishNow:240 com.android.server.wm.BLASTSyncEngine.onSurfacePlacement:263 com.android.server.wm.RootWindowContainer.performSurfacePlacementNoTrace:1083 com.android.server.wm.WindowSurfacePlacer.performSurfacePlacement:166
03-02 00:56:59.378 17532 17563 I BLASTBufferQueue: [VRI[InstrumentationActivityInvoker$EmptyActivity]@cf0db98#3](f:0,a:0,s:0) onFrameAvailable the first frame is available
03-02 00:56:59.379 17532 17563 I BLASTBufferQueue: [VRI[InstrumentationActivityInvoker$EmptyActivity]@cf0db98#3](f:0,a:1,s:0) acquireNextBufferLocked size=1080x2340 mFrameNumber=1 applyTransaction=true mTimestamp=491098379472347(auto) mPendingTransactions.size=0 graphicBufferId=75299366633484 transform=0
03-02 00:56:59.379 17532 17563 I VRI[InstrumentationActivityInvoker$EmptyActivity]@cf0db98: Received frameCommittedCallback lastAttemptedDrawFrameNum=1 didProduceBuffer=true
03-02 00:56:59.379 17532 17563 D HWUI    : CFMS:: SetUp Pid : 17532    Tid : 17563
03-02 00:56:59.380 17532 17532 D VRI[InstrumentationActivityInvoker$EmptyActivity]@cf0db98: reportDrawFinished seqId=0
03-02 00:56:59.381  2013  2068 D ScreenCapture: [Capture_TEST] : setIsScreenShotBySystem false
03-02 00:56:59.381  2013  2068 I SurfaceComposerClient: captureLayers:childrenOnly:1, sync:1
03-02 00:56:59.384  1507  1845 D SurfaceFlinger: [input] setFocusedWindow: 45ca3bb com.podcast.app.debug.test/androidx.test.core.app.InstrumentationActivityInvoker$EmptyActivity
03-02 00:56:59.384  1507  1845 D SurfaceFlinger: updateWinowInfo=1, setFocusedWindow timestamp=491098371262116, windowName=45ca3bb com.podcast.app.debug.test/androidx.test.core.app.InstrumentationActivityInvoker$EmptyActivity
03-02 00:56:59.385  2013  3566 W ParceledListSlice: Element #30 is 21544 bytes.
03-02 00:56:59.385  2013  2834 D InputDispatcher: Once focus requested (0): 45ca3bb com.podcast.app.debug.test/androidx.test.core.app.InstrumentationActivityInvoker$EmptyActivity
03-02 00:56:59.385  2013  2834 D InputDispatcher: Focus request (0): 45ca3bb com.podcast.app.debug.test/androidx.test.core.app.InstrumentationActivityInvoker$EmptyActivity but waiting because NOT_VISIBLE
03-02 00:56:59.387  1507  1507 I SurfaceFlinger: [Transition Root: Task=44845#155407] attach to parent LayerHierarchy{RequestedLayerState{DefaultTaskDisplayArea_d0#10 parentId=9} 47 children}
03-02 00:56:59.387  2746  2798 I SurfaceControlRegistry: hide, t=FinishTransaction_SyncId<11229> sc=Task=44844, caller=android.view.SurfaceControl$Transaction.hide:3583 com.android.wm.shell.transition.Transitions.dispatchReady:1263 com.android.wm.shell.transition.Transitions.onTransitionReady:251 com.android.wm.shell.transition.Transitions$TransitionPlayerImpl$$ExternalSyntheticLambda0.run:13 android.os.Handler.handleCallback:995 android.os.Handler.dispatchMessage:103
03-02 00:56:59.387  2746  2798 I SurfaceControlRegistry: show, t=StartTransaction_SyncId<11229> sc=Task=44845, caller=android.view.SurfaceControl$Transaction.show:3557 com.android.wm.shell.transition.Transitions.dispatchReady:1279 com.android.wm.shell.transition.Transitions.onTransitionReady:251 com.android.wm.shell.transition.Transitions$TransitionPlayerImpl$$ExternalSyntheticLambda0.run:13 android.os.Handler.handleCallback:995 android.os.Handler.dispatchMessage:103
03-02 00:56:59.387  2746  2798 I SurfaceControlRegistry: show, t=FinishTransaction_SyncId<11229> sc=Task=44845, caller=android.view.SurfaceControl$Transaction.show:3557 com.android.wm.shell.transition.Transitions.dispatchReady:1330 com.android.wm.shell.transition.Transitions.onTransitionReady:251 com.android.wm.shell.transition.Transitions$TransitionPlayerImpl$$ExternalSyntheticLambda0.run:13 android.os.Handler.handleCallback:995 android.os.Handler.dispatchMessage:103
03-02 00:56:59.387  2746  2798 I SurfaceControlRegistry: show, t=StartTransaction_SyncId<11229> sc=Transition Root: Task=44845, caller=android.view.SurfaceControl$Transaction.show:3557 com.android.wm.shell.transition.Transitions.playTransition:79 com.android.wm.shell.transition.Transitions.processReadyQueue:239 com.android.wm.shell.transition.Transitions.dispatchReady:1352 com.android.wm.shell.transition.Transitions.onTransitionReady:251 com.android.wm.shell.transition.Transitions$TransitionPlayerImpl$$ExternalSyntheticLambda0.run:13
03-02 00:56:59.388  1507  1563 I SurfaceFlinger: Capture layer list: 	 com.podcast.app.debug/androidx.activity.ComponentActivity$_17121#155389(seamlessTransition:0)
03-02 00:56:59.391  1507  2128 I SurfaceFlinger: id=155408 createSurf, flag=20004, DimTransitionLayer for Surface(name=Task=44845)/@0x57c239f#155408
03-02 00:56:59.391  2746  2798 I SurfaceControlRegistry: show, t=StartTransaction_SyncId<11229> sc=DimTransitionLayer for Surface(name=Task=44845)/@0x57c239f, caller=android.view.SurfaceControl$Transaction.show:3557 com.android.wm.shell.transition.DefaultTransitionHandler.startAnimation:2837 com.android.wm.shell.transition.Transitions.dispatchTransition:90 com.android.wm.shell.transition.Transitions.playTransition:774 com.android.wm.shell.transition.Transitions.processReadyQueue:239 com.android.wm.shell.transition.Transitions.dispatchReady:1352
03-02 00:56:59.392  2746  2798 I SurfaceControlRegistry: apply, t=StartTransaction_SyncId<11229>, caller=android.view.SurfaceControl$Transaction.apply:3459 android.view.SurfaceControl$Transaction.apply:3447 android.view.SurfaceControl$Transaction.apply:3397 com.android.wm.shell.transition.DefaultTransitionHandler.startAnimation:3292 com.android.wm.shell.transition.Transitions.dispatchTransition:90 com.android.wm.shell.transition.Transitions.playTransition:774
03-02 00:56:59.398  1507  1507 I SurfaceFlinger: RequestedLayer [e0b07fd Splash Screen com.podcast.app.debug.test#155401] hidden!! flag  from(1) --> to(0)
03-02 00:56:59.398  1507  1507 I SurfaceFlinger: RequestedLayer [45ca3bb com.podcast.app.debug.test/a[...]ActivityInvoker$EmptyActivity#155403] hidden!! flag  from(1) --> to(0)
03-02 00:56:59.398  1507  1507 I SurfaceFlinger: RequestedLayer [Splash Screen com.podcast.app.debug.test$_2746#155402] hidden!! flag  from(1) --> to(0)
03-02 00:56:59.398  1507  1507 I SurfaceFlinger: RequestedLayer [Task=44845#155399] hidden!! flag  from(1) --> to(0)
03-02 00:56:59.398  1507  1507 E SurfaceFlinger: alpha changed 1.000 -> 0.000 - Task=44845#155399
03-02 00:56:59.398  1507  1507 I SurfaceFlinger: RequestedLayer [Transition Root: Task=44845#155407] hidden!! flag  from(1) --> to(0)
03-02 00:56:59.398  1507  1507 I SurfaceFlinger: RequestedLayer [ActivityRecord{129999715 u0 com.podc[...]Invoker$EmptyActivity t44845}#155400] hidden!! flag  from(1) --> to(0)
03-02 00:56:59.398  1507  1507 I SurfaceFlinger: RequestedLayer [DimTransitionLayer for Surface(name=Task=44845)/@0x57c239f#155408] hidden!! flag  from(1) --> to(0)
03-02 00:56:59.398  1507  1507 E SurfaceFlinger: alpha changed 1.000 -> 0.000 - DimTransitionLayer for Surface(name=Task=44845)/@0x57c239f#155408
03-02 00:56:59.398  1507  1507 E SurfaceFlinger: alpha changed 0.000 -> 1.000 - Task=44845#155399
03-02 00:56:59.398  1507  1507 E SurfaceFlinger: alpha changed 0.000 -> 0.000 - DimTransitionLayer for Surface(name=Task=44845)/@0x57c239f#155408
03-02 00:56:59.398  1507  1507 I SurfaceFlinger: [LayerHierarchy{RequestedLayerState{Task=44844#155383 parentId=155407 z=2} 1 children}] reparent to LayerHierarchy{RequestedLayerState{Transition Root: Task=44845#155407 parentId=10 z=42} 1 children}
03-02 00:56:59.398  1507  1507 I SurfaceFlinger: [LayerHierarchy{RequestedLayerState{Task=44845#155399 parentId=155407 z=5} 1 children}] reparent to LayerHierarchy{RequestedLayerState{Transition Root: Task=44845#155407 parentId=10 z=42} 2 children}
03-02 00:56:59.398  1507  1507 I SurfaceFlinger: [DimTransitionLayer for Surface(name=Task=44845)/@0x57c239f#155408] attach to parent LayerHierarchy{RequestedLayerState{Transition Root: Task=44845#155407 parentId=10 z=42} 3 children}
03-02 00:56:59.399  2746  2798 D ShellDesktopMode: handleRequest: TransitionRequestInfo {type=2, tid=44845, debugId=11230}
03-02 00:56:59.402  2746  2746 D SamsungLightBarControlHelper: updateStatusBar (BLACK icon) numStacks:1, StatusBarMode:MODE_TRANSPARENT, lightBarBounds:[Rect(0, 0 - 1080, 2340)], StatusBarState:SHADE, packageName:, isWhiteKeyguardStatusBar:true
