03-02 00:57:23.124  1444  1808 D MDP     : [PQSessionManager] PQSessionManager::getPQSession id[a]
03-02 00:57:23.124  1444  1808 D MDP     : [PQSessionManager] getPQSessionListHandle id[a]
03-02 00:57:23.124  1444  1808 D MDP     : [PQSessionManager] getPQSessionListHandle, find id[a]
03-02 00:57:23.124  1444  1808 D MDP     : [PQSessionManager] PQSessionManager::getPQSession id[a]
03-02 00:57:23.124  1444  1808 D MDP     : [PQSessionManager] getPQSessionListHandle id[a]
03-02 00:57:23.124  1444  1808 D MDP     : [PQSessionManager] getPQSessionListHandle, find id[a]
03-02 00:57:23.124  1507  1507 I SurfaceFlinger: [com.podcast.app.debug/androidx.activity.ComponentActivity$_17121#156152] attach to parent LayerHierarchy{RequestedLayerState{61e1481 com.podcast.app.debug/androidx.activity.ComponentActivity#156151 parentId=156148} 1 children}
03-02 00:57:23.124  2013  4829 D InputDispatcher: Once focus requested (0): <null>
03-02 00:57:23.124  2013  4829 D InputDispatcher: Focus request (0): <null> but waiting because NO_WINDOW
03-02 00:57:23.124  2013  4829 D InputDispatcher: Focus left window (0): cd2d6b5 com.zhiliaoapp.musically/com.ss.android.ugc.aweme.splash.SplashActivity
03-02 00:57:23.124 25915 26075 I Rubin   : [4019] M.c0.k(Unknown Source) : Notify com.samsung.android.rubin.inferenceengine.contextanalytics.engine.loggers.AppUsageLogger's database is updated.
03-02 00:57:23.125  1507  2393 I SurfaceFlinger: id=156153 createSurf, flag=24000, Surface(name=c536234 NavigationBar0)/@0xfac847b - animation-leash of insets_animation#156153
03-02 00:57:23.127  1507  2128 I SurfaceFlinger: id=156154 createSurf, flag=24000, Surface(name=a5d3a68 StatusBar)/@0xd5726d6 - animation-leash of insets_animation#156154
03-02 00:57:23.127  2746  2746 I {OngoingActivityController}: onTaskFocusChanged but OA data is empty
03-02 00:57:23.128  2013  2844 I SystemKeyManager: requested systemKeyInfo size=1 focusedWindow=com.podcast.app.debug/androidx.activity.ComponentActivity
03-02 00:57:23.128  2013  2844 I SystemKeyManager: requested systemKeyInfo size=2 focusedWindow=com.podcast.app.debug/androidx.activity.ComponentActivity
03-02 00:57:23.129  1444  1808 D MDP     : [PQSessionManager] findVideoID[f6840820] found on index a
03-02 00:57:23.129  1444  1808 D MDP     : [PQSessionManager] createPQSession(a) user(0xb4000074f4d46d80)
03-02 00:57:23.129  1444  1808 D MDP     : [PQSessionManager] Duplicated ID[a] found, please check if double createPQSession!
03-02 00:57:23.129  1444  1808 D MDP     : [PQSessionManager] getPQSessionListHandle id[a]
03-02 00:57:23.129  1444  1808 D MDP     : [PQSessionManager] getPQSessionListHandle, find id[a]
03-02 00:57:23.129  1444  1808 D MDP     : [PQSession] incRefCount id[a] user[0xb4000074f4d46d80] existed
03-02 00:57:23.129  1444  1808 D MDP     : [PQSession] incRefCount id[a] user[0xb4000074f4d46d80] numOfUser[1]
03-02 00:57:23.129  1444  1808 D MDP     : [PQSession] numElements[0] key[0] metaData[0]
03-02 00:57:23.129  1444  1808 D MDP     : [PQSession] setPQParam() id[a] enable[1], scenario[1]
03-02 00:57:23.129  1444  1809 D MDP     : [PQSessionManager] PQSessionManager::getPQSession id[a]
03-02 00:57:23.129  1444  1808 D MDP     : [PQSession] video TS [14600]
03-02 00:57:23.129  1444  1809 D MDP     : [PQSessionManager] getPQSessionListHandle id[a]
03-02 00:57:23.129  1444  1808 D PQ      : PQDSConfig::getEnableStatus check1  time 0 ms
03-02 00:57:23.129  1444  1808 D PQ      : [PQDSConfig] PQDSConfig::getEnableStatus = 1
03-02 00:57:23.129  1444  1808 D PQ      : [PQDSConfig] m_TDSHPTableInit 1
03-02 00:57:23.129  1444  1808 D PQ      : [PQDSConfig] getAshmemContext(SHP_ENABLE) = 1
03-02 00:57:23.129  1444  1808 D PQ      : PQDSConfig::getEnableStatus check2  time 0 ms
03-02 00:57:23.129  1444  1808 D PQ      : [PQDSConfig] PQDSConfig::getUREnableStatus = 1
03-02 00:57:23.129  1444  1808 D MDP     : [PQSession] setDpPqConfig m_svp = 0, enDRE = 0
03-02 00:57:23.129  1444  1808 D MDP     : setPQParam globalPQSupport = [0] globalPQSwitch = [0] globalPQStrength = [0] globalPQType = [0]
03-02 00:57:23.129  1444  1808 D MDP     : [PQSession] setPQparam userId[0x0], scenario[1], enDRE[0]
03-02 00:57:23.129  1444  1808 D MDP     : [PQSession] getDpPqConfig() id[a] enable[1], scenario[1]
03-02 00:57:23.129  1444  1808 D MDP     : [PQSession] getDpPqConfig() enSharp[1] enDC[0] enColor[0] enHDR[0] enHDRVivid[0] enUR[0] enReFocus[0] enCcorr[1] enDRE[0] enHFG[0] enAIPQ[0] enAISDR2HDR[0] enAIRegionPQ[0] mAdaptiveEnable[0]
03-02 00:57:23.129  2013  2844 I WindowManager: Relayout hash=61e1481, pid=17121, syncId=-1: mAttrs={(0,0)(fillxfill) sim={adjust=pan forwardNavigation} layoutInDisplayCutoutMode=always ty=BASE_APPLICATION wanim=0x1030317
03-02 00:57:23.129  2013  2844 I WindowManager:   fl=81810100
03-02 00:57:23.129  2013  2844 I WindowManager:   pfl=100088c0
03-02 00:57:23.129  2013  2844 I WindowManager:   bhv=1
03-02 00:57:23.129  2013  2844 I WindowManager:   fitSides=0
03-02 00:57:23.129  2013  2844 I WindowManager:   frameRateBoostOnTouch=true
03-02 00:57:23.129  2013  2844 I WindowManager:   dvrrWindowFrameRateHint=true naviIconColor=0}
03-02 00:57:23.129  1444  1808 D MDP     : [PQSession] setPQDREParam userId[0x0] scenario[1] enDRE[0]
03-02 00:57:23.129  1444  1809 D MDP     : [PQSessionManager] getPQSessionListHandle, find id[a]
03-02 00:57:23.129  1444  1808 D MDP     : [PQSessionManager] findVideoID[f6840820] found on index a
03-02 00:57:23.129  1444  1808 D PQ_HDR  : DpAsyncBlit: job:(2071233 148) in:(720, 1280)[720 368] C8s P1.1.1.0.1, alpha 0, sec0 flush:0 Buffer 1035616: plane=3 bufVA={0x94,0x94,0x94} bufMVA={0x0,0x0,0x0} bufSize={0xe1000,0x39800,0x39800} proxy={0xb40000747320b780,0x0,0x0}fence=-1
03-02 00:57:23.129  1444  1809 D MDP     : [PQSessionManager] findVideoID[f6840820] found on index a
03-02 00:57:23.129  1444  1808 D PQ_HDR  : DpAsyncBlit: out 0:(1044, 1920)[2176 0] C5 P1.1.1.0.1 R:0 F:0 S:1 A:0 HDR:0 COLOR:0 CCORR:1 sec0 flush:0 Buffer 1035616: plane=1 bufVA={0x91,0x0,0x0} bufMVA={0x0,0x0,0x0} bufSize={0x4db200,0x0,0x0} proxy={0xb40000747320b860,0x0,0x0}fence=173
03-02 00:57:23.129  1444  1808 D PQ_HDR  : DpAsyncBlit: crop 0:(25.0, 0.0, 695.0, 1280.0) compose:(0, 0, 1043, 1920)
03-02 00:57:23.129  1444  1808 D MDP     : [PQSessionManager] PQSessionManager::getPQSession id[a]
03-02 00:57:23.130  1444  1808 D MDP     : [PQSessionManager] getPQSessionListHandle id[a]
03-02 00:57:23.130  1444  1808 D MDP     : [PQSessionManager] getPQSessionListHandle, find id[a]
03-02 00:57:23.130  1444  1808 D MDP     : [PQSessionManager] PQSessionManager::getPQSession id[a]
03-02 00:57:23.130  1444  1808 D MDP     : [PQSessionManager] getPQSessionListHandle id[a]
03-02 00:57:23.130  1444  1808 D MDP     : [PQSessionManager] getPQSessionListHandle, find id[a]
03-02 00:57:23.130  1444  1808 D MDP     : PQSession:setPipeNum m_PipeNum[1] value[1] ID[a] DCPath[0] DCDone[0] addr[732261df]
03-02 00:57:23.130  1444  1808 D MDP     : [PQSession] getDpPqConfig() id[a] enable[1], scenario[1]
03-02 00:57:23.130  1444  1808 D MDP     : [PQSession] getDpPqConfig() enSharp[1] enDC[0] enColor[0] enHDR[0] enHDRVivid[0] enUR[0] enReFocus[0] enCcorr[1] enDRE[0] enHFG[0] enAIPQ[0] enAISDR2HDR[0] enAIRegionPQ[0] mAdaptiveEnable[0]
03-02 00:57:23.130  1444  1808 D PQ      : [PQRSZConfig] PQRSZConfig::getUREnableStatus = 1
03-02 00:57:23.130  1444  1808 D MDP     : [PQSessionManager] PQSessionManager::getPQSession id[a]
03-02 00:57:23.130  1444  1808 D MDP     : [PQSessionManager] getPQSessionListHandle id[a]
03-02 00:57:23.130  1444  1808 D MDP     : [PQSessionManager] getPQSessionListHandle, find id[a]
03-02 00:57:23.130  1444  1808 D AAL     : [PQEngineInterface] DpEngineTDSHPConfigFrame(0) pqSessionId = a
03-02 00:57:23.130  1444  1808 D MDP     : [PQSession] getDpPqConfig() id[a] enable[1], scenario[1]
03-02 00:57:23.130  1444  1808 D MDP     : [PQSession] getDpPqConfig() enSharp[1] enDC[0] enColor[0] enHDR[0] enHDRVivid[0] enUR[0] enReFocus[0] enCcorr[1] enDRE[0] enHFG[0] enAIPQ[0] enAISDR2HDR[0] enAIRegionPQ[0] mAdaptiveEnable[0]
03-02 00:57:23.130  1444  1808 D AAL     : [PQEngineInterface] DpEngineTDSHPConfigFrame(0) tdshpEnable(1) enSharp(1) enDC(0) enHFG(0)
03-02 00:57:23.130  1444  1808 D MDP     : PQSession:setPipeNum m_PipeNum[1] value[1] ID[a] DCPath[0] DCDone[0] addr[732261df]
03-02 00:57:23.130  1444  1808 D AAL     : [PQEngineInterface] DpEngineTDSHPConfigFrame(0) adl_enable = 0
03-02 00:57:23.130  1444  1808 D PQ      : [PQHFGConfig] PQHFGConfig::isEnabled = 2
03-02 00:57:23.130  1444  1808 D MDP     : [PQSession] getDpPqConfig() id[a] enable[1], scenario[1]
03-02 00:57:23.130  1444  1808 D MDP     : [PQSession] getDpPqConfig() enSharp[1] enDC[0] enColor[0] enHDR[0] enHDRVivid[0] enUR[0] enReFocus[0] enCcorr[1] enDRE[0] enHFG[0] enAIPQ[0] enAISDR2HDR[0] enAIRegionPQ[0] mAdaptiveEnable[0]
03-02 00:57:23.130 17121 17121 D BufferQueueConsumer: [](id:42e100000013,api:0,p:-1,c:17121) connect: controlledByApp=false
03-02 00:57:23.130  1444  1808 D AAL     : [PQEngineInterface] DpEngineTDSHPConfigFrame(0) hfg_enable = 0
03-02 00:57:23.130  1444  1808 D AAL     : PQEngineInterface] DpEngineTDSHPConfigFrame(0) shp_enable = 0
03-02 00:57:23.130 17121 17121 I BLASTBufferQueue: [VRI[ComponentActivity]@89b2911#19](f:0,a:0,s:0) constructor()
03-02 00:57:23.130  1444  1808 D MDP     : [PQSessionManager] PQSessionManager::getPQSession id[a]
03-02 00:57:23.130  1444  1808 D MDP     : [PQSessionManager] getPQSessionListHandle id[a]
03-02 00:57:23.130  1444  1808 D MDP     : [PQSessionManager] getPQSessionListHandle, find id[a]
03-02 00:57:23.130  1444  1808 D MDP     : [PQSession] getDpPqConfig() id[a] enable[1], scenario[1]
03-02 00:57:23.130  1444  1808 D MDP     : [PQSession] getDpPqConfig() enSharp[1] enDC[0] enColor[0] enHDR[0] enHDRVivid[0] enUR[0] enReFocus[0] enCcorr[1] enDRE[0] enHFG[0] enAIPQ[0] enAISDR2HDR[0] enAIRegionPQ[0] mAdaptiveEnable[0]
03-02 00:57:23.130  1444  1808 W AAL     : DpEngine_AAL: relay 1
03-02 00:57:23.130 14885 14885 I ImeFocusController: onPreWindowFocus: skipped hasWindowFocus=false mHasImeFocus=true
03-02 00:57:23.130  1444  1808 D AAL     : [PQEngineInterface] DpEngineTDSHPConfigTile(0) InpSize: 803, 1920, OutSize: 803, 1920
03-02 00:57:23.130 17121 17121 I BLASTBufferQueue_Java: new BLASTBufferQueue, mName= VRI[ComponentActivity]@89b2911 mNativeObject= 0xb40000772b3b0400 caller= android.view.ViewRootImpl.updateBlastSurfaceIfNeeded:3585 android.view.ViewRootImpl.relayoutWindow:11685 android.view.ViewRootImpl.performTraversals:4804 android.view.ViewRootImpl.doTraversal:3924 android.view.ViewRootImpl$TraversalRunnable.run:12903 android.view.Choreographer$CallbackRecord.run:1901 android.view.Choreographer$CallbackRecord.run:1910 android.view.Choreographer.doCallbacks:1367 android.view.Choreographer.doFrame:1292 android.view.Choreographer$FrameDisplayEventReceiver.run:1870
03-02 00:57:23.130  1444  1808 D MDP     : [PQSessionManager] PQSessionManager::getPQSession id[a]
03-02 00:57:23.130  1444  1808 D MDP     : [PQSessionManager] getPQSessionListHandle id[a]
03-02 00:57:23.130  1444  1808 D MDP     : [PQSessionManager] getPQSessionListHandle, find id[a]
03-02 00:57:23.130  1444  1808 D PQ      : [PQHFGConfig] PQHFGConfig::isEnabled = 2
03-02 00:57:23.130  1444  1808 D MDP     : [PQSession] getDpPqConfig() id[a] enable[1], scenario[1]
03-02 00:57:23.130  1444  1808 D MDP     : [PQSession] getDpPqConfig() enSharp[1] enDC[0] enColor[0] enHDR[0] enHDRVivid[0] enUR[0] enReFocus[0] enCcorr[1] enDRE[0] enHFG[0] enAIPQ[0] enAISDR2HDR[0] enAIRegionPQ[0] mAdaptiveEnable[0]
03-02 00:57:23.130  1444  1808 D AAL     : [PQEngineInterface] DpEngineAALCongTile(0) MDP_aal_size = 36701440
03-02 00:57:23.130  1444  1808 D AAL     : [PQEngineInterface(1791345034)::MDP_AAL_output_offset = 0
03-02 00:57:23.130  1444  1808 D AAL     : [PQEngineInterface] DpEngineAALCongTile(0) MDP_AAL_output_size = 35652864
03-02 00:57:23.130  1444  1808 D AAL     : [PQEngineInterface] DpEngineAALCongTile(0) inTileXRight = 573, inTileXLeft = 14
03-02 00:57:23.130  1444  1808 D AAL     : [PQEngineInterface] DpEngineAALCongTile(0) inTileYBottom = 565, inTileYTop = 0
03-02 00:57:23.130 17121 17121 I BLASTBufferQueue_Java: update, w= 1080 h= 2340 mName = VRI[ComponentActivity]@89b2911 mNativeObject= 0xb40000772b3b0400 sc.mNativeObject= 0xb40000786b17aa40 format= -1 caller= android.view.ViewRootImpl.updateBlastSurfaceIfNeeded:3590 android.view.ViewRootImpl.relayoutWindow:11685 android.view.ViewRootImpl.performTraversals:4804 android.view.ViewRootImpl.doTraversal:3924 android.view.ViewRootImpl$TraversalRunnable.run:12903 android.view.Choreographer$CallbackRecord.run:1901
03-02 00:57:23.130  1444  1808 D AAL     : [PQEngineInterface] DpEngineAALCongTile(0) outTileXRight = 1279, outTileXLeft = 22
03-02 00:57:23.130  1444  1808 D AAL     : [PQEngineInterface] DpEngineAALCongTile(0) m_outTileYBottom = 1279, m_outTileYTop = 0
03-02 00:57:23.130  1444  1808 D MDP     : [PQSessionManager] PQSessionManager::getPQSession id[a]
03-02 00:57:23.130  1444  1808 D MDP     : [PQSessionManager] getPQSessionListHandle id[a]
03-02 00:57:23.130 17121 17121 I BLASTBufferQueue: [VRI[ComponentActivity]@89b2911#19](f:0,a:0,s:0) update width=1080 height=2340 format=-1 mTransformHint=0
03-02 00:57:23.130  1444  1808 D MDP     : [PQSessionManager] getPQSessionListHandle, find id[a]
03-02 00:57:23.131  1444  1808 D AAL     : [PQEngineInterface] DpEngineAALCongTile(0)cropOffset[X, Y]=[1, 14], crop[Wid, Hei]=[0, 706]
03-02 00:57:23.131  1444  1808 D MDP     : [PQSessionManager] PQSessionManager::getPQSession id[a]
03-02 00:57:23.131  1507  1825 I SurfaceFlinger: Capture layer list: 	 com.zhiliaoapp.musically/com.ss.android.ugc.aweme.splash.SplashActivity$_14885#156127(seamlessTransition:0)
03-02 00:57:23.131  1444  1808 D MDP     : [PQSessionManager] getPQSessionListHandle id[a]
03-02 00:57:23.131  1444  1808 D MDP     : [PQSessionManager] getPQSessionListHandle, find id[a]
03-02 00:57:23.131  1444  1808 D AAL     : [PQEngineInterface] DpEngineHDRConfigTile(0) outTileXLeft = 14, outTileXRight = 573
03-02 00:57:23.131  1444  1808 D AAL     : [PQEngineInterface] DpEngineHDRConfigTile(0) inTileXLeft = 14, inTileXRight = 573
03-02 00:57:23.131  1444  1808 D AAL     : [PQEngineInterface] DpEngineHDRConfigTile(0) HDR_out_start_x = 0, HDR_out_end_x = 559, src h: 560,v: 1280
03-02 00:57:23.131  1444  1808 D AAL     : [PQEngineInterface] DpEngineHDRConfigTile(0) HDR_hist_end_x = 0, HDR_hist_begin_x = 0
03-02 00:57:23.131  1444  1808 D AAL     : [PQEngineInterface] DpEngineHDRConfigTile(0) HDR_first_tile = 0, HDR_last_tile = 0
03-02 00:57:23.131  1444  1808 D AAL     : [PQEngineInterface] DpEngineHDRConfigTile(0) inFrameWidth = 720 , middlePosX = 0
03-02 00:57:23.131 14885 14885 I System.out: SAFActivity V Scene Framework: NavigationSceneManager onWindowFocusChanged false
03-02 00:57:23.131 14885 14885 I ImeFocusController: onPostWindowFocus: skipped hasWindowFocus=false mHasImeFocus=true
03-02 00:57:23.131  1444  1808 D AAL     : [PQEngineInterface] DpEngineTDSHPConfigTile(0) InpSize: 242, 1920, OutSize: 242, 1920
03-02 00:57:23.131  1444  1808 D MDP     : [PQSessionManager] PQSessionManager::getPQSession id[a]
03-02 00:57:23.131  1444  1808 D MDP     : [PQSessionManager] getPQSessionListHandle id[a]
03-02 00:57:23.131  1444  1808 D MDP     : [PQSessionManager] getPQSessionListHandle, find id[a]
03-02 00:57:23.131  1444  1808 D PQ      : [PQHFGConfig] PQHFGConfig::isEnabled = 2
03-02 00:57:23.131  1444  1808 D MDP     : [PQSession] getDpPqConfig() id[a] enable[1], scenario[1]
03-02 00:57:23.131  1444  1808 D MDP     : [PQSession] getDpPqConfig() enSharp[1] enDC[0] enColor[0] enHDR[0] enHDRVivid[0] enUR[0] enReFocus[0] enCcorr[1] enDRE[0] enHFG[0] enAIPQ[0] enAISDR2HDR[0] enAIRegionPQ[0] mAdaptiveEnable[0]
03-02 00:57:23.131  1444  1808 D AAL     : [PQEngineInterface] DpEngineAALCongTile(0) MDP_aal_size = 11273472
03-02 00:57:23.131  1444  1808 D AAL     : [PQEngineInterface(1791345034)::MDP_AAL_output_offset = 0
03-02 00:57:23.131  1444  1808 D AAL     : [PQEngineInterface] DpEngineAALCongTile(0) MDP_AAL_output_size = 10749184
03-02 00:57:23.131  1444  1808 D AAL     : [PQEngineInterface] DpEngineAALCongTile(0) inTileXRight = 719, inTileXLeft = 548
03-02 00:57:23.131  1444  1808 D AAL     : [PQEngineInterface] DpEngineAALCongTile(0) inTileYBottom = 719, inTileYTop = 0
03-02 00:57:23.131  1444  1808 D AAL     : [PQEngineInterface] DpEngineAALCongTile(0) outTileXRight = 1279, outTileXLeft = 556
03-02 00:57:23.131  1444  1808 D AAL     : [PQEngineInterface] DpEngineAALCongTile(0) m_outTileYBottom = 1279, m_outTileYTop = 0
03-02 00:57:23.131  1444  1808 D MDP     : [PQSessionManager] PQSessionManager::getPQSession id[a]
03-02 00:57:23.131  1444  1808 D MDP     : [PQSessionManager] getPQSessionListHandle id[a]
03-02 00:57:23.131  1444  1808 D MDP     : [PQSessionManager] getPQSessionListHandle, find id[a]
03-02 00:57:23.131  1444  1808 D AAL     : [PQEngineInterface] DpEngineAALCongTile(0)cropOffset[X, Y]=[1, 14], crop[Wid, Hei]=[0, 706]
03-02 00:57:23.131  1444  1808 D MDP     : [PQSessionManager] PQSessionManager::getPQSession id[a]
03-02 00:57:23.131  1444  1808 D MDP     : [PQSessionManager] getPQSessionListHandle id[a]
03-02 00:57:23.131  1444  1808 D MDP     : [PQSessionManager] getPQSessionListHandle, find id[a]
03-02 00:57:23.131  1444  1808 D AAL     : [PQEngineInterface] DpEngineHDRConfigTile(0) outTileXLeft = 548, outTileXRight = 719
03-02 00:57:23.131  1444  1808 D AAL     : [PQEngineInterface] DpEngineHDRConfigTile(0) inTileXLeft = 548, inTileXRight = 719
03-02 00:57:23.131  1444  1808 D AAL     : [PQEngineInterface] DpEngineHDRConfigTile(0) HDR_out_start_x = 0, HDR_out_end_x = 171, src h: 172,v: 1280
03-02 00:57:23.131  1444  1808 D AAL     : [PQEngineInterface] DpEngineHDRConfigTile(0) HDR_hist_end_x = 0, HDR_hist_begin_x = 0
03-02 00:57:23.131  1444  1808 D AAL     : [PQEngineInterface] DpEngineHDRConfigTile(0) HDR_first_tile = 0, HDR_last_tile = 0
03-02 00:57:23.131  1444  1808 D AAL     : [PQEngineInterface] DpEngineHDRConfigTile(0) inFrameWidth = 720 , middlePosX = 0
03-02 00:57:23.131  1444  1808 D MDP     : [PQSessionManager] PQSessionManager::getPQSession id[a]
03-02 00:57:23.131  1444  1808 D MDP     : [PQSessionManager] getPQSessionListHandle id[a]
03-02 00:57:23.131  1444  1808 D MDP     : [PQSessionManager] getPQSessionListHandle, find id[a]
03-02 00:57:23.131 17121 17121 I VRI[ComponentActivity]@89b2911: Relayout returned: old=(0,0,1080,2340) new=(0,0,1080,2340) relayoutAsync=false req=(1080,2340)0 dur=8 res=0x3 s={true 0xb400007867ba6500} ch=true seqId=0
03-02 00:57:23.131  1444  1808 D MDP     : [PQSessionManager] PQSessionManager::getPQSession id[a]
03-02 00:57:23.131  1444  1808 D MDP     : [PQSessionManager] getPQSessionListHandle id[a]
03-02 00:57:23.131  1444  1808 D MDP     : [PQSessionManager] getPQSessionListHandle, find id[a]
03-02 00:57:23.132  2746  2870 I BLASTBufferQueue: [VRI[debug]@8e3c403#7710](f:0,a:0,s:0) onFrameAvailable the first frame is available
03-02 00:57:23.132 17121 17121 I VRI[ComponentActivity]@89b2911: performConfigurationChange setNightDimText nightDimLevel=0
03-02 00:57:23.132  3202  3386 I HoneySpace.TopTaskSource: onTaskFocusChanged(): taskId = 44876
03-02 00:57:23.133 17121 17121 D VRI[ComponentActivity]@89b2911: mThreadedRenderer.initialize() mSurface={isValid=true 0xb400007867ba6500} hwInitialized=true
03-02 00:57:23.133 17121 17121 D VRI[ComponentActivity]@89b2911: reportNextDraw android.view.ViewRootImpl.performTraversals:5443 android.view.ViewRootImpl.doTraversal:3924 android.view.ViewRootImpl$TraversalRunnable.run:12903 android.view.Choreographer$CallbackRecord.run:1901 android.view.Choreographer$CallbackRecord.run:1910
03-02 00:57:23.133 17121 17121 D VRI[ComponentActivity]@89b2911: Setup new sync=wmsSync-VRI[ComponentActivity]@89b2911#38
03-02 00:57:23.133 17121 17121 I VRI[ComponentActivity]@89b2911: Creating new active sync group VRI[ComponentActivity]@89b2911#39
03-02 00:57:23.134 17121 17121 D VRI[ComponentActivity]@89b2911: registerCallbacksForSync syncBuffer=false
03-02 00:57:23.135  1507  1507 I SurfaceFlinger: [Surface(name=c536234 NavigationBar0)/@0xfac847b - animation-leash of insets_animation#156153] attach to parent LayerHierarchy{RequestedLayerState{WindowToken{5cf38d1 type=2019 android.os.BinderProxy@916675b}#101 parentId=34} 2 children}
03-02 00:57:23.135  1507  1507 I SurfaceFlinger: [Surface(name=a5d3a68 StatusBar)/@0xd5726d6 - animation-leash of insets_animation#156154] attach to parent LayerHierarchy{RequestedLayerState{WindowToken{d05298b type=2000 android.os.BinderProxy@163b705}#108 parentId=17} 2 children}
03-02 00:57:23.136  2746  2870 I BLASTBufferQueue: [VRI[debug]@8e3c403#7710](f:0,a:1,s:0) acquireNextBufferLocked size=1080x2340 mFrameNumber=1 applyTransaction=true mTimestamp=491122133093887(auto) mPendingTransactions.size=0 graphicBufferId=11793980283535 transform=0
03-02 00:57:23.136  2746  2870 I VRI[debug]@8e3c403: Received frameCommittedCallback lastAttemptedDrawFrameNum=1 didProduceBuffer=true
03-02 00:57:23.137  3202  3202 I HoneySpace.EdgePanel.CocktailHostRepositoryImpl: onNoteResume
03-02 00:57:23.137  3202  3202 I HoneySpace.EdgePanel.EdgePanelContainerViewModel: cocktailHostRepository.edgePanelOperation NoteResumeComponent(componentName=ComponentInfo{com.podcast.app.debug/androidx.activity.ComponentActivity})
03-02 00:57:23.137  3202  3202 I HoneySpace.EdgePanel.ActivityUtils: HomePackage : com.sec.android.app.launcher, resumePackageName : com.podcast.app.debug, className : androidx.activity.ComponentActivity
03-02 00:57:23.138  1444  1809 D MDP     : [PQSessionManager] PQSessionManager::getPQSession id[a]
03-02 00:57:23.138  1444  1809 D MDP     : [PQSessionManager] getPQSessionListHandle id[a]
03-02 00:57:23.138  1444  1809 D MDP     : [PQSessionManager] getPQSessionListHandle, find id[a]
03-02 00:57:23.139  1444  1809 D MDP     : [PQSessionManager] findVideoID[f6840820] found on index a
03-02 00:57:23.139 17121 17415 D VRI[ComponentActivity]@89b2911: Received frameDrawingCallback syncResult=0 frameNum=1.
03-02 00:57:23.139 17121 17415 I VRI[ComponentActivity]@89b2911: mWNT: t=0xb400007867c42e80 mBlastBufferQueue=0xb40000772b3b0400 fn= 1 HdrRenderState mRenderHdrSdrRatio=1.0 caller= android.view.ViewRootImpl$12.onFrameDraw:15441 android.view.ThreadedRenderer$1.onFrameDraw:718 <bottom of call stack>
03-02 00:57:23.139 17121 17415 I VRI[ComponentActivity]@89b2911: Setting up sync and frameCommitCallback
03-02 00:57:23.140 17121 17389 I BLASTBufferQueue: [VRI[ComponentActivity]@89b2911#19](f:0,a:0,s:0) onFrameAvailable the first frame is available
03-02 00:57:23.141 17121 17389 I BLASTBufferQueue: [VRI[ComponentActivity]@89b2911#19](f:0,a:1,s:0) acquireNextBufferLocked size=1080x2340 mFrameNumber=1 applyTransaction=true mTimestamp=491122141527964(auto) mPendingTransactions.size=0 graphicBufferId=73534135074893 transform=0
03-02 00:57:23.142 17121 17389 I VRI[ComponentActivity]@89b2911: Received frameCommittedCallback lastAttemptedDrawFrameNum=1 didProduceBuffer=true
03-02 00:57:23.143  1444  1808 D MDP     : [PQSessionManager] findVideoID[f6840820] found on index a
03-02 00:57:23.143  1444  1808 D MDP     : [PQSessionManager] createPQSession(a) user(0xb4000074f4d46d80)
03-02 00:57:23.144 17121 17389 D HWUI    : CFMS:: SetUp Pid : 17121    Tid : 17389
03-02 00:57:23.144  2746  2870 D HWUI    : CFMS:: SetUp Pid : 2746    Tid : 2870
03-02 00:57:23.144  1444  1808 D MDP     : [PQSessionManager] Duplicated ID[a] found, please check if double createPQSession!
03-02 00:57:23.144  1444  1808 D MDP     : [PQSessionManager] getPQSessionListHandle id[a]
03-02 00:57:23.144  1444  1808 D MDP     : [PQSessionManager] getPQSessionListHandle, find id[a]
03-02 00:57:23.144  1444  1808 D MDP     : [PQSession] incRefCount id[a] user[0xb4000074f4d46d80] existed
03-02 00:57:23.144  1444  1808 D MDP     : [PQSession] incRefCount id[a] user[0xb4000074f4d46d80] numOfUser[1]
03-02 00:57:23.144  1444  1808 D MDP     : [PQSession] numElements[0] key[0] metaData[0]
03-02 00:57:23.144  1444  1808 D MDP     : [PQSession] setPQParam() id[a] enable[1], scenario[1]
03-02 00:57:23.144  1444  1808 D MDP     : [PQSession] video TS [14600]
03-02 00:57:23.144  1444  1808 D PQ      : PQDSConfig::getEnableStatus check1  time 0 ms
03-02 00:57:23.144  1444  1808 D PQ      : [PQDSConfig] PQDSConfig::getEnableStatus = 1
03-02 00:57:23.144  1444  1808 D PQ      : [PQDSConfig] m_TDSHPTableInit 1
03-02 00:57:23.144  1444  1808 D PQ      : [PQDSConfig] getAshmemContext(SHP_ENABLE) = 1
03-02 00:57:23.144  1444  1808 D PQ      : PQDSConfig::getEnableStatus check2  time 0 ms
03-02 00:57:23.144  1444  1808 D PQ      : [PQDSConfig] PQDSConfig::getUREnableStatus = 1
03-02 00:57:23.144  1444  1808 D MDP     : [PQSession] setDpPqConfig m_svp = 0, enDRE = 0
03-02 00:57:23.144 17121 17121 D VRI[ComponentActivity]@89b2911: reportDrawFinished seqId=0
03-02 00:57:23.144  1444  1808 D MDP     : setPQParam globalPQSupport = [0] globalPQSwitch = [0] globalPQStrength = [0] globalPQType = [0]
03-02 00:57:23.144  1444  1808 D MDP     : [PQSession] setPQparam userId[0x0], scenario[1], enDRE[0]
03-02 00:57:23.144  1444  1808 D MDP     : [PQSession] getDpPqConfig() id[a] enable[1], scenario[1]
03-02 00:57:23.144  1444  1808 D MDP     : [PQSession] getDpPqConfig() enSharp[1] enDC[0] enColor[0] enHDR[0] enHDRVivid[0] enUR[0] enReFocus[0] enCcorr[1] enDRE[0] enHFG[0] enAIPQ[0] enAISDR2HDR[0] enAIRegionPQ[0] mAdaptiveEnable[0]
03-02 00:57:23.144  1444  1808 D MDP     : [PQSession] setPQDREParam userId[0x0] scenario[1] enDRE[0]
03-02 00:57:23.144  1444  1808 D MDP     : [PQSessionManager] findVideoID[f6840820] found on index a
03-02 00:57:23.144  1444  1808 D PQ_HDR  : DpAsyncBlit: job:(2071235 139) in:(720, 1280)[720 368] C8s P1.1.1.0.1, alpha 0, sec0 flush:0 Buffer 1035617: plane=3 bufVA={0x8b,0x8b,0x8b} bufMVA={0x0,0x0,0x0} bufSize={0xe1000,0x39800,0x39800} proxy={0xb40000747320b8a0,0x0,0x0}fence=-1
03-02 00:57:23.144  1444  1808 D PQ_HDR  : DpAsyncBlit: out 0:(1048, 1920)[2176 0] C5 P1.1.1.0.1 R:0 F:0 S:1 A:0 HDR:0 COLOR:0 CCORR:1 sec0 flush:0 Buffer 1035617: plane=1 bufVA={0x9d,0x0,0x0} bufMVA={0x0,0x0,0x0} bufSize={0x4db200,0x0,0x0} proxy={0xb40000747320b8e0,0x0,0x0}fence=169
03-02 00:57:23.144  1444  1808 D PQ_HDR  : DpAsyncBlit: crop 0:(21.0, 0.0, 699.0, 1280.0) compose:(0, 0, 1048, 1920)
03-02 00:57:23.144  2746  2808 D VRI[debug]@8e3c403: reportDrawFinished seqId=0
03-02 00:57:23.144  1444  1808 D MDP     : [PQSessionManager] PQSessionManager::getPQSession id[a]
03-02 00:57:23.144  1444  1808 D MDP     : [PQSessionManager] getPQSessionListHandle id[a]
03-02 00:57:23.144  1444  1808 D MDP     : [PQSessionManager] getPQSessionListHandle, find id[a]
03-02 00:57:23.144  1444  1808 D MDP     : [PQSessionManager] PQSessionManager::getPQSession id[a]
03-02 00:57:23.144  1444  1808 D MDP     : [PQSessionManager] getPQSessionListHandle id[a]
03-02 00:57:23.144  1444  1808 D MDP     : [PQSessionManager] getPQSessionListHandle, find id[a]
03-02 00:57:23.144  1444  1808 D MDP     : PQSession:setPipeNum m_PipeNum[1] value[1] ID[a] DCPath[0] DCDone[0] addr[732261df]
03-02 00:57:23.144  1444  1808 D MDP     : [PQSession] getDpPqConfig() id[a] enable[1], scenario[1]
03-02 00:57:23.144  1444  1808 D MDP     : [PQSession] getDpPqConfig() enSharp[1] enDC[0] enColor[0] enHDR[0] enHDRVivid[0] enUR[0] enReFocus[0] enCcorr[1] enDRE[0] enHFG[0] enAIPQ[0] enAISDR2HDR[0] enAIRegionPQ[0] mAdaptiveEnable[0]
03-02 00:57:23.144  1444  1808 D PQ      : [PQRSZConfig] PQRSZConfig::getUREnableStatus = 1
03-02 00:57:23.145  1444  1808 D MDP     : [PQSessionManager] PQSessionManager::getPQSession id[a]
03-02 00:57:23.145  1444  1808 D MDP     : [PQSessionManager] getPQSessionListHandle id[a]
03-02 00:57:23.145  1444  1808 D MDP     : [PQSessionManager] getPQSessionListHandle, find id[a]
03-02 00:57:23.145  1444  1808 D AAL     : [PQEngineInterface] DpEngineTDSHPConfigFrame(0) pqSessionId = a
03-02 00:57:23.145  1444  1808 D MDP     : [PQSession] getDpPqConfig() id[a] enable[1], scenario[1]
03-02 00:57:23.145  1444  1808 D MDP     : [PQSession] getDpPqConfig() enSharp[1] enDC[0] enColor[0] enHDR[0] enHDRVivid[0] enUR[0] enReFocus[0] enCcorr[1] enDRE[0] enHFG[0] enAIPQ[0] enAISDR2HDR[0] enAIRegionPQ[0] mAdaptiveEnable[0]
03-02 00:57:23.145  1444  1808 D AAL     : [PQEngineInterface] DpEngineTDSHPConfigFrame(0) tdshpEnable(1) enSharp(1) enDC(0) enHFG(0)
03-02 00:57:23.145  1444  1808 D MDP     : PQSession:setPipeNum m_PipeNum[1] value[1] ID[a] DCPath[0] DCDone[0] addr[732261df]
03-02 00:57:23.145  1444  1808 D AAL     : [PQEngineInterface] DpEngineTDSHPConfigFrame(0) adl_enable = 0
03-02 00:57:23.145  1444  1808 D PQ      : [PQHFGConfig] PQHFGConfig::isEnabled = 2
03-02 00:57:23.145  1444  1808 D MDP     : [PQSession] getDpPqConfig() id[a] enable[1], scenario[1]
03-02 00:57:23.145  1444  1808 D MDP     : [PQSession] getDpPqConfig() enSharp[1] enDC[0] enColor[0] enHDR[0] enHDRVivid[0] enUR[0] enReFocus[0] enCcorr[1] enDRE[0] enHFG[0] enAIPQ[0] enAISDR2HDR[0] enAIRegionPQ[0] mAdaptiveEnable[0]
03-02 00:57:23.145  1444  1808 D AAL     : [PQEngineInterface] DpEngineTDSHPConfigFrame(0) hfg_enable = 0
03-02 00:57:23.145  1444  1808 D AAL     : PQEngineInterface] DpEngineTDSHPConfigFrame(0) shp_enable = 0
03-02 00:57:23.145  1444  1808 D MDP     : [PQSessionManager] PQSessionManager::getPQSession id[a]
03-02 00:57:23.145  1444  1808 D MDP     : [PQSessionManager] getPQSessionListHandle id[a]
03-02 00:57:23.145  1444  1808 D MDP     : [PQSessionManager] getPQSessionListHandle, find id[a]
03-02 00:57:23.145  1444  1808 D MDP     : [PQSession] getDpPqConfig() id[a] enable[1], scenario[1]
03-02 00:57:23.145  1444  1808 D MDP     : [PQSession] getDpPqConfig() enSharp[1] enDC[0] enColor[0] enHDR[0] enHDRVivid[0] enUR[0] enReFocus[0] enCcorr[1] enDRE[0] enHFG[0] enAIPQ[0] enAISDR2HDR[0] enAIRegionPQ[0] mAdaptiveEnable[0]
03-02 00:57:23.145  1444  1808 W AAL     : DpEngine_AAL: relay 1
03-02 00:57:23.145  1444  1808 D AAL     : [PQEngineInterface] DpEngineTDSHPConfigTile(0) InpSize: 803, 1920, OutSize: 803, 1920
03-02 00:57:23.145  1444  1808 D MDP     : [PQSessionManager] PQSessionManager::getPQSession id[a]
03-02 00:57:23.145  1444  1808 D MDP     : [PQSessionManager] getPQSessionListHandle id[a]
03-02 00:57:23.145  1444  1808 D MDP     : [PQSessionManager] getPQSessionListHandle, find id[a]
03-02 00:57:23.145  1444  1808 D PQ      : [PQHFGConfig] PQHFGConfig::isEnabled = 2
03-02 00:57:23.145  1444  1808 D MDP     : [PQSession] getDpPqConfig() id[a] enable[1], scenario[1]
03-02 00:57:23.145  1444  1808 D MDP     : [PQSession] getDpPqConfig() enSharp[1] enDC[0] enColor[0] enHDR[0] enHDRVivid[0] enUR[0] enReFocus[0] enCcorr[1] enDRE[0] enHFG[0] enAIPQ[0] enAISDR2HDR[0] enAIRegionPQ[0] mAdaptiveEnable[0]
03-02 00:57:23.145  1444  1808 D AAL     : [PQEngineInterface] DpEngineAALCongTile(0) MDP_aal_size = 36701440
03-02 00:57:23.145  1444  1808 D AAL     : [PQEngineInterface(1791345034)::MDP_AAL_output_offset = 0
03-02 00:57:23.145  1444  1808 D AAL     : [PQEngineInterface] DpEngineAALCongTile(0) MDP_AAL_output_size = 35652864
03-02 00:57:23.145  1444  1808 D AAL     : [PQEngineInterface] DpEngineAALCongTile(0) inTileXRight = 569, inTileXLeft = 10
03-02 00:57:23.145  1444  1808 D AAL     : [PQEngineInterface] DpEngineAALCongTile(0) inTileYBottom = 561, inTileYTop = 0
03-02 00:57:23.145  1444  1808 D AAL     : [PQEngineInterface] DpEngineAALCongTile(0) outTileXRight = 1279, outTileXLeft = 18
03-02 00:57:23.145  1444  1808 D AAL     : [PQEngineInterface] DpEngineAALCongTile(0) m_outTileYBottom = 1279, m_outTileYTop = 0
03-02 00:57:23.145  1444  1808 D MDP     : [PQSessionManager] PQSessionManager::getPQSession id[a]
03-02 00:57:23.145  1444  1808 D MDP     : [PQSessionManager] getPQSessionListHandle id[a]
03-02 00:57:23.145  1444  1808 D MDP     : [PQSessionManager] getPQSessionListHandle, find id[a]
03-02 00:57:23.145  1444  1808 D AAL     : [PQEngineInterface] DpEngineAALCongTile(0)cropOffset[X, Y]=[1, 10], crop[Wid, Hei]=[0, 710]
03-02 00:57:23.145  1444  1808 D MDP     : [PQSessionManager] PQSessionManager::getPQSession id[a]
03-02 00:57:23.145  1444  1808 D MDP     : [PQSessionManager] getPQSessionListHandle id[a]
03-02 00:57:23.145  1444  1808 D MDP     : [PQSessionManager] getPQSessionListHandle, find id[a]
03-02 00:57:23.145  1444  1808 D AAL     : [PQEngineInterface] DpEngineHDRConfigTile(0) outTileXLeft = 10, outTileXRight = 569
03-02 00:57:23.145  1444  1808 D AAL     : [PQEngineInterface] DpEngineHDRConfigTile(0) inTileXLeft = 10, inTileXRight = 569
03-02 00:57:23.145  1444  1808 D AAL     : [PQEngineInterface] DpEngineHDRConfigTile(0) HDR_out_start_x = 0, HDR_out_end_x = 559, src h: 560,v: 1280
03-02 00:57:23.145  1444  1808 D AAL     : [PQEngineInterface] DpEngineHDRConfigTile(0) HDR_hist_end_x = 0, HDR_hist_begin_x = 0
03-02 00:57:23.145  1444  1808 D AAL     : [PQEngineInterface] DpEngineHDRConfigTile(0) HDR_first_tile = 0, HDR_last_tile = 0
03-02 00:57:23.146  1444  1808 D AAL     : [PQEngineInterface] DpEngineHDRConfigTile(0) inFrameWidth = 720 , middlePosX = 0
03-02 00:57:23.146  1444  1808 D AAL     : [PQEngineInterface] DpEngineTDSHPConfigTile(0) InpSize: 246, 1920, OutSize: 246, 1920
03-02 00:57:23.146  1444  1808 D MDP     : [PQSessionManager] PQSessionManager::getPQSession id[a]
03-02 00:57:23.146  1444  1808 D MDP     : [PQSessionManager] getPQSessionListHandle id[a]
03-02 00:57:23.146  1444  1808 D MDP     : [PQSessionManager] getPQSessionListHandle, find id[a]
03-02 00:57:23.146  1444  1808 D PQ      : [PQHFGConfig] PQHFGConfig::isEnabled = 2
03-02 00:57:23.146  1444  1808 D MDP     : [PQSession] getDpPqConfig() id[a] enable[1], scenario[1]
03-02 00:57:23.146  1444  1808 D MDP     : [PQSession] getDpPqConfig() enSharp[1] enDC[0] enColor[0] enHDR[0] enHDRVivid[0] enUR[0] enReFocus[0] enCcorr[1] enDRE[0] enHFG[0] enAIPQ[0] enAISDR2HDR[0] enAIRegionPQ[0] mAdaptiveEnable[0]
03-02 00:57:23.146  1444  1808 D AAL     : [PQEngineInterface] DpEngineAALCongTile(0) MDP_aal_size = 11535616
03-02 00:57:23.146  1444  1808 D AAL     : [PQEngineInterface(1791345034)::MDP_AAL_output_offset = 0
03-02 00:57:23.146  1444  1808 D AAL     : [PQEngineInterface] DpEngineAALCongTile(0) MDP_AAL_output_size = 11011328
03-02 00:57:23.146  1444  1808 D AAL     : [PQEngineInterface] DpEngineAALCongTile(0) inTileXRight = 719, inTileXLeft = 544
03-02 00:57:23.146  1444  1808 D AAL     : [PQEngineInterface] DpEngineAALCongTile(0) inTileYBottom = 719, inTileYTop = 0
03-02 00:57:23.146  1444  1808 D AAL     : [PQEngineInterface] DpEngineAALCongTile(0) outTileXRight = 1279, outTileXLeft = 552
03-02 00:57:23.146  1444  1808 D AAL     : [PQEngineInterface] DpEngineAALCongTile(0) m_outTileYBottom = 1279, m_outTileYTop = 0
03-02 00:57:23.146  1444  1808 D MDP     : [PQSessionManager] PQSessionManager::getPQSession id[a]
03-02 00:57:23.146  1444  1808 D MDP     : [PQSessionManager] getPQSessionListHandle id[a]
03-02 00:57:23.146  1444  1808 D MDP     : [PQSessionManager] getPQSessionListHandle, find id[a]
03-02 00:57:23.146  1444  1808 D AAL     : [PQEngineInterface] DpEngineAALCongTile(0)cropOffset[X, Y]=[1, 10], crop[Wid, Hei]=[0, 710]
03-02 00:57:23.146  1444  1808 D MDP     : [PQSessionManager] PQSessionManager::getPQSession id[a]
03-02 00:57:23.146  1444  1808 D MDP     : [PQSessionManager] getPQSessionListHandle id[a]
03-02 00:57:23.146  1444  1808 D MDP     : [PQSessionManager] getPQSessionListHandle, find id[a]
03-02 00:57:23.146  1444  1808 D AAL     : [PQEngineInterface] DpEngineHDRConfigTile(0) outTileXLeft = 544, outTileXRight = 719
03-02 00:57:23.146  1444  1808 D AAL     : [PQEngineInterface] DpEngineHDRConfigTile(0) inTileXLeft = 544, inTileXRight = 719
03-02 00:57:23.146  1444  1808 D AAL     : [PQEngineInterface] DpEngineHDRConfigTile(0) HDR_out_start_x = 0, HDR_out_end_x = 175, src h: 176,v: 1280
03-02 00:57:23.146  1444  1808 D AAL     : [PQEngineInterface] DpEngineHDRConfigTile(0) HDR_hist_end_x = 0, HDR_hist_begin_x = 0
03-02 00:57:23.146  1444  1808 D AAL     : [PQEngineInterface] DpEngineHDRConfigTile(0) HDR_first_tile = 0, HDR_last_tile = 0
03-02 00:57:23.146  1444  1808 D AAL     : [PQEngineInterface] DpEngineHDRConfigTile(0) inFrameWidth = 720 , middlePosX = 0
03-02 00:57:23.146  1444  1808 D MDP     : [PQSessionManager] PQSessionManager::getPQSession id[a]
03-02 00:57:23.146  1444  1808 D MDP     : [PQSessionManager] getPQSessionListHandle id[a]
03-02 00:57:23.146  1444  1808 D MDP     : [PQSessionManager] getPQSessionListHandle, find id[a]
03-02 00:57:23.146  1444  1808 D MDP     : [PQSessionManager] PQSessionManager::getPQSession id[a]
03-02 00:57:23.146  1444  1808 D MDP     : [PQSessionManager] getPQSessionListHandle id[a]
03-02 00:57:23.146  1444  1808 D MDP     : [PQSessionManager] getPQSessionListHandle, find id[a]
03-02 00:57:23.147  1507  1507 I SurfaceFlinger: [LayerHierarchy{RequestedLayerState{c536234 NavigationBar0#102 parentId=156153} 1 children}] reparent to LayerHierarchy{RequestedLayerState{Surface(name=c536234 NavigationBar0)/@0xfac847b - animation-leash of insets_animation#156153 parentId=101} 1 children}
03-02 00:57:23.147  1507  1507 I SurfaceFlinger: [LayerHierarchy{RequestedLayerState{a5d3a68 StatusBar#109 parentId=156154} 1 children}] reparent to LayerHierarchy{RequestedLayerState{Surface(name=a5d3a68 StatusBar)/@0xd5726d6 - animation-leash of insets_animation#156154 parentId=108} 1 children}
03-02 00:57:23.147  1507  1507 I SurfaceFlinger: [LayerHierarchy{RequestedLayerState{Surface(name=c536234 NavigationBar0)/@0xfac847b - animation-leash of insets_animation#156128} no children}] reparent to OffscreenRoot
03-02 00:57:23.147  1507  1507 I SurfaceFlinger: [LayerHierarchy{RequestedLayerState{Surface(name=c536234 NavigationBar0)/@0xfac847b - animation-leash of insets_animation#156128} no children}] RelativeParent to null
03-02 00:57:23.147  1507  1507 I SurfaceFlinger: [LayerHierarchy{RequestedLayerState{Surface(name=a5d3a68 StatusBar)/@0xd5726d6 - animation-leash of insets_animation#156129} no children}] reparent to OffscreenRoot
03-02 00:57:23.147  1507  1507 I SurfaceFlinger: [LayerHierarchy{RequestedLayerState{Surface(name=a5d3a68 StatusBar)/@0xd5726d6 - animation-leash of insets_animation#156129} no children}] RelativeParent to null
03-02 00:57:23.147  2013  4829 W ParceledListSlice: Element #30 is 21544 bytes.
03-02 00:57:23.151  1444  1809 D MDP     : [PQSessionManager] PQSessionManager::getPQSession id[a]
03-02 00:57:23.151  1444  1809 D MDP     : [PQSessionManager] getPQSessionListHandle id[a]
03-02 00:57:23.151  1444  1809 D MDP     : [PQSessionManager] getPQSessionListHandle, find id[a]
03-02 00:57:23.151  1444  1809 D MDP     : [PQSessionManager] findVideoID[f6840820] found on index a
03-02 00:57:23.153 25915 26075 I Rubin   : [4019] com.samsung.android.rubin.inferenceengine.contextanalytics.engine.monitors.moment.exercise.ExercisingWithCalendarMonitor.isSatisfiedByCalendarEvent(Unknown Source) : isSatisfiedByCalendarEvent is false
03-02 00:57:23.153  2013  3345 I SemDvfsHyPerManager: acquire hyper - AMS_RESUME_TAIL/2013@18, type = -999
03-02 00:57:23.154  2013  3345 I SemDvfsHyPerManager: acquire hyper - AMS_ACT_LAZY/2013@19, type = -999
03-02 00:57:23.154  1464  1492 I mtkpower@impl: [setMode] type:5, enabled:0
03-02 00:57:23.154  1450  1487 I HYPER-HAL: [RequestManager.cpp]acquire(): Acquired ID : 2063514  [2013 / 18]    HINT : AMS_RESUME_TAIL    list :
03-02 00:57:23.155  1450  1487 I mtkpower_client: perf_lock_rel, hdl:76545, pid: 1450, tid:1487
03-02 00:57:23.155  1450  1487 I mtkpower_client: perf_lock_acq, hdl:0, dur:0, num:2, pid:1450, tid:1487
03-02 00:57:23.155  1444  1808 D MDP     : [PQSessionManager] findVideoID[f6840820] found on index a
03-02 00:57:23.155  1464  1529 I libPowerHal: [perfLockRel] hdl:76545, idx:2
03-02 00:57:23.155  1444  1808 D MDP     : [PQSessionManager] createPQSession(a) user(0xb4000074f4d46d80)
03-02 00:57:23.155  1444  1808 D MDP     : [PQSessionManager] Duplicated ID[a] found, please check if double createPQSession!
03-02 00:57:23.155  1444  1808 D MDP     : [PQSessionManager] getPQSessionListHandle id[a]
03-02 00:57:23.155  1444  1808 D MDP     : [PQSessionManager] getPQSessionListHandle, find id[a]
03-02 00:57:23.155  1444  1808 D MDP     : [PQSession] incRefCount id[a] user[0xb4000074f4d46d80] existed
03-02 00:57:23.155  1444  1808 D MDP     : [PQSession] incRefCount id[a] user[0xb4000074f4d46d80] numOfUser[1]
03-02 00:57:23.155  1444  1808 D MDP     : [PQSession] numElements[0] key[0] metaData[0]
03-02 00:57:23.155  1444  1808 D MDP     : [PQSession] setPQParam() id[a] enable[1], scenario[1]
03-02 00:57:23.155  1444  1808 D MDP     : [PQSession] video TS [14600]
03-02 00:57:23.155  1444  1808 D PQ      : PQDSConfig::getEnableStatus check1  time 0 ms
03-02 00:57:23.155  1444  1808 D PQ      : [PQDSConfig] PQDSConfig::getEnableStatus = 1
03-02 00:57:23.155  1444  1808 D PQ      : [PQDSConfig] m_TDSHPTableInit 1
03-02 00:57:23.155  1444  1808 D PQ      : [PQDSConfig] getAshmemContext(SHP_ENABLE) = 1
03-02 00:57:23.155  1464  1529 I libPowerHal: [set_cpuidle] enable:1, fd:17, scn:0xb40000737b607270
03-02 00:57:23.155  1444  1808 D PQ      : PQDSConfig::getEnableStatus check2  time 0 ms
03-02 00:57:23.155  1444  1808 D PQ      : [PQDSConfig] PQDSConfig::getUREnableStatus = 1
03-02 00:57:23.155  1464  1529 I libPowerHal: [PD] vendor.samsung. update cmd:1c3c100 param:1 pr:6
03-02 00:57:23.155  1444  1808 D MDP     : [PQSession] setDpPqConfig m_svp = 0, enDRE = 0
03-02 00:57:23.155  1444  1808 D MDP     : setPQParam globalPQSupport = [0] globalPQSwitch = [0] globalPQStrength = [0] globalPQType = [0]
03-02 00:57:23.155  1444  1808 D MDP     : [PQSession] setPQparam userId[0x0], scenario[1], enDRE[0]
03-02 00:57:23.155  1444  1808 D MDP     : [PQSession] getDpPqConfig() id[a] enable[1], scenario[1]
03-02 00:57:23.155  1444  1808 D MDP     : [PQSession] getDpPqConfig() enSharp[1] enDC[0] enColor[0] enHDR[0] enHDRVivid[0] enUR[0] enReFocus[0] enCcorr[1] enDRE[0] enHFG[0] enAIPQ[0] enAISDR2HDR[0] enAIRegionPQ[0] mAdaptiveEnable[0]
03-02 00:57:23.155  1444  1808 D MDP     : [PQSession] setPQDREParam userId[0x0] scenario[1] enDRE[0]
03-02 00:57:23.155  1444  1808 D MDP     : [PQSessionManager] findVideoID[f6840820] found on index a
03-02 00:57:23.155  1444  1808 D PQ_HDR  : DpAsyncBlit: job:(2071237 162) in:(720, 1280)[720 368] C8s P1.1.1.0.1, alpha 0, sec0 flush:0 Buffer 1035618: plane=3 bufVA={0xa2,0xa2,0xa2} bufMVA={0x0,0x0,0x0} bufSize={0xe1000,0x39800,0x39800} proxy={0xb40000747320b5a0,0x0,0x0}fence=-1
03-02 00:57:23.155  1444  1808 D PQ_HDR  : DpAsyncBlit: out 0:(1052, 1920)[2176 0] C5 P1.1.1.0.1 R:0 F:0 S:1 A:0 HDR:0 COLOR:0 CCORR:1 sec0 flush:0 Buffer 1035618: plane=1 bufVA={0x86,0x0,0x0} bufMVA={0x0,0x0,0x0} bufSize={0x4db200,0x0,0x0} proxy={0xb40000747320b6e0,0x0,0x0}fence=173
03-02 00:57:23.155  1444  1808 D PQ_HDR  : DpAsyncBlit: crop 0:(19.0, 0.0, 701.0, 1280.0) compose:(0, 0, 1052, 1920)
03-02 00:57:23.155  1464  1529 I libPowerHal: [perfLockRel] Done for hdl : 76545
03-02 00:57:23.156  1444  1808 D MDP     : [PQSessionManager] PQSessionManager::getPQSession id[a]
03-02 00:57:23.156  1444  1808 D MDP     : [PQSessionManager] getPQSessionListHandle id[a]
03-02 00:57:23.156  1444  1808 D MDP     : [PQSessionManager] getPQSessionListHandle, find id[a]
03-02 00:57:23.156  1444  1808 D MDP     : [PQSessionManager] PQSessionManager::getPQSession id[a]
03-02 00:57:23.156  1444  1808 D MDP     : [PQSessionManager] getPQSessionListHandle id[a]
03-02 00:57:23.156  1444  1808 D MDP     : [PQSessionManager] getPQSessionListHandle, find id[a]
03-02 00:57:23.156  1444  1808 D MDP     : PQSession:setPipeNum m_PipeNum[1] value[1] ID[a] DCPath[0] DCDone[0] addr[732261df]
03-02 00:57:23.156  1444  1808 D MDP     : [PQSession] getDpPqConfig() id[a] enable[1], scenario[1]
03-02 00:57:23.156  1444  1808 D MDP     : [PQSession] getDpPqConfig() enSharp[1] enDC[0] enColor[0] enHDR[0] enHDRVivid[0] enUR[0] enReFocus[0] enCcorr[1] enDRE[0] enHFG[0] enAIPQ[0] enAISDR2HDR[0] enAIRegionPQ[0] mAdaptiveEnable[0]
03-02 00:57:23.156  1444  1808 D PQ      : [PQRSZConfig] PQRSZConfig::getUREnableStatus = 1
03-02 00:57:23.156  1444  1808 D MDP     : [PQSessionManager] PQSessionManager::getPQSession id[a]
03-02 00:57:23.156  1444  1808 D MDP     : [PQSessionManager] getPQSessionListHandle id[a]
03-02 00:57:23.156  1444  1808 D MDP     : [PQSessionManager] getPQSessionListHandle, find id[a]
03-02 00:57:23.156  1444  1808 D AAL     : [PQEngineInterface] DpEngineTDSHPConfigFrame(0) pqSessionId = a
03-02 00:57:23.156  1444  1808 D MDP     : [PQSession] getDpPqConfig() id[a] enable[1], scenario[1]
03-02 00:57:23.156  1444  1808 D MDP     : [PQSession] getDpPqConfig() enSharp[1] enDC[0] enColor[0] enHDR[0] enHDRVivid[0] enUR[0] enReFocus[0] enCcorr[1] enDRE[0] enHFG[0] enAIPQ[0] enAISDR2HDR[0] enAIRegionPQ[0] mAdaptiveEnable[0]
03-02 00:57:23.156  1444  1808 D AAL     : [PQEngineInterface] DpEngineTDSHPConfigFrame(0) tdshpEnable(1) enSharp(1) enDC(0) enHFG(0)
03-02 00:57:23.156  1444  1808 D MDP     : PQSession:setPipeNum m_PipeNum[1] value[1] ID[a] DCPath[0] DCDone[0] addr[732261df]
03-02 00:57:23.156  1444  1808 D AAL     : [PQEngineInterface] DpEngineTDSHPConfigFrame(0) adl_enable = 0
03-02 00:57:23.156  1444  1808 D PQ      : [PQHFGConfig] PQHFGConfig::isEnabled = 2
03-02 00:57:23.156  1444  1808 D MDP     : [PQSession] getDpPqConfig() id[a] enable[1], scenario[1]
03-02 00:57:23.156  1444  1808 D MDP     : [PQSession] getDpPqConfig() enSharp[1] enDC[0] enColor[0] enHDR[0] enHDRVivid[0] enUR[0] enReFocus[0] enCcorr[1] enDRE[0] enHFG[0] enAIPQ[0] enAISDR2HDR[0] enAIRegionPQ[0] mAdaptiveEnable[0]
03-02 00:57:23.156  1444  1808 D AAL     : [PQEngineInterface] DpEngineTDSHPConfigFrame(0) hfg_enable = 0
03-02 00:57:23.156  1444  1808 D AAL     : PQEngineInterface] DpEngineTDSHPConfigFrame(0) shp_enable = 0
03-02 00:57:23.156  1444  1808 D MDP     : [PQSessionManager] PQSessionManager::getPQSession id[a]
03-02 00:57:23.156  1444  1808 D MDP     : [PQSessionManager] getPQSessionListHandle id[a]
03-02 00:57:23.156  1444  1808 D MDP     : [PQSessionManager] getPQSessionListHandle, find id[a]
03-02 00:57:23.156  1444  1808 D MDP     : [PQSession] getDpPqConfig() id[a] enable[1], scenario[1]
03-02 00:57:23.157  1444  1808 D MDP     : [PQSession] getDpPqConfig() enSharp[1] enDC[0] enColor[0] enHDR[0] enHDRVivid[0] enUR[0] enReFocus[0] enCcorr[1] enDRE[0] enHFG[0] enAIPQ[0] enAISDR2HDR[0] enAIRegionPQ[0] mAdaptiveEnable[0]
03-02 00:57:23.157  1444  1808 W AAL     : DpEngine_AAL: relay 1
03-02 00:57:23.157  1444  1808 D AAL     : [PQEngineInterface] DpEngineTDSHPConfigTile(0) InpSize: 803, 1920, OutSize: 803, 1920
03-02 00:57:23.157  1444  1808 D MDP     : [PQSessionManager] PQSessionManager::getPQSession id[a]
03-02 00:57:23.157  1444  1808 D MDP     : [PQSessionManager] getPQSessionListHandle id[a]
03-02 00:57:23.157  1444  1808 D MDP     : [PQSessionManager] getPQSessionListHandle, find id[a]
03-02 00:57:23.157  1444  1808 D PQ      : [PQHFGConfig] PQHFGConfig::isEnabled = 2
03-02 00:57:23.157  1444  1808 D MDP     : [PQSession] getDpPqConfig() id[a] enable[1], scenario[1]
03-02 00:57:23.157  1444  1808 D MDP     : [PQSession] getDpPqConfig() enSharp[1] enDC[0] enColor[0] enHDR[0] enHDRVivid[0] enUR[0] enReFocus[0] enCcorr[1] enDRE[0] enHFG[0] enAIPQ[0] enAISDR2HDR[0] enAIRegionPQ[0] mAdaptiveEnable[0]
03-02 00:57:23.157  1444  1808 D AAL     : [PQEngineInterface] DpEngineAALCongTile(0) MDP_aal_size = 36701440
03-02 00:57:23.157  1444  1808 D AAL     : [PQEngineInterface(1791345034)::MDP_AAL_output_offset = 0
03-02 00:57:23.157  1444  1808 D AAL     : [PQEngineInterface] DpEngineAALCongTile(0) MDP_AAL_output_size = 35652864
03-02 00:57:23.157  1444  1808 D AAL     : [PQEngineInterface] DpEngineAALCongTile(0) inTileXRight = 567, inTileXLeft = 8
03-02 00:57:23.157  1444  1808 D AAL     : [PQEngineInterface] DpEngineAALCongTile(0) inTileYBottom = 559, inTileYTop = 0
03-02 00:57:23.157  1444  1808 D AAL     : [PQEngineInterface] DpEngineAALCongTile(0) outTileXRight = 1279, outTileXLeft = 16
03-02 00:57:23.157  1444  1808 D AAL     : [PQEngineInterface] DpEngineAALCongTile(0) m_outTileYBottom = 1279, m_outTileYTop = 0
03-02 00:57:23.157  1444  1808 D MDP     : [PQSessionManager] PQSessionManager::getPQSession id[a]
03-02 00:57:23.157  1444  1808 D MDP     : [PQSessionManager] getPQSessionListHandle id[a]
03-02 00:57:23.157  1444  1808 D MDP     : [PQSessionManager] getPQSessionListHandle, find id[a]
03-02 00:57:23.157  1444  1808 D AAL     : [PQEngineInterface] DpEngineAALCongTile(0)cropOffset[X, Y]=[1, 8], crop[Wid, Hei]=[0, 712]
03-02 00:57:23.157  1444  1808 D MDP     : [PQSessionManager] PQSessionManager::getPQSession id[a]
03-02 00:57:23.157  1444  1808 D MDP     : [PQSessionManager] getPQSessionListHandle id[a]
03-02 00:57:23.157  1444  1808 D MDP     : [PQSessionManager] getPQSessionListHandle, find id[a]
03-02 00:57:23.157  1444  1808 D AAL     : [PQEngineInterface] DpEngineHDRConfigTile(0) outTileXLeft = 8, outTileXRight = 567
03-02 00:57:23.157 25915 26075 I Rubin   : [4019] com.samsung.android.rubin.inferenceengine.contextanalytics.engine.monitors.moment.exercise.ExercisingWithCmhMonitor.isSatisfiedByCmh(Unknown Source) : isSatisfiedByCmh is false
03-02 00:57:23.157  1444  1808 D AAL     : [PQEngineInterface] DpEngineHDRConfigTile(0) inTileXLeft = 8, inTileXRight = 567
03-02 00:57:23.157  1444  1808 D AAL     : [PQEngineInterface] DpEngineHDRConfigTile(0) HDR_out_start_x = 0, HDR_out_end_x = 559, src h: 560,v: 1280
03-02 00:57:23.157  1444  1808 D AAL     : [PQEngineInterface] DpEngineHDRConfigTile(0) HDR_hist_end_x = 0, HDR_hist_begin_x = 0
