03-02 00:57:15.330  3202  3390 I HoneySpace.TopTaskUseCase: topTasks 44865 ComponentInfo{com.podcast.app.debug.test/androidx.test.core.app.InstrumentationActivityInvoker$EmptyActivity}[displayId=0]
03-02 00:57:15.332  1646  5384 I CameraService: onUidStateChanged: uid=10062, procState is changed. (0 -> 1)
03-02 00:57:15.334  2013  4823 D GraphicsStatsService: requestRenderEngineFor(com.podcast.app.debug.test)
03-02 00:57:15.334  3202 15778 I HoneySpace.RecentTasks: onRecentTasksChanged
03-02 00:57:15.335  2013  4843 I WindowManager: Relayout Window{5b97c92 u0 Splash Screen com.podcast.app.debug.test}: viewVisibility=0 req=1080x2340 ty=3 d0
03-02 00:57:15.335 14636 15217 I WM-WorkerWrapper: Work [ id=f23029b8-b7a3-4a93-aaf6-b7c7a26dfe9e, tags={ com.urbanairship.job.AirshipWorker,airship } ] was cancelled
03-02 00:57:15.335 14636 15217 I WM-WorkerWrapper: androidx.work.impl.WorkerStoppedException
03-02 00:57:15.335 14636 15217 I WM-WorkerWrapper: 	at o.setEnabledWhenDeviceHasQuirk.AnimatedBarChartKtAnimatedBarChart1112(:348)
03-02 00:57:15.335 14636 15217 I WM-WorkerWrapper: 	at o.MutableConfig.AnimatedBarChartKtAnimatedBarChart1(:439)
03-02 00:57:15.335 14636 15217 I WM-WorkerWrapper: 	at o.MutableConfig.AnimatedBarChartKtAnimatedBarChart1112(:259)
03-02 00:57:15.335 14636 15217 I WM-WorkerWrapper: 	at o.getUseCaseInfo.run(:49)
03-02 00:57:15.335 14636 15217 I WM-WorkerWrapper: 	at o.TagBundle$Architecture.run(:96)
03-02 00:57:15.335 14636 15217 I WM-WorkerWrapper: 	at java.util.concurrent.ThreadPoolExecutor.runWorker(ThreadPoolExecutor.java:1154)
03-02 00:57:15.335 14636 15217 I WM-WorkerWrapper: 	at java.util.concurrent.ThreadPoolExecutor$Worker.run(ThreadPoolExecutor.java:652)
03-02 00:57:15.335 14636 15217 I WM-WorkerWrapper: 	at java.lang.Thread.run(Thread.java:1563)
03-02 00:57:15.335  1507  1563 I SurfaceFlinger: id=155874 createSurf, flag=44004, Splash Screen com.podcast.app.debug.test$_2746#155874
03-02 00:57:15.336  3202  4701 I HoneySpace.RecentTasks: onRecentTasksChanged
03-02 00:57:15.339  1507  1825 I SurfaceFlinger: Capture layer list: 	 com.podcast.app.debug/androidx.activity.ComponentActivity$_17121#155863(seamlessTransition:0)
03-02 00:57:15.339  2013  4843 I WindowManager: Relayout hash=5b97c92, pid=2746, syncId=-1: mAttrs={(0,0)(fillxfill) sim={adjust=pan} layoutInDisplayCutoutMode=always ty=APPLICATION_STARTING fmt=TRANSLUCENT
03-02 00:57:15.339  2013  4843 I WindowManager:   fl=81030118
03-02 00:57:15.339  2013  4843 I WindowManager:   pfl=10000810
03-02 00:57:15.339  2013  4843 I WindowManager:   apr=18
03-02 00:57:15.339  2013  4843 I WindowManager:   bhv=1
03-02 00:57:15.339  2013  4843 I WindowManager:   fitSides=0
03-02 00:57:15.339  2013  4843 I WindowManager:   frameRateBoostOnTouch=true
03-02 00:57:15.339  2013  4843 I WindowManager:   dvrrWindowFrameRateHint=true naviIconColor=0}
03-02 00:57:15.340 14885 14885 I System.out: SceneSafeLifecycleDispatcher: onStopped Start
03-02 00:57:15.340 14885 14885 I System.out: SAFActivity V Scene Framework: NavigationMessageQueue postSync start
03-02 00:57:15.340 14885 14885 I System.out: SAFActivity V Scene Framework: NavigationMessageQueue postSync run current task start 14_Y.ARunnableS108S0200000_32@a3a9a0a
03-02 00:57:15.340 14885 14885 I System.out: SAFActivity V Scene Framework: NavigationSceneManager Sync Scene SAFFragmentRootScene{79e191c} Lifecycle [STARTED -> ACTIVITY_CREATED] without saved State
03-02 00:57:15.340 14885 14885 I System.out: SAFFragmentRootScene: onStop Start (SAFFragmentRootScene{79e191c})
03-02 00:57:15.340 14636 15217 D WM-WorkerWrapper: Status for f23029b8-b7a3-4a93-aaf6-b7c7a26dfe9e is RUNNING; not doing any work and rescheduling for later execution
03-02 00:57:15.341  2746  2808 I InsetsController: onStateChanged: host=Splash Screen com.podcast.app.debug.test, from=android.view.ViewRootImpl.onInsetsStateChanged:3026, state=InsetsState: {mDisplayFrame=Rect(0, 0 - 1080, 2340), mDisplayCutout=DisplayCutout{insets=Rect(0, 80 - 0, 0) waterfall=Insets{left=0, top=0, right=0, bottom=0} boundingRect={Bounds=[Rect(0, 0 - 0, 0), Rect(472, 0 - 608, 80), Rect(0, 0 - 0, 0), Rect(0, 0 - 0, 0)]} cutoutPathParserInfo={CutoutPathParserInfo{displayWidth=1080 displayHeight=2340 physicalDisplayWidth=1080 physicalDisplayHeight=2340 density={2.8125} cutoutSpec={M 0,0 H -24.177777778 V 28.4444444444 H 24.177777778 V 0 H 0 Z @dp} rotation={0} scale={1.0} physicalPixelDisplaySizeRatio={1.0}}} sideOverrides={}}, mRoundedCorners=RoundedCorners{[RoundedCorner{position=TopLeft, radius=113, center=Point(113, 113)}, RoundedCorner{position=TopRight, radius=113, center=Point(967, 113)}, RoundedCorner{position=BottomRight, radius=113, center=Point(967, 2227)}, RoundedCorner{position=BottomLeft, radius=113, center=Point(113, 2227)}]}  mRoundedCornerFrame=Rect(0, 0 - 1080, 2340), mPrivacyIndicatorBounds=PrivacyIndicatorBounds {static bounds=Rect(956, 0 - 1080, 80) rotation=0}, mDisplayShape=DisplayShape{ spec=-311912193 displayWidth=1080 displayHeight=2340 physicalPixelDisplaySizeRatio=1.0 rotation=0 offsetX=0 offsetY=0 scale=1.0}, mSources= { InsetsSource: {e9af0000 mType=statusBars mFrame=[0,0][1080,80] mVisible=true mFlags= mSideHint=TOP mBoundingRects=null}, InsetsSource: {e9af0005 mType=mandatorySystemGestures mFrame=[0,0][1080,114] mVisible=true mFlags= mSideHint=TOP mBoundingRects=null}, InsetsSource: {e9af0006 mType=tappableElement mFrame=[0,0][1080,80] mVisible=true mFlags= mSideHint=TOP mBoundingRects=null}, InsetsSource: {3 mType=ime mFrame=[0,0][0,0] mVisible=false mFlags= mSideHint=NONE mBoundingRects=null}, InsetsSource: {27 mType=displayCutout mFrame=[0,0][1080,80] mVisible=true mFlags= mSideHint=TOP mBoundingRects=null}, InsetsSource: {26ed0001 mType=navigationBars mFrame=[0,2298][1080,2340] mVisible=true mFlags=SUPPRESS_SCRIM mSideHint=BOTTOM mBoundingRects=null}, InsetsSource: {26ed0004 mType=systemGestures mFrame=[0,0][84,2340] mVisible=true mFlags= mSideHint=LEFT mBoundingRects=null}, InsetsSource: {26ed0005 mType=mandatorySystemGestures mFrame=[0,2250][1080,2340] mVisible=true mFlags= mSideHint=BOTTOM mBoundingRects=null}, InsetsSource: {26ed0006 mType=tappableElement mFrame=[0,0][0,0] mVisible=true mFlags= mSideHint=NONE mBoundingRects=null}, InsetsSource: {26ed0024 mType=systemGestures mFrame=[996,0][1080,2340] mVisible=true mFlags= mSideHint=RIGHT mBoundingRects=null} }
03-02 00:57:15.341  2746  2808 I VRI[test]@62e136d: onActiveControlsChanged, removed=false, mAdded=true, caller=android.view.ViewRootImpl.handleInsetsControlChanged:3002 android.view.ViewRootImpl.relayoutWindow:11629 android.view.ViewRootImpl.performTraversals:4804 android.view.ViewRootImpl.doTraversal:3924 android.view.ViewRootImpl$TraversalRunnable.run:12903
03-02 00:57:15.341  2746  2808 D BufferQueueConsumer: [](id:aba00001e12,api:0,p:-1,c:2746) connect: controlledByApp=false
03-02 00:57:15.341  2013  2600 D AS.MultiSoundManager: mForegroundUid = 10687
03-02 00:57:15.342  2746  2808 I BLASTBufferQueue: [VRI[test]@62e136d#7698](f:0,a:0,s:0) constructor()
03-02 00:57:15.342  2746  2808 I BLASTBufferQueue_Java: new BLASTBufferQueue, mName= VRI[test]@62e136d mNativeObject= 0xb4000076ae46b000 caller= android.view.ViewRootImpl.updateBlastSurfaceIfNeeded:3585 android.view.ViewRootImpl.relayoutWindow:11685 android.view.ViewRootImpl.performTraversals:4804 android.view.ViewRootImpl.doTraversal:3924 android.view.ViewRootImpl$TraversalRunnable.run:12903 android.view.Choreographer$CallbackRecord.run:1901 android.view.Choreographer$CallbackRecord.run:1910 android.view.Choreographer.doCallbacks:1367 android.view.Choreographer.doFrame:1292 android.view.Choreographer$FrameDisplayEventReceiver.run:1870
03-02 00:57:15.342  2746  2808 I BLASTBufferQueue_Java: update, w= 1080 h= 2340 mName = VRI[test]@62e136d mNativeObject= 0xb4000076ae46b000 sc.mNativeObject= 0xb40000770f313500 format= -3 caller= android.view.ViewRootImpl.updateBlastSurfaceIfNeeded:3590 android.view.ViewRootImpl.relayoutWindow:11685 android.view.ViewRootImpl.performTraversals:4804 android.view.ViewRootImpl.doTraversal:3924 android.view.ViewRootImpl$TraversalRunnable.run:12903 android.view.Choreographer$CallbackRecord.run:1901
03-02 00:57:15.342  2746  2808 I BLASTBufferQueue: [VRI[test]@62e136d#7698](f:0,a:0,s:0) update width=1080 height=2340 format=-3 mTransformHint=0
03-02 00:57:15.342  2746  2808 I VRI[test]@62e136d: Relayout returned: old=(0,0,1080,2340) new=(0,0,1080,2340) relayoutAsync=false req=(1080,2340)0 dur=13 res=0x3 s={true 0xb40000767233aa00} ch=true seqId=0
03-02 00:57:15.344  2746  2808 I VRI[test]@62e136d: performConfigurationChange setNightDimText nightDimLevel=0
03-02 00:57:15.344  1507  1507 I SurfaceFlinger: [Display 0 name="Built-in Screen"#49] setFrameRateCategory: High
03-02 00:57:15.344  1507  1507 I SurfaceFlinger: [LayerHierarchy{RequestedLayerState{ImeContainer#15 parentId=155857 relativeParentId=155857 z=1} 1 children}] RelativeParent to null
03-02 00:57:15.344  1507  1507 I SurfaceFlinger: [5b97c92 Splash Screen com.podcast.app.debug.test#155873] attach to parent LayerHierarchy{RequestedLayerState{ActivityRecord{165924265 u0 com.podcast.app.debug.test/androidx.test.core.app.InstrumentationActivityInvoker$EmptyActivity t44865}#155872 parentId=155871} 1 children}
03-02 00:57:15.344  1507  1507 I SurfaceFlinger: [Splash Screen com.podcast.app.debug.test$_2746#155874] attach to parent LayerHierarchy{RequestedLayerState{5b97c92 Splash Screen com.podcast.app.debug.test#155873 parentId=155872} 1 children}
03-02 00:57:15.344  2746  2808 D VRI[test]@62e136d: mThreadedRenderer.initialize() mSurface={isValid=true 0xb40000767233aa00} hwInitialized=true
03-02 00:57:15.345  2746  2808 D VRI[test]@62e136d: reportNextDraw android.view.ViewRootImpl.performTraversals:5443 android.view.ViewRootImpl.doTraversal:3924 android.view.ViewRootImpl$TraversalRunnable.run:12903 android.view.Choreographer$CallbackRecord.run:1901 android.view.Choreographer$CallbackRecord.run:1910
03-02 00:57:15.345  2746  2808 D VRI[test]@62e136d: Setup new sync=wmsSync-VRI[test]@62e136d#13
03-02 00:57:15.345  2746  2808 I VRI[test]@62e136d: Creating new active sync group VRI[test]@62e136d#14
03-02 00:57:15.348  2746  2808 D VRI[test]@62e136d: registerCallbacksForSync syncBuffer=false
03-02 00:57:15.349  2746  2865 D VRI[test]@62e136d: Received frameDrawingCallback syncResult=0 frameNum=1.
03-02 00:57:15.349  2746  2865 I VRI[test]@62e136d: mWNT: t=0xb40000771f6f1800 mBlastBufferQueue=0xb4000076ae46b000 fn= 1 HdrRenderState mRenderHdrSdrRatio=1.0 caller= android.view.ViewRootImpl$12.onFrameDraw:15441 android.view.ThreadedRenderer$1.onFrameDraw:718 <bottom of call stack>
03-02 00:57:15.349  2746  2865 I VRI[test]@62e136d: Setting up sync and frameCommitCallback
03-02 00:57:15.349 14636 14636 D WM-Processor: MutableConfig f23029b8-b7a3-4a93-aaf6-b7c7a26dfe9e executed; reschedule = true
03-02 00:57:15.351 17532 17532 I DecorView: setWindowBackground: isPopOver=false color=ffffffff d=android.graphics.drawable.ColorDrawable@7d49250
03-02 00:57:15.353  2746  2870 I BLASTBufferQueue: [VRI[test]@62e136d#7698](f:0,a:0,s:0) onFrameAvailable the first frame is available
03-02 00:57:15.354  2746  2870 I BLASTBufferQueue: [VRI[test]@62e136d#7698](f:0,a:1,s:0) acquireNextBufferLocked size=1080x2340 mFrameNumber=1 applyTransaction=true mTimestamp=491114354409810(auto) mPendingTransactions.size=0 graphicBufferId=11793980283407 transform=0
03-02 00:57:15.355 17532 17532 I ViewRootImpl: dVRR is disabled
03-02 00:57:15.355 17532 17563 D NativeCustomFrequencyManager: [NativeCFMS] BpCustomFrequencyManager::BpCustomFrequencyManager()
03-02 00:57:15.356  2746  2870 I VRI[test]@62e136d: Received frameCommittedCallback lastAttemptedDrawFrameNum=1 didProduceBuffer=true
03-02 00:57:15.357  2746  2870 D HWUI    : CFMS:: SetUp Pid : 2746    Tid : 2870
03-02 00:57:15.357  1445 16865 W C2MtkBufferManager: [0xB4000070F68A9420] fetchNewCcBlock: wait fence 0x0xb4000070f692fea0 timed out. ret 110
03-02 00:57:15.357  2013  4835 D InputTransport: Input channel constructed: 'a9efcb6', fd=1074
03-02 00:57:15.357  2013  4835 D InputTransport: Input channel constructed: 'a9efcb6', fd=1083
03-02 00:57:15.357  2746  2808 D VRI[test]@62e136d: reportDrawFinished seqId=0
03-02 00:57:15.357  2013  4835 D InputTransport: Input channel constructed: 'a9efcb6', fd=1090
03-02 00:57:15.357  2013  4835 D InputTransport: Input channel destroyed: 'a9efcb6', fd=1083
03-02 00:57:15.358  1507  2393 I SurfaceFlinger: id=155875 createSurf, flag=84004, a9efcb6 com.podcast.app.debug.test/androidx.test.core.app.InstrumentationActivityInvoker$EmptyActivity#155875
03-02 00:57:15.358  1507  1507 I BpBinder: onLastStrongRef automatically unlinking death recipients:
03-02 00:57:15.359  2013  4835 D InputTransport: Input channel destroyed: 'a9efcb6', fd=1090
03-02 00:57:15.361  2013  2065 D PkgPredictorService-SecIpmManagerServiceImpl: onForegroundActivitiesChanged pid:17532 uid:10687
03-02 00:57:15.362 17532 17532 D InputTransport: Input channel constructed: 'a9efcb6', fd=119
03-02 00:57:15.362 14885 14885 I System.out: SAFActivity V Scene Framework: NavigationMessageQueue postSync run current task finish 14_Y.ARunnableS108S0200000_32@a3a9a0a
03-02 00:57:15.362 14885 14885 I System.out: SAFActivity V Scene Framework: NavigationMessageQueue postSync finish
03-02 00:57:15.362 14885 14885 I System.out: SceneSafeLifecycleDispatcher: onStopped End STOP
03-02 00:57:15.362 14885 14885 I System.out: SAFActivity: com.ss.android.ugc.aweme.main.MainActivity@c20428f,  onStop End
03-02 00:57:15.362 14885 14885 D SV[6876039 SplashActivity]: updateSurface: surface is not valid
03-02 00:57:15.363 14885 14885 I SV[6876039 SplashActivity]: releaseSurfaces: viewRoot = VRI[SplashActivity]@35f4eb8
03-02 00:57:15.363 14885 14885 D VRI[SplashActivity]@35f4eb8: applyTransactionOnDraw applyImmediately
03-02 00:57:15.363 14885 14885 D SV[7374587 SplashActivity]: updateSurface: surface is not valid
03-02 00:57:15.363 14885 14885 I SV[7374587 SplashActivity]: releaseSurfaces: viewRoot = VRI[SplashActivity]@35f4eb8
03-02 00:57:15.363 14885 14885 D VRI[SplashActivity]@35f4eb8: applyTransactionOnDraw applyImmediately
03-02 00:57:15.363 14885 14885 D SV[137774491 SplashActivity]: updateSurface: surface is not valid
03-02 00:57:15.363  1646  5384 I CameraService: onUidStateChanged: uid=10492, procState is changed. (10 -> 19)
03-02 00:57:15.364 17532 17532 I InsetsController: onStateChanged: host=com.podcast.app.debug.test/androidx.test.core.app.InstrumentationActivityInvoker$EmptyActivity, from=android.view.ViewRootImpl.onInsetsStateChanged:3026, state=InsetsState: {mDisplayFrame=Rect(0, 0 - 1080, 2340), mDisplayCutout=DisplayCutout{insets=Rect(0, 80 - 0, 0) waterfall=Insets{left=0, top=0, right=0, bottom=0} boundingRect={Bounds=[Rect(0, 0 - 0, 0), Rect(472, 0 - 608, 80), Rect(0, 0 - 0, 0), Rect(0, 0 - 0, 0)]} cutoutPathParserInfo={CutoutPathParserInfo{displayWidth=1080 displayHeight=2340 physicalDisplayWidth=1080 physicalDisplayHeight=2340 density={2.8125} cutoutSpec={M 0,0 H -24.177777778 V 28.4444444444 H 24.177777778 V 0 H 0 Z @dp} rotation={0} scale={1.0} physicalPixelDisplaySizeRatio={1.0}}} sideOverrides={}}, mRoundedCorners=RoundedCorners{[RoundedCorner{position=TopLeft, radius=113, center=Point(113, 113)}, RoundedCorner{position=TopRight, radius=113, center=Point(967, 113)}, RoundedCorner{position=BottomRight, radius=113, center=Point(967, 2227)}, RoundedCorner{position=BottomLeft, radius=113, center=Point(113, 2227)}]}  mRoundedCornerFrame=Rect(0, 0 - 1080, 2340), mPrivacyIndicatorBounds=PrivacyIndicatorBounds {static bounds=Rect(956, 0 - 1080, 80) rotation=0}, mDisplayShape=DisplayShape{ spec=-311912193 displayWidth=1080 displayHeight=2340 physicalPixelDisplaySizeRatio=1.0 rotation=0 offsetX=0 offsetY=0 scale=1.0}, mSources= { InsetsSource: {e9af0000 mType=statusBars mFrame=[0,0][1080,80] mVisible=true mFlags= mSideHint=TOP mBoundingRects=null}, InsetsSource: {e9af0005 mType=mandatorySystemGestures mFrame=[0,0][1080,114] mVisible=true mFlags= mSideHint=TOP mBoundingRects=null}, InsetsSource: {e9af0006 mType=tappableElement mFrame=[0,0][1080,80] mVisible=true mFlags= mSideHint=TOP mBoundingRects=null}, InsetsSource: {3 mType=ime mFrame=[0,0][0,0] mVisible=false mFlags= mSideHint=NONE mBoundingRects=null}, InsetsSource: {27 mType=displayCutout mFrame=[0,0][1080,80] mVisible=true mFlags= mSideHint=TOP mBoundingRects=null}, InsetsSource: {26ed0001 mType=navigationBars mFrame=[0,2298][1080,2340] mVisible=true mFlags=SUPPRESS_SCRIM mSideHint=BOTTOM mBoundingRects=null}, InsetsSource: {26ed0004 mType=systemGestures mFrame=[0,0][84,2340] mVisible=true mFlags= mSideHint=LEFT mBoundingRects=null}, InsetsSource: {26ed0005 mType=mandatorySystemGestures mFrame=[0,2250][1080,2340] mVisible=true mFlags= mSideHint=BOTTOM mBoundingRects=null}, InsetsSource: {26ed0006 mType=tappableElement mFrame=[0,0][0,0] mVisible=true mFlags= mSideHint=NONE mBoundingRects=null}, InsetsSource: {26ed0024 mType=systemGestures mFrame=[996,0][1080,2340] mVisible=true mFlags= mSideHint=RIGHT mBoundingRects=null} }
03-02 00:57:15.364 14885 14885 I SV[137774491 SplashActivity]: releaseSurfaces: viewRoot = VRI[SplashActivity]@35f4eb8
03-02 00:57:15.364 14885 14885 D VRI[SplashActivity]@35f4eb8: applyTransactionOnDraw applyImmediately
03-02 00:57:15.364 14636 15264 D WM-GreedyScheduler: Cancelling work ID f23029b8-b7a3-4a93-aaf6-b7c7a26dfe9e
03-02 00:57:15.365  2013  3282 V PkgPredictorService-SecIpmManagerServiceImpl: discard foreground app:com.podcast.app.debug.test 1|true
03-02 00:57:15.365 17532 17532 I VRI[InstrumentationActivityInvoker$EmptyActivity]@cd25a6f: synced displayState. AttachInfo displayState=2
03-02 00:57:15.365 17532 17532 I VRI[InstrumentationActivityInvoker$EmptyActivity]@cd25a6f: setView = com.android.internal.policy.DecorView@a5a9c5a IsHRR=false mFlingFrameRateChange=0 TM=true
03-02 00:57:15.366 14885 14885 I System.out: SAFActivity V Scene Framework: NavigationSceneManager forceExecutePendingNavigationOperation start
03-02 00:57:15.366 14885 14885 I System.out: SAFActivity V Scene Framework: NavigationMessageQueue postSync start
03-02 00:57:15.366  1507  1507 I SurfaceFlinger: [a9efcb6 com.podcast.app.debug.test/androidx.test.core.app.InstrumentationActivityInvoker$EmptyActivity#155875] attach to parent LayerHierarchy{RequestedLayerState{ActivityRecord{165924265 u0 com.podcast.app.debug.test/androidx.test.core.app.InstrumentationActivityInvoker$EmptyActivity t44865}#155872 parentId=155871} 2 children}
03-02 00:57:15.366 14885 14885 I System.out: SAFActivity V Scene Framework: NavigationMessageQueue postSync run current task start 0_Y.ARunnableS90S0000000_15@873f256
03-02 00:57:15.366 14885 14885 I System.out: SAFActivity V Scene Framework: NavigationMessageQueue postSync run current task finish 0_Y.ARunnableS90S0000000_15@873f256
03-02 00:57:15.366 14885 14885 I System.out: SAFActivity V Scene Framework: NavigationMessageQueue postSync finish
03-02 00:57:15.367 14885 14885 I System.out: SAFActivity V Scene Framework: NavigationSceneManager forceExecutePendingNavigationOperation finish
03-02 00:57:15.367 14885 14885 I System.out: SAFActivity: com.ss.android.ugc.aweme.main.MainActivity@c20428f,  onSaveInstanceState Start
03-02 00:57:15.367 17532 17563 D HWUI    : HWUI - treat SMPTE_170M as sRGB
03-02 00:57:15.368  1507  1563 I SurfaceFlinger: id=155876 createSurf, flag=84004, Transition Root: Task=44865#155876
03-02 00:57:15.369  2013  2844 W ParceledListSlice: Element #30 is 21544 bytes.
03-02 00:57:15.369 14885 14885 I System.out: SceneSafeLifecycleDispatcher: onSaveInstanceState Start
03-02 00:57:15.369 14885 14885 I System.out: SAFFragmentRootScene: onSaveInstanceState Start (SAFFragmentRootScene{79e191c})
03-02 00:57:15.369 14885 14885 I System.out: SceneSafeLifecycleDispatcher: onSaveInstanceState End STOP
03-02 00:57:15.370 14885 14885 I System.out: SAFActivity: com.ss.android.ugc.aweme.main.MainActivity@c20428f,  onSaveInstanceState End
03-02 00:57:15.370  2746  2746 I {OngoingActivityController}: onTaskFocusChanged but OA data is empty
03-02 00:57:15.370 14885 14885 W System.err: onActivityPostSaveInstanceState store finished---->com.ss.android.ugc.aweme.main.MainActivity@c20428f
03-02 00:57:15.370 14636 15264 W JobInfo : Requested important-while-foreground flag for job3671 is ignored and takes no effect
03-02 00:57:15.370 14636 15264 D WM-SystemJobScheduler: Scheduling work ID f23029b8-b7a3-4a93-aaf6-b7c7a26dfe9eJob ID 3671
03-02 00:57:15.372  2013  2068 I SurfaceControlRegistry: show, t=StartTransaction_SyncId<11254> sc=ActivityRecord{165924265 u0 com.podcast.app.debug.test/androidx.test.core.app.InstrumentationActivityInvoker$EmptyActivity t44865}, caller=android.view.SurfaceControl$Transaction.show:3557 com.android.server.wm.Transition.onTransactionReady:2048 com.android.server.wm.BLASTSyncEngine$SyncGroup.finishNow:240 com.android.server.wm.BLASTSyncEngine.onSurfacePlacement:263 com.android.server.wm.RootWindowContainer.performSurfacePlacementNoTrace:1083 com.android.server.wm.WindowSurfacePlacer.performSurfacePlacement:166
03-02 00:57:15.373  1507  1565 E SfCpu   :  sched_setaffinity return fail 1461
03-02 00:57:15.373  1507  1565 E SfCpu   :  sched_setaffinity return fail 1444
03-02 00:57:15.373 14885 14885 D SV[6876039 SplashActivity]: updateSurface: surface is not valid
03-02 00:57:15.373 14885 14885 I SV[6876039 SplashActivity]: releaseSurfaces: viewRoot = VRI[SplashActivity]@35f4eb8
03-02 00:57:15.373 14885 14885 D VRI[SplashActivity]@35f4eb8: applyTransactionOnDraw applyImmediately
03-02 00:57:15.373  3202  3386 I HoneySpace.TopTaskSource: onTaskFocusChanged(): taskId = 44865
03-02 00:57:15.373  2013  2068 D ScreenCapture: [Capture_TEST] : setIsScreenShotBySystem false
03-02 00:57:15.373  2013  2068 I SurfaceComposerClient: captureLayers:childrenOnly:1, sync:1
03-02 00:57:15.374 14885 14885 D SV[7374587 SplashActivity]: updateSurface: surface is not valid
03-02 00:57:15.374 14885 14885 I SV[7374587 SplashActivity]: releaseSurfaces: viewRoot = VRI[SplashActivity]@35f4eb8
03-02 00:57:15.374 14885 14885 D VRI[SplashActivity]@35f4eb8: applyTransactionOnDraw applyImmediately
03-02 00:57:15.374 14885 14885 D SV[137774491 SplashActivity]: updateSurface: surface is not valid
03-02 00:57:15.374 14885 14885 I SV[137774491 SplashActivity]: releaseSurfaces: viewRoot = VRI[SplashActivity]@35f4eb8
03-02 00:57:15.374 14885 14885 D VRI[SplashActivity]@35f4eb8: applyTransactionOnDraw applyImmediately
03-02 00:57:15.374  3202  3202 I HoneySpace.EdgePanel.CocktailHostRepositoryImpl: onNoteResume
03-02 00:57:15.374  3202  3202 I HoneySpace.EdgePanel.EdgePanelContainerViewModel: cocktailHostRepository.edgePanelOperation NoteResumeComponent(componentName=ComponentInfo{com.podcast.app.debug.test/androidx.test.core.app.InstrumentationActivityInvoker$EmptyActivity})
03-02 00:57:15.374  3202  3202 I HoneySpace.EdgePanel.ActivityUtils: HomePackage : com.sec.android.app.launcher, resumePackageName : com.podcast.app.debug.test, className : androidx.test.core.app.InstrumentationActivityInvoker$EmptyActivity
03-02 00:57:15.374  1507  1845 D SurfaceFlinger: [input] setFocusedWindow: <null>
03-02 00:57:15.375  1507  1845 D SurfaceFlinger: updateWinowInfo=1, setFocusedWindow timestamp=491114343831656, windowName=<null>
03-02 00:57:15.375  2013  4835 D InputDispatcher: Focus left window (0): 34932b3 com.podcast.app.debug/androidx.activity.ComponentActivity
03-02 00:57:15.375  2013  2252 D InputDispatcher: Once focus requested (0): <null>
03-02 00:57:15.378 17121 17121 I ImeFocusController: onPreWindowFocus: skipped hasWindowFocus=false mHasImeFocus=true
03-02 00:57:15.378  2746  2798 I SurfaceControlRegistry: hide, t=FinishTransaction_SyncId<11254> sc=Task=44864, caller=android.view.SurfaceControl$Transaction.hide:3583 com.android.wm.shell.transition.Transitions.dispatchReady:1263 com.android.wm.shell.transition.Transitions.onTransitionReady:251 com.android.wm.shell.transition.Transitions$TransitionPlayerImpl$$ExternalSyntheticLambda0.run:13 android.os.Handler.handleCallback:995 android.os.Handler.dispatchMessage:103
03-02 00:57:15.379  2746  2798 I SurfaceControlRegistry: show, t=StartTransaction_SyncId<11254> sc=Task=44865, caller=android.view.SurfaceControl$Transaction.show:3557 com.android.wm.shell.transition.Transitions.dispatchReady:1279 com.android.wm.shell.transition.Transitions.onTransitionReady:251 com.android.wm.shell.transition.Transitions$TransitionPlayerImpl$$ExternalSyntheticLambda0.run:13 android.os.Handler.handleCallback:995 android.os.Handler.dispatchMessage:103
03-02 00:57:15.379 17121 17121 I ImeFocusController: onPostWindowFocus: skipped hasWindowFocus=false mHasImeFocus=true
03-02 00:57:15.379  2746  2798 I SurfaceControlRegistry: show, t=FinishTransaction_SyncId<11254> sc=Task=44865, caller=android.view.SurfaceControl$Transaction.show:3557 com.android.wm.shell.transition.Transitions.dispatchReady:1330 com.android.wm.shell.transition.Transitions.onTransitionReady:251 com.android.wm.shell.transition.Transitions$TransitionPlayerImpl$$ExternalSyntheticLambda0.run:13 android.os.Handler.handleCallback:995 android.os.Handler.dispatchMessage:103
03-02 00:57:15.380  2746  2798 I SurfaceControlRegistry: show, t=StartTransaction_SyncId<11254> sc=Transition Root: Task=44865, caller=android.view.SurfaceControl$Transaction.show:3557 com.android.wm.shell.transition.Transitions.playTransition:79 com.android.wm.shell.transition.Transitions.processReadyQueue:239 com.android.wm.shell.transition.Transitions.dispatchReady:1352 com.android.wm.shell.transition.Transitions.onTransitionReady:251 com.android.wm.shell.transition.Transitions$TransitionPlayerImpl$$ExternalSyntheticLambda0.run:13
03-02 00:57:15.381  5235  5235 I InputMethodService: removeImeSurface
03-02 00:57:15.381  5235  5235 I InputMethodService: cancelImeSurfaceRemoval: removeCallbacks
03-02 00:57:15.382 14885 14899 W System  : A resource failed to call close.
03-02 00:57:15.383  1507  1507 I SurfaceFlinger: [Transition Root: Task=44865#155876] attach to parent LayerHierarchy{RequestedLayerState{DefaultTaskDisplayArea_d0#10 parentId=9} 47 children}
03-02 00:57:15.385  1507  2393 I SurfaceFlinger: Capture layer list: 	 com.podcast.app.debug/androidx.activity.ComponentActivity$_17121#155863(seamlessTransition:0)
03-02 00:57:15.385  1507  1563 I SurfaceFlinger: id=155877 createSurf, flag=20004, DimTransitionLayer for Surface(name=Task=44865)/@0x778fe87#155877
03-02 00:57:15.387  1445  2902 W C2MtkBufferManager: [0xB4000070F507E520] fetchNewCcBlock: wait fence 0x0xb4000070f5058270 timed out. ret 110
03-02 00:57:15.387  2746  2798 I SurfaceControlRegistry: show, t=StartTransaction_SyncId<11254> sc=DimTransitionLayer for Surface(name=Task=44865)/@0x778fe87, caller=android.view.SurfaceControl$Transaction.show:3557 com.android.wm.shell.transition.DefaultTransitionHandler.startAnimation:2837 com.android.wm.shell.transition.Transitions.dispatchTransition:90 com.android.wm.shell.transition.Transitions.playTransition:774 com.android.wm.shell.transition.Transitions.processReadyQueue:239 com.android.wm.shell.transition.Transitions.dispatchReady:1352
03-02 00:57:15.387  2746  2798 I SurfaceControlRegistry: apply, t=StartTransaction_SyncId<11254>, caller=android.view.SurfaceControl$Transaction.apply:3459 android.view.SurfaceControl$Transaction.apply:3447 android.view.SurfaceControl$Transaction.apply:3397 com.android.wm.shell.transition.DefaultTransitionHandler.startAnimation:3292 com.android.wm.shell.transition.Transitions.dispatchTransition:90 com.android.wm.shell.transition.Transitions.playTransition:774
03-02 00:57:15.388  1444  1444 I hwcomposer: [HWCDisplay] (0 updateFps():4131), (type:1, mode:2) fps:83.553566,dur:1005.34,max:31.35,min:5.98
03-02 00:57:15.390  1507  1507 I SurfaceFlinger: RequestedLayer [5b97c92 Splash Screen com.podcast.app.debug.test#155873] hidden!! flag  from(1) --> to(0)
03-02 00:57:15.390  1507  1507 I SurfaceFlinger: RequestedLayer [a9efcb6 com.podcast.app.debug.test/a[...]ActivityInvoker$EmptyActivity#155875] hidden!! flag  from(1) --> to(0)
03-02 00:57:15.390  1507  1507 I SurfaceFlinger: RequestedLayer [Splash Screen com.podcast.app.debug.test$_2746#155874] hidden!! flag  from(1) --> to(0)
03-02 00:57:15.390  1507  1507 I SurfaceFlinger: RequestedLayer [Task=44865#155871] hidden!! flag  from(1) --> to(0)
03-02 00:57:15.390  1507  1507 E SurfaceFlinger: alpha changed 1.000 -> 0.000 - Task=44865#155871
03-02 00:57:15.390  1507  1507 I SurfaceFlinger: RequestedLayer [Transition Root: Task=44865#155876] hidden!! flag  from(1) --> to(0)
03-02 00:57:15.390  1507  1507 I SurfaceFlinger: RequestedLayer [ActivityRecord{165924265 u0 com.podc[...]Invoker$EmptyActivity t44865}#155872] hidden!! flag  from(1) --> to(0)
03-02 00:57:15.390  1507  1507 I SurfaceFlinger: RequestedLayer [DimTransitionLayer for Surface(name=Task=44865)/@0x778fe87#155877] hidden!! flag  from(1) --> to(0)
03-02 00:57:15.390  1507  1507 E SurfaceFlinger: alpha changed 1.000 -> 0.000 - DimTransitionLayer for Surface(name=Task=44865)/@0x778fe87#155877
03-02 00:57:15.390  1507  1507 I SurfaceFlinger: [LayerHierarchy{RequestedLayerState{Task=44864#155856 parentId=155876 z=2} 1 children}] reparent to LayerHierarchy{RequestedLayerState{Transition Root: Task=44865#155876 parentId=10 z=42} 1 children}
03-02 00:57:15.390  1507  1507 I SurfaceFlinger: [LayerHierarchy{RequestedLayerState{Task=44865#155871 parentId=155876 z=5} 1 children}] reparent to LayerHierarchy{RequestedLayerState{Transition Root: Task=44865#155876 parentId=10 z=42} 2 children}
03-02 00:57:15.390  1507  1507 I SurfaceFlinger: [DimTransitionLayer for Surface(name=Task=44865)/@0x778fe87#155877] attach to parent LayerHierarchy{RequestedLayerState{Transition Root: Task=44865#155876 parentId=10 z=42} 3 children}
03-02 00:57:15.392  2746  2808 E FrameTracker: force finish cuj, time out: J<SPLASHSCREEN_EXIT_ANIM>
03-02 00:57:15.393  2746  2808 W FrameTracker: Missed App frame:UNKNOWN: 6, 219727716, 23251639, CUJ=J<SPLASHSCREEN_EXIT_ANIM>
03-02 00:57:15.393  2746  2808 W FrameTracker: Missed App frame:UNKNOWN: 6, 219727759, 26651635, CUJ=J<SPLASHSCREEN_EXIT_ANIM>
03-02 00:57:15.395  1507  1562 I SurfaceFlinger: id=155878 createSurf, flag=84000, 44a4a73 ActivityRecordInputSink com.podcast.app.debug.test/androidx.test.core.app.InstrumentationActivityInvoker$EmptyActivity#155878
03-02 00:57:15.397  1445 16865 W C2MtkBufferManager: [0xB4000070F68A9420] fetchNewCcBlock: wait fence 0x0xb4000070f692fea0 timed out. ret 110
03-02 00:57:15.397  2013  4903 I WindowManager: Relayout Window{a9efcb6 u0 com.podcast.app.debug.test/androidx.test.core.app.InstrumentationActivityInvoker$EmptyActivity}: viewVisibility=0 req=1080x2340 ty=1 d0
03-02 00:57:15.398  1507  1562 I SurfaceFlinger: id=155879 createSurf, flag=44004, com.podcast.app.debug.test/androidx.test.core.app.InstrumentationActivityInvoker$EmptyActivity$_17532#155879
03-02 00:57:15.400  1507  1562 I SurfaceFlinger: id=155880 createSurf, flag=24000, Surface(name=c536234 NavigationBar0)/@0xfac847b - animation-leash of insets_animation#155880
03-02 00:57:15.400  1507  1507 E SurfaceFlinger: alpha changed 0.000 -> 1.000 - Task=44865#155871
03-02 00:57:15.400  1507  1507 I SurfaceFlinger: [44a4a73 ActivityRecordInputSink com.podcast.app.debug.test/androidx.test.core.app.InstrumentationActivityInvoker$EmptyActivity#155878] attach to parent LayerHierarchy{RequestedLayerState{ActivityRecord{165924265 u0 com.podcast.app.debug.test/androidx.test.core.app.InstrumentationActivityInvoker$EmptyActivity t44865}#155872 parentId=155871} 3 children}
03-02 00:57:15.400  1507  1507 I SurfaceFlinger: [com.podcast.app.debug.test/androidx.test.core.app.InstrumentationActivityInvoker$EmptyActivity$_17532#155879] attach to parent LayerHierarchy{RequestedLayerState{a9efcb6 com.podcast.app.debug.test/androidx.test.core.app.InstrumentationActivityInvoker$EmptyActivity#155875 parentId=155872} 1 children}
03-02 00:57:15.400  1507  1507 I SurfaceFlinger: [Surface(name=c536234 NavigationBar0)/@0xfac847b - animation-leash of insets_animation#155880] attach to parent LayerHierarchy{RequestedLayerState{WindowToken{5cf38d1 type=2019 android.os.BinderProxy@916675b}#101 parentId=34} 2 children}
03-02 00:57:15.403  1507  2393 I SurfaceFlinger: id=155881 createSurf, flag=24000, Surface(name=a5d3a68 StatusBar)/@0xd5726d6 - animation-leash of insets_animation#155881
03-02 00:57:15.406  1507  2393 I SurfaceFlinger: id=155882 createSurf, flag=24000, Surface(name=c536234 NavigationBar0)/@0xfac847b - animation-leash of insets_animation#155882
03-02 00:57:15.407 14885 17073 W System.err: FlagsHookHelper: skip hook flags method getInstanceHook
03-02 00:57:15.407  2746  2746 D SamsungLightBarControlHelper: updateStatusBar (BLACK icon) numStacks:1, StatusBarMode:MODE_TRANSPARENT, lightBarBounds:[Rect(0, 0 - 1080, 2340)], StatusBarState:SHADE, packageName:, isWhiteKeyguardStatusBar:true
03-02 00:57:15.407  2746  2746 D SamsungLightBarControlHelper: onStatusBarAppearanceChanged() -  sbModeChanged:false, statusBarMode:0, barState:MODE_TRANSPARENT, isKeyguardShowing:false, navbarColorManagedByIme:false, (AppearanceRegion{LIGHT_STATUS_BARS bounds=[0,0][1080,2340]}, )
03-02 00:57:15.407  1507  1562 I SurfaceFlinger: id=155883 createSurf, flag=24000, Surface(name=a5d3a68 StatusBar)/@0xd5726d6 - animation-leash of insets_animation#155883
03-02 00:57:15.407  2746  2746 D NavigationBar: onSystemBarAttributesChanged() -  displayId:0, appearance:24, packageName: com.podcast.app.debug.test (APPEARANCE_LIGHT_STATUS_BARS APPEARANCE_LIGHT_NAVIGATION_BARS ), navbarColorManagedByIme:false
03-02 00:57:15.408  2013  4903 I SystemKeyManager: requested systemKeyInfo size=1 focusedWindow=com.podcast.app.debug.test/androidx.test.core.app.InstrumentationActivityInvoker$EmptyActivity
03-02 00:57:15.408  2013  4903 I SystemKeyManager: requested systemKeyInfo size=2 focusedWindow=com.podcast.app.debug.test/androidx.test.core.app.InstrumentationActivityInvoker$EmptyActivity
03-02 00:57:15.409  2013  4903 I WindowManager: Relayout hash=a9efcb6, pid=17532, syncId=-1: mAttrs={(0,0)(fillxfill) sim={adjust=pan forwardNavigation} layoutInDisplayCutoutMode=always ty=BASE_APPLICATION
03-02 00:57:15.409  2013  4903 I WindowManager:   fl=81810100
03-02 00:57:15.409  2013  4903 I WindowManager:   pfl=100088c0
03-02 00:57:15.409  2013  4903 I WindowManager:   bhv=1
03-02 00:57:15.409  2013  4903 I WindowManager:   fitSides=0
03-02 00:57:15.409  2013  4903 I WindowManager:   frameRateBoostOnTouch=true
03-02 00:57:15.409  2013  4903 I WindowManager:   dvrrWindowFrameRateHint=true naviIconColor=0}
03-02 00:57:15.411  1507  1507 I SurfaceFlinger: [Surface(name=a5d3a68 StatusBar)/@0xd5726d6 - animation-leash of insets_animation#155881] attach to parent LayerHierarchy{RequestedLayerState{WindowToken{d05298b type=2000 android.os.BinderProxy@163b705}#108 parentId=17} 2 children}
03-02 00:57:15.411  1507  1507 I SurfaceFlinger: [Surface(name=c536234 NavigationBar0)/@0xfac847b - animation-leash of insets_animation#155882] attach to parent LayerHierarchy{RequestedLayerState{WindowToken{5cf38d1 type=2019 android.os.BinderProxy@916675b}#101 parentId=34} 3 children}
03-02 00:57:15.411  1507  1507 I SurfaceFlinger: [Surface(name=a5d3a68 StatusBar)/@0xd5726d6 - animation-leash of insets_animation#155883] attach to parent LayerHierarchy{RequestedLayerState{WindowToken{d05298b type=2000 android.os.BinderProxy@163b705}#108 parentId=17} 3 children}
03-02 00:57:15.411 25915 26075 I Rubin   : [4019] M.c0.k(Unknown Source) : Notify com.samsung.android.rubin.inferenceengine.contextanalytics.engine.loggers.AppUsageLogger's database is updated.
03-02 00:57:15.413 17532 17532 D BufferQueueConsumer: [](id:447c0000000d,api:0,p:-1,c:17532) connect: controlledByApp=false
03-02 00:57:15.414  2746  2746 D NavigationBar: onSystemBarAttributesChanged() -  displayId:0, appearance:16, packageName: com.podcast.app.debug.test (APPEARANCE_LIGHT_NAVIGATION_BARS ), navbarColorManagedByIme:false
03-02 00:57:15.415 17532 17532 I BLASTBufferQueue: [VRI[InstrumentationActivityInvoker$EmptyActivity]@cd25a6f#13](f:0,a:0,s:0) constructor()
03-02 00:57:15.415 17532 17532 I BLASTBufferQueue_Java: new BLASTBufferQueue, mName= VRI[InstrumentationActivityInvoker$EmptyActivity]@cd25a6f mNativeObject= 0xb40000783ac32c00 caller= android.view.ViewRootImpl.updateBlastSurfaceIfNeeded:3585 android.view.ViewRootImpl.relayoutWindow:11685 android.view.ViewRootImpl.performTraversals:4804 android.view.ViewRootImpl.doTraversal:3924 android.view.ViewRootImpl$TraversalRunnable.run:12903 android.view.Choreographer$CallbackRecord.run:1901 android.view.Choreographer$CallbackRecord.run:1910 android.view.Choreographer.doCallbacks:1367 android.view.Choreographer.doFrame:1292 android.view.Choreographer$FrameDisplayEventReceiver.run:1870
03-02 00:57:15.416 17532 17532 I BLASTBufferQueue_Java: update, w= 1080 h= 2340 mName = VRI[InstrumentationActivityInvoker$EmptyActivity]@cd25a6f mNativeObject= 0xb40000783ac32c00 sc.mNativeObject= 0xb400007876b2e100 format= -1 caller= android.view.ViewRootImpl.updateBlastSurfaceIfNeeded:3590 android.view.ViewRootImpl.relayoutWindow:11685 android.view.ViewRootImpl.performTraversals:4804 android.view.ViewRootImpl.doTraversal:3924 android.view.ViewRootImpl$TraversalRunnable.run:12903 android.view.Choreographer$CallbackRecord.run:1901
03-02 00:57:15.416 17532 17532 I BLASTBufferQueue: [VRI[InstrumentationActivityInvoker$EmptyActivity]@cd25a6f#13](f:0,a:0,s:0) update width=1080 height=2340 format=-1 mTransformHint=0
03-02 00:57:15.416 17532 17532 I VRI[InstrumentationActivityInvoker$EmptyActivity]@cd25a6f: Relayout returned: old=(0,0,1080,2340) new=(0,0,1080,2340) relayoutAsync=false req=(1080,2340)0 dur=46 res=0x3 s={true 0xb40000783ab88f00} ch=true seqId=0
03-02 00:57:15.416 17532 17532 I VRI[InstrumentationActivityInvoker$EmptyActivity]@cd25a6f: performConfigurationChange setNightDimText nightDimLevel=0
03-02 00:57:15.418 17532 17532 D VRI[InstrumentationActivityInvoker$EmptyActivity]@cd25a6f: mThreadedRenderer.initialize() mSurface={isValid=true 0xb40000783ab88f00} hwInitialized=true
03-02 00:57:15.419 17532 17532 D VRI[InstrumentationActivityInvoker$EmptyActivity]@cd25a6f: reportNextDraw android.view.ViewRootImpl.performTraversals:5443 android.view.ViewRootImpl.doTraversal:3924 android.view.ViewRootImpl$TraversalRunnable.run:12903 android.view.Choreographer$CallbackRecord.run:1901 android.view.Choreographer$CallbackRecord.run:1910
03-02 00:57:15.419 17532 17532 D VRI[InstrumentationActivityInvoker$EmptyActivity]@cd25a6f: Setup new sync=wmsSync-VRI[InstrumentationActivityInvoker$EmptyActivity]@cd25a6f#26
03-02 00:57:15.419 17532 17532 I VRI[InstrumentationActivityInvoker$EmptyActivity]@cd25a6f: Creating new active sync group VRI[InstrumentationActivityInvoker$EmptyActivity]@cd25a6f#27
03-02 00:57:15.420 25915 26075 I Rubin   : [4019] com.samsung.android.rubin.inferenceengine.contextanalytics.engine.monitors.moment.exercise.ExercisingWithCalendarMonitor.isSatisfiedByCalendarEvent(Unknown Source) : isSatisfiedByCalendarEvent is false
03-02 00:57:15.420 17532 17532 D VRI[InstrumentationActivityInvoker$EmptyActivity]@cd25a6f: registerCallbacksForSync syncBuffer=false
03-02 00:57:15.420 25915 26075 I Rubin   : [4019] com.samsung.android.rubin.inferenceengine.contextanalytics.engine.monitors.moment.exercise.ExercisingWithCmhMonitor.isSatisfiedByCmh(Unknown Source) : isSatisfiedByCmh is false
03-02 00:57:15.422  1507  1507 E SurfaceFlinger: alpha changed 0.000 -> 0.013 - DimTransitionLayer for Surface(name=Task=44865)/@0x778fe87#155877
03-02 00:57:15.422  1507  1507 I SurfaceFlinger: [LayerHierarchy{RequestedLayerState{com.zhiliaoapp.musically/com.ss.android.ugc.aweme.splash.SplashActivity$_14885#155833} no children}] reparent to OffscreenRoot
03-02 00:57:15.422  1507  1507 I SurfaceFlinger: [LayerHierarchy{RequestedLayerState{com.zhiliaoapp.musically/com.ss.android.ugc.aweme.splash.SplashActivity$_14885#155833} no children}] RelativeParent to null
03-02 00:57:15.426  1507  1507 I SurfaceFlinger: onHandleDestroyed: layerId=155833, name=com.zhiliaoapp.musically/com.ss.android.ugc.aweme.splash.SplashActivity$_14885#155833
03-02 00:57:15.426  1507  1507 I SurfaceFlinger: id=155833 Removed com.zhiliaoapp.musically/com.ss.android.ugc.aweme.splash.SplashActivity$_14885#155833 (340)
03-02 00:57:15.427 17532 17582 D VRI[InstrumentationActivityInvoker$EmptyActivity]@cd25a6f: Received frameDrawingCallback syncResult=0 frameNum=1.
03-02 00:57:15.427 17532 17582 I VRI[InstrumentationActivityInvoker$EmptyActivity]@cd25a6f: mWNT: t=0xb40000783ad03c00 mBlastBufferQueue=0xb40000783ac32c00 fn= 1 HdrRenderState mRenderHdrSdrRatio=1.0 caller= android.view.ViewRootImpl$12.onFrameDraw:15441 android.view.ThreadedRenderer$1.onFrameDraw:718 <bottom of call stack>
03-02 00:57:15.427 17532 17582 I VRI[InstrumentationActivityInvoker$EmptyActivity]@cd25a6f: Setting up sync and frameCommitCallback
03-02 00:57:15.428 17532 17563 I BLASTBufferQueue: [VRI[InstrumentationActivityInvoker$EmptyActivity]@cd25a6f#13](f:0,a:0,s:0) onFrameAvailable the first frame is available
03-02 00:57:15.428 17532 17563 I BLASTBufferQueue: [VRI[InstrumentationActivityInvoker$EmptyActivity]@cd25a6f#13](f:0,a:1,s:0) acquireNextBufferLocked size=1080x2340 mFrameNumber=1 applyTransaction=true mTimestamp=491114429169887(auto) mPendingTransactions.size=0 graphicBufferId=75299366633524 transform=0
03-02 00:57:15.428 17532 17563 I VRI[InstrumentationActivityInvoker$EmptyActivity]@cd25a6f: Received frameCommittedCallback lastAttemptedDrawFrameNum=1 didProduceBuffer=true
03-02 00:57:15.429 17532 17563 D HWUI    : CFMS:: SetUp Pid : 17532    Tid : 17563
03-02 00:57:15.429 17532 17532 D VRI[InstrumentationActivityInvoker$EmptyActivity]@cd25a6f: reportDrawFinished seqId=0
03-02 00:57:15.432  2013  4843 W ParceledListSlice: Element #30 is 21544 bytes.
03-02 00:57:15.434  1507  1507 D SurfaceFlinger: Display 4627039422300187648 HWC layers:
03-02 00:57:15.434  1507  1507 D SurfaceFlinger:        CLIENT |           73534135074872 | 00002102 | RGBA_8888    |   21.0    0.0 1080.0 2340.0 |    0    0 1080 2340 | com.podcast.app.debug/androidx.activity.ComponentActivity$_17121#155863 (2)
03-02 00:57:15.434  1507  1507 D SurfaceFlinger:   SOLID_COLOR |                        0 | 00000000 | N/A          |    0.0    0.0    0.0    0.0 |    0    0 1080 2340 | DimTransitionLayer for Surface(name=Task=44865)/@0x778fe87#155877 (0)
03-02 00:57:15.434  1507  1507 D SurfaceFlinger:        DEVICE |           11793980283407 | 00002100 | RGBA_8888    |    0.0    0.0   68.0 2340.0 | 1012    0 1080 2340 | Splash Screen com.podcast.app.debug.test$_2746#155874 (1)
03-02 00:57:15.434  1507  1507 D SurfaceFlinger:        DEVICE |           11793980281856 | 00002100 | RGBA_8888    |    0.0    0.0 1080.0   80.0 |    0    0 1080   80 | StatusBar$_2746#117 (210971)
03-02 00:57:15.434  1507  1507 D SurfaceFlinger:        DEVICE |           13752485304097 | 00002100 | RGBA_8888    |    0.0    0.0   67.0  346.0 | 1013  454 1080  800 | com.sec.android.app.launcher/com.sam[...].app.CocktailBarService$_3202#152779 (1)
03-02 00:57:15.434  1507  1507 D SurfaceFlinger:        DEVICE |           11793980281862 | 00002100 | RGBA_8888
03-02 00:57:15.434  1507  1507 D SurfaceFlinger:     |    0.0    0.0 1080.0  135.0 |    0 2205 1080 2340 | NavigationBar0$_2746#113 (187604)
03-02 00:57:15.434  1507  1507 D SurfaceFlinger:
03-02 00:57:15.434  1507  1507 I SurfaceFlinger: destroyed com.zhiliaoapp.musically/com.ss.android.ugc.aweme.splash.SplashActivity$_14885#155833
03-02 00:57:15.435  1507  1507 I SurfaceFlinger: [LayerHierarchy{RequestedLayerState{c536234 NavigationBar0#102 parentId=155882} 1 children}] reparent to LayerHierarchy{RequestedLayerState{Surface(name=c536234 NavigationBar0)/@0xfac847b - animation-leash of insets_animation#155882 parentId=101} 1 children}
03-02 00:57:15.435  1507  1507 I SurfaceFlinger: [LayerHierarchy{RequestedLayerState{a5d3a68 StatusBar#109 parentId=155883} 1 children}] reparent to LayerHierarchy{RequestedLayerState{Surface(name=a5d3a68 StatusBar)/@0xd5726d6 - animation-leash of insets_animation#155883 parentId=108} 1 children}
03-02 00:57:15.435  1507  1507 I SurfaceFlinger: [LayerHierarchy{RequestedLayerState{Surface(name=c536234 NavigationBar0)/@0xfac847b - animation-leash of insets_animation#155866} no children}] reparent to OffscreenRoot
03-02 00:57:15.435  1507  1507 I SurfaceFlinger: [LayerHierarchy{RequestedLayerState{Surface(name=c536234 NavigationBar0)/@0xfac847b - animation-leash of insets_animation#155866} no children}] RelativeParent to null
03-02 00:57:15.435  1507  1507 I SurfaceFlinger: [LayerHierarchy{RequestedLayerState{Surface(name=a5d3a68 StatusBar)/@0xd5726d6 - animation-leash of insets_animation#155867} no children}] reparent to OffscreenRoot
03-02 00:57:15.435  1507  1507 I SurfaceFlinger: [LayerHierarchy{RequestedLayerState{Surface(name=a5d3a68 StatusBar)/@0xd5726d6 - animation-leash of insets_animation#155867} no children}] RelativeParent to null
03-02 00:57:15.435  1507  1507 I SurfaceFlinger: [LayerHierarchy{RequestedLayerState{Surface(name=c536234 NavigationBar0)/@0xfac847b - animation-leash of insets_animation#155880} no children}] reparent to OffscreenRoot
03-02 00:57:15.435  1507  1507 I SurfaceFlinger: [LayerHierarchy{RequestedLayerState{Surface(name=c536234 NavigationBar0)/@0xfac847b - animation-leash of insets_animation#155880} no children}] RelativeParent to null
03-02 00:57:15.435  1507  1507 I SurfaceFlinger: [LayerHierarchy{RequestedLayerState{Surface(name=a5d3a68 StatusBar)/@0xd5726d6 - animation-leash of insets_animation#155881} no children}] reparent to OffscreenRoot
03-02 00:57:15.435  1507  1507 I SurfaceFlinger: [LayerHierarchy{RequestedLayerState{Surface(name=a5d3a68 StatusBar)/@0xd5726d6 - animation-leash of insets_animation#155881} no children}] RelativeParent to null
03-02 00:57:15.435 14885 15878 W NaviWarn: StackPtr is not 8-byte aligned.
03-02 00:57:15.435  1507  1562 I SurfaceFlinger: id=155884 createSurf, flag=24000, Surface(name=a9efcb6 com.podcast.app.debug.test/androidx.test.core.app.InstrumentationActivityInvoker$EmptyActivity)/@0xd7dc9ee - animation-leash of starting_reveal#155884
03-02 00:57:15.437  1445 16865 W C2MtkBufferManager: [0xB4000070F68A9420] fetchNewCcBlock: wait fence 0x0xb4000070f692fea0 timed out. ret 110
03-02 00:57:15.437  3202 15778 I HoneySpace.RecentTasks: onRunningTaskAppeared
03-02 00:57:15.437  3202 15778 I HoneySpace.RecentTasks: onRecentTasksChanged
03-02 00:57:15.438  1507  1507 I BufferQueueProducer: [StatusBar$_2746#117](this:0xb400007a1be07638,id:-1,api:0,p:-1,c:1507) queueBuffer: fps=7.74 dur=2842.49 max=2477.43 min=9.48
03-02 00:57:15.438  2013  2064 I PkgPredictorService-SecIpmManagerServiceImpl: reportToNAP uid:10687 com.podcast.app.debug.test/androidx.test.core.app.InstrumentationActivityInvoker$EmptyActivity thisTime:131
03-02 00:57:15.438  2013  2064 D PkgPredictorService-SecIpmManagerServiceImpl: reportToNAP: mHeavyLaunchCounter is false
03-02 00:57:15.438  2013  3282 D PkgPredictorService-SecIpmManagerServiceImpl: ACTION_FOREGROUND_FINISH_EVENT sCurForegroundApp :com.podcast.app.debug.test
03-02 00:57:15.439  2746  2798 D ShellTaskOrganizer: removeStartingWindow, removalInfo=StartingWindowRemovalInfo{taskId=44865 frame=Rect(0, 0 - 1080, 2340) playRevealAnimation=true roundedCornerRadius=0.0 deferRemoveMode=0 windowlessSurface=false removeImmediately=false}
03-02 00:57:15.440  1507  1507 I Layer   : id=155833 Destroyed com.zhiliaoapp.musically/com.ss.android.ugc.aweme.splash.SplashActivity$_14885#155833
03-02 00:57:15.442  2013  2064 I ActivityTaskManager: Displayed com.podcast.app.debug.test/androidx.test.core.app.InstrumentationActivityInvoker$EmptyActivity for user 0: +131ms
03-02 00:57:15.443  3506  3506 E pageboostd: Received HALT command code 2
03-02 00:57:15.445  2746  2798 D ShellDesktopMode: handleRequest: TransitionRequestInfo {type=2, tid=44865, debugId=11255}
03-02 00:57:15.448  1507  1507 I SurfaceFlinger: RequestedLayer [com.podcast.app.debug.test/androidx.[...]yInvoker$EmptyActivity$_17532#155879] hidden!! flag  from(1) --> to(0)
03-02 00:57:15.448  1507  1507 I SurfaceFlinger: [LayerHierarchy{RequestedLayerState{a9efcb6 com.podcast.app.debug.test/androidx.test.core.app.InstrumentationActivityInvoker$EmptyActivity#155875 parentId=155884} 1 children}] reparent to LayerHierarchy{RequestedLayerState{Surface(name=a9efcb6 com.podcast.app.debug.test/androidx.test.core.app.InstrumentationActivityInvoker$EmptyActivity)/@0xd7dc9ee - animation-leash of starting_reveal#155884 parentId=155872} 1 children}
03-02 00:57:15.448  1507  1507 I SurfaceFlinger: [Surface(name=a9efcb6 com.podcast.app.debug.test/androidx.test.core.app.InstrumentationActivityInvoker$EmptyActivity)/@0xd7dc9ee - animation-leash of starting_reveal#155884] attach to parent LayerHierarchy{RequestedLayerState{ActivityRecord{165924265 u0 com.podcast.app.debug.test/androidx.test.core.app.InstrumentationActivityInvoker$EmptyActivity t44865}#155872 parentId=155871} 3 children}
03-02 00:57:15.450  1507  1845 D SurfaceFlinger: [input] setFocusedWindow: a9efcb6 com.podcast.app.debug.test/androidx.test.core.app.InstrumentationActivityInvoker$EmptyActivity
03-02 00:57:15.450  1507  1845 D SurfaceFlinger: updateWinowInfo=1, setFocusedWindow timestamp=491114421079040, windowName=a9efcb6 com.podcast.app.debug.test/androidx.test.core.app.InstrumentationActivityInvoker$EmptyActivity
03-02 00:57:15.450  2013  4843 D InputDispatcher: Once focus requested (0): a9efcb6 com.podcast.app.debug.test/androidx.test.core.app.InstrumentationActivityInvoker$EmptyActivity
03-02 00:57:15.450  1507  2393 I SurfaceFlinger: onHandleDestroyed: layerId=155880, name=Surface(name=c536234 NavigationBar0)/@0xfac847b - animation-leash of insets_animation#155880
