03-02 00:57:35.193 14885 14885 I System.out: SAFFragmentRootScene: onStart Start (SAFFragmentRootScene{79e191c})
03-02 00:57:35.193  1464  1529 I libPowerHal: [recordCPUFreqInfo] set cluster[0] min(-1): -1 max(-1): -1 cluster[1] min(-1): -1 max(-1): -1
03-02 00:57:35.193  1464  1529 I libPowerHal: [perfLockRel] Done for hdl : 76696
03-02 00:57:35.194  2013  3282 D PkgPredictorService-SecIpmManagerServiceImpl: ACTION_FOREGROUND_FINISH_EVENT sCurForegroundApp :com.podcast.app.debug.test
03-02 00:57:35.194  1450  1487 I mtkpower_client: ret_hdl:76700
03-02 00:57:35.194  1464  1529 I libPowerHal: [perfLockAcq] idx:2 hdl:76700 hint:-1 pid:1450 tid:1487 duration:0 lock_user:vendor.samsung. => ret_hdl:76700
03-02 00:57:35.194  1450  1487 I HYPER-HAL: [RequestManager.cpp]releaseLocked(): Released ID : 2067581
03-02 00:57:35.194  1464  1529 I libPowerHal: [PE] vendor.samsung. update cmd:400000 param:2000000 pr:3
03-02 00:57:35.194  1464  1529 I libPowerHal: [recordCPUFreqInfo] set cluster[0] min(vendor.samsung.): 2000000 max(-1): -1 cluster[1] min(-1): -1 max(-1): -1
03-02 00:57:35.194  1464  1529 I libPowerHal: [perfLockAcq] Done for hdl : 76700
03-02 00:57:35.196  1507  1507 I SurfaceFlinger: RequestedLayer [com.podcast.app.debug.test/androidx.[...]yInvoker$EmptyActivity$_17532#156516] hidden!! flag  from(1) --> to(0)
03-02 00:57:35.196  1507  1507 I SurfaceFlinger: destroyed Surface(name=a5d3a68 StatusBar)/@0xd5726d6 - animation-leash of insets_animation#156513
03-02 00:57:35.196  1507  1507 I SurfaceFlinger: destroyed Surface(name=c536234 NavigationBar0)/@0xfac847b - animation-leash of insets_animation#156512
03-02 00:57:35.196  1507  1507 I SurfaceFlinger: [LayerHierarchy{RequestedLayerState{c536234 NavigationBar0#102 parentId=156520} 1 children}] reparent to LayerHierarchy{RequestedLayerState{Surface(name=c536234 NavigationBar0)/@0xfac847b - animation-leash of insets_animation#156520 parentId=101} 1 children}
03-02 00:57:35.196  1507  1507 I SurfaceFlinger: [LayerHierarchy{RequestedLayerState{a5d3a68 StatusBar#109 parentId=156521} 1 children}] reparent to LayerHierarchy{RequestedLayerState{Surface(name=a5d3a68 StatusBar)/@0xd5726d6 - animation-leash of insets_animation#156521 parentId=108} 1 children}
03-02 00:57:35.196  1507  1507 I SurfaceFlinger: [LayerHierarchy{RequestedLayerState{Surface(name=c536234 NavigationBar0)/@0xfac847b - animation-leash of insets_animation#156517} no children}] reparent to OffscreenRoot
03-02 00:57:35.196  1507  1507 I SurfaceFlinger: [LayerHierarchy{RequestedLayerState{Surface(name=c536234 NavigationBar0)/@0xfac847b - animation-leash of insets_animation#156517} no children}] RelativeParent to null
03-02 00:57:35.196  1507  1507 I SurfaceFlinger: [LayerHierarchy{RequestedLayerState{Surface(name=a5d3a68 StatusBar)/@0xd5726d6 - animation-leash of insets_animation#156518} no children}] reparent to OffscreenRoot
03-02 00:57:35.196  1507  1507 I SurfaceFlinger: [LayerHierarchy{RequestedLayerState{Surface(name=a5d3a68 StatusBar)/@0xd5726d6 - animation-leash of insets_animation#156518} no children}] RelativeParent to null
03-02 00:57:35.198  1507  1507 I Layer   : id=156513 Destroyed Surface(name=a5d3a68 StatusBar)/@0xd5726d6 - animation-leash of insets_animation#156513
03-02 00:57:35.198  1507  1507 I Layer   : id=156512 Destroyed Surface(name=c536234 NavigationBar0)/@0xfac847b - animation-leash of insets_animation#156512
03-02 00:57:35.199  1507  1907 I SurfaceFlinger: id=156522 createSurf, flag=20004, DimTransitionLayer for Surface(name=Task=44891)/@0x2bc6812#156522
03-02 00:57:35.200  1507  1562 I SurfaceFlinger: onHandleDestroyed: layerId=156517, name=Surface(name=c536234 NavigationBar0)/@0xfac847b - animation-leash of insets_animation#156517
03-02 00:57:35.200  1507  1562 I SurfaceFlinger: id=156517 Removed Surface(name=c536234 NavigationBar0)/@0xfac847b - animation-leash of insets_animation#156517 (337)
03-02 00:57:35.200  1507  1562 I SurfaceFlinger: onHandleDestroyed: layerId=156518, name=Surface(name=a5d3a68 StatusBar)/@0xd5726d6 - animation-leash of insets_animation#156518
03-02 00:57:35.200  1507  1562 I SurfaceFlinger: id=156518 Removed Surface(name=a5d3a68 StatusBar)/@0xd5726d6 - animation-leash of insets_animation#156518 (337)
03-02 00:57:35.200  2746  2798 I SurfaceControlRegistry: show, t=StartTransaction_SyncId<11290> sc=DimTransitionLayer for Surface(name=Task=44891)/@0x2bc6812, caller=android.view.SurfaceControl$Transaction.show:3557 com.android.wm.shell.transition.DefaultTransitionHandler.startAnimation:2837 com.android.wm.shell.transition.Transitions.dispatchTransition:90 com.android.wm.shell.transition.Transitions.playTransition:774 com.android.wm.shell.transition.Transitions.processReadyQueue:239 com.android.wm.shell.transition.Transitions.dispatchReady:1352
03-02 00:57:35.201  2746  2798 I SurfaceControlRegistry: apply, t=StartTransaction_SyncId<11290>, caller=android.view.SurfaceControl$Transaction.apply:3459 android.view.SurfaceControl$Transaction.apply:3447 android.view.SurfaceControl$Transaction.apply:3397 com.android.wm.shell.transition.DefaultTransitionHandler.startAnimation:3292 com.android.wm.shell.transition.Transitions.dispatchTransition:90 com.android.wm.shell.transition.Transitions.playTransition:774
03-02 00:57:35.203  2746  2808 I VRI[test]@538d84f: onActiveControlsChanged, removed=false, mAdded=true, caller=android.view.ViewRootImpl.handleInsetsControlChanged:3002 android.view.ViewRootImpl$ViewRootHandler.handleMessageImpl:8352 android.view.ViewRootImpl$ViewRootHandler.handleMessage:8301 android.os.Handler.dispatchMessage:110 android.os.Looper.loopOnce:273
03-02 00:57:35.203  2746  2808 I InsetsSourceConsumer: applyRequestedVisibilityToControl: visible=true, type=navigationBars, host=Splash Screen com.podcast.app.debug.test
03-02 00:57:35.203  2746  2798 D ShellDesktopMode: handleRequest: TransitionRequestInfo {type=2, tid=44891, debugId=11291}
03-02 00:57:35.205  2746  2808 I InsetsSourceConsumer: applyRequestedVisibilityToControl: visible=true, type=statusBars, host=Splash Screen com.podcast.app.debug.test
03-02 00:57:35.206 14885 14885 I System.out: SAFActivity V Scene Framework: NavigationMessageQueue postSync run current task finish 14_Y.ARunnableS108S0200000_32@c7f14dd
03-02 00:57:35.206 14885 14885 I System.out: SAFActivity V Scene Framework: NavigationMessageQueue postSync finish
03-02 00:57:35.206 14885 14885 I System.out: SceneSafeLifecycleDispatcher: onStarted End START
03-02 00:57:35.206 14885 14885 I System.out: SAFActivity: com.ss.android.ugc.aweme.main.MainActivity@c20428f,  onStart End
03-02 00:57:35.206  3202 15778 I HoneySpace.RecentTasks: onRunningTaskAppeared
03-02 00:57:35.206  3202 15778 I HoneySpace.RecentTasks: onRecentTasksChanged
03-02 00:57:35.207 14885 14885 I System.out: SAFActivity: com.ss.android.ugc.aweme.main.MainActivity@c20428f,  onResume Start
03-02 00:57:35.207  1507  1507 I SurfaceFlinger: RequestedLayer [f90e4f7 Splash Screen com.podcast.app.debug.test#156511] hidden!! flag  from(1) --> to(0)
03-02 00:57:35.207  1507  1507 I SurfaceFlinger: RequestedLayer [ffeea56 com.podcast.app.debug.test/a[...]ActivityInvoker$EmptyActivity#156515] hidden!! flag  from(1) --> to(0)
03-02 00:57:35.207  1507  1507 I SurfaceFlinger: RequestedLayer [Splash Screen com.podcast.app.debug.test$_2746#156514] hidden!! flag  from(1) --> to(0)
03-02 00:57:35.207  1507  1507 I SurfaceFlinger: RequestedLayer [Task=44891#156509] hidden!! flag  from(1) --> to(0)
03-02 00:57:35.207  1507  1507 E SurfaceFlinger: alpha changed 1.000 -> 0.000 - Task=44891#156509
03-02 00:57:35.208  1507  1507 I SurfaceFlinger: RequestedLayer [Transition Root: Task=44891#156519] hidden!! flag  from(1) --> to(0)
03-02 00:57:35.208  1507  1507 I SurfaceFlinger: RequestedLayer [ActivityRecord{250270004 u0 com.podc[...]Invoker$EmptyActivity t44891}#156510] hidden!! flag  from(1) --> to(0)
03-02 00:57:35.208  1507  1507 I SurfaceFlinger: RequestedLayer [DimTransitionLayer for Surface(name=Task=44891)/@0x2bc6812#156522] hidden!! flag  from(1) --> to(0)
03-02 00:57:35.208  1507  1507 E SurfaceFlinger: alpha changed 1.000 -> 0.000 - DimTransitionLayer for Surface(name=Task=44891)/@0x2bc6812#156522
03-02 00:57:35.208  1507  1507 E SurfaceFlinger: alpha changed 0.000 -> 1.000 - Task=44891#156509
03-02 00:57:35.208  1507  1507 E SurfaceFlinger: alpha changed 0.000 -> 0.000 - DimTransitionLayer for Surface(name=Task=44891)/@0x2bc6812#156522
03-02 00:57:35.208  1507  1507 I SurfaceFlinger: destroyed Surface(name=c536234 NavigationBar0)/@0xfac847b - animation-leash of insets_animation#156517
03-02 00:57:35.208  1507  1507 I SurfaceFlinger: destroyed Surface(name=a5d3a68 StatusBar)/@0xd5726d6 - animation-leash of insets_animation#156518
03-02 00:57:35.208  1507  1507 I SurfaceFlinger: [LayerHierarchy{RequestedLayerState{Task=44890#156488 parentId=156519 z=2} 2 children}] reparent to LayerHierarchy{RequestedLayerState{Transition Root: Task=44891#156519 parentId=10 z=42} 1 children}
03-02 00:57:35.208  1507  1507 I SurfaceFlinger: [LayerHierarchy{RequestedLayerState{Task=44891#156509 parentId=156519 z=5} 1 children}] reparent to LayerHierarchy{RequestedLayerState{Transition Root: Task=44891#156519 parentId=10 z=42} 2 children}
03-02 00:57:35.208  1507  1507 I SurfaceFlinger: [DimTransitionLayer for Surface(name=Task=44891)/@0x2bc6812#156522] attach to parent LayerHierarchy{RequestedLayerState{Transition Root: Task=44891#156519 parentId=10 z=42} 3 children}
03-02 00:57:35.210 14885 14885 I System.out: SceneSafeLifecycleDispatcher: onResumed Start
03-02 00:57:35.210 14885 14885 I System.out: SAFActivity V Scene Framework: NavigationMessageQueue postSync start
03-02 00:57:35.210 14885 14885 I System.out: SAFActivity V Scene Framework: NavigationMessageQueue postSync run current task start 14_Y.ARunnableS108S0200000_32@badd1e6
03-02 00:57:35.210 14885 14885 I System.out: SAFActivity V Scene Framework: NavigationSceneManager Sync Scene SAFFragmentRootScene{79e191c} Lifecycle [STARTED -> RESUMED] without saved State
03-02 00:57:35.210 14885 14885 I System.out: SAFFragmentRootScene: onResume Start (SAFFragmentRootScene{79e191c})
03-02 00:57:35.212 14885 18451 W AudioManager: Use of stream types is deprecated for operations other than volume control
03-02 00:57:35.212  1507  1507 I Layer   : id=156518 Destroyed Surface(name=a5d3a68 StatusBar)/@0xd5726d6 - animation-leash of insets_animation#156518
03-02 00:57:35.212  1507  1507 I Layer   : id=156517 Destroyed Surface(name=c536234 NavigationBar0)/@0xfac847b - animation-leash of insets_animation#156517
03-02 00:57:35.212 14885 18451 W AudioManager: See the documentation of requestAudioFocus() for what to use instead with android.media.AudioAttributes to qualify your playback use case
03-02 00:57:35.215  1464  1492 I mtkpower@impl: [setMode] type:6, enabled:1
03-02 00:57:35.215  1464  1492 E mtkpower@impl: [setMode] unknown type
03-02 00:57:35.216  1446  1446 I SensorsHub: queueBatch: handle=5 period=200000000 timeout=0
03-02 00:57:35.217 14885 16246 D AudioTrack: setVolume(1.000000, 1.000000) pid : 14885
03-02 00:57:35.217  1446  1446 I SensorsHub: queueActivate: handle 5 enable 1
03-02 00:57:35.218  1446  1446 I SensorsHub: type : 5, enable : 1
03-02 00:57:35.219  2013  3345 I MediaFocusControl: requestAudioFocus() from uid/pid 10350/14885 AA=USAGE_MEDIA/CONTENT_TYPE_UNKNOWN clientId=android.media.AudioManager@b7fcc9dX.143s@4302512 callingPack=com.zhiliaoapp.musically req=2 flags=0x0 sdk=35
03-02 00:57:35.219  2013  3345 D AS.AudioService: [Android Auto] isConnectedAndroidAuto = false
03-02 00:57:35.219  2013  3345 D MediaFocusControl: selectFocusStack, uid = 10350, appDevice = 0, device = 2
03-02 00:57:35.219  2013  3345 I MediaFocusControl: removeFocusStackEntry client:android.media.AudioManager@b7fcc9dX.143s@4302512
03-02 00:57:35.219  2013  3345 I MediaFocusControl: propagateFocusLossFromGain_syncAf gain:2
03-02 00:57:35.219  2013  3345 I MediaFocusControl: propagateFocusLossFromGain_syncAf empty stack
03-02 00:57:35.221 14885 18452 D SensorManager: registerListener :: 5, TCS3701 Light, 200000, 0,
03-02 00:57:35.222 14885 14885 I DecorView: setWindowBackground: isPopOver=false color=ff000000 d=android.graphics.drawable.ColorDrawable@3d03d59
03-02 00:57:35.226  1507  1825 I SurfaceFlinger: Capture layer list: 	 com.podcast.app.debug/androidx.activity.ComponentActivity$_17121#156492(seamlessTransition:0)
03-02 00:57:35.226  1507  1825 I SurfaceFlinger: Capture layer list: 	 Dim Layer for - Task=44890#156507(seamlessTransition:0)
03-02 00:57:35.227  2013  3345 W ParceledListSlice: Element #30 is 21544 bytes.
03-02 00:57:35.229  1507  1507 E SurfaceFlinger: alpha changed 0.000 -> 0.013 - DimTransitionLayer for Surface(name=Task=44891)/@0x2bc6812#156522
03-02 00:57:35.234 14885 14885 I System.out: SAFActivity V Scene Framework: NavigationMessageQueue postSync run current task finish 14_Y.ARunnableS108S0200000_32@badd1e6
03-02 00:57:35.234 14885 14885 I System.out: SAFActivity V Scene Framework: NavigationMessageQueue postSync finish
03-02 00:57:35.234 14885 14885 I System.out: SceneSafeLifecycleDispatcher: onResumed End RESUME
03-02 00:57:35.234 14885 14885 I System.out: SAFActivity: com.ss.android.ugc.aweme.main.MainActivity@c20428f,  onResume End
03-02 00:57:35.235 14885 14885 I SV[6876039 SplashActivity]: onWindowVisibilityChanged(0) false X.0fk7{68eb87 V.E...... ........ 0,80-1080,2000} of VRI[SplashActivity]@35f4eb8
03-02 00:57:35.235 14885 14885 D SV[6876039 SplashActivity]: updateSurface: surface is not valid
03-02 00:57:35.235 14885 14885 I SV[6876039 SplashActivity]: releaseSurfaces: viewRoot = VRI[SplashActivity]@35f4eb8
03-02 00:57:35.235 14885 14885 D VRI[SplashActivity]@35f4eb8: applyTransactionOnDraw applyImmediately
03-02 00:57:35.235 14885 14885 I SV[7374587 SplashActivity]: onWindowVisibilityChanged(0) false X.0fk7{7086fb V.E...... ........ 0,80-1080,2000} of VRI[SplashActivity]@35f4eb8
03-02 00:57:35.235 14885 14885 D SV[7374587 SplashActivity]: updateSurface: surface is not valid
03-02 00:57:35.235 14885 14885 I SV[7374587 SplashActivity]: releaseSurfaces: viewRoot = VRI[SplashActivity]@35f4eb8
03-02 00:57:35.235 14885 14885 D VRI[SplashActivity]@35f4eb8: applyTransactionOnDraw applyImmediately
03-02 00:57:35.236 14885 14885 I SV[137774491 SplashActivity]: onWindowVisibilityChanged(0) false X.0fk7{836459b V.E...... ........ 0,81-1080,1998} of VRI[SplashActivity]@35f4eb8
03-02 00:57:35.236 14885 14885 D SV[137774491 SplashActivity]: updateSurface: surface is not valid
03-02 00:57:35.236 14885 14885 I SV[137774491 SplashActivity]: releaseSurfaces: viewRoot = VRI[SplashActivity]@35f4eb8
03-02 00:57:35.236 14885 14885 D VRI[SplashActivity]@35f4eb8: applyTransactionOnDraw applyImmediately
03-02 00:57:35.237  1445  2902 W C2MtkBufferManager: [0xB4000070F507E520] fetchNewCcBlock: wait fence 0x0xb4000070f5058270 timed out. ret 110
03-02 00:57:35.240  2013  4834 I WindowManager: Relayout Window{cd2d6b5 u0 com.zhiliaoapp.musically/com.ss.android.ugc.aweme.splash.SplashActivity}: viewVisibility=0 req=1080x2340 ty=1 d0
03-02 00:57:35.240 14885 16270 W System.err: FlagsHookHelper: skip hook flags method getInstanceHook
03-02 00:57:35.241  1507  1563 I SurfaceFlinger: id=156523 createSurf, flag=44004, com.zhiliaoapp.musically/com.ss.android.ugc.aweme.splash.SplashActivity$_14885#156523
03-02 00:57:35.241 14885 17075 W System.err: FlagsHookHelper: skip hook flags method getInstanceHook
03-02 00:57:35.242  1507  1507 D SurfaceFlinger: Display 4627039422300187648 HWC layers:
03-02 00:57:35.242  1507  1507 D SurfaceFlinger:        CLIENT |           73534135074928 | 00002102 | RGBA_8888    |   21.0    0.0 1080.0 2340.0 |    0    0 1080 2340 | com.podcast.app.debug/androidx.activity.ComponentActivity$_17121#156492 (2)
03-02 00:57:35.242  1507  1507 D SurfaceFlinger:        CLIENT |                        0 | 00000000 | N/A          |    0.0    0.0    0.0    0.0 |    0    0 1080 2340 | Dim Layer for - Task=44890#156507 (0)
03-02 00:57:35.242  1507  1507 D SurfaceFlinger:        CLIENT |           73534135074929 | 00002100 | RGBA_8888    |   21.0    0.0 1080.0  976.0 |    0  701 1080 1677 | com.podcast.app.debug/androidx.activity.ComponentActivity$_17121#156505 (20)
03-02 00:57:35.242  1507  1507 D SurfaceFlinger:   SOLID_COLOR |                        0 | 00000000 | N/A          |    0.0    0.0    0.0    0.0 |    0    0 1080 2340 | DimTransitionLayer for Surface(name=Task=44891)/@0x2bc6812#156522 (0)
03-02 00:57:35.242  1507  1507 D SurfaceFlinger:        DEVICE |           75299366633576 | 00002102 | RGBA_8888    |    0.0    0.0   68.0 2340.0 | 1012    0 1080 2340 | com.podcast.app.debug.test/androidx.[...]yInvoker$EmptyActivity$_17532#156516 (1)
03-02 00:57:35.242  1507  1507 D SurfaceFlinger:        DEVICE |           117939802
03-02 00:57:35.242  1507  1507 D SurfaceFlinger: 83699 | 00002100 | RGBA_8888    |    0.0    0.0   68.0 2340.0 | 1012    0 1080 2340 | Splash Screen com.podcast.app.debug.test$_2746#156514 (1)
03-02 00:57:35.242  1507  1507 D SurfaceFlinger:        DEVICE |           11793980281854 | 00002100 | RGBA_8888    |    0.0    0.0 1080.0   80.0 |    0    0 1080   80 | StatusBar$_2746#117 (211128)
03-02 00:57:35.242  1507  1507 D SurfaceFlinger:        DEVICE |           13752485304097 | 00002100 | RGBA_8888    |    0.0    0.0   67.0  346.0 | 1013  454 1080  800 | com.sec.android.app.launcher/com.sam[...].app.CocktailBarService$_3202#152779 (1)
03-02 00:57:35.242  1507  1507 D SurfaceFlinger:        DEVICE |           11793980281862 | 00002100 | RGBA_8888    |    0.0    0.0 1080.0  135.0 |    0 2205 1080 2340 | NavigationBar0$_2746#113 (188040)
03-02 00:57:35.242  1507  1507 D SurfaceFlinger:
03-02 00:57:35.242  1507  1507 I SurfaceFlinger: [LayerHierarchy{RequestedLayerState{Surface(name=29e2e40 com.podcast.app.debug/androidx.activity.ComponentActivity)/@0xb7cb796 - animation-leash of window_animation#156506 z=1} 1 children}] reparent to OffscreenRoot
03-02 00:57:35.242  1507  1507 I SurfaceFlinger: [LayerHierarchy{RequestedLayerState{Surface(name=29e2e40 com.podcast.app.debug/androidx.activity.ComponentActivity)/@0xb7cb796 - animation-leash of window_animation#156506 z=1} 1 children}] RelativeParent to null
03-02 00:57:35.242  1507  1507 I SurfaceFlinger: [LayerHierarchy{RequestedLayerState{29e2e40 com.podcast.app.debug/androidx.activity.ComponentActivity#156502 parentId=156489 z=1} 2 children}] reparent to LayerHierarchy{RequestedLayerState{ActivityRecord{95982241 u0 com.podcast.app.debug/androidx.activity.ComponentActivity t44890}#156489 parentId=156488} 4 children}
03-02 00:57:35.242  1507  1507 I SurfaceFlinger: [com.zhiliaoapp.musically/com.ss.android.ugc.aweme.splash.SplashActivity$_14885#156523] attach to parent LayerHierarchy{RequestedLayerState{cd2d6b5 com.zhiliaoapp.musically/com.ss.android.ugc.aweme.splash.SplashActivity#155210 parentId=147902} 1 children}
03-02 00:57:35.244  1507  1562 I SurfaceFlinger: id=156524 createSurf, flag=24000, Surface(name=c536234 NavigationBar0)/@0xfac847b - animation-leash of insets_animation#156524
03-02 00:57:35.245  2013  2065 D PkgPredictorService-SecIpmManagerServiceImpl: onForegroundActivitiesChanged pid:14885 uid:10350
03-02 00:57:35.245  1507  2128 I SurfaceFlinger: id=156525 createSurf, flag=24000, Surface(name=a5d3a68 StatusBar)/@0xd5726d6 - animation-leash of insets_animation#156525
03-02 00:57:35.246  1507  1507 I SurfaceFlinger: onHandleDestroyed: layerId=156506, name=Surface(name=29e2e40 com.podcast.app.debug/androidx.activity.ComponentActivity)/@0xb7cb796 - animation-leash of window_animation#156506
03-02 00:57:35.246  1507  1507 I SurfaceFlinger: id=156506 Removed Surface(name=29e2e40 com.podcast.app.debug/androidx.activity.ComponentActivity)/@0xb7cb796 - animation-leash of window_animation#156506 (338)
03-02 00:57:35.247  2013  4834 I SystemKeyManager: requested systemKeyInfo size=1 focusedWindow=com.zhiliaoapp.musically/com.ss.android.ugc.aweme.splash.SplashActivity
03-02 00:57:35.247  2013  4834 I SystemKeyManager: requested systemKeyInfo size=2 focusedWindow=com.zhiliaoapp.musically/com.ss.android.ugc.aweme.splash.SplashActivity
03-02 00:57:35.248  2013  4834 I WindowManager: Relayout hash=cd2d6b5, pid=14885, syncId=-1: mAttrs={(0,0)(fillxfill) sim={adjust=pan} layoutInDisplayCutoutMode=always ty=BASE_APPLICATION fmt=TRANSLUCENT wanim=0x1030317
03-02 00:57:35.248  2013  4834 I WindowManager:   fl=81810180
03-02 00:57:35.248  2013  4834 I WindowManager:   pfl=10008840
03-02 00:57:35.248  2013  4834 I WindowManager:   vsysui=400
03-02 00:57:35.248  2013  4834 I WindowManager:   apr=10
03-02 00:57:35.248  2013  4834 I WindowManager:   bhv=1
03-02 00:57:35.248  2013  4834 I WindowManager:   fitSides=0
03-02 00:57:35.248  2013  4834 I WindowManager:   frameRateBoostOnTouch=true
03-02 00:57:35.248  2013  4834 I WindowManager:   dvrrWindowFrameRateHint=true naviIconColor=0
03-02 00:57:35.248  2013  4834 I WindowManager:   sfl=100000}
03-02 00:57:35.249 14885 14885 D BufferQueueConsumer: [](id:3a250000007a,api:0,p:-1,c:14885) connect: controlledByApp=false
03-02 00:57:35.249 14885 14885 I BLASTBufferQueue: [VRI[SplashActivity]@35f4eb8#117](f:0,a:0,s:0) constructor()
03-02 00:57:35.249 14885 14885 I BLASTBufferQueue_Java: new BLASTBufferQueue, mName= VRI[SplashActivity]@35f4eb8 mNativeObject= 0x769b545000 caller= android.view.ViewRootImpl.updateBlastSurfaceIfNeeded:3585 android.view.ViewRootImpl.relayoutWindow:11685 android.view.ViewRootImpl.performTraversals:4804 android.view.ViewRootImpl.doTraversal:3924 android.view.ViewRootImpl$TraversalRunnable.run:12903 android.view.Choreographer$CallbackRecord.run:1901 android.view.Choreographer$CallbackRecord.run:1910 android.view.Choreographer.doCallbacks:1367 android.view.Choreographer.doFrame:1292 android.view.Choreographer$FrameDisplayEventReceiver.run:1870
03-02 00:57:35.249 14885 14885 I BLASTBufferQueue_Java: update, w= 1080 h= 2340 mName = VRI[SplashActivity]@35f4eb8 mNativeObject= 0x769b545000 sc.mNativeObject= 0x744fec5580 format= -3 caller= android.view.ViewRootImpl.updateBlastSurfaceIfNeeded:3590 android.view.ViewRootImpl.relayoutWindow:11685 android.view.ViewRootImpl.performTraversals:4804 android.view.ViewRootImpl.doTraversal:3924 android.view.ViewRootImpl$TraversalRunnable.run:12903 android.view.Choreographer$CallbackRecord.run:1901
03-02 00:57:35.249 14885 14885 I BLASTBufferQueue: [VRI[SplashActivity]@35f4eb8#117](f:0,a:0,s:0) update width=1080 height=2340 format=-3 mTransformHint=0
03-02 00:57:35.250 14885 14885 I VRI[SplashActivity]@35f4eb8: Relayout returned: old=(0,0,1080,2340) new=(0,0,1080,2340) relayoutAsync=false req=(1080,2340)0 dur=12 res=0x3 s={true 0x6fe05f9d00} ch=true seqId=0
03-02 00:57:35.250 14885 14885 D VRI[SplashActivity]@35f4eb8: mThreadedRenderer.initialize() mSurface={isValid=true 0x6fe05f9d00} hwInitialized=true
03-02 00:57:35.251 14885 14885 I SV[6876039 SplashActivity]: windowStopped(false) true X.0fk7{68eb87 V.E...... ........ 0,80-1080,2000} of VRI[SplashActivity]@35f4eb8
03-02 00:57:35.251 14885 14885 I SurfaceView: 6876039 Changes: creating=true format=false size=false visible=true alpha=false hint=false left=false top=false z=false attached=true lifecycleStrategy=false
03-02 00:57:35.252  1507  1907 I SurfaceFlinger: id=156526 createSurf, flag=20004, Bounds for - com.zhiliaoapp.musically/com.ss.android.ugc.aweme.splash.SplashActivity@27#156526
03-02 00:57:35.254  1507  1507 I SurfaceFlinger: destroyed Surface(name=29e2e40 com.podcast.app.debug/androidx.activity.ComponentActivity)/@0xb7cb796 - animation-leash of window_animation#156506
03-02 00:57:35.254  1646  5384 I CameraService: onUidStateChanged: uid=10235, procState is changed. (4 -> 3)
03-02 00:57:35.254  1507  1507 I SurfaceFlinger: [Bounds for - com.zhiliaoapp.musically/com.ss.android.ugc.aweme.splash.SplashActivity@27#156526] attach to parent LayerHierarchy{RequestedLayerState{com.zhiliaoapp.musically/com.ss.android.ugc.aweme.splash.SplashActivity$_14885#156523 parentId=155210} 1 children}
03-02 00:57:35.254  1507  1507 I SurfaceFlinger: [Surface(name=c536234 NavigationBar0)/@0xfac847b - animation-leash of insets_animation#156524] attach to parent LayerHierarchy{RequestedLayerState{WindowToken{5cf38d1 type=2019 android.os.BinderProxy@916675b}#101 parentId=34} 2 children}
03-02 00:57:35.254  1507  1507 I SurfaceFlinger: [Surface(name=a5d3a68 StatusBar)/@0xd5726d6 - animation-leash of insets_animation#156525] attach to parent LayerHierarchy{RequestedLayerState{WindowToken{d05298b type=2000 android.os.BinderProxy@163b705}#108 parentId=17} 2 children}
03-02 00:57:35.254 14885 15878 W NaviWarn: StackPtr is not 8-byte aligned.
03-02 00:57:35.255  1507  2393 I SurfaceFlinger: id=156527 createSurf, flag=84004, 68eb87 SurfaceView[com.zhiliaoapp.musically/com.ss.android.ugc.aweme.splash.SplashActivity]@0#156527
03-02 00:57:35.256  1507  2393 I SurfaceFlinger: id=156528 createSurf, flag=44400, 68eb87 SurfaceView[com.zhiliaoapp.musically/com.ss.android.ugc.aweme.splash.SplashActivity]@0(BLAST)#156528
03-02 00:57:35.256  1507  1563 I SurfaceFlinger: id=156529 createSurf, flag=20404, Background for 68eb87 SurfaceView[com.zhiliaoapp.musically/com.ss.android.ugc.aweme.splash.SplashActivity]@0#156529
03-02 00:57:35.257 14885 14885 D BufferQueueConsumer: [](id:3a250000007b,api:0,p:-1,c:14885) connect: controlledByApp=false
03-02 00:57:35.258  1507  1507 I Layer   : id=156506 Destroyed Surface(name=29e2e40 com.podcast.app.debug/androidx.activity.ComponentActivity)/@0xb7cb796 - animation-leash of window_animation#156506
03-02 00:57:35.258 14885 14885 I BLASTBufferQueue: [68eb87 SurfaceView[com.zhiliaoapp.musically/com.ss.android.ugc.aweme.splash.SplashActivity]@0#118](f:0,a:0,s:0) constructor()
03-02 00:57:35.258 14885 14885 I BLASTBufferQueue_Java: new BLASTBufferQueue, mName= 68eb87 SurfaceView[com.zhiliaoapp.musically/com.ss.android.ugc.aweme.splash.SplashActivity]@0 mNativeObject= 0x7450361c00 caller= android.view.SurfaceView.createBlastSurfaceControls:1781 android.view.SurfaceView.updateSurface:1450 android.view.SurfaceView.setWindowStopped:539 android.view.SurfaceView.surfaceCreated:2327 android.view.ViewRootImpl.notifySurfaceCreated:3502 android.view.ViewRootImpl.performTraversals:5286 android.view.ViewRootImpl.doTraversal:3924 android.view.ViewRootImpl$TraversalRunnable.run:12903 android.view.Choreographer$CallbackRecord.run:1901 android.view.Choreographer$CallbackRecord.run:1910
03-02 00:57:35.258 14885 14885 I BLASTBufferQueue_Java: update, w= 1080 h= 1920 mName = 68eb87 SurfaceView[com.zhiliaoapp.musically/com.ss.android.ugc.aweme.splash.SplashActivity]@0 mNativeObject= 0x7450361c00 sc.mNativeObject= 0x744fec3540 format= 4 caller= android.view.SurfaceView.createBlastSurfaceControls:1782 android.view.SurfaceView.updateSurface:1450 android.view.SurfaceView.setWindowStopped:539 android.view.SurfaceView.surfaceCreated:2327 android.view.ViewRootImpl.notifySurfaceCreated:3502 android.view.ViewRootImpl.performTraversals:5286
03-02 00:57:35.259 14885 14885 I BLASTBufferQueue: [68eb87 SurfaceView[com.zhiliaoapp.musically/com.ss.android.ugc.aweme.splash.SplashActivity]@0#118](f:0,a:0,s:0) update width=1080 height=1920 format=4 mTransformHint=0
03-02 00:57:35.259 14885 14885 I SurfaceView: 6876039 Cur surface: Surface(name=null mNativeObject=0)/@0x56b4ffd
03-02 00:57:35.259 14885 14885 I SV[6876039 SplashActivity]: pST: sr = Rect(4320, -2080 - 5400, -160) sw = 1080 sh = 1920
03-02 00:57:35.259 14885 14885 D SurfaceView: 6876039 performSurfaceTransaction RenderWorker position = [4320, -2080, 5400, -160] surfaceSize = 1080x1920
03-02 00:57:35.259 14885 14885 I SV[6876039 SplashActivity]: updateSurface: mVisible = true mSurface.isValid() = true
03-02 00:57:35.259 14885 14885 I SV[6876039 SplashActivity]: updateSurface: mSurfaceCreated = false surfaceChanged = true visibleChanged = true
03-02 00:57:35.259 14885 14885 I SurfaceView: 6876039 visibleChanged -- surfaceCreated
03-02 00:57:35.259 14885 14885 I SV[6876039 SplashActivity]: surfaceCreated 1 #1 X.0fk7{68eb87 V.E...... ........ 0,80-1080,2000}
03-02 00:57:35.259 14885 14885 I SurfaceView: 6876039 surfaceChanged -- format=4 w=1080 h=1920
03-02 00:57:35.259 14885 14885 I SV[6876039 SplashActivity]: surfaceChanged (1080,1920) 1 #1 X.0fk7{68eb87 V.E...... ........ 0,80-1080,2000}
03-02 00:57:35.260 14885 14885 I SurfaceView: 6876039 surfaceRedrawNeeded
03-02 00:57:35.260 14885 14885 I SurfaceView: 6876039 finishedDrawing
03-02 00:57:35.260 14885 14885 V SurfaceView: Layout: x=4320 y=-2080 w=1080 h=1920, frame=Rect(0, 0 - 1080, 1920)
03-02 00:57:35.260 14885 14885 I SV[7374587 SplashActivity]: windowStopped(false) true X.0fk7{7086fb V.E...... ........ 0,80-1080,2000} of VRI[SplashActivity]@35f4eb8
03-02 00:57:35.260 14885 14885 I SurfaceView: 7374587 Changes: creating=true format=false size=false visible=true alpha=false hint=false left=false top=false z=false attached=true lifecycleStrategy=false
03-02 00:57:35.261  1507  1562 I SurfaceFlinger: id=156530 createSurf, flag=84004, 7086fb SurfaceView[com.zhiliaoapp.musically/com.ss.android.ugc.aweme.splash.SplashActivity]@0#156530
03-02 00:57:35.262  1507  1562 I SurfaceFlinger: id=156531 createSurf, flag=44400, 7086fb SurfaceView[com.zhiliaoapp.musically/com.ss.android.ugc.aweme.splash.SplashActivity]@0(BLAST)#156531
03-02 00:57:35.263 14885 15878 W NaviWarn: StackPtr is not 8-byte aligned.
03-02 00:57:35.263  1507  2393 I SurfaceFlinger: id=156532 createSurf, flag=20404, Background for 7086fb SurfaceView[com.zhiliaoapp.musically/com.ss.android.ugc.aweme.splash.SplashActivity]@0#156532
03-02 00:57:35.263 14885 14885 D BufferQueueConsumer: [](id:3a250000007c,api:0,p:-1,c:14885) connect: controlledByApp=false
03-02 00:57:35.264 14885 14885 I BLASTBufferQueue: [7086fb SurfaceView[com.zhiliaoapp.musically/com.ss.android.ugc.aweme.splash.SplashActivity]@0#119](f:0,a:0,s:0) constructor()
03-02 00:57:35.262 25915 26075 I Rubin   : [4019] M.c0.k(Unknown Source) : Notify com.samsung.android.rubin.inferenceengine.contextanalytics.engine.loggers.AppUsageLogger's database is updated.
03-02 00:57:35.264 14885 14885 I BLASTBufferQueue_Java: new BLASTBufferQueue, mName= 7086fb SurfaceView[com.zhiliaoapp.musically/com.ss.android.ugc.aweme.splash.SplashActivity]@0 mNativeObject= 0x6f01ff7400 caller= android.view.SurfaceView.createBlastSurfaceControls:1781 android.view.SurfaceView.updateSurface:1450 android.view.SurfaceView.setWindowStopped:539 android.view.SurfaceView.surfaceCreated:2327 android.view.ViewRootImpl.notifySurfaceCreated:3502 android.view.ViewRootImpl.performTraversals:5286 android.view.ViewRootImpl.doTraversal:3924 android.view.ViewRootImpl$TraversalRunnable.run:12903 android.view.Choreographer$CallbackRecord.run:1901 android.view.Choreographer$CallbackRecord.run:1910
03-02 00:57:35.264 14885 14885 I BLASTBufferQueue_Java: update, w= 1080 h= 1920 mName = 7086fb SurfaceView[com.zhiliaoapp.musically/com.ss.android.ugc.aweme.splash.SplashActivity]@0 mNativeObject= 0x6f01ff7400 sc.mNativeObject= 0x769bd9fbc0 format= 4 caller= android.view.SurfaceView.createBlastSurfaceControls:1782 android.view.SurfaceView.updateSurface:1450 android.view.SurfaceView.setWindowStopped:539 android.view.SurfaceView.surfaceCreated:2327 android.view.ViewRootImpl.notifySurfaceCreated:3502 android.view.ViewRootImpl.performTraversals:5286
03-02 00:57:35.264 14885 14885 I BLASTBufferQueue: [7086fb SurfaceView[com.zhiliaoapp.musically/com.ss.android.ugc.aweme.splash.SplashActivity]@0#119](f:0,a:0,s:0) update width=1080 height=1920 format=4 mTransformHint=0
03-02 00:57:35.264 14885 14885 I SurfaceView: 7374587 Cur surface: Surface(name=null mNativeObject=0)/@0x5798c7e
03-02 00:57:35.264 14885 14885 I SV[7374587 SplashActivity]: pST: sr = Rect(0, 80 - 1080, 2000) sw = 1080 sh = 1920
03-02 00:57:35.264 14885 14885 D SurfaceView: 7374587 performSurfaceTransaction RenderWorker position = [0, 80, 1080, 2000] surfaceSize = 1080x1920
03-02 00:57:35.264 14885 14885 I SV[7374587 SplashActivity]: updateSurface: mVisible = true mSurface.isValid() = true
03-02 00:57:35.264 14885 14885 I SV[7374587 SplashActivity]: updateSurface: mSurfaceCreated = false surfaceChanged = true visibleChanged = true
03-02 00:57:35.264 14885 14885 I SurfaceView: 7374587 visibleChanged -- surfaceCreated
03-02 00:57:35.264 14885 14885 I SV[7374587 SplashActivity]: surfaceCreated 2 #1 X.0fk7{7086fb V.E...... ........ 0,80-1080,2000}
03-02 00:57:35.266  1507  1507 I SurfaceFlinger: [LayerHierarchy{RequestedLayerState{c536234 NavigationBar0#102 parentId=156524} 1 children}] reparent to LayerHierarchy{RequestedLayerState{Surface(name=c536234 NavigationBar0)/@0xfac847b - animation-leash of insets_animation#156524 parentId=101} 1 children}
03-02 00:57:35.266  1507  1507 I SurfaceFlinger: [LayerHierarchy{RequestedLayerState{a5d3a68 StatusBar#109 parentId=156525} 1 children}] reparent to LayerHierarchy{RequestedLayerState{Surface(name=a5d3a68 StatusBar)/@0xd5726d6 - animation-leash of insets_animation#156525 parentId=108} 1 children}
03-02 00:57:35.266  1507  1507 I SurfaceFlinger: [LayerHierarchy{RequestedLayerState{Surface(name=a5d3a68 StatusBar)/@0xd5726d6 - animation-leash of insets_animation#156521} no children}] reparent to OffscreenRoot
03-02 00:57:35.266  1507  1507 I SurfaceFlinger: [LayerHierarchy{RequestedLayerState{Surface(name=a5d3a68 StatusBar)/@0xd5726d6 - animation-leash of insets_animation#156521} no children}] RelativeParent to null
03-02 00:57:35.266  1507  1507 I SurfaceFlinger: [LayerHierarchy{RequestedLayerState{Surface(name=c536234 NavigationBar0)/@0xfac847b - animation-leash of insets_animation#156520} no children}] reparent to OffscreenRoot
03-02 00:57:35.266  1507  1507 I SurfaceFlinger: [LayerHierarchy{RequestedLayerState{Surface(name=c536234 NavigationBar0)/@0xfac847b - animation-leash of insets_animation#156520} no children}] RelativeParent to null
03-02 00:57:35.266  1507  1507 I SurfaceFlinger: [68eb87 SurfaceView[com.zhiliaoapp.musically/com.ss.android.ugc.aweme.splash.SplashActivity]@0#156527] attach to parent LayerHierarchy{RequestedLayerState{Bounds for - com.zhiliaoapp.musically/com.ss.android.ugc.aweme.splash.SplashActivity@27#156526 parentId=156523} 1 children}
03-02 00:57:35.266  1507  1507 I SurfaceFlinger: [68eb87 SurfaceView[com.zhiliaoapp.musically/com.ss.android.ugc.aweme.splash.SplashActivity]@0(BLAST)#156528] attach to parent LayerHierarchy{RequestedLayerState{68eb87 SurfaceView[com.zhiliaoapp.musically/com.ss.android.ugc.aweme.splash.SplashActivity]@0#156527 parentId=156526} 1 children}
03-02 00:57:35.266  1507  1507 I SurfaceFlinger: [Background for 68eb87 SurfaceView[com.zhiliaoapp.musically/com.ss.android.ugc.aweme.splash.SplashActivity]@0#156529] attach to parent LayerHierarchy{RequestedLayerState{68eb87 SurfaceView[com.zhiliaoapp.musically/com.ss.android.ugc.aweme.splash.SplashActivity]@0#156527 parentId=156526} 2 children}
03-02 00:57:35.266  1507  1507 I SurfaceFlinger: [7086fb SurfaceView[com.zhiliaoapp.musically/com.ss.android.ugc.aweme.splash.SplashActivity]@0#156530] attach to parent LayerHierarchy{RequestedLayerState{Bounds for - com.zhiliaoapp.musically/com.ss.android.ugc.aweme.splash.SplashActivity@27#156526 parentId=156523} 2 children}
03-02 00:57:35.266  1507  1507 I SurfaceFlinger: [7086fb SurfaceView[com.zhiliaoapp.musically/com.ss.android.ugc.aweme.splash.SplashActivity]@0(BLAST)#156531] attach to parent LayerHierarchy{RequestedLayerState{7086fb SurfaceView[com.zhiliaoapp.musically/com.ss.android.ugc.aweme.splash.SplashActivity]@0#156530 parentId=156526} 1 children}
03-02 00:57:35.266  1507  1507 I SurfaceFlinger: [Background for 7086fb SurfaceView[com.zhiliaoapp.musically/com.ss.android.ugc.aweme.splash.SplashActivity]@0#156532] attach to parent LayerHierarchy{RequestedLayerState{7086fb SurfaceView[com.zhiliaoapp.musically/com.ss.android.ugc.aweme.splash.SplashActivity]@0#156530 parentId=156526} 2 children}
03-02 00:57:35.267  1484 10083 I AF::Track: setMixerOutConfig return default condition, mixer key 2002, thread key 202
03-02 00:57:35.267  1484 10083 I AudioPolicyEffectException: MySpaceHandler::checkDetachCondition media 1, ring 0, mp 0
03-02 00:57:35.267  1484 10083 I AudioPolicyEffectException: MySpace detach value 1
03-02 00:57:35.267  1484 10083 V APM_AudioPolicyManager: startOutput portId 13560
03-02 00:57:35.267  1484 10083 V APM_AudioPolicyManager: startOutput() output 21, stream 3, session 126033
03-02 00:57:35.267  1484 10083 V APM_AudioPolicyManager: setBeaconMute(1) mBeaconMuteRefCount=9 mBeaconPlayingRefCount=0
03-02 00:57:35.268 14885 16246 D AudioTrack: setVolume(1.000000, 1.000000) pid : 14885
03-02 00:57:35.268 14252 14252 I BadgeCountReceiver: onReceive: Intent { act=android.intent.action.BADGE_COUNT_UPDATE flg=0x1000010 xflg=0x4 cmp=com.sec.android.provider.badge/.BadgeCountReceiver (has extras) }
03-02 00:57:35.268  3202  3386 I HoneySpace.TopTaskSource: onTaskMovedToFront : taskId = 44543, displayId = 0
03-02 00:57:35.269 14885 14885 I SurfaceView: 7374587 surfaceChanged -- format=4 w=1080 h=1920
03-02 00:57:35.269  3202  3918 I HoneySpace.RecentTasks: onRecentTasksChanged
03-02 00:57:35.269 14885 14885 I SV[7374587 SplashActivity]: surfaceChanged (1080,1920) 2 #1 X.0fk7{7086fb V.E...... ........ 0,80-1080,2000}
03-02 00:57:35.269 14885 14885 I SurfaceView: 7374587 surfaceRedrawNeeded
03-02 00:57:35.269 14885 14885 I SurfaceView: 7374587 finishedDrawing
03-02 00:57:35.269 14885 14885 V SurfaceView: Layout: x=0 y=80 w=1080 h=1920, frame=Rect(0, 0 - 1080, 1920)
03-02 00:57:35.269 14885 14885 I SV[137774491 SplashActivity]: windowStopped(false) true X.0fk7{836459b V.E...... ........ 0,81-1080,1998} of VRI[SplashActivity]@35f4eb8
03-02 00:57:35.269 14885 14885 I SurfaceView: 137774491 Changes: creating=true format=false size=false visible=true alpha=false hint=false left=false top=false z=false attached=true lifecycleStrategy=false
03-02 00:57:35.269  2013  2013 D AudioPlayerStateMonitor: Found a new active media playback. AudioPlaybackConfiguration piid:92743 deviceIds:[] type:android.media.AudioTrack u/pid:10350/14885 state:started attr:AudioAttributes: usage=USAGE_MEDIA content=CONTENT_TYPE_UNKNOWN flags=0xA00 tags= bundle=null sessionId:126033 mutedState:none  FormatInfo{isSpatialized=false, channelMask=0x3, sampleRate=44100}
03-02 00:57:35.270  2013  2013 D MediaSessionService: Audio playback is changed, config=AudioPlaybackConfiguration piid:92743 deviceIds:[] type:android.media.AudioTrack u/pid:10350/14885 state:started attr:AudioAttributes: usage=USAGE_MEDIA content=CONTENT_TYPE_UNKNOWN flags=0xA00 tags= bundle=null sessionId:126033 mutedState:none  FormatInfo{isSpatialized=false, channelMask=0x3, sampleRate=44100}, removed=false
03-02 00:57:35.270  1484 10083 V APM_AudioPolicyManager: selectOutputForMusicEffects activeOnly 1 output 21 flags 0x00000008
03-02 00:57:35.270  1484 10083 W AudioFlinger: moveEffectChain_ll: effect chain for session 0 not on source thread 0xb40000707515f310
03-02 00:57:35.270  1484 10083 V APM_AudioPolicyManager: selectOutputForMusicEffects selected output 21
03-02 00:57:35.270  1507  2128 I SurfaceFlinger: id=156533 createSurf, flag=84004, 836459b SurfaceView[com.zhiliaoapp.musically/com.ss.android.ugc.aweme.splash.SplashActivity]@0#156533
03-02 00:57:35.271  2013  2013 D MediaSessionStack: updateMediaButtonSessionIfNeeded, callers=com.android.server.media.AudioPlayerStateMonitor$MessageHandler.handleMessage:19 android.os.Handler.dispatchMessage:110
03-02 00:57:35.271  1484 10083 V APM_AudioPolicyManager: getNewOutputDevices selected devices {AUDIO_DEVICE_OUT_SPEAKER, @:}
03-02 00:57:35.271  1484 10083 V APM_AudioPolicyManager: setOutputDevices caller startSource[[portId:5][io:21, deep-buffer]] device {AUDIO_DEVICE_OUT_SPEAKER, @:} delayMs 0
03-02 00:57:35.271  1484 10083 V APM_AudioPolicyManager: setOutputDevices: caller startSource[[portId:5][io:21, deep-buffer]] suppressing checkDeviceMuteStrategies
03-02 00:57:35.271  1484 10083 V APM_AudioPolicyManager: setOutputDevices caller startSource[[portId:5][io:21, deep-buffer]] changing device to {AUDIO_DEVICE_OUT_SPEAKER, @:} (prevDevice {AUDIO_DEVICE_OUT_SPEAKER, @:})
03-02 00:57:35.271  1507  2128 I SurfaceFlinger: id=156534 createSurf, flag=44400, 836459b SurfaceView[com.zhiliaoapp.musically/com.ss.android.ugc.aweme.splash.SplashActivity]@0(BLAST)#156534
03-02 00:57:35.272  2013  2013 D MediaSessionStack: updateMediaButtonSessionIfNeeded, skipping uid=10350
03-02 00:57:35.272  2013  2013 D MediaSessionStack: updateMediaButtonSessionIfNeeded, skipping uid=10342
03-02 00:57:35.272  2013  2013 D MediaSessionStack: updateMediaButtonSessionIfNeeded, skipping uid=10317
03-02 00:57:35.272  2013  2013 D MediaSessionStack: updateMediaButtonSessionIfNeeded, skipping uid=10672
03-02 00:57:35.272  1507  2128 I SurfaceFlinger: id=156535 createSurf, flag=20404, Background for 836459b SurfaceView[com.zhiliaoapp.musically/com.ss.android.ugc.aweme.splash.SplashActivity]@0#156535
03-02 00:57:35.273 14885 14885 D BufferQueueConsumer: [](id:3a250000007d,api:0,p:-1,c:14885) connect: controlledByApp=false
03-02 00:57:35.273 14885 14885 I BLASTBufferQueue: [836459b SurfaceView[com.zhiliaoapp.musically/com.ss.android.ugc.aweme.splash.SplashActivity]@0#120](f:0,a:0,s:0) constructor()
03-02 00:57:35.274 14885 14885 I BLASTBufferQueue_Java: new BLASTBufferQueue, mName= 836459b SurfaceView[com.zhiliaoapp.musically/com.ss.android.ugc.aweme.splash.SplashActivity]@0 mNativeObject= 0x6f5977d800 caller= android.view.SurfaceView.createBlastSurfaceControls:1781 android.view.SurfaceView.updateSurface:1450 android.view.SurfaceView.setWindowStopped:539 android.view.SurfaceView.surfaceCreated:2327 android.view.ViewRootImpl.notifySurfaceCreated:3502 android.view.ViewRootImpl.performTraversals:5286 android.view.ViewRootImpl.doTraversal:3924 android.view.ViewRootImpl$TraversalRunnable.run:12903 android.view.Choreographer$CallbackRecord.run:1901 android.view.Choreographer$CallbackRecord.run:1910
03-02 00:57:35.274 14885 14885 I BLASTBufferQueue_Java: update, w= 1080 h= 1917 mName = 836459b SurfaceView[com.zhiliaoapp.musically/com.ss.android.ugc.aweme.splash.SplashActivity]@0 mNativeObject= 0x6f5977d800 sc.mNativeObject= 0x6fdfbc1000 format= 4 caller= android.view.SurfaceView.createBlastSurfaceControls:1782 android.view.SurfaceView.updateSurface:1450 android.view.SurfaceView.setWindowStopped:539 android.view.SurfaceView.surfaceCreated:2327 android.view.ViewRootImpl.notifySurfaceCreated:3502 android.view.ViewRootImpl.performTraversals:5286
03-02 00:57:35.274 14885 14885 I BLASTBufferQueue: [836459b SurfaceView[com.zhiliaoapp.musically/com.ss.android.ugc.aweme.splash.SplashActivity]@0#120](f:0,a:0,s:0) update width=1080 height=1917 format=4 mTransformHint=0
03-02 00:57:35.274 14885 14885 I SurfaceView: 137774491 Cur surface: Surface(name=null mNativeObject=0)/@0xe7e74a9
03-02 00:57:35.274 14252 14273 I BadgeCountReceiver: UpdateTask START: PendingResult hashCode: 202886567
03-02 00:57:35.274 14885 14885 I SV[137774491 SplashActivity]: pST: sr = Rect(4320, 2240 - 5400, 4157) sw = 1080 sh = 1917
03-02 00:57:35.274 14885 14885 D SurfaceView: 137774491 performSurfaceTransaction RenderWorker position = [4320, 2240, 5400, 4157] surfaceSize = 1080x1917
03-02 00:57:35.274 14885 14885 I SV[137774491 SplashActivity]: updateSurface: mVisible = true mSurface.isValid() = true
03-02 00:57:35.274 14885 14885 I SV[137774491 SplashActivity]: updateSurface: mSurfaceCreated = false surfaceChanged = true visibleChanged = true
03-02 00:57:35.274 14885 14885 I SurfaceView: 137774491 visibleChanged -- surfaceCreated
03-02 00:57:35.274 14885 14885 I SV[137774491 SplashActivity]: surfaceCreated 1 #1 X.0fk7{836459b V.E...... ........ 0,81-1080,1998}
03-02 00:57:35.274 14252 14273 I BadgeCountReceiver: packageName: com.zhiliaoapp.musically, className: com.ss.android.ugc.aweme.splash.SplashActivity, count: 0
03-02 00:57:35.274  3202  3390 I HoneySpace.TopTaskUseCase: topTasks 44543 ComponentInfo{com.zhiliaoapp.musically/com.ss.android.ugc.aweme.main.MainActivity}[displayId=0]
03-02 00:57:35.275  1484  1921 D StreamHalAidl: [out|ioHandle:21] standby
03-02 00:57:35.275  1484  1921 D StreamHalAidl: [out|ioHandle:21] pause
03-02 00:57:35.275  1439  1902 D AHAL_Stream: cycle: received command Command{pause: Void{}} in writer
03-02 00:57:35.275  1439  1902 D AHAL_Stream: [out|ioHandle:21] pause
03-02 00:57:35.275  1439  1902 I AHAL_Stream: pause()
03-02 00:57:35.275  1439  1902 D MTKAdapterStreamLayer: pause(),
03-02 00:57:35.275  1439  1902 D AudioALSAStreamOut: pause() 0xb400006fe2305e00
03-02 00:57:35.275 14885 14885 I SurfaceView: 137774491 surfaceChanged -- format=4 w=1080 h=1917
03-02 00:57:35.275  1439  1902 D AHAL_Stream: cycle: writing reply Reply{status: 0, fmqByteCount: 0, observable: Position{frames: 3079044194, timeNs: 491134276400888}, hardware: Position{frames: -1, timeNs: -1}, latencyMs: 21, xrunFrames: 0, state: PAUSED}
03-02 00:57:35.275 14885 14885 I SV[137774491 SplashActivity]: surfaceChanged (1080,1917) 1 #1 X.0fk7{836459b V.E...... ........ 0,81-1080,1998}
03-02 00:57:35.275 14885 14885 I SurfaceView: 137774491 surfaceRedrawNeeded
03-02 00:57:35.276 14885 14885 I SurfaceView: 137774491 finishedDrawing
03-02 00:57:35.276  1484  1921 D StreamHalAidl: [out|ioHandle:21] flush
03-02 00:57:35.276 14885 14885 V SurfaceView: Layout: x=4320 y=2240 w=1080 h=1917, frame=Rect(0, 0 - 1080, 1917)
03-02 00:57:35.276 14885 14885 D VRI[SplashActivity]@35f4eb8: reportNextDraw android.view.ViewRootImpl.performTraversals:5443 android.view.ViewRootImpl.doTraversal:3924 android.view.ViewRootImpl$TraversalRunnable.run:12903 android.view.Choreographer$CallbackRecord.run:1901 android.view.Choreographer$CallbackRecord.run:1910
03-02 00:57:35.276 14885 14885 D VRI[SplashActivity]@35f4eb8: Setup new sync=wmsSync-VRI[SplashActivity]@35f4eb8#51
03-02 00:57:35.276 14885 14885 I VRI[SplashActivity]@35f4eb8: Creating new active sync group VRI[SplashActivity]@35f4eb8#52
03-02 00:57:35.276 14885 14885 D VRI[SplashActivity]@35f4eb8: Start draw after previous draw not visible
03-02 00:57:35.276  1439  1902 D AHAL_Stream: cycle: received command Command{flush: Void{}} in writer
03-02 00:57:35.276  1439  1902 D AHAL_Stream: [out|ioHandle:21] flush
03-02 00:57:35.276  1439  1902 I AHAL_Stream: flush()
03-02 00:57:35.276  1439  1902 D MTKAdapterStreamLayer: flush(),
03-02 00:57:35.276  1507  1507 I SurfaceFlinger: [836459b SurfaceView[com.zhiliaoapp.musically/com.ss.android.ugc.aweme.splash.SplashActivity]@0#156533] attach to parent LayerHierarchy{RequestedLayerState{Bounds for - com.zhiliaoapp.musically/com.ss.android.ugc.aweme.splash.SplashActivity@27#156526 parentId=156523} 3 children}
03-02 00:57:35.276  1439  1902 D AudioALSAStreamOut: flush() 0xb400006fe2305e00
03-02 00:57:35.276  1507  1507 I SurfaceFlinger: [836459b SurfaceView[com.zhiliaoapp.musically/com.ss.android.ugc.aweme.splash.SplashActivity]@0(BLAST)#156534] attach to parent LayerHierarchy{RequestedLayerState{836459b SurfaceView[com.zhiliaoapp.musically/com.ss.android.ugc.aweme.splash.SplashActivity]@0#156533 parentId=156526} 1 children}
03-02 00:57:35.276  1507  1507 I SurfaceFlinger: [Background for 836459b SurfaceView[com.zhiliaoapp.musically/com.ss.android.ugc.aweme.splash.SplashActivity]@0#156535] attach to parent LayerHierarchy{RequestedLayerState{836459b SurfaceView[com.zhiliaoapp.musically/com.ss.android.ugc.aweme.splash.SplashActivity]@0#156533 parentId=156526} 2 children}
03-02 00:57:35.276 14885 14885 D VRI[SplashActivity]@35f4eb8: registerCallbacksForSync syncBuffer=false
03-02 00:57:35.277  1439  1902 D AHAL_Stream: cycle: writing reply Reply{status: 0, fmqByteCount: 0, observable: Position{frames: 3079044262, timeNs: 491134277816042}, hardware: Position{frames: -1, timeNs: -1}, latencyMs: 21, xrunFrames: 0, state: IDLE}
03-02 00:57:35.277  1439  1902 D AHAL_Stream: cycle: received command Command{standby: Void{}} in writer
03-02 00:57:35.277  1439  1902 D AHAL_Stream: [out|ioHandle:21] standby
03-02 00:57:35.277  1439  1902 D AudioALSAStreamOut: standby(), flag 8
03-02 00:57:35.277  1439  1902 D AudioALSAStreamOut: standbyStreamOut(), halRequest 0, mDestroy 0, flag 8
03-02 00:57:35.277  1439  1902 D AudioALSAStreamOut: close_l(), flags 8
03-02 00:57:35.277  1439  1902 D AudioALSAStreamManager: setPlaybackStreamActive(), is_active = 0, stream_type = 3, mIsMusicStreamActive = 0
03-02 00:57:35.278  1439  1902 D AudioALSAPlaybackHandlerMixer: close(+), source flag 8, mDevice = 0x2, buffer_size 8192
03-02 00:57:35.278  1439  1902 D audio_sw_mixer: sw_mixer_source_detach(), MIXER_PLAYBACK  , name T_DEEP
03-02 00:57:35.278  1439  1902 D audio_sw_mixer: sw_mixer_manager_destroy_path(), MIXER_PLAYBACK  , path T_DEEP=>T_PRIMARY
03-02 00:57:35.278  1439  1902 D audio_sw_mixer: dump_path_list(), MIXER_PLAYBACK  , no path
03-02 00:57:35.278  1439  1902 D audio_sw_mixer: sw_mixer_target_detach(), MIXER_PLAYBACK  , name T_PRIMARY
03-02 00:57:35.278  1439  1620 D audio_sw_mixer: sw_mixer_wait_to_mix(), MIXER_PLAYBACK  , target T_PRIMARY    thread exit direct mode
03-02 00:57:35.278  1439  1620 D audio_sw_mixer: sw_mixer_mix_thread(), thread mix1:0 idle
03-02 00:57:35.278  1439  1902 D AudioALSAPlaybackHandlerNormal: +close(), flag = 8, mDevice = 0x2
03-02 00:57:35.278  1439  1902 D AudioALSAHardwareResourceManager: +stopOutputDevice(), mOutputDevices = 0x2, mStartOutputDevicesCount = 1
03-02 00:57:35.278  1439  1902 D AudioSmartPaController: +dspOnBoardSpeakerOff()
03-02 00:57:35.278  1439  1902 D AudioALSAHardwareResourceManager: notifyOutputDeviceStatusChange(), device = 2, status = 1, sampleRate = 0, mOpenSpeakerPathCount = 0
03-02 00:57:35.278  1439  1902 D AudioALSAStreamManager: speakerStatusChangeCb(), status = 1, sampleRate = 0
03-02 00:57:35.282 14885 15423 D SurfaceView: 6876039 updateSurfacePosition RenderWorker, frameNr = 1, position = [4320, -2080, 5400, -160] surfaceSize = 1080x1920
