03-02 00:57:52.712 17121 17305 I TestRunner: started: languageDialog_shows_both_options(com.podcast.app.ui.SettingsScreenTest)
03-02 00:57:52.714  1507  1825 I SurfaceFlinger: Capture layer list: 	 com.zhiliaoapp.musically/com.ss.android.ugc.aweme.splash.SplashActivity$_14885#157117(seamlessTransition:0)
03-02 00:57:52.715  3202 15778 I HoneySpace.RecentTasks: onRunningTaskVanished
03-02 00:57:52.715  3202 15778 I HoneySpace.RecentTasks: onRecentTasksChanged
03-02 00:57:52.719  1507  1507 I SurfaceFlinger: [LayerHierarchy{RequestedLayerState{Task=44914#157088 z=40} 1 children}] reparent to OffscreenRoot
03-02 00:57:52.719  1507  1507 I SurfaceFlinger: [LayerHierarchy{RequestedLayerState{Task=44914#157088 z=40} 1 children}] RelativeParent to null
03-02 00:57:52.719  1507  1507 I SurfaceFlinger: [LayerHierarchy{RequestedLayerState{ActivityRecord{209340446 u0 com.podcast.app.debug/androidx.activity.ComponentActivity t44914}#157089} 2 children}] reparent to OffscreenRoot
03-02 00:57:52.719  1507  1507 I SurfaceFlinger: [LayerHierarchy{RequestedLayerState{ActivityRecord{209340446 u0 com.podcast.app.debug/androidx.activity.ComponentActivity t44914}#157089} 2 children}] RelativeParent to null
03-02 00:57:52.719  1507  1507 I SurfaceFlinger: [LayerHierarchy{RequestedLayerState{com.podcast.app.debug/androidx.activity.ComponentActivity$_17121#157095} no children}] reparent to OffscreenRoot
03-02 00:57:52.719  1507  1507 I SurfaceFlinger: [LayerHierarchy{RequestedLayerState{com.podcast.app.debug/androidx.activity.ComponentActivity$_17121#157095} no children}] RelativeParent to null
03-02 00:57:52.719  1507  1507 I SurfaceFlinger: [LayerHierarchy{RequestedLayerState{e6a4339 com.podcast.app.debug/androidx.activity.ComponentActivity#157092} no children}] reparent to OffscreenRoot
03-02 00:57:52.719  1507  1507 I SurfaceFlinger: [LayerHierarchy{RequestedLayerState{e6a4339 com.podcast.app.debug/androidx.activity.ComponentActivity#157092} no children}] RelativeParent to null
03-02 00:57:52.719  1507  1507 I SurfaceFlinger: [LayerHierarchy{RequestedLayerState{Task=44914#157139 z=40} no children}] reparent to OffscreenRoot
03-02 00:57:52.719  1507  1507 I SurfaceFlinger: [LayerHierarchy{RequestedLayerState{Task=44914#157139 z=40} no children}] RelativeParent to null
03-02 00:57:52.720 17121 17305 D IdlingRegistry: Registering idling resources: [androidx.compose.ui.test.EspressoLink@298ac9d]
03-02 00:57:52.722 17121 17305 W Settings: Setting always_finish_activities has moved from android.provider.Settings.System to android.provider.Settings.Global, returning read-only value.
03-02 00:57:52.722  1507  1507 I SurfaceFlinger: onHandleDestroyed: layerId=157139, name=Task=44914#157139
03-02 00:57:52.722  1507  1507 I SurfaceFlinger: id=157139 Removed Task=44914#157139 (337)
03-02 00:57:52.722  1507  1507 I SurfaceFlinger: onHandleDestroyed: layerId=157089, name=ActivityRecord{209340446 u0 com.podcast.app.debug/androidx.activity.ComponentActivity t44914}#157089
03-02 00:57:52.722  1507  1507 I SurfaceFlinger: id=157089 Removed ActivityRecord{209340446 u0 com.podcast.app.debug/androidx.activity.ComponentActivity t44914}#157089 (337)
03-02 00:57:52.722  1507  1507 I SurfaceFlinger: onHandleDestroyed: layerId=157092, name=e6a4339 com.podcast.app.debug/androidx.activity.ComponentActivity#157092
03-02 00:57:52.722  1507  1507 I SurfaceFlinger: id=157092 Removed e6a4339 com.podcast.app.debug/androidx.activity.ComponentActivity#157092 (337)
03-02 00:57:52.722  1507  1507 I SurfaceFlinger: onHandleDestroyed: layerId=157095, name=com.podcast.app.debug/androidx.activity.ComponentActivity$_17121#157095
03-02 00:57:52.722  1507  1507 I SurfaceFlinger: id=157095 Removed com.podcast.app.debug/androidx.activity.ComponentActivity$_17121#157095 (337)
03-02 00:57:52.726  2013  2067 I ChimeraSystemEventListener: appLaunchIntent package name is: com.podcast.app.debug
03-02 00:57:52.729  2013  3441 I SemDvfsHyPerManager: acquire hyper - AMS_APP_SWITCH/2013@20, type = -999
03-02 00:57:52.729  1450  1487 I HYPER-HAL: [RequestManager.cpp]acquire(): Acquired ID : 2067581  [2013 / 20]    HINT : AMS_ACT_SWITCH    list :
03-02 00:57:52.729  1464  1492 I mtkpower@impl: [setMode] type:5, enabled:1
03-02 00:57:52.730  1450  1487 I mtkpower_client: perf_lock_rel, hdl:76910, pid: 1450, tid:1487
03-02 00:57:52.730  1507  1507 I SurfaceFlinger: destroyed 7a30a0 ActivityRecordInputSink com.podcast.app.debug/androidx.activity.ComponentActivity#157094
03-02 00:57:52.730  1507  1507 I SurfaceFlinger: destroyed ActivityRecord{209340446 u0 com.podcast.app.debug/androidx.activity.ComponentActivity t44914}#157089
03-02 00:57:52.730  1507  1507 I SurfaceFlinger: destroyed com.podcast.app.debug/androidx.activity.ComponentActivity$_17121#157095
03-02 00:57:52.730  1507  1507 I SurfaceFlinger: destroyed e6a4339 com.podcast.app.debug/androidx.activity.ComponentActivity#157092
03-02 00:57:52.730  1507  1507 I SurfaceFlinger: destroyed Task=44914#157139
03-02 00:57:52.730  1507  1563 I SurfaceFlinger: id=157140 createSurf, flag=24004, Task=44916#157140
03-02 00:57:52.730  1450  1487 I mtkpower_client: perf_lock_acq, hdl:0, dur:0, num:2, pid:1450, tid:1487
03-02 00:57:52.730  1464  1529 I libPowerHal: [perfLockRel] hdl:76910, idx:2
03-02 00:57:52.731  1464  1529 I libPowerHal: [PD] vendor.samsung. update cmd:1000000 param:-1 pr:6
03-02 00:57:52.731  1464  1529 I libPowerHal: [perfLockRel] Done for hdl : 76910
03-02 00:57:52.732  1450  1487 I mtkpower_client: ret_hdl:76911
03-02 00:57:52.732  1450  1487 I mtkpower_client: perf_lock_rel, hdl:76908, pid: 1450, tid:1487
03-02 00:57:52.732  1464  1529 I libPowerHal: [perfLockAcq] idx:2 hdl:76911 hint:-1 pid:1450 tid:1487 duration:0 lock_user:vendor.samsung. => ret_hdl:76911
03-02 00:57:52.732  1464  1529 I libPowerHal: [setDvfsrcDevFreqOpp] opp:0, freq:4266000000
03-02 00:57:52.733  1464  1529 I libPowerHal: [PE] vendor.samsung. update cmd:1000000 param:0 pr:3
03-02 00:57:52.733  1464  1529 I libPowerHal: [perfLockAcq] Done for hdl : 76911
03-02 00:57:52.733  1507  2393 I SurfaceFlinger: id=157141 createSurf, flag=84004, ActivityRecord{165263269 u0 com.podcast.app.debug/androidx.activity.ComponentActivity t44916}#157141
03-02 00:57:52.733  1450  1487 I mtkpower_client: perf_lock_acq, hdl:0, dur:0, num:2, pid:1450, tid:1487
03-02 00:57:52.733  2013  3821 W ParceledListSlice: Element #30 is 21544 bytes.
03-02 00:57:52.733  1464  1529 I libPowerHal: [perfLockRel] hdl:76908, idx:6
03-02 00:57:52.733  1507  1507 I Layer   : id=157094 Destroyed 7a30a0 ActivityRecordInputSink com.podcast.app.debug/androidx.activity.ComponentActivity#157094
03-02 00:57:52.733  1464  1529 I libPowerHal: [PD] vendor.samsung. update cmd:400000 param:-1 pr:6
03-02 00:57:52.734  1507  1507 I Layer   : id=157095 Destroyed com.podcast.app.debug/androidx.activity.ComponentActivity$_17121#157095
03-02 00:57:52.734  1464  1529 I libPowerHal: [recordCPUFreqInfo] set cluster[0] min(-1): -1 max(-1): -1 cluster[1] min(-1): -1 max(-1): -1
03-02 00:57:52.734  1464  1529 I libPowerHal: [perfLockRel] Done for hdl : 76908
03-02 00:57:52.734  1507  1507 I Layer   : id=157092 Destroyed e6a4339 com.podcast.app.debug/androidx.activity.ComponentActivity#157092
03-02 00:57:52.734  1507  1507 I Layer   : id=157089 Destroyed ActivityRecord{209340446 u0 com.podcast.app.debug/androidx.activity.ComponentActivity t44914}#157089
03-02 00:57:52.734  1507  1507 I Layer   : id=157139 Destroyed Task=44914#157139
03-02 00:57:52.734 14636 14636 D WM-SystemJobService: onStopJob for WorkGenerationalId(workSpecId=f23029b8-b7a3-4a93-aaf6-b7c7a26dfe9e, generation=0)
03-02 00:57:52.735  1450  1487 I mtkpower_client: ret_hdl:76912
03-02 00:57:52.735  1464  1529 I libPowerHal: [perfLockAcq] idx:3 hdl:76912 hint:-1 pid:1450 tid:1487 duration:0 lock_user:vendor.samsung. => ret_hdl:76912
03-02 00:57:52.735 14636 15266 D WM-Processor: WorkerWrapper interrupted for f23029b8-b7a3-4a93-aaf6-b7c7a26dfe9e
03-02 00:57:52.735 14636 15266 D WM-StopWorkRunnable: StopWorkRunnable for f23029b8-b7a3-4a93-aaf6-b7c7a26dfe9e; Processor.stopWork = true
03-02 00:57:52.735  1464  1529 I libPowerHal: [PE] vendor.samsung. update cmd:400000 param:2000000 pr:3
03-02 00:57:52.735  1464  1529 I libPowerHal: [recordCPUFreqInfo] set cluster[0] min(vendor.samsung.): 2000000 max(-1): -1 cluster[1] min(-1): -1 max(-1): -1
03-02 00:57:52.735  1464  1529 I libPowerHal: [perfLockAcq] Done for hdl : 76912
03-02 00:57:52.736  4784  4784 I SemDvfsHyPerManager: acquire hyper - APP_START_SHORT/4784@15, type = -999
03-02 00:57:52.737  1445 18689 W C2MtkBufferManager: [0xB4000070F68A8D20] fetchNewCcBlock: wait fence 0x0xb4000070f692fcb0 timed out. ret 110
03-02 00:57:52.738  1450  1487 I HYPER-HAL: [RequestManager.cpp]acquire(): Acquired ID : 11517615  [4784 / 15]    HINT : APP_START    list : [TIMEOUT / 1500]
03-02 00:57:52.739  2013  3819 I SemDvfsHyPerManager: acquire hyper - AMS_APP_LAUNCH/2013@17, type = -999
03-02 00:57:52.740  1450  1487 I HYPER-HAL: [RequestManager.cpp]acquire(): Acquired ID : 2061482  [2013 / 17]    HINT : AMS_APP_LAUNCH    list :
03-02 00:57:52.740 14885 14885 I System.out: SAFActivity: com.ss.android.ugc.aweme.main.MainActivity@c20428f,  onPause Start
03-02 00:57:52.740  4784  4784 I SemDvfsHyPerManager: acquire hyper - APP_START/4784@17, type = -999
03-02 00:57:52.741  2746  2798 D ShellDesktopMode: handleRequest: TransitionRequestInfo {type=1, tid=44916, debugId=11327}
03-02 00:57:52.741  1450  1487 I HYPER-HAL: [RequestManager.cpp]acquire(): Acquired ID : 11527218  [4784 / 17]    HINT : APP_START    list :
03-02 00:57:52.742  1646  2917 I CameraService: onUidStateChanged: uid=10492, procState is changed. (8 -> 10)
03-02 00:57:52.743 14885 14885 I System.out: SceneSafeLifecycleDispatcher: onPaused Start
03-02 00:57:52.743 14885 14885 I System.out: SAFActivity V Scene Framework: NavigationMessageQueue postSync start
03-02 00:57:52.743 14885 14885 I System.out: SAFActivity V Scene Framework: NavigationMessageQueue postSync run current task start 14_Y.ARunnableS108S0200000_32@c62d946
03-02 00:57:52.743 14885 14885 I System.out: SAFActivity V Scene Framework: NavigationSceneManager Sync Scene SAFFragmentRootScene{79e191c} Lifecycle [RESUMED -> STARTED] without saved State
03-02 00:57:52.743 14885 14885 I System.out: SAFFragmentRootScene: onPause Start (SAFFragmentRootScene{79e191c})
03-02 00:57:52.743  2746  2808 I ViewRootImpl: dVRR is disabled
03-02 00:57:52.744  1507  1568 E mali_winsys: Unrecognised Android chroma siting range: [2, 2]. Applying default
03-02 00:57:52.744  2746  2870 D NativeCustomFrequencyManager: [NativeCFMS] BpCustomFrequencyManager::BpCustomFrequencyManager()
03-02 00:57:52.744 14636 15217 I WM-WorkerWrapper: Work [ id=f23029b8-b7a3-4a93-aaf6-b7c7a26dfe9e, tags={ com.urbanairship.job.AirshipWorker,airship } ] was cancelled
03-02 00:57:52.744 14636 15217 I WM-WorkerWrapper: androidx.work.impl.WorkerStoppedException
03-02 00:57:52.744 14636 15217 I WM-WorkerWrapper: 	at o.setEnabledWhenDeviceHasQuirk.AnimatedBarChartKtAnimatedBarChart1112(:348)
03-02 00:57:52.744 14636 15217 I WM-WorkerWrapper: 	at o.MutableConfig.AnimatedBarChartKtAnimatedBarChart1(:439)
03-02 00:57:52.744 14636 15217 I WM-WorkerWrapper: 	at o.MutableConfig.AnimatedBarChartKtAnimatedBarChart1112(:259)
03-02 00:57:52.744 14636 15217 I WM-WorkerWrapper: 	at o.getUseCaseInfo.run(:49)
03-02 00:57:52.744 14636 15217 I WM-WorkerWrapper: 	at o.TagBundle$Architecture.run(:96)
03-02 00:57:52.744 14636 15217 I WM-WorkerWrapper: 	at java.util.concurrent.ThreadPoolExecutor.runWorker(ThreadPoolExecutor.java:1154)
03-02 00:57:52.744 14636 15217 I WM-WorkerWrapper: 	at java.util.concurrent.ThreadPoolExecutor$Worker.run(ThreadPoolExecutor.java:652)
03-02 00:57:52.744 14636 15217 I WM-WorkerWrapper: 	at java.lang.Thread.run(Thread.java:1563)
03-02 00:57:52.745 14636 15217 D WM-WorkerWrapper: Status for f23029b8-b7a3-4a93-aaf6-b7c7a26dfe9e is RUNNING; not doing any work and rescheduling for later execution
03-02 00:57:52.750  3506  3506 E pageboostd: Received HALT command code 2
03-02 00:57:52.750 14636 14636 D WM-Processor: MutableConfig f23029b8-b7a3-4a93-aaf6-b7c7a26dfe9e executed; reschedule = true
03-02 00:57:52.751  1507  1507 I SurfaceFlinger: [Display 0 name="Built-in Screen"#49] setFrameRateCategory: High
03-02 00:57:52.751  1507  1507 I SurfaceFlinger: [Task=44916#157140] attach to parent LayerHierarchy{RequestedLayerState{DefaultTaskDisplayArea_d0#10 parentId=9} 45 children}
03-02 00:57:52.751  1507  1507 I SurfaceFlinger: [ActivityRecord{165263269 u0 com.podcast.app.debug/androidx.activity.ComponentActivity t44916}#157141] attach to parent LayerHierarchy{RequestedLayerState{Task=44916#157140 parentId=10} 1 children}
03-02 00:57:52.751  2013  2731 D InputTransport: Input channel constructed: '49197ff', fd=1074
03-02 00:57:52.752  2013  2731 D InputTransport: Input channel constructed: '49197ff', fd=1100
03-02 00:57:52.752  2013  2731 D InputTransport: Input channel constructed: '49197ff', fd=1116
03-02 00:57:52.752  2013  2731 D InputTransport: Input channel destroyed: '49197ff', fd=1100
03-02 00:57:52.752  3202  3386 I HoneySpace.TopTaskSource: onTaskMovedToFront : taskId = 44916, displayId = 0
03-02 00:57:52.753  1507  1563 I SurfaceFlinger: id=157142 createSurf, flag=84004, 49197ff Splash Screen com.podcast.app.debug#157142
03-02 00:57:52.753  3202  3390 I HoneySpace.TopTaskUseCase: topTasks 44916 ComponentInfo{com.podcast.app.debug/androidx.activity.ComponentActivity}[displayId=0]
03-02 00:57:52.755  1507  1568 E mali_winsys: Unrecognised Android chroma siting range: [2, 2]. Applying default
03-02 00:57:52.755  3202  4701 I HoneySpace.RecentTasks: onRecentTasksChanged
03-02 00:57:52.755  2013  2731 D InputTransport: Input channel destroyed: '49197ff', fd=1116
03-02 00:57:52.756  1507  1507 I BpBinder: onLastStrongRef automatically unlinking death recipients:
03-02 00:57:52.757  2746  2808 D InputTransport: Input channel constructed: '49197ff', fd=703
03-02 00:57:52.758  2746  2808 I InsetsController: onStateChanged: host=Splash Screen com.podcast.app.debug, from=android.view.ViewRootImpl.onInsetsStateChanged:3026, state=InsetsState: {mDisplayFrame=Rect(0, 0 - 1080, 2340), mDisplayCutout=DisplayCutout{insets=Rect(0, 80 - 0, 0) waterfall=Insets{left=0, top=0, right=0, bottom=0} boundingRect={Bounds=[Rect(0, 0 - 0, 0), Rect(472, 0 - 608, 80), Rect(0, 0 - 0, 0), Rect(0, 0 - 0, 0)]} cutoutPathParserInfo={CutoutPathParserInfo{displayWidth=1080 displayHeight=2340 physicalDisplayWidth=1080 physicalDisplayHeight=2340 density={2.8125} cutoutSpec={M 0,0 H -24.177777778 V 28.4444444444 H 24.177777778 V 0 H 0 Z @dp} rotation={0} scale={1.0} physicalPixelDisplaySizeRatio={1.0}}} sideOverrides={}}, mRoundedCorners=RoundedCorners{[RoundedCorner{position=TopLeft, radius=113, center=Point(113, 113)}, RoundedCorner{position=TopRight, radius=113, center=Point(967, 113)}, RoundedCorner{position=BottomRight, radius=113, center=Point(967, 2227)}, RoundedCorner{position=BottomLeft, radius=113, center=Point(113, 2227)}]}  mRoundedCornerFrame=Rect(0, 0 - 1080, 2340), mPrivacyIndicatorBounds=PrivacyIndicatorBounds {static bounds=Rect(956, 0 - 1080, 80) rotation=0}, mDisplayShape=DisplayShape{ spec=-311912193 displayWidth=1080 displayHeight=2340 physicalPixelDisplaySizeRatio=1.0 rotation=0 offsetX=0 offsetY=0 scale=1.0}, mSources= { InsetsSource: {e9af0000 mType=statusBars mFrame=[0,0][1080,80] mVisible=true mFlags= mSideHint=TOP mBoundingRects=null}, InsetsSource: {e9af0005 mType=mandatorySystemGestures mFrame=[0,0][1080,114] mVisible=true mFlags= mSideHint=TOP mBoundingRects=null}, InsetsSource: {e9af0006 mType=tappableElement mFrame=[0,0][1080,80] mVisible=true mFlags= mSideHint=TOP mBoundingRects=null}, InsetsSource: {27 mType=displayCutout mFrame=[0,0][1080,80] mVisible=true mFlags= mSideHint=TOP mBoundingRects=null}, InsetsSource: {26ed0001 mType=navigationBars mFrame=[0,2298][1080,2340] mVisible=true mFlags=SUPPRESS_SCRIM mSideHint=BOTTOM mBoundingRects=null}, InsetsSource: {26ed0004 mType=systemGestures mFrame=[0,0][84,2340] mVisible=true mFlags= mSideHint=LEFT mBoundingRects=null}, InsetsSource: {26ed0005 mType=mandatorySystemGestures mFrame=[0,2250][1080,2340] mVisible=true mFlags= mSideHint=BOTTOM mBoundingRects=null}, InsetsSource: {26ed0006 mType=tappableElement mFrame=[0,0][0,0] mVisible=true mFlags= mSideHint=NONE mBoundingRects=null}, InsetsSource: {26ed0024 mType=systemGestures mFrame=[996,0][1080,2340] mVisible=true mFlags= mSideHint=RIGHT mBoundingRects=null} }
03-02 00:57:52.758  2746  2808 I VRI[debug]@607afdd: onActiveControlsChanged, removed=false, mAdded=true, caller=android.view.ViewRootImpl.handleInsetsControlChanged:3002 android.view.ViewRootImpl.setView:2014 android.view.WindowManagerGlobal.addView:604 com.android.wm.shell.startingsurface.SplashscreenWindowCreator.addWindow:38 com.android.wm.shell.startingsurface.StartingWindowController$$ExternalSyntheticLambda4.run:1365
03-02 00:57:52.758  1444  1808 D MDP     : [PQSessionManager] findVideoID[f50d5820] found on index 7
03-02 00:57:52.758  1444  1808 D MDP     : [PQSessionManager] createPQSession(7) user(0xb4000074f4d46d80)
03-02 00:57:52.758  1444  1808 D MDP     : [PQSessionManager] Duplicated ID[7] found, please check if double createPQSession!
03-02 00:57:52.758  1444  1808 D MDP     : [PQSessionManager] getPQSessionListHandle id[7]
03-02 00:57:52.758  1444  1808 D MDP     : [PQSessionManager] getPQSessionListHandle, find id[7]
03-02 00:57:52.758  1444  1808 D MDP     : [PQSession] incRefCount id[7] user[0xb4000074f4d46d80] existed
03-02 00:57:52.758  2746  2808 I VRI[debug]@607afdd: synced displayState. AttachInfo displayState=2
03-02 00:57:52.758  1444  1808 D MDP     : [PQSession] incRefCount id[7] user[0xb4000074f4d46d80] numOfUser[1]
03-02 00:57:52.758  1444  1808 D MDP     : [PQSession] numElements[0] key[0] metaData[0]
03-02 00:57:52.758  1444  1808 D MDP     : [PQSession] setPQParam() id[7] enable[0], scenario[1]
03-02 00:57:52.758  1444  1808 D PQ      : PQDSConfig::getEnableStatus check1  time 0 ms
03-02 00:57:52.758  1444  1808 D PQ      : [PQDSConfig] PQDSConfig::getEnableStatus = 1
03-02 00:57:52.758  1444  1808 D PQ      : [PQDSConfig] m_TDSHPTableInit 1
03-02 00:57:52.758  1444  1808 D PQ      : [PQDSConfig] getAshmemContext(SHP_ENABLE) = 1
03-02 00:57:52.758  1444  1808 D PQ      : PQDSConfig::getEnableStatus check2  time 0 ms
03-02 00:57:52.758  1444  1808 D PQ      : [PQDSConfig] PQDSConfig::getUREnableStatus = 1
03-02 00:57:52.758  1444  1808 D MDP     : [PQSession] setDpPqConfig m_svp = 0, enDRE = 0
03-02 00:57:52.758  1444  1808 D MDP     : setPQParam globalPQSupport = [0] globalPQSwitch = [0] globalPQStrength = [0] globalPQType = [0]
03-02 00:57:52.758  1444  1808 D MDP     : [PQSession] setPQparam userId[0x0], scenario[1], enDRE[0]
03-02 00:57:52.759  1444  1808 D MDP     : [PQSession] getDpPqConfig() id[7] enable[0], scenario[1]
03-02 00:57:52.759  1444  1808 D MDP     : [PQSession] getDpPqConfig() enSharp[0] enDC[0] enColor[0] enHDR[0] enHDRVivid[0] enUR[0] enReFocus[0] enCcorr[0] enDRE[0] enHFG[0] enAIPQ[0] enAISDR2HDR[0] enAIRegionPQ[0] mAdaptiveEnable[0]
03-02 00:57:52.759  1444  1808 D MDP     : [PQSession] setPQDREParam userId[0x0] scenario[1] enDRE[0]
03-02 00:57:52.759  1444  1808 D MDP     : [PQSessionManager] findVideoID[f50d5820] found on index 7
03-02 00:57:52.759  2746  2808 I VRI[debug]@607afdd: setView = android.widget.FrameLayout@e82cb20 IsHRR=false mFlingFrameRateChange=0 TM=true
03-02 00:57:52.759  1444  1808 D PQ_HDR  : DpAsyncBlit: job:(2071723 170) in:(720, 1280)[720 368] C8s P1.1.1.0.1, alpha 0, sec0 flush:0 Buffer 1035861: plane=3 bufVA={0xaa,0xaa,0xaa} bufMVA={0x0,0x0,0x0} bufSize={0xe1000,0x39800,0x39800} proxy={0xb4000074f4c6a860,0x0,0x0}fence=-1
03-02 00:57:52.759  1444  1808 D PQ_HDR  : DpAsyncBlit: out 0:(1080, 1920)[2176 0] C5 P1.1.1.0.1 R:0 F:0 S:0 A:0 HDR:0 COLOR:0 CCORR:0 sec0 flush:0 Buffer 1035861: plane=1 bufVA={0x99,0x0,0x0} bufMVA={0x0,0x0,0x0} bufSize={0x4db200,0x0,0x0} proxy={0xb4000074f4c6a620,0x0,0x0}fence=181
03-02 00:57:52.759  1444  1808 D PQ_HDR  : DpAsyncBlit: crop 0:(0.0, 0.0, 720.0, 1280.0) compose:(0, 0, 1080, 1920)
03-02 00:57:52.759 14885 14885 I System.out: SAFFragmentRootScene: onWindowFocusChanged: com.ss.android.ugc.aweme.main.MainRootFragment, MainRootFragment{e89d275} (8a90a2f7-f51b-4f8d-88b5-38e0125851ad tag=root_fragment), true (SAFFragmentRootScene{79e191c})
03-02 00:57:52.759 14885 14885 I System.out: SAFActivity V Scene Framework: NavigationMessageQueue postSync run current task finish 14_Y.ARunnableS108S0200000_32@c62d946
03-02 00:57:52.759 14885 14885 I System.out: SAFActivity V Scene Framework: NavigationMessageQueue postSync finish
03-02 00:57:52.759 14885 14885 I System.out: SceneSafeLifecycleDispatcher: onPaused End PAUSE
03-02 00:57:52.759 14885 14885 I System.out: SAFActivity: com.ss.android.ugc.aweme.main.MainActivity@c20428f,  onPause End
03-02 00:57:52.759  2746  2870 D HWUI    : HWUI - treat SMPTE_170M as sRGB
03-02 00:57:52.759  1444  1808 D MDP     : [PQSessionManager] PQSessionManager::getPQSession id[7]
03-02 00:57:52.759  1444  1808 D MDP     : [PQSessionManager] getPQSessionListHandle id[7]
03-02 00:57:52.759  1444  1808 D MDP     : [PQSessionManager] getPQSessionListHandle, find id[7]
03-02 00:57:52.759  1444  1808 D MDP     : [PQSessionManager] PQSessionManager::getPQSession id[7]
03-02 00:57:52.759  1444  1808 D MDP     : [PQSessionManager] getPQSessionListHandle id[7]
03-02 00:57:52.759  1444  1808 D MDP     : [PQSessionManager] getPQSessionListHandle, find id[7]
03-02 00:57:52.759  1444  1808 D MDP     : PQSession:setPipeNum m_PipeNum[1] value[1] ID[7] DCPath[0] DCDone[0] addr[73225d5f]
03-02 00:57:52.759  1444  1808 D MDP     : [PQSession] getDpPqConfig() id[7] enable[0], scenario[1]
03-02 00:57:52.759  1444  1808 D MDP     : [PQSession] getDpPqConfig() enSharp[0] enDC[0] enColor[0] enHDR[0] enHDRVivid[0] enUR[0] enReFocus[0] enCcorr[0] enDRE[0] enHFG[0] enAIPQ[0] enAISDR2HDR[0] enAIRegionPQ[0] mAdaptiveEnable[0]
03-02 00:57:52.759  1444  1808 D PQ      : [PQRSZConfig] PQRSZConfig::getUREnableStatus = 1
03-02 00:57:52.759  1444  1808 D MDP     : [PQSessionManager] PQSessionManager::getPQSession id[7]
03-02 00:57:52.759  1444  1808 D MDP     : [PQSessionManager] getPQSessionListHandle id[7]
03-02 00:57:52.759  1444  1808 D MDP     : [PQSessionManager] getPQSessionListHandle, find id[7]
03-02 00:57:52.759  1444  1808 D AAL     : [PQEngineInterface] DpEngineTDSHPConfigFrame(0) pqSessionId = 7
03-02 00:57:52.759  1444  1808 D MDP     : [PQSession] getDpPqConfig() id[7] enable[0], scenario[1]
03-02 00:57:52.759  1444  1808 D MDP     : [PQSession] getDpPqConfig() enSharp[0] enDC[0] enColor[0] enHDR[0] enHDRVivid[0] enUR[0] enReFocus[0] enCcorr[0] enDRE[0] enHFG[0] enAIPQ[0] enAISDR2HDR[0] enAIRegionPQ[0] mAdaptiveEnable[0]
03-02 00:57:52.759  1444  1808 D AAL     : [PQEngineInterface] DpEngineTDSHPConfigFrame(0) tdshpEnable(0) enSharp(0) enDC(0) enHFG(0)
03-02 00:57:52.760  1444  1808 D MDP     : [PQSessionManager] PQSessionManager::getPQSession id[7]
03-02 00:57:52.760  1444  1808 D MDP     : [PQSessionManager] getPQSessionListHandle id[7]
03-02 00:57:52.760  1444  1808 D MDP     : [PQSessionManager] getPQSessionListHandle, find id[7]
03-02 00:57:52.760  1444  1808 D MDP     : [PQSession] getDpPqConfig() id[7] enable[0], scenario[1]
03-02 00:57:52.760  1444  1808 D MDP     : [PQSession] getDpPqConfig() enSharp[0] enDC[0] enColor[0] enHDR[0] enHDRVivid[0] enUR[0] enReFocus[0] enCcorr[0] enDRE[0] enHFG[0] enAIPQ[0] enAISDR2HDR[0] enAIRegionPQ[0] mAdaptiveEnable[0]
03-02 00:57:52.760  1444  1808 W AAL     : DpEngine_AAL: relay 1
03-02 00:57:52.760  1444  1808 D AAL     : [PQEngineInterface] DpEngineTDSHPConfigTile(0) InpSize: 807, 1920, OutSize: 807, 1920
03-02 00:57:52.760  1444  1808 D MDP     : [PQSessionManager] PQSessionManager::getPQSession id[7]
03-02 00:57:52.760  1444  1808 D MDP     : [PQSessionManager] getPQSessionListHandle id[7]
03-02 00:57:52.760  1444  1808 D MDP     : [PQSessionManager] getPQSessionListHandle, find id[7]
03-02 00:57:52.760  1444  1808 D PQ      : [PQHFGConfig] PQHFGConfig::isEnabled = 2
03-02 00:57:52.760  1444  1808 D MDP     : [PQSession] getDpPqConfig() id[7] enable[0], scenario[1]
03-02 00:57:52.760  1444  1808 D MDP     : [PQSession] getDpPqConfig() enSharp[0] enDC[0] enColor[0] enHDR[0] enHDRVivid[0] enUR[0] enReFocus[0] enCcorr[0] enDRE[0] enHFG[0] enAIPQ[0] enAISDR2HDR[0] enAIRegionPQ[0] mAdaptiveEnable[0]
03-02 00:57:52.760  1444  1808 D AAL     : [PQEngineInterface] DpEngineAALCongTile(0) MDP_aal_size = 36177152
03-02 00:57:52.760  1646 17197 I CameraService: onUidStateChanged: uid=10062, procState is changed. (0 -> 1)
03-02 00:57:52.760  1444  1808 D AAL     : [PQEngineInterface(1791345034)::MDP_AAL_output_offset = 0
03-02 00:57:52.760  1444  1808 D AAL     : [PQEngineInterface] DpEngineAALCongTile(0) MDP_AAL_output_size = 35652864
03-02 00:57:52.760  1444  1808 D AAL     : [PQEngineInterface] DpEngineAALCongTile(0) inTileXRight = 551, inTileXLeft = 0
03-02 00:57:52.760  1444  1808 D AAL     : [PQEngineInterface] DpEngineAALCongTile(0) inTileYBottom = 543, inTileYTop = 0
03-02 00:57:52.760  1444  1808 D AAL     : [PQEngineInterface] DpEngineAALCongTile(0) outTileXRight = 1279, outTileXLeft = 0
03-02 00:57:52.760  1444  1808 D AAL     : [PQEngineInterface] DpEngineAALCongTile(0) m_outTileYBottom = 1279, m_outTileYTop = 0
03-02 00:57:52.760  1444  1808 D MDP     : [PQSessionManager] PQSessionManager::getPQSession id[7]
03-02 00:57:52.760  1444  1808 D MDP     : [PQSessionManager] getPQSessionListHandle id[7]
03-02 00:57:52.760  1444  1808 D MDP     : [PQSessionManager] getPQSessionListHandle, find id[7]
03-02 00:57:52.760  1444  1808 D AAL     : [PQEngineInterface] DpEngineAALCongTile(0)cropOffset[X, Y]=[1, 0], crop[Wid, Hei]=[0, 720]
03-02 00:57:52.760  1444  1808 D MDP     : [PQSessionManager] PQSessionManager::getPQSession id[7]
03-02 00:57:52.760  1444  1808 D MDP     : [PQSessionManager] getPQSessionListHandle id[7]
03-02 00:57:52.760  1444  1808 D MDP     : [PQSessionManager] getPQSessionListHandle, find id[7]
03-02 00:57:52.760  1444  1808 D AAL     : [PQEngineInterface] DpEngineHDRConfigTile(0) outTileXLeft = 0, outTileXRight = 551
03-02 00:57:52.760  1444  1808 D AAL     : [PQEngineInterface] DpEngineHDRConfigTile(0) inTileXLeft = 0, inTileXRight = 551
03-02 00:57:52.760  1444  1808 D AAL     : [PQEngineInterface] DpEngineHDRConfigTile(0) HDR_out_start_x = 0, HDR_out_end_x = 551, src h: 552,v: 1280
03-02 00:57:52.760  1444  1808 D AAL     : [PQEngineInterface] DpEngineHDRConfigTile(0) HDR_hist_end_x = 0, HDR_hist_begin_x = 0
03-02 00:57:52.760  1444  1808 D AAL     : [PQEngineInterface] DpEngineHDRConfigTile(0) HDR_first_tile = 0, HDR_last_tile = 0
03-02 00:57:52.760  1444  1808 D AAL     : [PQEngineInterface] DpEngineHDRConfigTile(0) inFrameWidth = 720 , middlePosX = 0
03-02 00:57:52.760  1444  1808 D AAL     : [PQEngineInterface] DpEngineTDSHPConfigTile(0) InpSize: 274, 1920, OutSize: 274, 1920
03-02 00:57:52.760  1444  1808 D MDP     : [PQSessionManager] PQSessionManager::getPQSession id[7]
03-02 00:57:52.760  1444  1808 D MDP     : [PQSessionManager] getPQSessionListHandle id[7]
03-02 00:57:52.760  1444  1808 D MDP     : [PQSessionManager] getPQSessionListHandle, find id[7]
03-02 00:57:52.760  1444  1808 D PQ      : [PQHFGConfig] PQHFGConfig::isEnabled = 2
03-02 00:57:52.760  1444  1808 D MDP     : [PQSession] getDpPqConfig() id[7] enable[0], scenario[1]
03-02 00:57:52.760  1444  1808 D MDP     : [PQSession] getDpPqConfig() enSharp[0] enDC[0] enColor[0] enHDR[0] enHDRVivid[0] enUR[0] enReFocus[0] enCcorr[0] enDRE[0] enHFG[0] enAIPQ[0] enAISDR2HDR[0] enAIRegionPQ[0] mAdaptiveEnable[0]
03-02 00:57:52.760  1444  1808 D AAL     : [PQEngineInterface] DpEngineAALCongTile(0) MDP_aal_size = 12715264
03-02 00:57:52.760  1444  1808 D AAL     : [PQEngineInterface(1791345034)::MDP_AAL_output_offset = 0
03-02 00:57:52.760  1444  1808 D AAL     : [PQEngineInterface] DpEngineAALCongTile(0) MDP_AAL_output_size = 12190976
03-02 00:57:52.760  1444  1808 D AAL     : [PQEngineInterface] DpEngineAALCongTile(0) inTileXRight = 719, inTileXLeft = 526
03-02 00:57:52.760  1444  1808 D AAL     : [PQEngineInterface] DpEngineAALCongTile(0) inTileYBottom = 719, inTileYTop = 0
03-02 00:57:52.760  1444  1808 D AAL     : [PQEngineInterface] DpEngineAALCongTile(0) outTileXRight = 1279, outTileXLeft = 534
03-02 00:57:52.760  1444  1808 D AAL     : [PQEngineInterface] DpEngineAALCongTile(0) m_outTileYBottom = 1279, m_outTileYTop = 0
03-02 00:57:52.760  1444  1808 D MDP     : [PQSessionManager] PQSessionManager::getPQSession id[7]
03-02 00:57:52.760  1444  1808 D MDP     : [PQSessionManager] getPQSessionListHandle id[7]
03-02 00:57:52.760  1444  1808 D MDP     : [PQSessionManager] getPQSessionListHandle, find id[7]
03-02 00:57:52.760  1444  1808 D AAL     : [PQEngineInterface] DpEngineAALCongTile(0)cropOffset[X, Y]=[1, 0], crop[Wid, Hei]=[0, 720]
03-02 00:57:52.760  1444  1808 D MDP     : [PQSessionManager] PQSessionManager::getPQSession id[7]
03-02 00:57:52.760  1444  1808 D MDP     : [PQSessionManager] getPQSessionListHandle id[7]
03-02 00:57:52.760  1444  1808 D MDP     : [PQSessionManager] getPQSessionListHandle, find id[7]
03-02 00:57:52.760  1444  1808 D AAL     : [PQEngineInterface] DpEngineHDRConfigTile(0) outTileXLeft = 526, outTileXRight = 719
03-02 00:57:52.761  1444  1808 D AAL     : [PQEngineInterface] DpEngineHDRConfigTile(0) inTileXLeft = 526, inTileXRight = 719
03-02 00:57:52.761  1444  1808 D AAL     : [PQEngineInterface] DpEngineHDRConfigTile(0) HDR_out_start_x = 0, HDR_out_end_x = 193, src h: 194,v: 1280
03-02 00:57:52.761  1444  1808 D AAL     : [PQEngineInterface] DpEngineHDRConfigTile(0) HDR_hist_end_x = 0, HDR_hist_begin_x = 0
03-02 00:57:52.761  1444  1808 D AAL     : [PQEngineInterface] DpEngineHDRConfigTile(0) HDR_first_tile = 0, HDR_last_tile = 0
03-02 00:57:52.761  1444  1808 D AAL     : [PQEngineInterface] DpEngineHDRConfigTile(0) inFrameWidth = 720 , middlePosX = 0
03-02 00:57:52.761  1444  1808 D MDP     : [PQSessionManager] PQSessionManager::getPQSession id[7]
03-02 00:57:52.761  1444  1808 D MDP     : [PQSessionManager] getPQSessionListHandle id[7]
03-02 00:57:52.761  1444  1808 D MDP     : [PQSessionManager] getPQSessionListHandle, find id[7]
03-02 00:57:52.761  1444  1808 D MDP     : [PQSessionManager] PQSessionManager::getPQSession id[7]
03-02 00:57:52.761  1444  1808 D MDP     : [PQSessionManager] getPQSessionListHandle id[7]
03-02 00:57:52.761  1444  1808 D MDP     : [PQSessionManager] getPQSessionListHandle, find id[7]
03-02 00:57:52.762  1646 17197 I CameraService: onUidStateChanged: uid=10492, procState is changed. (10 -> 19)
03-02 00:57:52.762 14636 15264 D WM-GreedyScheduler: Cancelling work ID f23029b8-b7a3-4a93-aaf6-b7c7a26dfe9e
03-02 00:57:52.765  2013  2731 D GraphicsStatsService: requestRenderEngineFor(com.podcast.app.debug)
03-02 00:57:52.765  1444  1809 D MDP     : [PQSessionManager] PQSessionManager::getPQSession id[7]
03-02 00:57:52.765  1444  1809 D MDP     : [PQSessionManager] getPQSessionListHandle id[7]
03-02 00:57:52.765  1444  1809 D MDP     : [PQSessionManager] getPQSessionListHandle, find id[7]
03-02 00:57:52.766  1444  1809 D MDP     : [PQSessionManager] findVideoID[f50d5820] found on index 7
03-02 00:57:52.767  1445  2902 W C2MtkBufferManager: [0xB4000070F507E520] fetchNewCcBlock: wait fence 0x0xb4000070f5058270 timed out. ret 110
03-02 00:57:52.768  2013  4829 D InputDispatcher: Focused application(0): ActivityRecord{165263269 u0 com.podcast.app.debug/androidx.activity.ComponentActivity t44916}
03-02 00:57:52.768 14636 15264 W JobInfo : Requested important-while-foreground flag for job3722 is ignored and takes no effect
03-02 00:57:52.768 14636 15264 D WM-SystemJobScheduler: Scheduling work ID f23029b8-b7a3-4a93-aaf6-b7c7a26dfe9eJob ID 3722
03-02 00:57:52.775  2013  2731 W ParceledListSlice: Element #30 is 21544 bytes.
03-02 00:57:52.778  2013  4844 I WindowManager: Relayout Window{49197ff u0 Splash Screen com.podcast.app.debug}: viewVisibility=0 req=1080x2340 ty=3 d0
03-02 00:57:52.780  1507  1563 I SurfaceFlinger: id=157143 createSurf, flag=44004, Splash Screen com.podcast.app.debug$_2746#157143
03-02 00:57:52.780  3202 15778 I HoneySpace.RecentTasks: onRecentTasksChanged
03-02 00:57:52.783 17121 17121 D LifecycleMonitor: Lifecycle status change: androidx.activity.ComponentActivity@4a69d36 in: PRE_ON_CREATE
03-02 00:57:52.783 17121 17121 V ActivityScenario: Activity lifecycle changed event received but ignored because the reported transition was not ON_CREATE while the last known transition was PRE_ON_CREATE
03-02 00:57:52.784  2013  4844 I WindowManager: Relayout hash=49197ff, pid=2746, syncId=-1: mAttrs={(0,0)(fillxfill) sim={adjust=pan} layoutInDisplayCutoutMode=always ty=APPLICATION_STARTING fmt=TRANSLUCENT wanim=0x1030317
03-02 00:57:52.784  2013  4844 I WindowManager:   fl=81030118
03-02 00:57:52.784  2013  4844 I WindowManager:   pfl=10000810
03-02 00:57:52.784  2013  4844 I WindowManager:   bhv=1
03-02 00:57:52.784  2013  4844 I WindowManager:   fitSides=0
03-02 00:57:52.784  2013  4844 I WindowManager:   frameRateBoostOnTouch=true
03-02 00:57:52.784  2013  4844 I WindowManager:   dvrrWindowFrameRateHint=true naviIconColor=0}
03-02 00:57:52.786  2746  2808 I InsetsController: onStateChanged: host=Splash Screen com.podcast.app.debug, from=android.view.ViewRootImpl.onInsetsStateChanged:3026, state=InsetsState: {mDisplayFrame=Rect(0, 0 - 1080, 2340), mDisplayCutout=DisplayCutout{insets=Rect(0, 80 - 0, 0) waterfall=Insets{left=0, top=0, right=0, bottom=0} boundingRect={Bounds=[Rect(0, 0 - 0, 0), Rect(472, 0 - 608, 80), Rect(0, 0 - 0, 0), Rect(0, 0 - 0, 0)]} cutoutPathParserInfo={CutoutPathParserInfo{displayWidth=1080 displayHeight=2340 physicalDisplayWidth=1080 physicalDisplayHeight=2340 density={2.8125} cutoutSpec={M 0,0 H -24.177777778 V 28.4444444444 H 24.177777778 V 0 H 0 Z @dp} rotation={0} scale={1.0} physicalPixelDisplaySizeRatio={1.0}}} sideOverrides={}}, mRoundedCorners=RoundedCorners{[RoundedCorner{position=TopLeft, radius=113, center=Point(113, 113)}, RoundedCorner{position=TopRight, radius=113, center=Point(967, 113)}, RoundedCorner{position=BottomRight, radius=113, center=Point(967, 2227)}, RoundedCorner{position=BottomLeft, radius=113, center=Point(113, 2227)}]}  mRoundedCornerFrame=Rect(0, 0 - 1080, 2340), mPrivacyIndicatorBounds=PrivacyIndicatorBounds {static bounds=Rect(956, 0 - 1080, 80) rotation=0}, mDisplayShape=DisplayShape{ spec=-311912193 displayWidth=1080 displayHeight=2340 physicalPixelDisplaySizeRatio=1.0 rotation=0 offsetX=0 offsetY=0 scale=1.0}, mSources= { InsetsSource: {e9af0000 mType=statusBars mFrame=[0,0][1080,80] mVisible=true mFlags= mSideHint=TOP mBoundingRects=null}, InsetsSource: {e9af0005 mType=mandatorySystemGestures mFrame=[0,0][1080,114] mVisible=true mFlags= mSideHint=TOP mBoundingRects=null}, InsetsSource: {e9af0006 mType=tappableElement mFrame=[0,0][1080,80] mVisible=true mFlags= mSideHint=TOP mBoundingRects=null}, InsetsSource: {3 mType=ime mFrame=[0,0][0,0] mVisible=false mFlags= mSideHint=NONE mBoundingRects=null}, InsetsSource: {27 mType=displayCutout mFrame=[0,0][1080,80] mVisible=true mFlags= mSideHint=TOP mBoundingRects=null}, InsetsSource: {26ed0001 mType=navigationBars mFrame=[0,2298][1080,2340] mVisible=true mFlags=SUPPRESS_SCRIM mSideHint=BOTTOM mBoundingRects=null}, InsetsSource: {26ed0004 mType=systemGestures mFrame=[0,0][84,2340] mVisible=true mFlags= mSideHint=LEFT mBoundingRects=null}, InsetsSource: {26ed0005 mType=mandatorySystemGestures mFrame=[0,2250][1080,2340] mVisible=true mFlags= mSideHint=BOTTOM mBoundingRects=null}, InsetsSource: {26ed0006 mType=tappableElement mFrame=[0,0][0,0] mVisible=true mFlags= mSideHint=NONE mBoundingRects=null}, InsetsSource: {26ed0024 mType=systemGestures mFrame=[996,0][1080,2340] mVisible=true mFlags= mSideHint=RIGHT mBoundingRects=null} }
03-02 00:57:52.787  2746  2808 I VRI[debug]@607afdd: onActiveControlsChanged, removed=false, mAdded=true, caller=android.view.ViewRootImpl.handleInsetsControlChanged:3002 android.view.ViewRootImpl.relayoutWindow:11629 android.view.ViewRootImpl.performTraversals:4804 android.view.ViewRootImpl.doTraversal:3924 android.view.ViewRootImpl$TraversalRunnable.run:12903
03-02 00:57:52.788  2746  2808 D BufferQueueConsumer: [](id:aba00001e4a,api:0,p:-1,c:2746) connect: controlledByApp=false
03-02 00:57:52.788  1507  1565 E SfCpu   :  sched_setaffinity return fail 1461
03-02 00:57:52.788  1507  1565 E SfCpu   :  sched_setaffinity return fail 1444
03-02 00:57:52.788 17121 17121 I DecorView: setWindowBackground: isPopOver=false color=ff0f0f0f d=android.graphics.drawable.ColorDrawable@68b3cd3
03-02 00:57:52.788  2746  2808 I BLASTBufferQueue: [VRI[debug]@607afdd#7754](f:0,a:0,s:0) constructor()
03-02 00:57:52.788  2746  2808 I BLASTBufferQueue_Java: new BLASTBufferQueue, mName= VRI[debug]@607afdd mNativeObject= 0xb4000076ae31ac00 caller= android.view.ViewRootImpl.updateBlastSurfaceIfNeeded:3585 android.view.ViewRootImpl.relayoutWindow:11685 android.view.ViewRootImpl.performTraversals:4804 android.view.ViewRootImpl.doTraversal:3924 android.view.ViewRootImpl$TraversalRunnable.run:12903 android.view.Choreographer$CallbackRecord.run:1901 android.view.Choreographer$CallbackRecord.run:1910 android.view.Choreographer.doCallbacks:1367 android.view.Choreographer.doFrame:1292 android.view.Choreographer$FrameDisplayEventReceiver.run:1870
03-02 00:57:52.789  2746  2808 I BLASTBufferQueue_Java: update, w= 1080 h= 2340 mName = VRI[debug]@607afdd mNativeObject= 0xb4000076ae31ac00 sc.mNativeObject= 0xb40000770f313380 format= -3 caller= android.view.ViewRootImpl.updateBlastSurfaceIfNeeded:3590 android.view.ViewRootImpl.relayoutWindow:11685 android.view.ViewRootImpl.performTraversals:4804 android.view.ViewRootImpl.doTraversal:3924 android.view.ViewRootImpl$TraversalRunnable.run:12903 android.view.Choreographer$CallbackRecord.run:1901
03-02 00:57:52.789  2746  2808 I BLASTBufferQueue: [VRI[debug]@607afdd#7754](f:0,a:0,s:0) update width=1080 height=2340 format=-3 mTransformHint=0
03-02 00:57:52.790  2746  2808 I VRI[debug]@607afdd: Relayout returned: old=(0,0,1080,2340) new=(0,0,1080,2340) relayoutAsync=false req=(1080,2340)0 dur=27 res=0x3 s={true 0xb40000772ad67e00} ch=true seqId=0
03-02 00:57:52.791 17121 17121 D LifecycleMonitor: Lifecycle status change: androidx.activity.ComponentActivity@4a69d36 in: CREATED
03-02 00:57:52.791 17121 17121 V ActivityScenario: Update currentActivityStage to CREATED, currentActivity=androidx.activity.ComponentActivity@4a69d36
03-02 00:57:52.792 17121 17121 D LifecycleMonitor: Lifecycle status change: androidx.activity.ComponentActivity@4a69d36 in: STARTED
03-02 00:57:52.792  2746  2808 I VRI[debug]@607afdd: performConfigurationChange setNightDimText nightDimLevel=0
03-02 00:57:52.792 17121 17121 V ActivityScenario: Update currentActivityStage to STARTED, currentActivity=androidx.activity.ComponentActivity@4a69d36
03-02 00:57:52.792  2746  2808 D VRI[debug]@607afdd: mThreadedRenderer.initialize() mSurface={isValid=true 0xb40000772ad67e00} hwInitialized=true
03-02 00:57:52.793  2013  2600 D AS.MultiSoundManager: mForegroundUid = 10685
03-02 00:57:52.793 17121 17121 D LifecycleMonitor: Lifecycle status change: androidx.activity.ComponentActivity@4a69d36 in: RESUMED
03-02 00:57:52.793 17121 17121 V ActivityScenario: Update currentActivityStage to RESUMED, currentActivity=androidx.activity.ComponentActivity@4a69d36
03-02 00:57:52.795 17121 17121 I ViewRootImpl: dVRR is disabled
03-02 00:57:52.795 17121 17389 D NativeCustomFrequencyManager: [NativeCFMS] BpCustomFrequencyManager::BpCustomFrequencyManager()
03-02 00:57:52.795  5235  5235 I InputMethodService: removeImeSurface
03-02 00:57:52.795  5235  5235 I InputMethodService: cancelImeSurfaceRemoval: removeCallbacks
03-02 00:57:52.795  1507  1507 I SurfaceFlinger: [LayerHierarchy{RequestedLayerState{ImeContainer#15 parentId=147902 relativeParentId=147902 z=1} 1 children}] RelativeParent to null
03-02 00:57:52.795  1507  1507 I SurfaceFlinger: [49197ff Splash Screen com.podcast.app.debug#157142] attach to parent LayerHierarchy{RequestedLayerState{ActivityRecord{165263269 u0 com.podcast.app.debug/androidx.activity.ComponentActivity t44916}#157141 parentId=157140} 1 children}
03-02 00:57:52.795  1507  1507 I SurfaceFlinger: [Splash Screen com.podcast.app.debug$_2746#157143] attach to parent LayerHierarchy{RequestedLayerState{49197ff Splash Screen com.podcast.app.debug#157142 parentId=157141} 1 children}
03-02 00:57:52.796  2013  4844 D InputTransport: Input channel constructed: 'b305aa6', fd=1100
03-02 00:57:52.796  2013  4844 D InputTransport: Input channel constructed: 'b305aa6', fd=1116
03-02 00:57:52.796  2013  4844 D InputTransport: Input channel constructed: 'b305aa6', fd=1119
03-02 00:57:52.796  2013  4844 D InputTransport: Input channel destroyed: 'b305aa6', fd=1116
03-02 00:57:52.797  1507  2393 I SurfaceFlinger: id=157144 createSurf, flag=84004, b305aa6 com.podcast.app.debug/androidx.activity.ComponentActivity#157144
03-02 00:57:52.798  2013  4844 D InputTransport: Input channel destroyed: 'b305aa6', fd=1119
03-02 00:57:52.798 17121 17121 D InputTransport: Input channel constructed: 'b305aa6', fd=128
03-02 00:57:52.799  2746  2746 I {OngoingActivityController}: onTaskFocusChanged but OA data is empty
03-02 00:57:52.799  2746  2808 D VRI[debug]@607afdd: reportNextDraw android.view.ViewRootImpl.performTraversals:5443 android.view.ViewRootImpl.doTraversal:3924 android.view.ViewRootImpl$TraversalRunnable.run:12903 android.view.Choreographer$CallbackRecord.run:1901 android.view.Choreographer$CallbackRecord.run:1910
03-02 00:57:52.800  2746  2808 D VRI[debug]@607afdd: Setup new sync=wmsSync-VRI[debug]@607afdd#27
03-02 00:57:52.800  2746  2808 I VRI[debug]@607afdd: Creating new active sync group VRI[debug]@607afdd#28
03-02 00:57:52.800 17121 17121 I InsetsController: onStateChanged: host=com.podcast.app.debug/androidx.activity.ComponentActivity, from=android.view.ViewRootImpl.onInsetsStateChanged:3026, state=InsetsState: {mDisplayFrame=Rect(0, 0 - 1080, 2340), mDisplayCutout=DisplayCutout{insets=Rect(0, 80 - 0, 0) waterfall=Insets{left=0, top=0, right=0, bottom=0} boundingRect={Bounds=[Rect(0, 0 - 0, 0), Rect(472, 0 - 608, 80), Rect(0, 0 - 0, 0), Rect(0, 0 - 0, 0)]} cutoutPathParserInfo={CutoutPathParserInfo{displayWidth=1080 displayHeight=2340 physicalDisplayWidth=1080 physicalDisplayHeight=2340 density={2.8125} cutoutSpec={M 0,0 H -24.177777778 V 28.4444444444 H 24.177777778 V 0 H 0 Z @dp} rotation={0} scale={1.0} physicalPixelDisplaySizeRatio={1.0}}} sideOverrides={}}, mRoundedCorners=RoundedCorners{[RoundedCorner{position=TopLeft, radius=113, center=Point(113, 113)}, RoundedCorner{position=TopRight, radius=113, center=Point(967, 113)}, RoundedCorner{position=BottomRight, radius=113, center=Point(967, 2227)}, RoundedCorner{position=BottomLeft, radius=113, center=Point(113, 2227)}]}  mRoundedCornerFrame=Rect(0, 0 - 1080, 2340), mPrivacyIndicatorBounds=PrivacyIndicatorBounds {static bounds=Rect(956, 0 - 1080, 80) rotation=0}, mDisplayShape=DisplayShape{ spec=-311912193 displayWidth=1080 displayHeight=2340 physicalPixelDisplaySizeRatio=1.0 rotation=0 offsetX=0 offsetY=0 scale=1.0}, mSources= { InsetsSource: {e9af0000 mType=statusBars mFrame=[0,0][1080,80] mVisible=true mFlags= mSideHint=TOP mBoundingRects=null}, InsetsSource: {e9af0005 mType=mandatorySystemGestures mFrame=[0,0][1080,114] mVisible=true mFlags= mSideHint=TOP mBoundingRects=null}, InsetsSource: {e9af0006 mType=tappableElement mFrame=[0,0][1080,80] mVisible=true mFlags= mSideHint=TOP mBoundingRects=null}, InsetsSource: {3 mType=ime mFrame=[0,0][0,0] mVisible=false mFlags= mSideHint=NONE mBoundingRects=null}, InsetsSource: {27 mType=displayCutout mFrame=[0,0][1080,80] mVisible=true mFlags= mSideHint=TOP mBoundingRects=null}, InsetsSource: {26ed0001 mType=navigationBars mFrame=[0,2298][1080,2340] mVisible=true mFlags=SUPPRESS_SCRIM mSideHint=BOTTOM mBoundingRects=null}, InsetsSource: {26ed0004 mType=systemGestures mFrame=[0,0][84,2340] mVisible=true mFlags= mSideHint=LEFT mBoundingRects=null}, InsetsSource: {26ed0005 mType=mandatorySystemGestures mFrame=[0,2250][1080,2340] mVisible=true mFlags= mSideHint=BOTTOM mBoundingRects=null}, InsetsSource: {26ed0006 mType=tappableElement mFrame=[0,0][0,0] mVisible=true mFlags= mSideHint=NONE mBoundingRects=null}, InsetsSource: {26ed0024 mType=systemGestures mFrame=[996,0][1080,2340] mVisible=true mFlags= mSideHint=RIGHT mBoundingRects=null} }
03-02 00:57:52.800  2746  2808 D VRI[debug]@607afdd: registerCallbacksForSync syncBuffer=false
03-02 00:57:52.800  2013  2065 D PkgPredictorService-SecIpmManagerServiceImpl: onForegroundActivitiesChanged pid:17121 uid:10685
03-02 00:57:52.801  2013  2013 D MediaSessionService: Audio playback is changed, config=AudioPlaybackConfiguration piid:92743 deviceIds:[3] type:android.media.AudioTrack u/pid:10350/14885 state:paused attr:AudioAttributes: usage=USAGE_MEDIA content=CONTENT_TYPE_UNKNOWN flags=0xA00 tags= bundle=null sessionId:126033 mutedState:none  FormatInfo{isSpatialized=false, channelMask=0x3, sampleRate=44100}, removed=false
03-02 00:57:52.801  2013  2013 D MediaSessionStack: updateMediaButtonSessionIfNeeded, callers=com.android.server.media.AudioPlayerStateMonitor$MessageHandler.handleMessage:19 android.os.Handler.dispatchMessage:110
03-02 00:57:52.801  2013  2013 D MediaSessionStack: updateMediaButtonSessionIfNeeded, skipping uid=10350
03-02 00:57:52.801  2013  2013 D MediaSessionStack: updateMediaButtonSessionIfNeeded, skipping uid=10342
03-02 00:57:52.801  2013  2013 D MediaSessionStack: updateMediaButtonSessionIfNeeded, skipping uid=10317
03-02 00:57:52.801  2013  2013 D MediaSessionStack: updateMediaButtonSessionIfNeeded, skipping uid=10672
03-02 00:57:52.801  3202  3386 I HoneySpace.TopTaskSource: onTaskFocusChanged(): taskId = 44916
03-02 00:57:52.801 17121 17121 I VRI[ComponentActivity]@f8cfac5: synced displayState. AttachInfo displayState=2
03-02 00:57:52.801 17121 17121 I VRI[ComponentActivity]@f8cfac5: setView = com.android.internal.policy.DecorView@b2128 IsHRR=false mFlingFrameRateChange=0 TM=true
03-02 00:57:52.802 17121 17389 D HWUI    : HWUI - treat SMPTE_170M as sRGB
03-02 00:57:52.802  2746  2866 D VRI[debug]@607afdd: Received frameDrawingCallback syncResult=0 frameNum=1.
03-02 00:57:52.802  2746  2866 I VRI[debug]@607afdd: mWNT: t=0xb40000771f6f1680 mBlastBufferQueue=0xb4000076ae31ac00 fn= 1 HdrRenderState mRenderHdrSdrRatio=1.0 caller= android.view.ViewRootImpl$12.onFrameDraw:15441 android.view.ThreadedRenderer$1.onFrameDraw:718 <bottom of call stack>
03-02 00:57:52.802  2746  2866 I VRI[debug]@607afdd: Setting up sync and frameCommitCallback
03-02 00:57:52.805  2746  2870 I BLASTBufferQueue: [VRI[debug]@607afdd#7754](f:0,a:0,s:0) onFrameAvailable the first frame is available
03-02 00:57:52.806  1507  1507 I SurfaceFlinger: [b305aa6 com.podcast.app.debug/androidx.activity.ComponentActivity#157144] attach to parent LayerHierarchy{RequestedLayerState{ActivityRecord{165263269 u0 com.podcast.app.debug/androidx.activity.ComponentActivity t44916}#157141 parentId=157140} 2 children}
03-02 00:57:52.807  2746  2870 I BLASTBufferQueue: [VRI[debug]@607afdd#7754](f:0,a:1,s:0) acquireNextBufferLocked size=1080x2340 mFrameNumber=1 applyTransaction=true mTimestamp=491151806303120(auto) mPendingTransactions.size=0 graphicBufferId=11793980283996 transform=0
03-02 00:57:52.807  2746  2870 I VRI[debug]@607afdd: Received frameCommittedCallback lastAttemptedDrawFrameNum=1 didProduceBuffer=true
03-02 00:57:52.808  2746  3671 D SoundCraft.PlayingAudioConditionHandler: onPlaybackConfigChanged : lastStartedPackageName=com.zhiliaoapp.musically, lastStartedUid=10350, newStartedUid=-1, newStartPackageName=null, thread=Thread[RoutineHandlerThread,5,main]
03-02 00:57:52.809  3202  3202 I HoneySpace.EdgePanel.CocktailHostRepositoryImpl: onNoteResume
03-02 00:57:52.809  3202  3202 I HoneySpace.EdgePanel.EdgePanelContainerViewModel: cocktailHostRepository.edgePanelOperation NoteResumeComponent(componentName=ComponentInfo{com.podcast.app.debug/androidx.activity.ComponentActivity})
03-02 00:57:52.809  3202  3202 I HoneySpace.EdgePanel.ActivityUtils: HomePackage : com.sec.android.app.launcher, resumePackageName : com.podcast.app.debug, className : androidx.activity.ComponentActivity
03-02 00:57:52.810  2013  3345 I WindowManager: Relayout Window{b305aa6 u0 com.podcast.app.debug/androidx.activity.ComponentActivity}: viewVisibility=0 req=1080x2340 ty=1 d0
03-02 00:57:52.810  2746  2870 D HWUI    : CFMS:: SetUp Pid : 2746    Tid : 2870
03-02 00:57:52.811  1507  2393 I SurfaceFlinger: id=157145 createSurf, flag=44004, com.podcast.app.debug/androidx.activity.ComponentActivity$_17121#157145
03-02 00:57:52.811  2746  2808 D VRI[debug]@607afdd: reportDrawFinished seqId=0
03-02 00:57:52.811  1507  1845 D SurfaceFlinger: [input] setFocusedWindow: <null>
03-02 00:57:52.811 25915 26075 I Rubin   : [4019] M.c0.k(Unknown Source) : Notify com.samsung.android.rubin.inferenceengine.contextanalytics.engine.loggers.AppUsageLogger's database is updated.
03-02 00:57:52.811  1507  1845 D SurfaceFlinger: updateWinowInfo=1, setFocusedWindow timestamp=491151793709273, windowName=<null>
03-02 00:57:52.813  2013  4829 D InputDispatcher: Focus left window (0): cd2d6b5 com.zhiliaoapp.musically/com.ss.android.ugc.aweme.splash.SplashActivity
03-02 00:57:52.813  2013  3821 D InputDispatcher: Once focus requested (0): <null>
03-02 00:57:52.814 14885 14885 I ImeFocusController: onPreWindowFocus: skipped hasWindowFocus=false mHasImeFocus=true
03-02 00:57:52.815  1507  2393 I SurfaceFlinger: id=157146 createSurf, flag=24000, Surface(name=c536234 NavigationBar0)/@0xfac847b - animation-leash of insets_animation#157146
