03-02 00:57:25.605  1696  1756 I VPUD    : == vdec_codec_msg_handler() == msg_id = 0xA001, codec_id = 1
03-02 00:57:25.605  1445 18650 D C2MtkConvert: [0xB4000070F6971620] Using CC block pool => got 2182, mFmtSupportLevel 1
03-02 00:57:25.605  1445 18650 D C2MtkVdecExt: [0xB4000070F50D5820] LastSrcConfig: size(w 768, h 1280), crop(w 720, h 1280, l 0, t 0), fmt 0x7f000001, rot 0
03-02 00:57:25.605  1445 18650 D C2MtkConvert: [0xB4000070F6971620] Dst buffer change: width 720, height 1280, format 32315659
03-02 00:57:25.605  1445 18650 D C2MtkConvert: [0xB4000070F6971620] Src buffer change: width 768, height 1280, format 7f000001
03-02 00:57:25.605  1445 18650 D C2MtkConvert: [0xB4000070F6971620] updateConfig: Src(format 2130706433(HAL_PIXEL_FORMAT_NV12_BLK), size(768,1280), crop(720,1280), (secure 0), (doFlush 0)), Dst(format 842094169(HAL_PIXEL_FORMAT_YV12), size(720,1280), crop(720,1280), (secure 0), (doFlush 0))
03-02 00:57:25.605  1445 18650 I FmtStream: [0xb4000070f69f8d98] invalidate() IN: job (653826 327) (768, 1280, 24576, 12288, C12b, P1), sec0 Buffer 0: plane=2 bufVA={0x6e,0x6e,0x0} bufIOVA={0x0,0x0,0x0} bufSize={0xf0000,0x78000,0x0} proxy={0xb4000070f69d73c0,0x0,0x0}fence=-1
03-02 00:57:25.605  1445 18650 I FmtStream: [0xb4000070f69f8d98] invalidate() OUT: (720, 1280, 720, 368, C8s, P1), roi: (X:0, Y:0, RW:720, RH:1280), sec0 Buffer 0: plane=3 bufVA={0xcb,0xcb,0xcb} bufIOVA={0x0,0x0,0x0} bufSize={0xe1000,0x39800,0x39800} proxy={0xb4000070f69d7570,0x0,0x0}fence=-1
03-02 00:57:25.606  1696  1756 E VPUD    : [info] H265_fillGeneralBuf: bIsHDR10plus 0 bIsCUVAHDR 0 u4MetaDataRawSize 0
03-02 00:57:25.607  1445 18650 I FmtStream: [0xb4000070f69f8d98] invalidate() IN: job (653828 428) (768, 1280, 24576, 12288, C12b, P1), sec0
03-02 00:57:25.607  1445 18650 I FmtStream: [0xb4000070f69f8d98] invalidate() OUT: (720, 1280, 720, 368, C8s, P1), roi: (X:0, Y:0, RW:720, RH:1280), sec0
03-02 00:57:25.608  1696  1756 I VPUD    : == vdec_codec_msg_handler() == msg_id = 0xA001, codec_id = 1
03-02 00:57:25.609  1696  1756 E VPUD    : [info] H265_fillGeneralBuf: bIsHDR10plus 0 bIsCUVAHDR 0 u4MetaDataRawSize 0
03-02 00:57:25.611  1628  1637 E thermal_core: find_tz_idx_by_name:"Failed to find thermal zone index of ap_ntc\n"
03-02 00:57:25.611  1628  1637 E thermal_core: find_tz_idx_by_name:"Failed to find thermal zone index of mtk-master-charger\n"
03-02 00:57:25.611  1445 18650 I FmtStream: [0xb4000070f69f8d98] invalidate() IN: job (653830 392) (768, 1280, 24576, 12288, C12b, P1), sec0
03-02 00:57:25.612  1445 18651 D C2MtkVdec: [0xB4000070F5129C00] updateRuntimeInfo: isTextureView 0, mConsumerUsage 2307, hasPostproc 1, width 768, height 1280, opRate 0.000000
03-02 00:57:25.612  1445 18651 D C2MtkComponentStore: onRuntimeInfoUpdated[0xB4000070F5042020]: runtime info updated.
03-02 00:57:25.612  1445 18651 D C2MtkComponentStore: onRuntimeInfoUpdated[0xB4000070F5042020]: valid, cUid 10350, cPid 14885, psDisabled 0, isCpuDemanding 1, cluster , minFreq
03-02 00:57:25.612  1445 18651 D C2MtkComponentStore: onRuntimeInfoUpdated[0xB4000070F6922020]: invalid, cUid 0, cPid 0, psDisabled 0, isCpuDemanding 0, cluster , minFreq
03-02 00:57:25.612  1445 18651 D C2MtkComponentStore: onRuntimeInfoUpdated[0xB4000070F692D820]: valid, cUid 1013, cPid 1661, psDisabled 0, isCpuDemanding 1, cluster , minFreq
03-02 00:57:25.612  1445 18651 D C2MtkComponentStore: onRuntimeInfoUpdated[0xB4000070F5042020]: normal mode. isHeavyLoading 1, numOfValInst 2, psDisable 0
03-02 00:57:25.613  1507  1907 I SurfaceFlinger: onHandleDestroyed: layerId=156165, name=ba2ae39 com.podcast.app.debug.test/androidx.test.core.app.InstrumentationActivityInvoker$EmptyActivity#156165
03-02 00:57:25.613  1445 18650 I FmtStream: [0xb4000070f69f8d98] invalidate() OUT: (720, 1280, 720, 368, C8s, P1), roi: (X:0, Y:0, RW:720, RH:1280), sec0
03-02 00:57:25.613  1507  1907 I SurfaceFlinger: id=156165 Removed ba2ae39 com.podcast.app.debug.test/androidx.test.core.app.InstrumentationActivityInvoker$EmptyActivity#156165 (338)
03-02 00:57:25.613  1507  1907 I SurfaceFlinger: onHandleDestroyed: layerId=156166, name=com.podcast.app.debug.test/androidx.test.core.app.InstrumentationActivityInvoker$EmptyActivity$_17532#156166
03-02 00:57:25.613  1507  1907 I SurfaceFlinger: id=156166 Removed com.podcast.app.debug.test/androidx.test.core.app.InstrumentationActivityInvoker$EmptyActivity$_17532#156166 (338)
03-02 00:57:25.614  1696  1756 I VPUD    : == vdec_codec_msg_handler() == msg_id = 0xA001, codec_id = 1
03-02 00:57:25.615  1696  1756 E VPUD    : [info] H265_fillGeneralBuf: bIsHDR10plus 0 bIsCUVAHDR 0 u4MetaDataRawSize 0
03-02 00:57:25.618  1696  1756 I VPUD    : == vdec_codec_msg_handler() == msg_id = 0xA001, codec_id = 1
03-02 00:57:25.618  1696  1756 E VPUD    : [info] H265_fillGeneralBuf: bIsHDR10plus 0 bIsCUVAHDR 0 u4MetaDataRawSize 0
03-02 00:57:25.619  1507  1507 I SurfaceFlinger: destroyed ba2ae39 com.podcast.app.debug.test/androidx.test.core.app.InstrumentationActivityInvoker$EmptyActivity#156165
03-02 00:57:25.620  1507  1507 I SurfaceFlinger: destroyed com.podcast.app.debug.test/androidx.test.core.app.InstrumentationActivityInvoker$EmptyActivity$_17532#156166
03-02 00:57:25.620  1445  2902 W C2MtkBufferManager: [0xB4000070F507E520] fetchNewCcBlock: wait fence 0x0xb4000070f5058270 timed out. ret 110
03-02 00:57:25.621  1507  1507 I Layer   : id=156166 Destroyed com.podcast.app.debug.test/androidx.test.core.app.InstrumentationActivityInvoker$EmptyActivity$_17532#156166
03-02 00:57:25.622  1507  1507 I Layer   : id=156165 Destroyed ba2ae39 com.podcast.app.debug.test/androidx.test.core.app.InstrumentationActivityInvoker$EmptyActivity#156165
03-02 00:57:25.623  1646  5384 I CameraService: onUidStateChanged: uid=10492, procState is changed. (19 -> 8)
03-02 00:57:25.623  1696  1756 I VPUD    : == vdec_codec_msg_handler() == msg_id = 0xA001, codec_id = 1
03-02 00:57:25.624  1696  1756 E VPUD    : [info] H265_fillGeneralBuf: bIsHDR10plus 0 bIsCUVAHDR 0 u4MetaDataRawSize 0
03-02 00:57:25.624  1445 18650 I FmtStream: [0xb4000070f69f8d98] invalidate() IN: job (653833 270) (768, 1280, 24576, 12288, C12b, P1), sec0
03-02 00:57:25.624  1445 18650 I FmtStream: [0xb4000070f69f8d98] invalidate() OUT: (720, 1280, 720, 368, C8s, P1), roi: (X:0, Y:0, RW:720, RH:1280), sec0
03-02 00:57:25.626 14885 18640 D CCodecConfig: c2 config diff is   c2::u32 raw.crop.height = 1280
03-02 00:57:25.626 14885 18640 D CCodecConfig:   c2::u32 raw.crop.width = 720
03-02 00:57:25.626 14885 18640 D CCodecConfig:   c2::u32 raw.pixel-format.value = 842094169
03-02 00:57:25.627 14885 18640 D CCodecBuffers: [c2.mtk.hevc.decoder#112:2D-Output] popFromStashAndRegister: at 21000000us, output format changed to AMessage(what = 0x00000000) = {
03-02 00:57:25.627 14885 18640 D CCodecBuffers:   int32_t android._color-format = 2135033992
03-02 00:57:25.627 14885 18640 D CCodecBuffers:   int32_t android._video-scaling = 1
03-02 00:57:25.627 14885 18640 D CCodecBuffers:   int32_t sar-width = 1
03-02 00:57:25.627 14885 18640 D CCodecBuffers:   int32_t color-standard = 1
03-02 00:57:25.627 14885 18640 D CCodecBuffers:   int32_t color-range = 2
03-02 00:57:25.627 14885 18640 D CCodecBuffers:   int32_t color-transfer = 3
03-02 00:57:25.627 14885 18640 D CCodecBuffers:   int32_t android._dataspace = 260
03-02 00:57:25.627 14885 18640 D CCodecBuffers:   int32_t width = 720
03-02 00:57:25.627 14885 18640 D CCodecBuffers:   int32_t rotation-degrees = 0
03-02 00:57:25.627 14885 18640 D CCodecBuffers:   int32_t sar-height = 1
03-02 00:57:25.627 14885 18640 D CCodecBuffers:   int32_t max-width = 720
03-02 00:57:25.627 14885 18640 D CCodecBuffers:   int32_t max-height = 1280
03-02 00:57:25.627 14885 18640 D CCodecBuffers:   int32_t priority = 0
03-02 00:57:25.627 14885 18640 D CCodecBuffers:   string mime = "video/raw"
03-02 00:57:25.627 14885 18640 D CCodecBuffers:   Rect crop(0, 0, 719, 1279)
03-02 00:57:25.627 14885 18640 D CCodecBuffers:   Buffer hdr-static-info = {
03-02 00:57:25.627 14885 18640 D CCodecBuffers:     00000000:  00 00 00 00 00 00 00 00  00 00 00 00 00 00 00 00  ................
03-02 00:57:25.627 14885 18640 D CCodecBuffers:     00000010:  00 00 00 00 00 00 00 00  00                       .........
03-02 00:57:25.627 14885 18640 D CCodecBuffers:   }
03-02 00:57:25.627 14885 18640 D CCodecBuffers:   int32_t frame-rate = 0
03-02 00:57:25.627 14885 18640 D CCodecBuffers:   Buffer hdr10-plus-info = {
03-02 00:57:25.627 14885 18640 D CCodecBuffers:   }
03-02 00:57:25.627 14885 18640 D CCodecBuffers:   int32_t height = 1280
03-02 00:57:25.627 14885 18640 D CCodecBuffers:   int32_t color-format = 2130708361
03-02 00:57:25.627 14885 18640 D CCodecBuffers:   int32_t p-extraBC = 6
03-02 00:57:25.627 14885 18640 D CCodecBuffers: }
03-02 00:57:25.627  1696  1756 I VPUD    : == vdec_codec_msg_handler() == msg_id = 0xA001, codec_id = 1
03-02 00:57:25.628  1696  1756 E VPUD    : [info] H265_fillGeneralBuf: bIsHDR10plus 0 bIsCUVAHDR 0 u4MetaDataRawSize 0
03-02 00:57:25.629  1696  1756 I VPUD    : == vdec_codec_msg_handler() == msg_id = 0xA001, codec_id = 1
03-02 00:57:25.630  1696  1756 E VPUD    : [info] H265_fillGeneralBuf: bIsHDR10plus 0 bIsCUVAHDR 0 u4MetaDataRawSize 0
03-02 00:57:25.631  1696  1756 I VPUD    : == vdec_codec_msg_handler() == msg_id = 0xA001, codec_id = 1
03-02 00:57:25.631  1696  1756 E VPUD    : [info] H265_fillGeneralBuf: bIsHDR10plus 0 bIsCUVAHDR 0 u4MetaDataRawSize 0
03-02 00:57:25.633  1696  1756 I VPUD    : == vdec_codec_msg_handler() == msg_id = 0xA001, codec_id = 1
03-02 00:57:25.633  1696  1756 E VPUD    : [info] H265_fillGeneralBuf: bIsHDR10plus 0 bIsCUVAHDR 0 u4MetaDataRawSize 0
03-02 00:57:25.636  1445 18650 I FmtStream: [0xb4000070f69f8d98] invalidate() IN: job (653835 310) (768, 1280, 24576, 12288, C12b, P1), sec0
03-02 00:57:25.636  1445 18650 I FmtStream: [0xb4000070f69f8d98] invalidate() OUT: (720, 1280, 720, 368, C8s, P1), roi: (X:0, Y:0, RW:720, RH:1280), sec0
03-02 00:57:25.639  1696  1756 I VPUD    : == vdec_codec_msg_handler() == msg_id = 0xA001, codec_id = 1
03-02 00:57:25.639  1696  1756 E VPUD    : [info] H265_fillGeneralBuf: bIsHDR10plus 0 bIsCUVAHDR 0 u4MetaDataRawSize 0
03-02 00:57:25.641  1445 18641 I DMABUFHEAPS: Using DMA-BUF heap named: mtk_mm
03-02 00:57:25.643  1696  1756 I VPUD    : == vdec_codec_msg_handler() == msg_id = 0xA001, codec_id = 1
03-02 00:57:25.644  1696  1756 E VPUD    : [info] H265_fillGeneralBuf: bIsHDR10plus 0 bIsCUVAHDR 0 u4MetaDataRawSize 0
03-02 00:57:25.645  1445 18650 I FmtStream: [0xb4000070f69f8d98] invalidate() IN: job (653837 203) (768, 1280, 24576, 12288, C12b, P1), sec0
03-02 00:57:25.645  1445 18650 I FmtStream: [0xb4000070f69f8d98] invalidate() OUT: (720, 1280, 720, 368, C8s, P1), roi: (X:0, Y:0, RW:720, RH:1280), sec0
03-02 00:57:25.646  1507  1507 I BufferQueueProducer: [FramebufferSurface](this:0xb400007a458f0370,id:-1,api:1,p:1507,c:1507) queueBuffer: fps=25.80 dur=1007.81 max=725.06 min=5.98
03-02 00:57:25.646  1445 18650 I FmtStream: [0xb4000070f69f8d98] invalidate() IN: job (653839 258) (768, 1280, 24576, 12288, C12b, P1), sec0
03-02 00:57:25.647  1445 18650 I FmtStream: [0xb4000070f69f8d98] invalidate() OUT: (720, 1280, 720, 368, C8s, P1), roi: (X:0, Y:0, RW:720, RH:1280), sec0
03-02 00:57:25.648  1507  1825 I SurfaceFlinger: Capture layer list: 	 com.zhiliaoapp.musically/com.ss.android.ugc.aweme.splash.SplashActivity$_14885#156176(seamlessTransition:0)
03-02 00:57:25.648  1507  1825 I SurfaceFlinger: Capture layer list: 	 DimTransitionLayer for Surface(name=Task=44878)/@0xb260ba7#156206(seamlessTransition:0)
03-02 00:57:25.648  1507  1825 I SurfaceFlinger: Capture layer list: 	 com.podcast.app.debug/androidx.activity.ComponentActivity$_17121#156202(seamlessTransition:0)
03-02 00:57:25.648  1507  1825 I SurfaceFlinger: Capture layer list: 	 Splash Screen com.podcast.app.debug$_2746#156201(seamlessTransition:0)
03-02 00:57:25.650  1445 18650 I FmtStream: [0xb4000070f69f8d98] invalidate() IN: job (653841 200) (768, 1280, 24576, 12288, C12b, P1), sec0
03-02 00:57:25.650  1445 18650 I FmtStream: [0xb4000070f69f8d98] invalidate() OUT: (720, 1280, 720, 368, C8s, P1), roi: (X:0, Y:0, RW:720, RH:1280), sec0
03-02 00:57:25.653  1445  2902 D C2MtkBufferManager: over 5000ms not request from VCodec but callback hooked, slow BM Cc fetch thread. Last get time was 90609064ms ago.
03-02 00:57:25.659  2013  4903 W ParceledListSlice: Element #30 is 21544 bytes.
03-02 00:57:25.662 12859 12960 I SGPController: onForegroundAppChanged() update=false, cn=ComponentInfo{com.podcast.app.debug/androidx.activity.ComponentActivity}, r=SkRegion((0,0,198,2340)(882,0,1080,2340))
03-02 00:57:25.668  3202  3202 I HoneySpace.EdgePanel.KeyboardVisibleObserver: updateSipStatus: 0 1 0 1008
03-02 00:57:25.668 25915 26075 I Rubin   : [4019] com.samsung.android.rubin.inferenceengine.contextanalytics.engine.monitors.moment.exercise.ExercisingWithCalendarMonitor.isSatisfiedByCalendarEvent(Unknown Source) : isSatisfiedByCalendarEvent is false
03-02 00:57:25.669  2746  2798 D ShellTaskOrganizer: removeStartingWindow, removalInfo=StartingWindowRemovalInfo{taskId=44878 frame=Rect(0, 0 - 1080, 2340) playRevealAnimation=true roundedCornerRadius=0.0 deferRemoveMode=0 windowlessSurface=false removeImmediately=false}
03-02 00:57:25.670 25915 26075 I Rubin   : [4019] com.samsung.android.rubin.inferenceengine.contextanalytics.engine.monitors.moment.exercise.ExercisingWithCmhMonitor.isSatisfiedByCmh(Unknown Source) : isSatisfiedByCmh is false
03-02 00:57:25.671  2013  2322 D InputTransport: Input channel constructed: 'ClientS', fd=1036
03-02 00:57:25.672  2013  2322 D InputTransport: Input channel destroyed: 'ClientS', fd=1036
03-02 00:57:25.672 17121 17137 D InputTransport: Input channel constructed: 'ClientS', fd=158
03-02 00:57:25.673  5235  5235 I HBD     : HoneyBoardService onFinishInput
03-02 00:57:25.674  3202  4698 I HoneySpace.RecentTasks: onRunningTaskVanished
03-02 00:57:25.675  1507  1507 I SurfaceFlinger: RequestedLayer [Surface(name=2141cda InputMethod)/@0[...]ion-leash of insets_animation#156208] hidden!! flag  from(1) --> to(0)
03-02 00:57:25.675  1507  1507 E SurfaceFlinger: alpha changed 1.000 -> 0.000 - Surface(name=2141cda InputMethod)/@0x5ea0b56 - animation-leash of insets_animation#156208
03-02 00:57:25.675  1507  1507 I SurfaceFlinger: [LayerHierarchy{RequestedLayerState{2141cda InputMethod#159 parentId=156208} no children}] reparent to LayerHierarchy{RequestedLayerState{Surface(name=2141cda InputMethod)/@0x5ea0b56 - animation-leash of insets_animation#156208 parentId=143} 1 children}
03-02 00:57:25.675  1507  1507 I SurfaceFlinger: [LayerHierarchy{RequestedLayerState{Task=44877#156161 z=40} 1 children}] reparent to OffscreenRoot
03-02 00:57:25.675  1507  1507 I SurfaceFlinger: [LayerHierarchy{RequestedLayerState{Task=44877#156161 z=40} 1 children}] RelativeParent to null
03-02 00:57:25.675  1507  1507 I SurfaceFlinger: [LayerHierarchy{RequestedLayerState{ActivityRecord{48620870 u0 com.podcast.app.debug.test/androidx.test.core.app.InstrumentationActivityInvoker$EmptyActivity t44877}#156162} 1 children}] reparent to OffscreenRoot
03-02 00:57:25.675  1507  1507 I SurfaceFlinger: [LayerHierarchy{RequestedLayerState{ActivityRecord{48620870 u0 com.podcast.app.debug.test/androidx.test.core.app.InstrumentationActivityInvoker$EmptyActivity t44877}#156162} 1 children}] RelativeParent to null
03-02 00:57:25.675  1507  1507 I SurfaceFlinger: [LayerHierarchy{RequestedLayerState{Surface(name=2141cda InputMethod)/@0x5ea0b56 - animation-leash of insets_animation#156194} no children}] reparent to OffscreenRoot
03-02 00:57:25.675  1507  1507 I SurfaceFlinger: [LayerHierarchy{RequestedLayerState{Surface(name=2141cda InputMethod)/@0x5ea0b56 - animation-leash of insets_animation#156194} no children}] RelativeParent to null
03-02 00:57:25.675  1507  1507 I SurfaceFlinger: [LayerHierarchy{RequestedLayerState{Task=44877#156209 z=40} no children}] reparent to OffscreenRoot
03-02 00:57:25.675  1507  1507 I SurfaceFlinger: [LayerHierarchy{RequestedLayerState{Task=44877#156209 z=40} no children}] RelativeParent to null
03-02 00:57:25.675  1507  1507 I SurfaceFlinger: [LayerHierarchy{RequestedLayerState{297f8e5 com.podcast.app.debug/androidx.activity.ComponentActivity#156200 parentId=156210} 1 children}] reparent to LayerHierarchy{RequestedLayerState{Surface(name=297f8e5 com.podcast.app.debug/androidx.activity.ComponentActivity)/@0xbe7f046 - animation-leash of starting_reveal#156210 parentId=156198} 1 children}
03-02 00:57:25.678  5235  5235 I HBD     : a IC have been unbinding,  RemoteInputConnection{idHash=#35149ab}
03-02 00:57:25.678  5235  5235 I HBD     : HoneyBoardService [PF_CL][onFinishInput]  5 ms
03-02 00:57:25.674  3202  3202 I HoneySpace.EdgePanel.EdgeVisibilityRepository: updateStateAction: 0x200000 false true
03-02 00:57:25.680  5235  5235 I HBD     : HoneyBoardService [IMI] onStartInput - caller pid : 17121 , caller uid : 10685
03-02 00:57:25.680  3202  3202 I HoneySpace.EdgePanel.EdgeVisibilityRepository: updateState: 0x1
03-02 00:57:25.680  5235  5235 I HBD     : k updateConfigs
03-02 00:57:25.680  5235  5235 I HBD     : k isEnabledNightMode : true
03-02 00:57:25.680  1445 18689 W C2MtkBufferManager: [0xB4000070F68A8D20] fetchNewCcBlock: wait fence 0x0xb4000070f692fcb0 timed out. ret 110
03-02 00:57:25.680  5235  5235 I HBD     : a IC have been binding, RemoteInputConnection{idHash=#ccbb75}
03-02 00:57:25.680  5235  5235 I HBD     : h [EditorInputType]setPrivateImeOptionsToTable privateImeOptions ( null )
03-02 00:57:25.680  5235  5235 I HBD     : b incognitoMode : false
03-02 00:57:25.680  5235  5235 I HBD     : c needOff = true , isForceOff = false, isNullInputClass : true
03-02 00:57:25.681  5235  5235 I HBD     : h getDefaultInputRange : UNKNOWN
03-02 00:57:25.681  5235  5235 I HBD     : h getDefaultInputRange : UNKNOWN
03-02 00:57:25.681  5235  5235 I HBD     : h getDefaultInputRange : UNKNOWN
03-02 00:57:25.681  3202  3977 I HoneySpace.RecentTasks: onRecentTasksChanged
03-02 00:57:25.683  3202  4698 I HoneySpace.RecentTasks: onRecentTasksChanged
03-02 00:57:25.683  2746  2865 I VRI[debug]@8e2c7db: mWNT: t=0xb40000772ad85f00 mBlastBufferQueue=0xb4000076ae346800 fn= 2 HdrRenderState mRenderHdrSdrRatio=1.0 caller= android.view.SyncRtSurfaceTransactionApplier.applyTransaction:100 android.view.SyncRtSurfaceTransactionApplier.lambda$scheduleApply$0:73 android.view.SyncRtSurfaceTransactionApplier.$r8$lambda$afI4fXg3U3-nBZQEDQMiNy-B06s:0
03-02 00:57:25.683  1507  1563 I SurfaceFlinger: onHandleDestroyed: layerId=156162, name=ActivityRecord{48620870 u0 com.podcast.app.debug.test/androidx.test.core.app.InstrumentationActivityInvoker$EmptyActivity t44877}#156162
03-02 00:57:25.683  1507  1563 I SurfaceFlinger: id=156162 Removed ActivityRecord{48620870 u0 com.podcast.app.debug.test/androidx.test.core.app.InstrumentationActivityInvoker$EmptyActivity t44877}#156162 (336)
03-02 00:57:25.683  1507  1563 I SurfaceFlinger: onHandleDestroyed: layerId=156209, name=Task=44877#156209
03-02 00:57:25.683  1507  1563 I SurfaceFlinger: id=156209 Removed Task=44877#156209 (336)
03-02 00:57:25.683  2746  2865 I VRI[debug]@8e2c7db: mWNT: t=0xb40000772adfd200 mBlastBufferQueue=0xb4000076ae346800 fn= 2 HdrRenderState mRenderHdrSdrRatio=1.0 caller= android.view.SyncRtSurfaceTransactionApplier.applyTransaction:100 android.view.SyncRtSurfaceTransactionApplier.lambda$scheduleApply$0:73 android.view.SyncRtSurfaceTransactionApplier.$r8$lambda$afI4fXg3U3-nBZQEDQMiNy-B06s:0
03-02 00:57:25.684 18627 18627 D DIAGMON_SDK[605079]: setDeviceId :
03-02 00:57:25.684  1507  1563 I SurfaceFlinger: onHandleDestroyed: layerId=156194, name=Surface(name=2141cda InputMethod)/@0x5ea0b56 - animation-leash of insets_animation#156194
03-02 00:57:25.684  1507  1563 I SurfaceFlinger: id=156194 Removed Surface(name=2141cda InputMethod)/@0x5ea0b56 - animation-leash of insets_animation#156194 (336)
03-02 00:57:25.685 18627 18627 I SamsungAccount: [MinorInfoProvider] onCreate
03-02 00:57:25.685 14636 14636 D WM-SystemJobService: onStartJob for WorkGenerationalId(workSpecId=f23029b8-b7a3-4a93-aaf6-b7c7a26dfe9e, generation=0)
03-02 00:57:25.686  5235  5235 I HBD     : c needOff = true , isForceOff = false, isNullInputClass : true
03-02 00:57:25.686  5235  5235 I HBD     : c update cached prediction status : false
03-02 00:57:25.686  5235  5235 I HBD     : h getDefaultInputRange : UNKNOWN
03-02 00:57:25.686  5235  5235 I HBD     : a currentState : 0
03-02 00:57:25.686  1507  1507 I SurfaceFlinger: destroyed ActivityRecord{48620870 u0 com.podcast.app.debug.test/androidx.test.core.app.InstrumentationActivityInvoker$EmptyActivity t44877}#156162
03-02 00:57:25.686  1507  1507 I SurfaceFlinger: destroyed Surface(name=2141cda InputMethod)/@0x5ea0b56 - animation-leash of insets_animation#156194
03-02 00:57:25.686  1507  1507 I SurfaceFlinger: destroyed Task=44877#156209
03-02 00:57:25.686  1507  1507 I SurfaceFlinger: destroyed 10aaf88 ActivityRecordInputSink com.podcast.app.debug.test/androidx.test.core.app.InstrumentationActivityInvoker$EmptyActivity#156170
03-02 00:57:25.686  5235  5235 I HBD     : a [UpdatePolicy] [post] a: 0 cl: 65538 kit: [0/0] vt: 0 ir: 1
03-02 00:57:25.687  3202  3202 I HoneySpace.EdgePanel.EdgeVisibilityRepository: getComputedTrayVisible : keyguardState = 1
03-02 00:57:25.687  3202  3202 I HoneySpace.EdgePanel.EdgeVisibilityRepository: updateTrayVisible: State = 0x1, visible = true, current containerState = 0, specificMode = 0
03-02 00:57:25.687  3202  3202 I HoneySpace.EdgePanel.EdgeVisibilityRepository: Same container state 0
03-02 00:57:25.687 14636 15263 D WM-Processor: MutableConfig: processing WorkGenerationalId(workSpecId=f23029b8-b7a3-4a93-aaf6-b7c7a26dfe9e, generation=0)
03-02 00:57:25.688  1507  1507 I Layer   : id=156170 Destroyed 10aaf88 ActivityRecordInputSink com.podcast.app.debug.test/androidx.test.core.app.InstrumentationActivityInvoker$EmptyActivity#156170
03-02 00:57:25.688  1507  1507 I Layer   : id=156194 Destroyed Surface(name=2141cda InputMethod)/@0x5ea0b56 - animation-leash of insets_animation#156194
03-02 00:57:25.688  1507  1507 I Layer   : id=156209 Destroyed Task=44877#156209
03-02 00:57:25.688  1507  1507 I Layer   : id=156162 Destroyed ActivityRecord{48620870 u0 com.podcast.app.debug.test/androidx.test.core.app.InstrumentationActivityInvoker$EmptyActivity t44877}#156162
03-02 00:57:25.688 18627 18627 W ROOM    : Overriding migration com.samsung.android.samsungaccount.b2b.data.db.setting.B2bSettingDatabase$Companion$MIGRATION_3_4$1@fc59ebd with com.samsung.android.samsungaccount.b2b.data.db.setting.B2bSettingDatabase$Companion$MIGRATION_4_5$1@b05cb2
03-02 00:57:25.692  5235  5235 I HBD     : a [NRIC] resetNoResponseState
03-02 00:57:25.692  5235  5235 I HBD     : c needOff = true , isForceOff = false, isNullInputClass : true
03-02 00:57:25.692  5235  5235 I HBD     : c update cached prediction status : false
03-02 00:57:25.692  5235  5235 I HBD     : b [AiWriter] setContact : com.podcast.app.debug
03-02 00:57:25.692  5235  5235 I HBD     : a [AiWriter] setContact : com.podcast.app.debug
03-02 00:57:25.693  5235  5235 I HBD     : o0 EBD si S 0
03-02 00:57:25.693  5235  5235 I HBD     : r updateContactDBLanguage : 65538
03-02 00:57:25.693  5235  5235 I HBD     : a load BaseLanguageRepo
03-02 00:57:25.693  1445  2902 W C2MtkBufferManager: [0xB4000070F507E520] fetchNewCcBlock: wait fence 0x0xb4000070f5058270 timed out. ret 110
03-02 00:57:25.693  4784  5193 I SemDvfsHyPerManager: acquire hyper - TABaseBoost/4784@20, type = -999
03-02 00:57:25.694  1450  1487 I HYPER-HAL: [RequestManager.cpp]acquire(): Acquired ID : 11541630  [4784 / 20]    HINT :      list : [TABoost / 0]
03-02 00:57:25.694  1507  1907 I SurfaceFlinger: id=156211 createSurf, flag=24004, Surface(name=2141cda InputMethod)/@0x5ea0b56 - animation-leash of insets_animation#156211
03-02 00:57:25.696  2746  2866 I VRI[debug]@8e2c7db: mWNT: t=0xb40000772adfdf80 mBlastBufferQueue=0xb4000076ae346800 fn= 3 HdrRenderState mRenderHdrSdrRatio=1.0 caller= android.view.SyncRtSurfaceTransactionApplier.applyTransaction:100 android.view.SyncRtSurfaceTransactionApplier.lambda$scheduleApply$0:73 android.view.SyncRtSurfaceTransactionApplier.$r8$lambda$afI4fXg3U3-nBZQEDQMiNy-B06s:0
03-02 00:57:25.696 14636 14636 D WM-WorkerWrapper: Starting work for com.urbanairship.job.AirshipWorker
03-02 00:57:25.696 14636 14636 V Ana Vodafone - UALib: AirshipWorker - Running job: JobInfo{action='ACTION_UPDATE_CHANNEL', airshipComponentName='com.urbanairship.channel.AirshipChannel', isNetworkAccessRequired=true, minDelayMs=0, conflictStrategy=2, initialBackOffMs=30000, extras={}, rateLimitIds=[]}, work Id: f23029b8-b7a3-4a93-aaf6-b7c7a26dfe9e run attempt: 301
03-02 00:57:25.697 14636 14636 V Ana Vodafone - UALib: JobDispatcher - Running job: JobInfo{action='ACTION_UPDATE_CHANNEL', airshipComponentName='com.urbanairship.channel.AirshipChannel', isNetworkAccessRequired=true, minDelayMs=0, conflictStrategy=2, initialBackOffMs=30000, extras={}, rateLimitIds=[]}, run attempt: 301
03-02 00:57:25.697  1507  1507 I SurfaceFlinger: [Surface(name=2141cda InputMethod)/@0x5ea0b56 - animation-leash of insets_animation#156211] attach to parent LayerHierarchy{RequestedLayerState{WindowToken{4048e94 type=2011 android.os.Binder@219c2e7}#143 parentId=15} 2 children}
03-02 00:57:25.699  2013  2844 I ImeTracker: system_server:c8ed4af4: onRequestHide at ORIGIN_SERVER reason IME_REQUESTED_CHANGED_LISTENER fromUser false
03-02 00:57:25.701  2746  2865 I VRI[debug]@8e2c7db: mWNT: t=0xb40000772adfe100 mBlastBufferQueue=0xb4000076ae346800 fn= 4 HdrRenderState mRenderHdrSdrRatio=1.0 caller= android.view.SyncRtSurfaceTransactionApplier.applyTransaction:100 android.view.SyncRtSurfaceTransactionApplier.lambda$scheduleApply$0:73 android.view.SyncRtSurfaceTransactionApplier.$r8$lambda$afI4fXg3U3-nBZQEDQMiNy-B06s:0
03-02 00:57:25.708 18627 18627 I SamsungAccount: [SignatureCheckProvider] onCreate
03-02 00:57:25.710  2746  2866 I VRI[debug]@8e2c7db: mWNT: t=0xb40000772adfe880 mBlastBufferQueue=0xb4000076ae346800 fn= 5 HdrRenderState mRenderHdrSdrRatio=1.0 caller= android.view.SyncRtSurfaceTransactionApplier.applyTransaction:100 android.view.SyncRtSurfaceTransactionApplier.lambda$scheduleApply$0:73 android.view.SyncRtSurfaceTransactionApplier.$r8$lambda$afI4fXg3U3-nBZQEDQMiNy-B06s:0
03-02 00:57:25.711 17532 17563 D HWUI    : CacheManager::trimMemory(40)
03-02 00:57:25.717  2013  4834 W system_server: Large reply transaction of 325152 bytes, interface descriptor android.app.IActivityTaskManager, code 26
03-02 00:57:25.721  2746  2865 I VRI[debug]@8e2c7db: mWNT: t=0xb40000783d33d680 mBlastBufferQueue=0xb4000076ae346800 fn= 6 HdrRenderState mRenderHdrSdrRatio=1.0 caller= android.view.SyncRtSurfaceTransactionApplier.applyTransaction:100 android.view.SyncRtSurfaceTransactionApplier.lambda$scheduleApply$0:73 android.view.SyncRtSurfaceTransactionApplier.$r8$lambda$afI4fXg3U3-nBZQEDQMiNy-B06s:0
03-02 00:57:25.721  1445 18689 W C2MtkBufferManager: [0xB4000070F68A8D20] fetchNewCcBlock: wait fence 0x0xb4000070f692fcb0 timed out. ret 110
03-02 00:57:25.723  2013  2252 W ParceledListSlice: Element #30 is 21544 bytes.
03-02 00:57:25.729 17514 17519 W ileged_process0: userfaultfd: MOVE ioctl seems unsupported: Connection timed out
03-02 00:57:25.730  1507  1507 I SurfaceFlinger: RequestedLayer [Surface(name=2141cda InputMethod)/@0[...]ion-leash of insets_animation#156211] hidden!! flag  from(1) --> to(0)
03-02 00:57:25.730  1507  1507 E SurfaceFlinger: alpha changed 1.000 -> 0.000 - Surface(name=2141cda InputMethod)/@0x5ea0b56 - animation-leash of insets_animation#156211
03-02 00:57:25.731  1507  1507 I SurfaceFlinger: [LayerHierarchy{RequestedLayerState{ImeContainer#15 parentId=156198 relativeParentId=156198 z=3} 1 children}] reparent to LayerHierarchy{RequestedLayerState{ActivityRecord{131098132 u0 com.podcast.app.debug/androidx.activity.ComponentActivity t44878}#156198 parentId=156197} 4 children}
03-02 00:57:25.731  1507  1507 I SurfaceFlinger: [LayerHierarchy{RequestedLayerState{ImeContainer#15 parentId=156198 relativeParentId=156198 z=3} 1 children}] RelativeParent to null
03-02 00:57:25.731  1507  1507 I SurfaceFlinger: [LayerHierarchy{RequestedLayerState{2141cda InputMethod#159 parentId=156211} no children}] reparent to LayerHierarchy{RequestedLayerState{Surface(name=2141cda InputMethod)/@0x5ea0b56 - animation-leash of insets_animation#156211 parentId=143} 1 children}
03-02 00:57:25.731  1507  1507 I SurfaceFlinger: [LayerHierarchy{RequestedLayerState{Surface(name=2141cda InputMethod)/@0x5ea0b56 - animation-leash of insets_animation#156208} no children}] reparent to OffscreenRoot
03-02 00:57:25.731  1507  1507 I SurfaceFlinger: [LayerHierarchy{RequestedLayerState{Surface(name=2141cda InputMethod)/@0x5ea0b56 - animation-leash of insets_animation#156208} no children}] RelativeParent to null
03-02 00:57:25.734  1507  1562 I SurfaceFlinger: onHandleDestroyed: layerId=156208, name=Surface(name=2141cda InputMethod)/@0x5ea0b56 - animation-leash of insets_animation#156208
03-02 00:57:25.734  1507  1562 I SurfaceFlinger: id=156208 Removed Surface(name=2141cda InputMethod)/@0x5ea0b56 - animation-leash of insets_animation#156208 (333)
03-02 00:57:25.739 17514 17521 W System  : A resource failed to call close.
03-02 00:57:25.741  1507  1507 I SurfaceFlinger: destroyed Surface(name=2141cda InputMethod)/@0x5ea0b56 - animation-leash of insets_animation#156208
03-02 00:57:25.741  2013  2027 I WindowManager: Relayout Window{36e1957 u0 Splash Screen com.podcast.app.debug}: viewVisibility=8 req=1080x2340 ty=3 d0
03-02 00:57:25.743  2013  2027 I WindowManager: Relayout hash=36e1957, pid=2746, syncId=-1: mAttrs={(0,0)(fillxfill) sim={adjust=pan} layoutInDisplayCutoutMode=always ty=APPLICATION_STARTING fmt=TRANSLUCENT wanim=0x1030317
03-02 00:57:25.743  2013  2027 I WindowManager:   fl=81030118
03-02 00:57:25.743  2013  2027 I WindowManager:   pfl=10000810
03-02 00:57:25.743  2013  2027 I WindowManager:   bhv=1
03-02 00:57:25.743  2013  2027 I WindowManager:   fitSides=0
03-02 00:57:25.743  2013  2027 I WindowManager:   frameRateBoostOnTouch=true
03-02 00:57:25.743  2013  2027 I WindowManager:   dvrrWindowFrameRateHint=true naviIconColor=0}
03-02 00:57:25.743  1507  1507 I Layer   : id=156208 Destroyed Surface(name=2141cda InputMethod)/@0x5ea0b56 - animation-leash of insets_animation#156208
03-02 00:57:25.745 18627 18627 I SamsungAccount: [BrandNameUtil] isBrandGalaxy, isCscFeatureEnabled: false
03-02 00:57:25.745  2746  2808 I InsetsController: onStateChanged: host=Splash Screen com.podcast.app.debug, from=android.view.ViewRootImpl.onInsetsStateChanged:3026, state=InsetsState: {mDisplayFrame=Rect(0, 0 - 1080, 2340), mDisplayCutout=DisplayCutout{insets=Rect(0, 80 - 0, 0) waterfall=Insets{left=0, top=0, right=0, bottom=0} boundingRect={Bounds=[Rect(0, 0 - 0, 0), Rect(472, 0 - 608, 80), Rect(0, 0 - 0, 0), Rect(0, 0 - 0, 0)]} cutoutPathParserInfo={CutoutPathParserInfo{displayWidth=1080 displayHeight=2340 physicalDisplayWidth=1080 physicalDisplayHeight=2340 density={2.8125} cutoutSpec={M 0,0 H -24.177777778 V 28.4444444444 H 24.177777778 V 0 H 0 Z @dp} rotation={0} scale={1.0} physicalPixelDisplaySizeRatio={1.0}}} sideOverrides={}}, mRoundedCorners=RoundedCorners{[RoundedCorner{position=TopLeft, radius=113, center=Point(113, 113)}, RoundedCorner{position=TopRight, radius=113, center=Point(967, 113)}, RoundedCorner{position=BottomRight, radius=113, center=Point(967, 2227)}, RoundedCorner{position=BottomLeft, radius=113, center=Point(113, 2227)}]}  mRoundedCornerFrame=Rect(0, 0 - 1080, 2340), mPrivacyIndicatorBounds=PrivacyIndicatorBounds {static bounds=Rect(956, 0 - 1080, 80) rotation=0}, mDisplayShape=DisplayShape{ spec=-311912193 displayWidth=1080 displayHeight=2340 physicalPixelDisplaySizeRatio=1.0 rotation=0 offsetX=0 offsetY=0 scale=1.0}, mSources= { InsetsSource: {e9af0000 mType=statusBars mFrame=[0,0][1080,80] mVisible=true mFlags= mSideHint=TOP mBoundingRects=null}, InsetsSource: {e9af0005 mType=mandatorySystemGestures mFrame=[0,0][1080,114] mVisible=true mFlags= mSideHint=TOP mBoundingRects=null}, InsetsSource: {e9af0006 mType=tappableElement mFrame=[0,0][1080,80] mVisible=true mFlags= mSideHint=TOP mBoundingRects=null}, InsetsSource: {3 mType=ime mFrame=[0,0][0,0] mVisible=false mFlags= mSideHint=NONE mBoundingRects=null}, InsetsSource: {27 mType=displayCutout mFrame=[0,0][1080,80] mVisible=true mFlags= mSideHint=TOP mBoundingRects=null}, InsetsSource: {26ed0001 mType=navigationBars mFrame=[0,2298][1080,2340] mVisible=true mFlags=SUPPRESS_SCRIM mSideHint=BOTTOM mBoundingRects=null}, InsetsSource: {26ed0004 mType=systemGestures mFrame=[0,0][84,2340] mVisible=true mFlags= mSideHint=LEFT mBoundingRects=null}, InsetsSource: {26ed0005 mType=mandatorySystemGestures mFrame=[0,2250][1080,2340] mVisible=true mFlags= mSideHint=BOTTOM mBoundingRects=null}, InsetsSource: {26ed0006 mType=tappableElement mFrame=[0,0][0,0] mVisible=true mFlags= mSideHint=NONE mBoundingRects=null}, InsetsSource: {26ed0024 mType=systemGestures mFrame=[996,0][1080,2340] mVisible=true mFlags= mSideHint=RIGHT mBoundingRects=null} }
03-02 00:57:25.745  2746  2808 I VRI[debug]@8e2c7db: onActiveControlsChanged, removed=false, mAdded=true, caller=android.view.ViewRootImpl.handleInsetsControlChanged:3002 android.view.ViewRootImpl.relayoutWindow:11629 android.view.ViewRootImpl.performTraversals:4804 android.view.ViewRootImpl.doTraversal:3924 android.view.ViewRootImpl$TraversalRunnable.run:12903
03-02 00:57:25.746  2746  2808 I VRI[debug]@8e2c7db: Relayout returned: old=(0,0,1080,2340) new=(0,0,1080,2340) relayoutAsync=false req=(1080,2340)8 dur=9 res=0x2 s={false 0x0} ch=true seqId=0
03-02 00:57:25.746  2746  2808 D VRI[debug]@8e2c7db: Not drawing due to not visible. Reason=View.GONE
03-02 00:57:25.746  2746  2808 W WindowOnBackDispatcher: sendCancelIfRunning: isInProgress=false callback=android.view.ViewRootImpl$$ExternalSyntheticLambda16@b2f15af
03-02 00:57:25.747  2746  2808 I VRI[debug]@8e2c7db: dispatchDetachedFromWindow
03-02 00:57:25.747 18627 18627 I SamsungAccount: [BrandNameUtil] isBrandGalaxy, oneUiVersion is below 5.1: true
03-02 00:57:25.748  2013  2834 D InputTransport: Input channel destroyed: '36e1957', fd=964
03-02 00:57:25.749  1507  1825 I SurfaceFlinger: Capture layer list: 	 com.zhiliaoapp.musically/com.ss.android.ugc.aweme.splash.SplashActivity$_14885#156176(seamlessTransition:0)
03-02 00:57:25.749  1507  1825 I SurfaceFlinger: Capture layer list: 	 DimTransitionLayer for Surface(name=Task=44878)/@0xb260ba7#156206(seamlessTransition:0)
03-02 00:57:25.749  1507  1825 I SurfaceFlinger: Capture layer list: 	 com.podcast.app.debug/androidx.activity.ComponentActivity$_17121#156202(seamlessTransition:0)
03-02 00:57:25.749  1507  1825 I SurfaceFlinger: Capture layer list: 	 Splash Screen com.podcast.app.debug$_2746#156201(seamlessTransition:0)
03-02 00:57:25.751  2746  2788 I BLASTBufferQueue: [VRI[debug]@8e2c7db#7712](f:0,a:1,s:0) destructor()
03-02 00:57:25.751  2746  2788 D BufferQueueConsumer: [VRI[debug]@8e2c7db#7712(BLAST Consumer)7712](id:aba00001e20,api:0,p:-1,c:2746) disconnect
03-02 00:57:25.754  2013  2065 D PkgPredictorService-SecIpmManagerServiceImpl: bg information pid:17532 uid:10687 pkgName:com.podcast.app.debug.test
03-02 00:57:25.755 18627 18627 I SamsungAccount: [GlobalSearchProvider] secQueryGetFingerprint : 1560103100en_GB
03-02 00:57:25.756  2746  2808 D InputTransport: Input channel destroyed: '36e1957', fd=608
03-02 00:57:25.761  1445 18689 W C2MtkBufferManager: [0xB4000070F68A8D20] fetchNewCcBlock: wait fence 0x0xb4000070f692fcb0 timed out. ret 110
03-02 00:57:25.766  1445  2902 W C2MtkBufferManager: [0xB4000070F507E520] fetchNewCcBlock: wait fence 0x0xb4000070f5058270 timed out. ret 110
03-02 00:57:25.768  6655 28636 I PhenotypeResourceReader: unable to find any Phenotype resource metadata for com.osp.app.signin
03-02 00:57:25.775  1507  1507 I SurfaceFlinger: RequestedLayer [Splash Screen com.podcast.app.debug$_2746#156201] hidden!! flag  from(0) --> to(1)
03-02 00:57:25.775  1507  1507 I SurfaceFlinger: [LayerHierarchy{RequestedLayerState{Surface(name=297f8e5 com.podcast.app.debug/androidx.activity.ComponentActivity)/@0xbe7f046 - animation-leash of starting_reveal#156210} 1 children}] reparent to OffscreenRoot
03-02 00:57:25.775  1507  1507 I SurfaceFlinger: [LayerHierarchy{RequestedLayerState{Surface(name=297f8e5 com.podcast.app.debug/androidx.activity.ComponentActivity)/@0xbe7f046 - animation-leash of starting_reveal#156210} 1 children}] RelativeParent to null
03-02 00:57:25.775  1507  1507 I SurfaceFlinger: [LayerHierarchy{RequestedLayerState{297f8e5 com.podcast.app.debug/androidx.activity.ComponentActivity#156200 parentId=156198} 1 children}] reparent to LayerHierarchy{RequestedLayerState{ActivityRecord{131098132 u0 com.podcast.app.debug/androidx.activity.ComponentActivity t44878}#156198 parentId=156197} 4 children}
03-02 00:57:25.776  2013  4834 W ParceledListSlice: Element #30 is 21544 bytes.
03-02 00:57:25.777 14885 18629 I MediaCodec: setCodecState state(0), called in 6, domain 1, 1
03-02 00:57:25.777  2746  2746 D SystemUIService: SYSUI_RAM_OPTIMIZATION onTrimMemory=20
03-02 00:57:25.777  2746  2746 D CentralSurfaces: SYSUI_RAM_OPTIMIZATION onTrimMemory=20
03-02 00:57:25.777  2746  2870 D HWUI    : CacheManager::trimMemory(20)
03-02 00:57:25.778  1646  5384 I CameraService: onUidStateChanged: uid=10062, procState is changed. (1 -> 0)
03-02 00:57:25.782  4784  5069 I SemMediaResourceHelper: onState
03-02 00:57:25.782  4784  5069 I SemDvfsHyPerManager: acquire hyper - TABaseBoost/4784@20, type = -999
03-02 00:57:25.782  1450  1487 I HYPER-HAL: [RequestManager.cpp]acquire(): Acquired ID : 11541630  [4784 / 20]    HINT :      list : [TABoost / 0]
03-02 00:57:25.782  1507  1507 D SurfaceFlinger: Display 4627039422300187648 HWC layers:
03-02 00:57:25.782  1507  1507 D SurfaceFlinger:   SOLID_COLOR |                        0 | 00000002 | N/A          |    0.0    0.0    0.0    0.0 |    0    0   -1   -1 | Background for 68eb87 SurfaceView[co[...]weme.splash.SplashActivity]@0#156181 (0)
03-02 00:57:25.782  1507  1507 D SurfaceFlinger:   SOLID_COLOR |                        0 | 00000002 | N/A          |    0.0    0.0    0.0    0.0 |    0    0   -1   -1 | Background for 836459b SurfaceView[c[...]weme.splash.SplashActivity]@0#156187 (0)
03-02 00:57:25.782  1507  1507 D SurfaceFlinger:        CLIENT |                        0 | 00000002 | N/A          |    0.0    0.0    0.0    0.0 |    0   80  746 2000 | Background for 7086fb SurfaceView[co[...]weme.splash.SplashActivity]@0#156191 (0)
03-02 00:57:25.782  1507  1507 D SurfaceFlinger:        CLIENT |           63930588202120 | 00002100 | RGBA_8888    |  334.0    0.0 1080.0 2340.0 |    0    0 1080 2340 | com.zhiliaoapp.musically/com.ss.andr[...].splash.SplashActivity$_14885#156176 (7)
03-02 00:57:25.782  1507  1507 D SurfaceFlinger:   SOLID_COLOR |                        0 | 00000000 | N/A          |    0.0    0.0    0.0    0.0 |    0    0 1080 2340 | DimTransitionLayer for Surface(name=Task=44878)/@0
03-02 00:57:25.782  1507  1507 D SurfaceFlinger: xb260ba7#156206 (0)
03-02 00:57:25.782  1507  1507 D SurfaceFlinger:        DEVICE |           73534135074897 | 00002102 | RGBA_8888    |    0.0    0.0 1070.0 2340.0 |   10    0 1080 2340 | com.podcast.app.debug/androidx.activity.ComponentActivity$_17121#156202 (1)
03-02 00:57:25.782  1507  1507 D SurfaceFlinger:        DEVICE |           11793980281856 | 00002100 | RGBA_8888    |    0.0    0.0 1080.0   80.0 |    0    0 1080   80 | StatusBar$_2746#117 (211063)
03-02 00:57:25.782  1507  1507 D SurfaceFlinger:        DEVICE |           13752485304097 | 00002100 | RGBA_8888    |    0.0    0.0   67.0  346.0 | 1013  454 1080  800 | com.sec.android.app.launcher/com.sam[...].app.CocktailBarService$_3202#152779 (1)
03-02 00:57:25.782  1507  1507 D SurfaceFlinger:        DEVICE |           11793980281862 | 00002100 | RGBA_8888    |    0.0    0.0 1080.0  135.0 |    0 2205 1080 2340 | NavigationBar0$_2746#113 (187840)
03-02 00:57:25.782  1507  1507 D SurfaceFlinger:
03-02 00:57:25.783  2013  2252 W system_server: Large reply transaction of 325152 bytes, interface descriptor android.app.IActivityTaskManager, code 26
03-02 00:57:25.783  5235 28894 W roid.honeyboard: Long monitor contention with owner DefaultDispatcher-worker-1 (12846) at android.content.IContentProvider android.app.ActivityThread.acquireProvider(android.content.Context, java.lang.String, int, boolean)(ActivityThread.java:9152) waiters=0 in android.content.IContentProvider android.app.ActivityThread.acquireProvider(android.content.Context, java.lang.String, int, boolean) for 565ms
03-02 00:57:25.787 18627 18643 I SamsungAccount: [AccountManagerProvider] isChildAccount
03-02 00:57:25.791 18627 18643 I SamsungAccount: [AccountManagerProvider] Calling package : android.honeyboard.
03-02 00:57:25.794  2013  2067 I ImeTracker: system_server:50dce597: onCancelled at PHASE_SERVER_SHOULD_HIDE
03-02 00:57:25.795 18627 18652 I SamsungAccount: [AccountManagerProvider] isChildAccount
03-02 00:57:25.797 18627 18652 I SamsungAccount: [AccountManagerProvider] Calling package : android.honeyboard.
03-02 00:57:25.798  2746  2746 D SystemUIService: SYSUI_RAM_OPTIMIZATION onTrimMemory=20
03-02 00:57:25.798  2746  2746 D CentralSurfaces: SYSUI_RAM_OPTIMIZATION onTrimMemory=20
03-02 00:57:25.798  2746  2870 D HWUI    : CacheManager::trimMemory(20)
03-02 00:57:25.801  1445 18689 W C2MtkBufferManager: [0xB4000070F68A8D20] fetchNewCcBlock: wait fence 0x0xb4000070f692fcb0 timed out. ret 110
03-02 00:57:25.804  3202  3202 I HoneySpace.TaskStackChangeRepositoryImpl: onTaskRemoved : 44877
03-02 00:57:25.804  3202  3386 I HoneySpace.TopTaskSource: onTaskRemoved: 44877
03-02 00:57:25.805  3202  3202 I HoneySpace.TaskListViewModel[160530624]: taskRemoveId, 44877
03-02 00:57:25.806  3202  3202 W HoneySpace.TaskListViewModel[160530624]: task is already removed: 44877
03-02 00:57:25.806  3202  3202 I HoneySpace.TaskStackChangeRepositoryImpl: onTaskRemoved : 44877
03-02 00:57:25.809  3202  3202 I HoneySpace.TaskListViewModel[160530624]: taskRemoveId, 44877
03-02 00:57:25.810  2013  2067 I ImeTracker: system_server:c8ed4af4: onCancelled at PHASE_SERVER_SHOULD_HIDE
03-02 00:57:25.810  3202  3202 W HoneySpace.TaskListViewModel[160530624]: task is already removed: 44877
03-02 00:57:25.812  3202  3386 I HoneySpace.TopTaskSource: onTaskRemoved: 44877
03-02 00:57:25.814  2013  2252 W system_server: Large reply transaction of 325152 bytes, interface descriptor android.app.IActivityTaskManager, code 26
03-02 00:57:25.819 18627 18627 I SamsungAccount: [SamsungAccountApp] init
03-02 00:57:25.820  1484  1566 D AudioFlinger: setParameters: filtered dev setParameters keyvalue audioHDR=0
03-02 00:57:25.821  1509  1509 D Audio_ParameterParser: parseVendorParameters: scope: MODULE, keys/values: audioHDR=0
03-02 00:57:25.822  1439 32089 D AudioALSAHardware: +setParameters(): audioHDR=0
03-02 00:57:25.822  1439 32089 D AudioALSAHardware: -setParameters(): audioHDR=0
03-02 00:57:25.822  1439 32089 E AHAL_Module: setVendorParameters: default: unrecognized parameter "audioHDR=0"
03-02 00:57:25.823  1484  1566 E ConversionHelperAidl: Function: parseAndSetVendorParameters Line: 94 Failed
03-02 00:57:25.823  1509  1509 D Audio_ParameterParser: parseVendorParameters: scope: MODULE, keys/values: audioHDR=0
03-02 00:57:25.824  1509  1509 D Audio_ParameterParser: parseVendorParameters: scope: MODULE, keys/values: audioHDR=0
03-02 00:57:25.824  1439 32089 D AHAL_ModuleBluetooth: setVendorParameters unrecognized parameter: audioHDR=0
03-02 00:57:25.827 18627 18627 I SamsungAccount: [TestPropertyFileUtil] property file not exist
03-02 00:57:25.828 18627 18627 I SamsungAccount: [NotificationUtil] cancelNotification : 20111267
03-02 00:57:25.828 18627 18690 I FA      : App measurement disabled via the manifest
03-02 00:57:25.829 18627 18690 E .osp.app.signin: No package ID 6b found for resource ID 0x6b0b0013.
03-02 00:57:25.829 18627 18627 I SamsungAccount: [B2bFeature] init, isB2bFeatureEnabled : true
03-02 00:57:25.831 18627 18690 I FA      : App measurement initialized, version: 155007
03-02 00:57:25.833 18627 18690 I FA      : To enable debug logging run: adb shell setprop log.tag.FA VERBOSE
03-02 00:57:25.834 18627 18690 I FA      : To enable faster debug mode event logging run:
03-02 00:57:25.834 18627 18690 I FA      :   adb shell setprop debug.firebase.analytics.app com.osp.app.signin
03-02 00:57:25.839  2013  4843 W system_server: Large reply transaction of 325152 bytes, interface descriptor android.app.IActivityTaskManager, code 26
03-02 00:57:25.839 18627 18627 I SamsungAccount: [AccountManagerUtil] isSamsungAccountSignedIn : true
03-02 00:57:25.839  1445  2902 W C2MtkBufferManager: [0xB4000070F507E520] fetchNewCcBlock: wait fence 0x0xb4000070f5058270 timed out. ret 110
03-02 00:57:25.841  1445 18689 W C2MtkBufferManager: [0xB4000070F68A8D20] fetchNewCcBlock: wait fence 0x0xb4000070f692fcb0 timed out. ret 110
03-02 00:57:25.849 18627 18627 D SamsungAccount$SALogger: init Log Path : /data/user/0/com.osp.app.signin/Log/
03-02 00:57:25.854 18627 18627 D SamsungAccount$SALogger: init success
03-02 00:57:25.863 22395 22395 D BoundBrokerSvc: onBind: Intent { act=com.google.android.gms.measurement.START xflg=0x4 pkg=com.google.android.gms }
03-02 00:57:25.863  1507  1825 I SurfaceFlinger: Capture layer list: 	 com.zhiliaoapp.musically/com.ss.android.ugc.aweme.splash.SplashActivity$_14885#156176(seamlessTransition:0)
03-02 00:57:25.863 22395 22395 D BoundBrokerSvc: Loading bound service for intent: Intent { act=com.google.android.gms.measurement.START xflg=0x4 pkg=com.google.android.gms }
03-02 00:57:25.863  1507  1825 I SurfaceFlinger: Capture layer list: 	 DimTransitionLayer for Surface(name=Task=44878)/@0xb260ba7#156206(seamlessTransition:0)
03-02 00:57:25.863  1507  1825 I SurfaceFlinger: Capture layer list: 	 com.podcast.app.debug/androidx.activity.ComponentActivity$_17121#156202(seamlessTransition:0)
03-02 00:57:25.865 18627 18627 I SamsungAccount: [DeviceManager] init START
03-02 00:57:25.866  2746  2798 I SurfaceControlRegistry: apply, t=FinishTransaction_SyncId<11273>, caller=android.view.SurfaceControl$Transaction.apply:3459 android.view.SurfaceControl$Transaction.apply:3447 android.view.SurfaceControl$Transaction.apply:3397 com.android.wm.shell.transition.Transitions.onFinish:315 com.android.wm.shell.transition.Transitions$$ExternalSyntheticLambda7.onTransitionFinished:12 com.android.wm.shell.transition.DefaultTransitionHandler$$ExternalSyntheticLambda6.run:36
03-02 00:57:25.870  1507  1507 D SurfaceFlinger: Display 4627039422300187648 HWC layers:
03-02 00:57:25.870  1507  1507 D SurfaceFlinger:   SOLID_COLOR |                        0 | 00000002 | N/A          |    0.0    0.0    0.0    0.0 |    0    0   -1   -1 | Background for 68eb87 SurfaceView[co[...]weme.splash.SplashActivity]@0#156181 (0)
03-02 00:57:25.870  1507  1507 D SurfaceFlinger:   SOLID_COLOR |                        0 | 00000002 | N/A          |    0.0    0.0    0.0    0.0 |    0    0   -1   -1 | Background for 836459b SurfaceView[c[...]weme.splash.SplashActivity]@0#156187 (0)
03-02 00:57:25.870  1507  1507 D SurfaceFlinger:   SOLID_COLOR |                        0 | 00000002 | N/A          |    0.0    0.0    0.0    0.0 |    0    0   -1   -1 | Background for 7086fb SurfaceView[co[...]weme.splash.SplashActivity]@0#156191 (0)
03-02 00:57:25.870  1507  1507 D SurfaceFlinger:        DEVICE |           63930588202120 | 00002100 | RGBA_8888    |    0.0    0.0    0.0    0.0 |    0    0   -1   -1 | com.zhiliaoapp.musically/com.ss.andr[...].splash.SplashActivity$_14885#156176 (7)
03-02 00:57:25.870  1507  1507 D SurfaceFlinger:   SOLID_COLOR |                        0 | 00000000 | N/A          |    0.0    0.0    0.0    0.0 |    0    0   -1   -1 | DimTransitionLayer for Surface(name=Task=44878)/@0
03-02 00:57:25.870  1507  1507 D SurfaceFlinger: xb260ba7#156206 (0)
03-02 00:57:25.870  1507  1507 D SurfaceFlinger:        DEVICE |           73534135074897 | 00002102 | RGBA_8888    |    0.0    0.0 1080.0 2340.0 |    0    0 1080 2340 | com.podcast.app.debug/androidx.activity.ComponentActivity$_17121#156202 (1)
03-02 00:57:25.870  1507  1507 D SurfaceFlinger:        DEVICE |           11793980281856 | 00002100 | RGBA_8888    |    0.0    0.0 1080.0   80.0 |    0    0 1080   80 | StatusBar$_2746#117 (211063)
03-02 00:57:25.870  1507  1507 D SurfaceFlinger:        DEVICE |           13752485304097 | 00002100 | RGBA_8888    |    0.0    0.0   67.0  346.0 | 1013  454 1080  800 | com.sec.android.app.launcher/com.sam[...].app.CocktailBarService$_3202#152779 (1)
03-02 00:57:25.870  1507  1507 D SurfaceFlinger:        DEVICE |           11793980281862 | 00002100 | RGBA_8888    |    0.0    0.0 1080.0  135.0 |    0 2205 1080 2340 | NavigationBar0$_2746#113 (187840)
03-02 00:57:25.870  1507  1507 D SurfaceFlinger:
03-02 00:57:25.870  1464  1492 I mtkpower@impl: [setMode] type:6, enabled:0
03-02 00:57:25.870  1464  1492 E mtkpower@impl: [setMode] unknown type
03-02 00:57:25.873 14885 14885 I VRI[SplashActivity]@35f4eb8: handleAppVisibility mAppVisible = true visible = false
03-02 00:57:25.873 14885 14885 D VRI[SplashActivity]@35f4eb8: visibilityChanged oldVisibility=true newVisibility=false
03-02 00:57:25.874 18627 18627 I SamsungAccount: [DeviceManager] init END
03-02 00:57:25.875 14885 14885 I SV[6876039 SplashActivity]: onWindowVisibilityChanged(8) false X.0fk7{68eb87 V.E...... ........ 0,80-1080,2000} of VRI[SplashActivity]@35f4eb8
03-02 00:57:25.875 14885 14885 I SurfaceView: 6876039 Changes: creating=false format=false size=false visible=true alpha=false hint=false left=false top=false z=false attached=true lifecycleStrategy=false
