03-02 00:57:21.692  2013  3645 I WindowManager:   fl=81030118
03-02 00:57:21.692  2013  3645 I WindowManager:   pfl=10000810
03-02 00:57:21.692  2013  3645 I WindowManager:   bhv=1
03-02 00:57:21.692  2013  3645 I WindowManager:   fitSides=0
03-02 00:57:21.692  2013  3645 I WindowManager:   frameRateBoostOnTouch=true
03-02 00:57:21.692  2013  3645 I WindowManager:   dvrrWindowFrameRateHint=true naviIconColor=0}
03-02 00:57:21.692  2746  2808 I VRI[debug]@129c001: onActiveControlsChanged, removed=false, mAdded=true, caller=android.view.ViewRootImpl.handleInsetsControlChanged:3002 android.view.ViewRootImpl.relayoutWindow:11629 android.view.ViewRootImpl.performTraversals:4804 android.view.ViewRootImpl.doTraversal:3924 android.view.ViewRootImpl$TraversalRunnable.run:12903
03-02 00:57:21.694  2746  2808 D BufferQueueConsumer: [](id:aba00001e1c,api:0,p:-1,c:2746) connect: controlledByApp=false
03-02 00:57:21.695  1507  1568 E mali_winsys: Unrecognised Android chroma siting range: [2, 2]. Applying default
03-02 00:57:21.696  2746  2808 I BLASTBufferQueue: [VRI[debug]@129c001#7708](f:0,a:0,s:0) constructor()
03-02 00:57:21.697  2746  2808 I BLASTBufferQueue_Java: new BLASTBufferQueue, mName= VRI[debug]@129c001 mNativeObject= 0xb400007671f7bc00 caller= android.view.ViewRootImpl.updateBlastSurfaceIfNeeded:3585 android.view.ViewRootImpl.relayoutWindow:11685 android.view.ViewRootImpl.performTraversals:4804 android.view.ViewRootImpl.doTraversal:3924 android.view.ViewRootImpl$TraversalRunnable.run:12903 android.view.Choreographer$CallbackRecord.run:1901 android.view.Choreographer$CallbackRecord.run:1910 android.view.Choreographer.doCallbacks:1367 android.view.Choreographer.doFrame:1292 android.view.Choreographer$FrameDisplayEventReceiver.run:1870
03-02 00:57:21.697  2746  2808 I BLASTBufferQueue_Java: update, w= 1080 h= 2340 mName = VRI[debug]@129c001 mNativeObject= 0xb400007671f7bc00 sc.mNativeObject= 0xb4000076ee2ff7c0 format= -3 caller= android.view.ViewRootImpl.updateBlastSurfaceIfNeeded:3590 android.view.ViewRootImpl.relayoutWindow:11685 android.view.ViewRootImpl.performTraversals:4804 android.view.ViewRootImpl.doTraversal:3924 android.view.ViewRootImpl$TraversalRunnable.run:12903 android.view.Choreographer$CallbackRecord.run:1901
03-02 00:57:21.697  2746  2808 I BLASTBufferQueue: [VRI[debug]@129c001#7708](f:0,a:0,s:0) update width=1080 height=2340 format=-3 mTransformHint=0
03-02 00:57:21.699  2746  2808 I VRI[debug]@129c001: Relayout returned: old=(0,0,1080,2340) new=(0,0,1080,2340) relayoutAsync=false req=(1080,2340)0 dur=14 res=0x3 s={true 0xb40000767233dc00} ch=true seqId=0
03-02 00:57:21.699  2013  2252 D InputDispatcher: Focused application(0): ActivityRecord{249118081 u0 com.podcast.app.debug/androidx.activity.ComponentActivity t44874}
03-02 00:57:21.700  2746  2808 D VRI[debug]@129c001: mThreadedRenderer.initialize() mSurface={isValid=true 0xb40000767233dc00} hwInitialized=true
03-02 00:57:21.701  2746  2808 D VRI[debug]@129c001: reportNextDraw android.view.ViewRootImpl.performTraversals:5443 android.view.ViewRootImpl.doTraversal:3924 android.view.ViewRootImpl$TraversalRunnable.run:12903 android.view.Choreographer$CallbackRecord.run:1901 android.view.Choreographer$CallbackRecord.run:1910
03-02 00:57:21.701  2746  2808 D VRI[debug]@129c001: Setup new sync=wmsSync-VRI[debug]@129c001#33
03-02 00:57:21.701  2746  2808 I VRI[debug]@129c001: Creating new active sync group VRI[debug]@129c001#34
03-02 00:57:21.701  2746  2808 D VRI[debug]@129c001: registerCallbacksForSync syncBuffer=false
03-02 00:57:21.704  1507  1507 I SurfaceFlinger: [Splash Screen com.podcast.app.debug$_2746#156103] attach to parent LayerHierarchy{RequestedLayerState{2693a0a Splash Screen com.podcast.app.debug#156102 parentId=156101} 1 children}
03-02 00:57:21.705  2013  4834 D GraphicsStatsService: requestRenderEngineFor(com.podcast.app.debug)
03-02 00:57:21.705  2746  2866 D VRI[debug]@129c001: Received frameDrawingCallback syncResult=0 frameNum=1.
03-02 00:57:21.706  2746  2866 I VRI[debug]@129c001: mWNT: t=0xb4000076d38ea780 mBlastBufferQueue=0xb400007671f7bc00 fn= 1 HdrRenderState mRenderHdrSdrRatio=1.0 caller= android.view.ViewRootImpl$12.onFrameDraw:15441 android.view.ThreadedRenderer$1.onFrameDraw:718 <bottom of call stack>
03-02 00:57:21.706  2746  2866 I VRI[debug]@129c001: Setting up sync and frameCommitCallback
03-02 00:57:21.707  1507  1568 E mali_winsys: Unrecognised Android chroma siting range: [2, 2]. Applying default
03-02 00:57:21.708  1445  2902 W C2MtkBufferManager: [0xB4000070F507E520] fetchNewCcBlock: wait fence 0x0xb4000070f5058270 timed out. ret 110
03-02 00:57:21.709  2746  3671 D SoundCraft.PlayingAudioConditionHandler: onPlaybackConfigChanged : lastStartedPackageName=com.zhiliaoapp.musically, lastStartedUid=10350, newStartedUid=-1, newStartPackageName=null, thread=Thread[RoutineHandlerThread,5,main]
03-02 00:57:21.710  1444  1808 D MDP     : [PQSessionManager] findVideoID[f6840820] found on index a
03-02 00:57:21.710  1444  1808 D MDP     : [PQSessionManager] createPQSession(a) user(0xb4000074f4d46d80)
03-02 00:57:21.710  1444  1808 D MDP     : [PQSessionManager] Duplicated ID[a] found, please check if double createPQSession!
03-02 00:57:21.710  1444  1808 D MDP     : [PQSessionManager] getPQSessionListHandle id[a]
03-02 00:57:21.710  1444  1808 D MDP     : [PQSessionManager] getPQSessionListHandle, find id[a]
03-02 00:57:21.710  1444  1808 D MDP     : [PQSession] incRefCount id[a] user[0xb4000074f4d46d80] existed
03-02 00:57:21.710  1444  1808 D MDP     : [PQSession] incRefCount id[a] user[0xb4000074f4d46d80] numOfUser[1]
03-02 00:57:21.710  1444  1808 D MDP     : [PQSession] numElements[0] key[0] metaData[0]
03-02 00:57:21.710  1444  1808 D MDP     : [PQSession] setPQParam() id[a] enable[0], scenario[1]
03-02 00:57:21.710  1444  1808 D PQ      : PQDSConfig::getEnableStatus check1  time 0 ms
03-02 00:57:21.710  1444  1808 D PQ      : [PQDSConfig] PQDSConfig::getEnableStatus = 1
03-02 00:57:21.710  1444  1808 D PQ      : [PQDSConfig] m_TDSHPTableInit 1
03-02 00:57:21.710  1444  1808 D PQ      : [PQDSConfig] getAshmemContext(SHP_ENABLE) = 1
03-02 00:57:21.710  1444  1808 D PQ      : PQDSConfig::getEnableStatus check2  time 0 ms
03-02 00:57:21.710  1444  1808 D PQ      : [PQDSConfig] PQDSConfig::getUREnableStatus = 1
03-02 00:57:21.710  1444  1808 D MDP     : [PQSession] setDpPqConfig m_svp = 0, enDRE = 0
03-02 00:57:21.710  1444  1808 D MDP     : setPQParam globalPQSupport = [0] globalPQSwitch = [0] globalPQStrength = [0] globalPQType = [0]
03-02 00:57:21.710  1444  1808 D MDP     : [PQSession] setPQparam userId[0x0], scenario[1], enDRE[0]
03-02 00:57:21.710  1444  1808 D MDP     : [PQSession] getDpPqConfig() id[a] enable[0], scenario[1]
03-02 00:57:21.710  1444  1808 D MDP     : [PQSession] getDpPqConfig() enSharp[0] enDC[0] enColor[0] enHDR[0] enHDRVivid[0] enUR[0] enReFocus[0] enCcorr[0] enDRE[0] enHFG[0] enAIPQ[0] enAISDR2HDR[0] enAIRegionPQ[0] mAdaptiveEnable[0]
03-02 00:57:21.710  1444  1808 D MDP     : [PQSession] setPQDREParam userId[0x0] scenario[1] enDRE[0]
03-02 00:57:21.710  1444  1808 D MDP     : [PQSessionManager] findVideoID[f6840820] found on index a
03-02 00:57:21.710  1444  1808 D PQ_HDR  : DpAsyncBlit: job:(2071199 208) in:(720, 1280)[720 368] C8s P1.1.1.0.1, alpha 0, sec0 flush:0 Buffer 1035599: plane=3 bufVA={0xd0,0xd0,0xd0} bufMVA={0x0,0x0,0x0} bufSize={0xe1000,0x39800,0x39800} proxy={0xb4000074f4c6a9e0,0x0,0x0}fence=-1
03-02 00:57:21.710  1444  1808 D PQ_HDR  : DpAsyncBlit: out 0:(1080, 1920)[2176 0] C5 P1.1.1.0.1 R:0 F:0 S:0 A:0 HDR:0 COLOR:0 CCORR:0 sec0 flush:0 Buffer 1035599: plane=1 bufVA={0x73,0x0,0x0} bufMVA={0x0,0x0,0x0} bufSize={0x4db200,0x0,0x0} proxy={0xb4000074f4c6a900,0x0,0x0}fence=53
03-02 00:57:21.710  1444  1808 D PQ_HDR  : DpAsyncBlit: crop 0:(0.0, 0.0, 720.0, 1280.0) compose:(0, 0, 1080, 1920)
03-02 00:57:21.710  1444  1808 D MDP     : [PQSessionManager] PQSessionManager::getPQSession id[a]
03-02 00:57:21.711  1444  1808 D MDP     : [PQSessionManager] getPQSessionListHandle id[a]
03-02 00:57:21.711  1444  1808 D MDP     : [PQSessionManager] getPQSessionListHandle, find id[a]
03-02 00:57:21.711  1444  1808 D MDP     : [PQSessionManager] PQSessionManager::getPQSession id[a]
03-02 00:57:21.711  1444  1808 D MDP     : [PQSessionManager] getPQSessionListHandle id[a]
03-02 00:57:21.711  1444  1808 D MDP     : [PQSessionManager] getPQSessionListHandle, find id[a]
03-02 00:57:21.711  1444  1808 D MDP     : PQSession:setPipeNum m_PipeNum[1] value[1] ID[a] DCPath[0] DCDone[0] addr[732261df]
03-02 00:57:21.711  1444  1808 D MDP     : [PQSession] getDpPqConfig() id[a] enable[0], scenario[1]
03-02 00:57:21.711  1444  1808 D MDP     : [PQSession] getDpPqConfig() enSharp[0] enDC[0] enColor[0] enHDR[0] enHDRVivid[0] enUR[0] enReFocus[0] enCcorr[0] enDRE[0] enHFG[0] enAIPQ[0] enAISDR2HDR[0] enAIRegionPQ[0] mAdaptiveEnable[0]
03-02 00:57:21.711  1444  1808 D PQ      : [PQRSZConfig] PQRSZConfig::getUREnableStatus = 1
03-02 00:57:21.711  1444  1808 D MDP     : [PQSessionManager] PQSessionManager::getPQSession id[a]
03-02 00:57:21.711  1444  1808 D MDP     : [PQSessionManager] getPQSessionListHandle id[a]
03-02 00:57:21.711  1444  1808 D MDP     : [PQSessionManager] getPQSessionListHandle, find id[a]
03-02 00:57:21.711  1444  1808 D AAL     : [PQEngineInterface] DpEngineTDSHPConfigFrame(0) pqSessionId = a
03-02 00:57:21.711  1444  1808 D MDP     : [PQSession] getDpPqConfig() id[a] enable[0], scenario[1]
03-02 00:57:21.711  1444  1808 D MDP     : [PQSession] getDpPqConfig() enSharp[0] enDC[0] enColor[0] enHDR[0] enHDRVivid[0] enUR[0] enReFocus[0] enCcorr[0] enDRE[0] enHFG[0] enAIPQ[0] enAISDR2HDR[0] enAIRegionPQ[0] mAdaptiveEnable[0]
03-02 00:57:21.711  1444  1808 D AAL     : [PQEngineInterface] DpEngineTDSHPConfigFrame(0) tdshpEnable(0) enSharp(0) enDC(0) enHFG(0)
03-02 00:57:21.711  1444  1808 D MDP     : [PQSessionManager] PQSessionManager::getPQSession id[a]
03-02 00:57:21.711  1444  1808 D MDP     : [PQSessionManager] getPQSessionListHandle id[a]
03-02 00:57:21.711  1444  1808 D MDP     : [PQSessionManager] getPQSessionListHandle, find id[a]
03-02 00:57:21.711  1444  1808 D MDP     : [PQSession] getDpPqConfig() id[a] enable[0], scenario[1]
03-02 00:57:21.711  1444  1808 D MDP     : [PQSession] getDpPqConfig() enSharp[0] enDC[0] enColor[0] enHDR[0] enHDRVivid[0] enUR[0] enReFocus[0] enCcorr[0] enDRE[0] enHFG[0] enAIPQ[0] enAISDR2HDR[0] enAIRegionPQ[0] mAdaptiveEnable[0]
03-02 00:57:21.711  1444  1808 W AAL     : DpEngine_AAL: relay 1
03-02 00:57:21.711  1444  1808 D AAL     : [PQEngineInterface] DpEngineTDSHPConfigTile(0) InpSize: 807, 1920, OutSize: 807, 1920
03-02 00:57:21.711  1444  1808 D MDP     : [PQSessionManager] PQSessionManager::getPQSession id[a]
03-02 00:57:21.711  1444  1808 D MDP     : [PQSessionManager] getPQSessionListHandle id[a]
03-02 00:57:21.711  1444  1808 D MDP     : [PQSessionManager] getPQSessionListHandle, find id[a]
03-02 00:57:21.711  1444  1808 D PQ      : [PQHFGConfig] PQHFGConfig::isEnabled = 2
03-02 00:57:21.711  1444  1808 D MDP     : [PQSession] getDpPqConfig() id[a] enable[0], scenario[1]
03-02 00:57:21.711  1444  1808 D MDP     : [PQSession] getDpPqConfig() enSharp[0] enDC[0] enColor[0] enHDR[0] enHDRVivid[0] enUR[0] enReFocus[0] enCcorr[0] enDRE[0] enHFG[0] enAIPQ[0] enAISDR2HDR[0] enAIRegionPQ[0] mAdaptiveEnable[0]
03-02 00:57:21.711  1507  1825 I SurfaceFlinger: Capture layer list: 	 com.zhiliaoapp.musically/com.ss.android.ugc.aweme.splash.SplashActivity$_14885#156080(seamlessTransition:0)
03-02 00:57:21.711  1444  1808 D AAL     : [PQEngineInterface] DpEngineAALCongTile(0) MDP_aal_size = 36177152
03-02 00:57:21.711  1444  1808 D AAL     : [PQEngineInterface(1791345034)::MDP_AAL_output_offset = 0
03-02 00:57:21.711  1444  1808 D AAL     : [PQEngineInterface] DpEngineAALCongTile(0) MDP_AAL_output_size = 35652864
03-02 00:57:21.711  1444  1808 D AAL     : [PQEngineInterface] DpEngineAALCongTile(0) inTileXRight = 551, inTileXLeft = 0
03-02 00:57:21.711  1444  1808 D AAL     : [PQEngineInterface] DpEngineAALCongTile(0) inTileYBottom = 543, inTileYTop = 0
03-02 00:57:21.711  1444  1808 D AAL     : [PQEngineInterface] DpEngineAALCongTile(0) outTileXRight = 1279, outTileXLeft = 0
03-02 00:57:21.711  1444  1808 D AAL     : [PQEngineInterface] DpEngineAALCongTile(0) m_outTileYBottom = 1279, m_outTileYTop = 0
03-02 00:57:21.711  1444  1808 D MDP     : [PQSessionManager] PQSessionManager::getPQSession id[a]
03-02 00:57:21.711  1444  1808 D MDP     : [PQSessionManager] getPQSessionListHandle id[a]
03-02 00:57:21.711  1444  1808 D MDP     : [PQSessionManager] getPQSessionListHandle, find id[a]
03-02 00:57:21.711  1444  1808 D AAL     : [PQEngineInterface] DpEngineAALCongTile(0)cropOffset[X, Y]=[1, 0], crop[Wid, Hei]=[0, 720]
03-02 00:57:21.712  1444  1808 D MDP     : [PQSessionManager] PQSessionManager::getPQSession id[a]
03-02 00:57:21.712  1444  1808 D MDP     : [PQSessionManager] getPQSessionListHandle id[a]
03-02 00:57:21.712  1444  1808 D MDP     : [PQSessionManager] getPQSessionListHandle, find id[a]
03-02 00:57:21.712  1444  1808 D AAL     : [PQEngineInterface] DpEngineHDRConfigTile(0) outTileXLeft = 0, outTileXRight = 551
03-02 00:57:21.712  1444  1808 D AAL     : [PQEngineInterface] DpEngineHDRConfigTile(0) inTileXLeft = 0, inTileXRight = 551
03-02 00:57:21.712  1444  1808 D AAL     : [PQEngineInterface] DpEngineHDRConfigTile(0) HDR_out_start_x = 0, HDR_out_end_x = 551, src h: 552,v: 1280
03-02 00:57:21.712  1444  1808 D AAL     : [PQEngineInterface] DpEngineHDRConfigTile(0) HDR_hist_end_x = 0, HDR_hist_begin_x = 0
03-02 00:57:21.712  1444  1808 D AAL     : [PQEngineInterface] DpEngineHDRConfigTile(0) HDR_first_tile = 0, HDR_last_tile = 0
03-02 00:57:21.712  1444  1808 D AAL     : [PQEngineInterface] DpEngineHDRConfigTile(0) inFrameWidth = 720 , middlePosX = 0
03-02 00:57:21.712  1444  1808 D AAL     : [PQEngineInterface] DpEngineTDSHPConfigTile(0) InpSize: 274, 1920, OutSize: 274, 1920
03-02 00:57:21.712  1444  1808 D MDP     : [PQSessionManager] PQSessionManager::getPQSession id[a]
03-02 00:57:21.712  1444  1808 D MDP     : [PQSessionManager] getPQSessionListHandle id[a]
03-02 00:57:21.712  1444  1808 D MDP     : [PQSessionManager] getPQSessionListHandle, find id[a]
03-02 00:57:21.712  1444  1808 D PQ      : [PQHFGConfig] PQHFGConfig::isEnabled = 2
03-02 00:57:21.712  1444  1808 D MDP     : [PQSession] getDpPqConfig() id[a] enable[0], scenario[1]
03-02 00:57:21.712  1444  1808 D MDP     : [PQSession] getDpPqConfig() enSharp[0] enDC[0] enColor[0] enHDR[0] enHDRVivid[0] enUR[0] enReFocus[0] enCcorr[0] enDRE[0] enHFG[0] enAIPQ[0] enAISDR2HDR[0] enAIRegionPQ[0] mAdaptiveEnable[0]
03-02 00:57:21.712  1444  1808 D AAL     : [PQEngineInterface] DpEngineAALCongTile(0) MDP_aal_size = 12715264
03-02 00:57:21.712  1444  1808 D AAL     : [PQEngineInterface(1791345034)::MDP_AAL_output_offset = 0
03-02 00:57:21.712  1444  1808 D AAL     : [PQEngineInterface] DpEngineAALCongTile(0) MDP_AAL_output_size = 12190976
03-02 00:57:21.712  1444  1808 D AAL     : [PQEngineInterface] DpEngineAALCongTile(0) inTileXRight = 719, inTileXLeft = 526
03-02 00:57:21.712  1444  1808 D AAL     : [PQEngineInterface] DpEngineAALCongTile(0) inTileYBottom = 719, inTileYTop = 0
03-02 00:57:21.712  1444  1808 D AAL     : [PQEngineInterface] DpEngineAALCongTile(0) outTileXRight = 1279, outTileXLeft = 534
03-02 00:57:21.712  1444  1808 D AAL     : [PQEngineInterface] DpEngineAALCongTile(0) m_outTileYBottom = 1279, m_outTileYTop = 0
03-02 00:57:21.712  1444  1808 D MDP     : [PQSessionManager] PQSessionManager::getPQSession id[a]
03-02 00:57:21.712  1444  1808 D MDP     : [PQSessionManager] getPQSessionListHandle id[a]
03-02 00:57:21.712  1444  1808 D MDP     : [PQSessionManager] getPQSessionListHandle, find id[a]
03-02 00:57:21.712  1444  1808 D AAL     : [PQEngineInterface] DpEngineAALCongTile(0)cropOffset[X, Y]=[1, 0], crop[Wid, Hei]=[0, 720]
03-02 00:57:21.712  1444  1808 D MDP     : [PQSessionManager] PQSessionManager::getPQSession id[a]
03-02 00:57:21.712  1444  1808 D MDP     : [PQSessionManager] getPQSessionListHandle id[a]
03-02 00:57:21.712  1444  1808 D MDP     : [PQSessionManager] getPQSessionListHandle, find id[a]
03-02 00:57:21.712  1444  1808 D AAL     : [PQEngineInterface] DpEngineHDRConfigTile(0) outTileXLeft = 526, outTileXRight = 719
03-02 00:57:21.712  1444  1808 D AAL     : [PQEngineInterface] DpEngineHDRConfigTile(0) inTileXLeft = 526, inTileXRight = 719
03-02 00:57:21.712  1444  1808 D AAL     : [PQEngineInterface] DpEngineHDRConfigTile(0) HDR_out_start_x = 0, HDR_out_end_x = 193, src h: 194,v: 1280
03-02 00:57:21.712  1444  1808 D AAL     : [PQEngineInterface] DpEngineHDRConfigTile(0) HDR_hist_end_x = 0, HDR_hist_begin_x = 0
03-02 00:57:21.712  1444  1808 D AAL     : [PQEngineInterface] DpEngineHDRConfigTile(0) HDR_first_tile = 0, HDR_last_tile = 0
03-02 00:57:21.712  1444  1808 D AAL     : [PQEngineInterface] DpEngineHDRConfigTile(0) inFrameWidth = 720 , middlePosX = 0
03-02 00:57:21.712  1444  1808 D MDP     : [PQSessionManager] PQSessionManager::getPQSession id[a]
03-02 00:57:21.712  1444  1808 D MDP     : [PQSessionManager] getPQSessionListHandle id[a]
03-02 00:57:21.712  1444  1808 D MDP     : [PQSessionManager] getPQSessionListHandle, find id[a]
03-02 00:57:21.712  1444  1808 D MDP     : [PQSessionManager] PQSessionManager::getPQSession id[a]
03-02 00:57:21.712  1444  1808 D MDP     : [PQSessionManager] getPQSessionListHandle id[a]
03-02 00:57:21.712  1444  1808 D MDP     : [PQSessionManager] getPQSessionListHandle, find id[a]
03-02 00:57:21.716  2746  2870 I BLASTBufferQueue: [VRI[debug]@129c001#7708](f:0,a:0,s:0) onFrameAvailable the first frame is available
03-02 00:57:21.717  2746  2870 I BLASTBufferQueue: [VRI[debug]@129c001#7708](f:0,a:1,s:0) acquireNextBufferLocked size=1080x2340 mFrameNumber=1 applyTransaction=true mTimestamp=491120717224349(auto) mPendingTransactions.size=0 graphicBufferId=11793980283512 transform=0
03-02 00:57:21.718  2746  2870 I VRI[debug]@129c001: Received frameCommittedCallback lastAttemptedDrawFrameNum=1 didProduceBuffer=true
03-02 00:57:21.720 17121 17121 D LifecycleMonitor: Lifecycle status change: androidx.activity.ComponentActivity@f21a087 in: PRE_ON_CREATE
03-02 00:57:21.720  1444  1809 D MDP     : [PQSessionManager] PQSessionManager::getPQSession id[a]
03-02 00:57:21.720  1444  1809 D MDP     : [PQSessionManager] getPQSessionListHandle id[a]
03-02 00:57:21.720  1444  1809 D MDP     : [PQSessionManager] getPQSessionListHandle, find id[a]
03-02 00:57:21.720  1444  1809 D MDP     : [PQSessionManager] findVideoID[f6840820] found on index a
03-02 00:57:21.720 17121 17121 V ActivityScenario: Activity lifecycle changed event received but ignored because the reported transition was not ON_CREATE while the last known transition was PRE_ON_CREATE
03-02 00:57:21.722  3202  3386 I HoneySpace.TopTaskSource: onTaskMovedToFront : taskId = 44874, displayId = 0
03-02 00:57:21.724  3202  3390 I HoneySpace.TopTaskUseCase: topTasks 44874 ComponentInfo{com.podcast.app.debug/androidx.activity.ComponentActivity}[displayId=0]
03-02 00:57:21.725  1507  1507 I SurfaceFlinger: [LayerHierarchy{RequestedLayerState{ImeContainer#15 parentId=147902 relativeParentId=147902 z=1} 1 children}] RelativeParent to null
03-02 00:57:21.730  1507  1845 D SurfaceFlinger: [input] setFocusedWindow: <null>
03-02 00:57:21.730  1507  1845 D SurfaceFlinger: updateWinowInfo=1, setFocusedWindow timestamp=491120715904579, windowName=<null>
03-02 00:57:21.730  2013  2252 D InputDispatcher: Once focus requested (0): <null>
03-02 00:57:21.730  2013  2252 D InputDispatcher: Focus request (0): <null> but waiting because NO_WINDOW
03-02 00:57:21.730  2013  2252 D InputDispatcher: Focus left window (0): cd2d6b5 com.zhiliaoapp.musically/com.ss.android.ugc.aweme.splash.SplashActivity
03-02 00:57:21.731 14885 14885 I ImeFocusController: onPreWindowFocus: skipped hasWindowFocus=false mHasImeFocus=true
03-02 00:57:21.732 14885 14885 I System.out: SAFActivity V Scene Framework: NavigationSceneManager onWindowFocusChanged false
03-02 00:57:21.732 14885 14885 I ImeFocusController: onPostWindowFocus: skipped hasWindowFocus=false mHasImeFocus=true
03-02 00:57:21.732  2746  2870 D HWUI    : CFMS:: SetUp Pid : 2746    Tid : 2870
03-02 00:57:21.732  2746  2808 D VRI[debug]@129c001: reportDrawFinished seqId=0
03-02 00:57:21.734  2013  2013 D MediaSessionService: Audio playback is changed, config=AudioPlaybackConfiguration piid:92743 deviceIds:[3] type:android.media.AudioTrack u/pid:10350/14885 state:paused attr:AudioAttributes: usage=USAGE_MEDIA content=CONTENT_TYPE_UNKNOWN flags=0xA00 tags= bundle=null sessionId:126033 mutedState:none  FormatInfo{isSpatialized=false, channelMask=0x3, sampleRate=44100}, removed=false
03-02 00:57:21.734 17121 17121 I DecorView: setWindowBackground: isPopOver=false color=ff0f0f0f d=android.graphics.drawable.ColorDrawable@fbacf20
03-02 00:57:21.734  2013  2013 D MediaSessionStack: updateMediaButtonSessionIfNeeded, callers=com.android.server.media.AudioPlayerStateMonitor$MessageHandler.handleMessage:19 android.os.Handler.dispatchMessage:110
03-02 00:57:21.734  2013  2013 D MediaSessionStack: updateMediaButtonSessionIfNeeded, skipping uid=10350
03-02 00:57:21.734  2013  2013 D MediaSessionStack: updateMediaButtonSessionIfNeeded, skipping uid=10342
03-02 00:57:21.734  2013  2013 D MediaSessionStack: updateMediaButtonSessionIfNeeded, skipping uid=10317
03-02 00:57:21.734  2013  2013 D MediaSessionStack: updateMediaButtonSessionIfNeeded, skipping uid=10672
03-02 00:57:21.736  2013  2600 D AS.MultiSoundManager: mForegroundUid = 10685
03-02 00:57:21.737 17121 17121 D LifecycleMonitor: Lifecycle status change: androidx.activity.ComponentActivity@f21a087 in: CREATED
03-02 00:57:21.737 17121 17121 V ActivityScenario: Update currentActivityStage to CREATED, currentActivity=androidx.activity.ComponentActivity@f21a087
03-02 00:57:21.738 17121 17121 D LifecycleMonitor: Lifecycle status change: androidx.activity.ComponentActivity@f21a087 in: STARTED
03-02 00:57:21.738 17121 17121 V ActivityScenario: Update currentActivityStage to STARTED, currentActivity=androidx.activity.ComponentActivity@f21a087
03-02 00:57:21.739  1484  1921 D DlbEffectContext: setParam() received parameter EFFECT_PARAM_SEEK
03-02 00:57:21.738  3202  4701 I HoneySpace.RecentTasks: onRecentTasksChanged
03-02 00:57:21.739  1484  1921 D DlbEffectContext: handleSeek(seek operation starts, current profile is 2)
03-02 00:57:21.739  1484  1921 D DlbEffectContext: transformExternalGain() volume:0x0 fVol:0.000000 extVal:-2080
03-02 00:57:21.739  1484  1921 D DlbEndpointParamCache: commitChangedParams()
03-02 00:57:21.739  1484  1921 D DlbEndpointParamCache: commit() Applying parameters for device 0x40000000
03-02 00:57:21.739  1484  1921 D DlbDap2Process: setParam(preg = #1[-2080])
03-02 00:57:21.739  1484  1921 D DlbDap2Process: setSystemGain(vol = 0)
03-02 00:57:21.739  1484  1921 D DlbDap2Process: setParam(svol = #1[-2080])
03-02 00:57:21.739  1484  1921 D DlbEndpointParamCache: doCommit() Committed 2 parameters out of 15.
03-02 00:57:21.739  1484  1921 D DlbEndpointParamCache: commit() Overriding parameters for current device 0x00000002
03-02 00:57:21.739  1484  1921 D DlbEndpointParamCache: doCommit() Committed 0 parameters out of 60.
03-02 00:57:21.739  1484  1921 I SoundBoosterEffectPlus: SB_setVolume(0xb400007075106040)
03-02 00:57:21.739  1484  1921 I SoundBoosterEffectPlus: command EFFECT_CMD_SET_VOLUME left = 0.000000, right =0.000000
03-02 00:57:21.739  1484  1921 I SoundBooster_Interface2000_a64: BuffClear() mMode: 1
03-02 00:57:21.739  1484  1921 I SoundBoosterEffectPlus: SB_reset SoundBooster sessionId(-2102)
03-02 00:57:21.739  1484  1921 I SAG_EQ a64: SetVolumeFloat() inst_num [424238335] VolumeFloat [-100.000000] mModeFW [1] mMode [1]
03-02 00:57:21.739  1484  1921 I SAG_EQ a64: mIsVolumeTableValid yes
03-02 00:57:21.739  1484  1921 I SAG_EQ a64: SetVolume() VolumeIndexInt [1]
03-02 00:57:21.739  1439 32089 D MTKAdapterStreamLayer: updateMetadataCommon(),
03-02 00:57:21.740  1484  1921 I SoundBooster_Interface2000_a64: [AE_LOG] Exe() mMode : 1,  n : 2048    VolumeIndexFloat : -100.000000 mSamplingRate : 48000
03-02 00:57:21.740  1484  1921 I SoundBooster_Interface2000_a64: BuffClear_apply() mMode: 1
03-02 00:57:21.740  1484  1921 I SoundAlive_Interface_a64: [dB = -100.000000 ]
03-02 00:57:21.741 17121 17121 D LifecycleMonitor: Lifecycle status change: androidx.activity.ComponentActivity@f21a087 in: RESUMED
03-02 00:57:21.741 17121 17121 V ActivityScenario: Update currentActivityStage to RESUMED, currentActivity=androidx.activity.ComponentActivity@f21a087
03-02 00:57:21.744 17121 17121 I ViewRootImpl: dVRR is disabled
03-02 00:57:21.744  3202  4701 I HoneySpace.RecentTasks: onRecentTasksChanged
03-02 00:57:21.744 17121 17389 D NativeCustomFrequencyManager: [NativeCFMS] BpCustomFrequencyManager::BpCustomFrequencyManager()
03-02 00:57:21.747  1507  1507 I SurfaceFlinger: [Display 0 name="Built-in Screen"#49] setFrameRateCategory: High
03-02 00:57:21.748  1507  1507 I BpBinder: onLastStrongRef automatically unlinking death recipients:
03-02 00:57:21.749  1507  2128 I SurfaceFlinger: id=156104 createSurf, flag=84004, Transition Root: Task=44874#156104
03-02 00:57:21.751  2013  2068 I SurfaceControlRegistry: show, t=StartTransaction_SyncId<11267> sc=ActivityRecord{249118081 u0 com.podcast.app.debug/androidx.activity.ComponentActivity t44874}, caller=android.view.SurfaceControl$Transaction.show:3557 com.android.server.wm.Transition.onTransactionReady:2048 com.android.server.wm.BLASTSyncEngine$SyncGroup.finishNow:240 com.android.server.wm.BLASTSyncEngine.onSurfacePlacement:263 com.android.server.wm.RootWindowContainer.performSurfacePlacementNoTrace:1083 com.android.server.wm.WindowSurfacePlacer.performSurfacePlacement:166
03-02 00:57:21.753  2013  2068 D ScreenCapture: [Capture_TEST] : setIsScreenShotBySystem false
03-02 00:57:21.753  2013  2068 I SurfaceComposerClient: captureLayers:childrenOnly:1, sync:1
03-02 00:57:21.765  1507  2128 I SurfaceFlinger: Capture layer list: 	 Background for 68eb87 SurfaceView[com.zhiliaoapp.musically/com.ss.android.ugc.aweme.splash.SplashActivity]@0#156086(seamlessTransition:0)
03-02 00:57:21.765  1507  2128 I SurfaceFlinger: Capture layer list: 	 Background for 7086fb SurfaceView[com.zhiliaoapp.musically/com.ss.android.ugc.aweme.splash.SplashActivity]@0#156089(seamlessTransition:0)
03-02 00:57:21.765  1507  2128 I SurfaceFlinger: Capture layer list: 	 Background for 836459b SurfaceView[com.zhiliaoapp.musically/com.ss.android.ugc.aweme.splash.SplashActivity]@0#156092(seamlessTransition:0)
03-02 00:57:21.765  1507  2128 I SurfaceFlinger: Capture layer list: 	 7086fb SurfaceView[com.zhiliaoapp.musically/com.ss.android.ugc.aweme.splash.SplashActivity]@0(BLAST)#156088(seamlessTransition:0)
03-02 00:57:21.765  1507  2128 I SurfaceFlinger: Capture layer list: 	 com.zhiliaoapp.musically/com.ss.android.ugc.aweme.splash.SplashActivity$_14885#156080(seamlessTransition:0)
03-02 00:57:21.776  2013  3645 D InputTransport: Input channel constructed: '2e94a5b', fd=964
03-02 00:57:21.776  2013  3645 D InputTransport: Input channel constructed: '2e94a5b', fd=1083
03-02 00:57:21.776  2013  3645 D InputTransport: Input channel constructed: '2e94a5b', fd=1090
03-02 00:57:21.776  2013  3645 D InputTransport: Input channel destroyed: '2e94a5b', fd=1083
03-02 00:57:21.777  1507  2128 I SurfaceFlinger: id=156105 createSurf, flag=84004, 2e94a5b com.podcast.app.debug/androidx.activity.ComponentActivity#156105
03-02 00:57:21.777  2013  3645 D InputTransport: Input channel destroyed: '2e94a5b', fd=1090
03-02 00:57:21.778 17121 17121 D InputTransport: Input channel constructed: '2e94a5b', fd=128
03-02 00:57:21.778 17121 17121 I InsetsController: onStateChanged: host=com.podcast.app.debug/androidx.activity.ComponentActivity, from=android.view.ViewRootImpl.onInsetsStateChanged:3026, state=InsetsState: {mDisplayFrame=Rect(0, 0 - 1080, 2340), mDisplayCutout=DisplayCutout{insets=Rect(0, 80 - 0, 0) waterfall=Insets{left=0, top=0, right=0, bottom=0} boundingRect={Bounds=[Rect(0, 0 - 0, 0), Rect(472, 0 - 608, 80), Rect(0, 0 - 0, 0), Rect(0, 0 - 0, 0)]} cutoutPathParserInfo={CutoutPathParserInfo{displayWidth=1080 displayHeight=2340 physicalDisplayWidth=1080 physicalDisplayHeight=2340 density={2.8125} cutoutSpec={M 0,0 H -24.177777778 V 28.4444444444 H 24.177777778 V 0 H 0 Z @dp} rotation={0} scale={1.0} physicalPixelDisplaySizeRatio={1.0}}} sideOverrides={}}, mRoundedCorners=RoundedCorners{[RoundedCorner{position=TopLeft, radius=113, center=Point(113, 113)}, RoundedCorner{position=TopRight, radius=113, center=Point(967, 113)}, RoundedCorner{position=BottomRight, radius=113, center=Point(967, 2227)}, RoundedCorner{position=BottomLeft, radius=113, center=Point(113, 2227)}]}  mRoundedCornerFrame=Rect(0, 0 - 1080, 2340), mPrivacyIndicatorBounds=PrivacyIndicatorBounds {static bounds=Rect(956, 0 - 1080, 80) rotation=0}, mDisplayShape=DisplayShape{ spec=-311912193 displayWidth=1080 displayHeight=2340 physicalPixelDisplaySizeRatio=1.0 rotation=0 offsetX=0 offsetY=0 scale=1.0}, mSources= { InsetsSource: {e9af0000 mType=statusBars mFrame=[0,0][1080,80] mVisible=true mFlags= mSideHint=TOP mBoundingRects=null}, InsetsSource: {e9af0005 mType=mandatorySystemGestures mFrame=[0,0][1080,114] mVisible=true mFlags= mSideHint=TOP mBoundingRects=null}, InsetsSource: {e9af0006 mType=tappableElement mFrame=[0,0][1080,80] mVisible=true mFlags= mSideHint=TOP mBoundingRects=null}, InsetsSource: {3 mType=ime mFrame=[0,0][0,0] mVisible=false mFlags= mSideHint=NONE mBoundingRects=null}, InsetsSource: {27 mType=displayCutout mFrame=[0,0][1080,80] mVisible=true mFlags= mSideHint=TOP mBoundingRects=null}, InsetsSource: {26ed0001 mType=navigationBars mFrame=[0,2298][1080,2340] mVisible=true mFlags=SUPPRESS_SCRIM mSideHint=BOTTOM mBoundingRects=null}, InsetsSource: {26ed0004 mType=systemGestures mFrame=[0,0][84,2340] mVisible=true mFlags= mSideHint=LEFT mBoundingRects=null}, InsetsSource: {26ed0005 mType=mandatorySystemGestures mFrame=[0,2250][1080,2340] mVisible=true mFlags= mSideHint=BOTTOM mBoundingRects=null}, InsetsSource: {26ed0006 mType=tappableElement mFrame=[0,0][0,0] mVisible=true mFlags= mSideHint=NONE mBoundingRects=null}, InsetsSource: {26ed0024 mType=systemGestures mFrame=[996,0][1080,2340] mVisible=true mFlags= mSideHint=RIGHT mBoundingRects=null} }
03-02 00:57:21.779 17121 17121 I VRI[ComponentActivity]@ab672aa: synced displayState. AttachInfo displayState=2
03-02 00:57:21.779 17121 17121 I VRI[ComponentActivity]@ab672aa: setView = com.android.internal.policy.DecorView@33a1211 IsHRR=false mFlingFrameRateChange=0 TM=true
03-02 00:57:21.780 17121 17389 D HWUI    : HWUI - treat SMPTE_170M as sRGB
03-02 00:57:21.781  1445  2902 W C2MtkBufferManager: [0xB4000070F507E520] fetchNewCcBlock: wait fence 0x0xb4000070f5058270 timed out. ret 110
03-02 00:57:21.781  2013  4829 I WindowManager: Relayout Window{2e94a5b u0 com.podcast.app.debug/androidx.activity.ComponentActivity}: viewVisibility=0 req=1080x2340 ty=1 d0
03-02 00:57:21.782  2746  2746 I {OngoingActivityController}: onTaskFocusChanged but OA data is empty
03-02 00:57:21.782  1507  2128 I SurfaceFlinger: id=156106 createSurf, flag=44004, com.podcast.app.debug/androidx.activity.ComponentActivity$_17121#156106
03-02 00:57:21.784  1507  1565 E SfCpu   :  sched_setaffinity return fail 1461
03-02 00:57:21.784  1507  1565 E SfCpu   :  sched_setaffinity return fail 1444
03-02 00:57:21.785  1507  2128 I SurfaceFlinger: id=156107 createSurf, flag=24000, Surface(name=c536234 NavigationBar0)/@0xfac847b - animation-leash of insets_animation#156107
03-02 00:57:21.787  1507  2128 I SurfaceFlinger: id=156108 createSurf, flag=24000, Surface(name=a5d3a68 StatusBar)/@0xd5726d6 - animation-leash of insets_animation#156108
03-02 00:57:21.788  3202  3386 I HoneySpace.TopTaskSource: onTaskFocusChanged(): taskId = 44874
03-02 00:57:21.788  3202  3202 I HoneySpace.EdgePanel.CocktailHostRepositoryImpl: onNoteResume
03-02 00:57:21.788  3202  3202 I HoneySpace.EdgePanel.EdgePanelContainerViewModel: cocktailHostRepository.edgePanelOperation NoteResumeComponent(componentName=ComponentInfo{com.podcast.app.debug/androidx.activity.ComponentActivity})
03-02 00:57:21.788  3202  3202 I HoneySpace.EdgePanel.ActivityUtils: HomePackage : com.sec.android.app.launcher, resumePackageName : com.podcast.app.debug, className : androidx.activity.ComponentActivity
03-02 00:57:21.793  1507  2128 I SurfaceFlinger: id=156109 createSurf, flag=24000, Surface(name=c536234 NavigationBar0)/@0xfac847b - animation-leash of insets_animation#156109
03-02 00:57:21.795  1507  2128 I SurfaceFlinger: id=156110 createSurf, flag=24000, Surface(name=a5d3a68 StatusBar)/@0xd5726d6 - animation-leash of insets_animation#156110
03-02 00:57:21.795  2013  4834 W ParceledListSlice: Element #30 is 21544 bytes.
03-02 00:57:21.796  2013  4829 I SystemKeyManager: requested systemKeyInfo size=1 focusedWindow=com.podcast.app.debug/androidx.activity.ComponentActivity
03-02 00:57:21.796  2013  4829 I SystemKeyManager: requested systemKeyInfo size=2 focusedWindow=com.podcast.app.debug/androidx.activity.ComponentActivity
03-02 00:57:21.796  2013  4829 I WindowManager: Relayout hash=2e94a5b, pid=17121, syncId=-1: mAttrs={(0,0)(fillxfill) sim={adjust=pan forwardNavigation} layoutInDisplayCutoutMode=always ty=BASE_APPLICATION wanim=0x1030317
03-02 00:57:21.796  2013  4829 I WindowManager:   fl=81810100
03-02 00:57:21.796  2013  4829 I WindowManager:   pfl=100088c0
03-02 00:57:21.796  2013  4829 I WindowManager:   bhv=1
03-02 00:57:21.796  2013  4829 I WindowManager:   fitSides=0
03-02 00:57:21.796  2013  4829 I WindowManager:   frameRateBoostOnTouch=true
03-02 00:57:21.796  2013  4829 I WindowManager:   dvrrWindowFrameRateHint=true naviIconColor=0}
03-02 00:57:21.797 17121 17121 D BufferQueueConsumer: [](id:42e100000012,api:0,p:-1,c:17121) connect: controlledByApp=false
03-02 00:57:21.798 17121 17121 I BLASTBufferQueue: [VRI[ComponentActivity]@ab672aa#18](f:0,a:0,s:0) constructor()
03-02 00:57:21.798 17121 17121 I BLASTBufferQueue_Java: new BLASTBufferQueue, mName= VRI[ComponentActivity]@ab672aa mNativeObject= 0xb40000772b3b0400 caller= android.view.ViewRootImpl.updateBlastSurfaceIfNeeded:3585 android.view.ViewRootImpl.relayoutWindow:11685 android.view.ViewRootImpl.performTraversals:4804 android.view.ViewRootImpl.doTraversal:3924 android.view.ViewRootImpl$TraversalRunnable.run:12903 android.view.Choreographer$CallbackRecord.run:1901 android.view.Choreographer$CallbackRecord.run:1910 android.view.Choreographer.doCallbacks:1367 android.view.Choreographer.doFrame:1292 android.view.Choreographer$FrameDisplayEventReceiver.run:1870
03-02 00:57:21.798 17121 17121 I BLASTBufferQueue_Java: update, w= 1080 h= 2340 mName = VRI[ComponentActivity]@ab672aa mNativeObject= 0xb40000772b3b0400 sc.mNativeObject= 0xb40000786b17aa40 format= -1 caller= android.view.ViewRootImpl.updateBlastSurfaceIfNeeded:3590 android.view.ViewRootImpl.relayoutWindow:11685 android.view.ViewRootImpl.performTraversals:4804 android.view.ViewRootImpl.doTraversal:3924 android.view.ViewRootImpl$TraversalRunnable.run:12903 android.view.Choreographer$CallbackRecord.run:1901
03-02 00:57:21.798 17121 17121 I BLASTBufferQueue: [VRI[ComponentActivity]@ab672aa#18](f:0,a:0,s:0) update width=1080 height=2340 format=-1 mTransformHint=0
03-02 00:57:21.798 17121 17121 I VRI[ComponentActivity]@ab672aa: Relayout returned: old=(0,0,1080,2340) new=(0,0,1080,2340) relayoutAsync=false req=(1080,2340)0 dur=16 res=0x3 s={true 0xb400007867ba6a00} ch=true seqId=0
03-02 00:57:21.799 17121 17121 I VRI[ComponentActivity]@ab672aa: performConfigurationChange setNightDimText nightDimLevel=0
03-02 00:57:21.800 17121 17121 D VRI[ComponentActivity]@ab672aa: mThreadedRenderer.initialize() mSurface={isValid=true 0xb400007867ba6a00} hwInitialized=true
03-02 00:57:21.800 17121 17121 D VRI[ComponentActivity]@ab672aa: reportNextDraw android.view.ViewRootImpl.performTraversals:5443 android.view.ViewRootImpl.doTraversal:3924 android.view.ViewRootImpl$TraversalRunnable.run:12903 android.view.Choreographer$CallbackRecord.run:1901 android.view.Choreographer$CallbackRecord.run:1910
03-02 00:57:21.800 17121 17121 D VRI[ComponentActivity]@ab672aa: Setup new sync=wmsSync-VRI[ComponentActivity]@ab672aa#36
03-02 00:57:21.800 17121 17121 I VRI[ComponentActivity]@ab672aa: Creating new active sync group VRI[ComponentActivity]@ab672aa#37
03-02 00:57:21.801 17121 17121 D VRI[ComponentActivity]@ab672aa: registerCallbacksForSync syncBuffer=false
03-02 00:57:21.801  2746  2798 I SurfaceControlRegistry: hide, t=FinishTransaction_SyncId<11267> sc=Task=44543, caller=android.view.SurfaceControl$Transaction.hide:3583 com.android.wm.shell.transition.Transitions.dispatchReady:1263 com.android.wm.shell.transition.Transitions.onTransitionReady:251 com.android.wm.shell.transition.Transitions$TransitionPlayerImpl$$ExternalSyntheticLambda0.run:13 android.os.Handler.handleCallback:995 android.os.Handler.dispatchMessage:103
03-02 00:57:21.801  1507  2128 I SurfaceFlinger: id=156111 createSurf, flag=84000, 18ed08b ActivityRecordInputSink com.podcast.app.debug/androidx.activity.ComponentActivity#156111
03-02 00:57:21.801  2746  2798 I SurfaceControlRegistry: show, t=StartTransaction_SyncId<11267> sc=Task=44874, caller=android.view.SurfaceControl$Transaction.show:3557 com.android.wm.shell.transition.Transitions.dispatchReady:1279 com.android.wm.shell.transition.Transitions.onTransitionReady:251 com.android.wm.shell.transition.Transitions$TransitionPlayerImpl$$ExternalSyntheticLambda0.run:13 android.os.Handler.handleCallback:995 android.os.Handler.dispatchMessage:103
03-02 00:57:21.801  2013  2065 D PkgPredictorService-SecIpmManagerServiceImpl: onForegroundActivitiesChanged pid:17121 uid:10685
03-02 00:57:21.801  2746  2798 I SurfaceControlRegistry: show, t=FinishTransaction_SyncId<11267> sc=Task=44874, caller=android.view.SurfaceControl$Transaction.show:3557 com.android.wm.shell.transition.Transitions.dispatchReady:1330 com.android.wm.shell.transition.Transitions.onTransitionReady:251 com.android.wm.shell.transition.Transitions$TransitionPlayerImpl$$ExternalSyntheticLambda0.run:13 android.os.Handler.handleCallback:995 android.os.Handler.dispatchMessage:103
03-02 00:57:21.802 17121 17414 D VRI[ComponentActivity]@ab672aa: Received frameDrawingCallback syncResult=0 frameNum=1.
03-02 00:57:21.802  2746  2798 I SurfaceControlRegistry: show, t=StartTransaction_SyncId<11267> sc=Transition Root: Task=44874, caller=android.view.SurfaceControl$Transaction.show:3557 com.android.wm.shell.transition.Transitions.playTransition:79 com.android.wm.shell.transition.Transitions.processReadyQueue:239 com.android.wm.shell.transition.Transitions.dispatchReady:1352 com.android.wm.shell.transition.Transitions.onTransitionReady:251 com.android.wm.shell.transition.Transitions$TransitionPlayerImpl$$ExternalSyntheticLambda0.run:13
03-02 00:57:21.802 17121 17414 I VRI[ComponentActivity]@ab672aa: mWNT: t=0xb400007867c41b00 mBlastBufferQueue=0xb40000772b3b0400 fn= 1 HdrRenderState mRenderHdrSdrRatio=1.0 caller= android.view.ViewRootImpl$12.onFrameDraw:15441 android.view.ThreadedRenderer$1.onFrameDraw:718 <bottom of call stack>
03-02 00:57:21.802 17121 17414 I VRI[ComponentActivity]@ab672aa: Setting up sync and frameCommitCallback
03-02 00:57:21.802  1507  1507 I SurfaceFlinger: [Transition Root: Task=44874#156104] attach to parent LayerHierarchy{RequestedLayerState{DefaultTaskDisplayArea_d0#10 parentId=9} 46 children}
03-02 00:57:21.802  1507  1507 I SurfaceFlinger: [2e94a5b com.podcast.app.debug/androidx.activity.ComponentActivity#156105] attach to parent LayerHierarchy{RequestedLayerState{ActivityRecord{249118081 u0 com.podcast.app.debug/androidx.activity.ComponentActivity t44874}#156101 parentId=156100} 2 children}
03-02 00:57:21.802  1507  1507 I SurfaceFlinger: [com.podcast.app.debug/androidx.activity.ComponentActivity$_17121#156106] attach to parent LayerHierarchy{RequestedLayerState{2e94a5b com.podcast.app.debug/androidx.activity.ComponentActivity#156105 parentId=156101} 1 children}
03-02 00:57:21.802  1507  1507 I SurfaceFlinger: [Surface(name=c536234 NavigationBar0)/@0xfac847b - animation-leash of insets_animation#156107] attach to parent LayerHierarchy{RequestedLayerState{WindowToken{5cf38d1 type=2019 android.os.BinderProxy@916675b}#101 parentId=34} 2 children}
03-02 00:57:21.803  1507  1507 I SurfaceFlinger: [Surface(name=a5d3a68 StatusBar)/@0xd5726d6 - animation-leash of insets_animation#156108] attach to parent LayerHierarchy{RequestedLayerState{WindowToken{d05298b type=2000 android.os.BinderProxy@163b705}#108 parentId=17} 2 children}
03-02 00:57:21.803  1507  1507 I SurfaceFlinger: [Surface(name=c536234 NavigationBar0)/@0xfac847b - animation-leash of insets_animation#156109] attach to parent LayerHierarchy{RequestedLayerState{WindowToken{5cf38d1 type=2019 android.os.BinderProxy@916675b}#101 parentId=34} 3 children}
03-02 00:57:21.803  1507  1507 I SurfaceFlinger: [Surface(name=a5d3a68 StatusBar)/@0xd5726d6 - animation-leash of insets_animation#156110] attach to parent LayerHierarchy{RequestedLayerState{WindowToken{d05298b type=2000 android.os.BinderProxy@163b705}#108 parentId=17} 3 children}
03-02 00:57:21.803  1507  1507 I SurfaceFlinger: [18ed08b ActivityRecordInputSink com.podcast.app.debug/androidx.activity.ComponentActivity#156111] attach to parent LayerHierarchy{RequestedLayerState{ActivityRecord{249118081 u0 com.podcast.app.debug/androidx.activity.ComponentActivity t44874}#156101 parentId=156100} 3 children}
03-02 00:57:21.804  2746  2746 D NavigationBar: onSystemBarAttributesChanged() -  displayId:0, appearance:0, packageName: com.podcast.app.debug, navbarColorManagedByIme:false
03-02 00:57:21.808 17121 17389 I BLASTBufferQueue: [VRI[ComponentActivity]@ab672aa#18](f:0,a:0,s:0) onFrameAvailable the first frame is available
03-02 00:57:21.808 17121 17389 I BLASTBufferQueue: [VRI[ComponentActivity]@ab672aa#18](f:0,a:1,s:0) acquireNextBufferLocked size=1080x2340 mFrameNumber=1 applyTransaction=true mTimestamp=491120808942118(auto) mPendingTransactions.size=0 graphicBufferId=73534135074889 transform=0
03-02 00:57:21.808 17121 17389 I VRI[ComponentActivity]@ab672aa: Received frameCommittedCallback lastAttemptedDrawFrameNum=1 didProduceBuffer=true
03-02 00:57:21.809 17121 17389 D HWUI    : CFMS:: SetUp Pid : 17121    Tid : 17389
03-02 00:57:21.809 17121 17121 D VRI[ComponentActivity]@ab672aa: reportDrawFinished seqId=0
03-02 00:57:21.810  1507  1562 I SurfaceFlinger: id=156112 createSurf, flag=20004, DimTransitionLayer for Surface(name=Task=44874)/@0x8b0b0fb#156112
03-02 00:57:21.812 25915 26075 I Rubin   : [4019] M.c0.k(Unknown Source) : Notify com.samsung.android.rubin.inferenceengine.contextanalytics.engine.loggers.AppUsageLogger's database is updated.
03-02 00:57:21.812  2746  2798 I SurfaceControlRegistry: show, t=StartTransaction_SyncId<11267> sc=DimTransitionLayer for Surface(name=Task=44874)/@0x8b0b0fb, caller=android.view.SurfaceControl$Transaction.show:3557 com.android.wm.shell.transition.DefaultTransitionHandler.startAnimation:2837 com.android.wm.shell.transition.Transitions.dispatchTransition:90 com.android.wm.shell.transition.Transitions.playTransition:774 com.android.wm.shell.transition.Transitions.processReadyQueue:239 com.android.wm.shell.transition.Transitions.dispatchReady:1352
03-02 00:57:21.813  2746  2798 I SurfaceControlRegistry: apply, t=StartTransaction_SyncId<11267>, caller=android.view.SurfaceControl$Transaction.apply:3459 android.view.SurfaceControl$Transaction.apply:3447 android.view.SurfaceControl$Transaction.apply:3397 com.android.wm.shell.transition.DefaultTransitionHandler.startAnimation:3292 com.android.wm.shell.transition.Transitions.dispatchTransition:90 com.android.wm.shell.transition.Transitions.playTransition:774
03-02 00:57:21.813  1507  1507 I SurfaceFlinger: RequestedLayer [2e94a5b com.podcast.app.debug/androidx.activity.ComponentActivity#156105] hidden!! flag  from(1) --> to(0)
03-02 00:57:21.813  1507  1507 I SurfaceFlinger: [LayerHierarchy{RequestedLayerState{c536234 NavigationBar0#102 parentId=156109} 1 children}] reparent to LayerHierarchy{RequestedLayerState{Surface(name=c536234 NavigationBar0)/@0xfac847b - animation-leash of insets_animation#156109 parentId=101} 1 children}
03-02 00:57:21.813  1507  1507 I SurfaceFlinger: [LayerHierarchy{RequestedLayerState{a5d3a68 StatusBar#109 parentId=156110} 1 children}] reparent to LayerHierarchy{RequestedLayerState{Surface(name=a5d3a68 StatusBar)/@0xd5726d6 - animation-leash of insets_animation#156110 parentId=108} 1 children}
03-02 00:57:21.813  1507  1507 I SurfaceFlinger: [LayerHierarchy{RequestedLayerState{Surface(name=a5d3a68 StatusBar)/@0xd5726d6 - animation-leash of insets_animation#156082} no children}] reparent to OffscreenRoot
03-02 00:57:21.813  1507  1507 I SurfaceFlinger: [LayerHierarchy{RequestedLayerState{Surface(name=a5d3a68 StatusBar)/@0xd5726d6 - animation-leash of insets_animation#156082} no children}] RelativeParent to null
03-02 00:57:21.813  1507  1507 I SurfaceFlinger: [LayerHierarchy{RequestedLayerState{Surface(name=c536234 NavigationBar0)/@0xfac847b - animation-leash of insets_animation#156081} no children}] reparent to OffscreenRoot
03-02 00:57:21.813  1507  1507 I SurfaceFlinger: [LayerHierarchy{RequestedLayerState{Surface(name=c536234 NavigationBar0)/@0xfac847b - animation-leash of insets_animation#156081} no children}] RelativeParent to null
03-02 00:57:21.813  1507  1507 I SurfaceFlinger: [LayerHierarchy{RequestedLayerState{Surface(name=c536234 NavigationBar0)/@0xfac847b - animation-leash of insets_animation#156107} no children}] reparent to OffscreenRoot
03-02 00:57:21.813  1507  1507 I SurfaceFlinger: [LayerHierarchy{RequestedLayerState{Surface(name=c536234 NavigationBar0)/@0xfac847b - animation-leash of insets_animation#156107} no children}] RelativeParent to null
03-02 00:57:21.813  1507  1507 I SurfaceFlinger: [LayerHierarchy{RequestedLayerState{Surface(name=a5d3a68 StatusBar)/@0xd5726d6 - animation-leash of insets_animation#156108} no children}] reparent to OffscreenRoot
03-02 00:57:21.813  1507  1507 I SurfaceFlinger: [LayerHierarchy{RequestedLayerState{Surface(name=a5d3a68 StatusBar)/@0xd5726d6 - animation-leash of insets_animation#156108} no children}] RelativeParent to null
03-02 00:57:21.813  1507  1507 I SurfaceFlinger: [DimTransitionLayer for Surface(name=Task=44874)/@0x8b0b0fb#156112] attach to parent LayerHierarchy{RequestedLayerState{Transition Root: Task=44874#156104 parentId=10} 1 children}
03-02 00:57:21.816  1507  2393 I SurfaceFlinger: onHandleDestroyed: layerId=156107, name=Surface(name=c536234 NavigationBar0)/@0xfac847b - animation-leash of insets_animation#156107
03-02 00:57:21.816  1507  2393 I SurfaceFlinger: id=156107 Removed Surface(name=c536234 NavigationBar0)/@0xfac847b - animation-leash of insets_animation#156107 (346)
03-02 00:57:21.816  1507  2393 I SurfaceFlinger: onHandleDestroyed: layerId=156108, name=Surface(name=a5d3a68 StatusBar)/@0xd5726d6 - animation-leash of insets_animation#156108
03-02 00:57:21.816  1507  2393 I SurfaceFlinger: id=156108 Removed Surface(name=a5d3a68 StatusBar)/@0xd5726d6 - animation-leash of insets_animation#156108 (346)
03-02 00:57:21.818  1507  1845 D SurfaceFlinger: [input] setFocusedWindow: 2e94a5b com.podcast.app.debug/androidx.activity.ComponentActivity
03-02 00:57:21.818  1507  1845 D SurfaceFlinger: updateWinowInfo=1, setFocusedWindow timestamp=491120799137195, windowName=2e94a5b com.podcast.app.debug/androidx.activity.ComponentActivity
03-02 00:57:21.818  2013  2068 I SemDvfsHyPerManager: acquire hyper - AMS_RESUME_TAIL/2013@18, type = -999
03-02 00:57:21.818  3202  4698 I HoneySpace.RecentTasks: onRunningTaskAppeared
03-02 00:57:21.818  1450  1487 I HYPER-HAL: [RequestManager.cpp]acquire(): Acquired ID : 2063514  [2013 / 18]    HINT : AMS_RESUME_TAIL    list :
03-02 00:57:21.818  3202  4698 I HoneySpace.RecentTasks: onRecentTasksChanged
03-02 00:57:21.818  1450  1487 I mtkpower_client: perf_lock_rel, hdl:76525, pid: 1450, tid:1487
03-02 00:57:21.819  1450  1487 I mtkpower_client: perf_lock_acq, hdl:0, dur:0, num:2, pid:1450, tid:1487
03-02 00:57:21.819  2013  2068 I SemDvfsHyPerManager: acquire hyper - AMS_ACT_LAZY/2013@19, type = -999
03-02 00:57:21.819  1464  1529 I libPowerHal: [perfLockRel] hdl:76525, idx:5
03-02 00:57:21.820  1464  1529 I libPowerHal: [set_cpuidle] enable:1, fd:17, scn:0xb40000737b610cd8
03-02 00:57:21.820  1464  1529 I libPowerHal: [PD] vendor.samsung. update cmd:1c3c100 param:1 pr:6
03-02 00:57:21.820  1464  1529 I libPowerHal: [perfLockRel] Done for hdl : 76525
03-02 00:57:21.820  2013  4903 D InputDispatcher: Once focus requested (0): 2e94a5b com.podcast.app.debug/androidx.activity.ComponentActivity
03-02 00:57:21.820  2013  4903 D InputDispatcher: Focus request (0): 2e94a5b com.podcast.app.debug/androidx.activity.ComponentActivity but waiting because NOT_VISIBLE
03-02 00:57:21.821  1450  1487 I mtkpower_client: ret_hdl:76529
03-02 00:57:21.821  1450  1487 I mtkpower_client: perf_lock_rel, hdl:76527, pid: 1450, tid:1487
03-02 00:57:21.821  1507  1825 I SurfaceFlinger: Capture layer list: 	 com.zhiliaoapp.musically/com.ss.android.ugc.aweme.splash.SplashActivity$_14885#156080(seamlessTransition:0)
03-02 00:57:21.821  1464  1529 I libPowerHal: [perfLockAcq] idx:8 hdl:76529 hint:-1 pid:1450 tid:1487 duration:0 lock_user:vendor.samsung. => ret_hdl:76529
03-02 00:57:21.821  1464  1529 I libPowerHal: [set_cpuidle] enable:0, fd:17, scn:0xb40000737b61a740
03-02 00:57:21.821  1464  1529 I libPowerHal: [get_cpu_dma_latency_value] 0
03-02 00:57:21.821  1464  1529 I libPowerHal: [PE] vendor.samsung. update cmd:1c3c100 param:0 pr:3
03-02 00:57:21.821  1464  1529 I libPowerHal: [perfLockAcq] Done for hdl : 76529
