03-02 00:57:52.925  5235 19390 I HBD     : l writeToFile path : /data/user_de/0/com.samsung.android.honeyboard/files/selected.json
03-02 00:57:52.925  5235 19390 I HBD     : l writeToFile json : {"version":"4.2","currentLanguageOrder":0,"selected":[{"activeOptionList":["auto_replace","auto_spacing","writing_assistant","prediction"],"bilingualId":-1,"engName":"English","id":65538,"inputType":"qwerty","isUsed":true},{"activeOptionList":["auto_replace","auto_spacing","prediction"],"bilingualId":-1,"engName":"Arabic","id":5308416,"inputType":"qwerty","isUsed":true}]}
03-02 00:57:52.925  1507  2393 I SurfaceFlinger: id=157137 Removed Surface(name=2141cda InputMethod)/@0x5ea0b56 - animation-leash of insets_animation#157137 (343)
03-02 00:57:52.926  1646  3125 I CameraService: onUidStateChanged: uid=10492, procState is changed. (19 -> 8)
03-02 00:57:52.927  5235  5235 I HBD     : l writeToFile complete
03-02 00:57:52.928  5235 19390 I HBD     : l writeToFile complete
03-02 00:57:52.930  5235  5235 I HBD     : g isCoverDisplay : false, cached selected json info : SelectedLanguageInfo(languageVersion=4.2, currentLanguageOrder=0, selectedLanguageList=[SelectedLanguage(id=65538, isUsed=true, engName=English, inputType=qwerty, activeOptionList=[auto_replace, auto_spacing, writing_assistant, prediction], bilingualId=-1), SelectedLanguage(id=5308416, isUsed=true, engName=Arabic, inputType=qwerty, activeOptionList=[auto_replace, auto_spacing, prediction], bilingualId=-1)])
03-02 00:57:52.930  5235  5235 I HBD     : g updateSelectedLanguageCache is succeeded. English
03-02 00:57:52.930  1507  1507 I SurfaceFlinger: destroyed Surface(name=2141cda InputMethod)/@0x5ea0b56 - animation-leash of insets_animation#157137
03-02 00:57:52.931  5235  5235 I HBD     : l writeToFile path : /data/user/0/com.samsung.android.honeyboard/files/selected.json
03-02 00:57:52.931  5235  5235 I HBD     : l writeToFile json : {"version":"4.2","currentLanguageOrder":0,"selected":[{"activeOptionList":["auto_replace","auto_spacing","writing_assistant","prediction"],"bilingualId":-1,"engName":"English","id":65538,"inputType":"qwerty","isUsed":true},{"activeOptionList":["auto_replace","auto_spacing","prediction"],"bilingualId":-1,"engName":"Arabic","id":5308416,"inputType":"qwerty","isUsed":true}]}
03-02 00:57:52.931  2013  3345 D SecContentProvider: query(), uri = 17 selection = isSettingsChangesAllowed
03-02 00:57:52.933  2013  4844 D SecContentProvider: query(), uri = 17 selection = isSettingsChangesAllowed
03-02 00:57:52.934 14636 14636 D WM-SystemJobService: onStartJob for WorkGenerationalId(workSpecId=f23029b8-b7a3-4a93-aaf6-b7c7a26dfe9e, generation=0)
03-02 00:57:52.934  5235 18674 I HBD     : u updated Sub Types. English
03-02 00:57:52.934  1507  1507 I Layer   : id=157137 Destroyed Surface(name=2141cda InputMethod)/@0x5ea0b56 - animation-leash of insets_animation#157137
03-02 00:57:52.935  1646  3125 I CameraService: onUidStateChanged: uid=10062, procState is changed. (1 -> 0)
03-02 00:57:52.935  5235  5235 I HBD     : l writeToFile complete
03-02 00:57:52.936  2013  3821 I WindowManager: Relayout Window{49197ff u0 Splash Screen com.podcast.app.debug}: viewVisibility=8 req=1080x2340 ty=3 d0
03-02 00:57:52.936 14636 15217 D WM-Processor: MutableConfig: processing WorkGenerationalId(workSpecId=f23029b8-b7a3-4a93-aaf6-b7c7a26dfe9e, generation=0)
03-02 00:57:52.938  2013  3821 I WindowManager: Relayout hash=49197ff, pid=2746, syncId=-1: mAttrs={(0,0)(fillxfill) sim={adjust=pan} layoutInDisplayCutoutMode=always ty=APPLICATION_STARTING fmt=TRANSLUCENT wanim=0x1030317
03-02 00:57:52.938  2013  3821 I WindowManager:   fl=81030118
03-02 00:57:52.938  2013  3821 I WindowManager:   pfl=10000810
03-02 00:57:52.938  2013  3821 I WindowManager:   bhv=1
03-02 00:57:52.938  2013  3821 I WindowManager:   fitSides=0
03-02 00:57:52.938  2013  3821 I WindowManager:   frameRateBoostOnTouch=true
03-02 00:57:52.938  2013  3821 I WindowManager:   dvrrWindowFrameRateHint=true naviIconColor=0}
03-02 00:57:52.938  5235 19391 I HBD     : l Write selected lang for DE
03-02 00:57:52.938  5235 19391 I HBD     : l writeToFile path : /data/user_de/0/com.samsung.android.honeyboard/files/selected.json
03-02 00:57:52.938  5235 19391 I HBD     : l writeToFile json : {"version":"4.2","currentLanguageOrder":0,"selected":[{"activeOptionList":["auto_replace","auto_spacing","writing_assistant","prediction"],"bilingualId":-1,"engName":"English","id":65538,"inputType":"qwerty","isUsed":true},{"activeOptionList":["auto_replace","auto_spacing","prediction"],"bilingualId":-1,"engName":"Arabic","id":5308416,"inputType":"qwerty","isUsed":true}]}
03-02 00:57:52.938  2746  2808 I VRI[debug]@607afdd: onActiveControlsChanged, removed=false, mAdded=true, caller=android.view.ViewRootImpl.handleInsetsControlChanged:3002 android.view.ViewRootImpl.relayoutWindow:11629 android.view.ViewRootImpl.performTraversals:4804 android.view.ViewRootImpl.doTraversal:3924 android.view.ViewRootImpl$TraversalRunnable.run:12903
03-02 00:57:52.939  2746  2808 I VRI[debug]@607afdd: Relayout returned: old=(0,0,1080,2340) new=(0,0,1080,2340) relayoutAsync=false req=(1080,2340)8 dur=4 res=0x2 s={false 0x0} ch=true seqId=0
03-02 00:57:52.939  2746  2808 D VRI[debug]@607afdd: Not drawing due to not visible. Reason=View.GONE
03-02 00:57:52.939  2746  2808 W WindowOnBackDispatcher: sendCancelIfRunning: isInProgress=false callback=android.view.ViewRootImpl$$ExternalSyntheticLambda16@2546cd9
03-02 00:57:52.939  2746  2808 I VRI[debug]@607afdd: dispatchDetachedFromWindow
03-02 00:57:52.940  5235 19392 I HBD     : b InputMethodSubtype is set as local:en_GB
03-02 00:57:52.940  2746  2746 D SystemUIService: SYSUI_RAM_OPTIMIZATION onTrimMemory=20
03-02 00:57:52.940  2746  2746 D CentralSurfaces: SYSUI_RAM_OPTIMIZATION onTrimMemory=20
03-02 00:57:52.940  2746  2870 D HWUI    : CacheManager::trimMemory(20)
03-02 00:57:52.942  2013  2731 D InputTransport: Input channel destroyed: '49197ff', fd=1074
03-02 00:57:52.942  2013  3345 W system_server: Large reply transaction of 325152 bytes, interface descriptor android.app.IActivityTaskManager, code 26
03-02 00:57:52.943 14636 14636 D WM-WorkerWrapper: Starting work for com.urbanairship.job.AirshipWorker
03-02 00:57:52.943  5235  5235 I HBD     : a [UpdatePolicy] [post] a: 31 cl: 65538 kit: [0/0] vt: 0 ir: 1
03-02 00:57:52.944 14636 14636 V Ana Vodafone - UALib: AirshipWorker - Running job: JobInfo{action='ACTION_UPDATE_CHANNEL', airshipComponentName='com.urbanairship.channel.AirshipChannel', isNetworkAccessRequired=true, minDelayMs=0, conflictStrategy=2, initialBackOffMs=30000, extras={}, rateLimitIds=[]}, work Id: f23029b8-b7a3-4a93-aaf6-b7c7a26dfe9e run attempt: 339
03-02 00:57:52.944 14636 14636 V Ana Vodafone - UALib: JobDispatcher - Running job: JobInfo{action='ACTION_UPDATE_CHANNEL', airshipComponentName='com.urbanairship.channel.AirshipChannel', isNetworkAccessRequired=true, minDelayMs=0, conflictStrategy=2, initialBackOffMs=30000, extras={}, rateLimitIds=[]}, run attempt: 339
03-02 00:57:52.945  5235 19393 I HBD     : l Write selected lang for DE
03-02 00:57:52.945  5235 19393 I HBD     : l writeToFile path : /data/user_de/0/com.samsung.android.honeyboard/files/selected.json
03-02 00:57:52.945  5235  5235 I HBD     : HoneyBoardService [PF_OP][onStartInput]  44 ms
03-02 00:57:52.945  5235 19393 I HBD     : l writeToFile json : {"version":"4.2","currentLanguageOrder":0,"selected":[{"activeOptionList":["auto_replace","auto_spacing","writing_assistant","prediction"],"bilingualId":-1,"engName":"English","id":65538,"inputType":"qwerty","isUsed":true},{"activeOptionList":["auto_replace","auto_spacing","prediction"],"bilingualId":-1,"engName":"Arabic","id":5308416,"inputType":"qwerty","isUsed":true}]}
03-02 00:57:52.945  5235  5235 I InputMethodService: scheduleImeSurfaceRemoval: removeImeSurface is posted.
03-02 00:57:52.946  2746  2808 D InputTransport: Input channel destroyed: '49197ff', fd=703
03-02 00:57:52.947  5235 19391 I HBD     : l writeToFile complete
03-02 00:57:52.948  2013  3819 D SecContentProvider: query(), uri = 17 selection = isSettingsChangesAllowed
03-02 00:57:52.951  2013  3819 D SecContentProvider: query(), uri = 17 selection = isSettingsChangesAllowed
03-02 00:57:52.953  2746  5008 I BLASTBufferQueue: [VRI[debug]@607afdd#7754](f:0,a:1,s:0) destructor()
03-02 00:57:52.953  2746  5008 D BufferQueueConsumer: [VRI[debug]@607afdd#7754(BLAST Consumer)7754](id:aba00001e4a,api:0,p:-1,c:2746) disconnect
03-02 00:57:52.952  5235 18674 I HBD     : u updated Sub Types. English
03-02 00:57:52.955  2991  3003 I LocationAccessPolicy: checkLocationPermission - callingUid: 10492, callingPid: 14636, result: DENIED_SOFT
03-02 00:57:52.955  2991  3003 I LocationAccessPolicy: checkLocationPermission - callingUid: 10492, callingPid: 14636, result: DENIED_SOFT
03-02 00:57:52.957  5235 19395 I HBD     : b InputMethodSubtype is set as local:en_GB
03-02 00:57:52.960  2013  4835 W system_server: Large reply transaction of 325152 bytes, interface descriptor android.app.IActivityTaskManager, code 26
03-02 00:57:52.964  1507  1507 I SurfaceFlinger: RequestedLayer [Splash Screen com.podcast.app.debug$_2746#157143] hidden!! flag  from(0) --> to(1)
03-02 00:57:52.965  1507  1507 I SurfaceFlinger: [LayerHierarchy{RequestedLayerState{Surface(name=b305aa6 com.podcast.app.debug/androidx.activity.ComponentActivity)/@0x79ab956 - animation-leash of starting_reveal#157151} 1 children}] reparent to OffscreenRoot
03-02 00:57:52.965  1507  1507 I SurfaceFlinger: [LayerHierarchy{RequestedLayerState{Surface(name=b305aa6 com.podcast.app.debug/androidx.activity.ComponentActivity)/@0x79ab956 - animation-leash of starting_reveal#157151} 1 children}] RelativeParent to null
03-02 00:57:52.965  1507  1507 I SurfaceFlinger: [LayerHierarchy{RequestedLayerState{b305aa6 com.podcast.app.debug/androidx.activity.ComponentActivity#157144 parentId=157141} 1 children}] reparent to LayerHierarchy{RequestedLayerState{ActivityRecord{165263269 u0 com.podcast.app.debug/androidx.activity.ComponentActivity t44916}#157141 parentId=157140} 4 children}
03-02 00:57:52.965  1484  1816 V APM_AudioPolicyManager: stopOutput portId 13560
03-02 00:57:52.965  1484  1816 V APM_AudioPolicyManager: stopOutput() output 21, stream 3, session 126033
03-02 00:57:52.965  1484  1816 V APM_AudioPolicyManager: setBeaconMute(1) mBeaconMuteRefCount=8 mBeaconPlayingRefCount=0
03-02 00:57:52.965  1484  1816 V APM_AudioPolicyManager: getNewOutputDevices selected devices AUDIO_DEVICE_NONE
03-02 00:57:52.966  1484  1816 V APM_AudioPolicyManager: setOutputDevices caller stopSource[[portId:5][io:21, deep-buffer]] device AUDIO_DEVICE_NONE delayMs 170
03-02 00:57:52.966  1484  1816 V APM_AudioPolicyManager: setOutputDevices caller stopSource[[portId:5][io:21, deep-buffer]] setting same device AUDIO_DEVICE_NONE or null device, force=0, patch handle=11429
03-02 00:57:52.966  1484  1816 W AudioFlinger: moveEffectChain_ll: effect chain for session 0 not on source thread 0xb400007066671a50
03-02 00:57:52.966  1484  1816 V APM_AudioPolicyManager: selectOutputForMusicEffects selected output 13
03-02 00:57:52.967  1439 32089 D MTKAdapterStreamLayer: updateMetadataCommon(),
03-02 00:57:52.976  1507  1507 D SurfaceFlinger: Display 4627039422300187648 HWC layers:
03-02 00:57:52.976  1507  1507 D SurfaceFlinger:   SOLID_COLOR |                        0 | 00000002 | N/A          |    0.0    0.0    0.0    0.0 |    0    0   -1   -1 | Background for 68eb87 SurfaceView[co[...]weme.splash.SplashActivity]@0#157123 (0)
03-02 00:57:52.976  1507  1507 D SurfaceFlinger:   SOLID_COLOR |                        0 | 00000002 | N/A          |    0.0    0.0    0.0    0.0 |    0    0   -1   -1 | Background for 836459b SurfaceView[c[...]weme.splash.SplashActivity]@0#157129 (0)
03-02 00:57:52.976  1507  1507 D SurfaceFlinger:   SOLID_COLOR |                        0 | 00000002 | N/A          |    0.0    0.0    0.0    0.0 |    0    0   -1   -1 | Background for 7086fb SurfaceView[co[...]weme.splash.SplashActivity]@0#157133 (0)
03-02 00:57:52.976  1507  1507 D SurfaceFlinger:        CLIENT |           63930588202366 | 00000102 | 0x32315659   |  160.0    0.0  720.0 1280.0 |    0   80  840 2000 | 7086fb SurfaceView[com.zhiliaoapp.mu[...]lash.SplashActivity]@0(BLAST)#157132 (5)
03-02 00:57:52.976  1507  1507 D SurfaceFlinger:        CLIENT |           63930588202357 | 00002100 | RGBA_8888    |  240.0    0.0 1080.0 2340.0 |    0    0 1080 2340 | com.zhiliaoapp.musically/com.ss.andr[...].splash.S
03-02 00:57:52.976  1507  1507 D SurfaceFlinger: plashActivity$_14885#157117 (8)
03-02 00:57:52.976  1507  1507 D SurfaceFlinger:   SOLID_COLOR |                        0 | 00000000 | N/A          |    0.0    0.0    0.0    0.0 |    0    0 1080 2340 | DimTransitionLayer for Surface(name=Task=44916)/@0x58ade38#157149 (0)
03-02 00:57:52.976  1507  1507 D SurfaceFlinger:        DEVICE |           73534135074993 | 00002102 | RGBA_8888    |    0.0    0.0  768.0 2340.0 |  312    0 1080 2340 | com.podcast.app.debug/androidx.activity.ComponentActivity$_17121#157145 (1)
03-02 00:57:52.976  1507  1507 D SurfaceFlinger:        DEVICE |           11793980281854 | 00002100 | RGBA_8888    |    0.0    0.0 1080.0   80.0 |    0    0 1080   80 | StatusBar$_2746#117 (211332)
03-02 00:57:52.976  1507  1507 D SurfaceFlinger:        DEVICE |           13752485304097 | 00002100 | RGBA_8888    |    0.0    0.0   67.0  346.0 | 1013  454 1080  800 | com.sec.android.app.launcher/com.sam[...].app.CocktailBarService$_3202#152779 (1)
03-02 00:57:52.976  1507  1507 D SurfaceFlinger:        DEVICE |           11793980283985 | 00002100 | RGBA_8888    |    0.0    0.0  229.0  724.0 |  851  551 1080 1275 | VolumePanelWindow$_2746#157106 (51)
03-02 00:57:52.976  1507  1507 D SurfaceFlinger:        DEVICE |           11793980281853 | 00002100 | RGBA_8888    |    0.0    0.0 1080.0  13
03-02 00:57:52.976  1507  1507 D SurfaceFlinger: 5.0 |    0 2205 1080 2340 | NavigationBar0$_2746#113 (188465)
03-02 00:57:52.976  1507  1507 D SurfaceFlinger:
03-02 00:57:52.987  1445  2902 W C2MtkBufferManager: [0xB4000070F507E520] fetchNewCcBlock: wait fence 0x0xb4000070f5058270 timed out. ret 110
03-02 00:57:52.990  1507  1825 I SurfaceFlinger: Capture layer list: 	 com.zhiliaoapp.musically/com.ss.android.ugc.aweme.splash.SplashActivity$_14885#157117(seamlessTransition:0)
03-02 00:57:52.990  1507  1825 I SurfaceFlinger: Capture layer list: 	 DimTransitionLayer for Surface(name=Task=44916)/@0x58ade38#157149(seamlessTransition:0)
03-02 00:57:52.990  1507  1825 I SurfaceFlinger: Capture layer list: 	 com.podcast.app.debug/androidx.activity.ComponentActivity$_17121#157145(seamlessTransition:0)
03-02 00:57:53.001  5235 19393 E AtomicFile: Failed to rename /data/user_de/0/com.samsung.android.honeyboard/files/selected.json.new to /data/user_de/0/com.samsung.android.honeyboard/files/selected.json
03-02 00:57:53.001  5235 19393 I HBD     : l writeToFile complete
03-02 00:57:53.001  5235 12846 I HBD     : a [SKE_SPECIFIC] specific model[com.podcast.app.debug] loaded, 55954462 ns
03-02 00:57:53.040  1484 28718 D AudioFlinger: setParameters: filtered dev setParameters keyvalue audioHDR=0
03-02 00:57:53.040  1509  1509 D Audio_ParameterParser: parseVendorParameters: scope: MODULE, keys/values: audioHDR=0
03-02 00:57:53.040  1439 32089 D AudioALSAHardware: +setParameters(): audioHDR=0
03-02 00:57:53.041  1439 32089 D AudioALSAHardware: -setParameters(): audioHDR=0
03-02 00:57:53.041  1439 32089 E AHAL_Module: setVendorParameters: default: unrecognized parameter "audioHDR=0"
03-02 00:57:53.041  1484 28718 E ConversionHelperAidl: Function: parseAndSetVendorParameters Line: 94 Failed
03-02 00:57:53.041  1509  1509 D Audio_ParameterParser: parseVendorParameters: scope: MODULE, keys/values: audioHDR=0
03-02 00:57:53.041  1509  1509 D Audio_ParameterParser: parseVendorParameters: scope: MODULE, keys/values: audioHDR=0
03-02 00:57:53.042  1439 32089 D AHAL_ModuleBluetooth: setVendorParameters unrecognized parameter: audioHDR=0
03-02 00:57:53.060  1445  2902 W C2MtkBufferManager: [0xB4000070F507E520] fetchNewCcBlock: wait fence 0x0xb4000070f5058270 timed out. ret 110
03-02 00:57:53.085 14885 16783 D Native  : [TTNativeML] NativeMLTaskRunner 2.3-2.4 code：BuildInputs: CostTime 0.07 ms
03-02 00:57:53.085 14885 16783 D Native  : [TTNativeML] NativeMLTaskRunner 3-4 code：AdapterSetInputs: cost time 0.04 ms
03-02 00:57:53.085 14885 16783 D Native  : [TTNativeML] NativeMLTaskRunner 4-5 code：AdapterInference: cost time 0.17 ms
03-02 00:57:53.090  1507  1825 I SurfaceFlinger: Capture layer list: 	 com.zhiliaoapp.musically/com.ss.android.ugc.aweme.splash.SplashActivity$_14885#157117(seamlessTransition:0)
03-02 00:57:53.090  1507  1825 I SurfaceFlinger: Capture layer list: 	 DimTransitionLayer for Surface(name=Task=44916)/@0x58ade38#157149(seamlessTransition:0)
03-02 00:57:53.090  1507  1825 I SurfaceFlinger: Capture layer list: 	 com.podcast.app.debug/androidx.activity.ComponentActivity$_17121#157145(seamlessTransition:0)
03-02 00:57:53.100 12859 12960 I SGPController: onForegroundAppChanged() update=false, cn=ComponentInfo{com.podcast.app.debug/androidx.activity.ComponentActivity}, r=SkRegion((0,0,198,2340)(882,0,1080,2340))
03-02 00:57:53.111  3202  3202 I HoneySpace.EdgePanel.EdgeVisibilityRepository: getComputedTrayVisible : keyguardState = 1
03-02 00:57:53.111  3202  3202 I HoneySpace.EdgePanel.EdgeVisibilityRepository: updateTrayVisible: State = 0x1, visible = true, current containerState = 0, specificMode = 0
03-02 00:57:53.111  3202  3202 I HoneySpace.EdgePanel.EdgeVisibilityRepository: Same container state 0
03-02 00:57:53.133  1445  2902 W C2MtkBufferManager: [0xB4000070F507E520] fetchNewCcBlock: wait fence 0x0xb4000070f5058270 timed out. ret 110
03-02 00:57:53.160  1450 19387 I mtkpower_client: perf_lock_rel, hdl:76913, pid: 1450, tid:19387
03-02 00:57:53.160  1464  1529 I libPowerHal: [perfLockRel] hdl:76913, idx:6
03-02 00:57:53.161  1450 19387 I mtkpower_client: perf_lock_acq, hdl:0, dur:0, num:2, pid:1450, tid:19387
03-02 00:57:53.161  1464  1529 I libPowerHal: [set_cpuidle] enable:1, fd:17, scn:0xb40000737b614050
03-02 00:57:53.161  1464  1529 I libPowerHal: [PD] vendor.samsung. update cmd:1c3c100 param:1 pr:6
03-02 00:57:53.161  1464  1529 I libPowerHal: [perfLockRel] Done for hdl : 76913
03-02 00:57:53.161  1450 19387 I mtkpower_client: ret_hdl:76917
03-02 00:57:53.161  1450 19387 I mtkpower_client: perf_lock_rel, hdl:76915, pid: 1450, tid:19387
03-02 00:57:53.161  1464  1529 I libPowerHal: [perfLockAcq] idx:6 hdl:76917 hint:-1 pid:1450 tid:19387 duration:0 lock_user:vendor.samsung. => ret_hdl:76917
03-02 00:57:53.161  1464  1529 I libPowerHal: [set_cpuidle] enable:0, fd:17, scn:0xb40000737b614050
03-02 00:57:53.163  1464  1529 I libPowerHal: [get_cpu_dma_latency_value] 0
03-02 00:57:53.163  1464  1529 I libPowerHal: [PE] vendor.samsung. update cmd:1c3c100 param:0 pr:3
03-02 00:57:53.163  1464  1529 I libPowerHal: [perfLockAcq] Done for hdl : 76917
03-02 00:57:53.163  1464  1529 I libPowerHal: [perfLockRel] hdl:76915, idx:2
03-02 00:57:53.163  1450 19387 I mtkpower_client: perf_lock_acq, hdl:0, dur:0, num:2, pid:1450, tid:19387
03-02 00:57:53.164  1464  1529 I libPowerHal: [PD] vendor.samsung. update cmd:1000000 param:-1 pr:6
03-02 00:57:53.164  1464  1529 I libPowerHal: [perfLockRel] Done for hdl : 76915
03-02 00:57:53.164  1464  1529 I libPowerHal: [perfLockAcq] idx:2 hdl:76918 hint:-1 pid:1450 tid:19387 duration:0 lock_user:vendor.samsung. => ret_hdl:76918
03-02 00:57:53.164  1450 19387 I mtkpower_client: ret_hdl:76918
03-02 00:57:53.165  1464  1529 I libPowerHal: [setDvfsrcDevFreqOpp] opp:0, freq:4266000000
03-02 00:57:53.165  1464  1529 I libPowerHal: [PE] vendor.samsung. update cmd:1000000 param:0 pr:3
03-02 00:57:53.165  1464  1529 I libPowerHal: [perfLockAcq] Done for hdl : 76918
03-02 00:57:53.165  1450 19387 I HYPER-HAL: [RequestManager.cpp]releaseLocked(): Released ID : 2063514
03-02 00:57:53.190  1507  1825 I SurfaceFlinger: Capture layer list: 	 com.zhiliaoapp.musically/com.ss.android.ugc.aweme.splash.SplashActivity$_14885#157117(seamlessTransition:0)
03-02 00:57:53.190  1507  1825 I SurfaceFlinger: Capture layer list: 	 DimTransitionLayer for Surface(name=Task=44916)/@0x58ade38#157149(seamlessTransition:0)
03-02 00:57:53.190  1507  1825 I SurfaceFlinger: Capture layer list: 	 com.podcast.app.debug/androidx.activity.ComponentActivity$_17121#157145(seamlessTransition:0)
03-02 00:57:53.204  2013  2635 I ChimeraPolicyHandler: onPsiMonitorTriggered() - psiLevel: 0
03-02 00:57:53.204  2013  2635 I ChimeraAggressivePolicyHandler: executePolicy() - triggerSource: TRIGGER_SOURCE_PSI_MEM_MONITOR
03-02 00:57:53.205  2013  2635 I ChimeraAggressivePolicyHandler: memAvailable: 2092768, memFreeTarget: 2201600, releaseTarget:108832, protectedLruCount: 24
03-02 00:57:53.206  1445  2902 W C2MtkBufferManager: [0xB4000070F507E520] fetchNewCcBlock: wait fence 0x0xb4000070f5058270 timed out. ret 110
03-02 00:57:53.212  2013  2635 I NSLocationMonitor: getGPSUsingApps() called
03-02 00:57:53.212  3477 22276 I NSLocationManager_FLP: getGPSUsingApps, No change
03-02 00:57:53.215  2013  2635 I ChimeraAggressivePolicyHandler: Start doKill, protected policy: NORMAL
03-02 00:57:53.220  1507  1507 I BufferQueueProducer: [FramebufferSurface](this:0xb400007a458f0370,id:-1,api:1,p:1507,c:1507) queueBuffer: fps=74.51 dur=1006.60 max=191.54 min=6.30
03-02 00:57:53.221  2013  2635 I ChimeraAggressivePolicyHandler: Killed on trigger0 : com.samsung.android.rubin.app[25915], freed: 100604, 10096[25915]:G2(0x20000) score=48.5(50 10/5 100604), pids: 25915 / stats: 10 / adjs: 800
03-02 00:57:53.224  2013  2635 I ChimeraPolicyHandler: relTarget - released < 20480, stop kill
03-02 00:57:53.224  2013  2635 I ChimeraAggressivePolicyHandler: kill complete: killed 1 apps, freed 100604 KB
03-02 00:57:53.224  2013  2635 I ChimeraAggressivePolicyHandler: Skipped reason: LR, pids: 30764
03-02 00:57:53.225  2013  2635 I ChimeraAggressivePolicyHandler: Skipped reason: CA, pids: 17668 17798 31907 16938 18627 19160 11507 19189 18166 17142 17661
03-02 00:57:53.225  2013  2635 I ChimeraAggressivePolicyHandler: Skipped reason: PE, pids: 4608 13121 29313 3650 3333 3019 4750 4238 3477 4633 3039 2976 3046 31272 16366 2991 4784 3058 24307 5235 2746 27259 32251 12859
03-02 00:57:53.225  2013  2635 I ChimeraAggressivePolicyHandler: Skipped reason: CA, pids: 17386
03-02 00:57:53.225  2013  2635 I ChimeraAggressivePolicyHandler: Skipped reason: IN, pids: 1781 11995
03-02 00:57:53.225  2013  2635 I ChimeraAggressivePolicyHandler: Skipped reason: AD, pids: 2820 17232 7764 20766 20319 18538
03-02 00:57:53.225  2013  2635 I ChimeraAggressivePolicyHandler: Processing time(ms) 21
03-02 00:57:53.234  2991  3778 D SatelliteController: isInCarrierRoamingNbIotNtn: satellite is disabled
03-02 00:57:53.235  3438  3438 I EPDG -- SIM1 [SMARTCELLULAR]: onSignalStrengthsChanged: SignalStrength:{mCdma=Invalid,mGsm=Invalid,mWcdma=Invalid,mTdscdma=Invalid,mLte=CellSignalStrengthLte: rssi=-99 rsrp=-99 rsrq=-11 rssnr=7 cqiTableIndex=2147483647 cqi=2147483647 ta=2147483647 level=3 parametersUseForLevel=0,mNr=Invalid,SignalBarInfo{ lteLevel=3 },rat=14,primary=CellSignalStrengthLte}
03-02 00:57:53.236  3438  4448 I EPDG -- SIM1 [SMARTCELLULAR]: lastLteRSRP is -98 currentLteRSRP is -99 lastLteRSRQ is -10 currentLteRSRQ is -11 lastLteSNR is 6 currentLteSNR is 7
03-02 00:57:53.237  2991  3757 I LocationAccessPolicy: checkLocationPermission - callingUid: 10492, callingPid: 14636, result: DENIED_SOFT
03-02 00:57:53.237  2991  3757 I LocationAccessPolicy: checkLocationPermission - callingUid: 10492, callingPid: 14636, result: DENIED_SOFT
03-02 00:57:53.241  2991  3810 I LocationAccessPolicy: checkLocationPermission - callingUid: 10492, callingPid: 14636, result: DENIED_SOFT
03-02 00:57:53.241  2991  3810 I LocationAccessPolicy: checkLocationPermission - callingUid: 10492, callingPid: 14636, result: DENIED_SOFT
03-02 00:57:53.247  2991  3757 I LocationAccessPolicy: checkLocationPermission - callingUid: 10492, callingPid: 14636, result: DENIED_SOFT
03-02 00:57:53.279  1445  2902 W C2MtkBufferManager: [0xB4000070F507E520] fetchNewCcBlock: wait fence 0x0xb4000070f5058270 timed out. ret 110
03-02 00:57:53.283  2013  4835 D SemContextService: lock : binderDied
03-02 00:57:53.283  2013  4835 D SemContextService: Service.removeListenerLocked() : listener = com.samsung.android.hardware.context.SemContextService$Listener@c520724, service = Activity Batch, used = 0
03-02 00:57:53.285  1427  1427 I Zygote  : Process 25915 exited due to signal 9 (Killed)
03-02 00:57:53.286  2013  2075 I libprocessgroup: Removed cgroup /sys/fs/cgroup/apps/uid_10096/pid_25915
03-02 00:57:53.287  2013  4835 D ActivityBatchImpl: binderDied() : mExceptionMode = KILL
03-02 00:57:53.289  2013  4835 D ActivityBatchImpl: handleDiedBinder() : mExceptionMode = KILL
03-02 00:57:53.289  2013  4835 D SemContextService: Listener.binderDied() : listener = com.samsung.android.hardware.context.SemContextService$Listener@c520724, service = Activity Batch, used = 0
03-02 00:57:53.289  2013  4835 D SemContextService: ===== SemContext Service List =====
03-02 00:57:53.289  2013  4835 D SemContextService: Listener : com.samsung.android.hardware.context.SemContextService$Listener@bf93e03, Service : Location Change Trigger
03-02 00:57:53.289  2013  4835 D SemContextService: unlock : binderDied
03-02 00:57:53.291  1507  1825 I SurfaceFlinger: Capture layer list: 	 com.zhiliaoapp.musically/com.ss.android.ugc.aweme.splash.SplashActivity$_14885#157117(seamlessTransition:0)
03-02 00:57:53.291  1507  1825 I SurfaceFlinger: Capture layer list: 	 DimTransitionLayer for Surface(name=Task=44916)/@0x58ade38#157149(seamlessTransition:0)
03-02 00:57:53.291  1507  1825 I SurfaceFlinger: Capture layer list: 	 com.podcast.app.debug/androidx.activity.ComponentActivity$_17121#157145(seamlessTransition:0)
03-02 00:57:53.307  2746  2798 I SurfaceControlRegistry: apply, t=FinishTransaction_SyncId<11327>, caller=android.view.SurfaceControl$Transaction.apply:3459 android.view.SurfaceControl$Transaction.apply:3447 android.view.SurfaceControl$Transaction.apply:3397 com.android.wm.shell.transition.Transitions.onFinish:315 com.android.wm.shell.transition.Transitions$$ExternalSyntheticLambda7.onTransitionFinished:12 com.android.wm.shell.transition.DefaultTransitionHandler$$ExternalSyntheticLambda6.run:36
03-02 00:57:53.308  1444  1461 D libcomposer_ext: DeviceImplAidl::DeviceClientContextAidl::NotifyHwcComposition()
03-02 00:57:53.308  1444  1461 D libcomposer_ext: DeviceImplAidl::DeviceClientContextAidl::NotifyHwcComposition()
03-02 00:57:53.308  1698  1698 D libcomposer_ext: ClientCallbackAidl::asyncPerform(12)
03-02 00:57:53.308  1698  1698 D libcomposer_ext: ClientImplAidl::ParseNotifyHwcComposition()
03-02 00:57:53.308  1507  1907 D libcomposer_ext: ClientCallbackAidl::asyncPerform(12)
03-02 00:57:53.308  1507  1907 D libcomposer_ext: ClientImplAidl::ParseNotifyHwcComposition()
03-02 00:57:53.308  1507  1907 D SurfaceFlinger: NotifyHwcComposition(), id 0, mode 0
03-02 00:57:53.308  1464  1492 I mtkpower@impl: [setMode] type:6, enabled:0
03-02 00:57:53.308  1464  1492 E mtkpower@impl: [setMode] unknown type
03-02 00:57:53.310  1507  1507 D SurfaceFlinger: Display 4627039422300187648 HWC layers:
03-02 00:57:53.310  1507  1507 D SurfaceFlinger:   SOLID_COLOR |                        0 | 00000002 | N/A          |    0.0    0.0    0.0    0.0 |    0    0   -1   -1 | Background for 68eb87 SurfaceView[co[...]weme.splash.SplashActivity]@0#157123 (0)
03-02 00:57:53.310  1507  1507 D SurfaceFlinger:   SOLID_COLOR |                        0 | 00000002 | N/A          |    0.0    0.0    0.0    0.0 |    0    0   -1   -1 | Background for 836459b SurfaceView[c[...]weme.splash.SplashActivity]@0#157129 (0)
03-02 00:57:53.310  1507  1507 D SurfaceFlinger:   SOLID_COLOR |                        0 | 00000002 | N/A          |    0.0    0.0    0.0    0.0 |    0    0   -1   -1 | Background for 7086fb SurfaceView[co[...]weme.splash.SplashActivity]@0#157133 (0)
03-02 00:57:53.310  1507  1507 D SurfaceFlinger:        DEVICE |           63930588202366 | 00000102 | 0x32315659   |    0.0    0.0    0.0    0.0 |    0    0   -1   -1 | 7086fb SurfaceView[com.zhiliaoapp.mu[...]lash.SplashActivity]@0(BLAST)#157132 (5)
03-02 00:57:53.310  1507  1507 D SurfaceFlinger:        DEVICE |           63930588202357 | 00002100 | RGBA_8888    |    0.0    0.0    0.0    0.0 |    0    0   -1   -1 | com.zhiliaoapp.musically/com.ss.andr[...].splash.S
03-02 00:57:53.310  1507  1507 D SurfaceFlinger: plashActivity$_14885#157117 (8)
03-02 00:57:53.310  1507  1507 D SurfaceFlinger:   SOLID_COLOR |                        0 | 00000000 | N/A          |    0.0    0.0    0.0    0.0 |    0    0   -1   -1 | DimTransitionLayer for Surface(name=Task=44916)/@0x58ade38#157149 (0)
03-02 00:57:53.310  1507  1507 D SurfaceFlinger:        DEVICE |           73534135074993 | 00002102 | RGBA_8888    |    0.0    0.0 1080.0 2340.0 |    0    0 1080 2340 | com.podcast.app.debug/androidx.activity.ComponentActivity$_17121#157145 (1)
03-02 00:57:53.310  1507  1507 D SurfaceFlinger:        DEVICE |           11793980281854 | 00002100 | RGBA_8888    |    0.0    0.0 1080.0   80.0 |    0    0 1080   80 | StatusBar$_2746#117 (211332)
03-02 00:57:53.310  1507  1507 D SurfaceFlinger:        DEVICE |           13752485304097 | 00002100 | RGBA_8888    |    0.0    0.0   67.0  346.0 | 1013  454 1080  800 | com.sec.android.app.launcher/com.sam[...].app.CocktailBarService$_3202#152779 (1)
03-02 00:57:53.310  1507  1507 D SurfaceFlinger:        DEVICE |           11793980283985 | 00002100 | RGBA_8888    |    0.0    0.0  229.0  724.0 |  851  551 1080 1275 | VolumePanelWindow$_2746#157106 (51)
03-02 00:57:53.310  1507  1507 D SurfaceFlinger:        DEVICE |           11793980281853 | 00002100 | RGBA_8888    |    0.0    0.0 1080.0  13
03-02 00:57:53.310  1507  1507 D SurfaceFlinger: 5.0 |    0 2205 1080 2340 | NavigationBar0$_2746#113 (188465)
03-02 00:57:53.310  1507  1507 D SurfaceFlinger:
03-02 00:57:53.310 14885 14885 I VRI[SplashActivity]@35f4eb8: handleAppVisibility mAppVisible = true visible = false
03-02 00:57:53.310 14885 14885 D VRI[SplashActivity]@35f4eb8: visibilityChanged oldVisibility=true newVisibility=false
03-02 00:57:53.317  1646  5384 I CameraService: onUidStateChanged: uid=10235, procState is changed. (3 -> 4)
03-02 00:57:53.317  2746  2746 D SystemUIService: SYSUI_RAM_OPTIMIZATION onTrimMemory=20
03-02 00:57:53.317  2746  2746 D CentralSurfaces: SYSUI_RAM_OPTIMIZATION onTrimMemory=20
03-02 00:57:53.318 14885 14885 I SV[6876039 SplashActivity]: onWindowVisibilityChanged(8) false X.0fk7{68eb87 V.E...... ........ 0,80-1080,2000} of VRI[SplashActivity]@35f4eb8
03-02 00:57:53.318 14885 14885 I SurfaceView: 6876039 Changes: creating=false format=false size=false visible=true alpha=false hint=false left=false top=false z=false attached=true lifecycleStrategy=false
03-02 00:57:53.318  1507  1507 I SurfaceFlinger: RequestedLayer [Task=44543#147901] hidden!! flag  from(0) --> to(1)
03-02 00:57:53.318  1507  1507 I SurfaceFlinger: [Display 0 name="Built-in Screen"#49] setFrameRateCategory: Default
03-02 00:57:53.318  1507  1507 I SurfaceFlinger: [LayerHierarchy{RequestedLayerState{Task=44543#147901 parentId=10 z=40} 1 children}] reparent to LayerHierarchy{RequestedLayerState{DefaultTaskDisplayArea_d0#10 parentId=9} 45 children}
03-02 00:57:53.318  1507  1507 I SurfaceFlinger: [LayerHierarchy{RequestedLayerState{Task=44916#157140 parentId=10 z=41} 2 children}] reparent to LayerHierarchy{RequestedLayerState{DefaultTaskDisplayArea_d0#10 parentId=9} 46 children}
03-02 00:57:53.318  1507  1507 I SurfaceFlinger: [LayerHierarchy{RequestedLayerState{Transition Root: Task=44916#157148 z=41} 1 children}] reparent to OffscreenRoot
03-02 00:57:53.318  1507  1507 I SurfaceFlinger: [LayerHierarchy{RequestedLayerState{Transition Root: Task=44916#157148 z=41} 1 children}] RelativeParent to null
03-02 00:57:53.318  1507  1507 I SurfaceFlinger: [LayerHierarchy{RequestedLayerState{DimTransitionLayer for Surface(name=Task=44916)/@0x58ade38#157149 z=-1} no children}] reparent to OffscreenRoot
03-02 00:57:53.318 14885 14885 I SurfaceView: 6876039 Cur surface: Surface(name=null mNativeObject=509407437824)/@0x56b4ffd
03-02 00:57:53.318  1507  1507 I SurfaceFlinger: [LayerHierarchy{RequestedLayerState{DimTransitionLayer for Surface(name=Task=44916)/@0x58ade38#157149 z=-1} no children}] RelativeParent to null
03-02 00:57:53.318 14885 14885 I SurfaceView: 6876039 surfaceDestroyed
03-02 00:57:53.318 14885 14885 I SV[6876039 SplashActivity]: surfaceDestroyed callback.size 1 #2 X.0fk7{68eb87 V.E...... ........ 0,80-1080,2000}
03-02 00:57:53.318 14885 14885 I SV[6876039 SplashActivity]: updateSurface: mVisible = false mSurface.isValid() = true
03-02 00:57:53.318 14885 14885 I BLASTBufferQueue: [68eb87 SurfaceView[com.zhiliaoapp.musically/com.ss.android.ugc.aweme.splash.SplashActivity]@0#167](f:0,a:0,s:0) destructor()
03-02 00:57:53.318 14885 14885 D BufferQueueConsumer: [68eb87 SurfaceView[com.zhiliaoapp.musically/com.ss.android.ugc.aweme.splash.SplashActivity]@0#167(BLAST Consumer)167](id:3a25000000ac,api:0,p:-1,c:14885) disconnect
03-02 00:57:53.318 14885 14885 I SV[6876039 SplashActivity]: releaseSurfaces: viewRoot = VRI[SplashActivity]@35f4eb8
03-02 00:57:53.319 14885 14885 V SurfaceView: Layout: x=4320 y=-2080 w=1080 h=1920, frame=Rect(0, 0 - 1080, 1920)
03-02 00:57:53.319 14885 14885 I SV[7374587 SplashActivity]: onWindowVisibilityChanged(8) false X.0fk7{7086fb V.E...... ........ 0,80-1080,2000} of VRI[SplashActivity]@35f4eb8
03-02 00:57:53.319 14885 14885 I SurfaceView: 7374587 Changes: creating=false format=false size=false visible=true alpha=false hint=false left=false top=false z=false attached=true lifecycleStrategy=false
03-02 00:57:53.319  2746  2870 D HWUI    : CacheManager::trimMemory(20)
03-02 00:57:53.319 14885 14885 I SurfaceView: 7374587 Cur surface: Surface(name=null mNativeObject=480518056704)/@0x5798c7e
03-02 00:57:53.319  1507  1507 I SurfaceFlinger: onHandleDestroyed: layerId=157149, name=DimTransitionLayer for Surface(name=Task=44916)/@0x58ade38#157149
03-02 00:57:53.319  1507  1507 I SurfaceFlinger: id=157149 Removed DimTransitionLayer for Surface(name=Task=44916)/@0x58ade38#157149 (342)
03-02 00:57:53.319  1507  1507 I SurfaceFlinger: onHandleDestroyed: layerId=157148, name=Transition Root: Task=44916#157148
03-02 00:57:53.319  1507  1507 I SurfaceFlinger: id=157148 Removed Transition Root: Task=44916#157148 (342)
03-02 00:57:53.319 14885 14885 I SurfaceView: 7374587 surfaceDestroyed
03-02 00:57:53.320 14885 14885 I SV[7374587 SplashActivity]: surfaceDestroyed callback.size 2 #2 X.0fk7{7086fb V.E...... ........ 0,80-1080,2000}
03-02 00:57:53.320  1507  1507 E RefreshRateSelector: Can't find HRR max refresh rate by policy with the same group 0
03-02 00:57:53.321 14885 18629 D SurfaceUtils: connecting to surface 0x6f9d394c10, reason connectToSurface
03-02 00:57:53.321 14885 18629 I MediaCodec: [c2.mtk.hevc.decoder] setting surface generation to 15242336
03-02 00:57:53.322 14885 18629 D SurfaceUtils: disconnecting from surface 0x6f9d394c10, reason connectToSurface(reconnect)
03-02 00:57:53.322 14885 18629 D SurfaceUtils: connecting to surface 0x6f9d394c00, reason connectToSurface(reconnect-with-listener)
03-02 00:57:53.323 14885 18629 D GraphicsTracker: new surface in configuration: maxDequeueRequested(0), maxDequeueCommitted(24)
03-02 00:57:53.323 14885 18629 D GraphicsTracker: new surface configured with id:63930588201057 gen:15242336 maxDequeue:24
03-02 00:57:53.323 14885 18629 D GraphicsTracker: maxDequeueCount is already 24
03-02 00:57:53.323 14885 18629 D Codec2Client: setOutputSurface -- generation=15242336 consumer usage=0x900
03-02 00:57:53.323 14885 18629 D SurfaceUtils: disconnecting from surface 0x6f9d395610, reason disconnectFromSurface
03-02 00:57:53.324 14885 14885 I SV[7374587 SplashActivity]: updateSurface: mVisible = false mSurface.isValid() = true
03-02 00:57:53.324 14885 14885 I BLASTBufferQueue: [7086fb SurfaceView[com.zhiliaoapp.musically/com.ss.android.ugc.aweme.splash.SplashActivity]@0#170](f:0,a:1,s:0) destructor()
03-02 00:57:53.325 14885 14885 D BufferQueueConsumer: [7086fb SurfaceView[com.zhiliaoapp.musically/com.ss.android.ugc.aweme.splash.SplashActivity]@0#170(BLAST Consumer)170](id:3a25000000af,api:0,p:-1,c:14885) disconnect
03-02 00:57:53.325 14885 14885 I SV[7374587 SplashActivity]: releaseSurfaces: viewRoot = VRI[SplashActivity]@35f4eb8
03-02 00:57:53.325 14885 14885 V SurfaceView: Layout: x=0 y=80 w=1080 h=1920, frame=Rect(0, 0 - 1080, 1920)
03-02 00:57:53.326 14885 14885 I SV[137774491 SplashActivity]: onWindowVisibilityChanged(8) false X.0fk7{836459b V.E...... ........ 0,81-1080,1998} of VRI[SplashActivity]@35f4eb8
03-02 00:57:53.326 14885 14885 I SurfaceView: 137774491 Changes: creating=false format=false size=false visible=true alpha=false hint=false left=false top=false z=false attached=true lifecycleStrategy=false
03-02 00:57:53.326 14885 14885 I SurfaceView: 137774491 Cur surface: Surface(name=null mNativeObject=480518042624)/@0xe7e74a9
03-02 00:57:53.326 14885 14885 I SurfaceView: 137774491 surfaceDestroyed
03-02 00:57:53.326 14885 14885 I SV[137774491 SplashActivity]: surfaceDestroyed callback.size 1 #2 X.0fk7{836459b V.E...... ........ 0,81-1080,1998}
03-02 00:57:53.326 14885 14885 I SV[137774491 SplashActivity]: updateSurface: mVisible = false mSurface.isValid() = true
03-02 00:57:53.326 14885 14885 I BLASTBufferQueue: [836459b SurfaceView[com.zhiliaoapp.musically/com.ss.android.ugc.aweme.splash.SplashActivity]@0#169](f:0,a:0,s:0) destructor()
03-02 00:57:53.327 14885 14885 D BufferQueueConsumer: [836459b SurfaceView[com.zhiliaoapp.musically/com.ss.android.ugc.aweme.splash.SplashActivity]@0#169(BLAST Consumer)169](id:3a25000000ae,api:0,p:-1,c:14885) disconnect
03-02 00:57:53.327 14885 14885 I SV[137774491 SplashActivity]: releaseSurfaces: viewRoot = VRI[SplashActivity]@35f4eb8
03-02 00:57:53.327 14885 14885 V SurfaceView: Layout: x=4320 y=2240 w=1080 h=1917, frame=Rect(0, 0 - 1080, 1917)
03-02 00:57:53.329  1507  1507 I SurfaceFlinger: RequestedLayer [com.zhiliaoapp.musically/com.ss.andr[...].splash.SplashActivity$_14885#157117] hidden!! flag  from(0) --> to(1)
03-02 00:57:53.329  1507  1507 I SurfaceFlinger: RequestedLayer [ActivityRecord{2751228 u0 com.zhilia[...]splash.SplashActivity t44543}#147902] hidden!! flag  from(0) --> to(1)
03-02 00:57:53.329  1507  1507 I SurfaceFlinger: destroyed Transition Root: Task=44916#157148
03-02 00:57:53.329  1507  1507 I SurfaceFlinger: destroyed DimTransitionLayer for Surface(name=Task=44916)/@0x58ade38#157149
03-02 00:57:53.329  1507  1507 I SurfaceFlinger: [LayerHierarchy{RequestedLayerState{ImeContainer#15 parentId=157141 relativeParentId=157144 z=1} 1 children}] RelativeParent to LayerHierarchy{RequestedLayerState{b305aa6 com.podcast.app.debug/androidx.activity.ComponentActivity#157144 parentId=157141} 2 children}
03-02 00:57:53.329  1507  1507 I SurfaceFlinger: [LayerHierarchy{RequestedLayerState{49197ff Splash Screen com.podcast.app.debug#157142 z=2147483647} 1 children}] reparent to OffscreenRoot
03-02 00:57:53.329  1507  1507 I SurfaceFlinger: [LayerHierarchy{RequestedLayerState{49197ff Splash Screen com.podcast.app.debug#157142 z=2147483647} 1 children}] RelativeParent to null
03-02 00:57:53.329  1507  1507 I SurfaceFlinger: [LayerHierarchy{RequestedLayerState{Splash Screen com.podcast.app.debug$_2746#157143} no children}] reparent to OffscreenRoot
03-02 00:57:53.329  1507  1507 I SurfaceFlinger: [LayerHierarchy{RequestedLayerState{Splash Screen com.podcast.app.debug$_2746#157143} no children}] RelativeParent to null
03-02 00:57:53.330  1507  1507 I Layer   : id=157148 Destroyed Transition Root: Task=44916#157148
03-02 00:57:53.330  1507  1507 I Layer   : id=157149 Destroyed DimTransitionLayer for Surface(name=Task=44916)/@0x58ade38#157149
03-02 00:57:53.330  1507  1507 I SurfaceFlinger: onHandleDestroyed: layerId=157142, name=49197ff Splash Screen com.podcast.app.debug#157142
03-02 00:57:53.330  1507  1507 I SurfaceFlinger: id=157142 Removed 49197ff Splash Screen com.podcast.app.debug#157142 (340)
03-02 00:57:53.330  1507  1507 I SurfaceFlinger: onHandleDestroyed: layerId=157143, name=Splash Screen com.podcast.app.debug$_2746#157143
03-02 00:57:53.330  1507  1507 I SurfaceFlinger: id=157143 Removed Splash Screen com.podcast.app.debug$_2746#157143 (340)
03-02 00:57:53.331 14885 15423 D SurfaceView: 65623742 windowPositionLost, frameNr = 0
03-02 00:57:53.331 14885 15423 D SurfaceView: 129762079 windowPositionLost, frameNr = 0
03-02 00:57:53.332 14885 15423 D SurfaceView: 217773676 windowPositionLost, frameNr = 0
03-02 00:57:53.334 14885 15423 D HWUI    : CacheManager::trimMemory(20)
03-02 00:57:53.336  2013  2027 I WindowManager: Relayout Window{cd2d6b5 u0 com.zhiliaoapp.musically/com.ss.android.ugc.aweme.splash.SplashActivity}: viewVisibility=8 req=1080x2340 ty=1 d0
03-02 00:57:53.339  2013  2027 I WindowManager: Relayout hash=cd2d6b5, pid=14885, syncId=-1: mAttrs={(0,0)(fillxfill) sim={adjust=pan forwardNavigation} layoutInDisplayCutoutMode=always ty=BASE_APPLICATION fmt=TRANSLUCENT wanim=0x1030317
03-02 00:57:53.339  2013  2027 I WindowManager:   fl=81810180
03-02 00:57:53.339  2013  2027 I WindowManager:   pfl=10008840
03-02 00:57:53.339  2013  2027 I WindowManager:   vsysui=400
03-02 00:57:53.339  2013  2027 I WindowManager:   apr=10
03-02 00:57:53.339  2013  2027 I WindowManager:   bhv=1
03-02 00:57:53.339  2013  2027 I WindowManager:   fitSides=0
03-02 00:57:53.339  2013  2027 I WindowManager:   frameRateBoostOnTouch=true
03-02 00:57:53.339  2013  2027 I WindowManager:   dvrrWindowFrameRateHint=true naviIconColor=0
03-02 00:57:53.339  2013  2027 I WindowManager:   sfl=100000}
03-02 00:57:53.340  1507  1507 I SurfaceFlinger: destroyed 49197ff Splash Screen com.podcast.app.debug#157142
03-02 00:57:53.340  1507  1507 I SurfaceFlinger: destroyed Splash Screen com.podcast.app.debug$_2746#157143
03-02 00:57:53.341 14885 14885 I BLASTBufferQueue: [VRI[SplashActivity]@35f4eb8#166](f:0,a:1,s:0) destructor()
03-02 00:57:53.341  1507  1507 I Layer   : id=157143 Destroyed Splash Screen com.podcast.app.debug$_2746#157143
03-02 00:57:53.341 14885 14885 D BufferQueueConsumer: [VRI[SplashActivity]@35f4eb8#166(BLAST Consumer)166](id:3a25000000ab,api:0,p:-1,c:14885) disconnect
03-02 00:57:53.341  1507  1507 I Layer   : id=157142 Destroyed 49197ff Splash Screen com.podcast.app.debug#157142
03-02 00:57:53.342 14885 14885 I VRI[SplashActivity]@35f4eb8: Relayout returned: old=(0,0,1080,2340) new=(0,0,1080,2340) relayoutAsync=false req=(1080,2340)8 dur=5 res=0x2 s={false 0x0} ch=true seqId=0
03-02 00:57:53.342 14885 14885 I SV[6876039 SplashActivity]: windowStopped(true) false X.0fk7{68eb87 V.E...... ........ 0,80-1080,2000} of VRI[SplashActivity]@35f4eb8
03-02 00:57:53.342 14885 14885 D SV[6876039 SplashActivity]: updateSurface: surface is not valid
03-02 00:57:53.343 14885 14885 I SV[6876039 SplashActivity]: releaseSurfaces: viewRoot = VRI[SplashActivity]@35f4eb8
03-02 00:57:53.343 14885 14885 D VRI[SplashActivity]@35f4eb8: applyTransactionOnDraw applyImmediately
03-02 00:57:53.343 14885 14885 I SV[7374587 SplashActivity]: windowStopped(true) false X.0fk7{7086fb V.E...... ........ 0,80-1080,2000} of VRI[SplashActivity]@35f4eb8
03-02 00:57:53.343 14885 14885 D SV[7374587 SplashActivity]: updateSurface: surface is not valid
03-02 00:57:53.344 14885 14885 I SV[7374587 SplashActivity]: releaseSurfaces: viewRoot = VRI[SplashActivity]@35f4eb8
03-02 00:57:53.344 14885 14885 D VRI[SplashActivity]@35f4eb8: applyTransactionOnDraw applyImmediately
03-02 00:57:53.344  2991  3778 D SatelliteController: isInCarrierRoamingNbIotNtn: satellite is disabled
03-02 00:57:53.344 14885 14885 I SV[137774491 SplashActivity]: windowStopped(true) false X.0fk7{836459b V.E...... ........ 0,81-1080,1998} of VRI[SplashActivity]@35f4eb8
03-02 00:57:53.344 14885 14885 D SV[137774491 SplashActivity]: updateSurface: surface is not valid
03-02 00:57:53.344 14885 14885 I SV[137774491 SplashActivity]: releaseSurfaces: viewRoot = VRI[SplashActivity]@35f4eb8
03-02 00:57:53.344 14885 14885 D VRI[SplashActivity]@35f4eb8: applyTransactionOnDraw applyImmediately
03-02 00:57:53.344 14885 14885 D SV[6876039 SplashActivity]: updateSurface: surface is not valid
03-02 00:57:53.345 14885 14885 I SV[6876039 SplashActivity]: releaseSurfaces: viewRoot = VRI[SplashActivity]@35f4eb8
03-02 00:57:53.345 14885 14885 D VRI[SplashActivity]@35f4eb8: applyTransactionOnDraw applyImmediately
03-02 00:57:53.345 14885 14885 D SV[7374587 SplashActivity]: updateSurface: surface is not valid
03-02 00:57:53.345 14885 14885 I SV[7374587 SplashActivity]: releaseSurfaces: viewRoot = VRI[SplashActivity]@35f4eb8
03-02 00:57:53.345 14885 14885 D VRI[SplashActivity]@35f4eb8: applyTransactionOnDraw applyImmediately
03-02 00:57:53.345 14885 14885 D SV[137774491 SplashActivity]: updateSurface: surface is not valid
03-02 00:57:53.345 14885 14885 I SV[137774491 SplashActivity]: releaseSurfaces: viewRoot = VRI[SplashActivity]@35f4eb8
03-02 00:57:53.345 14885 14885 D VRI[SplashActivity]@35f4eb8: applyTransactionOnDraw applyImmediately
03-02 00:57:53.346 14885 14885 D VRI[SplashActivity]@35f4eb8: Not drawing due to not visible. Reason=!mAppVisible && !mForceDecorViewVisibility
03-02 00:57:53.346 14885 14885 D VRI[SplashActivity]@35f4eb8: Pending transaction will not be applied in sync with a draw due to view not visible
03-02 00:57:53.346 14885 14885 I VRI[SplashActivity]@35f4eb8: mWNT: t=0x769ac0ba00 mBlastBufferQueue=0xnull fn= 0 HdrRenderState mRenderHdrSdrRatio=1.0 caller= android.view.ViewRootImpl.handleSyncRequestWhenNoAsyncDraw:6733 android.view.ViewRootImpl.performTraversals:5504 android.view.ViewRootImpl.doTraversal:3924
03-02 00:57:53.348 14885 15423 D HWUI    : CacheManager::trimMemory(20)
03-02 00:57:53.349 14885 14885 I VRI[SplashActivity]@35f4eb8: stopped(true) old = false
03-02 00:57:53.349 17121 17121 I Dialog  : mIsDeviceDefault = false, mIsSamsungBasicInteraction = false, isMetaDataInActivity = false
03-02 00:57:53.349 14885 14885 D VRI[SplashActivity]@35f4eb8: WindowStopped on com.zhiliaoapp.musically/com.ss.android.ugc.aweme.splash.SplashActivity set to true
03-02 00:57:53.349 14885 15423 D HWUI    : CacheManager::trimMemory(20)
03-02 00:57:53.350  2991  3003 I LocationAccessPolicy: checkLocationPermission - callingUid: 10492, callingPid: 14636, result: DENIED_SOFT
03-02 00:57:53.351  3438  3438 I EPDG -- SIM0 [SMARTCELLULAR]: onSignalStrengthsChanged: SignalStrength:{mCdma=Invalid,mGsm=Invalid,mWcdma=Invalid,mTdscdma=Invalid,mLte=CellSignalStrengthLte: rssi=-107 rsrp=-107 rsrq=-8 rssnr=7 cqiTableIndex=2147483647 cqi=2147483647 ta=2147483647 level=3 parametersUseForLevel=0,mNr=Invalid,SignalBarInfo{ lteLevel=2 },rat=14,primary=CellSignalStrengthLte}
03-02 00:57:53.351  2991  3003 I LocationAccessPolicy: checkLocationPermission - callingUid: 10492, callingPid: 14636, result: DENIED_SOFT
03-02 00:57:53.351  1507  1507 I SurfaceFlinger: [LayerHierarchy{RequestedLayerState{7086fb SurfaceView[com.zhiliaoapp.musically/com.ss.android.ugc.aweme.splash.SplashActivity]@0#157131 z=-2} 2 children}] reparent to OffscreenRoot
03-02 00:57:53.351  1507  1507 I SurfaceFlinger: [LayerHierarchy{RequestedLayerState{7086fb SurfaceView[com.zhiliaoapp.musically/com.ss.android.ugc.aweme.splash.SplashActivity]@0#157131 z=-2} 2 children}] RelativeParent to null
03-02 00:57:53.351  1507  1507 I SurfaceFlinger: [LayerHierarchy{RequestedLayerState{Background for 68eb87 SurfaceView[com.zhiliaoapp.musically/com.ss.android.ugc.aweme.splash.SplashActivity]@0#157123 z=-2147483648} no children}] reparent to OffscreenRoot
03-02 00:57:53.351  1507  1507 I SurfaceFlinger: [LayerHierarchy{RequestedLayerState{Background for 68eb87 SurfaceView[com.zhiliaoapp.musically/com.ss.android.ugc.aweme.splash.SplashActivity]@0#157123 z=-2147483648} no children}] RelativeParent to null
03-02 00:57:53.351  1507  1507 I SurfaceFlinger: [LayerHierarchy{RequestedLayerState{68eb87 SurfaceView[com.zhiliaoapp.musically/com.ss.android.ugc.aweme.splash.SplashActivity]@0(BLAST)#157122} no children}] reparent to OffscreenRoot
03-02 00:57:53.351  1507  1507 I SurfaceFlinger: [LayerHierarchy{RequestedLayerState{68eb87 SurfaceView[com.zhiliaoapp.musically/com.ss.android.ugc.aweme.splash.SplashActivity]@0(BLAST)#157122} no children}] RelativeParent to null
03-02 00:57:53.351  1507  1507 I SurfaceFlinger: [LayerHierarchy{RequestedLayerState{7086fb SurfaceView[com.zhiliaoapp.musically/com.ss.android.ugc.aweme.splash.SplashActivity]@0(BLAST)#157132} no children}] reparent to OffscreenRoot
03-02 00:57:53.351  1507  1507 I SurfaceFlinger: [LayerHierarchy{RequestedLayerState{7086fb SurfaceView[com.zhiliaoapp.musically/com.ss.android.ugc.aweme.splash.SplashActivity]@0(BLAST)#157132} no children}] RelativeParent to null
03-02 00:57:53.351  1507  1507 I SurfaceFlinger: [LayerHierarchy{RequestedLayerState{68eb87 SurfaceView[com.zhiliaoapp.musically/com.ss.android.ugc.aweme.splash.SplashActivity]@0#157121 z=-2} no children}] reparent to OffscreenRoot
03-02 00:57:53.351  3438  4395 I EPDG -- SIM0 [SMARTCELLULAR]: lastLteRSRP is -106 currentLteRSRP is -107 lastLteRSRQ is -8 currentLteRSRQ is -8 lastLteSNR is 7 currentLteSNR is 7
03-02 00:57:53.351  1507  1507 I SurfaceFlinger: [LayerHierarchy{RequestedLayerState{68eb87 SurfaceView[com.zhiliaoapp.musically/com.ss.android.ugc.aweme.splash.SplashActivity]@0#157121 z=-2} no children}] RelativeParent to null
03-02 00:57:53.351  1507  1507 I SurfaceFlinger: [LayerHierarchy{RequestedLayerState{Background for 836459b SurfaceView[com.zhiliaoapp.musically/com.ss.android.ugc.aweme.splash.SplashActivity]@0#157129 z=-2147483648} no children}] reparent to OffscreenRoot
