03-02 00:57:30.734  1507  1825 I SurfaceFlinger: Capture layer list: 	 com.zhiliaoapp.musically/com.ss.android.ugc.aweme.splash.SplashActivity$_14885#156366(seamlessTransition:0)
03-02 00:57:30.738  2746  2808 D InputTransport: Input channel destroyed: '95e5dd7', fd=606
03-02 00:57:30.741  1646  3125 I CameraService: onUidStateChanged: uid=10062, procState is changed. (1 -> 0)
03-02 00:57:30.745  2746  5007 I BLASTBufferQueue: [VRI[test]@f0c9f8c#7719](f:0,a:1,s:0) destructor()
03-02 00:57:30.746  1507  1507 I SurfaceFlinger: RequestedLayer [Task=44885#156356] hidden!! flag  from(0) --> to(1)
03-02 00:57:30.746  1507  1507 I SurfaceFlinger: [LayerHierarchy{RequestedLayerState{95e5dd7 Splash Screen com.podcast.app.debug.test#156358 z=2147483647} 1 children}] reparent to OffscreenRoot
03-02 00:57:30.746  1507  1507 I SurfaceFlinger: [LayerHierarchy{RequestedLayerState{95e5dd7 Splash Screen com.podcast.app.debug.test#156358 z=2147483647} 1 children}] RelativeParent to null
03-02 00:57:30.746  1507  1507 I SurfaceFlinger: [LayerHierarchy{RequestedLayerState{a9073a9 com.podcast.app.debug.test/androidx.test.core.app.InstrumentationActivityInvoker$EmptyActivity#156359 parentId=156357} 1 children}] reparent to LayerHierarchy{RequestedLayerState{ActivityRecord{164199557 u0 com.podcast.app.debug.test/androidx.test.core.app.InstrumentationActivityInvoker$EmptyActivity t44885}#156357 parentId=156356} 2 children}
03-02 00:57:30.746  1507  1507 I SurfaceFlinger: [LayerHierarchy{RequestedLayerState{Splash Screen com.podcast.app.debug.test$_2746#156363} no children}] reparent to OffscreenRoot
03-02 00:57:30.746  1507  1507 I SurfaceFlinger: [LayerHierarchy{RequestedLayerState{Splash Screen com.podcast.app.debug.test$_2746#156363} no children}] RelativeParent to null
03-02 00:57:30.746  1507  1507 I SurfaceFlinger: [LayerHierarchy{RequestedLayerState{Surface(name=a9073a9 com.podcast.app.debug.test/androidx.test.core.app.InstrumentationActivityInvoker$EmptyActivity)/@0xa044d31 - animation-leash of starting_reveal#156382} no children}] reparent to OffscreenRoot
03-02 00:57:30.746  1507  1507 I SurfaceFlinger: [LayerHierarchy{RequestedLayerState{Surface(name=a9073a9 com.podcast.app.debug.test/androidx.test.core.app.InstrumentationActivityInvoker$EmptyActivity)/@0xa044d31 - animation-leash of starting_reveal#156382} no children}] RelativeParent to null
03-02 00:57:30.747  2746  5007 D BufferQueueConsumer: [VRI[test]@f0c9f8c#7719(BLAST Consumer)7719](id:aba00001e27,api:0,p:-1,c:2746) disconnect
03-02 00:57:30.748  2746  2746 D SystemUIService: SYSUI_RAM_OPTIMIZATION onTrimMemory=20
03-02 00:57:30.749  2013  3566 W system_server: Large reply transaction of 322012 bytes, interface descriptor android.app.IActivityTaskManager, code 26
03-02 00:57:30.750  2746  2746 D CentralSurfaces: SYSUI_RAM_OPTIMIZATION onTrimMemory=20
03-02 00:57:30.752  2746  2870 D HWUI    : CacheManager::trimMemory(20)
03-02 00:57:30.752  1507  1563 I SurfaceFlinger: onHandleDestroyed: layerId=156363, name=Splash Screen com.podcast.app.debug.test$_2746#156363
03-02 00:57:30.753  1507  1563 I SurfaceFlinger: id=156363 Removed Splash Screen com.podcast.app.debug.test$_2746#156363 (334)
03-02 00:57:30.757  1507  1507 I SurfaceFlinger: destroyed Splash Screen com.podcast.app.debug.test$_2746#156363
03-02 00:57:30.759  1507  1507 I Layer   : id=156363 Destroyed Splash Screen com.podcast.app.debug.test$_2746#156363
03-02 00:57:30.762  1445  2902 W C2MtkBufferManager: [0xB4000070F507E520] fetchNewCcBlock: wait fence 0x0xb4000070f5058270 timed out. ret 110
03-02 00:57:30.786 12859 12960 I SGPController: onForegroundAppChanged() update=false, cn=ComponentInfo{com.zhiliaoapp.musically/com.ss.android.ugc.aweme.main.MainActivity}, r=SkRegion((0,0,198,2340)(882,0,1080,2340))
03-02 00:57:30.794  3202  3202 I HoneySpace.EdgePanel.EdgeVisibilityRepository: getComputedTrayVisible : keyguardState = 1
03-02 00:57:30.794  3202  3202 I HoneySpace.EdgePanel.EdgeVisibilityRepository: updateTrayVisible: State = 0x1, visible = true, current containerState = 0, specificMode = 0
03-02 00:57:30.795  3202  3202 I HoneySpace.EdgePanel.EdgeVisibilityRepository: Same container state 0
03-02 00:57:30.812  5235 12846 I HBD     : a [SKE_SPECIFIC] specific model[com.zhiliaoapp.musically] loaded, 105395308 ns
03-02 00:57:30.831  1507  1825 I SurfaceFlinger: Capture layer list: 	 com.podcast.app.debug/androidx.activity.ComponentActivity$_17121#156347(seamlessTransition:0)
03-02 00:57:30.831  1507  1825 I SurfaceFlinger: Capture layer list: 	 DimTransitionLayer for Surface(name=Task=44543)/@0xbf71553#156380(seamlessTransition:0)
03-02 00:57:30.831  1507  1825 I SurfaceFlinger: Capture layer list: 	 app-background-layer#156381(seamlessTransition:0)
03-02 00:57:30.831  1507  1825 I SurfaceFlinger: Capture layer list: 	 com.zhiliaoapp.musically/com.ss.android.ugc.aweme.splash.SplashActivity$_14885#156366(seamlessTransition:0)
03-02 00:57:30.836  1445  2902 W C2MtkBufferManager: [0xB4000070F507E520] fetchNewCcBlock: wait fence 0x0xb4000070f5058270 timed out. ret 110
03-02 00:57:30.863  1450 18845 I mtkpower_client: perf_lock_rel, hdl:76645, pid: 1450, tid:18845
03-02 00:57:30.863  1450 18845 I mtkpower_client: perf_lock_acq, hdl:0, dur:0, num:2, pid:1450, tid:18845
03-02 00:57:30.863  1464  1529 I libPowerHal: [perfLockRel] hdl:76645, idx:6
03-02 00:57:30.864  1464  1529 I libPowerHal: [set_cpuidle] enable:1, fd:17, scn:0xb40000737b614050
03-02 00:57:30.864  1464  1529 I libPowerHal: [PD] vendor.samsung. update cmd:1c3c100 param:1 pr:6
03-02 00:57:30.864  1464  1529 I libPowerHal: [perfLockRel] Done for hdl : 76645
03-02 00:57:30.865  2013  2023 I system_server: Background concurrent mark compact GC freed 39MB AllocSpace bytes, 179(3500KB) LOS objects, 22% free, 167MB/215MB, paused 11.220ms,14.687ms total 1.390s
03-02 00:57:30.865  1450 18845 I mtkpower_client: ret_hdl:76649
03-02 00:57:30.865  1450 18845 I mtkpower_client: perf_lock_rel, hdl:76647, pid: 1450, tid:18845
03-02 00:57:30.865  1464  1529 I libPowerHal: [perfLockAcq] idx:8 hdl:76649 hint:-1 pid:1450 tid:18845 duration:0 lock_user:vendor.samsung. => ret_hdl:76649
03-02 00:57:30.865  1464  1529 I libPowerHal: [set_cpuidle] enable:0, fd:17, scn:0xb40000737b61a740
03-02 00:57:30.866  1464  1529 I libPowerHal: [get_cpu_dma_latency_value] 0
03-02 00:57:30.866  1464  1529 I libPowerHal: [PE] vendor.samsung. update cmd:1c3c100 param:0 pr:3
03-02 00:57:30.866  1464  1529 I libPowerHal: [perfLockAcq] Done for hdl : 76649
03-02 00:57:30.866  1450 18845 I mtkpower_client: perf_lock_acq, hdl:0, dur:0, num:2, pid:1450, tid:18845
03-02 00:57:30.866  1507  2128 I SurfaceFlinger: onHandleDestroyed: layerId=156100, name=Task=44874#156100
03-02 00:57:30.866  1507  2128 I SurfaceFlinger: id=156100 Removed Task=44874#156100 (333)
03-02 00:57:30.866  1507  1563 I SurfaceFlinger: onHandleDestroyed: layerId=156115, name=Task=44875#156115
03-02 00:57:30.866  1507  1563 I SurfaceFlinger: id=156115 Removed Task=44875#156115 (333)
03-02 00:57:30.866  1464  1529 I libPowerHal: [perfLockRel] hdl:76647, idx:2
03-02 00:57:30.867  1464  1529 I libPowerHal: [PD] vendor.samsung. update cmd:1000000 param:-1 pr:6
03-02 00:57:30.868  1464  1529 I libPowerHal: [perfLockRel] Done for hdl : 76647
03-02 00:57:30.868  1450 18845 I mtkpower_client: ret_hdl:76650
03-02 00:57:30.868  1507  1507 I SurfaceFlinger: destroyed Task=44875#156115
03-02 00:57:30.868  1507  1507 I SurfaceFlinger: destroyed Task=44874#156100
03-02 00:57:30.868  1450 18845 I HYPER-HAL: [RequestManager.cpp]releaseLocked(): Released ID : 2063514
03-02 00:57:30.868  1464  1529 I libPowerHal: [perfLockAcq] idx:6 hdl:76650 hint:-1 pid:1450 tid:18845 duration:0 lock_user:vendor.samsung. => ret_hdl:76650
03-02 00:57:30.869  1464  1529 I libPowerHal: [setDvfsrcDevFreqOpp] opp:0, freq:4266000000
03-02 00:57:30.869  1464  1529 I libPowerHal: [PE] vendor.samsung. update cmd:1000000 param:0 pr:3
03-02 00:57:30.869  1464  1529 I libPowerHal: [perfLockAcq] Done for hdl : 76650
03-02 00:57:30.870  1507  1507 I Layer   : id=156115 Destroyed Task=44875#156115
03-02 00:57:30.870  1507  1507 I Layer   : id=156100 Destroyed Task=44874#156100
03-02 00:57:30.872  2013  2025 W System  : A resource failed to call HardwareBuffer.close.
03-02 00:57:30.872  2013  2025 W System  : A resource failed to call HardwareBuffer.close.
03-02 00:57:30.872  2013  2025 W System  : A resource failed to call release.
03-02 00:57:30.873  2013  2025 W System  : A resource failed to call HardwareBuffer.close.
03-02 00:57:30.873  2013  2025 W System  : A resource failed to call release.
03-02 00:57:30.873  2013  2025 W System  : A resource failed to call release.
03-02 00:57:30.874  2013  2025 W System  : A resource failed to call HardwareBuffer.close.
03-02 00:57:30.874  2013  2025 W System  : A resource failed to call release.
03-02 00:57:30.874  2013  2025 W System  : A resource failed to call release.
03-02 00:57:30.876  2013  2025 W System  : A resource failed to call release.
03-02 00:57:30.909  1445  2902 W C2MtkBufferManager: [0xB4000070F507E520] fetchNewCcBlock: wait fence 0x0xb4000070f5058270 timed out. ret 110
03-02 00:57:30.930  2013  2306 D InputReader: Input event(8): value=1 when=491129.930866
03-02 00:57:30.930  2013  2306 D PhoneWindowManager: interceptKeyTq keycode=25 interactive=true keyguardActive=false policyFlags=22000000
03-02 00:57:30.930  2013  2306 D SingleKeyGesture: interceptKeyDown, info : KeyCode=KEYCODE_UNKNOWN, size=0
03-02 00:57:30.931  2013  2306 D PhoneWindowManagerExt: interceptKeyTq code=25 down=true repeatCount=0 displayId=-1 interactive=true powerCombination=false
03-02 00:57:30.931  2013  2306 D PhoneWindowManager: interceptKeyTq interceptKeyResult=1
03-02 00:57:30.932  2746  2822 D RingtonePlayer: stopAsync()
03-02 00:57:30.932  2746  2822 D RingtonePlayer: stop
03-02 00:57:30.933  2013  2305 D InputDispatcher: We will try again in 146 msec by PWM
03-02 00:57:30.938  1446  1498 I SensorsHub: LightSensor: lux = 72, time = 767667326411899
03-02 00:57:30.942  1507  1825 I SurfaceFlinger: Capture layer list: 	 com.podcast.app.debug/androidx.activity.ComponentActivity$_17121#156347(seamlessTransition:0)
03-02 00:57:30.942  1507  1825 I SurfaceFlinger: Capture layer list: 	 DimTransitionLayer for Surface(name=Task=44543)/@0xbf71553#156380(seamlessTransition:0)
03-02 00:57:30.942  1507  1825 I SurfaceFlinger: Capture layer list: 	 app-background-layer#156381(seamlessTransition:0)
03-02 00:57:30.942  1507  1825 I SurfaceFlinger: Capture layer list: 	 com.zhiliaoapp.musically/com.ss.android.ugc.aweme.splash.SplashActivity$_14885#156366(seamlessTransition:0)
03-02 00:57:30.982  1445  2902 W C2MtkBufferManager: [0xB4000070F507E520] fetchNewCcBlock: wait fence 0x0xb4000070f5058270 timed out. ret 110
03-02 00:57:31.041  1507  1825 I SurfaceFlinger: Capture layer list: 	 com.podcast.app.debug/androidx.activity.ComponentActivity$_17121#156347(seamlessTransition:0)
03-02 00:57:31.041  1507  1825 I SurfaceFlinger: Capture layer list: 	 DimTransitionLayer for Surface(name=Task=44543)/@0xbf71553#156380(seamlessTransition:0)
03-02 00:57:31.041  1507  1825 I SurfaceFlinger: Capture layer list: 	 app-background-layer#156381(seamlessTransition:0)
03-02 00:57:31.041  1507  1825 I SurfaceFlinger: Capture layer list: 	 com.zhiliaoapp.musically/com.ss.android.ugc.aweme.splash.SplashActivity$_14885#156366(seamlessTransition:0)
03-02 00:57:31.055  1445  2902 W C2MtkBufferManager: [0xB4000070F507E520] fetchNewCcBlock: wait fence 0x0xb4000070f5058270 timed out. ret 110
03-02 00:57:31.080  2013  2305 D PhoneWindowManager: interceptKeyTi keyCode=25 action=0 repeatCount=0 keyguardOn=false canceled=false
03-02 00:57:31.080  2013  2305 D PhoneWindowManagerExt: interceptKeyTi code=25 down=true repeatCount=0 displayId=-1 interactive=true
03-02 00:57:31.081  2013  2305 I InputDispatcher: Delivering key to (14885): VD action: 0x0 (0), f=0x8, m=0x0, d=0, 'cd2d6b5'
03-02 00:57:31.081  5235  5235 I HBD     : c skip onKeyDown as physical keyboard not connected
03-02 00:57:31.081  5235  5235 I HBD     : HoneyBoardService onKeyDown r:afb51f44 consumed:false 0
03-02 00:57:31.082  5235  5235 I HBD     : b onUpdateEditorToolType was called with unKnown motion event.
03-02 00:57:31.082 14885 14885 I VRI[SplashActivity]@35f4eb8: ViewPostIme key 0
03-02 00:57:31.083 14885 14885 I System.out: SAFFragmentRootScene: onActivityKeyDown Start (SAFFragmentRootScene{79e191c})
03-02 00:57:31.085  2013  3566 D MediaSessionService: dispatchVolumeKeyEvent, pkg=com.zhiliaoapp.musically, opPkg=com.zhiliaoapp.musically, pid=14885, uid=10350, asSystem=true, event=KeyEvent { action=ACTION_DOWN, keyCode=KEYCODE_VOLUME_DOWN, scanCode=114, metaState=0, flags=0x8, repeatCount=0, eventTime=491129930866000, downTime=491129930866000, deviceId=3, source=0x101, displayId=-1 }, stream=-2147483648, musicOnly=false
03-02 00:57:31.085  2013  3566 D MediaSessionService: Adjusting suggestedStream=-2147483648 by -1. flags=4113, preferSuggestedStream=false, session=null
03-02 00:57:31.086  2013  2013 D AudioManager: adjustSuggestedStreamVolumeForUid : suggestedStreamType=-2147483648, direction=-1 callers=MediaSessionService$SessionManagerImpl$3.run:56<-Handler.handleCallback:995<-Handler.dispatchMessage:103<-Looper.loopOnce:273<-Looper.loop:363
03-02 00:57:31.086  2013  2013 D AS.AudioService: adjustSuggestedStreamVolume() stream=-2147483648, flags=4113, caller=android, volControlStream=-1, userSelect=false
03-02 00:57:31.087  1484  9573 V APM_AudioPolicyManager: getAudioPolicyConfig: audioParam;l_stream_active
03-02 00:57:31.087  2013  2013 D AS.AudioService: adjustStreamVolume() stream=3, dir=-1, flags=4113, caller=android
03-02 00:57:31.089  1484  3507 V APM_AudioPolicyManager: getAudioPolicyConfig: audioParam;l_fmradio_record_active
03-02 00:57:31.089  2013  2013 D AS.AudioService: updateVolumeGroupIndex for stream 10, muted=false, device=2, index=31, group AUDIO_STREAM_ACCESSIBILITY Muted=false, Index=3, forceMuteState=false
03-02 00:57:31.092  2013  2013 D AS.AudioService: updateVolumeGroupIndex for stream 9, muted=false, device=2, index=22, group AUDIO_STREAM_TTS Muted=false, Index=2, forceMuteState=false
03-02 00:57:31.092  2013  2013 D AS.AudioService: updateVolumeGroupIndex for stream 3, muted=false, device=2, index=22, group AUDIO_STREAM_MUSIC Muted=false, Index=2, forceMuteState=false
03-02 00:57:31.092  2013  2600 D AS.AudioService: setStreamVolumeIndexAS(streamType=3, index=2, muted=false, device=2)
03-02 00:57:31.092  2013  2600 D AS.AudioService: setStreamVolumeIndexAS(streamType=3, index=2, muted=false, device=1)
03-02 00:57:31.092  2013  2600 D AS.AudioService: setStreamVolumeIndexAS(streamType=10, index=3, muted=false, device=2)
03-02 00:57:31.093  1484  3507 V APM_AudioPolicyManager: setVolumeCurveIndex stream AUDIO_STREAM_ACCESSIBILITY, device 0x00000002, index 3  muted 0
03-02 00:57:31.093  2746  2798 I SurfaceControlRegistry: apply, t=FinishTransaction_SyncId<11283>, caller=android.view.SurfaceControl$Transaction.apply:3459 android.view.SurfaceControl$Transaction.apply:3447 android.view.SurfaceControl$Transaction.apply:3397 com.android.wm.shell.transition.Transitions.onFinish:315 com.android.wm.shell.transition.Transitions$$ExternalSyntheticLambda7.onTransitionFinished:12 com.android.wm.shell.transition.DefaultTransitionHandler$$ExternalSyntheticLambda6.run:36
03-02 00:57:31.094  2013  2306 D InputReader: Input event(8): value=0 when=491130.094856
03-02 00:57:31.094  1444  1807 W hwcomposer: [DRMDEV] paramIsSame(), id 45708, w 1080/1080, h 2340/2340, pitch 1088/1088, format 0x1/0x2, secure 0/0
03-02 00:57:31.094  2013  2306 D PhoneWindowManager: interceptKeyTq keycode=25 interactive=true keyguardActive=false policyFlags=22000000
03-02 00:57:31.094  2013  2067 D PhoneWindowManager: handleKeyGestureEvent, type=11 keyguardOn=false displayId=0
03-02 00:57:31.094  1507  1507 D SurfaceFlinger: Display 4627039422300187648 HWC layers:
03-02 00:57:31.094  1507  1507 D SurfaceFlinger:        DEVICE |           73534135074912 | 00002102 | RGBA_8888    |    0.0    0.0    0.0    0.0 |    0    0   -1   -1 | com.podcast.app.debug/androidx.activity.ComponentActivity$_17121#156347 (38)
03-02 00:57:31.094  1507  1507 D SurfaceFlinger:   SOLID_COLOR |                        0 | 00000000 | N/A          |    0.0    0.0    0.0    0.0 |    0    0   -1   -1 | DimTransitionLayer for Surface(name=Task=44543)/@0xbf71553#156380 (0)
03-02 00:57:31.094  1507  1507 D SurfaceFlinger:   SOLID_COLOR |                        0 | 00000000 | N/A          |    0.0    0.0    0.0    0.0 |    0    0 1080 2340 | app-background-layer#156381 (0)
03-02 00:57:31.094  1507  1507 D SurfaceFlinger:   SOLID_COLOR |                        0 | 00000002 | N/A          |    0.0    0.0    0.0    0.0 |    0    0   -1   -1 | Background for 68eb87 SurfaceView[co[...]weme.splash.SplashActivity]@0#156372 (0)
03-02 00:57:31.094  1507  1507 D SurfaceFlinger:   SOLID_COLOR |                        0 | 00000002 | N/A          |    0.0    0.0    0.0    0.0 |    0   80 1080 2000 | Background for 7086fb SurfaceView[co[...]weme.splash.SplashActivity]@0#156375 (0)
03-02 00:57:31.094  1507  1507 D SurfaceFlinger:   SOLID_COLOR |
03-02 00:57:31.094  1507  1507 D SurfaceFlinger:     0 | 00000002 | N/A          |    0.0    0.0    0.0    0.0 |    0    0   -1   -1 | Background for 836459b SurfaceView[c[...]weme.splash.SplashActivity]@0#156378 (0)
03-02 00:57:31.094  1507  1507 D SurfaceFlinger:        DEVICE |           63930588202198 | 00002100 | RGBA_8888    |    0.0    0.0 1080.0 2340.0 |    0    0 1080 2340 | com.zhiliaoapp.musically/com.ss.andr[...].splash.SplashActivity$_14885#156366 (5)
03-02 00:57:31.094  1507  1507 D SurfaceFlinger:        DEVICE |           11793980281879 | 00002100 | RGBA_8888    |    0.0    0.0 1080.0   80.0 |    0    0 1080   80 | StatusBar$_2746#117 (211113)
03-02 00:57:31.094  1507  1507 D SurfaceFlinger:        DEVICE |           13752485304097 | 00002100 | RGBA_8888    |    0.0    0.0   67.0  346.0 | 1013  454 1080  800 | com.sec.android.app.launcher/com.sam[...].app.CocktailBarService$_3202#152779 (1)
03-02 00:57:31.094  1507  1507 D SurfaceFlinger:        DEVICE |           11793980281862 | 00002100 | RGBA_8888    |    0.0    0.0 1080.0  135.0 |    0 2205 1080 2340 | NavigationBar0$_2746#113 (188016)
03-02 00:57:31.094  1507  1507 D SurfaceFlinger:
03-02 00:57:31.094  2013  2067 D PhoneWindowManager: handleKeyGestureEvent, type=11 keyguardOn=false displayId=0
03-02 00:57:31.094  2013  2067 D PhoneWindowManager: handleKeyGestureEvent, type=11 keyguardOn=false displayId=0
03-02 00:57:31.096  2013  2306 D PhoneWindowManagerExt: interceptKeyTq code=25 down=false repeatCount=0 displayId=-1 interactive=true powerCombination=false
03-02 00:57:31.096  2013  2306 D PhoneWindowManager: interceptKeyTq interceptKeyResult=1
03-02 00:57:31.096  2013  2600 D AS.AudioService: setStreamVolumeIndexAS(streamType=10, index=3, muted=false, device=1)
03-02 00:57:31.097  2013  2305 D PhoneWindowManager: interceptKeyTi keyCode=25 action=1 repeatCount=0 keyguardOn=false canceled=false
03-02 00:57:31.097  1484  3507 V APM_AudioPolicyManager: setVolumeCurveIndex stream AUDIO_STREAM_ACCESSIBILITY, device 0x00000001, index 3  muted 0
03-02 00:57:31.097  2013  2305 D PhoneWindowManagerExt: interceptKeyTi code=25 down=false repeatCount=0 displayId=-1 interactive=true
03-02 00:57:31.097  2013  2305 I InputDispatcher: Delivering key to (14885): VD action: 0x1 (0), f=0x8, m=0x0, d=0, 'cd2d6b5'
03-02 00:57:31.098  5235  5235 I HBD     : HoneyBoardService onKeyUp r:346a01d5 consumed:false 0
03-02 00:57:31.098 14885 14885 I VRI[SplashActivity]@35f4eb8: ViewPostIme key 1
03-02 00:57:31.099  2013  4834 D MediaSessionService: dispatchVolumeKeyEvent, pkg=com.zhiliaoapp.musically, opPkg=com.zhiliaoapp.musically, pid=14885, uid=10350, asSystem=true, event=KeyEvent { action=ACTION_UP, keyCode=KEYCODE_VOLUME_DOWN, scanCode=114, metaState=0, flags=0x8, repeatCount=0, eventTime=491130094856000, downTime=491129930866000, deviceId=3, source=0x101, displayId=-1 }, stream=-2147483648, musicOnly=false
03-02 00:57:31.099  2013  4834 D MediaSessionService: Adjusting suggestedStream=-2147483648 by 0. flags=4116, preferSuggestedStream=false, session=null
03-02 00:57:31.099  2013  2600 D AS.AudioService: setStreamVolumeIndexAS(streamType=9, index=2, muted=false, device=2)
03-02 00:57:31.099 17121 17121 I VRI[ComponentActivity]@ee14b35: handleAppVisibility mAppVisible = true visible = false
03-02 00:57:31.099 17121 17121 D VRI[ComponentActivity]@ee14b35: visibilityChanged oldVisibility=true newVisibility=false
03-02 00:57:31.099  1484  3507 V APM_AudioPolicyManager: setVolumeCurveIndex stream AUDIO_STREAM_TTS, device 0x00000002, index 2  muted 0
03-02 00:57:31.100  2013  2013 D AudioManager: adjustSuggestedStreamVolumeForUid : suggestedStreamType=-2147483648, direction=0 callers=MediaSessionService$SessionManagerImpl$3.run:56<-Handler.handleCallback:995<-Handler.dispatchMessage:103<-Looper.loopOnce:273<-Looper.loop:363
03-02 00:57:31.100  2013  2013 D AS.AudioService: adjustSuggestedStreamVolume() stream=-2147483648, flags=4116, caller=android, volControlStream=-1, userSelect=false
03-02 00:57:31.101  5019  5019 I [MCFDs]_IntentUtil: emitToConsumer - (BLUETOOTH_AUDIO_STATE) ACTION_ID_BLUETOOTH_AUDIO_VOLUME_CHANGED, consumer size=1
03-02 00:57:31.102  2013  2600 D AS.AudioService: setStreamVolumeIndexAS(streamType=9, index=2, muted=false, device=1)
03-02 00:57:31.102  1484  3507 V APM_AudioPolicyManager: setVolumeCurveIndex stream AUDIO_STREAM_TTS, device 0x00000001, index 2  muted 0
03-02 00:57:31.102  1507  1507 I SurfaceFlinger: RequestedLayer [Task=44884#156340] hidden!! flag  from(0) --> to(1)
03-02 00:57:31.102  1507  1507 I SurfaceFlinger: [Display 0 name="Built-in Screen"#49] setFrameRateCategory: Default
03-02 00:57:31.102  1507  1507 I SurfaceFlinger: [LayerHierarchy{RequestedLayerState{app-background-layer#156381 z=-1} no children}] reparent to OffscreenRoot
03-02 00:57:31.102  1507  1507 I SurfaceFlinger: [LayerHierarchy{RequestedLayerState{app-background-layer#156381 z=-1} no children}] RelativeParent to null
03-02 00:57:31.102  1507  1507 I SurfaceFlinger: [LayerHierarchy{RequestedLayerState{Task=44884#156340 parentId=10 z=40} 1 children}] reparent to LayerHierarchy{RequestedLayerState{DefaultTaskDisplayArea_d0#10 parentId=9} 46 children}
03-02 00:57:31.102  1507  1507 I SurfaceFlinger: [LayerHierarchy{RequestedLayerState{Task=44543#147901 parentId=10 z=42} 2 children}] reparent to LayerHierarchy{RequestedLayerState{DefaultTaskDisplayArea_d0#10 parentId=9} 47 children}
03-02 00:57:31.102  1507  1507 I SurfaceFlinger: [LayerHierarchy{RequestedLayerState{DimTransitionLayer for Surface(name=Task=44543)/@0xbf71553#156380 z=-1} no children}] reparent to OffscreenRoot
03-02 00:57:31.102  1507  1507 I SurfaceFlinger: [LayerHierarchy{RequestedLayerState{DimTransitionLayer for Surface(name=Task=44543)/@0xbf71553#156380 z=-1} no children}] RelativeParent to null
03-02 00:57:31.102  1507  1507 I SurfaceFlinger: [LayerHierarchy{RequestedLayerState{Transition Root: Task=44543#156379 z=42} no children}] reparent to OffscreenRoot
03-02 00:57:31.102  1507  1507 I SurfaceFlinger: [LayerHierarchy{RequestedLayerState{Transition Root: Task=44543#156379 z=42} no children}] RelativeParent to null
03-02 00:57:31.104 17121 17389 D HWUI    : CacheManager::trimMemory(20)
03-02 00:57:31.104  1507  1507 I SurfaceFlinger: onHandleDestroyed: layerId=156381, name=app-background-layer#156381
03-02 00:57:31.104  1507  1507 I SurfaceFlinger: id=156381 Removed app-background-layer#156381 (331)
03-02 00:57:31.104  1507  1507 I SurfaceFlinger: onHandleDestroyed: layerId=156380, name=DimTransitionLayer for Surface(name=Task=44543)/@0xbf71553#156380
03-02 00:57:31.104  1507  1507 I SurfaceFlinger: id=156380 Removed DimTransitionLayer for Surface(name=Task=44543)/@0xbf71553#156380 (331)
03-02 00:57:31.104  1507  1507 I SurfaceFlinger: onHandleDestroyed: layerId=156379, name=Transition Root: Task=44543#156379
03-02 00:57:31.104  1507  1507 I SurfaceFlinger: id=156379 Removed Transition Root: Task=44543#156379 (331)
03-02 00:57:31.104  1507  1507 I SurfaceFlinger: onHandleDestroyed: layerId=156358, name=95e5dd7 Splash Screen com.podcast.app.debug.test#156358
03-02 00:57:31.104  1507  1507 I SurfaceFlinger: id=156358 Removed 95e5dd7 Splash Screen com.podcast.app.debug.test#156358 (331)
03-02 00:57:31.104  1507  1507 E RefreshRateSelector: Can't find HRR max refresh rate by policy with the same group 0
03-02 00:57:31.105  2746  2746 D SystemUIService: SYSUI_RAM_OPTIMIZATION onTrimMemory=20
03-02 00:57:31.106  2746  2746 D CentralSurfaces: SYSUI_RAM_OPTIMIZATION onTrimMemory=20
03-02 00:57:31.107  1484  9573 V APM_AudioPolicyManager: setAudioPolicyConfig: audioParam;l_volume_fine_key;index=22;device=2
03-02 00:57:31.107  1484  9573 V APM_AudioPolicyManager: setVolumeCurveIndex stream AUDIO_STREAM_MUSIC, device 0x00000002, index 2  muted 0
03-02 00:57:31.107  1484 24378 V APM_AudioPolicyManager: getAudioPolicyConfig: audioParam;l_stream_active
03-02 00:57:31.107  1484  9573 V APM_AudioPolicyManager: checkAndSetVolume: output 21, stream 3, index 2, devices 0x2, volume 0.005792, delayMs 0, muted false
03-02 00:57:31.107 10943 10943 I DVFSHelper: onReceive() : SEM_VOLUME_CHANGED_ACTION has received
03-02 00:57:31.107 10943 10943 I DVFSHelper: onReceive() : changed volume level is 3
03-02 00:57:31.108  1507  1507 D SurfaceFlinger: Display 4627039422300187648 HWC layers:
03-02 00:57:31.108  1507  1507 D SurfaceFlinger:   SOLID_COLOR |                        0 | 00000002 | N/A          |    0.0    0.0    0.0    0.0 |    0    0   -1   -1 | Background for 68eb87 SurfaceView[co[...]weme.splash.SplashActivity]@0#156372 (0)
03-02 00:57:31.108  1507  1507 D SurfaceFlinger:   SOLID_COLOR |                        0 | 00000002 | N/A          |    0.0    0.0    0.0    0.0 |    0   80 1080 2000 | Background for 7086fb SurfaceView[co[...]weme.splash.SplashActivity]@0#156375 (0)
03-02 00:57:31.108  1507  1507 D SurfaceFlinger:   SOLID_COLOR |                        0 | 00000002 | N/A          |    0.0    0.0    0.0    0.0 |    0    0   -1   -1 | Background for 836459b SurfaceView[c[...]weme.splash.SplashActivity]@0#156378 (0)
03-02 00:57:31.108  1507  1507 D SurfaceFlinger:        DEVICE |           63930588202198 | 00002100 | RGBA_8888    |    0.0    0.0 1080.0 2340.0 |    0    0 1080 2340 | com.zhiliaoapp.musically/com.ss.andr[...].splash.SplashActivity$_14885#156366 (5)
03-02 00:57:31.108  1507  1507 D SurfaceFlinger:        DEVICE |           11793980281879 | 00002100 | RGBA_8888    |    0.0    0.0 1080.0   80.0 |    0    0 1080   80 | StatusBar$_2746#117 (211113)
03-02 00:57:31.108  1507  1507 D SurfaceFlinger:        DEVICE |
03-02 00:57:31.108  1507  1507 D SurfaceFlinger:      13752485304097 | 00002100 | RGBA_8888    |    0.0    0.0   67.0  346.0 | 1013  454 1080  800 | com.sec.android.app.launcher/com.sam[...].app.CocktailBarService$_3202#152779 (1)
03-02 00:57:31.108  1507  1507 D SurfaceFlinger:        DEVICE |           11793980281853 | 00002100 | RGBA_8888    |    0.0    0.0 1080.0  135.0 |    0 2205 1080 2340 | NavigationBar0$_2746#113 (188017)
03-02 00:57:31.108  1507  1507 D SurfaceFlinger:
03-02 00:57:31.109 10943 18858 I DVFSHelper: run() : beginning of thread for SEM_VOLUME_CHANGED_ACTION
03-02 00:57:31.109 10943 18858 I DVFSHelper: setCurrentMediaVolume() : current media volume is active, so need to boost cpu
03-02 00:57:31.109 10943 18858 I DVFSHelper: run() : end of thread for SEM_VOLUME_CHANGED_ACTION
03-02 00:57:31.110  1484  9573 D APM_AudioPolicyManager: checkAndSetGainTableAnalogGain stream 3, devices 0x2, index 2
03-02 00:57:31.112  1484  1888 D StreamHalAidl: [out|ioHandle:13] setParameters: parameters: "volumeDevice=2;volumeIndex=2;volumeStreamType=3"
03-02 00:57:31.112 17532 17532 I VRI[InstrumentationActivityInvoker$EmptyActivity]@89fd79e: stopped(true) old = false
03-02 00:57:31.113  1509  1509 D Audio_ParameterParser: parseVendorParameters: scope: STREAM, keys/values: volumeDevice=2;volumeIndex=2;volumeStreamType=3
03-02 00:57:31.113  1507  1507 I SurfaceFlinger: RequestedLayer [com.podcast.app.debug/androidx.activity.ComponentActivity$_17121#156347] hidden!! flag  from(0) --> to(1)
03-02 00:57:31.114  1507  1507 I SurfaceFlinger: RequestedLayer [ActivityRecord{34269026 u0 com.podca[...]ity.ComponentActivity t44884}#156341] hidden!! flag  from(0) --> to(1)
03-02 00:57:31.114  1507  1507 I SurfaceFlinger: destroyed app-background-layer#156381
03-02 00:57:31.114  1439 16890 D AudioALSAStreamOut: +setParameters(): flag 2
03-02 00:57:31.114  1507  1507 I SurfaceFlinger: destroyed Transition Root: Task=44543#156379
03-02 00:57:31.114  1507  1507 I SurfaceFlinger: destroyed DimTransitionLayer for Surface(name=Task=44543)/@0xbf71553#156380
03-02 00:57:31.114  1507  1507 I SurfaceFlinger: destroyed 95e5dd7 Splash Screen com.podcast.app.debug.test#156358
03-02 00:57:31.114  1439 16890 D AudioALSAStreamManager: setVolumeIndex() stream= 3, device= 0x2, index= 2
03-02 00:57:31.114  1439 16890 D AudioMTKGainController: setNormalVolume(), mSceneIndex = 0, stream 3, devices 0x2, index 2, mode 0x0, gainDevice 0x2
03-02 00:57:31.114  2013  3645 I WindowManager: Relayout Window{429c57d u0 com.podcast.app.debug/androidx.activity.ComponentActivity}: viewVisibility=8 req=1080x2340 ty=1 d0
03-02 00:57:31.114 17532 17532 D VRI[InstrumentationActivityInvoker$EmptyActivity]@89fd79e: WindowStopped on com.podcast.app.debug.test/androidx.test.core.app.InstrumentationActivityInvoker$EmptyActivity set to true
03-02 00:57:31.114  2746  2870 D HWUI    : CacheManager::trimMemory(20)
03-02 00:57:31.114 17532 17563 D HWUI    : CacheManager::trimMemory(20)
03-02 00:57:31.115  1507  1507 I Layer   : id=156358 Destroyed 95e5dd7 Splash Screen com.podcast.app.debug.test#156358
03-02 00:57:31.115  1507  1507 I Layer   : id=156379 Destroyed Transition Root: Task=44543#156379
03-02 00:57:31.115  1507  1507 I Layer   : id=156380 Destroyed DimTransitionLayer for Surface(name=Task=44543)/@0xbf71553#156380
03-02 00:57:31.115  1507  1507 I Layer   : id=156381 Destroyed app-background-layer#156381
03-02 00:57:31.116  1484  9573 V APM_AudioPolicyManager: getNewOutputDevices selected devices AUDIO_DEVICE_NONE
03-02 00:57:31.116  1484  9573 V APM_AudioPolicyManager: checkAndSetVolume: output 13, stream 3, index 2, devices 0x2, volume 0.005792, delayMs 0, muted false
03-02 00:57:31.118  1484  9573 V APM_AudioPolicyManager: checkAndSetVolume: output 21, stream 3, index 2, devices 0x2, volume 0.005792, delayMs 0, muted false
03-02 00:57:31.119  1484  9573 D APM_AudioPolicyManager: checkAndSetGainTableAnalogGain stream 3, devices 0x2, index 2
03-02 00:57:31.120  2013  3645 I WindowManager: Relayout hash=429c57d, pid=17121, syncId=-1: mAttrs={(0,0)(fillxfill) sim={adjust=pan forwardNavigation} layoutInDisplayCutoutMode=always ty=BASE_APPLICATION wanim=0x1030317
03-02 00:57:31.120  2013  3645 I WindowManager:   fl=81810100
03-02 00:57:31.120  2013  3645 I WindowManager:   pfl=100088c0
03-02 00:57:31.120  2013  3645 I WindowManager:   bhv=1
03-02 00:57:31.120  2013  3645 I WindowManager:   fitSides=0
03-02 00:57:31.120  2013  3645 I WindowManager:   frameRateBoostOnTouch=true
03-02 00:57:31.120  2013  3645 I WindowManager:   dvrrWindowFrameRateHint=true naviIconColor=0}
03-02 00:57:31.120  1484  1888 D StreamHalAidl: [out|ioHandle:13] setParameters: parameters: "volumeDevice=2;volumeIndex=2;volumeStreamType=3"
03-02 00:57:31.120  2013  2065 D PkgPredictorService-SecIpmManagerServiceImpl: bg information pid:17121 uid:10685 pkgName:com.podcast.app.debug
03-02 00:57:31.120  1509  1509 D Audio_ParameterParser: parseVendorParameters: scope: STREAM, keys/values: volumeDevice=2;volumeIndex=2;volumeStreamType=3
03-02 00:57:31.121  1439 16890 D AudioALSAStreamOut: +setParameters(): flag 2
03-02 00:57:31.121 17532 17532 W WindowOnBackDispatcher: sendCancelIfRunning: isInProgress=false callback=android.view.ViewRootImpl$$ExternalSyntheticLambda16@6adcfaa
03-02 00:57:31.121  1439 16890 D AudioALSAStreamManager: setVolumeIndex() stream= 3, device= 0x2, index= 2
03-02 00:57:31.121  1439 16890 D AudioMTKGainController: setNormalVolume(), mSceneIndex = 0, stream 3, devices 0x2, index 2, mode 0x0, gainDevice 0x2
03-02 00:57:31.122  1484  9573 V APM_AudioPolicyManager: checkAndSetVolume: output 29, stream 3, index 2, devices 0x2, volume 0.005792, delayMs 0, muted false
03-02 00:57:31.123 17532 17563 I BLASTBufferQueue: [VRI[InstrumentationActivityInvoker$EmptyActivity]@89fd79e#23](f:0,a:1,s:0) destructor()
03-02 00:57:31.124 17532 17563 D BufferQueueConsumer: [VRI[InstrumentationActivityInvoker$EmptyActivity]@89fd79e#23(BLAST Consumer)23](id:447c00000017,api:0,p:-1,c:17532) disconnect
03-02 00:57:31.124 17121 17121 I BLASTBufferQueue: [VRI[ComponentActivity]@ee14b35#23](f:0,a:1,s:0) destructor()
03-02 00:57:31.125 17532 17563 D HWUI    : CacheManager::trimMemory(20)
03-02 00:57:31.126 17532 17532 D ViewRootImpl: Skipping stats log for color mode
03-02 00:57:31.126 17532 17532 I VRI[InstrumentationActivityInvoker$EmptyActivity]@89fd79e: dispatchDetachedFromWindow
03-02 00:57:31.126 17121 17121 D BufferQueueConsumer: [VRI[ComponentActivity]@ee14b35#23(BLAST Consumer)23](id:42e100000017,api:0,p:-1,c:17121) disconnect
03-02 00:57:31.127  2013  3645 D InputTransport: Input channel destroyed: 'a9073a9', fd=1083
03-02 00:57:31.127 10943 10943 I AudioPathManager: loadAudioPath() : loaded audio path is speaker (0)
03-02 00:57:31.127 10943 10943 I ModelUtil: isHighEndModel() : this model is SM-A155F
03-02 00:57:31.128 10943 10943 I EffectManager: isSupportDolbyAtmosOnThisAudioPath() : path is speaker (0)
03-02 00:57:31.128 10943 10943 I AudioPathManager: loadAudioPath() : loaded audio path is speaker (0)
03-02 00:57:31.128 10943 10943 I EffectManager: isSupportVolumeNormalizationOnCurrentAudioPath() : path is speaker (0)
03-02 00:57:31.128 10943 10943 I DVFSHelper: isNecessaryToBoostCPU() : isDolbyOn? false, isUHQUpscalerOn? false, isVoiceBoostOn? false, isVolumeNormalizationOn? false
03-02 00:57:31.128  1445  2902 W C2MtkBufferManager: [0xB4000070F507E520] fetchNewCcBlock: wait fence 0x0xb4000070f5058270 timed out. ret 110
03-02 00:57:31.127  2013  2013 D AS.AudioService: adjustStreamVolume() stream=3, dir=0, flags=4116, caller=android
03-02 00:57:31.128  5019  5019 I [MCFDs]_BudsDeviceObserver: updateDeviceVolume - 32 to 22
03-02 00:57:31.129 17121 17121 I VRI[ComponentActivity]@ee14b35: Relayout returned: old=(0,0,1080,2340) new=(0,0,1080,2340) relayoutAsync=false req=(1080,2340)8 dur=12 res=0x2 s={false 0x0} ch=true seqId=0
03-02 00:57:31.129 17121 17121 D VRI[ComponentActivity]@ee14b35: Not drawing due to not visible. Reason=!mAppVisible && !mForceDecorViewVisibility
03-02 00:57:31.130 17121 17121 I VRI[ComponentActivity]@ee14b35: stopped(true) old = false
03-02 00:57:31.130 17121 17121 D VRI[ComponentActivity]@ee14b35: WindowStopped on com.podcast.app.debug/androidx.activity.ComponentActivity set to true
03-02 00:57:31.130 17121 17389 D HWUI    : CacheManager::trimMemory(20)
03-02 00:57:31.131  2746  3672 I vol.Events: writeEvent active_stream_changed STREAM_MUSIC
03-02 00:57:31.131  2746  3672 I vol.Events: writeEvent level_changed STREAM_MUSIC 220
03-02 00:57:31.132 17121 17121 D LifecycleMonitor: Lifecycle status change: androidx.activity.ComponentActivity@4103be6 in: STOPPED
03-02 00:57:31.132 17121 17121 V ActivityScenario: Update currentActivityStage to STOPPED, currentActivity=androidx.activity.ComponentActivity@4103be6
03-02 00:57:31.132  2746  3672 D vol.VolumeDialogControl: onVolumeChangedW stream = 3, flags = 69649, lastAudibleStreamVolume = 220, changed = true, showUI = true, dualAudio = false, musicStreamState=[routedToHeadset=false, routedToBuds=false, routedToBuds3=false, routedToHomeMini=false, routedToMusicFrame=false, routedToHearingAid=false, remoteFixedVolume=false, remoteSpeaker=false]
03-02 00:57:31.133  2746  3672 I SoundCraft.VolumeManager: updateVolumeState VolumeModel(volume=22, minVolume=0, maxVolume=150, device=2, enable=true, isBroadcast=false, isAllSoundMute=false, isZenMode=0, isZenModeDisabled=false, isSmartViewEnabled=false, isMusicShareEnabled=false, isDisallowAdjustVolume=false)
03-02 00:57:31.133  2746  3672 D VolumeSeekBar: [QP volume] updateVolumeModel model: VolumeModel(volume=22, minVolume=0, maxVolume=150, device=0, enable=true, isBroadcast=false, isAllSoundMute=false, isZenMode=0, isZenModeDisabled=false, isSmartViewEnabled=false, isMusicShareEnabled=false, isDisallowAdjustVolume=false) isTracking : false
03-02 00:57:31.133  2746  2746 D SecVolume.VolumePanelStore: dispatch [ACTION_STATE_CHANGED with [STATE_UPDATE], currentAction={isFromOutside : true, isVoiceCapble : true, activeStream : 3}, currentState={activeStream=3(vol=320), stream=3(vol=320) } isPendingState : true, isHasVibrator : true, isVoiceCapable : true, isSetupWizardComplete : true, isCaptionComponentEnabled : true, isMediaDefaultEnabled : true, ringerModeInternal : 2, timeOutControlsText : 0, cutoutHeight : 0, iconTargetState : 1, pinDevice : 0, activeStream : 3, iconCurrentState : 1, timeOutControls : 0, timeOut : 3000, stream : 3, earProtectLevel : 909, systemTimeNow : 491119931}
03-02 00:57:31.133  2746  3672 D VolumeSeekBar: [QP volume] updateVolumeModel model: VolumeModel(volume=22, minVolume=0, maxVolume=150, device=0, enable=true, isBroadcast=false, isAllSoundMute=false, isZenMode=0, isZenModeDisabled=false, isSmartViewEnabled=false, isMusicShareEnabled=false, isDisallowAdjustVolume=false) isTracking : false
03-02 00:57:31.135  2746  3672 I vol.Events: writeEvent key STREAM_MUSIC 220
03-02 00:57:31.135  2746  2746 D SecVolume.SmartViewInteractor: isSmartView=false
03-02 00:57:31.135  2746  2746 D SecVolume.VolumePanelStore:   > New State : [STATE_UPDATE]
03-02 00:57:31.137 17532 17532 D InputTransport: Input channel destroyed: 'a9073a9', fd=119
03-02 00:57:31.137  2746  2746 D SecVolume.JSonLogger: applyVolumeRow 3: {"boolMap":{"ICON_ENABLED":false,"DYNAMIC":false,"VISIBILITY":true,"ICON_CLICKABLE":true,"MUTED":false,"SLIDER_ENABLED":true,"TRACKING":false,"ROUTED_TO_BLUETOOTH":false,"IMPORTANT":true,"ACTIVE_NOW":false},"intMap":{"ORIGINAL_PRIORITY":5,"PRIORITY":0,"LEVEL_MAX":15,"ICON_TYPE":3,"EAR_PROTECT_LEVEL":-1,"LEVEL":220,"REAL_LEVEL":220,"AUDIBLE_LEVEL":220,"LEVEL_MIN":0},"longMap":{"USER_ATTEMPT_TIME":490387300},"streamType":3,"stringMap":{"NAME_RES":"com.android.systemui:string/volumepanel_media","REMOTE_LABEL":"","DUAL_BT_DEVICE_ADDRESS":"","DUAL_BT_DEVICE_NAME":"","SMART_VIEW_LABEL":""}}
03-02 00:57:31.138  2013  3566 D AS.AudioService: forceVolumeControlStream(3)
03-02 00:57:31.139  2746  2746 D SecVolume.VolumePanelStore: dispatch [ACTION_PANEL_SHOW with [STATE_UPDATE], currentAction={isFromOutside : true}, currentState={activeStream=3(vol=220), stream=3(vol=220) } isPendingState : true, isHasVibrator : true, isVoiceCapable : true, isSetupWizardComplete : true, isCaptionComponentEnabled : true, isMediaDefaultEnabled : true, ringerModeInternal : 2, timeOutControlsText : 0, cutoutHeight : 0, iconTargetState : 1, pinDevice : 0, activeStream : 3, iconCurrentState : 1, timeOutControls : 0, timeOut : 3000, stream : 3, earProtectLevel : 909, systemTimeNow : 491130134}
03-02 00:57:31.139  2013  2600 I AS.AudioService: fine volume : l_volume_fine_key;index=22;device=2
03-02 00:57:31.139  1484 24378 V APM_AudioPolicyManager: setAudioPolicyConfig: audioParam;l_volume_fine_key;index=22;device=1
03-02 00:57:31.140  1484 24378 V APM_AudioPolicyManager: setVolumeCurveIndex stream AUDIO_STREAM_MUSIC, device 0x00000001, index 2  muted 0
03-02 00:57:31.140  2013  2065 D PkgPredictorService-SecIpmManagerServiceImpl: bg information pid:17532 uid:10687 pkgName:com.podcast.app.debug.test
03-02 00:57:31.141  1507  1907 I SurfaceFlinger: id=156384 createSurf, flag=24004, Task=44885#156384
03-02 00:57:31.141  1484 24378 V APM_AudioPolicyManager: getNewOutputDevices selected devices AUDIO_DEVICE_NONE
03-02 00:57:31.141  1484 24378 V APM_AudioPolicyManager: checkAndSetVolume: output 13, stream 3, index 2, devices 0x2, volume 0.005792, delayMs 0, muted false
03-02 00:57:31.143  1484 24378 V APM_AudioPolicyManager: checkAndSetVolume: output 21, stream 3, index 2, devices 0x2, volume 0.005792, delayMs 0, muted false
03-02 00:57:31.143  1507  1825 I SurfaceFlinger: Capture layer list: 	 com.zhiliaoapp.musically/com.ss.android.ugc.aweme.splash.SplashActivity$_14885#156366(seamlessTransition:0)
03-02 00:57:31.145  1484 24378 D APM_AudioPolicyManager: checkAndSetGainTableAnalogGain stream 3, devices 0x2, index 2
03-02 00:57:31.145 17121 17121 D LifecycleMonitor: Lifecycle status change: androidx.activity.ComponentActivity@4103be6 in: DESTROYED
03-02 00:57:31.146 17121 17121 V ActivityScenario: Update currentActivityStage to DESTROYED, currentActivity=null
03-02 00:57:31.146 17121 17121 W WindowOnBackDispatcher: sendCancelIfRunning: isInProgress=false callback=android.view.ViewRootImpl$$ExternalSyntheticLambda16@e865b1
03-02 00:57:31.147  1507  1507 I SurfaceFlinger: [LayerHierarchy{RequestedLayerState{a9073a9 com.podcast.app.debug.test/androidx.test.core.app.InstrumentationActivityInvoker$EmptyActivity#156359} 1 children}] reparent to OffscreenRoot
03-02 00:57:31.147  1507  1507 I SurfaceFlinger: [LayerHierarchy{RequestedLayerState{a9073a9 com.podcast.app.debug.test/androidx.test.core.app.InstrumentationActivityInvoker$EmptyActivity#156359} 1 children}] RelativeParent to null
03-02 00:57:31.147  1507  1507 I SurfaceFlinger: [LayerHierarchy{RequestedLayerState{com.podcast.app.debug.test/androidx.test.core.app.InstrumentationActivityInvoker$EmptyActivity$_17532#156360} no children}] reparent to OffscreenRoot
03-02 00:57:31.147  1507  1507 I SurfaceFlinger: [LayerHierarchy{RequestedLayerState{com.podcast.app.debug.test/androidx.test.core.app.InstrumentationActivityInvoker$EmptyActivity$_17532#156360} no children}] RelativeParent to null
03-02 00:57:31.147  1507  1507 I SurfaceFlinger: [Task=44885#156384] attach to parent Root
03-02 00:57:31.148  3202  3202 I HoneySpace.TaskStackChangeRepositoryImpl: onTaskRemoved : 44885
03-02 00:57:31.148  3202  3386 I HoneySpace.TopTaskSource: onTaskRemoved: 44885
03-02 00:57:31.148  1484  1921 D DlbEffectContext: transformExternalGain() volume:0x17B95 fVol:0.005792 extVal:-715
03-02 00:57:31.148  1484  1921 D DlbEndpointParamCache: commitChangedParams()
03-02 00:57:31.148  1484  1921 D DlbEndpointParamCache: commit() Applying parameters for device 0x40000000
03-02 00:57:31.148  1484  1921 D DlbDap2Process: setParam(preg = #1[0])
03-02 00:57:31.148  1484  1921 D DlbDap2Process: setSystemGain(vol = 0)
03-02 00:57:31.148  1484  1921 D DlbDap2Process: setParam(svol = #1[-715])
03-02 00:57:31.148  1484  1921 D DlbEndpointParamCache: doCommit() Committed 2 parameters out of 15.
03-02 00:57:31.148  1484  1921 D DlbEndpointParamCache: commit() Overriding parameters for current device 0x00000002
03-02 00:57:31.148  1484  1921 D DlbEndpointParamCache: doCommit() Committed 0 parameters out of 60.
03-02 00:57:31.148 17532 17563 D HWUI    : CacheManager::trimMemory(40)
03-02 00:57:31.148 17121 17389 D HWUI    : CacheManager::trimMemory(20)
03-02 00:57:31.148  1484  1888 D StreamHalAidl: [out|ioHandle:13] setParameters: parameters: "volumeDevice=2;volumeIndex=2;volumeStreamType=3"
03-02 00:57:31.148  1484  1921 I SoundBoosterEffectPlus: SB_setVolume(0xb400007075106040)
03-02 00:57:31.149 17121 17121 D ViewRootImpl: Skipping stats log for color mode
03-02 00:57:31.149  1484  1921 I SoundBoosterEffectPlus: command EFFECT_CMD_SET_VOLUME left = 0.005792, right =0.005792
03-02 00:57:31.149  1509  1509 D Audio_ParameterParser: parseVendorParameters: scope: STREAM, keys/values: volumeDevice=2;volumeIndex=2;volumeStreamType=3
03-02 00:57:31.149 17121 17121 I VRI[ComponentActivity]@ee14b35: dispatchDetachedFromWindow
03-02 00:57:31.149  1484  1921 I SAG_EQ a64: SetVolumeFloat() inst_num [424238335] VolumeFloat [-44.728504] mModeFW [1] mMode [1]
03-02 00:57:31.149  1484  1921 I SAG_EQ a64: mIsVolumeTableValid yes
03-02 00:57:31.149  1484  1921 I SAG_EQ a64: SetVolume() VolumeIndexInt [2]
03-02 00:57:31.149  1484  1921 V VolumeMonitor_Energy_Effect: VM_setVolume() sessionId:-2101, do nothing
03-02 00:57:31.149  2013  3645 D InputTransport: Input channel destroyed: '429c57d', fd=1036
03-02 00:57:31.149  1439 16890 D AudioALSAStreamOut: +setParameters(): flag 2
03-02 00:57:31.149  1439 16890 D AudioALSAStreamManager: setVolumeIndex() stream= 3, device= 0x2, index= 2
03-02 00:57:31.149  1439 16890 D AudioMTKGainController: setNormalVolume(), mSceneIndex = 0, stream 3, devices 0x2, index 2, mode 0x0, gainDevice 0x2
03-02 00:57:31.150  1484  1921 I SoundBooster_Interface2000_a64: [AE_LOG] Exe() mMode : 1,  n : 2048    VolumeIndexFloat : -44.728504 mSamplingRate : 48000
03-02 00:57:31.150  3202  3202 I HoneySpace.TaskListViewModel[160530624]: taskRemoveId, 44885
03-02 00:57:31.150  1484 24378 V APM_AudioPolicyManager: checkAndSetVolume: output 29, stream 3, index 2, devices 0x2, volume 0.005792, delayMs 0, muted false
03-02 00:57:31.151  1484  1921 I SoundAlive_Interface_a64: [dB = -44.728504 ]
03-02 00:57:31.151  1507  1507 I SurfaceFlinger: onHandleDestroyed: layerId=156359, name=a9073a9 com.podcast.app.debug.test/androidx.test.core.app.InstrumentationActivityInvoker$EmptyActivity#156359
03-02 00:57:31.151  3202  3202 W HoneySpace.TaskListViewModel[160530624]: task is already removed: 44885
03-02 00:57:31.151  1507  1507 I SurfaceFlinger: id=156359 Removed a9073a9 com.podcast.app.debug.test/androidx.test.core.app.InstrumentationActivityInvoker$EmptyActivity#156359 (328)
03-02 00:57:31.151  1507  1507 I SurfaceFlinger: onHandleDestroyed: layerId=156360, name=com.podcast.app.debug.test/androidx.test.core.app.InstrumentationActivityInvoker$EmptyActivity$_17532#156360
03-02 00:57:31.151  1507  1507 I SurfaceFlinger: id=156360 Removed com.podcast.app.debug.test/androidx.test.core.app.InstrumentationActivityInvoker$EmptyActivity$_17532#156360 (328)
03-02 00:57:31.151  3202 31843 I HoneySpace.RecentTasks: onRunningTaskVanished
03-02 00:57:31.151  3202  4698 I HoneySpace.RecentTasks: onRecentTasksChanged
03-02 00:57:31.152  3202  3202 I HoneySpace.TaskStackChangeRepositoryImpl: onTaskRemoved : 44885
03-02 00:57:31.152  2013  2600 I AS.AudioService: fine volume : l_volume_fine_key;index=22;device=1
03-02 00:57:31.153 17121 17121 D InputTransport: Input channel destroyed: '429c57d', fd=128
03-02 00:57:31.153  3202  3202 I HoneySpace.TaskListViewModel[160530624]: taskRemoveId, 44885
03-02 00:57:31.153  3202  3202 W HoneySpace.TaskListViewModel[160530624]: task is already removed: 44885
03-02 00:57:31.153  3202  3386 I HoneySpace.TopTaskSource: onTaskRemoved: 44885
03-02 00:57:31.154 17121 17121 D BBA2    : setIsFg isFg = false; delayValue 3999ms
03-02 00:57:31.154  2746  3672 D vol.VolumeDialogControl: onVolumeChangedW stream = 3, flags = 4112, lastAudibleStreamVolume = 220, changed = false, showUI = false, dualAudio = false, musicStreamState=[routedToHeadset=false, routedToBuds=false, routedToBuds3=false, routedToHomeMini=false, routedToMusicFrame=false, routedToHearingAid=false, remoteFixedVolume=false, remoteSpeaker=false]
03-02 00:57:31.155  2746  2746 D SecVolume.AudioManagerController: device=2, pinDevice=0, isSmartView=false, isAudioMirroring=false, isLeBroadcasting=false, isImportant=false
03-02 00:57:31.155  2013  2253 D AS.AudioService: getPinAppInfo, device=0, pinappinfo=
03-02 00:57:31.158  1507  1562 I SurfaceFlinger: onHandleDestroyed: layerId=156345, name=573c544 ActivityRecordInputSink com.podcast.app.debug/androidx.activity.ComponentActivity#156345
03-02 00:57:31.158  1507  1562 I SurfaceFlinger: id=156345 Removed 573c544 ActivityRecordInputSink com.podcast.app.debug/androidx.activity.ComponentActivity#156345 (328)
03-02 00:57:31.158  1507  1507 I SurfaceFlinger: destroyed a9073a9 com.podcast.app.debug.test/androidx.test.core.app.InstrumentationActivityInvoker$EmptyActivity#156359
03-02 00:57:31.158  1507  1507 I SurfaceFlinger: destroyed com.podcast.app.debug.test/androidx.test.core.app.InstrumentationActivityInvoker$EmptyActivity$_17532#156360
03-02 00:57:31.158  1507  1507 I SurfaceFlinger: [LayerHierarchy{RequestedLayerState{Task=44885#156356 z=41} 1 children}] reparent to OffscreenRoot
03-02 00:57:31.158  1507  1507 I SurfaceFlinger: [LayerHierarchy{RequestedLayerState{Task=44885#156356 z=41} 1 children}] RelativeParent to null
03-02 00:57:31.158  1507  1507 I SurfaceFlinger: [LayerHierarchy{RequestedLayerState{ActivityRecord{164199557 u0 com.podcast.app.debug.test/androidx.test.core.app.InstrumentationActivityInvoker$EmptyActivity t44885}#156357} no children}] reparent to OffscreenRoot
03-02 00:57:31.158  1507  1507 I SurfaceFlinger: [LayerHierarchy{RequestedLayerState{ActivityRecord{164199557 u0 com.podcast.app.debug.test/androidx.test.core.app.InstrumentationActivityInvoker$EmptyActivity t44885}#156357} no children}] RelativeParent to null
03-02 00:57:31.158  1507  1507 I SurfaceFlinger: [LayerHierarchy{RequestedLayerState{Task=44885#156384 z=41} no children}] reparent to OffscreenRoot
03-02 00:57:31.158  1507  1507 I SurfaceFlinger: [LayerHierarchy{RequestedLayerState{Task=44885#156384 z=41} no children}] RelativeParent to null
03-02 00:57:31.158 17121 17305 D IdlingRegistry: Unregistering idling resources: [androidx.compose.ui.test.EspressoLink@5dca30d]
03-02 00:57:31.159 17121 17305 I TestRunner: finished: searchScreen_clear_button_appears_when_query_is_non_empty(com.podcast.app.ui.SearchScreenTest)
