03-02 00:56:54.051  1444  1808 D MDP     : [PQSession] incRefCount id[a] user[0xb4000074f4d46d80] numOfUser[1]
03-02 00:56:54.051  1444  1808 D MDP     : [PQSession] numElements[0] key[0] metaData[0]
03-02 00:56:54.051  1444  1808 D MDP     : [PQSession] setPQParam() id[a] enable[1], scenario[1]
03-02 00:56:54.051  1444  1808 D MDP     : [PQSession] video TS [5400]
03-02 00:56:54.051  1444  1808 D PQ      : PQDSConfig::getEnableStatus check1  time 0 ms
03-02 00:56:54.051  1444  1808 D PQ      : [PQDSConfig] PQDSConfig::getEnableStatus = 1
03-02 00:56:54.051  1444  1808 D PQ      : [PQDSConfig] m_TDSHPTableInit 1
03-02 00:56:54.051  1444  1808 D PQ      : [PQDSConfig] getAshmemContext(SHP_ENABLE) = 1
03-02 00:56:54.051  1444  1808 D PQ      : PQDSConfig::getEnableStatus check2  time 0 ms
03-02 00:56:54.051  1444  1808 D PQ      : [PQDSConfig] PQDSConfig::getUREnableStatus = 1
03-02 00:56:54.051  1444  1808 D MDP     : [PQSession] setDpPqConfig m_svp = 0, enDRE = 0
03-02 00:56:54.051  1444  1808 D MDP     : setPQParam globalPQSupport = [0] globalPQSwitch = [0] globalPQStrength = [0] globalPQType = [0]
03-02 00:56:54.051  1444  1808 D MDP     : [PQSession] setPQparam userId[0x0], scenario[1], enDRE[0]
03-02 00:56:54.051  1444  1808 D MDP     : [PQSession] getDpPqConfig() id[a] enable[1], scenario[1]
03-02 00:56:54.051  1444  1808 D MDP     : [PQSession] getDpPqConfig() enSharp[1] enDC[0] enColor[0] enHDR[0] enHDRVivid[0] enUR[0] enReFocus[0] enCcorr[1] enDRE[0] enHFG[0] enAIPQ[0] enAISDR2HDR[0] enAIRegionPQ[0] mAdaptiveEnable[0]
03-02 00:56:54.051  1444  1808 D MDP     : [PQSession] setPQDREParam userId[0x0] scenario[1] enDRE[0]
03-02 00:56:54.051  1444  1808 D MDP     : [PQSessionManager] findVideoID[f6840820] found on index a
03-02 00:56:54.051 17121 17389 I VRI[ComponentActivity]@8bc6f92: Received frameCommittedCallback lastAttemptedDrawFrameNum=1 didProduceBuffer=true
03-02 00:56:54.051  1444  1808 D PQ_HDR  : DpAsyncBlit: job:(2070049 127) in:(720, 1280)[720 368] C8s P1.1.1.0.1, alpha 0, sec0 flush:0 Buffer 1035024: plane=3 bufVA={0x7f,0x7f,0x7f} bufMVA={0x0,0x0,0x0} bufSize={0xe1000,0x39800,0x39800} proxy={0xb40000747320b500,0x0,0x0}fence=-1
03-02 00:56:54.051  1444  1808 D PQ_HDR  : DpAsyncBlit: out 0:(756, 1920)[2176 0] C5 P1.1.1.0.1 R:0 F:0 S:1 A:0 HDR:0 COLOR:0 CCORR:1 sec0 flush:0 Buffer 1035024: plane=1 bufVA={0x82,0x0,0x0} bufMVA={0x0,0x0,0x0} bufSize={0x4db200,0x0,0x0} proxy={0xb40000747320b840,0x0,0x0}fence=-1
03-02 00:56:54.051  1444  1808 D PQ_HDR  : DpAsyncBlit: crop 0:(216.0, 0.0, 504.0, 1280.0) compose:(0, 0, 756, 1920)
03-02 00:56:54.052  1444  1808 D MDP     : [PQSessionManager] PQSessionManager::getPQSession id[a]
03-02 00:56:54.052  1444  1808 D MDP     : [PQSessionManager] getPQSessionListHandle id[a]
03-02 00:56:54.052  1444  1808 D MDP     : [PQSessionManager] getPQSessionListHandle, find id[a]
03-02 00:56:54.052 17121 17389 D HWUI    : CFMS:: SetUp Pid : 17121    Tid : 17389
03-02 00:56:54.052  1444  1808 D MDP     : [PQSessionManager] PQSessionManager::getPQSession id[a]
03-02 00:56:54.052  1444  1808 D MDP     : [PQSessionManager] getPQSessionListHandle id[a]
03-02 00:56:54.052  1444  1808 D MDP     : [PQSessionManager] getPQSessionListHandle, find id[a]
03-02 00:56:54.052  1444  1808 D MDP     : PQSession:setPipeNum m_PipeNum[1] value[1] ID[a] DCPath[0] DCDone[0] addr[732261df]
03-02 00:56:54.052  1444  1808 D MDP     : [PQSession] getDpPqConfig() id[a] enable[1], scenario[1]
03-02 00:56:54.052  1444  1808 D MDP     : [PQSession] getDpPqConfig() enSharp[1] enDC[0] enColor[0] enHDR[0] enHDRVivid[0] enUR[0] enReFocus[0] enCcorr[1] enDRE[0] enHFG[0] enAIPQ[0] enAISDR2HDR[0] enAIRegionPQ[0] mAdaptiveEnable[0]
03-02 00:56:54.052  1444  1808 D PQ      : [PQRSZConfig] PQRSZConfig::getUREnableStatus = 1
03-02 00:56:54.052  1444  1808 D MDP     : [PQSessionManager] PQSessionManager::getPQSession id[a]
03-02 00:56:54.052  1444  1808 D MDP     : [PQSessionManager] getPQSessionListHandle id[a]
03-02 00:56:54.052 17121 17121 D VRI[ComponentActivity]@8bc6f92: reportDrawFinished seqId=0
03-02 00:56:54.052  1444  1808 D MDP     : [PQSessionManager] getPQSessionListHandle, find id[a]
03-02 00:56:54.052  1444  1808 D AAL     : [PQEngineInterface] DpEngineTDSHPConfigFrame(0) pqSessionId = a
03-02 00:56:54.052  1444  1808 D MDP     : [PQSession] getDpPqConfig() id[a] enable[1], scenario[1]
03-02 00:56:54.052  1444  1808 D MDP     : [PQSession] getDpPqConfig() enSharp[1] enDC[0] enColor[0] enHDR[0] enHDRVivid[0] enUR[0] enReFocus[0] enCcorr[1] enDRE[0] enHFG[0] enAIPQ[0] enAISDR2HDR[0] enAIRegionPQ[0] mAdaptiveEnable[0]
03-02 00:56:54.052  1444  1808 D AAL     : [PQEngineInterface] DpEngineTDSHPConfigFrame(0) tdshpEnable(1) enSharp(1) enDC(0) enHFG(0)
03-02 00:56:54.052  1444  1808 D MDP     : PQSession:setPipeNum m_PipeNum[1] value[1] ID[a] DCPath[0] DCDone[0] addr[732261df]
03-02 00:56:54.052  1444  1808 D AAL     : [PQEngineInterface] DpEngineTDSHPConfigFrame(0) adl_enable = 0
03-02 00:56:54.052  1444  1808 D PQ      : [PQHFGConfig] PQHFGConfig::isEnabled = 2
03-02 00:56:54.052  1444  1808 D MDP     : [PQSession] getDpPqConfig() id[a] enable[1], scenario[1]
03-02 00:56:54.052  1444  1808 D MDP     : [PQSession] getDpPqConfig() enSharp[1] enDC[0] enColor[0] enHDR[0] enHDRVivid[0] enUR[0] enReFocus[0] enCcorr[1] enDRE[0] enHFG[0] enAIPQ[0] enAISDR2HDR[0] enAIRegionPQ[0] mAdaptiveEnable[0]
03-02 00:56:54.052  1444  1808 D AAL     : [PQEngineInterface] DpEngineTDSHPConfigFrame(0) hfg_enable = 0
03-02 00:56:54.052  1444  1808 D AAL     : PQEngineInterface] DpEngineTDSHPConfigFrame(0) shp_enable = 0
03-02 00:56:54.053  1444  1808 D MDP     : [PQSessionManager] PQSessionManager::getPQSession id[a]
03-02 00:56:54.053  1444  1808 D MDP     : [PQSessionManager] getPQSessionListHandle id[a]
03-02 00:56:54.053  1444  1808 D MDP     : [PQSessionManager] getPQSessionListHandle, find id[a]
03-02 00:56:54.053  1507  1507 D SurfaceFlinger: Display 4627039422300187648 HWC layers:
03-02 00:56:54.053  1507  1507 D SurfaceFlinger:   SOLID_COLOR |                        0 | 00000002 | N/A          |    0.0    0.0    0.0    0.0 |    0    0   -1   -1 | Background for 68eb87 SurfaceView[co[...]weme.splash.SplashActivity]@0#155273 (0)
03-02 00:56:54.053  1507  1507 D SurfaceFlinger:   SOLID_COLOR |                        0 | 00000002 | N/A          |    0.0    0.0    0.0    0.0 |    0    0   -1   -1 | Background for 7086fb SurfaceView[co[...]weme.splash.SplashActivity]@0#155276 (0)
03-02 00:56:54.053  1507  1507 D SurfaceFlinger:   SOLID_COLOR |                        0 | 00000002 | N/A          |    0.0    0.0    0.0    0.0 |    0    0   -1   -1 | Background for 836459b SurfaceView[c[...]weme.splash.SplashActivity]@0#155279 (0)
03-02 00:56:54.053  1507  1507 D SurfaceFlinger:        DEVICE |           63930588201472 | 00000102 | 0x32315659   |  216.0    0.0  720.0 1280.0 |    0   80  756 2000 | 7086fb SurfaceView[com.zhiliaoapp.mu[...]lash.SplashActivity]@0(BLAST)#155275 (10)
03-02 00:56:54.053  1507  1507 D SurfaceFlinger:        DEVICE |           63930588201435 | 00002100 | RGBA_8888    |  324.0    0.0 1080.0 2340.0 |    0    0  756 2340 | com.zhiliaoapp.musically/com.ss.andr[...].splash.
03-02 00:56:54.053  1444  1808 D MDP     : [PQSession] getDpPqConfig() id[a] enable[1], scenario[1]
03-02 00:56:54.053  1507  1507 D SurfaceFlinger: SplashActivity$_14885#155267 (6)
03-02 00:56:54.053  1507  1507 D SurfaceFlinger:   SOLID_COLOR |                        0 | 00000000 | N/A          |    0.0    0.0    0.0    0.0 |    0    0 1080 2340 | DimTransitionLayer for Surface(name=Task=44839)/@0xfdfedfe#155284 (0)
03-02 00:56:54.053  1507  1507 D SurfaceFlinger:        DEVICE |           75299366633472 | 00002102 | RGBA_8888    |    0.0    0.0 1037.0 2340.0 |   43    0 1080 2340 | com.podcast.app.debug.test/androidx.[...]yInvoker$EmptyActivity$_17532#155260 (1)
03-02 00:56:54.053  1507  1507 D SurfaceFlinger:        DEVICE |           11793980283121 | 00002100 | RGBA_8888    |    0.0    0.0 1037.0 2340.0 |   43    0 1080 2340 | Splash Screen com.podcast.app.debug.test$_2746#155253 (1)
03-02 00:56:54.053  1507  1507 D SurfaceFlinger:        DEVICE |           11793980281879 | 00002100 | RGBA_8888    |    0.0    0.0 1080.0   80.0 |    0    0 1080   80 | StatusBar$_2746#117 (210853)
03-02 00:56:54.053  1507  1507 D SurfaceFlinger:        DEVICE |           13752485304097 | 00002100 | RGBA_8888    |    0.0    0.0   67.0  346.0 | 1013  454 1080  800 | com.sec.android.app.launcher/com.sam[...].app.CocktailBarService$_3202#152779 (1)
03-02 00:56:54.053  1507  1507 D SurfaceFlinger:        DEVICE |           11793980281853 | 00002100 | RGBA_8888
03-02 00:56:54.053  1444  1808 D MDP     : [PQSession] getDpPqConfig() enSharp[1] enDC[0] enColor[0] enHDR[0] enHDRVivid[0] enUR[0] enReFocus[0] enCcorr[1] enDRE[0] enHFG[0] enAIPQ[0] enAISDR2HDR[0] enAIRegionPQ[0] mAdaptiveEnable[0]
03-02 00:56:54.053  1507  1507 D SurfaceFlinger:    |    0.0    0.0 1080.0  135.0 |    0 2205 1080 2340 | NavigationBar0$_2746#113 (187233)
03-02 00:56:54.053  1507  1507 D SurfaceFlinger:
03-02 00:56:54.053  1444  1808 W AAL     : DpEngine_AAL: relay 1
03-02 00:56:54.053  1444  1808 D AAL     : [PQEngineInterface] DpEngineTDSHPConfigTile(0) InpSize: 756, 1920, OutSize: 756, 1920
03-02 00:56:54.053  1444  1808 D MDP     : [PQSessionManager] PQSessionManager::getPQSession id[a]
03-02 00:56:54.053  1444  1808 D MDP     : [PQSessionManager] getPQSessionListHandle id[a]
03-02 00:56:54.053  1444  1808 D MDP     : [PQSessionManager] getPQSessionListHandle, find id[a]
03-02 00:56:54.053  1444  1808 D PQ      : [PQHFGConfig] PQHFGConfig::isEnabled = 2
03-02 00:56:54.053  1444  1808 D MDP     : [PQSession] getDpPqConfig() id[a] enable[1], scenario[1]
03-02 00:56:54.053  1444  1808 D MDP     : [PQSession] getDpPqConfig() enSharp[1] enDC[0] enColor[0] enHDR[0] enHDRVivid[0] enUR[0] enReFocus[0] enCcorr[1] enDRE[0] enHFG[0] enAIPQ[0] enAISDR2HDR[0] enAIRegionPQ[0] mAdaptiveEnable[0]
03-02 00:56:54.053  1444  1808 D AAL     : [PQEngineInterface] DpEngineAALCongTile(0) MDP_aal_size = 33817856
03-02 00:56:54.053  1444  1808 D AAL     : [PQEngineInterface(1791345034)::MDP_AAL_output_offset = 0
03-02 00:56:54.053  1444  1808 D AAL     : [PQEngineInterface] DpEngineAALCongTile(0) MDP_AAL_output_size = 33293568
03-02 00:56:54.053  1444  1808 D AAL     : [PQEngineInterface] DpEngineAALCongTile(0) inTileXRight = 719, inTileXLeft = 204
03-02 00:56:54.053  1444  1808 D AAL     : [PQEngineInterface] DpEngineAALCongTile(0) inTileYBottom = 719, inTileYTop = 0
03-02 00:56:54.053  1444  1808 D AAL     : [PQEngineInterface] DpEngineAALCongTile(0) outTileXRight = 1279, outTileXLeft = 212
03-02 00:56:54.053  1444  1808 D AAL     : [PQEngineInterface] DpEngineAALCongTile(0) m_outTileYBottom = 1279, m_outTileYTop = 0
03-02 00:56:54.053  1444  1808 D MDP     : [PQSessionManager] PQSessionManager::getPQSession id[a]
03-02 00:56:54.053  1444  1808 D MDP     : [PQSessionManager] getPQSessionListHandle id[a]
03-02 00:56:54.053  1444  1808 D MDP     : [PQSessionManager] getPQSessionListHandle, find id[a]
03-02 00:56:54.053  1444  1808 D AAL     : [PQEngineInterface] DpEngineAALCongTile(0)cropOffset[X, Y]=[1, 204], crop[Wid, Hei]=[0, 516]
03-02 00:56:54.053  1444  1808 D MDP     : [PQSessionManager] PQSessionManager::getPQSession id[a]
03-02 00:56:54.053  1444  1808 D MDP     : [PQSessionManager] getPQSessionListHandle id[a]
03-02 00:56:54.053  1444  1808 D MDP     : [PQSessionManager] getPQSessionListHandle, find id[a]
03-02 00:56:54.053  1507  1507 I SurfaceFlinger: [83740c2 Splash Screen com.podcast.app.debug#155288] attach to parent LayerHierarchy{RequestedLayerState{ActivityRecord{161429477 u0 com.podcast.app.debug/androidx.activity.ComponentActivity t44840}#155282 parentId=155281} 2 children}
03-02 00:56:54.053  1444  1808 D AAL     : [PQEngineInterface] DpEngineHDRConfigTile(0) outTileXLeft = 204, outTileXRight = 719
03-02 00:56:54.053  1444  1808 D AAL     : [PQEngineInterface] DpEngineHDRConfigTile(0) inTileXLeft = 204, inTileXRight = 719
03-02 00:56:54.053  1444  1808 D AAL     : [PQEngineInterface] DpEngineHDRConfigTile(0) HDR_out_start_x = 0, HDR_out_end_x = 515, src h: 516,v: 1280
03-02 00:56:54.053  1444  1808 D AAL     : [PQEngineInterface] DpEngineHDRConfigTile(0) HDR_hist_end_x = 0, HDR_hist_begin_x = 0
03-02 00:56:54.053  1444  1808 D AAL     : [PQEngineInterface] DpEngineHDRConfigTile(0) HDR_first_tile = 0, HDR_last_tile = 0
03-02 00:56:54.053  1444  1808 D AAL     : [PQEngineInterface] DpEngineHDRConfigTile(0) inFrameWidth = 720 , middlePosX = 0
03-02 00:56:54.053  1444  1808 D MDP     : [PQSessionManager] PQSessionManager::getPQSession id[a]
03-02 00:56:54.053  1444  1808 D MDP     : [PQSessionManager] getPQSessionListHandle id[a]
03-02 00:56:54.053  1444  1808 D MDP     : [PQSessionManager] getPQSessionListHandle, find id[a]
03-02 00:56:54.053  1444  1808 D MDP     : [PQSessionManager] PQSessionManager::getPQSession id[a]
03-02 00:56:54.053  1444  1808 D MDP     : [PQSessionManager] getPQSessionListHandle id[a]
03-02 00:56:54.053  1444  1808 D MDP     : [PQSessionManager] getPQSessionListHandle, find id[a]
03-02 00:56:54.053  1507  1563 I SurfaceFlinger: id=155289 createSurf, flag=24000, Surface(name=432bf91 com.podcast.app.debug.test/androidx.test.core.app.InstrumentationActivityInvoker$EmptyActivity)/@0xe3e5a10 - animation-leash of starting_reveal#155289
03-02 00:56:54.059  1444  1809 D MDP     : [PQSessionManager] PQSessionManager::getPQSession id[a]
03-02 00:56:54.059  1444  1809 D MDP     : [PQSessionManager] getPQSessionListHandle id[a]
03-02 00:56:54.059  1444  1809 D MDP     : [PQSessionManager] getPQSessionListHandle, find id[a]
03-02 00:56:54.059  1444  1809 D MDP     : [PQSessionManager] findVideoID[f6840820] found on index a
03-02 00:56:54.061  1444  1444 I hwcomposer: [DBQ] (q2:0xb4000074f4d1c000) Reallocate Slot(1), pool(0 -> -159119328) size(0 -> 5054400) secure(0 -> 0)
03-02 00:56:54.063  1444  1444 I hwcomposer: [DBQ] (q2:0xb4000074f4d1c000) Alloc Slot(1), handle=0xb4000074f4c24d40 c=0 w=1080 h=2340 p=1088 ys=1088 vs=2340 f=268 sec=0 sh=0, usage=0x800
03-02 00:56:54.063  1444  1808 D MDP     : [PQSessionManager] findVideoID[f6840820] found on index a
03-02 00:56:54.063  1444  1808 D MDP     : [PQSessionManager] createPQSession(a) user(0xb4000074f4d46d80)
03-02 00:56:54.063  1444  1808 D MDP     : [PQSessionManager] Duplicated ID[a] found, please check if double createPQSession!
03-02 00:56:54.063  1444  1808 D MDP     : [PQSessionManager] getPQSessionListHandle id[a]
03-02 00:56:54.063  1444  1808 D MDP     : [PQSessionManager] getPQSessionListHandle, find id[a]
03-02 00:56:54.063  1444  1808 D MDP     : [PQSession] incRefCount id[a] user[0xb4000074f4d46d80] existed
03-02 00:56:54.063  1444  1808 D MDP     : [PQSession] incRefCount id[a] user[0xb4000074f4d46d80] numOfUser[1]
03-02 00:56:54.063  1444  1808 D MDP     : [PQSession] numElements[0] key[0] metaData[0]
03-02 00:56:54.063  1444  1808 D MDP     : [PQSession] setPQParam() id[a] enable[1], scenario[1]
03-02 00:56:54.063  1444  1808 D MDP     : [PQSession] video TS [5400]
03-02 00:56:54.063  1444  1808 D PQ      : PQDSConfig::getEnableStatus check1  time 0 ms
03-02 00:56:54.063  1444  1808 D PQ      : [PQDSConfig] PQDSConfig::getEnableStatus = 1
03-02 00:56:54.063  1444  1808 D PQ      : [PQDSConfig] m_TDSHPTableInit 1
03-02 00:56:54.063  1444  1808 D PQ      : [PQDSConfig] getAshmemContext(SHP_ENABLE) = 1
03-02 00:56:54.063  1444  1808 D PQ      : PQDSConfig::getEnableStatus check2  time 0 ms
03-02 00:56:54.063  1444  1808 D PQ      : [PQDSConfig] PQDSConfig::getUREnableStatus = 1
03-02 00:56:54.063  1444  1808 D MDP     : [PQSession] setDpPqConfig m_svp = 0, enDRE = 0
03-02 00:56:54.063  1444  1808 D MDP     : setPQParam globalPQSupport = [0] globalPQSwitch = [0] globalPQStrength = [0] globalPQType = [0]
03-02 00:56:54.063  1444  1808 D MDP     : [PQSession] setPQparam userId[0x0], scenario[1], enDRE[0]
03-02 00:56:54.063  1444  1808 D MDP     : [PQSession] getDpPqConfig() id[a] enable[1], scenario[1]
03-02 00:56:54.064  1444  1808 D MDP     : [PQSession] getDpPqConfig() enSharp[1] enDC[0] enColor[0] enHDR[0] enHDRVivid[0] enUR[0] enReFocus[0] enCcorr[1] enDRE[0] enHFG[0] enAIPQ[0] enAISDR2HDR[0] enAIRegionPQ[0] mAdaptiveEnable[0]
03-02 00:56:54.064  1444  1808 D MDP     : [PQSession] setPQDREParam userId[0x0] scenario[1] enDRE[0]
03-02 00:56:54.064  1444  1808 D MDP     : [PQSessionManager] findVideoID[f6840820] found on index a
03-02 00:56:54.064  1444  1808 D PQ_HDR  : DpAsyncBlit: job:(2070051 122) in:(720, 1280)[720 368] C8s P1.1.1.0.1, alpha 0, sec0 flush:0 Buffer 1035025: plane=3 bufVA={0x7a,0x7a,0x7a} bufMVA={0x0,0x0,0x0} bufSize={0xe1000,0x39800,0x39800} proxy={0xb40000747320b740,0x0,0x0}fence=-1
03-02 00:56:54.064  1444  1808 D PQ_HDR  : DpAsyncBlit: out 0:(776, 1920)[2176 0] C5 P1.1.1.0.1 R:0 F:0 S:1 A:0 HDR:0 COLOR:0 CCORR:1 sec0 flush:0 Buffer 1035025: plane=1 bufVA={0x7d,0x0,0x0} bufMVA={0x0,0x0,0x0} bufSize={0x4db200,0x0,0x0} proxy={0xb40000747320b7a0,0x0,0x0}fence=-1
03-02 00:56:54.064  1444  1808 D PQ_HDR  : DpAsyncBlit: crop 0:(203.0, 0.0, 517.0, 1280.0) compose:(0, 0, 776, 1920)
03-02 00:56:54.064  1444  1808 D MDP     : [PQSessionManager] PQSessionManager::getPQSession id[a]
03-02 00:56:54.064  1444  1808 D MDP     : [PQSessionManager] getPQSessionListHandle id[a]
03-02 00:56:54.064  2746  2808 D InputTransport: Input channel constructed: '83740c2', fd=528
03-02 00:56:54.064  1444  1808 D MDP     : [PQSessionManager] getPQSessionListHandle, find id[a]
03-02 00:56:54.064  1444  1808 D MDP     : [PQSessionManager] PQSessionManager::getPQSession id[a]
03-02 00:56:54.064  1444  1808 D MDP     : [PQSessionManager] getPQSessionListHandle id[a]
03-02 00:56:54.064  1444  1808 D MDP     : [PQSessionManager] getPQSessionListHandle, find id[a]
03-02 00:56:54.064  1444  1808 D MDP     : PQSession:setPipeNum m_PipeNum[1] value[1] ID[a] DCPath[0] DCDone[0] addr[732261df]
03-02 00:56:54.064  1444  1808 D MDP     : [PQSession] getDpPqConfig() id[a] enable[1], scenario[1]
03-02 00:56:54.064  1444  1808 D MDP     : [PQSession] getDpPqConfig() enSharp[1] enDC[0] enColor[0] enHDR[0] enHDRVivid[0] enUR[0] enReFocus[0] enCcorr[1] enDRE[0] enHFG[0] enAIPQ[0] enAISDR2HDR[0] enAIRegionPQ[0] mAdaptiveEnable[0]
03-02 00:56:54.064  1444  1808 D PQ      : [PQRSZConfig] PQRSZConfig::getUREnableStatus = 1
03-02 00:56:54.064  1444  1808 D MDP     : [PQSessionManager] PQSessionManager::getPQSession id[a]
03-02 00:56:54.064  1444  1808 D MDP     : [PQSessionManager] getPQSessionListHandle id[a]
03-02 00:56:54.064  1444  1808 D MDP     : [PQSessionManager] getPQSessionListHandle, find id[a]
03-02 00:56:54.064  1444  1808 D AAL     : [PQEngineInterface] DpEngineTDSHPConfigFrame(0) pqSessionId = a
03-02 00:56:54.064  1444  1808 D MDP     : [PQSession] getDpPqConfig() id[a] enable[1], scenario[1]
03-02 00:56:54.064  1444  1808 D MDP     : [PQSession] getDpPqConfig() enSharp[1] enDC[0] enColor[0] enHDR[0] enHDRVivid[0] enUR[0] enReFocus[0] enCcorr[1] enDRE[0] enHFG[0] enAIPQ[0] enAISDR2HDR[0] enAIRegionPQ[0] mAdaptiveEnable[0]
03-02 00:56:54.064  1444  1808 D AAL     : [PQEngineInterface] DpEngineTDSHPConfigFrame(0) tdshpEnable(1) enSharp(1) enDC(0) enHFG(0)
03-02 00:56:54.064  1444  1808 D MDP     : PQSession:setPipeNum m_PipeNum[1] value[1] ID[a] DCPath[0] DCDone[0] addr[732261df]
03-02 00:56:54.064  1444  1808 D AAL     : [PQEngineInterface] DpEngineTDSHPConfigFrame(0) adl_enable = 0
03-02 00:56:54.064  1444  1808 D PQ      : [PQHFGConfig] PQHFGConfig::isEnabled = 2
03-02 00:56:54.065  1444  1808 D MDP     : [PQSession] getDpPqConfig() id[a] enable[1], scenario[1]
03-02 00:56:54.065  1444  1808 D MDP     : [PQSession] getDpPqConfig() enSharp[1] enDC[0] enColor[0] enHDR[0] enHDRVivid[0] enUR[0] enReFocus[0] enCcorr[1] enDRE[0] enHFG[0] enAIPQ[0] enAISDR2HDR[0] enAIRegionPQ[0] mAdaptiveEnable[0]
03-02 00:56:54.065  1444  1808 D AAL     : [PQEngineInterface] DpEngineTDSHPConfigFrame(0) hfg_enable = 0
03-02 00:56:54.065  1444  1808 D AAL     : PQEngineInterface] DpEngineTDSHPConfigFrame(0) shp_enable = 0
03-02 00:56:54.065  1444  1808 D MDP     : [PQSessionManager] PQSessionManager::getPQSession id[a]
03-02 00:56:54.065  1444  1808 D MDP     : [PQSessionManager] getPQSessionListHandle id[a]
03-02 00:56:54.065  1444  1808 D MDP     : [PQSessionManager] getPQSessionListHandle, find id[a]
03-02 00:56:54.065  1444  1808 D MDP     : [PQSession] getDpPqConfig() id[a] enable[1], scenario[1]
03-02 00:56:54.065  1444  1808 D MDP     : [PQSession] getDpPqConfig() enSharp[1] enDC[0] enColor[0] enHDR[0] enHDRVivid[0] enUR[0] enReFocus[0] enCcorr[1] enDRE[0] enHFG[0] enAIPQ[0] enAISDR2HDR[0] enAIRegionPQ[0] mAdaptiveEnable[0]
03-02 00:56:54.065  1444  1808 W AAL     : DpEngine_AAL: relay 1
03-02 00:56:54.065  2746  2808 I InsetsController: onStateChanged: host=Splash Screen com.podcast.app.debug, from=android.view.ViewRootImpl.onInsetsStateChanged:3026, state=InsetsState: {mDisplayFrame=Rect(0, 0 - 1080, 2340), mDisplayCutout=DisplayCutout{insets=Rect(0, 80 - 0, 0) waterfall=Insets{left=0, top=0, right=0, bottom=0} boundingRect={Bounds=[Rect(0, 0 - 0, 0), Rect(472, 0 - 608, 80), Rect(0, 0 - 0, 0), Rect(0, 0 - 0, 0)]} cutoutPathParserInfo={CutoutPathParserInfo{displayWidth=1080 displayHeight=2340 physicalDisplayWidth=1080 physicalDisplayHeight=2340 density={2.8125} cutoutSpec={M 0,0 H -24.177777778 V 28.4444444444 H 24.177777778 V 0 H 0 Z @dp} rotation={0} scale={1.0} physicalPixelDisplaySizeRatio={1.0}}} sideOverrides={}}, mRoundedCorners=RoundedCorners{[RoundedCorner{position=TopLeft, radius=113, center=Point(113, 113)}, RoundedCorner{position=TopRight, radius=113, center=Point(967, 113)}, RoundedCorner{position=BottomRight, radius=113, center=Point(967, 2227)}, RoundedCorner{position=BottomLeft, radius=113, center=Point(113, 2227)}]}  mRoundedCornerFrame=Rect(0, 0 - 1080, 2340), mPrivacyIndicatorBounds=PrivacyIndicatorBounds {static bounds=Rect(956, 0 - 1080, 80) rotation=0}, mDisplayShape=DisplayShape{ spec=-311912193 displayWidth=1080 displayHeight=2340 physicalPixelDisplaySizeRatio=1.0 rotation=0 offsetX=0 offsetY=0 scale=1.0}, mSources= { InsetsSource: {e9af0000 mType=statusBars mFrame=[0,0][1080,80] mVisible=true mFlags= mSideHint=TOP mBoundingRects=null}, InsetsSource: {e9af0005 mType=mandatorySystemGestures mFrame=[0,0][1080,114] mVisible=true mFlags= mSideHint=TOP mBoundingRects=null}, InsetsSource: {e9af0006 mType=tappableElement mFrame=[0,0][1080,80] mVisible=true mFlags= mSideHint=TOP mBoundingRects=null}, InsetsSource: {3 mType=ime mFrame=[0,0][0,0] mVisible=false mFlags= mSideHint=NONE mBoundingRects=null}, InsetsSource: {27 mType=displayCutout mFrame=[0,0][1080,80] mVisible=true mFlags= mSideHint=TOP mBoundingRects=null}, InsetsSource: {26ed0001 mType=navigationBars mFrame=[0,2298][1080,2340] mVisible=true mFlags=SUPPRESS_SCRIM mSideHint=BOTTOM mBoundingRects=null}, InsetsSource: {26ed0004 mType=systemGestures mFrame=[0,0][84,2340] mVisible=true mFlags= mSideHint=LEFT mBoundingRects=null}, InsetsSource: {26ed0005 mType=mandatorySystemGestures mFrame=[0,2250][1080,2340] mVisible=true mFlags= mSideHint=BOTTOM mBoundingRects=null}, InsetsSource: {26ed0006 mType=tappableElement mFrame=[0,0][0,0] mVisible=true mFlags= mSideHint=NONE mBoundingRects=null}, InsetsSource: {26ed0024 mType=systemGestures mFrame=[996,0][1080,2340] mVisible=true mFlags= mSideHint=RIGHT mBoundingRects=null} }
03-02 00:56:54.065  1444  1808 D AAL     : [PQEngineInterface] DpEngineTDSHPConfigTile(0) InpSize: 776, 1920, OutSize: 776, 1920
03-02 00:56:54.065  1444  1808 D MDP     : [PQSessionManager] PQSessionManager::getPQSession id[a]
03-02 00:56:54.065  1444  1808 D MDP     : [PQSessionManager] getPQSessionListHandle id[a]
03-02 00:56:54.065  1507  1507 I SurfaceFlinger: [Surface(name=432bf91 com.podcast.app.debug.test/androidx.test.core.app.InstrumentationActivityInvoker$EmptyActivity)/@0xe3e5a10 - animation-leash of starting_reveal#155289] attach to parent LayerHierarchy{RequestedLayerState{ActivityRecord{132252253 u0 com.podcast.app.debug.test/androidx.test.core.app.InstrumentationActivityInvoker$EmptyActivity t44839}#155251 parentId=155250} 4 children}
03-02 00:56:54.065  1444  1808 D MDP     : [PQSessionManager] getPQSessionListHandle, find id[a]
03-02 00:56:54.065  1444  1808 D PQ      : [PQHFGConfig] PQHFGConfig::isEnabled = 2
03-02 00:56:54.065  1444  1808 D MDP     : [PQSession] getDpPqConfig() id[a] enable[1], scenario[1]
03-02 00:56:54.065  1444  1808 D MDP     : [PQSession] getDpPqConfig() enSharp[1] enDC[0] enColor[0] enHDR[0] enHDRVivid[0] enUR[0] enReFocus[0] enCcorr[1] enDRE[0] enHFG[0] enAIPQ[0] enAISDR2HDR[0] enAIRegionPQ[0] mAdaptiveEnable[0]
03-02 00:56:54.065  1444  1808 D AAL     : [PQEngineInterface] DpEngineAALCongTile(0) MDP_aal_size = 34604288
03-02 00:56:54.065  1444  1808 D AAL     : [PQEngineInterface(1791345034)::MDP_AAL_output_offset = 0
03-02 00:56:54.065  1444  1808 D AAL     : [PQEngineInterface] DpEngineAALCongTile(0) MDP_AAL_output_size = 34080000
03-02 00:56:54.065  1444  1808 D AAL     : [PQEngineInterface] DpEngineAALCongTile(0) inTileXRight = 719, inTileXLeft = 192
03-02 00:56:54.065  1444  1808 D AAL     : [PQEngineInterface] DpEngineAALCongTile(0) inTileYBottom = 719, inTileYTop = 0
03-02 00:56:54.065  1444  1808 D AAL     : [PQEngineInterface] DpEngineAALCongTile(0) outTileXRight = 1279, outTileXLeft = 200
03-02 00:56:54.065  1444  1808 D AAL     : [PQEngineInterface] DpEngineAALCongTile(0) m_outTileYBottom = 1279, m_outTileYTop = 0
03-02 00:56:54.065  1444  1808 D MDP     : [PQSessionManager] PQSessionManager::getPQSession id[a]
03-02 00:56:54.065  1444  1808 D MDP     : [PQSessionManager] getPQSessionListHandle id[a]
03-02 00:56:54.065  1444  1808 D MDP     : [PQSessionManager] getPQSessionListHandle, find id[a]
03-02 00:56:54.065  1444  1808 D AAL     : [PQEngineInterface] DpEngineAALCongTile(0)cropOffset[X, Y]=[1, 192], crop[Wid, Hei]=[0, 528]
03-02 00:56:54.065  1444  1808 D MDP     : [PQSessionManager] PQSessionManager::getPQSession id[a]
03-02 00:56:54.065  1444  1808 D MDP     : [PQSessionManager] getPQSessionListHandle id[a]
03-02 00:56:54.065  1444  1808 D MDP     : [PQSessionManager] getPQSessionListHandle, find id[a]
03-02 00:56:54.065  1444  1808 D AAL     : [PQEngineInterface] DpEngineHDRConfigTile(0) outTileXLeft = 192, outTileXRight = 719
03-02 00:56:54.065  1444  1808 D AAL     : [PQEngineInterface] DpEngineHDRConfigTile(0) inTileXLeft = 192, inTileXRight = 719
03-02 00:56:54.065  1444  1808 D AAL     : [PQEngineInterface] DpEngineHDRConfigTile(0) HDR_out_start_x = 0, HDR_out_end_x = 527, src h: 528,v: 1280
03-02 00:56:54.065  1444  1808 D AAL     : [PQEngineInterface] DpEngineHDRConfigTile(0) HDR_hist_end_x = 0, HDR_hist_begin_x = 0
03-02 00:56:54.065  1444  1808 D AAL     : [PQEngineInterface] DpEngineHDRConfigTile(0) HDR_first_tile = 0, HDR_last_tile = 0
03-02 00:56:54.065  1444  1808 D AAL     : [PQEngineInterface] DpEngineHDRConfigTile(0) inFrameWidth = 720 , middlePosX = 0
03-02 00:56:54.065  1444  1808 D MDP     : [PQSessionManager] PQSessionManager::getPQSession id[a]
03-02 00:56:54.065  1444  1808 D MDP     : [PQSessionManager] getPQSessionListHandle id[a]
03-02 00:56:54.065  1444  1808 D MDP     : [PQSessionManager] getPQSessionListHandle, find id[a]
03-02 00:56:54.065  1444  1808 D MDP     : [PQSessionManager] PQSessionManager::getPQSession id[a]
03-02 00:56:54.065  1444  1808 D MDP     : [PQSessionManager] getPQSessionListHandle id[a]
03-02 00:56:54.065  2746  2808 I VRI[debug]@c322dd1: onActiveControlsChanged, removed=false, mAdded=true, caller=android.view.ViewRootImpl.handleInsetsControlChanged:3002 android.view.ViewRootImpl.setView:2014 android.view.WindowManagerGlobal.addView:604 com.android.wm.shell.startingsurface.SplashscreenWindowCreator.addWindow:38 com.android.wm.shell.startingsurface.StartingWindowController$$ExternalSyntheticLambda4.run:1365
03-02 00:56:54.065  1444  1808 D MDP     : [PQSessionManager] getPQSessionListHandle, find id[a]
03-02 00:56:54.066  2746  2808 I VRI[debug]@c322dd1: synced displayState. AttachInfo displayState=2
03-02 00:56:54.066  2746  2808 I VRI[debug]@c322dd1: setView = android.widget.FrameLayout@f1bb3d3 IsHRR=false mFlingFrameRateChange=0 TM=true
03-02 00:56:54.066  2746  2870 D HWUI    : HWUI - treat SMPTE_170M as sRGB
03-02 00:56:54.070  1444  1809 D MDP     : [PQSessionManager] PQSessionManager::getPQSession id[a]
03-02 00:56:54.070  1444  1809 D MDP     : [PQSessionManager] getPQSessionListHandle id[a]
03-02 00:56:54.070  1444  1809 D MDP     : [PQSessionManager] getPQSessionListHandle, find id[a]
03-02 00:56:54.070  1444  1809 D MDP     : [PQSessionManager] findVideoID[f6840820] found on index a
03-02 00:56:54.072  2746  2798 D ShellTaskOrganizer: removeStartingWindow, removalInfo=StartingWindowRemovalInfo{taskId=44839 frame=Rect(0, 0 - 1080, 2340) playRevealAnimation=true roundedCornerRadius=0.0 deferRemoveMode=0 windowlessSurface=false removeImmediately=false}
03-02 00:56:54.073  1444  1444 I hwcomposer: [DBQ] (q2:0xb4000074f4d1c000) Reallocate Slot(2), pool(0 -> -159119328) size(0 -> 5054400) secure(0 -> 0)
03-02 00:56:54.074  1444  1444 I hwcomposer: [DBQ] (q2:0xb4000074f4d1c000) Alloc Slot(2), handle=0xb4000074f4c22cc0 c=0 w=1080 h=2340 p=1088 ys=1088 vs=2340 f=268 sec=0 sh=0, usage=0x800
03-02 00:56:54.075  1444  1808 D MDP     : [PQSessionManager] findVideoID[f6840820] found on index a
03-02 00:56:54.075  1444  1808 D MDP     : [PQSessionManager] createPQSession(a) user(0xb4000074f4d46d80)
03-02 00:56:54.075  1444  1808 D MDP     : [PQSessionManager] Duplicated ID[a] found, please check if double createPQSession!
03-02 00:56:54.075  1444  1808 D MDP     : [PQSessionManager] getPQSessionListHandle id[a]
03-02 00:56:54.075  1444  1808 D MDP     : [PQSessionManager] getPQSessionListHandle, find id[a]
03-02 00:56:54.075  1444  1808 D MDP     : [PQSession] incRefCount id[a] user[0xb4000074f4d46d80] existed
03-02 00:56:54.075  1444  1808 D MDP     : [PQSession] incRefCount id[a] user[0xb4000074f4d46d80] numOfUser[1]
03-02 00:56:54.075  1444  1808 D MDP     : [PQSession] numElements[0] key[0] metaData[0]
03-02 00:56:54.075  1444  1808 D MDP     : [PQSession] setPQParam() id[a] enable[1], scenario[1]
03-02 00:56:54.075  1444  1808 D MDP     : [PQSession] video TS [5400]
03-02 00:56:54.075  1444  1808 D PQ      : PQDSConfig::getEnableStatus check1  time 0 ms
03-02 00:56:54.075  1444  1808 D PQ      : [PQDSConfig] PQDSConfig::getEnableStatus = 1
03-02 00:56:54.075  1444  1808 D PQ      : [PQDSConfig] m_TDSHPTableInit 1
03-02 00:56:54.075  1444  1808 D PQ      : [PQDSConfig] getAshmemContext(SHP_ENABLE) = 1
03-02 00:56:54.075  1444  1808 D PQ      : PQDSConfig::getEnableStatus check2  time 0 ms
03-02 00:56:54.075  1444  1808 D PQ      : [PQDSConfig] PQDSConfig::getUREnableStatus = 1
03-02 00:56:54.075  1444  1808 D MDP     : [PQSession] setDpPqConfig m_svp = 0, enDRE = 0
03-02 00:56:54.075  1444  1808 D MDP     : setPQParam globalPQSupport = [0] globalPQSwitch = [0] globalPQStrength = [0] globalPQType = [0]
03-02 00:56:54.075  1444  1808 D MDP     : [PQSession] setPQparam userId[0x0], scenario[1], enDRE[0]
03-02 00:56:54.075  1444  1808 D MDP     : [PQSession] getDpPqConfig() id[a] enable[1], scenario[1]
03-02 00:56:54.075  1444  1808 D MDP     : [PQSession] getDpPqConfig() enSharp[1] enDC[0] enColor[0] enHDR[0] enHDRVivid[0] enUR[0] enReFocus[0] enCcorr[1] enDRE[0] enHFG[0] enAIPQ[0] enAISDR2HDR[0] enAIRegionPQ[0] mAdaptiveEnable[0]
03-02 00:56:54.075  1444  1808 D MDP     : [PQSession] setPQDREParam userId[0x0] scenario[1] enDRE[0]
03-02 00:56:54.075  1444  1808 D MDP     : [PQSessionManager] findVideoID[f6840820] found on index a
03-02 00:56:54.075  1444  1808 D PQ_HDR  : DpAsyncBlit: job:(2070053 112) in:(720, 1280)[720 368] C8s P1.1.1.0.1, alpha 0, sec0 flush:0 Buffer 1035026: plane=3 bufVA={0x70,0x70,0x70} bufMVA={0x0,0x0,0x0} bufSize={0xe1000,0x39800,0x39800} proxy={0xb40000747320b4a0,0x0,0x0}fence=-1
03-02 00:56:54.075  1444  1808 D PQ_HDR  : DpAsyncBlit: out 0:(802, 1920)[2176 0] C5 P1.1.1.0.1 R:0 F:0 S:1 A:0 HDR:0 COLOR:0 CCORR:1 sec0 flush:0 Buffer 1035026: plane=1 bufVA={0x75,0x0,0x0} bufMVA={0x0,0x0,0x0} bufSize={0x4db200,0x0,0x0} proxy={0xb40000747320b7c0,0x0,0x0}fence=-1
03-02 00:56:54.075  1444  1808 D PQ_HDR  : DpAsyncBlit: crop 0:(186.0, 0.0, 534.0, 1280.0) compose:(0, 0, 802, 1920)
03-02 00:56:54.075  1464  1492 I mtkpower@impl: [setMode] type:5, enabled:0
03-02 00:56:54.075  2013  4757 I SemDvfsHyPerManager: acquire hyper - AMS_RESUME_TAIL/2013@18, type = -999
03-02 00:56:54.075  1444  1808 D MDP     : [PQSessionManager] PQSessionManager::getPQSession id[a]
03-02 00:56:54.076  1444  1808 D MDP     : [PQSessionManager] getPQSessionListHandle id[a]
03-02 00:56:54.076  1444  1808 D MDP     : [PQSessionManager] getPQSessionListHandle, find id[a]
03-02 00:56:54.076  1450  1487 I HYPER-HAL: [RequestManager.cpp]acquire(): Acquired ID : 2063514  [2013 / 18]    HINT : AMS_RESUME_TAIL    list :
03-02 00:56:54.076  1444  1808 D MDP     : [PQSessionManager] PQSessionManager::getPQSession id[a]
03-02 00:56:54.076  2013  4757 I SemDvfsHyPerManager: acquire hyper - AMS_ACT_LAZY/2013@19, type = -999
03-02 00:56:54.076  1444  1808 D MDP     : [PQSessionManager] getPQSessionListHandle id[a]
03-02 00:56:54.076  1444  1808 D MDP     : [PQSessionManager] getPQSessionListHandle, find id[a]
03-02 00:56:54.076  1444  1808 D MDP     : PQSession:setPipeNum m_PipeNum[1] value[1] ID[a] DCPath[0] DCDone[0] addr[732261df]
03-02 00:56:54.076  1444  1808 D MDP     : [PQSession] getDpPqConfig() id[a] enable[1], scenario[1]
03-02 00:56:54.076  1444  1808 D MDP     : [PQSession] getDpPqConfig() enSharp[1] enDC[0] enColor[0] enHDR[0] enHDRVivid[0] enUR[0] enReFocus[0] enCcorr[1] enDRE[0] enHFG[0] enAIPQ[0] enAISDR2HDR[0] enAIRegionPQ[0] mAdaptiveEnable[0]
03-02 00:56:54.076  1444  1808 D PQ      : [PQRSZConfig] PQRSZConfig::getUREnableStatus = 1
03-02 00:56:54.076  1444  1808 D MDP     : [PQSessionManager] PQSessionManager::getPQSession id[a]
03-02 00:56:54.076  1444  1808 D MDP     : [PQSessionManager] getPQSessionListHandle id[a]
03-02 00:56:54.076  1444  1808 D MDP     : [PQSessionManager] getPQSessionListHandle, find id[a]
03-02 00:56:54.076  1444  1808 D AAL     : [PQEngineInterface] DpEngineTDSHPConfigFrame(0) pqSessionId = a
03-02 00:56:54.076  1444  1808 D MDP     : [PQSession] getDpPqConfig() id[a] enable[1], scenario[1]
03-02 00:56:54.076  1444  1808 D MDP     : [PQSession] getDpPqConfig() enSharp[1] enDC[0] enColor[0] enHDR[0] enHDRVivid[0] enUR[0] enReFocus[0] enCcorr[1] enDRE[0] enHFG[0] enAIPQ[0] enAISDR2HDR[0] enAIRegionPQ[0] mAdaptiveEnable[0]
03-02 00:56:54.076  1444  1808 D AAL     : [PQEngineInterface] DpEngineTDSHPConfigFrame(0) tdshpEnable(1) enSharp(1) enDC(0) enHFG(0)
03-02 00:56:54.076  1444  1808 D MDP     : PQSession:setPipeNum m_PipeNum[1] value[1] ID[a] DCPath[0] DCDone[0] addr[732261df]
03-02 00:56:54.076  1444  1808 D AAL     : [PQEngineInterface] DpEngineTDSHPConfigFrame(0) adl_enable = 0
03-02 00:56:54.076  1444  1808 D PQ      : [PQHFGConfig] PQHFGConfig::isEnabled = 2
03-02 00:56:54.076  1444  1808 D MDP     : [PQSession] getDpPqConfig() id[a] enable[1], scenario[1]
03-02 00:56:54.076  1444  1808 D MDP     : [PQSession] getDpPqConfig() enSharp[1] enDC[0] enColor[0] enHDR[0] enHDRVivid[0] enUR[0] enReFocus[0] enCcorr[1] enDRE[0] enHFG[0] enAIPQ[0] enAISDR2HDR[0] enAIRegionPQ[0] mAdaptiveEnable[0]
03-02 00:56:54.076  1444  1808 D AAL     : [PQEngineInterface] DpEngineTDSHPConfigFrame(0) hfg_enable = 0
03-02 00:56:54.076  1444  1808 D AAL     : PQEngineInterface] DpEngineTDSHPConfigFrame(0) shp_enable = 0
03-02 00:56:54.076  1450  1487 I mtkpower_client: perf_lock_rel, hdl:76206, pid: 1450, tid:1487
03-02 00:56:54.076  1444  1808 D MDP     : [PQSessionManager] PQSessionManager::getPQSession id[a]
03-02 00:56:54.076  1444  1808 D MDP     : [PQSessionManager] getPQSessionListHandle id[a]
03-02 00:56:54.076  1444  1808 D MDP     : [PQSessionManager] getPQSessionListHandle, find id[a]
03-02 00:56:54.076  1444  1808 D MDP     : [PQSession] getDpPqConfig() id[a] enable[1], scenario[1]
03-02 00:56:54.076  1444  1808 D MDP     : [PQSession] getDpPqConfig() enSharp[1] enDC[0] enColor[0] enHDR[0] enHDRVivid[0] enUR[0] enReFocus[0] enCcorr[1] enDRE[0] enHFG[0] enAIPQ[0] enAISDR2HDR[0] enAIRegionPQ[0] mAdaptiveEnable[0]
03-02 00:56:54.076  1444  1808 W AAL     : DpEngine_AAL: relay 1
03-02 00:56:54.076  1444  1808 D AAL     : [PQEngineInterface] DpEngineTDSHPConfigTile(0) InpSize: 802, 1920, OutSize: 802, 1920
03-02 00:56:54.076  1444  1808 D MDP     : [PQSessionManager] PQSessionManager::getPQSession id[a]
03-02 00:56:54.076  1444  1808 D MDP     : [PQSessionManager] getPQSessionListHandle id[a]
03-02 00:56:54.076  1444  1808 D MDP     : [PQSessionManager] getPQSessionListHandle, find id[a]
03-02 00:56:54.076  1444  1808 D PQ      : [PQHFGConfig] PQHFGConfig::isEnabled = 2
03-02 00:56:54.076  1444  1808 D MDP     : [PQSession] getDpPqConfig() id[a] enable[1], scenario[1]
03-02 00:56:54.076  1444  1808 D MDP     : [PQSession] getDpPqConfig() enSharp[1] enDC[0] enColor[0] enHDR[0] enHDRVivid[0] enUR[0] enReFocus[0] enCcorr[1] enDRE[0] enHFG[0] enAIPQ[0] enAISDR2HDR[0] enAIRegionPQ[0] mAdaptiveEnable[0]
03-02 00:56:54.076  1444  1808 D AAL     : [PQEngineInterface] DpEngineAALCongTile(0) MDP_aal_size = 35783936
03-02 00:56:54.076  1444  1808 D AAL     : [PQEngineInterface(1791345034)::MDP_AAL_output_offset = 0
03-02 00:56:54.076  1444  1808 D AAL     : [PQEngineInterface] DpEngineAALCongTile(0) MDP_AAL_output_size = 35259648
03-02 00:56:54.076  1444  1808 D AAL     : [PQEngineInterface] DpEngineAALCongTile(0) inTileXRight = 719, inTileXLeft = 174
03-02 00:56:54.076  1444  1808 D AAL     : [PQEngineInterface] DpEngineAALCongTile(0) inTileYBottom = 719, inTileYTop = 0
03-02 00:56:54.076  1444  1808 D AAL     : [PQEngineInterface] DpEngineAALCongTile(0) outTileXRight = 1279, outTileXLeft = 182
03-02 00:56:54.076  1444  1808 D AAL     : [PQEngineInterface] DpEngineAALCongTile(0) m_outTileYBottom = 1279, m_outTileYTop = 0
03-02 00:56:54.076  1444  1808 D MDP     : [PQSessionManager] PQSessionManager::getPQSession id[a]
03-02 00:56:54.076  1444  1808 D MDP     : [PQSessionManager] getPQSessionListHandle id[a]
03-02 00:56:54.076  1444  1808 D MDP     : [PQSessionManager] getPQSessionListHandle, find id[a]
03-02 00:56:54.076  1444  1808 D AAL     : [PQEngineInterface] DpEngineAALCongTile(0)cropOffset[X, Y]=[1, 174], crop[Wid, Hei]=[0, 546]
03-02 00:56:54.076  1444  1808 D MDP     : [PQSessionManager] PQSessionManager::getPQSession id[a]
03-02 00:56:54.077  1444  1808 D MDP     : [PQSessionManager] getPQSessionListHandle id[a]
03-02 00:56:54.077  1444  1808 D MDP     : [PQSessionManager] getPQSessionListHandle, find id[a]
03-02 00:56:54.077  1444  1808 D AAL     : [PQEngineInterface] DpEngineHDRConfigTile(0) outTileXLeft = 174, outTileXRight = 719
03-02 00:56:54.077  1444  1808 D AAL     : [PQEngineInterface] DpEngineHDRConfigTile(0) inTileXLeft = 174, inTileXRight = 719
03-02 00:56:54.077  1444  1808 D AAL     : [PQEngineInterface] DpEngineHDRConfigTile(0) HDR_out_start_x = 0, HDR_out_end_x = 545, src h: 546,v: 1280
03-02 00:56:54.077  1444  1808 D AAL     : [PQEngineInterface] DpEngineHDRConfigTile(0) HDR_hist_end_x = 0, HDR_hist_begin_x = 0
03-02 00:56:54.077  1444  1808 D AAL     : [PQEngineInterface] DpEngineHDRConfigTile(0) HDR_first_tile = 0, HDR_last_tile = 0
03-02 00:56:54.077  1444  1808 D AAL     : [PQEngineInterface] DpEngineHDRConfigTile(0) inFrameWidth = 720 , middlePosX = 0
03-02 00:56:54.077  1444  1808 D MDP     : [PQSessionManager] PQSessionManager::getPQSession id[a]
03-02 00:56:54.077  1444  1808 D MDP     : [PQSessionManager] getPQSessionListHandle id[a]
03-02 00:56:54.077  1444  1808 D MDP     : [PQSessionManager] getPQSessionListHandle, find id[a]
03-02 00:56:54.077  1444  1808 D MDP     : [PQSessionManager] PQSessionManager::getPQSession id[a]
03-02 00:56:54.077  1444  1808 D MDP     : [PQSessionManager] getPQSessionListHandle id[a]
03-02 00:56:54.077  1444  1808 D MDP     : [PQSessionManager] getPQSessionListHandle, find id[a]
03-02 00:56:54.077  1450  1487 I mtkpower_client: perf_lock_acq, hdl:0, dur:0, num:2, pid:1450, tid:1487
03-02 00:56:54.077  2013  3345 I WindowManager: Relayout Window{83740c2 u0 Splash Screen com.podcast.app.debug}: viewVisibility=0 req=1080x2340 ty=3 d0
03-02 00:56:54.078  1507  2393 I SurfaceFlinger: id=155290 createSurf, flag=44004, Splash Screen com.podcast.app.debug$_2746#155290
03-02 00:56:54.078  1464  1529 I libPowerHal: [perfLockRel] hdl:76206, idx:7
03-02 00:56:54.079  1464  1529 I libPowerHal: [set_cpuidle] enable:1, fd:17, scn:0xb40000737b6173c8
03-02 00:56:54.079  1464  1529 I libPowerHal: [PD] vendor.samsung. update cmd:1c3c100 param:1 pr:6
03-02 00:56:54.079  1464  1529 I libPowerHal: [perfLockRel] Done for hdl : 76206
03-02 00:56:54.081  1444  1809 D MDP     : [PQSessionManager] PQSessionManager::getPQSession id[a]
03-02 00:56:54.081  1450  1487 I mtkpower_client: ret_hdl:76209
03-02 00:56:54.081  1444  1809 D MDP     : [PQSessionManager] getPQSessionListHandle id[a]
03-02 00:56:54.081  1444  1809 D MDP     : [PQSessionManager] getPQSessionListHandle, find id[a]
03-02 00:56:54.081  1450  1487 I mtkpower_client: perf_lock_rel, hdl:76208, pid: 1450, tid:1487
03-02 00:56:54.081  1444  1809 D MDP     : [PQSessionManager] findVideoID[f6840820] found on index a
03-02 00:56:54.082  1464  1529 I libPowerHal: [perfLockAcq] idx:2 hdl:76209 hint:-1 pid:1450 tid:1487 duration:0 lock_user:vendor.samsung. => ret_hdl:76209
03-02 00:56:54.082  1464  1529 I libPowerHal: [set_cpuidle] enable:0, fd:17, scn:0xb40000737b607270
03-02 00:56:54.083  1464  1529 I libPowerHal: [get_cpu_dma_latency_value] 0
03-02 00:56:54.083  1464  1529 I libPowerHal: [PE] vendor.samsung. update cmd:1c3c100 param:0 pr:3
03-02 00:56:54.083  1464  1529 I libPowerHal: [perfLockAcq] Done for hdl : 76209
03-02 00:56:54.084  1444  1808 D MDP     : [PQSessionManager] findVideoID[f6840820] found on index a
03-02 00:56:54.084  1444  1808 D MDP     : [PQSessionManager] createPQSession(a) user(0xb4000074f4d46d80)
03-02 00:56:54.084  1444  1808 D MDP     : [PQSessionManager] Duplicated ID[a] found, please check if double createPQSession!
03-02 00:56:54.084  1444  1808 D MDP     : [PQSessionManager] getPQSessionListHandle id[a]
03-02 00:56:54.084  1444  1808 D MDP     : [PQSessionManager] getPQSessionListHandle, find id[a]
03-02 00:56:54.084  1444  1808 D MDP     : [PQSession] incRefCount id[a] user[0xb4000074f4d46d80] existed
03-02 00:56:54.084  1444  1808 D MDP     : [PQSession] incRefCount id[a] user[0xb4000074f4d46d80] numOfUser[1]
03-02 00:56:54.084  1444  1808 D MDP     : [PQSession] numElements[0] key[0] metaData[0]
03-02 00:56:54.084  1444  1808 D MDP     : [PQSession] setPQParam() id[a] enable[1], scenario[1]
03-02 00:56:54.084  1444  1808 D MDP     : [PQSession] video TS [5400]
03-02 00:56:54.084  1444  1808 D PQ      : PQDSConfig::getEnableStatus check1  time 0 ms
03-02 00:56:54.084  1444  1808 D PQ      : [PQDSConfig] PQDSConfig::getEnableStatus = 1
03-02 00:56:54.084  1444  1808 D PQ      : [PQDSConfig] m_TDSHPTableInit 1
03-02 00:56:54.084  1444  1808 D PQ      : [PQDSConfig] getAshmemContext(SHP_ENABLE) = 1
03-02 00:56:54.084  1444  1808 D PQ      : PQDSConfig::getEnableStatus check2  time 0 ms
03-02 00:56:54.084  1444  1808 D PQ      : [PQDSConfig] PQDSConfig::getUREnableStatus = 1
03-02 00:56:54.084  1444  1808 D MDP     : [PQSession] setDpPqConfig m_svp = 0, enDRE = 0
03-02 00:56:54.084  1444  1808 D MDP     : setPQParam globalPQSupport = [0] globalPQSwitch = [0] globalPQStrength = [0] globalPQType = [0]
03-02 00:56:54.084  1444  1808 D MDP     : [PQSession] setPQparam userId[0x0], scenario[1], enDRE[0]
03-02 00:56:54.084  1444  1808 D MDP     : [PQSession] getDpPqConfig() id[a] enable[1], scenario[1]
03-02 00:56:54.084  1444  1808 D MDP     : [PQSession] getDpPqConfig() enSharp[1] enDC[0] enColor[0] enHDR[0] enHDRVivid[0] enUR[0] enReFocus[0] enCcorr[1] enDRE[0] enHFG[0] enAIPQ[0] enAISDR2HDR[0] enAIRegionPQ[0] mAdaptiveEnable[0]
03-02 00:56:54.084  1444  1808 D MDP     : [PQSession] setPQDREParam userId[0x0] scenario[1] enDRE[0]
03-02 00:56:54.084  1444  1808 D MDP     : [PQSessionManager] findVideoID[f6840820] found on index a
03-02 00:56:54.084  1444  1808 D PQ_HDR  : DpAsyncBlit: job:(2070055 141) in:(720, 1280)[720 368] C8s P1.1.1.0.1, alpha 0, sec0 flush:0 Buffer 1035027: plane=3 bufVA={0x8d,0x8d,0x8d} bufMVA={0x0,0x0,0x0} bufSize={0xe1000,0x39800,0x39800} proxy={0xb40000747320b400,0x0,0x0}fence=-1
03-02 00:56:54.084  1444  1808 D PQ_HDR  : DpAsyncBlit: out 0:(836, 1920)[2176 0] C5 P1.1.1.0.1 R:0 F:0 S:1 A:0 HDR:0 COLOR:0 CCORR:1 sec0 flush:0 Buffer 1035027: plane=1 bufVA={0x82,0x0,0x0} bufMVA={0x0,0x0,0x0} bufSize={0x4db200,0x0,0x0} proxy={0xb40000747320b840,0x0,0x0}fence=161
03-02 00:56:54.084  1444  1808 D PQ_HDR  : DpAsyncBlit: crop 0:(162.0, 0.0, 558.0, 1280.0) compose:(0, 0, 836, 1920)
03-02 00:56:54.084  1444  1808 D MDP     : [PQSessionManager] PQSessionManager::getPQSession id[a]
03-02 00:56:54.085  1444  1808 D MDP     : [PQSessionManager] getPQSessionListHandle id[a]
03-02 00:56:54.085  1444  1808 D MDP     : [PQSessionManager] getPQSessionListHandle, find id[a]
03-02 00:56:54.085  1444  1808 D MDP     : [PQSessionManager] PQSessionManager::getPQSession id[a]
03-02 00:56:54.085  1444  1808 D MDP     : [PQSessionManager] getPQSessionListHandle id[a]
03-02 00:56:54.085  1444  1808 D MDP     : [PQSessionManager] getPQSessionListHandle, find id[a]
03-02 00:56:54.085  1444  1808 D MDP     : PQSession:setPipeNum m_PipeNum[1] value[1] ID[a] DCPath[0] DCDone[0] addr[732261df]
03-02 00:56:54.085  1444  1808 D MDP     : [PQSession] getDpPqConfig() id[a] enable[1], scenario[1]
03-02 00:56:54.085  1444  1808 D MDP     : [PQSession] getDpPqConfig() enSharp[1] enDC[0] enColor[0] enHDR[0] enHDRVivid[0] enUR[0] enReFocus[0] enCcorr[1] enDRE[0] enHFG[0] enAIPQ[0] enAISDR2HDR[0] enAIRegionPQ[0] mAdaptiveEnable[0]
03-02 00:56:54.085  1444  1808 D PQ      : [PQRSZConfig] PQRSZConfig::getUREnableStatus = 1
03-02 00:56:54.085  1444  1808 D MDP     : [PQSessionManager] PQSessionManager::getPQSession id[a]
03-02 00:56:54.085  1444  1808 D MDP     : [PQSessionManager] getPQSessionListHandle id[a]
03-02 00:56:54.085  1444  1808 D MDP     : [PQSessionManager] getPQSessionListHandle, find id[a]
03-02 00:56:54.085  1444  1808 D AAL     : [PQEngineInterface] DpEngineTDSHPConfigFrame(0) pqSessionId = a
03-02 00:56:54.085  1444  1808 D MDP     : [PQSession] getDpPqConfig() id[a] enable[1], scenario[1]
03-02 00:56:54.085  1444  1808 D MDP     : [PQSession] getDpPqConfig() enSharp[1] enDC[0] enColor[0] enHDR[0] enHDRVivid[0] enUR[0] enReFocus[0] enCcorr[1] enDRE[0] enHFG[0] enAIPQ[0] enAISDR2HDR[0] enAIRegionPQ[0] mAdaptiveEnable[0]
03-02 00:56:54.085  1444  1808 D AAL     : [PQEngineInterface] DpEngineTDSHPConfigFrame(0) tdshpEnable(1) enSharp(1) enDC(0) enHFG(0)
03-02 00:56:54.085  1444  1808 D MDP     : PQSession:setPipeNum m_PipeNum[1] value[1] ID[a] DCPath[0] DCDone[0] addr[732261df]
03-02 00:56:54.085  1444  1808 D AAL     : [PQEngineInterface] DpEngineTDSHPConfigFrame(0) adl_enable = 0
03-02 00:56:54.085  1444  1808 D PQ      : [PQHFGConfig] PQHFGConfig::isEnabled = 2
03-02 00:56:54.085  1444  1808 D MDP     : [PQSession] getDpPqConfig() id[a] enable[1], scenario[1]
03-02 00:56:54.085  1444  1808 D MDP     : [PQSession] getDpPqConfig() enSharp[1] enDC[0] enColor[0] enHDR[0] enHDRVivid[0] enUR[0] enReFocus[0] enCcorr[1] enDRE[0] enHFG[0] enAIPQ[0] enAISDR2HDR[0] enAIRegionPQ[0] mAdaptiveEnable[0]
03-02 00:56:54.085  1444  1808 D AAL     : [PQEngineInterface] DpEngineTDSHPConfigFrame(0) hfg_enable = 0
03-02 00:56:54.085  1444  1808 D AAL     : PQEngineInterface] DpEngineTDSHPConfigFrame(0) shp_enable = 0
03-02 00:56:54.085  1507  1507 I SurfaceFlinger: [LayerHierarchy{RequestedLayerState{432bf91 com.podcast.app.debug.test/androidx.test.core.app.InstrumentationActivityInvoker$EmptyActivity#155259 parentId=155289} 1 children}] reparent to LayerHierarchy{RequestedLayerState{Surface(name=432bf91 com.podcast.app.debug.test/androidx.test.core.app.InstrumentationActivityInvoker$EmptyActivity)/@0xe3e5a10 - animation-leash of starting_reveal#155289 parentId=155251} 1 children}
03-02 00:56:54.085  1450  1487 I mtkpower_client: perf_lock_acq, hdl:0, dur:0, num:2, pid:1450, tid:1487
03-02 00:56:54.085  1507  1507 I SurfaceFlinger: [Splash Screen com.podcast.app.debug$_2746#155290] attach to parent LayerHierarchy{RequestedLayerState{83740c2 Splash Screen com.podcast.app.debug#155288 parentId=155282} 1 children}
03-02 00:56:54.085  1444  1808 D MDP     : [PQSessionManager] PQSessionManager::getPQSession id[a]
03-02 00:56:54.085  1444  1808 D MDP     : [PQSessionManager] getPQSessionListHandle id[a]
03-02 00:56:54.085  1444  1808 D MDP     : [PQSessionManager] getPQSessionListHandle, find id[a]
03-02 00:56:54.085  1444  1808 D MDP     : [PQSession] getDpPqConfig() id[a] enable[1], scenario[1]
03-02 00:56:54.085  1444  1808 D MDP     : [PQSession] getDpPqConfig() enSharp[1] enDC[0] enColor[0] enHDR[0] enHDRVivid[0] enUR[0] enReFocus[0] enCcorr[1] enDRE[0] enHFG[0] enAIPQ[0] enAISDR2HDR[0] enAIRegionPQ[0] mAdaptiveEnable[0]
03-02 00:56:54.085  1444  1808 W AAL     : DpEngine_AAL: relay 1
03-02 00:56:54.086  1444  1808 D AAL     : [PQEngineInterface] DpEngineTDSHPConfigTile(0) InpSize: 801, 1920, OutSize: 801, 1920
03-02 00:56:54.086  1444  1808 D MDP     : [PQSessionManager] PQSessionManager::getPQSession id[a]
03-02 00:56:54.086  1444  1808 D MDP     : [PQSessionManager] getPQSessionListHandle id[a]
03-02 00:56:54.086  1444  1808 D MDP     : [PQSessionManager] getPQSessionListHandle, find id[a]
