03-02 00:57:29.444  1444  1808 D MDP     : [PQSessionManager] PQSessionManager::getPQSession id[7]
03-02 00:57:29.444  1444  1808 D MDP     : [PQSessionManager] getPQSessionListHandle id[7]
03-02 00:57:29.444  1444  1808 D MDP     : [PQSessionManager] getPQSessionListHandle, find id[7]
03-02 00:57:29.444  1444  1808 D AAL     : [PQEngineInterface] DpEngineHDRConfigTile(0) outTileXLeft = 526, outTileXRight = 719
03-02 00:57:29.444  1444  1808 D AAL     : [PQEngineInterface] DpEngineHDRConfigTile(0) inTileXLeft = 526, inTileXRight = 719
03-02 00:57:29.444  1444  1808 D AAL     : [PQEngineInterface] DpEngineHDRConfigTile(0) HDR_out_start_x = 0, HDR_out_end_x = 193, src h: 194,v: 1280
03-02 00:57:29.444  1444  1808 D AAL     : [PQEngineInterface] DpEngineHDRConfigTile(0) HDR_hist_end_x = 0, HDR_hist_begin_x = 0
03-02 00:57:29.444  1444  1808 D AAL     : [PQEngineInterface] DpEngineHDRConfigTile(0) HDR_first_tile = 0, HDR_last_tile = 0
03-02 00:57:29.444  1444  1808 D AAL     : [PQEngineInterface] DpEngineHDRConfigTile(0) inFrameWidth = 720 , middlePosX = 0
03-02 00:57:29.444  1444  1808 D MDP     : [PQSessionManager] PQSessionManager::getPQSession id[7]
03-02 00:57:29.444  1444  1808 D MDP     : [PQSessionManager] getPQSessionListHandle id[7]
03-02 00:57:29.445  1444  1808 D MDP     : [PQSessionManager] getPQSessionListHandle, find id[7]
03-02 00:57:29.445  1444  1808 D MDP     : [PQSessionManager] PQSessionManager::getPQSession id[7]
03-02 00:57:29.445  1444  1808 D MDP     : [PQSessionManager] getPQSessionListHandle id[7]
03-02 00:57:29.445  1444  1808 D MDP     : [PQSessionManager] getPQSessionListHandle, find id[7]
03-02 00:57:29.448  2013  2252 D InputTransport: Input channel constructed: '429c57d', fd=1036
03-02 00:57:29.449  2013  2252 D InputTransport: Input channel constructed: '429c57d', fd=1074
03-02 00:57:29.449  1507  1507 I SurfaceFlinger: destroyed DimTransitionLayer for Surface(name=Task=44883)/@0x6361d5e#156336
03-02 00:57:29.449  1507  1507 I SurfaceFlinger: [573c544 ActivityRecordInputSink com.podcast.app.debug/androidx.activity.ComponentActivity#156345] attach to parent LayerHierarchy{RequestedLayerState{ActivityRecord{34269026 u0 com.podcast.app.debug/androidx.activity.ComponentActivity t44884}#156341 parentId=156340} 2 children}
03-02 00:57:29.449  1444  1809 D MDP     : [PQSessionManager] PQSessionManager::getPQSession id[7]
03-02 00:57:29.449  1444  1809 D MDP     : [PQSessionManager] getPQSessionListHandle id[7]
03-02 00:57:29.450  1444  1809 D MDP     : [PQSessionManager] getPQSessionListHandle, find id[7]
03-02 00:57:29.450  1444  1809 D MDP     : [PQSessionManager] findVideoID[f50d5820] found on index 7
03-02 00:57:29.450  2013  2252 D InputTransport: Input channel constructed: '429c57d', fd=1116
03-02 00:57:29.450  2013  2252 D InputTransport: Input channel destroyed: '429c57d', fd=1074
03-02 00:57:29.450  1507  1507 I Layer   : id=156336 Destroyed DimTransitionLayer for Surface(name=Task=44883)/@0x6361d5e#156336
03-02 00:57:29.451  1507  1563 I SurfaceFlinger: id=156346 createSurf, flag=84004, 429c57d com.podcast.app.debug/androidx.activity.ComponentActivity#156346
03-02 00:57:29.454  2013  2252 D InputTransport: Input channel destroyed: '429c57d', fd=1116
03-02 00:57:29.454 17121 17121 D InputTransport: Input channel constructed: '429c57d', fd=128
03-02 00:57:29.455 17121 17121 I InsetsController: onStateChanged: host=com.podcast.app.debug/androidx.activity.ComponentActivity, from=android.view.ViewRootImpl.onInsetsStateChanged:3026, state=InsetsState: {mDisplayFrame=Rect(0, 0 - 1080, 2340), mDisplayCutout=DisplayCutout{insets=Rect(0, 80 - 0, 0) waterfall=Insets{left=0, top=0, right=0, bottom=0} boundingRect={Bounds=[Rect(0, 0 - 0, 0), Rect(472, 0 - 608, 80), Rect(0, 0 - 0, 0), Rect(0, 0 - 0, 0)]} cutoutPathParserInfo={CutoutPathParserInfo{displayWidth=1080 displayHeight=2340 physicalDisplayWidth=1080 physicalDisplayHeight=2340 density={2.8125} cutoutSpec={M 0,0 H -24.177777778 V 28.4444444444 H 24.177777778 V 0 H 0 Z @dp} rotation={0} scale={1.0} physicalPixelDisplaySizeRatio={1.0}}} sideOverrides={}}, mRoundedCorners=RoundedCorners{[RoundedCorner{position=TopLeft, radius=113, center=Point(113, 113)}, RoundedCorner{position=TopRight, radius=113, center=Point(967, 113)}, RoundedCorner{position=BottomRight, radius=113, center=Point(967, 2227)}, RoundedCorner{position=BottomLeft, radius=113, center=Point(113, 2227)}]}  mRoundedCornerFrame=Rect(0, 0 - 1080, 2340), mPrivacyIndicatorBounds=PrivacyIndicatorBounds {static bounds=Rect(956, 0 - 1080, 80) rotation=0}, mDisplayShape=DisplayShape{ spec=-311912193 displayWidth=1080 displayHeight=2340 physicalPixelDisplaySizeRatio=1.0 rotation=0 offsetX=0 offsetY=0 scale=1.0}, mSources= { InsetsSource: {e9af0000 mType=statusBars mFrame=[0,0][1080,80] mVisible=true mFlags= mSideHint=TOP mBoundingRects=null}, InsetsSource: {e9af0005 mType=mandatorySystemGestures mFrame=[0,0][1080,114] mVisible=true mFlags= mSideHint=TOP mBoundingRects=null}, InsetsSource: {e9af0006 mType=tappableElement mFrame=[0,0][1080,80] mVisible=true mFlags= mSideHint=TOP mBoundingRects=null}, InsetsSource: {3 mType=ime mFrame=[0,0][0,0] mVisible=false mFlags= mSideHint=NONE mBoundingRects=null}, InsetsSource: {27 mType=displayCutout mFrame=[0,0][1080,80] mVisible=true mFlags= mSideHint=TOP mBoundingRects=null}, InsetsSource: {26ed0001 mType=navigationBars mFrame=[0,2298][1080,2340] mVisible=true mFlags=SUPPRESS_SCRIM mSideHint=BOTTOM mBoundingRects=null}, InsetsSource: {26ed0004 mType=systemGestures mFrame=[0,0][84,2340] mVisible=true mFlags= mSideHint=LEFT mBoundingRects=null}, InsetsSource: {26ed0005 mType=mandatorySystemGestures mFrame=[0,2250][1080,2340] mVisible=true mFlags= mSideHint=BOTTOM mBoundingRects=null}, InsetsSource: {26ed0006 mType=tappableElement mFrame=[0,0][0,0] mVisible=true mFlags= mSideHint=NONE mBoundingRects=null}, InsetsSource: {26ed0024 mType=systemGestures mFrame=[996,0][1080,2340] mVisible=true mFlags= mSideHint=RIGHT mBoundingRects=null} }
03-02 00:57:29.455  1507  1825 I SurfaceFlinger: Capture layer list: 	 com.zhiliaoapp.musically/com.ss.android.ugc.aweme.splash.SplashActivity$_14885#156322(seamlessTransition:0)
03-02 00:57:29.456  2013  2065 D PkgPredictorService-SecIpmManagerServiceImpl: onForegroundActivitiesChanged pid:17121 uid:10685
03-02 00:57:29.457 17121 17121 I VRI[ComponentActivity]@ee14b35: synced displayState. AttachInfo displayState=2
03-02 00:57:29.457 17121 17121 I VRI[ComponentActivity]@ee14b35: setView = com.android.internal.policy.DecorView@86a4058 IsHRR=false mFlingFrameRateChange=0 TM=true
03-02 00:57:29.457 17121 17389 D HWUI    : HWUI - treat SMPTE_170M as sRGB
03-02 00:57:29.458  2013  2252 I WindowManager: Relayout Window{429c57d u0 com.podcast.app.debug/androidx.activity.ComponentActivity}: viewVisibility=0 req=1080x2340 ty=1 d0
03-02 00:57:29.459  1507  1563 I SurfaceFlinger: id=156347 createSurf, flag=44004, com.podcast.app.debug/androidx.activity.ComponentActivity$_17121#156347
03-02 00:57:29.460  1507  1507 I SurfaceFlinger: RequestedLayer [429c57d com.podcast.app.debug/androidx.activity.ComponentActivity#156346] hidden!! flag  from(1) --> to(0)
03-02 00:57:29.460  1507  1507 I SurfaceFlinger: [429c57d com.podcast.app.debug/androidx.activity.ComponentActivity#156346] attach to parent LayerHierarchy{RequestedLayerState{ActivityRecord{34269026 u0 com.podcast.app.debug/androidx.activity.ComponentActivity t44884}#156341 parentId=156340} 3 children}
03-02 00:57:29.460  1507  1507 I SurfaceFlinger: [com.podcast.app.debug/androidx.activity.ComponentActivity$_17121#156347] attach to parent LayerHierarchy{RequestedLayerState{429c57d com.podcast.app.debug/androidx.activity.ComponentActivity#156346 parentId=156341} 1 children}
03-02 00:57:29.463  1445 18689 W C2MtkBufferManager: [0xB4000070F68A8D20] fetchNewCcBlock: wait fence 0x0xb4000070f692fcb0 timed out. ret 110
03-02 00:57:29.463  1507  1563 I SurfaceFlinger: id=156348 createSurf, flag=24000, Surface(name=c536234 NavigationBar0)/@0xfac847b - animation-leash of insets_animation#156348
03-02 00:57:29.465  1507  1563 I SurfaceFlinger: id=156349 createSurf, flag=24000, Surface(name=a5d3a68 StatusBar)/@0xd5726d6 - animation-leash of insets_animation#156349
03-02 00:57:29.467  2746  2746 D NavigationBar: onSystemBarAttributesChanged() -  displayId:0, appearance:0, packageName: com.podcast.app.debug, navbarColorManagedByIme:false
03-02 00:57:29.468  1507  1563 I SurfaceFlinger: id=156350 createSurf, flag=24000, Surface(name=c536234 NavigationBar0)/@0xfac847b - animation-leash of insets_animation#156350
03-02 00:57:29.471  1507  1563 I SurfaceFlinger: id=156351 createSurf, flag=24000, Surface(name=a5d3a68 StatusBar)/@0xd5726d6 - animation-leash of insets_animation#156351
03-02 00:57:29.471  1507  1507 I SurfaceFlinger: [Surface(name=c536234 NavigationBar0)/@0xfac847b - animation-leash of insets_animation#156348] attach to parent LayerHierarchy{RequestedLayerState{WindowToken{5cf38d1 type=2019 android.os.BinderProxy@916675b}#101 parentId=34} 2 children}
03-02 00:57:29.471  1507  1507 I SurfaceFlinger: [Surface(name=a5d3a68 StatusBar)/@0xd5726d6 - animation-leash of insets_animation#156349] attach to parent LayerHierarchy{RequestedLayerState{WindowToken{d05298b type=2000 android.os.BinderProxy@163b705}#108 parentId=17} 2 children}
03-02 00:57:29.471  1507  1507 I SurfaceFlinger: [Surface(name=c536234 NavigationBar0)/@0xfac847b - animation-leash of insets_animation#156350] attach to parent LayerHierarchy{RequestedLayerState{WindowToken{5cf38d1 type=2019 android.os.BinderProxy@916675b}#101 parentId=34} 3 children}
03-02 00:57:29.471  1507  1507 I SurfaceFlinger: [Surface(name=a5d3a68 StatusBar)/@0xd5726d6 - animation-leash of insets_animation#156351] attach to parent LayerHierarchy{RequestedLayerState{WindowToken{d05298b type=2000 android.os.BinderProxy@163b705}#108 parentId=17} 3 children}
03-02 00:57:29.472  2013  2252 I SystemKeyManager: requested systemKeyInfo size=1 focusedWindow=com.podcast.app.debug/androidx.activity.ComponentActivity
03-02 00:57:29.472  2013  2252 I SystemKeyManager: requested systemKeyInfo size=2 focusedWindow=com.podcast.app.debug/androidx.activity.ComponentActivity
03-02 00:57:29.473  2013  2252 I WindowManager: Relayout hash=429c57d, pid=17121, syncId=-1: mAttrs={(0,0)(fillxfill) sim={adjust=pan forwardNavigation} layoutInDisplayCutoutMode=always ty=BASE_APPLICATION wanim=0x1030317
03-02 00:57:29.473  2013  2252 I WindowManager:   fl=81810100
03-02 00:57:29.473  2013  2252 I WindowManager:   pfl=100088c0
03-02 00:57:29.473  2013  2252 I WindowManager:   bhv=1
03-02 00:57:29.473  2013  2252 I WindowManager:   fitSides=0
03-02 00:57:29.473  2013  2252 I WindowManager:   frameRateBoostOnTouch=true
03-02 00:57:29.473  2013  2252 I WindowManager:   dvrrWindowFrameRateHint=true naviIconColor=0}
03-02 00:57:29.473  1507  1562 I SurfaceFlinger: onHandleDestroyed: layerId=156311, name=2326219 Splash Screen com.podcast.app.debug.test#156311
03-02 00:57:29.473  1507  1562 I SurfaceFlinger: id=156311 Removed 2326219 Splash Screen com.podcast.app.debug.test#156311 (351)
03-02 00:57:29.475 17532 17532 I VRI[InstrumentationActivityInvoker$EmptyActivity]@af67b16: handleAppVisibility mAppVisible = true visible = false
03-02 00:57:29.475 17532 17532 D VRI[InstrumentationActivityInvoker$EmptyActivity]@af67b16: visibilityChanged oldVisibility=true newVisibility=false
03-02 00:57:29.476  2746  2798 I SurfaceControlRegistry: show, t=StartTransaction_SyncId<11282> sc=Transition Root: Task=44884, caller=android.view.SurfaceControl$Transaction.show:3557 com.android.wm.shell.transition.Transitions.playTransition:79 com.android.wm.shell.transition.Transitions.processReadyQueue:239 com.android.wm.shell.transition.Transitions.onFinish:528 com.android.wm.shell.transition.Transitions$$ExternalSyntheticLambda7.onTransitionFinished:12 com.android.wm.shell.transition.DefaultTransitionHandler$$ExternalSyntheticLambda6.run:36
03-02 00:57:29.476 17121 17121 D BufferQueueConsumer: [](id:42e100000017,api:0,p:-1,c:17121) connect: controlledByApp=false
03-02 00:57:29.477 17121 17121 I BLASTBufferQueue: [VRI[ComponentActivity]@ee14b35#23](f:0,a:0,s:0) constructor()
03-02 00:57:29.477 17121 17121 I BLASTBufferQueue_Java: new BLASTBufferQueue, mName= VRI[ComponentActivity]@ee14b35 mNativeObject= 0xb40000786797d800 caller= android.view.ViewRootImpl.updateBlastSurfaceIfNeeded:3585 android.view.ViewRootImpl.relayoutWindow:11685 android.view.ViewRootImpl.performTraversals:4804 android.view.ViewRootImpl.doTraversal:3924 android.view.ViewRootImpl$TraversalRunnable.run:12903 android.view.Choreographer$CallbackRecord.run:1901 android.view.Choreographer$CallbackRecord.run:1910 android.view.Choreographer.doCallbacks:1367 android.view.Choreographer.doFrame:1292 android.view.Choreographer$FrameDisplayEventReceiver.run:1870
03-02 00:57:29.477 17121 17121 I BLASTBufferQueue_Java: update, w= 1080 h= 2340 mName = VRI[ComponentActivity]@ee14b35 mNativeObject= 0xb40000786797d800 sc.mNativeObject= 0xb4000078679cfb00 format= -1 caller= android.view.ViewRootImpl.updateBlastSurfaceIfNeeded:3590 android.view.ViewRootImpl.relayoutWindow:11685 android.view.ViewRootImpl.performTraversals:4804 android.view.ViewRootImpl.doTraversal:3924 android.view.ViewRootImpl$TraversalRunnable.run:12903 android.view.Choreographer$CallbackRecord.run:1901
03-02 00:57:29.477 17121 17121 I BLASTBufferQueue: [VRI[ComponentActivity]@ee14b35#23](f:0,a:0,s:0) update width=1080 height=2340 format=-1 mTransformHint=0
03-02 00:57:29.478 25915 26075 I Rubin   : [4019] M.c0.k(Unknown Source) : Notify com.samsung.android.rubin.inferenceengine.contextanalytics.engine.loggers.AppUsageLogger's database is updated.
03-02 00:57:29.480 17121 17121 I VRI[ComponentActivity]@ee14b35: Relayout returned: old=(0,0,1080,2340) new=(0,0,1080,2340) relayoutAsync=false req=(1080,2340)0 dur=18 res=0x3 s={true 0xb400007867ba8300} ch=true seqId=0
03-02 00:57:29.481 17121 17121 I VRI[ComponentActivity]@ee14b35: performConfigurationChange setNightDimText nightDimLevel=0
03-02 00:57:29.482  1446  1498 I SensorsHub: DeviceOrientation(0): event = 255, time = 767665866381798
03-02 00:57:29.482  1507  1507 I SurfaceFlinger: RequestedLayer [com.podcast.app.debug.test/androidx.[...]yInvoker$EmptyActivity$_17532#156314] hidden!! flag  from(0) --> to(1)
03-02 00:57:29.482  1507  1507 I SurfaceFlinger: RequestedLayer [ActivityRecord{194453875 u0 com.podc[...]Invoker$EmptyActivity t44883}#156310] hidden!! flag  from(0) --> to(1)
03-02 00:57:29.482  1507  1507 I SurfaceFlinger: destroyed 2326219 Splash Screen com.podcast.app.debug.test#156311
03-02 00:57:29.482  1507  1507 I SurfaceFlinger: [LayerHierarchy{RequestedLayerState{c536234 NavigationBar0#102 parentId=156350} 1 children}] reparent to LayerHierarchy{RequestedLayerState{Surface(name=c536234 NavigationBar0)/@0xfac847b - animation-leash of insets_animation#156350 parentId=101} 1 children}
03-02 00:57:29.482  1507  1507 I SurfaceFlinger: [LayerHierarchy{RequestedLayerState{a5d3a68 StatusBar#109 parentId=156351} 1 children}] reparent to LayerHierarchy{RequestedLayerState{Surface(name=a5d3a68 StatusBar)/@0xd5726d6 - animation-leash of insets_animation#156351 parentId=108} 1 children}
03-02 00:57:29.482  1507  1507 I SurfaceFlinger: [LayerHierarchy{RequestedLayerState{Transition Root: Task=44543#156335 z=42} no children}] reparent to OffscreenRoot
03-02 00:57:29.482  1507  1507 I SurfaceFlinger: [LayerHierarchy{RequestedLayerState{Transition Root: Task=44543#156335 z=42} no children}] RelativeParent to null
03-02 00:57:29.482  1507  1507 I SurfaceFlinger: [LayerHierarchy{RequestedLayerState{Surface(name=c536234 NavigationBar0)/@0xfac847b - animation-leash of insets_animation#156323} no children}] reparent to OffscreenRoot
03-02 00:57:29.482  1507  1507 I SurfaceFlinger: [LayerHierarchy{RequestedLayerState{Surface(name=c536234 NavigationBar0)/@0xfac847b - animation-leash of insets_animation#156323} no children}] RelativeParent to null
03-02 00:57:29.482  1507  1507 I SurfaceFlinger: [LayerHierarchy{RequestedLayerState{Surface(name=a5d3a68 StatusBar)/@0xd5726d6 - animation-leash of insets_animation#156324} no children}] reparent to OffscreenRoot
03-02 00:57:29.482  1507  1507 I SurfaceFlinger: [LayerHierarchy{RequestedLayerState{Surface(name=a5d3a68 StatusBar)/@0xd5726d6 - animation-leash of insets_animation#156324} no children}] RelativeParent to null
03-02 00:57:29.482  1507  1507 I SurfaceFlinger: [LayerHierarchy{RequestedLayerState{Surface(name=c536234 NavigationBar0)/@0xfac847b - animation-leash of insets_animation#156348} no children}] reparent to OffscreenRoot
03-02 00:57:29.482  1507  1507 I SurfaceFlinger: [LayerHierarchy{RequestedLayerState{Surface(name=c536234 NavigationBar0)/@0xfac847b - animation-leash of insets_animation#156348} no children}] RelativeParent to null
03-02 00:57:29.482  1507  1507 I SurfaceFlinger: [LayerHierarchy{RequestedLayerState{Surface(name=a5d3a68 StatusBar)/@0xd5726d6 - animation-leash of insets_animation#156349} no children}] reparent to OffscreenRoot
03-02 00:57:29.482  1507  1507 I SurfaceFlinger: [LayerHierarchy{RequestedLayerState{Surface(name=a5d3a68 StatusBar)/@0xd5726d6 - animation-leash of insets_animation#156349} no children}] RelativeParent to null
03-02 00:57:29.484  1507  1507 I Layer   : id=156311 Destroyed 2326219 Splash Screen com.podcast.app.debug.test#156311
03-02 00:57:29.484 17532 17563 D HWUI    : CacheManager::trimMemory(20)
03-02 00:57:29.485  1507  1507 I SurfaceFlinger: onHandleDestroyed: layerId=156335, name=Transition Root: Task=44543#156335
03-02 00:57:29.485  1507  1507 I SurfaceFlinger: id=156335 Removed Transition Root: Task=44543#156335 (350)
03-02 00:57:29.486 17121 17121 D VRI[ComponentActivity]@ee14b35: mThreadedRenderer.initialize() mSurface={isValid=true 0xb400007867ba8300} hwInitialized=true
03-02 00:57:29.486 17121 17121 D VRI[ComponentActivity]@ee14b35: reportNextDraw android.view.ViewRootImpl.performTraversals:5443 android.view.ViewRootImpl.doTraversal:3924 android.view.ViewRootImpl$TraversalRunnable.run:12903 android.view.Choreographer$CallbackRecord.run:1901 android.view.Choreographer$CallbackRecord.run:1910
03-02 00:57:29.488  1507  1562 I SurfaceFlinger: onHandleDestroyed: layerId=156348, name=Surface(name=c536234 NavigationBar0)/@0xfac847b - animation-leash of insets_animation#156348
03-02 00:57:29.488  1507  1562 I SurfaceFlinger: id=156348 Removed Surface(name=c536234 NavigationBar0)/@0xfac847b - animation-leash of insets_animation#156348 (350)
03-02 00:57:29.488  1507  1845 D SurfaceFlinger: [input] setFocusedWindow: 429c57d com.podcast.app.debug/androidx.activity.ComponentActivity
03-02 00:57:29.488  1507  1845 D SurfaceFlinger: updateWinowInfo=1, setFocusedWindow timestamp=491128480741887, windowName=429c57d com.podcast.app.debug/androidx.activity.ComponentActivity
03-02 00:57:29.488 17121 17121 D VRI[ComponentActivity]@ee14b35: Setup new sync=wmsSync-VRI[ComponentActivity]@ee14b35#46
03-02 00:57:29.489 17121 17121 I VRI[ComponentActivity]@ee14b35: Creating new active sync group VRI[ComponentActivity]@ee14b35#47
03-02 00:57:29.489  1507  2393 I SurfaceFlinger: onHandleDestroyed: layerId=156349, name=Surface(name=a5d3a68 StatusBar)/@0xd5726d6 - animation-leash of insets_animation#156349
03-02 00:57:29.489  1507  2393 I SurfaceFlinger: id=156349 Removed Surface(name=a5d3a68 StatusBar)/@0xd5726d6 - animation-leash of insets_animation#156349 (350)
03-02 00:57:29.490  1507  2128 I SurfaceFlinger: id=156352 createSurf, flag=20004, DimTransitionLayer for Surface(name=Task=44884)/@0xc1061b#156352
03-02 00:57:29.490  2746  2746 D AppController: AppControlSensorListener.onSensorChanged, Rotation: -1
03-02 00:57:29.491  2746  2746 D NavigationBar: onRotationProposal proposedRotation=-1, isValid=false, mNavBarWindowState=WINDOW_STATE_SHOWING, rotateSuggestionsDisabled=false, isRotateButtonVisible=false
03-02 00:57:29.491  2746  2746 D RotationButtonController: onRotationProposal unknown rotation
03-02 00:57:29.491 17121 17121 D VRI[ComponentActivity]@ee14b35: registerCallbacksForSync syncBuffer=false
03-02 00:57:29.491  2013  4835 I WindowManager: Relayout Window{d9a5553 u0 com.podcast.app.debug.test/androidx.test.core.app.InstrumentationActivityInvoker$EmptyActivity}: viewVisibility=8 req=1080x2340 ty=1 d0
03-02 00:57:29.491  2746  2798 I SurfaceControlRegistry: show, t=StartTransaction_SyncId<11282> sc=DimTransitionLayer for Surface(name=Task=44884)/@0xc1061b, caller=android.view.SurfaceControl$Transaction.show:3557 com.android.wm.shell.transition.DefaultTransitionHandler.startAnimation:2837 com.android.wm.shell.transition.Transitions.dispatchTransition:90 com.android.wm.shell.transition.Transitions.playTransition:774 com.android.wm.shell.transition.Transitions.processReadyQueue:239 com.android.wm.shell.transition.Transitions.onFinish:528
03-02 00:57:29.491 17121 17415 D VRI[ComponentActivity]@ee14b35: Received frameDrawingCallback syncResult=0 frameNum=1.
03-02 00:57:29.492 17121 17415 I VRI[ComponentActivity]@ee14b35: mWNT: t=0xb4000078677d9e80 mBlastBufferQueue=0xb40000786797d800 fn= 1 HdrRenderState mRenderHdrSdrRatio=1.0 caller= android.view.ViewRootImpl$12.onFrameDraw:15441 android.view.ThreadedRenderer$1.onFrameDraw:718 <bottom of call stack>
03-02 00:57:29.492 17121 17415 I VRI[ComponentActivity]@ee14b35: Setting up sync and frameCommitCallback
03-02 00:57:29.492  2746  2798 I SurfaceControlRegistry: apply, t=StartTransaction_SyncId<11282>, caller=android.view.SurfaceControl$Transaction.apply:3459 android.view.SurfaceControl$Transaction.apply:3447 android.view.SurfaceControl$Transaction.apply:3397 com.android.wm.shell.transition.DefaultTransitionHandler.startAnimation:3292 com.android.wm.shell.transition.Transitions.dispatchTransition:90 com.android.wm.shell.transition.Transitions.playTransition:774
03-02 00:57:29.493  1507  1507 I SurfaceFlinger: RequestedLayer [750774 Splash Screen com.podcast.app.debug#156342] hidden!! flag  from(1) --> to(0)
03-02 00:57:29.493  1507  1507 I SurfaceFlinger: RequestedLayer [Splash Screen com.podcast.app.debug$_2746#156343] hidden!! flag  from(1) --> to(0)
03-02 00:57:29.493  1507  1507 I SurfaceFlinger: RequestedLayer [Task=44884#156340] hidden!! flag  from(1) --> to(0)
03-02 00:57:29.493  1507  1507 E SurfaceFlinger: alpha changed 1.000 -> 0.000 - Task=44884#156340
03-02 00:57:29.493  1507  1507 I SurfaceFlinger: RequestedLayer [Transition Root: Task=44884#156344] hidden!! flag  from(1) --> to(0)
03-02 00:57:29.493  1507  1507 I SurfaceFlinger: RequestedLayer [ActivityRecord{34269026 u0 com.podca[...]ity.ComponentActivity t44884}#156341] hidden!! flag  from(1) --> to(0)
03-02 00:57:29.493  1507  1507 I SurfaceFlinger: RequestedLayer [DimTransitionLayer for Surface(name=Task=44884)/@0xc1061b#156352] hidden!! flag  from(1) --> to(0)
03-02 00:57:29.493  1507  1507 E SurfaceFlinger: alpha changed 1.000 -> 0.000 - DimTransitionLayer for Surface(name=Task=44884)/@0xc1061b#156352
03-02 00:57:29.493  1507  1507 I SurfaceFlinger: destroyed Transition Root: Task=44543#156335
03-02 00:57:29.493  1507  1507 I SurfaceFlinger: destroyed Surface(name=c536234 NavigationBar0)/@0xfac847b - animation-leash of insets_animation#156348
03-02 00:57:29.493  1507  1507 I SurfaceFlinger: destroyed Surface(name=a5d3a68 StatusBar)/@0xd5726d6 - animation-leash of insets_animation#156349
03-02 00:57:29.493  1507  1507 I SurfaceFlinger: [LayerHierarchy{RequestedLayerState{Task=44543#147901 parentId=156344 z=2} 1 children}] reparent to LayerHierarchy{RequestedLayerState{Transition Root: Task=44884#156344 parentId=10 z=42} 1 children}
03-02 00:57:29.493  1507  1507 I SurfaceFlinger: [DimTransitionLayer for Surface(name=Task=44884)/@0xc1061b#156352] attach to parent LayerHierarchy{RequestedLayerState{Transition Root: Task=44884#156344 parentId=10 z=42} 2 children}
03-02 00:57:29.493  1507  1507 I SurfaceFlinger: [LayerHierarchy{RequestedLayerState{Task=44884#156340 parentId=156344 z=5} 2 children}] reparent to LayerHierarchy{RequestedLayerState{Transition Root: Task=44884#156344 parentId=10 z=42} 3 children}
03-02 00:57:29.495  1507  1507 I Layer   : id=156349 Destroyed Surface(name=a5d3a68 StatusBar)/@0xd5726d6 - animation-leash of insets_animation#156349
03-02 00:57:29.495  1507  1507 I Layer   : id=156348 Destroyed Surface(name=c536234 NavigationBar0)/@0xfac847b - animation-leash of insets_animation#156348
03-02 00:57:29.495  1507  1507 I Layer   : id=156335 Destroyed Transition Root: Task=44543#156335
03-02 00:57:29.495  2013  3566 D InputDispatcher: Once focus requested (0): 429c57d com.podcast.app.debug/androidx.activity.ComponentActivity
03-02 00:57:29.495  2013  3566 D InputDispatcher: Focus request (0): 429c57d com.podcast.app.debug/androidx.activity.ComponentActivity but waiting because NOT_VISIBLE
03-02 00:57:29.496 17121 17389 I BLASTBufferQueue: [VRI[ComponentActivity]@ee14b35#23](f:0,a:0,s:0) onFrameAvailable the first frame is available
03-02 00:57:29.496 17121 17389 I BLASTBufferQueue: [VRI[ComponentActivity]@ee14b35#23](f:0,a:1,s:0) acquireNextBufferLocked size=1080x2340 mFrameNumber=1 applyTransaction=true mTimestamp=491128497434811(auto) mPendingTransactions.size=0 graphicBufferId=73534135074909 transform=0
03-02 00:57:29.497  1444  1444 I hwcomposer: [HWCLayer] (0 id:45704 setHwlayerType():839), pending release queue sp q2_45704, type 3 -> 0
03-02 00:57:29.497  1444  1444 D libcomposer_ext: DeviceImplAidl::DeviceClientContextAidl::NotifyHwcComposition()
03-02 00:57:29.497  1444  1444 D libcomposer_ext: DeviceImplAidl::DeviceClientContextAidl::NotifyHwcComposition()
03-02 00:57:29.497  3202  3977 I HoneySpace.RecentTasks: onRunningTaskAppeared
03-02 00:57:29.497 17121 17389 I VRI[ComponentActivity]@ee14b35: Received frameCommittedCallback lastAttemptedDrawFrameNum=1 didProduceBuffer=true
03-02 00:57:29.498  1464  1492 I mtkpower@impl: [setMode] type:6, enabled:1
03-02 00:57:29.498  1464  1492 E mtkpower@impl: [setMode] unknown type
03-02 00:57:29.498  3202  3977 I HoneySpace.RecentTasks: onRecentTasksChanged
03-02 00:57:29.499  1507  1507 I BufferQueueProducer: [FramebufferSurface](this:0xb400007a458f0370,id:-1,api:1,p:1507,c:1507) queueBuffer: fps=46.66 dur=1350.26 max=400.62 min=5.73
03-02 00:57:29.499 17121 17389 D HWUI    : CFMS:: SetUp Pid : 17121    Tid : 17389
03-02 00:57:29.500 17121 17121 D VRI[ComponentActivity]@ee14b35: reportDrawFinished seqId=0
03-02 00:57:29.500  1444  1444 I hwcomposer: [HWCLayer] (0 id:45704 afterPresent():797), release queue sp q2_45704
03-02 00:57:29.500  1444  1444 I hwcomposer: [DBQ] (q2:0xb4000074f4d1c000) Buffer queue is destroyed, m_id(45704)
03-02 00:57:29.500  1444  1444 I hwcomposer: [DBQ] (q2:0xb4000074f4d1c000) ~DisplayBufferQueue(), m_id(45704), release buf
03-02 00:57:29.500  1444  1444 I hwcomposer: [DBQ] (q2:0xb4000074f4d1c000) Free Slot(0), handle=0xb4000074f4c245c0, 5054400 -> 0
03-02 00:57:29.500  1444  1444 I hwcomposer: [DBQ] (q2:0xb4000074f4d1c000) Free Slot(1), handle=0xb4000074f4c23080, 5054400 -> 0
03-02 00:57:29.500  1444  1444 I hwcomposer: [DBQ] (q2:0xb4000074f4d1c000) Free Slot(2), handle=0xb4000074f4c24340, 5054400 -> 0
03-02 00:57:29.503  1445 18689 W C2MtkBufferManager: [0xB4000070F68A8D20] fetchNewCcBlock: wait fence 0x0xb4000070f692fcb0 timed out. ret 110
03-02 00:57:29.503  2013  4835 I WindowManager: Relayout hash=d9a5553, pid=17532, syncId=-1: mAttrs={(0,0)(fillxfill) sim={adjust=pan forwardNavigation} layoutInDisplayCutoutMode=always ty=BASE_APPLICATION
03-02 00:57:29.503  2013  4835 I WindowManager:   fl=81810100
03-02 00:57:29.503  2013  4835 I WindowManager:   pfl=100088c0
03-02 00:57:29.503  2013  4835 I WindowManager:   bhv=1
03-02 00:57:29.503  2013  4835 I WindowManager:   fitSides=0
03-02 00:57:29.503  2013  4835 I WindowManager:   frameRateBoostOnTouch=true
03-02 00:57:29.503  2013  4835 I WindowManager:   dvrrWindowFrameRateHint=true naviIconColor=0}
03-02 00:57:29.503  1698  1698 D libcomposer_ext: ClientCallbackAidl::asyncPerform(12)
03-02 00:57:29.503  1698  1698 D libcomposer_ext: ClientImplAidl::ParseNotifyHwcComposition()
03-02 00:57:29.503  1507  1507 E SurfaceFlinger: alpha changed 0.000 -> 1.000 - Task=44884#156340
03-02 00:57:29.506 17532 17532 I BLASTBufferQueue: [VRI[InstrumentationActivityInvoker$EmptyActivity]@af67b16#22](f:0,a:1,s:0) destructor()
03-02 00:57:29.506 17532 17532 D BufferQueueConsumer: [VRI[InstrumentationActivityInvoker$EmptyActivity]@af67b16#22(BLAST Consumer)22](id:447c00000016,api:0,p:-1,c:17532) disconnect
03-02 00:57:29.507 17532 17532 I VRI[InstrumentationActivityInvoker$EmptyActivity]@af67b16: Relayout returned: old=(0,0,1080,2340) new=(0,0,1080,2340) relayoutAsync=false req=(1080,2340)8 dur=20 res=0x2 s={false 0x0} ch=true seqId=0
03-02 00:57:29.508  1507  2128 D libcomposer_ext: ClientCallbackAidl::asyncPerform(12)
03-02 00:57:29.508 17532 17532 D VRI[InstrumentationActivityInvoker$EmptyActivity]@af67b16: Not drawing due to not visible. Reason=!mAppVisible && !mForceDecorViewVisibility
03-02 00:57:29.509  1507  2128 D libcomposer_ext: ClientImplAidl::ParseNotifyHwcComposition()
03-02 00:57:29.509  1507  2128 D SurfaceFlinger: NotifyHwcComposition(), id 0, mode 1
03-02 00:57:29.509 17121 17121 I InsetsSourceConsumer: applyRequestedVisibilityToControl: visible=true, type=navigationBars, host=com.podcast.app.debug/androidx.activity.ComponentActivity
03-02 00:57:29.510 17121 17121 I InsetsSourceConsumer: applyRequestedVisibilityToControl: visible=true, type=statusBars, host=com.podcast.app.debug/androidx.activity.ComponentActivity
03-02 00:57:29.510  1507  2128 I SurfaceFlinger: onHandleDestroyed: layerId=156323, name=Surface(name=c536234 NavigationBar0)/@0xfac847b - animation-leash of insets_animation#156323
03-02 00:57:29.510  1507  2128 I SurfaceFlinger: id=156323 Removed Surface(name=c536234 NavigationBar0)/@0xfac847b - animation-leash of insets_animation#156323 (348)
03-02 00:57:29.510  1507  2128 I SurfaceFlinger: onHandleDestroyed: layerId=156324, name=Surface(name=a5d3a68 StatusBar)/@0xd5726d6 - animation-leash of insets_animation#156324
03-02 00:57:29.510  1507  2128 I SurfaceFlinger: id=156324 Removed Surface(name=a5d3a68 StatusBar)/@0xd5726d6 - animation-leash of insets_animation#156324 (348)
03-02 00:57:29.511  2013  3345 I SemDvfsHyPerManager: acquire hyper - AMS_RESUME_TAIL/2013@18, type = -999
03-02 00:57:29.511  1464  1492 I mtkpower@impl: [setMode] type:5, enabled:0
03-02 00:57:29.511  2013  3345 I SemDvfsHyPerManager: acquire hyper - AMS_ACT_LAZY/2013@19, type = -999
03-02 00:57:29.511  2746  2808 I InsetsController: onStateChanged: host=Splash Screen com.podcast.app.debug, from=android.view.ViewRootImpl.onInsetsStateChanged:3026, state=InsetsState: {mDisplayFrame=Rect(0, 0 - 1080, 2340), mDisplayCutout=DisplayCutout{insets=Rect(0, 80 - 0, 0) waterfall=Insets{left=0, top=0, right=0, bottom=0} boundingRect={Bounds=[Rect(0, 0 - 0, 0), Rect(472, 0 - 608, 80), Rect(0, 0 - 0, 0), Rect(0, 0 - 0, 0)]} cutoutPathParserInfo={CutoutPathParserInfo{displayWidth=1080 displayHeight=2340 physicalDisplayWidth=1080 physicalDisplayHeight=2340 density={2.8125} cutoutSpec={M 0,0 H -24.177777778 V 28.4444444444 H 24.177777778 V 0 H 0 Z @dp} rotation={0} scale={1.0} physicalPixelDisplaySizeRatio={1.0}}} sideOverrides={}}, mRoundedCorners=RoundedCorners{[RoundedCorner{position=TopLeft, radius=113, center=Point(113, 113)}, RoundedCorner{position=TopRight, radius=113, center=Point(967, 113)}, RoundedCorner{position=BottomRight, radius=113, center=Point(967, 2227)}, RoundedCorner{position=BottomLeft, radius=113, center=Point(113, 2227)}]}  mRoundedCornerFrame=Rect(0, 0 - 1080, 2340), mPrivacyIndicatorBounds=PrivacyIndicatorBounds {static bounds=Rect(956, 0 - 1080, 80) rotation=0}, mDisplayShape=DisplayShape{ spec=-311912193 displayWidth=1080 displayHeight=2340 physicalPixelDisplaySizeRatio=1.0 rotation=0 offsetX=0 offsetY=0 scale=1.0}, mSources= { InsetsSource: {e9af0000 mType=statusBars mFrame=[0,0][1080,80] mVisible=true mFlags= mSideHint=TOP mBoundingRects=null}, InsetsSource: {e9af0005 mType=mandatorySystemGestures mFrame=[0,0][1080,114] mVisible=true mFlags= mSideHint=TOP mBoundingRects=null}, InsetsSource: {e9af0006 mType=tappableElement mFrame=[0,0][1080,80] mVisible=true mFlags= mSideHint=TOP mBoundingRects=null}, InsetsSource: {3 mType=ime mFrame=[0,0][0,0] mVisible=false mFlags= mSideHint=NONE mBoundingRects=null}, InsetsSource: {27 mType=displayCutout mFrame=[0,0][1080,80] mVisible=true mFlags= mSideHint=TOP mBoundingRects=null}, InsetsSource: {26ed0001 mType=navigationBars mFrame=[0,2298][1080,2340] mVisible=true mFlags=SUPPRESS_SCRIM mSideHint=BOTTOM mBoundingRects=null}, InsetsSource: {26ed0004 mType=systemGestures mFrame=[0,0][84,2340] mVisible=true mFlags= mSideHint=LEFT mBoundingRects=null}, InsetsSource: {26ed0005 mType=mandatorySystemGestures mFrame=[0,2250][1080,2340] mVisible=true mFlags= mSideHint=BOTTOM mBoundingRects=null}, InsetsSource: {26ed0006 mType=tappableElement mFrame=[0,0][0,0] mVisible=true mFlags= mSideHint=NONE mBoundingRects=null}, InsetsSource: {26ed0024 mType=systemGestures mFrame=[996,0][1080,2340] mVisible=true mFlags= mSideHint=RIGHT mBoundingRects=null} }
03-02 00:57:29.512  2746  2808 I VRI[debug]@4728534: onActiveControlsChanged, removed=false, mAdded=true, caller=android.view.ViewRootImpl.handleInsetsControlChanged:3002 android.view.ViewRootImpl$ViewRootHandler.handleMessageImpl:8352 android.view.ViewRootImpl$ViewRootHandler.handleMessage:8301 android.os.Handler.dispatchMessage:110 android.os.Looper.loopOnce:273
03-02 00:57:29.512  1450  1487 I HYPER-HAL: [RequestManager.cpp]acquire(): Acquired ID : 2063514  [2013 / 18]    HINT : AMS_RESUME_TAIL    list :
03-02 00:57:29.513  1445  2902 W C2MtkBufferManager: [0xB4000070F507E520] fetchNewCcBlock: wait fence 0x0xb4000070f5058270 timed out. ret 110
03-02 00:57:29.514  1450  1487 I mtkpower_client: perf_lock_rel, hdl:76633, pid: 1450, tid:1487
03-02 00:57:29.514  1507  1507 I SurfaceFlinger: destroyed Surface(name=c536234 NavigationBar0)/@0xfac847b - animation-leash of insets_animation#156323
03-02 00:57:29.514  1507  1507 I SurfaceFlinger: destroyed Surface(name=a5d3a68 StatusBar)/@0xd5726d6 - animation-leash of insets_animation#156324
03-02 00:57:29.515  1464  1529 I libPowerHal: [perfLockRel] hdl:76633, idx:5
03-02 00:57:29.515  1450  1487 I mtkpower_client: perf_lock_acq, hdl:0, dur:0, num:2, pid:1450, tid:1487
03-02 00:57:29.515  1464  1529 I libPowerHal: [set_cpuidle] enable:1, fd:17, scn:0xb40000737b610cd8
03-02 00:57:29.515  1464  1529 I libPowerHal: [PD] vendor.samsung. update cmd:1c3c100 param:1 pr:6
03-02 00:57:29.516  1464  1529 I libPowerHal: [perfLockRel] Done for hdl : 76633
03-02 00:57:29.516  1507  1507 I Layer   : id=156324 Destroyed Surface(name=a5d3a68 StatusBar)/@0xd5726d6 - animation-leash of insets_animation#156324
03-02 00:57:29.516  1507  1507 I Layer   : id=156323 Destroyed Surface(name=c536234 NavigationBar0)/@0xfac847b - animation-leash of insets_animation#156323
03-02 00:57:29.516  1450  1487 I mtkpower_client: ret_hdl:76637
03-02 00:57:29.516  1450  1487 I mtkpower_client: perf_lock_rel, hdl:76635, pid: 1450, tid:1487
03-02 00:57:29.517  1464  1529 I libPowerHal: [perfLockAcq] idx:5 hdl:76637 hint:-1 pid:1450 tid:1487 duration:0 lock_user:vendor.samsung. => ret_hdl:76637
03-02 00:57:29.517  1464  1529 I libPowerHal: [set_cpuidle] enable:0, fd:17, scn:0xb40000737b610cd8
03-02 00:57:29.517  1464  1529 I libPowerHal: [get_cpu_dma_latency_value] 0
03-02 00:57:29.518  1464  1529 I libPowerHal: [PE] vendor.samsung. update cmd:1c3c100 param:0 pr:3
03-02 00:57:29.518  1464  1529 I libPowerHal: [perfLockAcq] Done for hdl : 76637
03-02 00:57:29.518  1450  1487 I mtkpower_client: perf_lock_acq, hdl:0, dur:0, num:2, pid:1450, tid:1487
03-02 00:57:29.518 17532 17532 I VRI[InstrumentationActivityInvoker$EmptyActivity]@af67b16: stopped(true) old = false
03-02 00:57:29.518 17532 17532 D VRI[InstrumentationActivityInvoker$EmptyActivity]@af67b16: WindowStopped on com.podcast.app.debug.test/androidx.test.core.app.InstrumentationActivityInvoker$EmptyActivity set to true
03-02 00:57:29.519  1464  1529 I libPowerHal: [perfLockRel] hdl:76635, idx:2
03-02 00:57:29.519 17532 17563 D HWUI    : CacheManager::trimMemory(20)
03-02 00:57:29.519  1446  1498 I SensorsHub: DeviceOrientation(0): event = 0, time = 767665906390117
03-02 00:57:29.519  1464  1529 I libPowerHal: [PD] vendor.samsung. update cmd:1000000 param:-1 pr:6
03-02 00:57:29.520  1444  1444 I hwcomposer: [HWCDisplay] (0 updateFps():4131), (type:1, mode:2) fps:82.969139,dur:1000.37,max:31.92,min:6.58
03-02 00:57:29.520  1464  1529 I libPowerHal: [perfLockRel] Done for hdl : 76635
03-02 00:57:29.520  1450  1487 I mtkpower_client: ret_hdl:76638
03-02 00:57:29.520  1464  1529 I libPowerHal: [perfLockAcq] idx:8 hdl:76638 hint:-1 pid:1450 tid:1487 duration:0 lock_user:vendor.samsung. => ret_hdl:76638
03-02 00:57:29.520  1450  1487 I mtkpower_client: perf_lock_rel, hdl:76638, pid: 1450, tid:1487
03-02 00:57:29.521  1464  1529 I libPowerHal: [setDvfsrcDevFreqOpp] opp:0, freq:4266000000
03-02 00:57:29.521  1464  1529 I libPowerHal: [PE] vendor.samsung. update cmd:1000000 param:0 pr:3
03-02 00:57:29.521  1464  1529 I libPowerHal: [perfLockAcq] Done for hdl : 76638
03-02 00:57:29.521  1450  1487 I mtkpower_client: perf_lock_acq, hdl:0, dur:0, num:2, pid:1450, tid:1487
03-02 00:57:29.521  1464  1529 I libPowerHal: [perfLockRel] hdl:76638, idx:8
03-02 00:57:29.522  1464  1529 I libPowerHal: [PD] vendor.samsung. update cmd:1000000 param:-1 pr:6
03-02 00:57:29.522  1464  1529 I libPowerHal: [perfLockRel] Done for hdl : 76638
03-02 00:57:29.523  1450  1487 I mtkpower_client: ret_hdl:76639
03-02 00:57:29.523  1450  1487 I mtkpower_client: perf_lock_rel, hdl:76636, pid: 1450, tid:1487
03-02 00:57:29.523  1464  1529 I libPowerHal: [perfLockAcq] idx:2 hdl:76639 hint:-1 pid:1450 tid:1487 duration:0 lock_user:vendor.samsung. => ret_hdl:76639
03-02 00:57:29.523  1464  1529 I libPowerHal: [setDvfsrcDevFreqOpp] opp:0, freq:4266000000
03-02 00:57:29.523  1464  1529 I libPowerHal: [PE] vendor.samsung. update cmd:1000000 param:0 pr:3
03-02 00:57:29.523  1464  1529 I libPowerHal: [perfLockAcq] Done for hdl : 76639
03-02 00:57:29.524  1450  1487 I mtkpower_client: perf_lock_acq, hdl:0, dur:0, num:2, pid:1450, tid:1487
03-02 00:57:29.524  1464  1529 I libPowerHal: [perfLockRel] hdl:76636, idx:6
03-02 00:57:29.524  1464  1529 I libPowerHal: [PD] vendor.samsung. update cmd:400000 param:-1 pr:6
03-02 00:57:29.524  2746  2746 D AppController: AppControlSensorListener.onSensorChanged, Rotation: 0
03-02 00:57:29.525  2746  2746 D NavigationBar: onRotationProposal proposedRotation=ROTATION_0, isValid=true, mNavBarWindowState=WINDOW_STATE_SHOWING, rotateSuggestionsDisabled=false, isRotateButtonVisible=false
03-02 00:57:29.525  2746  2746 D RotationButtonController: onRotationProposal rotation not changed
03-02 00:57:29.525  1464  1529 I libPowerHal: [recordCPUFreqInfo] set cluster[0] min(-1): -1 max(-1): -1 cluster[1] min(-1): -1 max(-1): -1
03-02 00:57:29.525  1464  1529 I libPowerHal: [perfLockRel] Done for hdl : 76636
03-02 00:57:29.526  1450  1487 I mtkpower_client: ret_hdl:76640
03-02 00:57:29.526  1507  1507 E SurfaceFlinger: alpha changed 0.000 -> 0.013 - DimTransitionLayer for Surface(name=Task=44884)/@0xc1061b#156352
03-02 00:57:29.526  1450  1487 I HYPER-HAL: [RequestManager.cpp]releaseLocked(): Released ID : 2067581
03-02 00:57:29.526  1464  1529 I libPowerHal: [perfLockAcq] idx:6 hdl:76640 hint:-1 pid:1450 tid:1487 duration:0 lock_user:vendor.samsung. => ret_hdl:76640
03-02 00:57:29.527  1464  1529 I libPowerHal: [PE] vendor.samsung. update cmd:400000 param:2000000 pr:3
03-02 00:57:29.527  1464  1529 I libPowerHal: [recordCPUFreqInfo] set cluster[0] min(vendor.samsung.): 2000000 max(-1): -1 cluster[1] min(-1): -1 max(-1): -1
03-02 00:57:29.527  1464  1529 I libPowerHal: [perfLockAcq] Done for hdl : 76640
03-02 00:57:29.528 25915 26075 I Rubin   : [4019] com.samsung.android.rubin.inferenceengine.contextanalytics.engine.monitors.moment.exercise.ExercisingWithCalendarMonitor.isSatisfiedByCalendarEvent(Unknown Source) : isSatisfiedByCalendarEvent is false
03-02 00:57:29.529 25915 26075 I Rubin   : [4019] com.samsung.android.rubin.inferenceengine.contextanalytics.engine.monitors.moment.exercise.ExercisingWithCmhMonitor.isSatisfiedByCmh(Unknown Source) : isSatisfiedByCmh is false
03-02 00:57:29.534  1507  1507 D SurfaceFlinger: Display 4627039422300187648 HWC layers:
03-02 00:57:29.534  1507  1507 D SurfaceFlinger:   SOLID_COLOR |                        0 | 00000002 | N/A          |    0.0    0.0    0.0    0.0 |    0    0   -1   -1 | Background for 68eb87 SurfaceView[co[...]weme.splash.SplashActivity]@0#156328 (0)
03-02 00:57:29.534  1507  1507 D SurfaceFlinger:   SOLID_COLOR |                        0 | 00000002 | N/A          |    0.0    0.0    0.0    0.0 |    0    0   -1   -1 | Background for 7086fb SurfaceView[co[...]weme.splash.SplashActivity]@0#156331 (0)
03-02 00:57:29.534  1507  1507 D SurfaceFlinger:   SOLID_COLOR |                        0 | 00000002 | N/A          |    0.0    0.0    0.0    0.0 |    0    0   -1   -1 | Background for 836459b SurfaceView[c[...]weme.splash.SplashActivity]@0#156334 (0)
03-02 00:57:29.534  1507  1507 D SurfaceFlinger:        CLIENT |           63930588202194 | 00000102 | 0x32315659   |   14.0    0.0  720.0 1280.0 |    0   80 1059 2000 | 7086fb SurfaceView[com.zhiliaoapp.mu[...]lash.SplashActivity]@0(BLAST)#156330 (1)
03-02 00:57:29.534  1507  1507 D SurfaceFlinger:        CLIENT |           63930588202192 | 00002100 | RGBA_8888    |   21.0    0.0 1080.0 2340.0 |    0    0 1080 2340 | com.zhiliaoapp.musically/com.ss.andr[...].splash.S
03-02 00:57:29.534  1507  1507 D SurfaceFlinger: plashActivity$_14885#156322 (5)
03-02 00:57:29.534  1507  1507 D SurfaceFlinger:   SOLID_COLOR |                        0 | 00000000 | N/A          |    0.0    0.0    0.0    0.0 |    0    0 1080 2340 | DimTransitionLayer for Surface(name=Task=44884)/@0xc1061b#156352 (0)
03-02 00:57:29.534  1507  1507 D SurfaceFlinger:        DEVICE |           11793980283627 | 00002100 | RGBA_8888    |    0.0    0.0   68.0 2340.0 | 1012    0 1080 2340 | Splash Screen com.podcast.app.debug$_2746#156343 (1)
03-02 00:57:29.534  1507  1507 D SurfaceFlinger:        DEVICE |           11793980281879 | 00002100 | RGBA_8888    |    0.0    0.0 1080.0   80.0 |    0    0 1080   80 | StatusBar$_2746#117 (211113)
03-02 00:57:29.534  1507  1507 D SurfaceFlinger:        DEVICE |           13752485304097 | 00002100 | RGBA_8888    |    0.0    0.0   67.0  346.0 | 1013  454 1080  800 | com.sec.android.app.launcher/com.sam[...].app.CocktailBarService$_3202#152779 (1)
03-02 00:57:29.534  1507  1507 D SurfaceFlinger:        DEVICE |           11793980281868 | 00002100 | RGBA_8888    |    0.0    0.0 1080.0  135.0 |    0 2205 1080 2340 | NavigationBar0$_2746#113 (187935)
03-02 00:57:29.534  1507  1507 D SurfaceFlinger:
03-02 00:57:29.535 17532 17532 W WindowOnBackDispatcher: sendCancelIfRunning: isInProgress=false callback=android.view.ViewRootImpl$$ExternalSyntheticLambda16@e5732a2
03-02 00:57:29.537  2013  3566 W ParceledListSlice: Element #30 is 21544 bytes.
03-02 00:57:29.538 17532 17563 D HWUI    : CacheManager::trimMemory(20)
03-02 00:57:29.538  1507  1562 I SurfaceFlinger: id=156353 createSurf, flag=24000, Surface(name=429c57d com.podcast.app.debug/androidx.activity.ComponentActivity)/@0x60d4217 - animation-leash of starting_reveal#156353
03-02 00:57:29.538 17532 17532 D ViewRootImpl: Skipping stats log for color mode
03-02 00:57:29.538 17532 17532 I VRI[InstrumentationActivityInvoker$EmptyActivity]@af67b16: dispatchDetachedFromWindow
03-02 00:57:29.543  1445 18689 W C2MtkBufferManager: [0xB4000070F68A8D20] fetchNewCcBlock: wait fence 0x0xb4000070f692fcb0 timed out. ret 110
03-02 00:57:29.544  2013  2064 I PkgPredictorService-SecIpmManagerServiceImpl: reportToNAP uid:10685 com.podcast.app.debug/androidx.activity.ComponentActivity thisTime:238
03-02 00:57:29.544  2013  2064 D PkgPredictorService-SecIpmManagerServiceImpl: reportToNAP: mHeavyLaunchCounter is false
03-02 00:57:29.545  2746  2798 D ShellTaskOrganizer: removeStartingWindow, removalInfo=StartingWindowRemovalInfo{taskId=44884 frame=Rect(0, 0 - 1080, 2340) playRevealAnimation=true roundedCornerRadius=0.0 deferRemoveMode=0 windowlessSurface=false removeImmediately=false}
03-02 00:57:29.546  3202  3918 I HoneySpace.RecentTasks: onRecentTasksChanged
03-02 00:57:29.547  2013  2253 D InputTransport: Input channel destroyed: 'd9a5553', fd=1083
03-02 00:57:29.548  1507  1507 I SurfaceFlinger: [Surface(name=429c57d com.podcast.app.debug/androidx.activity.ComponentActivity)/@0x60d4217 - animation-leash of starting_reveal#156353] attach to parent LayerHierarchy{RequestedLayerState{ActivityRecord{34269026 u0 com.podcast.app.debug/androidx.activity.ComponentActivity t44884}#156341 parentId=156340} 4 children}
03-02 00:57:29.548  2013  2064 I ActivityTaskManager: Displayed com.podcast.app.debug/androidx.activity.ComponentActivity for user 0: +238ms
03-02 00:57:29.552 17532 17532 D InputTransport: Input channel destroyed: 'd9a5553', fd=119
03-02 00:57:29.553  3506  3506 E pageboostd: Received HALT command code 2
03-02 00:57:29.554 17532 17563 D HWUI    : CacheManager::trimMemory(40)
03-02 00:57:29.556  2013  2065 D PkgPredictorService-SecIpmManagerServiceImpl: bg information pid:17532 uid:10687 pkgName:com.podcast.app.debug.test
03-02 00:57:29.559  1507  1507 I SurfaceFlinger: RequestedLayer [com.podcast.app.debug/androidx.activity.ComponentActivity$_17121#156347] hidden!! flag  from(1) --> to(0)
03-02 00:57:29.559  1507  1507 I SurfaceFlinger: [LayerHierarchy{RequestedLayerState{d9a5553 com.podcast.app.debug.test/androidx.test.core.app.InstrumentationActivityInvoker$EmptyActivity#156313} 1 children}] reparent to OffscreenRoot
03-02 00:57:29.559  1507  1507 I SurfaceFlinger: [LayerHierarchy{RequestedLayerState{d9a5553 com.podcast.app.debug.test/androidx.test.core.app.InstrumentationActivityInvoker$EmptyActivity#156313} 1 children}] RelativeParent to null
03-02 00:57:29.559  1507  1507 I SurfaceFlinger: [LayerHierarchy{RequestedLayerState{com.podcast.app.debug.test/androidx.test.core.app.InstrumentationActivityInvoker$EmptyActivity$_17532#156314} no children}] reparent to OffscreenRoot
03-02 00:57:29.559  1507  1507 I SurfaceFlinger: [LayerHierarchy{RequestedLayerState{com.podcast.app.debug.test/androidx.test.core.app.InstrumentationActivityInvoker$EmptyActivity$_17532#156314} no children}] RelativeParent to null
03-02 00:57:29.559  1507  1507 I SurfaceFlinger: [LayerHierarchy{RequestedLayerState{429c57d com.podcast.app.debug/androidx.activity.ComponentActivity#156346 parentId=156353} 1 children}] reparent to LayerHierarchy{RequestedLayerState{Surface(name=429c57d com.podcast.app.debug/androidx.activity.ComponentActivity)/@0x60d4217 - animation-leash of starting_reveal#156353 parentId=156341} 1 children}
03-02 00:57:29.561  1507  2128 I SurfaceFlinger: onHandleDestroyed: layerId=156314, name=com.podcast.app.debug.test/androidx.test.core.app.InstrumentationActivityInvoker$EmptyActivity$_17532#156314
03-02 00:57:29.561  1507  2128 I SurfaceFlinger: id=156314 Removed com.podcast.app.debug.test/androidx.test.core.app.InstrumentationActivityInvoker$EmptyActivity$_17532#156314 (347)
03-02 00:57:29.561  1507  2128 I SurfaceFlinger: onHandleDestroyed: layerId=156313, name=d9a5553 com.podcast.app.debug.test/androidx.test.core.app.InstrumentationActivityInvoker$EmptyActivity#156313
03-02 00:57:29.561  1507  2128 I SurfaceFlinger: id=156313 Removed d9a5553 com.podcast.app.debug.test/androidx.test.core.app.InstrumentationActivityInvoker$EmptyActivity#156313 (347)
03-02 00:57:29.562  1446  1498 I SensorsHub: DeviceOrientation(0): event = 255, time = 767665946398666
03-02 00:57:29.562  2746  2746 D AppController: AppControlSensorListener.onSensorChanged, Rotation: -1
03-02 00:57:29.563  1507  1563 I SurfaceFlinger: onHandleDestroyed: layerId=156319, name=648e2ad ActivityRecordInputSink com.podcast.app.debug.test/androidx.test.core.app.InstrumentationActivityInvoker$EmptyActivity#156319
03-02 00:57:29.563  1507  1563 I SurfaceFlinger: id=156319 Removed 648e2ad ActivityRecordInputSink com.podcast.app.debug.test/androidx.test.core.app.InstrumentationActivityInvoker$EmptyActivity#156319 (347)
03-02 00:57:29.565  1484  1816 V APM_AudioPolicyManager: stopOutput portId 13560
03-02 00:57:29.565  1484  1816 V APM_AudioPolicyManager: stopOutput() output 21, stream 3, session 126033
03-02 00:57:29.565  1484  1816 V APM_AudioPolicyManager: setBeaconMute(1) mBeaconMuteRefCount=8 mBeaconPlayingRefCount=0
03-02 00:57:29.565  1507  2128 I SurfaceFlinger: id=156354 createSurf, flag=24004, Task=44883#156354
03-02 00:57:29.566  1484  1816 V APM_AudioPolicyManager: getNewOutputDevices selected devices AUDIO_DEVICE_NONE
03-02 00:57:29.566  1484  1816 V APM_AudioPolicyManager: setOutputDevices caller stopSource[[portId:5][io:21, deep-buffer]] device AUDIO_DEVICE_NONE delayMs 170
03-02 00:57:29.566  1439 16890 D MTKAdapterStreamLayer: updateMetadataCommon(),
03-02 00:57:29.567  1507  1507 D SurfaceFlinger: Display 4627039422300187648 HWC layers:
03-02 00:57:29.567  1507  1507 D SurfaceFlinger:   SOLID_COLOR |                        0 | 00000002 | N/A          |    0.0    0.0    0.0    0.0 |    0    0   -1   -1 | Background for 68eb87 SurfaceView[co[...]weme.splash.SplashActivity]@0#156328 (0)
03-02 00:57:29.567  1507  1507 D SurfaceFlinger:   SOLID_COLOR |                        0 | 00000002 | N/A          |    0.0    0.0    0.0    0.0 |    0    0   -1   -1 | Background for 7086fb SurfaceView[co[...]weme.splash.SplashActivity]@0#156331 (0)
