03-02 00:57:53.502  1507  1563 I SurfaceFlinger: id=157162 createSurf, flag=24000, Surface(name=a5d3a68 StatusBar)/@0xd5726d6 - animation-leash of insets_animation#157162
03-02 00:57:53.503  1507  1825 I SurfaceFlinger: Capture layer list: 	 com.podcast.app.debug/androidx.activity.ComponentActivity$_17121#157145(seamlessTransition:0)
03-02 00:57:53.503  1507  1825 I SurfaceFlinger: Capture layer list: 	 Dim Layer for - Task=44916#157158(seamlessTransition:0)
03-02 00:57:53.504 14636 15264 D WM-GreedyScheduler: Cancelling work ID f23029b8-b7a3-4a93-aaf6-b7c7a26dfe9e
03-02 00:57:53.506  1507  1507 I SurfaceFlinger: [Surface(name=c536234 NavigationBar0)/@0xfac847b - animation-leash of insets_animation#157161] attach to parent LayerHierarchy{RequestedLayerState{WindowToken{5cf38d1 type=2019 android.os.BinderProxy@916675b}#101 parentId=34} 2 children}
03-02 00:57:53.506  1507  1507 I SurfaceFlinger: [Surface(name=a5d3a68 StatusBar)/@0xd5726d6 - animation-leash of insets_animation#157162] attach to parent LayerHierarchy{RequestedLayerState{WindowToken{d05298b type=2000 android.os.BinderProxy@163b705}#108 parentId=17} 2 children}
03-02 00:57:53.510 14636 15264 W JobInfo : Requested important-while-foreground flag for job3723 is ignored and takes no effect
03-02 00:57:53.510  2013  2600 D AS.MultiSoundManager: mForegroundUid = 10687
03-02 00:57:53.510 14636 15264 D WM-SystemJobScheduler: Scheduling work ID f23029b8-b7a3-4a93-aaf6-b7c7a26dfe9eJob ID 3723
03-02 00:57:53.514  2746  2808 I ViewRootImpl: dVRR is disabled
03-02 00:57:53.514  2013  2322 D InputTransport: Input channel constructed: 'ClientS', fd=1074
03-02 00:57:53.514  2746  2870 D NativeCustomFrequencyManager: [NativeCFMS] BpCustomFrequencyManager::BpCustomFrequencyManager()
03-02 00:57:53.514  2013  2322 D InputTransport: Input channel destroyed: 'ClientS', fd=1074
03-02 00:57:53.515  5235  5235 I HBD     : HoneyBoardService onFinishInput
03-02 00:57:53.516  5235  5235 I HBD     : a IC have been unbinding,  RemoteInputConnection{idHash=#7f84665}
03-02 00:57:53.516  5235  5235 I HBD     : HoneyBoardService [PF_CL][onFinishInput]  1 ms
03-02 00:57:53.516  5235  5235 I HBD     : HoneyBoardService [IMI] onStartInput - caller pid : 17121 , caller uid : 10685
03-02 00:57:53.516  5235  5235 I HBD     : k updateConfigs
03-02 00:57:53.516  5235  5235 I HBD     : k isEnabledNightMode : true
03-02 00:57:53.516  5235  5235 I HBD     : a IC have been binding, RemoteInputConnection{idHash=#7f84665}
03-02 00:57:53.516  5235  5235 I HBD     : h [EditorInputType]setPrivateImeOptionsToTable privateImeOptions ( null )
03-02 00:57:53.516  5235  5235 I HBD     : b incognitoMode : false
03-02 00:57:53.516  5235  5235 I HBD     : c needOff = true , isForceOff = false, isNullInputClass : true
03-02 00:57:53.516  5235  5235 I HBD     : h getDefaultInputRange : UNKNOWN
03-02 00:57:53.516  5235  5235 I HBD     : h getDefaultInputRange : UNKNOWN
03-02 00:57:53.516  5235  5235 I HBD     : h getDefaultInputRange : UNKNOWN
03-02 00:57:53.516  1507  1907 I SurfaceFlinger: id=157163 createSurf, flag=24004, Surface(name=2141cda InputMethod)/@0x5ea0b56 - animation-leash of insets_animation#157163
03-02 00:57:53.517  5235  5235 I HBD     : c needOff = true , isForceOff = false, isNullInputClass : true
03-02 00:57:53.517  5235  5235 I HBD     : c update cached prediction status : false
03-02 00:57:53.517  5235  5235 I HBD     : h getDefaultInputRange : UNKNOWN
03-02 00:57:53.517  5235  5235 I HBD     : a currentState : 0
03-02 00:57:53.517  5235  5235 I HBD     : a [UpdatePolicy] [post] a: 0 cl: 65538 kit: [0/0] vt: 0 ir: 1
03-02 00:57:53.517  1507  1507 I SurfaceFlinger: [LayerHierarchy{RequestedLayerState{ImeContainer#15 parentId=157141 relativeParentId=157141 z=1} 1 children}] RelativeParent to null
03-02 00:57:53.517  1507  1507 I SurfaceFlinger: [LayerHierarchy{RequestedLayerState{c536234 NavigationBar0#102 parentId=157161} 1 children}] reparent to LayerHierarchy{RequestedLayerState{Surface(name=c536234 NavigationBar0)/@0xfac847b - animation-leash of insets_animation#157161 parentId=101} 1 children}
03-02 00:57:53.517  1507  1507 I SurfaceFlinger: [LayerHierarchy{RequestedLayerState{a5d3a68 StatusBar#109 parentId=157162} 1 children}] reparent to LayerHierarchy{RequestedLayerState{Surface(name=a5d3a68 StatusBar)/@0xd5726d6 - animation-leash of insets_animation#157162 parentId=108} 1 children}
03-02 00:57:53.517  1507  1507 I SurfaceFlinger: [LayerHierarchy{RequestedLayerState{Surface(name=a5d3a68 StatusBar)/@0xd5726d6 - animation-leash of insets_animation#157155} no children}] reparent to OffscreenRoot
03-02 00:57:53.517  1507  1507 I SurfaceFlinger: [LayerHierarchy{RequestedLayerState{Surface(name=a5d3a68 StatusBar)/@0xd5726d6 - animation-leash of insets_animation#157155} no children}] RelativeParent to null
03-02 00:57:53.517  1507  1507 I SurfaceFlinger: [LayerHierarchy{RequestedLayerState{Surface(name=c536234 NavigationBar0)/@0xfac847b - animation-leash of insets_animation#157154} no children}] reparent to OffscreenRoot
03-02 00:57:53.517  1507  1507 I SurfaceFlinger: [LayerHierarchy{RequestedLayerState{Surface(name=c536234 NavigationBar0)/@0xfac847b - animation-leash of insets_animation#157154} no children}] RelativeParent to null
03-02 00:57:53.517  1507  1507 I SurfaceFlinger: [Surface(name=2141cda InputMethod)/@0x5ea0b56 - animation-leash of insets_animation#157163] attach to parent LayerHierarchy{RequestedLayerState{WindowToken{4048e94 type=2011 android.os.Binder@219c2e7}#143 parentId=15} 2 children}
03-02 00:57:53.518 17532 17532 I DecorView: setWindowBackground: isPopOver=false color=ffffffff d=android.graphics.drawable.ColorDrawable@1c1e6d5
03-02 00:57:53.518 17121 17134 D InputTransport: Input channel constructed: 'ClientS', fd=193
03-02 00:57:53.519  2013  3821 I ImeTracker: system_server:462971cb: onRequestHide at ORIGIN_SERVER reason IME_REQUESTED_CHANGED_LISTENER fromUser false
03-02 00:57:53.521  2013  2027 D InputTransport: Input channel constructed: '4e3b44d', fd=1119
03-02 00:57:53.521  2013  2027 D InputTransport: Input channel constructed: '4e3b44d', fd=1132
03-02 00:57:53.521  2013  2027 D InputTransport: Input channel constructed: '4e3b44d', fd=1116
03-02 00:57:53.521  2013  2027 D InputTransport: Input channel destroyed: '4e3b44d', fd=1132
03-02 00:57:53.521  1507  1563 I SurfaceFlinger: id=157164 createSurf, flag=84004, 4e3b44d Splash Screen com.podcast.app.debug.test#157164
03-02 00:57:53.523  2013  2065 D PkgPredictorService-SecIpmManagerServiceImpl: onForegroundActivitiesChanged pid:17532 uid:10687
03-02 00:57:53.523  2013  3282 V PkgPredictorService-SecIpmManagerServiceImpl: discard foreground app:com.podcast.app.debug.test 1|true
03-02 00:57:53.523  5235  5235 I HBD     : a [NRIC] resetNoResponseState
03-02 00:57:53.523  5235  5235 I HBD     : c needOff = true , isForceOff = false, isNullInputClass : true
03-02 00:57:53.523  5235  5235 I HBD     : c update cached prediction status : false
03-02 00:57:53.523  5235  5235 I HBD     : b [AiWriter] setContact : com.podcast.app.debug
03-02 00:57:53.524  5235  5235 I HBD     : HoneyBoardService [PF_OP][onStartInput]  7 ms
03-02 00:57:53.525  2013  2027 D InputTransport: Input channel destroyed: '4e3b44d', fd=1116
03-02 00:57:53.526 17532 17532 I ViewRootImpl: dVRR is disabled
03-02 00:57:53.526  1507  1845 D SurfaceFlinger: [input] setFocusedWindow: <null>
03-02 00:57:53.526  1507  1845 D SurfaceFlinger: updateWinowInfo=1, setFocusedWindow timestamp=491152506859735, windowName=<null>
03-02 00:57:53.526 17532 17563 D NativeCustomFrequencyManager: [NativeCFMS] BpCustomFrequencyManager::BpCustomFrequencyManager()
03-02 00:57:53.527  2013  4835 D InputDispatcher: Once focus requested (0): <null>
03-02 00:57:53.527  2013  4835 D InputDispatcher: Focus request (0): <null> but waiting because NO_WINDOW
03-02 00:57:53.527  2013  4835 D InputDispatcher: Focus left window (0): c3a7190 com.podcast.app.debug/androidx.activity.ComponentActivity
03-02 00:57:53.528  2746  2808 D InputTransport: Input channel constructed: '4e3b44d', fd=703
03-02 00:57:53.528  1507  1507 I SurfaceFlinger: [4e3b44d Splash Screen com.podcast.app.debug.test#157164] attach to parent LayerHierarchy{RequestedLayerState{ActivityRecord{139492539 u0 com.podcast.app.debug.test/androidx.test.core.app.InstrumentationActivityInvoker$EmptyActivity t44917}#157160 parentId=157159} 1 children}
03-02 00:57:53.528  2746  2808 I InsetsController: onStateChanged: host=Splash Screen com.podcast.app.debug.test, from=android.view.ViewRootImpl.onInsetsStateChanged:3026, state=InsetsState: {mDisplayFrame=Rect(0, 0 - 1080, 2340), mDisplayCutout=DisplayCutout{insets=Rect(0, 80 - 0, 0) waterfall=Insets{left=0, top=0, right=0, bottom=0} boundingRect={Bounds=[Rect(0, 0 - 0, 0), Rect(472, 0 - 608, 80), Rect(0, 0 - 0, 0), Rect(0, 0 - 0, 0)]} cutoutPathParserInfo={CutoutPathParserInfo{displayWidth=1080 displayHeight=2340 physicalDisplayWidth=1080 physicalDisplayHeight=2340 density={2.8125} cutoutSpec={M 0,0 H -24.177777778 V 28.4444444444 H 24.177777778 V 0 H 0 Z @dp} rotation={0} scale={1.0} physicalPixelDisplaySizeRatio={1.0}}} sideOverrides={}}, mRoundedCorners=RoundedCorners{[RoundedCorner{position=TopLeft, radius=113, center=Point(113, 113)}, RoundedCorner{position=TopRight, radius=113, center=Point(967, 113)}, RoundedCorner{position=BottomRight, radius=113, center=Point(967, 2227)}, RoundedCorner{position=BottomLeft, radius=113, center=Point(113, 2227)}]}  mRoundedCornerFrame=Rect(0, 0 - 1080, 2340), mPrivacyIndicatorBounds=PrivacyIndicatorBounds {static bounds=Rect(956, 0 - 1080, 80) rotation=0}, mDisplayShape=DisplayShape{ spec=-311912193 displayWidth=1080 displayHeight=2340 physicalPixelDisplaySizeRatio=1.0 rotation=0 offsetX=0 offsetY=0 scale=1.0}, mSources= { InsetsSource: {e9af0000 mType=statusBars mFrame=[0,0][1080,80] mVisible=true mFlags= mSideHint=TOP mBoundingRects=null}, InsetsSource: {e9af0005 mType=mandatorySystemGestures mFrame=[0,0][1080,114] mVisible=true mFlags= mSideHint=TOP mBoundingRects=null}, InsetsSource: {e9af0006 mType=tappableElement mFrame=[0,0][1080,80] mVisible=true mFlags= mSideHint=TOP mBoundingRects=null}, InsetsSource: {3 mType=ime mFrame=[0,0][0,0] mVisible=false mFlags= mSideHint=NONE mBoundingRects=null}, InsetsSource: {27 mType=displayCutout mFrame=[0,0][1080,80] mVisible=true mFlags= mSideHint=TOP mBoundingRects=null}, InsetsSource: {26ed0001 mType=navigationBars mFrame=[0,2298][1080,2340] mVisible=true mFlags=SUPPRESS_SCRIM mSideHint=BOTTOM mBoundingRects=null}, InsetsSource: {26ed0004 mType=systemGestures mFrame=[0,0][84,2340] mVisible=true mFlags= mSideHint=LEFT mBoundingRects=null}, InsetsSource: {26ed0005 mType=mandatorySystemGestures mFrame=[0,2250][1080,2340] mVisible=true mFlags= mSideHint=BOTTOM mBoundingRects=null}, InsetsSource: {26ed0006 mType=tappableElement mFrame=[0,0][0,0] mVisible=true mFlags= mSideHint=NONE mBoundingRects=null}, InsetsSource: {26ed0024 mType=systemGestures mFrame=[996,0][1080,2340] mVisible=true mFlags= mSideHint=RIGHT mBoundingRects=null} }
03-02 00:57:53.528  2746  2808 I VRI[test]@902aa0a: onActiveControlsChanged, removed=false, mAdded=true, caller=android.view.ViewRootImpl.handleInsetsControlChanged:3002 android.view.ViewRootImpl.setView:2014 android.view.WindowManagerGlobal.addView:604 com.android.wm.shell.startingsurface.SplashscreenWindowCreator.addWindow:38 com.android.wm.shell.startingsurface.StartingWindowController$$ExternalSyntheticLambda4.run:1365
03-02 00:57:53.529  2746  2808 I VRI[test]@902aa0a: synced displayState. AttachInfo displayState=2
03-02 00:57:53.529  2746  2808 I VRI[test]@902aa0a: setView = android.widget.FrameLayout@1a7b8f1 IsHRR=false mFlingFrameRateChange=0 TM=true
03-02 00:57:53.529  1646  1892 I CameraService: onUidStateChanged: uid=10062, procState is changed. (0 -> 1)
03-02 00:57:53.529  2746  2870 D HWUI    : HWUI - treat SMPTE_170M as sRGB
03-02 00:57:53.532  3202  3386 I HoneySpace.TopTaskSource: onTaskMovedToFront : taskId = 44917, displayId = 0
03-02 00:57:53.532  3202  3390 I HoneySpace.TopTaskUseCase: topTasks 44917 ComponentInfo{com.podcast.app.debug.test/androidx.test.core.app.InstrumentationActivityInvoker$EmptyActivity}[displayId=0]
03-02 00:57:53.533  3202  4701 I HoneySpace.RecentTasks: onRecentTasksChanged
03-02 00:57:53.535  1507  1565 E SfCpu   :  sched_setaffinity return fail 1461
03-02 00:57:53.535  1507  1565 E SfCpu   :  sched_setaffinity return fail 1444
03-02 00:57:53.538  2013  2027 D InputTransport: Input channel constructed: 'e67b781', fd=1074
03-02 00:57:53.538  2013  2027 D InputTransport: Input channel constructed: 'e67b781', fd=1116
03-02 00:57:53.538  2013  2027 D InputTransport: Input channel constructed: 'e67b781', fd=1132
03-02 00:57:53.538  2013  2027 D InputTransport: Input channel destroyed: 'e67b781', fd=1116
03-02 00:57:53.538 17121 17121 I InsetsSourceConsumer: applyRequestedVisibilityToControl: visible=true, type=navigationBars, host=com.podcast.app.debug/androidx.activity.ComponentActivity
03-02 00:57:53.539 17121 17121 I InsetsSourceConsumer: applyRequestedVisibilityToControl: visible=true, type=statusBars, host=com.podcast.app.debug/androidx.activity.ComponentActivity
03-02 00:57:53.539  1507  1507 I SurfaceFlinger: RequestedLayer [Surface(name=2141cda InputMethod)/@0[...]ion-leash of insets_animation#157163] hidden!! flag  from(1) --> to(0)
03-02 00:57:53.539  1507  2393 I SurfaceFlinger: id=157165 createSurf, flag=84004, e67b781 com.podcast.app.debug.test/androidx.test.core.app.InstrumentationActivityInvoker$EmptyActivity#157165
03-02 00:57:53.539  1507  1507 E SurfaceFlinger: alpha changed 1.000 -> 0.000 - Surface(name=2141cda InputMethod)/@0x5ea0b56 - animation-leash of insets_animation#157163
03-02 00:57:53.539  1507  1507 I SurfaceFlinger: [LayerHierarchy{RequestedLayerState{2141cda InputMethod#159 parentId=157163} no children}] reparent to LayerHierarchy{RequestedLayerState{Surface(name=2141cda InputMethod)/@0x5ea0b56 - animation-leash of insets_animation#157163 parentId=143} 1 children}
03-02 00:57:53.539  1507  1507 I SurfaceFlinger: [LayerHierarchy{RequestedLayerState{Surface(name=2141cda InputMethod)/@0x5ea0b56 - animation-leash of insets_animation#157152} no children}] reparent to OffscreenRoot
03-02 00:57:53.539  1507  1507 I SurfaceFlinger: [LayerHierarchy{RequestedLayerState{Surface(name=2141cda InputMethod)/@0x5ea0b56 - animation-leash of insets_animation#157152} no children}] RelativeParent to null
03-02 00:57:53.540 17121 17121 I ImeFocusController: onPreWindowFocus: skipped hasWindowFocus=false mHasImeFocus=true
03-02 00:57:53.540  2013  2027 D InputTransport: Input channel destroyed: 'e67b781', fd=1132
03-02 00:57:53.540 17121 17121 I ImeFocusController: onPostWindowFocus: skipped hasWindowFocus=false mHasImeFocus=true
03-02 00:57:53.540 17532 17532 D InputTransport: Input channel constructed: 'e67b781', fd=119
03-02 00:57:53.540  2013  4903 I WindowManager: Relayout Window{4e3b44d u0 Splash Screen com.podcast.app.debug.test}: viewVisibility=0 req=1080x2340 ty=3 d0
03-02 00:57:53.540 17532 17532 I InsetsController: onStateChanged: host=com.podcast.app.debug.test/androidx.test.core.app.InstrumentationActivityInvoker$EmptyActivity, from=android.view.ViewRootImpl.onInsetsStateChanged:3026, state=InsetsState: {mDisplayFrame=Rect(0, 0 - 1080, 2340), mDisplayCutout=DisplayCutout{insets=Rect(0, 80 - 0, 0) waterfall=Insets{left=0, top=0, right=0, bottom=0} boundingRect={Bounds=[Rect(0, 0 - 0, 0), Rect(472, 0 - 608, 80), Rect(0, 0 - 0, 0), Rect(0, 0 - 0, 0)]} cutoutPathParserInfo={CutoutPathParserInfo{displayWidth=1080 displayHeight=2340 physicalDisplayWidth=1080 physicalDisplayHeight=2340 density={2.8125} cutoutSpec={M 0,0 H -24.177777778 V 28.4444444444 H 24.177777778 V 0 H 0 Z @dp} rotation={0} scale={1.0} physicalPixelDisplaySizeRatio={1.0}}} sideOverrides={}}, mRoundedCorners=RoundedCorners{[RoundedCorner{position=TopLeft, radius=113, center=Point(113, 113)}, RoundedCorner{position=TopRight, radius=113, center=Point(967, 113)}, RoundedCorner{position=BottomRight, radius=113, center=Point(967, 2227)}, RoundedCorner{position=BottomLeft, radius=113, center=Point(113, 2227)}]}  mRoundedCornerFrame=Rect(0, 0 - 1080, 2340), mPrivacyIndicatorBounds=PrivacyIndicatorBounds {static bounds=Rect(956, 0 - 1080, 80) rotation=0}, mDisplayShape=DisplayShape{ spec=-311912193 displayWidth=1080 displayHeight=2340 physicalPixelDisplaySizeRatio=1.0 rotation=0 offsetX=0 offsetY=0 scale=1.0}, mSources= { InsetsSource: {e9af0000 mType=statusBars mFrame=[0,0][1080,80] mVisible=true mFlags= mSideHint=TOP mBoundingRects=null}, InsetsSource: {e9af0005 mType=mandatorySystemGestures mFrame=[0,0][1080,114] mVisible=true mFlags= mSideHint=TOP mBoundingRects=null}, InsetsSource: {e9af0006 mType=tappableElement mFrame=[0,0][1080,80] mVisible=true mFlags= mSideHint=TOP mBoundingRects=null}, InsetsSource: {3 mType=ime mFrame=[0,0][0,0] mVisible=false mFlags= mSideHint=NONE mBoundingRects=null}, InsetsSource: {27 mType=displayCutout mFrame=[0,0][1080,80] mVisible=true mFlags= mSideHint=TOP mBoundingRects=null}, InsetsSource: {26ed0001 mType=navigationBars mFrame=[0,2298][1080,2340] mVisible=true mFlags=SUPPRESS_SCRIM mSideHint=BOTTOM mBoundingRects=null}, InsetsSource: {26ed0004 mType=systemGestures mFrame=[0,0][84,2340] mVisible=true mFlags= mSideHint=LEFT mBoundingRects=null}, InsetsSource: {26ed0005 mType=mandatorySystemGestures mFrame=[0,2250][1080,2340] mVisible=true mFlags= mSideHint=BOTTOM mBoundingRects=null}, InsetsSource: {26ed0006 mType=tappableElement mFrame=[0,0][0,0] mVisible=true mFlags= mSideHint=NONE mBoundingRects=null}, InsetsSource: {26ed0024 mType=systemGestures mFrame=[996,0][1080,2340] mVisible=true mFlags= mSideHint=RIGHT mBoundingRects=null} }
03-02 00:57:53.541  1507  2128 I SurfaceFlinger: id=157166 createSurf, flag=44004, Splash Screen com.podcast.app.debug.test$_2746#157166
03-02 00:57:53.541 17532 17532 I VRI[InstrumentationActivityInvoker$EmptyActivity]@a1c878: synced displayState. AttachInfo displayState=2
03-02 00:57:53.541 17532 17532 I VRI[InstrumentationActivityInvoker$EmptyActivity]@a1c878: setView = com.android.internal.policy.DecorView@b3704b7 IsHRR=false mFlingFrameRateChange=0 TM=true
03-02 00:57:53.542 17532 17563 D HWUI    : HWUI - treat SMPTE_170M as sRGB
03-02 00:57:53.542  2013  4903 I WindowManager: Relayout hash=4e3b44d, pid=2746, syncId=-1: mAttrs={(0,0)(fillxfill) sim={adjust=pan} layoutInDisplayCutoutMode=always ty=APPLICATION_STARTING fmt=TRANSLUCENT
03-02 00:57:53.542  2013  4903 I WindowManager:   fl=81030118
03-02 00:57:53.542  2013  4903 I WindowManager:   pfl=10000810
03-02 00:57:53.542  2013  4903 I WindowManager:   apr=18
03-02 00:57:53.542  2013  4903 I WindowManager:   bhv=1
03-02 00:57:53.542  2013  4903 I WindowManager:   fitSides=0
03-02 00:57:53.542  2013  4903 I WindowManager:   frameRateBoostOnTouch=true
03-02 00:57:53.542  2013  4903 I WindowManager:   dvrrWindowFrameRateHint=true naviIconColor=0}
03-02 00:57:53.543  2746  2808 I VRI[test]@902aa0a: onActiveControlsChanged, removed=false, mAdded=true, caller=android.view.ViewRootImpl.handleInsetsControlChanged:3002 android.view.ViewRootImpl.relayoutWindow:11629 android.view.ViewRootImpl.performTraversals:4804 android.view.ViewRootImpl.doTraversal:3924 android.view.ViewRootImpl$TraversalRunnable.run:12903
03-02 00:57:53.543  2013  3821 I WindowManager: Relayout Window{e67b781 u0 com.podcast.app.debug.test/androidx.test.core.app.InstrumentationActivityInvoker$EmptyActivity}: viewVisibility=0 req=1080x2340 ty=1 d0
03-02 00:57:53.544  1507  2128 I SurfaceFlinger: onHandleDestroyed: layerId=157152, name=Surface(name=2141cda InputMethod)/@0x5ea0b56 - animation-leash of insets_animation#157152
03-02 00:57:53.544  1507  2128 I SurfaceFlinger: id=157152 Removed Surface(name=2141cda InputMethod)/@0x5ea0b56 - animation-leash of insets_animation#157152 (339)
03-02 00:57:53.544  2746  2808 D BufferQueueConsumer: [](id:aba00001e4b,api:0,p:-1,c:2746) connect: controlledByApp=false
03-02 00:57:53.544  2746  2808 I BLASTBufferQueue: [VRI[test]@902aa0a#7755](f:0,a:0,s:0) constructor()
03-02 00:57:53.544  1507  2128 I SurfaceFlinger: id=157167 createSurf, flag=44004, com.podcast.app.debug.test/androidx.test.core.app.InstrumentationActivityInvoker$EmptyActivity$_17532#157167
03-02 00:57:53.544  2746  2808 I BLASTBufferQueue_Java: new BLASTBufferQueue, mName= VRI[test]@902aa0a mNativeObject= 0xb40000771f5c9000 caller= android.view.ViewRootImpl.updateBlastSurfaceIfNeeded:3585 android.view.ViewRootImpl.relayoutWindow:11685 android.view.ViewRootImpl.performTraversals:4804 android.view.ViewRootImpl.doTraversal:3924 android.view.ViewRootImpl$TraversalRunnable.run:12903 android.view.Choreographer$CallbackRecord.run:1901 android.view.Choreographer$CallbackRecord.run:1910 android.view.Choreographer.doCallbacks:1367 android.view.Choreographer.doFrame:1292 android.view.Choreographer$FrameDisplayEventReceiver.run:1870
03-02 00:57:53.545  2746  2808 I BLASTBufferQueue_Java: update, w= 1080 h= 2340 mName = VRI[test]@902aa0a mNativeObject= 0xb40000771f5c9000 sc.mNativeObject= 0xb40000771fa8c880 format= -3 caller= android.view.ViewRootImpl.updateBlastSurfaceIfNeeded:3590 android.view.ViewRootImpl.relayoutWindow:11685 android.view.ViewRootImpl.performTraversals:4804 android.view.ViewRootImpl.doTraversal:3924 android.view.ViewRootImpl$TraversalRunnable.run:12903 android.view.Choreographer$CallbackRecord.run:1901
03-02 00:57:53.545  2746  2808 I BLASTBufferQueue: [VRI[test]@902aa0a#7755](f:0,a:0,s:0) update width=1080 height=2340 format=-3 mTransformHint=0
03-02 00:57:53.545  2746  2808 I VRI[test]@902aa0a: Relayout returned: old=(0,0,1080,2340) new=(0,0,1080,2340) relayoutAsync=false req=(1080,2340)0 dur=14 res=0x3 s={true 0xb40000772ad68300} ch=true seqId=0
03-02 00:57:53.547  2746  2808 I VRI[test]@902aa0a: performConfigurationChange setNightDimText nightDimLevel=0
03-02 00:57:53.547  1507  2393 I SurfaceFlinger: id=157168 createSurf, flag=24000, Surface(name=c536234 NavigationBar0)/@0xfac847b - animation-leash of insets_animation#157168
03-02 00:57:53.547  2746  2808 D VRI[test]@902aa0a: mThreadedRenderer.initialize() mSurface={isValid=true 0xb40000772ad68300} hwInitialized=true
03-02 00:57:53.548  1507  2393 I SurfaceFlinger: id=157169 createSurf, flag=24000, Surface(name=a5d3a68 StatusBar)/@0xd5726d6 - animation-leash of insets_animation#157169
03-02 00:57:53.548  2746  2808 D VRI[test]@902aa0a: reportNextDraw android.view.ViewRootImpl.performTraversals:5443 android.view.ViewRootImpl.doTraversal:3924 android.view.ViewRootImpl$TraversalRunnable.run:12903 android.view.Choreographer$CallbackRecord.run:1901 android.view.Choreographer$CallbackRecord.run:1910
03-02 00:57:53.548  2746  2808 D VRI[test]@902aa0a: Setup new sync=wmsSync-VRI[test]@902aa0a#29
03-02 00:57:53.548  2746  2808 I VRI[test]@902aa0a: Creating new active sync group VRI[test]@902aa0a#30
03-02 00:57:53.549  2013  3821 I SystemKeyManager: requested systemKeyInfo size=1 focusedWindow=com.podcast.app.debug.test/androidx.test.core.app.InstrumentationActivityInvoker$EmptyActivity
03-02 00:57:53.549  2013  3821 I SystemKeyManager: requested systemKeyInfo size=2 focusedWindow=com.podcast.app.debug.test/androidx.test.core.app.InstrumentationActivityInvoker$EmptyActivity
03-02 00:57:53.549  2746  2808 D VRI[test]@902aa0a: registerCallbacksForSync syncBuffer=false
03-02 00:57:53.549  2013  3821 I WindowManager: Relayout hash=e67b781, pid=17532, syncId=-1: mAttrs={(0,0)(fillxfill) sim={adjust=pan forwardNavigation} layoutInDisplayCutoutMode=always ty=BASE_APPLICATION
03-02 00:57:53.549  2013  3821 I WindowManager:   fl=81810100
03-02 00:57:53.549  2013  3821 I WindowManager:   pfl=100088c0
03-02 00:57:53.549  2013  3821 I WindowManager:   bhv=1
03-02 00:57:53.549  2013  3821 I WindowManager:   fitSides=0
03-02 00:57:53.549  2013  3821 I WindowManager:   frameRateBoostOnTouch=true
03-02 00:57:53.549  2013  3821 I WindowManager:   dvrrWindowFrameRateHint=true naviIconColor=0}
03-02 00:57:53.550  1507  1507 I SurfaceFlinger: destroyed Surface(name=2141cda InputMethod)/@0x5ea0b56 - animation-leash of insets_animation#157152
03-02 00:57:53.550  1507  1507 I SurfaceFlinger: [Surface(name=a5d3a68 StatusBar)/@0xd5726d6 - animation-leash of insets_animation#157169] attach to parent LayerHierarchy{RequestedLayerState{WindowToken{d05298b type=2000 android.os.BinderProxy@163b705}#108 parentId=17} 2 children}
03-02 00:57:53.550  1507  1507 I SurfaceFlinger: [e67b781 com.podcast.app.debug.test/androidx.test.core.app.InstrumentationActivityInvoker$EmptyActivity#157165] attach to parent LayerHierarchy{RequestedLayerState{ActivityRecord{139492539 u0 com.podcast.app.debug.test/androidx.test.core.app.InstrumentationActivityInvoker$EmptyActivity t44917}#157160 parentId=157159} 2 children}
03-02 00:57:53.550  1507  1507 I SurfaceFlinger: [Splash Screen com.podcast.app.debug.test$_2746#157166] attach to parent LayerHierarchy{RequestedLayerState{4e3b44d Splash Screen com.podcast.app.debug.test#157164 parentId=157160} 1 children}
03-02 00:57:53.550  1507  1507 I SurfaceFlinger: [com.podcast.app.debug.test/androidx.test.core.app.InstrumentationActivityInvoker$EmptyActivity$_17532#157167] attach to parent LayerHierarchy{RequestedLayerState{e67b781 com.podcast.app.debug.test/androidx.test.core.app.InstrumentationActivityInvoker$EmptyActivity#157165 parentId=157160} 1 children}
03-02 00:57:53.550  1507  1507 I SurfaceFlinger: [Surface(name=c536234 NavigationBar0)/@0xfac847b - animation-leash of insets_animation#157168] attach to parent LayerHierarchy{RequestedLayerState{WindowToken{5cf38d1 type=2019 android.os.BinderProxy@916675b}#101 parentId=34} 2 children}
03-02 00:57:53.551 17532 17532 D BufferQueueConsumer: [](id:447c00000027,api:0,p:-1,c:17532) connect: controlledByApp=false
03-02 00:57:53.551  2746  2866 D VRI[test]@902aa0a: Received frameDrawingCallback syncResult=0 frameNum=1.
03-02 00:57:53.551  2746  2866 I VRI[test]@902aa0a: mWNT: t=0xb4000076d38eb200 mBlastBufferQueue=0xb40000771f5c9000 fn= 1 HdrRenderState mRenderHdrSdrRatio=1.0 caller= android.view.ViewRootImpl$12.onFrameDraw:15441 android.view.ThreadedRenderer$1.onFrameDraw:718 <bottom of call stack>
03-02 00:57:53.551  2746  2866 I VRI[test]@902aa0a: Setting up sync and frameCommitCallback
03-02 00:57:53.552  2013  2027 W ParceledListSlice: Element #30 is 21544 bytes.
03-02 00:57:53.554  1507  1507 I Layer   : id=157152 Destroyed Surface(name=2141cda InputMethod)/@0x5ea0b56 - animation-leash of insets_animation#157152
03-02 00:57:53.554 17532 17532 I BLASTBufferQueue: [VRI[InstrumentationActivityInvoker$EmptyActivity]@a1c878#39](f:0,a:0,s:0) constructor()
03-02 00:57:53.554  3202 15778 I HoneySpace.RecentTasks: onRecentTasksChanged
03-02 00:57:53.555 17532 17532 I BLASTBufferQueue_Java: new BLASTBufferQueue, mName= VRI[InstrumentationActivityInvoker$EmptyActivity]@a1c878 mNativeObject= 0xb40000783ab3f400 caller= android.view.ViewRootImpl.updateBlastSurfaceIfNeeded:3585 android.view.ViewRootImpl.relayoutWindow:11685 android.view.ViewRootImpl.performTraversals:4804 android.view.ViewRootImpl.doTraversal:3924 android.view.ViewRootImpl$TraversalRunnable.run:12903 android.view.Choreographer$CallbackRecord.run:1901 android.view.Choreographer$CallbackRecord.run:1910 android.view.Choreographer.doCallbacks:1367 android.view.Choreographer.doFrame:1292 android.view.Choreographer$FrameDisplayEventReceiver.run:1870
03-02 00:57:53.555  2746  2870 I BLASTBufferQueue: [VRI[test]@902aa0a#7755](f:0,a:0,s:0) onFrameAvailable the first frame is available
03-02 00:57:53.555 17532 17532 I BLASTBufferQueue_Java: update, w= 1080 h= 2340 mName = VRI[InstrumentationActivityInvoker$EmptyActivity]@a1c878 mNativeObject= 0xb40000783ab3f400 sc.mNativeObject= 0xb400007876b2ea00 format= -1 caller= android.view.ViewRootImpl.updateBlastSurfaceIfNeeded:3590 android.view.ViewRootImpl.relayoutWindow:11685 android.view.ViewRootImpl.performTraversals:4804 android.view.ViewRootImpl.doTraversal:3924 android.view.ViewRootImpl$TraversalRunnable.run:12903 android.view.Choreographer$CallbackRecord.run:1901
03-02 00:57:53.555 17532 17532 I BLASTBufferQueue: [VRI[InstrumentationActivityInvoker$EmptyActivity]@a1c878#39](f:0,a:0,s:0) update width=1080 height=2340 format=-1 mTransformHint=0
03-02 00:57:53.555  2746  2870 I BLASTBufferQueue: [VRI[test]@902aa0a#7755](f:0,a:1,s:0) acquireNextBufferLocked size=1080x2340 mFrameNumber=1 applyTransaction=true mTimestamp=491152555808043(auto) mPendingTransactions.size=0 graphicBufferId=11793980284005 transform=0
03-02 00:57:53.555 17532 17532 I VRI[InstrumentationActivityInvoker$EmptyActivity]@a1c878: Relayout returned: old=(0,0,1080,2340) new=(0,0,1080,2340) relayoutAsync=false req=(1080,2340)0 dur=8 res=0x3 s={true 0xb40000786992a500} ch=true seqId=0
03-02 00:57:53.555  2746  2870 I VRI[test]@902aa0a: Received frameCommittedCallback lastAttemptedDrawFrameNum=1 didProduceBuffer=true
03-02 00:57:53.556 17532 17532 I VRI[InstrumentationActivityInvoker$EmptyActivity]@a1c878: performConfigurationChange setNightDimText nightDimLevel=0
03-02 00:57:53.556  2746  2870 D HWUI    : CFMS:: SetUp Pid : 2746    Tid : 2870
03-02 00:57:53.556 17532 17532 D VRI[InstrumentationActivityInvoker$EmptyActivity]@a1c878: mThreadedRenderer.initialize() mSurface={isValid=true 0xb40000786992a500} hwInitialized=true
03-02 00:57:53.557  2746  2808 D VRI[test]@902aa0a: reportDrawFinished seqId=0
03-02 00:57:53.557 17532 17532 D VRI[InstrumentationActivityInvoker$EmptyActivity]@a1c878: reportNextDraw android.view.ViewRootImpl.performTraversals:5443 android.view.ViewRootImpl.doTraversal:3924 android.view.ViewRootImpl$TraversalRunnable.run:12903 android.view.Choreographer$CallbackRecord.run:1901 android.view.Choreographer$CallbackRecord.run:1910
03-02 00:57:53.557 17532 17532 D VRI[InstrumentationActivityInvoker$EmptyActivity]@a1c878: Setup new sync=wmsSync-VRI[InstrumentationActivityInvoker$EmptyActivity]@a1c878#78
03-02 00:57:53.557 17532 17532 I VRI[InstrumentationActivityInvoker$EmptyActivity]@a1c878: Creating new active sync group VRI[InstrumentationActivityInvoker$EmptyActivity]@a1c878#79
03-02 00:57:53.558 17532 17532 D VRI[InstrumentationActivityInvoker$EmptyActivity]@a1c878: registerCallbacksForSync syncBuffer=false
03-02 00:57:53.558 17532 17582 D VRI[InstrumentationActivityInvoker$EmptyActivity]@a1c878: Received frameDrawingCallback syncResult=0 frameNum=1.
03-02 00:57:53.559 17532 17582 I VRI[InstrumentationActivityInvoker$EmptyActivity]@a1c878: mWNT: t=0xb40000783adba680 mBlastBufferQueue=0xb40000783ab3f400 fn= 1 HdrRenderState mRenderHdrSdrRatio=1.0 caller= android.view.ViewRootImpl$12.onFrameDraw:15441 android.view.ThreadedRenderer$1.onFrameDraw:718 <bottom of call stack>
03-02 00:57:53.559 17532 17582 I VRI[InstrumentationActivityInvoker$EmptyActivity]@a1c878: Setting up sync and frameCommitCallback
03-02 00:57:53.560  2746  2746 I {OngoingActivityController}: onTaskFocusChanged but OA data is empty
03-02 00:57:53.560  1507  1563 I SurfaceFlinger: onHandleDestroyed: layerId=157154, name=Surface(name=c536234 NavigationBar0)/@0xfac847b - animation-leash of insets_animation#157154
03-02 00:57:53.560  1507  1563 I SurfaceFlinger: id=157154 Removed Surface(name=c536234 NavigationBar0)/@0xfac847b - animation-leash of insets_animation#157154 (341)
03-02 00:57:53.560  1507  1563 I SurfaceFlinger: onHandleDestroyed: layerId=157155, name=Surface(name=a5d3a68 StatusBar)/@0xd5726d6 - animation-leash of insets_animation#157155
03-02 00:57:53.560  1507  1563 I SurfaceFlinger: id=157155 Removed Surface(name=a5d3a68 StatusBar)/@0xd5726d6 - animation-leash of insets_animation#157155 (341)
03-02 00:57:53.561  5235  5235 I InputMethodService: scheduleImeSurfaceRemoval: removeImeSurface is posted.
03-02 00:57:53.561  1507  1507 I SurfaceFlinger: destroyed Surface(name=a5d3a68 StatusBar)/@0xd5726d6 - animation-leash of insets_animation#157155
03-02 00:57:53.561  1507  1507 I SurfaceFlinger: destroyed Surface(name=c536234 NavigationBar0)/@0xfac847b - animation-leash of insets_animation#157154
03-02 00:57:53.561  3202  3386 I HoneySpace.TopTaskSource: onTaskFocusChanged(): taskId = 44917
03-02 00:57:53.561  1507  1507 I SurfaceFlinger: [LayerHierarchy{RequestedLayerState{c536234 NavigationBar0#102 parentId=157168} 1 children}] reparent to LayerHierarchy{RequestedLayerState{Surface(name=c536234 NavigationBar0)/@0xfac847b - animation-leash of insets_animation#157168 parentId=101} 1 children}
03-02 00:57:53.561  1507  1507 I SurfaceFlinger: [LayerHierarchy{RequestedLayerState{a5d3a68 StatusBar#109 parentId=157169} 1 children}] reparent to LayerHierarchy{RequestedLayerState{Surface(name=a5d3a68 StatusBar)/@0xd5726d6 - animation-leash of insets_animation#157169 parentId=108} 1 children}
03-02 00:57:53.561  1507  1507 I SurfaceFlinger: [LayerHierarchy{RequestedLayerState{Surface(name=c536234 NavigationBar0)/@0xfac847b - animation-leash of insets_animation#157161} no children}] reparent to OffscreenRoot
03-02 00:57:53.561  1507  1507 I SurfaceFlinger: [LayerHierarchy{RequestedLayerState{Surface(name=c536234 NavigationBar0)/@0xfac847b - animation-leash of insets_animation#157161} no children}] RelativeParent to null
03-02 00:57:53.561  1507  1507 I SurfaceFlinger: [LayerHierarchy{RequestedLayerState{Surface(name=a5d3a68 StatusBar)/@0xd5726d6 - animation-leash of insets_animation#157162} no children}] reparent to OffscreenRoot
03-02 00:57:53.561  1507  1507 I SurfaceFlinger: [LayerHierarchy{RequestedLayerState{Surface(name=a5d3a68 StatusBar)/@0xd5726d6 - animation-leash of insets_animation#157162} no children}] RelativeParent to null
03-02 00:57:53.564  1507  1562 I SurfaceFlinger: id=157170 createSurf, flag=84004, Transition Root: Task=44917#157170
03-02 00:57:53.564  3202  3202 I HoneySpace.EdgePanel.CocktailHostRepositoryImpl: onNoteResume
03-02 00:57:53.565  3202  3202 I HoneySpace.EdgePanel.EdgePanelContainerViewModel: cocktailHostRepository.edgePanelOperation NoteResumeComponent(componentName=ComponentInfo{com.podcast.app.debug.test/androidx.test.core.app.InstrumentationActivityInvoker$EmptyActivity})
03-02 00:57:53.565  2013  2068 I SurfaceControlRegistry: show, t=StartTransaction_SyncId<11328> sc=ActivityRecord{139492539 u0 com.podcast.app.debug.test/androidx.test.core.app.InstrumentationActivityInvoker$EmptyActivity t44917}, caller=android.view.SurfaceControl$Transaction.show:3557 com.android.server.wm.Transition.onTransactionReady:2048 com.android.server.wm.BLASTSyncEngine$SyncGroup.finishNow:240 com.android.server.wm.BLASTSyncEngine.onSurfacePlacement:263 com.android.server.wm.RootWindowContainer.performSurfacePlacementNoTrace:1083 com.android.server.wm.WindowSurfacePlacer.performSurfacePlacement:166
03-02 00:57:53.565  3202  3202 I HoneySpace.EdgePanel.ActivityUtils: HomePackage : com.sec.android.app.launcher, resumePackageName : com.podcast.app.debug.test, className : androidx.test.core.app.InstrumentationActivityInvoker$EmptyActivity
03-02 00:57:53.565 17532 17563 I BLASTBufferQueue: [VRI[InstrumentationActivityInvoker$EmptyActivity]@a1c878#39](f:0,a:0,s:0) onFrameAvailable the first frame is available
03-02 00:57:53.565  1507  1507 I Layer   : id=157155 Destroyed Surface(name=a5d3a68 StatusBar)/@0xd5726d6 - animation-leash of insets_animation#157155
03-02 00:57:53.566  1507  1507 I Layer   : id=157154 Destroyed Surface(name=c536234 NavigationBar0)/@0xfac847b - animation-leash of insets_animation#157154
03-02 00:57:53.566  2013  2068 D ScreenCapture: [Capture_TEST] : setIsScreenShotBySystem false
03-02 00:57:53.566  2013  2068 I SurfaceComposerClient: captureLayers:childrenOnly:1, sync:1
03-02 00:57:53.566 17532 17563 I BLASTBufferQueue: [VRI[InstrumentationActivityInvoker$EmptyActivity]@a1c878#39](f:0,a:1,s:0) acquireNextBufferLocked size=1080x2340 mFrameNumber=1 applyTransaction=true mTimestamp=491152566621889(auto) mPendingTransactions.size=0 graphicBufferId=75299366633628 transform=0
03-02 00:57:53.566 17532 17563 I VRI[InstrumentationActivityInvoker$EmptyActivity]@a1c878: Received frameCommittedCallback lastAttemptedDrawFrameNum=1 didProduceBuffer=true
03-02 00:57:53.566  1507  1907 I SurfaceFlinger: onHandleDestroyed: layerId=157161, name=Surface(name=c536234 NavigationBar0)/@0xfac847b - animation-leash of insets_animation#157161
03-02 00:57:53.566  1507  1907 I SurfaceFlinger: id=157161 Removed Surface(name=c536234 NavigationBar0)/@0xfac847b - animation-leash of insets_animation#157161 (340)
03-02 00:57:53.567  1507  1907 I SurfaceFlinger: onHandleDestroyed: layerId=157162, name=Surface(name=a5d3a68 StatusBar)/@0xd5726d6 - animation-leash of insets_animation#157162
03-02 00:57:53.567  1507  1907 I SurfaceFlinger: id=157162 Removed Surface(name=a5d3a68 StatusBar)/@0xd5726d6 - animation-leash of insets_animation#157162 (340)
03-02 00:57:53.568 17532 17563 D HWUI    : CFMS:: SetUp Pid : 17532    Tid : 17563
03-02 00:57:53.568 17532 17532 D VRI[InstrumentationActivityInvoker$EmptyActivity]@a1c878: reportDrawFinished seqId=0
03-02 00:57:53.571  1507  1845 D SurfaceFlinger: [input] setFocusedWindow: e67b781 com.podcast.app.debug.test/androidx.test.core.app.InstrumentationActivityInvoker$EmptyActivity
03-02 00:57:53.571  1507  1845 D SurfaceFlinger: updateWinowInfo=1, setFocusedWindow timestamp=491152550608043, windowName=e67b781 com.podcast.app.debug.test/androidx.test.core.app.InstrumentationActivityInvoker$EmptyActivity
03-02 00:57:53.571  2013  3819 D InputDispatcher: Once focus requested (0): e67b781 com.podcast.app.debug.test/androidx.test.core.app.InstrumentationActivityInvoker$EmptyActivity
03-02 00:57:53.571  2013  3819 D InputDispatcher: Focus request (0): e67b781 com.podcast.app.debug.test/androidx.test.core.app.InstrumentationActivityInvoker$EmptyActivity but waiting because NO_WINDOW
03-02 00:57:53.571  1445  2902 W C2MtkBufferManager: [0xB4000070F507E520] fetchNewCcBlock: wait fence 0x0xb4000070f5058270 timed out. ret 110
03-02 00:57:53.573  1507  1507 I SurfaceFlinger: destroyed Surface(name=c536234 NavigationBar0)/@0xfac847b - animation-leash of insets_animation#157161
03-02 00:57:53.573  1507  1507 I SurfaceFlinger: destroyed Surface(name=a5d3a68 StatusBar)/@0xd5726d6 - animation-leash of insets_animation#157162
03-02 00:57:53.573  1507  1507 I SurfaceFlinger: [Transition Root: Task=44917#157170] attach to parent LayerHierarchy{RequestedLayerState{DefaultTaskDisplayArea_d0#10 parentId=9} 47 children}
03-02 00:57:53.574  1507  1562 I SurfaceFlinger: Capture layer list: 	 com.podcast.app.debug/androidx.activity.ComponentActivity$_17121#157145(seamlessTransition:0)
03-02 00:57:53.574  1507  1562 I SurfaceFlinger: Capture layer list: 	 Dim Layer for - Task=44916#157158(seamlessTransition:0)
03-02 00:57:53.574  1507  1562 I SurfaceFlinger: Capture layer list: 	 com.podcast.app.debug/androidx.activity.ComponentActivity$_17121#157156(seamlessTransition:0)
03-02 00:57:53.574  1507  1507 I Layer   : id=157162 Destroyed Surface(name=a5d3a68 StatusBar)/@0xd5726d6 - animation-leash of insets_animation#157162
03-02 00:57:53.574  1507  1507 I Layer   : id=157161 Destroyed Surface(name=c536234 NavigationBar0)/@0xfac847b - animation-leash of insets_animation#157161
03-02 00:57:53.587  2746  2746 D SamsungLightBarControlHelper: updateStatusBar (BLACK icon) numStacks:1, StatusBarMode:MODE_TRANSPARENT, lightBarBounds:[Rect(0, 0 - 1080, 2340)], StatusBarState:SHADE, packageName:, isWhiteKeyguardStatusBar:true
03-02 00:57:53.587  2746  2746 D SamsungLightBarControlHelper: onStatusBarAppearanceChanged() -  sbModeChanged:false, statusBarMode:0, barState:MODE_TRANSPARENT, isKeyguardShowing:false, navbarColorManagedByIme:false, (AppearanceRegion{LIGHT_STATUS_BARS bounds=[0,0][1080,2340]}, )
03-02 00:57:53.587  2746  2746 D NavigationBar: onSystemBarAttributesChanged() -  displayId:0, appearance:16, packageName: com.podcast.app.debug.test (APPEARANCE_LIGHT_NAVIGATION_BARS ), navbarColorManagedByIme:false
03-02 00:57:53.591  2013  3441 I SemDvfsHyPerManager: acquire hyper - AMS_APP_SWITCH/2013@20, type = -999
03-02 00:57:53.591  1450  1487 I HYPER-HAL: [RequestManager.cpp]acquire(): Acquired ID : 2067581  [2013 / 20]    HINT : AMS_ACT_SWITCH    list :
03-02 00:57:53.592 14885 14885 I VRI[SplashActivity]@35f4eb8: handleAppVisibility mAppVisible = false visible = true
03-02 00:57:53.592  4784  4784 I SemDvfsHyPerManager: acquire hyper - APP_START_SHORT/4784@15, type = -999
03-02 00:57:53.592  1450  1487 I HYPER-HAL: [RequestManager.cpp]acquire(): Acquired ID : 11517615  [4784 / 15]    HINT : APP_START    list : [TIMEOUT / 1500]
03-02 00:57:53.593  2013  3819 D InputDispatcher: Focused application(0): ActivityRecord{2751228 u0 com.zhiliaoapp.musically/com.ss.android.ugc.aweme.splash.SplashActivity t44543}
03-02 00:57:53.593  2013  2600 D AS.MultiSoundManager: mForegroundUid = 10350
03-02 00:57:53.594  1507  1562 I SurfaceFlinger: id=157171 createSurf, flag=24000, Surface(name=c536234 NavigationBar0)/@0xfac847b - animation-leash of insets_animation#157171
03-02 00:57:53.594  1507  1507 I SurfaceFlinger: [Surface(name=c536234 NavigationBar0)/@0xfac847b - animation-leash of insets_animation#157171] attach to parent LayerHierarchy{RequestedLayerState{WindowToken{5cf38d1 type=2019 android.os.BinderProxy@916675b}#101 parentId=34} 2 children}
03-02 00:57:53.597  1507  1907 I SurfaceFlinger: id=157172 createSurf, flag=24000, Surface(name=a5d3a68 StatusBar)/@0xd5726d6 - animation-leash of insets_animation#157172
03-02 00:57:53.598  2746  2746 D NavigationBar: onSystemBarAttributesChanged() -  displayId:0, appearance:24, packageName: com.podcast.app.debug.test (APPEARANCE_LIGHT_STATUS_BARS APPEARANCE_LIGHT_NAVIGATION_BARS ), navbarColorManagedByIme:false
03-02 00:57:53.601  2013  3819 I SemDvfsHyPerManager: acquire hyper - AMS_RESUME_TAIL/2013@18, type = -999
03-02 00:57:53.601  2013  3819 I SemDvfsHyPerManager: acquire hyper - AMS_ACT_LAZY/2013@19, type = -999
03-02 00:57:53.601  1450  1487 I HYPER-HAL: [RequestManager.cpp]acquire(): Acquired ID : 2063514  [2013 / 18]    HINT : AMS_RESUME_TAIL    list :
03-02 00:57:53.601  1450  1487 I mtkpower_client: perf_lock_rel, hdl:76917, pid: 1450, tid:1487
03-02 00:57:53.602 14885 14885 I VRI[SplashActivity]@35f4eb8: stopped(false) old = true
03-02 00:57:53.602 14885 14885 D VRI[SplashActivity]@35f4eb8: WindowStopped on com.zhiliaoapp.musically/com.ss.android.ugc.aweme.splash.SplashActivity set to false
03-02 00:57:53.602  1450  1487 I mtkpower_client: perf_lock_acq, hdl:0, dur:0, num:2, pid:1450, tid:1487
03-02 00:57:53.602 14885 14885 D ViewRootImpl: Skipping stats log for color mode
03-02 00:57:53.602  1464  1529 I libPowerHal: [perfLockRel] hdl:76917, idx:6
03-02 00:57:53.603  1464  1529 I libPowerHal: [set_cpuidle] enable:1, fd:17, scn:0xb40000737b614050
03-02 00:57:53.603  1464  1529 I libPowerHal: [PD] vendor.samsung. update cmd:1c3c100 param:1 pr:6
03-02 00:57:53.603  1464  1529 I libPowerHal: [perfLockRel] Done for hdl : 76917
03-02 00:57:53.603 14885 14885 I System.out: SAFActivity: com.ss.android.ugc.aweme.main.MainActivity@c20428f,  onStart Start
03-02 00:57:53.603  1450  1487 I mtkpower_client: ret_hdl:76921
03-02 00:57:53.604  1450  1487 I mtkpower_client: perf_lock_rel, hdl:76919, pid: 1450, tid:1487
03-02 00:57:53.604  1464  1529 I libPowerHal: [perfLockAcq] idx:3 hdl:76921 hint:-1 pid:1450 tid:1487 duration:0 lock_user:vendor.samsung. => ret_hdl:76921
03-02 00:57:53.604  1464  1529 I libPowerHal: [set_cpuidle] enable:0, fd:17, scn:0xb40000737b60a5e8
03-02 00:57:53.604  1464  1529 I libPowerHal: [get_cpu_dma_latency_value] 0
03-02 00:57:53.604  1464  1529 I libPowerHal: [PE] vendor.samsung. update cmd:1c3c100 param:0 pr:3
03-02 00:57:53.604  1464  1529 I libPowerHal: [perfLockAcq] Done for hdl : 76921
03-02 00:57:53.604  2013  2064 I PkgPredictorService-SecIpmManagerServiceImpl: reportToNAP uid:10687 com.podcast.app.debug.test/androidx.test.core.app.InstrumentationActivityInvoker$EmptyActivity thisTime:129
03-02 00:57:53.604  2013  2064 D PkgPredictorService-SecIpmManagerServiceImpl: reportToNAP: mHeavyLaunchCounter is false
03-02 00:57:53.604  1450  1487 I mtkpower_client: perf_lock_acq, hdl:0, dur:0, num:2, pid:1450, tid:1487
03-02 00:57:53.605  1464  1529 I libPowerHal: [perfLockRel] hdl:76919, idx:8
03-02 00:57:53.605  2013  3282 D PkgPredictorService-SecIpmManagerServiceImpl: ACTION_FOREGROUND_FINISH_EVENT sCurForegroundApp :com.podcast.app.debug.test
03-02 00:57:53.605  1507  1507 I SurfaceFlinger: [Surface(name=a5d3a68 StatusBar)/@0xd5726d6 - animation-leash of insets_animation#157172] attach to parent LayerHierarchy{RequestedLayerState{WindowToken{d05298b type=2000 android.os.BinderProxy@163b705}#108 parentId=17} 2 children}
03-02 00:57:53.605  1464  1529 I libPowerHal: [PD] vendor.samsung. update cmd:1000000 param:-1 pr:6
03-02 00:57:53.606  1464  1529 I libPowerHal: [perfLockRel] Done for hdl : 76919
03-02 00:57:53.606  1450  1487 I mtkpower_client: ret_hdl:76922
03-02 00:57:53.606  1450  1487 I mtkpower_client: perf_lock_rel, hdl:76922, pid: 1450, tid:1487
03-02 00:57:53.607  1507  1507 I BpBinder: onLastStrongRef automatically unlinking death recipients:
03-02 00:57:53.607  1464  1529 I libPowerHal: [perfLockAcq] idx:6 hdl:76922 hint:-1 pid:1450 tid:1487 duration:0 lock_user:vendor.samsung. => ret_hdl:76922
03-02 00:57:53.607  1445  2902 D C2MtkBufferManager: over 5000ms not request from VCodec but callback hooked, slow BM Cc fetch thread. Last get time was 90637015ms ago.
03-02 00:57:53.608  1464  1529 I libPowerHal: [setDvfsrcDevFreqOpp] opp:0, freq:4266000000
03-02 00:57:53.608  1464  1529 I libPowerHal: [PE] vendor.samsung. update cmd:1000000 param:0 pr:3
03-02 00:57:53.608  1464  1529 I libPowerHal: [perfLockAcq] Done for hdl : 76922
03-02 00:57:53.608  1450  1487 I mtkpower_client: perf_lock_acq, hdl:0, dur:0, num:2, pid:1450, tid:1487
03-02 00:57:53.609  1464  1529 I libPowerHal: [perfLockRel] hdl:76922, idx:6
03-02 00:57:53.610  1507  1825 I SurfaceFlinger: Capture layer list: 	 com.podcast.app.debug/androidx.activity.ComponentActivity$_17121#157145(seamlessTransition:0)
03-02 00:57:53.610  1507  1825 I SurfaceFlinger: Capture layer list: 	 Dim Layer for - Task=44916#157158(seamlessTransition:0)
03-02 00:57:53.610  1464  1529 I libPowerHal: [PD] vendor.samsung. update cmd:1000000 param:-1 pr:6
03-02 00:57:53.610  1464  1529 I libPowerHal: [perfLockRel] Done for hdl : 76922
03-02 00:57:53.611  1450  1487 I mtkpower_client: ret_hdl:76923
03-02 00:57:53.611  1450  1487 I mtkpower_client: perf_lock_rel, hdl:76920, pid: 1450, tid:1487
03-02 00:57:53.611  1464  1529 I libPowerHal: [perfLockAcq] idx:8 hdl:76923 hint:-1 pid:1450 tid:1487 duration:0 lock_user:vendor.samsung. => ret_hdl:76923
03-02 00:57:53.612  1464  1529 I libPowerHal: [setDvfsrcDevFreqOpp] opp:0, freq:4266000000
03-02 00:57:53.612  1464  1529 I libPowerHal: [PE] vendor.samsung. update cmd:1000000 param:0 pr:3
03-02 00:57:53.612  1464  1529 I libPowerHal: [perfLockAcq] Done for hdl : 76923
03-02 00:57:53.612  1450  1487 I mtkpower_client: perf_lock_acq, hdl:0, dur:0, num:2, pid:1450, tid:1487
03-02 00:57:53.612  1464  1529 I libPowerHal: [perfLockRel] hdl:76920, idx:2
03-02 00:57:53.613  1464  1529 I libPowerHal: [PD] vendor.samsung. update cmd:400000 param:-1 pr:6
03-02 00:57:53.613  2013  3821 W ParceledListSlice: Element #30 is 21544 bytes.
03-02 00:57:53.613  1464  1529 I libPowerHal: [recordCPUFreqInfo] set cluster[0] min(-1): -1 max(-1): -1 cluster[1] min(-1): -1 max(-1): -1
03-02 00:57:53.613  1464  1529 I libPowerHal: [perfLockRel] Done for hdl : 76920
03-02 00:57:53.614 14885 14885 I System.out: SceneSafeLifecycleDispatcher: onStarted Start
03-02 00:57:53.614  1450  1487 I mtkpower_client: ret_hdl:76924
03-02 00:57:53.614 14885 14885 I System.out: SAFActivity V Scene Framework: NavigationMessageQueue postSync start
03-02 00:57:53.614  1450  1487 I HYPER-HAL: [RequestManager.cpp]releaseLocked(): Released ID : 2067581
03-02 00:57:53.614 14885 14885 I System.out: SAFActivity V Scene Framework: NavigationMessageQueue postSync run current task start 14_Y.ARunnableS108S0200000_32@7837ccb
03-02 00:57:53.614 14885 14885 I System.out: SAFActivity V Scene Framework: NavigationSceneManager Sync Scene SAFFragmentRootScene{79e191c} Lifecycle [ACTIVITY_CREATED -> STARTED] without saved State
03-02 00:57:53.614 14885 14885 I System.out: SAFFragmentRootScene: onStart Start (SAFFragmentRootScene{79e191c})
03-02 00:57:53.614  1464  1529 I libPowerHal: [perfLockAcq] idx:2 hdl:76924 hint:-1 pid:1450 tid:1487 duration:0 lock_user:vendor.samsung. => ret_hdl:76924
03-02 00:57:53.614  1464  1529 I libPowerHal: [PE] vendor.samsung. update cmd:400000 param:2000000 pr:3
03-02 00:57:53.614  1464  1529 I libPowerHal: [recordCPUFreqInfo] set cluster[0] min(vendor.samsung.): 2000000 max(-1): -1 cluster[1] min(-1): -1 max(-1): -1
03-02 00:57:53.614  1464  1529 I libPowerHal: [perfLockAcq] Done for hdl : 76924
03-02 00:57:53.616  1507  1507 I SurfaceFlinger: RequestedLayer [com.podcast.app.debug.test/androidx.[...]yInvoker$EmptyActivity$_17532#157167] hidden!! flag  from(1) --> to(0)
03-02 00:57:53.616  1507  1507 I SurfaceFlinger: [LayerHierarchy{RequestedLayerState{c536234 NavigationBar0#102 parentId=157171} 1 children}] reparent to LayerHierarchy{RequestedLayerState{Surface(name=c536234 NavigationBar0)/@0xfac847b - animation-leash of insets_animation#157171 parentId=101} 1 children}
03-02 00:57:53.616  1507  1507 I SurfaceFlinger: [LayerHierarchy{RequestedLayerState{a5d3a68 StatusBar#109 parentId=157172} 1 children}] reparent to LayerHierarchy{RequestedLayerState{Surface(name=a5d3a68 StatusBar)/@0xd5726d6 - animation-leash of insets_animation#157172 parentId=108} 1 children}
03-02 00:57:53.616  1507  1507 I SurfaceFlinger: [LayerHierarchy{RequestedLayerState{Surface(name=c536234 NavigationBar0)/@0xfac847b - animation-leash of insets_animation#157168} no children}] reparent to OffscreenRoot
