03-02 00:57:36.200  1507  1825 I SurfaceFlinger: Capture layer list: 	 DimTransitionLayer for Surface(name=Task=44892)/@0x8cc632#156554(seamlessTransition:0)
03-02 00:57:36.200  1507  1825 I SurfaceFlinger: Capture layer list: 	 com.podcast.app.debug/androidx.activity.ComponentActivity$_17121#156551(seamlessTransition:0)
03-02 00:57:36.201 14885 14885 I VRI[SplashActivity]@35f4eb8: handleAppVisibility mAppVisible = true visible = false
03-02 00:57:36.201 14885 14885 D VRI[SplashActivity]@35f4eb8: visibilityChanged oldVisibility=true newVisibility=false
03-02 00:57:36.207  1507  1507 I SurfaceFlinger: RequestedLayer [Task=44543#147901] hidden!! flag  from(0) --> to(1)
03-02 00:57:36.207  1507  1507 I SurfaceFlinger: [Display 0 name="Built-in Screen"#49] setFrameRateCategory: Default
03-02 00:57:36.207  1507  1507 I SurfaceFlinger: [LayerHierarchy{RequestedLayerState{Task=44543#147901 parentId=10 z=41} 1 children}] reparent to LayerHierarchy{RequestedLayerState{DefaultTaskDisplayArea_d0#10 parentId=9} 45 children}
03-02 00:57:36.207  1507  1507 I SurfaceFlinger: [LayerHierarchy{RequestedLayerState{DimTransitionLayer for Surface(name=Task=44892)/@0x8cc632#156554 z=-1} no children}] reparent to OffscreenRoot
03-02 00:57:36.207  1507  1507 I SurfaceFlinger: [LayerHierarchy{RequestedLayerState{DimTransitionLayer for Surface(name=Task=44892)/@0x8cc632#156554 z=-1} no children}] RelativeParent to null
03-02 00:57:36.207  1507  1507 I SurfaceFlinger: [LayerHierarchy{RequestedLayerState{Transition Root: Task=44892#156546 z=42} 1 children}] reparent to OffscreenRoot
03-02 00:57:36.207  1507  1507 I SurfaceFlinger: [LayerHierarchy{RequestedLayerState{Transition Root: Task=44892#156546 z=42} 1 children}] RelativeParent to null
03-02 00:57:36.207  1507  1507 I SurfaceFlinger: [LayerHierarchy{RequestedLayerState{Task=44892#156542 parentId=10 z=42} 1 children}] reparent to LayerHierarchy{RequestedLayerState{DefaultTaskDisplayArea_d0#10 parentId=9} 45 children}
03-02 00:57:36.207  2746  2746 D SystemUIService: SYSUI_RAM_OPTIMIZATION onTrimMemory=20
03-02 00:57:36.207  2746  2746 D CentralSurfaces: SYSUI_RAM_OPTIMIZATION onTrimMemory=20
03-02 00:57:36.207  2746  2870 D HWUI    : CacheManager::trimMemory(20)
03-02 00:57:36.208  1507  1507 I SurfaceFlinger: onHandleDestroyed: layerId=156554, name=DimTransitionLayer for Surface(name=Task=44892)/@0x8cc632#156554
03-02 00:57:36.208  1507  1507 I SurfaceFlinger: id=156554 Removed DimTransitionLayer for Surface(name=Task=44892)/@0x8cc632#156554 (343)
03-02 00:57:36.208  1507  1507 I SurfaceFlinger: onHandleDestroyed: layerId=156546, name=Transition Root: Task=44892#156546
03-02 00:57:36.208  1507  1507 I SurfaceFlinger: id=156546 Removed Transition Root: Task=44892#156546 (343)
03-02 00:57:36.208  1507  1507 I SurfaceFlinger: onHandleDestroyed: layerId=156511, name=f90e4f7 Splash Screen com.podcast.app.debug.test#156511
03-02 00:57:36.208  1507  1507 I SurfaceFlinger: id=156511 Removed f90e4f7 Splash Screen com.podcast.app.debug.test#156511 (343)
03-02 00:57:36.209  1507  1507 E RefreshRateSelector: Can't find HRR max refresh rate by policy with the same group 0
03-02 00:57:36.210 14885 14885 I SV[6876039 SplashActivity]: onWindowVisibilityChanged(8) false X.0fk7{68eb87 V.E...... ........ 0,80-1080,2000} of VRI[SplashActivity]@35f4eb8
03-02 00:57:36.210 14885 14885 I SurfaceView: 6876039 Changes: creating=false format=false size=false visible=true alpha=false hint=false left=false top=false z=false attached=true lifecycleStrategy=false
03-02 00:57:36.210 14885 14885 I SurfaceView: 6876039 Cur surface: Surface(name=null mNativeObject=499558712576)/@0x56b4ffd
03-02 00:57:36.211 14885 14885 I SurfaceView: 6876039 surfaceDestroyed
03-02 00:57:36.211  1646  5384 I CameraService: onUidStateChanged: uid=10235, procState is changed. (3 -> 4)
03-02 00:57:36.211 14885 14885 I SV[6876039 SplashActivity]: surfaceDestroyed callback.size 1 #2 X.0fk7{68eb87 V.E...... ........ 0,80-1080,2000}
03-02 00:57:36.211 14885 14885 I SV[6876039 SplashActivity]: updateSurface: mVisible = false mSurface.isValid() = true
03-02 00:57:36.211 14885 14885 I BLASTBufferQueue: [68eb87 SurfaceView[com.zhiliaoapp.musically/com.ss.android.ugc.aweme.splash.SplashActivity]@0#118](f:0,a:0,s:0) destructor()
03-02 00:57:36.211 14885 14885 D BufferQueueConsumer: [68eb87 SurfaceView[com.zhiliaoapp.musically/com.ss.android.ugc.aweme.splash.SplashActivity]@0#118(BLAST Consumer)118](id:3a250000007b,api:0,p:-1,c:14885) disconnect
03-02 00:57:36.211 14885 14885 I SV[6876039 SplashActivity]: releaseSurfaces: viewRoot = VRI[SplashActivity]@35f4eb8
03-02 00:57:36.212 14885 14885 V SurfaceView: Layout: x=4320 y=-2080 w=1080 h=1920, frame=Rect(0, 0 - 1080, 1920)
03-02 00:57:36.212 14885 14885 I SV[7374587 SplashActivity]: onWindowVisibilityChanged(8) false X.0fk7{7086fb V.E...... ........ 0,80-1080,2000} of VRI[SplashActivity]@35f4eb8
03-02 00:57:36.212 14885 14885 I SurfaceView: 7374587 Changes: creating=false format=false size=false visible=true alpha=false hint=false left=false top=false z=false attached=true lifecycleStrategy=false
03-02 00:57:36.212 14885 14885 I SurfaceView: 7374587 Cur surface: Surface(name=null mNativeObject=480502070784)/@0x5798c7e
03-02 00:57:36.212 14885 14885 I SurfaceView: 7374587 surfaceDestroyed
03-02 00:57:36.212 14885 14885 I SV[7374587 SplashActivity]: surfaceDestroyed callback.size 2 #2 X.0fk7{7086fb V.E...... ........ 0,80-1080,2000}
03-02 00:57:36.215 14885 18629 D SurfaceUtils: connecting to surface 0x6f9d394c10, reason connectToSurface
03-02 00:57:36.215 14885 18629 I MediaCodec: [c2.mtk.hevc.decoder] setting surface generation to 15242310
03-02 00:57:36.216 14885 18629 D SurfaceUtils: disconnecting from surface 0x6f9d394c10, reason connectToSurface(reconnect)
03-02 00:57:36.216 14885 18629 D SurfaceUtils: connecting to surface 0x6f9d394c00, reason connectToSurface(reconnect-with-listener)
03-02 00:57:36.216 14885 18629 D GraphicsTracker: new surface in configuration: maxDequeueRequested(0), maxDequeueCommitted(24)
03-02 00:57:36.216 14885 18629 D GraphicsTracker: new surface configured with id:63930588201057 gen:15242310 maxDequeue:24
03-02 00:57:36.216 14885 18629 D GraphicsTracker: maxDequeueCount is already 24
03-02 00:57:36.216 14885 18629 D Codec2Client: setOutputSurface -- generation=15242310 consumer usage=0x900
03-02 00:57:36.216 14885 18629 D SurfaceUtils: disconnecting from surface 0x6f9d395610, reason disconnectFromSurface
03-02 00:57:36.217 14885 14885 I SV[7374587 SplashActivity]: updateSurface: mVisible = false mSurface.isValid() = true
03-02 00:57:36.218 14885 14885 I BLASTBufferQueue: [7086fb SurfaceView[com.zhiliaoapp.musically/com.ss.android.ugc.aweme.splash.SplashActivity]@0#119](f:0,a:1,s:0) destructor()
03-02 00:57:36.218 14885 14885 D BufferQueueConsumer: [7086fb SurfaceView[com.zhiliaoapp.musically/com.ss.android.ugc.aweme.splash.SplashActivity]@0#119(BLAST Consumer)119](id:3a250000007c,api:0,p:-1,c:14885) disconnect
03-02 00:57:36.218  1507  1507 I SurfaceFlinger: RequestedLayer [com.zhiliaoapp.musically/com.ss.andr[...].splash.SplashActivity$_14885#156523] hidden!! flag  from(0) --> to(1)
03-02 00:57:36.218  1507  1507 I SurfaceFlinger: RequestedLayer [ActivityRecord{2751228 u0 com.zhilia[...]splash.SplashActivity t44543}#147902] hidden!! flag  from(0) --> to(1)
03-02 00:57:36.218  1507  1507 I SurfaceFlinger: destroyed DimTransitionLayer for Surface(name=Task=44892)/@0x8cc632#156554
03-02 00:57:36.218  1507  1507 I SurfaceFlinger: destroyed Transition Root: Task=44892#156546
03-02 00:57:36.218  1507  1507 I SurfaceFlinger: destroyed f90e4f7 Splash Screen com.podcast.app.debug.test#156511
03-02 00:57:36.218  1507  1507 I SurfaceFlinger: [LayerHierarchy{RequestedLayerState{ImeContainer#15 parentId=156543 relativeParentId=156548 z=1} 1 children}] RelativeParent to LayerHierarchy{RequestedLayerState{c358fd6 com.podcast.app.debug/androidx.activity.ComponentActivity#156548 parentId=156543} 2 children}
03-02 00:57:36.218  1507  1507 I SurfaceFlinger: [LayerHierarchy{RequestedLayerState{919d94d Splash Screen com.podcast.app.debug#156544 z=2147483647} 1 children}] reparent to OffscreenRoot
03-02 00:57:36.218  1507  1507 I SurfaceFlinger: [LayerHierarchy{RequestedLayerState{919d94d Splash Screen com.podcast.app.debug#156544 z=2147483647} 1 children}] RelativeParent to null
03-02 00:57:36.218  1507  1507 I SurfaceFlinger: [LayerHierarchy{RequestedLayerState{Splash Screen com.podcast.app.debug$_2746#156545} no children}] reparent to OffscreenRoot
03-02 00:57:36.218  1507  1507 I SurfaceFlinger: [LayerHierarchy{RequestedLayerState{Splash Screen com.podcast.app.debug$_2746#156545} no children}] RelativeParent to null
03-02 00:57:36.218 14885 14885 I SV[7374587 SplashActivity]: releaseSurfaces: viewRoot = VRI[SplashActivity]@35f4eb8
03-02 00:57:36.219 14885 14885 V SurfaceView: Layout: x=0 y=80 w=1080 h=1920, frame=Rect(0, 0 - 1080, 1920)
03-02 00:57:36.219 14885 14885 I SV[137774491 SplashActivity]: onWindowVisibilityChanged(8) false X.0fk7{836459b V.E...... ........ 0,81-1080,1998} of VRI[SplashActivity]@35f4eb8
03-02 00:57:36.219 14885 14885 I SurfaceView: 137774491 Changes: creating=false format=false size=false visible=true alpha=false hint=false left=false top=false z=false attached=true lifecycleStrategy=false
03-02 00:57:36.219 14885 14885 I SurfaceView: 137774491 Cur surface: Surface(name=null mNativeObject=480507866624)/@0xe7e74a9
03-02 00:57:36.219 14885 14885 I SurfaceView: 137774491 surfaceDestroyed
03-02 00:57:36.219 14885 14885 I SV[137774491 SplashActivity]: surfaceDestroyed callback.size 1 #2 X.0fk7{836459b V.E...... ........ 0,81-1080,1998}
03-02 00:57:36.219  1507  1507 I Layer   : id=156511 Destroyed f90e4f7 Splash Screen com.podcast.app.debug.test#156511
03-02 00:57:36.219  1507  1507 I Layer   : id=156546 Destroyed Transition Root: Task=44892#156546
03-02 00:57:36.219 14885 14885 I SV[137774491 SplashActivity]: updateSurface: mVisible = false mSurface.isValid() = true
03-02 00:57:36.219  1507  1507 I Layer   : id=156554 Destroyed DimTransitionLayer for Surface(name=Task=44892)/@0x8cc632#156554
03-02 00:57:36.219 14885 14885 I BLASTBufferQueue: [836459b SurfaceView[com.zhiliaoapp.musically/com.ss.android.ugc.aweme.splash.SplashActivity]@0#120](f:0,a:0,s:0) destructor()
03-02 00:57:36.219  1507  1507 I SurfaceFlinger: onHandleDestroyed: layerId=156544, name=919d94d Splash Screen com.podcast.app.debug#156544
03-02 00:57:36.219 14885 14885 D BufferQueueConsumer: [836459b SurfaceView[com.zhiliaoapp.musically/com.ss.android.ugc.aweme.splash.SplashActivity]@0#120(BLAST Consumer)120](id:3a250000007d,api:0,p:-1,c:14885) disconnect
03-02 00:57:36.219  1507  1507 I SurfaceFlinger: id=156544 Removed 919d94d Splash Screen com.podcast.app.debug#156544 (340)
03-02 00:57:36.220  1507  1507 I SurfaceFlinger: onHandleDestroyed: layerId=156545, name=Splash Screen com.podcast.app.debug$_2746#156545
03-02 00:57:36.220  1507  1507 I SurfaceFlinger: id=156545 Removed Splash Screen com.podcast.app.debug$_2746#156545 (340)
03-02 00:57:36.220 14885 14885 I SV[137774491 SplashActivity]: releaseSurfaces: viewRoot = VRI[SplashActivity]@35f4eb8
03-02 00:57:36.220 14885 14885 V SurfaceView: Layout: x=4320 y=2240 w=1080 h=1917, frame=Rect(0, 0 - 1080, 1917)
03-02 00:57:36.223 14885 15423 D SurfaceView: 204127169 windowPositionLost, frameNr = 0
03-02 00:57:36.224 14885 15423 D SurfaceView: 195882854 windowPositionLost, frameNr = 0
03-02 00:57:36.224 14885 15423 D SurfaceView: 142029479 windowPositionLost, frameNr = 0
03-02 00:57:36.227 14885 15423 D HWUI    : CacheManager::trimMemory(20)
03-02 00:57:36.229  1507  1507 I SurfaceFlinger: destroyed 919d94d Splash Screen com.podcast.app.debug#156544
03-02 00:57:36.229  1507  1507 I SurfaceFlinger: destroyed Splash Screen com.podcast.app.debug$_2746#156545
03-02 00:57:36.230  2013  4834 I WindowManager: Relayout Window{cd2d6b5 u0 com.zhiliaoapp.musically/com.ss.android.ugc.aweme.splash.SplashActivity}: viewVisibility=8 req=1080x2340 ty=1 d0
03-02 00:57:36.230  1507  1507 I Layer   : id=156545 Destroyed Splash Screen com.podcast.app.debug$_2746#156545
03-02 00:57:36.230  1507  1507 I Layer   : id=156544 Destroyed 919d94d Splash Screen com.podcast.app.debug#156544
03-02 00:57:36.234  2013  4834 I WindowManager: Relayout hash=cd2d6b5, pid=14885, syncId=-1: mAttrs={(0,0)(fillxfill) sim={adjust=pan} layoutInDisplayCutoutMode=always ty=BASE_APPLICATION fmt=TRANSLUCENT wanim=0x1030317
03-02 00:57:36.234  2013  4834 I WindowManager:   fl=81810180
03-02 00:57:36.234  2013  4834 I WindowManager:   pfl=10008840
03-02 00:57:36.234  2013  4834 I WindowManager:   vsysui=400
03-02 00:57:36.234  2013  4834 I WindowManager:   apr=10
03-02 00:57:36.234  2013  4834 I WindowManager:   bhv=1
03-02 00:57:36.234  2013  4834 I WindowManager:   fitSides=0
03-02 00:57:36.234  2013  4834 I WindowManager:   frameRateBoostOnTouch=true
03-02 00:57:36.234  2013  4834 I WindowManager:   dvrrWindowFrameRateHint=true naviIconColor=0
03-02 00:57:36.234  2013  4834 I WindowManager:   sfl=100000}
03-02 00:57:36.236 14885 14885 I BLASTBufferQueue: [VRI[SplashActivity]@35f4eb8#117](f:0,a:1,s:0) destructor()
03-02 00:57:36.236 14885 14885 D BufferQueueConsumer: [VRI[SplashActivity]@35f4eb8#117(BLAST Consumer)117](id:3a250000007a,api:0,p:-1,c:14885) disconnect
03-02 00:57:36.237 14885 14885 I VRI[SplashActivity]@35f4eb8: Relayout returned: old=(0,0,1080,2340) new=(0,0,1080,2340) relayoutAsync=false req=(1080,2340)8 dur=6 res=0x2 s={false 0x0} ch=true seqId=0
03-02 00:57:36.237 14885 14885 I SV[6876039 SplashActivity]: windowStopped(true) false X.0fk7{68eb87 V.E...... ........ 0,80-1080,2000} of VRI[SplashActivity]@35f4eb8
03-02 00:57:36.237 14885 14885 D SV[6876039 SplashActivity]: updateSurface: surface is not valid
03-02 00:57:36.237 14885 14885 I SV[6876039 SplashActivity]: releaseSurfaces: viewRoot = VRI[SplashActivity]@35f4eb8
03-02 00:57:36.238 14885 14885 D VRI[SplashActivity]@35f4eb8: applyTransactionOnDraw applyImmediately
03-02 00:57:36.238 14885 14885 I SV[7374587 SplashActivity]: windowStopped(true) false X.0fk7{7086fb V.E...... ........ 0,80-1080,2000} of VRI[SplashActivity]@35f4eb8
03-02 00:57:36.238 14885 14885 D SV[7374587 SplashActivity]: updateSurface: surface is not valid
03-02 00:57:36.238 14885 14885 I SV[7374587 SplashActivity]: releaseSurfaces: viewRoot = VRI[SplashActivity]@35f4eb8
03-02 00:57:36.238 14885 14885 D VRI[SplashActivity]@35f4eb8: applyTransactionOnDraw applyImmediately
03-02 00:57:36.238 14885 14885 I SV[137774491 SplashActivity]: windowStopped(true) false X.0fk7{836459b V.E...... ........ 0,81-1080,1998} of VRI[SplashActivity]@35f4eb8
03-02 00:57:36.238 14885 14885 D SV[137774491 SplashActivity]: updateSurface: surface is not valid
03-02 00:57:36.238 14885 14885 I SV[137774491 SplashActivity]: releaseSurfaces: viewRoot = VRI[SplashActivity]@35f4eb8
03-02 00:57:36.238 14885 14885 D VRI[SplashActivity]@35f4eb8: applyTransactionOnDraw applyImmediately
03-02 00:57:36.239 14885 14885 D SV[6876039 SplashActivity]: updateSurface: surface is not valid
03-02 00:57:36.239 14885 14885 I SV[6876039 SplashActivity]: releaseSurfaces: viewRoot = VRI[SplashActivity]@35f4eb8
03-02 00:57:36.239 14885 14885 D VRI[SplashActivity]@35f4eb8: applyTransactionOnDraw applyImmediately
03-02 00:57:36.240 14885 14885 D SV[7374587 SplashActivity]: updateSurface: surface is not valid
03-02 00:57:36.240 14885 14885 I SV[7374587 SplashActivity]: releaseSurfaces: viewRoot = VRI[SplashActivity]@35f4eb8
03-02 00:57:36.240 14885 14885 D VRI[SplashActivity]@35f4eb8: applyTransactionOnDraw applyImmediately
03-02 00:57:36.240 14885 14885 D SV[137774491 SplashActivity]: updateSurface: surface is not valid
03-02 00:57:36.240 14885 14885 I SV[137774491 SplashActivity]: releaseSurfaces: viewRoot = VRI[SplashActivity]@35f4eb8
03-02 00:57:36.240  1507  1507 I SurfaceFlinger: [LayerHierarchy{RequestedLayerState{Bounds for - com.zhiliaoapp.musically/com.ss.android.ugc.aweme.splash.SplashActivity@27#156526} 3 children}] reparent to OffscreenRoot
03-02 00:57:36.240  1507  1507 I SurfaceFlinger: [LayerHierarchy{RequestedLayerState{Bounds for - com.zhiliaoapp.musically/com.ss.android.ugc.aweme.splash.SplashActivity@27#156526} 3 children}] RelativeParent to null
03-02 00:57:36.240 14885 14885 D VRI[SplashActivity]@35f4eb8: applyTransactionOnDraw applyImmediately
03-02 00:57:36.241 14885 14885 D VRI[SplashActivity]@35f4eb8: Not drawing due to not visible. Reason=!mAppVisible && !mForceDecorViewVisibility
03-02 00:57:36.241 14885 14885 D VRI[SplashActivity]@35f4eb8: Pending transaction will not be applied in sync with a draw due to view not visible
03-02 00:57:36.241 14885 14885 I VRI[SplashActivity]@35f4eb8: mWNT: t=0x769ac0ba00 mBlastBufferQueue=0xnull fn= 0 HdrRenderState mRenderHdrSdrRatio=1.0 caller= android.view.ViewRootImpl.handleSyncRequestWhenNoAsyncDraw:6733 android.view.ViewRootImpl.performTraversals:5504 android.view.ViewRootImpl.doTraversal:3924
03-02 00:57:36.243 14885 15423 D HWUI    : CacheManager::trimMemory(20)
03-02 00:57:36.243  1507  1507 I SurfaceFlinger: onHandleDestroyed: layerId=156526, name=Bounds for - com.zhiliaoapp.musically/com.ss.android.ugc.aweme.splash.SplashActivity@27#156526
03-02 00:57:36.243  1507  1507 I SurfaceFlinger: id=156526 Removed Bounds for - com.zhiliaoapp.musically/com.ss.android.ugc.aweme.splash.SplashActivity@27#156526 (338)
03-02 00:57:36.244 14885 14885 I VRI[SplashActivity]@35f4eb8: stopped(true) old = false
03-02 00:57:36.244 14885 14885 D VRI[SplashActivity]@35f4eb8: WindowStopped on com.zhiliaoapp.musically/com.ss.android.ugc.aweme.splash.SplashActivity set to true
03-02 00:57:36.245 14885 15423 D HWUI    : CacheManager::trimMemory(20)
03-02 00:57:36.246 14885 14885 I System.out: SAFActivity: com.ss.android.ugc.aweme.main.MainActivity@c20428f,  onStop Start
03-02 00:57:36.251  1507  1507 I SurfaceFlinger: destroyed Bounds for - com.zhiliaoapp.musically/com.ss.android.ugc.aweme.splash.SplashActivity@27#156526
03-02 00:57:36.251  1507  1507 I SurfaceFlinger: [LayerHierarchy{RequestedLayerState{68eb87 SurfaceView[com.zhiliaoapp.musically/com.ss.android.ugc.aweme.splash.SplashActivity]@0(BLAST)#156528} no children}] reparent to OffscreenRoot
03-02 00:57:36.251  1507  1507 I SurfaceFlinger: [LayerHierarchy{RequestedLayerState{68eb87 SurfaceView[com.zhiliaoapp.musically/com.ss.android.ugc.aweme.splash.SplashActivity]@0(BLAST)#156528} no children}] RelativeParent to null
03-02 00:57:36.251  1507  1507 I SurfaceFlinger: [LayerHierarchy{RequestedLayerState{7086fb SurfaceView[com.zhiliaoapp.musically/com.ss.android.ugc.aweme.splash.SplashActivity]@0(BLAST)#156531} no children}] reparent to OffscreenRoot
03-02 00:57:36.251  1446  1446 I SensorsHub: queueActivate: handle 5 enable 0
03-02 00:57:36.251  1507  1507 I SurfaceFlinger: [LayerHierarchy{RequestedLayerState{7086fb SurfaceView[com.zhiliaoapp.musically/com.ss.android.ugc.aweme.splash.SplashActivity]@0(BLAST)#156531} no children}] RelativeParent to null
03-02 00:57:36.251  1507  1507 I SurfaceFlinger: [LayerHierarchy{RequestedLayerState{7086fb SurfaceView[com.zhiliaoapp.musically/com.ss.android.ugc.aweme.splash.SplashActivity]@0#156530 z=-2} 1 children}] reparent to OffscreenRoot
03-02 00:57:36.251  1507  1507 I SurfaceFlinger: [LayerHierarchy{RequestedLayerState{7086fb SurfaceView[com.zhiliaoapp.musically/com.ss.android.ugc.aweme.splash.SplashActivity]@0#156530 z=-2} 1 children}] RelativeParent to null
03-02 00:57:36.251  1507  1507 I SurfaceFlinger: [LayerHierarchy{RequestedLayerState{Background for 836459b SurfaceView[com.zhiliaoapp.musically/com.ss.android.ugc.aweme.splash.SplashActivity]@0#156535 z=-2147483648} no children}] reparent to OffscreenRoot
03-02 00:57:36.251  1507  1507 I SurfaceFlinger: [LayerHierarchy{RequestedLayerState{Background for 836459b SurfaceView[com.zhiliaoapp.musically/com.ss.android.ugc.aweme.splash.SplashActivity]@0#156535 z=-2147483648} no children}] RelativeParent to null
03-02 00:57:36.251  1507  1507 I SurfaceFlinger: [LayerHierarchy{RequestedLayerState{Background for 7086fb SurfaceView[com.zhiliaoapp.musically/com.ss.android.ugc.aweme.splash.SplashActivity]@0#156532 z=-2147483648} no children}] reparent to OffscreenRoot
03-02 00:57:36.251  1507  1507 I SurfaceFlinger: [LayerHierarchy{RequestedLayerState{Background for 7086fb SurfaceView[com.zhiliaoapp.musically/com.ss.android.ugc.aweme.splash.SplashActivity]@0#156532 z=-2147483648} no children}] RelativeParent to null
03-02 00:57:36.252  1507  1507 I SurfaceFlinger: [LayerHierarchy{RequestedLayerState{Background for 68eb87 SurfaceView[com.zhiliaoapp.musically/com.ss.android.ugc.aweme.splash.SplashActivity]@0#156529 z=-2147483648} no children}] reparent to OffscreenRoot
03-02 00:57:36.252  1507  1507 I SurfaceFlinger: [LayerHierarchy{RequestedLayerState{Background for 68eb87 SurfaceView[com.zhiliaoapp.musically/com.ss.android.ugc.aweme.splash.SplashActivity]@0#156529 z=-2147483648} no children}] RelativeParent to null
03-02 00:57:36.252  1507  1507 I SurfaceFlinger: [LayerHierarchy{RequestedLayerState{836459b SurfaceView[com.zhiliaoapp.musically/com.ss.android.ugc.aweme.splash.SplashActivity]@0#156533 z=-2} 1 children}] reparent to OffscreenRoot
03-02 00:57:36.252  1507  1507 I SurfaceFlinger: [LayerHierarchy{RequestedLayerState{836459b SurfaceView[com.zhiliaoapp.musically/com.ss.android.ugc.aweme.splash.SplashActivity]@0#156533 z=-2} 1 children}] RelativeParent to null
03-02 00:57:36.252  1507  1507 I SurfaceFlinger: [LayerHierarchy{RequestedLayerState{836459b SurfaceView[com.zhiliaoapp.musically/com.ss.android.ugc.aweme.splash.SplashActivity]@0(BLAST)#156534} no children}] reparent to OffscreenRoot
03-02 00:57:36.252  1507  1507 I SurfaceFlinger: [LayerHierarchy{RequestedLayerState{836459b SurfaceView[com.zhiliaoapp.musically/com.ss.android.ugc.aweme.splash.SplashActivity]@0(BLAST)#156534} no children}] RelativeParent to null
03-02 00:57:36.252  1507  1507 I SurfaceFlinger: [LayerHierarchy{RequestedLayerState{68eb87 SurfaceView[com.zhiliaoapp.musically/com.ss.android.ugc.aweme.splash.SplashActivity]@0#156527 z=-2} no children}] reparent to OffscreenRoot
03-02 00:57:36.252  1507  1507 I SurfaceFlinger: [LayerHierarchy{RequestedLayerState{68eb87 SurfaceView[com.zhiliaoapp.musically/com.ss.android.ugc.aweme.splash.SplashActivity]@0#156527 z=-2} no children}] RelativeParent to null
03-02 00:57:36.252  1446  1446 I SensorsHub: type : 5, enable : 0
03-02 00:57:36.253  2013  4834 I MediaFocusControl: abandonAudioFocus() from uid/pid 10350/14885 clientId=android.media.AudioManager@b7fcc9dX.143s@4302512 callingPack=com.zhiliaoapp.musically
03-02 00:57:36.253  2013  4834 D AS.AudioService: [Android Auto] isConnectedAndroidAuto = false
03-02 00:57:36.253  2013  4834 D MediaFocusControl: selectFocusStack, uid = 10350, appDevice = 0, device = 2
03-02 00:57:36.253  2013  4834 I MediaFocusControl: removeFocusStackEntry client:android.media.AudioManager@b7fcc9dX.143s@4302512
03-02 00:57:36.255  1507  1507 I Layer   : id=156526 Destroyed Bounds for - com.zhiliaoapp.musically/com.ss.android.ugc.aweme.splash.SplashActivity@27#156526
03-02 00:57:36.255  1507  1507 I SurfaceFlinger: onHandleDestroyed: layerId=156534, name=836459b SurfaceView[com.zhiliaoapp.musically/com.ss.android.ugc.aweme.splash.SplashActivity]@0(BLAST)#156534
03-02 00:57:36.255  1507  1507 I SurfaceFlinger: id=156534 Removed 836459b SurfaceView[com.zhiliaoapp.musically/com.ss.android.ugc.aweme.splash.SplashActivity]@0(BLAST)#156534 (337)
03-02 00:57:36.255  1507  1507 I SurfaceFlinger: onHandleDestroyed: layerId=156533, name=836459b SurfaceView[com.zhiliaoapp.musically/com.ss.android.ugc.aweme.splash.SplashActivity]@0#156533
03-02 00:57:36.255  1507  1507 I SurfaceFlinger: id=156533 Removed 836459b SurfaceView[com.zhiliaoapp.musically/com.ss.android.ugc.aweme.splash.SplashActivity]@0#156533 (337)
03-02 00:57:36.255  1507  1507 I SurfaceFlinger: onHandleDestroyed: layerId=156535, name=Background for 836459b SurfaceView[com.zhiliaoapp.musically/com.ss.android.ugc.aweme.splash.SplashActivity]@0#156535
03-02 00:57:36.255  1507  1507 I SurfaceFlinger: id=156535 Removed Background for 836459b SurfaceView[com.zhiliaoapp.musically/com.ss.android.ugc.aweme.splash.SplashActivity]@0#156535 (337)
03-02 00:57:36.255  1507  1507 I SurfaceFlinger: onHandleDestroyed: layerId=156531, name=7086fb SurfaceView[com.zhiliaoapp.musically/com.ss.android.ugc.aweme.splash.SplashActivity]@0(BLAST)#156531
03-02 00:57:36.255  1507  1507 I SurfaceFlinger: id=156531 Removed 7086fb SurfaceView[com.zhiliaoapp.musically/com.ss.android.ugc.aweme.splash.SplashActivity]@0(BLAST)#156531 (337)
03-02 00:57:36.255  1507  1507 I SurfaceFlinger: onHandleDestroyed: layerId=156530, name=7086fb SurfaceView[com.zhiliaoapp.musically/com.ss.android.ugc.aweme.splash.SplashActivity]@0#156530
03-02 00:57:36.255  1507  1507 I SurfaceFlinger: id=156530 Removed 7086fb SurfaceView[com.zhiliaoapp.musically/com.ss.android.ugc.aweme.splash.SplashActivity]@0#156530 (337)
03-02 00:57:36.255  1507  1507 I SurfaceFlinger: onHandleDestroyed: layerId=156532, name=Background for 7086fb SurfaceView[com.zhiliaoapp.musically/com.ss.android.ugc.aweme.splash.SplashActivity]@0#156532
03-02 00:57:36.255  1507  1507 I SurfaceFlinger: id=156532 Removed Background for 7086fb SurfaceView[com.zhiliaoapp.musically/com.ss.android.ugc.aweme.splash.SplashActivity]@0#156532 (337)
03-02 00:57:36.255  1507  1507 I SurfaceFlinger: onHandleDestroyed: layerId=156528, name=68eb87 SurfaceView[com.zhiliaoapp.musically/com.ss.android.ugc.aweme.splash.SplashActivity]@0(BLAST)#156528
03-02 00:57:36.255  1507  1507 I SurfaceFlinger: id=156528 Removed 68eb87 SurfaceView[com.zhiliaoapp.musically/com.ss.android.ugc.aweme.splash.SplashActivity]@0(BLAST)#156528 (337)
03-02 00:57:36.255  1507  1507 I SurfaceFlinger: onHandleDestroyed: layerId=156527, name=68eb87 SurfaceView[com.zhiliaoapp.musically/com.ss.android.ugc.aweme.splash.SplashActivity]@0#156527
03-02 00:57:36.255  1507  1507 I SurfaceFlinger: id=156527 Removed 68eb87 SurfaceView[com.zhiliaoapp.musically/com.ss.android.ugc.aweme.splash.SplashActivity]@0#156527 (337)
03-02 00:57:36.256  1507  1507 I SurfaceFlinger: onHandleDestroyed: layerId=156529, name=Background for 68eb87 SurfaceView[com.zhiliaoapp.musically/com.ss.android.ugc.aweme.splash.SplashActivity]@0#156529
03-02 00:57:36.256  1507  1507 I SurfaceFlinger: id=156529 Removed Background for 68eb87 SurfaceView[com.zhiliaoapp.musically/com.ss.android.ugc.aweme.splash.SplashActivity]@0#156529 (337)
03-02 00:57:36.257 14885 18452 D SensorManager: unregisterListener
03-02 00:57:36.262  1507  1507 I SurfaceFlinger: destroyed 68eb87 SurfaceView[com.zhiliaoapp.musically/com.ss.android.ugc.aweme.splash.SplashActivity]@0(BLAST)#156528
03-02 00:57:36.262  1507  1507 I SurfaceFlinger: destroyed 7086fb SurfaceView[com.zhiliaoapp.musically/com.ss.android.ugc.aweme.splash.SplashActivity]@0(BLAST)#156531
03-02 00:57:36.262  1507  1507 I SurfaceFlinger: destroyed 7086fb SurfaceView[com.zhiliaoapp.musically/com.ss.android.ugc.aweme.splash.SplashActivity]@0#156530
03-02 00:57:36.262  1507  1507 I SurfaceFlinger: destroyed Background for 836459b SurfaceView[com.zhiliaoapp.musically/com.ss.android.ugc.aweme.splash.SplashActivity]@0#156535
03-02 00:57:36.262  1507  1507 I SurfaceFlinger: destroyed Background for 7086fb SurfaceView[com.zhiliaoapp.musically/com.ss.android.ugc.aweme.splash.SplashActivity]@0#156532
03-02 00:57:36.262  1507  1507 I SurfaceFlinger: destroyed 68eb87 SurfaceView[com.zhiliaoapp.musically/com.ss.android.ugc.aweme.splash.SplashActivity]@0#156527
03-02 00:57:36.262  1507  1507 I SurfaceFlinger: destroyed Background for 68eb87 SurfaceView[com.zhiliaoapp.musically/com.ss.android.ugc.aweme.splash.SplashActivity]@0#156529
03-02 00:57:36.262  1507  1507 I SurfaceFlinger: destroyed 836459b SurfaceView[com.zhiliaoapp.musically/com.ss.android.ugc.aweme.splash.SplashActivity]@0#156533
03-02 00:57:36.262  1507  1507 I SurfaceFlinger: destroyed 836459b SurfaceView[com.zhiliaoapp.musically/com.ss.android.ugc.aweme.splash.SplashActivity]@0(BLAST)#156534
03-02 00:57:36.263  1445  2902 W C2MtkBufferManager: [0xB4000070F507E520] fetchNewCcBlock: wait fence 0x0xb4000070f5058270 timed out. ret 110
03-02 00:57:36.266  1507  1507 I Layer   : id=156529 Destroyed Background for 68eb87 SurfaceView[com.zhiliaoapp.musically/com.ss.android.ugc.aweme.splash.SplashActivity]@0#156529
03-02 00:57:36.266  1507  1507 I Layer   : id=156527 Destroyed 68eb87 SurfaceView[com.zhiliaoapp.musically/com.ss.android.ugc.aweme.splash.SplashActivity]@0#156527
03-02 00:57:36.266  1507  1507 I Layer   : id=156528 Destroyed 68eb87 SurfaceView[com.zhiliaoapp.musically/com.ss.android.ugc.aweme.splash.SplashActivity]@0(BLAST)#156528
03-02 00:57:36.266  1507  1507 I Layer   : id=156532 Destroyed Background for 7086fb SurfaceView[com.zhiliaoapp.musically/com.ss.android.ugc.aweme.splash.SplashActivity]@0#156532
03-02 00:57:36.266  1507  1507 I Layer   : id=156530 Destroyed 7086fb SurfaceView[com.zhiliaoapp.musically/com.ss.android.ugc.aweme.splash.SplashActivity]@0#156530
03-02 00:57:36.266  1507  1507 I Layer   : id=156531 Destroyed 7086fb SurfaceView[com.zhiliaoapp.musically/com.ss.android.ugc.aweme.splash.SplashActivity]@0(BLAST)#156531
03-02 00:57:36.266  1507  1507 I Layer   : id=156535 Destroyed Background for 836459b SurfaceView[com.zhiliaoapp.musically/com.ss.android.ugc.aweme.splash.SplashActivity]@0#156535
03-02 00:57:36.266  1507  1507 I Layer   : id=156533 Destroyed 836459b SurfaceView[com.zhiliaoapp.musically/com.ss.android.ugc.aweme.splash.SplashActivity]@0#156533
03-02 00:57:36.266  1507  1507 I Layer   : id=156534 Destroyed 836459b SurfaceView[com.zhiliaoapp.musically/com.ss.android.ugc.aweme.splash.SplashActivity]@0(BLAST)#156534
03-02 00:57:36.271 14885 14885 I System.out: SceneSafeLifecycleDispatcher: onStopped Start
03-02 00:57:36.272 14885 14885 I System.out: SAFActivity V Scene Framework: NavigationMessageQueue postSync start
03-02 00:57:36.272 14885 14885 I System.out: SAFActivity V Scene Framework: NavigationMessageQueue postSync run current task start 14_Y.ARunnableS108S0200000_32@cf47c1b
03-02 00:57:36.272 14885 14885 I System.out: SAFActivity V Scene Framework: NavigationSceneManager Sync Scene SAFFragmentRootScene{79e191c} Lifecycle [STARTED -> ACTIVITY_CREATED] without saved State
03-02 00:57:36.272 14885 14885 I System.out: SAFFragmentRootScene: onStop Start (SAFFragmentRootScene{79e191c})
03-02 00:57:36.275 14885 14885 I System.out: SAFActivity V Scene Framework: NavigationMessageQueue postSync run current task finish 14_Y.ARunnableS108S0200000_32@cf47c1b
03-02 00:57:36.275 14885 14885 I System.out: SAFActivity V Scene Framework: NavigationMessageQueue postSync finish
03-02 00:57:36.275 14885 14885 I System.out: SceneSafeLifecycleDispatcher: onStopped End STOP
03-02 00:57:36.275 14885 14885 I System.out: SAFActivity: com.ss.android.ugc.aweme.main.MainActivity@c20428f,  onStop End
03-02 00:57:36.275 14885 14885 D SV[6876039 SplashActivity]: updateSurface: surface is not valid
03-02 00:57:36.275 14885 14885 I SV[6876039 SplashActivity]: releaseSurfaces: viewRoot = VRI[SplashActivity]@35f4eb8
03-02 00:57:36.275 14885 14885 D VRI[SplashActivity]@35f4eb8: applyTransactionOnDraw applyImmediately
03-02 00:57:36.276 14885 14885 D SV[7374587 SplashActivity]: updateSurface: surface is not valid
03-02 00:57:36.276 14885 14885 I SV[7374587 SplashActivity]: releaseSurfaces: viewRoot = VRI[SplashActivity]@35f4eb8
03-02 00:57:36.276 14885 14885 D VRI[SplashActivity]@35f4eb8: applyTransactionOnDraw applyImmediately
03-02 00:57:36.276 14885 16783 D Native  : [TTNativeML] NativeMLTaskRunner 2.3-2.4 code：BuildInputs: CostTime 0.13 ms
03-02 00:57:36.276 14885 14885 D SV[137774491 SplashActivity]: updateSurface: surface is not valid
03-02 00:57:36.276 14885 14885 I SV[137774491 SplashActivity]: releaseSurfaces: viewRoot = VRI[SplashActivity]@35f4eb8
03-02 00:57:36.276 14885 14885 D VRI[SplashActivity]@35f4eb8: applyTransactionOnDraw applyImmediately
03-02 00:57:36.276 14885 16783 D Native  : [TTNativeML] NativeMLTaskRunner 3-4 code：AdapterSetInputs: cost time 0.32 ms
03-02 00:57:36.277 14885 16783 D Native  : [TTNativeML] NativeMLTaskRunner 4-5 code：AdapterInference: cost time 0.40 ms
03-02 00:57:36.278 14885 14885 I System.out: SAFActivity V Scene Framework: NavigationSceneManager forceExecutePendingNavigationOperation start
03-02 00:57:36.278 14885 14885 I System.out: SAFActivity V Scene Framework: NavigationMessageQueue postSync start
03-02 00:57:36.278 14885 14885 I System.out: SAFActivity V Scene Framework: NavigationMessageQueue postSync run current task start 0_Y.ARunnableS90S0000000_15@9287677
03-02 00:57:36.278 14885 14885 I System.out: SAFActivity V Scene Framework: NavigationMessageQueue postSync run current task finish 0_Y.ARunnableS90S0000000_15@9287677
03-02 00:57:36.278 14885 14885 I System.out: SAFActivity V Scene Framework: NavigationMessageQueue postSync finish
03-02 00:57:36.278 14885 14885 I System.out: SAFActivity V Scene Framework: NavigationSceneManager forceExecutePendingNavigationOperation finish
03-02 00:57:36.278 14885 14885 I System.out: SAFActivity: com.ss.android.ugc.aweme.main.MainActivity@c20428f,  onSaveInstanceState Start
03-02 00:57:36.280 14885 14885 I System.out: SceneSafeLifecycleDispatcher: onSaveInstanceState Start
03-02 00:57:36.280 14885 14885 I System.out: SAFFragmentRootScene: onSaveInstanceState Start (SAFFragmentRootScene{79e191c})
03-02 00:57:36.280 14885 14885 I System.out: SceneSafeLifecycleDispatcher: onSaveInstanceState End STOP
03-02 00:57:36.280 14885 14885 I System.out: SAFActivity: com.ss.android.ugc.aweme.main.MainActivity@c20428f,  onSaveInstanceState End
03-02 00:57:36.281 14885 14885 W System.err: onActivityPostSaveInstanceState store finished---->com.ss.android.ugc.aweme.main.MainActivity@c20428f
03-02 00:57:36.284 14885 14885 D SV[6876039 SplashActivity]: updateSurface: surface is not valid
03-02 00:57:36.285 14885 14885 I SV[6876039 SplashActivity]: releaseSurfaces: viewRoot = VRI[SplashActivity]@35f4eb8
03-02 00:57:36.285 14885 14885 D VRI[SplashActivity]@35f4eb8: applyTransactionOnDraw applyImmediately
03-02 00:57:36.285 14885 14885 D SV[7374587 SplashActivity]: updateSurface: surface is not valid
03-02 00:57:36.285 14885 14885 I SV[7374587 SplashActivity]: releaseSurfaces: viewRoot = VRI[SplashActivity]@35f4eb8
03-02 00:57:36.285 14885 14885 D VRI[SplashActivity]@35f4eb8: applyTransactionOnDraw applyImmediately
03-02 00:57:36.286 14885 14885 D SV[137774491 SplashActivity]: updateSurface: surface is not valid
03-02 00:57:36.286 14885 14885 I SV[137774491 SplashActivity]: releaseSurfaces: viewRoot = VRI[SplashActivity]@35f4eb8
03-02 00:57:36.286 14885 14885 D VRI[SplashActivity]@35f4eb8: applyTransactionOnDraw applyImmediately
03-02 00:57:36.294  1507  1507 I SurfaceFlinger: [LayerHierarchy{RequestedLayerState{com.zhiliaoapp.musically/com.ss.android.ugc.aweme.splash.SplashActivity$_14885#156523} no children}] reparent to OffscreenRoot
03-02 00:57:36.294  1507  1507 I SurfaceFlinger: [LayerHierarchy{RequestedLayerState{com.zhiliaoapp.musically/com.ss.android.ugc.aweme.splash.SplashActivity$_14885#156523} no children}] RelativeParent to null
03-02 00:57:36.296  1507  1507 I SurfaceFlinger: onHandleDestroyed: layerId=156523, name=com.zhiliaoapp.musically/com.ss.android.ugc.aweme.splash.SplashActivity$_14885#156523
03-02 00:57:36.296  1507  1507 I SurfaceFlinger: id=156523 Removed com.zhiliaoapp.musically/com.ss.android.ugc.aweme.splash.SplashActivity$_14885#156523 (328)
03-02 00:57:36.296  2013  2067 I ChimeraSystemEventListener: appLaunchIntent package name is: com.podcast.app.debug.test
03-02 00:57:36.298  2013  3441 I SemDvfsHyPerManager: acquire hyper - AMS_APP_SWITCH/2013@20, type = -999
03-02 00:57:36.299  1450  1487 I HYPER-HAL: [RequestManager.cpp]acquire(): Acquired ID : 2067581  [2013 / 20]    HINT : AMS_ACT_SWITCH    list :
03-02 00:57:36.299  1464  1492 I mtkpower@impl: [setMode] type:5, enabled:1
03-02 00:57:36.300  1507  1825 I SurfaceFlinger: Capture layer list: 	 com.podcast.app.debug/androidx.activity.ComponentActivity$_17121#156551(seamlessTransition:0)
03-02 00:57:36.300  4784  4784 I SemDvfsHyPerManager: acquire hyper - APP_START_SHORT/4784@15, type = -999
03-02 00:57:36.300  1450  1487 I mtkpower_client: perf_lock_rel, hdl:76710, pid: 1450, tid:1487
03-02 00:57:36.300  1450  1487 I mtkpower_client: perf_lock_acq, hdl:0, dur:0, num:2, pid:1450, tid:1487
03-02 00:57:36.301  1464  1529 I libPowerHal: [perfLockRel] hdl:76710, idx:3
03-02 00:57:36.301  1507  1563 I SurfaceFlinger: id=156558 createSurf, flag=24004, Task=44893#156558
03-02 00:57:36.301  1464  1529 I libPowerHal: [PD] vendor.samsung. update cmd:1000000 param:-1 pr:6
03-02 00:57:36.302  1464  1529 I libPowerHal: [perfLockRel] Done for hdl : 76710
03-02 00:57:36.302  1464  1529 I libPowerHal: [perfLockAcq] idx:8 hdl:76711 hint:-1 pid:1450 tid:1487 duration:0 lock_user:vendor.samsung. => ret_hdl:76711
03-02 00:57:36.302  1450  1487 I mtkpower_client: ret_hdl:76711
03-02 00:57:36.302  1450  1487 I mtkpower_client: perf_lock_rel, hdl:76708, pid: 1450, tid:1487
03-02 00:57:36.302  1464  1529 I libPowerHal: [setDvfsrcDevFreqOpp] opp:0, freq:4266000000
03-02 00:57:36.302  1464  1529 I libPowerHal: [PE] vendor.samsung. update cmd:1000000 param:0 pr:3
03-02 00:57:36.302  1464  1529 I libPowerHal: [perfLockAcq] Done for hdl : 76711
03-02 00:57:36.302  1450  1487 I mtkpower_client: perf_lock_acq, hdl:0, dur:0, num:2, pid:1450, tid:1487
03-02 00:57:36.302  1464  1529 I libPowerHal: [perfLockRel] hdl:76708, idx:6
03-02 00:57:36.303  1464  1529 I libPowerHal: [PD] vendor.samsung. update cmd:400000 param:-1 pr:6
03-02 00:57:36.303  1464  1529 I libPowerHal: [recordCPUFreqInfo] set cluster[0] min(-1): -1 max(-1): -1 cluster[1] min(-1): -1 max(-1): -1
03-02 00:57:36.303  1464  1529 I libPowerHal: [perfLockRel] Done for hdl : 76708
03-02 00:57:36.303  1450  1487 I mtkpower_client: ret_hdl:76712
03-02 00:57:36.303  1450  1487 I HYPER-HAL: [RequestManager.cpp]acquire(): Acquired ID : 11517615  [4784 / 15]    HINT : APP_START    list : [TIMEOUT / 1500]
03-02 00:57:36.303  1464  1529 I libPowerHal: [perfLockAcq] idx:3 hdl:76712 hint:-1 pid:1450 tid:1487 duration:0 lock_user:vendor.samsung. => ret_hdl:76712
03-02 00:57:36.303  1464  1529 I libPowerHal: [PE] vendor.samsung. update cmd:400000 param:2000000 pr:3
03-02 00:57:36.304  1464  1529 I libPowerHal: [recordCPUFreqInfo] set cluster[0] min(vendor.samsung.): 2000000 max(-1): -1 cluster[1] min(-1): -1 max(-1): -1
03-02 00:57:36.304  1464  1529 I libPowerHal: [perfLockAcq] Done for hdl : 76712
03-02 00:57:36.304  1507  1563 I SurfaceFlinger: id=156559 createSurf, flag=84004, ActivityRecord{199915966 u0 com.podcast.app.debug.test/androidx.test.core.app.InstrumentationActivityInvoker$EmptyActivity t44893}#156559
03-02 00:57:36.306  1507  1507 I SurfaceFlinger: destroyed com.zhiliaoapp.musically/com.ss.android.ugc.aweme.splash.SplashActivity$_14885#156523
03-02 00:57:36.306  1507  1507 I SurfaceFlinger: [ActivityRecord{199915966 u0 com.podcast.app.debug.test/androidx.test.core.app.InstrumentationActivityInvoker$EmptyActivity t44893}#156559] attach to parent LayerHierarchy{RequestedLayerState{Task=44893#156558 parentId=10} 1 children}
03-02 00:57:36.306  1507  1507 I SurfaceFlinger: [Task=44893#156558] attach to parent LayerHierarchy{RequestedLayerState{DefaultTaskDisplayArea_d0#10 parentId=9} 46 children}
03-02 00:57:36.307 14636 14636 D WM-SystemJobService: onStopJob for WorkGenerationalId(workSpecId=f23029b8-b7a3-4a93-aaf6-b7c7a26dfe9e, generation=0)
03-02 00:57:36.308 14636 15263 D WM-Processor: WorkerWrapper interrupted for f23029b8-b7a3-4a93-aaf6-b7c7a26dfe9e
03-02 00:57:36.308 14636 15263 D WM-StopWorkRunnable: StopWorkRunnable for f23029b8-b7a3-4a93-aaf6-b7c7a26dfe9e; Processor.stopWork = true
03-02 00:57:36.309  2746  2808 I ViewRootImpl: dVRR is disabled
03-02 00:57:36.310  1507  1507 I Layer   : id=156523 Destroyed com.zhiliaoapp.musically/com.ss.android.ugc.aweme.splash.SplashActivity$_14885#156523
03-02 00:57:36.310  2746  2870 D NativeCustomFrequencyManager: [NativeCFMS] BpCustomFrequencyManager::BpCustomFrequencyManager()
03-02 00:57:36.310  2013  3345 I SemDvfsHyPerManager: acquire hyper - AMS_APP_LAUNCH/2013@17, type = -999
03-02 00:57:36.311  1450  1487 I HYPER-HAL: [RequestManager.cpp]acquire(): Acquired ID : 2061482  [2013 / 17]    HINT : AMS_APP_LAUNCH    list :
03-02 00:57:36.312  2013  2253 D InputTransport: Input channel constructed: '6fd64b3', fd=1074
03-02 00:57:36.312 17121 17121 D LifecycleMonitor: Lifecycle status change: androidx.activity.ComponentActivity@515b3af in: PAUSED
03-02 00:57:36.312  2013  2253 D InputTransport: Input channel constructed: '6fd64b3', fd=1100
03-02 00:57:36.312 17121 17121 V ActivityScenario: Update currentActivityStage to PAUSED, currentActivity=androidx.activity.ComponentActivity@515b3af
03-02 00:57:36.312  2013  2253 D InputTransport: Input channel constructed: '6fd64b3', fd=1131
03-02 00:57:36.312  2013  2253 D InputTransport: Input channel destroyed: '6fd64b3', fd=1100
03-02 00:57:36.313  2746  2798 D ShellDesktopMode: handleRequest: TransitionRequestInfo {type=1, tid=44893, debugId=11293}
03-02 00:57:36.314 14636 15217 I WM-WorkerWrapper: Work [ id=f23029b8-b7a3-4a93-aaf6-b7c7a26dfe9e, tags={ com.urbanairship.job.AirshipWorker,airship } ] was cancelled
03-02 00:57:36.314 14636 15217 I WM-WorkerWrapper: androidx.work.impl.WorkerStoppedException
03-02 00:57:36.314 14636 15217 I WM-WorkerWrapper: 	at o.setEnabledWhenDeviceHasQuirk.AnimatedBarChartKtAnimatedBarChart1112(:348)
03-02 00:57:36.314 14636 15217 I WM-WorkerWrapper: 	at o.MutableConfig.AnimatedBarChartKtAnimatedBarChart1(:439)
03-02 00:57:36.314 14636 15217 I WM-WorkerWrapper: 	at o.MutableConfig.AnimatedBarChartKtAnimatedBarChart1112(:259)
03-02 00:57:36.314 14636 15217 I WM-WorkerWrapper: 	at o.getUseCaseInfo.run(:49)
03-02 00:57:36.314 14636 15217 I WM-WorkerWrapper: 	at o.TagBundle$Architecture.run(:96)
03-02 00:57:36.314 14636 15217 I WM-WorkerWrapper: 	at java.util.concurrent.ThreadPoolExecutor.runWorker(ThreadPoolExecutor.java:1154)
03-02 00:57:36.314 14636 15217 I WM-WorkerWrapper: 	at java.util.concurrent.ThreadPoolExecutor$Worker.run(ThreadPoolExecutor.java:652)
03-02 00:57:36.314 14636 15217 I WM-WorkerWrapper: 	at java.lang.Thread.run(Thread.java:1563)
03-02 00:57:36.314 14885 18452 W System.err: FlagsHookHelper: skip hook flags method getInstanceHook
03-02 00:57:36.315  1507  1563 I SurfaceFlinger: id=156560 createSurf, flag=84004, 6fd64b3 Splash Screen com.podcast.app.debug.test#156560
03-02 00:57:36.316 14636 15217 D WM-WorkerWrapper: Status for f23029b8-b7a3-4a93-aaf6-b7c7a26dfe9e is RUNNING; not doing any work and rescheduling for later execution
03-02 00:57:36.317  2013  2253 D InputTransport: Input channel destroyed: '6fd64b3', fd=1131
03-02 00:57:36.317 14885 18451 W System.err: FlagsHookHelper: skip hook flags method getInstanceHook
03-02 00:57:36.318  2746  2808 D InputTransport: Input channel constructed: '6fd64b3', fd=594
03-02 00:57:36.319  2746  2808 I InsetsController: onStateChanged: host=Splash Screen com.podcast.app.debug.test, from=android.view.ViewRootImpl.onInsetsStateChanged:3026, state=InsetsState: {mDisplayFrame=Rect(0, 0 - 1080, 2340), mDisplayCutout=DisplayCutout{insets=Rect(0, 80 - 0, 0) waterfall=Insets{left=0, top=0, right=0, bottom=0} boundingRect={Bounds=[Rect(0, 0 - 0, 0), Rect(472, 0 - 608, 80), Rect(0, 0 - 0, 0), Rect(0, 0 - 0, 0)]} cutoutPathParserInfo={CutoutPathParserInfo{displayWidth=1080 displayHeight=2340 physicalDisplayWidth=1080 physicalDisplayHeight=2340 density={2.8125} cutoutSpec={M 0,0 H -24.177777778 V 28.4444444444 H 24.177777778 V 0 H 0 Z @dp} rotation={0} scale={1.0} physicalPixelDisplaySizeRatio={1.0}}} sideOverrides={}}, mRoundedCorners=RoundedCorners{[RoundedCorner{position=TopLeft, radius=113, center=Point(113, 113)}, RoundedCorner{position=TopRight, radius=113, center=Point(967, 113)}, RoundedCorner{position=BottomRight, radius=113, center=Point(967, 2227)}, RoundedCorner{position=BottomLeft, radius=113, center=Point(113, 2227)}]}  mRoundedCornerFrame=Rect(0, 0 - 1080, 2340), mPrivacyIndicatorBounds=PrivacyIndicatorBounds {static bounds=Rect(956, 0 - 1080, 80) rotation=0}, mDisplayShape=DisplayShape{ spec=-311912193 displayWidth=1080 displayHeight=2340 physicalPixelDisplaySizeRatio=1.0 rotation=0 offsetX=0 offsetY=0 scale=1.0}, mSources= { InsetsSource: {e9af0000 mType=statusBars mFrame=[0,0][1080,80] mVisible=true mFlags= mSideHint=TOP mBoundingRects=null}, InsetsSource: {e9af0005 mType=mandatorySystemGestures mFrame=[0,0][1080,114] mVisible=true mFlags= mSideHint=TOP mBoundingRects=null}, InsetsSource: {e9af0006 mType=tappableElement mFrame=[0,0][1080,80] mVisible=true mFlags= mSideHint=TOP mBoundingRects=null}, InsetsSource: {27 mType=displayCutout mFrame=[0,0][1080,80] mVisible=true mFlags= mSideHint=TOP mBoundingRects=null}, InsetsSource: {26ed0001 mType=navigationBars mFrame=[0,2298][1080,2340] mVisible=true mFlags=SUPPRESS_SCRIM mSideHint=BOTTOM mBoundingRects=null}, InsetsSource: {26ed0004 mType=systemGestures mFrame=[0,0][84,2340] mVisible=true mFlags= mSideHint=LEFT mBoundingRects=null}, InsetsSource: {26ed0005 mType=mandatorySystemGestures mFrame=[0,2250][1080,2340] mVisible=true mFlags= mSideHint=BOTTOM mBoundingRects=null}, InsetsSource: {26ed0006 mType=tappableElement mFrame=[0,0][0,0] mVisible=true mFlags= mSideHint=NONE mBoundingRects=null}, InsetsSource: {26ed0024 mType=systemGestures mFrame=[996,0][1080,2340] mVisible=true mFlags= mSideHint=RIGHT mBoundingRects=null} }
03-02 00:57:36.320  2746  2808 I VRI[test]@1a23f06: onActiveControlsChanged, removed=false, mAdded=true, caller=android.view.ViewRootImpl.handleInsetsControlChanged:3002 android.view.ViewRootImpl.setView:2014 android.view.WindowManagerGlobal.addView:604 com.android.wm.shell.startingsurface.SplashscreenWindowCreator.addWindow:38 com.android.wm.shell.startingsurface.StartingWindowController$$ExternalSyntheticLambda4.run:1365
03-02 00:57:36.320  2746  2808 I VRI[test]@1a23f06: synced displayState. AttachInfo displayState=2
03-02 00:57:36.320 14636 14636 D WM-Processor: MutableConfig f23029b8-b7a3-4a93-aaf6-b7c7a26dfe9e executed; reschedule = true
03-02 00:57:36.321  2746  2808 I VRI[test]@1a23f06: setView = android.widget.FrameLayout@7817360 IsHRR=false mFlingFrameRateChange=0 TM=true
03-02 00:57:36.322  3506  3506 E pageboostd: Received HALT command code 2
03-02 00:57:36.322  4784  4784 I SemDvfsHyPerManager: acquire hyper - APP_START/4784@17, type = -999
03-02 00:57:36.323  1450  1487 I HYPER-HAL: [RequestManager.cpp]acquire(): Acquired ID : 11527218  [4784 / 17]    HINT : APP_START    list :
03-02 00:57:36.324  3202  3386 I HoneySpace.TopTaskSource: onTaskMovedToFront : taskId = 44893, displayId = 0
03-02 00:57:36.325  2746  2870 D HWUI    : HWUI - treat SMPTE_170M as sRGB
03-02 00:57:36.326  2013  2252 D InputDispatcher: Focused application(0): ActivityRecord{199915966 u0 com.podcast.app.debug.test/androidx.test.core.app.InstrumentationActivityInvoker$EmptyActivity t44893}
03-02 00:57:36.328  1507  1507 I SurfaceFlinger: [6fd64b3 Splash Screen com.podcast.app.debug.test#156560] attach to parent LayerHierarchy{RequestedLayerState{ActivityRecord{199915966 u0 com.podcast.app.debug.test/androidx.test.core.app.InstrumentationActivityInvoker$EmptyActivity t44893}#156559 parentId=156558} 1 children}
03-02 00:57:36.330 14885 15878 W NaviWarn: StackPtr is not 8-byte aligned.
03-02 00:57:36.332 14636 15217 D WM-GreedyScheduler: Cancelling work ID f23029b8-b7a3-4a93-aaf6-b7c7a26dfe9e
03-02 00:57:36.333  2013  3645 D GraphicsStatsService: requestRenderEngineFor(com.podcast.app.debug.test)
03-02 00:57:36.335  3202  3390 I HoneySpace.TopTaskUseCase: topTasks 44893 ComponentInfo{com.podcast.app.debug.test/androidx.test.core.app.InstrumentationActivityInvoker$EmptyActivity}[displayId=0]
03-02 00:57:36.336  1445  2902 W C2MtkBufferManager: [0xB4000070F507E520] fetchNewCcBlock: wait fence 0x0xb4000070f5058270 timed out. ret 110
03-02 00:57:36.338  2013  2253 I WindowManager: Relayout Window{6fd64b3 u0 Splash Screen com.podcast.app.debug.test}: viewVisibility=0 req=1080x2340 ty=3 d0
03-02 00:57:36.338  3202 31843 I HoneySpace.RecentTasks: onRecentTasksChanged
03-02 00:57:36.339  1507  1907 I SurfaceFlinger: id=156561 createSurf, flag=44004, Splash Screen com.podcast.app.debug.test$_2746#156561
03-02 00:57:36.339  1507  1507 I SurfaceFlinger: [Display 0 name="Built-in Screen"#49] setFrameRateCategory: High
03-02 00:57:36.339  1507  1507 I SurfaceFlinger: [LayerHierarchy{RequestedLayerState{ImeContainer#15 parentId=156543 relativeParentId=156543 z=1} 1 children}] RelativeParent to null
03-02 00:57:36.339  1507  1507 I SurfaceFlinger: [Splash Screen com.podcast.app.debug.test$_2746#156561] attach to parent LayerHierarchy{RequestedLayerState{6fd64b3 Splash Screen com.podcast.app.debug.test#156560 parentId=156559} 1 children}
03-02 00:57:36.342  3202 15778 I HoneySpace.RecentTasks: onRecentTasksChanged
03-02 00:57:36.343  2013  2253 I WindowManager: Relayout hash=6fd64b3, pid=2746, syncId=-1: mAttrs={(0,0)(fillxfill) sim={adjust=pan} layoutInDisplayCutoutMode=always ty=APPLICATION_STARTING fmt=TRANSLUCENT
03-02 00:57:36.343  2013  2253 I WindowManager:   fl=81030118
03-02 00:57:36.343  2013  2253 I WindowManager:   pfl=10000810
03-02 00:57:36.343  2013  2253 I WindowManager:   apr=18
03-02 00:57:36.343  2013  2253 I WindowManager:   bhv=1
03-02 00:57:36.343  2013  2253 I WindowManager:   fitSides=0
03-02 00:57:36.343  2013  2253 I WindowManager:   frameRateBoostOnTouch=true
03-02 00:57:36.343  2013  2253 I WindowManager:   dvrrWindowFrameRateHint=true naviIconColor=0}
03-02 00:57:36.344  1507  1507 I BpBinder: onLastStrongRef automatically unlinking death recipients:
