03-02 00:56:59.515  1484 10083 V APM_AudioPolicyManager: selectOutputForMusicEffects selected output 21
03-02 00:56:59.515  2013  2013 D MediaSessionStack: updateMediaButtonSessionIfNeeded, skipping uid=10672
03-02 00:56:59.515 14885 16837 D GraphicsTracker: new surface in configuration: maxDequeueRequested(0), maxDequeueCommitted(24)
03-02 00:56:59.515 14885 16837 D GraphicsTracker: new surface configured with id:63930588200984 gen:15242255 maxDequeue:24
03-02 00:56:59.515 14885 16837 D GraphicsTracker: maxDequeueCount is already 24
03-02 00:56:59.515 14885 16837 D Codec2Client: setOutputSurface -- generation=15242255 consumer usage=0x900
03-02 00:56:59.515  1484 10083 V APM_AudioPolicyManager: getNewOutputDevices selected devices {AUDIO_DEVICE_OUT_SPEAKER, @:}
03-02 00:56:59.516  1507  1562 I SurfaceFlinger: id=155421 createSurf, flag=84004, 836459b SurfaceView[com.zhiliaoapp.musically/com.ss.android.ugc.aweme.splash.SplashActivity]@0#155421
03-02 00:56:59.516  1484 10083 V APM_AudioPolicyManager: setOutputDevices caller startSource[[portId:5][io:21, deep-buffer]] device {AUDIO_DEVICE_OUT_SPEAKER, @:} delayMs 0
03-02 00:56:59.516  1484 10083 V APM_AudioPolicyManager: setOutputDevices: caller startSource[[portId:5][io:21, deep-buffer]] suppressing checkDeviceMuteStrategies
03-02 00:56:59.516  1484 10083 V APM_AudioPolicyManager: setOutputDevices caller startSource[[portId:5][io:21, deep-buffer]] changing device to {AUDIO_DEVICE_OUT_SPEAKER, @:} (prevDevice {AUDIO_DEVICE_OUT_SPEAKER, @:})
03-02 00:56:59.516 14885 16837 D SurfaceUtils: disconnecting from surface 0x6f9d803610, reason disconnectFromSurface
03-02 00:56:59.516  1507  2393 I SurfaceFlinger: id=155422 createSurf, flag=44400, 836459b SurfaceView[com.zhiliaoapp.musically/com.ss.android.ugc.aweme.splash.SplashActivity]@0(BLAST)#155422
03-02 00:56:59.517 14885 16246 D AudioTrack: setVolume(1.000000, 1.000000) pid : 14885
03-02 00:56:59.517  1507  1562 I SurfaceFlinger: id=155423 createSurf, flag=20404, Background for 836459b SurfaceView[com.zhiliaoapp.musically/com.ss.android.ugc.aweme.splash.SplashActivity]@0#155423
03-02 00:56:59.517 14885 16837 I BLASTBufferQueue: [7086fb SurfaceView[com.zhiliaoapp.musically/com.ss.android.ugc.aweme.splash.SplashActivity]@0#21](f:0,a:0,s:0) onFrameAvailable the first frame is available
03-02 00:56:59.517 14885 14885 D BufferQueueConsumer: [](id:3a2500000019,api:0,p:-1,c:14885) connect: controlledByApp=false
03-02 00:56:59.517 14885 16837 I BLASTBufferQueue: [7086fb SurfaceView[com.zhiliaoapp.musically/com.ss.android.ugc.aweme.splash.SplashActivity]@0#21](f:0,a:1,s:0) acquireNextBufferLocked size=1080x1920 mFrameNumber=1 applyTransaction=true mTimestamp=491098517546501 mPendingTransactions.size=0 graphicBufferId=63930588201554 transform=0
03-02 00:56:59.518 14885 14885 I BLASTBufferQueue: [836459b SurfaceView[com.zhiliaoapp.musically/com.ss.android.ugc.aweme.splash.SplashActivity]@0#22](f:0,a:0,s:0) constructor()
03-02 00:56:59.518  1507  1568 E mali_winsys: Unrecognised Android chroma siting range: [2, 2]. Applying default
03-02 00:56:59.518 14885 14885 I BLASTBufferQueue_Java: new BLASTBufferQueue, mName= 836459b SurfaceView[com.zhiliaoapp.musically/com.ss.android.ugc.aweme.splash.SplashActivity]@0 mNativeObject= 0x7450361c00 caller= android.view.SurfaceView.createBlastSurfaceControls:1781 android.view.SurfaceView.updateSurface:1450 android.view.SurfaceView.setWindowStopped:539 android.view.SurfaceView.surfaceCreated:2327 android.view.ViewRootImpl.notifySurfaceCreated:3502 android.view.ViewRootImpl.performTraversals:5286 android.view.ViewRootImpl.doTraversal:3924 android.view.ViewRootImpl$TraversalRunnable.run:12903 android.view.Choreographer$CallbackRecord.run:1901 android.view.Choreographer$CallbackRecord.run:1910
03-02 00:56:59.518 14885 14885 I BLASTBufferQueue_Java: update, w= 1080 h= 1917 mName = 836459b SurfaceView[com.zhiliaoapp.musically/com.ss.android.ugc.aweme.splash.SplashActivity]@0 mNativeObject= 0x7450361c00 sc.mNativeObject= 0x769bd9fb00 format= 4 caller= android.view.SurfaceView.createBlastSurfaceControls:1782 android.view.SurfaceView.updateSurface:1450 android.view.SurfaceView.setWindowStopped:539 android.view.SurfaceView.surfaceCreated:2327 android.view.ViewRootImpl.notifySurfaceCreated:3502 android.view.ViewRootImpl.performTraversals:5286
03-02 00:56:59.518 14885 14885 I BLASTBufferQueue: [836459b SurfaceView[com.zhiliaoapp.musically/com.ss.android.ugc.aweme.splash.SplashActivity]@0#22](f:0,a:0,s:0) update width=1080 height=1917 format=4 mTransformHint=0
03-02 00:56:59.518 14885 14885 I SurfaceView: 137774491 Cur surface: Surface(name=null mNativeObject=0)/@0xe7e74a9
03-02 00:56:59.518 14885 14885 I SV[137774491 SplashActivity]: pST: sr = Rect(4320, 2240 - 5400, 4157) sw = 1080 sh = 1917
03-02 00:56:59.518 14885 14885 D SurfaceView: 137774491 performSurfaceTransaction RenderWorker position = [4320, 2240, 5400, 4157] surfaceSize = 1080x1917
03-02 00:56:59.518  2991  3004 I LocationAccessPolicy: checkLocationPermission - callingUid: 10492, callingPid: 14636, result: DENIED_SOFT
03-02 00:56:59.519 14885 14885 I SV[137774491 SplashActivity]: updateSurface: mVisible = true mSurface.isValid() = true
03-02 00:56:59.519 14885 14885 I SV[137774491 SplashActivity]: updateSurface: mSurfaceCreated = false surfaceChanged = true visibleChanged = true
03-02 00:56:59.519 14885 14885 I SurfaceView: 137774491 visibleChanged -- surfaceCreated
03-02 00:56:59.519 14885 14885 I SV[137774491 SplashActivity]: surfaceCreated 1 #1 X.0fk7{836459b V.E...... ........ 0,81-1080,1998}
03-02 00:56:59.519  2991  3004 I LocationAccessPolicy: checkLocationPermission - callingUid: 10492, callingPid: 14636, result: DENIED_SOFT
03-02 00:56:59.519 14885 14885 I SurfaceView: 137774491 surfaceChanged -- format=4 w=1080 h=1917
03-02 00:56:59.519 14885 14885 I SV[137774491 SplashActivity]: surfaceChanged (1080,1917) 1 #1 X.0fk7{836459b V.E...... ........ 0,81-1080,1998}
03-02 00:56:59.519 14885 14885 I SurfaceView: 137774491 surfaceRedrawNeeded
03-02 00:56:59.520 14885 14885 I SurfaceView: 137774491 finishedDrawing
03-02 00:56:59.520 14885 14885 V SurfaceView: Layout: x=4320 y=2240 w=1080 h=1917, frame=Rect(0, 0 - 1080, 1917)
03-02 00:56:59.520 14885 14885 D VRI[SplashActivity]@35f4eb8: reportNextDraw android.view.ViewRootImpl.performTraversals:5443 android.view.ViewRootImpl.doTraversal:3924 android.view.ViewRootImpl$TraversalRunnable.run:12903 android.view.Choreographer$CallbackRecord.run:1901 android.view.Choreographer$CallbackRecord.run:1910
03-02 00:56:59.520  1507  1507 I SurfaceFlinger: [836459b SurfaceView[com.zhiliaoapp.musically/com.ss.android.ugc.aweme.splash.SplashActivity]@0#155421] attach to parent LayerHierarchy{RequestedLayerState{Bounds for - com.zhiliaoapp.musically/com.ss.android.ugc.aweme.splash.SplashActivity@4#155414 parentId=155411} 3 children}
03-02 00:56:59.520  1507  1507 I SurfaceFlinger: [836459b SurfaceView[com.zhiliaoapp.musically/com.ss.android.ugc.aweme.splash.SplashActivity]@0(BLAST)#155422] attach to parent LayerHierarchy{RequestedLayerState{836459b SurfaceView[com.zhiliaoapp.musically/com.ss.android.ugc.aweme.splash.SplashActivity]@0#155421 parentId=155414} 1 children}
03-02 00:56:59.520  1507  1507 I SurfaceFlinger: [Background for 836459b SurfaceView[com.zhiliaoapp.musically/com.ss.android.ugc.aweme.splash.SplashActivity]@0#155423] attach to parent LayerHierarchy{RequestedLayerState{836459b SurfaceView[com.zhiliaoapp.musically/com.ss.android.ugc.aweme.splash.SplashActivity]@0#155421 parentId=155414} 2 children}
03-02 00:56:59.520 14885 14885 D VRI[SplashActivity]@35f4eb8: Setup new sync=wmsSync-VRI[SplashActivity]@35f4eb8#28
03-02 00:56:59.520 14885 14885 I VRI[SplashActivity]@35f4eb8: Creating new active sync group VRI[SplashActivity]@35f4eb8#29
03-02 00:56:59.520 14885 14885 D VRI[SplashActivity]@35f4eb8: Start draw after previous draw not visible
03-02 00:56:59.521 14885 14885 D VRI[SplashActivity]@35f4eb8: registerCallbacksForSync syncBuffer=false
03-02 00:56:59.522 17798 17825 I Finsky  : [4021] Finished reading experiment flags from file [PBXW4Ko_7k4q0cvFqLuL_N3eCJd_z9WHKzPCJBMahog] numFlags=2056.
03-02 00:56:59.522  1507  1568 E mali_winsys: Unrecognised Android chroma siting range: [2, 2]. Applying default
03-02 00:56:59.523  2746  3671 D SoundCraft.PlayingAudioConditionHandler: onPlaybackConfigChanged : lastStartedPackageName=com.zhiliaoapp.musically, lastStartedUid=10350, newStartedUid=10350, newStartPackageName=com.zhiliaoapp.musically, thread=Thread[RoutineHandlerThread,5,main]
03-02 00:56:59.525 10943 17616 I SAContentProvider:  getType() : screen on is true
03-02 00:56:59.526  3202 17034 I HoneySpace.RecentTasks: onRecentTasksChanged
03-02 00:56:59.528 14885 15423 D SurfaceView: 6876039 updateSurfacePosition RenderWorker, frameNr = 1, position = [4320, -2080, 5400, -160] surfaceSize = 1080x1920
03-02 00:56:59.528 14885 15423 I SV[6876039 SplashActivity]: uSP: rtp = Rect(4320, -2080 - 5400, -160) rtsw = 1080 rtsh = 1920
03-02 00:56:59.528 14885 15423 I SV[6876039 SplashActivity]: onSSPAndSRT: pl = 4320 pt = -2080 sx = 1.0 sy = 1.0
03-02 00:56:59.528 14885 15423 I SV[6876039 SplashActivity]: aOrMT: VRI[SplashActivity]@35f4eb8 t = android.view.SurfaceControl$Transaction@22c692d fN = 1 android.view.SurfaceView.-$$Nest$mapplyOrMergeTransaction:0 android.view.SurfaceView$SurfaceViewPositionUpdateListener.positionChanged:1932 android.graphics.RenderNode$CompositePositionUpdateListener.positionChanged:401
03-02 00:56:59.528 14885 15423 I VRI[SplashActivity]@35f4eb8: mWNT: t=0x6fe03f2480 mBlastBufferQueue=0x769b545000 fn= 1 HdrRenderState mRenderHdrSdrRatio=1.0 caller= android.view.SurfaceView.applyOrMergeTransaction:1863 android.view.SurfaceView.-$$Nest$mapplyOrMergeTransaction:0 android.view.SurfaceView$SurfaceViewPositionUpdateListener.positionChanged:1932
03-02 00:56:59.528 14885 15423 D SurfaceView: 7374587 updateSurfacePosition RenderWorker, frameNr = 1, position = [0, 80, 1080, 2000] surfaceSize = 1080x1920
03-02 00:56:59.528 14885 15423 I SV[7374587 SplashActivity]: uSP: rtp = Rect(0, 80 - 1080, 2000) rtsw = 1080 rtsh = 1920
03-02 00:56:59.528 14885 15423 I SV[7374587 SplashActivity]: onSSPAndSRT: pl = 0 pt = 80 sx = 1.0 sy = 1.0
03-02 00:56:59.528 14885 15423 I SV[7374587 SplashActivity]: aOrMT: VRI[SplashActivity]@35f4eb8 t = android.view.SurfaceControl$Transaction@ac2ae62 fN = 1 android.view.SurfaceView.-$$Nest$mapplyOrMergeTransaction:0 android.view.SurfaceView$SurfaceViewPositionUpdateListener.positionChanged:1932 android.graphics.RenderNode$CompositePositionUpdateListener.positionChanged:401
03-02 00:56:59.528 14885 15423 I VRI[SplashActivity]@35f4eb8: mWNT: t=0x6fe0601300 mBlastBufferQueue=0x769b545000 fn= 1 HdrRenderState mRenderHdrSdrRatio=1.0 caller= android.view.SurfaceView.applyOrMergeTransaction:1863 android.view.SurfaceView.-$$Nest$mapplyOrMergeTransaction:0 android.view.SurfaceView$SurfaceViewPositionUpdateListener.positionChanged:1932
03-02 00:56:59.528 14885 15423 D SurfaceView: 137774491 updateSurfacePosition RenderWorker, frameNr = 1, position = [4320, 2239, 5400, 4157] surfaceSize = 1080x1917
03-02 00:56:59.528 14885 15423 I SV[137774491 SplashActivity]: uSP: rtp = Rect(4320, 2239 - 5400, 4157) rtsw = 1080 rtsh = 1917
03-02 00:56:59.528 14885 15423 I SV[137774491 SplashActivity]: onSSPAndSRT: pl = 4320 pt = 2239 sx = 1.0 sy = 1.0005217
03-02 00:56:59.528 14885 15423 I SV[137774491 SplashActivity]: aOrMT: VRI[SplashActivity]@35f4eb8 t = android.view.SurfaceControl$Transaction@7d24bf3 fN = 1 android.view.SurfaceView.-$$Nest$mapplyOrMergeTransaction:0 android.view.SurfaceView$SurfaceViewPositionUpdateListener.positionChanged:1932 android.graphics.RenderNode$CompositePositionUpdateListener.positionChanged:401
03-02 00:56:59.528 14885 15423 I VRI[SplashActivity]@35f4eb8: mWNT: t=0x6fe0603b80 mBlastBufferQueue=0x769b545000 fn= 1 HdrRenderState mRenderHdrSdrRatio=1.0 caller= android.view.SurfaceView.applyOrMergeTransaction:1863 android.view.SurfaceView.-$$Nest$mapplyOrMergeTransaction:0 android.view.SurfaceView$SurfaceViewPositionUpdateListener.positionChanged:1932
03-02 00:56:59.529 14885 15780 D VRI[SplashActivity]@35f4eb8: Received frameDrawingCallback syncResult=0 frameNum=1.
03-02 00:56:59.529 14885 15780 I VRI[SplashActivity]@35f4eb8: mWNT: t=0x6fe067c480 mBlastBufferQueue=0x769b545000 fn= 1 HdrRenderState mRenderHdrSdrRatio=1.0 caller= android.view.ViewRootImpl$12.onFrameDraw:15441 android.view.ThreadedRenderer$1.onFrameDraw:718 <bottom of call stack>
03-02 00:56:59.529 14885 15780 I VRI[SplashActivity]@35f4eb8: Setting up sync and frameCommitCallback
03-02 00:56:59.530  2991  3002 I LocationAccessPolicy: checkLocationPermission - callingUid: 10492, callingPid: 14636, result: DENIED_SOFT
03-02 00:56:59.531  2013  4843 W system_server: Large reply transaction of 322012 bytes, interface descriptor android.app.IActivityTaskManager, code 26
03-02 00:56:59.533 17798 17825 I Finsky  : [4021] Finished reading experiment flags from file [iiRy0Z2IWwbcnVphbQ7B3sDcCPLSDNhVoDJcbXs_yZY] numFlags=2056.
03-02 00:56:59.534 14885 16837 D AidlBufferPool: bufferpool2 0x6f1b410c68 : 9(47158272 size) total buffers - 8(41918464 size) used buffers - 205/214 (recycle/alloc) - 27/207 (fetch/transfer)
03-02 00:56:59.536  1696  1756 I VPUD    : == vdec_codec_msg_handler() == msg_id = 0xA001, codec_id = 1
03-02 00:56:59.536  1696  1756 E VPUD    : [info] H265_fillGeneralBuf: bIsHDR10plus 0 bIsCUVAHDR 0 u4MetaDataRawSize 0
03-02 00:56:59.538 14885 15423 I BLASTBufferQueue: [VRI[SplashActivity]@35f4eb8#19](f:0,a:0,s:0) onFrameAvailable the first frame is available
03-02 00:56:59.539 14885 15423 I BLASTBufferQueue: [VRI[SplashActivity]@35f4eb8#19](f:0,a:1,s:0) acquireNextBufferLocked size=1080x2340 mFrameNumber=1 applyTransaction=true mTimestamp=491098539193501(auto) mPendingTransactions.size=0 graphicBufferId=63930588201556 transform=0
03-02 00:56:59.539 14885 15423 I VRI[SplashActivity]@35f4eb8: Received frameCommittedCallback lastAttemptedDrawFrameNum=1 didProduceBuffer=true
03-02 00:56:59.539 14885 14885 D VRI[SplashActivity]@35f4eb8: reportDrawFinished seqId=0
03-02 00:56:59.541  1445 16854 I FmtStream: [0xb4000070f0ff3418] invalidate() IN: job (653575 394) (768, 1280, 24576, 12288, C12b, P1), sec0 Buffer 201: plane=2 bufVA={0x10a,0x10a,0x0} bufIOVA={0x0,0x0,0x0} bufSize={0xf0000,0x78000,0x0} proxy={0xb4000070f5158570,0x0,0x0}fence=-1
03-02 00:56:59.541  1445 16854 I FmtStream: [0xb4000070f0ff3418] invalidate() OUT: (720, 1280, 720, 368, C8s, P1), roi: (X:0, Y:0, RW:720, RH:1280), sec0 Buffer 201: plane=3 bufVA={0x6e,0x6e,0x6e} bufIOVA={0x0,0x0,0x0} bufSize={0xe1000,0x39800,0x39800} proxy={0xb4000070f0fccfc0,0x0,0x0}fence=-1
03-02 00:56:59.543  1507  1507 I SurfaceFlinger: RequestedLayer [68eb87 SurfaceView[com.zhiliaoapp.mu[...]weme.splash.SplashActivity]@0#155415] hidden!! flag  from(1) --> to(0)
03-02 00:56:59.543  1507  1507 I SurfaceFlinger: RequestedLayer [7086fb SurfaceView[com.zhiliaoapp.mu[...]weme.splash.SplashActivity]@0#155418] hidden!! flag  from(1) --> to(0)
03-02 00:56:59.543  1507  1507 I SurfaceFlinger: RequestedLayer [836459b SurfaceView[com.zhiliaoapp.m[...]weme.splash.SplashActivity]@0#155421] hidden!! flag  from(1) --> to(0)
03-02 00:56:59.543  1507  1507 I SurfaceFlinger: RequestedLayer [Bounds for - com.zhiliaoapp.musicall[...]aweme.splash.SplashActivity@4#155414] hidden!! flag  from(1) --> to(0)
03-02 00:56:59.543  1507  1507 I SurfaceFlinger: RequestedLayer [Background for 68eb87 SurfaceView[co[...]weme.splash.SplashActivity]@0#155417] hidden!! flag  from(1) --> to(0)
03-02 00:56:59.543  1507  1507 I SurfaceFlinger: RequestedLayer [Background for 7086fb SurfaceView[co[...]weme.splash.SplashActivity]@0#155420] hidden!! flag  from(1) --> to(0)
03-02 00:56:59.543  1507  1507 I SurfaceFlinger: RequestedLayer [Background for 836459b SurfaceView[c[...]weme.splash.SplashActivity]@0#155423] hidden!! flag  from(1) --> to(0)
03-02 00:56:59.543  1696  1756 I VPUD    : == vdec_codec_msg_handler() == msg_id = 0xA001, codec_id = 1
03-02 00:56:59.543  1507  1507 I SurfaceFlinger: [LayerHierarchy{RequestedLayerState{68eb87 SurfaceView[com.zhiliaoapp.musically/com.ss.android.ugc.aweme.splash.SplashActivity]@0#155415 parentId=155414 relativeParentId=155411 z=-2} 2 children}] RelativeParent to LayerHierarchy{RequestedLayerState{com.zhiliaoapp.musically/com.ss.android.ugc.aweme.splash.SplashActivity$_14885#155411 parentId=155210} 2 children}
03-02 00:56:59.543  1507  1507 I SurfaceFlinger: [LayerHierarchy{RequestedLayerState{Background for 68eb87 SurfaceView[com.zhiliaoapp.musically/com.ss.android.ugc.aweme.splash.SplashActivity]@0#155417 parentId=155415 relativeParentId=155411 z=-2147483648} no children}] RelativeParent to LayerHierarchy{RequestedLayerState{com.zhiliaoapp.musically/com.ss.android.ugc.aweme.splash.SplashActivity$_14885#155411 parentId=155210} 3 children}
03-02 00:56:59.543  1507  1507 I SurfaceFlinger: [LayerHierarchy{RequestedLayerState{7086fb SurfaceView[com.zhiliaoapp.musically/com.ss.android.ugc.aweme.splash.SplashActivity]@0#155418 parentId=155414 relativeParentId=155411 z=-2} 2 children}] RelativeParent to LayerHierarchy{RequestedLayerState{com.zhiliaoapp.musically/com.ss.android.ugc.aweme.splash.SplashActivity$_14885#155411 parentId=155210} 4 children}
03-02 00:56:59.543  1507  1507 I SurfaceFlinger: [LayerHierarchy{RequestedLayerState{Background for 7086fb SurfaceView[com.zhiliaoapp.musically/com.ss.android.ugc.aweme.splash.SplashActivity]@0#155420 parentId=155418 relativeParentId=155411 z=-2147483648} no children}] RelativeParent to LayerHierarchy{RequestedLayerState{com.zhiliaoapp.musically/com.ss.android.ugc.aweme.splash.SplashActivity$_14885#155411 parentId=155210} 5 children}
03-02 00:56:59.543  1507  1507 I SurfaceFlinger: [LayerHierarchy{RequestedLayerState{836459b SurfaceView[com.zhiliaoapp.musically/com.ss.android.ugc.aweme.splash.SplashActivity]@0#155421 parentId=155414 relativeParentId=155411 z=-2} 2 children}] RelativeParent to LayerHierarchy{RequestedLayerState{com.zhiliaoapp.musically/com.ss.android.ugc.aweme.splash.SplashActivity$_14885#155411 parentId=155210} 6 children}
03-02 00:56:59.543  1507  1507 I SurfaceFlinger: [LayerHierarchy{RequestedLayerState{Background for 836459b SurfaceView[com.zhiliaoapp.musically/com.ss.android.ugc.aweme.splash.SplashActivity]@0#155423 parentId=155421 relativeParentId=155411 z=-2147483648} no children}] RelativeParent to LayerHierarchy{RequestedLayerState{com.zhiliaoapp.musically/com.ss.android.ugc.aweme.splash.SplashActivity$_14885#155411 parentId=155210} 7 children}
03-02 00:56:59.544  1696  1756 E VPUD    : [info] H265_fillGeneralBuf: bIsHDR10plus 0 bIsCUVAHDR 0 u4MetaDataRawSize 0
03-02 00:56:59.545 17798 17825 I Finsky  : [4021] Finished reading experiment flags from file [yPEM_hMM-bbsLRA4PxmESQDWTLSzlimTiw5jMY-JUV0] numFlags=2056.
03-02 00:56:59.546  2013  4845 D PackageManager: setEnabledSetting : userId = 0 packageName = com.android.vending cmp = com.google.android.finsky.systemcomponentupdateui.common.SystemComponentUpdateActivity newState = 0 callingPackage = com.android.vending
03-02 00:56:59.547  2013  4845 D ApplicationPolicy: getApplicationStateEnabled : pkg = com.android.vending userId : 0
03-02 00:56:59.547  1445 16854 I FmtStream: [0xb4000070f0ff3418] invalidate() IN: job (653576 166) (768, 1280, 24576, 12288, C12b, P1), sec0 Buffer 202: plane=2 bufVA={0x168,0x168,0x0} bufIOVA={0x0,0x0,0x0} bufSize={0xf0000,0x78000,0x0} proxy={0xb4000070f5159b30,0x0,0x0}fence=-1
03-02 00:56:59.547  1445 16854 I FmtStream: [0xb4000070f0ff3418] invalidate() OUT: (720, 1280, 720, 368, C8s, P1), roi: (X:0, Y:0, RW:720, RH:1280), sec0 Buffer 202: plane=3 bufVA={0x157,0x157,0x157} bufIOVA={0x0,0x0,0x0} bufSize={0xe1000,0x39800,0x39800} proxy={0xb4000070f5159380,0x0,0x0}fence=-1
03-02 00:56:59.548 14885 14885 I InsetsSourceConsumer: applyRequestedVisibilityToControl: visible=true, type=navigationBars, host=com.zhiliaoapp.musically/com.ss.android.ugc.aweme.splash.SplashActivity
03-02 00:56:59.548  1696  1756 I VPUD    : == vdec_codec_msg_handler() == msg_id = 0xA001, codec_id = 1
03-02 00:56:59.549  2013  4845 D ApplicationPolicy: getApplicationComponentState : pkg = com.android.vending userId : 0
03-02 00:56:59.549 14885 14885 I InsetsSourceConsumer: applyRequestedVisibilityToControl: visible=true, type=statusBars, host=com.zhiliaoapp.musically/com.ss.android.ugc.aweme.splash.SplashActivity
03-02 00:56:59.549  1696  1756 E VPUD    : [info] H265_fillGeneralBuf: bIsHDR10plus 0 bIsCUVAHDR 0 u4MetaDataRawSize 0
03-02 00:56:59.550  2013  4829 D PackageManager: setEnabledSetting : userId = 0 packageName = com.android.vending cmp = com.google.android.finsky.activities.DebugActivity newState = 2 callingPackage = com.android.vending
03-02 00:56:59.553  2013  2731 W ParceledListSlice: Element #30 is 21544 bytes.
03-02 00:56:59.555 17798 17825 I Finsky  : [4021] RECEIVER_SINGLE_USER_SETTINGS#logWorkEndAndFinishGoAsync: SUCCESS
03-02 00:56:59.556 17798 17837 I Finsky  : [4031] SysCUA: Set {com.android.vending/com.google.android.finsky.systemcomponentupdateui.common.SystemComponentUpdateActivity} enabled state to 0
03-02 00:56:59.557  1696  1756 I VPUD    : == vdec_codec_msg_handler() == msg_id = 0xA001, codec_id = 1
03-02 00:56:59.557  1696  1756 E VPUD    : [info] H265_fillGeneralBuf: bIsHDR10plus 0 bIsCUVAHDR 0 u4MetaDataRawSize 0
03-02 00:56:59.559  1484  1921 D DlbDlbEffect: handle_EFFECT_CMD_SET_DEVICE(device=0x00000002)
03-02 00:56:59.559  1484  1921 D DlbEffectContext: setDevice(00000002)
03-02 00:56:59.559  1484  1921 D DlbEndpointParamCache: setDevice(device=0x00000002)
03-02 00:56:59.559  1484  1921 D DlbDlbEffect: handle_EFFECT_CMD_SET_DEVICE(device=0x00000002)
03-02 00:56:59.559  1484  1921 D DlbSpatializerEffectContext: setDevice(00000002)
03-02 00:56:59.559  1484  1921 D DlbEndpointParamCache: setDevice(device=0x00000002)
03-02 00:56:59.559  1484  1921 D DlbDlbEffect: handle_EFFECT_CMD_SET_DEVICE(device=0x00000002)
03-02 00:56:59.559  1484  1921 D DlbEffectContext: setDevice(00000002)
03-02 00:56:59.559  1484  1921 D DlbEndpointParamCache: setDevice(device=0x00000002)
03-02 00:56:59.559  1484  1921 I AudioEffectExtendAction: setDevice_l empty address, empty name
03-02 00:56:59.559  1484  1921 V VolumeMonitor_Energy_Effect: VM_setDevice() sessionId:-2101, device:0x0x2, isBtTypeHeadset:0
03-02 00:56:59.559  1446  1498 I SensorsHub: LightSensor: lux = 8, time = 767635946340638
03-02 00:56:59.560  1439 32089 D MTKAdapterStreamLayer: updateMetadataCommon(),
03-02 00:56:59.560 17798 17826 I Finsky  : [4022] Enqueuing libraries load for -103310171
03-02 00:56:59.560  1484  1921 D DeviceHalAidl: [default] createAudioPatch: sources: 1 sinks 1
03-02 00:56:59.560  1484  1921 D Hal2AidlMapper: [default] createOrUpdatePatch: patch ID: 579, [disregard IDs] sources: [AudioPortConfig{id: 5, portId: 0, sampleRate: Int{value: 48000}, channelMask: AudioChannelLayout{layoutMask: 3}, format: AudioFormatDescription{type: PCM, pcm: INT_16_BIT, encoding: }, gain: (null), flags: AudioIoFlags{output: 8}, ext: AudioPortExt{mix: AudioPortMixExt{handle: 21, usecase: AudioPortMixExtUseCase{stream: SYS_RESERVED_DEFAULT}, maxOpenStreamCount: 0, maxActiveStreamCount: 0, recommendedMuteDurationMs: 0}}}], sinks: [AudioPortConfig{id: 3, portId: 0, sampleRate: (null), channelMask: (null), format: (null), gain: (null), flags: (null), ext: AudioPortExt{device: AudioPortDeviceExt{device: AudioDevice{type: AudioDeviceDescription{type: OUT_SPEAKER, connection: }, address: AudioDeviceAddress{id: }}, flags: 0, encodedFormats: [], encapsulationModes: 0, encapsulationMetadataTypes: 0, speakerLayout: (null)}}}]
03-02 00:56:59.560  1484  1921 I Hal2AidlMapper: findOrCreatePortConfig
03-02 00:56:59.560  1484  1921 D Hal2AidlMapper: [default] findOrCreatePortConfig: device port config does not have audio or gain config specified
03-02 00:56:59.560  1484  1921 I Hal2AidlMapper: findOrCreatePortConfig
03-02 00:56:59.560  1484  1921 I Hal2AidlMapper: findOrCreateMixPortConfig, ioHandle:21
03-02 00:56:59.560  1439 32089 D AHAL_Module: setAudioPatch: default: requested patch AudioPatch{id: 579, sourcePortConfigIds: [30], sinkPortConfigIds: [1025], minimumStreamBufferSizeFrames: 2048, latenciesMs: [85]}
03-02 00:56:59.561  1439 32089 D AudioALSAStreamManager: reduce hal buffer size 28672 -> 8192
03-02 00:56:59.561  1439 32089 D AudioALSAStreamManager: calculateOutLatencyAndFrames(), flags 0x8, latency 85, frame count 2048
03-02 00:56:59.561  1439 32089 D MTKAdapterLayer: setAudioPatch(), patch.mLatency: 85 patch.mFrameCount: 2048
03-02 00:56:59.561  1439 32089 D AudioALSAHardware: +createAudioPatch() num_sources [1] , num_sinks [1], handle [0x0], current mAudioHalPatchVector size 4
03-02 00:56:59.561  1439 32089 D AudioALSAStreamManager: +setParameters(), IOport = 21, keyValuePairs = routing=2
03-02 00:56:59.561  1439 32089 D AudioALSAStreamManager: setParameters(), Send to mStreamOutVector[1], flag 8
03-02 00:56:59.561  1439 32089 D AudioALSAStreamOut: value_str = 2 devices count = 1
03-02 00:56:59.561 17798 17839 I Finsky  : [4033] Starting libraries load for -103310171
03-02 00:56:59.561  1439 32089 D AudioALSAStreamOut: updatePolicyDevice(), flag: 0x8, device: 0x2
03-02 00:56:59.561  1439 32089 D AudioALSAStreamManager: getMode(), mAudioMode = 0
03-02 00:56:59.561  1439 32089 W AudioALSAStreamManager: routingOutputDevice(), flag: 0x8, output_devices == current_output_devices(0x2), return
03-02 00:56:59.561  1439 32089 D AudioIEMsController: routing(+), cur out 0x0 in 0x0, hs 0, bt 0, usb 0, device 0x2, mask 0x1, on 0
03-02 00:56:59.561  1439 32089 D AudioIEMsController: routing(-), cur out 0x0 in 0x0
03-02 00:56:59.561  1439 32089 D AudioALSAHardware: -createAudioPatch() num_sources [1] , num_sinks [1], handle [0x36b5]
03-02 00:56:59.561  1439 32089 D AHAL_Module: setAudioPatch: default: updated patch AudioPatch{id: 579, sourcePortConfigIds: [30], sinkPortConfigIds: [1025], minimumStreamBufferSizeFrames: 2048, latenciesMs: [85]}
03-02 00:56:59.561  1484  1921 D AudioFlinger: setCurDevice() 0x2
03-02 00:56:59.562  1439 16890 D AHAL_Stream: getRecommendedLatencyModes
03-02 00:56:59.562  1439 16890 D MTKAdapterStreamLayer: updateMetadataCommon(),
03-02 00:56:59.565  1484 10083 V APM_AudioPolicyManager: setOutputDevices() AF::createAudioPatch returned 0 patchHandle 111500 num_sources 1 num_sinks 1
03-02 00:56:59.568  1484 10083 V APM_AudioPolicyManager: checkAndSetVolume: output 21, stream 10, index 6, devices 0x2, volume 0.053088, delayMs 0, muted false
03-02 00:56:59.572  1696  1756 I VPUD    : == vdec_codec_msg_handler() == msg_id = 0xA001, codec_id = 1
03-02 00:56:59.572  1696  1756 E VPUD    : [info] H265_fillGeneralBuf: bIsHDR10plus 0 bIsCUVAHDR 0 u4MetaDataRawSize 0
03-02 00:56:59.573  1484 10083 V APM_AudioPolicyManager: checkAndSetVolume: output 21, stream 9, index 6, devices 0x2, volume 0.177828, delayMs 0, muted false
03-02 00:56:59.574 14252 14252 I BadgeCountReceiver: onReceive: Intent { act=android.intent.action.BADGE_COUNT_UPDATE flg=0x1000010 xflg=0x4 cmp=com.sec.android.provider.badge/.BadgeCountReceiver (has extras) }
03-02 00:56:59.576  1484 10083 V APM_AudioPolicyManager: checkAndSetVolume: output 21, stream 8, index 8, devices 0x2, volume 0.089125, delayMs 0, muted false
03-02 00:56:59.578  1628  1637 E thermal_core: find_tz_idx_by_name:"Failed to find thermal zone index of ap_ntc\n"
03-02 00:56:59.578  1628  1637 E thermal_core: find_tz_idx_by_name:"Failed to find thermal zone index of mtk-master-charger\n"
03-02 00:56:59.578 14885 16208 W System.err: FlagsHookHelper: skip hook flags method getInstanceHook
03-02 00:56:59.578 17798 17823 I Finsky  : [4019] cubesStatesValueStore = [2, 2, 2, 2, 2, 2, 2]
03-02 00:56:59.579  1484 10083 V APM_AudioPolicyManager: checkAndSetVolume: output 21, stream 5, index 9, devices 0x2, volume 0.141254, delayMs 0, muted false
03-02 00:56:59.579  1484 10083 V APM_AudioPolicyManager: checkAndSetVolume: output 21, stream 4, index 11, devices 0x2, volume 0.223872, delayMs 0, muted false
03-02 00:56:59.579  1484 10083 V APM_AudioPolicyManager: checkAndSetVolume: output 21, stream 3, index 6, devices 0x2, volume 0.057920, delayMs 0, muted false
03-02 00:56:59.579  1484 10083 V APM_AudioPolicyManager: checkAndSetVolume: output 21, stream 2, index 8, devices 0x2, volume 0.112202, delayMs 0, muted false
03-02 00:56:59.579  1484 10083 V APM_AudioPolicyManager: checkAndSetVolume: output 21, stream 1, index 7, devices 0x2, volume 0.125893, delayMs 0, muted false
03-02 00:56:59.580  1445 16855 D C2MtkVdec: [0xB4000070F6934400] updateRuntimeInfo: isTextureView 1, mConsumerUsage 259, hasPostproc 1, width 768, height 1280, opRate 0.000000
03-02 00:56:59.580  1445 16855 D C2MtkComponentStore: onRuntimeInfoUpdated[0xB4000070F5042820]: runtime info updated.
03-02 00:56:59.580  1445 16855 D C2MtkComponentStore: onRuntimeInfoUpdated[0xB4000070F5042820]: valid, cUid 10350, cPid 14885, psDisabled 0, isCpuDemanding 1, cluster , minFreq
03-02 00:56:59.580  1445 16855 D C2MtkComponentStore: onRuntimeInfoUpdated[0xB4000070F6922020]: invalid, cUid 0, cPid 0, psDisabled 0, isCpuDemanding 0, cluster , minFreq
03-02 00:56:59.580  1445 16855 D C2MtkComponentStore: onRuntimeInfoUpdated[0xB4000070F692D820]: valid, cUid 1013, cPid 1661, psDisabled 0, isCpuDemanding 1, cluster , minFreq
03-02 00:56:59.580  1445 16855 D C2MtkComponentStore: onRuntimeInfoUpdated[0xB4000070F5042820]: normal mode. isHeavyLoading 1, numOfValInst 2, psDisable 0
03-02 00:56:59.580  1484 10083 V APM_AudioPolicyManager: checkAndSetVolume: output 21, stream 0, index 8, devices 0x2, volume 1.000000, delayMs 0, muted false
03-02 00:56:59.581  1507  2128 I SurfaceFlinger: id=155424 createSurf, flag=84004, Transition Root: Task=44543#155424
03-02 00:56:59.581  1484 10083 V APM_AudioPolicyManager: checkAndSetVolume: output 21, stream 11, index 15, devices 0x2, volume 1.000000, delayMs 0, muted false
03-02 00:56:59.581  1484 10083 V APM_AudioPolicyManager: checkAndSetVolume: output 21, stream 3, index 6, devices 0x2, volume 0.057920, delayMs 0, muted false
03-02 00:56:59.582  1445  2902 W C2MtkBufferManager: [0xB4000070F507E520] fetchNewCcBlock: wait fence 0x0xb4000070f5058270 timed out. ret 110
03-02 00:56:59.583  1484  2000 D NativePermissionController: checkPermission: missing 13 for 10350
03-02 00:56:59.583  1484 23599 D NativePermissionController: checkPermission: missing 13 for 10351
03-02 00:56:59.583  1484  1484 D NativePermissionController: checkPermission: missing 13 for 10248
03-02 00:56:59.583  1484 15560 D NativePermissionController: checkPermission: missing 13 for 10492
03-02 00:56:59.583  1484 10083 I AudioFlinger: updateStageIndex new -2102
03-02 00:56:59.583  1484  1567 D NativePermissionController: checkPermission: missing 13 for 10476
03-02 00:56:59.583  1484  9961 D NativePermissionController: checkPermission: missing 13 for 10130
03-02 00:56:59.584  2991  3778 D SatelliteController: isInCarrierRoamingNbIotNtn: satellite is disabled
03-02 00:56:59.585  1484  9269 D NativePermissionController: checkPermission: missing 13 for 10350
03-02 00:56:59.585 14885 16246 D AudioTrack: setVolume(1.000000, 1.000000) pid : 14885
03-02 00:56:59.586  1484 10083 D NativePermissionController: checkPermission: missing 13 for 10351
03-02 00:56:59.587  1507  1507 I SurfaceFlinger: [Transition Root: Task=44543#155424] attach to parent LayerHierarchy{RequestedLayerState{DefaultTaskDisplayArea_d0#10 parentId=9} 46 children}
03-02 00:56:59.587 14252 14273 I BadgeCountReceiver: UpdateTask START: PendingResult hashCode: 251573132
03-02 00:56:59.587 14252 14273 I BadgeCountReceiver: packageName: com.zhiliaoapp.musically, className: com.ss.android.ugc.aweme.splash.SplashActivity, count: 0
03-02 00:56:59.590  3438  3438 I EPDG -- SIM0 [SMARTCELLULAR]: onSignalStrengthsChanged: SignalStrength:{mCdma=Invalid,mGsm=Invalid,mWcdma=Invalid,mTdscdma=Invalid,mLte=CellSignalStrengthLte: rssi=-109 rsrp=-108 rsrq=-9 rssnr=5 cqiTableIndex=2147483647 cqi=2147483647 ta=2147483647 level=3 parametersUseForLevel=0,mNr=Invalid,SignalBarInfo{ lteLevel=2 },rat=14,primary=CellSignalStrengthLte}
03-02 00:56:59.590  3438  4395 I EPDG -- SIM0 [SMARTCELLULAR]: lastLteRSRP is -109 currentLteRSRP is -108 lastLteRSRQ is -10 currentLteRSRQ is -9 lastLteSNR is 5 currentLteSNR is 5
03-02 00:56:59.591  1484  1921 I SoundAlive_SRC384 arch64: ~SoundAlive_SRC384(): instance 6707
03-02 00:56:59.591  1484  1921 D DlbEffectContext: setParam() received parameter EFFECT_PARAM_SEEK
03-02 00:56:59.591  1484  1921 D DlbEffectContext: handleSeek(seek operation ends, restore profile to 2)
03-02 00:56:59.591  1484  1921 D DlbEffectContext: applySpecificParams() Reset some user specific parameters
03-02 00:56:59.591  1484  1921 D DlbProfileParamCache: resetParam(param=dvla)
03-02 00:56:59.591  1484  1921 D DlbProfileParamArray: getProfileParams(profile = 2)
03-02 00:56:59.591  1484  1921 D DlbProfileParamCache: resetParam() resend the parameter value got from xml.
03-02 00:56:59.591  1484  1921 D DlbProfileParamCache: resetParam() resend the parameter value got from xml.
03-02 00:56:59.591  1484  1921 D DlbProfileParamCache: resetParam() resend the parameter value got from xml.
03-02 00:56:59.591  1484  1921 D DlbProfileParamCache: resetParam() resend the parameter value got from xml.
03-02 00:56:59.591  1484  1921 D DlbProfileParamCache: resetParam() resend the parameter value got from xml.
03-02 00:56:59.591  1484  1921 D DlbProfileParamCache: resetParam() resend the parameter value got from xml.
03-02 00:56:59.591  1484  1921 D DlbProfileParamCache: resetParam() resend the parameter value got from xml.
03-02 00:56:59.591  1484  1921 D DlbEndpointParamCache: commitChangedParams()
03-02 00:56:59.591  1484  1921 D DlbEndpointParamCache: commit() Applying parameters for device 0x40000000
03-02 00:56:59.591  1484  1921 D DlbEndpointParamCache: doCommit() Committed 0 parameters out of 15.
03-02 00:56:59.591  1484  1921 D DlbEndpointParamCache: commit() Overriding parameters for current device 0x00000002
03-02 00:56:59.591  1484  1921 D DlbDap2Process: setParam(dvla = #1[0])
03-02 00:56:59.591  1484  1921 D DlbEndpointParamCache: doCommit() Committed 1 parameters out of 60.
03-02 00:56:59.591  1484  1921 D DlbProfileParamCache: resetParam(param=dvli)
03-02 00:56:59.591  1484  1921 D DlbProfileParamArray: getProfileParams(profile = 2)
03-02 00:56:59.591  1484  1921 D DlbProfileParamCache: resetParam() resend the parameter value got from xml.
03-02 00:56:59.591  1484  1921 D DlbProfileParamCache: resetParam() resend the parameter value got from xml.
03-02 00:56:59.591  1484  1921 D DlbProfileParamCache: resetParam() resend the parameter value got from xml.
03-02 00:56:59.591  1484  1921 D DlbProfileParamCache: resetParam() resend the parameter value got from xml.
03-02 00:56:59.591  1484  1921 D DlbProfileParamCache: resetParam() resend the parameter value got from xml.
03-02 00:56:59.591  1484  1921 D DlbProfileParamCache: resetParam() resend the parameter value got from xml.
03-02 00:56:59.591  1484  1921 D DlbProfileParamCache: resetParam() resend the parameter value got from xml.
03-02 00:56:59.591  1484  1921 D DlbEndpointParamCache: commitChangedParams()
03-02 00:56:59.591  1484  1921 D DlbEndpointParamCache: commit() Applying parameters for device 0x40000000
03-02 00:56:59.591  1484  1921 D DlbEndpointParamCache: doCommit() Committed 0 parameters out of 15.
03-02 00:56:59.591  1484  1921 D DlbEndpointParamCache: commit() Overriding parameters for current device 0x00000002
03-02 00:56:59.592  1484  1921 D DlbDap2Process: setParam(dvli = #1[-256])
03-02 00:56:59.592  1484  1921 D DlbEndpointParamCache: doCommit() Committed 1 parameters out of 60.
03-02 00:56:59.592  1484  1921 D DlbProfileParamCache: resetParam(param=dvlo)
03-02 00:56:59.592  1484  1921 D DlbProfileParamArray: getProfileParams(profile = 2)
03-02 00:56:59.592  1484  1921 D DlbProfileParamCache: resetParam() resend the parameter value got from xml.
03-02 00:56:59.592  1484  1921 D DlbProfileParamCache: resetParam() resend the parameter value got from xml.
03-02 00:56:59.592  1484  1921 D DlbProfileParamCache: resetParam() resend the parameter value got from xml.
03-02 00:56:59.592  1484  1921 D DlbProfileParamCache: resetParam() resend the parameter value got from xml.
03-02 00:56:59.592  1484  1921 D DlbProfileParamCache: resetParam() resend the parameter value got from xml.
03-02 00:56:59.592  1484  1921 D DlbProfileParamCache: resetParam() resend the parameter value got from xml.
03-02 00:56:59.592  1484  1921 D DlbProfileParamCache: resetParam() resend the parameter value got from xml.
03-02 00:56:59.592  1484  1921 D DlbEndpointParamCache: commitChangedParams()
03-02 00:56:59.592  1484  1921 D DlbEndpointParamCache: commit() Applying parameters for device 0x40000000
03-02 00:56:59.592  1484  1921 D DlbEndpointParamCache: doCommit() Committed 0 parameters out of 15.
03-02 00:56:59.592  1484  1921 D DlbEndpointParamCache: commit() Overriding parameters for current device 0x00000002
03-02 00:56:59.592  1484  1921 D DlbDap2Process: setParam(dvlo = #1[-224])
03-02 00:56:59.592  1484  1921 D DlbEndpointParamCache: doCommit() Committed 1 parameters out of 60.
03-02 00:56:59.592  1484  1921 D DlbProfileParamCache: resetParam(param=vmb)
03-02 00:56:59.592  1484  1921 D DlbProfileParamArray: getProfileParams(profile = 2)
03-02 00:56:59.592  1484  1921 D DlbProfileParamCache: resetParam() resend the parameter value got from xml.
03-02 00:56:59.592  1484  2000 D NativePermissionController: checkPermission: missing 13 for 10492
03-02 00:56:59.592  1484  1921 D DlbProfileParamCache: resetParam() resend the parameter value got from xml.
03-02 00:56:59.592  1484  1921 D DlbProfileParamCache: resetParam() resend the parameter value got from xml.
03-02 00:56:59.592  1484  1921 D DlbProfileParamCache: resetParam() resend the parameter value got from xml.
03-02 00:56:59.592  1484  1921 D DlbProfileParamCache: resetParam() resend the parameter value got from xml.
03-02 00:56:59.592  1484  1921 D DlbProfileParamCache: resetParam() resend the parameter value got from xml.
03-02 00:56:59.592  1484  1921 D DlbProfileParamCache: resetParam() resend the parameter value got from xml.
03-02 00:56:59.592  1484  1921 D DlbEndpointParamCache: commitChangedParams()
03-02 00:56:59.592  1484  1921 D DlbEndpointParamCache: commit() Applying parameters for device 0x40000000
03-02 00:56:59.592  1484  1921 D DlbEndpointParamCache: doCommit() Committed 0 parameters out of 15.
03-02 00:56:59.592  1484  1921 D DlbEndpointParamCache: commit() Overriding parameters for current device 0x00000002
03-02 00:56:59.592  1484  1921 D DlbDap2Process: setParam(vmb = #1[0])
03-02 00:56:59.592  1484  1921 D DlbEndpointParamCache: doCommit() Committed 1 parameters out of 60.
03-02 00:56:59.592  1484  1921 D DlbProfileParamCache: resetParam(param=dea)
03-02 00:56:59.592  1484  1921 D DlbProfileParamArray: getProfileParams(profile = 2)
03-02 00:56:59.592  1484  1921 D DlbProfileParamCache: resetParam() resend the parameter value got from xml.
03-02 00:56:59.592  1484  1921 D DlbProfileParamCache: resetParam() resend the parameter value got from xml.
03-02 00:56:59.592  1484  1921 D DlbProfileParamCache: resetParam() resend the parameter value got from xml.
03-02 00:56:59.592  1484  1921 D DlbProfileParamCache: resetParam() resend the parameter value got from xml.
03-02 00:56:59.592  1484  1921 D DlbProfileParamCache: resetParam() resend the parameter value got from xml.
03-02 00:56:59.592  1484  1566 D NativePermissionController: checkPermission: missing 13 for 10248
03-02 00:56:59.592  1484  1921 D DlbProfileParamCache: resetParam() resend the parameter value got from xml.
03-02 00:56:59.592  1484  1921 D DlbProfileParamCache: resetParam() resend the parameter value got from xml.
03-02 00:56:59.592  1484  1921 D DlbEndpointParamCache: commitChangedParams()
03-02 00:56:59.592  1484  1921 D DlbEndpointParamCache: commit() Applying parameters for device 0x40000000
03-02 00:56:59.592  1484  1921 D DlbEndpointParamCache: doCommit() Committed 0 parameters out of 15.
03-02 00:56:59.592  1484  1921 D DlbEndpointParamCache: commit() Overriding parameters for current device 0x00000002
03-02 00:56:59.592  1484  1921 D DlbDap2Process: setParam(dea = #1[0])
03-02 00:56:59.592  1484  1921 D DlbEndpointParamCache: doCommit() Committed 1 parameters out of 60.
03-02 00:56:59.592  1484  1921 D DlbProfileParamCache: resetParam(param=deon)
03-02 00:56:59.592  1484  1921 D DlbProfileParamArray: getProfileParams(profile = 2)
03-02 00:56:59.592  1484  1921 D DlbProfileParamCache: resetParam() resend the parameter value got from xml.
03-02 00:56:59.592  1484  1921 D DlbProfileParamCache: resetParam() resend the parameter value got from xml.
03-02 00:56:59.592  1484  1921 D DlbProfileParamCache: resetParam() resend the parameter value got from xml.
03-02 00:56:59.592  1484  1921 D DlbProfileParamCache: resetParam() resend the parameter value got from xml.
03-02 00:56:59.592  1484  1921 D DlbProfileParamCache: resetParam() resend the parameter value got from xml.
03-02 00:56:59.592  1484  1921 D DlbProfileParamCache: resetParam() resend the parameter value got from xml.
03-02 00:56:59.592  1484  1921 D DlbProfileParamCache: resetParam() resend the parameter value got from xml.
03-02 00:56:59.592  1484  1921 D DlbEndpointParamCache: commitChangedParams()
03-02 00:56:59.592  1484  1921 D DlbEndpointParamCache: commit() Applying parameters for device 0x40000000
03-02 00:56:59.592  1484  1921 D DlbEndpointParamCache: doCommit() Committed 0 parameters out of 15.
03-02 00:56:59.592  1484  1921 D DlbEndpointParamCache: commit() Overriding parameters for current device 0x00000002
03-02 00:56:59.592  1484  1921 D DlbDap2Process: setParam(deon = #1[0])
03-02 00:56:59.592  1484  1921 D DlbEndpointParamCache: doCommit() Committed 1 parameters out of 60.
03-02 00:56:59.592  1484  1921 D DlbProfileParamCache: resetParam(param=mdee)
03-02 00:56:59.592  1484  1921 D DlbProfileParamArray: getProfileParams(profile = 2)
03-02 00:56:59.592  1484  1921 D DlbProfileParamCache: resetParam() resend the parameter value got from xml.
03-02 00:56:59.592  1484  1921 D DlbEndpointParamCache: commitChangedParams()
03-02 00:56:59.592  1484  1921 D DlbEndpointParamCache: commit() Applying parameters for device 0x40000000
03-02 00:56:59.592  1484  1921 D DlbDap2Process: setParam(mdee = #1[0])
03-02 00:56:59.592  1484  1921 D DlbEndpointParamCache: doCommit() Committed 1 parameters out of 15.
03-02 00:56:59.592  1484  1921 D DlbEndpointParamCache: commit() Overriding parameters for current device 0x00000002
03-02 00:56:59.592  1484  1921 D DlbEndpointParamCache: doCommit() Committed 0 parameters out of 60.
03-02 00:56:59.592  1484  1921 D DlbEffectContext: transformExternalGain() volume:0xED3D8 fVol:0.057920 extVal:-395
03-02 00:56:59.592  1484  1921 D DlbEndpointParamCache: commitChangedParams()
03-02 00:56:59.592  1484  1921 D DlbEndpointParamCache: commit() Applying parameters for device 0x40000000
03-02 00:56:59.592  1484  1921 D DlbDap2Process: setParam(preg = #1[0])
03-02 00:56:59.592  1484  1921 D DlbDap2Process: setSystemGain(vol = 0)
03-02 00:56:59.593  1484  1921 D DlbDap2Process: setParam(svol = #1[-395])
03-02 00:56:59.593  1484  1921 D DlbEndpointParamCache: doCommit() Committed 2 parameters out of 15.
03-02 00:56:59.593  1484  1921 D DlbEndpointParamCache: commit() Overriding parameters for current device 0x00000002
03-02 00:56:59.593  1484  1921 D DlbEndpointParamCache: doCommit() Committed 0 parameters out of 60.
03-02 00:56:59.593  1484  1921 I SoundBoosterEffectPlus: SB_setVolume(0xb400007075106040)
03-02 00:56:59.593  1484  1921 I SoundBoosterEffectPlus: command EFFECT_CMD_SET_VOLUME left = 0.057920, right =0.057920
03-02 00:56:59.593  1484  1921 I SAG_EQ a64: SetVolumeFloat() inst_num [424238335] VolumeFloat [-24.741934] mModeFW [1] mMode [1]
03-02 00:56:59.593  1484  1921 I SAG_EQ a64: mIsVolumeTableValid yes
03-02 00:56:59.593  1484  1921 I SAG_EQ a64: SetVolume() VolumeIndexInt [6]
03-02 00:56:59.593  2991  3002 I LocationAccessPolicy: checkLocationPermission - callingUid: 10492, callingPid: 14636, result: DENIED_SOFT
03-02 00:56:59.593  1484 23599 D NativePermissionController: checkPermission: missing 13 for 10350
03-02 00:56:59.594  2991  3002 I LocationAccessPolicy: checkLocationPermission - callingUid: 10492, callingPid: 14636, result: DENIED_SOFT
03-02 00:56:59.591  2013  2068 I SurfaceControlRegistry: show, t=StartTransaction_SyncId<11230> sc=ActivityRecord{2751228 u0 com.zhiliaoapp.musically/com.ss.android.ugc.aweme.splash.SplashActivity t44543}, caller=android.view.SurfaceControl$Transaction.show:3557 com.android.server.wm.Transition.onTransactionReady:2048 com.android.server.wm.BLASTSyncEngine$SyncGroup.finishNow:240 com.android.server.wm.BLASTSyncEngine.onSurfacePlacement:263 com.android.server.wm.RootWindowContainer.performSurfacePlacementNoTrace:1083 com.android.server.wm.WindowSurfacePlacer.performSurfacePlacement:166
03-02 00:56:59.594 14252 14273 I BadgeProvider: sendNotify [uri]: content://com.sec.badge/apps, [notify]: null
03-02 00:56:59.594  1484 16929 D NativePermissionController: checkPermission: missing 13 for 10492
03-02 00:56:59.595  1484  1566 D NativePermissionController: checkPermission: missing 13 for 10492
03-02 00:56:59.596  1484 23599 D NativePermissionController: checkPermission: missing 13 for 10350
03-02 00:56:59.596 14252 14273 I BadgeProvider: update, [calling package]: com.sec.android.provider.badge, [uri]: content://com.sec.badge/apps, [uri.query]: null, [BadgeCount]: badgecount=0, [UpdateCount]: 1
03-02 00:56:59.596 14252 14273 I BadgeCountReceiver: UpdateTask END: PendingResult hashCode: 251573132
03-02 00:56:59.596  1484  9961 D NativePermissionController: checkPermission: missing 13 for 10248
03-02 00:56:59.597  1484 23599 D NativePermissionController: checkPermission: missing 13 for 10248
03-02 00:56:59.598  1439 16890 D MTKAdapterStreamLayer: updateMetadataCommon(),
03-02 00:56:59.598  1484 23599 D NativePermissionController: checkPermission: missing 13 for 10350
03-02 00:56:59.598  1484  1921 I SoundAlive_SRC384 arch64: SoundAlive_SRC384() ID = 6708 GID = 6709
03-02 00:56:59.599 14885 16239 W System.err: FlagsHookHelper: skip hook flags method getInstanceHook
03-02 00:56:59.599  1484  1921 I SoundAlive_SRC384 arch64: SoundAlive_SRC384: Instance 6708 Init(outFs 7, InFs 7, chnum 0, outBW 0, inBW 0)
03-02 00:56:59.599  1484  1921 I Samsung_SoundAlive_SRC arch64: SRC384 version Samsung SoundAlive SRC ver320 arch64  2021.08.04 (Cppref for ARM64, ver.300.c 32bit 07_10_2016 based)
03-02 00:56:59.599  1484  1921 D SoundAliveResampler: [SoundAliveResampler] Init+++
03-02 00:56:59.599  1484  1921 I SoundAlive_SRC384 arch64: SoundAlive_SRC384: Instance 6708 Init(outFs 8, InFs 7, chnum 2, outBW 3, inBW 3)
03-02 00:56:59.599  1484  1921 I Samsung_SoundAlive_SRC arch64: SRC384 version Samsung SoundAlive SRC ver320 arch64  2021.08.04 (Cppref for ARM64, ver.300.c 32bit 07_10_2016 based)
03-02 00:56:59.599  1484  1566 D NativePermissionController: checkPermission: missing 13 for 10476
03-02 00:56:59.599  1484 15560 D NativePermissionController: checkPermission: missing 13 for 10130
03-02 00:56:59.599  2013  2068 D ScreenCapture: [Capture_TEST] : setIsScreenShotBySystem false
03-02 00:56:59.599  2013  2068 I SurfaceComposerClient: captureLayers:childrenOnly:1, sync:1
03-02 00:56:59.600  1484 16929 D NativePermissionController: checkPermission: missing 13 for 10350
03-02 00:56:59.600  1484  1921 I SoundBooster_Interface2000_a64: [AE_LOG] Exe() mMode : 1,  n : 2048    VolumeIndexFloat : -24.741934 mSamplingRate : 48000
03-02 00:56:59.601  1484  1566 D NativePermissionController: checkPermission: missing 13 for 10130
03-02 00:56:59.601  1484  1921 I SoundAlive_Interface_a64: [ 0 ][ 48000 ]FlushBuffers()
03-02 00:56:59.602  1484  1921 I SoundAlive_Interface_a64: [dB = -24.741934 ]
03-02 00:56:59.602  1446  1498 I SensorsHub: LightSensor: lux = 7, time = 767635986348512
03-02 00:56:59.602  1484  1566 D NativePermissionController: checkPermission: missing 13 for 10350
03-02 00:56:59.603 14885 15878 W NaviWarn: StackPtr is not 8-byte aligned.
03-02 00:56:59.606  1484  1567 D NativePermissionController: checkPermission: missing 13 for 10476
03-02 00:56:59.607  2991  3002 I LocationAccessPolicy: checkLocationPermission - callingUid: 10492, callingPid: 14636, result: DENIED_SOFT
03-02 00:56:59.607  2991  3002 I LocationAccessPolicy: checkLocationPermission - callingUid: 10492, callingPid: 14636, result: DENIED_SOFT
03-02 00:56:59.607  1484 15560 D NativePermissionController: checkPermission: missing 13 for 10350
03-02 00:56:59.609  2746  2798 I SurfaceControlRegistry: hide, t=FinishTransaction_SyncId<11230> sc=Task=44845, caller=android.view.SurfaceControl$Transaction.hide:3583 com.android.wm.shell.transition.Transitions.dispatchReady:1263 com.android.wm.shell.transition.Transitions.onTransitionReady:251 com.android.wm.shell.transition.Transitions$TransitionPlayerImpl$$ExternalSyntheticLambda0.run:13 android.os.Handler.handleCallback:995 android.os.Handler.dispatchMessage:103
03-02 00:56:59.610  2746  2798 I SurfaceControlRegistry: show, t=StartTransaction_SyncId<11230> sc=Task=44543, caller=android.view.SurfaceControl$Transaction.show:3557 com.android.wm.shell.transition.Transitions.dispatchReady:1279 com.android.wm.shell.transition.Transitions.onTransitionReady:251 com.android.wm.shell.transition.Transitions$TransitionPlayerImpl$$ExternalSyntheticLambda0.run:13 android.os.Handler.handleCallback:995 android.os.Handler.dispatchMessage:103
