03-02 00:56:57.813 17532 17532 D VRI[InstrumentationActivityInvoker$EmptyActivity]@39e1f50: reportNextDraw android.view.ViewRootImpl.performTraversals:5443 android.view.ViewRootImpl.doTraversal:3924 android.view.ViewRootImpl$TraversalRunnable.run:12903 android.view.Choreographer$CallbackRecord.run:1901 android.view.Choreographer$CallbackRecord.run:1910
03-02 00:56:57.813 17532 17532 D VRI[InstrumentationActivityInvoker$EmptyActivity]@39e1f50: Setup new sync=wmsSync-VRI[InstrumentationActivityInvoker$EmptyActivity]@39e1f50#4
03-02 00:56:57.813 17532 17532 I VRI[InstrumentationActivityInvoker$EmptyActivity]@39e1f50: Creating new active sync group VRI[InstrumentationActivityInvoker$EmptyActivity]@39e1f50#5
03-02 00:56:57.814 17532 17532 D VRI[InstrumentationActivityInvoker$EmptyActivity]@39e1f50: registerCallbacksForSync syncBuffer=false
03-02 00:56:57.815 17532 17581 D VRI[InstrumentationActivityInvoker$EmptyActivity]@39e1f50: Received frameDrawingCallback syncResult=0 frameNum=1.
03-02 00:56:57.815 17532 17581 I VRI[InstrumentationActivityInvoker$EmptyActivity]@39e1f50: mWNT: t=0xb40000783aba3c00 mBlastBufferQueue=0xb400007876b9a000 fn= 1 HdrRenderState mRenderHdrSdrRatio=1.0 caller= android.view.ViewRootImpl$12.onFrameDraw:15441 android.view.ThreadedRenderer$1.onFrameDraw:718 <bottom of call stack>
03-02 00:56:57.815 17532 17581 I VRI[InstrumentationActivityInvoker$EmptyActivity]@39e1f50: Setting up sync and frameCommitCallback
03-02 00:56:57.818 17532 17563 I BLASTBufferQueue: [VRI[InstrumentationActivityInvoker$EmptyActivity]@39e1f50#2](f:0,a:0,s:0) onFrameAvailable the first frame is available
03-02 00:56:57.818 17532 17563 I BLASTBufferQueue: [VRI[InstrumentationActivityInvoker$EmptyActivity]@39e1f50#2](f:0,a:1,s:0) acquireNextBufferLocked size=1080x2340 mFrameNumber=1 applyTransaction=true mTimestamp=491096819040039(auto) mPendingTransactions.size=0 graphicBufferId=75299366633480 transform=0
03-02 00:56:57.818  1445  2902 W C2MtkBufferManager: [0xB4000070F507E520] fetchNewCcBlock: wait fence 0x0xb4000070f5058270 timed out. ret 110
03-02 00:56:57.819 17532 17563 I VRI[InstrumentationActivityInvoker$EmptyActivity]@39e1f50: Received frameCommittedCallback lastAttemptedDrawFrameNum=1 didProduceBuffer=true
03-02 00:56:57.820 17532 17563 D HWUI    : CFMS:: SetUp Pid : 17532    Tid : 17563
03-02 00:56:57.820 17532 17532 D VRI[InstrumentationActivityInvoker$EmptyActivity]@39e1f50: reportDrawFinished seqId=0
03-02 00:56:57.821  1507  1845 D SurfaceFlinger: [input] setFocusedWindow: 2b64332 com.podcast.app.debug.test/androidx.test.core.app.InstrumentationActivityInvoker$EmptyActivity
03-02 00:56:57.821  1507  1845 D SurfaceFlinger: updateWinowInfo=1, setFocusedWindow timestamp=491096805629578, windowName=2b64332 com.podcast.app.debug.test/androidx.test.core.app.InstrumentationActivityInvoker$EmptyActivity
03-02 00:56:57.821  2013  4843 D InputDispatcher: Once focus requested (0): 2b64332 com.podcast.app.debug.test/androidx.test.core.app.InstrumentationActivityInvoker$EmptyActivity
03-02 00:56:57.821  2013  4843 D InputDispatcher: Focus request (0): 2b64332 com.podcast.app.debug.test/androidx.test.core.app.InstrumentationActivityInvoker$EmptyActivity but waiting because NO_WINDOW
03-02 00:56:57.829  1445 16865 W C2MtkBufferManager: [0xB4000070F68A9420] fetchNewCcBlock: wait fence 0x0xb4000070f692fea0 timed out. ret 110
03-02 00:56:57.832  1507  2393 I SurfaceFlinger: id=155360 createSurf, flag=84004, Transition Root: Task=44843#155360
03-02 00:56:57.834  1507  1507 I SurfaceFlinger: [Transition Root: Task=44843#155360] attach to parent LayerHierarchy{RequestedLayerState{DefaultTaskDisplayArea_d0#10 parentId=9} 47 children}
03-02 00:56:57.834  2013  2068 I SurfaceControlRegistry: show, t=StartTransaction_SyncId<11226> sc=ActivityRecord{41425518 u0 com.podcast.app.debug.test/androidx.test.core.app.InstrumentationActivityInvoker$EmptyActivity t44843}, caller=android.view.SurfaceControl$Transaction.show:3557 com.android.server.wm.Transition.onTransactionReady:2048 com.android.server.wm.BLASTSyncEngine$SyncGroup.finishNow:240 com.android.server.wm.BLASTSyncEngine.onSurfacePlacement:263 com.android.server.wm.RootWindowContainer.performSurfacePlacementNoTrace:1083 com.android.server.wm.WindowSurfacePlacer.performSurfacePlacement:166
03-02 00:56:57.837  2013  2068 D ScreenCapture: [Capture_TEST] : setIsScreenShotBySystem false
03-02 00:56:57.837  2013  2068 I SurfaceComposerClient: captureLayers:childrenOnly:1, sync:1
03-02 00:56:57.844  2013  2575 D InetDiagMessage: Destroyed 0 sockets, proto=IPPROTO_TCP, family=AF_INET, states=14
03-02 00:56:57.846  2013  2575 D InetDiagMessage: Destroyed 0 sockets, proto=IPPROTO_TCP, family=AF_INET6, states=14
03-02 00:56:57.847  2013  2575 D InetDiagMessage: Destroyed live tcp sockets for uids={10248} in 12ms
03-02 00:56:57.849  2013  2575 D InetDiagMessage: Destroyed 0 sockets, proto=IPPROTO_TCP, family=AF_INET, states=14
03-02 00:56:57.851  2013  2575 D InetDiagMessage: Destroyed 0 sockets, proto=IPPROTO_TCP, family=AF_INET6, states=14
03-02 00:56:57.852  2013  2575 D InetDiagMessage: Destroyed live tcp sockets for uids={20248} in 4ms
03-02 00:56:57.853  1507  1563 I SurfaceFlinger: Capture layer list: 	 com.podcast.app.debug/androidx.activity.ComponentActivity$_17121#155343(seamlessTransition:0)
03-02 00:56:57.869  1445 16865 W C2MtkBufferManager: [0xB4000070F68A9420] fetchNewCcBlock: wait fence 0x0xb4000070f692fea0 timed out. ret 110
03-02 00:56:57.869  2746  2746 D SamsungLightBarControlHelper: updateStatusBar (BLACK icon) numStacks:1, StatusBarMode:MODE_TRANSPARENT, lightBarBounds:[Rect(0, 0 - 1080, 2340)], StatusBarState:SHADE, packageName:, isWhiteKeyguardStatusBar:true
03-02 00:56:57.870  2746  2746 D SamsungLightBarControlHelper: onStatusBarAppearanceChanged() -  sbModeChanged:false, statusBarMode:0, barState:MODE_TRANSPARENT, isKeyguardShowing:false, navbarColorManagedByIme:false, (AppearanceRegion{LIGHT_STATUS_BARS bounds=[0,0][1080,2340]}, )
03-02 00:56:57.870  2746  2746 D NavigationBar: onSystemBarAttributesChanged() -  displayId:0, appearance:16, packageName: com.podcast.app.debug.test (APPEARANCE_LIGHT_NAVIGATION_BARS ), navbarColorManagedByIme:false
03-02 00:56:57.872  1507  1825 I SurfaceFlinger: Capture layer list: 	 com.podcast.app.debug/androidx.activity.ComponentActivity$_17121#155343(seamlessTransition:0)
03-02 00:56:57.879  2013  3441 I SemDvfsHyPerManager: acquire hyper - AMS_APP_SWITCH/2013@20, type = -999
03-02 00:56:57.880  1450  1487 I HYPER-HAL: [RequestManager.cpp]acquire(): Acquired ID : 2067581  [2013 / 20]    HINT : AMS_ACT_SWITCH    list :
03-02 00:56:57.880  4784  4784 I SemDvfsHyPerManager: acquire hyper - APP_START_SHORT/4784@15, type = -999
03-02 00:56:57.881  1450  1487 I HYPER-HAL: [RequestManager.cpp]acquire(): Acquired ID : 11517615  [4784 / 15]    HINT : APP_START    list : [TIMEOUT / 1500]
03-02 00:56:57.881 14885 14885 I VRI[SplashActivity]@35f4eb8: handleAppVisibility mAppVisible = false visible = true
03-02 00:56:57.883  2013  4829 D InputDispatcher: Focused application(0): ActivityRecord{2751228 u0 com.zhiliaoapp.musically/com.ss.android.ugc.aweme.splash.SplashActivity t44543}
03-02 00:56:57.883  2013  2305 W InputDispatcher: Waiting because no window has focus but ActivityRecord{2751228 u0 com.zhiliaoapp.musically/com.ss.android.ugc.aweme.splash.SplashActivity t44543} may eventually add a window when it finishes starting up. Will wait for 10000ms
03-02 00:56:57.884  1507  1563 I SurfaceFlinger: id=155361 createSurf, flag=24000, Surface(name=c536234 NavigationBar0)/@0xfac847b - animation-leash of insets_animation#155361
03-02 00:56:57.886  2013  2600 D AS.MultiSoundManager: mForegroundUid = 10350
03-02 00:56:57.886  1507  2128 I SurfaceFlinger: id=155362 createSurf, flag=24000, Surface(name=a5d3a68 StatusBar)/@0xd5726d6 - animation-leash of insets_animation#155362
03-02 00:56:57.888  2746  2746 D NavigationBar: onSystemBarAttributesChanged() -  displayId:0, appearance:24, packageName: com.podcast.app.debug.test (APPEARANCE_LIGHT_STATUS_BARS APPEARANCE_LIGHT_NAVIGATION_BARS ), navbarColorManagedByIme:false
03-02 00:56:57.890  1507  1507 I SurfaceFlinger: [Surface(name=c536234 NavigationBar0)/@0xfac847b - animation-leash of insets_animation#155361] attach to parent LayerHierarchy{RequestedLayerState{WindowToken{5cf38d1 type=2019 android.os.BinderProxy@916675b}#101 parentId=34} 2 children}
03-02 00:56:57.890  1507  1507 I SurfaceFlinger: [Surface(name=a5d3a68 StatusBar)/@0xd5726d6 - animation-leash of insets_animation#155362] attach to parent LayerHierarchy{RequestedLayerState{WindowToken{d05298b type=2000 android.os.BinderProxy@163b705}#108 parentId=17} 2 children}
03-02 00:56:57.891  2013  3566 W ParceledListSlice: Element #30 is 21544 bytes.
03-02 00:56:57.892  1445  2902 W C2MtkBufferManager: [0xB4000070F507E520] fetchNewCcBlock: wait fence 0x0xb4000070f5058270 timed out. ret 110
03-02 00:56:57.892  2013  4829 I SemDvfsHyPerManager: acquire hyper - AMS_RESUME_TAIL/2013@18, type = -999
03-02 00:56:57.892  2013  4829 I SemDvfsHyPerManager: acquire hyper - AMS_ACT_LAZY/2013@19, type = -999
03-02 00:56:57.892  1450  1487 I HYPER-HAL: [RequestManager.cpp]acquire(): Acquired ID : 2063514  [2013 / 18]    HINT : AMS_RESUME_TAIL    list :
03-02 00:56:57.893  1450  1487 I mtkpower_client: perf_lock_rel, hdl:76246, pid: 1450, tid:1487
03-02 00:56:57.893  1450  1487 I mtkpower_client: perf_lock_acq, hdl:0, dur:0, num:2, pid:1450, tid:1487
03-02 00:56:57.893  1464  1529 I libPowerHal: [perfLockRel] hdl:76246, idx:7
03-02 00:56:57.893  1464  1529 I libPowerHal: [set_cpuidle] enable:1, fd:17, scn:0xb40000737b6173c8
03-02 00:56:57.893  1464  1529 I libPowerHal: [PD] vendor.samsung. update cmd:1c3c100 param:1 pr:6
03-02 00:56:57.893  1464  1529 I libPowerHal: [perfLockRel] Done for hdl : 76246
03-02 00:56:57.894  1464  1529 I libPowerHal: [perfLockAcq] idx:2 hdl:76249 hint:-1 pid:1450 tid:1487 duration:0 lock_user:vendor.samsung. => ret_hdl:76249
03-02 00:56:57.894  1464  1529 I libPowerHal: [set_cpuidle] enable:0, fd:17, scn:0xb40000737b607270
03-02 00:56:57.895  1464  1529 I libPowerHal: [get_cpu_dma_latency_value] 0
03-02 00:56:57.895  1464  1529 I libPowerHal: [PE] vendor.samsung. update cmd:1c3c100 param:0 pr:3
03-02 00:56:57.895  1464  1529 I libPowerHal: [perfLockAcq] Done for hdl : 76249
03-02 00:56:57.895 14885 14885 I VRI[SplashActivity]@35f4eb8: stopped(false) old = true
03-02 00:56:57.895 14885 14885 D VRI[SplashActivity]@35f4eb8: WindowStopped on com.zhiliaoapp.musically/com.ss.android.ugc.aweme.splash.SplashActivity set to false
03-02 00:56:57.896  1450  1487 I mtkpower_client: ret_hdl:76249
03-02 00:56:57.896  1450  1487 I mtkpower_client: perf_lock_rel, hdl:76248, pid: 1450, tid:1487
03-02 00:56:57.896 14885 14885 D ViewRootImpl: Skipping stats log for color mode
03-02 00:56:57.896  1450  1487 I mtkpower_client: perf_lock_acq, hdl:0, dur:0, num:2, pid:1450, tid:1487
03-02 00:56:57.897  1464  1529 I libPowerHal: [perfLockRel] hdl:76248, idx:5
03-02 00:56:57.898  1464  1529 I libPowerHal: [PD] vendor.samsung. update cmd:1000000 param:-1 pr:6
03-02 00:56:57.898  1464  1529 I libPowerHal: [perfLockRel] Done for hdl : 76248
03-02 00:56:57.898 14885 14885 I System.out: SAFActivity: com.ss.android.ugc.aweme.main.MainActivity@c20428f,  onStart Start
03-02 00:56:57.899  2013  2064 I PkgPredictorService-SecIpmManagerServiceImpl: reportToNAP uid:10687 com.podcast.app.debug.test/androidx.test.core.app.InstrumentationActivityInvoker$EmptyActivity thisTime:302
03-02 00:56:57.899  1450  1487 I mtkpower_client: ret_hdl:76250
03-02 00:56:57.899  2013  2064 D PkgPredictorService-SecIpmManagerServiceImpl: reportToNAP: mHeavyLaunchCounter is false
03-02 00:56:57.899  2013  3282 D PkgPredictorService-SecIpmManagerServiceImpl: ACTION_FOREGROUND_FINISH_EVENT sCurForegroundApp :com.podcast.app.debug.test
03-02 00:56:57.900  1450  1487 I mtkpower_client: perf_lock_rel, hdl:76250, pid: 1450, tid:1487
03-02 00:56:57.900  1464  1529 I libPowerHal: [perfLockAcq] idx:7 hdl:76250 hint:-1 pid:1450 tid:1487 duration:0 lock_user:vendor.samsung. => ret_hdl:76250
03-02 00:56:57.901  1464  1529 I libPowerHal: [setDvfsrcDevFreqOpp] opp:0, freq:4266000000
03-02 00:56:57.901  1464  1529 I libPowerHal: [PE] vendor.samsung. update cmd:1000000 param:0 pr:3
03-02 00:56:57.901  1464  1529 I libPowerHal: [perfLockAcq] Done for hdl : 76250
03-02 00:56:57.901  1450  1487 I mtkpower_client: perf_lock_acq, hdl:0, dur:0, num:2, pid:1450, tid:1487
03-02 00:56:57.901  1464  1529 I libPowerHal: [perfLockRel] hdl:76250, idx:7
03-02 00:56:57.901  1464  1529 I libPowerHal: [PD] vendor.samsung. update cmd:1000000 param:-1 pr:6
03-02 00:56:57.901  1464  1529 I libPowerHal: [perfLockRel] Done for hdl : 76250
03-02 00:56:57.902  1464  1529 I libPowerHal: [perfLockAcq] idx:5 hdl:76251 hint:-1 pid:1450 tid:1487 duration:0 lock_user:vendor.samsung. => ret_hdl:76251
03-02 00:56:57.902  1464  1529 I libPowerHal: [setDvfsrcDevFreqOpp] opp:0, freq:4266000000
03-02 00:56:57.902  1464  1529 I libPowerHal: [PE] vendor.samsung. update cmd:1000000 param:0 pr:3
03-02 00:56:57.903  1464  1529 I libPowerHal: [perfLockAcq] Done for hdl : 76251
03-02 00:56:57.904  1450  1487 I mtkpower_client: ret_hdl:76251
03-02 00:56:57.904  1450  1487 I mtkpower_client: perf_lock_rel, hdl:76247, pid: 1450, tid:1487
03-02 00:56:57.904  2013  2064 I ActivityTaskManager: Displayed com.podcast.app.debug.test/androidx.test.core.app.InstrumentationActivityInvoker$EmptyActivity for user 0: +302ms
03-02 00:56:57.904  1450  1487 I mtkpower_client: perf_lock_acq, hdl:0, dur:0, num:2, pid:1450, tid:1487
03-02 00:56:57.904  1450  1487 I mtkpower_client: ret_hdl:76252
03-02 00:56:57.904  1450  1487 I HYPER-HAL: [RequestManager.cpp]releaseLocked(): Released ID : 2067581
03-02 00:56:57.904  1464  1529 I libPowerHal: [perfLockRel] hdl:76247, idx:8
03-02 00:56:57.905  1464  1529 I libPowerHal: [PD] vendor.samsung. update cmd:400000 param:-1 pr:6
03-02 00:56:57.905  3506  3506 E pageboostd: Received HALT command code 2
03-02 00:56:57.905  2746  2798 I SurfaceControlRegistry: hide, t=FinishTransaction_SyncId<11226> sc=Task=44842, caller=android.view.SurfaceControl$Transaction.hide:3583 com.android.wm.shell.transition.Transitions.dispatchReady:1263 com.android.wm.shell.transition.Transitions.onTransitionReady:251 com.android.wm.shell.transition.Transitions$TransitionPlayerImpl$$ExternalSyntheticLambda0.run:13 android.os.Handler.handleCallback:995 android.os.Handler.dispatchMessage:103
03-02 00:56:57.905  1464  1529 I libPowerHal: [recordCPUFreqInfo] set cluster[0] min(-1): -1 max(-1): -1 cluster[1] min(-1): -1 max(-1): -1
03-02 00:56:57.905  1464  1529 I libPowerHal: [perfLockRel] Done for hdl : 76247
03-02 00:56:57.905  2746  2798 I SurfaceControlRegistry: show, t=StartTransaction_SyncId<11226> sc=Task=44843, caller=android.view.SurfaceControl$Transaction.show:3557 com.android.wm.shell.transition.Transitions.dispatchReady:1279 com.android.wm.shell.transition.Transitions.onTransitionReady:251 com.android.wm.shell.transition.Transitions$TransitionPlayerImpl$$ExternalSyntheticLambda0.run:13 android.os.Handler.handleCallback:995 android.os.Handler.dispatchMessage:103
03-02 00:56:57.906  1507  2128 I SurfaceFlinger: onHandleDestroyed: layerId=155344, name=Surface(name=c536234 NavigationBar0)/@0xfac847b - animation-leash of insets_animation#155344
03-02 00:56:57.906  1507  2128 I SurfaceFlinger: id=155344 Removed Surface(name=c536234 NavigationBar0)/@0xfac847b - animation-leash of insets_animation#155344 (328)
03-02 00:56:57.906  1507  2128 I SurfaceFlinger: onHandleDestroyed: layerId=155345, name=Surface(name=a5d3a68 StatusBar)/@0xd5726d6 - animation-leash of insets_animation#155345
03-02 00:56:57.906  1507  2128 I SurfaceFlinger: id=155345 Removed Surface(name=a5d3a68 StatusBar)/@0xd5726d6 - animation-leash of insets_animation#155345 (328)
03-02 00:56:57.906  1464  1529 I libPowerHal: [perfLockAcq] idx:7 hdl:76252 hint:-1 pid:1450 tid:1487 duration:0 lock_user:vendor.samsung. => ret_hdl:76252
03-02 00:56:57.906  1464  1529 I libPowerHal: [PE] vendor.samsung. update cmd:400000 param:2000000 pr:3
03-02 00:56:57.906  1464  1529 I libPowerHal: [recordCPUFreqInfo] set cluster[0] min(vendor.samsung.): 2000000 max(-1): -1 cluster[1] min(-1): -1 max(-1): -1
03-02 00:56:57.906  1464  1529 I libPowerHal: [perfLockAcq] Done for hdl : 76252
03-02 00:56:57.909  1445 16865 W C2MtkBufferManager: [0xB4000070F68A9420] fetchNewCcBlock: wait fence 0x0xb4000070f692fea0 timed out. ret 110
03-02 00:56:57.909  2746  2798 I SurfaceControlRegistry: show, t=FinishTransaction_SyncId<11226> sc=Task=44843, caller=android.view.SurfaceControl$Transaction.show:3557 com.android.wm.shell.transition.Transitions.dispatchReady:1330 com.android.wm.shell.transition.Transitions.onTransitionReady:251 com.android.wm.shell.transition.Transitions$TransitionPlayerImpl$$ExternalSyntheticLambda0.run:13 android.os.Handler.handleCallback:995 android.os.Handler.dispatchMessage:103
03-02 00:56:57.909  2746  2798 I SurfaceControlRegistry: show, t=StartTransaction_SyncId<11226> sc=Transition Root: Task=44843, caller=android.view.SurfaceControl$Transaction.show:3557 com.android.wm.shell.transition.Transitions.playTransition:79 com.android.wm.shell.transition.Transitions.processReadyQueue:239 com.android.wm.shell.transition.Transitions.dispatchReady:1352 com.android.wm.shell.transition.Transitions.onTransitionReady:251 com.android.wm.shell.transition.Transitions$TransitionPlayerImpl$$ExternalSyntheticLambda0.run:13
03-02 00:56:57.912  1507  1507 I SurfaceFlinger: destroyed Surface(name=a5d3a68 StatusBar)/@0xd5726d6 - animation-leash of insets_animation#155345
03-02 00:56:57.912  1507  1507 I SurfaceFlinger: destroyed Surface(name=c536234 NavigationBar0)/@0xfac847b - animation-leash of insets_animation#155344
03-02 00:56:57.914  1507  1507 I Layer   : id=155345 Destroyed Surface(name=a5d3a68 StatusBar)/@0xd5726d6 - animation-leash of insets_animation#155345
03-02 00:56:57.914  1507  1507 I Layer   : id=155344 Destroyed Surface(name=c536234 NavigationBar0)/@0xfac847b - animation-leash of insets_animation#155344
03-02 00:56:57.914 14885 14885 I System.out: SceneSafeLifecycleDispatcher: onStarted Start
03-02 00:56:57.916 14885 14885 I System.out: SAFActivity V Scene Framework: NavigationMessageQueue postSync start
03-02 00:56:57.916 14885 14885 I System.out: SAFActivity V Scene Framework: NavigationMessageQueue postSync run current task start 14_Y.ARunnableS108S0200000_32@e7f8134
03-02 00:56:57.916 14885 14885 I System.out: SAFActivity V Scene Framework: NavigationSceneManager Sync Scene SAFFragmentRootScene{79e191c} Lifecycle [ACTIVITY_CREATED -> STARTED] without saved State
03-02 00:56:57.916 14885 14885 I System.out: SAFFragmentRootScene: onStart Start (SAFFragmentRootScene{79e191c})
03-02 00:56:57.923  1507  1507 I SurfaceFlinger: RequestedLayer [com.podcast.app.debug.test/androidx.[...]yInvoker$EmptyActivity$_17532#155357] hidden!! flag  from(1) --> to(0)
03-02 00:56:57.924  1507  1507 I SurfaceFlinger: [LayerHierarchy{RequestedLayerState{c536234 NavigationBar0#102 parentId=155361} 1 children}] reparent to LayerHierarchy{RequestedLayerState{Surface(name=c536234 NavigationBar0)/@0xfac847b - animation-leash of insets_animation#155361 parentId=101} 1 children}
03-02 00:56:57.924  1507  1507 I SurfaceFlinger: [LayerHierarchy{RequestedLayerState{a5d3a68 StatusBar#109 parentId=155362} 1 children}] reparent to LayerHierarchy{RequestedLayerState{Surface(name=a5d3a68 StatusBar)/@0xd5726d6 - animation-leash of insets_animation#155362 parentId=108} 1 children}
03-02 00:56:57.924  1507  1507 I SurfaceFlinger: [LayerHierarchy{RequestedLayerState{Surface(name=c536234 NavigationBar0)/@0xfac847b - animation-leash of insets_animation#155358} no children}] reparent to OffscreenRoot
03-02 00:56:57.924  1507  1507 I SurfaceFlinger: [LayerHierarchy{RequestedLayerState{Surface(name=c536234 NavigationBar0)/@0xfac847b - animation-leash of insets_animation#155358} no children}] RelativeParent to null
03-02 00:56:57.924  1507  1507 I SurfaceFlinger: [LayerHierarchy{RequestedLayerState{Surface(name=a5d3a68 StatusBar)/@0xd5726d6 - animation-leash of insets_animation#155359} no children}] reparent to OffscreenRoot
03-02 00:56:57.924  1507  1507 I SurfaceFlinger: [LayerHierarchy{RequestedLayerState{Surface(name=a5d3a68 StatusBar)/@0xd5726d6 - animation-leash of insets_animation#155359} no children}] RelativeParent to null
03-02 00:56:57.927  1507  1907 I SurfaceFlinger: id=155363 createSurf, flag=20004, DimTransitionLayer for Surface(name=Task=44843)/@0x9ec6b3c#155363
03-02 00:56:57.928  2746  2798 I SurfaceControlRegistry: show, t=StartTransaction_SyncId<11226> sc=DimTransitionLayer for Surface(name=Task=44843)/@0x9ec6b3c, caller=android.view.SurfaceControl$Transaction.show:3557 com.android.wm.shell.transition.DefaultTransitionHandler.startAnimation:2837 com.android.wm.shell.transition.Transitions.dispatchTransition:90 com.android.wm.shell.transition.Transitions.playTransition:774 com.android.wm.shell.transition.Transitions.processReadyQueue:239 com.android.wm.shell.transition.Transitions.dispatchReady:1352
03-02 00:56:57.928  2746  2798 I SurfaceControlRegistry: apply, t=StartTransaction_SyncId<11226>, caller=android.view.SurfaceControl$Transaction.apply:3459 android.view.SurfaceControl$Transaction.apply:3447 android.view.SurfaceControl$Transaction.apply:3397 com.android.wm.shell.transition.DefaultTransitionHandler.startAnimation:3292 com.android.wm.shell.transition.Transitions.dispatchTransition:90 com.android.wm.shell.transition.Transitions.playTransition:774
03-02 00:56:57.931  1507  1907 I SurfaceFlinger: onHandleDestroyed: layerId=155358, name=Surface(name=c536234 NavigationBar0)/@0xfac847b - animation-leash of insets_animation#155358
03-02 00:56:57.931  1507  1907 I SurfaceFlinger: id=155358 Removed Surface(name=c536234 NavigationBar0)/@0xfac847b - animation-leash of insets_animation#155358 (327)
03-02 00:56:57.931  1507  1907 I SurfaceFlinger: onHandleDestroyed: layerId=155359, name=Surface(name=a5d3a68 StatusBar)/@0xd5726d6 - animation-leash of insets_animation#155359
03-02 00:56:57.931  1507  1907 I SurfaceFlinger: id=155359 Removed Surface(name=a5d3a68 StatusBar)/@0xd5726d6 - animation-leash of insets_animation#155359 (327)
03-02 00:56:57.932  2746  2798 D ShellDesktopMode: handleRequest: TransitionRequestInfo {type=2, tid=44843, debugId=11227}
03-02 00:56:57.932  1507  1845 D SurfaceFlinger: [input] setFocusedWindow: <null>
03-02 00:56:57.933  1507  1845 D SurfaceFlinger: updateWinowInfo=1, setFocusedWindow timestamp=491096911081193, windowName=<null>
03-02 00:56:57.934  2746  2808 I VRI[test]@89a7f8: onActiveControlsChanged, removed=false, mAdded=true, caller=android.view.ViewRootImpl.handleInsetsControlChanged:3002 android.view.ViewRootImpl$ViewRootHandler.handleMessageImpl:8352 android.view.ViewRootImpl$ViewRootHandler.handleMessage:8301 android.os.Handler.dispatchMessage:110 android.os.Looper.loopOnce:273
03-02 00:56:57.934 25915 26075 I Rubin   : [4019] com.samsung.android.rubin.inferenceengine.contextanalytics.engine.monitors.moment.exercise.ExercisingWithCalendarMonitor.isSatisfiedByCalendarEvent(Unknown Source) : isSatisfiedByCalendarEvent is false
03-02 00:56:57.934  2746  2808 I InsetsSourceConsumer: applyRequestedVisibilityToControl: visible=true, type=navigationBars, host=Splash Screen com.podcast.app.debug.test
03-02 00:56:57.934  1507  1507 I SurfaceFlinger: RequestedLayer [56195fc Splash Screen com.podcast.app.debug.test#155354] hidden!! flag  from(1) --> to(0)
03-02 00:56:57.934  1507  1507 I SurfaceFlinger: RequestedLayer [2b64332 com.podcast.app.debug.test/a[...]ActivityInvoker$EmptyActivity#155356] hidden!! flag  from(1) --> to(0)
03-02 00:56:57.934  1507  1507 I SurfaceFlinger: RequestedLayer [Splash Screen com.podcast.app.debug.test$_2746#155355] hidden!! flag  from(1) --> to(0)
03-02 00:56:57.934  1507  1507 I SurfaceFlinger: RequestedLayer [Task=44843#155352] hidden!! flag  from(1) --> to(0)
03-02 00:56:57.934  1507  1507 E SurfaceFlinger: alpha changed 1.000 -> 0.000 - Task=44843#155352
03-02 00:56:57.934  1507  1507 I SurfaceFlinger: RequestedLayer [Transition Root: Task=44843#155360] hidden!! flag  from(1) --> to(0)
03-02 00:56:57.934  1507  1507 I SurfaceFlinger: RequestedLayer [ActivityRecord{41425518 u0 com.podca[...]Invoker$EmptyActivity t44843}#155353] hidden!! flag  from(1) --> to(0)
03-02 00:56:57.934  2746  2808 I InsetsSourceConsumer: applyRequestedVisibilityToControl: visible=true, type=statusBars, host=Splash Screen com.podcast.app.debug.test
03-02 00:56:57.934  1507  1507 I SurfaceFlinger: RequestedLayer [DimTransitionLayer for Surface(name=Task=44843)/@0x9ec6b3c#155363] hidden!! flag  from(1) --> to(0)
03-02 00:56:57.934  1507  1507 E SurfaceFlinger: alpha changed 1.000 -> 0.000 - DimTransitionLayer for Surface(name=Task=44843)/@0x9ec6b3c#155363
03-02 00:56:57.934  1507  1507 E SurfaceFlinger: alpha changed 0.000 -> 1.000 - Task=44843#155352
03-02 00:56:57.934  1507  1507 E SurfaceFlinger: alpha changed 0.000 -> 0.000 - DimTransitionLayer for Surface(name=Task=44843)/@0x9ec6b3c#155363
03-02 00:56:57.934  1507  1507 I SurfaceFlinger: destroyed Surface(name=c536234 NavigationBar0)/@0xfac847b - animation-leash of insets_animation#155358
03-02 00:56:57.934  1507  1507 I SurfaceFlinger: destroyed Surface(name=a5d3a68 StatusBar)/@0xd5726d6 - animation-leash of insets_animation#155359
03-02 00:56:57.934  1507  1507 I SurfaceFlinger: [LayerHierarchy{RequestedLayerState{Task=44842#155338 parentId=155360 z=2} 1 children}] reparent to LayerHierarchy{RequestedLayerState{Transition Root: Task=44843#155360 parentId=10 z=42} 1 children}
03-02 00:56:57.934  1507  1507 I SurfaceFlinger: [LayerHierarchy{RequestedLayerState{Task=44843#155352 parentId=155360 z=5} 1 children}] reparent to LayerHierarchy{RequestedLayerState{Transition Root: Task=44843#155360 parentId=10 z=42} 2 children}
03-02 00:56:57.934  1507  1507 I SurfaceFlinger: [DimTransitionLayer for Surface(name=Task=44843)/@0x9ec6b3c#155363] attach to parent LayerHierarchy{RequestedLayerState{Transition Root: Task=44843#155360 parentId=10 z=42} 3 children}
03-02 00:56:57.935  3202  4698 I HoneySpace.RecentTasks: onRunningTaskAppeared
03-02 00:56:57.935  3202  4698 I HoneySpace.RecentTasks: onRecentTasksChanged
03-02 00:56:57.935  1446  1446 I SensorsHub: queueBatch: handle=5 period=200000000 timeout=0
03-02 00:56:57.936  1507  1507 I Layer   : id=155359 Destroyed Surface(name=a5d3a68 StatusBar)/@0xd5726d6 - animation-leash of insets_animation#155359
03-02 00:56:57.936  2013  3645 D InputDispatcher: Once focus requested (0): <null>
03-02 00:56:57.936  1507  1507 I Layer   : id=155358 Destroyed Surface(name=c536234 NavigationBar0)/@0xfac847b - animation-leash of insets_animation#155358
03-02 00:56:57.938  1446  1446 I SensorsHub: queueActivate: handle 5 enable 1
03-02 00:56:57.938  1446  1446 I SensorsHub: type : 5, enable : 1
03-02 00:56:57.938 25915 26075 I Rubin   : [4019] com.samsung.android.rubin.inferenceengine.contextanalytics.engine.monitors.moment.exercise.ExercisingWithCmhMonitor.isSatisfiedByCmh(Unknown Source) : isSatisfiedByCmh is false
03-02 00:56:57.939 14885 14885 I System.out: SAFActivity V Scene Framework: NavigationMessageQueue postSync run current task finish 14_Y.ARunnableS108S0200000_32@e7f8134
03-02 00:56:57.939 14885 14885 I System.out: SAFActivity V Scene Framework: NavigationMessageQueue postSync finish
03-02 00:56:57.939 14885 14885 I System.out: SceneSafeLifecycleDispatcher: onStarted End START
03-02 00:56:57.939 14885 14885 I System.out: SAFActivity: com.ss.android.ugc.aweme.main.MainActivity@c20428f,  onStart End
03-02 00:56:57.940  1507  1507 I BufferQueueProducer: [FramebufferSurface](this:0xb400007a458f0370,id:-1,api:1,p:1507,c:1507) queueBuffer: fps=31.48 dur=1270.51 max=543.79 min=9.19
03-02 00:56:57.940 14885 14885 I System.out: SAFActivity: com.ss.android.ugc.aweme.main.MainActivity@c20428f,  onResume Start
03-02 00:56:57.941 14885 16239 D SensorManager: registerListener :: 5, TCS3701 Light, 200000, 0,
03-02 00:56:57.948  2013  4829 W ParceledListSlice: Element #30 is 21544 bytes.
03-02 00:56:57.949  1445 16865 W C2MtkBufferManager: [0xB4000070F68A9420] fetchNewCcBlock: wait fence 0x0xb4000070f692fea0 timed out. ret 110
03-02 00:56:57.951  2013  2067 D PhoneWindowManager: handleKeyGestureEvent, type=1001 keyguardOn=false displayId=0
03-02 00:56:57.953 14885 14885 I System.out: SceneSafeLifecycleDispatcher: onResumed Start
03-02 00:56:57.953 14885 14885 I System.out: SAFActivity V Scene Framework: NavigationMessageQueue postSync start
03-02 00:56:57.953 14885 14885 I System.out: SAFActivity V Scene Framework: NavigationMessageQueue postSync run current task start 14_Y.ARunnableS108S0200000_32@c743e66
03-02 00:56:57.953 14885 14885 I System.out: SAFActivity V Scene Framework: NavigationSceneManager Sync Scene SAFFragmentRootScene{79e191c} Lifecycle [STARTED -> RESUMED] without saved State
03-02 00:56:57.953 14885 14885 I System.out: SAFFragmentRootScene: onResume Start (SAFFragmentRootScene{79e191c})
03-02 00:56:57.956  1507  1507 E SurfaceFlinger: alpha changed 0.000 -> 0.013 - DimTransitionLayer for Surface(name=Task=44843)/@0x9ec6b3c#155363
03-02 00:56:57.965  1445  2902 W C2MtkBufferManager: [0xB4000070F507E520] fetchNewCcBlock: wait fence 0x0xb4000070f5058270 timed out. ret 110
03-02 00:56:57.969 14885 14885 I DecorView: setWindowBackground: isPopOver=false color=ff000000 d=android.graphics.drawable.ColorDrawable@a4ed620
03-02 00:56:57.969 14885 16246 D AudioTrack: setVolume(1.000000, 1.000000) pid : 14885
03-02 00:56:57.971  1507  1507 D SurfaceFlinger: Display 4627039422300187648 HWC layers:
03-02 00:56:57.971  1507  1507 D SurfaceFlinger:        CLIENT |           73534135074827 | 00002102 | RGBA_8888    |   21.0    0.0 1080.0 2340.0 |    0    0 1080 2340 | com.podcast.app.debug/androidx.activity.ComponentActivity$_17121#155343 (30)
03-02 00:56:57.971  1507  1507 D SurfaceFlinger:   SOLID_COLOR |                        0 | 00000000 | N/A          |    0.0    0.0    0.0    0.0 |    0    0 1080 2340 | DimTransitionLayer for Surface(name=Task=44843)/@0x9ec6b3c#155363 (0)
03-02 00:56:57.971  1507  1507 D SurfaceFlinger:        DEVICE |           75299366633480 | 00002102 | RGBA_8888    |    0.0    0.0   68.0 2340.0 | 1012    0 1080 2340 | com.podcast.app.debug.test/androidx.[...]yInvoker$EmptyActivity$_17532#155357 (1)
03-02 00:56:57.971  1507  1507 D SurfaceFlinger:        DEVICE |           11793980283171 | 00002100 | RGBA_8888    |    0.0    0.0   68.0 2340.0 | 1012    0 1080 2340 | Splash Screen com.podcast.app.debug.test$_2746#155355 (1)
03-02 00:56:57.971  1507  1507 D SurfaceFlinger:        DEVICE |           11793980281878 | 00002100 | RGBA_8888    |    0.0    0.0 1080.0   80.0 |    0    0 1080   80 | StatusBar$_2746#117 (210866)
03-02 00:56:57.971  1507  1507 D SurfaceFlinger:        DEVICE |           13752485304097 | 00002100 | RGBA_888
03-02 00:56:57.971  1507  1507 D SurfaceFlinger: 8    |    0.0    0.0   67.0  346.0 | 1013  454 1080  800 | com.sec.android.app.launcher/com.sam[...].app.CocktailBarService$_3202#152779 (1)
03-02 00:56:57.971  1507  1507 D SurfaceFlinger:        DEVICE |           11793980283148 | 00002100 | RGBA_8888    |    0.0    0.0  229.0  724.0 |  851  551 1080 1275 | VolumePanelWindow$_2746#155312 (21)
03-02 00:56:57.971  1507  1507 D SurfaceFlinger:        DEVICE |           11793980281867 | 00002100 | RGBA_8888    |    0.0    0.0 1080.0  135.0 |    0 2205 1080 2340 | NavigationBar0$_2746#113 (187298)
03-02 00:56:57.971  1507  1507 D SurfaceFlinger:
03-02 00:56:57.975 14252 14252 I BadgeCountReceiver: onReceive: Intent { act=android.intent.action.BADGE_COUNT_UPDATE flg=0x1000010 xflg=0x4 cmp=com.sec.android.provider.badge/.BadgeCountReceiver (has extras) }
03-02 00:56:57.975 14252 14273 I BadgeCountReceiver: UpdateTask START: PendingResult hashCode: 233963711
03-02 00:56:57.975 14252 14273 I BadgeCountReceiver: packageName: com.zhiliaoapp.musically, className: com.ss.android.ugc.aweme.splash.SplashActivity, count: 0
03-02 00:56:57.980 14885 14885 I System.out: SAFActivity V Scene Framework: NavigationMessageQueue postSync run current task finish 14_Y.ARunnableS108S0200000_32@c743e66
03-02 00:56:57.980 14885 14885 I System.out: SAFActivity V Scene Framework: NavigationMessageQueue postSync finish
03-02 00:56:57.980 14885 14885 I System.out: SceneSafeLifecycleDispatcher: onResumed End RESUME
03-02 00:56:57.980 14885 14885 I System.out: SAFActivity: com.ss.android.ugc.aweme.main.MainActivity@c20428f,  onResume End
03-02 00:56:57.981 14885 17072 W AudioManager: Use of stream types is deprecated for operations other than volume control
03-02 00:56:57.981 14885 17072 W AudioManager: See the documentation of requestAudioFocus() for what to use instead with android.media.AudioAttributes to qualify your playback use case
03-02 00:56:57.981  2013  2065 D PkgPredictorService-SecIpmManagerServiceImpl: onForegroundActivitiesChanged pid:14885 uid:10350
03-02 00:56:57.982 14885 14885 I SV[6876039 SplashActivity]: onWindowVisibilityChanged(0) false X.0fk7{68eb87 V.E...... ........ 0,80-1080,2000} of VRI[SplashActivity]@35f4eb8
03-02 00:56:57.982 14885 14885 D SV[6876039 SplashActivity]: updateSurface: surface is not valid
03-02 00:56:57.982 14885 14885 I SV[6876039 SplashActivity]: releaseSurfaces: viewRoot = VRI[SplashActivity]@35f4eb8
03-02 00:56:57.982 14885 14885 D VRI[SplashActivity]@35f4eb8: applyTransactionOnDraw applyImmediately
03-02 00:56:57.982 14885 14885 I SV[7374587 SplashActivity]: onWindowVisibilityChanged(0) false X.0fk7{7086fb V.E...... ........ 0,80-1080,2000} of VRI[SplashActivity]@35f4eb8
03-02 00:56:57.982 14885 14885 D SV[7374587 SplashActivity]: updateSurface: surface is not valid
03-02 00:56:57.982 14885 14885 I SV[7374587 SplashActivity]: releaseSurfaces: viewRoot = VRI[SplashActivity]@35f4eb8
03-02 00:56:57.982 14885 14885 D VRI[SplashActivity]@35f4eb8: applyTransactionOnDraw applyImmediately
03-02 00:56:57.983 14885 14885 I SV[137774491 SplashActivity]: onWindowVisibilityChanged(0) false X.0fk7{836459b V.E...... ........ 0,81-1080,1998} of VRI[SplashActivity]@35f4eb8
03-02 00:56:57.983 14885 14885 D SV[137774491 SplashActivity]: updateSurface: surface is not valid
03-02 00:56:57.983 14885 14885 I SV[137774491 SplashActivity]: releaseSurfaces: viewRoot = VRI[SplashActivity]@35f4eb8
03-02 00:56:57.983 14885 14885 D VRI[SplashActivity]@35f4eb8: applyTransactionOnDraw applyImmediately
03-02 00:56:57.984  2013  3566 I MediaFocusControl: requestAudioFocus() from uid/pid 10350/14885 AA=USAGE_MEDIA/CONTENT_TYPE_UNKNOWN clientId=android.media.AudioManager@b7fcc9dX.143s@4302512 callingPack=com.zhiliaoapp.musically req=2 flags=0x0 sdk=35
03-02 00:56:57.985  2013  4829 I WindowManager: Relayout Window{cd2d6b5 u0 com.zhiliaoapp.musically/com.ss.android.ugc.aweme.splash.SplashActivity}: viewVisibility=0 req=1080x2340 ty=1 d0
03-02 00:56:57.987  1507  2393 I SurfaceFlinger: id=155364 createSurf, flag=44004, com.zhiliaoapp.musically/com.ss.android.ugc.aweme.splash.SplashActivity$_14885#155364
03-02 00:56:57.988  1445 16865 W C2MtkBufferManager: [0xB4000070F68A9420] fetchNewCcBlock: wait fence 0x0xb4000070f692fea0 timed out. ret 110
03-02 00:56:57.989  1507  1507 I SurfaceFlinger: [com.zhiliaoapp.musically/com.ss.android.ugc.aweme.splash.SplashActivity$_14885#155364] attach to parent LayerHierarchy{RequestedLayerState{cd2d6b5 com.zhiliaoapp.musically/com.ss.android.ugc.aweme.splash.SplashActivity#155210 parentId=147902} 1 children}
03-02 00:56:57.989  1646  1646 I CameraService: onUidStateChanged: uid=10235, procState is changed. (4 -> 3)
03-02 00:56:57.989  2013  3566 D AS.AudioService: [Android Auto] isConnectedAndroidAuto = false
03-02 00:56:57.990  2013  3566 D MediaFocusControl: selectFocusStack, uid = 10350, appDevice = 0, device = 2
03-02 00:56:57.990  2013  3566 I MediaFocusControl: removeFocusStackEntry client:android.media.AudioManager@b7fcc9dX.143s@4302512
03-02 00:56:57.990  2013  3566 I MediaFocusControl: propagateFocusLossFromGain_syncAf gain:2
03-02 00:56:57.990  2013  3566 I MediaFocusControl: propagateFocusLossFromGain_syncAf empty stack
03-02 00:56:57.990 25915 26075 I Rubin   : [4019] M.c0.k(Unknown Source) : Notify com.samsung.android.rubin.inferenceengine.contextanalytics.engine.loggers.AppUsageLogger's database is updated.
03-02 00:56:57.991  3202  4698 I HoneySpace.RecentTasks: onRecentTasksChanged
03-02 00:56:57.992  3202  3386 I HoneySpace.TopTaskSource: onTaskMovedToFront : taskId = 44543, displayId = 0
03-02 00:56:57.993  3202  3390 I HoneySpace.TopTaskUseCase: topTasks 44543 ComponentInfo{com.zhiliaoapp.musically/com.ss.android.ugc.aweme.main.MainActivity}[displayId=0]
03-02 00:56:57.994 14885 16071 W System.err: FlagsHookHelper: skip hook flags method getInstanceHook
03-02 00:56:57.995 14252 14273 I BadgeProvider: sendNotify [uri]: content://com.sec.badge/apps, [notify]: null
03-02 00:56:57.997 14252 14273 I BadgeProvider: update, [calling package]: com.sec.android.provider.badge, [uri]: content://com.sec.badge/apps, [uri.query]: null, [BadgeCount]: badgecount=0, [UpdateCount]: 1
03-02 00:56:57.997 14252 14273 I BadgeCountReceiver: UpdateTask END: PendingResult hashCode: 233963711
03-02 00:56:58.004  1507  1907 I SurfaceFlinger: id=155365 createSurf, flag=24000, Surface(name=c536234 NavigationBar0)/@0xfac847b - animation-leash of insets_animation#155365
03-02 00:56:58.006  1507  2393 I SurfaceFlinger: id=155366 createSurf, flag=24000, Surface(name=a5d3a68 StatusBar)/@0xd5726d6 - animation-leash of insets_animation#155366
03-02 00:56:58.007 14885 15375 W System.err: FlagsHookHelper: skip hook flags method getInstanceHook
03-02 00:56:58.008  2013  4829 I SystemKeyManager: requested systemKeyInfo size=1 focusedWindow=com.zhiliaoapp.musically/com.ss.android.ugc.aweme.splash.SplashActivity
03-02 00:56:58.008  2013  4829 I SystemKeyManager: requested systemKeyInfo size=2 focusedWindow=com.zhiliaoapp.musically/com.ss.android.ugc.aweme.splash.SplashActivity
03-02 00:56:58.009 14885 17073 W System.err: FlagsHookHelper: skip hook flags method getInstanceHook
03-02 00:56:58.009  2013  4829 I WindowManager: Relayout hash=cd2d6b5, pid=14885, syncId=-1: mAttrs={(0,0)(fillxfill) sim={adjust=pan} layoutInDisplayCutoutMode=always ty=BASE_APPLICATION fmt=TRANSLUCENT wanim=0x1030317
03-02 00:56:58.009  2013  4829 I WindowManager:   fl=81810180
03-02 00:56:58.009  2013  4829 I WindowManager:   pfl=10008840
03-02 00:56:58.009  2013  4829 I WindowManager:   vsysui=400
03-02 00:56:58.009  2013  4829 I WindowManager:   apr=10
03-02 00:56:58.009  2013  4829 I WindowManager:   bhv=1
03-02 00:56:58.009  2013  4829 I WindowManager:   fitSides=0
03-02 00:56:58.009  2013  4829 I WindowManager:   frameRateBoostOnTouch=true
03-02 00:56:58.009  2013  4829 I WindowManager:   dvrrWindowFrameRateHint=true naviIconColor=0
03-02 00:56:58.009  2013  4829 I WindowManager:   sfl=100000}
03-02 00:56:58.010 14252 14270 I BadgeProvider: query, [calling package]: com.sec.android.app.launcher, [selection]: null
03-02 00:56:58.011  1507  1507 I SurfaceFlinger: [Surface(name=c536234 NavigationBar0)/@0xfac847b - animation-leash of insets_animation#155365] attach to parent LayerHierarchy{RequestedLayerState{WindowToken{5cf38d1 type=2019 android.os.BinderProxy@916675b}#101 parentId=34} 2 children}
03-02 00:56:58.011  1507  1507 I SurfaceFlinger: [Surface(name=a5d3a68 StatusBar)/@0xd5726d6 - animation-leash of insets_animation#155366] attach to parent LayerHierarchy{RequestedLayerState{WindowToken{d05298b type=2000 android.os.BinderProxy@163b705}#108 parentId=17} 2 children}
03-02 00:56:58.011 14885 14885 D BufferQueueConsumer: [](id:3a2500000012,api:0,p:-1,c:14885) connect: controlledByApp=false
03-02 00:56:58.013 14885 14885 I BLASTBufferQueue: [VRI[SplashActivity]@35f4eb8#15](f:0,a:0,s:0) constructor()
03-02 00:56:58.013 14885 14885 I BLASTBufferQueue_Java: new BLASTBufferQueue, mName= VRI[SplashActivity]@35f4eb8 mNativeObject= 0x769b545000 caller= android.view.ViewRootImpl.updateBlastSurfaceIfNeeded:3585 android.view.ViewRootImpl.relayoutWindow:11685 android.view.ViewRootImpl.performTraversals:4804 android.view.ViewRootImpl.doTraversal:3924 android.view.ViewRootImpl$TraversalRunnable.run:12903 android.view.Choreographer$CallbackRecord.run:1901 android.view.Choreographer$CallbackRecord.run:1910 android.view.Choreographer.doCallbacks:1367 android.view.Choreographer.doFrame:1292 android.view.Choreographer$FrameDisplayEventReceiver.run:1870
03-02 00:56:58.013 14885 14885 I BLASTBufferQueue_Java: update, w= 1080 h= 2340 mName = VRI[SplashActivity]@35f4eb8 mNativeObject= 0x769b545000 sc.mNativeObject= 0x769bd9e180 format= -3 caller= android.view.ViewRootImpl.updateBlastSurfaceIfNeeded:3590 android.view.ViewRootImpl.relayoutWindow:11685 android.view.ViewRootImpl.performTraversals:4804 android.view.ViewRootImpl.doTraversal:3924 android.view.ViewRootImpl$TraversalRunnable.run:12903 android.view.Choreographer$CallbackRecord.run:1901
03-02 00:56:58.013 14885 14885 I BLASTBufferQueue: [VRI[SplashActivity]@35f4eb8#15](f:0,a:0,s:0) update width=1080 height=2340 format=-3 mTransformHint=0
03-02 00:56:58.013 14885 14885 I VRI[SplashActivity]@35f4eb8: Relayout returned: old=(0,0,1080,2340) new=(0,0,1080,2340) relayoutAsync=false req=(1080,2340)0 dur=27 res=0x3 s={true 0x769b2e5800} ch=true seqId=0
03-02 00:56:58.017 14885 14885 D VRI[SplashActivity]@35f4eb8: mThreadedRenderer.initialize() mSurface={isValid=true 0x769b2e5800} hwInitialized=true
03-02 00:56:58.017 14885 14885 I SV[6876039 SplashActivity]: windowStopped(false) true X.0fk7{68eb87 V.E...... ........ 0,80-1080,2000} of VRI[SplashActivity]@35f4eb8
03-02 00:56:58.017 14885 14885 I SurfaceView: 6876039 Changes: creating=true format=false size=false visible=true alpha=false hint=false left=false top=false z=false attached=true lifecycleStrategy=false
03-02 00:56:58.018  1507  2128 I SurfaceFlinger: id=155367 createSurf, flag=20004, Bounds for - com.zhiliaoapp.musically/com.ss.android.ugc.aweme.splash.SplashActivity@3#155367
03-02 00:56:58.019  1507  2128 I SurfaceFlinger: id=155368 createSurf, flag=84004, 68eb87 SurfaceView[com.zhiliaoapp.musically/com.ss.android.ugc.aweme.splash.SplashActivity]@0#155368
03-02 00:56:58.020  2991  3757 I LocationAccessPolicy: checkLocationPermission - callingUid: 10492, callingPid: 14636, result: DENIED_SOFT
03-02 00:56:58.020  2991  3757 I LocationAccessPolicy: checkLocationPermission - callingUid: 10492, callingPid: 14636, result: DENIED_SOFT
03-02 00:56:58.021  1507  1563 I SurfaceFlinger: id=155369 createSurf, flag=44400, 68eb87 SurfaceView[com.zhiliaoapp.musically/com.ss.android.ugc.aweme.splash.SplashActivity]@0(BLAST)#155369
03-02 00:56:58.022  1507  1507 I SurfaceFlinger: [Bounds for - com.zhiliaoapp.musically/com.ss.android.ugc.aweme.splash.SplashActivity@3#155367] attach to parent LayerHierarchy{RequestedLayerState{com.zhiliaoapp.musically/com.ss.android.ugc.aweme.splash.SplashActivity$_14885#155364 parentId=155210} 1 children}
03-02 00:56:58.022  1507  1507 I SurfaceFlinger: [68eb87 SurfaceView[com.zhiliaoapp.musically/com.ss.android.ugc.aweme.splash.SplashActivity]@0#155368] attach to parent LayerHierarchy{RequestedLayerState{Bounds for - com.zhiliaoapp.musically/com.ss.android.ugc.aweme.splash.SplashActivity@3#155367 parentId=155364} 1 children}
03-02 00:56:58.022  1507  1507 I SurfaceFlinger: [68eb87 SurfaceView[com.zhiliaoapp.musically/com.ss.android.ugc.aweme.splash.SplashActivity]@0(BLAST)#155369] attach to parent LayerHierarchy{RequestedLayerState{68eb87 SurfaceView[com.zhiliaoapp.musically/com.ss.android.ugc.aweme.splash.SplashActivity]@0#155368 parentId=155367} 1 children}
03-02 00:56:58.023  1507  2128 I SurfaceFlinger: id=155370 createSurf, flag=20404, Background for 68eb87 SurfaceView[com.zhiliaoapp.musically/com.ss.android.ugc.aweme.splash.SplashActivity]@0#155370
03-02 00:56:58.023 14885 14885 D BufferQueueConsumer: [](id:3a2500000013,api:0,p:-1,c:14885) connect: controlledByApp=false
03-02 00:56:58.024 14885 14885 I BLASTBufferQueue: [68eb87 SurfaceView[com.zhiliaoapp.musically/com.ss.android.ugc.aweme.splash.SplashActivity]@0#16](f:0,a:0,s:0) constructor()
03-02 00:56:58.024 14885 14885 I BLASTBufferQueue_Java: new BLASTBufferQueue, mName= 68eb87 SurfaceView[com.zhiliaoapp.musically/com.ss.android.ugc.aweme.splash.SplashActivity]@0 mNativeObject= 0x7450361c00 caller= android.view.SurfaceView.createBlastSurfaceControls:1781 android.view.SurfaceView.updateSurface:1450 android.view.SurfaceView.setWindowStopped:539 android.view.SurfaceView.surfaceCreated:2327 android.view.ViewRootImpl.notifySurfaceCreated:3502 android.view.ViewRootImpl.performTraversals:5286 android.view.ViewRootImpl.doTraversal:3924 android.view.ViewRootImpl$TraversalRunnable.run:12903 android.view.Choreographer$CallbackRecord.run:1901 android.view.Choreographer$CallbackRecord.run:1910
03-02 00:56:58.024 14885 14885 I BLASTBufferQueue_Java: update, w= 1080 h= 1920 mName = 68eb87 SurfaceView[com.zhiliaoapp.musically/com.ss.android.ugc.aweme.splash.SplashActivity]@0 mNativeObject= 0x7450361c00 sc.mNativeObject= 0x6fe0954400 format= 4 caller= android.view.SurfaceView.createBlastSurfaceControls:1782 android.view.SurfaceView.updateSurface:1450 android.view.SurfaceView.setWindowStopped:539 android.view.SurfaceView.surfaceCreated:2327 android.view.ViewRootImpl.notifySurfaceCreated:3502 android.view.ViewRootImpl.performTraversals:5286
03-02 00:56:58.024 14885 14885 I BLASTBufferQueue: [68eb87 SurfaceView[com.zhiliaoapp.musically/com.ss.android.ugc.aweme.splash.SplashActivity]@0#16](f:0,a:0,s:0) update width=1080 height=1920 format=4 mTransformHint=0
03-02 00:56:58.025 14885 14885 I SurfaceView: 6876039 Cur surface: Surface(name=null mNativeObject=0)/@0x56b4ffd
03-02 00:56:58.025 14885 14885 I SV[6876039 SplashActivity]: pST: sr = Rect(4320, -2080 - 5400, -160) sw = 1080 sh = 1920
03-02 00:56:58.025 14885 14885 D SurfaceView: 6876039 performSurfaceTransaction RenderWorker position = [4320, -2080, 5400, -160] surfaceSize = 1080x1920
03-02 00:56:58.025 14885 14885 I SV[6876039 SplashActivity]: updateSurface: mVisible = true mSurface.isValid() = true
03-02 00:56:58.025 14885 14885 I SV[6876039 SplashActivity]: updateSurface: mSurfaceCreated = false surfaceChanged = true visibleChanged = true
03-02 00:56:58.025 14885 14885 I SurfaceView: 6876039 visibleChanged -- surfaceCreated
03-02 00:56:58.025 14885 14885 I SV[6876039 SplashActivity]: surfaceCreated 1 #1 X.0fk7{68eb87 V.E...... ........ 0,80-1080,2000}
03-02 00:56:58.025  2746  2746 I {OngoingActivityController}: onTaskFocusChanged but OA data is empty
03-02 00:56:58.025 14252 14270 I BadgeProvider: query, [calling package]: com.sec.android.app.launcher, [selection]: null
03-02 00:56:58.025 14885 14885 I SurfaceView: 6876039 surfaceChanged -- format=4 w=1080 h=1920
03-02 00:56:58.025 14885 14885 I SV[6876039 SplashActivity]: surfaceChanged (1080,1920) 1 #1 X.0fk7{68eb87 V.E...... ........ 0,80-1080,2000}
03-02 00:56:58.025 14885 14885 I SurfaceView: 6876039 surfaceRedrawNeeded
03-02 00:56:58.026  2013  3345 W ParceledListSlice: Element #30 is 21544 bytes.
03-02 00:56:58.026 14885 14885 I SurfaceView: 6876039 finishedDrawing
03-02 00:56:58.026 14885 14885 V SurfaceView: Layout: x=4320 y=-2080 w=1080 h=1920, frame=Rect(0, 0 - 1080, 1920)
03-02 00:56:58.026 14885 14885 I SV[7374587 SplashActivity]: windowStopped(false) true X.0fk7{7086fb V.E...... ........ 0,80-1080,2000} of VRI[SplashActivity]@35f4eb8
03-02 00:56:58.027 14885 14885 I SurfaceView: 7374587 Changes: creating=true format=false size=false visible=true alpha=false hint=false left=false top=false z=false attached=true lifecycleStrategy=false
03-02 00:56:58.027  1507  1907 I SurfaceFlinger: id=155371 createSurf, flag=84004, 7086fb SurfaceView[com.zhiliaoapp.musically/com.ss.android.ugc.aweme.splash.SplashActivity]@0#155371
03-02 00:56:58.028  1507  1563 I SurfaceFlinger: id=155372 createSurf, flag=44400, 7086fb SurfaceView[com.zhiliaoapp.musically/com.ss.android.ugc.aweme.splash.SplashActivity]@0(BLAST)#155372
03-02 00:56:58.028 25915 26075 I Rubin   : [4019] com.samsung.android.rubin.inferenceengine.contextanalytics.engine.monitors.moment.exercise.ExercisingWithCalendarMonitor.isSatisfiedByCalendarEvent(Unknown Source) : isSatisfiedByCalendarEvent is false
03-02 00:56:58.029 25915 26075 I Rubin   : [4019] com.samsung.android.rubin.inferenceengine.contextanalytics.engine.monitors.moment.exercise.ExercisingWithCmhMonitor.isSatisfiedByCmh(Unknown Source) : isSatisfiedByCmh is false
03-02 00:56:58.029  1507  1907 I SurfaceFlinger: id=155373 createSurf, flag=20404, Background for 7086fb SurfaceView[com.zhiliaoapp.musically/com.ss.android.ugc.aweme.splash.SplashActivity]@0#155373
03-02 00:56:58.029  1445 16865 W C2MtkBufferManager: [0xB4000070F68A9420] fetchNewCcBlock: wait fence 0x0xb4000070f692fea0 timed out. ret 110
03-02 00:56:58.029 14885 14885 D BufferQueueConsumer: [](id:3a2500000014,api:0,p:-1,c:14885) connect: controlledByApp=false
03-02 00:56:58.030 14885 14885 I BLASTBufferQueue: [7086fb SurfaceView[com.zhiliaoapp.musically/com.ss.android.ugc.aweme.splash.SplashActivity]@0#17](f:0,a:0,s:0) constructor()
03-02 00:56:58.030  1507  1825 I SurfaceFlinger: Capture layer list: 	 com.podcast.app.debug/androidx.activity.ComponentActivity$_17121#155343(seamlessTransition:0)
03-02 00:56:58.030  1507  1825 I SurfaceFlinger: Capture layer list: 	 DimTransitionLayer for Surface(name=Task=44843)/@0x9ec6b3c#155363(seamlessTransition:0)
