03-02 00:57:27.375 14885 14885 I VRI[SplashActivity]@35f4eb8: mWNT: t=0x769ac0ba00 mBlastBufferQueue=0xnull fn= 0 HdrRenderState mRenderHdrSdrRatio=1.0 caller= android.view.ViewRootImpl.handleSyncRequestWhenNoAsyncDraw:6733 android.view.ViewRootImpl.performTraversals:5504 android.view.ViewRootImpl.doTraversal:3924
03-02 00:57:27.377  1507  1507 I SurfaceFlinger: onHandleDestroyed: layerId=156233, name=Bounds for - com.zhiliaoapp.musically/com.ss.android.ugc.aweme.splash.SplashActivity@21#156233
03-02 00:57:27.377  1507  1507 I SurfaceFlinger: id=156233 Removed Bounds for - com.zhiliaoapp.musically/com.ss.android.ugc.aweme.splash.SplashActivity@21#156233 (331)
03-02 00:57:27.377 14885 15423 D HWUI    : CacheManager::trimMemory(20)
03-02 00:57:27.379 14885 14885 I VRI[SplashActivity]@35f4eb8: stopped(true) old = false
03-02 00:57:27.379 14885 14885 D VRI[SplashActivity]@35f4eb8: WindowStopped on com.zhiliaoapp.musically/com.ss.android.ugc.aweme.splash.SplashActivity set to true
03-02 00:57:27.379 14885 15423 D HWUI    : CacheManager::trimMemory(20)
03-02 00:57:27.381 14885 14885 I System.out: SAFActivity: com.ss.android.ugc.aweme.main.MainActivity@c20428f,  onStop Start
03-02 00:57:27.383  1445  2902 W C2MtkBufferManager: [0xB4000070F507E520] fetchNewCcBlock: wait fence 0x0xb4000070f5058270 timed out. ret 110
03-02 00:57:27.385  1507  1507 I SurfaceFlinger: destroyed Bounds for - com.zhiliaoapp.musically/com.ss.android.ugc.aweme.splash.SplashActivity@21#156233
03-02 00:57:27.385  1507  1507 I SurfaceFlinger: [LayerHierarchy{RequestedLayerState{Background for 836459b SurfaceView[com.zhiliaoapp.musically/com.ss.android.ugc.aweme.splash.SplashActivity]@0#156242 z=-2147483648} no children}] reparent to OffscreenRoot
03-02 00:57:27.385  1446  1446 I SensorsHub: queueActivate: handle 5 enable 0
03-02 00:57:27.385  1507  1507 I SurfaceFlinger: [LayerHierarchy{RequestedLayerState{Background for 836459b SurfaceView[com.zhiliaoapp.musically/com.ss.android.ugc.aweme.splash.SplashActivity]@0#156242 z=-2147483648} no children}] RelativeParent to null
03-02 00:57:27.385  1507  1507 I SurfaceFlinger: [LayerHierarchy{RequestedLayerState{836459b SurfaceView[com.zhiliaoapp.musically/com.ss.android.ugc.aweme.splash.SplashActivity]@0(BLAST)#156241} no children}] reparent to OffscreenRoot
03-02 00:57:27.385  1507  1507 I SurfaceFlinger: [LayerHierarchy{RequestedLayerState{836459b SurfaceView[com.zhiliaoapp.musically/com.ss.android.ugc.aweme.splash.SplashActivity]@0(BLAST)#156241} no children}] RelativeParent to null
03-02 00:57:27.385  1507  1507 I SurfaceFlinger: [LayerHierarchy{RequestedLayerState{836459b SurfaceView[com.zhiliaoapp.musically/com.ss.android.ugc.aweme.splash.SplashActivity]@0#156240 z=-2} no children}] reparent to OffscreenRoot
03-02 00:57:27.385  1507  1507 I SurfaceFlinger: [LayerHierarchy{RequestedLayerState{836459b SurfaceView[com.zhiliaoapp.musically/com.ss.android.ugc.aweme.splash.SplashActivity]@0#156240 z=-2} no children}] RelativeParent to null
03-02 00:57:27.385  1507  1507 I SurfaceFlinger: [LayerHierarchy{RequestedLayerState{Background for 68eb87 SurfaceView[com.zhiliaoapp.musically/com.ss.android.ugc.aweme.splash.SplashActivity]@0#156236 z=-2147483648} no children}] reparent to OffscreenRoot
03-02 00:57:27.385  1507  1507 I SurfaceFlinger: [LayerHierarchy{RequestedLayerState{Background for 68eb87 SurfaceView[com.zhiliaoapp.musically/com.ss.android.ugc.aweme.splash.SplashActivity]@0#156236 z=-2147483648} no children}] RelativeParent to null
03-02 00:57:27.385  1507  1507 I SurfaceFlinger: [LayerHierarchy{RequestedLayerState{68eb87 SurfaceView[com.zhiliaoapp.musically/com.ss.android.ugc.aweme.splash.SplashActivity]@0(BLAST)#156235} no children}] reparent to OffscreenRoot
03-02 00:57:27.385  1507  1507 I SurfaceFlinger: [LayerHierarchy{RequestedLayerState{68eb87 SurfaceView[com.zhiliaoapp.musically/com.ss.android.ugc.aweme.splash.SplashActivity]@0(BLAST)#156235} no children}] RelativeParent to null
03-02 00:57:27.385  1507  1507 I SurfaceFlinger: [LayerHierarchy{RequestedLayerState{Background for 7086fb SurfaceView[com.zhiliaoapp.musically/com.ss.android.ugc.aweme.splash.SplashActivity]@0#156239 z=-2147483648} no children}] reparent to OffscreenRoot
03-02 00:57:27.385  1507  1507 I SurfaceFlinger: [LayerHierarchy{RequestedLayerState{Background for 7086fb SurfaceView[com.zhiliaoapp.musically/com.ss.android.ugc.aweme.splash.SplashActivity]@0#156239 z=-2147483648} no children}] RelativeParent to null
03-02 00:57:27.385  1507  1507 I SurfaceFlinger: [LayerHierarchy{RequestedLayerState{7086fb SurfaceView[com.zhiliaoapp.musically/com.ss.android.ugc.aweme.splash.SplashActivity]@0(BLAST)#156238} no children}] reparent to OffscreenRoot
03-02 00:57:27.385  1507  1507 I SurfaceFlinger: [LayerHierarchy{RequestedLayerState{7086fb SurfaceView[com.zhiliaoapp.musically/com.ss.android.ugc.aweme.splash.SplashActivity]@0(BLAST)#156238} no children}] RelativeParent to null
03-02 00:57:27.385  1507  1507 I SurfaceFlinger: [LayerHierarchy{RequestedLayerState{7086fb SurfaceView[com.zhiliaoapp.musically/com.ss.android.ugc.aweme.splash.SplashActivity]@0#156237 z=-2} no children}] reparent to OffscreenRoot
03-02 00:57:27.385  1507  1507 I SurfaceFlinger: [LayerHierarchy{RequestedLayerState{7086fb SurfaceView[com.zhiliaoapp.musically/com.ss.android.ugc.aweme.splash.SplashActivity]@0#156237 z=-2} no children}] RelativeParent to null
03-02 00:57:27.385  1507  1507 I SurfaceFlinger: [LayerHierarchy{RequestedLayerState{68eb87 SurfaceView[com.zhiliaoapp.musically/com.ss.android.ugc.aweme.splash.SplashActivity]@0#156234 z=-2} no children}] reparent to OffscreenRoot
03-02 00:57:27.385  1507  1507 I SurfaceFlinger: [LayerHierarchy{RequestedLayerState{68eb87 SurfaceView[com.zhiliaoapp.musically/com.ss.android.ugc.aweme.splash.SplashActivity]@0#156234 z=-2} no children}] RelativeParent to null
03-02 00:57:27.386  1446  1446 I SensorsHub: type : 5, enable : 0
03-02 00:57:27.386  2013  2731 I MediaFocusControl: abandonAudioFocus() from uid/pid 10350/14885 clientId=android.media.AudioManager@b7fcc9dX.143s@4302512 callingPack=com.zhiliaoapp.musically
03-02 00:57:27.387  2013  2731 D AS.AudioService: [Android Auto] isConnectedAndroidAuto = false
03-02 00:57:27.387  2013  2731 D MediaFocusControl: selectFocusStack, uid = 10350, appDevice = 0, device = 2
03-02 00:57:27.387  2013  2731 I MediaFocusControl: removeFocusStackEntry client:android.media.AudioManager@b7fcc9dX.143s@4302512
03-02 00:57:27.389  1507  1507 I Layer   : id=156233 Destroyed Bounds for - com.zhiliaoapp.musically/com.ss.android.ugc.aweme.splash.SplashActivity@21#156233
03-02 00:57:27.389  1507  1507 I SurfaceFlinger: onHandleDestroyed: layerId=156241, name=836459b SurfaceView[com.zhiliaoapp.musically/com.ss.android.ugc.aweme.splash.SplashActivity]@0(BLAST)#156241
03-02 00:57:27.389  1507  1507 I SurfaceFlinger: id=156241 Removed 836459b SurfaceView[com.zhiliaoapp.musically/com.ss.android.ugc.aweme.splash.SplashActivity]@0(BLAST)#156241 (330)
03-02 00:57:27.389  1507  1507 I SurfaceFlinger: onHandleDestroyed: layerId=156240, name=836459b SurfaceView[com.zhiliaoapp.musically/com.ss.android.ugc.aweme.splash.SplashActivity]@0#156240
03-02 00:57:27.389  1507  1507 I SurfaceFlinger: id=156240 Removed 836459b SurfaceView[com.zhiliaoapp.musically/com.ss.android.ugc.aweme.splash.SplashActivity]@0#156240 (330)
03-02 00:57:27.389  1507  1507 I SurfaceFlinger: onHandleDestroyed: layerId=156242, name=Background for 836459b SurfaceView[com.zhiliaoapp.musically/com.ss.android.ugc.aweme.splash.SplashActivity]@0#156242
03-02 00:57:27.389  1507  1507 I SurfaceFlinger: id=156242 Removed Background for 836459b SurfaceView[com.zhiliaoapp.musically/com.ss.android.ugc.aweme.splash.SplashActivity]@0#156242 (330)
03-02 00:57:27.389  1507  1507 I SurfaceFlinger: onHandleDestroyed: layerId=156238, name=7086fb SurfaceView[com.zhiliaoapp.musically/com.ss.android.ugc.aweme.splash.SplashActivity]@0(BLAST)#156238
03-02 00:57:27.389  1507  1507 I SurfaceFlinger: id=156238 Removed 7086fb SurfaceView[com.zhiliaoapp.musically/com.ss.android.ugc.aweme.splash.SplashActivity]@0(BLAST)#156238 (330)
03-02 00:57:27.389  1507  1507 I SurfaceFlinger: onHandleDestroyed: layerId=156237, name=7086fb SurfaceView[com.zhiliaoapp.musically/com.ss.android.ugc.aweme.splash.SplashActivity]@0#156237
03-02 00:57:27.389  1507  1507 I SurfaceFlinger: id=156237 Removed 7086fb SurfaceView[com.zhiliaoapp.musically/com.ss.android.ugc.aweme.splash.SplashActivity]@0#156237 (330)
03-02 00:57:27.389  1507  1507 I SurfaceFlinger: onHandleDestroyed: layerId=156239, name=Background for 7086fb SurfaceView[com.zhiliaoapp.musically/com.ss.android.ugc.aweme.splash.SplashActivity]@0#156239
03-02 00:57:27.389  1507  1507 I SurfaceFlinger: id=156239 Removed Background for 7086fb SurfaceView[com.zhiliaoapp.musically/com.ss.android.ugc.aweme.splash.SplashActivity]@0#156239 (330)
03-02 00:57:27.389  1507  1507 I SurfaceFlinger: onHandleDestroyed: layerId=156235, name=68eb87 SurfaceView[com.zhiliaoapp.musically/com.ss.android.ugc.aweme.splash.SplashActivity]@0(BLAST)#156235
03-02 00:57:27.389  1507  1507 I SurfaceFlinger: id=156235 Removed 68eb87 SurfaceView[com.zhiliaoapp.musically/com.ss.android.ugc.aweme.splash.SplashActivity]@0(BLAST)#156235 (330)
03-02 00:57:27.389  1507  1507 I SurfaceFlinger: onHandleDestroyed: layerId=156234, name=68eb87 SurfaceView[com.zhiliaoapp.musically/com.ss.android.ugc.aweme.splash.SplashActivity]@0#156234
03-02 00:57:27.389  1507  1507 I SurfaceFlinger: id=156234 Removed 68eb87 SurfaceView[com.zhiliaoapp.musically/com.ss.android.ugc.aweme.splash.SplashActivity]@0#156234 (330)
03-02 00:57:27.389  1507  1507 I SurfaceFlinger: onHandleDestroyed: layerId=156236, name=Background for 68eb87 SurfaceView[com.zhiliaoapp.musically/com.ss.android.ugc.aweme.splash.SplashActivity]@0#156236
03-02 00:57:27.389  1507  1507 I SurfaceFlinger: id=156236 Removed Background for 68eb87 SurfaceView[com.zhiliaoapp.musically/com.ss.android.ugc.aweme.splash.SplashActivity]@0#156236 (330)
03-02 00:57:27.390 14885 16208 D SensorManager: unregisterListener
03-02 00:57:27.394  1445 18689 W C2MtkBufferManager: [0xB4000070F68A8D20] fetchNewCcBlock: wait fence 0x0xb4000070f692fcb0 timed out. ret 110
03-02 00:57:27.396  1507  1507 I SurfaceFlinger: destroyed Background for 836459b SurfaceView[com.zhiliaoapp.musically/com.ss.android.ugc.aweme.splash.SplashActivity]@0#156242
03-02 00:57:27.396  1507  1507 I SurfaceFlinger: destroyed 68eb87 SurfaceView[com.zhiliaoapp.musically/com.ss.android.ugc.aweme.splash.SplashActivity]@0#156234
03-02 00:57:27.396  1507  1507 I SurfaceFlinger: destroyed 7086fb SurfaceView[com.zhiliaoapp.musically/com.ss.android.ugc.aweme.splash.SplashActivity]@0#156237
03-02 00:57:27.396  1507  1507 I SurfaceFlinger: destroyed 7086fb SurfaceView[com.zhiliaoapp.musically/com.ss.android.ugc.aweme.splash.SplashActivity]@0(BLAST)#156238
03-02 00:57:27.396  1507  1507 I SurfaceFlinger: destroyed Background for 7086fb SurfaceView[com.zhiliaoapp.musically/com.ss.android.ugc.aweme.splash.SplashActivity]@0#156239
03-02 00:57:27.396  1507  1507 I SurfaceFlinger: destroyed 68eb87 SurfaceView[com.zhiliaoapp.musically/com.ss.android.ugc.aweme.splash.SplashActivity]@0(BLAST)#156235
03-02 00:57:27.396  1507  1507 I SurfaceFlinger: destroyed Background for 68eb87 SurfaceView[com.zhiliaoapp.musically/com.ss.android.ugc.aweme.splash.SplashActivity]@0#156236
03-02 00:57:27.396  1507  1507 I SurfaceFlinger: destroyed 836459b SurfaceView[com.zhiliaoapp.musically/com.ss.android.ugc.aweme.splash.SplashActivity]@0(BLAST)#156241
03-02 00:57:27.396  1507  1507 I SurfaceFlinger: destroyed 836459b SurfaceView[com.zhiliaoapp.musically/com.ss.android.ugc.aweme.splash.SplashActivity]@0#156240
03-02 00:57:27.399  1507  1507 I Layer   : id=156236 Destroyed Background for 68eb87 SurfaceView[com.zhiliaoapp.musically/com.ss.android.ugc.aweme.splash.SplashActivity]@0#156236
03-02 00:57:27.399  1507  1507 I Layer   : id=156234 Destroyed 68eb87 SurfaceView[com.zhiliaoapp.musically/com.ss.android.ugc.aweme.splash.SplashActivity]@0#156234
03-02 00:57:27.399  1507  1507 I Layer   : id=156235 Destroyed 68eb87 SurfaceView[com.zhiliaoapp.musically/com.ss.android.ugc.aweme.splash.SplashActivity]@0(BLAST)#156235
03-02 00:57:27.399  1507  1507 I Layer   : id=156239 Destroyed Background for 7086fb SurfaceView[com.zhiliaoapp.musically/com.ss.android.ugc.aweme.splash.SplashActivity]@0#156239
03-02 00:57:27.399  1507  1507 I Layer   : id=156237 Destroyed 7086fb SurfaceView[com.zhiliaoapp.musically/com.ss.android.ugc.aweme.splash.SplashActivity]@0#156237
03-02 00:57:27.400  1507  1507 I Layer   : id=156238 Destroyed 7086fb SurfaceView[com.zhiliaoapp.musically/com.ss.android.ugc.aweme.splash.SplashActivity]@0(BLAST)#156238
03-02 00:57:27.400  1507  1507 I Layer   : id=156242 Destroyed Background for 836459b SurfaceView[com.zhiliaoapp.musically/com.ss.android.ugc.aweme.splash.SplashActivity]@0#156242
03-02 00:57:27.400  1507  1507 I Layer   : id=156240 Destroyed 836459b SurfaceView[com.zhiliaoapp.musically/com.ss.android.ugc.aweme.splash.SplashActivity]@0#156240
03-02 00:57:27.400  1507  1507 I Layer   : id=156241 Destroyed 836459b SurfaceView[com.zhiliaoapp.musically/com.ss.android.ugc.aweme.splash.SplashActivity]@0(BLAST)#156241
03-02 00:57:27.403  1507  1825 I SurfaceFlinger: Capture layer list: 	 com.podcast.app.debug/androidx.activity.ComponentActivity$_17121#156253(seamlessTransition:0)
03-02 00:57:27.405 14885 16800 D Native  : [TTNativeML] NativeMLTaskRunner 2.3-2.4 code：BuildInputs: CostTime 0.21 ms
03-02 00:57:27.405 14885 16800 D Native  : [TTNativeML] NativeMLTaskRunner 3-4 code：AdapterSetInputs: cost time 0.08 ms
03-02 00:57:27.405 14885 16800 D Native  : [TTNativeML] NativeMLTaskRunner 4-5 code：AdapterInference: cost time 0.40 ms
03-02 00:57:27.409 14885 14885 I System.out: SceneSafeLifecycleDispatcher: onStopped Start
03-02 00:57:27.410 14885 14885 I System.out: SAFActivity V Scene Framework: NavigationMessageQueue postSync start
03-02 00:57:27.410 14885 14885 I System.out: SAFActivity V Scene Framework: NavigationMessageQueue postSync run current task start 14_Y.ARunnableS108S0200000_32@43c1227
03-02 00:57:27.410 14885 14885 I System.out: SAFActivity V Scene Framework: NavigationSceneManager Sync Scene SAFFragmentRootScene{79e191c} Lifecycle [STARTED -> ACTIVITY_CREATED] without saved State
03-02 00:57:27.410 14885 14885 I System.out: SAFFragmentRootScene: onStop Start (SAFFragmentRootScene{79e191c})
03-02 00:57:27.413 14885 14885 I System.out: SAFActivity V Scene Framework: NavigationMessageQueue postSync run current task finish 14_Y.ARunnableS108S0200000_32@43c1227
03-02 00:57:27.414 14885 14885 I System.out: SAFActivity V Scene Framework: NavigationMessageQueue postSync finish
03-02 00:57:27.414 14885 14885 I System.out: SceneSafeLifecycleDispatcher: onStopped End STOP
03-02 00:57:27.414 14885 14885 I System.out: SAFActivity: com.ss.android.ugc.aweme.main.MainActivity@c20428f,  onStop End
03-02 00:57:27.414 14885 14885 D SV[6876039 SplashActivity]: updateSurface: surface is not valid
03-02 00:57:27.414 14885 14885 I SV[6876039 SplashActivity]: releaseSurfaces: viewRoot = VRI[SplashActivity]@35f4eb8
03-02 00:57:27.414 14885 14885 D VRI[SplashActivity]@35f4eb8: applyTransactionOnDraw applyImmediately
03-02 00:57:27.414  6655 28636 I NearbySharing: Network state changed: NetworkState(isRestricted=false, isOnline=true, isCongested=false, isMetered=false, isWifiConnected=true)
03-02 00:57:27.414 14885 14885 D SV[7374587 SplashActivity]: updateSurface: surface is not valid
03-02 00:57:27.414 14885 14885 I SV[7374587 SplashActivity]: releaseSurfaces: viewRoot = VRI[SplashActivity]@35f4eb8
03-02 00:57:27.414 14885 14885 D VRI[SplashActivity]@35f4eb8: applyTransactionOnDraw applyImmediately
03-02 00:57:27.414 14885 14885 D SV[137774491 SplashActivity]: updateSurface: surface is not valid
03-02 00:57:27.415 14885 14885 I SV[137774491 SplashActivity]: releaseSurfaces: viewRoot = VRI[SplashActivity]@35f4eb8
03-02 00:57:27.415 14885 14885 D VRI[SplashActivity]@35f4eb8: applyTransactionOnDraw applyImmediately
03-02 00:57:27.416 14885 14885 I System.out: SAFActivity V Scene Framework: NavigationSceneManager forceExecutePendingNavigationOperation start
03-02 00:57:27.417 14885 14885 I System.out: SAFActivity V Scene Framework: NavigationMessageQueue postSync start
03-02 00:57:27.417 14885 14885 I System.out: SAFActivity V Scene Framework: NavigationMessageQueue postSync run current task start 0_Y.ARunnableS90S0000000_15@c8b943
03-02 00:57:27.417 14885 14885 I System.out: SAFActivity V Scene Framework: NavigationMessageQueue postSync run current task finish 0_Y.ARunnableS90S0000000_15@c8b943
03-02 00:57:27.417 14885 14885 I System.out: SAFActivity V Scene Framework: NavigationMessageQueue postSync finish
03-02 00:57:27.417 14885 14885 I System.out: SAFActivity V Scene Framework: NavigationSceneManager forceExecutePendingNavigationOperation finish
03-02 00:57:27.417 14885 14885 I System.out: SAFActivity: com.ss.android.ugc.aweme.main.MainActivity@c20428f,  onSaveInstanceState Start
03-02 00:57:27.418 14885 14885 I System.out: SceneSafeLifecycleDispatcher: onSaveInstanceState Start
03-02 00:57:27.418 14885 14885 I System.out: SAFFragmentRootScene: onSaveInstanceState Start (SAFFragmentRootScene{79e191c})
03-02 00:57:27.418 14885 14885 I System.out: SceneSafeLifecycleDispatcher: onSaveInstanceState End STOP
03-02 00:57:27.418 14885 14885 I System.out: SAFActivity: com.ss.android.ugc.aweme.main.MainActivity@c20428f,  onSaveInstanceState End
03-02 00:57:27.419 14885 14885 W System.err: onActivityPostSaveInstanceState store finished---->com.ss.android.ugc.aweme.main.MainActivity@c20428f
03-02 00:57:27.422 14885 14885 D SV[6876039 SplashActivity]: updateSurface: surface is not valid
03-02 00:57:27.422 14885 14885 I SV[6876039 SplashActivity]: releaseSurfaces: viewRoot = VRI[SplashActivity]@35f4eb8
03-02 00:57:27.422 14885 14885 D VRI[SplashActivity]@35f4eb8: applyTransactionOnDraw applyImmediately
03-02 00:57:27.423 14885 14885 D SV[7374587 SplashActivity]: updateSurface: surface is not valid
03-02 00:57:27.423 14885 14885 I SV[7374587 SplashActivity]: releaseSurfaces: viewRoot = VRI[SplashActivity]@35f4eb8
03-02 00:57:27.423 14885 14885 D VRI[SplashActivity]@35f4eb8: applyTransactionOnDraw applyImmediately
03-02 00:57:27.423 14885 14885 D SV[137774491 SplashActivity]: updateSurface: surface is not valid
03-02 00:57:27.423 14885 14885 I SV[137774491 SplashActivity]: releaseSurfaces: viewRoot = VRI[SplashActivity]@35f4eb8
03-02 00:57:27.423 14885 14885 D VRI[SplashActivity]@35f4eb8: applyTransactionOnDraw applyImmediately
03-02 00:57:27.429  2013 18777 I SemInputMotionHelper: setMotionControl: ALL: 12, client=com.samsung.android.hardware.secinputdev.SemInputDeviceManager, ret=-1
03-02 00:57:27.428  1507  1507 I SurfaceFlinger: [LayerHierarchy{RequestedLayerState{com.zhiliaoapp.musically/com.ss.android.ugc.aweme.splash.SplashActivity$_14885#156230} no children}] reparent to OffscreenRoot
03-02 00:57:27.429  1507  1507 I SurfaceFlinger: [LayerHierarchy{RequestedLayerState{com.zhiliaoapp.musically/com.ss.android.ugc.aweme.splash.SplashActivity$_14885#156230} no children}] RelativeParent to null
03-02 00:57:27.429  2013 18777 D SemInputDeviceManager: setProperty: (100) CMD,SIP,0
03-02 00:57:27.429  2013 18777 I SemInputCommandService: setPropertyAllTouch: SIP,0 retDefault=1 retExtra=-2
03-02 00:57:27.429  2013  2625 D SemInputDevice:TSP: SetPropertyTask: CMD,set_sip_mode,0 [03-02 00:57:27.429]
03-02 00:57:27.430  2013 18778 D SemInputDeviceManager: setProperty: (0) CMD,GRIP_DATA,1,45,7,15,702
03-02 00:57:27.430  1478  1491 I sysinput:aidl: onReportInformation:93, 1, cmd@set_sip_mode,0:0
03-02 00:57:27.431  2013  2625 D SysinputHAL_AIDL: setProperty(TSP(1)): CMD, set_sip_mode,0 ret=0
03-02 00:57:27.432  1478  1491 I sysinput:Touch1: operator():241, OK
03-02 00:57:27.432  1507  1507 I SurfaceFlinger: onHandleDestroyed: layerId=156230, name=com.zhiliaoapp.musically/com.ss.android.ugc.aweme.splash.SplashActivity$_14885#156230
03-02 00:57:27.432  1507  1507 I SurfaceFlinger: id=156230 Removed com.zhiliaoapp.musically/com.ss.android.ugc.aweme.splash.SplashActivity$_14885#156230 (321)
03-02 00:57:27.433  2013  2625 D SemInputDevice:TSP: SetPropertyTask: CMD,set_grip_data,1,45,7,15,702 [03-02 00:57:27.431]
03-02 00:57:27.435  1445 18689 W C2MtkBufferManager: [0xB4000070F68A8D20] fetchNewCcBlock: wait fence 0x0xb4000070f692fcb0 timed out. ret 110
03-02 00:57:27.436  1478  1491 I sysinput:aidl: onReportInformation:91, 1, cmd@set_grip_data,1,45,7,15,70
03-02 00:57:27.436  1478  1491 I sysinput:Touch1: operator():241, OK
03-02 00:57:27.436  2013  2625 D SysinputHAL_AIDL: setProperty(TSP(1)): CMD, set_grip_data,1,45,7,15,702 ret=0
03-02 00:57:27.439  1507  1507 I SurfaceFlinger: destroyed com.zhiliaoapp.musically/com.ss.android.ugc.aweme.splash.SplashActivity$_14885#156230
03-02 00:57:27.443  1507  1507 I Layer   : id=156230 Destroyed com.zhiliaoapp.musically/com.ss.android.ugc.aweme.splash.SplashActivity$_14885#156230
03-02 00:57:27.452 14885 16183 D ThreadBooster: [Scene Stop] After reset priority, aoapp.musically priority is -10
03-02 00:57:27.452 14885 16183 D ThreadBooster: [Scene Start] After adjust priority,  aoapp.musically priority is -20, tid: 14885
03-02 00:57:27.455 14885 16208 W System.err: FlagsHookHelper: skip hook flags method getInstanceHook
03-02 00:57:27.456  1445  2902 W C2MtkBufferManager: [0xB4000070F507E520] fetchNewCcBlock: wait fence 0x0xb4000070f5058270 timed out. ret 110
03-02 00:57:27.463 14885 15878 W NaviWarn: StackPtr is not 8-byte aligned.
03-02 00:57:27.466  2013  2067 I ChimeraSystemEventListener: appLaunchIntent package name is: com.podcast.app.debug.test
03-02 00:57:27.472  1464  1492 I mtkpower@impl: [setMode] type:5, enabled:1
03-02 00:57:27.472  2013  3441 I SemDvfsHyPerManager: acquire hyper - AMS_APP_SWITCH/2013@20, type = -999
03-02 00:57:27.472  1450  1487 I HYPER-HAL: [RequestManager.cpp]acquire(): Acquired ID : 2067581  [2013 / 20]    HINT : AMS_ACT_SWITCH    list :
03-02 00:57:27.473  1450  1487 I mtkpower_client: perf_lock_rel, hdl:76606, pid: 1450, tid:1487
03-02 00:57:27.473  4784  4784 I SemDvfsHyPerManager: acquire hyper - APP_START_SHORT/4784@15, type = -999
03-02 00:57:27.473  1450  1487 I mtkpower_client: perf_lock_acq, hdl:0, dur:0, num:2, pid:1450, tid:1487
03-02 00:57:27.473  1507  2128 I SurfaceFlinger: id=156262 createSurf, flag=24004, Task=44881#156262
03-02 00:57:27.474  1464  1529 I libPowerHal: [perfLockRel] hdl:76606, idx:6
03-02 00:57:27.474  1445 18689 W C2MtkBufferManager: [0xB4000070F68A8D20] fetchNewCcBlock: wait fence 0x0xb4000070f692fcb0 timed out. ret 110
03-02 00:57:27.475  1464  1529 I libPowerHal: [PD] vendor.samsung. update cmd:1000000 param:-1 pr:6
03-02 00:57:27.475  1507  2128 I SurfaceFlinger: id=156263 createSurf, flag=84004, ActivityRecord{58361563 u0 com.podcast.app.debug.test/androidx.test.core.app.InstrumentationActivityInvoker$EmptyActivity t44881}#156263
03-02 00:57:27.475  1464  1529 I libPowerHal: [perfLockRel] Done for hdl : 76606
03-02 00:57:27.476  1450  1487 I mtkpower_client: ret_hdl:76607
03-02 00:57:27.476  1450  1487 I mtkpower_client: perf_lock_rel, hdl:76604, pid: 1450, tid:1487
03-02 00:57:27.477  1464  1529 I libPowerHal: [perfLockAcq] idx:5 hdl:76607 hint:-1 pid:1450 tid:1487 duration:0 lock_user:vendor.samsung. => ret_hdl:76607
03-02 00:57:27.477  1464  1529 I libPowerHal: [setDvfsrcDevFreqOpp] opp:0, freq:4266000000
03-02 00:57:27.477  1464  1529 I libPowerHal: [PE] vendor.samsung. update cmd:1000000 param:0 pr:3
03-02 00:57:27.477  1464  1529 I libPowerHal: [perfLockAcq] Done for hdl : 76607
03-02 00:57:27.478 14636 14636 D WM-SystemJobService: onStopJob for WorkGenerationalId(workSpecId=f23029b8-b7a3-4a93-aaf6-b7c7a26dfe9e, generation=0)
03-02 00:57:27.478  1464  1529 I libPowerHal: [perfLockRel] hdl:76604, idx:2
03-02 00:57:27.479  1464  1529 I libPowerHal: [PD] vendor.samsung. update cmd:400000 param:-1 pr:6
03-02 00:57:27.479 14636 15263 D WM-Processor: WorkerWrapper interrupted for f23029b8-b7a3-4a93-aaf6-b7c7a26dfe9e
03-02 00:57:27.479 14636 15263 D WM-StopWorkRunnable: StopWorkRunnable for f23029b8-b7a3-4a93-aaf6-b7c7a26dfe9e; Processor.stopWork = true
03-02 00:57:27.479  1464  1529 I libPowerHal: [recordCPUFreqInfo] set cluster[0] min(-1): -1 max(-1): -1 cluster[1] min(-1): -1 max(-1): -1
03-02 00:57:27.479  1464  1529 I libPowerHal: [perfLockRel] Done for hdl : 76604
03-02 00:57:27.479  1450  1487 I mtkpower_client: perf_lock_acq, hdl:0, dur:0, num:2, pid:1450, tid:1487
03-02 00:57:27.480  1450  1487 I mtkpower_client: ret_hdl:76608
03-02 00:57:27.480  1450  1487 I HYPER-HAL: [RequestManager.cpp]acquire(): Acquired ID : 11517615  [4784 / 15]    HINT : APP_START    list : [TIMEOUT / 1500]
03-02 00:57:27.481  2013  3345 I SemDvfsHyPerManager: acquire hyper - AMS_APP_LAUNCH/2013@17, type = -999
03-02 00:57:27.481  1450  1487 I HYPER-HAL: [RequestManager.cpp]acquire(): Acquired ID : 2061482  [2013 / 17]    HINT : AMS_APP_LAUNCH    list :
03-02 00:57:27.482  1464  1529 I libPowerHal: [perfLockAcq] idx:2 hdl:76608 hint:-1 pid:1450 tid:1487 duration:0 lock_user:vendor.samsung. => ret_hdl:76608
03-02 00:57:27.482  1464  1529 I libPowerHal: [PE] vendor.samsung. update cmd:400000 param:2000000 pr:3
03-02 00:57:27.482  1464  1529 I libPowerHal: [recordCPUFreqInfo] set cluster[0] min(vendor.samsung.): 2000000 max(-1): -1 cluster[1] min(-1): -1 max(-1): -1
03-02 00:57:27.482  1464  1529 I libPowerHal: [perfLockAcq] Done for hdl : 76608
03-02 00:57:27.483  4784  4784 I SemDvfsHyPerManager: acquire hyper - APP_START/4784@17, type = -999
03-02 00:57:27.483  1450  1487 I HYPER-HAL: [RequestManager.cpp]acquire(): Acquired ID : 11527218  [4784 / 17]    HINT : APP_START    list :
03-02 00:57:27.483 17121 17121 D LifecycleMonitor: Lifecycle status change: androidx.activity.ComponentActivity@99dfc52 in: PAUSED
03-02 00:57:27.483 17121 17121 V ActivityScenario: Update currentActivityStage to PAUSED, currentActivity=androidx.activity.ComponentActivity@99dfc52
03-02 00:57:27.483  2013  2065 D PkgPredictorService-SecIpmManagerServiceImpl: bg information pid:14885 uid:10350 pkgName:com.zhiliaoapp.musically
03-02 00:57:27.483  2746  2808 I ViewRootImpl: dVRR is disabled
03-02 00:57:27.484  2746  2870 D NativeCustomFrequencyManager: [NativeCFMS] BpCustomFrequencyManager::BpCustomFrequencyManager()
03-02 00:57:27.487  1646 17197 I CameraService: onUidStateChanged: uid=10492, procState is changed. (8 -> 10)
03-02 00:57:27.487 14885 14885 D BBA2    : setIsFg isFg = false; delayValue 3999ms
03-02 00:57:27.488 14636 15217 I WM-WorkerWrapper: Work [ id=f23029b8-b7a3-4a93-aaf6-b7c7a26dfe9e, tags={ com.urbanairship.job.AirshipWorker,airship } ] was cancelled
03-02 00:57:27.488 14636 15217 I WM-WorkerWrapper: androidx.work.impl.WorkerStoppedException
03-02 00:57:27.488 14636 15217 I WM-WorkerWrapper: 	at o.setEnabledWhenDeviceHasQuirk.AnimatedBarChartKtAnimatedBarChart1112(:348)
03-02 00:57:27.488 14636 15217 I WM-WorkerWrapper: 	at o.MutableConfig.AnimatedBarChartKtAnimatedBarChart1(:439)
03-02 00:57:27.488 14636 15217 I WM-WorkerWrapper: 	at o.MutableConfig.AnimatedBarChartKtAnimatedBarChart1112(:259)
03-02 00:57:27.488 14636 15217 I WM-WorkerWrapper: 	at o.getUseCaseInfo.run(:49)
03-02 00:57:27.488 14636 15217 I WM-WorkerWrapper: 	at o.TagBundle$Architecture.run(:96)
03-02 00:57:27.488 14636 15217 I WM-WorkerWrapper: 	at java.util.concurrent.ThreadPoolExecutor.runWorker(ThreadPoolExecutor.java:1154)
03-02 00:57:27.488 14636 15217 I WM-WorkerWrapper: 	at java.util.concurrent.ThreadPoolExecutor$Worker.run(ThreadPoolExecutor.java:652)
03-02 00:57:27.488 14636 15217 I WM-WorkerWrapper: 	at java.lang.Thread.run(Thread.java:1563)
03-02 00:57:27.488  2013  4843 D InputDispatcher: Focused application(0): ActivityRecord{58361563 u0 com.podcast.app.debug.test/androidx.test.core.app.InstrumentationActivityInvoker$EmptyActivity t44881}
03-02 00:57:27.489 14636 15217 D WM-WorkerWrapper: Status for f23029b8-b7a3-4a93-aaf6-b7c7a26dfe9e is RUNNING; not doing any work and rescheduling for later execution
03-02 00:57:27.489  2013  2027 D GraphicsStatsService: requestRenderEngineFor(com.podcast.app.debug.test)
03-02 00:57:27.490 14636 14636 D WM-Processor: MutableConfig f23029b8-b7a3-4a93-aaf6-b7c7a26dfe9e executed; reschedule = true
03-02 00:57:27.491  3202  3386 I HoneySpace.TopTaskSource: onTaskMovedToFront : taskId = 44881, displayId = 0
03-02 00:57:27.491  3506  3506 E pageboostd: Received HALT command code 2
03-02 00:57:27.492  2746  2798 D ShellDesktopMode: handleRequest: TransitionRequestInfo {type=1, tid=44881, debugId=11277}
03-02 00:57:27.494  3202  3390 I HoneySpace.TopTaskUseCase: topTasks 44881 ComponentInfo{com.podcast.app.debug.test/androidx.test.core.app.InstrumentationActivityInvoker$EmptyActivity}[displayId=0]
03-02 00:57:27.496  1646  2917 I CameraService: onUidStateChanged: uid=10492, procState is changed. (10 -> 19)
03-02 00:57:27.501  2013  4834 D InputTransport: Input channel constructed: 'e825766', fd=1083
03-02 00:57:27.501  2013  4834 D InputTransport: Input channel constructed: 'e825766', fd=1100
03-02 00:57:27.501 14636 15266 D WM-GreedyScheduler: Cancelling work ID f23029b8-b7a3-4a93-aaf6-b7c7a26dfe9e
03-02 00:57:27.501  2013  4834 D InputTransport: Input channel constructed: 'e825766', fd=1116
03-02 00:57:27.501  2013  4834 D InputTransport: Input channel destroyed: 'e825766', fd=1100
03-02 00:57:27.502  1507  2128 I SurfaceFlinger: id=156264 createSurf, flag=84004, e825766 Splash Screen com.podcast.app.debug.test#156264
03-02 00:57:27.504  2013  4834 D InputTransport: Input channel destroyed: 'e825766', fd=1116
03-02 00:57:27.505  2746  2808 D InputTransport: Input channel constructed: 'e825766', fd=485
03-02 00:57:27.506 14636 15266 W JobInfo : Requested important-while-foreground flag for job3687 is ignored and takes no effect
03-02 00:57:27.506 14636 15266 D WM-SystemJobScheduler: Scheduling work ID f23029b8-b7a3-4a93-aaf6-b7c7a26dfe9eJob ID 3687
03-02 00:57:27.506  1507  1507 I SurfaceFlinger: [LayerHierarchy{RequestedLayerState{ImeContainer#15 parentId=156249 relativeParentId=156249 z=1} 1 children}] RelativeParent to null
03-02 00:57:27.506  2013  2600 D AS.MultiSoundManager: mForegroundUid = 10687
03-02 00:57:27.506  1507  1507 I SurfaceFlinger: [Task=44881#156262] attach to parent LayerHierarchy{RequestedLayerState{DefaultTaskDisplayArea_d0#10 parentId=9} 46 children}
03-02 00:57:27.506  1507  1507 I SurfaceFlinger: [ActivityRecord{58361563 u0 com.podcast.app.debug.test/androidx.test.core.app.InstrumentationActivityInvoker$EmptyActivity t44881}#156263] attach to parent LayerHierarchy{RequestedLayerState{Task=44881#156262 parentId=10} 1 children}
03-02 00:57:27.506  1507  1507 I SurfaceFlinger: [e825766 Splash Screen com.podcast.app.debug.test#156264] attach to parent LayerHierarchy{RequestedLayerState{ActivityRecord{58361563 u0 com.podcast.app.debug.test/androidx.test.core.app.InstrumentationActivityInvoker$EmptyActivity t44881}#156263 parentId=156262} 1 children}
03-02 00:57:27.506  2746  2808 I InsetsController: onStateChanged: host=Splash Screen com.podcast.app.debug.test, from=android.view.ViewRootImpl.onInsetsStateChanged:3026, state=InsetsState: {mDisplayFrame=Rect(0, 0 - 1080, 2340), mDisplayCutout=DisplayCutout{insets=Rect(0, 80 - 0, 0) waterfall=Insets{left=0, top=0, right=0, bottom=0} boundingRect={Bounds=[Rect(0, 0 - 0, 0), Rect(472, 0 - 608, 80), Rect(0, 0 - 0, 0), Rect(0, 0 - 0, 0)]} cutoutPathParserInfo={CutoutPathParserInfo{displayWidth=1080 displayHeight=2340 physicalDisplayWidth=1080 physicalDisplayHeight=2340 density={2.8125} cutoutSpec={M 0,0 H -24.177777778 V 28.4444444444 H 24.177777778 V 0 H 0 Z @dp} rotation={0} scale={1.0} physicalPixelDisplaySizeRatio={1.0}}} sideOverrides={}}, mRoundedCorners=RoundedCorners{[RoundedCorner{position=TopLeft, radius=113, center=Point(113, 113)}, RoundedCorner{position=TopRight, radius=113, center=Point(967, 113)}, RoundedCorner{position=BottomRight, radius=113, center=Point(967, 2227)}, RoundedCorner{position=BottomLeft, radius=113, center=Point(113, 2227)}]}  mRoundedCornerFrame=Rect(0, 0 - 1080, 2340), mPrivacyIndicatorBounds=PrivacyIndicatorBounds {static bounds=Rect(956, 0 - 1080, 80) rotation=0}, mDisplayShape=DisplayShape{ spec=-311912193 displayWidth=1080 displayHeight=2340 physicalPixelDisplaySizeRatio=1.0 rotation=0 offsetX=0 offsetY=0 scale=1.0}, mSources= { InsetsSource: {e9af0000 mType=statusBars mFrame=[0,0][1080,80] mVisible=true mFlags= mSideHint=TOP mBoundingRects=null}, InsetsSource: {e9af0005 mType=mandatorySystemGestures mFrame=[0,0][1080,114] mVisible=true mFlags= mSideHint=TOP mBoundingRects=null}, InsetsSource: {e9af0006 mType=tappableElement mFrame=[0,0][1080,80] mVisible=true mFlags= mSideHint=TOP mBoundingRects=null}, InsetsSource: {3 mType=ime mFrame=[0,0][0,0] mVisible=false mFlags= mSideHint=NONE mBoundingRects=null}, InsetsSource: {27 mType=displayCutout mFrame=[0,0][1080,80] mVisible=true mFlags= mSideHint=TOP mBoundingRects=null}, InsetsSource: {26ed0001 mType=navigationBars mFrame=[0,2298][1080,2340] mVisible=true mFlags=SUPPRESS_SCRIM mSideHint=BOTTOM mBoundingRects=null}, InsetsSource: {26ed0004 mType=systemGestures mFrame=[0,0][84,2340] mVisible=true mFlags= mSideHint=LEFT mBoundingRects=null}, InsetsSource: {26ed0005 mType=mandatorySystemGestures mFrame=[0,2250][1080,2340] mVisible=true mFlags= mSideHint=BOTTOM mBoundingRects=null}, InsetsSource: {26ed0006 mType=tappableElement mFrame=[0,0][0,0] mVisible=true mFlags= mSideHint=NONE mBoundingRects=null}, InsetsSource: {26ed0024 mType=systemGestures mFrame=[996,0][1080,2340] mVisible=true mFlags= mSideHint=RIGHT mBoundingRects=null} }
03-02 00:57:27.507  2746  2808 I VRI[test]@cb0bd2a: onActiveControlsChanged, removed=false, mAdded=true, caller=android.view.ViewRootImpl.handleInsetsControlChanged:3002 android.view.ViewRootImpl.setView:2014 android.view.WindowManagerGlobal.addView:604 com.android.wm.shell.startingsurface.SplashscreenWindowCreator.addWindow:38 com.android.wm.shell.startingsurface.StartingWindowController$$ExternalSyntheticLambda4.run:1365
03-02 00:57:27.507  2746  2808 I VRI[test]@cb0bd2a: synced displayState. AttachInfo displayState=2
03-02 00:57:27.507  2746  2808 I VRI[test]@cb0bd2a: setView = android.widget.FrameLayout@8686064 IsHRR=false mFlingFrameRateChange=0 TM=true
03-02 00:57:27.508 17532 17532 I DecorView: setWindowBackground: isPopOver=false color=ffffffff d=android.graphics.drawable.ColorDrawable@5367753
03-02 00:57:27.508  2746  2870 D HWUI    : HWUI - treat SMPTE_170M as sRGB
03-02 00:57:27.509  2013  2027 I WindowManager: Relayout Window{e825766 u0 Splash Screen com.podcast.app.debug.test}: viewVisibility=0 req=1080x2340 ty=3 d0
03-02 00:57:27.510  1507  2128 I SurfaceFlinger: id=156265 createSurf, flag=44004, Splash Screen com.podcast.app.debug.test$_2746#156265
03-02 00:57:27.510  3202 10541 I HoneySpace.RecentTasks: onRecentTasksChanged
03-02 00:57:27.511  1444  1444 I hwcomposer: [HWCDisplay] (0 updateFps():4131), (type:1, mode:2) fps:85.292694,dur:1008.29,max:33.57,min:4.46
03-02 00:57:27.512 17532 17532 I ViewRootImpl: dVRR is disabled
03-02 00:57:27.512  2013  2027 I WindowManager: Relayout hash=e825766, pid=2746, syncId=-1: mAttrs={(0,0)(fillxfill) sim={adjust=pan} layoutInDisplayCutoutMode=always ty=APPLICATION_STARTING fmt=TRANSLUCENT
03-02 00:57:27.512  2013  2027 I WindowManager:   fl=81030118
03-02 00:57:27.512  2013  2027 I WindowManager:   pfl=10000810
03-02 00:57:27.512  2013  2027 I WindowManager:   apr=18
03-02 00:57:27.512  2013  2027 I WindowManager:   bhv=1
03-02 00:57:27.512  2013  2027 I WindowManager:   fitSides=0
03-02 00:57:27.512  2013  2027 I WindowManager:   frameRateBoostOnTouch=true
03-02 00:57:27.512  2013  2027 I WindowManager:   dvrrWindowFrameRateHint=true naviIconColor=0}
03-02 00:57:27.513  2746  2808 I VRI[test]@cb0bd2a: onActiveControlsChanged, removed=false, mAdded=true, caller=android.view.ViewRootImpl.handleInsetsControlChanged:3002 android.view.ViewRootImpl.relayoutWindow:11629 android.view.ViewRootImpl.performTraversals:4804 android.view.ViewRootImpl.doTraversal:3924 android.view.ViewRootImpl$TraversalRunnable.run:12903
03-02 00:57:27.513 17532 17563 D NativeCustomFrequencyManager: [NativeCFMS] BpCustomFrequencyManager::BpCustomFrequencyManager()
03-02 00:57:27.514  2746  2808 D BufferQueueConsumer: [](id:aba00001e23,api:0,p:-1,c:2746) connect: controlledByApp=false
03-02 00:57:27.514  2746  2808 I BLASTBufferQueue: [VRI[test]@cb0bd2a#7715](f:0,a:0,s:0) constructor()
03-02 00:57:27.514  1507  1825 I SurfaceFlinger: Capture layer list: 	 com.podcast.app.debug/androidx.activity.ComponentActivity$_17121#156253(seamlessTransition:0)
03-02 00:57:27.514  2746  2808 I BLASTBufferQueue_Java: new BLASTBufferQueue, mName= VRI[test]@cb0bd2a mNativeObject= 0xb40000767226cc00 caller= android.view.ViewRootImpl.updateBlastSurfaceIfNeeded:3585 android.view.ViewRootImpl.relayoutWindow:11685 android.view.ViewRootImpl.performTraversals:4804 android.view.ViewRootImpl.doTraversal:3924 android.view.ViewRootImpl$TraversalRunnable.run:12903 android.view.Choreographer$CallbackRecord.run:1901 android.view.Choreographer$CallbackRecord.run:1910 android.view.Choreographer.doCallbacks:1367 android.view.Choreographer.doFrame:1292 android.view.Choreographer$FrameDisplayEventReceiver.run:1870
03-02 00:57:27.514  1445 18689 W C2MtkBufferManager: [0xB4000070F68A8D20] fetchNewCcBlock: wait fence 0x0xb4000070f692fcb0 timed out. ret 110
03-02 00:57:27.515  2746  2808 I BLASTBufferQueue_Java: update, w= 1080 h= 2340 mName = VRI[test]@cb0bd2a mNativeObject= 0xb40000767226cc00 sc.mNativeObject= 0xb40000772aec4fc0 format= -3 caller= android.view.ViewRootImpl.updateBlastSurfaceIfNeeded:3590 android.view.ViewRootImpl.relayoutWindow:11685 android.view.ViewRootImpl.performTraversals:4804 android.view.ViewRootImpl.doTraversal:3924 android.view.ViewRootImpl$TraversalRunnable.run:12903 android.view.Choreographer$CallbackRecord.run:1901
03-02 00:57:27.515  2013  4834 D InputTransport: Input channel constructed: '2b4179f', fd=1074
03-02 00:57:27.515  2746  2808 I BLASTBufferQueue: [VRI[test]@cb0bd2a#7715](f:0,a:0,s:0) update width=1080 height=2340 format=-3 mTransformHint=0
03-02 00:57:27.515  2013  4834 D InputTransport: Input channel constructed: '2b4179f', fd=1100
03-02 00:57:27.515  3202 10541 I HoneySpace.RecentTasks: onRecentTasksChanged
03-02 00:57:27.516  2746  2808 I VRI[test]@cb0bd2a: Relayout returned: old=(0,0,1080,2340) new=(0,0,1080,2340) relayoutAsync=false req=(1080,2340)0 dur=4 res=0x3 s={true 0xb40000768d3dc500} ch=true seqId=0
03-02 00:57:27.516  2013  4834 D InputTransport: Input channel constructed: '2b4179f', fd=1116
03-02 00:57:27.516  2013  4834 D InputTransport: Input channel destroyed: '2b4179f', fd=1100
03-02 00:57:27.517  1507  1507 I SurfaceFlinger: [Display 0 name="Built-in Screen"#49] setFrameRateCategory: High
03-02 00:57:27.517  1507  1563 I SurfaceFlinger: id=156266 createSurf, flag=84004, 2b4179f com.podcast.app.debug.test/androidx.test.core.app.InstrumentationActivityInvoker$EmptyActivity#156266
03-02 00:57:27.517  1507  1507 I SurfaceFlinger: [Splash Screen com.podcast.app.debug.test$_2746#156265] attach to parent LayerHierarchy{RequestedLayerState{e825766 Splash Screen com.podcast.app.debug.test#156264 parentId=156263} 1 children}
03-02 00:57:27.518  2746  2808 I VRI[test]@cb0bd2a: performConfigurationChange setNightDimText nightDimLevel=0
03-02 00:57:27.518  2013  4834 D InputTransport: Input channel destroyed: '2b4179f', fd=1116
03-02 00:57:27.519  2746  2808 D VRI[test]@cb0bd2a: mThreadedRenderer.initialize() mSurface={isValid=true 0xb40000768d3dc500} hwInitialized=true
03-02 00:57:27.520  2746  2808 D VRI[test]@cb0bd2a: reportNextDraw android.view.ViewRootImpl.performTraversals:5443 android.view.ViewRootImpl.doTraversal:3924 android.view.ViewRootImpl$TraversalRunnable.run:12903 android.view.Choreographer$CallbackRecord.run:1901 android.view.Choreographer$CallbackRecord.run:1910
03-02 00:57:27.520  2746  2808 D VRI[test]@cb0bd2a: Setup new sync=wmsSync-VRI[test]@cb0bd2a#47
03-02 00:57:27.520  2746  2808 I VRI[test]@cb0bd2a: Creating new active sync group VRI[test]@cb0bd2a#48
03-02 00:57:27.521  2746  2808 D VRI[test]@cb0bd2a: registerCallbacksForSync syncBuffer=false
03-02 00:57:27.521 17532 17532 D InputTransport: Input channel constructed: '2b4179f', fd=119
03-02 00:57:27.521 17532 17532 I InsetsController: onStateChanged: host=com.podcast.app.debug.test/androidx.test.core.app.InstrumentationActivityInvoker$EmptyActivity, from=android.view.ViewRootImpl.onInsetsStateChanged:3026, state=InsetsState: {mDisplayFrame=Rect(0, 0 - 1080, 2340), mDisplayCutout=DisplayCutout{insets=Rect(0, 80 - 0, 0) waterfall=Insets{left=0, top=0, right=0, bottom=0} boundingRect={Bounds=[Rect(0, 0 - 0, 0), Rect(472, 0 - 608, 80), Rect(0, 0 - 0, 0), Rect(0, 0 - 0, 0)]} cutoutPathParserInfo={CutoutPathParserInfo{displayWidth=1080 displayHeight=2340 physicalDisplayWidth=1080 physicalDisplayHeight=2340 density={2.8125} cutoutSpec={M 0,0 H -24.177777778 V 28.4444444444 H 24.177777778 V 0 H 0 Z @dp} rotation={0} scale={1.0} physicalPixelDisplaySizeRatio={1.0}}} sideOverrides={}}, mRoundedCorners=RoundedCorners{[RoundedCorner{position=TopLeft, radius=113, center=Point(113, 113)}, RoundedCorner{position=TopRight, radius=113, center=Point(967, 113)}, RoundedCorner{position=BottomRight, radius=113, center=Point(967, 2227)}, RoundedCorner{position=BottomLeft, radius=113, center=Point(113, 2227)}]}  mRoundedCornerFrame=Rect(0, 0 - 1080, 2340), mPrivacyIndicatorBounds=PrivacyIndicatorBounds {static bounds=Rect(956, 0 - 1080, 80) rotation=0}, mDisplayShape=DisplayShape{ spec=-311912193 displayWidth=1080 displayHeight=2340 physicalPixelDisplaySizeRatio=1.0 rotation=0 offsetX=0 offsetY=0 scale=1.0}, mSources= { InsetsSource: {e9af0000 mType=statusBars mFrame=[0,0][1080,80] mVisible=true mFlags= mSideHint=TOP mBoundingRects=null}, InsetsSource: {e9af0005 mType=mandatorySystemGestures mFrame=[0,0][1080,114] mVisible=true mFlags= mSideHint=TOP mBoundingRects=null}, InsetsSource: {e9af0006 mType=tappableElement mFrame=[0,0][1080,80] mVisible=true mFlags= mSideHint=TOP mBoundingRects=null}, InsetsSource: {3 mType=ime mFrame=[0,0][0,0] mVisible=false mFlags= mSideHint=NONE mBoundingRects=null}, InsetsSource: {27 mType=displayCutout mFrame=[0,0][1080,80] mVisible=true mFlags= mSideHint=TOP mBoundingRects=null}, InsetsSource: {26ed0001 mType=navigationBars mFrame=[0,2298][1080,2340] mVisible=true mFlags=SUPPRESS_SCRIM mSideHint=BOTTOM mBoundingRects=null}, InsetsSource: {26ed0004 mType=systemGestures mFrame=[0,0][84,2340] mVisible=true mFlags= mSideHint=LEFT mBoundingRects=null}, InsetsSource: {26ed0005 mType=mandatorySystemGestures mFrame=[0,2250][1080,2340] mVisible=true mFlags= mSideHint=BOTTOM mBoundingRects=null}, InsetsSource: {26ed0006 mType=tappableElement mFrame=[0,0][0,0] mVisible=true mFlags= mSideHint=NONE mBoundingRects=null}, InsetsSource: {26ed0024 mType=systemGestures mFrame=[996,0][1080,2340] mVisible=true mFlags= mSideHint=RIGHT mBoundingRects=null} }
03-02 00:57:27.522  2746  2865 D VRI[test]@cb0bd2a: Received frameDrawingCallback syncResult=0 frameNum=1.
03-02 00:57:27.522  2746  2865 I VRI[test]@cb0bd2a: mWNT: t=0xb40000771f6f2d00 mBlastBufferQueue=0xb40000767226cc00 fn= 1 HdrRenderState mRenderHdrSdrRatio=1.0 caller= android.view.ViewRootImpl$12.onFrameDraw:15441 android.view.ThreadedRenderer$1.onFrameDraw:718 <bottom of call stack>
03-02 00:57:27.522  2746  2865 I VRI[test]@cb0bd2a: Setting up sync and frameCommitCallback
03-02 00:57:27.522 17532 17532 I VRI[InstrumentationActivityInvoker$EmptyActivity]@9ae798e: synced displayState. AttachInfo displayState=2
03-02 00:57:27.522  3202  3386 I HoneySpace.TopTaskSource: onTaskFocusChanged(): taskId = 44881
03-02 00:57:27.522 17532 17532 I VRI[InstrumentationActivityInvoker$EmptyActivity]@9ae798e: setView = com.android.internal.policy.DecorView@afa6145 IsHRR=false mFlingFrameRateChange=0 TM=true
03-02 00:57:27.523 17532 17563 D HWUI    : HWUI - treat SMPTE_170M as sRGB
03-02 00:57:27.523  2746  2746 I {OngoingActivityController}: onTaskFocusChanged but OA data is empty
03-02 00:57:27.525  2013  4834 I WindowManager: Relayout Window{2b4179f u0 com.podcast.app.debug.test/androidx.test.core.app.InstrumentationActivityInvoker$EmptyActivity}: viewVisibility=0 req=1080x2340 ty=1 d0
03-02 00:57:27.526  1507  1562 I SurfaceFlinger: id=156267 createSurf, flag=44004, com.podcast.app.debug.test/androidx.test.core.app.InstrumentationActivityInvoker$EmptyActivity$_17532#156267
03-02 00:57:27.526  1507  1845 D SurfaceFlinger: [input] setFocusedWindow: <null>
03-02 00:57:27.526  1507  1845 D SurfaceFlinger: updateWinowInfo=1, setFocusedWindow timestamp=491126500971964, windowName=<null>
03-02 00:57:27.526  2013  2731 D InputDispatcher: Once focus requested (0): <null>
03-02 00:57:27.526  2013  2731 D InputDispatcher: Focus request (0): <null> but waiting because NO_WINDOW
03-02 00:57:27.526  2013  2731 D InputDispatcher: Focus left window (0): c69a3cc com.podcast.app.debug/androidx.activity.ComponentActivity
03-02 00:57:27.526  2013  2065 D PkgPredictorService-SecIpmManagerServiceImpl: onForegroundActivitiesChanged pid:17532 uid:10687
03-02 00:57:27.527 17121 17121 I ImeFocusController: onPreWindowFocus: skipped hasWindowFocus=false mHasImeFocus=true
03-02 00:57:27.527  2746  2870 I BLASTBufferQueue: [VRI[test]@cb0bd2a#7715](f:0,a:0,s:0) onFrameAvailable the first frame is available
03-02 00:57:27.527 17121 17121 I ImeFocusController: onPostWindowFocus: skipped hasWindowFocus=false mHasImeFocus=true
03-02 00:57:27.528  1507  1507 I SurfaceFlinger: [2b4179f com.podcast.app.debug.test/androidx.test.core.app.InstrumentationActivityInvoker$EmptyActivity#156266] attach to parent LayerHierarchy{RequestedLayerState{ActivityRecord{58361563 u0 com.podcast.app.debug.test/androidx.test.core.app.InstrumentationActivityInvoker$EmptyActivity t44881}#156263 parentId=156262} 2 children}
03-02 00:57:27.529  1507  1507 I SurfaceFlinger: [com.podcast.app.debug.test/androidx.test.core.app.InstrumentationActivityInvoker$EmptyActivity$_17532#156267] attach to parent LayerHierarchy{RequestedLayerState{2b4179f com.podcast.app.debug.test/androidx.test.core.app.InstrumentationActivityInvoker$EmptyActivity#156266 parentId=156263} 1 children}
03-02 00:57:27.529  2746  2870 I BLASTBufferQueue: [VRI[test]@cb0bd2a#7715](f:0,a:1,s:0) acquireNextBufferLocked size=1080x2340 mFrameNumber=1 applyTransaction=true mTimestamp=491126528357272(auto) mPendingTransactions.size=0 graphicBufferId=11793980283590 transform=0
03-02 00:57:27.529  2746  2870 I VRI[test]@cb0bd2a: Received frameCommittedCallback lastAttemptedDrawFrameNum=1 didProduceBuffer=true
03-02 00:57:27.530  2746  2870 D HWUI    : CFMS:: SetUp Pid : 2746    Tid : 2870
03-02 00:57:27.530  2746  2808 D VRI[test]@cb0bd2a: reportDrawFinished seqId=0
03-02 00:57:27.531  1507  1563 I SurfaceFlinger: id=156268 createSurf, flag=24000, Surface(name=c536234 NavigationBar0)/@0xfac847b - animation-leash of insets_animation#156268
03-02 00:57:27.532  1507  1507 I BpBinder: onLastStrongRef automatically unlinking death recipients:
03-02 00:57:27.533  1507  1562 I SurfaceFlinger: id=156269 createSurf, flag=24000, Surface(name=a5d3a68 StatusBar)/@0xd5726d6 - animation-leash of insets_animation#156269
03-02 00:57:27.533  1445  2902 W C2MtkBufferManager: [0xB4000070F507E520] fetchNewCcBlock: wait fence 0x0xb4000070f5058270 timed out. ret 110
03-02 00:57:27.533  2013  3282 V PkgPredictorService-SecIpmManagerServiceImpl: discard foreground app:com.podcast.app.debug.test 1|true
03-02 00:57:27.534  2013  4834 I SystemKeyManager: requested systemKeyInfo size=1 focusedWindow=com.podcast.app.debug.test/androidx.test.core.app.InstrumentationActivityInvoker$EmptyActivity
03-02 00:57:27.534  2013  4834 I SystemKeyManager: requested systemKeyInfo size=2 focusedWindow=com.podcast.app.debug.test/androidx.test.core.app.InstrumentationActivityInvoker$EmptyActivity
03-02 00:57:27.534  1646  2917 I CameraService: onUidStateChanged: uid=10062, procState is changed. (0 -> 1)
03-02 00:57:27.534  2013  4834 I WindowManager: Relayout hash=2b4179f, pid=17532, syncId=-1: mAttrs={(0,0)(fillxfill) sim={adjust=pan forwardNavigation} layoutInDisplayCutoutMode=always ty=BASE_APPLICATION
03-02 00:57:27.534  2013  4834 I WindowManager:   fl=81810100
03-02 00:57:27.534  2013  4834 I WindowManager:   pfl=100088c0
03-02 00:57:27.534  2013  4834 I WindowManager:   bhv=1
03-02 00:57:27.534  2013  4834 I WindowManager:   fitSides=0
03-02 00:57:27.534  2013  4834 I WindowManager:   frameRateBoostOnTouch=true
03-02 00:57:27.534  2013  4834 I WindowManager:   dvrrWindowFrameRateHint=true naviIconColor=0}
03-02 00:57:27.534  1507  1565 E SfCpu   :  sched_setaffinity return fail 1461
03-02 00:57:27.534  1507  1565 E SfCpu   :  sched_setaffinity return fail 1444
03-02 00:57:27.536 17532 17532 D BufferQueueConsumer: [](id:447c00000015,api:0,p:-1,c:17532) connect: controlledByApp=false
03-02 00:57:27.536 17532 17532 I BLASTBufferQueue: [VRI[InstrumentationActivityInvoker$EmptyActivity]@9ae798e#21](f:0,a:0,s:0) constructor()
03-02 00:57:27.536 25915 26075 I Rubin   : [4019] M.c0.k(Unknown Source) : Notify com.samsung.android.rubin.inferenceengine.contextanalytics.engine.loggers.AppUsageLogger's database is updated.
