03-02 00:57:33.787  1507  1507 I SurfaceFlinger: [LayerHierarchy{RequestedLayerState{Surface(name=a5d3a68 StatusBar)/@0xd5726d6 - animation-leash of insets_animation#156453} no children}] reparent to OffscreenRoot
03-02 00:57:33.787  1507  1507 I SurfaceFlinger: [LayerHierarchy{RequestedLayerState{Surface(name=a5d3a68 StatusBar)/@0xd5726d6 - animation-leash of insets_animation#156453} no children}] RelativeParent to null
03-02 00:57:33.787  1507  1507 I SurfaceFlinger: [Surface(name=c536234 NavigationBar0)/@0xfac847b - animation-leash of insets_animation#156462] attach to parent LayerHierarchy{RequestedLayerState{WindowToken{5cf38d1 type=2019 android.os.BinderProxy@916675b}#101 parentId=34} 1 children}
03-02 00:57:33.787  1507  1507 I SurfaceFlinger: [Surface(name=a5d3a68 StatusBar)/@0xd5726d6 - animation-leash of insets_animation#156463] attach to parent LayerHierarchy{RequestedLayerState{WindowToken{d05298b type=2000 android.os.BinderProxy@163b705}#108 parentId=17} 1 children}
03-02 00:57:33.787  1507  1507 I SurfaceFlinger: [Transition Root: Task=44889#156464] attach to parent LayerHierarchy{RequestedLayerState{DefaultTaskDisplayArea_d0#10 parentId=9} 47 children}
03-02 00:57:33.787 17532 17563 I VRI[InstrumentationActivityInvoker$EmptyActivity]@32f6bb0: Received frameCommittedCallback lastAttemptedDrawFrameNum=1 didProduceBuffer=true
03-02 00:57:33.788  2013  2068 D ScreenCapture: [Capture_TEST] : setIsScreenShotBySystem false
03-02 00:57:33.788  2013  2068 I SurfaceComposerClient: captureLayers:childrenOnly:1, sync:1
03-02 00:57:33.789 17532 17563 D HWUI    : CFMS:: SetUp Pid : 17532    Tid : 17563
03-02 00:57:33.789 17532 17532 D VRI[InstrumentationActivityInvoker$EmptyActivity]@32f6bb0: reportDrawFinished seqId=0
03-02 00:57:33.791  1507  1845 D SurfaceFlinger: [input] setFocusedWindow: 1f783e8 com.podcast.app.debug.test/androidx.test.core.app.InstrumentationActivityInvoker$EmptyActivity
03-02 00:57:33.791  1507  1845 D SurfaceFlinger: updateWinowInfo=1, setFocusedWindow timestamp=491132774843118, windowName=1f783e8 com.podcast.app.debug.test/androidx.test.core.app.InstrumentationActivityInvoker$EmptyActivity
03-02 00:57:33.791  2746  2798 I SurfaceControlRegistry: hide, t=FinishTransaction_SyncId<11287> sc=Task=44888, caller=android.view.SurfaceControl$Transaction.hide:3583 com.android.wm.shell.transition.Transitions.dispatchReady:1263 com.android.wm.shell.transition.Transitions.onTransitionReady:251 com.android.wm.shell.transition.Transitions$TransitionPlayerImpl$$ExternalSyntheticLambda0.run:13 android.os.Handler.handleCallback:995 android.os.Handler.dispatchMessage:103
03-02 00:57:33.791  2013  4903 D InputDispatcher: Once focus requested (0): 1f783e8 com.podcast.app.debug.test/androidx.test.core.app.InstrumentationActivityInvoker$EmptyActivity
03-02 00:57:33.791  2013  4903 D InputDispatcher: Focus request (0): 1f783e8 com.podcast.app.debug.test/androidx.test.core.app.InstrumentationActivityInvoker$EmptyActivity but waiting because NO_WINDOW
03-02 00:57:33.792  2746  2798 I SurfaceControlRegistry: show, t=StartTransaction_SyncId<11287> sc=Task=44889, caller=android.view.SurfaceControl$Transaction.show:3557 com.android.wm.shell.transition.Transitions.dispatchReady:1279 com.android.wm.shell.transition.Transitions.onTransitionReady:251 com.android.wm.shell.transition.Transitions$TransitionPlayerImpl$$ExternalSyntheticLambda0.run:13 android.os.Handler.handleCallback:995 android.os.Handler.dispatchMessage:103
03-02 00:57:33.792  2746  2798 I SurfaceControlRegistry: show, t=FinishTransaction_SyncId<11287> sc=Task=44889, caller=android.view.SurfaceControl$Transaction.show:3557 com.android.wm.shell.transition.Transitions.dispatchReady:1330 com.android.wm.shell.transition.Transitions.onTransitionReady:251 com.android.wm.shell.transition.Transitions$TransitionPlayerImpl$$ExternalSyntheticLambda0.run:13 android.os.Handler.handleCallback:995 android.os.Handler.dispatchMessage:103
03-02 00:57:33.792  2746  2798 I SurfaceControlRegistry: show, t=StartTransaction_SyncId<11287> sc=Transition Root: Task=44889, caller=android.view.SurfaceControl$Transaction.show:3557 com.android.wm.shell.transition.Transitions.playTransition:79 com.android.wm.shell.transition.Transitions.processReadyQueue:239 com.android.wm.shell.transition.Transitions.dispatchReady:1352 com.android.wm.shell.transition.Transitions.onTransitionReady:251 com.android.wm.shell.transition.Transitions$TransitionPlayerImpl$$ExternalSyntheticLambda0.run:13
03-02 00:57:33.794  2013  2025 W System  : A resource failed to call release.
03-02 00:57:33.795  2013  2025 W System  : A resource failed to call HardwareBuffer.close.
03-02 00:57:33.795  2013  2025 W System  : A resource failed to call release.
03-02 00:57:33.795  2013  2025 W System  : A resource failed to call release.
03-02 00:57:33.795  1507  1562 I SurfaceFlinger: Capture layer list: 	 com.podcast.app.debug/androidx.activity.ComponentActivity$_17121#156449(seamlessTransition:0)
03-02 00:57:33.795  2013  2025 W System  : A resource failed to call release.
03-02 00:57:33.798  1507  2128 I SurfaceFlinger: id=156465 createSurf, flag=20004, DimTransitionLayer for Surface(name=Task=44889)/@0xbb33a9#156465
03-02 00:57:33.799  2746  2798 I SurfaceControlRegistry: show, t=StartTransaction_SyncId<11287> sc=DimTransitionLayer for Surface(name=Task=44889)/@0xbb33a9, caller=android.view.SurfaceControl$Transaction.show:3557 com.android.wm.shell.transition.DefaultTransitionHandler.startAnimation:2837 com.android.wm.shell.transition.Transitions.dispatchTransition:90 com.android.wm.shell.transition.Transitions.playTransition:774 com.android.wm.shell.transition.Transitions.processReadyQueue:239 com.android.wm.shell.transition.Transitions.dispatchReady:1352
03-02 00:57:33.800  2746  2798 I SurfaceControlRegistry: apply, t=StartTransaction_SyncId<11287>, caller=android.view.SurfaceControl$Transaction.apply:3459 android.view.SurfaceControl$Transaction.apply:3447 android.view.SurfaceControl$Transaction.apply:3397 com.android.wm.shell.transition.DefaultTransitionHandler.startAnimation:3292 com.android.wm.shell.transition.Transitions.dispatchTransition:90 com.android.wm.shell.transition.Transitions.playTransition:774
03-02 00:57:33.805  2746  2746 D SamsungLightBarControlHelper: updateStatusBar (BLACK icon) numStacks:1, StatusBarMode:MODE_TRANSPARENT, lightBarBounds:[Rect(0, 0 - 1080, 2340)], StatusBarState:SHADE, packageName:, isWhiteKeyguardStatusBar:true
03-02 00:57:33.805  2746  2746 D SamsungLightBarControlHelper: onStatusBarAppearanceChanged() -  sbModeChanged:false, statusBarMode:0, barState:MODE_TRANSPARENT, isKeyguardShowing:false, navbarColorManagedByIme:false, (AppearanceRegion{LIGHT_STATUS_BARS bounds=[0,0][1080,2340]}, )
03-02 00:57:33.805  2746  2746 D NavigationBar: onSystemBarAttributesChanged() -  displayId:0, appearance:16, packageName: com.podcast.app.debug.test (APPEARANCE_LIGHT_NAVIGATION_BARS ), navbarColorManagedByIme:false
03-02 00:57:33.807  2013  3441 I SemDvfsHyPerManager: acquire hyper - AMS_APP_SWITCH/2013@20, type = -999
03-02 00:57:33.808  1450  1487 I HYPER-HAL: [RequestManager.cpp]acquire(): Acquired ID : 2067581  [2013 / 20]    HINT : AMS_ACT_SWITCH    list :
03-02 00:57:33.808  4784  4784 I SemDvfsHyPerManager: acquire hyper - APP_START_SHORT/4784@15, type = -999
03-02 00:57:33.808 14885 14885 I VRI[SplashActivity]@35f4eb8: handleAppVisibility mAppVisible = false visible = true
03-02 00:57:33.809  1450  1487 I HYPER-HAL: [RequestManager.cpp]acquire(): Acquired ID : 11517615  [4784 / 15]    HINT : APP_START    list : [TIMEOUT / 1500]
03-02 00:57:33.809  1507  1507 I SurfaceFlinger: RequestedLayer [4f7cb8 Splash Screen com.podcast.app.debug.test#156458] hidden!! flag  from(1) --> to(0)
03-02 00:57:33.809  1507  1507 I SurfaceFlinger: RequestedLayer [1f783e8 com.podcast.app.debug.test/a[...]ActivityInvoker$EmptyActivity#156460] hidden!! flag  from(1) --> to(0)
03-02 00:57:33.809  1507  1507 I SurfaceFlinger: RequestedLayer [Splash Screen com.podcast.app.debug.test$_2746#156459] hidden!! flag  from(1) --> to(0)
03-02 00:57:33.809  1507  1507 I SurfaceFlinger: RequestedLayer [Task=44889#156456] hidden!! flag  from(1) --> to(0)
03-02 00:57:33.809  1507  1507 E SurfaceFlinger: alpha changed 1.000 -> 0.000 - Task=44889#156456
03-02 00:57:33.809  1507  1507 I SurfaceFlinger: RequestedLayer [Transition Root: Task=44889#156464] hidden!! flag  from(1) --> to(0)
03-02 00:57:33.809  2013  3345 D InputDispatcher: Focused application(0): ActivityRecord{2751228 u0 com.zhiliaoapp.musically/com.ss.android.ugc.aweme.splash.SplashActivity t44543}
03-02 00:57:33.809  1507  1507 I SurfaceFlinger: RequestedLayer [ActivityRecord{115554603 u0 com.podc[...]Invoker$EmptyActivity t44889}#156457] hidden!! flag  from(1) --> to(0)
03-02 00:57:33.809  1507  1507 I SurfaceFlinger: RequestedLayer [DimTransitionLayer for Surface(name=Task=44889)/@0xbb33a9#156465] hidden!! flag  from(1) --> to(0)
03-02 00:57:33.809  1507  1507 E SurfaceFlinger: alpha changed 1.000 -> 0.000 - DimTransitionLayer for Surface(name=Task=44889)/@0xbb33a9#156465
03-02 00:57:33.809  2013  2600 D AS.MultiSoundManager: mForegroundUid = 10350
03-02 00:57:33.809  1507  1507 E SurfaceFlinger: alpha changed 0.000 -> 1.000 - Task=44889#156456
03-02 00:57:33.809  1507  1507 E SurfaceFlinger: alpha changed 0.000 -> 0.000 - DimTransitionLayer for Surface(name=Task=44889)/@0xbb33a9#156465
03-02 00:57:33.809  1507  1507 I SurfaceFlinger: [LayerHierarchy{RequestedLayerState{Task=44888#156441 parentId=156464 z=2} 1 children}] reparent to LayerHierarchy{RequestedLayerState{Transition Root: Task=44889#156464 parentId=10 z=42} 1 children}
03-02 00:57:33.809  1507  1507 I SurfaceFlinger: [LayerHierarchy{RequestedLayerState{Task=44889#156456 parentId=156464 z=5} 1 children}] reparent to LayerHierarchy{RequestedLayerState{Transition Root: Task=44889#156464 parentId=10 z=42} 2 children}
03-02 00:57:33.809  1507  1507 I SurfaceFlinger: [DimTransitionLayer for Surface(name=Task=44889)/@0xbb33a9#156465] attach to parent LayerHierarchy{RequestedLayerState{Transition Root: Task=44889#156464 parentId=10 z=42} 3 children}
03-02 00:57:33.810  1507  1563 I SurfaceFlinger: id=156466 createSurf, flag=24000, Surface(name=c536234 NavigationBar0)/@0xfac847b - animation-leash of insets_animation#156466
03-02 00:57:33.811  1507  1563 I SurfaceFlinger: id=156467 createSurf, flag=24000, Surface(name=a5d3a68 StatusBar)/@0xd5726d6 - animation-leash of insets_animation#156467
03-02 00:57:33.812  2746  2746 D NavigationBar: onSystemBarAttributesChanged() -  displayId:0, appearance:24, packageName: com.podcast.app.debug.test (APPEARANCE_LIGHT_STATUS_BARS APPEARANCE_LIGHT_NAVIGATION_BARS ), navbarColorManagedByIme:false
03-02 00:57:33.815  2013  3345 I SemDvfsHyPerManager: acquire hyper - AMS_RESUME_TAIL/2013@18, type = -999
03-02 00:57:33.815  2013  3345 I SemDvfsHyPerManager: acquire hyper - AMS_ACT_LAZY/2013@19, type = -999
03-02 00:57:33.815  1450  1487 I HYPER-HAL: [RequestManager.cpp]acquire(): Acquired ID : 2063514  [2013 / 18]    HINT : AMS_RESUME_TAIL    list :
03-02 00:57:33.816  1450  1487 I mtkpower_client: perf_lock_rel, hdl:76677, pid: 1450, tid:1487
03-02 00:57:33.816  1450  1487 I mtkpower_client: perf_lock_acq, hdl:0, dur:0, num:2, pid:1450, tid:1487
03-02 00:57:33.816 14885 14885 I VRI[SplashActivity]@35f4eb8: stopped(false) old = true
03-02 00:57:33.816 14885 14885 D VRI[SplashActivity]@35f4eb8: WindowStopped on com.zhiliaoapp.musically/com.ss.android.ugc.aweme.splash.SplashActivity set to false
03-02 00:57:33.817  1507  1507 I BufferQueueProducer: [FramebufferSurface](this:0xb400007a458f0370,id:-1,api:1,p:1507,c:1507) queueBuffer: fps=44.98 dur=1156.04 max=326.64 min=7.07
03-02 00:57:33.817 14885 14885 D ViewRootImpl: Skipping stats log for color mode
03-02 00:57:33.817  1464  1529 I libPowerHal: [perfLockRel] hdl:76677, idx:3
03-02 00:57:33.818  1464  1529 I libPowerHal: [set_cpuidle] enable:1, fd:17, scn:0xb40000737b60a5e8
03-02 00:57:33.818  1464  1529 I libPowerHal: [PD] vendor.samsung. update cmd:1c3c100 param:1 pr:6
03-02 00:57:33.818 14885 14885 I System.out: SAFActivity: com.ss.android.ugc.aweme.main.MainActivity@c20428f,  onStart Start
03-02 00:57:33.818  1464  1529 I libPowerHal: [perfLockRel] Done for hdl : 76677
03-02 00:57:33.818  1450  1487 I mtkpower_client: ret_hdl:76681
03-02 00:57:33.819  1450  1487 I mtkpower_client: perf_lock_rel, hdl:76679, pid: 1450, tid:1487
03-02 00:57:33.819  1464  1529 I libPowerHal: [perfLockAcq] idx:6 hdl:76681 hint:-1 pid:1450 tid:1487 duration:0 lock_user:vendor.samsung. => ret_hdl:76681
03-02 00:57:33.819  1464  1529 I libPowerHal: [set_cpuidle] enable:0, fd:17, scn:0xb40000737b614050
03-02 00:57:33.819  1464  1529 I libPowerHal: [get_cpu_dma_latency_value] 0
03-02 00:57:33.819  1464  1529 I libPowerHal: [PE] vendor.samsung. update cmd:1c3c100 param:0 pr:3
03-02 00:57:33.819  1464  1529 I libPowerHal: [perfLockAcq] Done for hdl : 76681
03-02 00:57:33.819  1450  1487 I mtkpower_client: perf_lock_acq, hdl:0, dur:0, num:2, pid:1450, tid:1487
03-02 00:57:33.820  1464  1529 I libPowerHal: [perfLockRel] hdl:76679, idx:8
03-02 00:57:33.820  1507  1507 I SurfaceFlinger: [Surface(name=c536234 NavigationBar0)/@0xfac847b - animation-leash of insets_animation#156466] attach to parent LayerHierarchy{RequestedLayerState{WindowToken{5cf38d1 type=2019 android.os.BinderProxy@916675b}#101 parentId=34} 2 children}
03-02 00:57:33.820  1507  1507 I SurfaceFlinger: [Surface(name=a5d3a68 StatusBar)/@0xd5726d6 - animation-leash of insets_animation#156467] attach to parent LayerHierarchy{RequestedLayerState{WindowToken{d05298b type=2000 android.os.BinderProxy@163b705}#108 parentId=17} 2 children}
03-02 00:57:33.820  1464  1529 I libPowerHal: [PD] vendor.samsung. update cmd:1000000 param:-1 pr:6
03-02 00:57:33.821  1464  1529 I libPowerHal: [perfLockRel] Done for hdl : 76679
03-02 00:57:33.821  1507  1507 I BufferQueueProducer: [NavigationBar0$_2746#113](this:0xb400007a17b59e38,id:-1,api:0,p:-1,c:1507) queueBuffer: fps=0.39 dur=2550.57 max=2550.57 min=2550.57
03-02 00:57:33.822  2013  2064 I PkgPredictorService-SecIpmManagerServiceImpl: reportToNAP uid:10687 com.podcast.app.debug.test/androidx.test.core.app.InstrumentationActivityInvoker$EmptyActivity thisTime:134
03-02 00:57:33.822  2013  2064 D PkgPredictorService-SecIpmManagerServiceImpl: reportToNAP: mHeavyLaunchCounter is false
03-02 00:57:33.822  1450  1487 I mtkpower_client: ret_hdl:76682
03-02 00:57:33.822  1450  1487 I mtkpower_client: perf_lock_rel, hdl:76682, pid: 1450, tid:1487
03-02 00:57:33.822  1464  1529 I libPowerHal: [perfLockAcq] idx:3 hdl:76682 hint:-1 pid:1450 tid:1487 duration:0 lock_user:vendor.samsung. => ret_hdl:76682
03-02 00:57:33.822  1464  1529 I libPowerHal: [setDvfsrcDevFreqOpp] opp:0, freq:4266000000
03-02 00:57:33.822  2013  3282 D PkgPredictorService-SecIpmManagerServiceImpl: ACTION_FOREGROUND_FINISH_EVENT sCurForegroundApp :com.podcast.app.debug.test
03-02 00:57:33.822  1464  1529 I libPowerHal: [PE] vendor.samsung. update cmd:1000000 param:0 pr:3
03-02 00:57:33.822  1464  1529 I libPowerHal: [perfLockAcq] Done for hdl : 76682
03-02 00:57:33.823  1450  1487 I mtkpower_client: perf_lock_acq, hdl:0, dur:0, num:2, pid:1450, tid:1487
03-02 00:57:33.823  1464  1529 I libPowerHal: [perfLockRel] hdl:76682, idx:3
03-02 00:57:33.824  1464  1529 I libPowerHal: [PD] vendor.samsung. update cmd:1000000 param:-1 pr:6
03-02 00:57:33.824  1464  1529 I libPowerHal: [perfLockRel] Done for hdl : 76682
03-02 00:57:33.825  1450  1487 I mtkpower_client: ret_hdl:76683
03-02 00:57:33.825  1464  1529 I libPowerHal: [perfLockAcq] idx:3 hdl:76683 hint:-1 pid:1450 tid:1487 duration:0 lock_user:vendor.samsung. => ret_hdl:76683
03-02 00:57:33.825  1450  1487 I mtkpower_client: perf_lock_rel, hdl:76680, pid: 1450, tid:1487
03-02 00:57:33.825  1464  1529 I libPowerHal: [setDvfsrcDevFreqOpp] opp:0, freq:4266000000
03-02 00:57:33.825  1464  1529 I libPowerHal: [PE] vendor.samsung. update cmd:1000000 param:0 pr:3
03-02 00:57:33.825  1464  1529 I libPowerHal: [perfLockAcq] Done for hdl : 76683
03-02 00:57:33.826  1464  1529 I libPowerHal: [perfLockRel] hdl:76680, idx:2
03-02 00:57:33.826  1450  1487 I mtkpower_client: perf_lock_acq, hdl:0, dur:0, num:2, pid:1450, tid:1487
03-02 00:57:33.826  1464  1529 I libPowerHal: [PD] vendor.samsung. update cmd:400000 param:-1 pr:6
03-02 00:57:33.826  1464  1529 I libPowerHal: [recordCPUFreqInfo] set cluster[0] min(-1): -1 max(-1): -1 cluster[1] min(-1): -1 max(-1): -1
03-02 00:57:33.826  1464  1529 I libPowerHal: [perfLockRel] Done for hdl : 76680
03-02 00:57:33.827  1450  1487 I mtkpower_client: ret_hdl:76684
03-02 00:57:33.827  1450  1487 I HYPER-HAL: [RequestManager.cpp]releaseLocked(): Released ID : 2067581
03-02 00:57:33.828  1464  1529 I libPowerHal: [perfLockAcq] idx:2 hdl:76684 hint:-1 pid:1450 tid:1487 duration:0 lock_user:vendor.samsung. => ret_hdl:76684
03-02 00:57:33.828  2013  2064 I ActivityTaskManager: Displayed com.podcast.app.debug.test/androidx.test.core.app.InstrumentationActivityInvoker$EmptyActivity for user 0: +134ms
03-02 00:57:33.828  1464  1529 I libPowerHal: [PE] vendor.samsung. update cmd:400000 param:2000000 pr:3
03-02 00:57:33.828  1464  1529 I libPowerHal: [recordCPUFreqInfo] set cluster[0] min(vendor.samsung.): 2000000 max(-1): -1 cluster[1] min(-1): -1 max(-1): -1
03-02 00:57:33.828  1464  1529 I libPowerHal: [perfLockAcq] Done for hdl : 76684
03-02 00:57:33.829  3506  3506 E pageboostd: Received HALT command code 2
03-02 00:57:33.829 14885 14885 I System.out: SceneSafeLifecycleDispatcher: onStarted Start
03-02 00:57:33.829 14885 14885 I System.out: SAFActivity V Scene Framework: NavigationMessageQueue postSync start
03-02 00:57:33.829 14885 14885 I System.out: SAFActivity V Scene Framework: NavigationMessageQueue postSync run current task start 14_Y.ARunnableS108S0200000_32@637312c
03-02 00:57:33.829 14885 14885 I System.out: SAFActivity V Scene Framework: NavigationSceneManager Sync Scene SAFFragmentRootScene{79e191c} Lifecycle [ACTIVITY_CREATED -> STARTED] without saved State
03-02 00:57:33.829 14885 14885 I System.out: SAFFragmentRootScene: onStart Start (SAFFragmentRootScene{79e191c})
03-02 00:57:33.830  1507  1563 I SurfaceFlinger: onHandleDestroyed: layerId=156452, name=Surface(name=c536234 NavigationBar0)/@0xfac847b - animation-leash of insets_animation#156452
03-02 00:57:33.831  1507  1563 I SurfaceFlinger: id=156452 Removed Surface(name=c536234 NavigationBar0)/@0xfac847b - animation-leash of insets_animation#156452 (334)
03-02 00:57:33.831  1507  1507 I SurfaceFlinger: RequestedLayer [com.podcast.app.debug.test/androidx.[...]yInvoker$EmptyActivity$_17532#156461] hidden!! flag  from(1) --> to(0)
03-02 00:57:33.831  1507  1507 E SurfaceFlinger: alpha changed 0.000 -> 0.013 - DimTransitionLayer for Surface(name=Task=44889)/@0xbb33a9#156465
03-02 00:57:33.831  1507  1507 I SurfaceFlinger: destroyed Surface(name=c536234 NavigationBar0)/@0xfac847b - animation-leash of insets_animation#156452
03-02 00:57:33.832  1507  1507 I SurfaceFlinger: [LayerHierarchy{RequestedLayerState{c536234 NavigationBar0#102 parentId=156466} 1 children}] reparent to LayerHierarchy{RequestedLayerState{Surface(name=c536234 NavigationBar0)/@0xfac847b - animation-leash of insets_animation#156466 parentId=101} 1 children}
03-02 00:57:33.832  1507  1507 I SurfaceFlinger: [LayerHierarchy{RequestedLayerState{a5d3a68 StatusBar#109 parentId=156467} 1 children}] reparent to LayerHierarchy{RequestedLayerState{Surface(name=a5d3a68 StatusBar)/@0xd5726d6 - animation-leash of insets_animation#156467 parentId=108} 1 children}
03-02 00:57:33.832  1507  1507 I SurfaceFlinger: [LayerHierarchy{RequestedLayerState{Surface(name=c536234 NavigationBar0)/@0xfac847b - animation-leash of insets_animation#156462} no children}] reparent to OffscreenRoot
03-02 00:57:33.832  1507  1507 I SurfaceFlinger: [LayerHierarchy{RequestedLayerState{Surface(name=c536234 NavigationBar0)/@0xfac847b - animation-leash of insets_animation#156462} no children}] RelativeParent to null
03-02 00:57:33.832  1507  1507 I SurfaceFlinger: [LayerHierarchy{RequestedLayerState{Surface(name=a5d3a68 StatusBar)/@0xd5726d6 - animation-leash of insets_animation#156463} no children}] reparent to OffscreenRoot
03-02 00:57:33.832  1507  1507 I SurfaceFlinger: [LayerHierarchy{RequestedLayerState{Surface(name=a5d3a68 StatusBar)/@0xd5726d6 - animation-leash of insets_animation#156463} no children}] RelativeParent to null
03-02 00:57:33.833  1446  1446 I SensorsHub: queueBatch: handle=5 period=200000000 timeout=0
03-02 00:57:33.833  1446  1446 I SensorsHub: queueActivate: handle 5 enable 1
03-02 00:57:33.833  1446  1446 I SensorsHub: type : 5, enable : 1
03-02 00:57:33.831  1507  1563 I SurfaceFlinger: onHandleDestroyed: layerId=156453, name=Surface(name=a5d3a68 StatusBar)/@0xd5726d6 - animation-leash of insets_animation#156453
03-02 00:57:33.834  1507  1563 I SurfaceFlinger: id=156453 Removed Surface(name=a5d3a68 StatusBar)/@0xd5726d6 - animation-leash of insets_animation#156453 (334)
03-02 00:57:33.834 14885 17072 D SensorManager: registerListener :: 5, TCS3701 Light, 200000, 0,
03-02 00:57:33.836  1507  1507 I Layer   : id=156452 Destroyed Surface(name=c536234 NavigationBar0)/@0xfac847b - animation-leash of insets_animation#156452
03-02 00:57:33.837  1507  2393 I SurfaceFlinger: onHandleDestroyed: layerId=156463, name=Surface(name=a5d3a68 StatusBar)/@0xd5726d6 - animation-leash of insets_animation#156463
03-02 00:57:33.837  1507  2393 I SurfaceFlinger: id=156463 Removed Surface(name=a5d3a68 StatusBar)/@0xd5726d6 - animation-leash of insets_animation#156463 (333)
03-02 00:57:33.837  1507  1562 I SurfaceFlinger: onHandleDestroyed: layerId=156462, name=Surface(name=c536234 NavigationBar0)/@0xfac847b - animation-leash of insets_animation#156462
03-02 00:57:33.837  1507  1562 I SurfaceFlinger: id=156462 Removed Surface(name=c536234 NavigationBar0)/@0xfac847b - animation-leash of insets_animation#156462 (333)
03-02 00:57:33.838  2746  2808 I VRI[test]@c454e8a: onActiveControlsChanged, removed=false, mAdded=true, caller=android.view.ViewRootImpl.handleInsetsControlChanged:3002 android.view.ViewRootImpl$ViewRootHandler.handleMessageImpl:8352 android.view.ViewRootImpl$ViewRootHandler.handleMessage:8301 android.os.Handler.dispatchMessage:110 android.os.Looper.loopOnce:273
03-02 00:57:33.838  2746  2808 I InsetsSourceConsumer: applyRequestedVisibilityToControl: visible=true, type=navigationBars, host=Splash Screen com.podcast.app.debug.test
03-02 00:57:33.840  2746  2808 I InsetsSourceConsumer: applyRequestedVisibilityToControl: visible=true, type=statusBars, host=Splash Screen com.podcast.app.debug.test
03-02 00:57:33.840 14885 14885 I System.out: SAFActivity V Scene Framework: NavigationMessageQueue postSync run current task finish 14_Y.ARunnableS108S0200000_32@637312c
03-02 00:57:33.840 14885 14885 I System.out: SAFActivity V Scene Framework: NavigationMessageQueue postSync finish
03-02 00:57:33.840 14885 14885 I System.out: SceneSafeLifecycleDispatcher: onStarted End START
03-02 00:57:33.840 14885 14885 I System.out: SAFActivity: com.ss.android.ugc.aweme.main.MainActivity@c20428f,  onStart End
03-02 00:57:33.842  2013  2252 W ParceledListSlice: Element #30 is 21544 bytes.
03-02 00:57:33.842 14885 14885 I System.out: SAFActivity: com.ss.android.ugc.aweme.main.MainActivity@c20428f,  onResume Start
03-02 00:57:33.844  1445  2902 W C2MtkBufferManager: [0xB4000070F507E520] fetchNewCcBlock: wait fence 0x0xb4000070f5058270 timed out. ret 110
03-02 00:57:33.844  1507  1507 D SurfaceFlinger: Display 4627039422300187648 HWC layers:
03-02 00:57:33.844  1507  1507 D SurfaceFlinger:        CLIENT |           73534135074924 | 00002102 | RGBA_8888    |   21.0    0.0 1080.0 2340.0 |    0    0 1080 2340 | com.podcast.app.debug/androidx.activity.ComponentActivity$_17121#156449 (2)
03-02 00:57:33.844  1507  1507 D SurfaceFlinger:   SOLID_COLOR |                        0 | 00000000 | N/A          |    0.0    0.0    0.0    0.0 |    0    0 1080 2340 | DimTransitionLayer for Surface(name=Task=44889)/@0xbb33a9#156465 (0)
03-02 00:57:33.844  1507  1507 D SurfaceFlinger:        DEVICE |           75299366633572 | 00002102 | RGBA_8888    |    0.0    0.0   68.0 2340.0 | 1012    0 1080 2340 | com.podcast.app.debug.test/androidx.[...]yInvoker$EmptyActivity$_17532#156461 (1)
03-02 00:57:33.844  1507  1507 D SurfaceFlinger:        DEVICE |           11793980283678 | 00002100 | RGBA_8888    |    0.0    0.0   68.0 2340.0 | 1012    0 1080 2340 | Splash Screen com.podcast.app.debug.test$_2746#156459 (1)
03-02 00:57:33.844  1507  1507 D SurfaceFlinger:        DEVICE |           11793980281878 | 00002100 | RGBA_8888    |    0.0    0.0 1080.0   80.0 |    0    0 1080   80 | StatusBar$_2746#117 (211114)
03-02 00:57:33.844  1507  1507 D SurfaceFlinger:        DEVICE |           13752485304097 | 00002100 | RGBA_8888
03-02 00:57:33.844  1507  1507 D SurfaceFlinger:    |    0.0    0.0   67.0  346.0 | 1013  454 1080  800 | com.sec.android.app.launcher/com.sam[...].app.CocktailBarService$_3202#152779 (1)
03-02 00:57:33.844  1507  1507 D SurfaceFlinger:        DEVICE |           11793980283646 | 00002100 | RGBA_8888    |    0.0    0.0  229.0  724.0 |  851  551 1080 1275 | VolumePanelWindow$_2746#156390 (56)
03-02 00:57:33.844  1507  1507 D SurfaceFlinger:        DEVICE |           11793980281868 | 00002100 | RGBA_8888    |    0.0    0.0 1080.0  135.0 |    0 2205 1080 2340 | NavigationBar0$_2746#113 (188023)
03-02 00:57:33.844  1507  1507 D SurfaceFlinger:
03-02 00:57:33.845  1507  1507 I SurfaceFlinger: destroyed Surface(name=a5d3a68 StatusBar)/@0xd5726d6 - animation-leash of insets_animation#156453
03-02 00:57:33.845  1507  1507 I SurfaceFlinger: destroyed Surface(name=c536234 NavigationBar0)/@0xfac847b - animation-leash of insets_animation#156462
03-02 00:57:33.845  1507  1507 I SurfaceFlinger: destroyed Surface(name=a5d3a68 StatusBar)/@0xd5726d6 - animation-leash of insets_animation#156463
03-02 00:57:33.846  2013  2252 D InputDispatcher: Focus entered window (0): 1f783e8 com.podcast.app.debug.test/androidx.test.core.app.InstrumentationActivityInvoker$EmptyActivity
03-02 00:57:33.847  2746  2798 D ShellDesktopMode: handleRequest: TransitionRequestInfo {type=2, tid=44889, debugId=11288}
03-02 00:57:33.848 17532 17532 D VRI[InstrumentationActivityInvoker$EmptyActivity]@32f6bb0: mThreadedRenderer.initializeIfNeeded()#2 mSurface={isValid=true 0xb40000783ab8a300}
03-02 00:57:33.849 17532 17532 D InputMethodManagerUtils: startInputInner - Id : 0
03-02 00:57:33.849 17532 17532 I InputMethodManager: startInputInner - IInputMethodManagerGlobalInvoker.startInputOrWindowGainedFocus
03-02 00:57:33.849  1507  1507 I Layer   : id=156462 Destroyed Surface(name=c536234 NavigationBar0)/@0xfac847b - animation-leash of insets_animation#156462
03-02 00:57:33.849  1507  1507 I Layer   : id=156463 Destroyed Surface(name=a5d3a68 StatusBar)/@0xd5726d6 - animation-leash of insets_animation#156463
03-02 00:57:33.849  1507  1507 I Layer   : id=156453 Destroyed Surface(name=a5d3a68 StatusBar)/@0xd5726d6 - animation-leash of insets_animation#156453
03-02 00:57:33.851  3202  4698 I HoneySpace.RecentTasks: onRunningTaskAppeared
03-02 00:57:33.853 14885 14885 I System.out: SceneSafeLifecycleDispatcher: onResumed Start
03-02 00:57:33.853 14885 18452 W System.err: FlagsHookHelper: skip hook flags method getInstanceHook
03-02 00:57:33.853 14885 14885 I System.out: SAFActivity V Scene Framework: NavigationMessageQueue postSync start
03-02 00:57:33.853 14885 14885 I System.out: SAFActivity V Scene Framework: NavigationMessageQueue postSync run current task start 14_Y.ARunnableS108S0200000_32@e78b39e
03-02 00:57:33.853 14885 14885 I System.out: SAFActivity V Scene Framework: NavigationSceneManager Sync Scene SAFFragmentRootScene{79e191c} Lifecycle [STARTED -> RESUMED] without saved State
03-02 00:57:33.853  3202  4698 I HoneySpace.RecentTasks: onRecentTasksChanged
03-02 00:57:33.853 14885 14885 I System.out: SAFFragmentRootScene: onResume Start (SAFFragmentRootScene{79e191c})
03-02 00:57:33.856  1507  1845 D SurfaceFlinger: [input] setFocusedWindow: <null>
03-02 00:57:33.857  1507  1845 D SurfaceFlinger: updateWinowInfo=1, setFocusedWindow timestamp=491132825938811, windowName=<null>
03-02 00:57:33.858  2013  4834 D InputDispatcher: Once focus requested (0): <null>
03-02 00:57:33.858  2013  4834 D InputDispatcher: Focus request (0): <null> but waiting because NO_WINDOW
03-02 00:57:33.858  2013  4834 D InputDispatcher: Focus left window (0): 1f783e8 com.podcast.app.debug.test/androidx.test.core.app.InstrumentationActivityInvoker$EmptyActivity
03-02 00:57:33.859 14252 14252 I BadgeCountReceiver: onReceive: Intent { act=android.intent.action.BADGE_COUNT_UPDATE flg=0x1000010 xflg=0x4 cmp=com.sec.android.provider.badge/.BadgeCountReceiver (has extras) }
03-02 00:57:33.859 17532 17532 I ImeFocusController: onPreWindowFocus: skipped hasWindowFocus=false mHasImeFocus=true
03-02 00:57:33.859 14252 14273 I BadgeCountReceiver: UpdateTask START: PendingResult hashCode: 189994598
03-02 00:57:33.859 14252 14273 I BadgeCountReceiver: packageName: com.zhiliaoapp.musically, className: com.ss.android.ugc.aweme.splash.SplashActivity, count: 0
03-02 00:57:33.859 17532 17532 I ImeFocusController: onPostWindowFocus: skipped hasWindowFocus=false mHasImeFocus=true
03-02 00:57:33.862  3202 10541 I HoneySpace.RecentTasks: onRecentTasksChanged
03-02 00:57:33.863  3202  3386 I HoneySpace.TopTaskSource: onTaskMovedToFront : taskId = 44543, displayId = 0
03-02 00:57:33.863  1507  1825 I SurfaceFlinger: Capture layer list: 	 com.podcast.app.debug/androidx.activity.ComponentActivity$_17121#156449(seamlessTransition:0)
03-02 00:57:33.863  1507  1825 I SurfaceFlinger: Capture layer list: 	 DimTransitionLayer for Surface(name=Task=44889)/@0xbb33a9#156465(seamlessTransition:0)
03-02 00:57:33.863  3202  3390 I HoneySpace.TopTaskUseCase: topTasks 44543 ComponentInfo{com.zhiliaoapp.musically/com.ss.android.ugc.aweme.main.MainActivity}[displayId=0]
03-02 00:57:33.864 14885 17072 W AudioManager: Use of stream types is deprecated for operations other than volume control
03-02 00:57:33.864 14885 17072 W AudioManager: See the documentation of requestAudioFocus() for what to use instead with android.media.AudioAttributes to qualify your playback use case
03-02 00:57:33.865 14252 14273 I BadgeProvider: sendNotify [uri]: content://com.sec.badge/apps, [notify]: null
03-02 00:57:33.866 14252 14273 I BadgeProvider: update, [calling package]: com.sec.android.provider.badge, [uri]: content://com.sec.badge/apps, [uri.query]: null, [BadgeCount]: badgecount=0, [UpdateCount]: 1
03-02 00:57:33.866 14252 14273 I BadgeCountReceiver: UpdateTask END: PendingResult hashCode: 189994598
03-02 00:57:33.867 14885 14885 I DecorView: setWindowBackground: isPopOver=false color=ff000000 d=android.graphics.drawable.ColorDrawable@33179f1
03-02 00:57:33.867 14885 16246 D AudioTrack: setVolume(1.000000, 1.000000) pid : 14885
03-02 00:57:33.871  2013  4843 I MediaFocusControl: requestAudioFocus() from uid/pid 10350/14885 AA=USAGE_MEDIA/CONTENT_TYPE_UNKNOWN clientId=android.media.AudioManager@b7fcc9dX.143s@4302512 callingPack=com.zhiliaoapp.musically req=2 flags=0x0 sdk=35
03-02 00:57:33.871  2013  4843 D AS.AudioService: [Android Auto] isConnectedAndroidAuto = false
03-02 00:57:33.871  2013  4843 D MediaFocusControl: selectFocusStack, uid = 10350, appDevice = 0, device = 2
03-02 00:57:33.871  2013  4843 I MediaFocusControl: removeFocusStackEntry client:android.media.AudioManager@b7fcc9dX.143s@4302512
03-02 00:57:33.871  2013  4843 I MediaFocusControl: propagateFocusLossFromGain_syncAf gain:2
03-02 00:57:33.871  2013  4843 I MediaFocusControl: propagateFocusLossFromGain_syncAf empty stack
03-02 00:57:33.873 14885 15878 W NaviWarn: StackPtr is not 8-byte aligned.
03-02 00:57:33.876 14885 16240 W System.err: FlagsHookHelper: skip hook flags method getInstanceHook
03-02 00:57:33.880 14885 14885 I System.out: SAFActivity V Scene Framework: NavigationMessageQueue postSync run current task finish 14_Y.ARunnableS108S0200000_32@e78b39e
03-02 00:57:33.880 14885 14885 I System.out: SAFActivity V Scene Framework: NavigationMessageQueue postSync finish
03-02 00:57:33.880 14885 14885 I System.out: SceneSafeLifecycleDispatcher: onResumed End RESUME
03-02 00:57:33.880 14885 14885 I System.out: SAFActivity: com.ss.android.ugc.aweme.main.MainActivity@c20428f,  onResume End
03-02 00:57:33.882 14885 14885 I SV[6876039 SplashActivity]: onWindowVisibilityChanged(0) false X.0fk7{68eb87 V.E...... ........ 0,80-1080,2000} of VRI[SplashActivity]@35f4eb8
03-02 00:57:33.882 14885 14885 D SV[6876039 SplashActivity]: updateSurface: surface is not valid
03-02 00:57:33.882 14885 14885 I SV[6876039 SplashActivity]: releaseSurfaces: viewRoot = VRI[SplashActivity]@35f4eb8
03-02 00:57:33.882 14885 14885 D VRI[SplashActivity]@35f4eb8: applyTransactionOnDraw applyImmediately
03-02 00:57:33.883 14252 18020 I BadgeProvider: query, [calling package]: com.sec.android.app.launcher, [selection]: null
03-02 00:57:33.883 14885 14885 I SV[7374587 SplashActivity]: onWindowVisibilityChanged(0) false X.0fk7{7086fb V.E...... ........ 0,80-1080,2000} of VRI[SplashActivity]@35f4eb8
03-02 00:57:33.883 14885 14885 D SV[7374587 SplashActivity]: updateSurface: surface is not valid
03-02 00:57:33.883 14885 14885 I SV[7374587 SplashActivity]: releaseSurfaces: viewRoot = VRI[SplashActivity]@35f4eb8
03-02 00:57:33.883 14885 14885 D VRI[SplashActivity]@35f4eb8: applyTransactionOnDraw applyImmediately
03-02 00:57:33.884 14885 14885 I SV[137774491 SplashActivity]: onWindowVisibilityChanged(0) false X.0fk7{836459b V.E...... ........ 0,81-1080,1998} of VRI[SplashActivity]@35f4eb8
03-02 00:57:33.884 14885 14885 D SV[137774491 SplashActivity]: updateSurface: surface is not valid
03-02 00:57:33.884 14885 14885 I SV[137774491 SplashActivity]: releaseSurfaces: viewRoot = VRI[SplashActivity]@35f4eb8
03-02 00:57:33.884 14885 14885 D VRI[SplashActivity]@35f4eb8: applyTransactionOnDraw applyImmediately
03-02 00:57:33.885  2013  2065 D PkgPredictorService-SecIpmManagerServiceImpl: onForegroundActivitiesChanged pid:14885 uid:10350
03-02 00:57:33.885  2013  4903 I WindowManager: Relayout Window{cd2d6b5 u0 com.zhiliaoapp.musically/com.ss.android.ugc.aweme.splash.SplashActivity}: viewVisibility=0 req=1080x2340 ty=1 d0
03-02 00:57:33.886  1507  2393 I SurfaceFlinger: id=156468 createSurf, flag=44004, com.zhiliaoapp.musically/com.ss.android.ugc.aweme.splash.SplashActivity$_14885#156468
03-02 00:57:33.887  1507  1507 I SurfaceFlinger: [com.zhiliaoapp.musically/com.ss.android.ugc.aweme.splash.SplashActivity$_14885#156468] attach to parent LayerHierarchy{RequestedLayerState{cd2d6b5 com.zhiliaoapp.musically/com.ss.android.ugc.aweme.splash.SplashActivity#155210 parentId=147902} 1 children}
03-02 00:57:33.889  1646  2917 I CameraService: onUidStateChanged: uid=10235, procState is changed. (4 -> 3)
03-02 00:57:33.896  1507  1563 I SurfaceFlinger: id=156469 createSurf, flag=24000, Surface(name=c536234 NavigationBar0)/@0xfac847b - animation-leash of insets_animation#156469
03-02 00:57:33.897 14885 15878 W NaviWarn: StackPtr is not 8-byte aligned.
03-02 00:57:33.897  1507  1563 I SurfaceFlinger: id=156470 createSurf, flag=24000, Surface(name=a5d3a68 StatusBar)/@0xd5726d6 - animation-leash of insets_animation#156470
03-02 00:57:33.898  1507  1507 I SurfaceFlinger: [Surface(name=c536234 NavigationBar0)/@0xfac847b - animation-leash of insets_animation#156469] attach to parent LayerHierarchy{RequestedLayerState{WindowToken{5cf38d1 type=2019 android.os.BinderProxy@916675b}#101 parentId=34} 2 children}
03-02 00:57:33.898  1507  1507 I SurfaceFlinger: [Surface(name=a5d3a68 StatusBar)/@0xd5726d6 - animation-leash of insets_animation#156470] attach to parent LayerHierarchy{RequestedLayerState{WindowToken{d05298b type=2000 android.os.BinderProxy@163b705}#108 parentId=17} 2 children}
03-02 00:57:33.901  2013  3505 I NSLocationMonitor: getGPSUsingApps() called
03-02 00:57:33.902  3477 27872 I NSLocationManager_FLP: getGPSUsingApps, No change
03-02 00:57:33.902  2746  2746 D NavigationBar: onSystemBarAttributesChanged() -  displayId:0, appearance:16, packageName: com.zhiliaoapp.musically (APPEARANCE_LIGHT_NAVIGATION_BARS ), navbarColorManagedByIme:false
03-02 00:57:33.902  2013  4903 I SystemKeyManager: requested systemKeyInfo size=1 focusedWindow=com.zhiliaoapp.musically/com.ss.android.ugc.aweme.splash.SplashActivity
03-02 00:57:33.902  2013  4903 I SystemKeyManager: requested systemKeyInfo size=2 focusedWindow=com.zhiliaoapp.musically/com.ss.android.ugc.aweme.splash.SplashActivity
03-02 00:57:33.903  2013  4903 I WindowManager: Relayout hash=cd2d6b5, pid=14885, syncId=-1: mAttrs={(0,0)(fillxfill) sim={adjust=pan} layoutInDisplayCutoutMode=always ty=BASE_APPLICATION fmt=TRANSLUCENT wanim=0x1030317
03-02 00:57:33.903  2013  4903 I WindowManager:   fl=81810180
03-02 00:57:33.903  2013  4903 I WindowManager:   pfl=10008840
03-02 00:57:33.903  2013  4903 I WindowManager:   vsysui=400
03-02 00:57:33.903  2013  4903 I WindowManager:   apr=10
03-02 00:57:33.903  2013  4903 I WindowManager:   bhv=1
03-02 00:57:33.903  2013  4903 I WindowManager:   fitSides=0
03-02 00:57:33.903  2013  4903 I WindowManager:   frameRateBoostOnTouch=true
03-02 00:57:33.903  2013  4903 I WindowManager:   dvrrWindowFrameRateHint=true naviIconColor=0
03-02 00:57:33.903  2013  4903 I WindowManager:   sfl=100000}
03-02 00:57:33.903  2013  3505 W Binder  : Outgoing transactions from this process must be FLAG_ONEWAY
03-02 00:57:33.903  2013  3505 W Binder  : java.lang.Throwable
03-02 00:57:33.903  2013  3505 W Binder  : 	at android.os.BinderProxy.transact(BinderProxy.java:566)
03-02 00:57:33.903  2013  3505 W Binder  : 	at android.bluetooth.IBluetoothGatt$Stub$Proxy.getAdvertisingSetUids(IBluetoothGatt.java:1678)
03-02 00:57:33.903  2013  3505 W Binder  : 	at android.bluetooth.BluetoothAdapter.getAdvertisingSetUids(BluetoothAdapter.java:8476)
03-02 00:57:33.903  2013  3505 W Binder  : 	at android.bluetooth.BluetoothAdapter.getHWUsingApps(BluetoothAdapter.java:1342)
03-02 00:57:33.903  2013  3505 W Binder  : 	at com.android.server.am.mars.filter.filter.BlueToothConnectedFilter.updateBTUsingPackages(qb/105350715 268999f8a14e7f8abd6a326b97f385fa09379427d12c342cfc170109611a7a5c:22)
03-02 00:57:33.903  2013  3505 W Binder  : 	at com.android.server.am.FreecessController.freeze(qb/105350715 268999f8a14e7f8abd6a326b97f385fa09379427d12c342cfc170109611a7a5c:117)
03-02 00:57:33.903  2013  3505 W Binder  : 	at com.android.server.am.FreecessHandler$MainHandler.handleLcdOnFreeze(qb/105350715 268999f8a14e7f8abd6a326b97f385fa09379427d12c342cfc170109611a7a5c:55)
03-02 00:57:33.903  2013  3505 W Binder  : 	at com.android.server.am.FreecessHandler$MainHandler.handleMessage(qb/105350715 268999f8a14e7f8abd6a326b97f385fa09379427d12c342cfc170109611a7a5c:793)
03-02 00:57:33.903  2013  3505 W Binder  : 	at android.os.Handler.dispatchMessage(Handler.java:110)
03-02 00:57:33.903  2013  3505 W Binder  : 	at android.os.Looper.loopOnce(Looper.java:273)
03-02 00:57:33.903  2013  3505 W Binder  : 	at android.os.Looper.loop(Looper.java:363)
03-02 00:57:33.903  2013  3505 W Binder  : 	at android.os.HandlerThread.run(HandlerThread.java:85)
03-02 00:57:33.905 14885 14885 D BufferQueueConsumer: [](id:3a2500000076,api:0,p:-1,c:14885) connect: controlledByApp=false
03-02 00:57:33.905 14885 14885 I BLASTBufferQueue: [VRI[SplashActivity]@35f4eb8#113](f:0,a:0,s:0) constructor()
03-02 00:57:33.905 14885 14885 I BLASTBufferQueue_Java: new BLASTBufferQueue, mName= VRI[SplashActivity]@35f4eb8 mNativeObject= 0x769b545000 caller= android.view.ViewRootImpl.updateBlastSurfaceIfNeeded:3585 android.view.ViewRootImpl.relayoutWindow:11685 android.view.ViewRootImpl.performTraversals:4804 android.view.ViewRootImpl.doTraversal:3924 android.view.ViewRootImpl$TraversalRunnable.run:12903 android.view.Choreographer$CallbackRecord.run:1901 android.view.Choreographer$CallbackRecord.run:1910 android.view.Choreographer.doCallbacks:1367 android.view.Choreographer.doFrame:1292 android.view.Choreographer$FrameDisplayEventReceiver.run:1870
03-02 00:57:33.905 14885 14885 I BLASTBufferQueue_Java: update, w= 1080 h= 2340 mName = VRI[SplashActivity]@35f4eb8 mNativeObject= 0x769b545000 sc.mNativeObject= 0x6fe0bb2740 format= -3 caller= android.view.ViewRootImpl.updateBlastSurfaceIfNeeded:3590 android.view.ViewRootImpl.relayoutWindow:11685 android.view.ViewRootImpl.performTraversals:4804 android.view.ViewRootImpl.doTraversal:3924 android.view.ViewRootImpl$TraversalRunnable.run:12903 android.view.Choreographer$CallbackRecord.run:1901
03-02 00:57:33.905 14885 14885 I BLASTBufferQueue: [VRI[SplashActivity]@35f4eb8#113](f:0,a:0,s:0) update width=1080 height=2340 format=-3 mTransformHint=0
03-02 00:57:33.906 14885 14885 I VRI[SplashActivity]@35f4eb8: Relayout returned: old=(0,0,1080,2340) new=(0,0,1080,2340) relayoutAsync=false req=(1080,2340)0 dur=19 res=0x3 s={true 0x6fe05f9300} ch=true seqId=0
03-02 00:57:33.906 14252 18314 I BadgeProvider: query, [calling package]: com.sec.android.app.launcher, [selection]: null
03-02 00:57:33.907 14885 14885 D VRI[SplashActivity]@35f4eb8: mThreadedRenderer.initialize() mSurface={isValid=true 0x6fe05f9300} hwInitialized=true
03-02 00:57:33.907 25915 26075 I Rubin   : [4019] M.c0.k(Unknown Source) : Notify com.samsung.android.rubin.inferenceengine.contextanalytics.engine.loggers.AppUsageLogger's database is updated.
03-02 00:57:33.907 14885 14885 I SV[6876039 SplashActivity]: windowStopped(false) true X.0fk7{68eb87 V.E...... ........ 0,80-1080,2000} of VRI[SplashActivity]@35f4eb8
03-02 00:57:33.907 14885 14885 I SurfaceView: 6876039 Changes: creating=true format=false size=false visible=true alpha=false hint=false left=false top=false z=false attached=true lifecycleStrategy=false
03-02 00:57:33.908  1507  1563 I SurfaceFlinger: id=156471 createSurf, flag=20004, Bounds for - com.zhiliaoapp.musically/com.ss.android.ugc.aweme.splash.SplashActivity@26#156471
03-02 00:57:33.909  1507  1507 I SurfaceFlinger: [LayerHierarchy{RequestedLayerState{c536234 NavigationBar0#102 parentId=156469} 1 children}] reparent to LayerHierarchy{RequestedLayerState{Surface(name=c536234 NavigationBar0)/@0xfac847b - animation-leash of insets_animation#156469 parentId=101} 1 children}
03-02 00:57:33.909  1507  1507 I SurfaceFlinger: [LayerHierarchy{RequestedLayerState{a5d3a68 StatusBar#109 parentId=156470} 1 children}] reparent to LayerHierarchy{RequestedLayerState{Surface(name=a5d3a68 StatusBar)/@0xd5726d6 - animation-leash of insets_animation#156470 parentId=108} 1 children}
03-02 00:57:33.909  1507  1507 I SurfaceFlinger: [LayerHierarchy{RequestedLayerState{Surface(name=a5d3a68 StatusBar)/@0xd5726d6 - animation-leash of insets_animation#156467} no children}] reparent to OffscreenRoot
03-02 00:57:33.909  1507  1507 I SurfaceFlinger: [LayerHierarchy{RequestedLayerState{Surface(name=a5d3a68 StatusBar)/@0xd5726d6 - animation-leash of insets_animation#156467} no children}] RelativeParent to null
03-02 00:57:33.909  1507  1507 I SurfaceFlinger: [LayerHierarchy{RequestedLayerState{Surface(name=c536234 NavigationBar0)/@0xfac847b - animation-leash of insets_animation#156466} no children}] reparent to OffscreenRoot
03-02 00:57:33.909  1507  1507 I SurfaceFlinger: [LayerHierarchy{RequestedLayerState{Surface(name=c536234 NavigationBar0)/@0xfac847b - animation-leash of insets_animation#156466} no children}] RelativeParent to null
03-02 00:57:33.909  1507  1507 I SurfaceFlinger: [Bounds for - com.zhiliaoapp.musically/com.ss.android.ugc.aweme.splash.SplashActivity@26#156471] attach to parent LayerHierarchy{RequestedLayerState{com.zhiliaoapp.musically/com.ss.android.ugc.aweme.splash.SplashActivity$_14885#156468 parentId=155210} 1 children}
03-02 00:57:33.912  1507  1563 I SurfaceFlinger: id=156472 createSurf, flag=84004, 68eb87 SurfaceView[com.zhiliaoapp.musically/com.ss.android.ugc.aweme.splash.SplashActivity]@0#156472
03-02 00:57:33.913  1507  1562 I SurfaceFlinger: id=156473 createSurf, flag=44400, 68eb87 SurfaceView[com.zhiliaoapp.musically/com.ss.android.ugc.aweme.splash.SplashActivity]@0(BLAST)#156473
03-02 00:57:33.914  1507  1562 I SurfaceFlinger: id=156474 createSurf, flag=20404, Background for 68eb87 SurfaceView[com.zhiliaoapp.musically/com.ss.android.ugc.aweme.splash.SplashActivity]@0#156474
03-02 00:57:33.914 14885 14885 D BufferQueueConsumer: [](id:3a2500000077,api:0,p:-1,c:14885) connect: controlledByApp=false
03-02 00:57:33.914 14885 14885 I BLASTBufferQueue: [68eb87 SurfaceView[com.zhiliaoapp.musically/com.ss.android.ugc.aweme.splash.SplashActivity]@0#114](f:0,a:0,s:0) constructor()
03-02 00:57:33.915 14885 14885 I BLASTBufferQueue_Java: new BLASTBufferQueue, mName= 68eb87 SurfaceView[com.zhiliaoapp.musically/com.ss.android.ugc.aweme.splash.SplashActivity]@0 mNativeObject= 0x6f5977d800 caller= android.view.SurfaceView.createBlastSurfaceControls:1781 android.view.SurfaceView.updateSurface:1450 android.view.SurfaceView.setWindowStopped:539 android.view.SurfaceView.surfaceCreated:2327 android.view.ViewRootImpl.notifySurfaceCreated:3502 android.view.ViewRootImpl.performTraversals:5286 android.view.ViewRootImpl.doTraversal:3924 android.view.ViewRootImpl$TraversalRunnable.run:12903 android.view.Choreographer$CallbackRecord.run:1901 android.view.Choreographer$CallbackRecord.run:1910
03-02 00:57:33.915 14885 14885 I BLASTBufferQueue_Java: update, w= 1080 h= 1920 mName = 68eb87 SurfaceView[com.zhiliaoapp.musically/com.ss.android.ugc.aweme.splash.SplashActivity]@0 mNativeObject= 0x6f5977d800 sc.mNativeObject= 0x744fec3540 format= 4 caller= android.view.SurfaceView.createBlastSurfaceControls:1782 android.view.SurfaceView.updateSurface:1450 android.view.SurfaceView.setWindowStopped:539 android.view.SurfaceView.surfaceCreated:2327 android.view.ViewRootImpl.notifySurfaceCreated:3502 android.view.ViewRootImpl.performTraversals:5286
03-02 00:57:33.916 14885 14885 I BLASTBufferQueue: [68eb87 SurfaceView[com.zhiliaoapp.musically/com.ss.android.ugc.aweme.splash.SplashActivity]@0#114](f:0,a:0,s:0) update width=1080 height=1920 format=4 mTransformHint=0
03-02 00:57:33.916 14885 14885 I SurfaceView: 6876039 Cur surface: Surface(name=null mNativeObject=0)/@0x56b4ffd
03-02 00:57:33.916 14885 14885 I SV[6876039 SplashActivity]: pST: sr = Rect(4320, -2080 - 5400, -160) sw = 1080 sh = 1920
03-02 00:57:33.916  1445  2902 W C2MtkBufferManager: [0xB4000070F507E520] fetchNewCcBlock: wait fence 0x0xb4000070f5058270 timed out. ret 110
03-02 00:57:33.916 14885 14885 D SurfaceView: 6876039 performSurfaceTransaction RenderWorker position = [4320, -2080, 5400, -160] surfaceSize = 1080x1920
03-02 00:57:33.917 14885 14885 I SV[6876039 SplashActivity]: updateSurface: mVisible = true mSurface.isValid() = true
03-02 00:57:33.917 14885 14885 I SV[6876039 SplashActivity]: updateSurface: mSurfaceCreated = false surfaceChanged = true visibleChanged = true
03-02 00:57:33.917 14885 14885 I SurfaceView: 6876039 visibleChanged -- surfaceCreated
03-02 00:57:33.917 14885 14885 I SV[6876039 SplashActivity]: surfaceCreated 1 #1 X.0fk7{68eb87 V.E...... ........ 0,80-1080,2000}
03-02 00:57:33.917 14885 14885 I SurfaceView: 6876039 surfaceChanged -- format=4 w=1080 h=1920
03-02 00:57:33.917 14885 14885 I SV[6876039 SplashActivity]: surfaceChanged (1080,1920) 1 #1 X.0fk7{68eb87 V.E...... ........ 0,80-1080,2000}
03-02 00:57:33.917 14885 14885 I SurfaceView: 6876039 surfaceRedrawNeeded
03-02 00:57:33.918  2746  2746 I {OngoingActivityController}: onTaskFocusChanged but OA data is empty
03-02 00:57:33.918 14885 14885 I SurfaceView: 6876039 finishedDrawing
03-02 00:57:33.919 14885 14885 V SurfaceView: Layout: x=4320 y=-2080 w=1080 h=1920, frame=Rect(0, 0 - 1080, 1920)
03-02 00:57:33.919 14885 14885 I SV[7374587 SplashActivity]: windowStopped(false) true X.0fk7{7086fb V.E...... ........ 0,80-1080,2000} of VRI[SplashActivity]@35f4eb8
03-02 00:57:33.919 14885 14885 I SurfaceView: 7374587 Changes: creating=true format=false size=false visible=true alpha=false hint=false left=false top=false z=false attached=true lifecycleStrategy=false
03-02 00:57:33.919  3202  3386 I HoneySpace.TopTaskSource: onTaskFocusChanged(): taskId = 44543
03-02 00:57:33.920  1507  1507 I SurfaceFlinger: [68eb87 SurfaceView[com.zhiliaoapp.musically/com.ss.android.ugc.aweme.splash.SplashActivity]@0#156472] attach to parent LayerHierarchy{RequestedLayerState{Bounds for - com.zhiliaoapp.musically/com.ss.android.ugc.aweme.splash.SplashActivity@26#156471 parentId=156468} 1 children}
03-02 00:57:33.920  1507  1507 I SurfaceFlinger: [68eb87 SurfaceView[com.zhiliaoapp.musically/com.ss.android.ugc.aweme.splash.SplashActivity]@0(BLAST)#156473] attach to parent LayerHierarchy{RequestedLayerState{68eb87 SurfaceView[com.zhiliaoapp.musically/com.ss.android.ugc.aweme.splash.SplashActivity]@0#156472 parentId=156471} 1 children}
03-02 00:57:33.920  1507  1507 I SurfaceFlinger: [Background for 68eb87 SurfaceView[com.zhiliaoapp.musically/com.ss.android.ugc.aweme.splash.SplashActivity]@0#156474] attach to parent LayerHierarchy{RequestedLayerState{68eb87 SurfaceView[com.zhiliaoapp.musically/com.ss.android.ugc.aweme.splash.SplashActivity]@0#156472 parentId=156471} 2 children}
03-02 00:57:33.920  1507  1562 I SurfaceFlinger: id=156475 createSurf, flag=84004, 7086fb SurfaceView[com.zhiliaoapp.musically/com.ss.android.ugc.aweme.splash.SplashActivity]@0#156475
03-02 00:57:33.923  1507  1562 I SurfaceFlinger: id=156476 createSurf, flag=44400, 7086fb SurfaceView[com.zhiliaoapp.musically/com.ss.android.ugc.aweme.splash.SplashActivity]@0(BLAST)#156476
03-02 00:57:33.923  3202  3202 I HoneySpace.EdgePanel.CocktailHostRepositoryImpl: onNoteResume
