03-02 00:57:44.484  1444  1809 D MDP     : [PQSessionManager] getPQSessionListHandle id[7]
03-02 00:57:44.484  1444  1809 D MDP     : [PQSessionManager] getPQSessionListHandle, find id[7]
03-02 00:57:44.484  1444  1809 D MDP     : [PQSessionManager] findVideoID[f50d5820] found on index 7
03-02 00:57:44.484  2013  4835 W system_server: Large reply transaction of 325152 bytes, interface descriptor android.app.IActivityTaskManager, code 26
03-02 00:57:44.484  2991  3757 I LocationAccessPolicy: checkLocationPermission - callingUid: 10492, callingPid: 14636, result: DENIED_SOFT
03-02 00:57:44.485  1450 19158 I mtkpower_client: perf_lock_rel, hdl:76809, pid: 1450, tid:19158
03-02 00:57:44.486  1450 19158 I mtkpower_client: perf_lock_acq, hdl:0, dur:0, num:2, pid:1450, tid:19158
03-02 00:57:44.489  1444  1808 D MDP     : [PQSessionManager] findVideoID[f50d5820] found on index 7
03-02 00:57:44.489  1444  1808 D MDP     : [PQSessionManager] createPQSession(7) user(0xb4000074f4d46d80)
03-02 00:57:44.489  1444  1808 D MDP     : [PQSessionManager] Duplicated ID[7] found, please check if double createPQSession!
03-02 00:57:44.489  1444  1808 D MDP     : [PQSessionManager] getPQSessionListHandle id[7]
03-02 00:57:44.489  1444  1808 D MDP     : [PQSessionManager] getPQSessionListHandle, find id[7]
03-02 00:57:44.489  1444  1808 D MDP     : [PQSession] incRefCount id[7] user[0xb4000074f4d46d80] existed
03-02 00:57:44.489  1444  1808 D MDP     : [PQSession] incRefCount id[7] user[0xb4000074f4d46d80] numOfUser[1]
03-02 00:57:44.489  1444  1808 D MDP     : [PQSession] numElements[0] key[0] metaData[0]
03-02 00:57:44.489  1444  1808 D MDP     : [PQSession] setPQParam() id[7] enable[0], scenario[1]
03-02 00:57:44.489  1444  1808 D PQ      : PQDSConfig::getEnableStatus check1  time 0 ms
03-02 00:57:44.489  1444  1808 D PQ      : [PQDSConfig] PQDSConfig::getEnableStatus = 1
03-02 00:57:44.489  1444  1808 D PQ      : [PQDSConfig] m_TDSHPTableInit 1
03-02 00:57:44.489  1444  1808 D PQ      : [PQDSConfig] getAshmemContext(SHP_ENABLE) = 1
03-02 00:57:44.489  1444  1808 D PQ      : PQDSConfig::getEnableStatus check2  time 0 ms
03-02 00:57:44.489  1444  1808 D PQ      : [PQDSConfig] PQDSConfig::getUREnableStatus = 1
03-02 00:57:44.489  1444  1808 D MDP     : [PQSession] setDpPqConfig m_svp = 0, enDRE = 0
03-02 00:57:44.490  1444  1808 D MDP     : setPQParam globalPQSupport = [0] globalPQSwitch = [0] globalPQStrength = [0] globalPQType = [0]
03-02 00:57:44.490  1444  1808 D MDP     : [PQSession] setPQparam userId[0x0], scenario[1], enDRE[0]
03-02 00:57:44.490  1444  1808 D MDP     : [PQSession] getDpPqConfig() id[7] enable[0], scenario[1]
03-02 00:57:44.490  1444  1808 D MDP     : [PQSession] getDpPqConfig() enSharp[0] enDC[0] enColor[0] enHDR[0] enHDRVivid[0] enUR[0] enReFocus[0] enCcorr[0] enDRE[0] enHFG[0] enAIPQ[0] enAISDR2HDR[0] enAIRegionPQ[0] mAdaptiveEnable[0]
03-02 00:57:44.490  1444  1808 D MDP     : [PQSession] setPQDREParam userId[0x0] scenario[1] enDRE[0]
03-02 00:57:44.490  1444  1808 D MDP     : [PQSessionManager] findVideoID[f50d5820] found on index 7
03-02 00:57:44.490  1444  1808 D PQ_HDR  : DpAsyncBlit: job:(2071413 139) in:(720, 1280)[720 368] C8s P1.1.1.0.1, alpha 0, sec0 flush:0 Buffer 1035706: plane=3 bufVA={0x8b,0x8b,0x8b} bufMVA={0x0,0x0,0x0} bufSize={0xe1000,0x39800,0x39800} proxy={0xb4000074f4c6a620,0x0,0x0}fence=-1
03-02 00:57:44.490  1444  1808 D PQ_HDR  : DpAsyncBlit: out 0:(770, 1920)[2176 0] C5 P1.1.1.0.1 R:0 F:0 S:0 A:0 HDR:0 COLOR:0 CCORR:0 sec0 flush:0 Buffer 1035706: plane=1 bufVA={0xac,0x0,0x0} bufMVA={0x0,0x0,0x0} bufSize={0x4db200,0x0,0x0} proxy={0xb40000747320b740,0x0,0x0}fence=173
03-02 00:57:44.490  1444  1808 D PQ_HDR  : DpAsyncBlit: crop 0:(207.0, 0.0, 513.0, 1280.0) compose:(0, 0, 769, 1920)
03-02 00:57:44.490  1444  1808 D MDP     : [PQSessionManager] PQSessionManager::getPQSession id[7]
03-02 00:57:44.490  1444  1808 D MDP     : [PQSessionManager] getPQSessionListHandle id[7]
03-02 00:57:44.490  1444  1808 D MDP     : [PQSessionManager] getPQSessionListHandle, find id[7]
03-02 00:57:44.490  1444  1808 D MDP     : [PQSessionManager] PQSessionManager::getPQSession id[7]
03-02 00:57:44.490  1444  1808 D MDP     : [PQSessionManager] getPQSessionListHandle id[7]
03-02 00:57:44.490  1444  1808 D MDP     : [PQSessionManager] getPQSessionListHandle, find id[7]
03-02 00:57:44.490  1444  1808 D MDP     : PQSession:setPipeNum m_PipeNum[1] value[1] ID[7] DCPath[0] DCDone[0] addr[73225d5f]
03-02 00:57:44.490  1444  1808 D MDP     : [PQSession] getDpPqConfig() id[7] enable[0], scenario[1]
03-02 00:57:44.490  1444  1808 D MDP     : [PQSession] getDpPqConfig() enSharp[0] enDC[0] enColor[0] enHDR[0] enHDRVivid[0] enUR[0] enReFocus[0] enCcorr[0] enDRE[0] enHFG[0] enAIPQ[0] enAISDR2HDR[0] enAIRegionPQ[0] mAdaptiveEnable[0]
03-02 00:57:44.490  1444  1808 D PQ      : [PQRSZConfig] PQRSZConfig::getUREnableStatus = 1
03-02 00:57:44.490  1444  1808 D MDP     : [PQSessionManager] PQSessionManager::getPQSession id[7]
03-02 00:57:44.490  1444  1808 D MDP     : [PQSessionManager] getPQSessionListHandle id[7]
03-02 00:57:44.490  1444  1808 D MDP     : [PQSessionManager] getPQSessionListHandle, find id[7]
03-02 00:57:44.490  1444  1808 D AAL     : [PQEngineInterface] DpEngineTDSHPConfigFrame(0) pqSessionId = 7
03-02 00:57:44.490  1444  1808 D MDP     : [PQSession] getDpPqConfig() id[7] enable[0], scenario[1]
03-02 00:57:44.491  1444  1808 D MDP     : [PQSession] getDpPqConfig() enSharp[0] enDC[0] enColor[0] enHDR[0] enHDRVivid[0] enUR[0] enReFocus[0] enCcorr[0] enDRE[0] enHFG[0] enAIPQ[0] enAISDR2HDR[0] enAIRegionPQ[0] mAdaptiveEnable[0]
03-02 00:57:44.491  1444  1808 D AAL     : [PQEngineInterface] DpEngineTDSHPConfigFrame(0) tdshpEnable(0) enSharp(0) enDC(0) enHFG(0)
03-02 00:57:44.491  1444  1808 D MDP     : [PQSessionManager] PQSessionManager::getPQSession id[7]
03-02 00:57:44.491  1464  1529 I libPowerHal: [perfLockRel] hdl:76809, idx:3
03-02 00:57:44.491  1444  1808 D MDP     : [PQSessionManager] getPQSessionListHandle id[7]
03-02 00:57:44.491  1444  1808 D MDP     : [PQSessionManager] getPQSessionListHandle, find id[7]
03-02 00:57:44.491  1444  1808 D MDP     : [PQSession] getDpPqConfig() id[7] enable[0], scenario[1]
03-02 00:57:44.491  1444  1808 D MDP     : [PQSession] getDpPqConfig() enSharp[0] enDC[0] enColor[0] enHDR[0] enHDRVivid[0] enUR[0] enReFocus[0] enCcorr[0] enDRE[0] enHFG[0] enAIPQ[0] enAISDR2HDR[0] enAIRegionPQ[0] mAdaptiveEnable[0]
03-02 00:57:44.491  1444  1808 W AAL     : DpEngine_AAL: relay 1
03-02 00:57:44.491  1444  1808 D AAL     : [PQEngineInterface] DpEngineTDSHPConfigTile(0) InpSize: 770, 1920, OutSize: 770, 1920
03-02 00:57:44.491  1444  1808 D MDP     : [PQSessionManager] PQSessionManager::getPQSession id[7]
03-02 00:57:44.491  1444  1808 D MDP     : [PQSessionManager] getPQSessionListHandle id[7]
03-02 00:57:44.491  1444  1808 D MDP     : [PQSessionManager] getPQSessionListHandle, find id[7]
03-02 00:57:44.491  1444  1808 D PQ      : [PQHFGConfig] PQHFGConfig::isEnabled = 2
03-02 00:57:44.491  1444  1808 D MDP     : [PQSession] getDpPqConfig() id[7] enable[0], scenario[1]
03-02 00:57:44.491  1444  1808 D MDP     : [PQSession] getDpPqConfig() enSharp[0] enDC[0] enColor[0] enHDR[0] enHDRVivid[0] enUR[0] enReFocus[0] enCcorr[0] enDRE[0] enHFG[0] enAIPQ[0] enAISDR2HDR[0] enAIRegionPQ[0] mAdaptiveEnable[0]
03-02 00:57:44.491  1444  1808 D AAL     : [PQEngineInterface] DpEngineAALCongTile(0) MDP_aal_size = 34342144
03-02 00:57:44.491  1444  1808 D AAL     : [PQEngineInterface(1791345034)::MDP_AAL_output_offset = 0
03-02 00:57:44.491  1444  1808 D AAL     : [PQEngineInterface] DpEngineAALCongTile(0) MDP_AAL_output_size = 33817856
03-02 00:57:44.491  1444  1808 D AAL     : [PQEngineInterface] DpEngineAALCongTile(0) inTileXRight = 719, inTileXLeft = 196
03-02 00:57:44.491  1444  1808 D AAL     : [PQEngineInterface] DpEngineAALCongTile(0) inTileYBottom = 719, inTileYTop = 0
03-02 00:57:44.491  1444  1808 D AAL     : [PQEngineInterface] DpEngineAALCongTile(0) outTileXRight = 1279, outTileXLeft = 204
03-02 00:57:44.491  1444  1808 D AAL     : [PQEngineInterface] DpEngineAALCongTile(0) m_outTileYBottom = 1279, m_outTileYTop = 0
03-02 00:57:44.491  1444  1808 D MDP     : [PQSessionManager] PQSessionManager::getPQSession id[7]
03-02 00:57:44.491  1444  1808 D MDP     : [PQSessionManager] getPQSessionListHandle id[7]
03-02 00:57:44.491  1444  1808 D MDP     : [PQSessionManager] getPQSessionListHandle, find id[7]
03-02 00:57:44.491  1444  1808 D AAL     : [PQEngineInterface] DpEngineAALCongTile(0)cropOffset[X, Y]=[1, 196], crop[Wid, Hei]=[0, 524]
03-02 00:57:44.491  1444  1808 D MDP     : [PQSessionManager] PQSessionManager::getPQSession id[7]
03-02 00:57:44.491  1444  1808 D MDP     : [PQSessionManager] getPQSessionListHandle id[7]
03-02 00:57:44.491  1444  1808 D MDP     : [PQSessionManager] getPQSessionListHandle, find id[7]
03-02 00:57:44.491  1444  1808 D AAL     : [PQEngineInterface] DpEngineHDRConfigTile(0) outTileXLeft = 196, outTileXRight = 719
03-02 00:57:44.491  1444  1808 D AAL     : [PQEngineInterface] DpEngineHDRConfigTile(0) inTileXLeft = 196, inTileXRight = 719
03-02 00:57:44.491  1444  1808 D AAL     : [PQEngineInterface] DpEngineHDRConfigTile(0) HDR_out_start_x = 0, HDR_out_end_x = 523, src h: 524,v: 1280
03-02 00:57:44.491  1444  1808 D AAL     : [PQEngineInterface] DpEngineHDRConfigTile(0) HDR_hist_end_x = 0, HDR_hist_begin_x = 0
03-02 00:57:44.491  1444  1808 D AAL     : [PQEngineInterface] DpEngineHDRConfigTile(0) HDR_first_tile = 0, HDR_last_tile = 0
03-02 00:57:44.491  1444  1808 D AAL     : [PQEngineInterface] DpEngineHDRConfigTile(0) inFrameWidth = 720 , middlePosX = 0
03-02 00:57:44.491  1444  1808 D MDP     : [PQSessionManager] PQSessionManager::getPQSession id[7]
03-02 00:57:44.491  1444  1808 D MDP     : [PQSessionManager] getPQSessionListHandle id[7]
03-02 00:57:44.491  1444  1808 D MDP     : [PQSessionManager] getPQSessionListHandle, find id[7]
03-02 00:57:44.491  1444  1808 D MDP     : [PQSessionManager] PQSessionManager::getPQSession id[7]
03-02 00:57:44.491  1444  1808 D MDP     : [PQSessionManager] getPQSessionListHandle id[7]
03-02 00:57:44.491  1444  1808 D MDP     : [PQSessionManager] getPQSessionListHandle, find id[7]
03-02 00:57:44.491  1464  1529 I libPowerHal: [set_cpuidle] enable:1, fd:17, scn:0xb40000737b60a5e8
03-02 00:57:44.491  1464  1529 I libPowerHal: [PD] vendor.samsung. update cmd:1c3c100 param:1 pr:6
03-02 00:57:44.492  1464  1529 I libPowerHal: [perfLockRel] Done for hdl : 76809
03-02 00:57:44.492  1450 19158 I mtkpower_client: ret_hdl:76813
03-02 00:57:44.492  1450 19158 I mtkpower_client: perf_lock_rel, hdl:76811, pid: 1450, tid:19158
03-02 00:57:44.493  1464  1529 I libPowerHal: [perfLockAcq] idx:2 hdl:76813 hint:-1 pid:1450 tid:19158 duration:0 lock_user:vendor.samsung. => ret_hdl:76813
03-02 00:57:44.493  1464  1529 I libPowerHal: [set_cpuidle] enable:0, fd:17, scn:0xb40000737b607270
03-02 00:57:44.493  1464  1529 I libPowerHal: [get_cpu_dma_latency_value] 0
03-02 00:57:44.493  1464  1529 I libPowerHal: [PE] vendor.samsung. update cmd:1c3c100 param:0 pr:3
03-02 00:57:44.493  1464  1529 I libPowerHal: [perfLockAcq] Done for hdl : 76813
03-02 00:57:44.493  5235 12848 I HBD     : a [SKE_SPECIFIC] specific model[com.podcast.app.debug] loaded, 128920308 ns
03-02 00:57:44.493  1450 19158 I mtkpower_client: perf_lock_acq, hdl:0, dur:0, num:2, pid:1450, tid:19158
03-02 00:57:44.494  1464  1529 I libPowerHal: [perfLockRel] hdl:76811, idx:6
03-02 00:57:44.494  1464  1529 I libPowerHal: [PD] vendor.samsung. update cmd:1000000 param:-1 pr:6
03-02 00:57:44.494  1464  1529 I libPowerHal: [perfLockRel] Done for hdl : 76811
03-02 00:57:44.495  1444  1809 D MDP     : [PQSessionManager] PQSessionManager::getPQSession id[7]
03-02 00:57:44.495  1444  1809 D MDP     : [PQSessionManager] getPQSessionListHandle id[7]
03-02 00:57:44.495  1450 19158 I mtkpower_client: ret_hdl:76814
03-02 00:57:44.495  1444  1809 D MDP     : [PQSessionManager] getPQSessionListHandle, find id[7]
03-02 00:57:44.496  1444  1809 D MDP     : [PQSessionManager] findVideoID[f50d5820] found on index 7
03-02 00:57:44.496  1450 19158 I HYPER-HAL: [RequestManager.cpp]releaseLocked(): Released ID : 2063514
03-02 00:57:44.497  1464  1529 I libPowerHal: [perfLockAcq] idx:3 hdl:76814 hint:-1 pid:1450 tid:19158 duration:0 lock_user:vendor.samsung. => ret_hdl:76814
03-02 00:57:44.497  1464  1529 I libPowerHal: [setDvfsrcDevFreqOpp] opp:0, freq:4266000000
03-02 00:57:44.497  1464  1529 I libPowerHal: [PE] vendor.samsung. update cmd:1000000 param:0 pr:3
03-02 00:57:44.497  1464  1529 I libPowerHal: [perfLockAcq] Done for hdl : 76814
03-02 00:57:44.500  1444  1808 D MDP     : [PQSessionManager] findVideoID[f50d5820] found on index 7
03-02 00:57:44.500  1444  1808 D MDP     : [PQSessionManager] createPQSession(7) user(0xb4000074f4d46d80)
03-02 00:57:44.500  1444  1808 D MDP     : [PQSessionManager] Duplicated ID[7] found, please check if double createPQSession!
03-02 00:57:44.500  1444  1808 D MDP     : [PQSessionManager] getPQSessionListHandle id[7]
03-02 00:57:44.500  1444  1808 D MDP     : [PQSessionManager] getPQSessionListHandle, find id[7]
03-02 00:57:44.500  1444  1808 D MDP     : [PQSession] incRefCount id[7] user[0xb4000074f4d46d80] existed
03-02 00:57:44.500  1444  1808 D MDP     : [PQSession] incRefCount id[7] user[0xb4000074f4d46d80] numOfUser[1]
03-02 00:57:44.500  1444  1808 D MDP     : [PQSession] numElements[0] key[0] metaData[0]
03-02 00:57:44.500  1444  1808 D MDP     : [PQSession] setPQParam() id[7] enable[0], scenario[1]
03-02 00:57:44.500  1444  1808 D PQ      : PQDSConfig::getEnableStatus check1  time 0 ms
03-02 00:57:44.500  1444  1808 D PQ      : [PQDSConfig] PQDSConfig::getEnableStatus = 1
03-02 00:57:44.500  1444  1808 D PQ      : [PQDSConfig] m_TDSHPTableInit 1
03-02 00:57:44.500  1444  1808 D PQ      : [PQDSConfig] getAshmemContext(SHP_ENABLE) = 1
03-02 00:57:44.500  1444  1808 D PQ      : PQDSConfig::getEnableStatus check2  time 0 ms
03-02 00:57:44.500  1444  1808 D PQ      : [PQDSConfig] PQDSConfig::getUREnableStatus = 1
03-02 00:57:44.500  1444  1808 D MDP     : [PQSession] setDpPqConfig m_svp = 0, enDRE = 0
03-02 00:57:44.500  1444  1808 D MDP     : setPQParam globalPQSupport = [0] globalPQSwitch = [0] globalPQStrength = [0] globalPQType = [0]
03-02 00:57:44.500  1444  1808 D MDP     : [PQSession] setPQparam userId[0x0], scenario[1], enDRE[0]
03-02 00:57:44.500  1444  1808 D MDP     : [PQSession] getDpPqConfig() id[7] enable[0], scenario[1]
03-02 00:57:44.500  1444  1808 D MDP     : [PQSession] getDpPqConfig() enSharp[0] enDC[0] enColor[0] enHDR[0] enHDRVivid[0] enUR[0] enReFocus[0] enCcorr[0] enDRE[0] enHFG[0] enAIPQ[0] enAISDR2HDR[0] enAIRegionPQ[0] mAdaptiveEnable[0]
03-02 00:57:44.500  1444  1808 D MDP     : [PQSession] setPQDREParam userId[0x0] scenario[1] enDRE[0]
03-02 00:57:44.500  1444  1808 D MDP     : [PQSessionManager] findVideoID[f50d5820] found on index 7
03-02 00:57:44.500  1444  1808 D PQ_HDR  : DpAsyncBlit: job:(2071415 138) in:(720, 1280)[720 368] C8s P1.1.1.0.1, alpha 0, sec0 flush:0 Buffer 1035707: plane=3 bufVA={0x8a,0x8a,0x8a} bufMVA={0x0,0x0,0x0} bufSize={0xe1000,0x39800,0x39800} proxy={0xb4000074f4c6a5a0,0x0,0x0}fence=-1
03-02 00:57:44.500  1444  1808 D PQ_HDR  : DpAsyncBlit: out 0:(766, 1920)[2176 0] C5 P1.1.1.0.1 R:0 F:0 S:0 A:0 HDR:0 COLOR:0 CCORR:0 sec0 flush:0 Buffer 1035707: plane=1 bufVA={0x9e,0x0,0x0} bufMVA={0x0,0x0,0x0} bufSize={0x4db200,0x0,0x0} proxy={0xb40000747320b4a0,0x0,0x0}fence=174
03-02 00:57:44.500  1444  1808 D PQ_HDR  : DpAsyncBlit: crop 0:(209.0, 0.0, 511.0, 1280.0) compose:(0, 0, 766, 1920)
03-02 00:57:44.501  1444  1808 D MDP     : [PQSessionManager] PQSessionManager::getPQSession id[7]
03-02 00:57:44.501  1444  1808 D MDP     : [PQSessionManager] getPQSessionListHandle id[7]
03-02 00:57:44.501  1444  1808 D MDP     : [PQSessionManager] getPQSessionListHandle, find id[7]
03-02 00:57:44.501  1444  1808 D MDP     : [PQSessionManager] PQSessionManager::getPQSession id[7]
03-02 00:57:44.501  1444  1808 D MDP     : [PQSessionManager] getPQSessionListHandle id[7]
03-02 00:57:44.501  1444  1808 D MDP     : [PQSessionManager] getPQSessionListHandle, find id[7]
03-02 00:57:44.501  1444  1808 D MDP     : PQSession:setPipeNum m_PipeNum[1] value[1] ID[7] DCPath[0] DCDone[0] addr[73225d5f]
03-02 00:57:44.501  1444  1808 D MDP     : [PQSession] getDpPqConfig() id[7] enable[0], scenario[1]
03-02 00:57:44.501  1444  1808 D MDP     : [PQSession] getDpPqConfig() enSharp[0] enDC[0] enColor[0] enHDR[0] enHDRVivid[0] enUR[0] enReFocus[0] enCcorr[0] enDRE[0] enHFG[0] enAIPQ[0] enAISDR2HDR[0] enAIRegionPQ[0] mAdaptiveEnable[0]
03-02 00:57:44.501  1444  1808 D PQ      : [PQRSZConfig] PQRSZConfig::getUREnableStatus = 1
03-02 00:57:44.501  1444  1808 D MDP     : [PQSessionManager] PQSessionManager::getPQSession id[7]
03-02 00:57:44.501  1444  1808 D MDP     : [PQSessionManager] getPQSessionListHandle id[7]
03-02 00:57:44.501  1444  1808 D MDP     : [PQSessionManager] getPQSessionListHandle, find id[7]
03-02 00:57:44.501  1444  1808 D AAL     : [PQEngineInterface] DpEngineTDSHPConfigFrame(0) pqSessionId = 7
03-02 00:57:44.501  1444  1808 D MDP     : [PQSession] getDpPqConfig() id[7] enable[0], scenario[1]
03-02 00:57:44.501  1444  1808 D MDP     : [PQSession] getDpPqConfig() enSharp[0] enDC[0] enColor[0] enHDR[0] enHDRVivid[0] enUR[0] enReFocus[0] enCcorr[0] enDRE[0] enHFG[0] enAIPQ[0] enAISDR2HDR[0] enAIRegionPQ[0] mAdaptiveEnable[0]
03-02 00:57:44.501  1444  1808 D AAL     : [PQEngineInterface] DpEngineTDSHPConfigFrame(0) tdshpEnable(0) enSharp(0) enDC(0) enHFG(0)
03-02 00:57:44.501  2991  3003 I LocationAccessPolicy: checkLocationPermission - callingUid: 10492, callingPid: 14636, result: DENIED_SOFT
03-02 00:57:44.501  2991  3003 I LocationAccessPolicy: checkLocationPermission - callingUid: 10492, callingPid: 14636, result: DENIED_SOFT
03-02 00:57:44.502  1444  1808 D MDP     : [PQSessionManager] PQSessionManager::getPQSession id[7]
03-02 00:57:44.502  1444  1808 D MDP     : [PQSessionManager] getPQSessionListHandle id[7]
03-02 00:57:44.502  1444  1808 D MDP     : [PQSessionManager] getPQSessionListHandle, find id[7]
03-02 00:57:44.502  1444  1808 D MDP     : [PQSession] getDpPqConfig() id[7] enable[0], scenario[1]
03-02 00:57:44.502  1444  1808 D MDP     : [PQSession] getDpPqConfig() enSharp[0] enDC[0] enColor[0] enHDR[0] enHDRVivid[0] enUR[0] enReFocus[0] enCcorr[0] enDRE[0] enHFG[0] enAIPQ[0] enAISDR2HDR[0] enAIRegionPQ[0] mAdaptiveEnable[0]
03-02 00:57:44.502  1444  1808 W AAL     : DpEngine_AAL: relay 1
03-02 00:57:44.502  1444  1808 D AAL     : [PQEngineInterface] DpEngineTDSHPConfigTile(0) InpSize: 766, 1920, OutSize: 766, 1920
03-02 00:57:44.502  1444  1808 D MDP     : [PQSessionManager] PQSessionManager::getPQSession id[7]
03-02 00:57:44.502  1444  1808 D MDP     : [PQSessionManager] getPQSessionListHandle id[7]
03-02 00:57:44.502  1444  1808 D MDP     : [PQSessionManager] getPQSessionListHandle, find id[7]
03-02 00:57:44.502  1444  1808 D PQ      : [PQHFGConfig] PQHFGConfig::isEnabled = 2
03-02 00:57:44.502  1444  1808 D MDP     : [PQSession] getDpPqConfig() id[7] enable[0], scenario[1]
03-02 00:57:44.502  1444  1808 D MDP     : [PQSession] getDpPqConfig() enSharp[0] enDC[0] enColor[0] enHDR[0] enHDRVivid[0] enUR[0] enReFocus[0] enCcorr[0] enDRE[0] enHFG[0] enAIPQ[0] enAISDR2HDR[0] enAIRegionPQ[0] mAdaptiveEnable[0]
03-02 00:57:44.502  1444  1808 D AAL     : [PQEngineInterface] DpEngineAALCongTile(0) MDP_aal_size = 34211072
03-02 00:57:44.502  1444  1808 D AAL     : [PQEngineInterface(1791345034)::MDP_AAL_output_offset = 0
03-02 00:57:44.502  1444  1808 D AAL     : [PQEngineInterface] DpEngineAALCongTile(0) MDP_AAL_output_size = 33686784
03-02 00:57:44.502  1444  1808 D AAL     : [PQEngineInterface] DpEngineAALCongTile(0) inTileXRight = 719, inTileXLeft = 198
03-02 00:57:44.502  1444  1808 D AAL     : [PQEngineInterface] DpEngineAALCongTile(0) inTileYBottom = 719, inTileYTop = 0
03-02 00:57:44.502  1444  1808 D AAL     : [PQEngineInterface] DpEngineAALCongTile(0) outTileXRight = 1279, outTileXLeft = 206
03-02 00:57:44.502  1444  1808 D AAL     : [PQEngineInterface] DpEngineAALCongTile(0) m_outTileYBottom = 1279, m_outTileYTop = 0
03-02 00:57:44.502  1444  1808 D MDP     : [PQSessionManager] PQSessionManager::getPQSession id[7]
03-02 00:57:44.502  1444  1808 D MDP     : [PQSessionManager] getPQSessionListHandle id[7]
03-02 00:57:44.502  1444  1808 D MDP     : [PQSessionManager] getPQSessionListHandle, find id[7]
03-02 00:57:44.502  1444  1808 D AAL     : [PQEngineInterface] DpEngineAALCongTile(0)cropOffset[X, Y]=[1, 198], crop[Wid, Hei]=[0, 522]
03-02 00:57:44.502  1444  1808 D MDP     : [PQSessionManager] PQSessionManager::getPQSession id[7]
03-02 00:57:44.502  1444  1808 D MDP     : [PQSessionManager] getPQSessionListHandle id[7]
03-02 00:57:44.502  1444  1808 D MDP     : [PQSessionManager] getPQSessionListHandle, find id[7]
03-02 00:57:44.502  1444  1808 D AAL     : [PQEngineInterface] DpEngineHDRConfigTile(0) outTileXLeft = 198, outTileXRight = 719
03-02 00:57:44.502  1444  1808 D AAL     : [PQEngineInterface] DpEngineHDRConfigTile(0) inTileXLeft = 198, inTileXRight = 719
03-02 00:57:44.502  1444  1808 D AAL     : [PQEngineInterface] DpEngineHDRConfigTile(0) HDR_out_start_x = 0, HDR_out_end_x = 521, src h: 522,v: 1280
03-02 00:57:44.502  1444  1808 D AAL     : [PQEngineInterface] DpEngineHDRConfigTile(0) HDR_hist_end_x = 0, HDR_hist_begin_x = 0
03-02 00:57:44.502  1444  1808 D AAL     : [PQEngineInterface] DpEngineHDRConfigTile(0) HDR_first_tile = 0, HDR_last_tile = 0
03-02 00:57:44.502  1444  1808 D AAL     : [PQEngineInterface] DpEngineHDRConfigTile(0) inFrameWidth = 720 , middlePosX = 0
03-02 00:57:44.502  1444  1808 D MDP     : [PQSessionManager] PQSessionManager::getPQSession id[7]
03-02 00:57:44.502  1444  1808 D MDP     : [PQSessionManager] getPQSessionListHandle id[7]
03-02 00:57:44.502  1444  1808 D MDP     : [PQSessionManager] getPQSessionListHandle, find id[7]
03-02 00:57:44.502  1444  1808 D MDP     : [PQSessionManager] PQSessionManager::getPQSession id[7]
03-02 00:57:44.502  1444  1808 D MDP     : [PQSessionManager] getPQSessionListHandle id[7]
03-02 00:57:44.502  1444  1808 D MDP     : [PQSessionManager] getPQSessionListHandle, find id[7]
03-02 00:57:44.506  1444  1809 D MDP     : [PQSessionManager] PQSessionManager::getPQSession id[7]
03-02 00:57:44.506  1444  1809 D MDP     : [PQSessionManager] getPQSessionListHandle id[7]
03-02 00:57:44.506  1444  1809 D MDP     : [PQSessionManager] getPQSessionListHandle, find id[7]
03-02 00:57:44.506  1444  1809 D MDP     : [PQSessionManager] findVideoID[f50d5820] found on index 7
03-02 00:57:44.510  2991  3757 I LocationAccessPolicy: checkLocationPermission - callingUid: 10492, callingPid: 14636, result: DENIED_SOFT
03-02 00:57:44.511  1444  1808 D MDP     : [PQSessionManager] findVideoID[f50d5820] found on index 7
03-02 00:57:44.511  1444  1808 D MDP     : [PQSessionManager] createPQSession(7) user(0xb4000074f4d46d80)
03-02 00:57:44.511  1444  1808 D MDP     : [PQSessionManager] Duplicated ID[7] found, please check if double createPQSession!
03-02 00:57:44.511  1444  1808 D MDP     : [PQSessionManager] getPQSessionListHandle id[7]
03-02 00:57:44.511  1444  1808 D MDP     : [PQSessionManager] getPQSessionListHandle, find id[7]
03-02 00:57:44.511  1444  1808 D MDP     : [PQSession] incRefCount id[7] user[0xb4000074f4d46d80] existed
03-02 00:57:44.511  1444  1808 D MDP     : [PQSession] incRefCount id[7] user[0xb4000074f4d46d80] numOfUser[1]
03-02 00:57:44.511  1444  1808 D MDP     : [PQSession] numElements[0] key[0] metaData[0]
03-02 00:57:44.511  1444  1808 D MDP     : [PQSession] setPQParam() id[7] enable[0], scenario[1]
03-02 00:57:44.511  1444  1808 D PQ      : PQDSConfig::getEnableStatus check1  time 0 ms
03-02 00:57:44.511  1444  1808 D PQ      : [PQDSConfig] PQDSConfig::getEnableStatus = 1
03-02 00:57:44.511  1444  1808 D PQ      : [PQDSConfig] m_TDSHPTableInit 1
03-02 00:57:44.511  1444  1808 D PQ      : [PQDSConfig] getAshmemContext(SHP_ENABLE) = 1
03-02 00:57:44.511  1444  1808 D PQ      : PQDSConfig::getEnableStatus check2  time 0 ms
03-02 00:57:44.511  1444  1808 D PQ      : [PQDSConfig] PQDSConfig::getUREnableStatus = 1
03-02 00:57:44.511  1444  1808 D MDP     : [PQSession] setDpPqConfig m_svp = 0, enDRE = 0
03-02 00:57:44.511  1444  1808 D MDP     : setPQParam globalPQSupport = [0] globalPQSwitch = [0] globalPQStrength = [0] globalPQType = [0]
03-02 00:57:44.511  1444  1808 D MDP     : [PQSession] setPQparam userId[0x0], scenario[1], enDRE[0]
03-02 00:57:44.511  1444  1808 D MDP     : [PQSession] getDpPqConfig() id[7] enable[0], scenario[1]
03-02 00:57:44.512  1444  1808 D MDP     : [PQSession] getDpPqConfig() enSharp[0] enDC[0] enColor[0] enHDR[0] enHDRVivid[0] enUR[0] enReFocus[0] enCcorr[0] enDRE[0] enHFG[0] enAIPQ[0] enAISDR2HDR[0] enAIRegionPQ[0] mAdaptiveEnable[0]
03-02 00:57:44.512  1444  1808 D MDP     : [PQSession] setPQDREParam userId[0x0] scenario[1] enDRE[0]
03-02 00:57:44.512  1444  1808 D MDP     : [PQSessionManager] findVideoID[f50d5820] found on index 7
03-02 00:57:44.512  1444  1808 D PQ_HDR  : DpAsyncBlit: job:(2071417 139) in:(720, 1280)[720 368] C8s P1.1.1.0.1, alpha 0, sec0 flush:0 Buffer 1035708: plane=3 bufVA={0x8b,0x8b,0x8b} bufMVA={0x0,0x0,0x0} bufSize={0xe1000,0x39800,0x39800} proxy={0xb4000074f4c6a1a0,0x0,0x0}fence=-1
03-02 00:57:44.512  1444  1808 D PQ_HDR  : DpAsyncBlit: out 0:(764, 1920)[2176 0] C5 P1.1.1.0.1 R:0 F:0 S:0 A:0 HDR:0 COLOR:0 CCORR:0 sec0 flush:0 Buffer 1035708: plane=1 bufVA={0x98,0x0,0x0} bufMVA={0x0,0x0,0x0} bufSize={0x4db200,0x0,0x0} proxy={0xb40000747320b500,0x0,0x0}fence=174
03-02 00:57:44.512  1444  1808 D PQ_HDR  : DpAsyncBlit: crop 0:(211.0, 0.0, 509.0, 1280.0) compose:(0, 0, 763, 1920)
03-02 00:57:44.512  1444  1808 D MDP     : [PQSessionManager] PQSessionManager::getPQSession id[7]
03-02 00:57:44.512  1444  1808 D MDP     : [PQSessionManager] getPQSessionListHandle id[7]
03-02 00:57:44.512  1444  1808 D MDP     : [PQSessionManager] getPQSessionListHandle, find id[7]
03-02 00:57:44.512  1444  1808 D MDP     : [PQSessionManager] PQSessionManager::getPQSession id[7]
03-02 00:57:44.512  1444  1808 D MDP     : [PQSessionManager] getPQSessionListHandle id[7]
03-02 00:57:44.512  1444  1808 D MDP     : [PQSessionManager] getPQSessionListHandle, find id[7]
03-02 00:57:44.512  1444  1808 D MDP     : PQSession:setPipeNum m_PipeNum[1] value[1] ID[7] DCPath[0] DCDone[0] addr[73225d5f]
03-02 00:57:44.512  5235  5235 I InputMethodService: removeImeSurface
03-02 00:57:44.512  1444  1808 D MDP     : [PQSession] getDpPqConfig() id[7] enable[0], scenario[1]
03-02 00:57:44.512  1444  1808 D MDP     : [PQSession] getDpPqConfig() enSharp[0] enDC[0] enColor[0] enHDR[0] enHDRVivid[0] enUR[0] enReFocus[0] enCcorr[0] enDRE[0] enHFG[0] enAIPQ[0] enAISDR2HDR[0] enAIRegionPQ[0] mAdaptiveEnable[0]
03-02 00:57:44.512  5235  5235 I InputMethodService: cancelImeSurfaceRemoval: removeCallbacks
03-02 00:57:44.512  1444  1808 D PQ      : [PQRSZConfig] PQRSZConfig::getUREnableStatus = 1
03-02 00:57:44.512  1444  1808 D MDP     : [PQSessionManager] PQSessionManager::getPQSession id[7]
03-02 00:57:44.512  1444  1808 D MDP     : [PQSessionManager] getPQSessionListHandle id[7]
03-02 00:57:44.512  1444  1808 D MDP     : [PQSessionManager] getPQSessionListHandle, find id[7]
03-02 00:57:44.512  1444  1808 D AAL     : [PQEngineInterface] DpEngineTDSHPConfigFrame(0) pqSessionId = 7
03-02 00:57:44.512  1444  1808 D MDP     : [PQSession] getDpPqConfig() id[7] enable[0], scenario[1]
03-02 00:57:44.512  1444  1808 D MDP     : [PQSession] getDpPqConfig() enSharp[0] enDC[0] enColor[0] enHDR[0] enHDRVivid[0] enUR[0] enReFocus[0] enCcorr[0] enDRE[0] enHFG[0] enAIPQ[0] enAISDR2HDR[0] enAIRegionPQ[0] mAdaptiveEnable[0]
03-02 00:57:44.512  1444  1808 D AAL     : [PQEngineInterface] DpEngineTDSHPConfigFrame(0) tdshpEnable(0) enSharp(0) enDC(0) enHFG(0)
03-02 00:57:44.513  1444  1808 D MDP     : [PQSessionManager] PQSessionManager::getPQSession id[7]
03-02 00:57:44.513  1444  1808 D MDP     : [PQSessionManager] getPQSessionListHandle id[7]
03-02 00:57:44.513  1444  1808 D MDP     : [PQSessionManager] getPQSessionListHandle, find id[7]
03-02 00:57:44.513  1444  1808 D MDP     : [PQSession] getDpPqConfig() id[7] enable[0], scenario[1]
03-02 00:57:44.513  1444  1808 D MDP     : [PQSession] getDpPqConfig() enSharp[0] enDC[0] enColor[0] enHDR[0] enHDRVivid[0] enUR[0] enReFocus[0] enCcorr[0] enDRE[0] enHFG[0] enAIPQ[0] enAISDR2HDR[0] enAIRegionPQ[0] mAdaptiveEnable[0]
03-02 00:57:44.513  1444  1808 W AAL     : DpEngine_AAL: relay 1
03-02 00:57:44.513  1444  1808 D AAL     : [PQEngineInterface] DpEngineTDSHPConfigTile(0) InpSize: 764, 1920, OutSize: 764, 1920
03-02 00:57:44.513  1444  1808 D MDP     : [PQSessionManager] PQSessionManager::getPQSession id[7]
03-02 00:57:44.513  1444  1808 D MDP     : [PQSessionManager] getPQSessionListHandle id[7]
03-02 00:57:44.513  1444  1808 D MDP     : [PQSessionManager] getPQSessionListHandle, find id[7]
03-02 00:57:44.513  1444  1808 D PQ      : [PQHFGConfig] PQHFGConfig::isEnabled = 2
03-02 00:57:44.513  1444  1808 D MDP     : [PQSession] getDpPqConfig() id[7] enable[0], scenario[1]
03-02 00:57:44.513  1444  1808 D MDP     : [PQSession] getDpPqConfig() enSharp[0] enDC[0] enColor[0] enHDR[0] enHDRVivid[0] enUR[0] enReFocus[0] enCcorr[0] enDRE[0] enHFG[0] enAIPQ[0] enAISDR2HDR[0] enAIRegionPQ[0] mAdaptiveEnable[0]
03-02 00:57:44.513  1444  1808 D AAL     : [PQEngineInterface] DpEngineAALCongTile(0) MDP_aal_size = 34080000
03-02 00:57:44.513  1444  1808 D AAL     : [PQEngineInterface(1791345034)::MDP_AAL_output_offset = 0
03-02 00:57:44.513  1444  1808 D AAL     : [PQEngineInterface] DpEngineAALCongTile(0) MDP_AAL_output_size = 33555712
03-02 00:57:44.513  1444  1808 D AAL     : [PQEngineInterface] DpEngineAALCongTile(0) inTileXRight = 719, inTileXLeft = 200
03-02 00:57:44.513  1444  1808 D AAL     : [PQEngineInterface] DpEngineAALCongTile(0) inTileYBottom = 719, inTileYTop = 0
03-02 00:57:44.513  1444  1808 D AAL     : [PQEngineInterface] DpEngineAALCongTile(0) outTileXRight = 1279, outTileXLeft = 208
03-02 00:57:44.513  1444  1808 D AAL     : [PQEngineInterface] DpEngineAALCongTile(0) m_outTileYBottom = 1279, m_outTileYTop = 0
03-02 00:57:44.513  1444  1808 D MDP     : [PQSessionManager] PQSessionManager::getPQSession id[7]
03-02 00:57:44.513  1444  1808 D MDP     : [PQSessionManager] getPQSessionListHandle id[7]
03-02 00:57:44.513  1444  1808 D MDP     : [PQSessionManager] getPQSessionListHandle, find id[7]
03-02 00:57:44.513  1444  1808 D AAL     : [PQEngineInterface] DpEngineAALCongTile(0)cropOffset[X, Y]=[1, 200], crop[Wid, Hei]=[0, 520]
03-02 00:57:44.513  1444  1808 D MDP     : [PQSessionManager] PQSessionManager::getPQSession id[7]
03-02 00:57:44.513  1444  1808 D MDP     : [PQSessionManager] getPQSessionListHandle id[7]
03-02 00:57:44.513  1444  1808 D MDP     : [PQSessionManager] getPQSessionListHandle, find id[7]
03-02 00:57:44.513  1444  1808 D AAL     : [PQEngineInterface] DpEngineHDRConfigTile(0) outTileXLeft = 200, outTileXRight = 719
03-02 00:57:44.513  1444  1808 D AAL     : [PQEngineInterface] DpEngineHDRConfigTile(0) inTileXLeft = 200, inTileXRight = 719
03-02 00:57:44.513  1444  1808 D AAL     : [PQEngineInterface] DpEngineHDRConfigTile(0) HDR_out_start_x = 0, HDR_out_end_x = 519, src h: 520,v: 1280
03-02 00:57:44.513  1444  1808 D AAL     : [PQEngineInterface] DpEngineHDRConfigTile(0) HDR_hist_end_x = 0, HDR_hist_begin_x = 0
03-02 00:57:44.513  1444  1808 D AAL     : [PQEngineInterface] DpEngineHDRConfigTile(0) HDR_first_tile = 0, HDR_last_tile = 0
03-02 00:57:44.513  1444  1808 D AAL     : [PQEngineInterface] DpEngineHDRConfigTile(0) inFrameWidth = 720 , middlePosX = 0
03-02 00:57:44.513  1444  1808 D MDP     : [PQSessionManager] PQSessionManager::getPQSession id[7]
03-02 00:57:44.513  1444  1808 D MDP     : [PQSessionManager] getPQSessionListHandle id[7]
03-02 00:57:44.513  1444  1808 D MDP     : [PQSessionManager] getPQSessionListHandle, find id[7]
03-02 00:57:44.513  1444  1808 D MDP     : [PQSessionManager] PQSessionManager::getPQSession id[7]
03-02 00:57:44.513  1444  1808 D MDP     : [PQSessionManager] getPQSessionListHandle id[7]
03-02 00:57:44.513  1444  1808 D MDP     : [PQSessionManager] getPQSessionListHandle, find id[7]
03-02 00:57:44.515  2013  3345 W system_server: Large reply transaction of 325152 bytes, interface descriptor android.app.IActivityTaskManager, code 26
03-02 00:57:44.517  1444  1809 D MDP     : [PQSessionManager] PQSessionManager::getPQSession id[7]
03-02 00:57:44.517  1444  1809 D MDP     : [PQSessionManager] getPQSessionListHandle id[7]
03-02 00:57:44.517  1444  1809 D MDP     : [PQSessionManager] getPQSessionListHandle, find id[7]
03-02 00:57:44.517  1444  1809 D MDP     : [PQSessionManager] findVideoID[f50d5820] found on index 7
03-02 00:57:44.518  1445  2902 W C2MtkBufferManager: [0xB4000070F507E520] fetchNewCcBlock: wait fence 0x0xb4000070f5058270 timed out. ret 110
03-02 00:57:44.525  1444  1808 D MDP     : [PQSessionManager] findVideoID[f50d5820] found on index 7
03-02 00:57:44.525  1444  1808 D MDP     : [PQSessionManager] createPQSession(7) user(0xb4000074f4d46d80)
03-02 00:57:44.525  1444  1808 D MDP     : [PQSessionManager] Duplicated ID[7] found, please check if double createPQSession!
03-02 00:57:44.525  1444  1808 D MDP     : [PQSessionManager] getPQSessionListHandle id[7]
03-02 00:57:44.525  1444  1808 D MDP     : [PQSessionManager] getPQSessionListHandle, find id[7]
03-02 00:57:44.525  1444  1808 D MDP     : [PQSession] incRefCount id[7] user[0xb4000074f4d46d80] existed
03-02 00:57:44.525  1444  1808 D MDP     : [PQSession] incRefCount id[7] user[0xb4000074f4d46d80] numOfUser[1]
03-02 00:57:44.525  1444  1808 D MDP     : [PQSession] numElements[0] key[0] metaData[0]
03-02 00:57:44.525  1444  1808 D MDP     : [PQSession] setPQParam() id[7] enable[0], scenario[1]
03-02 00:57:44.525  1444  1808 D PQ      : PQDSConfig::getEnableStatus check1  time 0 ms
03-02 00:57:44.525  1444  1808 D PQ      : [PQDSConfig] PQDSConfig::getEnableStatus = 1
03-02 00:57:44.525  1444  1808 D PQ      : [PQDSConfig] m_TDSHPTableInit 1
03-02 00:57:44.525  1444  1808 D PQ      : [PQDSConfig] getAshmemContext(SHP_ENABLE) = 1
03-02 00:57:44.525  1444  1808 D PQ      : PQDSConfig::getEnableStatus check2  time 0 ms
03-02 00:57:44.525  1444  1808 D PQ      : [PQDSConfig] PQDSConfig::getUREnableStatus = 1
03-02 00:57:44.525  1444  1808 D MDP     : [PQSession] setDpPqConfig m_svp = 0, enDRE = 0
03-02 00:57:44.525  1444  1808 D MDP     : setPQParam globalPQSupport = [0] globalPQSwitch = [0] globalPQStrength = [0] globalPQType = [0]
03-02 00:57:44.525  1444  1808 D MDP     : [PQSession] setPQparam userId[0x0], scenario[1], enDRE[0]
03-02 00:57:44.525  1444  1808 D MDP     : [PQSession] getDpPqConfig() id[7] enable[0], scenario[1]
03-02 00:57:44.525  1444  1808 D MDP     : [PQSession] getDpPqConfig() enSharp[0] enDC[0] enColor[0] enHDR[0] enHDRVivid[0] enUR[0] enReFocus[0] enCcorr[0] enDRE[0] enHFG[0] enAIPQ[0] enAISDR2HDR[0] enAIRegionPQ[0] mAdaptiveEnable[0]
03-02 00:57:44.525  1444  1808 D MDP     : [PQSession] setPQDREParam userId[0x0] scenario[1] enDRE[0]
03-02 00:57:44.525  1444  1808 D MDP     : [PQSessionManager] findVideoID[f50d5820] found on index 7
03-02 00:57:44.525  1444  1808 D PQ_HDR  : DpAsyncBlit: job:(2071419 140) in:(720, 1280)[720 368] C8s P1.1.1.0.1, alpha 0, sec0 flush:0 Buffer 1035709: plane=3 bufVA={0x8c,0x8c,0x8c} bufMVA={0x0,0x0,0x0} bufSize={0xe1000,0x39800,0x39800} proxy={0xb4000074f4c6a840,0x0,0x0}fence=-1
03-02 00:57:44.525  1444  1808 D PQ_HDR  : DpAsyncBlit: out 0:(762, 1920)[2176 0] C5 P1.1.1.0.1 R:0 F:0 S:0 A:0 HDR:0 COLOR:0 CCORR:0 sec0 flush:0 Buffer 1035709: plane=1 bufVA={0xac,0x0,0x0} bufMVA={0x0,0x0,0x0} bufSize={0x4db200,0x0,0x0} proxy={0xb40000747320b740,0x0,0x0}fence=174
03-02 00:57:44.525  1444  1808 D PQ_HDR  : DpAsyncBlit: crop 0:(213.0, 0.0, 507.0, 1280.0) compose:(0, 0, 761, 1920)
03-02 00:57:44.526  1444  1808 D MDP     : [PQSessionManager] PQSessionManager::getPQSession id[7]
03-02 00:57:44.526  1444  1808 D MDP     : [PQSessionManager] getPQSessionListHandle id[7]
03-02 00:57:44.526  1444  1808 D MDP     : [PQSessionManager] getPQSessionListHandle, find id[7]
03-02 00:57:44.526  1444  1808 D MDP     : [PQSessionManager] PQSessionManager::getPQSession id[7]
03-02 00:57:44.526  1444  1808 D MDP     : [PQSessionManager] getPQSessionListHandle id[7]
03-02 00:57:44.526  1444  1808 D MDP     : [PQSessionManager] getPQSessionListHandle, find id[7]
03-02 00:57:44.526  1444  1808 D MDP     : PQSession:setPipeNum m_PipeNum[1] value[1] ID[7] DCPath[0] DCDone[0] addr[73225d5f]
03-02 00:57:44.526  1444  1808 D MDP     : [PQSession] getDpPqConfig() id[7] enable[0], scenario[1]
03-02 00:57:44.526  1444  1808 D MDP     : [PQSession] getDpPqConfig() enSharp[0] enDC[0] enColor[0] enHDR[0] enHDRVivid[0] enUR[0] enReFocus[0] enCcorr[0] enDRE[0] enHFG[0] enAIPQ[0] enAISDR2HDR[0] enAIRegionPQ[0] mAdaptiveEnable[0]
03-02 00:57:44.526  1444  1808 D PQ      : [PQRSZConfig] PQRSZConfig::getUREnableStatus = 1
03-02 00:57:44.526  1444  1808 D MDP     : [PQSessionManager] PQSessionManager::getPQSession id[7]
03-02 00:57:44.526  1444  1808 D MDP     : [PQSessionManager] getPQSessionListHandle id[7]
03-02 00:57:44.526  1444  1808 D MDP     : [PQSessionManager] getPQSessionListHandle, find id[7]
03-02 00:57:44.526  1444  1808 D AAL     : [PQEngineInterface] DpEngineTDSHPConfigFrame(0) pqSessionId = 7
03-02 00:57:44.526  1444  1808 D MDP     : [PQSession] getDpPqConfig() id[7] enable[0], scenario[1]
03-02 00:57:44.526  1444  1808 D MDP     : [PQSession] getDpPqConfig() enSharp[0] enDC[0] enColor[0] enHDR[0] enHDRVivid[0] enUR[0] enReFocus[0] enCcorr[0] enDRE[0] enHFG[0] enAIPQ[0] enAISDR2HDR[0] enAIRegionPQ[0] mAdaptiveEnable[0]
03-02 00:57:44.526  1444  1808 D AAL     : [PQEngineInterface] DpEngineTDSHPConfigFrame(0) tdshpEnable(0) enSharp(0) enDC(0) enHFG(0)
03-02 00:57:44.527  1444  1808 D MDP     : [PQSessionManager] PQSessionManager::getPQSession id[7]
03-02 00:57:44.527  1444  1808 D MDP     : [PQSessionManager] getPQSessionListHandle id[7]
03-02 00:57:44.527  1444  1808 D MDP     : [PQSessionManager] getPQSessionListHandle, find id[7]
03-02 00:57:44.527  1444  1808 D MDP     : [PQSession] getDpPqConfig() id[7] enable[0], scenario[1]
03-02 00:57:44.527  1444  1808 D MDP     : [PQSession] getDpPqConfig() enSharp[0] enDC[0] enColor[0] enHDR[0] enHDRVivid[0] enUR[0] enReFocus[0] enCcorr[0] enDRE[0] enHFG[0] enAIPQ[0] enAISDR2HDR[0] enAIRegionPQ[0] mAdaptiveEnable[0]
03-02 00:57:44.527  1444  1808 W AAL     : DpEngine_AAL: relay 1
03-02 00:57:44.527  1444  1808 D AAL     : [PQEngineInterface] DpEngineTDSHPConfigTile(0) InpSize: 762, 1920, OutSize: 762, 1920
03-02 00:57:44.527  1444  1808 D MDP     : [PQSessionManager] PQSessionManager::getPQSession id[7]
03-02 00:57:44.527  1444  1808 D MDP     : [PQSessionManager] getPQSessionListHandle id[7]
03-02 00:57:44.527  1444  1808 D MDP     : [PQSessionManager] getPQSessionListHandle, find id[7]
03-02 00:57:44.527  1444  1808 D PQ      : [PQHFGConfig] PQHFGConfig::isEnabled = 2
03-02 00:57:44.527  1444  1808 D MDP     : [PQSession] getDpPqConfig() id[7] enable[0], scenario[1]
03-02 00:57:44.527  1444  1808 D MDP     : [PQSession] getDpPqConfig() enSharp[0] enDC[0] enColor[0] enHDR[0] enHDRVivid[0] enUR[0] enReFocus[0] enCcorr[0] enDRE[0] enHFG[0] enAIPQ[0] enAISDR2HDR[0] enAIRegionPQ[0] mAdaptiveEnable[0]
03-02 00:57:44.527  1444  1808 D AAL     : [PQEngineInterface] DpEngineAALCongTile(0) MDP_aal_size = 33948928
03-02 00:57:44.527  1444  1808 D AAL     : [PQEngineInterface(1791345034)::MDP_AAL_output_offset = 0
03-02 00:57:44.527  1444  1808 D AAL     : [PQEngineInterface] DpEngineAALCongTile(0) MDP_AAL_output_size = 33424640
03-02 00:57:44.527  1444  1808 D AAL     : [PQEngineInterface] DpEngineAALCongTile(0) inTileXRight = 719, inTileXLeft = 202
03-02 00:57:44.527  1444  1808 D AAL     : [PQEngineInterface] DpEngineAALCongTile(0) inTileYBottom = 719, inTileYTop = 0
03-02 00:57:44.527  1444  1808 D AAL     : [PQEngineInterface] DpEngineAALCongTile(0) outTileXRight = 1279, outTileXLeft = 210
03-02 00:57:44.527  1444  1808 D AAL     : [PQEngineInterface] DpEngineAALCongTile(0) m_outTileYBottom = 1279, m_outTileYTop = 0
03-02 00:57:44.527  1444  1808 D MDP     : [PQSessionManager] PQSessionManager::getPQSession id[7]
03-02 00:57:44.527  1444  1808 D MDP     : [PQSessionManager] getPQSessionListHandle id[7]
03-02 00:57:44.527  1444  1808 D MDP     : [PQSessionManager] getPQSessionListHandle, find id[7]
03-02 00:57:44.527  1444  1808 D AAL     : [PQEngineInterface] DpEngineAALCongTile(0)cropOffset[X, Y]=[1, 202], crop[Wid, Hei]=[0, 518]
03-02 00:57:44.527  1444  1808 D MDP     : [PQSessionManager] PQSessionManager::getPQSession id[7]
03-02 00:57:44.527  1444  1808 D MDP     : [PQSessionManager] getPQSessionListHandle id[7]
03-02 00:57:44.527  1444  1808 D MDP     : [PQSessionManager] getPQSessionListHandle, find id[7]
03-02 00:57:44.527  1444  1808 D AAL     : [PQEngineInterface] DpEngineHDRConfigTile(0) outTileXLeft = 202, outTileXRight = 719
03-02 00:57:44.527  1444  1808 D AAL     : [PQEngineInterface] DpEngineHDRConfigTile(0) inTileXLeft = 202, inTileXRight = 719
03-02 00:57:44.527  1444  1808 D AAL     : [PQEngineInterface] DpEngineHDRConfigTile(0) HDR_out_start_x = 0, HDR_out_end_x = 517, src h: 518,v: 1280
03-02 00:57:44.527  1444  1808 D AAL     : [PQEngineInterface] DpEngineHDRConfigTile(0) HDR_hist_end_x = 0, HDR_hist_begin_x = 0
03-02 00:57:44.527  1444  1808 D AAL     : [PQEngineInterface] DpEngineHDRConfigTile(0) HDR_first_tile = 0, HDR_last_tile = 0
03-02 00:57:44.527  1444  1808 D AAL     : [PQEngineInterface] DpEngineHDRConfigTile(0) inFrameWidth = 720 , middlePosX = 0
03-02 00:57:44.527  1444  1808 D MDP     : [PQSessionManager] PQSessionManager::getPQSession id[7]
03-02 00:57:44.527  1444  1808 D MDP     : [PQSessionManager] getPQSessionListHandle id[7]
03-02 00:57:44.527  1444  1808 D MDP     : [PQSessionManager] getPQSessionListHandle, find id[7]
03-02 00:57:44.527  1444  1808 D MDP     : [PQSessionManager] PQSessionManager::getPQSession id[7]
03-02 00:57:44.527  1444  1808 D MDP     : [PQSessionManager] getPQSessionListHandle id[7]
03-02 00:57:44.527  1444  1808 D MDP     : [PQSessionManager] getPQSessionListHandle, find id[7]
03-02 00:57:44.531  1444  1809 D MDP     : [PQSessionManager] PQSessionManager::getPQSession id[7]
03-02 00:57:44.531  1444  1809 D MDP     : [PQSessionManager] getPQSessionListHandle id[7]
03-02 00:57:44.531  1444  1809 D MDP     : [PQSessionManager] getPQSessionListHandle, find id[7]
03-02 00:57:44.531  1444  1809 D MDP     : [PQSessionManager] findVideoID[f50d5820] found on index 7
03-02 00:57:44.536  1444  1808 D MDP     : [PQSessionManager] findVideoID[f50d5820] found on index 7
03-02 00:57:44.536  1444  1808 D MDP     : [PQSessionManager] createPQSession(7) user(0xb4000074f4d46d80)
03-02 00:57:44.536  1444  1808 D MDP     : [PQSessionManager] Duplicated ID[7] found, please check if double createPQSession!
03-02 00:57:44.536  1444  1808 D MDP     : [PQSessionManager] getPQSessionListHandle id[7]
03-02 00:57:44.536  1444  1808 D MDP     : [PQSessionManager] getPQSessionListHandle, find id[7]
03-02 00:57:44.536  1444  1808 D MDP     : [PQSession] incRefCount id[7] user[0xb4000074f4d46d80] existed
03-02 00:57:44.536  1444  1808 D MDP     : [PQSession] incRefCount id[7] user[0xb4000074f4d46d80] numOfUser[1]
03-02 00:57:44.536  1444  1808 D MDP     : [PQSession] numElements[0] key[0] metaData[0]
03-02 00:57:44.536  1444  1808 D MDP     : [PQSession] setPQParam() id[7] enable[0], scenario[1]
03-02 00:57:44.536  1444  1808 D PQ      : PQDSConfig::getEnableStatus check1  time 0 ms
03-02 00:57:44.536  1444  1808 D PQ      : [PQDSConfig] PQDSConfig::getEnableStatus = 1
03-02 00:57:44.536  1444  1808 D PQ      : [PQDSConfig] m_TDSHPTableInit 1
03-02 00:57:44.536  1444  1808 D PQ      : [PQDSConfig] getAshmemContext(SHP_ENABLE) = 1
03-02 00:57:44.536  1444  1808 D PQ      : PQDSConfig::getEnableStatus check2  time 0 ms
03-02 00:57:44.536  1444  1808 D PQ      : [PQDSConfig] PQDSConfig::getUREnableStatus = 1
03-02 00:57:44.536  1444  1808 D MDP     : [PQSession] setDpPqConfig m_svp = 0, enDRE = 0
03-02 00:57:44.536  1444  1808 D MDP     : setPQParam globalPQSupport = [0] globalPQSwitch = [0] globalPQStrength = [0] globalPQType = [0]
03-02 00:57:44.536  1444  1808 D MDP     : [PQSession] setPQparam userId[0x0], scenario[1], enDRE[0]
03-02 00:57:44.536  1444  1808 D MDP     : [PQSession] getDpPqConfig() id[7] enable[0], scenario[1]
03-02 00:57:44.536  1444  1808 D MDP     : [PQSession] getDpPqConfig() enSharp[0] enDC[0] enColor[0] enHDR[0] enHDRVivid[0] enUR[0] enReFocus[0] enCcorr[0] enDRE[0] enHFG[0] enAIPQ[0] enAISDR2HDR[0] enAIRegionPQ[0] mAdaptiveEnable[0]
03-02 00:57:44.536  1444  1808 D MDP     : [PQSession] setPQDREParam userId[0x0] scenario[1] enDRE[0]
03-02 00:57:44.536  1444  1808 D MDP     : [PQSessionManager] findVideoID[f50d5820] found on index 7
03-02 00:57:44.536  1444  1808 D PQ_HDR  : DpAsyncBlit: job:(2071421 139) in:(720, 1280)[720 368] C8s P1.1.1.0.1, alpha 0, sec0 flush:0 Buffer 1035710: plane=3 bufVA={0x8b,0x8b,0x8b} bufMVA={0x0,0x0,0x0} bufSize={0xe1000,0x39800,0x39800} proxy={0xb4000074f4c6a800,0x0,0x0}fence=-1
03-02 00:57:44.536  1444  1808 D PQ_HDR  : DpAsyncBlit: out 0:(758, 1920)[2176 0] C5 P1.1.1.0.1 R:0 F:0 S:0 A:0 HDR:0 COLOR:0 CCORR:0 sec0 flush:0 Buffer 1035710: plane=1 bufVA={0x9e,0x0,0x0} bufMVA={0x0,0x0,0x0} bufSize={0x4db200,0x0,0x0} proxy={0xb40000747320b780,0x0,0x0}fence=176
03-02 00:57:44.536  1444  1808 D PQ_HDR  : DpAsyncBlit: crop 0:(215.0, 0.0, 505.0, 1280.0) compose:(0, 0, 758, 1920)
03-02 00:57:44.537  1444  1808 D MDP     : [PQSessionManager] PQSessionManager::getPQSession id[7]
03-02 00:57:44.537  1444  1808 D MDP     : [PQSessionManager] getPQSessionListHandle id[7]
03-02 00:57:44.537  1444  1808 D MDP     : [PQSessionManager] getPQSessionListHandle, find id[7]
03-02 00:57:44.537  1444  1808 D MDP     : [PQSessionManager] PQSessionManager::getPQSession id[7]
03-02 00:57:44.537  1444  1808 D MDP     : [PQSessionManager] getPQSessionListHandle id[7]
03-02 00:57:44.537  1444  1808 D MDP     : [PQSessionManager] getPQSessionListHandle, find id[7]
03-02 00:57:44.537  1444  1808 D MDP     : PQSession:setPipeNum m_PipeNum[1] value[1] ID[7] DCPath[0] DCDone[0] addr[73225d5f]
03-02 00:57:44.537  1444  1808 D MDP     : [PQSession] getDpPqConfig() id[7] enable[0], scenario[1]
03-02 00:57:44.537  1444  1808 D MDP     : [PQSession] getDpPqConfig() enSharp[0] enDC[0] enColor[0] enHDR[0] enHDRVivid[0] enUR[0] enReFocus[0] enCcorr[0] enDRE[0] enHFG[0] enAIPQ[0] enAISDR2HDR[0] enAIRegionPQ[0] mAdaptiveEnable[0]
03-02 00:57:44.537  1444  1808 D PQ      : [PQRSZConfig] PQRSZConfig::getUREnableStatus = 1
03-02 00:57:44.537  1444  1808 D MDP     : [PQSessionManager] PQSessionManager::getPQSession id[7]
03-02 00:57:44.537  1444  1808 D MDP     : [PQSessionManager] getPQSessionListHandle id[7]
03-02 00:57:44.537  1444  1808 D MDP     : [PQSessionManager] getPQSessionListHandle, find id[7]
03-02 00:57:44.537  1444  1808 D AAL     : [PQEngineInterface] DpEngineTDSHPConfigFrame(0) pqSessionId = 7
03-02 00:57:44.537  1444  1808 D MDP     : [PQSession] getDpPqConfig() id[7] enable[0], scenario[1]
03-02 00:57:44.537  1444  1808 D MDP     : [PQSession] getDpPqConfig() enSharp[0] enDC[0] enColor[0] enHDR[0] enHDRVivid[0] enUR[0] enReFocus[0] enCcorr[0] enDRE[0] enHFG[0] enAIPQ[0] enAISDR2HDR[0] enAIRegionPQ[0] mAdaptiveEnable[0]
03-02 00:57:44.537  1444  1808 D AAL     : [PQEngineInterface] DpEngineTDSHPConfigFrame(0) tdshpEnable(0) enSharp(0) enDC(0) enHFG(0)
03-02 00:57:44.538  1444  1808 D MDP     : [PQSessionManager] PQSessionManager::getPQSession id[7]
03-02 00:57:44.538  1444  1808 D MDP     : [PQSessionManager] getPQSessionListHandle id[7]
03-02 00:57:44.538  1444  1808 D MDP     : [PQSessionManager] getPQSessionListHandle, find id[7]
03-02 00:57:44.538  1444  1808 D MDP     : [PQSession] getDpPqConfig() id[7] enable[0], scenario[1]
03-02 00:57:44.538  1444  1808 D MDP     : [PQSession] getDpPqConfig() enSharp[0] enDC[0] enColor[0] enHDR[0] enHDRVivid[0] enUR[0] enReFocus[0] enCcorr[0] enDRE[0] enHFG[0] enAIPQ[0] enAISDR2HDR[0] enAIRegionPQ[0] mAdaptiveEnable[0]
03-02 00:57:44.538  1444  1808 W AAL     : DpEngine_AAL: relay 1
03-02 00:57:44.538  1444  1808 D AAL     : [PQEngineInterface] DpEngineTDSHPConfigTile(0) InpSize: 758, 1920, OutSize: 758, 1920
03-02 00:57:44.538  1444  1808 D MDP     : [PQSessionManager] PQSessionManager::getPQSession id[7]
03-02 00:57:44.538  1444  1808 D MDP     : [PQSessionManager] getPQSessionListHandle id[7]
03-02 00:57:44.538  1444  1808 D MDP     : [PQSessionManager] getPQSessionListHandle, find id[7]
03-02 00:57:44.538  1444  1808 D PQ      : [PQHFGConfig] PQHFGConfig::isEnabled = 2
03-02 00:57:44.538  1444  1808 D MDP     : [PQSession] getDpPqConfig() id[7] enable[0], scenario[1]
03-02 00:57:44.538  1444  1808 D MDP     : [PQSession] getDpPqConfig() enSharp[0] enDC[0] enColor[0] enHDR[0] enHDRVivid[0] enUR[0] enReFocus[0] enCcorr[0] enDRE[0] enHFG[0] enAIPQ[0] enAISDR2HDR[0] enAIRegionPQ[0] mAdaptiveEnable[0]
03-02 00:57:44.538  1444  1808 D AAL     : [PQEngineInterface] DpEngineAALCongTile(0) MDP_aal_size = 33817856
03-02 00:57:44.538  1444  1808 D AAL     : [PQEngineInterface(1791345034)::MDP_AAL_output_offset = 0
03-02 00:57:44.538  1444  1808 D AAL     : [PQEngineInterface] DpEngineAALCongTile(0) MDP_AAL_output_size = 33293568
03-02 00:57:44.538  1444  1808 D AAL     : [PQEngineInterface] DpEngineAALCongTile(0) inTileXRight = 719, inTileXLeft = 204
03-02 00:57:44.538  1444  1808 D AAL     : [PQEngineInterface] DpEngineAALCongTile(0) inTileYBottom = 719, inTileYTop = 0
