03-02 00:57:40.991 17121 17305 I TestRunner: started: languageDialog_selecting_arabic_invokes_callback(com.podcast.app.ui.SettingsScreenTest)
03-02 00:57:40.992  3202  3202 I HoneySpace.TaskStackChangeRepositoryImpl: onTaskRemoved : 44898
03-02 00:57:40.992  3202  3202 I HoneySpace.TaskStackChangeRepositoryImpl: onTaskRemoved : 44898
03-02 00:57:40.992  3202  3386 I HoneySpace.TopTaskSource: onTaskRemoved: 44898
03-02 00:57:40.992  3202  3202 I HoneySpace.TaskListViewModel[160530624]: taskRemoveId, 44898
03-02 00:57:40.992  3202  3202 W HoneySpace.TaskListViewModel[160530624]: task is already removed: 44898
03-02 00:57:40.994  3202  3202 I HoneySpace.TaskListViewModel[160530624]: taskRemoveId, 44898
03-02 00:57:40.995  3202  3386 I HoneySpace.TopTaskSource: onTaskRemoved: 44898
03-02 00:57:40.995  1507  1507 I SurfaceFlinger: onHandleDestroyed: layerId=156743, name=Task=44898#156743
03-02 00:57:40.995  1507  1507 I SurfaceFlinger: id=156743 Removed Task=44898#156743 (348)
03-02 00:57:40.995  1507  1507 I SurfaceFlinger: onHandleDestroyed: layerId=156700, name=ActivityRecord{176873977 u0 com.podcast.app.debug/androidx.activity.ComponentActivity t44898}#156700
03-02 00:57:40.995  1507  1507 I SurfaceFlinger: id=156700 Removed ActivityRecord{176873977 u0 com.podcast.app.debug/androidx.activity.ComponentActivity t44898}#156700 (348)
03-02 00:57:40.995  1507  1507 I SurfaceFlinger: onHandleDestroyed: layerId=156702, name=33b451c com.podcast.app.debug/androidx.activity.ComponentActivity#156702
03-02 00:57:40.995  1507  1507 I SurfaceFlinger: id=156702 Removed 33b451c com.podcast.app.debug/androidx.activity.ComponentActivity#156702 (348)
03-02 00:57:40.995  1507  1507 I SurfaceFlinger: onHandleDestroyed: layerId=156703, name=com.podcast.app.debug/androidx.activity.ComponentActivity$_17121#156703
03-02 00:57:40.995  1507  1507 I SurfaceFlinger: id=156703 Removed com.podcast.app.debug/androidx.activity.ComponentActivity$_17121#156703 (348)
03-02 00:57:40.997  3202  3202 W HoneySpace.TaskListViewModel[160530624]: task is already removed: 44898
03-02 00:57:41.000  2746  2866 I VRI[test]@9aff730: mWNT: t=0xb40000772adfc600 mBlastBufferQueue=0xb40000771f71d400 fn= 6 HdrRenderState mRenderHdrSdrRatio=1.0 caller= android.view.SyncRtSurfaceTransactionApplier.applyTransaction:100 android.view.SyncRtSurfaceTransactionApplier.lambda$scheduleApply$0:73 android.view.SyncRtSurfaceTransactionApplier.$r8$lambda$afI4fXg3U3-nBZQEDQMiNy-B06s:0
03-02 00:57:41.001  1507  1507 I SurfaceFlinger: destroyed 27d1243 ActivityRecordInputSink com.podcast.app.debug/androidx.activity.ComponentActivity#156708
03-02 00:57:41.001  1507  1507 I SurfaceFlinger: destroyed Task=44898#156743
03-02 00:57:41.001  1507  1507 I SurfaceFlinger: destroyed ActivityRecord{176873977 u0 com.podcast.app.debug/androidx.activity.ComponentActivity t44898}#156700
03-02 00:57:41.001  1507  1507 I SurfaceFlinger: destroyed com.podcast.app.debug/androidx.activity.ComponentActivity$_17121#156703
03-02 00:57:41.001  1507  1507 I SurfaceFlinger: destroyed 33b451c com.podcast.app.debug/androidx.activity.ComponentActivity#156702
03-02 00:57:41.003  1507  1507 I Layer   : id=156708 Destroyed 27d1243 ActivityRecordInputSink com.podcast.app.debug/androidx.activity.ComponentActivity#156708
03-02 00:57:41.003  1507  1507 I Layer   : id=156703 Destroyed com.podcast.app.debug/androidx.activity.ComponentActivity$_17121#156703
03-02 00:57:41.003 14885 18629 I BLASTBufferQueue: [7086fb SurfaceView[com.zhiliaoapp.musically/com.ss.android.ugc.aweme.splash.SplashActivity]@0#135](f:0,a:0,s:0) onFrameAvailable the first frame is available
03-02 00:57:41.003  1507  1507 I Layer   : id=156702 Destroyed 33b451c com.podcast.app.debug/androidx.activity.ComponentActivity#156702
03-02 00:57:41.003  1507  1507 I Layer   : id=156700 Destroyed ActivityRecord{176873977 u0 com.podcast.app.debug/androidx.activity.ComponentActivity t44898}#156700
03-02 00:57:41.003  1507  1507 I Layer   : id=156743 Destroyed Task=44898#156743
03-02 00:57:41.004 14885 18629 I BLASTBufferQueue: [7086fb SurfaceView[com.zhiliaoapp.musically/com.ss.android.ugc.aweme.splash.SplashActivity]@0#135](f:0,a:1,s:0) acquireNextBufferLocked size=1080x1920 mFrameNumber=1 applyTransaction=true mTimestamp=491139999316965 mPendingTransactions.size=0 graphicBufferId=63930588202259 transform=0
03-02 00:57:41.005  3202 15778 I HoneySpace.RecentTasks: onRunningTaskVanished
03-02 00:57:41.005  3202  3977 I HoneySpace.RecentTasks: onRecentTasksChanged
03-02 00:57:41.006  2991  3002 I LocationAccessPolicy: checkLocationPermission - callingUid: 10492, callingPid: 14636, result: DENIED_SOFT
03-02 00:57:41.006  2991  3002 I LocationAccessPolicy: checkLocationPermission - callingUid: 10492, callingPid: 14636, result: DENIED_SOFT
03-02 00:57:41.008 17121 17305 D IdlingRegistry: Registering idling resources: [androidx.compose.ui.test.EspressoLink@ff62f65]
03-02 00:57:41.011 17121 17305 W Settings: Setting always_finish_activities has moved from android.provider.Settings.System to android.provider.Settings.Global, returning read-only value.
03-02 00:57:41.011  1450 19069 I mtkpower_client: perf_lock_rel, hdl:76761, pid: 1450, tid:19069
03-02 00:57:41.011  1450 19069 I mtkpower_client: perf_lock_acq, hdl:0, dur:0, num:2, pid:1450, tid:19069
03-02 00:57:41.012  1464  1529 I libPowerHal: [perfLockRel] hdl:76761, idx:3
03-02 00:57:41.012  1464  1529 I libPowerHal: [set_cpuidle] enable:1, fd:17, scn:0xb40000737b60a5e8
03-02 00:57:41.012  1464  1529 I libPowerHal: [PD] vendor.samsung. update cmd:1c3c100 param:1 pr:6
03-02 00:57:41.013  1464  1529 I libPowerHal: [perfLockRel] Done for hdl : 76761
03-02 00:57:41.013  1450 19069 I mtkpower_client: ret_hdl:76765
03-02 00:57:41.013  1450 19069 I mtkpower_client: perf_lock_rel, hdl:76763, pid: 1450, tid:19069
03-02 00:57:41.014  1464  1529 I libPowerHal: [perfLockAcq] idx:8 hdl:76765 hint:-1 pid:1450 tid:19069 duration:0 lock_user:vendor.samsung. => ret_hdl:76765
03-02 00:57:41.014  1464  1529 I libPowerHal: [set_cpuidle] enable:0, fd:17, scn:0xb40000737b61a740
03-02 00:57:41.014  1464  1529 I libPowerHal: [get_cpu_dma_latency_value] 0
03-02 00:57:41.014  1464  1529 I libPowerHal: [PE] vendor.samsung. update cmd:1c3c100 param:0 pr:3
03-02 00:57:41.014  1464  1529 I libPowerHal: [perfLockAcq] Done for hdl : 76765
03-02 00:57:41.014  1450 19069 I mtkpower_client: perf_lock_acq, hdl:0, dur:0, num:2, pid:1450, tid:19069
03-02 00:57:41.014  1464  1529 I libPowerHal: [perfLockRel] hdl:76763, idx:6
03-02 00:57:41.015  1464  1529 I libPowerHal: [PD] vendor.samsung. update cmd:1000000 param:-1 pr:6
03-02 00:57:41.015  1464  1529 I libPowerHal: [perfLockRel] Done for hdl : 76763
03-02 00:57:41.016  2013  4844 I WindowManager: Relayout Window{bc33abe u0 Splash Screen com.podcast.app.debug.test}: viewVisibility=8 req=1080x2340 ty=3 d0
03-02 00:57:41.016  1464  1529 I libPowerHal: [perfLockAcq] idx:3 hdl:76766 hint:-1 pid:1450 tid:19069 duration:0 lock_user:vendor.samsung. => ret_hdl:76766
03-02 00:57:41.016  1450 19069 I mtkpower_client: ret_hdl:76766
03-02 00:57:41.016  1464  1529 I libPowerHal: [setDvfsrcDevFreqOpp] opp:0, freq:4266000000
03-02 00:57:41.016  1464  1529 I libPowerHal: [PE] vendor.samsung. update cmd:1000000 param:0 pr:3
03-02 00:57:41.016  1464  1529 I libPowerHal: [perfLockAcq] Done for hdl : 76766
03-02 00:57:41.016  1450 19069 I HYPER-HAL: [RequestManager.cpp]releaseLocked(): Released ID : 2063514
03-02 00:57:41.017  1646  2917 I CameraService: onUidStateChanged: uid=10062, procState is changed. (1 -> 0)
03-02 00:57:41.018  1444  1444 D libcomposer_ext: DeviceImplAidl::DeviceClientContextAidl::NotifyHwcComposition()
03-02 00:57:41.019  1444  1444 D libcomposer_ext: DeviceImplAidl::DeviceClientContextAidl::NotifyHwcComposition()
03-02 00:57:41.019  1698  1698 D libcomposer_ext: ClientCallbackAidl::asyncPerform(12)
03-02 00:57:41.019  1698  1698 D libcomposer_ext: ClientImplAidl::ParseNotifyHwcComposition()
03-02 00:57:41.020  1507  1907 D libcomposer_ext: ClientCallbackAidl::asyncPerform(12)
03-02 00:57:41.020  1507  1907 D libcomposer_ext: ClientImplAidl::ParseNotifyHwcComposition()
03-02 00:57:41.020  1507  1907 D SurfaceFlinger: NotifyHwcComposition(), id 0, mode 1
03-02 00:57:41.020  2013  4844 I WindowManager: Relayout hash=bc33abe, pid=2746, syncId=-1: mAttrs={(0,0)(fillxfill) sim={adjust=pan} layoutInDisplayCutoutMode=always ty=APPLICATION_STARTING fmt=TRANSLUCENT
03-02 00:57:41.020  2013  4844 I WindowManager:   fl=81030118
03-02 00:57:41.020  2013  4844 I WindowManager:   pfl=10000810
03-02 00:57:41.020  2013  4844 I WindowManager:   apr=18
03-02 00:57:41.020  2013  4844 I WindowManager:   bhv=1
03-02 00:57:41.020  2013  4844 I WindowManager:   fitSides=0
03-02 00:57:41.020  2013  4844 I WindowManager:   frameRateBoostOnTouch=true
03-02 00:57:41.020  2013  4844 I WindowManager:   dvrrWindowFrameRateHint=true naviIconColor=0}
03-02 00:57:41.020  2013  2834 W ParceledListSlice: Element #30 is 21544 bytes.
03-02 00:57:41.021  2746  2808 I VRI[test]@9aff730: onActiveControlsChanged, removed=false, mAdded=true, caller=android.view.ViewRootImpl.handleInsetsControlChanged:3002 android.view.ViewRootImpl.relayoutWindow:11629 android.view.ViewRootImpl.performTraversals:4804 android.view.ViewRootImpl.doTraversal:3924 android.view.ViewRootImpl$TraversalRunnable.run:12903
03-02 00:57:41.022  1444  1444 I hwcomposer: [DBQ] (q2:0xb4000074f4d1c000) Buffer queue is created with size(3), m_id(45784), q2
03-02 00:57:41.022  1444  1444 I hwcomposer: [DBQ] (q2:0xb4000074f4d1c000) Reallocate Slot(0), pool(0 -> -183674848) size(0 -> 5054400) secure(0 -> 0)
03-02 00:57:41.024  2746  2808 I VRI[test]@9aff730: Relayout returned: old=(0,0,1080,2340) new=(0,0,1080,2340) relayoutAsync=false req=(1080,2340)8 dur=6 res=0x2 s={false 0x0} ch=true seqId=0
03-02 00:57:41.024  2746  2808 D VRI[test]@9aff730: Not drawing due to not visible. Reason=View.GONE
03-02 00:57:41.024  2746  2808 W WindowOnBackDispatcher: sendCancelIfRunning: isInProgress=false callback=android.view.ViewRootImpl$$ExternalSyntheticLambda16@1d5565c
03-02 00:57:41.024  1444  1444 I hwcomposer: [DBQ] (q2:0xb4000074f4d1c000) Alloc Slot(0), handle=0xb4000074f4c24ac0 c=0 w=1080 h=2340 p=1088 ys=1088 vs=2340 f=268 sec=0 sh=0, usage=0x800
03-02 00:57:41.024  2746  2808 I VRI[test]@9aff730: dispatchDetachedFromWindow
03-02 00:57:41.025  1444  1808 D MDP     : [PQSessionManager] findVideoID[f50d5820] found on index 7
03-02 00:57:41.025  1444  1808 D MDP     : [PQSessionManager] createPQSession(7) user(0xb4000074f4d46d80)
03-02 00:57:41.025  1444  1808 D MDP     : [PQSessionManager] Duplicated ID[7] found, please check if double createPQSession!
03-02 00:57:41.025  1444  1808 D MDP     : [PQSessionManager] getPQSessionListHandle id[7]
03-02 00:57:41.025  1444  1808 D MDP     : [PQSessionManager] getPQSessionListHandle, find id[7]
03-02 00:57:41.025  1444  1808 D MDP     : [PQSession] incRefCount id[7] user[0xb4000074f4d46d80] existed
03-02 00:57:41.025  1444  1808 D MDP     : [PQSession] incRefCount id[7] user[0xb4000074f4d46d80] numOfUser[1]
03-02 00:57:41.025  1444  1808 D MDP     : [PQSession] numElements[0] key[0] metaData[0]
03-02 00:57:41.025  1444  1808 D MDP     : [PQSession] setPQParam() id[7] enable[1], scenario[1]
03-02 00:57:41.025  1444  1808 D MDP     : [PQSession] video TS [21900]
03-02 00:57:41.025  1444  1808 D PQ      : PQDSConfig::getEnableStatus check1  time 0 ms
03-02 00:57:41.025  1444  1808 D PQ      : [PQDSConfig] PQDSConfig::getEnableStatus = 1
03-02 00:57:41.025  1444  1808 D PQ      : [PQDSConfig] m_TDSHPTableInit 1
03-02 00:57:41.025  1444  1808 D PQ      : [PQDSConfig] getAshmemContext(SHP_ENABLE) = 1
03-02 00:57:41.025  1444  1808 D PQ      : PQDSConfig::getEnableStatus check2  time 0 ms
03-02 00:57:41.025  1444  1808 D PQ      : [PQDSConfig] PQDSConfig::getUREnableStatus = 1
03-02 00:57:41.025  1444  1808 D MDP     : [PQSession] setDpPqConfig m_svp = 0, enDRE = 0
03-02 00:57:41.025  1444  1808 D MDP     : setPQParam globalPQSupport = [0] globalPQSwitch = [0] globalPQStrength = [0] globalPQType = [0]
03-02 00:57:41.025  1444  1808 D MDP     : [PQSession] setPQparam userId[0x0], scenario[1], enDRE[0]
03-02 00:57:41.025  1444  1808 D MDP     : [PQSession] getDpPqConfig() id[7] enable[1], scenario[1]
03-02 00:57:41.025  1444  1808 D MDP     : [PQSession] getDpPqConfig() enSharp[1] enDC[0] enColor[0] enHDR[0] enHDRVivid[0] enUR[0] enReFocus[0] enCcorr[1] enDRE[0] enHFG[0] enAIPQ[0] enAISDR2HDR[0] enAIRegionPQ[0] mAdaptiveEnable[0]
03-02 00:57:41.025  1444  1808 D MDP     : [PQSession] setPQDREParam userId[0x0] scenario[1] enDRE[0]
03-02 00:57:41.025  1444  1808 D MDP     : [PQSessionManager] findVideoID[f50d5820] found on index 7
03-02 00:57:41.025  1444  1808 D PQ_HDR  : DpAsyncBlit: job:(2071341 138) in:(720, 1280)[720 368] C8s P1.1.1.0.1, alpha 0, sec0 flush:0 Buffer 1035670: plane=3 bufVA={0x8a,0x8a,0x8a} bufMVA={0x0,0x0,0x0} bufSize={0xe1000,0x39800,0x39800} proxy={0xb40000747320b4a0,0x0,0x0}fence=-1
03-02 00:57:41.025  1444  1808 D PQ_HDR  : DpAsyncBlit: out 0:(932, 1920)[2176 0] C5 P1.1.1.0.1 R:0 F:0 S:1 A:0 HDR:0 COLOR:0 CCORR:1 sec0 flush:0 Buffer 1035670: plane=1 bufVA={0x92,0x0,0x0} bufMVA={0x0,0x0,0x0} bufSize={0x4db200,0x0,0x0} proxy={0xb40000747320b820,0x0,0x0}fence=-1
03-02 00:57:41.025  1444  1808 D PQ_HDR  : DpAsyncBlit: crop 0:(99.0, 0.0, 621.0, 1280.0) compose:(0, 0, 932, 1920)
03-02 00:57:41.025  1444  1808 D MDP     : [PQSessionManager] PQSessionManager::getPQSession id[7]
03-02 00:57:41.025  1444  1808 D MDP     : [PQSessionManager] getPQSessionListHandle id[7]
03-02 00:57:41.025  1444  1808 D MDP     : [PQSessionManager] getPQSessionListHandle, find id[7]
03-02 00:57:41.025  1444  1808 D MDP     : [PQSessionManager] PQSessionManager::getPQSession id[7]
03-02 00:57:41.025  1444  1808 D MDP     : [PQSessionManager] getPQSessionListHandle id[7]
03-02 00:57:41.025  1444  1808 D MDP     : [PQSessionManager] getPQSessionListHandle, find id[7]
03-02 00:57:41.025  1444  1808 D MDP     : PQSession:setPipeNum m_PipeNum[1] value[1] ID[7] DCPath[0] DCDone[0] addr[73225d5f]
03-02 00:57:41.025  1444  1808 D MDP     : [PQSession] getDpPqConfig() id[7] enable[1], scenario[1]
03-02 00:57:41.026  1444  1808 D MDP     : [PQSession] getDpPqConfig() enSharp[1] enDC[0] enColor[0] enHDR[0] enHDRVivid[0] enUR[0] enReFocus[0] enCcorr[1] enDRE[0] enHFG[0] enAIPQ[0] enAISDR2HDR[0] enAIRegionPQ[0] mAdaptiveEnable[0]
03-02 00:57:41.026  1444  1808 D PQ      : [PQRSZConfig] PQRSZConfig::getUREnableStatus = 1
03-02 00:57:41.026  1444  1808 D MDP     : [PQSessionManager] PQSessionManager::getPQSession id[7]
03-02 00:57:41.026  1444  1808 D MDP     : [PQSessionManager] getPQSessionListHandle id[7]
03-02 00:57:41.026  1444  1808 D MDP     : [PQSessionManager] getPQSessionListHandle, find id[7]
03-02 00:57:41.026  1444  1808 D AAL     : [PQEngineInterface] DpEngineTDSHPConfigFrame(0) pqSessionId = 7
03-02 00:57:41.026  1444  1808 D MDP     : [PQSession] getDpPqConfig() id[7] enable[1], scenario[1]
03-02 00:57:41.026  1444  1808 D MDP     : [PQSession] getDpPqConfig() enSharp[1] enDC[0] enColor[0] enHDR[0] enHDRVivid[0] enUR[0] enReFocus[0] enCcorr[1] enDRE[0] enHFG[0] enAIPQ[0] enAISDR2HDR[0] enAIRegionPQ[0] mAdaptiveEnable[0]
03-02 00:57:41.026  1444  1808 D AAL     : [PQEngineInterface] DpEngineTDSHPConfigFrame(0) tdshpEnable(1) enSharp(1) enDC(0) enHFG(0)
03-02 00:57:41.026  1444  1808 D MDP     : PQSession:setPipeNum m_PipeNum[1] value[1] ID[7] DCPath[0] DCDone[0] addr[73225d5f]
03-02 00:57:41.026  1444  1808 D AAL     : [PQEngineInterface] DpEngineTDSHPConfigFrame(0) adl_enable = 0
03-02 00:57:41.026  1444  1808 D PQ      : [PQHFGConfig] PQHFGConfig::isEnabled = 2
03-02 00:57:41.026  1444  1808 D MDP     : [PQSession] getDpPqConfig() id[7] enable[1], scenario[1]
03-02 00:57:41.026  1444  1808 D MDP     : [PQSession] getDpPqConfig() enSharp[1] enDC[0] enColor[0] enHDR[0] enHDRVivid[0] enUR[0] enReFocus[0] enCcorr[1] enDRE[0] enHFG[0] enAIPQ[0] enAISDR2HDR[0] enAIRegionPQ[0] mAdaptiveEnable[0]
03-02 00:57:41.026  1444  1808 D AAL     : [PQEngineInterface] DpEngineTDSHPConfigFrame(0) hfg_enable = 0
03-02 00:57:41.026  1444  1808 D AAL     : PQEngineInterface] DpEngineTDSHPConfigFrame(0) shp_enable = 0
03-02 00:57:41.026  1444  1808 D MDP     : [PQSessionManager] PQSessionManager::getPQSession id[7]
03-02 00:57:41.026  1444  1808 D MDP     : [PQSessionManager] getPQSessionListHandle id[7]
03-02 00:57:41.026  1444  1808 D MDP     : [PQSessionManager] getPQSessionListHandle, find id[7]
03-02 00:57:41.026  1444  1808 D MDP     : [PQSession] getDpPqConfig() id[7] enable[1], scenario[1]
03-02 00:57:41.026  1444  1808 D MDP     : [PQSession] getDpPqConfig() enSharp[1] enDC[0] enColor[0] enHDR[0] enHDRVivid[0] enUR[0] enReFocus[0] enCcorr[1] enDRE[0] enHFG[0] enAIPQ[0] enAISDR2HDR[0] enAIRegionPQ[0] mAdaptiveEnable[0]
03-02 00:57:41.026  1444  1808 W AAL     : DpEngine_AAL: relay 1
03-02 00:57:41.026  1444  1808 D AAL     : [PQEngineInterface] DpEngineTDSHPConfigTile(0) InpSize: 803, 1920, OutSize: 803, 1920
03-02 00:57:41.026  1444  1808 D MDP     : [PQSessionManager] PQSessionManager::getPQSession id[7]
03-02 00:57:41.026  1444  1808 D MDP     : [PQSessionManager] getPQSessionListHandle id[7]
03-02 00:57:41.026  1444  1808 D MDP     : [PQSessionManager] getPQSessionListHandle, find id[7]
03-02 00:57:41.026  1444  1808 D PQ      : [PQHFGConfig] PQHFGConfig::isEnabled = 2
03-02 00:57:41.026  1444  1808 D MDP     : [PQSession] getDpPqConfig() id[7] enable[1], scenario[1]
03-02 00:57:41.026  1444  1808 D MDP     : [PQSession] getDpPqConfig() enSharp[1] enDC[0] enColor[0] enHDR[0] enHDRVivid[0] enUR[0] enReFocus[0] enCcorr[1] enDRE[0] enHFG[0] enAIPQ[0] enAISDR2HDR[0] enAIRegionPQ[0] mAdaptiveEnable[0]
03-02 00:57:41.026  1444  1808 D AAL     : [PQEngineInterface] DpEngineAALCongTile(0) MDP_aal_size = 36701440
03-02 00:57:41.026  1444  1808 D AAL     : [PQEngineInterface(1791345034)::MDP_AAL_output_offset = 0
03-02 00:57:41.026  1444  1808 D AAL     : [PQEngineInterface] DpEngineAALCongTile(0) MDP_AAL_output_size = 35652864
03-02 00:57:41.026  1444  1808 D AAL     : [PQEngineInterface] DpEngineAALCongTile(0) inTileXRight = 647, inTileXLeft = 88
03-02 00:57:41.026  1444  1808 D AAL     : [PQEngineInterface] DpEngineAALCongTile(0) inTileYBottom = 639, inTileYTop = 0
03-02 00:57:41.026  1444  1808 D AAL     : [PQEngineInterface] DpEngineAALCongTile(0) outTileXRight = 1279, outTileXLeft = 96
03-02 00:57:41.026  1444  1808 D AAL     : [PQEngineInterface] DpEngineAALCongTile(0) m_outTileYBottom = 1279, m_outTileYTop = 0
03-02 00:57:41.026  1444  1808 D MDP     : [PQSessionManager] PQSessionManager::getPQSession id[7]
03-02 00:57:41.026  1444  1808 D MDP     : [PQSessionManager] getPQSessionListHandle id[7]
03-02 00:57:41.026  1444  1808 D MDP     : [PQSessionManager] getPQSessionListHandle, find id[7]
03-02 00:57:41.026  1444  1808 D AAL     : [PQEngineInterface] DpEngineAALCongTile(0)cropOffset[X, Y]=[1, 88], crop[Wid, Hei]=[0, 632]
03-02 00:57:41.026  1444  1808 D MDP     : [PQSessionManager] PQSessionManager::getPQSession id[7]
03-02 00:57:41.026  1444  1808 D MDP     : [PQSessionManager] getPQSessionListHandle id[7]
03-02 00:57:41.026  1444  1808 D MDP     : [PQSessionManager] getPQSessionListHandle, find id[7]
03-02 00:57:41.026  1444  1808 D AAL     : [PQEngineInterface] DpEngineHDRConfigTile(0) outTileXLeft = 88, outTileXRight = 647
03-02 00:57:41.026  1444  1808 D AAL     : [PQEngineInterface] DpEngineHDRConfigTile(0) inTileXLeft = 88, inTileXRight = 647
03-02 00:57:41.026  1444  1808 D AAL     : [PQEngineInterface] DpEngineHDRConfigTile(0) HDR_out_start_x = 0, HDR_out_end_x = 559, src h: 560,v: 1280
03-02 00:57:41.026  1444  1808 D AAL     : [PQEngineInterface] DpEngineHDRConfigTile(0) HDR_hist_end_x = 0, HDR_hist_begin_x = 0
03-02 00:57:41.026  1444  1808 D AAL     : [PQEngineInterface] DpEngineHDRConfigTile(0) HDR_first_tile = 0, HDR_last_tile = 0
03-02 00:57:41.026  1444  1808 D AAL     : [PQEngineInterface] DpEngineHDRConfigTile(0) inFrameWidth = 720 , middlePosX = 0
03-02 00:57:41.026  1444  1808 D AAL     : [PQEngineInterface] DpEngineTDSHPConfigTile(0) InpSize: 130, 1920, OutSize: 130, 1920
03-02 00:57:41.026  1444  1808 D MDP     : [PQSessionManager] PQSessionManager::getPQSession id[7]
03-02 00:57:41.026  1444  1808 D MDP     : [PQSessionManager] getPQSessionListHandle id[7]
03-02 00:57:41.027  1444  1808 D MDP     : [PQSessionManager] getPQSessionListHandle, find id[7]
03-02 00:57:41.027  1444  1808 D PQ      : [PQHFGConfig] PQHFGConfig::isEnabled = 2
03-02 00:57:41.027  1444  1808 D MDP     : [PQSession] getDpPqConfig() id[7] enable[1], scenario[1]
03-02 00:57:41.027  1444  1808 D MDP     : [PQSession] getDpPqConfig() enSharp[1] enDC[0] enColor[0] enHDR[0] enHDRVivid[0] enUR[0] enReFocus[0] enCcorr[1] enDRE[0] enHFG[0] enAIPQ[0] enAISDR2HDR[0] enAIRegionPQ[0] mAdaptiveEnable[0]
03-02 00:57:41.027  2746  4888 I BLASTBufferQueue: [VRI[test]@9aff730#7735](f:0,a:1,s:0) destructor()
03-02 00:57:41.027  1444  1808 D AAL     : [PQEngineInterface] DpEngineAALCongTile(0) MDP_aal_size = 8389888
03-02 00:57:41.027  1444  1808 D AAL     : [PQEngineInterface(1791345034)::MDP_AAL_output_offset = 0
03-02 00:57:41.027  1444  1808 D AAL     : [PQEngineInterface] DpEngineAALCongTile(0) MDP_AAL_output_size = 7865600
03-02 00:57:41.027  1444  1808 D AAL     : [PQEngineInterface] DpEngineAALCongTile(0) inTileXRight = 719, inTileXLeft = 592
03-02 00:57:41.027  1444  1808 D AAL     : [PQEngineInterface] DpEngineAALCongTile(0) inTileYBottom = 719, inTileYTop = 0
03-02 00:57:41.027  1444  1808 D AAL     : [PQEngineInterface] DpEngineAALCongTile(0) outTileXRight = 1279, outTileXLeft = 600
03-02 00:57:41.027  1444  1808 D AAL     : [PQEngineInterface] DpEngineAALCongTile(0) m_outTileYBottom = 1279, m_outTileYTop = 0
03-02 00:57:41.027  2746  4888 D BufferQueueConsumer: [VRI[test]@9aff730#7735(BLAST Consumer)7735](id:aba00001e37,api:0,p:-1,c:2746) disconnect
03-02 00:57:41.027  1444  1808 D MDP     : [PQSessionManager] PQSessionManager::getPQSession id[7]
03-02 00:57:41.027  1444  1808 D MDP     : [PQSessionManager] getPQSessionListHandle id[7]
03-02 00:57:41.027  1444  1808 D MDP     : [PQSessionManager] getPQSessionListHandle, find id[7]
03-02 00:57:41.027  1444  1808 D AAL     : [PQEngineInterface] DpEngineAALCongTile(0)cropOffset[X, Y]=[1, 88], crop[Wid, Hei]=[0, 632]
03-02 00:57:41.027  1444  1808 D MDP     : [PQSessionManager] PQSessionManager::getPQSession id[7]
03-02 00:57:41.027  1444  1808 D MDP     : [PQSessionManager] getPQSessionListHandle id[7]
03-02 00:57:41.027  1444  1808 D MDP     : [PQSessionManager] getPQSessionListHandle, find id[7]
03-02 00:57:41.027  1444  1808 D AAL     : [PQEngineInterface] DpEngineHDRConfigTile(0) outTileXLeft = 592, outTileXRight = 719
03-02 00:57:41.027  1444  1808 D AAL     : [PQEngineInterface] DpEngineHDRConfigTile(0) inTileXLeft = 592, inTileXRight = 719
03-02 00:57:41.027  1444  1808 D AAL     : [PQEngineInterface] DpEngineHDRConfigTile(0) HDR_out_start_x = 0, HDR_out_end_x = 127, src h: 128,v: 1280
03-02 00:57:41.027  1444  1808 D AAL     : [PQEngineInterface] DpEngineHDRConfigTile(0) HDR_hist_end_x = 0, HDR_hist_begin_x = 0
03-02 00:57:41.027  1444  1808 D AAL     : [PQEngineInterface] DpEngineHDRConfigTile(0) HDR_first_tile = 0, HDR_last_tile = 0
03-02 00:57:41.027  1444  1808 D AAL     : [PQEngineInterface] DpEngineHDRConfigTile(0) inFrameWidth = 720 , middlePosX = 0
03-02 00:57:41.027  1444  1808 D MDP     : [PQSessionManager] PQSessionManager::getPQSession id[7]
03-02 00:57:41.027  1444  1808 D MDP     : [PQSessionManager] getPQSessionListHandle id[7]
03-02 00:57:41.027  1444  1808 D MDP     : [PQSessionManager] getPQSessionListHandle, find id[7]
03-02 00:57:41.027  1444  1808 D MDP     : [PQSessionManager] PQSessionManager::getPQSession id[7]
03-02 00:57:41.027  1444  1808 D MDP     : [PQSessionManager] getPQSessionListHandle id[7]
03-02 00:57:41.027  1444  1808 D MDP     : [PQSessionManager] getPQSessionListHandle, find id[7]
03-02 00:57:41.027  1507  1507 D SurfaceFlinger: Display 4627039422300187648 HWC layers:
03-02 00:57:41.027  1507  1507 D SurfaceFlinger:   SOLID_COLOR |                        0 | 00000002 | N/A          |    0.0    0.0    0.0    0.0 |    0    0   -1   -1 | Background for 68eb87 SurfaceView[co[...]weme.splash.SplashActivity]@0#156731 (0)
03-02 00:57:41.027  1507  1507 D SurfaceFlinger:   SOLID_COLOR |                        0 | 00000002 | N/A          |    0.0    0.0    0.0    0.0 |    0    0   -1   -1 | Background for 7086fb SurfaceView[co[...]weme.splash.SplashActivity]@0#156734 (0)
03-02 00:57:41.027  1507  1507 D SurfaceFlinger:   SOLID_COLOR |                        0 | 00000002 | N/A          |    0.0    0.0    0.0    0.0 |    0    0   -1   -1 | Background for 836459b SurfaceView[c[...]weme.splash.SplashActivity]@0#156737 (0)
03-02 00:57:41.027  1507  1507 D SurfaceFlinger:        DEVICE |           63930588202259 | 00000102 | 0x32315659   |   99.0    0.0  720.0 1280.0 |    0   80  932 2000 | 7086fb SurfaceView[com.zhiliaoapp.mu[...]lash.SplashActivity]@0(BLAST)#156733 (1)
03-02 00:57:41.027  1507  1507 D SurfaceFlinger:        DEVICE |           63930588202258 | 00002100 | RGBA_8888    |  148.0    0.0 1080.0 2340.0 |    0    0  932 2340 | com.zhiliaoapp.musically/com.ss.andr[...].splash.S
03-02 00:57:41.027  1507  1507 D SurfaceFlinger: plashActivity$_14885#156725 (3)
03-02 00:57:41.027  1507  1507 D SurfaceFlinger:   SOLID_COLOR |                        0 | 00000000 | N/A          |    0.0    0.0    0.0    0.0 |    0    0 1080 2340 | DimTransitionLayer for Surface(name=Task=44899)/@0x10516cb#156740 (0)
03-02 00:57:41.027  1507  1507 D SurfaceFlinger:        DEVICE |           75299366633592 | 00002102 | RGBA_8888    |    0.0    0.0  473.0 2340.0 |  607    0 1080 2340 | com.podcast.app.debug.test/androidx.[...]yInvoker$EmptyActivity$_17532#156718 (1)
03-02 00:57:41.027  1507  1507 D SurfaceFlinger:        DEVICE |           11793980283798 | 00002100 | RGBA_8888    |    0.0    0.0  473.0 2340.0 |  607    0 1080 2340 | Splash Screen com.podcast.app.debug.test$_2746#156716 (6)
03-02 00:57:41.027  1507  1507 D SurfaceFlinger:        CLIENT |           11793980281878 | 00002100 | RGBA_8888    |    0.0    0.0 1080.0   80.0 |    0    0 1080   80 | StatusBar$_2746#117 (211206)
03-02 00:57:41.027  1507  1507 D SurfaceFlinger:        CLIENT |           13752485304097 | 00002100 | RGBA_8888    |    0.0    0.0   67.0  346.0 | 1013  454 1080  800 | com.sec.android.app.launcher/com.sam[...].app.CocktailBarService$_3202#152779 (1)
03-02 00:57:41.027  1507  1507 D SurfaceFlinger:        CLIENT |           11793980283768 | 00002100 | RGBA_8888
03-02 00:57:41.027  1507  1507 D SurfaceFlinger:   |    0.0    0.0  229.0  724.0 |  851  551 1080 1275 | VolumePanelWindow$_2746#156664 (40)
03-02 00:57:41.027  1507  1507 D SurfaceFlinger:        CLIENT |           11793980281853 | 00002100 | RGBA_8888    |    0.0    0.0 1080.0  135.0 |    0 2205 1080 2340 | NavigationBar0$_2746#113 (188201)
03-02 00:57:41.027  1507  1507 D SurfaceFlinger:
03-02 00:57:41.029  1444  1807 W hwcomposer: [DRMDEV] paramIsSame(), id 45782, w 1080/1080, h 2340/2340, pitch 1088/1088, format 0x2/0x1, secure 0/0
03-02 00:57:41.032  2013  2067 I ChimeraSystemEventListener: appLaunchIntent package name is: com.podcast.app.debug
03-02 00:57:41.032  1444  1809 D MDP     : [PQSessionManager] PQSessionManager::getPQSession id[7]
03-02 00:57:41.032  1444  1809 D MDP     : [PQSessionManager] getPQSessionListHandle id[7]
03-02 00:57:41.032  1444  1809 D MDP     : [PQSessionManager] getPQSessionListHandle, find id[7]
03-02 00:57:41.032  1444  1809 D MDP     : [PQSessionManager] findVideoID[f50d5820] found on index 7
03-02 00:57:41.032  2746  2746 D SystemUIService: SYSUI_RAM_OPTIMIZATION onTrimMemory=20
03-02 00:57:41.032  2746  2746 D CentralSurfaces: SYSUI_RAM_OPTIMIZATION onTrimMemory=20
03-02 00:57:41.032  2746  2870 D HWUI    : CacheManager::trimMemory(20)
03-02 00:57:41.033  2013  2834 D InputTransport: Input channel destroyed: 'bc33abe', fd=1100
03-02 00:57:41.036  1444  1444 I hwcomposer: [DBQ] (q2:0xb4000074f4d1c000) Reallocate Slot(1), pool(0 -> -183674848) size(0 -> 5054400) secure(0 -> 0)
03-02 00:57:41.036  2746  2808 D InputTransport: Input channel destroyed: 'bc33abe', fd=714
03-02 00:57:41.038  1444  1444 I hwcomposer: [DBQ] (q2:0xb4000074f4d1c000) Alloc Slot(1), handle=0xb4000074f4c24e80 c=0 w=1080 h=2340 p=1088 ys=1088 vs=2340 f=268 sec=0 sh=0, usage=0x800
03-02 00:57:41.038  1444  1808 D MDP     : [PQSessionManager] findVideoID[f50d5820] found on index 7
03-02 00:57:41.038  1444  1808 D MDP     : [PQSessionManager] createPQSession(7) user(0xb4000074f4d46d80)
03-02 00:57:41.038  1444  1808 D MDP     : [PQSessionManager] Duplicated ID[7] found, please check if double createPQSession!
03-02 00:57:41.038  1444  1808 D MDP     : [PQSessionManager] getPQSessionListHandle id[7]
03-02 00:57:41.038  1444  1808 D MDP     : [PQSessionManager] getPQSessionListHandle, find id[7]
03-02 00:57:41.038  1444  1808 D MDP     : [PQSession] incRefCount id[7] user[0xb4000074f4d46d80] existed
03-02 00:57:41.039  1444  1808 D MDP     : [PQSession] incRefCount id[7] user[0xb4000074f4d46d80] numOfUser[1]
03-02 00:57:41.039  1444  1808 D MDP     : [PQSession] numElements[0] key[0] metaData[0]
03-02 00:57:41.039  1444  1808 D MDP     : [PQSession] setPQParam() id[7] enable[1], scenario[1]
03-02 00:57:41.039  1444  1808 D MDP     : [PQSession] video TS [21900]
03-02 00:57:41.039  1444  1808 D PQ      : PQDSConfig::getEnableStatus check1  time 0 ms
03-02 00:57:41.039  1444  1808 D PQ      : [PQDSConfig] PQDSConfig::getEnableStatus = 1
03-02 00:57:41.039  1444  1808 D PQ      : [PQDSConfig] m_TDSHPTableInit 1
03-02 00:57:41.039  1444  1808 D PQ      : [PQDSConfig] getAshmemContext(SHP_ENABLE) = 1
03-02 00:57:41.039  1444  1808 D PQ      : PQDSConfig::getEnableStatus check2  time 0 ms
03-02 00:57:41.039  1444  1808 D PQ      : [PQDSConfig] PQDSConfig::getUREnableStatus = 1
03-02 00:57:41.039  1444  1808 D MDP     : [PQSession] setDpPqConfig m_svp = 0, enDRE = 0
03-02 00:57:41.039  1444  1808 D MDP     : setPQParam globalPQSupport = [0] globalPQSwitch = [0] globalPQStrength = [0] globalPQType = [0]
03-02 00:57:41.039  1444  1808 D MDP     : [PQSession] setPQparam userId[0x0], scenario[1], enDRE[0]
03-02 00:57:41.039  1444  1808 D MDP     : [PQSession] getDpPqConfig() id[7] enable[1], scenario[1]
03-02 00:57:41.039  1444  1808 D MDP     : [PQSession] getDpPqConfig() enSharp[1] enDC[0] enColor[0] enHDR[0] enHDRVivid[0] enUR[0] enReFocus[0] enCcorr[1] enDRE[0] enHFG[0] enAIPQ[0] enAISDR2HDR[0] enAIRegionPQ[0] mAdaptiveEnable[0]
03-02 00:57:41.039  1444  1808 D MDP     : [PQSession] setPQDREParam userId[0x0] scenario[1] enDRE[0]
03-02 00:57:41.039  1444  1808 D MDP     : [PQSessionManager] findVideoID[f50d5820] found on index 7
03-02 00:57:41.039  1444  1808 D PQ_HDR  : DpAsyncBlit: job:(2071343 130) in:(720, 1280)[720 368] C8s P1.1.1.0.1, alpha 0, sec0 flush:0 Buffer 1035671: plane=3 bufVA={0x82,0x82,0x82} bufMVA={0x0,0x0,0x0} bufSize={0xe1000,0x39800,0x39800} proxy={0xb40000747320b6e0,0x0,0x0}fence=-1
03-02 00:57:41.039  1444  1808 D PQ_HDR  : DpAsyncBlit: out 0:(954, 1920)[2176 0] C5 P1.1.1.0.1 R:0 F:0 S:1 A:0 HDR:0 COLOR:0 CCORR:1 sec0 flush:0 Buffer 1035671: plane=1 bufVA={0x85,0x0,0x0} bufMVA={0x0,0x0,0x0} bufSize={0x4db200,0x0,0x0} proxy={0xb40000747320b860,0x0,0x0}fence=-1
03-02 00:57:41.039  1444  1808 D PQ_HDR  : DpAsyncBlit: crop 0:(85.0, 0.0, 635.0, 1280.0) compose:(0, 0, 953, 1920)
03-02 00:57:41.039  1444  1808 D MDP     : [PQSessionManager] PQSessionManager::getPQSession id[7]
03-02 00:57:41.039  1444  1808 D MDP     : [PQSessionManager] getPQSessionListHandle id[7]
03-02 00:57:41.039  1444  1808 D MDP     : [PQSessionManager] getPQSessionListHandle, find id[7]
03-02 00:57:41.039  1444  1808 D MDP     : [PQSessionManager] PQSessionManager::getPQSession id[7]
03-02 00:57:41.039  1444  1808 D MDP     : [PQSessionManager] getPQSessionListHandle id[7]
03-02 00:57:41.039  1444  1808 D MDP     : [PQSessionManager] getPQSessionListHandle, find id[7]
03-02 00:57:41.039  1444  1808 D MDP     : PQSession:setPipeNum m_PipeNum[1] value[1] ID[7] DCPath[0] DCDone[0] addr[73225d5f]
03-02 00:57:41.039  1444  1808 D MDP     : [PQSession] getDpPqConfig() id[7] enable[1], scenario[1]
03-02 00:57:41.039  1444  1808 D MDP     : [PQSession] getDpPqConfig() enSharp[1] enDC[0] enColor[0] enHDR[0] enHDRVivid[0] enUR[0] enReFocus[0] enCcorr[1] enDRE[0] enHFG[0] enAIPQ[0] enAISDR2HDR[0] enAIRegionPQ[0] mAdaptiveEnable[0]
03-02 00:57:41.039  1444  1808 D PQ      : [PQRSZConfig] PQRSZConfig::getUREnableStatus = 1
03-02 00:57:41.039  1444  1808 D MDP     : [PQSessionManager] PQSessionManager::getPQSession id[7]
03-02 00:57:41.039  1444  1808 D MDP     : [PQSessionManager] getPQSessionListHandle id[7]
03-02 00:57:41.039  1444  1808 D MDP     : [PQSessionManager] getPQSessionListHandle, find id[7]
03-02 00:57:41.039  1444  1808 D AAL     : [PQEngineInterface] DpEngineTDSHPConfigFrame(0) pqSessionId = 7
03-02 00:57:41.039  1444  1808 D MDP     : [PQSession] getDpPqConfig() id[7] enable[1], scenario[1]
03-02 00:57:41.039  1444  1808 D MDP     : [PQSession] getDpPqConfig() enSharp[1] enDC[0] enColor[0] enHDR[0] enHDRVivid[0] enUR[0] enReFocus[0] enCcorr[1] enDRE[0] enHFG[0] enAIPQ[0] enAISDR2HDR[0] enAIRegionPQ[0] mAdaptiveEnable[0]
03-02 00:57:41.039  1444  1808 D AAL     : [PQEngineInterface] DpEngineTDSHPConfigFrame(0) tdshpEnable(1) enSharp(1) enDC(0) enHFG(0)
03-02 00:57:41.040  1444  1808 D MDP     : PQSession:setPipeNum m_PipeNum[1] value[1] ID[7] DCPath[0] DCDone[0] addr[73225d5f]
03-02 00:57:41.040  1507  1507 I SurfaceFlinger: RequestedLayer [Splash Screen com.podcast.app.debug.test$_2746#156716] hidden!! flag  from(0) --> to(1)
03-02 00:57:41.040  1444  1808 D AAL     : [PQEngineInterface] DpEngineTDSHPConfigFrame(0) adl_enable = 0
03-02 00:57:41.040  1444  1808 D PQ      : [PQHFGConfig] PQHFGConfig::isEnabled = 2
03-02 00:57:41.040  1444  1808 D MDP     : [PQSession] getDpPqConfig() id[7] enable[1], scenario[1]
03-02 00:57:41.040  1444  1808 D MDP     : [PQSession] getDpPqConfig() enSharp[1] enDC[0] enColor[0] enHDR[0] enHDRVivid[0] enUR[0] enReFocus[0] enCcorr[1] enDRE[0] enHFG[0] enAIPQ[0] enAISDR2HDR[0] enAIRegionPQ[0] mAdaptiveEnable[0]
03-02 00:57:41.040  1444  1808 D AAL     : [PQEngineInterface] DpEngineTDSHPConfigFrame(0) hfg_enable = 0
03-02 00:57:41.040  1444  1808 D AAL     : PQEngineInterface] DpEngineTDSHPConfigFrame(0) shp_enable = 0
03-02 00:57:41.040  1444  1808 D MDP     : [PQSessionManager] PQSessionManager::getPQSession id[7]
03-02 00:57:41.040  1444  1808 D MDP     : [PQSessionManager] getPQSessionListHandle id[7]
03-02 00:57:41.040  1444  1808 D MDP     : [PQSessionManager] getPQSessionListHandle, find id[7]
03-02 00:57:41.040  1444  1808 D MDP     : [PQSession] getDpPqConfig() id[7] enable[1], scenario[1]
03-02 00:57:41.040  1444  1808 D MDP     : [PQSession] getDpPqConfig() enSharp[1] enDC[0] enColor[0] enHDR[0] enHDRVivid[0] enUR[0] enReFocus[0] enCcorr[1] enDRE[0] enHFG[0] enAIPQ[0] enAISDR2HDR[0] enAIRegionPQ[0] mAdaptiveEnable[0]
03-02 00:57:41.040  1444  1808 W AAL     : DpEngine_AAL: relay 1
03-02 00:57:41.040  1444  1808 D AAL     : [PQEngineInterface] DpEngineTDSHPConfigTile(0) InpSize: 803, 1920, OutSize: 803, 1920
03-02 00:57:41.040  1444  1808 D MDP     : [PQSessionManager] PQSessionManager::getPQSession id[7]
03-02 00:57:41.040  1444  1808 D MDP     : [PQSessionManager] getPQSessionListHandle id[7]
03-02 00:57:41.040  1444  1808 D MDP     : [PQSessionManager] getPQSessionListHandle, find id[7]
03-02 00:57:41.040  1444  1808 D PQ      : [PQHFGConfig] PQHFGConfig::isEnabled = 2
03-02 00:57:41.040  1444  1808 D MDP     : [PQSession] getDpPqConfig() id[7] enable[1], scenario[1]
03-02 00:57:41.040  1444  1808 D MDP     : [PQSession] getDpPqConfig() enSharp[1] enDC[0] enColor[0] enHDR[0] enHDRVivid[0] enUR[0] enReFocus[0] enCcorr[1] enDRE[0] enHFG[0] enAIPQ[0] enAISDR2HDR[0] enAIRegionPQ[0] mAdaptiveEnable[0]
03-02 00:57:41.040  1444  1808 D AAL     : [PQEngineInterface] DpEngineAALCongTile(0) MDP_aal_size = 36701440
03-02 00:57:41.040  1444  1808 D AAL     : [PQEngineInterface(1791345034)::MDP_AAL_output_offset = 0
03-02 00:57:41.040  1444  1808 D AAL     : [PQEngineInterface] DpEngineAALCongTile(0) MDP_AAL_output_size = 35652864
03-02 00:57:41.040  1444  1808 D AAL     : [PQEngineInterface] DpEngineAALCongTile(0) inTileXRight = 633, inTileXLeft = 74
03-02 00:57:41.040  1444  1808 D AAL     : [PQEngineInterface] DpEngineAALCongTile(0) inTileYBottom = 625, inTileYTop = 0
03-02 00:57:41.040  1444  1808 D AAL     : [PQEngineInterface] DpEngineAALCongTile(0) outTileXRight = 1279, outTileXLeft = 82
03-02 00:57:41.040  1444  1808 D AAL     : [PQEngineInterface] DpEngineAALCongTile(0) m_outTileYBottom = 1279, m_outTileYTop = 0
03-02 00:57:41.040  1444  1808 D MDP     : [PQSessionManager] PQSessionManager::getPQSession id[7]
03-02 00:57:41.040  1444  1808 D MDP     : [PQSessionManager] getPQSessionListHandle id[7]
03-02 00:57:41.040  1444  1808 D MDP     : [PQSessionManager] getPQSessionListHandle, find id[7]
03-02 00:57:41.040  1444  1808 D AAL     : [PQEngineInterface] DpEngineAALCongTile(0)cropOffset[X, Y]=[1, 74], crop[Wid, Hei]=[0, 646]
03-02 00:57:41.040  1444  1808 D MDP     : [PQSessionManager] PQSessionManager::getPQSession id[7]
03-02 00:57:41.040  1444  1808 D MDP     : [PQSessionManager] getPQSessionListHandle id[7]
03-02 00:57:41.040  1444  1808 D MDP     : [PQSessionManager] getPQSessionListHandle, find id[7]
03-02 00:57:41.040  1444  1808 D AAL     : [PQEngineInterface] DpEngineHDRConfigTile(0) outTileXLeft = 74, outTileXRight = 633
03-02 00:57:41.040  1444  1808 D AAL     : [PQEngineInterface] DpEngineHDRConfigTile(0) inTileXLeft = 74, inTileXRight = 633
03-02 00:57:41.040  1444  1808 D AAL     : [PQEngineInterface] DpEngineHDRConfigTile(0) HDR_out_start_x = 0, HDR_out_end_x = 559, src h: 560,v: 1280
03-02 00:57:41.040  1444  1808 D AAL     : [PQEngineInterface] DpEngineHDRConfigTile(0) HDR_hist_end_x = 0, HDR_hist_begin_x = 0
03-02 00:57:41.040  1444  1808 D AAL     : [PQEngineInterface] DpEngineHDRConfigTile(0) HDR_first_tile = 0, HDR_last_tile = 0
03-02 00:57:41.040  1444  1808 D AAL     : [PQEngineInterface] DpEngineHDRConfigTile(0) inFrameWidth = 720 , middlePosX = 0
03-02 00:57:41.040  1444  1808 D AAL     : [PQEngineInterface] DpEngineTDSHPConfigTile(0) InpSize: 152, 1920, OutSize: 152, 1920
03-02 00:57:41.040  1444  1808 D MDP     : [PQSessionManager] PQSessionManager::getPQSession id[7]
03-02 00:57:41.040  1444  1808 D MDP     : [PQSessionManager] getPQSessionListHandle id[7]
03-02 00:57:41.040  1444  1808 D MDP     : [PQSessionManager] getPQSessionListHandle, find id[7]
03-02 00:57:41.040  1444  1808 D PQ      : [PQHFGConfig] PQHFGConfig::isEnabled = 2
03-02 00:57:41.040  1444  1808 D MDP     : [PQSession] getDpPqConfig() id[7] enable[1], scenario[1]
03-02 00:57:41.040  1444  1808 D MDP     : [PQSession] getDpPqConfig() enSharp[1] enDC[0] enColor[0] enHDR[0] enHDRVivid[0] enUR[0] enReFocus[0] enCcorr[1] enDRE[0] enHFG[0] enAIPQ[0] enAISDR2HDR[0] enAIRegionPQ[0] mAdaptiveEnable[0]
03-02 00:57:41.040  1444  1808 D AAL     : [PQEngineInterface] DpEngineAALCongTile(0) MDP_aal_size = 8389888
03-02 00:57:41.040  1444  1808 D AAL     : [PQEngineInterface(1791345034)::MDP_AAL_output_offset = 0
03-02 00:57:41.040  1444  1808 D AAL     : [PQEngineInterface] DpEngineAALCongTile(0) MDP_AAL_output_size = 7865600
03-02 00:57:41.040  1444  1808 D AAL     : [PQEngineInterface] DpEngineAALCongTile(0) inTileXRight = 719, inTileXLeft = 592
03-02 00:57:41.040  1444  1808 D AAL     : [PQEngineInterface] DpEngineAALCongTile(0) inTileYBottom = 719, inTileYTop = 0
03-02 00:57:41.040  1444  1808 D AAL     : [PQEngineInterface] DpEngineAALCongTile(0) outTileXRight = 1279, outTileXLeft = 600
03-02 00:57:41.040  1444  1808 D AAL     : [PQEngineInterface] DpEngineAALCongTile(0) m_outTileYBottom = 1279, m_outTileYTop = 0
03-02 00:57:41.040  1444  1808 D MDP     : [PQSessionManager] PQSessionManager::getPQSession id[7]
03-02 00:57:41.040  1444  1808 D MDP     : [PQSessionManager] getPQSessionListHandle id[7]
03-02 00:57:41.041  1444  1808 D MDP     : [PQSessionManager] getPQSessionListHandle, find id[7]
03-02 00:57:41.041  1444  1808 D AAL     : [PQEngineInterface] DpEngineAALCongTile(0)cropOffset[X, Y]=[1, 74], crop[Wid, Hei]=[0, 646]
03-02 00:57:41.041  1444  1808 D MDP     : [PQSessionManager] PQSessionManager::getPQSession id[7]
03-02 00:57:41.041  1444  1808 D MDP     : [PQSessionManager] getPQSessionListHandle id[7]
03-02 00:57:41.041  1444  1808 D MDP     : [PQSessionManager] getPQSessionListHandle, find id[7]
03-02 00:57:41.041  1444  1808 D AAL     : [PQEngineInterface] DpEngineHDRConfigTile(0) outTileXLeft = 592, outTileXRight = 719
03-02 00:57:41.041  1444  1808 D AAL     : [PQEngineInterface] DpEngineHDRConfigTile(0) inTileXLeft = 592, inTileXRight = 719
03-02 00:57:41.041  1444  1808 D AAL     : [PQEngineInterface] DpEngineHDRConfigTile(0) HDR_out_start_x = 0, HDR_out_end_x = 127, src h: 128,v: 1280
03-02 00:57:41.041  1444  1808 D AAL     : [PQEngineInterface] DpEngineHDRConfigTile(0) HDR_hist_end_x = 0, HDR_hist_begin_x = 0
03-02 00:57:41.041  1444  1808 D AAL     : [PQEngineInterface] DpEngineHDRConfigTile(0) HDR_first_tile = 0, HDR_last_tile = 0
03-02 00:57:41.041  1444  1808 D AAL     : [PQEngineInterface] DpEngineHDRConfigTile(0) inFrameWidth = 720 , middlePosX = 0
03-02 00:57:41.041  1444  1808 D MDP     : [PQSessionManager] PQSessionManager::getPQSession id[7]
03-02 00:57:41.041  1444  1808 D MDP     : [PQSessionManager] getPQSessionListHandle id[7]
03-02 00:57:41.041  1444  1808 D MDP     : [PQSessionManager] getPQSessionListHandle, find id[7]
03-02 00:57:41.041  1444  1808 D MDP     : [PQSessionManager] PQSessionManager::getPQSession id[7]
03-02 00:57:41.041  1444  1808 D MDP     : [PQSessionManager] getPQSessionListHandle id[7]
03-02 00:57:41.041  1444  1808 D MDP     : [PQSessionManager] getPQSessionListHandle, find id[7]
03-02 00:57:41.043  1445  2902 W C2MtkBufferManager: [0xB4000070F507E520] fetchNewCcBlock: wait fence 0x0xb4000070f5058270 timed out. ret 110
03-02 00:57:41.043  1444  1444 I hwcomposer: [DBQ] (q2:0xb4000074f4d1c000) Reallocate Slot(2), pool(0 -> -183674848) size(0 -> 5054400) secure(0 -> 0)
03-02 00:57:41.045  1444  1444 I hwcomposer: [DBQ] (q2:0xb4000074f4d1c000) Alloc Slot(2), handle=0xb4000074f4c25380 c=0 w=1080 h=2340 p=1088 ys=1088 vs=2340 f=268 sec=0 sh=0, usage=0x800
03-02 00:57:41.045  1444  1809 D MDP     : [PQSessionManager] PQSessionManager::getPQSession id[7]
03-02 00:57:41.045  1444  1809 D MDP     : [PQSessionManager] getPQSessionListHandle id[7]
03-02 00:57:41.045  1444  1809 D MDP     : [PQSessionManager] getPQSessionListHandle, find id[7]
03-02 00:57:41.045  1444  1809 D MDP     : [PQSessionManager] findVideoID[f50d5820] found on index 7
03-02 00:57:41.046  1444  1808 D MDP     : [PQSessionManager] findVideoID[f50d5820] found on index 7
03-02 00:57:41.046  1444  1808 D MDP     : [PQSessionManager] createPQSession(7) user(0xb4000074f4d46d80)
03-02 00:57:41.046  1444  1808 D MDP     : [PQSessionManager] Duplicated ID[7] found, please check if double createPQSession!
03-02 00:57:41.046  1444  1808 D MDP     : [PQSessionManager] getPQSessionListHandle id[7]
03-02 00:57:41.046  1444  1808 D MDP     : [PQSessionManager] getPQSessionListHandle, find id[7]
03-02 00:57:41.046  1444  1808 D MDP     : [PQSession] incRefCount id[7] user[0xb4000074f4d46d80] existed
03-02 00:57:41.046  1444  1808 D MDP     : [PQSession] incRefCount id[7] user[0xb4000074f4d46d80] numOfUser[1]
03-02 00:57:41.046  1444  1808 D MDP     : [PQSession] numElements[0] key[0] metaData[0]
03-02 00:57:41.046  1444  1808 D MDP     : [PQSession] setPQParam() id[7] enable[1], scenario[1]
03-02 00:57:41.046  1444  1808 D MDP     : [PQSession] video TS [21900]
03-02 00:57:41.046  1444  1808 D PQ      : PQDSConfig::getEnableStatus check1  time 0 ms
03-02 00:57:41.046  1444  1808 D PQ      : [PQDSConfig] PQDSConfig::getEnableStatus = 1
03-02 00:57:41.046  1444  1808 D PQ      : [PQDSConfig] m_TDSHPTableInit 1
03-02 00:57:41.046  1444  1808 D PQ      : [PQDSConfig] getAshmemContext(SHP_ENABLE) = 1
03-02 00:57:41.046  1444  1808 D PQ      : PQDSConfig::getEnableStatus check2  time 0 ms
03-02 00:57:41.046  1444  1808 D PQ      : [PQDSConfig] PQDSConfig::getUREnableStatus = 1
03-02 00:57:41.046  1444  1808 D MDP     : [PQSession] setDpPqConfig m_svp = 0, enDRE = 0
03-02 00:57:41.046  1444  1808 D MDP     : setPQParam globalPQSupport = [0] globalPQSwitch = [0] globalPQStrength = [0] globalPQType = [0]
03-02 00:57:41.046  1444  1808 D MDP     : [PQSession] setPQparam userId[0x0], scenario[1], enDRE[0]
03-02 00:57:41.046  1444  1808 D MDP     : [PQSession] getDpPqConfig() id[7] enable[1], scenario[1]
03-02 00:57:41.046  1444  1808 D MDP     : [PQSession] getDpPqConfig() enSharp[1] enDC[0] enColor[0] enHDR[0] enHDRVivid[0] enUR[0] enReFocus[0] enCcorr[1] enDRE[0] enHFG[0] enAIPQ[0] enAISDR2HDR[0] enAIRegionPQ[0] mAdaptiveEnable[0]
03-02 00:57:41.046  1444  1808 D MDP     : [PQSession] setPQDREParam userId[0x0] scenario[1] enDRE[0]
03-02 00:57:41.046  1444  1808 D MDP     : [PQSessionManager] findVideoID[f50d5820] found on index 7
03-02 00:57:41.046  1444  1808 D PQ_HDR  : DpAsyncBlit: job:(2071345 160) in:(720, 1280)[720 368] C8s P1.1.1.0.1, alpha 0, sec0 flush:0 Buffer 1035672: plane=3 bufVA={0xa0,0xa0,0xa0} bufMVA={0x0,0x0,0x0} bufSize={0xe1000,0x39800,0x39800} proxy={0xb40000747320b7a0,0x0,0x0}fence=-1
03-02 00:57:41.046  1444  1808 D PQ_HDR  : DpAsyncBlit: out 0:(970, 1920)[2176 0] C5 P1.1.1.0.1 R:0 F:0 S:1 A:0 HDR:0 COLOR:0 CCORR:1 sec0 flush:0 Buffer 1035672: plane=1 bufVA={0xa4,0x0,0x0} bufMVA={0x0,0x0,0x0} bufSize={0x4db200,0x0,0x0} proxy={0xb40000747320b840,0x0,0x0}fence=-1
03-02 00:57:41.046  1444  1808 D PQ_HDR  : DpAsyncBlit: crop 0:(73.0, 0.0, 647.0, 1280.0) compose:(0, 0, 970, 1920)
03-02 00:57:41.046  1444  1808 D MDP     : [PQSessionManager] PQSessionManager::getPQSession id[7]
03-02 00:57:41.046  1444  1808 D MDP     : [PQSessionManager] getPQSessionListHandle id[7]
03-02 00:57:41.046  1444  1808 D MDP     : [PQSessionManager] getPQSessionListHandle, find id[7]
03-02 00:57:41.046  1444  1808 D MDP     : [PQSessionManager] PQSessionManager::getPQSession id[7]
03-02 00:57:41.046  1444  1808 D MDP     : [PQSessionManager] getPQSessionListHandle id[7]
03-02 00:57:41.046  1444  1808 D MDP     : [PQSessionManager] getPQSessionListHandle, find id[7]
03-02 00:57:41.046  1444  1808 D MDP     : PQSession:setPipeNum m_PipeNum[1] value[1] ID[7] DCPath[0] DCDone[0] addr[73225d5f]
03-02 00:57:41.046  1444  1808 D MDP     : [PQSession] getDpPqConfig() id[7] enable[1], scenario[1]
03-02 00:57:41.047  1444  1808 D MDP     : [PQSession] getDpPqConfig() enSharp[1] enDC[0] enColor[0] enHDR[0] enHDRVivid[0] enUR[0] enReFocus[0] enCcorr[1] enDRE[0] enHFG[0] enAIPQ[0] enAISDR2HDR[0] enAIRegionPQ[0] mAdaptiveEnable[0]
03-02 00:57:41.047  1444  1808 D PQ      : [PQRSZConfig] PQRSZConfig::getUREnableStatus = 1
03-02 00:57:41.047  1444  1808 D MDP     : [PQSessionManager] PQSessionManager::getPQSession id[7]
03-02 00:57:41.047  1444  1808 D MDP     : [PQSessionManager] getPQSessionListHandle id[7]
03-02 00:57:41.047  1444  1808 D MDP     : [PQSessionManager] getPQSessionListHandle, find id[7]
03-02 00:57:41.047  1444  1808 D AAL     : [PQEngineInterface] DpEngineTDSHPConfigFrame(0) pqSessionId = 7
03-02 00:57:41.047  1444  1808 D MDP     : [PQSession] getDpPqConfig() id[7] enable[1], scenario[1]
03-02 00:57:41.047  1444  1808 D MDP     : [PQSession] getDpPqConfig() enSharp[1] enDC[0] enColor[0] enHDR[0] enHDRVivid[0] enUR[0] enReFocus[0] enCcorr[1] enDRE[0] enHFG[0] enAIPQ[0] enAISDR2HDR[0] enAIRegionPQ[0] mAdaptiveEnable[0]
03-02 00:57:41.047  1444  1808 D AAL     : [PQEngineInterface] DpEngineTDSHPConfigFrame(0) tdshpEnable(1) enSharp(1) enDC(0) enHFG(0)
03-02 00:57:41.047  1444  1808 D MDP     : PQSession:setPipeNum m_PipeNum[1] value[1] ID[7] DCPath[0] DCDone[0] addr[73225d5f]
03-02 00:57:41.047  1444  1808 D AAL     : [PQEngineInterface] DpEngineTDSHPConfigFrame(0) adl_enable = 0
03-02 00:57:41.047  1444  1808 D PQ      : [PQHFGConfig] PQHFGConfig::isEnabled = 2
03-02 00:57:41.047  1444  1808 D MDP     : [PQSession] getDpPqConfig() id[7] enable[1], scenario[1]
03-02 00:57:41.047  1444  1808 D MDP     : [PQSession] getDpPqConfig() enSharp[1] enDC[0] enColor[0] enHDR[0] enHDRVivid[0] enUR[0] enReFocus[0] enCcorr[1] enDRE[0] enHFG[0] enAIPQ[0] enAISDR2HDR[0] enAIRegionPQ[0] mAdaptiveEnable[0]
03-02 00:57:41.047  1444  1808 D AAL     : [PQEngineInterface] DpEngineTDSHPConfigFrame(0) hfg_enable = 0
03-02 00:57:41.047  1444  1808 D AAL     : PQEngineInterface] DpEngineTDSHPConfigFrame(0) shp_enable = 0
03-02 00:57:41.047  1507  1507 D SurfaceFlinger: Display 4627039422300187648 HWC layers:
03-02 00:57:41.047  1507  1507 D SurfaceFlinger:   SOLID_COLOR |                        0 | 00000002 | N/A          |    0.0    0.0    0.0    0.0 |    0    0   -1   -1 | Background for 68eb87 SurfaceView[co[...]weme.splash.SplashActivity]@0#156731 (0)
03-02 00:57:41.047  1507  1507 D SurfaceFlinger:   SOLID_COLOR |                        0 | 00000002 | N/A          |    0.0    0.0    0.0    0.0 |    0    0   -1   -1 | Background for 7086fb SurfaceView[co[...]weme.splash.SplashActivity]@0#156734 (0)
03-02 00:57:41.047  1507  1507 D SurfaceFlinger:   SOLID_COLOR |                        0 | 00000002 | N/A          |    0.0    0.0    0.0    0.0 |    0    0   -1   -1 | Background for 836459b SurfaceView[c[...]weme.splash.SplashActivity]@0#156737 (0)
