03-02 00:57:25.422  3202  3977 I HoneySpace.RecentTasks: onRunningTaskAppeared
03-02 00:57:25.422  3202  3977 I HoneySpace.RecentTasks: onRecentTasksChanged
03-02 00:57:25.422  1445 18641 D C2MtkVdec: [0xB4000070F5129C00] NO_OUTPUT work returned: workId 20400000, mFrameIndex 142
03-02 00:57:25.422  1507  1507 I Layer   : id=156177 Destroyed Surface(name=a5d3a68 StatusBar)/@0xd5726d6 - animation-leash of insets_animation#156177
03-02 00:57:25.423  1507  1507 I Layer   : id=156195 Destroyed Surface(name=c536234 NavigationBar0)/@0xfac847b - animation-leash of insets_animation#156195
03-02 00:57:25.423 18627 18681 W .osp.app.signin: ClassLoaderContext classpath element checksum mismatch. expected=895038211, found=2073891233 (DLC[];PCL[base.apk*895038211]{PCL[/system/framework/org.apache.http.legacy.jar*2001478317]#PCL[/system/framework/com.android.location.provider.jar*1570284764]#PCL[/system/framework/com.android.media.remotedisplay.jar*487574312]#PCL[/system_ext/framework/androidx.window.extensions.jar*3210150721]#PCL[/system_ext/framework/androidx.window.sidecar.jar*3925677193]} | DLC[];PCL[/data/app/~~eGgu8VF1wz_J5s5xrvJWjw==/com.osp.app.signin-XP8uPNnmv0V1FTmfpt_jtQ==/base.apk*2073891233]{PCL[/system/framework/org.apache.http.legacy.jar*2001478317]#PCL[/system/framework/samsungkeystoreutils.jar*4263728449]#PCL[/system_ext/framework/androidx.window.extensions.jar*3210150721]#PCL[/system_ext/framework/androidx.window.sidecar.jar*3925677193]})
03-02 00:57:25.423  1445 18641 D VCodec  : [VCodecV4L2] state: IDLE, state = 2
03-02 00:57:25.423  1696  1756 I VPUD    : == vdec_codec_msg_handler() == msg_id = 0xA001, codec_id = 1
03-02 00:57:25.424  1696  1756 E VPUD    : [ERROR] non-I slice before first I slice
03-02 00:57:25.424  1696  1756 E VPUD    : [Err] Fail to parse Slice header data structure!! -7
03-02 00:57:25.424  1696  1756 E VPUD    : [Err] Decode Slice Error -10
03-02 00:57:25.424  1696  1756 I VPUD    : [ERROR] eVDecDrvInit fail (6)!!
03-02 00:57:25.426  2013  3345 D InputDispatcher: Focus entered window (0): 297f8e5 com.podcast.app.debug/androidx.activity.ComponentActivity
03-02 00:57:25.427  1445 18641 D C2MtkVdec: [0xB4000070F5129C00] NO_OUTPUT work returned: workId 20133000, mFrameIndex 143
03-02 00:57:25.427  1445 18641 D VCodec  : [VCodecV4L2] state: IDLE, state = 2
03-02 00:57:25.428  1696  1756 I VPUD    : == vdec_codec_msg_handler() == msg_id = 0xA001, codec_id = 1
03-02 00:57:25.428  1696  1756 E VPUD    : [ERROR] non-I slice before first I slice
03-02 00:57:25.428  1696  1756 E VPUD    : [Err] Fail to parse Slice header data structure!! -7
03-02 00:57:25.428  1696  1756 E VPUD    : [Err] Decode Slice Error -10
03-02 00:57:25.429  1696  1756 I VPUD    : [ERROR] eVDecDrvInit fail (6)!!
03-02 00:57:25.429  1445 18641 D C2MtkVdec: [0xB4000070F5129C00] NO_OUTPUT work returned: workId 20000000, mFrameIndex 144
03-02 00:57:25.430  1445 18641 D VCodec  : [VCodecV4L2] state: IDLE, state = 2
03-02 00:57:25.430  1696  1756 I VPUD    : == vdec_codec_msg_handler() == msg_id = 0xA001, codec_id = 1
03-02 00:57:25.430  1696  1756 E VPUD    : [ERROR] non-I slice before first I slice
03-02 00:57:25.430  1696  1756 E VPUD    : [Err] Fail to parse Slice header data structure!! -7
03-02 00:57:25.430  1696  1756 E VPUD    : [Err] Decode Slice Error -10
03-02 00:57:25.430  1696  1756 I VPUD    : [ERROR] eVDecDrvInit fail (6)!!
03-02 00:57:25.431  1507  1507 E SurfaceFlinger: alpha changed 0.000 -> 0.013 - DimTransitionLayer for Surface(name=Task=44878)/@0xb260ba7#156206
03-02 00:57:25.431  1445 18641 D C2MtkVdec: [0xB4000070F5129C00] NO_OUTPUT work returned: workId 19933000, mFrameIndex 145
03-02 00:57:25.432  1445 18641 D VCodec  : [VCodecV4L2] state: IDLE, state = 2
03-02 00:57:25.432  1696  1756 I VPUD    : == vdec_codec_msg_handler() == msg_id = 0xA001, codec_id = 1
03-02 00:57:25.433  1696  1756 E VPUD    : [ERROR] non-I slice before first I slice
03-02 00:57:25.433  1696  1756 E VPUD    : [Err] Fail to parse Slice header data structure!! -7
03-02 00:57:25.433  1696  1756 E VPUD    : [Err] Decode Slice Error -10
03-02 00:57:25.433  1696  1756 I VPUD    : [ERROR] eVDecDrvInit fail (6)!!
03-02 00:57:25.434  1445 18641 D C2MtkVdec: [0xB4000070F5129C00] NO_OUTPUT work returned: workId 19900000, mFrameIndex 146
03-02 00:57:25.434  1445 18641 D VCodec  : [VCodecV4L2] state: IDLE, state = 2
03-02 00:57:25.434  1445 18641 D VCodec  : [VCodecV4L2] state: IDLE, state != 3
03-02 00:57:25.434  1696  1756 I VPUD    : == vdec_codec_msg_handler() == msg_id = 0xA001, codec_id = 1
03-02 00:57:25.435  1696  1756 E VPUD    : [ERROR] non-I slice before first I slice
03-02 00:57:25.435  1696  1756 E VPUD    : [Err] Fail to parse Slice header data structure!! -7
03-02 00:57:25.435  1696  1756 E VPUD    : [Err] Decode Slice Error -10
03-02 00:57:25.435  1696  1756 I VPUD    : [ERROR] eVDecDrvInit fail (6)!!
03-02 00:57:25.436 17121 17121 D VRI[ComponentActivity]@7dfc40a: mThreadedRenderer.initializeIfNeeded()#2 mSurface={isValid=true 0xb4000078678a0d00}
03-02 00:57:25.437 17121 17121 D InputMethodManagerUtils: startInputInner - Id : 0
03-02 00:57:25.437 17121 17121 I InputMethodManager: startInputInner - IInputMethodManagerGlobalInvoker.startInputOrWindowGainedFocus
03-02 00:57:25.438  1507  1507 D SurfaceFlinger: Display 4627039422300187648 HWC layers:
03-02 00:57:25.438  1507  1507 D SurfaceFlinger:   SOLID_COLOR |                        0 | 00000002 | N/A          |    0.0    0.0    0.0    0.0 |    0    0   -1   -1 | Background for 68eb87 SurfaceView[co[...]weme.splash.SplashActivity]@0#156181 (0)
03-02 00:57:25.438  1507  1507 D SurfaceFlinger:   SOLID_COLOR |                        0 | 00000002 | N/A          |    0.0    0.0    0.0    0.0 |    0    0   -1   -1 | Background for 836459b SurfaceView[c[...]weme.splash.SplashActivity]@0#156187 (0)
03-02 00:57:25.438  1507  1507 D SurfaceFlinger:        CLIENT |                        0 | 00000002 | N/A          |    0.0    0.0    0.0    0.0 |    0   80 1059 2000 | Background for 7086fb SurfaceView[co[...]weme.splash.SplashActivity]@0#156191 (0)
03-02 00:57:25.438  1507  1507 D SurfaceFlinger:        CLIENT |           63930588202120 | 00002100 | RGBA_8888    |   21.0    0.0 1080.0 2340.0 |    0    0 1080 2340 | com.zhiliaoapp.musically/com.ss.andr[...].splash.SplashActivity$_14885#156176 (7)
03-02 00:57:25.438  1507  1507 D SurfaceFlinger:   SOLID_COLOR |                        0 | 00000000 | N/A          |    0.0    0.0    0.0    0.0 |    0    0 1080 2340 | DimTransitionLayer for Surface(name=Task=44878)/@0
03-02 00:57:25.438  1507  1507 D SurfaceFlinger: xb260ba7#156206 (0)
03-02 00:57:25.438  1507  1507 D SurfaceFlinger:        DEVICE |           73534135074897 | 00002102 | RGBA_8888    |    0.0    0.0   68.0 2340.0 | 1012    0 1080 2340 | com.podcast.app.debug/androidx.activity.ComponentActivity$_17121#156202 (1)
03-02 00:57:25.438  1507  1507 D SurfaceFlinger:        DEVICE |           11793980283561 | 00002100 | RGBA_8888    |    0.0    0.0   68.0 2340.0 | 1012    0 1080 2340 | Splash Screen com.podcast.app.debug$_2746#156201 (1)
03-02 00:57:25.438  1507  1507 D SurfaceFlinger:        DEVICE |           11793980281856 | 00002100 | RGBA_8888    |    0.0    0.0 1080.0   80.0 |    0    0 1080   80 | StatusBar$_2746#117 (211063)
03-02 00:57:25.438  1507  1507 D SurfaceFlinger:        DEVICE |           13752485304097 | 00002100 | RGBA_8888    |    0.0    0.0   67.0  346.0 | 1013  454 1080  800 | com.sec.android.app.launcher/com.sam[...].app.CocktailBarService$_3202#152779 (1)
03-02 00:57:25.438  1507  1507 D SurfaceFlinger:        DEVICE |           11793980281862 | 00002100 | RGBA_8888    |    0.0    0.0 1080.0  135.0 |    0 2205 1080 2340 | NavigationBar0$_2746#113 (187840)
03-02 00:57:25.438  1507  1507 D SurfaceFlinger:
03-02 00:57:25.439  1445 18641 D C2MtkVdec: [0xB4000070F5129C00] NO_OUTPUT work returned: workId 19967000, mFrameIndex 147
03-02 00:57:25.439  1445 18641 D VCodec  : [VCodecV4L2] state: IDLE, state = 2
03-02 00:57:25.440  1507  1825 I SurfaceFlinger: Capture layer list: 	 com.zhiliaoapp.musically/com.ss.android.ugc.aweme.splash.SplashActivity$_14885#156176(seamlessTransition:0)
03-02 00:57:25.440  1507  1825 I SurfaceFlinger: Capture layer list: 	 DimTransitionLayer for Surface(name=Task=44878)/@0xb260ba7#156206(seamlessTransition:0)
03-02 00:57:25.440  1696  1756 I VPUD    : == vdec_codec_msg_handler() == msg_id = 0xA001, codec_id = 1
03-02 00:57:25.440  1696  1756 E VPUD    : [ERROR] non-I slice before first I slice
03-02 00:57:25.440  1696  1756 E VPUD    : [Err] Fail to parse Slice header data structure!! -7
03-02 00:57:25.440  1696  1756 E VPUD    : [Err] Decode Slice Error -10
03-02 00:57:25.440  1696  1756 I VPUD    : [ERROR] eVDecDrvInit fail (6)!!
03-02 00:57:25.443  1445 18641 D C2MtkVdec: [0xB4000070F5129C00] NO_OUTPUT work returned: workId 20067000, mFrameIndex 148
03-02 00:57:25.443  1445 18641 D VCodec  : [VCodecV4L2] state: IDLE, state = 2
03-02 00:57:25.444  1696  1756 I VPUD    : == vdec_codec_msg_handler() == msg_id = 0xA001, codec_id = 1
03-02 00:57:25.444  1696  1756 E VPUD    : [ERROR] non-I slice before first I slice
03-02 00:57:25.444  1696  1756 E VPUD    : [Err] Fail to parse Slice header data structure!! -7
03-02 00:57:25.444  1696  1756 E VPUD    : [Err] Decode Slice Error -10
03-02 00:57:25.444  1696  1756 I VPUD    : [ERROR] eVDecDrvInit fail (6)!!
03-02 00:57:25.444  1445 18641 D C2MtkVdec: [0xB4000070F5129C00] NO_OUTPUT work returned: workId 20033000, mFrameIndex 149
03-02 00:57:25.444  1445 18641 D VCodec  : [VCodecV4L2] state: IDLE, state = 2
03-02 00:57:25.445  1696  1756 I VPUD    : == vdec_codec_msg_handler() == msg_id = 0xA001, codec_id = 1
03-02 00:57:25.445  1696  1756 E VPUD    : [ERROR] non-I slice before first I slice
03-02 00:57:25.445  1696  1756 E VPUD    : [Err] Fail to parse Slice header data structure!! -7
03-02 00:57:25.445  1696  1756 E VPUD    : [Err] Decode Slice Error -10
03-02 00:57:25.445  1696  1756 I VPUD    : [ERROR] eVDecDrvInit fail (6)!!
03-02 00:57:25.445  2013  2635 I ChimeraPolicyHandler: onPsiMonitorTriggered() - psiLevel: 0
03-02 00:57:25.445  1445 18641 D C2MtkVdec: [0xB4000070F5129C00] NO_OUTPUT work returned: workId 20100000, mFrameIndex 150
03-02 00:57:25.446  1445 18641 D VCodec  : [VCodecV4L2] state: IDLE, state = 2
03-02 00:57:25.446  1696  1756 I VPUD    : == vdec_codec_msg_handler() == msg_id = 0xA001, codec_id = 1
03-02 00:57:25.446  2013  2635 I ChimeraAggressivePolicyHandler: executePolicy() - triggerSource: TRIGGER_SOURCE_PSI_MEM_MONITOR
03-02 00:57:25.447  1696  1756 E VPUD    : [ERROR] non-I slice before first I slice
03-02 00:57:25.447  1696  1756 E VPUD    : [Err] Fail to parse Slice header data structure!! -7
03-02 00:57:25.447  1696  1756 E VPUD    : [Err] Decode Slice Error -10
03-02 00:57:25.447  1696  1756 I VPUD    : [ERROR] eVDecDrvInit fail (6)!!
03-02 00:57:25.448  2013  2635 I ChimeraAggressivePolicyHandler: available memory: 2330772, free memory target: 2201600, quit chimera
03-02 00:57:25.448  1445 18641 D C2MtkVdec: [0xB4000070F5129C00] NO_OUTPUT work returned: workId 20267000, mFrameIndex 151
03-02 00:57:25.448  1445 18641 D VCodec  : [VCodecV4L2] state: IDLE, state = 2
03-02 00:57:25.448  1696  1756 I VPUD    : == vdec_codec_msg_handler() == msg_id = 0xA001, codec_id = 1
03-02 00:57:25.449  1696  1756 E VPUD    : [ERROR] non-I slice before first I slice
03-02 00:57:25.449  1696  1756 E VPUD    : [Err] Fail to parse Slice header data structure!! -7
03-02 00:57:25.449  1696  1756 E VPUD    : [Err] Decode Slice Error -10
03-02 00:57:25.449  1696  1756 I VPUD    : [ERROR] eVDecDrvInit fail (6)!!
03-02 00:57:25.449  1445 18641 D C2MtkVdec: [0xB4000070F5129C00] NO_OUTPUT work returned: workId 20200000, mFrameIndex 152
03-02 00:57:25.449  1445 18641 D VCodec  : [VCodecV4L2] state: IDLE, state = 2
03-02 00:57:25.449  1696  1756 I VPUD    : == vdec_codec_msg_handler() == msg_id = 0xA001, codec_id = 1
03-02 00:57:25.450  1696  1756 E VPUD    : [ERROR] non-I slice before first I slice
03-02 00:57:25.450  1696  1756 E VPUD    : [Err] Fail to parse Slice header data structure!! -7
03-02 00:57:25.450  1696  1756 E VPUD    : [Err] Decode Slice Error -10
03-02 00:57:25.451  1696  1756 I VPUD    : [ERROR] eVDecDrvInit fail (6)!!
03-02 00:57:25.452  1445 18641 D C2MtkVdec: [0xB4000070F5129C00] NO_OUTPUT work returned: workId 20167000, mFrameIndex 153
03-02 00:57:25.452  1445 18641 D VCodec  : [VCodecV4L2] state: IDLE, state = 2
03-02 00:57:25.452  1696  1756 I VPUD    : == vdec_codec_msg_handler() == msg_id = 0xA001, codec_id = 1
03-02 00:57:25.453  1696  1756 E VPUD    : [ERROR] non-I slice before first I slice
03-02 00:57:25.453  1696  1756 E VPUD    : [Err] Fail to parse Slice header data structure!! -7
03-02 00:57:25.453  1696  1756 E VPUD    : [Err] Decode Slice Error -10
03-02 00:57:25.454  1696  1756 I VPUD    : [ERROR] eVDecDrvInit fail (6)!!
03-02 00:57:25.454  1445 18641 D C2MtkVdec: [0xB4000070F5129C00] NO_OUTPUT work returned: workId 20233000, mFrameIndex 154
03-02 00:57:25.454  1445 18641 D VCodec  : [VCodecV4L2] state: IDLE, state = 2
03-02 00:57:25.455  1696  1756 I VPUD    : == vdec_codec_msg_handler() == msg_id = 0xA001, codec_id = 1
03-02 00:57:25.456  1696  1756 E VPUD    : [ERROR] non-I slice before first I slice
03-02 00:57:25.456  1696  1756 E VPUD    : [Err] Fail to parse Slice header data structure!! -7
03-02 00:57:25.456  1696  1756 E VPUD    : [Err] Decode Slice Error -10
03-02 00:57:25.456  1696  1756 I VPUD    : [ERROR] eVDecDrvInit fail (6)!!
03-02 00:57:25.457 14885 14905 D PipelineWatcher: onInputBufferReleased: frameIndex not found (154); ignored
03-02 00:57:25.457  1445 18641 D C2MtkVdec: [0xB4000070F5129C00] NO_OUTPUT work returned: workId 20333000, mFrameIndex 155
03-02 00:57:25.458  1445 18641 D VCodec  : [VCodecV4L2] state: IDLE, state = 2
03-02 00:57:25.459  1696  1756 I VPUD    : == vdec_codec_msg_handler() == msg_id = 0xA001, codec_id = 1
03-02 00:57:25.460  1696  1756 E VPUD    : [ERROR] non-I slice before first I slice
03-02 00:57:25.460  1696  1756 E VPUD    : [Err] Fail to parse Slice header data structure!! -7
03-02 00:57:25.460  1696  1756 E VPUD    : [Err] Decode Slice Error -10
03-02 00:57:25.460  1696  1756 I VPUD    : [ERROR] eVDecDrvInit fail (6)!!
03-02 00:57:25.461  1445 18641 D C2MtkVdec: [0xB4000070F5129C00] NO_OUTPUT work returned: workId 20300000, mFrameIndex 156
03-02 00:57:25.461  1445 18641 D VCodec  : [VCodecV4L2] state: IDLE, state = 2
03-02 00:57:25.461  1445 18641 D VCodec  : [VCodecV4L2] state: IDLE, state != 3
03-02 00:57:25.462  1696  1756 I VPUD    : == vdec_codec_msg_handler() == msg_id = 0xA001, codec_id = 1
03-02 00:57:25.462  1696  1756 E VPUD    : [ERROR] non-I slice before first I slice
03-02 00:57:25.462  1696  1756 E VPUD    : [Err] Fail to parse Slice header data structure!! -7
03-02 00:57:25.462  1696  1756 E VPUD    : [Err] Decode Slice Error -10
03-02 00:57:25.463  1696  1756 I VPUD    : [ERROR] eVDecDrvInit fail (6)!!
03-02 00:57:25.464  1445 18641 D C2MtkVdec: [0xB4000070F5129C00] NO_OUTPUT work returned: workId 20367000, mFrameIndex 157
03-02 00:57:25.465  1445 18641 D VCodec  : [VCodecV4L2] state: IDLE, state = 2
03-02 00:57:25.465  1696  1756 I VPUD    : == vdec_codec_msg_handler() == msg_id = 0xA001, codec_id = 1
03-02 00:57:25.466  1696  1756 E VPUD    : [ERROR] non-I slice before first I slice
03-02 00:57:25.466  1696  1756 E VPUD    : [Err] Fail to parse Slice header data structure!! -7
03-02 00:57:25.466  1696  1756 E VPUD    : [Err] Decode Slice Error -10
03-02 00:57:25.466  1696  1756 I VPUD    : [ERROR] eVDecDrvInit fail (6)!!
03-02 00:57:25.470  1445 18641 D C2MtkVdec: [0xB4000070F5129C00] NO_OUTPUT work returned: workId 20933000, mFrameIndex 158
03-02 00:57:25.470  1445 18641 D VCodec  : [VCodecV4L2] state: IDLE, state = 2
03-02 00:57:25.471  1696  1756 I VPUD    : == vdec_codec_msg_handler() == msg_id = 0xA001, codec_id = 1
03-02 00:57:25.472  1696  1756 E VPUD    : [ERROR] non-I slice before first I slice
03-02 00:57:25.472  1696  1756 E VPUD    : [Err] Fail to parse Slice header data structure!! -7
03-02 00:57:25.472  1696  1756 E VPUD    : [Err] Decode Slice Error -10
03-02 00:57:25.472  1696  1756 I VPUD    : [ERROR] eVDecDrvInit fail (6)!!
03-02 00:57:25.473  1445 18641 D C2MtkVdec: [0xB4000070F5129C00] NO_OUTPUT work returned: workId 20667000, mFrameIndex 159
03-02 00:57:25.473  1445 18641 D VCodec  : [VCodecV4L2] state: IDLE, state = 2
03-02 00:57:25.473  1445  2902 W C2MtkBufferManager: [0xB4000070F507E520] fetchNewCcBlock: wait fence 0x0xb4000070f5058270 timed out. ret 110
03-02 00:57:25.473  1507  2393 I SurfaceFlinger: id=156207 createSurf, flag=84000, 7b1c426 ActivityRecordInputSink com.podcast.app.debug/androidx.activity.ComponentActivity#156207
03-02 00:57:25.474  1696  1756 I VPUD    : == vdec_codec_msg_handler() == msg_id = 0xA001, codec_id = 1
03-02 00:57:25.474  1696  1756 E VPUD    : [ERROR] non-I slice before first I slice
03-02 00:57:25.474  1696  1756 E VPUD    : [Err] Fail to parse Slice header data structure!! -7
03-02 00:57:25.474  1696  1756 E VPUD    : [Err] Decode Slice Error -10
03-02 00:57:25.474  1696  1756 I VPUD    : [ERROR] eVDecDrvInit fail (6)!!
03-02 00:57:25.474 18627 18627 E ashmem  : Pinning is deprecated since Android Q. Please use trim or other methods.
03-02 00:57:25.475  1445 18641 D C2MtkVdec: [0xB4000070F5129C00] NO_OUTPUT work returned: workId 20533000, mFrameIndex 160
03-02 00:57:25.475  1445 18641 D VCodec  : [VCodecV4L2] state: IDLE, state = 2
03-02 00:57:25.475  1696  1756 I VPUD    : == vdec_codec_msg_handler() == msg_id = 0xA001, codec_id = 1
03-02 00:57:25.475  1507  1507 I SurfaceFlinger: [7b1c426 ActivityRecordInputSink com.podcast.app.debug/androidx.activity.ComponentActivity#156207] attach to parent LayerHierarchy{RequestedLayerState{ActivityRecord{131098132 u0 com.podcast.app.debug/androidx.activity.ComponentActivity t44878}#156198 parentId=156197} 3 children}
03-02 00:57:25.477  1696  1756 E VPUD    : [ERROR] non-I slice before first I slice
03-02 00:57:25.477  1696  1756 E VPUD    : [Err] Fail to parse Slice header data structure!! -7
03-02 00:57:25.477  1696  1756 E VPUD    : [Err] Decode Slice Error -10
03-02 00:57:25.479  1696  1756 I VPUD    : [ERROR] eVDecDrvInit fail (6)!!
03-02 00:57:25.480  1445 18641 D C2MtkVdec: [0xB4000070F5129C00] NO_OUTPUT work returned: workId 20467000, mFrameIndex 161
03-02 00:57:25.480  1445 18641 D VCodec  : [VCodecV4L2] state: IDLE, state = 2
03-02 00:57:25.480  1696  1756 I VPUD    : == vdec_codec_msg_handler() == msg_id = 0xA001, codec_id = 1
03-02 00:57:25.481  1696  1756 E VPUD    : [ERROR] non-I slice before first I slice
03-02 00:57:25.481  1696  1756 E VPUD    : [Err] Fail to parse Slice header data structure!! -7
03-02 00:57:25.481  1696  1756 E VPUD    : [Err] Decode Slice Error -10
03-02 00:57:25.481  1696  1756 I VPUD    : [ERROR] eVDecDrvInit fail (6)!!
03-02 00:57:25.482  1445 18641 D C2MtkVdec: [0xB4000070F5129C00] NO_OUTPUT work returned: workId 20433000, mFrameIndex 162
03-02 00:57:25.482  1445 18641 D VCodec  : [VCodecV4L2] state: IDLE, state = 2
03-02 00:57:25.483  1696  1756 I VPUD    : == vdec_codec_msg_handler() == msg_id = 0xA001, codec_id = 1
03-02 00:57:25.484  1696  1756 E VPUD    : [ERROR] non-I slice before first I slice
03-02 00:57:25.485  1696  1756 E VPUD    : [Err] Fail to parse Slice header data structure!! -7
03-02 00:57:25.485  1696  1756 E VPUD    : [Err] Decode Slice Error -10
03-02 00:57:25.485  1696  1756 I VPUD    : [ERROR] eVDecDrvInit fail (6)!!
03-02 00:57:25.486  1445 18641 D C2MtkVdec: [0xB4000070F5129C00] NO_OUTPUT work returned: workId 20500000, mFrameIndex 163
03-02 00:57:25.486  1445 18641 D VCodec  : [VCodecV4L2] state: IDLE, state = 2
03-02 00:57:25.487  1696  1756 I VPUD    : == vdec_codec_msg_handler() == msg_id = 0xA001, codec_id = 1
03-02 00:57:25.489  1696  1756 E VPUD    : [ERROR] non-I slice before first I slice
03-02 00:57:25.489  1696  1756 E VPUD    : [Err] Fail to parse Slice header data structure!! -7
03-02 00:57:25.489  1696  1756 E VPUD    : [Err] Decode Slice Error -10
03-02 00:57:25.489  1696  1756 I VPUD    : [ERROR] eVDecDrvInit fail (6)!!
03-02 00:57:25.491  1444  1444 I hwcomposer: [HWCDisplay] (0 updateFps():4131), (type:1, mode:2) fps:82.763039,dur:1002.86,max:41.44,min:5.87
03-02 00:57:25.492  1445 18641 D C2MtkVdec: [0xB4000070F5129C00] NO_OUTPUT work returned: workId 20600000, mFrameIndex 164
03-02 00:57:25.492  1445 18641 D VCodec  : [VCodecV4L2] state: IDLE, state = 2
03-02 00:57:25.492  1696  1756 I VPUD    : == vdec_codec_msg_handler() == msg_id = 0xA001, codec_id = 1
03-02 00:57:25.493  1696  1756 E VPUD    : [ERROR] non-I slice before first I slice
03-02 00:57:25.493  1696  1756 E VPUD    : [Err] Fail to parse Slice header data structure!! -7
03-02 00:57:25.493  1696  1756 E VPUD    : [Err] Decode Slice Error -10
03-02 00:57:25.494  1696  1756 I VPUD    : [ERROR] eVDecDrvInit fail (6)!!
03-02 00:57:25.495  1445 18641 D C2MtkVdec: [0xB4000070F5129C00] NO_OUTPUT work returned: workId 20567000, mFrameIndex 165
03-02 00:57:25.497  1445 18641 D VCodec  : [VCodecV4L2] state: IDLE, state = 2
03-02 00:57:25.499  1696  1756 I VPUD    : == vdec_codec_msg_handler() == msg_id = 0xA001, codec_id = 1
03-02 00:57:25.500  1696  1756 E VPUD    : [ERROR] non-I slice before first I slice
03-02 00:57:25.500  1696  1756 E VPUD    : [Err] Fail to parse Slice header data structure!! -7
03-02 00:57:25.500  1696  1756 E VPUD    : [Err] Decode Slice Error -10
03-02 00:57:25.500  1696  1756 I VPUD    : [ERROR] eVDecDrvInit fail (6)!!
03-02 00:57:25.500  1445 18641 D C2MtkVdec: [0xB4000070F5129C00] NO_OUTPUT work returned: workId 20633000, mFrameIndex 166
03-02 00:57:25.501  1445 18641 D VCodec  : [VCodecV4L2] state: IDLE, state = 2
03-02 00:57:25.503  1696  1756 I VPUD    : == vdec_codec_msg_handler() == msg_id = 0xA001, codec_id = 1
03-02 00:57:25.503 18627 18627 I SamsungAccount: [SamsungAccountCapabilityProvider] onCreate
03-02 00:57:25.504  1696  1756 E VPUD    : [ERROR] non-I slice before first I slice
03-02 00:57:25.504  1696  1756 E VPUD    : [Err] Fail to parse Slice header data structure!! -7
03-02 00:57:25.504  1696  1756 E VPUD    : [Err] Decode Slice Error -10
03-02 00:57:25.504  1696  1756 I VPUD    : [ERROR] eVDecDrvInit fail (6)!!
03-02 00:57:25.506  1445 18641 D C2MtkVdec: [0xB4000070F5129C00] NO_OUTPUT work returned: workId 20800000, mFrameIndex 167
03-02 00:57:25.506  1445 18641 D VCodec  : [VCodecV4L2] state: IDLE, state = 2
03-02 00:57:25.506  1696  1756 I VPUD    : == vdec_codec_msg_handler() == msg_id = 0xA001, codec_id = 1
03-02 00:57:25.507  1696  1756 E VPUD    : [ERROR] non-I slice before first I slice
03-02 00:57:25.507  1696  1756 E VPUD    : [Err] Fail to parse Slice header data structure!! -7
03-02 00:57:25.507  1696  1756 E VPUD    : [Err] Decode Slice Error -10
03-02 00:57:25.507  1696  1756 I VPUD    : [ERROR] eVDecDrvInit fail (6)!!
03-02 00:57:25.508  1445 18641 D C2MtkVdec: [0xB4000070F5129C00] NO_OUTPUT work returned: workId 20733000, mFrameIndex 168
03-02 00:57:25.510  1445 18641 D VCodec  : [VCodecV4L2] state: IDLE, state = 2
03-02 00:57:25.512  1696  1756 I VPUD    : == vdec_codec_msg_handler() == msg_id = 0xA001, codec_id = 1
03-02 00:57:25.514  1696  1756 E VPUD    : [ERROR] non-I slice before first I slice
03-02 00:57:25.514  1696  1756 E VPUD    : [Err] Fail to parse Slice header data structure!! -7
03-02 00:57:25.515  1696  1756 E VPUD    : [Err] Decode Slice Error -10
03-02 00:57:25.515  1696  1756 I VPUD    : [ERROR] eVDecDrvInit fail (6)!!
03-02 00:57:25.517  1445 18641 D C2MtkVdec: [0xB4000070F5129C00] NO_OUTPUT work returned: workId 20700000, mFrameIndex 169
03-02 00:57:25.518  1445 18641 D VCodec  : [VCodecV4L2] state: IDLE, state = 2
03-02 00:57:25.519  1696  1756 I VPUD    : == vdec_codec_msg_handler() == msg_id = 0xA001, codec_id = 1
03-02 00:57:25.520  1696  1756 E VPUD    : [ERROR] non-I slice before first I slice
03-02 00:57:25.520  1696  1756 E VPUD    : [Err] Fail to parse Slice header data structure!! -7
03-02 00:57:25.520  1696  1756 E VPUD    : [Err] Decode Slice Error -10
03-02 00:57:25.520  1696  1756 I VPUD    : [ERROR] eVDecDrvInit fail (6)!!
03-02 00:57:25.523  1445 18641 D C2MtkVdec: [0xB4000070F5129C00] NO_OUTPUT work returned: workId 20767000, mFrameIndex 170
03-02 00:57:25.523  2013  2027 I WindowManager: Relayout Window{2141cda u0 InputMethod}: viewVisibility=8 req=1080x2260 ty=2011 d0
03-02 00:57:25.523  1445 18641 D VCodec  : [VCodecV4L2] state: IDLE, state = 2
03-02 00:57:25.524  1696  1756 I VPUD    : == vdec_codec_msg_handler() == msg_id = 0xA001, codec_id = 1
03-02 00:57:25.525  1696  1756 E VPUD    : [ERROR] non-I slice before first I slice
03-02 00:57:25.525  1696  1756 E VPUD    : [Err] Fail to parse Slice header data structure!! -7
03-02 00:57:25.525  1696  1756 E VPUD    : [Err] Decode Slice Error -10
03-02 00:57:25.525  1696  1756 I VPUD    : [ERROR] eVDecDrvInit fail (6)!!
03-02 00:57:25.528  1445 18641 D C2MtkVdec: [0xB4000070F5129C00] NO_OUTPUT work returned: workId 20867000, mFrameIndex 171
03-02 00:57:25.528  1445 18641 D VCodec  : [VCodecV4L2] state: IDLE, state = 2
03-02 00:57:25.528  1507  1907 I SurfaceFlinger: id=156208 createSurf, flag=24004, Surface(name=2141cda InputMethod)/@0x5ea0b56 - animation-leash of insets_animation#156208
03-02 00:57:25.529  1696  1756 I VPUD    : == vdec_codec_msg_handler() == msg_id = 0xA001, codec_id = 1
03-02 00:57:25.529  1696  1756 E VPUD    : [ERROR] non-I slice before first I slice
03-02 00:57:25.529  1696  1756 E VPUD    : [Err] Fail to parse Slice header data structure!! -7
03-02 00:57:25.529  1696  1756 E VPUD    : [Err] Decode Slice Error -10
03-02 00:57:25.530  1696  1756 I VPUD    : [ERROR] eVDecDrvInit fail (6)!!
03-02 00:57:25.530  2013  2027 I ImeTracker: system_server:50dce597: onRequestHide at ORIGIN_SERVER reason IME_REQUESTED_CHANGED_LISTENER fromUser false
03-02 00:57:25.531  1507  1507 I SurfaceFlinger: [LayerHierarchy{RequestedLayerState{ba2ae39 com.podcast.app.debug.test/androidx.test.core.app.InstrumentationActivityInvoker$EmptyActivity#156165} 1 children}] reparent to OffscreenRoot
03-02 00:57:25.531  1507  1507 I SurfaceFlinger: [LayerHierarchy{RequestedLayerState{ba2ae39 com.podcast.app.debug.test/androidx.test.core.app.InstrumentationActivityInvoker$EmptyActivity#156165} 1 children}] RelativeParent to null
03-02 00:57:25.531  1507  1507 I SurfaceFlinger: [LayerHierarchy{RequestedLayerState{com.podcast.app.debug.test/androidx.test.core.app.InstrumentationActivityInvoker$EmptyActivity$_17532#156166} no children}] reparent to OffscreenRoot
03-02 00:57:25.531  1507  1507 I SurfaceFlinger: [LayerHierarchy{RequestedLayerState{com.podcast.app.debug.test/androidx.test.core.app.InstrumentationActivityInvoker$EmptyActivity$_17532#156166} no children}] RelativeParent to null
03-02 00:57:25.531  1507  1507 I SurfaceFlinger: [LayerHierarchy{RequestedLayerState{InputMethod$_5235#156174} no children}] reparent to OffscreenRoot
03-02 00:57:25.531  1507  1507 I SurfaceFlinger: [LayerHierarchy{RequestedLayerState{InputMethod$_5235#156174} no children}] RelativeParent to null
03-02 00:57:25.531  1507  1507 I SurfaceFlinger: [Surface(name=2141cda InputMethod)/@0x5ea0b56 - animation-leash of insets_animation#156208] attach to parent LayerHierarchy{RequestedLayerState{WindowToken{4048e94 type=2011 android.os.Binder@219c2e7}#143 parentId=15} 2 children}
03-02 00:57:25.531  1445 18641 D C2MtkVdec: [0xB4000070F5129C00] NO_OUTPUT work returned: workId 20833000, mFrameIndex 172
03-02 00:57:25.533  1445 18641 D VCodec  : [VCodecV4L2] state: IDLE, state = 2
03-02 00:57:25.534  1696  1756 I VPUD    : == vdec_codec_msg_handler() == msg_id = 0xA001, codec_id = 1
03-02 00:57:25.535  1696  1756 E VPUD    : [ERROR] non-I slice before first I slice
03-02 00:57:25.535  1696  1756 E VPUD    : [Err] Fail to parse Slice header data structure!! -7
03-02 00:57:25.536  1696  1756 E VPUD    : [Err] Decode Slice Error -10
03-02 00:57:25.536  1696  1756 I VPUD    : [ERROR] eVDecDrvInit fail (6)!!
03-02 00:57:25.538  2746  2746 I VRI[StatusBar]@b1b01bc: handleResized, frames=ClientWindowFrames{frame=[0,0][1080,80] display=[0,0][1080,2340] parentFrame=[0,0][0,0]} displayId=0 dragResizing=false compatScale=1.0 frameChanged=false attachedFrameChanged=false configChanged=false displayChanged=false compatScaleChanged=false dragResizingChanged=false
03-02 00:57:25.538  2746  2746 I VRI[NavigationBar0]@d9646a5: handleResized, frames=ClientWindowFrames{frame=[0,2205][1080,2340] display=[0,0][1080,2340] parentFrame=[0,0][0,0]} displayId=0 dragResizing=false compatScale=1.0 frameChanged=false attachedFrameChanged=false configChanged=false displayChanged=false compatScaleChanged=false dragResizingChanged=false
03-02 00:57:25.538  1445 18641 D C2MtkVdec: [0xB4000070F5129C00] NO_OUTPUT work returned: workId 20900000, mFrameIndex 173
03-02 00:57:25.538  1445 18641 D VCodec  : [VCodecV4L2] state: IDLE, state = 2
03-02 00:57:25.538 17121 17121 I InsetsController: onStateChanged: host=com.podcast.app.debug/androidx.activity.ComponentActivity, from=android.view.ViewRootImpl.onInsetsStateChanged:3026, state=InsetsState: {mDisplayFrame=Rect(0, 0 - 1080, 2340), mDisplayCutout=DisplayCutout{insets=Rect(0, 80 - 0, 0) waterfall=Insets{left=0, top=0, right=0, bottom=0} boundingRect={Bounds=[Rect(0, 0 - 0, 0), Rect(472, 0 - 608, 80), Rect(0, 0 - 0, 0), Rect(0, 0 - 0, 0)]} cutoutPathParserInfo={CutoutPathParserInfo{displayWidth=1080 displayHeight=2340 physicalDisplayWidth=1080 physicalDisplayHeight=2340 density={2.8125} cutoutSpec={M 0,0 H -24.177777778 V 28.4444444444 H 24.177777778 V 0 H 0 Z @dp} rotation={0} scale={1.0} physicalPixelDisplaySizeRatio={1.0}}} sideOverrides={}}, mRoundedCorners=RoundedCorners{[RoundedCorner{position=TopLeft, radius=113, center=Point(113, 113)}, RoundedCorner{position=TopRight, radius=113, center=Point(967, 113)}, RoundedCorner{position=BottomRight, radius=113, center=Point(967, 2227)}, RoundedCorner{position=BottomLeft, radius=113, center=Point(113, 2227)}]}  mRoundedCornerFrame=Rect(0, 0 - 1080, 2340), mPrivacyIndicatorBounds=PrivacyIndicatorBounds {static bounds=Rect(956, 0 - 1080, 80) rotation=0}, mDisplayShape=DisplayShape{ spec=-311912193 displayWidth=1080 displayHeight=2340 physicalPixelDisplaySizeRatio=1.0 rotation=0 offsetX=0 offsetY=0 scale=1.0}, mSources= { InsetsSource: {e9af0000 mType=statusBars mFrame=[0,0][1080,80] mVisible=true mFlags= mSideHint=TOP mBoundingRects=null}, InsetsSource: {e9af0005 mType=mandatorySystemGestures mFrame=[0,0][1080,114] mVisible=true mFlags= mSideHint=TOP mBoundingRects=null}, InsetsSource: {e9af0006 mType=tappableElement mFrame=[0,0][1080,80] mVisible=true mFlags= mSideHint=TOP mBoundingRects=null}, InsetsSource: {3 mType=ime mFrame=[0,0][0,0] mVisible=false mFlags= mSideHint=NONE mBoundingRects=null}, InsetsSource: {27 mType=displayCutout mFrame=[0,0][1080,80] mVisible=true mFlags= mSideHint=TOP mBoundingRects=null}, InsetsSource: {26ed0001 mType=navigationBars mFrame=[0,2298][1080,2340] mVisible=true mFlags=SUPPRESS_SCRIM mSideHint=BOTTOM mBoundingRects=null}, InsetsSource: {26ed0004 mType=systemGestures mFrame=[0,0][84,2340] mVisible=true mFlags= mSideHint=LEFT mBoundingRects=null}, InsetsSource: {26ed0005 mType=mandatorySystemGestures mFrame=[0,2250][1080,2340] mVisible=true mFlags= mSideHint=BOTTOM mBoundingRects=null}, InsetsSource: {26ed0006 mType=tappableElement mFrame=[0,0][0,0] mVisible=true mFlags= mSideHint=NONE mBoundingRects=null}, InsetsSource: {26ed0024 mType=systemGestures mFrame=[996,0][1080,2340] mVisible=true mFlags= mSideHint=RIGHT mBoundingRects=null} }
03-02 00:57:25.538  1696  1756 I VPUD    : == vdec_codec_msg_handler() == msg_id = 0xA001, codec_id = 1
03-02 00:57:25.539 17121 17121 I VRI[ComponentActivity]@7dfc40a: handleResized, frames=ClientWindowFrames{frame=[0,0][1080,2340] display=[0,0][1080,2340] parentFrame=[0,0][0,0]} displayId=0 dragResizing=false compatScale=1.0 frameChanged=false attachedFrameChanged=false configChanged=false displayChanged=false compatScaleChanged=false dragResizingChanged=false
03-02 00:57:25.539  3202  3202 I VRI[CocktailBarService]@3e67604: handleResized, frames=ClientWindowFrames{frame=[1013,454][1080,800] display=[0,0][1080,2340] parentFrame=[0,0][0,0]} displayId=0 dragResizing=false compatScale=1.0 frameChanged=false attachedFrameChanged=false configChanged=false displayChanged=false compatScaleChanged=false dragResizingChanged=false
03-02 00:57:25.539  1696  1756 E VPUD    : [ERROR] non-I slice before first I slice
03-02 00:57:25.539  1696  1756 E VPUD    : [Err] Fail to parse Slice header data structure!! -7
03-02 00:57:25.540  1696  1756 E VPUD    : [Err] Decode Slice Error -10
03-02 00:57:25.540  1696  1756 I VPUD    : [ERROR] eVDecDrvInit fail (6)!!
03-02 00:57:25.541  1445 18641 D C2MtkVdec: [0xB4000070F5129C00] NO_OUTPUT work returned: workId 20967000, mFrameIndex 174
03-02 00:57:25.543  1445 18641 D VCodec  : [VCodecV4L2] state: IDLE, state = 2
03-02 00:57:25.543  1696  1756 I VPUD    : == vdec_codec_msg_handler() == msg_id = 0xA001, codec_id = 1
03-02 00:57:25.544  2013  2027 I WindowManager: Relayout hash=2141cda, pid=5235, syncId=-1: mAttrs={(0,0)(fillxfill) gr=BOTTOM CENTER_VERTICAL sim={adjust=pan} ty=INPUT_METHOD fmt=TRANSPARENT wanim=0x7f1401fe preferredMinDisplayRefreshRate=60.0 receive insets ignoring z-order
03-02 00:57:25.544  2013  2027 I WindowManager:   fl=81800108
03-02 00:57:25.544  2013  2027 I WindowManager:   pfl=14000000
03-02 00:57:25.544  2013  2027 I WindowManager:   bhv=1
03-02 00:57:25.544  2013  2027 I WindowManager:   fitTypes=3
03-02 00:57:25.544  2013  2027 I WindowManager:   fitSides=7
03-02 00:57:25.544  2013  2027 I WindowManager:   fitIgnoreVis
03-02 00:57:25.544  2013  2027 I WindowManager:   frameRateBoostOnTouch=true
03-02 00:57:25.544  2013  2027 I WindowManager:   dvrrWindowFrameRateHint=true
03-02 00:57:25.544  2013  2027 I WindowManager:  dimAmount=0.18 dimDuration=150 naviIconColor=0}
03-02 00:57:25.544  1696  1756 E VPUD    : [Err] Decode Slice Error -97
03-02 00:57:25.546  5235  5235 I BLASTBufferQueue: [VRI[InputMethod]@9fe5609#668](f:0,a:1,s:0) destructor()
03-02 00:57:25.546  1445  2902 W C2MtkBufferManager: [0xB4000070F507E520] fetchNewCcBlock: wait fence 0x0xb4000070f5058270 timed out. ret 110
03-02 00:57:25.547  1507  1907 I SurfaceFlinger: onHandleDestroyed: layerId=156174, name=InputMethod$_5235#156174
03-02 00:57:25.547  1507  1907 I SurfaceFlinger: id=156174 Removed InputMethod$_5235#156174 (337)
03-02 00:57:25.547  5235  5235 I VRI[InputMethod]@9fe5609: Relayout returned: old=(0,80,1080,2340) new=(0,80,1080,2340) relayoutAsync=false req=(1080,2260)8 dur=52 res=0x2 s={false 0x0} ch=true seqId=0
03-02 00:57:25.548  1445 18641 D C2MtkVdec: [0xB4000070F5129C00] FormatChange: width 768, height 1280, mColorFormat 0x7f000001, crop(Width 720, Height 1280, Left 0, Top 0, BufferCount 13 -> 17)
03-02 00:57:25.548  1445 18641 D C2MtkVdec: CropSetter: old 0, 0, 319, 239 : new 0, 0, 720, 1280
03-02 00:57:25.548  1445 18641 D C2MtkVdec: [0xB4000070F5129C00] NotifyEvent: getAlwaysColorConvertChecker_l: 1, isAlwaysCc: 0, isFirstAlwaysCcCheck: 1
03-02 00:57:25.548  1445 18641 I DMABUFHEAPS: Using DMA-BUF heap named: mtk_mm
03-02 00:57:25.550  1507  1825 I SurfaceFlinger: Capture layer list: 	 com.zhiliaoapp.musically/com.ss.android.ugc.aweme.splash.SplashActivity$_14885#156176(seamlessTransition:0)
03-02 00:57:25.550  1507  1825 I SurfaceFlinger: Capture layer list: 	 DimTransitionLayer for Surface(name=Task=44878)/@0xb260ba7#156206(seamlessTransition:0)
03-02 00:57:25.550  1507  1825 I SurfaceFlinger: Capture layer list: 	 com.podcast.app.debug/androidx.activity.ComponentActivity$_17121#156202(seamlessTransition:0)
03-02 00:57:25.550  1507  1825 I SurfaceFlinger: Capture layer list: 	 Splash Screen com.podcast.app.debug$_2746#156201(seamlessTransition:0)
03-02 00:57:25.551  1507  1907 I SurfaceFlinger: onHandleDestroyed: layerId=156170, name=10aaf88 ActivityRecordInputSink com.podcast.app.debug.test/androidx.test.core.app.InstrumentationActivityInvoker$EmptyActivity#156170
03-02 00:57:25.551  1507  1907 I SurfaceFlinger: id=156170 Removed 10aaf88 ActivityRecordInputSink com.podcast.app.debug.test/androidx.test.core.app.InstrumentationActivityInvoker$EmptyActivity#156170 (337)
03-02 00:57:25.552  1445 18641 D C2MtkVdecExt: [0xB4000070F50D5820] needColorConvert: NEED_CC_FLAG_PROPRIETARY_FORMAT_NOT_ALLOWED is set
03-02 00:57:25.552  1445 18641 D C2MtkComponent: [0xB4000070F5129C40] setWorkflow: UNPROCESSED->PROCESSED->ASYNCPOSTPROCESSED->COMPLETED
03-02 00:57:25.552  1445 18689 D C2MtkBufferManager: C2MtkBMCcFetchThread Start
03-02 00:57:25.553  1507  1507 I SurfaceFlinger: destroyed InputMethod$_5235#156174
03-02 00:57:25.554  1445 18641 D C2MtkVdec: [0xB4000070F5129C00] Reset CC block pool => got 2182 - 0
03-02 00:57:25.554  1445 18641 D C2MtkVdec: [0xB4000070F5129C00] Reset DEC block pool => got 1 - 0
03-02 00:57:25.554  1507  1507 I Layer   : id=156174 Destroyed InputMethod$_5235#156174
03-02 00:57:25.556  1445 18641 D C2MtkBufferManager: [0xB4000070F68A8D20] mFetchLock by cancelAllBuffers
03-02 00:57:25.556  1445 18641 D C2MtkBufferManager: [0xB4000070F68A8D20]   mBufferLock by cancelAllBuffers
03-02 00:57:25.558  1445 18641 D C2MtkBufferManager: [0xB4000070F68A8D20] mCcFetchLock by cancelAllBuffers
03-02 00:57:25.558  1445 18641 D C2MtkBufferManager: [0xB4000070F68A8D20]   mCcBufferLock by cancelAllBuffers
03-02 00:57:25.558 12859 12859 I VRI[ThumbsUpHandler_L]@406e5a: handleResized, frames=ClientWindowFrames{frame=[0,0][53,2340] display=[0,0][1080,2340] parentFrame=[0,0][0,0]} displayId=0 dragResizing=false compatScale=1.0 frameChanged=false attachedFrameChanged=false configChanged=false displayChanged=false compatScaleChanged=false dragResizingChanged=false
03-02 00:57:25.558 12859 12859 I VRI[ThumbsUpHandler_R]@78e4581: handleResized, frames=ClientWindowFrames{frame=[1027,0][1080,2340] display=[0,0][1080,2340] parentFrame=[0,0][0,0]} displayId=0 dragResizing=false compatScale=1.0 frameChanged=false attachedFrameChanged=false configChanged=false displayChanged=false compatScaleChanged=false dragResizingChanged=false
03-02 00:57:25.558  1507  2128 I SurfaceFlinger: id=156209 createSurf, flag=24004, Task=44877#156209
03-02 00:57:25.561  1445 18641 D C2MtkBufferManager: [0xB4000070F68A8D20] cancelAllBuffers, Free all Buffers Done!
03-02 00:57:25.562  1445 18641 D C2MtkBufferManager: [0xB4000070F68A8D20] setCcBuffersParams Params: ((720,1280) 0x32315659, total:17, type:1, mParamChanged:0)
03-02 00:57:25.562  1445 18641 D C2MtkBufferManager: [0xB4000070F68A8D20] mFetchLock by cancelAllBuffers
03-02 00:57:25.562  1445 18641 D C2MtkBufferManager: [0xB4000070F68A8D20]   mBufferLock by cancelAllBuffers
03-02 00:57:25.562  1445 18641 D C2MtkBufferManager: [0xB4000070F68A8D20] mCcFetchLock by cancelAllBuffers
03-02 00:57:25.562  1445 18641 D C2MtkBufferManager: [0xB4000070F68A8D20]   mCcBufferLock by cancelAllBuffers
03-02 00:57:25.562  1445 18641 D C2MtkBufferManager: [0xB4000070F68A8D20] cancelAllBuffers, Free all Buffers Done!
03-02 00:57:25.562  1445 18641 D C2MtkBufferManager: [0xB4000070F68A8D20] (setBuffersParams Params: ((720,1280) 0x7f000001, usage:0, total:17, type:1, mParamChanged:0)
03-02 00:57:25.562  1443  1485 E mali_gralloc: Producer and consumer not identified.
03-02 00:57:25.562  1443  1485 E mali_gralloc: Producer and consumer not identified.
03-02 00:57:25.563  1445 18641 D VCodec  : [LowLatencyMode] updateToDriver ctrl->id: 10035456, ctrl->value: 4,
03-02 00:57:25.564  1443  1485 E mali_gralloc: Producer and consumer not identified.
03-02 00:57:25.564  1443  1485 E mali_gralloc: Producer and consumer not identified.
03-02 00:57:25.564  1507  1507 I SurfaceFlinger: [Task=44877#156209] attach to parent Root
03-02 00:57:25.564 14885 18640 D CCodecConfig: c2 config diff is   c2::u32 output.delay.value = 17
03-02 00:57:25.564 14885 18640 D CCodecConfig:   c2::u32 raw.color.matrix = 1
03-02 00:57:25.564 14885 18640 D CCodecConfig:   c2::u32 raw.color.primaries = 1
03-02 00:57:25.564 14885 18640 D CCodecConfig:   c2::u32 raw.color.range = 2
03-02 00:57:25.564 14885 18640 D CCodecConfig:   c2::u32 raw.color.transfer = 3
03-02 00:57:25.565 14885 18640 I CCodecBufferChannel: [c2.mtk.hevc.decoder#112] updating max output delay 24
03-02 00:57:25.565  1443  1485 E mali_gralloc: Producer and consumer not identified.
03-02 00:57:25.565  1443  1485 E mali_gralloc: Producer and consumer not identified.
03-02 00:57:25.566  1443  1485 E mali_gralloc: Producer and consumer not identified.
03-02 00:57:25.566  1443  1485 E mali_gralloc: Producer and consumer not identified.
03-02 00:57:25.569  1443  1485 E mali_gralloc: Producer and consumer not identified.
03-02 00:57:25.569  1443  1485 E mali_gralloc: Producer and consumer not identified.
03-02 00:57:25.569  1507  2393 I SurfaceFlinger: id=156210 createSurf, flag=24000, Surface(name=297f8e5 com.podcast.app.debug/androidx.activity.ComponentActivity)/@0xbe7f046 - animation-leash of starting_reveal#156210
03-02 00:57:25.569  1696  1756 I VPUD    : == vdec_codec_msg_handler() == msg_id = 0xA001, codec_id = 1
03-02 00:57:25.570  1443  1485 E mali_gralloc: Producer and consumer not identified.
03-02 00:57:25.570  1443  1485 E mali_gralloc: Producer and consumer not identified.
03-02 00:57:25.570  1696  1756 E VPUD    : [info] H265_fillGeneralBuf: bIsHDR10plus 0 bIsCUVAHDR 0 u4MetaDataRawSize 0
03-02 00:57:25.570 14885 18640 D GraphicsTracker: maxDequeueCount committed to IGBP: 24
03-02 00:57:25.571 14885 18640 D GraphicsTracker: Cache size 2 -> 2: maybe_cleared(0), dequeued(1)
03-02 00:57:25.571 14885 18640 D GraphicsTracker: maxDqueueCount change 19 -> 24: pending: 0
03-02 00:57:25.571  2013  2322 I ImeTracker: com.podcast.app.debug:ab3741ff: onRequestHide at ORIGIN_SERVER reason HIDE_UNSPECIFIED_WINDOW fromUser false
03-02 00:57:25.571  1443  1485 E mali_gralloc: Producer and consumer not identified.
03-02 00:57:25.572  1443  1485 E mali_gralloc: Producer and consumer not identified.
03-02 00:57:25.573 17121 17121 I InputMethodManager: handleMessage: setImeVisibility visible=false
03-02 00:57:25.573 17121 17121 D InsetsController: hide(ime(), fromIme=false)
03-02 00:57:25.573 17121 17121 I ImeTracker: com.podcast.app.debug:ab3741ff: onCancelled at PHASE_CLIENT_ALREADY_HIDDEN
03-02 00:57:25.573  1445 18641 I DMABUFHEAPS: Using DMA-BUF heap named: mtk_mm
03-02 00:57:25.574  1696  1756 I VPUD    : == vdec_codec_msg_handler() == msg_id = 0xA001, codec_id = 1
03-02 00:57:25.575  1443  1486 E mali_gralloc: Producer and consumer not identified.
03-02 00:57:25.575  1443  1486 E mali_gralloc: Producer and consumer not identified.
03-02 00:57:25.575  1507  1507 I SurfaceFlinger: [Surface(name=297f8e5 com.podcast.app.debug/androidx.activity.ComponentActivity)/@0xbe7f046 - animation-leash of starting_reveal#156210] attach to parent LayerHierarchy{RequestedLayerState{ActivityRecord{131098132 u0 com.podcast.app.debug/androidx.activity.ComponentActivity t44878}#156198 parentId=156197} 4 children}
03-02 00:57:25.576  1696  1756 E VPUD    : [info] H265_fillGeneralBuf: bIsHDR10plus 0 bIsCUVAHDR 0 u4MetaDataRawSize 0
03-02 00:57:25.576  1443  1443 E mali_gralloc: Producer and consumer not identified.
03-02 00:57:25.576  1443  1443 E mali_gralloc: Producer and consumer not identified.
03-02 00:57:25.576  1445 18641 I DMABUFHEAPS: Using DMA-BUF heap named: mtk_mm
03-02 00:57:25.578  1443  1443 E mali_gralloc: Producer and consumer not identified.
03-02 00:57:25.578  1443  1443 E mali_gralloc: Producer and consumer not identified.
03-02 00:57:25.578  1445 18641 I DMABUFHEAPS: Using DMA-BUF heap named: mtk_mm
03-02 00:57:25.578  1696  1756 I VPUD    : == vdec_codec_msg_handler() == msg_id = 0xA001, codec_id = 1
03-02 00:57:25.578  1450 18682 I mtkpower_client: perf_lock_rel, hdl:76575, pid: 1450, tid:18682
03-02 00:57:25.578  1443  1443 E mali_gralloc: Producer and consumer not identified.
03-02 00:57:25.578  1443  1443 E mali_gralloc: Producer and consumer not identified.
03-02 00:57:25.579  1696  1756 E VPUD    : [info] H265_fillGeneralBuf: bIsHDR10plus 0 bIsCUVAHDR 0 u4MetaDataRawSize 0
03-02 00:57:25.580  1450 18682 I mtkpower_client: perf_lock_acq, hdl:0, dur:0, num:2, pid:1450, tid:18682
03-02 00:57:25.580  1443  1443 E mali_gralloc: Producer and consumer not identified.
03-02 00:57:25.580  1443  1443 E mali_gralloc: Producer and consumer not identified.
03-02 00:57:25.581  1445 18641 I DMABUFHEAPS: Using DMA-BUF heap named: mtk_mm
03-02 00:57:25.581  1443  1443 E mali_gralloc: Producer and consumer not identified.
03-02 00:57:25.581  1443  1443 E mali_gralloc: Producer and consumer not identified.
03-02 00:57:25.581  1464  1529 I libPowerHal: [perfLockRel] hdl:76575, idx:8
03-02 00:57:25.582  1464  1529 I libPowerHal: [set_cpuidle] enable:1, fd:17, scn:0xb40000737b61a740
03-02 00:57:25.582  1464  1529 I libPowerHal: [PD] vendor.samsung. update cmd:1c3c100 param:1 pr:6
03-02 00:57:25.582  1696  1756 I VPUD    : == vdec_codec_msg_handler() == msg_id = 0xA001, codec_id = 1
03-02 00:57:25.582  1464  1529 I libPowerHal: [perfLockRel] Done for hdl : 76575
03-02 00:57:25.583  1443  1443 E mali_gralloc: Producer and consumer not identified.
03-02 00:57:25.583  1443  1443 E mali_gralloc: Producer and consumer not identified.
03-02 00:57:25.583  1450 18682 I mtkpower_client: ret_hdl:76579
03-02 00:57:25.583  1450 18682 I mtkpower_client: perf_lock_rel, hdl:76577, pid: 1450, tid:18682
03-02 00:57:25.583  1696  1756 E VPUD    : [info] H265_fillGeneralBuf: bIsHDR10plus 0 bIsCUVAHDR 0 u4MetaDataRawSize 0
03-02 00:57:25.584  1443  1443 E mali_gralloc: Producer and consumer not identified.
03-02 00:57:25.584  1443  1443 E mali_gralloc: Producer and consumer not identified.
03-02 00:57:25.584  1464  1529 I libPowerHal: [perfLockAcq] idx:5 hdl:76579 hint:-1 pid:1450 tid:18682 duration:0 lock_user:vendor.samsung. => ret_hdl:76579
03-02 00:57:25.584  1464  1529 I libPowerHal: [set_cpuidle] enable:0, fd:17, scn:0xb40000737b610cd8
03-02 00:57:25.584  1464  1529 I libPowerHal: [get_cpu_dma_latency_value] 0
03-02 00:57:25.584  1464  1529 I libPowerHal: [PE] vendor.samsung. update cmd:1c3c100 param:0 pr:3
03-02 00:57:25.584  1464  1529 I libPowerHal: [perfLockAcq] Done for hdl : 76579
03-02 00:57:25.585  1443  1443 E mali_gralloc: Producer and consumer not identified.
03-02 00:57:25.585  1443  1443 E mali_gralloc: Producer and consumer not identified.
03-02 00:57:25.585  1445 18641 I DMABUFHEAPS: Using DMA-BUF heap named: mtk_mm
03-02 00:57:25.585  1443  1443 E mali_gralloc: Producer and consumer not identified.
03-02 00:57:25.585  1450 18682 I mtkpower_client: perf_lock_acq, hdl:0, dur:0, num:2, pid:1450, tid:18682
03-02 00:57:25.585  1443  1443 E mali_gralloc: Producer and consumer not identified.
03-02 00:57:25.586  1464  1529 I libPowerHal: [perfLockRel] hdl:76577, idx:3
03-02 00:57:25.586  1696  1756 I VPUD    : == vdec_codec_msg_handler() == msg_id = 0xA001, codec_id = 1
03-02 00:57:25.586  1445 18641 I DMABUFHEAPS: Using DMA-BUF heap named: mtk_mm
03-02 00:57:25.587  1464  1529 I libPowerHal: [PD] vendor.samsung. update cmd:1000000 param:-1 pr:6
03-02 00:57:25.587  1445 18641 I DMABUFHEAPS: Using DMA-BUF heap named: mtk_mm
03-02 00:57:25.587  1464  1529 I libPowerHal: [perfLockRel] Done for hdl : 76577
03-02 00:57:25.587  1696  1756 E VPUD    : [info] H265_fillGeneralBuf: bIsHDR10plus 0 bIsCUVAHDR 0 u4MetaDataRawSize 0
03-02 00:57:25.588 14885 14885 D InputTransport: Input channel destroyed: 'ClientS', fd=410
03-02 00:57:25.588  1450 18682 I mtkpower_client: ret_hdl:76580
03-02 00:57:25.588  1445 18641 I DMABUFHEAPS: Using DMA-BUF heap named: mtk_mm
03-02 00:57:25.588  1450 18682 I HYPER-HAL: [RequestManager.cpp]releaseLocked(): Released ID : 2063514
03-02 00:57:25.589  1464  1529 I libPowerHal: [perfLockAcq] idx:8 hdl:76580 hint:-1 pid:1450 tid:18682 duration:0 lock_user:vendor.samsung. => ret_hdl:76580
03-02 00:57:25.589  1464  1529 I libPowerHal: [setDvfsrcDevFreqOpp] opp:0, freq:4266000000
03-02 00:57:25.590  1464  1529 I libPowerHal: [PE] vendor.samsung. update cmd:1000000 param:0 pr:3
03-02 00:57:25.590  1464  1529 I libPowerHal: [perfLockAcq] Done for hdl : 76580
03-02 00:57:25.591  1696  1756 I VPUD    : == vdec_codec_msg_handler() == msg_id = 0xA001, codec_id = 1
03-02 00:57:25.591  1445 18641 I DMABUFHEAPS: Using DMA-BUF heap named: mtk_mm
03-02 00:57:25.592  1445 18641 I DMABUFHEAPS: Using DMA-BUF heap named: mtk_mm
03-02 00:57:25.592  1696  1756 E VPUD    : [info] H265_fillGeneralBuf: bIsHDR10plus 0 bIsCUVAHDR 0 u4MetaDataRawSize 0
03-02 00:57:25.593  1445 18641 I DMABUFHEAPS: Using DMA-BUF heap named: mtk_mm
03-02 00:57:25.594  1696  1756 I VPUD    : == vdec_codec_msg_handler() == msg_id = 0xA001, codec_id = 1
03-02 00:57:25.595  1696  1756 E VPUD    : [info] H265_fillGeneralBuf: bIsHDR10plus 0 bIsCUVAHDR 0 u4MetaDataRawSize 0
03-02 00:57:25.597  1696  1756 I VPUD    : == vdec_codec_msg_handler() == msg_id = 0xA001, codec_id = 1
03-02 00:57:25.597  1445 18644 D C2MtkVdec: [0xB4000070F5129C00] configUpdate(720 x 1280) with ts: 21000000
03-02 00:57:25.598  1445 18650 D C2MtkVdecExt: [0xB4000070F50D5820] postprocessAsyncS1: ccAlc C2MTK_ALLOCATOR_TYPE_UNSPECIFIED
03-02 00:57:25.598  1445 18650 D C2MtkVdecExt: [0xB4000070F50D5820] postprocessAsyncS1: isAlwaysCc 1, isGrallocPool 0
03-02 00:57:25.598  1696  1756 E VPUD    : [info] H265_fillGeneralBuf: bIsHDR10plus 0 bIsCUVAHDR 0 u4MetaDataRawSize 0
03-02 00:57:25.601  1696  1756 I VPUD    : == vdec_codec_msg_handler() == msg_id = 0xA001, codec_id = 1
03-02 00:57:25.601  1696  1756 E VPUD    : [info] H265_fillGeneralBuf: bIsHDR10plus 0 bIsCUVAHDR 0 u4MetaDataRawSize 0
03-02 00:57:25.605  1445 18650 D C2MtkMmlMdpWrapper: [0xB4000070F6871C18] C2MtkMmlMdpWrapper: MML Device open failed, use MDP by dpframework
