03-02 00:57:47.461 14885 14885 D VRI[SplashActivity]@35f4eb8: applyTransactionOnDraw applyImmediately
03-02 00:57:47.461 14885 14885 D SV[6876039 SplashActivity]: updateSurface: surface is not valid
03-02 00:57:47.462 14885 14885 I SV[6876039 SplashActivity]: releaseSurfaces: viewRoot = VRI[SplashActivity]@35f4eb8
03-02 00:57:47.462 14885 14885 D VRI[SplashActivity]@35f4eb8: applyTransactionOnDraw applyImmediately
03-02 00:57:47.462 14885 14885 D SV[7374587 SplashActivity]: updateSurface: surface is not valid
03-02 00:57:47.462 14885 14885 I SV[7374587 SplashActivity]: releaseSurfaces: viewRoot = VRI[SplashActivity]@35f4eb8
03-02 00:57:47.462 14885 14885 D VRI[SplashActivity]@35f4eb8: applyTransactionOnDraw applyImmediately
03-02 00:57:47.462 14885 14885 D SV[137774491 SplashActivity]: updateSurface: surface is not valid
03-02 00:57:47.462 14885 14885 I SV[137774491 SplashActivity]: releaseSurfaces: viewRoot = VRI[SplashActivity]@35f4eb8
03-02 00:57:47.462 14885 14885 D VRI[SplashActivity]@35f4eb8: applyTransactionOnDraw applyImmediately
03-02 00:57:47.462 14885 14885 D VRI[SplashActivity]@35f4eb8: Not drawing due to not visible. Reason=!mAppVisible && !mForceDecorViewVisibility
03-02 00:57:47.462 14885 14885 D VRI[SplashActivity]@35f4eb8: Pending transaction will not be applied in sync with a draw due to view not visible
03-02 00:57:47.463 14885 14885 I VRI[SplashActivity]@35f4eb8: mWNT: t=0x769ac0ba00 mBlastBufferQueue=0xnull fn= 0 HdrRenderState mRenderHdrSdrRatio=1.0 caller= android.view.ViewRootImpl.handleSyncRequestWhenNoAsyncDraw:6733 android.view.ViewRootImpl.performTraversals:5504 android.view.ViewRootImpl.doTraversal:3924
03-02 00:57:47.464 14885 15423 D HWUI    : CacheManager::trimMemory(20)
03-02 00:57:47.465 14885 14885 I VRI[SplashActivity]@35f4eb8: stopped(true) old = false
03-02 00:57:47.465 14885 14885 D VRI[SplashActivity]@35f4eb8: WindowStopped on com.zhiliaoapp.musically/com.ss.android.ugc.aweme.splash.SplashActivity set to true
03-02 00:57:47.465 14885 15423 D HWUI    : CacheManager::trimMemory(20)
03-02 00:57:47.467 14885 14885 I System.out: SAFActivity: com.ss.android.ugc.aweme.main.MainActivity@c20428f,  onStop Start
03-02 00:57:47.469  1507  1507 I SurfaceFlinger: [LayerHierarchy{RequestedLayerState{7086fb SurfaceView[com.zhiliaoapp.musically/com.ss.android.ugc.aweme.splash.SplashActivity]@0#156928 z=-2} 2 children}] reparent to OffscreenRoot
03-02 00:57:47.469  1507  1507 I SurfaceFlinger: [LayerHierarchy{RequestedLayerState{7086fb SurfaceView[com.zhiliaoapp.musically/com.ss.android.ugc.aweme.splash.SplashActivity]@0#156928 z=-2} 2 children}] RelativeParent to null
03-02 00:57:47.469  1507  1507 I SurfaceFlinger: [LayerHierarchy{RequestedLayerState{836459b SurfaceView[com.zhiliaoapp.musically/com.ss.android.ugc.aweme.splash.SplashActivity]@0#156931 z=-2} 2 children}] reparent to OffscreenRoot
03-02 00:57:47.469  1507  1507 I SurfaceFlinger: [LayerHierarchy{RequestedLayerState{836459b SurfaceView[com.zhiliaoapp.musically/com.ss.android.ugc.aweme.splash.SplashActivity]@0#156931 z=-2} 2 children}] RelativeParent to null
03-02 00:57:47.469  1507  1507 I SurfaceFlinger: [LayerHierarchy{RequestedLayerState{Background for 836459b SurfaceView[com.zhiliaoapp.musically/com.ss.android.ugc.aweme.splash.SplashActivity]@0#156933 z=-2147483648} no children}] reparent to OffscreenRoot
03-02 00:57:47.469  1507  1507 I SurfaceFlinger: [LayerHierarchy{RequestedLayerState{Background for 836459b SurfaceView[com.zhiliaoapp.musically/com.ss.android.ugc.aweme.splash.SplashActivity]@0#156933 z=-2147483648} no children}] RelativeParent to null
03-02 00:57:47.469  1507  1507 I SurfaceFlinger: [LayerHierarchy{RequestedLayerState{7086fb SurfaceView[com.zhiliaoapp.musically/com.ss.android.ugc.aweme.splash.SplashActivity]@0(BLAST)#156929} no children}] reparent to OffscreenRoot
03-02 00:57:47.469  1507  1507 I SurfaceFlinger: [LayerHierarchy{RequestedLayerState{7086fb SurfaceView[com.zhiliaoapp.musically/com.ss.android.ugc.aweme.splash.SplashActivity]@0(BLAST)#156929} no children}] RelativeParent to null
03-02 00:57:47.469  1507  1507 I SurfaceFlinger: [LayerHierarchy{RequestedLayerState{836459b SurfaceView[com.zhiliaoapp.musically/com.ss.android.ugc.aweme.splash.SplashActivity]@0(BLAST)#156932} no children}] reparent to OffscreenRoot
03-02 00:57:47.469  1507  1507 I SurfaceFlinger: [LayerHierarchy{RequestedLayerState{836459b SurfaceView[com.zhiliaoapp.musically/com.ss.android.ugc.aweme.splash.SplashActivity]@0(BLAST)#156932} no children}] RelativeParent to null
03-02 00:57:47.469  1507  1507 I SurfaceFlinger: [LayerHierarchy{RequestedLayerState{Background for 7086fb SurfaceView[com.zhiliaoapp.musically/com.ss.android.ugc.aweme.splash.SplashActivity]@0#156930 z=-2147483648} no children}] reparent to OffscreenRoot
03-02 00:57:47.469  1507  1507 I SurfaceFlinger: [LayerHierarchy{RequestedLayerState{Background for 7086fb SurfaceView[com.zhiliaoapp.musically/com.ss.android.ugc.aweme.splash.SplashActivity]@0#156930 z=-2147483648} no children}] RelativeParent to null
03-02 00:57:47.469  1507  1507 I SurfaceFlinger: [LayerHierarchy{RequestedLayerState{Background for 68eb87 SurfaceView[com.zhiliaoapp.musically/com.ss.android.ugc.aweme.splash.SplashActivity]@0#156927 z=-2147483648} no children}] reparent to OffscreenRoot
03-02 00:57:47.469  1507  1507 I SurfaceFlinger: [LayerHierarchy{RequestedLayerState{Background for 68eb87 SurfaceView[com.zhiliaoapp.musically/com.ss.android.ugc.aweme.splash.SplashActivity]@0#156927 z=-2147483648} no children}] RelativeParent to null
03-02 00:57:47.469  1507  1507 I SurfaceFlinger: [LayerHierarchy{RequestedLayerState{68eb87 SurfaceView[com.zhiliaoapp.musically/com.ss.android.ugc.aweme.splash.SplashActivity]@0(BLAST)#156926} no children}] reparent to OffscreenRoot
03-02 00:57:47.469  1507  1507 I SurfaceFlinger: [LayerHierarchy{RequestedLayerState{68eb87 SurfaceView[com.zhiliaoapp.musically/com.ss.android.ugc.aweme.splash.SplashActivity]@0(BLAST)#156926} no children}] RelativeParent to null
03-02 00:57:47.469  1507  1507 I SurfaceFlinger: [LayerHierarchy{RequestedLayerState{68eb87 SurfaceView[com.zhiliaoapp.musically/com.ss.android.ugc.aweme.splash.SplashActivity]@0#156925 z=-2} no children}] reparent to OffscreenRoot
03-02 00:57:47.469  1507  1507 I SurfaceFlinger: [LayerHierarchy{RequestedLayerState{68eb87 SurfaceView[com.zhiliaoapp.musically/com.ss.android.ugc.aweme.splash.SplashActivity]@0#156925 z=-2} no children}] RelativeParent to null
03-02 00:57:47.469  1507  1507 I SurfaceFlinger: [LayerHierarchy{RequestedLayerState{Bounds for - com.zhiliaoapp.musically/com.ss.android.ugc.aweme.splash.SplashActivity@35#156924} no children}] reparent to OffscreenRoot
03-02 00:57:47.469  1507  1507 I SurfaceFlinger: [LayerHierarchy{RequestedLayerState{Bounds for - com.zhiliaoapp.musically/com.ss.android.ugc.aweme.splash.SplashActivity@35#156924} no children}] RelativeParent to null
03-02 00:57:47.470  1507  1507 I SurfaceFlinger: onHandleDestroyed: layerId=156932, name=836459b SurfaceView[com.zhiliaoapp.musically/com.ss.android.ugc.aweme.splash.SplashActivity]@0(BLAST)#156932
03-02 00:57:47.470  1507  1507 I SurfaceFlinger: id=156932 Removed 836459b SurfaceView[com.zhiliaoapp.musically/com.ss.android.ugc.aweme.splash.SplashActivity]@0(BLAST)#156932 (335)
03-02 00:57:47.470  1507  1507 I SurfaceFlinger: onHandleDestroyed: layerId=156931, name=836459b SurfaceView[com.zhiliaoapp.musically/com.ss.android.ugc.aweme.splash.SplashActivity]@0#156931
03-02 00:57:47.470  1507  1507 I SurfaceFlinger: id=156931 Removed 836459b SurfaceView[com.zhiliaoapp.musically/com.ss.android.ugc.aweme.splash.SplashActivity]@0#156931 (335)
03-02 00:57:47.470  1507  1507 I SurfaceFlinger: onHandleDestroyed: layerId=156933, name=Background for 836459b SurfaceView[com.zhiliaoapp.musically/com.ss.android.ugc.aweme.splash.SplashActivity]@0#156933
03-02 00:57:47.470  1507  1507 I SurfaceFlinger: id=156933 Removed Background for 836459b SurfaceView[com.zhiliaoapp.musically/com.ss.android.ugc.aweme.splash.SplashActivity]@0#156933 (335)
03-02 00:57:47.470  1507  1507 I SurfaceFlinger: onHandleDestroyed: layerId=156929, name=7086fb SurfaceView[com.zhiliaoapp.musically/com.ss.android.ugc.aweme.splash.SplashActivity]@0(BLAST)#156929
03-02 00:57:47.470  1507  1507 I SurfaceFlinger: id=156929 Removed 7086fb SurfaceView[com.zhiliaoapp.musically/com.ss.android.ugc.aweme.splash.SplashActivity]@0(BLAST)#156929 (335)
03-02 00:57:47.470  1507  1507 I SurfaceFlinger: onHandleDestroyed: layerId=156928, name=7086fb SurfaceView[com.zhiliaoapp.musically/com.ss.android.ugc.aweme.splash.SplashActivity]@0#156928
03-02 00:57:47.470  1507  1507 I SurfaceFlinger: id=156928 Removed 7086fb SurfaceView[com.zhiliaoapp.musically/com.ss.android.ugc.aweme.splash.SplashActivity]@0#156928 (335)
03-02 00:57:47.470  1507  1507 I SurfaceFlinger: onHandleDestroyed: layerId=156930, name=Background for 7086fb SurfaceView[com.zhiliaoapp.musically/com.ss.android.ugc.aweme.splash.SplashActivity]@0#156930
03-02 00:57:47.470  1507  1507 I SurfaceFlinger: id=156930 Removed Background for 7086fb SurfaceView[com.zhiliaoapp.musically/com.ss.android.ugc.aweme.splash.SplashActivity]@0#156930 (335)
03-02 00:57:47.470  1507  1507 I SurfaceFlinger: onHandleDestroyed: layerId=156926, name=68eb87 SurfaceView[com.zhiliaoapp.musically/com.ss.android.ugc.aweme.splash.SplashActivity]@0(BLAST)#156926
03-02 00:57:47.470  1507  1507 I SurfaceFlinger: id=156926 Removed 68eb87 SurfaceView[com.zhiliaoapp.musically/com.ss.android.ugc.aweme.splash.SplashActivity]@0(BLAST)#156926 (335)
03-02 00:57:47.470  1507  1507 I SurfaceFlinger: onHandleDestroyed: layerId=156925, name=68eb87 SurfaceView[com.zhiliaoapp.musically/com.ss.android.ugc.aweme.splash.SplashActivity]@0#156925
03-02 00:57:47.470  1507  1507 I SurfaceFlinger: id=156925 Removed 68eb87 SurfaceView[com.zhiliaoapp.musically/com.ss.android.ugc.aweme.splash.SplashActivity]@0#156925 (335)
03-02 00:57:47.470  1507  1507 I SurfaceFlinger: onHandleDestroyed: layerId=156927, name=Background for 68eb87 SurfaceView[com.zhiliaoapp.musically/com.ss.android.ugc.aweme.splash.SplashActivity]@0#156927
03-02 00:57:47.470  1507  1507 I SurfaceFlinger: id=156927 Removed Background for 68eb87 SurfaceView[com.zhiliaoapp.musically/com.ss.android.ugc.aweme.splash.SplashActivity]@0#156927 (335)
03-02 00:57:47.470  1507  1507 I SurfaceFlinger: onHandleDestroyed: layerId=156924, name=Bounds for - com.zhiliaoapp.musically/com.ss.android.ugc.aweme.splash.SplashActivity@35#156924
03-02 00:57:47.470  1507  1507 I SurfaceFlinger: id=156924 Removed Bounds for - com.zhiliaoapp.musically/com.ss.android.ugc.aweme.splash.SplashActivity@35#156924 (335)
03-02 00:57:47.472  1446  1446 I SensorsHub: queueActivate: handle 5 enable 0
03-02 00:57:47.472  1446  1446 I SensorsHub: type : 5, enable : 0
03-02 00:57:47.474 14885 18457 D SensorManager: unregisterListener
03-02 00:57:47.474  2013  4844 I MediaFocusControl: abandonAudioFocus() from uid/pid 10350/14885 clientId=android.media.AudioManager@b7fcc9dX.143s@4302512 callingPack=com.zhiliaoapp.musically
03-02 00:57:47.474  2013  4844 D AS.AudioService: [Android Auto] isConnectedAndroidAuto = false
03-02 00:57:47.474  2013  4844 D MediaFocusControl: selectFocusStack, uid = 10350, appDevice = 0, device = 2
03-02 00:57:47.475  2013  4844 I MediaFocusControl: removeFocusStackEntry client:android.media.AudioManager@b7fcc9dX.143s@4302512
03-02 00:57:47.480  1507  1507 I SurfaceFlinger: destroyed 7086fb SurfaceView[com.zhiliaoapp.musically/com.ss.android.ugc.aweme.splash.SplashActivity]@0#156928
03-02 00:57:47.480  1507  1507 I SurfaceFlinger: destroyed Bounds for - com.zhiliaoapp.musically/com.ss.android.ugc.aweme.splash.SplashActivity@35#156924
03-02 00:57:47.480  1507  1507 I SurfaceFlinger: destroyed 836459b SurfaceView[com.zhiliaoapp.musically/com.ss.android.ugc.aweme.splash.SplashActivity]@0#156931
03-02 00:57:47.480  1507  1507 I SurfaceFlinger: destroyed 68eb87 SurfaceView[com.zhiliaoapp.musically/com.ss.android.ugc.aweme.splash.SplashActivity]@0#156925
03-02 00:57:47.480  1507  1507 I SurfaceFlinger: destroyed Background for 836459b SurfaceView[com.zhiliaoapp.musically/com.ss.android.ugc.aweme.splash.SplashActivity]@0#156933
03-02 00:57:47.480  1507  1507 I SurfaceFlinger: destroyed 7086fb SurfaceView[com.zhiliaoapp.musically/com.ss.android.ugc.aweme.splash.SplashActivity]@0(BLAST)#156929
03-02 00:57:47.480  1507  1507 I SurfaceFlinger: destroyed 836459b SurfaceView[com.zhiliaoapp.musically/com.ss.android.ugc.aweme.splash.SplashActivity]@0(BLAST)#156932
03-02 00:57:47.480  1507  1507 I SurfaceFlinger: destroyed 68eb87 SurfaceView[com.zhiliaoapp.musically/com.ss.android.ugc.aweme.splash.SplashActivity]@0(BLAST)#156926
03-02 00:57:47.480  1507  1507 I SurfaceFlinger: destroyed Background for 7086fb SurfaceView[com.zhiliaoapp.musically/com.ss.android.ugc.aweme.splash.SplashActivity]@0#156930
03-02 00:57:47.480  1507  1507 I SurfaceFlinger: destroyed Background for 68eb87 SurfaceView[com.zhiliaoapp.musically/com.ss.android.ugc.aweme.splash.SplashActivity]@0#156927
03-02 00:57:47.481  1507  1507 I Layer   : id=156924 Destroyed Bounds for - com.zhiliaoapp.musically/com.ss.android.ugc.aweme.splash.SplashActivity@35#156924
03-02 00:57:47.481  1507  1507 I Layer   : id=156927 Destroyed Background for 68eb87 SurfaceView[com.zhiliaoapp.musically/com.ss.android.ugc.aweme.splash.SplashActivity]@0#156927
03-02 00:57:47.481  1507  1507 I Layer   : id=156925 Destroyed 68eb87 SurfaceView[com.zhiliaoapp.musically/com.ss.android.ugc.aweme.splash.SplashActivity]@0#156925
03-02 00:57:47.481  1507  1507 I Layer   : id=156926 Destroyed 68eb87 SurfaceView[com.zhiliaoapp.musically/com.ss.android.ugc.aweme.splash.SplashActivity]@0(BLAST)#156926
03-02 00:57:47.481  1507  1507 I Layer   : id=156930 Destroyed Background for 7086fb SurfaceView[com.zhiliaoapp.musically/com.ss.android.ugc.aweme.splash.SplashActivity]@0#156930
03-02 00:57:47.481  1507  1507 I Layer   : id=156928 Destroyed 7086fb SurfaceView[com.zhiliaoapp.musically/com.ss.android.ugc.aweme.splash.SplashActivity]@0#156928
03-02 00:57:47.481  1507  1507 I Layer   : id=156929 Destroyed 7086fb SurfaceView[com.zhiliaoapp.musically/com.ss.android.ugc.aweme.splash.SplashActivity]@0(BLAST)#156929
03-02 00:57:47.481  1507  1507 I Layer   : id=156933 Destroyed Background for 836459b SurfaceView[com.zhiliaoapp.musically/com.ss.android.ugc.aweme.splash.SplashActivity]@0#156933
03-02 00:57:47.481  1507  1507 I Layer   : id=156931 Destroyed 836459b SurfaceView[com.zhiliaoapp.musically/com.ss.android.ugc.aweme.splash.SplashActivity]@0#156931
03-02 00:57:47.481  1507  1507 I Layer   : id=156932 Destroyed 836459b SurfaceView[com.zhiliaoapp.musically/com.ss.android.ugc.aweme.splash.SplashActivity]@0(BLAST)#156932
03-02 00:57:47.486  1507  1825 I SurfaceFlinger: Capture layer list: 	 com.podcast.app.debug/androidx.activity.ComponentActivity$_17121#156946(seamlessTransition:0)
03-02 00:57:47.492 14885 14885 I System.out: SceneSafeLifecycleDispatcher: onStopped Start
03-02 00:57:47.492 14885 14885 I System.out: SAFActivity V Scene Framework: NavigationMessageQueue postSync start
03-02 00:57:47.492 14885 14885 I System.out: SAFActivity V Scene Framework: NavigationMessageQueue postSync run current task start 14_Y.ARunnableS108S0200000_32@a8dff0b
03-02 00:57:47.492 14885 14885 I System.out: SAFActivity V Scene Framework: NavigationSceneManager Sync Scene SAFFragmentRootScene{79e191c} Lifecycle [STARTED -> ACTIVITY_CREATED] without saved State
03-02 00:57:47.492 14885 14885 I System.out: SAFFragmentRootScene: onStop Start (SAFFragmentRootScene{79e191c})
03-02 00:57:47.495 14885 14885 I System.out: SAFActivity V Scene Framework: NavigationMessageQueue postSync run current task finish 14_Y.ARunnableS108S0200000_32@a8dff0b
03-02 00:57:47.495 14885 14885 I System.out: SAFActivity V Scene Framework: NavigationMessageQueue postSync finish
03-02 00:57:47.495 14885 14885 I System.out: SceneSafeLifecycleDispatcher: onStopped End STOP
03-02 00:57:47.495 14885 14885 I System.out: SAFActivity: com.ss.android.ugc.aweme.main.MainActivity@c20428f,  onStop End
03-02 00:57:47.495 14885 14885 D SV[6876039 SplashActivity]: updateSurface: surface is not valid
03-02 00:57:47.495 14885 14885 I SV[6876039 SplashActivity]: releaseSurfaces: viewRoot = VRI[SplashActivity]@35f4eb8
03-02 00:57:47.495 14885 14885 D VRI[SplashActivity]@35f4eb8: applyTransactionOnDraw applyImmediately
03-02 00:57:47.496 14885 14885 D SV[7374587 SplashActivity]: updateSurface: surface is not valid
03-02 00:57:47.496 14885 14885 I SV[7374587 SplashActivity]: releaseSurfaces: viewRoot = VRI[SplashActivity]@35f4eb8
03-02 00:57:47.496 14885 14885 D VRI[SplashActivity]@35f4eb8: applyTransactionOnDraw applyImmediately
03-02 00:57:47.496 14885 14885 D SV[137774491 SplashActivity]: updateSurface: surface is not valid
03-02 00:57:47.496 14885 14885 I SV[137774491 SplashActivity]: releaseSurfaces: viewRoot = VRI[SplashActivity]@35f4eb8
03-02 00:57:47.496 14885 14885 D VRI[SplashActivity]@35f4eb8: applyTransactionOnDraw applyImmediately
03-02 00:57:47.498 14885 14885 I System.out: SAFActivity V Scene Framework: NavigationSceneManager forceExecutePendingNavigationOperation start
03-02 00:57:47.498 14885 14885 I System.out: SAFActivity V Scene Framework: NavigationMessageQueue postSync start
03-02 00:57:47.499 14885 14885 I System.out: SAFActivity V Scene Framework: NavigationMessageQueue postSync run current task start 0_Y.ARunnableS90S0000000_15@5f61867
03-02 00:57:47.499 14885 14885 I System.out: SAFActivity V Scene Framework: NavigationMessageQueue postSync run current task finish 0_Y.ARunnableS90S0000000_15@5f61867
03-02 00:57:47.499 14885 14885 I System.out: SAFActivity V Scene Framework: NavigationMessageQueue postSync finish
03-02 00:57:47.499 14885 14885 I System.out: SAFActivity V Scene Framework: NavigationSceneManager forceExecutePendingNavigationOperation finish
03-02 00:57:47.499 14885 14885 I System.out: SAFActivity: com.ss.android.ugc.aweme.main.MainActivity@c20428f,  onSaveInstanceState Start
03-02 00:57:47.500 14885 14885 I System.out: SceneSafeLifecycleDispatcher: onSaveInstanceState Start
03-02 00:57:47.500 14885 14885 I System.out: SAFFragmentRootScene: onSaveInstanceState Start (SAFFragmentRootScene{79e191c})
03-02 00:57:47.501 14885 14885 I System.out: SceneSafeLifecycleDispatcher: onSaveInstanceState End STOP
03-02 00:57:47.501 14885 14885 I System.out: SAFActivity: com.ss.android.ugc.aweme.main.MainActivity@c20428f,  onSaveInstanceState End
03-02 00:57:47.501 14885 14885 W System.err: onActivityPostSaveInstanceState store finished---->com.ss.android.ugc.aweme.main.MainActivity@c20428f
03-02 00:57:47.501  2991  3810 I LocationAccessPolicy: checkLocationPermission - callingUid: 10492, callingPid: 14636, result: DENIED_SOFT
03-02 00:57:47.501  2991  3810 I LocationAccessPolicy: checkLocationPermission - callingUid: 10492, callingPid: 14636, result: DENIED_SOFT
03-02 00:57:47.505 14885 14885 D SV[6876039 SplashActivity]: updateSurface: surface is not valid
03-02 00:57:47.506 14885 14885 I SV[6876039 SplashActivity]: releaseSurfaces: viewRoot = VRI[SplashActivity]@35f4eb8
03-02 00:57:47.506 14885 14885 D VRI[SplashActivity]@35f4eb8: applyTransactionOnDraw applyImmediately
03-02 00:57:47.506 14885 14885 D SV[7374587 SplashActivity]: updateSurface: surface is not valid
03-02 00:57:47.506 14885 14885 I SV[7374587 SplashActivity]: releaseSurfaces: viewRoot = VRI[SplashActivity]@35f4eb8
03-02 00:57:47.506 14885 14885 D VRI[SplashActivity]@35f4eb8: applyTransactionOnDraw applyImmediately
03-02 00:57:47.507 14885 14885 D SV[137774491 SplashActivity]: updateSurface: surface is not valid
03-02 00:57:47.507 14885 14885 I SV[137774491 SplashActivity]: releaseSurfaces: viewRoot = VRI[SplashActivity]@35f4eb8
03-02 00:57:47.507 14885 14885 D VRI[SplashActivity]@35f4eb8: applyTransactionOnDraw applyImmediately
03-02 00:57:47.508  2013  2029 D LocationManagerService: passive provider getLastLocation from : 10492/com.emeint.android.myservices
03-02 00:57:47.508  2013  2029 D LocationManagerService: network provider getLastLocation from : 10492/com.emeint.android.myservices
03-02 00:57:47.509  2013  2029 D LocationManagerService: fused provider getLastLocation from : 10492/com.emeint.android.myservices
03-02 00:57:47.510  2013  3345 D LocationManagerService: gps provider getLastLocation from : 10492/com.emeint.android.myservices
03-02 00:57:47.513  1507  1507 I SurfaceFlinger: [LayerHierarchy{RequestedLayerState{com.zhiliaoapp.musically/com.ss.android.ugc.aweme.splash.SplashActivity$_14885#156921} no children}] reparent to OffscreenRoot
03-02 00:57:47.513  1507  1507 I SurfaceFlinger: [LayerHierarchy{RequestedLayerState{com.zhiliaoapp.musically/com.ss.android.ugc.aweme.splash.SplashActivity$_14885#156921} no children}] RelativeParent to null
03-02 00:57:47.517  1507  1507 I SurfaceFlinger: onHandleDestroyed: layerId=156921, name=com.zhiliaoapp.musically/com.ss.android.ugc.aweme.splash.SplashActivity$_14885#156921
03-02 00:57:47.517  1507  1507 I SurfaceFlinger: id=156921 Removed com.zhiliaoapp.musically/com.ss.android.ugc.aweme.splash.SplashActivity$_14885#156921 (325)
03-02 00:57:47.519  2991  3810 I LocationAccessPolicy: checkLocationPermission - callingUid: 10492, callingPid: 14636, result: DENIED_SOFT
03-02 00:57:47.521 14885 16800 D Native  : [TTNativeML] NativeMLTaskRunner 2.3-2.4 code：BuildInputs: CostTime 0.10 ms
03-02 00:57:47.521 14885 16800 D Native  : [TTNativeML] NativeMLTaskRunner 3-4 code：AdapterSetInputs: cost time 0.07 ms
03-02 00:57:47.522 14885 16800 D Native  : [TTNativeML] NativeMLTaskRunner 4-5 code：AdapterInference: cost time 0.33 ms
03-02 00:57:47.524  1507  1507 I SurfaceFlinger: destroyed com.zhiliaoapp.musically/com.ss.android.ugc.aweme.splash.SplashActivity$_14885#156921
03-02 00:57:47.526  1507  1507 I Layer   : id=156921 Destroyed com.zhiliaoapp.musically/com.ss.android.ugc.aweme.splash.SplashActivity$_14885#156921
03-02 00:57:47.526  2013  2067 I ChimeraSystemEventListener: appLaunchIntent package name is: com.podcast.app.debug.test
03-02 00:57:47.530  1445  2902 W C2MtkBufferManager: [0xB4000070F507E520] fetchNewCcBlock: wait fence 0x0xb4000070f5058270 timed out. ret 110
03-02 00:57:47.532  2013  3441 I SemDvfsHyPerManager: acquire hyper - AMS_APP_SWITCH/2013@20, type = -999
03-02 00:57:47.532  1450  1487 I HYPER-HAL: [RequestManager.cpp]acquire(): Acquired ID : 2067581  [2013 / 20]    HINT : AMS_ACT_SWITCH    list :
03-02 00:57:47.532  1450  1487 I mtkpower_client: perf_lock_rel, hdl:76850, pid: 1450, tid:1487
03-02 00:57:47.532  1464  1492 I mtkpower@impl: [setMode] type:5, enabled:1
03-02 00:57:47.532  1450  1487 I mtkpower_client: perf_lock_acq, hdl:0, dur:0, num:2, pid:1450, tid:1487
03-02 00:57:47.533  1464  1529 I libPowerHal: [perfLockRel] hdl:76850, idx:3
03-02 00:57:47.533  4784  4784 I SemDvfsHyPerManager: acquire hyper - APP_START_SHORT/4784@15, type = -999
03-02 00:57:47.533  1507  1907 I SurfaceFlinger: id=156955 createSurf, flag=24004, Task=44909#156955
03-02 00:57:47.533  2991  3810 I LocationAccessPolicy: checkLocationPermission - callingUid: 10492, callingPid: 14636, result: DENIED_SOFT
03-02 00:57:47.534  1464  1529 I libPowerHal: [PD] vendor.samsung. update cmd:1000000 param:-1 pr:6
03-02 00:57:47.534  1464  1529 I libPowerHal: [perfLockRel] Done for hdl : 76850
03-02 00:57:47.535  1507  2128 I SurfaceFlinger: id=156956 createSurf, flag=84004, ActivityRecord{254262430 u0 com.podcast.app.debug.test/androidx.test.core.app.InstrumentationActivityInvoker$EmptyActivity t44909}#156956
03-02 00:57:47.536 14885 18451 W System.err: FlagsHookHelper: skip hook flags method getInstanceHook
03-02 00:57:47.536  1464  1529 I libPowerHal: [perfLockAcq] idx:3 hdl:76851 hint:-1 pid:1450 tid:1487 duration:0 lock_user:vendor.samsung. => ret_hdl:76851
03-02 00:57:47.537  1464  1529 I libPowerHal: [setDvfsrcDevFreqOpp] opp:0, freq:4266000000
03-02 00:57:47.537  1464  1529 I libPowerHal: [PE] vendor.samsung. update cmd:1000000 param:0 pr:3
03-02 00:57:47.537  1464  1529 I libPowerHal: [perfLockAcq] Done for hdl : 76851
03-02 00:57:47.537  1450  1487 I mtkpower_client: ret_hdl:76851
03-02 00:57:47.537  1450  1487 I mtkpower_client: perf_lock_rel, hdl:76848, pid: 1450, tid:1487
03-02 00:57:47.538 14636 14636 D WM-SystemJobService: onStopJob for WorkGenerationalId(workSpecId=f23029b8-b7a3-4a93-aaf6-b7c7a26dfe9e, generation=0)
03-02 00:57:47.539 14636 15264 D WM-Processor: WorkerWrapper interrupted for f23029b8-b7a3-4a93-aaf6-b7c7a26dfe9e
03-02 00:57:47.539  1464  1529 I libPowerHal: [perfLockRel] hdl:76848, idx:8
03-02 00:57:47.539 14636 15264 D WM-StopWorkRunnable: StopWorkRunnable for f23029b8-b7a3-4a93-aaf6-b7c7a26dfe9e; Processor.stopWork = true
03-02 00:57:47.539  1464  1529 I libPowerHal: [PD] vendor.samsung. update cmd:400000 param:-1 pr:6
03-02 00:57:47.539  2746  2808 I ViewRootImpl: dVRR is disabled
03-02 00:57:47.540  2746  2870 D NativeCustomFrequencyManager: [NativeCFMS] BpCustomFrequencyManager::BpCustomFrequencyManager()
03-02 00:57:47.540  2013  4844 I SemDvfsHyPerManager: acquire hyper - AMS_APP_LAUNCH/2013@17, type = -999
03-02 00:57:47.540  1464  1529 I libPowerHal: [recordCPUFreqInfo] set cluster[0] min(-1): -1 max(-1): -1 cluster[1] min(-1): -1 max(-1): -1
03-02 00:57:47.540  1464  1529 I libPowerHal: [perfLockRel] Done for hdl : 76848
03-02 00:57:47.541  1450  1487 I mtkpower_client: perf_lock_acq, hdl:0, dur:0, num:2, pid:1450, tid:1487
03-02 00:57:47.541  4784  4784 I SemDvfsHyPerManager: acquire hyper - APP_START/4784@17, type = -999
03-02 00:57:47.541  1450  1487 I mtkpower_client: ret_hdl:76852
03-02 00:57:47.541  1464  1529 I libPowerHal: [perfLockAcq] idx:6 hdl:76852 hint:-1 pid:1450 tid:1487 duration:0 lock_user:vendor.samsung. => ret_hdl:76852
03-02 00:57:47.542  1450  1487 I HYPER-HAL: [RequestManager.cpp]acquire(): Acquired ID : 11517615  [4784 / 15]    HINT : APP_START    list : [TIMEOUT / 1500]
03-02 00:57:47.542  1450  1487 I HYPER-HAL: [RequestManager.cpp]acquire(): Acquired ID : 2061482  [2013 / 17]    HINT : AMS_APP_LAUNCH    list :
03-02 00:57:47.542  1450  1487 I HYPER-HAL: [RequestManager.cpp]acquire(): Acquired ID : 11527218  [4784 / 17]    HINT : APP_START    list :
03-02 00:57:47.542  1464  1529 I libPowerHal: [PE] vendor.samsung. update cmd:400000 param:2000000 pr:3
03-02 00:57:47.542  1464  1529 I libPowerHal: [recordCPUFreqInfo] set cluster[0] min(vendor.samsung.): 2000000 max(-1): -1 cluster[1] min(-1): -1 max(-1): -1
03-02 00:57:47.542  1464  1529 I libPowerHal: [perfLockAcq] Done for hdl : 76852
03-02 00:57:47.542 14885 17075 W System.err: FlagsHookHelper: skip hook flags method getInstanceHook
03-02 00:57:47.542 17121 17121 D LifecycleMonitor: Lifecycle status change: androidx.activity.ComponentActivity@3e570b0 in: PAUSED
03-02 00:57:47.542  2013  4763 D InputTransport: Input channel constructed: 'ea7e013', fd=1100
03-02 00:57:47.542  2013  4763 D InputTransport: Input channel constructed: 'ea7e013', fd=1116
03-02 00:57:47.543  2013  4763 D InputTransport: Input channel constructed: 'ea7e013', fd=1119
03-02 00:57:47.543  2013  4763 D InputTransport: Input channel destroyed: 'ea7e013', fd=1116
03-02 00:57:47.543 17121 17121 V ActivityScenario: Update currentActivityStage to PAUSED, currentActivity=androidx.activity.ComponentActivity@3e570b0
03-02 00:57:47.544  1507  2128 I SurfaceFlinger: id=156957 createSurf, flag=84004, ea7e013 Splash Screen com.podcast.app.debug.test#156957
03-02 00:57:47.544  2991  3810 I LocationAccessPolicy: checkLocationPermission - callingUid: 10492, callingPid: 14636, result: DENIED_SOFT
03-02 00:57:47.544  2991  3810 I LocationAccessPolicy: checkLocationPermission - callingUid: 10492, callingPid: 14636, result: DENIED_SOFT
03-02 00:57:47.544  2746  2798 D ShellDesktopMode: handleRequest: TransitionRequestInfo {type=1, tid=44909, debugId=11317}
03-02 00:57:47.546  2013  4763 D InputTransport: Input channel destroyed: 'ea7e013', fd=1119
03-02 00:57:47.547  3202  3386 I HoneySpace.TopTaskSource: onTaskMovedToFront : taskId = 44909, displayId = 0
03-02 00:57:47.550  3506  3506 E pageboostd: Received HALT command code 2
03-02 00:57:47.551  2746  2808 D InputTransport: Input channel constructed: 'ea7e013', fd=443
03-02 00:57:47.551  2746  2808 I InsetsController: onStateChanged: host=Splash Screen com.podcast.app.debug.test, from=android.view.ViewRootImpl.onInsetsStateChanged:3026, state=InsetsState: {mDisplayFrame=Rect(0, 0 - 1080, 2340), mDisplayCutout=DisplayCutout{insets=Rect(0, 80 - 0, 0) waterfall=Insets{left=0, top=0, right=0, bottom=0} boundingRect={Bounds=[Rect(0, 0 - 0, 0), Rect(472, 0 - 608, 80), Rect(0, 0 - 0, 0), Rect(0, 0 - 0, 0)]} cutoutPathParserInfo={CutoutPathParserInfo{displayWidth=1080 displayHeight=2340 physicalDisplayWidth=1080 physicalDisplayHeight=2340 density={2.8125} cutoutSpec={M 0,0 H -24.177777778 V 28.4444444444 H 24.177777778 V 0 H 0 Z @dp} rotation={0} scale={1.0} physicalPixelDisplaySizeRatio={1.0}}} sideOverrides={}}, mRoundedCorners=RoundedCorners{[RoundedCorner{position=TopLeft, radius=113, center=Point(113, 113)}, RoundedCorner{position=TopRight, radius=113, center=Point(967, 113)}, RoundedCorner{position=BottomRight, radius=113, center=Point(967, 2227)}, RoundedCorner{position=BottomLeft, radius=113, center=Point(113, 2227)}]}  mRoundedCornerFrame=Rect(0, 0 - 1080, 2340), mPrivacyIndicatorBounds=PrivacyIndicatorBounds {static bounds=Rect(956, 0 - 1080, 80) rotation=0}, mDisplayShape=DisplayShape{ spec=-311912193 displayWidth=1080 displayHeight=2340 physicalPixelDisplaySizeRatio=1.0 rotation=0 offsetX=0 offsetY=0 scale=1.0}, mSources= { InsetsSource: {e9af0000 mType=statusBars mFrame=[0,0][1080,80] mVisible=true mFlags= mSideHint=TOP mBoundingRects=null}, InsetsSource: {e9af0005 mType=mandatorySystemGestures mFrame=[0,0][1080,114] mVisible=true mFlags= mSideHint=TOP mBoundingRects=null}, InsetsSource: {e9af0006 mType=tappableElement mFrame=[0,0][1080,80] mVisible=true mFlags= mSideHint=TOP mBoundingRects=null}, InsetsSource: {27 mType=displayCutout mFrame=[0,0][1080,80] mVisible=true mFlags= mSideHint=TOP mBoundingRects=null}, InsetsSource: {26ed0001 mType=navigationBars mFrame=[0,2298][1080,2340] mVisible=true mFlags=SUPPRESS_SCRIM mSideHint=BOTTOM mBoundingRects=null}, InsetsSource: {26ed0004 mType=systemGestures mFrame=[0,0][84,2340] mVisible=true mFlags= mSideHint=LEFT mBoundingRects=null}, InsetsSource: {26ed0005 mType=mandatorySystemGestures mFrame=[0,2250][1080,2340] mVisible=true mFlags= mSideHint=BOTTOM mBoundingRects=null}, InsetsSource: {26ed0006 mType=tappableElement mFrame=[0,0][0,0] mVisible=true mFlags= mSideHint=NONE mBoundingRects=null}, InsetsSource: {26ed0024 mType=systemGestures mFrame=[996,0][1080,2340] mVisible=true mFlags= mSideHint=RIGHT mBoundingRects=null} }
03-02 00:57:47.552  3202  3390 I HoneySpace.TopTaskUseCase: topTasks 44909 ComponentInfo{com.podcast.app.debug.test/androidx.test.core.app.InstrumentationActivityInvoker$EmptyActivity}[displayId=0]
03-02 00:57:47.552  2746  2808 I VRI[test]@55f5e9f: onActiveControlsChanged, removed=false, mAdded=true, caller=android.view.ViewRootImpl.handleInsetsControlChanged:3002 android.view.ViewRootImpl.setView:2014 android.view.WindowManagerGlobal.addView:604 com.android.wm.shell.startingsurface.SplashscreenWindowCreator.addWindow:38 com.android.wm.shell.startingsurface.StartingWindowController$$ExternalSyntheticLambda4.run:1365
03-02 00:57:47.552  2746  2808 I VRI[test]@55f5e9f: synced displayState. AttachInfo displayState=2
03-02 00:57:47.552  2746  2808 I VRI[test]@55f5e9f: setView = android.widget.FrameLayout@2ae2e31 IsHRR=false mFlingFrameRateChange=0 TM=true
03-02 00:57:47.552  2013  2027 D InputDispatcher: Focused application(0): ActivityRecord{254262430 u0 com.podcast.app.debug.test/androidx.test.core.app.InstrumentationActivityInvoker$EmptyActivity t44909}
03-02 00:57:47.552  2746  2870 D HWUI    : HWUI - treat SMPTE_170M as sRGB
03-02 00:57:47.553  2013  3821 D GraphicsStatsService: requestRenderEngineFor(com.podcast.app.debug.test)
03-02 00:57:47.554 14885 15878 W NaviWarn: StackPtr is not 8-byte aligned.
03-02 00:57:47.562  2991  3810 I LocationAccessPolicy: checkLocationPermission - callingUid: 10492, callingPid: 14636, result: DENIED_SOFT
03-02 00:57:47.563 14885 15878 W NaviWarn: StackPtr is not 8-byte aligned.
03-02 00:57:47.566  2013  4835 I WindowManager: Relayout Window{ea7e013 u0 Splash Screen com.podcast.app.debug.test}: viewVisibility=0 req=1080x2340 ty=3 d0
03-02 00:57:47.566  3202 31843 I HoneySpace.RecentTasks: onRecentTasksChanged
03-02 00:57:47.566  2991  3757 I LocationAccessPolicy: checkLocationPermission - callingUid: 10492, callingPid: 14636, result: DENIED_SOFT
03-02 00:57:47.566  2991  3757 I LocationAccessPolicy: checkLocationPermission - callingUid: 10492, callingPid: 14636, result: DENIED_SOFT
03-02 00:57:47.567  3202  4701 I HoneySpace.RecentTasks: onRecentTasksChanged
03-02 00:57:47.567  1507  2128 I SurfaceFlinger: id=156958 createSurf, flag=44004, Splash Screen com.podcast.app.debug.test$_2746#156958
03-02 00:57:47.567  2013  2600 D AS.MultiSoundManager: mForegroundUid = 10687
03-02 00:57:47.569  1507  1507 I SurfaceFlinger: [Display 0 name="Built-in Screen"#49] setFrameRateCategory: High
03-02 00:57:47.569  1507  1507 I SurfaceFlinger: [LayerHierarchy{RequestedLayerState{ImeContainer#15 parentId=156942 relativeParentId=156942 z=1} 1 children}] RelativeParent to null
03-02 00:57:47.569  1507  1507 I SurfaceFlinger: [Task=44909#156955] attach to parent LayerHierarchy{RequestedLayerState{DefaultTaskDisplayArea_d0#10 parentId=9} 46 children}
03-02 00:57:47.569  1507  1507 I SurfaceFlinger: [ActivityRecord{254262430 u0 com.podcast.app.debug.test/androidx.test.core.app.InstrumentationActivityInvoker$EmptyActivity t44909}#156956] attach to parent LayerHierarchy{RequestedLayerState{Task=44909#156955 parentId=10} 1 children}
03-02 00:57:47.569  1507  1507 I SurfaceFlinger: [ea7e013 Splash Screen com.podcast.app.debug.test#156957] attach to parent LayerHierarchy{RequestedLayerState{ActivityRecord{254262430 u0 com.podcast.app.debug.test/androidx.test.core.app.InstrumentationActivityInvoker$EmptyActivity t44909}#156956 parentId=156955} 1 children}
03-02 00:57:47.569  1507  1507 I SurfaceFlinger: [Splash Screen com.podcast.app.debug.test$_2746#156958] attach to parent LayerHierarchy{RequestedLayerState{ea7e013 Splash Screen com.podcast.app.debug.test#156957 parentId=156956} 1 children}
03-02 00:57:47.569  2013  4835 I WindowManager: Relayout hash=ea7e013, pid=2746, syncId=-1: mAttrs={(0,0)(fillxfill) sim={adjust=pan} layoutInDisplayCutoutMode=always ty=APPLICATION_STARTING fmt=TRANSLUCENT
03-02 00:57:47.569  2013  4835 I WindowManager:   fl=81030118
03-02 00:57:47.569  2013  4835 I WindowManager:   pfl=10000810
03-02 00:57:47.569  2013  4835 I WindowManager:   apr=18
03-02 00:57:47.569  2013  4835 I WindowManager:   bhv=1
03-02 00:57:47.569  2013  4835 I WindowManager:   fitSides=0
03-02 00:57:47.569  2013  4835 I WindowManager:   frameRateBoostOnTouch=true
03-02 00:57:47.569  2013  4835 I WindowManager:   dvrrWindowFrameRateHint=true naviIconColor=0}
03-02 00:57:47.570  2746  2808 I InsetsController: onStateChanged: host=Splash Screen com.podcast.app.debug.test, from=android.view.ViewRootImpl.onInsetsStateChanged:3026, state=InsetsState: {mDisplayFrame=Rect(0, 0 - 1080, 2340), mDisplayCutout=DisplayCutout{insets=Rect(0, 80 - 0, 0) waterfall=Insets{left=0, top=0, right=0, bottom=0} boundingRect={Bounds=[Rect(0, 0 - 0, 0), Rect(472, 0 - 608, 80), Rect(0, 0 - 0, 0), Rect(0, 0 - 0, 0)]} cutoutPathParserInfo={CutoutPathParserInfo{displayWidth=1080 displayHeight=2340 physicalDisplayWidth=1080 physicalDisplayHeight=2340 density={2.8125} cutoutSpec={M 0,0 H -24.177777778 V 28.4444444444 H 24.177777778 V 0 H 0 Z @dp} rotation={0} scale={1.0} physicalPixelDisplaySizeRatio={1.0}}} sideOverrides={}}, mRoundedCorners=RoundedCorners{[RoundedCorner{position=TopLeft, radius=113, center=Point(113, 113)}, RoundedCorner{position=TopRight, radius=113, center=Point(967, 113)}, RoundedCorner{position=BottomRight, radius=113, center=Point(967, 2227)}, RoundedCorner{position=BottomLeft, radius=113, center=Point(113, 2227)}]}  mRoundedCornerFrame=Rect(0, 0 - 1080, 2340), mPrivacyIndicatorBounds=PrivacyIndicatorBounds {static bounds=Rect(956, 0 - 1080, 80) rotation=0}, mDisplayShape=DisplayShape{ spec=-311912193 displayWidth=1080 displayHeight=2340 physicalPixelDisplaySizeRatio=1.0 rotation=0 offsetX=0 offsetY=0 scale=1.0}, mSources= { InsetsSource: {e9af0000 mType=statusBars mFrame=[0,0][1080,80] mVisible=true mFlags= mSideHint=TOP mBoundingRects=null}, InsetsSource: {e9af0005 mType=mandatorySystemGestures mFrame=[0,0][1080,114] mVisible=true mFlags= mSideHint=TOP mBoundingRects=null}, InsetsSource: {e9af0006 mType=tappableElement mFrame=[0,0][1080,80] mVisible=true mFlags= mSideHint=TOP mBoundingRects=null}, InsetsSource: {3 mType=ime mFrame=[0,0][0,0] mVisible=false mFlags= mSideHint=NONE mBoundingRects=null}, InsetsSource: {27 mType=displayCutout mFrame=[0,0][1080,80] mVisible=true mFlags= mSideHint=TOP mBoundingRects=null}, InsetsSource: {26ed0001 mType=navigationBars mFrame=[0,2298][1080,2340] mVisible=true mFlags=SUPPRESS_SCRIM mSideHint=BOTTOM mBoundingRects=null}, InsetsSource: {26ed0004 mType=systemGestures mFrame=[0,0][84,2340] mVisible=true mFlags= mSideHint=LEFT mBoundingRects=null}, InsetsSource: {26ed0005 mType=mandatorySystemGestures mFrame=[0,2250][1080,2340] mVisible=true mFlags= mSideHint=BOTTOM mBoundingRects=null}, InsetsSource: {26ed0006 mType=tappableElement mFrame=[0,0][0,0] mVisible=true mFlags= mSideHint=NONE mBoundingRects=null}, InsetsSource: {26ed0024 mType=systemGestures mFrame=[996,0][1080,2340] mVisible=true mFlags= mSideHint=RIGHT mBoundingRects=null} }
03-02 00:57:47.570  2746  2808 I VRI[test]@55f5e9f: onActiveControlsChanged, removed=false, mAdded=true, caller=android.view.ViewRootImpl.handleInsetsControlChanged:3002 android.view.ViewRootImpl.relayoutWindow:11629 android.view.ViewRootImpl.performTraversals:4804 android.view.ViewRootImpl.doTraversal:3924 android.view.ViewRootImpl$TraversalRunnable.run:12903
03-02 00:57:47.572  2746  2808 D BufferQueueConsumer: [](id:aba00001e42,api:0,p:-1,c:2746) connect: controlledByApp=false
03-02 00:57:47.573  2746  2808 I BLASTBufferQueue: [VRI[test]@55f5e9f#7746](f:0,a:0,s:0) constructor()
03-02 00:57:47.574  2746  2808 I BLASTBufferQueue_Java: new BLASTBufferQueue, mName= VRI[test]@55f5e9f mNativeObject= 0xb40000772ae65c00 caller= android.view.ViewRootImpl.updateBlastSurfaceIfNeeded:3585 android.view.ViewRootImpl.relayoutWindow:11685 android.view.ViewRootImpl.performTraversals:4804 android.view.ViewRootImpl.doTraversal:3924 android.view.ViewRootImpl$TraversalRunnable.run:12903 android.view.Choreographer$CallbackRecord.run:1901 android.view.Choreographer$CallbackRecord.run:1910 android.view.Choreographer.doCallbacks:1367 android.view.Choreographer.doFrame:1292 android.view.Choreographer$FrameDisplayEventReceiver.run:1870
03-02 00:57:47.574  2746  2808 I BLASTBufferQueue_Java: update, w= 1080 h= 2340 mName = VRI[test]@55f5e9f mNativeObject= 0xb40000772ae65c00 sc.mNativeObject= 0xb40000772aec4240 format= -3 caller= android.view.ViewRootImpl.updateBlastSurfaceIfNeeded:3590 android.view.ViewRootImpl.relayoutWindow:11685 android.view.ViewRootImpl.performTraversals:4804 android.view.ViewRootImpl.doTraversal:3924 android.view.ViewRootImpl$TraversalRunnable.run:12903 android.view.Choreographer$CallbackRecord.run:1901
03-02 00:57:47.574  2746  2808 I BLASTBufferQueue: [VRI[test]@55f5e9f#7746](f:0,a:0,s:0) update width=1080 height=2340 format=-3 mTransformHint=0
03-02 00:57:47.575  2746  2808 I VRI[test]@55f5e9f: Relayout returned: old=(0,0,1080,2340) new=(0,0,1080,2340) relayoutAsync=false req=(1080,2340)0 dur=17 res=0x3 s={true 0xb4000076e8fce800} ch=true seqId=0
03-02 00:57:47.575  3202  3386 I HoneySpace.TopTaskSource: onTaskFocusChanged(): taskId = 44909
03-02 00:57:47.576  2746  2746 I {OngoingActivityController}: onTaskFocusChanged but OA data is empty
03-02 00:57:47.576  2991  3757 I LocationAccessPolicy: checkLocationPermission - callingUid: 10492, callingPid: 14636, result: DENIED_SOFT
03-02 00:57:47.577  2746  2808 I VRI[test]@55f5e9f: performConfigurationChange setNightDimText nightDimLevel=0
03-02 00:57:47.577 17532 17532 I DecorView: setWindowBackground: isPopOver=false color=ffffffff d=android.graphics.drawable.ColorDrawable@ac5ccca
03-02 00:57:47.577 14636 15263 I WM-WorkerWrapper: Work [ id=f23029b8-b7a3-4a93-aaf6-b7c7a26dfe9e, tags={ com.urbanairship.job.AirshipWorker,airship } ] was cancelled
03-02 00:57:47.577 14636 15263 I WM-WorkerWrapper: androidx.work.impl.WorkerStoppedException
03-02 00:57:47.577 14636 15263 I WM-WorkerWrapper: 	at o.setEnabledWhenDeviceHasQuirk.AnimatedBarChartKtAnimatedBarChart1112(:348)
03-02 00:57:47.577 14636 15263 I WM-WorkerWrapper: 	at o.MutableConfig.AnimatedBarChartKtAnimatedBarChart1(:439)
03-02 00:57:47.577 14636 15263 I WM-WorkerWrapper: 	at o.MutableConfig.AnimatedBarChartKtAnimatedBarChart1112(:259)
03-02 00:57:47.577 14636 15263 I WM-WorkerWrapper: 	at o.getUseCaseInfo.run(:49)
03-02 00:57:47.577 14636 15263 I WM-WorkerWrapper: 	at o.TagBundle$Architecture.run(:96)
03-02 00:57:47.577 14636 15263 I WM-WorkerWrapper: 	at java.util.concurrent.ThreadPoolExecutor.runWorker(ThreadPoolExecutor.java:1154)
03-02 00:57:47.577 14636 15263 I WM-WorkerWrapper: 	at java.util.concurrent.ThreadPoolExecutor$Worker.run(ThreadPoolExecutor.java:652)
03-02 00:57:47.577 14636 15263 I WM-WorkerWrapper: 	at java.lang.Thread.run(Thread.java:1563)
03-02 00:57:47.578  2746  2808 D VRI[test]@55f5e9f: mThreadedRenderer.initialize() mSurface={isValid=true 0xb4000076e8fce800} hwInitialized=true
03-02 00:57:47.578 14636 15263 D WM-WorkerWrapper: Status for f23029b8-b7a3-4a93-aaf6-b7c7a26dfe9e is RUNNING; not doing any work and rescheduling for later execution
03-02 00:57:47.578 14636 14636 D WM-Processor: MutableConfig f23029b8-b7a3-4a93-aaf6-b7c7a26dfe9e executed; reschedule = true
03-02 00:57:47.579  3202  3202 I HoneySpace.EdgePanel.CocktailHostRepositoryImpl: onNoteResume
03-02 00:57:47.579  3202  3202 I HoneySpace.EdgePanel.EdgePanelContainerViewModel: cocktailHostRepository.edgePanelOperation NoteResumeComponent(componentName=ComponentInfo{com.podcast.app.debug.test/androidx.test.core.app.InstrumentationActivityInvoker$EmptyActivity})
03-02 00:57:47.579  3202  3202 I HoneySpace.EdgePanel.ActivityUtils: HomePackage : com.sec.android.app.launcher, resumePackageName : com.podcast.app.debug.test, className : androidx.test.core.app.InstrumentationActivityInvoker$EmptyActivity
03-02 00:57:47.580  2746  2808 D VRI[test]@55f5e9f: reportNextDraw android.view.ViewRootImpl.performTraversals:5443 android.view.ViewRootImpl.doTraversal:3924 android.view.ViewRootImpl$TraversalRunnable.run:12903 android.view.Choreographer$CallbackRecord.run:1901 android.view.Choreographer$CallbackRecord.run:1910
03-02 00:57:47.580  2746  2808 D VRI[test]@55f5e9f: Setup new sync=wmsSync-VRI[test]@55f5e9f#11
03-02 00:57:47.581  2746  2808 I VRI[test]@55f5e9f: Creating new active sync group VRI[test]@55f5e9f#12
03-02 00:57:47.582  2746  2808 D VRI[test]@55f5e9f: registerCallbacksForSync syncBuffer=false
03-02 00:57:47.583  1507  1507 I BpBinder: onLastStrongRef automatically unlinking death recipients:
03-02 00:57:47.583 17532 17532 I ViewRootImpl: dVRR is disabled
03-02 00:57:47.583 14636 15266 D WM-GreedyScheduler: Cancelling work ID f23029b8-b7a3-4a93-aaf6-b7c7a26dfe9e
03-02 00:57:47.584 17532 17563 D NativeCustomFrequencyManager: [NativeCFMS] BpCustomFrequencyManager::BpCustomFrequencyManager()
03-02 00:57:47.584  2746  2866 D VRI[test]@55f5e9f: Received frameDrawingCallback syncResult=0 frameNum=1.
03-02 00:57:47.584  2746  2866 I VRI[test]@55f5e9f: mWNT: t=0xb4000076d39e0500 mBlastBufferQueue=0xb40000772ae65c00 fn= 1 HdrRenderState mRenderHdrSdrRatio=1.0 caller= android.view.ViewRootImpl$12.onFrameDraw:15441 android.view.ThreadedRenderer$1.onFrameDraw:718 <bottom of call stack>
03-02 00:57:47.584  2746  2866 I VRI[test]@55f5e9f: Setting up sync and frameCommitCallback
03-02 00:57:47.585  2013  2065 D PkgPredictorService-SecIpmManagerServiceImpl: bg information pid:14885 uid:10350 pkgName:com.zhiliaoapp.musically
03-02 00:57:47.587  1507  1845 D SurfaceFlinger: [input] setFocusedWindow: <null>
03-02 00:57:47.587  1507  1845 D SurfaceFlinger: updateWinowInfo=1, setFocusedWindow timestamp=491146570090504, windowName=<null>
03-02 00:57:47.587  2013  2029 D InputDispatcher: Once focus requested (0): <null>
03-02 00:57:47.587  2013  2029 D InputDispatcher: Focus request (0): <null> but waiting because NO_WINDOW
03-02 00:57:47.587  2013  2029 D InputDispatcher: Focus left window (0): 956668c com.podcast.app.debug/androidx.activity.ComponentActivity
03-02 00:57:47.587  2991  3757 I LocationAccessPolicy: checkLocationPermission - callingUid: 10492, callingPid: 14636, result: DENIED_SOFT
03-02 00:57:47.587  1507  1825 I SurfaceFlinger: Capture layer list: 	 com.podcast.app.debug/androidx.activity.ComponentActivity$_17121#156946(seamlessTransition:0)
03-02 00:57:47.587  2991  3757 I LocationAccessPolicy: checkLocationPermission - callingUid: 10492, callingPid: 14636, result: DENIED_SOFT
03-02 00:57:47.587  2013  2029 W ParceledListSlice: Element #30 is 21544 bytes.
03-02 00:57:47.588 17121 17121 I ImeFocusController: onPreWindowFocus: skipped hasWindowFocus=false mHasImeFocus=true
03-02 00:57:47.588 17121 17121 I ImeFocusController: onPostWindowFocus: skipped hasWindowFocus=false mHasImeFocus=true
03-02 00:57:47.589  2013  3345 D InputTransport: Input channel constructed: 'e2ccd5f', fd=1116
03-02 00:57:47.589  2013  3345 D InputTransport: Input channel constructed: 'e2ccd5f', fd=1119
03-02 00:57:47.589  2013  3345 D InputTransport: Input channel constructed: 'e2ccd5f', fd=1131
03-02 00:57:47.589  2013  3345 D InputTransport: Input channel destroyed: 'e2ccd5f', fd=1119
03-02 00:57:47.589  1646  1646 I CameraService: onUidStateChanged: uid=10062, procState is changed. (0 -> 1)
03-02 00:57:47.590 14636 15266 W JobInfo : Requested important-while-foreground flag for job3715 is ignored and takes no effect
03-02 00:57:47.590 14636 15266 D WM-SystemJobScheduler: Scheduling work ID f23029b8-b7a3-4a93-aaf6-b7c7a26dfe9eJob ID 3715
03-02 00:57:47.590  1507  1907 I SurfaceFlinger: id=156959 createSurf, flag=84004, e2ccd5f com.podcast.app.debug.test/androidx.test.core.app.InstrumentationActivityInvoker$EmptyActivity#156959
03-02 00:57:47.591  2013  3345 D InputTransport: Input channel destroyed: 'e2ccd5f', fd=1131
03-02 00:57:47.591 17532 17532 D InputTransport: Input channel constructed: 'e2ccd5f', fd=119
03-02 00:57:47.592 17532 17532 I InsetsController: onStateChanged: host=com.podcast.app.debug.test/androidx.test.core.app.InstrumentationActivityInvoker$EmptyActivity, from=android.view.ViewRootImpl.onInsetsStateChanged:3026, state=InsetsState: {mDisplayFrame=Rect(0, 0 - 1080, 2340), mDisplayCutout=DisplayCutout{insets=Rect(0, 80 - 0, 0) waterfall=Insets{left=0, top=0, right=0, bottom=0} boundingRect={Bounds=[Rect(0, 0 - 0, 0), Rect(472, 0 - 608, 80), Rect(0, 0 - 0, 0), Rect(0, 0 - 0, 0)]} cutoutPathParserInfo={CutoutPathParserInfo{displayWidth=1080 displayHeight=2340 physicalDisplayWidth=1080 physicalDisplayHeight=2340 density={2.8125} cutoutSpec={M 0,0 H -24.177777778 V 28.4444444444 H 24.177777778 V 0 H 0 Z @dp} rotation={0} scale={1.0} physicalPixelDisplaySizeRatio={1.0}}} sideOverrides={}}, mRoundedCorners=RoundedCorners{[RoundedCorner{position=TopLeft, radius=113, center=Point(113, 113)}, RoundedCorner{position=TopRight, radius=113, center=Point(967, 113)}, RoundedCorner{position=BottomRight, radius=113, center=Point(967, 2227)}, RoundedCorner{position=BottomLeft, radius=113, center=Point(113, 2227)}]}  mRoundedCornerFrame=Rect(0, 0 - 1080, 2340), mPrivacyIndicatorBounds=PrivacyIndicatorBounds {static bounds=Rect(956, 0 - 1080, 80) rotation=0}, mDisplayShape=DisplayShape{ spec=-311912193 displayWidth=1080 displayHeight=2340 physicalPixelDisplaySizeRatio=1.0 rotation=0 offsetX=0 offsetY=0 scale=1.0}, mSources= { InsetsSource: {e9af0000 mType=statusBars mFrame=[0,0][1080,80] mVisible=true mFlags= mSideHint=TOP mBoundingRects=null}, InsetsSource: {e9af0005 mType=mandatorySystemGestures mFrame=[0,0][1080,114] mVisible=true mFlags= mSideHint=TOP mBoundingRects=null}, InsetsSource: {e9af0006 mType=tappableElement mFrame=[0,0][1080,80] mVisible=true mFlags= mSideHint=TOP mBoundingRects=null}, InsetsSource: {3 mType=ime mFrame=[0,0][0,0] mVisible=false mFlags= mSideHint=NONE mBoundingRects=null}, InsetsSource: {27 mType=displayCutout mFrame=[0,0][1080,80] mVisible=true mFlags= mSideHint=TOP mBoundingRects=null}, InsetsSource: {26ed0001 mType=navigationBars mFrame=[0,2298][1080,2340] mVisible=true mFlags=SUPPRESS_SCRIM mSideHint=BOTTOM mBoundingRects=null}, InsetsSource: {26ed0004 mType=systemGestures mFrame=[0,0][84,2340] mVisible=true mFlags= mSideHint=LEFT mBoundingRects=null}, InsetsSource: {26ed0005 mType=mandatorySystemGestures mFrame=[0,2250][1080,2340] mVisible=true mFlags= mSideHint=BOTTOM mBoundingRects=null}, InsetsSource: {26ed0006 mType=tappableElement mFrame=[0,0][0,0] mVisible=true mFlags= mSideHint=NONE mBoundingRects=null}, InsetsSource: {26ed0024 mType=systemGestures mFrame=[996,0][1080,2340] mVisible=true mFlags= mSideHint=RIGHT mBoundingRects=null} }
03-02 00:57:47.592 17532 17532 I VRI[InstrumentationActivityInvoker$EmptyActivity]@5e44ab1: synced displayState. AttachInfo displayState=2
03-02 00:57:47.593 17532 17532 I VRI[InstrumentationActivityInvoker$EmptyActivity]@5e44ab1: setView = com.android.internal.policy.DecorView@b3f304 IsHRR=false mFlingFrameRateChange=0 TM=true
03-02 00:57:47.593 17532 17563 D HWUI    : HWUI - treat SMPTE_170M as sRGB
03-02 00:57:47.594  1507  1565 E SfCpu   :  sched_setaffinity return fail 1461
