03-02 00:57:34.476  2746  2808 I VRI[debug]@135e9dd: onActiveControlsChanged, removed=false, mAdded=true, caller=android.view.ViewRootImpl.handleInsetsControlChanged:3002 android.view.ViewRootImpl.relayoutWindow:11629 android.view.ViewRootImpl.performTraversals:4804 android.view.ViewRootImpl.doTraversal:3924 android.view.ViewRootImpl$TraversalRunnable.run:12903
03-02 00:57:34.476  2746  2808 I VRI[debug]@135e9dd: Relayout returned: old=(0,0,1080,2340) new=(0,0,1080,2340) relayoutAsync=false req=(1080,2340)8 dur=5 res=0x2 s={false 0x0} ch=true seqId=0
03-02 00:57:34.476  2746  2808 D VRI[debug]@135e9dd: Not drawing due to not visible. Reason=View.GONE
03-02 00:57:34.477  2746  2808 W WindowOnBackDispatcher: sendCancelIfRunning: isInProgress=false callback=android.view.ViewRootImpl$$ExternalSyntheticLambda16@44c0f77
03-02 00:57:34.477  2746  2808 I VRI[debug]@135e9dd: dispatchDetachedFromWindow
03-02 00:57:34.478  2013  4903 D InputTransport: Input channel destroyed: '11df6aa', fd=1074
03-02 00:57:34.481  2746  2808 D InputTransport: Input channel destroyed: '11df6aa', fd=802
03-02 00:57:34.482  2746 10640 I BLASTBufferQueue: [VRI[debug]@135e9dd#7725](f:0,a:1,s:0) destructor()
03-02 00:57:34.483  2746 10640 D BufferQueueConsumer: [VRI[debug]@135e9dd#7725(BLAST Consumer)7725](id:aba00001e2d,api:0,p:-1,c:2746) disconnect
03-02 00:57:34.494  1507  1825 I SurfaceFlinger: Capture layer list: 	 com.zhiliaoapp.musically/com.ss.android.ugc.aweme.splash.SplashActivity$_14885#156468(seamlessTransition:0)
03-02 00:57:34.494  1507  1825 I SurfaceFlinger: Capture layer list: 	 DimTransitionLayer for Surface(name=Task=44890)/@0xdd0454e#156498(seamlessTransition:0)
03-02 00:57:34.494  1507  1825 I SurfaceFlinger: Capture layer list: 	 com.podcast.app.debug/androidx.activity.ComponentActivity$_17121#156492(seamlessTransition:0)
03-02 00:57:34.494  1507  1825 I SurfaceFlinger: Capture layer list: 	 Splash Screen com.podcast.app.debug$_2746#156495(seamlessTransition:0)
03-02 00:57:34.497  1507  1507 I SurfaceFlinger: RequestedLayer [Splash Screen com.podcast.app.debug$_2746#156495] hidden!! flag  from(0) --> to(1)
03-02 00:57:34.497  1507  1507 I SurfaceFlinger: [LayerHierarchy{RequestedLayerState{Surface(name=ddf0626 com.podcast.app.debug/androidx.activity.ComponentActivity)/@0x42a299 - animation-leash of starting_reveal#156499} 1 children}] reparent to OffscreenRoot
03-02 00:57:34.497  1507  1507 I SurfaceFlinger: [LayerHierarchy{RequestedLayerState{Surface(name=ddf0626 com.podcast.app.debug/androidx.activity.ComponentActivity)/@0x42a299 - animation-leash of starting_reveal#156499} 1 children}] RelativeParent to null
03-02 00:57:34.497  1507  1507 I SurfaceFlinger: [LayerHierarchy{RequestedLayerState{ddf0626 com.podcast.app.debug/androidx.activity.ComponentActivity#156491 parentId=156489} 1 children}] reparent to LayerHierarchy{RequestedLayerState{ActivityRecord{95982241 u0 com.podcast.app.debug/androidx.activity.ComponentActivity t44890}#156489 parentId=156488} 4 children}
03-02 00:57:34.502  1445  2902 W C2MtkBufferManager: [0xB4000070F507E520] fetchNewCcBlock: wait fence 0x0xb4000070f5058270 timed out. ret 110
03-02 00:57:34.504  1507  1507 D SurfaceFlinger: Display 4627039422300187648 HWC layers:
03-02 00:57:34.504  1507  1507 D SurfaceFlinger:   SOLID_COLOR |                        0 | 00000002 | N/A          |    0.0    0.0    0.0    0.0 |    0    0   -1   -1 | Background for 68eb87 SurfaceView[co[...]weme.splash.SplashActivity]@0#156474 (0)
03-02 00:57:34.504  1507  1507 D SurfaceFlinger:        CLIENT |                        0 | 00000002 | N/A          |    0.0    0.0    0.0    0.0 |    0   80  827 2000 | Background for 7086fb SurfaceView[co[...]weme.splash.SplashActivity]@0#156477 (0)
03-02 00:57:34.504  1507  1507 D SurfaceFlinger:   SOLID_COLOR |                        0 | 00000002 | N/A          |    0.0    0.0    0.0    0.0 |    0    0   -1   -1 | Background for 836459b SurfaceView[c[...]weme.splash.SplashActivity]@0#156480 (0)
03-02 00:57:34.504  1507  1507 D SurfaceFlinger:        CLIENT |           63930588202204 | 00002100 | RGBA_8888    |  253.0    0.0 1080.0 2340.0 |    0    0 1080 2340 | com.zhiliaoapp.musically/com.ss.andr[...].splash.SplashActivity$_14885#156468 (5)
03-02 00:57:34.504  1507  1507 D SurfaceFlinger:   SOLID_COLOR |                        0 | 00000000 | N/A          |    0.0    0.0    0.0    0.0 |    0    0 1080 2340 | DimTransitionLayer for Surface(name=Task=44890)/@0
03-02 00:57:34.504  1507  1507 D SurfaceFlinger: xdd0454e#156498 (0)
03-02 00:57:34.504  1507  1507 D SurfaceFlinger:        DEVICE |           73534135074925 | 00002102 | RGBA_8888    |    0.0    0.0  811.0 2340.0 |  269    0 1080 2340 | com.podcast.app.debug/androidx.activity.ComponentActivity$_17121#156492 (1)
03-02 00:57:34.504  1507  1507 D SurfaceFlinger:        DEVICE |           11793980281854 | 00002100 | RGBA_8888    |    0.0    0.0 1080.0   80.0 |    0    0 1080   80 | StatusBar$_2746#117 (211128)
03-02 00:57:34.504  1507  1507 D SurfaceFlinger:        DEVICE |           13752485304097 | 00002100 | RGBA_8888    |    0.0    0.0   67.0  346.0 | 1013  454 1080  800 | com.sec.android.app.launcher/com.sam[...].app.CocktailBarService$_3202#152779 (1)
03-02 00:57:34.504  1507  1507 D SurfaceFlinger:        DEVICE |           11793980283648 | 00002100 | RGBA_8888    |    0.0    0.0  229.0  724.0 |  851  551 1080 1275 | VolumePanelWindow$_2746#156390 (78)
03-02 00:57:34.504  1507  1507 D SurfaceFlinger:        DEVICE |           11793980281862 | 00002100 | RGBA_8888    |    0.0    0.0 1080.0  135.0 |    0 2205 1080 2340 | NavigationBar0$_2746#113 (188040)
03-02 00:57:34.504  1507  1507 D SurfaceFlinger:
03-02 00:57:34.505  2991  3003 I LocationAccessPolicy: checkLocationPermission - callingUid: 10492, callingPid: 14636, result: DENIED_SOFT
03-02 00:57:34.505  2991  3003 I LocationAccessPolicy: checkLocationPermission - callingUid: 10492, callingPid: 14636, result: DENIED_SOFT
03-02 00:57:34.519  5235 12846 I HBD     : a [SKE_SPECIFIC] specific model[com.podcast.app.debug] loaded, 64158693 ns
03-02 00:57:34.522  3202  3202 I HoneySpace.EdgePanel.EdgeVisibilityRepository: getComputedTrayVisible : keyguardState = 1
03-02 00:57:34.522  3202  3202 I HoneySpace.EdgePanel.EdgeVisibilityRepository: updateTrayVisible: State = 0x1, visible = true, current containerState = 0, specificMode = 0
03-02 00:57:34.522  3202  3202 I HoneySpace.EdgePanel.EdgeVisibilityRepository: Same container state 0
03-02 00:57:34.531  2746  2746 I WindowManager: WindowManagerGlobal#removeView, ty=2020, view=com.android.internal.policy.DecorView{d2707c7 V.E...... R....... 0,0-223,712}[VolumePanelWindow], caller=android.view.WindowManagerGlobal.removeView:654 android.view.WindowManagerImpl.removeViewImmediate:216 android.app.Dialog.dismissDialog:850
03-02 00:57:34.531  2746  2746 W WindowOnBackDispatcher: sendCancelIfRunning: isInProgress=false callback=android.app.Dialog$$ExternalSyntheticLambda4@eebcd13
03-02 00:57:34.532  2746  2746 D VolumeUnsubscriber: dispose() : main thread, remove observer=com.android.systemui.volume.view.VolumeSeekBar{cc25e52 V.ED..... ......ID -236,0-355,591 #7f0a0f59 app:id/volume_seekbar}
03-02 00:57:34.532  2746  2746 D VolumeUnsubscriber: dispose() : main thread, remove observer=com.android.systemui.volume.view.icon.VPVolumeIcon{ceb5523 V.E...... .......D 0,0-118,118 #7f0a0f0e app:id/volume_button}
03-02 00:57:34.532  2746  2746 D VolumeUnsubscriber: dispose() : main thread, remove observer=com.android.systemui.volume.view.VolumeRowView{6fe22dd V.E...... ......ID 0,0-223,712 #7f0a0f58 app:id/volume_row_view}
03-02 00:57:34.533  2746  2746 I VRI[VolumePanelWindow]@2944b50: dispatchDetachedFromWindow
03-02 00:57:34.533  2013  4903 D InputTransport: Input channel destroyed: '1baddfe', fd=964
03-02 00:57:34.536  2746  2746 D InputTransport: Input channel destroyed: '1baddfe', fd=526
03-02 00:57:34.537  2746  2746 D SecVolume.VolumePanelWindow: onStop : panelState.isExpanded=false
03-02 00:57:34.537  2013  3645 I RefreshRateTokenController: Removing refreshRateToken={ RefreshRateToken[->RefreshRateMinLimitToken:VolumePanelView, mRefreshRate:60 acquire at 491130256 (3282 ms ago)}, caller=com.android.server.display.mode.RefreshRateToken.release:5 com.samsung.android.hardware.display.IRefreshRateToken$Stub.onTransact:86 android.os.Binder.execTransactInternal:1462 android.os.Binder.execTransact:1401 <bottom of call stack>
03-02 00:57:34.537  2746  2746 D VolumePanelView: disableRefreshRateMinLimit
03-02 00:57:34.537  2746  2746 D SecVolume.VolumePanelStore: dispatch [ACTION_DISMISS_VOLUME_PANEL with [STATE_NO_DISPATCH], currentAction={}, currentState={activeStream=3(vol=220), stream=3(vol=220) } isPendingState : true, isShowing : true, isHasVibrator : true, isVoiceCapable : true, isSetupWizardComplete : true, isCaptionComponentEnabled : true, isWithAnimation : true, isMediaDefaultEnabled : true, isAnimating : true, ringerModeInternal : 2, timeOutControlsText : 0, cutoutHeight : 0, iconTargetState : 1, pinDevice : 0, activeStream : 3, iconCurrentState : 1, timeOutControls : 0, timeOut : 3000, stream : 3, earProtectLevel : 909, systemTimeNow : 491130134}
03-02 00:57:34.537  2746  2746 D SecVolume.VolumePanelStore:   > New State : [STATE_DISMISS_VOLUME_PANEL_COMPLETED]
03-02 00:57:34.538  2746  2746 D SecVolume.VolumePanelStore: dispatch [ACTION_ANIMATION_FINISHED with [STATE_DISMISS_VOLUME_PANEL_COMPLETED], currentAction={}, currentState={activeStream=3(vol=220), stream=3(vol=220) } isPendingState : true, isHasVibrator : true, isVoiceCapable : true, isSetupWizardComplete : true, isCaptionComponentEnabled : true, isMediaDefaultEnabled : true, ringerModeInternal : 2, timeOutControlsText : 0, cutoutHeight : 0, iconTargetState : 1, pinDevice : 0, activeStream : 3, iconCurrentState : 1, timeOutControls : 0, timeOut : 3000, stream : 3, earProtectLevel : 909, systemTimeNow : 491130134}
03-02 00:57:34.538  2746  2746 D SecVolume.VolumePanelStore:   > New State : [STATE_NO_DISPATCH]
03-02 00:57:34.538  2013  3645 D AS.AudioService: Volume controller visible: false
03-02 00:57:34.538  2746  3672 I vol.Events: writeEvent active_stream_changed UNKNOWN_STREAM_-1
03-02 00:57:34.538  2013  3645 D AS.AudioService: forceVolumeControlStream(-1)
03-02 00:57:34.539  2746  2746 D SecVolume.VolumePanelStore: dispatch [ACTION_STATE_CHANGED with [STATE_NO_DISPATCH], currentAction={isFromOutside : true, isVoiceCapble : true, activeStream : -1}, currentState={activeStream=3(vol=220), stream=3(vol=220) } isPendingState : true, isHasVibrator : true, isVoiceCapable : true, isSetupWizardComplete : true, isCaptionComponentEnabled : true, isMediaDefaultEnabled : true, ringerModeInternal : 2, timeOutControlsText : 0, cutoutHeight : 0, iconTargetState : 1, pinDevice : 0, activeStream : 3, iconCurrentState : 1, timeOutControls : 0, timeOut : 3000, stream : 3, earProtectLevel : 909, systemTimeNow : 491130134}
03-02 00:57:34.540  2746  2746 D SecVolume.SmartViewInteractor: isSmartView=false
03-02 00:57:34.540  2746  2746 D SecVolume.VolumePanelStore:   > New State : [STATE_UPDATE]
03-02 00:57:34.540  2746  2746 D SecVolume.JSonLogger: applyVolumeRow 3: {"boolMap":{"ICON_ENABLED":false,"DYNAMIC":false,"VISIBILITY":true,"ICON_CLICKABLE":true,"MUTED":false,"SLIDER_ENABLED":true,"TRACKING":false,"ROUTED_TO_BLUETOOTH":false,"IMPORTANT":true,"ACTIVE_NOW":false},"intMap":{"ORIGINAL_PRIORITY":5,"PRIORITY":0,"LEVEL_MAX":15,"ICON_TYPE":3,"EAR_PROTECT_LEVEL":-1,"LEVEL":220,"REAL_LEVEL":220,"AUDIBLE_LEVEL":220,"LEVEL_MIN":0},"longMap":{"USER_ATTEMPT_TIME":490387300},"streamType":3,"stringMap":{"NAME_RES":"com.android.systemui:string/volumepanel_media","REMOTE_LABEL":"","DUAL_BT_DEVICE_ADDRESS":"","DUAL_BT_DEVICE_NAME":"","SMART_VIEW_LABEL":""}}
03-02 00:57:34.547  2746 10640 I BLASTBufferQueue: [VRI[VolumePanelWindow]@2944b50#7720](f:0,a:1,s:0) destructor()
03-02 00:57:34.547  2746 10640 D BufferQueueConsumer: [VRI[VolumePanelWindow]@2944b50#7720(BLAST Consumer)7720](id:aba00001e28,api:0,p:-1,c:2746) disconnect
03-02 00:57:34.552  1507  1507 I SurfaceFlinger: [LayerHierarchy{RequestedLayerState{VolumePanelWindow$_2746#156390} no children}] reparent to OffscreenRoot
03-02 00:57:34.552  1507  1507 I SurfaceFlinger: [LayerHierarchy{RequestedLayerState{VolumePanelWindow$_2746#156390} no children}] RelativeParent to null
03-02 00:57:34.552  1507  1507 I SurfaceFlinger: [LayerHierarchy{RequestedLayerState{1baddfe VolumePanelWindow#156389} no children}] reparent to OffscreenRoot
03-02 00:57:34.552  1507  1507 I SurfaceFlinger: [LayerHierarchy{RequestedLayerState{1baddfe VolumePanelWindow#156389} no children}] RelativeParent to null
03-02 00:57:34.552  1507  1507 I SurfaceFlinger: [LayerHierarchy{RequestedLayerState{WindowToken{58765b9 type=2020 android.os.BinderProxy@5f49b80}#156388} no children}] reparent to OffscreenRoot
03-02 00:57:34.552  1507  1507 I SurfaceFlinger: [LayerHierarchy{RequestedLayerState{WindowToken{58765b9 type=2020 android.os.BinderProxy@5f49b80}#156388} no children}] RelativeParent to null
03-02 00:57:34.554  1507  1507 I SurfaceFlinger: onHandleDestroyed: layerId=156388, name=WindowToken{58765b9 type=2020 android.os.BinderProxy@5f49b80}#156388
03-02 00:57:34.554  1507  1507 I SurfaceFlinger: id=156388 Removed WindowToken{58765b9 type=2020 android.os.BinderProxy@5f49b80}#156388 (342)
03-02 00:57:34.554  1507  1507 I SurfaceFlinger: onHandleDestroyed: layerId=156389, name=1baddfe VolumePanelWindow#156389
03-02 00:57:34.554  1507  1507 I SurfaceFlinger: id=156389 Removed 1baddfe VolumePanelWindow#156389 (342)
03-02 00:57:34.554  1507  1507 I SurfaceFlinger: onHandleDestroyed: layerId=156390, name=VolumePanelWindow$_2746#156390
03-02 00:57:34.554  1507  1507 I SurfaceFlinger: id=156390 Removed VolumePanelWindow$_2746#156390 (342)
03-02 00:57:34.557  1444  1444 I hwcomposer: [HWCDisplay] (0 updateFps():4131), (type:1, mode:2) fps:78.369980,dur:1008.04,max:66.69,min:6.09
03-02 00:57:34.559  1507  1507 D SurfaceFlinger: Display 4627039422300187648 HWC layers:
03-02 00:57:34.559  1507  1507 D SurfaceFlinger:   SOLID_COLOR |                        0 | 00000002 | N/A          |    0.0    0.0    0.0    0.0 |    0    0   -1   -1 | Background for 68eb87 SurfaceView[co[...]weme.splash.SplashActivity]@0#156474 (0)
03-02 00:57:34.559  1507  1507 D SurfaceFlinger:        CLIENT |                        0 | 00000002 | N/A          |    0.0    0.0    0.0    0.0 |    0   80  786 2000 | Background for 7086fb SurfaceView[co[...]weme.splash.SplashActivity]@0#156477 (0)
03-02 00:57:34.559  1507  1507 D SurfaceFlinger:   SOLID_COLOR |                        0 | 00000002 | N/A          |    0.0    0.0    0.0    0.0 |    0    0   -1   -1 | Background for 836459b SurfaceView[c[...]weme.splash.SplashActivity]@0#156480 (0)
03-02 00:57:34.559  1507  1507 D SurfaceFlinger:        CLIENT |           63930588202204 | 00002100 | RGBA_8888    |  294.0    0.0 1080.0 2340.0 |    0    0 1080 2340 | com.zhiliaoapp.musically/com.ss.andr[...].splash.SplashActivity$_14885#156468 (5)
03-02 00:57:34.559  1507  1507 D SurfaceFlinger:   SOLID_COLOR |                        0 | 00000000 | N/A          |    0.0    0.0    0.0    0.0 |    0    0 1080 2340 | DimTransitionLayer for Surface(name=Task=44890)/@0
03-02 00:57:34.559  1507  1507 D SurfaceFlinger: xdd0454e#156498 (0)
03-02 00:57:34.559  1507  1507 D SurfaceFlinger:        DEVICE |           73534135074925 | 00002102 | RGBA_8888    |    0.0    0.0  939.0 2340.0 |  141    0 1080 2340 | com.podcast.app.debug/androidx.activity.ComponentActivity$_17121#156492 (1)
03-02 00:57:34.559  1507  1507 D SurfaceFlinger:        DEVICE |           11793980281854 | 00002100 | RGBA_8888    |    0.0    0.0 1080.0   80.0 |    0    0 1080   80 | StatusBar$_2746#117 (211128)
03-02 00:57:34.559  1507  1507 D SurfaceFlinger:        DEVICE |           13752485304097 | 00002100 | RGBA_8888    |    0.0    0.0   67.0  346.0 | 1013  454 1080  800 | com.sec.android.app.launcher/com.sam[...].app.CocktailBarService$_3202#152779 (1)
03-02 00:57:34.559  1507  1507 D SurfaceFlinger:        DEVICE |           11793980281862 | 00002100 | RGBA_8888    |    0.0    0.0 1080.0  135.0 |    0 2205 1080 2340 | NavigationBar0$_2746#113 (188040)
03-02 00:57:34.559  1507  1507 D SurfaceFlinger:
03-02 00:57:34.563  1507  1507 I SurfaceFlinger: destroyed VolumePanelWindow$_2746#156390
03-02 00:57:34.563  1507  1507 I SurfaceFlinger: destroyed 1baddfe VolumePanelWindow#156389
03-02 00:57:34.563  1507  1507 I SurfaceFlinger: destroyed WindowToken{58765b9 type=2020 android.os.BinderProxy@5f49b80}#156388
03-02 00:57:34.565  1507  1507 I Layer   : id=156390 Destroyed VolumePanelWindow$_2746#156390
03-02 00:57:34.565  1507  1507 I Layer   : id=156389 Destroyed 1baddfe VolumePanelWindow#156389
03-02 00:57:34.565  1507  1507 I Layer   : id=156388 Destroyed WindowToken{58765b9 type=2020 android.os.BinderProxy@5f49b80}#156388
03-02 00:57:34.575  1445  2902 W C2MtkBufferManager: [0xB4000070F507E520] fetchNewCcBlock: wait fence 0x0xb4000070f5058270 timed out. ret 110
03-02 00:57:34.593  1507  1825 I SurfaceFlinger: Capture layer list: 	 com.zhiliaoapp.musically/com.ss.android.ugc.aweme.splash.SplashActivity$_14885#156468(seamlessTransition:0)
03-02 00:57:34.593  1507  1825 I SurfaceFlinger: Capture layer list: 	 DimTransitionLayer for Surface(name=Task=44890)/@0xdd0454e#156498(seamlessTransition:0)
03-02 00:57:34.593  1507  1825 I SurfaceFlinger: Capture layer list: 	 com.podcast.app.debug/androidx.activity.ComponentActivity$_17121#156492(seamlessTransition:0)
03-02 00:57:34.606  1450 18932 I mtkpower_client: perf_lock_rel, hdl:76689, pid: 1450, tid:18932
03-02 00:57:34.607  1450 18932 I mtkpower_client: perf_lock_acq, hdl:0, dur:0, num:2, pid:1450, tid:18932
03-02 00:57:34.607  1464  1529 I libPowerHal: [perfLockRel] hdl:76689, idx:2
03-02 00:57:34.607  1464  1529 I libPowerHal: [set_cpuidle] enable:1, fd:17, scn:0xb40000737b607270
03-02 00:57:34.608  1464  1529 I libPowerHal: [PD] vendor.samsung. update cmd:1c3c100 param:1 pr:6
03-02 00:57:34.608  1464  1529 I libPowerHal: [perfLockRel] Done for hdl : 76689
03-02 00:57:34.608  1445  2902 D C2MtkBufferManager: over 5000ms not request from VCodec but callback hooked, slow BM Cc fetch thread. Last get time was 90618019ms ago.
03-02 00:57:34.608  1450 18932 I mtkpower_client: ret_hdl:76693
03-02 00:57:34.608  1450 18932 I mtkpower_client: perf_lock_rel, hdl:76691, pid: 1450, tid:18932
03-02 00:57:34.609  1464  1529 I libPowerHal: [perfLockAcq] idx:6 hdl:76693 hint:-1 pid:1450 tid:18932 duration:0 lock_user:vendor.samsung. => ret_hdl:76693
03-02 00:57:34.609  1464  1529 I libPowerHal: [set_cpuidle] enable:0, fd:17, scn:0xb40000737b614050
03-02 00:57:34.609  1464  1529 I libPowerHal: [get_cpu_dma_latency_value] 0
03-02 00:57:34.609  1464  1529 I libPowerHal: [PE] vendor.samsung. update cmd:1c3c100 param:0 pr:3
03-02 00:57:34.609  1464  1529 I libPowerHal: [perfLockAcq] Done for hdl : 76693
03-02 00:57:34.609  1450 18932 I mtkpower_client: perf_lock_acq, hdl:0, dur:0, num:2, pid:1450, tid:18932
03-02 00:57:34.610  1464  1529 I libPowerHal: [perfLockRel] hdl:76691, idx:3
03-02 00:57:34.610  1464  1529 I libPowerHal: [PD] vendor.samsung. update cmd:1000000 param:-1 pr:6
03-02 00:57:34.611  1464  1529 I libPowerHal: [perfLockRel] Done for hdl : 76691
03-02 00:57:34.612  1450 18932 I mtkpower_client: ret_hdl:76694
03-02 00:57:34.612  1464  1529 I libPowerHal: [perfLockAcq] idx:2 hdl:76694 hint:-1 pid:1450 tid:18932 duration:0 lock_user:vendor.samsung. => ret_hdl:76694
03-02 00:57:34.612  1464  1529 I libPowerHal: [setDvfsrcDevFreqOpp] opp:0, freq:4266000000
03-02 00:57:34.612  1464  1529 I libPowerHal: [PE] vendor.samsung. update cmd:1000000 param:0 pr:3
03-02 00:57:34.612  1464  1529 I libPowerHal: [perfLockAcq] Done for hdl : 76694
03-02 00:57:34.612  1450 18932 I HYPER-HAL: [RequestManager.cpp]releaseLocked(): Released ID : 2063514
03-02 00:57:34.626 14885 16403 E Forest_null: could not get any valid access key from remote settings
03-02 00:57:34.628 14885 16403 I Forest_GeckoFetcher: [KeyInfo:fetchAsync] msg = offline resource exist:true extraRuntimeInfo = {support_directory=false, gecko_config_from=client_config, gecko_channel=bcm_config, wait_low_storage_update=false, check_gecko_file_available=true, gecko_access_key=365b20e8f6c343df1eff65214a0e3e74, disable_gecko_update=false, gecko_sync_update=true, gecko_bundle=bcm_check_conf.json}
03-02 00:57:34.629 14885 16295 I Forest_GeckoXAdapter: onCheckServerVersionSuccess:requestMap:null responseMap:null
03-02 00:57:34.631 14885 16295 E Forest_GeckoFetcher: download failed with waitGeckoUpdate=true ,channel = bcm_config,bundle = bcm_check_conf.json
03-02 00:57:34.631 14885 16295 E Forest_GeckoFetcher: java.lang.Throwable: invalid channel
03-02 00:57:34.631 14885 16295 E Forest_GeckoFetcher: 	at X.10RM.LJIIIIZZ(SourceFile:33554554)
03-02 00:57:34.631 14885 16295 E Forest_GeckoFetcher: 	at X.0XBT.LIZ(SourceFile:376)
03-02 00:57:34.631 14885 16295 E Forest_GeckoFetcher: 	at X.0XBT.run(SourceFile:5)
03-02 00:57:34.631 14885 16295 E Forest_GeckoFetcher: 	at Y.AObjectS405S0100000_32.invoke$3(SourceFile:16777222)
03-02 00:57:34.631 14885 16295 E Forest_GeckoFetcher: 	at Y.AObjectS405S0100000_32.invoke(Unknown Source:27)
03-02 00:57:34.631 14885 16295 E Forest_GeckoFetcher: 	at X.13dw.invoke(SourceFile:4)
03-02 00:57:34.631 14885 16295 E Forest_GeckoFetcher: 	at X.0C9m.LIZ(SourceFile:50331890)
03-02 00:57:34.631 14885 16295 E Forest_GeckoFetcher: 	at X.13dv.LIZJ(SourceFile:81)
03-02 00:57:34.631 14885 16295 E Forest_GeckoFetcher: 	at X.13dv.run(SourceFile:0)
03-02 00:57:34.631 14885 16295 E Forest_GeckoFetcher: 	at X.0TIv.run(SourceFile:2)
03-02 00:57:34.631 14885 16295 E Forest_GeckoFetcher: 	at java.util.concurrent.ThreadPoolExecutor.runWorker(ThreadPoolExecutor.java:1154)
03-02 00:57:34.631 14885 16295 E Forest_GeckoFetcher: 	at java.util.concurrent.ThreadPoolExecutor$Worker.run(ThreadPoolExecutor.java:652)
03-02 00:57:34.631 14885 16295 E Forest_GeckoFetcher: 	at X.13du.run(SourceFile:9)
03-02 00:57:34.631 14885 16295 E Forest_GeckoFetcher: 	at java.lang.Thread.run(Thread.java:1563)
03-02 00:57:34.631 14885 16295 E Forest_GeckoFetcher: 	at com.bytedance.bpea.transmit.delegate.BPEAThread.com_bytedance_bpea_transmit_delegate_BPEAThread__run$___twin___(SourceFile:9)
03-02 00:57:34.631 14885 16295 E Forest_GeckoFetcher: 	at com.bytedance.bpea.transmit.delegate.BPEAThread.com_bytedance_bpea_transmit_delegate_BPEAThread_com_ss_android_ugc_aweme_lancet_RunnableGuardLancet_run(SourceFile:16777216)
03-02 00:57:34.631 14885 16295 E Forest_GeckoFetcher: 	at com.bytedance.bpea.transmit.delegate.BPEAThread.run(Unknown Source:0)
03-02 00:57:34.632 14885 16295 E Forest_GeckoXAdapter: onLocalNewestVersion:localPackage:com.bytedance.geckox.model.LocalPackageModel@8ca7634
03-02 00:57:34.644  1628  1637 E thermal_core: find_tz_idx_by_name:"Failed to find thermal zone index of ap_ntc\n"
03-02 00:57:34.644  1628  1637 E thermal_core: find_tz_idx_by_name:"Failed to find thermal zone index of mtk-master-charger\n"
03-02 00:57:34.648  1445  2902 W C2MtkBufferManager: [0xB4000070F507E520] fetchNewCcBlock: wait fence 0x0xb4000070f5058270 timed out. ret 110
03-02 00:57:34.696  5235  5235 I InputMethodService: removeImeSurface
03-02 00:57:34.696  5235  5235 I InputMethodService: cancelImeSurfaceRemoval: removeCallbacks
03-02 00:57:34.701  1507  1825 I SurfaceFlinger: Capture layer list: 	 com.zhiliaoapp.musically/com.ss.android.ugc.aweme.splash.SplashActivity$_14885#156468(seamlessTransition:0)
03-02 00:57:34.701  1507  1825 I SurfaceFlinger: Capture layer list: 	 DimTransitionLayer for Surface(name=Task=44890)/@0xdd0454e#156498(seamlessTransition:0)
03-02 00:57:34.701  1507  1825 I SurfaceFlinger: Capture layer list: 	 com.podcast.app.debug/androidx.activity.ComponentActivity$_17121#156492(seamlessTransition:0)
03-02 00:57:34.721  1445  2902 W C2MtkBufferManager: [0xB4000070F507E520] fetchNewCcBlock: wait fence 0x0xb4000070f5058270 timed out. ret 110
03-02 00:57:34.794  1445  2902 W C2MtkBufferManager: [0xB4000070F507E520] fetchNewCcBlock: wait fence 0x0xb4000070f5058270 timed out. ret 110
03-02 00:57:34.801  1507  1825 I SurfaceFlinger: Capture layer list: 	 com.zhiliaoapp.musically/com.ss.android.ugc.aweme.splash.SplashActivity$_14885#156468(seamlessTransition:0)
03-02 00:57:34.801  1507  1825 I SurfaceFlinger: Capture layer list: 	 DimTransitionLayer for Surface(name=Task=44890)/@0xdd0454e#156498(seamlessTransition:0)
03-02 00:57:34.801  1507  1825 I SurfaceFlinger: Capture layer list: 	 com.podcast.app.debug/androidx.activity.ComponentActivity$_17121#156492(seamlessTransition:0)
03-02 00:57:34.821  1507  1507 I BufferQueueProducer: [FramebufferSurface](this:0xb400007a458f0370,id:-1,api:1,p:1507,c:1507) queueBuffer: fps=57.73 dur=1004.70 max=368.27 min=6.18
03-02 00:57:34.831  2746  2798 I SurfaceControlRegistry: apply, t=FinishTransaction_SyncId<11289>, caller=android.view.SurfaceControl$Transaction.apply:3459 android.view.SurfaceControl$Transaction.apply:3447 android.view.SurfaceControl$Transaction.apply:3397 com.android.wm.shell.transition.Transitions.onFinish:315 com.android.wm.shell.transition.Transitions$$ExternalSyntheticLambda7.onTransitionFinished:12 com.android.wm.shell.transition.DefaultTransitionHandler$$ExternalSyntheticLambda6.run:36
03-02 00:57:34.832  1464  1492 I mtkpower@impl: [setMode] type:6, enabled:0
03-02 00:57:34.832  1464  1492 E mtkpower@impl: [setMode] unknown type
03-02 00:57:34.833  1507  1507 D SurfaceFlinger: Display 4627039422300187648 HWC layers:
03-02 00:57:34.833  1507  1507 D SurfaceFlinger:   SOLID_COLOR |                        0 | 00000002 | N/A          |    0.0    0.0    0.0    0.0 |    0    0   -1   -1 | Background for 68eb87 SurfaceView[co[...]weme.splash.SplashActivity]@0#156474 (0)
03-02 00:57:34.833  1507  1507 D SurfaceFlinger:   SOLID_COLOR |                        0 | 00000002 | N/A          |    0.0    0.0    0.0    0.0 |    0    0   -1   -1 | Background for 7086fb SurfaceView[co[...]weme.splash.SplashActivity]@0#156477 (0)
03-02 00:57:34.833  1507  1507 D SurfaceFlinger:   SOLID_COLOR |                        0 | 00000002 | N/A          |    0.0    0.0    0.0    0.0 |    0    0   -1   -1 | Background for 836459b SurfaceView[c[...]weme.splash.SplashActivity]@0#156480 (0)
03-02 00:57:34.833  1507  1507 D SurfaceFlinger:        DEVICE |           63930588202204 | 00002100 | RGBA_8888    |    0.0    0.0    0.0    0.0 |    0    0   -1   -1 | com.zhiliaoapp.musically/com.ss.andr[...].splash.SplashActivity$_14885#156468 (5)
03-02 00:57:34.833  1507  1507 D SurfaceFlinger:   SOLID_COLOR |                        0 | 00000000 | N/A          |    0.0    0.0    0.0    0.0 |    0    0   -1   -1 | DimTransitionLayer for Surface(name=Task=44890)/@0
03-02 00:57:34.833  1507  1507 D SurfaceFlinger: xdd0454e#156498 (0)
03-02 00:57:34.833  1507  1507 D SurfaceFlinger:        DEVICE |           73534135074925 | 00002102 | RGBA_8888    |    0.0    0.0 1080.0 2340.0 |    0    0 1080 2340 | com.podcast.app.debug/androidx.activity.ComponentActivity$_17121#156492 (1)
03-02 00:57:34.833  1507  1507 D SurfaceFlinger:        DEVICE |           11793980281854 | 00002100 | RGBA_8888    |    0.0    0.0 1080.0   80.0 |    0    0 1080   80 | StatusBar$_2746#117 (211128)
03-02 00:57:34.833  1507  1507 D SurfaceFlinger:        DEVICE |           13752485304097 | 00002100 | RGBA_8888    |    0.0    0.0   67.0  346.0 | 1013  454 1080  800 | com.sec.android.app.launcher/com.sam[...].app.CocktailBarService$_3202#152779 (1)
03-02 00:57:34.833  1507  1507 D SurfaceFlinger:        DEVICE |           11793980281862 | 00002100 | RGBA_8888    |    0.0    0.0 1080.0  135.0 |    0 2205 1080 2340 | NavigationBar0$_2746#113 (188040)
03-02 00:57:34.833  1507  1507 D SurfaceFlinger:
03-02 00:57:34.835 14885 14885 I VRI[SplashActivity]@35f4eb8: handleAppVisibility mAppVisible = true visible = false
03-02 00:57:34.835 14885 14885 D VRI[SplashActivity]@35f4eb8: visibilityChanged oldVisibility=true newVisibility=false
03-02 00:57:34.841  2746  2746 D SystemUIService: SYSUI_RAM_OPTIMIZATION onTrimMemory=20
03-02 00:57:34.841  2746  2746 D CentralSurfaces: SYSUI_RAM_OPTIMIZATION onTrimMemory=20
03-02 00:57:34.841  2746  2870 D HWUI    : CacheManager::trimMemory(20)
03-02 00:57:34.842  1507  1507 I SurfaceFlinger: RequestedLayer [Task=44543#147901] hidden!! flag  from(0) --> to(1)
03-02 00:57:34.842  1507  1507 I SurfaceFlinger: [Display 0 name="Built-in Screen"#49] setFrameRateCategory: Default
03-02 00:57:34.842 14885 14885 I SV[6876039 SplashActivity]: onWindowVisibilityChanged(8) false X.0fk7{68eb87 V.E...... ........ 0,80-1080,2000} of VRI[SplashActivity]@35f4eb8
03-02 00:57:34.842  1507  1507 I SurfaceFlinger: [LayerHierarchy{RequestedLayerState{Task=44543#147901 parentId=10 z=41} 1 children}] reparent to LayerHierarchy{RequestedLayerState{DefaultTaskDisplayArea_d0#10 parentId=9} 45 children}
03-02 00:57:34.842  1507  1507 I SurfaceFlinger: [LayerHierarchy{RequestedLayerState{Task=44890#156488 parentId=10 z=42} 2 children}] reparent to LayerHierarchy{RequestedLayerState{DefaultTaskDisplayArea_d0#10 parentId=9} 46 children}
03-02 00:57:34.842  1507  1507 I SurfaceFlinger: [LayerHierarchy{RequestedLayerState{DimTransitionLayer for Surface(name=Task=44890)/@0xdd0454e#156498 z=-1} no children}] reparent to OffscreenRoot
03-02 00:57:34.842  1507  1507 I SurfaceFlinger: [LayerHierarchy{RequestedLayerState{DimTransitionLayer for Surface(name=Task=44890)/@0xdd0454e#156498 z=-1} no children}] RelativeParent to null
03-02 00:57:34.842  1507  1507 I SurfaceFlinger: [LayerHierarchy{RequestedLayerState{Transition Root: Task=44890#156496 z=42} no children}] reparent to OffscreenRoot
03-02 00:57:34.842  1507  1507 I SurfaceFlinger: [LayerHierarchy{RequestedLayerState{Transition Root: Task=44890#156496 z=42} no children}] RelativeParent to null
03-02 00:57:34.842 14885 14885 I SurfaceView: 6876039 Changes: creating=false format=false size=false visible=true alpha=false hint=false left=false top=false z=false attached=true lifecycleStrategy=false
03-02 00:57:34.842 14885 14885 I SurfaceView: 6876039 Cur surface: Surface(name=null mNativeObject=499561861888)/@0x56b4ffd
03-02 00:57:34.842 14885 14885 I SurfaceView: 6876039 surfaceDestroyed
03-02 00:57:34.842 14885 14885 I SV[6876039 SplashActivity]: surfaceDestroyed callback.size 1 #2 X.0fk7{68eb87 V.E...... ........ 0,80-1080,2000}
03-02 00:57:34.842 14885 14885 I SV[6876039 SplashActivity]: updateSurface: mVisible = false mSurface.isValid() = true
03-02 00:57:34.842 14885 14885 I BLASTBufferQueue: [68eb87 SurfaceView[com.zhiliaoapp.musically/com.ss.android.ugc.aweme.splash.SplashActivity]@0#114](f:0,a:0,s:0) destructor()
03-02 00:57:34.842 14885 14885 D BufferQueueConsumer: [68eb87 SurfaceView[com.zhiliaoapp.musically/com.ss.android.ugc.aweme.splash.SplashActivity]@0#114(BLAST Consumer)114](id:3a2500000077,api:0,p:-1,c:14885) disconnect
03-02 00:57:34.842 14885 14885 I SV[6876039 SplashActivity]: releaseSurfaces: viewRoot = VRI[SplashActivity]@35f4eb8
03-02 00:57:34.843  1646  5384 I CameraService: onUidStateChanged: uid=10235, procState is changed. (3 -> 4)
03-02 00:57:34.843 14885 14885 V SurfaceView: Layout: x=4320 y=-2080 w=1080 h=1920, frame=Rect(0, 0 - 1080, 1920)
03-02 00:57:34.843 14885 14885 I SV[7374587 SplashActivity]: onWindowVisibilityChanged(8) false X.0fk7{7086fb V.E...... ........ 0,80-1080,2000} of VRI[SplashActivity]@35f4eb8
03-02 00:57:34.843 14885 14885 I SurfaceView: 7374587 Changes: creating=false format=false size=false visible=true alpha=false hint=false left=false top=false z=false attached=true lifecycleStrategy=false
03-02 00:57:34.843  1507  1507 I SurfaceFlinger: onHandleDestroyed: layerId=156498, name=DimTransitionLayer for Surface(name=Task=44890)/@0xdd0454e#156498
03-02 00:57:34.843 14885 14885 I SurfaceView: 7374587 Cur surface: Surface(name=null mNativeObject=480494740992)/@0x5798c7e
03-02 00:57:34.844  1507  1507 I SurfaceFlinger: id=156498 Removed DimTransitionLayer for Surface(name=Task=44890)/@0xdd0454e#156498 (339)
03-02 00:57:34.844  1507  1507 I SurfaceFlinger: onHandleDestroyed: layerId=156496, name=Transition Root: Task=44890#156496
03-02 00:57:34.844  1507  1507 I SurfaceFlinger: id=156496 Removed Transition Root: Task=44890#156496 (339)
03-02 00:57:34.844  1507  1507 I SurfaceFlinger: onHandleDestroyed: layerId=156458, name=4f7cb8 Splash Screen com.podcast.app.debug.test#156458
03-02 00:57:34.844  1507  1507 I SurfaceFlinger: id=156458 Removed 4f7cb8 Splash Screen com.podcast.app.debug.test#156458 (339)
03-02 00:57:34.844 14885 14885 I SurfaceView: 7374587 surfaceDestroyed
03-02 00:57:34.844 14885 14885 I SV[7374587 SplashActivity]: surfaceDestroyed callback.size 2 #2 X.0fk7{7086fb V.E...... ........ 0,80-1080,2000}
03-02 00:57:34.844  1507  1507 E RefreshRateSelector: Can't find HRR max refresh rate by policy with the same group 0
03-02 00:57:34.848 14885 18629 D SurfaceUtils: connecting to surface 0x6f9d394c10, reason connectToSurface
03-02 00:57:34.848 14885 18629 I MediaCodec: [c2.mtk.hevc.decoder] setting surface generation to 15242308
03-02 00:57:34.848 14885 18629 D SurfaceUtils: disconnecting from surface 0x6f9d394c10, reason connectToSurface(reconnect)
03-02 00:57:34.848 14885 18629 D SurfaceUtils: connecting to surface 0x6f9d394c00, reason connectToSurface(reconnect-with-listener)
03-02 00:57:34.848 14885 18629 D GraphicsTracker: new surface in configuration: maxDequeueRequested(0), maxDequeueCommitted(24)
03-02 00:57:34.848 14885 18629 D GraphicsTracker: new surface configured with id:63930588201057 gen:15242308 maxDequeue:24
03-02 00:57:34.848 14885 18629 D GraphicsTracker: maxDequeueCount is already 24
03-02 00:57:34.848 14885 18629 D Codec2Client: setOutputSurface -- generation=15242308 consumer usage=0x900
03-02 00:57:34.848 14885 18629 D SurfaceUtils: disconnecting from surface 0x6f9d395610, reason disconnectFromSurface
03-02 00:57:34.849 14885 14885 I SV[7374587 SplashActivity]: updateSurface: mVisible = false mSurface.isValid() = true
03-02 00:57:34.849 14885 14885 I BLASTBufferQueue: [7086fb SurfaceView[com.zhiliaoapp.musically/com.ss.android.ugc.aweme.splash.SplashActivity]@0#115](f:0,a:0,s:0) destructor()
03-02 00:57:34.849 14885 14885 D BufferQueueConsumer: [7086fb SurfaceView[com.zhiliaoapp.musically/com.ss.android.ugc.aweme.splash.SplashActivity]@0#115(BLAST Consumer)115](id:3a2500000078,api:0,p:-1,c:14885) disconnect
03-02 00:57:34.849 14885 14885 I SV[7374587 SplashActivity]: releaseSurfaces: viewRoot = VRI[SplashActivity]@35f4eb8
03-02 00:57:34.850 14885 14885 V SurfaceView: Layout: x=0 y=80 w=1080 h=1920, frame=Rect(0, 0 - 1080, 1920)
03-02 00:57:34.850 14885 14885 I SV[137774491 SplashActivity]: onWindowVisibilityChanged(8) false X.0fk7{836459b V.E...... ........ 0,81-1080,1998} of VRI[SplashActivity]@35f4eb8
03-02 00:57:34.850 14885 14885 I SurfaceView: 137774491 Changes: creating=false format=false size=false visible=true alpha=false hint=false left=false top=false z=false attached=true lifecycleStrategy=false
03-02 00:57:34.850 14885 14885 I SurfaceView: 137774491 Cur surface: Surface(name=null mNativeObject=480505724672)/@0xe7e74a9
03-02 00:57:34.850 14885 14885 I SurfaceView: 137774491 surfaceDestroyed
03-02 00:57:34.850 14885 14885 I SV[137774491 SplashActivity]: surfaceDestroyed callback.size 1 #2 X.0fk7{836459b V.E...... ........ 0,81-1080,1998}
03-02 00:57:34.850 14885 14885 I SV[137774491 SplashActivity]: updateSurface: mVisible = false mSurface.isValid() = true
03-02 00:57:34.850 14885 14885 I BLASTBufferQueue: [836459b SurfaceView[com.zhiliaoapp.musically/com.ss.android.ugc.aweme.splash.SplashActivity]@0#116](f:0,a:0,s:0) destructor()
03-02 00:57:34.850 14885 14885 D BufferQueueConsumer: [836459b SurfaceView[com.zhiliaoapp.musically/com.ss.android.ugc.aweme.splash.SplashActivity]@0#116(BLAST Consumer)116](id:3a2500000079,api:0,p:-1,c:14885) disconnect
03-02 00:57:34.850 14885 14885 I SV[137774491 SplashActivity]: releaseSurfaces: viewRoot = VRI[SplashActivity]@35f4eb8
03-02 00:57:34.851 14885 14885 V SurfaceView: Layout: x=4320 y=2240 w=1080 h=1917, frame=Rect(0, 0 - 1080, 1917)
03-02 00:57:34.853  1507  1507 I SurfaceFlinger: RequestedLayer [com.zhiliaoapp.musically/com.ss.andr[...].splash.SplashActivity$_14885#156468] hidden!! flag  from(0) --> to(1)
03-02 00:57:34.853  1507  1507 I SurfaceFlinger: RequestedLayer [ActivityRecord{2751228 u0 com.zhilia[...]splash.SplashActivity t44543}#147902] hidden!! flag  from(0) --> to(1)
03-02 00:57:34.853  1507  1507 I SurfaceFlinger: destroyed DimTransitionLayer for Surface(name=Task=44890)/@0xdd0454e#156498
03-02 00:57:34.853  1507  1507 I SurfaceFlinger: destroyed 4f7cb8 Splash Screen com.podcast.app.debug.test#156458
03-02 00:57:34.853  1507  1507 I SurfaceFlinger: destroyed Transition Root: Task=44890#156496
03-02 00:57:34.853  1507  1507 I SurfaceFlinger: [LayerHierarchy{RequestedLayerState{ImeContainer#15 parentId=156489 relativeParentId=156491 z=1} 1 children}] RelativeParent to LayerHierarchy{RequestedLayerState{ddf0626 com.podcast.app.debug/androidx.activity.ComponentActivity#156491 parentId=156489} 2 children}
03-02 00:57:34.853  1507  1507 I SurfaceFlinger: [LayerHierarchy{RequestedLayerState{11df6aa Splash Screen com.podcast.app.debug#156490 z=2147483647} 1 children}] reparent to OffscreenRoot
03-02 00:57:34.853  1507  1507 I SurfaceFlinger: [LayerHierarchy{RequestedLayerState{11df6aa Splash Screen com.podcast.app.debug#156490 z=2147483647} 1 children}] RelativeParent to null
03-02 00:57:34.853  1507  1507 I SurfaceFlinger: [LayerHierarchy{RequestedLayerState{Splash Screen com.podcast.app.debug$_2746#156495} no children}] reparent to OffscreenRoot
03-02 00:57:34.853  1507  1507 I SurfaceFlinger: [LayerHierarchy{RequestedLayerState{Splash Screen com.podcast.app.debug$_2746#156495} no children}] RelativeParent to null
03-02 00:57:34.853 14885 15423 D SurfaceView: 105566506 windowPositionLost, frameNr = 0
03-02 00:57:34.854 14885 15423 D SurfaceView: 168954651 windowPositionLost, frameNr = 0
03-02 00:57:34.854  1507  1507 I Layer   : id=156458 Destroyed 4f7cb8 Splash Screen com.podcast.app.debug.test#156458
03-02 00:57:34.854  1507  1507 I Layer   : id=156496 Destroyed Transition Root: Task=44890#156496
03-02 00:57:34.854  1507  1507 I Layer   : id=156498 Destroyed DimTransitionLayer for Surface(name=Task=44890)/@0xdd0454e#156498
03-02 00:57:34.854 14885 15423 D SurfaceView: 183706808 windowPositionLost, frameNr = 0
03-02 00:57:34.854  1507  1507 I SurfaceFlinger: onHandleDestroyed: layerId=156490, name=11df6aa Splash Screen com.podcast.app.debug#156490
03-02 00:57:34.854  1507  1507 I SurfaceFlinger: id=156490 Removed 11df6aa Splash Screen com.podcast.app.debug#156490 (336)
03-02 00:57:34.854  1507  1507 I SurfaceFlinger: onHandleDestroyed: layerId=156495, name=Splash Screen com.podcast.app.debug$_2746#156495
03-02 00:57:34.854  1507  1507 I SurfaceFlinger: id=156495 Removed Splash Screen com.podcast.app.debug$_2746#156495 (336)
03-02 00:57:34.856 14885 15423 D HWUI    : CacheManager::trimMemory(20)
03-02 00:57:34.858  2013  4903 I WindowManager: Relayout Window{cd2d6b5 u0 com.zhiliaoapp.musically/com.ss.android.ugc.aweme.splash.SplashActivity}: viewVisibility=8 req=1080x2340 ty=1 d0
03-02 00:57:34.859  2013  4903 I WindowManager: Relayout hash=cd2d6b5, pid=14885, syncId=-1: mAttrs={(0,0)(fillxfill) sim={adjust=pan} layoutInDisplayCutoutMode=always ty=BASE_APPLICATION fmt=TRANSLUCENT wanim=0x1030317
03-02 00:57:34.859  2013  4903 I WindowManager:   fl=81810180
03-02 00:57:34.859  2013  4903 I WindowManager:   pfl=10008840
03-02 00:57:34.859  2013  4903 I WindowManager:   vsysui=400
03-02 00:57:34.859  2013  4903 I WindowManager:   apr=10
03-02 00:57:34.859  2013  4903 I WindowManager:   bhv=1
03-02 00:57:34.859  2013  4903 I WindowManager:   fitSides=0
03-02 00:57:34.859  2013  4903 I WindowManager:   frameRateBoostOnTouch=true
03-02 00:57:34.859  2013  4903 I WindowManager:   dvrrWindowFrameRateHint=true naviIconColor=0
03-02 00:57:34.859  2013  4903 I WindowManager:   sfl=100000}
03-02 00:57:34.861 14885 14885 I BLASTBufferQueue: [VRI[SplashActivity]@35f4eb8#113](f:0,a:1,s:0) destructor()
03-02 00:57:34.861 14885 14885 D BufferQueueConsumer: [VRI[SplashActivity]@35f4eb8#113(BLAST Consumer)113](id:3a2500000076,api:0,p:-1,c:14885) disconnect
03-02 00:57:34.861 14885 14885 I VRI[SplashActivity]@35f4eb8: Relayout returned: old=(0,0,1080,2340) new=(0,0,1080,2340) relayoutAsync=false req=(1080,2340)8 dur=3 res=0x2 s={false 0x0} ch=true seqId=0
03-02 00:57:34.862 14885 14885 I SV[6876039 SplashActivity]: windowStopped(true) false X.0fk7{68eb87 V.E...... ........ 0,80-1080,2000} of VRI[SplashActivity]@35f4eb8
03-02 00:57:34.862 14885 14885 D SV[6876039 SplashActivity]: updateSurface: surface is not valid
03-02 00:57:34.862 14885 14885 I SV[6876039 SplashActivity]: releaseSurfaces: viewRoot = VRI[SplashActivity]@35f4eb8
03-02 00:57:34.862 14885 14885 D VRI[SplashActivity]@35f4eb8: applyTransactionOnDraw applyImmediately
03-02 00:57:34.862 14885 14885 I SV[7374587 SplashActivity]: windowStopped(true) false X.0fk7{7086fb V.E...... ........ 0,80-1080,2000} of VRI[SplashActivity]@35f4eb8
03-02 00:57:34.862 14885 14885 D SV[7374587 SplashActivity]: updateSurface: surface is not valid
03-02 00:57:34.862 14885 14885 I SV[7374587 SplashActivity]: releaseSurfaces: viewRoot = VRI[SplashActivity]@35f4eb8
03-02 00:57:34.862 14885 14885 D VRI[SplashActivity]@35f4eb8: applyTransactionOnDraw applyImmediately
03-02 00:57:34.863 14885 14885 I SV[137774491 SplashActivity]: windowStopped(true) false X.0fk7{836459b V.E...... ........ 0,81-1080,1998} of VRI[SplashActivity]@35f4eb8
03-02 00:57:34.863 14885 14885 D SV[137774491 SplashActivity]: updateSurface: surface is not valid
03-02 00:57:34.863 14885 14885 I SV[137774491 SplashActivity]: releaseSurfaces: viewRoot = VRI[SplashActivity]@35f4eb8
03-02 00:57:34.863 14885 14885 D VRI[SplashActivity]@35f4eb8: applyTransactionOnDraw applyImmediately
03-02 00:57:34.863 14885 14885 D SV[6876039 SplashActivity]: updateSurface: surface is not valid
03-02 00:57:34.863 14885 14885 I SV[6876039 SplashActivity]: releaseSurfaces: viewRoot = VRI[SplashActivity]@35f4eb8
03-02 00:57:34.864 14885 14885 D VRI[SplashActivity]@35f4eb8: applyTransactionOnDraw applyImmediately
03-02 00:57:34.864 14885 14885 D SV[7374587 SplashActivity]: updateSurface: surface is not valid
03-02 00:57:34.864  1507  1507 I SurfaceFlinger: destroyed 11df6aa Splash Screen com.podcast.app.debug#156490
03-02 00:57:34.864  1507  1507 I SurfaceFlinger: destroyed Splash Screen com.podcast.app.debug$_2746#156495
03-02 00:57:34.864 14885 14885 I SV[7374587 SplashActivity]: releaseSurfaces: viewRoot = VRI[SplashActivity]@35f4eb8
03-02 00:57:34.864  1507  1507 I SurfaceFlinger: [LayerHierarchy{RequestedLayerState{Bounds for - com.zhiliaoapp.musically/com.ss.android.ugc.aweme.splash.SplashActivity@26#156471} 3 children}] reparent to OffscreenRoot
03-02 00:57:34.864 14885 14885 D VRI[SplashActivity]@35f4eb8: applyTransactionOnDraw applyImmediately
03-02 00:57:34.864  1507  1507 I SurfaceFlinger: [LayerHierarchy{RequestedLayerState{Bounds for - com.zhiliaoapp.musically/com.ss.android.ugc.aweme.splash.SplashActivity@26#156471} 3 children}] RelativeParent to null
03-02 00:57:34.864 14885 14885 D SV[137774491 SplashActivity]: updateSurface: surface is not valid
03-02 00:57:34.864 14885 14885 I SV[137774491 SplashActivity]: releaseSurfaces: viewRoot = VRI[SplashActivity]@35f4eb8
03-02 00:57:34.864 14885 14885 D VRI[SplashActivity]@35f4eb8: applyTransactionOnDraw applyImmediately
03-02 00:57:34.865 14885 14885 D VRI[SplashActivity]@35f4eb8: Not drawing due to not visible. Reason=!mAppVisible && !mForceDecorViewVisibility
03-02 00:57:34.865 14885 14885 D VRI[SplashActivity]@35f4eb8: Pending transaction will not be applied in sync with a draw due to view not visible
03-02 00:57:34.865 14885 14885 I VRI[SplashActivity]@35f4eb8: mWNT: t=0x769ac0ba00 mBlastBufferQueue=0xnull fn= 0 HdrRenderState mRenderHdrSdrRatio=1.0 caller= android.view.ViewRootImpl.handleSyncRequestWhenNoAsyncDraw:6733 android.view.ViewRootImpl.performTraversals:5504 android.view.ViewRootImpl.doTraversal:3924
03-02 00:57:34.865  1507  1507 I Layer   : id=156495 Destroyed Splash Screen com.podcast.app.debug$_2746#156495
03-02 00:57:34.865  1507  1507 I Layer   : id=156490 Destroyed 11df6aa Splash Screen com.podcast.app.debug#156490
03-02 00:57:34.865  1507  1507 I SurfaceFlinger: onHandleDestroyed: layerId=156471, name=Bounds for - com.zhiliaoapp.musically/com.ss.android.ugc.aweme.splash.SplashActivity@26#156471
03-02 00:57:34.865  1507  1507 I SurfaceFlinger: id=156471 Removed Bounds for - com.zhiliaoapp.musically/com.ss.android.ugc.aweme.splash.SplashActivity@26#156471 (334)
03-02 00:57:34.867  1445  2902 W C2MtkBufferManager: [0xB4000070F507E520] fetchNewCcBlock: wait fence 0x0xb4000070f5058270 timed out. ret 110
03-02 00:57:34.867 14885 15423 D HWUI    : CacheManager::trimMemory(20)
03-02 00:57:34.869 14885 14885 I VRI[SplashActivity]@35f4eb8: stopped(true) old = false
03-02 00:57:34.869 14885 14885 D VRI[SplashActivity]@35f4eb8: WindowStopped on com.zhiliaoapp.musically/com.ss.android.ugc.aweme.splash.SplashActivity set to true
03-02 00:57:34.869 14885 15423 D HWUI    : CacheManager::trimMemory(20)
03-02 00:57:34.871 14885 14885 I System.out: SAFActivity: com.ss.android.ugc.aweme.main.MainActivity@c20428f,  onStop Start
03-02 00:57:34.872 17121 17121 I Dialog  : mIsDeviceDefault = false, mIsSamsungBasicInteraction = false, isMetaDataInActivity = false
03-02 00:57:34.874 17121 17121 I DecorView: setWindowBackground: isPopOver=false color=0 d=android.graphics.drawable.ColorDrawable@f271887
03-02 00:57:34.875  1507  1507 I SurfaceFlinger: destroyed Bounds for - com.zhiliaoapp.musically/com.ss.android.ugc.aweme.splash.SplashActivity@26#156471
03-02 00:57:34.875  1507  1507 I SurfaceFlinger: [LayerHierarchy{RequestedLayerState{Background for 836459b SurfaceView[com.zhiliaoapp.musically/com.ss.android.ugc.aweme.splash.SplashActivity]@0#156480 z=-2147483648} no children}] reparent to OffscreenRoot
03-02 00:57:34.875  1507  1507 I SurfaceFlinger: [LayerHierarchy{RequestedLayerState{Background for 836459b SurfaceView[com.zhiliaoapp.musically/com.ss.android.ugc.aweme.splash.SplashActivity]@0#156480 z=-2147483648} no children}] RelativeParent to null
03-02 00:57:34.875  1507  1507 I SurfaceFlinger: [LayerHierarchy{RequestedLayerState{68eb87 SurfaceView[com.zhiliaoapp.musically/com.ss.android.ugc.aweme.splash.SplashActivity]@0(BLAST)#156473} no children}] reparent to OffscreenRoot
03-02 00:57:34.875  1507  1507 I SurfaceFlinger: [LayerHierarchy{RequestedLayerState{68eb87 SurfaceView[com.zhiliaoapp.musically/com.ss.android.ugc.aweme.splash.SplashActivity]@0(BLAST)#156473} no children}] RelativeParent to null
03-02 00:57:34.875  1507  1507 I SurfaceFlinger: [LayerHierarchy{RequestedLayerState{Background for 7086fb SurfaceView[com.zhiliaoapp.musically/com.ss.android.ugc.aweme.splash.SplashActivity]@0#156477 z=-2147483648} no children}] reparent to OffscreenRoot
03-02 00:57:34.875  1507  1507 I SurfaceFlinger: [LayerHierarchy{RequestedLayerState{Background for 7086fb SurfaceView[com.zhiliaoapp.musically/com.ss.android.ugc.aweme.splash.SplashActivity]@0#156477 z=-2147483648} no children}] RelativeParent to null
03-02 00:57:34.875  1507  1507 I SurfaceFlinger: [LayerHierarchy{RequestedLayerState{836459b SurfaceView[com.zhiliaoapp.musically/com.ss.android.ugc.aweme.splash.SplashActivity]@0(BLAST)#156479} no children}] reparent to OffscreenRoot
03-02 00:57:34.875  1507  1507 I SurfaceFlinger: [LayerHierarchy{RequestedLayerState{836459b SurfaceView[com.zhiliaoapp.musically/com.ss.android.ugc.aweme.splash.SplashActivity]@0(BLAST)#156479} no children}] RelativeParent to null
03-02 00:57:34.875  1507  1507 I SurfaceFlinger: [LayerHierarchy{RequestedLayerState{7086fb SurfaceView[com.zhiliaoapp.musically/com.ss.android.ugc.aweme.splash.SplashActivity]@0(BLAST)#156476} no children}] reparent to OffscreenRoot
03-02 00:57:34.875  1507  1507 I SurfaceFlinger: [LayerHierarchy{RequestedLayerState{7086fb SurfaceView[com.zhiliaoapp.musically/com.ss.android.ugc.aweme.splash.SplashActivity]@0(BLAST)#156476} no children}] RelativeParent to null
03-02 00:57:34.875  1507  1507 I SurfaceFlinger: [LayerHierarchy{RequestedLayerState{836459b SurfaceView[com.zhiliaoapp.musically/com.ss.android.ugc.aweme.splash.SplashActivity]@0#156478 z=-2} no children}] reparent to OffscreenRoot
03-02 00:57:34.875  1507  1507 I SurfaceFlinger: [LayerHierarchy{RequestedLayerState{836459b SurfaceView[com.zhiliaoapp.musically/com.ss.android.ugc.aweme.splash.SplashActivity]@0#156478 z=-2} no children}] RelativeParent to null
03-02 00:57:34.875  1507  1507 I SurfaceFlinger: [LayerHierarchy{RequestedLayerState{7086fb SurfaceView[com.zhiliaoapp.musically/com.ss.android.ugc.aweme.splash.SplashActivity]@0#156475 z=-2} no children}] reparent to OffscreenRoot
03-02 00:57:34.875  1507  1507 I SurfaceFlinger: [LayerHierarchy{RequestedLayerState{7086fb SurfaceView[com.zhiliaoapp.musically/com.ss.android.ugc.aweme.splash.SplashActivity]@0#156475 z=-2} no children}] RelativeParent to null
03-02 00:57:34.876  1507  1507 I SurfaceFlinger: [LayerHierarchy{RequestedLayerState{Background for 68eb87 SurfaceView[com.zhiliaoapp.musically/com.ss.android.ugc.aweme.splash.SplashActivity]@0#156474 z=-2147483648} no children}] reparent to OffscreenRoot
03-02 00:57:34.876  1507  1507 I SurfaceFlinger: [LayerHierarchy{RequestedLayerState{Background for 68eb87 SurfaceView[com.zhiliaoapp.musically/com.ss.android.ugc.aweme.splash.SplashActivity]@0#156474 z=-2147483648} no children}] RelativeParent to null
