03-02 00:57:49.451  1444  1808 D AAL     : [PQEngineInterface] DpEngineHDRConfigTile(0) inTileXLeft = 2, inTileXRight = 561
03-02 00:57:49.451  1444  1808 D AAL     : [PQEngineInterface] DpEngineHDRConfigTile(0) HDR_out_start_x = 0, HDR_out_end_x = 559, src h: 560,v: 1280
03-02 00:57:49.451  1444  1808 D AAL     : [PQEngineInterface] DpEngineHDRConfigTile(0) HDR_hist_end_x = 0, HDR_hist_begin_x = 0
03-02 00:57:49.451  1444  1808 D AAL     : [PQEngineInterface] DpEngineHDRConfigTile(0) HDR_first_tile = 0, HDR_last_tile = 0
03-02 00:57:49.451  1444  1808 D AAL     : [PQEngineInterface] DpEngineHDRConfigTile(0) inFrameWidth = 720 , middlePosX = 0
03-02 00:57:49.451  1444  1808 D AAL     : [PQEngineInterface] DpEngineTDSHPConfigTile(0) InpSize: 260, 1920, OutSize: 260, 1920
03-02 00:57:49.451  1444  1808 D MDP     : [PQSessionManager] PQSessionManager::getPQSession id[7]
03-02 00:57:49.451  1444  1808 D MDP     : [PQSessionManager] getPQSessionListHandle id[7]
03-02 00:57:49.451  1444  1808 D MDP     : [PQSessionManager] getPQSessionListHandle, find id[7]
03-02 00:57:49.451  1444  1808 D PQ      : [PQHFGConfig] PQHFGConfig::isEnabled = 2
03-02 00:57:49.451  1444  1808 D MDP     : [PQSession] getDpPqConfig() id[7] enable[0], scenario[1]
03-02 00:57:49.451  1444  1808 D MDP     : [PQSession] getDpPqConfig() enSharp[0] enDC[0] enColor[0] enHDR[0] enHDRVivid[0] enUR[0] enReFocus[0] enCcorr[0] enDRE[0] enHFG[0] enAIPQ[0] enAISDR2HDR[0] enAIRegionPQ[0] mAdaptiveEnable[0]
03-02 00:57:49.451  1444  1808 D AAL     : [PQEngineInterface] DpEngineAALCongTile(0) MDP_aal_size = 12059904
03-02 00:57:49.451  1444  1808 D AAL     : [PQEngineInterface(1791345034)::MDP_AAL_output_offset = 0
03-02 00:57:49.451  1444  1808 D AAL     : [PQEngineInterface] DpEngineAALCongTile(0) MDP_AAL_output_size = 11535616
03-02 00:57:49.451  1444  1808 D AAL     : [PQEngineInterface] DpEngineAALCongTile(0) inTileXRight = 719, inTileXLeft = 536
03-02 00:57:49.451  1444  1808 D AAL     : [PQEngineInterface] DpEngineAALCongTile(0) inTileYBottom = 719, inTileYTop = 0
03-02 00:57:49.451  1444  1808 D AAL     : [PQEngineInterface] DpEngineAALCongTile(0) outTileXRight = 1279, outTileXLeft = 544
03-02 00:57:49.451  1444  1808 D AAL     : [PQEngineInterface] DpEngineAALCongTile(0) m_outTileYBottom = 1279, m_outTileYTop = 0
03-02 00:57:49.451  1444  1808 D MDP     : [PQSessionManager] PQSessionManager::getPQSession id[7]
03-02 00:57:49.451  1484  1921 I SoundBooster_Interface2000_a64: BuffClear_apply() mMode: 1
03-02 00:57:49.451  1444  1808 D MDP     : [PQSessionManager] getPQSessionListHandle id[7]
03-02 00:57:49.451  1444  1808 D MDP     : [PQSessionManager] getPQSessionListHandle, find id[7]
03-02 00:57:49.451  1444  1808 D AAL     : [PQEngineInterface] DpEngineAALCongTile(0)cropOffset[X, Y]=[1, 2], crop[Wid, Hei]=[0, 718]
03-02 00:57:49.451  1444  1808 D MDP     : [PQSessionManager] PQSessionManager::getPQSession id[7]
03-02 00:57:49.451  1444  1808 D MDP     : [PQSessionManager] getPQSessionListHandle id[7]
03-02 00:57:49.451  1444  1808 D MDP     : [PQSessionManager] getPQSessionListHandle, find id[7]
03-02 00:57:49.451  1444  1808 D AAL     : [PQEngineInterface] DpEngineHDRConfigTile(0) outTileXLeft = 536, outTileXRight = 719
03-02 00:57:49.451  1444  1808 D AAL     : [PQEngineInterface] DpEngineHDRConfigTile(0) inTileXLeft = 536, inTileXRight = 719
03-02 00:57:49.451  1444  1808 D AAL     : [PQEngineInterface] DpEngineHDRConfigTile(0) HDR_out_start_x = 0, HDR_out_end_x = 183, src h: 184,v: 1280
03-02 00:57:49.451  1444  1808 D AAL     : [PQEngineInterface] DpEngineHDRConfigTile(0) HDR_hist_end_x = 0, HDR_hist_begin_x = 0
03-02 00:57:49.451  1444  1808 D AAL     : [PQEngineInterface] DpEngineHDRConfigTile(0) HDR_first_tile = 0, HDR_last_tile = 0
03-02 00:57:49.451  1444  1808 D AAL     : [PQEngineInterface] DpEngineHDRConfigTile(0) inFrameWidth = 720 , middlePosX = 0
03-02 00:57:49.451  1444  1808 D MDP     : [PQSessionManager] PQSessionManager::getPQSession id[7]
03-02 00:57:49.451  1444  1808 D MDP     : [PQSessionManager] getPQSessionListHandle id[7]
03-02 00:57:49.451  1444  1808 D MDP     : [PQSessionManager] getPQSessionListHandle, find id[7]
03-02 00:57:49.451  1444  1808 D MDP     : [PQSessionManager] PQSessionManager::getPQSession id[7]
03-02 00:57:49.451  1444  1808 D MDP     : [PQSessionManager] getPQSessionListHandle id[7]
03-02 00:57:49.451  1444  1808 D MDP     : [PQSessionManager] getPQSessionListHandle, find id[7]
03-02 00:57:49.452  1484  1921 I SoundAlive_Interface_a64: [dB = -100.000000 ]
03-02 00:57:49.452  5235 18674 I HBD     : a [SKE_SPECIFIC] specific model[com.zhiliaoapp.musically] loaded, 169599692 ns
03-02 00:57:49.456  1444  1809 D MDP     : [PQSessionManager] PQSessionManager::getPQSession id[7]
03-02 00:57:49.456  1444  1809 D MDP     : [PQSessionManager] getPQSessionListHandle id[7]
03-02 00:57:49.456  1444  1809 D MDP     : [PQSessionManager] getPQSessionListHandle, find id[7]
03-02 00:57:49.456  1444  1809 D MDP     : [PQSessionManager] findVideoID[f50d5820] found on index 7
03-02 00:57:49.459  1507  1907 I SurfaceFlinger: id=157038 createSurf, flag=84000, 8cde9a5 ActivityRecordInputSink com.podcast.app.debug/androidx.activity.ComponentActivity#157038
03-02 00:57:49.459  1444  1808 D MDP     : [PQSessionManager] findVideoID[f50d5820] found on index 7
03-02 00:57:49.459  1444  1808 D MDP     : [PQSessionManager] createPQSession(7) user(0xb4000074f4d46d80)
03-02 00:57:49.459  1444  1808 D MDP     : [PQSessionManager] Duplicated ID[7] found, please check if double createPQSession!
03-02 00:57:49.459  1444  1808 D MDP     : [PQSessionManager] getPQSessionListHandle id[7]
03-02 00:57:49.459  1444  1808 D MDP     : [PQSessionManager] getPQSessionListHandle, find id[7]
03-02 00:57:49.459  1444  1808 D MDP     : [PQSession] incRefCount id[7] user[0xb4000074f4d46d80] existed
03-02 00:57:49.459  1444  1808 D MDP     : [PQSession] incRefCount id[7] user[0xb4000074f4d46d80] numOfUser[1]
03-02 00:57:49.459  1444  1808 D MDP     : [PQSession] numElements[0] key[0] metaData[0]
03-02 00:57:49.459  1444  1808 D MDP     : [PQSession] setPQParam() id[7] enable[0], scenario[1]
03-02 00:57:49.459  1444  1808 D PQ      : PQDSConfig::getEnableStatus check1  time 0 ms
03-02 00:57:49.459  1444  1808 D PQ      : [PQDSConfig] PQDSConfig::getEnableStatus = 1
03-02 00:57:49.459  1444  1808 D PQ      : [PQDSConfig] m_TDSHPTableInit 1
03-02 00:57:49.459  1444  1808 D PQ      : [PQDSConfig] getAshmemContext(SHP_ENABLE) = 1
03-02 00:57:49.459  1444  1808 D PQ      : PQDSConfig::getEnableStatus check2  time 0 ms
03-02 00:57:49.459  1444  1808 D PQ      : [PQDSConfig] PQDSConfig::getUREnableStatus = 1
03-02 00:57:49.459  1444  1808 D MDP     : [PQSession] setDpPqConfig m_svp = 0, enDRE = 0
03-02 00:57:49.459  1444  1808 D MDP     : setPQParam globalPQSupport = [0] globalPQSwitch = [0] globalPQStrength = [0] globalPQType = [0]
03-02 00:57:49.459  1444  1808 D MDP     : [PQSession] setPQparam userId[0x0], scenario[1], enDRE[0]
03-02 00:57:49.459  1444  1808 D MDP     : [PQSession] getDpPqConfig() id[7] enable[0], scenario[1]
03-02 00:57:49.459  1444  1808 D MDP     : [PQSession] getDpPqConfig() enSharp[0] enDC[0] enColor[0] enHDR[0] enHDRVivid[0] enUR[0] enReFocus[0] enCcorr[0] enDRE[0] enHFG[0] enAIPQ[0] enAISDR2HDR[0] enAIRegionPQ[0] mAdaptiveEnable[0]
03-02 00:57:49.459  1444  1808 D MDP     : [PQSession] setPQDREParam userId[0x0] scenario[1] enDRE[0]
03-02 00:57:49.459  1444  1808 D MDP     : [PQSessionManager] findVideoID[f50d5820] found on index 7
03-02 00:57:49.459  1444  1808 D PQ_HDR  : DpAsyncBlit: job:(2071597 121) in:(720, 1280)[720 368] C8s P1.1.1.0.1, alpha 0, sec0 flush:0 Buffer 1035798: plane=3 bufVA={0x79,0x79,0x79} bufMVA={0x0,0x0,0x0} bufSize={0xe1000,0x39800,0x39800} proxy={0xb4000074f4c6a740,0x0,0x0}fence=-1
03-02 00:57:49.459  1444  1808 D PQ_HDR  : DpAsyncBlit: out 0:(1064, 1920)[2176 0] C5 P1.1.1.0.1 R:0 F:0 S:0 A:0 HDR:0 COLOR:0 CCORR:0 sec0 flush:0 Buffer 1035798: plane=1 bufVA={0x8c,0x0,0x0} bufMVA={0x0,0x0,0x0} bufSize={0x4db200,0x0,0x0} proxy={0xb40000747320b5a0,0x0,0x0}fence=154
03-02 00:57:49.459  1444  1808 D PQ_HDR  : DpAsyncBlit: crop 0:(12.0, 0.0, 708.0, 1280.0) compose:(0, 0, 1063, 1920)
03-02 00:57:49.460  1444  1808 D MDP     : [PQSessionManager] PQSessionManager::getPQSession id[7]
03-02 00:57:49.460  1444  1808 D MDP     : [PQSessionManager] getPQSessionListHandle id[7]
03-02 00:57:49.460  1444  1808 D MDP     : [PQSessionManager] getPQSessionListHandle, find id[7]
03-02 00:57:49.460  1444  1808 D MDP     : [PQSessionManager] PQSessionManager::getPQSession id[7]
03-02 00:57:49.460  1444  1808 D MDP     : [PQSessionManager] getPQSessionListHandle id[7]
03-02 00:57:49.460  1444  1808 D MDP     : [PQSessionManager] getPQSessionListHandle, find id[7]
03-02 00:57:49.460  1444  1808 D MDP     : PQSession:setPipeNum m_PipeNum[1] value[1] ID[7] DCPath[0] DCDone[0] addr[73225d5f]
03-02 00:57:49.460  1444  1808 D MDP     : [PQSession] getDpPqConfig() id[7] enable[0], scenario[1]
03-02 00:57:49.460  1444  1808 D MDP     : [PQSession] getDpPqConfig() enSharp[0] enDC[0] enColor[0] enHDR[0] enHDRVivid[0] enUR[0] enReFocus[0] enCcorr[0] enDRE[0] enHFG[0] enAIPQ[0] enAISDR2HDR[0] enAIRegionPQ[0] mAdaptiveEnable[0]
03-02 00:57:49.460  1444  1808 D PQ      : [PQRSZConfig] PQRSZConfig::getUREnableStatus = 1
03-02 00:57:49.460  1444  1808 D MDP     : [PQSessionManager] PQSessionManager::getPQSession id[7]
03-02 00:57:49.460  1444  1808 D MDP     : [PQSessionManager] getPQSessionListHandle id[7]
03-02 00:57:49.460  1444  1808 D MDP     : [PQSessionManager] getPQSessionListHandle, find id[7]
03-02 00:57:49.460  1444  1808 D AAL     : [PQEngineInterface] DpEngineTDSHPConfigFrame(0) pqSessionId = 7
03-02 00:57:49.460  1444  1808 D MDP     : [PQSession] getDpPqConfig() id[7] enable[0], scenario[1]
03-02 00:57:49.460  1444  1808 D MDP     : [PQSession] getDpPqConfig() enSharp[0] enDC[0] enColor[0] enHDR[0] enHDRVivid[0] enUR[0] enReFocus[0] enCcorr[0] enDRE[0] enHFG[0] enAIPQ[0] enAISDR2HDR[0] enAIRegionPQ[0] mAdaptiveEnable[0]
03-02 00:57:49.460  1444  1808 D AAL     : [PQEngineInterface] DpEngineTDSHPConfigFrame(0) tdshpEnable(0) enSharp(0) enDC(0) enHFG(0)
03-02 00:57:49.461  1444  1808 D MDP     : [PQSessionManager] PQSessionManager::getPQSession id[7]
03-02 00:57:49.461  1444  1808 D MDP     : [PQSessionManager] getPQSessionListHandle id[7]
03-02 00:57:49.461  1444  1808 D MDP     : [PQSessionManager] getPQSessionListHandle, find id[7]
03-02 00:57:49.461  1444  1808 D MDP     : [PQSession] getDpPqConfig() id[7] enable[0], scenario[1]
03-02 00:57:49.461  1444  1808 D MDP     : [PQSession] getDpPqConfig() enSharp[0] enDC[0] enColor[0] enHDR[0] enHDRVivid[0] enUR[0] enReFocus[0] enCcorr[0] enDRE[0] enHFG[0] enAIPQ[0] enAISDR2HDR[0] enAIRegionPQ[0] mAdaptiveEnable[0]
03-02 00:57:49.461  1444  1808 W AAL     : DpEngine_AAL: relay 1
03-02 00:57:49.461  1444  1808 D AAL     : [PQEngineInterface] DpEngineTDSHPConfigTile(0) InpSize: 791, 1920, OutSize: 791, 1920
03-02 00:57:49.461  1444  1808 D MDP     : [PQSessionManager] PQSessionManager::getPQSession id[7]
03-02 00:57:49.461  1444  1808 D MDP     : [PQSessionManager] getPQSessionListHandle id[7]
03-02 00:57:49.461  1444  1808 D MDP     : [PQSessionManager] getPQSessionListHandle, find id[7]
03-02 00:57:49.461  1444  1808 D PQ      : [PQHFGConfig] PQHFGConfig::isEnabled = 2
03-02 00:57:49.461  1444  1808 D MDP     : [PQSession] getDpPqConfig() id[7] enable[0], scenario[1]
03-02 00:57:49.461  1444  1808 D MDP     : [PQSession] getDpPqConfig() enSharp[0] enDC[0] enColor[0] enHDR[0] enHDRVivid[0] enUR[0] enReFocus[0] enCcorr[0] enDRE[0] enHFG[0] enAIPQ[0] enAISDR2HDR[0] enAIRegionPQ[0] mAdaptiveEnable[0]
03-02 00:57:49.461  1444  1808 D AAL     : [PQEngineInterface] DpEngineAALCongTile(0) MDP_aal_size = 36177152
03-02 00:57:49.461  1444  1808 D AAL     : [PQEngineInterface(1791345034)::MDP_AAL_output_offset = 0
03-02 00:57:49.461  1444  1808 D AAL     : [PQEngineInterface] DpEngineAALCongTile(0) MDP_AAL_output_size = 35652864
03-02 00:57:49.461  1444  1808 D AAL     : [PQEngineInterface] DpEngineAALCongTile(0) inTileXRight = 551, inTileXLeft = 0
03-02 00:57:49.461  1444  1808 D AAL     : [PQEngineInterface] DpEngineAALCongTile(0) inTileYBottom = 543, inTileYTop = 0
03-02 00:57:49.461  1444  1808 D AAL     : [PQEngineInterface] DpEngineAALCongTile(0) outTileXRight = 1279, outTileXLeft = 0
03-02 00:57:49.461  1444  1808 D AAL     : [PQEngineInterface] DpEngineAALCongTile(0) m_outTileYBottom = 1279, m_outTileYTop = 0
03-02 00:57:49.461  1444  1808 D MDP     : [PQSessionManager] PQSessionManager::getPQSession id[7]
03-02 00:57:49.461  1444  1808 D MDP     : [PQSessionManager] getPQSessionListHandle id[7]
03-02 00:57:49.461  1444  1808 D MDP     : [PQSessionManager] getPQSessionListHandle, find id[7]
03-02 00:57:49.461  1444  1808 D AAL     : [PQEngineInterface] DpEngineAALCongTile(0)cropOffset[X, Y]=[1, 0], crop[Wid, Hei]=[0, 720]
03-02 00:57:49.461  1444  1808 D MDP     : [PQSessionManager] PQSessionManager::getPQSession id[7]
03-02 00:57:49.461  1444  1808 D MDP     : [PQSessionManager] getPQSessionListHandle id[7]
03-02 00:57:49.461  1444  1808 D MDP     : [PQSessionManager] getPQSessionListHandle, find id[7]
03-02 00:57:49.461  1444  1808 D AAL     : [PQEngineInterface] DpEngineHDRConfigTile(0) outTileXLeft = 0, outTileXRight = 551
03-02 00:57:49.461  1444  1808 D AAL     : [PQEngineInterface] DpEngineHDRConfigTile(0) inTileXLeft = 0, inTileXRight = 551
03-02 00:57:49.461  1444  1808 D AAL     : [PQEngineInterface] DpEngineHDRConfigTile(0) HDR_out_start_x = 0, HDR_out_end_x = 551, src h: 552,v: 1280
03-02 00:57:49.461  1444  1808 D AAL     : [PQEngineInterface] DpEngineHDRConfigTile(0) HDR_hist_end_x = 0, HDR_hist_begin_x = 0
03-02 00:57:49.461  1444  1808 D AAL     : [PQEngineInterface] DpEngineHDRConfigTile(0) HDR_first_tile = 0, HDR_last_tile = 0
03-02 00:57:49.461  1444  1808 D AAL     : [PQEngineInterface] DpEngineHDRConfigTile(0) inFrameWidth = 720 , middlePosX = 0
03-02 00:57:49.461  2013  3345 I WindowManager: Relayout Window{451a94 u0 com.podcast.app.debug/androidx.activity.ComponentActivity}: viewVisibility=0 req=1080x2340 ty=1 d0
03-02 00:57:49.461  1444  1808 D AAL     : [PQEngineInterface] DpEngineTDSHPConfigTile(0) InpSize: 274, 1920, OutSize: 274, 1920
03-02 00:57:49.461  1444  1808 D MDP     : [PQSessionManager] PQSessionManager::getPQSession id[7]
03-02 00:57:49.461  1444  1808 D MDP     : [PQSessionManager] getPQSessionListHandle id[7]
03-02 00:57:49.461  1444  1808 D MDP     : [PQSessionManager] getPQSessionListHandle, find id[7]
03-02 00:57:49.461  1444  1808 D PQ      : [PQHFGConfig] PQHFGConfig::isEnabled = 2
03-02 00:57:49.461  1444  1808 D MDP     : [PQSession] getDpPqConfig() id[7] enable[0], scenario[1]
03-02 00:57:49.461  1444  1808 D MDP     : [PQSession] getDpPqConfig() enSharp[0] enDC[0] enColor[0] enHDR[0] enHDRVivid[0] enUR[0] enReFocus[0] enCcorr[0] enDRE[0] enHFG[0] enAIPQ[0] enAISDR2HDR[0] enAIRegionPQ[0] mAdaptiveEnable[0]
03-02 00:57:49.461  1444  1808 D AAL     : [PQEngineInterface] DpEngineAALCongTile(0) MDP_aal_size = 12715264
03-02 00:57:49.461  1444  1808 D AAL     : [PQEngineInterface(1791345034)::MDP_AAL_output_offset = 0
03-02 00:57:49.461  1444  1808 D AAL     : [PQEngineInterface] DpEngineAALCongTile(0) MDP_AAL_output_size = 12190976
03-02 00:57:49.461  1444  1808 D AAL     : [PQEngineInterface] DpEngineAALCongTile(0) inTileXRight = 719, inTileXLeft = 526
03-02 00:57:49.461  1444  1808 D AAL     : [PQEngineInterface] DpEngineAALCongTile(0) inTileYBottom = 719, inTileYTop = 0
03-02 00:57:49.461  1444  1808 D AAL     : [PQEngineInterface] DpEngineAALCongTile(0) outTileXRight = 1279, outTileXLeft = 534
03-02 00:57:49.461  1444  1808 D AAL     : [PQEngineInterface] DpEngineAALCongTile(0) m_outTileYBottom = 1279, m_outTileYTop = 0
03-02 00:57:49.461  1444  1808 D MDP     : [PQSessionManager] PQSessionManager::getPQSession id[7]
03-02 00:57:49.461  1444  1808 D MDP     : [PQSessionManager] getPQSessionListHandle id[7]
03-02 00:57:49.461  1444  1808 D MDP     : [PQSessionManager] getPQSessionListHandle, find id[7]
03-02 00:57:49.461  1444  1808 D AAL     : [PQEngineInterface] DpEngineAALCongTile(0)cropOffset[X, Y]=[1, 0], crop[Wid, Hei]=[0, 720]
03-02 00:57:49.461  1444  1808 D MDP     : [PQSessionManager] PQSessionManager::getPQSession id[7]
03-02 00:57:49.461  1444  1808 D MDP     : [PQSessionManager] getPQSessionListHandle id[7]
03-02 00:57:49.461  1444  1808 D MDP     : [PQSessionManager] getPQSessionListHandle, find id[7]
03-02 00:57:49.461  1444  1808 D AAL     : [PQEngineInterface] DpEngineHDRConfigTile(0) outTileXLeft = 526, outTileXRight = 719
03-02 00:57:49.461  1444  1808 D AAL     : [PQEngineInterface] DpEngineHDRConfigTile(0) inTileXLeft = 526, inTileXRight = 719
03-02 00:57:49.461  1444  1808 D AAL     : [PQEngineInterface] DpEngineHDRConfigTile(0) HDR_out_start_x = 0, HDR_out_end_x = 193, src h: 194,v: 1280
03-02 00:57:49.461  1444  1808 D AAL     : [PQEngineInterface] DpEngineHDRConfigTile(0) HDR_hist_end_x = 0, HDR_hist_begin_x = 0
03-02 00:57:49.461  1444  1808 D AAL     : [PQEngineInterface] DpEngineHDRConfigTile(0) HDR_first_tile = 0, HDR_last_tile = 0
03-02 00:57:49.461  1444  1808 D AAL     : [PQEngineInterface] DpEngineHDRConfigTile(0) inFrameWidth = 720 , middlePosX = 0
03-02 00:57:49.461  1444  1808 D MDP     : [PQSessionManager] PQSessionManager::getPQSession id[7]
03-02 00:57:49.461  1444  1808 D MDP     : [PQSessionManager] getPQSessionListHandle id[7]
03-02 00:57:49.461  1444  1808 D MDP     : [PQSessionManager] getPQSessionListHandle, find id[7]
03-02 00:57:49.461  1444  1808 D MDP     : [PQSessionManager] PQSessionManager::getPQSession id[7]
03-02 00:57:49.461  1444  1808 D MDP     : [PQSessionManager] getPQSessionListHandle id[7]
03-02 00:57:49.461  1444  1808 D MDP     : [PQSessionManager] getPQSessionListHandle, find id[7]
03-02 00:57:49.462  1507  1907 I SurfaceFlinger: id=157039 createSurf, flag=44004, com.podcast.app.debug/androidx.activity.ComponentActivity$_17121#157039
03-02 00:57:49.463  1445  2902 W C2MtkBufferManager: [0xB4000070F507E520] fetchNewCcBlock: wait fence 0x0xb4000070f5058270 timed out. ret 110
03-02 00:57:49.463  1507  1907 I SurfaceFlinger: id=157040 createSurf, flag=24000, Surface(name=c536234 NavigationBar0)/@0xfac847b - animation-leash of insets_animation#157040
03-02 00:57:49.464  1507  1907 I SurfaceFlinger: id=157041 createSurf, flag=24000, Surface(name=a5d3a68 StatusBar)/@0xd5726d6 - animation-leash of insets_animation#157041
03-02 00:57:49.467  1507  1507 I SurfaceFlinger: [8cde9a5 ActivityRecordInputSink com.podcast.app.debug/androidx.activity.ComponentActivity#157038] attach to parent LayerHierarchy{RequestedLayerState{ActivityRecord{55061803 u0 com.podcast.app.debug/androidx.activity.ComponentActivity t44912}#157033 parentId=157032} 3 children}
03-02 00:57:49.467  1507  1507 I SurfaceFlinger: [com.podcast.app.debug/androidx.activity.ComponentActivity$_17121#157039] attach to parent LayerHierarchy{RequestedLayerState{451a94 com.podcast.app.debug/androidx.activity.ComponentActivity#157036 parentId=157033} 1 children}
03-02 00:57:49.467  1507  1507 I SurfaceFlinger: [Surface(name=c536234 NavigationBar0)/@0xfac847b - animation-leash of insets_animation#157040] attach to parent LayerHierarchy{RequestedLayerState{WindowToken{5cf38d1 type=2019 android.os.BinderProxy@916675b}#101 parentId=34} 2 children}
03-02 00:57:49.467  1507  1507 I SurfaceFlinger: [Surface(name=a5d3a68 StatusBar)/@0xd5726d6 - animation-leash of insets_animation#157041] attach to parent LayerHierarchy{RequestedLayerState{WindowToken{d05298b type=2000 android.os.BinderProxy@163b705}#108 parentId=17} 2 children}
03-02 00:57:49.470  2746  2746 D NavigationBar: onSystemBarAttributesChanged() -  displayId:0, appearance:0, packageName: com.podcast.app.debug, navbarColorManagedByIme:false
03-02 00:57:49.471  1444  1809 D MDP     : [PQSessionManager] PQSessionManager::getPQSession id[7]
03-02 00:57:49.471  1507  1907 I SurfaceFlinger: id=157042 createSurf, flag=24000, Surface(name=c536234 NavigationBar0)/@0xfac847b - animation-leash of insets_animation#157042
03-02 00:57:49.471  1444  1809 D MDP     : [PQSessionManager] getPQSessionListHandle id[7]
03-02 00:57:49.471  1444  1809 D MDP     : [PQSessionManager] getPQSessionListHandle, find id[7]
03-02 00:57:49.471  1444  1809 D MDP     : [PQSessionManager] findVideoID[f50d5820] found on index 7
03-02 00:57:49.471  1444  1808 D MDP     : [PQSessionManager] findVideoID[f50d5820] found on index 7
03-02 00:57:49.471  1444  1808 D MDP     : [PQSessionManager] createPQSession(7) user(0xb4000074f4d46d80)
03-02 00:57:49.471  1444  1808 D MDP     : [PQSessionManager] Duplicated ID[7] found, please check if double createPQSession!
03-02 00:57:49.471  1444  1808 D MDP     : [PQSessionManager] getPQSessionListHandle id[7]
03-02 00:57:49.471  1444  1808 D MDP     : [PQSessionManager] getPQSessionListHandle, find id[7]
03-02 00:57:49.471  1444  1808 D MDP     : [PQSession] incRefCount id[7] user[0xb4000074f4d46d80] existed
03-02 00:57:49.471  1444  1808 D MDP     : [PQSession] incRefCount id[7] user[0xb4000074f4d46d80] numOfUser[1]
03-02 00:57:49.471  1444  1808 D MDP     : [PQSession] numElements[0] key[0] metaData[0]
03-02 00:57:49.471  1444  1808 D MDP     : [PQSession] setPQParam() id[7] enable[0], scenario[1]
03-02 00:57:49.471  1444  1808 D PQ      : PQDSConfig::getEnableStatus check1  time 0 ms
03-02 00:57:49.471  1444  1808 D PQ      : [PQDSConfig] PQDSConfig::getEnableStatus = 1
03-02 00:57:49.471  1444  1808 D PQ      : [PQDSConfig] m_TDSHPTableInit 1
03-02 00:57:49.471  1444  1808 D PQ      : [PQDSConfig] getAshmemContext(SHP_ENABLE) = 1
03-02 00:57:49.472  1444  1808 D PQ      : PQDSConfig::getEnableStatus check2  time 1 ms
03-02 00:57:49.472  1444  1808 D PQ      : [PQDSConfig] PQDSConfig::getUREnableStatus = 1
03-02 00:57:49.472  1444  1808 D MDP     : [PQSession] setDpPqConfig m_svp = 0, enDRE = 0
03-02 00:57:49.472  1444  1808 D MDP     : setPQParam globalPQSupport = [0] globalPQSwitch = [0] globalPQStrength = [0] globalPQType = [0]
03-02 00:57:49.472  1444  1808 D MDP     : [PQSession] setPQparam userId[0x0], scenario[1], enDRE[0]
03-02 00:57:49.472  1444  1808 D MDP     : [PQSession] getDpPqConfig() id[7] enable[0], scenario[1]
03-02 00:57:49.472  1444  1808 D MDP     : [PQSession] getDpPqConfig() enSharp[0] enDC[0] enColor[0] enHDR[0] enHDRVivid[0] enUR[0] enReFocus[0] enCcorr[0] enDRE[0] enHFG[0] enAIPQ[0] enAISDR2HDR[0] enAIRegionPQ[0] mAdaptiveEnable[0]
03-02 00:57:49.472  1444  1808 D MDP     : [PQSession] setPQDREParam userId[0x0] scenario[1] enDRE[0]
03-02 00:57:49.472  1444  1808 D MDP     : [PQSessionManager] findVideoID[f50d5820] found on index 7
03-02 00:57:49.472  1444  1808 D PQ_HDR  : DpAsyncBlit: job:(2071599 107) in:(720, 1280)[720 368] C8s P1.1.1.0.1, alpha 0, sec0 flush:0 Buffer 1035799: plane=3 bufVA={0x6b,0x6b,0x6b} bufMVA={0x0,0x0,0x0} bufSize={0xe1000,0x39800,0x39800} proxy={0xb4000074f4c6a780,0x0,0x0}fence=-1
03-02 00:57:49.472  1444  1808 D PQ_HDR  : DpAsyncBlit: out 0:(1066, 1920)[2176 0] C5 P1.1.1.0.1 R:0 F:0 S:0 A:0 HDR:0 COLOR:0 CCORR:0 sec0 flush:0 Buffer 1035799: plane=1 bufVA={0x82,0x0,0x0} bufMVA={0x0,0x0,0x0} bufSize={0x4db200,0x0,0x0} proxy={0xb40000747320b740,0x0,0x0}fence=153
03-02 00:57:49.472  1444  1808 D PQ_HDR  : DpAsyncBlit: crop 0:(10.0, 0.0, 710.0, 1280.0) compose:(0, 0, 1065, 1920)
03-02 00:57:49.472  1444  1808 D MDP     : [PQSessionManager] PQSessionManager::getPQSession id[7]
03-02 00:57:49.472  1444  1808 D MDP     : [PQSessionManager] getPQSessionListHandle id[7]
03-02 00:57:49.472  1444  1808 D MDP     : [PQSessionManager] getPQSessionListHandle, find id[7]
03-02 00:57:49.472  1444  1808 D MDP     : [PQSessionManager] PQSessionManager::getPQSession id[7]
03-02 00:57:49.472  1444  1808 D MDP     : [PQSessionManager] getPQSessionListHandle id[7]
03-02 00:57:49.472  1444  1808 D MDP     : [PQSessionManager] getPQSessionListHandle, find id[7]
03-02 00:57:49.472  1444  1808 D MDP     : PQSession:setPipeNum m_PipeNum[1] value[1] ID[7] DCPath[0] DCDone[0] addr[73225d5f]
03-02 00:57:49.472  1444  1808 D MDP     : [PQSession] getDpPqConfig() id[7] enable[0], scenario[1]
03-02 00:57:49.472  1444  1808 D MDP     : [PQSession] getDpPqConfig() enSharp[0] enDC[0] enColor[0] enHDR[0] enHDRVivid[0] enUR[0] enReFocus[0] enCcorr[0] enDRE[0] enHFG[0] enAIPQ[0] enAISDR2HDR[0] enAIRegionPQ[0] mAdaptiveEnable[0]
03-02 00:57:49.472  1444  1808 D PQ      : [PQRSZConfig] PQRSZConfig::getUREnableStatus = 1
03-02 00:57:49.472  1444  1808 D MDP     : [PQSessionManager] PQSessionManager::getPQSession id[7]
03-02 00:57:49.472  1444  1808 D MDP     : [PQSessionManager] getPQSessionListHandle id[7]
03-02 00:57:49.472  1444  1808 D MDP     : [PQSessionManager] getPQSessionListHandle, find id[7]
03-02 00:57:49.473  1444  1808 D AAL     : [PQEngineInterface] DpEngineTDSHPConfigFrame(0) pqSessionId = 7
03-02 00:57:49.473  1444  1808 D MDP     : [PQSession] getDpPqConfig() id[7] enable[0], scenario[1]
03-02 00:57:49.473  1444  1808 D MDP     : [PQSession] getDpPqConfig() enSharp[0] enDC[0] enColor[0] enHDR[0] enHDRVivid[0] enUR[0] enReFocus[0] enCcorr[0] enDRE[0] enHFG[0] enAIPQ[0] enAISDR2HDR[0] enAIRegionPQ[0] mAdaptiveEnable[0]
03-02 00:57:49.473  1444  1808 D AAL     : [PQEngineInterface] DpEngineTDSHPConfigFrame(0) tdshpEnable(0) enSharp(0) enDC(0) enHFG(0)
03-02 00:57:49.473  1507  1907 I SurfaceFlinger: id=157043 createSurf, flag=24000, Surface(name=a5d3a68 StatusBar)/@0xd5726d6 - animation-leash of insets_animation#157043
03-02 00:57:49.473  1444  1808 D MDP     : [PQSessionManager] PQSessionManager::getPQSession id[7]
03-02 00:57:49.473  1444  1808 D MDP     : [PQSessionManager] getPQSessionListHandle id[7]
03-02 00:57:49.473  1444  1808 D MDP     : [PQSessionManager] getPQSessionListHandle, find id[7]
03-02 00:57:49.473  1444  1808 D MDP     : [PQSession] getDpPqConfig() id[7] enable[0], scenario[1]
03-02 00:57:49.473  1444  1808 D MDP     : [PQSession] getDpPqConfig() enSharp[0] enDC[0] enColor[0] enHDR[0] enHDRVivid[0] enUR[0] enReFocus[0] enCcorr[0] enDRE[0] enHFG[0] enAIPQ[0] enAISDR2HDR[0] enAIRegionPQ[0] mAdaptiveEnable[0]
03-02 00:57:49.473  1444  1808 W AAL     : DpEngine_AAL: relay 1
03-02 00:57:49.473  1444  1808 D AAL     : [PQEngineInterface] DpEngineTDSHPConfigTile(0) InpSize: 793, 1920, OutSize: 793, 1920
03-02 00:57:49.473  1444  1808 D MDP     : [PQSessionManager] PQSessionManager::getPQSession id[7]
03-02 00:57:49.473  1444  1808 D MDP     : [PQSessionManager] getPQSessionListHandle id[7]
03-02 00:57:49.473  1444  1808 D MDP     : [PQSessionManager] getPQSessionListHandle, find id[7]
03-02 00:57:49.473  1444  1808 D PQ      : [PQHFGConfig] PQHFGConfig::isEnabled = 2
03-02 00:57:49.473  1444  1808 D MDP     : [PQSession] getDpPqConfig() id[7] enable[0], scenario[1]
03-02 00:57:49.473  1444  1808 D MDP     : [PQSession] getDpPqConfig() enSharp[0] enDC[0] enColor[0] enHDR[0] enHDRVivid[0] enUR[0] enReFocus[0] enCcorr[0] enDRE[0] enHFG[0] enAIPQ[0] enAISDR2HDR[0] enAIRegionPQ[0] mAdaptiveEnable[0]
03-02 00:57:49.473  1444  1808 D AAL     : [PQEngineInterface] DpEngineAALCongTile(0) MDP_aal_size = 36177152
03-02 00:57:49.473  1444  1808 D AAL     : [PQEngineInterface(1791345034)::MDP_AAL_output_offset = 0
03-02 00:57:49.473  1444  1808 D AAL     : [PQEngineInterface] DpEngineAALCongTile(0) MDP_AAL_output_size = 35652864
03-02 00:57:49.473  1444  1808 D AAL     : [PQEngineInterface] DpEngineAALCongTile(0) inTileXRight = 551, inTileXLeft = 0
03-02 00:57:49.473  1444  1808 D AAL     : [PQEngineInterface] DpEngineAALCongTile(0) inTileYBottom = 543, inTileYTop = 0
03-02 00:57:49.473  1444  1808 D AAL     : [PQEngineInterface] DpEngineAALCongTile(0) outTileXRight = 1279, outTileXLeft = 0
03-02 00:57:49.473  1444  1808 D AAL     : [PQEngineInterface] DpEngineAALCongTile(0) m_outTileYBottom = 1279, m_outTileYTop = 0
03-02 00:57:49.473  1444  1808 D MDP     : [PQSessionManager] PQSessionManager::getPQSession id[7]
03-02 00:57:49.473  1444  1808 D MDP     : [PQSessionManager] getPQSessionListHandle id[7]
03-02 00:57:49.473  1444  1808 D MDP     : [PQSessionManager] getPQSessionListHandle, find id[7]
03-02 00:57:49.473  1444  1808 D AAL     : [PQEngineInterface] DpEngineAALCongTile(0)cropOffset[X, Y]=[1, 0], crop[Wid, Hei]=[0, 720]
03-02 00:57:49.473  1444  1808 D MDP     : [PQSessionManager] PQSessionManager::getPQSession id[7]
03-02 00:57:49.473  1444  1808 D MDP     : [PQSessionManager] getPQSessionListHandle id[7]
03-02 00:57:49.473  1444  1808 D MDP     : [PQSessionManager] getPQSessionListHandle, find id[7]
03-02 00:57:49.473  1444  1808 D AAL     : [PQEngineInterface] DpEngineHDRConfigTile(0) outTileXLeft = 0, outTileXRight = 551
03-02 00:57:49.473  1444  1808 D AAL     : [PQEngineInterface] DpEngineHDRConfigTile(0) inTileXLeft = 0, inTileXRight = 551
03-02 00:57:49.473  1444  1808 D AAL     : [PQEngineInterface] DpEngineHDRConfigTile(0) HDR_out_start_x = 0, HDR_out_end_x = 551, src h: 552,v: 1280
03-02 00:57:49.473  1444  1808 D AAL     : [PQEngineInterface] DpEngineHDRConfigTile(0) HDR_hist_end_x = 0, HDR_hist_begin_x = 0
03-02 00:57:49.473  1444  1808 D AAL     : [PQEngineInterface] DpEngineHDRConfigTile(0) HDR_first_tile = 0, HDR_last_tile = 0
03-02 00:57:49.473  1444  1808 D AAL     : [PQEngineInterface] DpEngineHDRConfigTile(0) inFrameWidth = 720 , middlePosX = 0
03-02 00:57:49.473  1444  1808 D AAL     : [PQEngineInterface] DpEngineTDSHPConfigTile(0) InpSize: 274, 1920, OutSize: 274, 1920
03-02 00:57:49.473  1444  1808 D MDP     : [PQSessionManager] PQSessionManager::getPQSession id[7]
03-02 00:57:49.473  1444  1808 D MDP     : [PQSessionManager] getPQSessionListHandle id[7]
03-02 00:57:49.473  1444  1808 D MDP     : [PQSessionManager] getPQSessionListHandle, find id[7]
03-02 00:57:49.473  1444  1808 D PQ      : [PQHFGConfig] PQHFGConfig::isEnabled = 2
03-02 00:57:49.473  1444  1808 D MDP     : [PQSession] getDpPqConfig() id[7] enable[0], scenario[1]
03-02 00:57:49.473  1444  1808 D MDP     : [PQSession] getDpPqConfig() enSharp[0] enDC[0] enColor[0] enHDR[0] enHDRVivid[0] enUR[0] enReFocus[0] enCcorr[0] enDRE[0] enHFG[0] enAIPQ[0] enAISDR2HDR[0] enAIRegionPQ[0] mAdaptiveEnable[0]
03-02 00:57:49.473  1444  1808 D AAL     : [PQEngineInterface] DpEngineAALCongTile(0) MDP_aal_size = 12715264
03-02 00:57:49.473  1444  1808 D AAL     : [PQEngineInterface(1791345034)::MDP_AAL_output_offset = 0
03-02 00:57:49.473  1444  1808 D AAL     : [PQEngineInterface] DpEngineAALCongTile(0) MDP_AAL_output_size = 12190976
03-02 00:57:49.473  1444  1808 D AAL     : [PQEngineInterface] DpEngineAALCongTile(0) inTileXRight = 719, inTileXLeft = 526
03-02 00:57:49.473  1444  1808 D AAL     : [PQEngineInterface] DpEngineAALCongTile(0) inTileYBottom = 719, inTileYTop = 0
03-02 00:57:49.473  1444  1808 D AAL     : [PQEngineInterface] DpEngineAALCongTile(0) outTileXRight = 1279, outTileXLeft = 534
03-02 00:57:49.473  1444  1808 D AAL     : [PQEngineInterface] DpEngineAALCongTile(0) m_outTileYBottom = 1279, m_outTileYTop = 0
03-02 00:57:49.473  1444  1808 D MDP     : [PQSessionManager] PQSessionManager::getPQSession id[7]
03-02 00:57:49.473  1444  1808 D MDP     : [PQSessionManager] getPQSessionListHandle id[7]
03-02 00:57:49.473  1444  1808 D MDP     : [PQSessionManager] getPQSessionListHandle, find id[7]
03-02 00:57:49.473  1444  1808 D AAL     : [PQEngineInterface] DpEngineAALCongTile(0)cropOffset[X, Y]=[1, 0], crop[Wid, Hei]=[0, 720]
03-02 00:57:49.473  1444  1808 D MDP     : [PQSessionManager] PQSessionManager::getPQSession id[7]
03-02 00:57:49.474  1444  1808 D MDP     : [PQSessionManager] getPQSessionListHandle id[7]
03-02 00:57:49.474  1444  1808 D MDP     : [PQSessionManager] getPQSessionListHandle, find id[7]
03-02 00:57:49.474  1444  1808 D AAL     : [PQEngineInterface] DpEngineHDRConfigTile(0) outTileXLeft = 526, outTileXRight = 719
03-02 00:57:49.474  1444  1808 D AAL     : [PQEngineInterface] DpEngineHDRConfigTile(0) inTileXLeft = 526, inTileXRight = 719
03-02 00:57:49.474  1444  1808 D AAL     : [PQEngineInterface] DpEngineHDRConfigTile(0) HDR_out_start_x = 0, HDR_out_end_x = 193, src h: 194,v: 1280
03-02 00:57:49.474  1444  1808 D AAL     : [PQEngineInterface] DpEngineHDRConfigTile(0) HDR_hist_end_x = 0, HDR_hist_begin_x = 0
03-02 00:57:49.474  1444  1808 D AAL     : [PQEngineInterface] DpEngineHDRConfigTile(0) HDR_first_tile = 0, HDR_last_tile = 0
03-02 00:57:49.474  1444  1808 D AAL     : [PQEngineInterface] DpEngineHDRConfigTile(0) inFrameWidth = 720 , middlePosX = 0
03-02 00:57:49.474  1444  1808 D MDP     : [PQSessionManager] PQSessionManager::getPQSession id[7]
03-02 00:57:49.474  1444  1808 D MDP     : [PQSessionManager] getPQSessionListHandle id[7]
03-02 00:57:49.474  1444  1808 D MDP     : [PQSessionManager] getPQSessionListHandle, find id[7]
03-02 00:57:49.474  1444  1808 D MDP     : [PQSessionManager] PQSessionManager::getPQSession id[7]
03-02 00:57:49.474  1444  1808 D MDP     : [PQSessionManager] getPQSessionListHandle id[7]
03-02 00:57:49.474  1444  1808 D MDP     : [PQSessionManager] getPQSessionListHandle, find id[7]
03-02 00:57:49.475  2013  3345 I SystemKeyManager: requested systemKeyInfo size=1 focusedWindow=com.podcast.app.debug/androidx.activity.ComponentActivity
03-02 00:57:49.475  2013  3345 I SystemKeyManager: requested systemKeyInfo size=2 focusedWindow=com.podcast.app.debug/androidx.activity.ComponentActivity
03-02 00:57:49.475  2013  3345 I WindowManager: Relayout hash=451a94, pid=17121, syncId=-1: mAttrs={(0,0)(fillxfill) sim={adjust=pan forwardNavigation} layoutInDisplayCutoutMode=always ty=BASE_APPLICATION wanim=0x1030317
03-02 00:57:49.475  2013  3345 I WindowManager:   fl=81810100
03-02 00:57:49.475  2013  3345 I WindowManager:   pfl=100088c0
03-02 00:57:49.475  2013  3345 I WindowManager:   bhv=1
03-02 00:57:49.475  2013  3345 I WindowManager:   fitSides=0
03-02 00:57:49.475  2013  3345 I WindowManager:   frameRateBoostOnTouch=true
03-02 00:57:49.475  2013  3345 I WindowManager:   dvrrWindowFrameRateHint=true naviIconColor=0}
03-02 00:57:49.476 17121 17121 D BufferQueueConsumer: [](id:42e100000029,api:0,p:-1,c:17121) connect: controlledByApp=false
03-02 00:57:49.477 17121 17121 I BLASTBufferQueue: [VRI[ComponentActivity]@54828ef#41](f:0,a:0,s:0) constructor()
03-02 00:57:49.477 17121 17121 I BLASTBufferQueue_Java: new BLASTBufferQueue, mName= VRI[ComponentActivity]@54828ef mNativeObject= 0xb400007867aa1400 caller= android.view.ViewRootImpl.updateBlastSurfaceIfNeeded:3585 android.view.ViewRootImpl.relayoutWindow:11685 android.view.ViewRootImpl.performTraversals:4804 android.view.ViewRootImpl.doTraversal:3924 android.view.ViewRootImpl$TraversalRunnable.run:12903 android.view.Choreographer$CallbackRecord.run:1901 android.view.Choreographer$CallbackRecord.run:1910 android.view.Choreographer.doCallbacks:1367 android.view.Choreographer.doFrame:1292 android.view.Choreographer$FrameDisplayEventReceiver.run:1870
03-02 00:57:49.477 17121 17121 I BLASTBufferQueue_Java: update, w= 1080 h= 2340 mName = VRI[ComponentActivity]@54828ef mNativeObject= 0xb400007867aa1400 sc.mNativeObject= 0xb40000772b476700 format= -1 caller= android.view.ViewRootImpl.updateBlastSurfaceIfNeeded:3590 android.view.ViewRootImpl.relayoutWindow:11685 android.view.ViewRootImpl.performTraversals:4804 android.view.ViewRootImpl.doTraversal:3924 android.view.ViewRootImpl$TraversalRunnable.run:12903 android.view.Choreographer$CallbackRecord.run:1901
03-02 00:57:49.477 17121 17121 I BLASTBufferQueue: [VRI[ComponentActivity]@54828ef#41](f:0,a:0,s:0) update width=1080 height=2340 format=-1 mTransformHint=0
03-02 00:57:49.478 17121 17121 I VRI[ComponentActivity]@54828ef: Relayout returned: old=(0,0,1080,2340) new=(0,0,1080,2340) relayoutAsync=false req=(1080,2340)0 dur=37 res=0x3 s={true 0xb40000786789e500} ch=true seqId=0
03-02 00:57:49.479  1507  1507 I SurfaceFlinger: [Surface(name=c536234 NavigationBar0)/@0xfac847b - animation-leash of insets_animation#157042] attach to parent LayerHierarchy{RequestedLayerState{WindowToken{5cf38d1 type=2019 android.os.BinderProxy@916675b}#101 parentId=34} 3 children}
03-02 00:57:49.479  1507  1507 I SurfaceFlinger: [Surface(name=a5d3a68 StatusBar)/@0xd5726d6 - animation-leash of insets_animation#157043] attach to parent LayerHierarchy{RequestedLayerState{WindowToken{d05298b type=2000 android.os.BinderProxy@163b705}#108 parentId=17} 3 children}
03-02 00:57:49.479 25915 26075 I Rubin   : [4019] M.c0.k(Unknown Source) : Notify com.samsung.android.rubin.inferenceengine.contextanalytics.engine.loggers.AppUsageLogger's database is updated.
03-02 00:57:49.481 17121 17121 I VRI[ComponentActivity]@54828ef: performConfigurationChange setNightDimText nightDimLevel=0
03-02 00:57:49.482  1444  1809 D MDP     : [PQSessionManager] PQSessionManager::getPQSession id[7]
03-02 00:57:49.482  1444  1809 D MDP     : [PQSessionManager] getPQSessionListHandle id[7]
03-02 00:57:49.482  1444  1809 D MDP     : [PQSessionManager] getPQSessionListHandle, find id[7]
03-02 00:57:49.482 17121 17121 D VRI[ComponentActivity]@54828ef: mThreadedRenderer.initialize() mSurface={isValid=true 0xb40000786789e500} hwInitialized=true
03-02 00:57:49.482  1444  1809 D MDP     : [PQSessionManager] findVideoID[f50d5820] found on index 7
03-02 00:57:49.483 17121 17121 D VRI[ComponentActivity]@54828ef: reportNextDraw android.view.ViewRootImpl.performTraversals:5443 android.view.ViewRootImpl.doTraversal:3924 android.view.ViewRootImpl$TraversalRunnable.run:12903 android.view.Choreographer$CallbackRecord.run:1901 android.view.Choreographer$CallbackRecord.run:1910
03-02 00:57:49.483  1444  1808 D MDP     : [PQSessionManager] findVideoID[f50d5820] found on index 7
03-02 00:57:49.483  1444  1808 D MDP     : [PQSessionManager] createPQSession(7) user(0xb4000074f4d46d80)
03-02 00:57:49.483  1444  1808 D MDP     : [PQSessionManager] Duplicated ID[7] found, please check if double createPQSession!
03-02 00:57:49.483  1444  1808 D MDP     : [PQSessionManager] getPQSessionListHandle id[7]
03-02 00:57:49.483  1444  1808 D MDP     : [PQSessionManager] getPQSessionListHandle, find id[7]
03-02 00:57:49.483  1444  1808 D MDP     : [PQSession] incRefCount id[7] user[0xb4000074f4d46d80] existed
03-02 00:57:49.483  1444  1808 D MDP     : [PQSession] incRefCount id[7] user[0xb4000074f4d46d80] numOfUser[1]
03-02 00:57:49.483  1444  1808 D MDP     : [PQSession] numElements[0] key[0] metaData[0]
03-02 00:57:49.483  1444  1808 D MDP     : [PQSession] setPQParam() id[7] enable[0], scenario[1]
03-02 00:57:49.483  1444  1808 D PQ      : PQDSConfig::getEnableStatus check1  time 0 ms
03-02 00:57:49.483  1444  1808 D PQ      : [PQDSConfig] PQDSConfig::getEnableStatus = 1
03-02 00:57:49.483  1444  1808 D PQ      : [PQDSConfig] m_TDSHPTableInit 1
03-02 00:57:49.483  1444  1808 D PQ      : [PQDSConfig] getAshmemContext(SHP_ENABLE) = 1
03-02 00:57:49.483  1444  1808 D PQ      : PQDSConfig::getEnableStatus check2  time 0 ms
03-02 00:57:49.483  1444  1808 D PQ      : [PQDSConfig] PQDSConfig::getUREnableStatus = 1
03-02 00:57:49.483  1444  1808 D MDP     : [PQSession] setDpPqConfig m_svp = 0, enDRE = 0
03-02 00:57:49.483  1444  1808 D MDP     : setPQParam globalPQSupport = [0] globalPQSwitch = [0] globalPQStrength = [0] globalPQType = [0]
03-02 00:57:49.483  1444  1808 D MDP     : [PQSession] setPQparam userId[0x0], scenario[1], enDRE[0]
03-02 00:57:49.483  1444  1808 D MDP     : [PQSession] getDpPqConfig() id[7] enable[0], scenario[1]
03-02 00:57:49.483  1444  1808 D MDP     : [PQSession] getDpPqConfig() enSharp[0] enDC[0] enColor[0] enHDR[0] enHDRVivid[0] enUR[0] enReFocus[0] enCcorr[0] enDRE[0] enHFG[0] enAIPQ[0] enAISDR2HDR[0] enAIRegionPQ[0] mAdaptiveEnable[0]
03-02 00:57:49.483  1444  1808 D MDP     : [PQSession] setPQDREParam userId[0x0] scenario[1] enDRE[0]
03-02 00:57:49.483  1444  1808 D MDP     : [PQSessionManager] findVideoID[f50d5820] found on index 7
03-02 00:57:49.483  1444  1808 D PQ_HDR  : DpAsyncBlit: job:(2071601 108) in:(720, 1280)[720 368] C8s P1.1.1.0.1, alpha 0, sec0 flush:0 Buffer 1035800: plane=3 bufVA={0x6c,0x6c,0x6c} bufMVA={0x0,0x0,0x0} bufSize={0xe1000,0x39800,0x39800} proxy={0xb4000074f4c6a7c0,0x0,0x0}fence=-1
03-02 00:57:49.483  1444  1808 D PQ_HDR  : DpAsyncBlit: out 0:(1068, 1920)[2176 0] C5 P1.1.1.0.1 R:0 F:0 S:0 A:0 HDR:0 COLOR:0 CCORR:0 sec0 flush:0 Buffer 1035800: plane=1 bufVA={0x8d,0x0,0x0} bufMVA={0x0,0x0,0x0} bufSize={0x4db200,0x0,0x0} proxy={0xb40000747320b4a0,0x0,0x0}fence=158
03-02 00:57:49.483  1444  1808 D PQ_HDR  : DpAsyncBlit: crop 0:(8.0, 0.0, 712.0, 1280.0) compose:(0, 0, 1068, 1920)
03-02 00:57:49.484  1444  1808 D MDP     : [PQSessionManager] PQSessionManager::getPQSession id[7]
03-02 00:57:49.484  1444  1808 D MDP     : [PQSessionManager] getPQSessionListHandle id[7]
03-02 00:57:49.484  1444  1808 D MDP     : [PQSessionManager] getPQSessionListHandle, find id[7]
03-02 00:57:49.484  1444  1808 D MDP     : [PQSessionManager] PQSessionManager::getPQSession id[7]
03-02 00:57:49.484  1444  1808 D MDP     : [PQSessionManager] getPQSessionListHandle id[7]
03-02 00:57:49.484  1444  1808 D MDP     : [PQSessionManager] getPQSessionListHandle, find id[7]
03-02 00:57:49.484  1444  1808 D MDP     : PQSession:setPipeNum m_PipeNum[1] value[1] ID[7] DCPath[0] DCDone[0] addr[73225d5f]
03-02 00:57:49.484  1444  1808 D MDP     : [PQSession] getDpPqConfig() id[7] enable[0], scenario[1]
03-02 00:57:49.484  1444  1808 D MDP     : [PQSession] getDpPqConfig() enSharp[0] enDC[0] enColor[0] enHDR[0] enHDRVivid[0] enUR[0] enReFocus[0] enCcorr[0] enDRE[0] enHFG[0] enAIPQ[0] enAISDR2HDR[0] enAIRegionPQ[0] mAdaptiveEnable[0]
03-02 00:57:49.484  1444  1808 D PQ      : [PQRSZConfig] PQRSZConfig::getUREnableStatus = 1
03-02 00:57:49.484  1444  1808 D MDP     : [PQSessionManager] PQSessionManager::getPQSession id[7]
03-02 00:57:49.484  1444  1808 D MDP     : [PQSessionManager] getPQSessionListHandle id[7]
03-02 00:57:49.484  1444  1808 D MDP     : [PQSessionManager] getPQSessionListHandle, find id[7]
03-02 00:57:49.484  1444  1808 D AAL     : [PQEngineInterface] DpEngineTDSHPConfigFrame(0) pqSessionId = 7
03-02 00:57:49.484  1444  1808 D MDP     : [PQSession] getDpPqConfig() id[7] enable[0], scenario[1]
03-02 00:57:49.484  1444  1808 D MDP     : [PQSession] getDpPqConfig() enSharp[0] enDC[0] enColor[0] enHDR[0] enHDRVivid[0] enUR[0] enReFocus[0] enCcorr[0] enDRE[0] enHFG[0] enAIPQ[0] enAISDR2HDR[0] enAIRegionPQ[0] mAdaptiveEnable[0]
03-02 00:57:49.484  1444  1808 D AAL     : [PQEngineInterface] DpEngineTDSHPConfigFrame(0) tdshpEnable(0) enSharp(0) enDC(0) enHFG(0)
03-02 00:57:49.484 17121 17121 D VRI[ComponentActivity]@54828ef: Setup new sync=wmsSync-VRI[ComponentActivity]@54828ef#82
03-02 00:57:49.484 17121 17121 I VRI[ComponentActivity]@54828ef: Creating new active sync group VRI[ComponentActivity]@54828ef#83
03-02 00:57:49.484  1444  1808 D MDP     : [PQSessionManager] PQSessionManager::getPQSession id[7]
03-02 00:57:49.484  1444  1808 D MDP     : [PQSessionManager] getPQSessionListHandle id[7]
03-02 00:57:49.484  1444  1808 D MDP     : [PQSessionManager] getPQSessionListHandle, find id[7]
03-02 00:57:49.484  1444  1808 D MDP     : [PQSession] getDpPqConfig() id[7] enable[0], scenario[1]
03-02 00:57:49.484  1444  1808 D MDP     : [PQSession] getDpPqConfig() enSharp[0] enDC[0] enColor[0] enHDR[0] enHDRVivid[0] enUR[0] enReFocus[0] enCcorr[0] enDRE[0] enHFG[0] enAIPQ[0] enAISDR2HDR[0] enAIRegionPQ[0] mAdaptiveEnable[0]
03-02 00:57:49.484  1444  1808 W AAL     : DpEngine_AAL: relay 1
03-02 00:57:49.484  1444  1808 D AAL     : [PQEngineInterface] DpEngineTDSHPConfigTile(0) InpSize: 795, 1920, OutSize: 795, 1920
03-02 00:57:49.484 17121 17121 D VRI[ComponentActivity]@54828ef: registerCallbacksForSync syncBuffer=false
03-02 00:57:49.484  1444  1808 D MDP     : [PQSessionManager] PQSessionManager::getPQSession id[7]
03-02 00:57:49.484  1444  1808 D MDP     : [PQSessionManager] getPQSessionListHandle id[7]
03-02 00:57:49.484  1444  1808 D MDP     : [PQSessionManager] getPQSessionListHandle, find id[7]
03-02 00:57:49.484  1444  1808 D PQ      : [PQHFGConfig] PQHFGConfig::isEnabled = 2
03-02 00:57:49.484  1444  1808 D MDP     : [PQSession] getDpPqConfig() id[7] enable[0], scenario[1]
03-02 00:57:49.484  1444  1808 D MDP     : [PQSession] getDpPqConfig() enSharp[0] enDC[0] enColor[0] enHDR[0] enHDRVivid[0] enUR[0] enReFocus[0] enCcorr[0] enDRE[0] enHFG[0] enAIPQ[0] enAISDR2HDR[0] enAIRegionPQ[0] mAdaptiveEnable[0]
03-02 00:57:49.484  1444  1808 D AAL     : [PQEngineInterface] DpEngineAALCongTile(0) MDP_aal_size = 36177152
03-02 00:57:49.484  1444  1808 D AAL     : [PQEngineInterface(1791345034)::MDP_AAL_output_offset = 0
03-02 00:57:49.484  1444  1808 D AAL     : [PQEngineInterface] DpEngineAALCongTile(0) MDP_AAL_output_size = 35652864
03-02 00:57:49.484  1444  1808 D AAL     : [PQEngineInterface] DpEngineAALCongTile(0) inTileXRight = 551, inTileXLeft = 0
03-02 00:57:49.484  1444  1808 D AAL     : [PQEngineInterface] DpEngineAALCongTile(0) inTileYBottom = 543, inTileYTop = 0
03-02 00:57:49.484  1444  1808 D AAL     : [PQEngineInterface] DpEngineAALCongTile(0) outTileXRight = 1279, outTileXLeft = 0
03-02 00:57:49.485  1444  1808 D AAL     : [PQEngineInterface] DpEngineAALCongTile(0) m_outTileYBottom = 1279, m_outTileYTop = 0
03-02 00:57:49.485  1444  1808 D MDP     : [PQSessionManager] PQSessionManager::getPQSession id[7]
03-02 00:57:49.485  1444  1808 D MDP     : [PQSessionManager] getPQSessionListHandle id[7]
03-02 00:57:49.485  1444  1808 D MDP     : [PQSessionManager] getPQSessionListHandle, find id[7]
03-02 00:57:49.485  1444  1808 D AAL     : [PQEngineInterface] DpEngineAALCongTile(0)cropOffset[X, Y]=[1, 0], crop[Wid, Hei]=[0, 720]
03-02 00:57:49.485  1444  1808 D MDP     : [PQSessionManager] PQSessionManager::getPQSession id[7]
03-02 00:57:49.485  1444  1808 D MDP     : [PQSessionManager] getPQSessionListHandle id[7]
03-02 00:57:49.485  1444  1808 D MDP     : [PQSessionManager] getPQSessionListHandle, find id[7]
03-02 00:57:49.485  1444  1808 D AAL     : [PQEngineInterface] DpEngineHDRConfigTile(0) outTileXLeft = 0, outTileXRight = 551
03-02 00:57:49.485  1444  1808 D AAL     : [PQEngineInterface] DpEngineHDRConfigTile(0) inTileXLeft = 0, inTileXRight = 551
03-02 00:57:49.485  1444  1808 D AAL     : [PQEngineInterface] DpEngineHDRConfigTile(0) HDR_out_start_x = 0, HDR_out_end_x = 551, src h: 552,v: 1280
03-02 00:57:49.485  1444  1808 D AAL     : [PQEngineInterface] DpEngineHDRConfigTile(0) HDR_hist_end_x = 0, HDR_hist_begin_x = 0
03-02 00:57:49.485  1444  1808 D AAL     : [PQEngineInterface] DpEngineHDRConfigTile(0) HDR_first_tile = 0, HDR_last_tile = 0
03-02 00:57:49.485  1444  1808 D AAL     : [PQEngineInterface] DpEngineHDRConfigTile(0) inFrameWidth = 720 , middlePosX = 0
03-02 00:57:49.485  1444  1808 D AAL     : [PQEngineInterface] DpEngineTDSHPConfigTile(0) InpSize: 274, 1920, OutSize: 274, 1920
03-02 00:57:49.485  1444  1808 D MDP     : [PQSessionManager] PQSessionManager::getPQSession id[7]
03-02 00:57:49.485  1444  1808 D MDP     : [PQSessionManager] getPQSessionListHandle id[7]
03-02 00:57:49.485  1444  1808 D MDP     : [PQSessionManager] getPQSessionListHandle, find id[7]
03-02 00:57:49.485  1444  1808 D PQ      : [PQHFGConfig] PQHFGConfig::isEnabled = 2
03-02 00:57:49.485  1444  1808 D MDP     : [PQSession] getDpPqConfig() id[7] enable[0], scenario[1]
03-02 00:57:49.485  1444  1808 D MDP     : [PQSession] getDpPqConfig() enSharp[0] enDC[0] enColor[0] enHDR[0] enHDRVivid[0] enUR[0] enReFocus[0] enCcorr[0] enDRE[0] enHFG[0] enAIPQ[0] enAISDR2HDR[0] enAIRegionPQ[0] mAdaptiveEnable[0]
03-02 00:57:49.485  1444  1808 D AAL     : [PQEngineInterface] DpEngineAALCongTile(0) MDP_aal_size = 12715264
03-02 00:57:49.485  1444  1808 D AAL     : [PQEngineInterface(1791345034)::MDP_AAL_output_offset = 0
03-02 00:57:49.485  1444  1808 D AAL     : [PQEngineInterface] DpEngineAALCongTile(0) MDP_AAL_output_size = 12190976
03-02 00:57:49.485  1444  1808 D AAL     : [PQEngineInterface] DpEngineAALCongTile(0) inTileXRight = 719, inTileXLeft = 526
03-02 00:57:49.485  1444  1808 D AAL     : [PQEngineInterface] DpEngineAALCongTile(0) inTileYBottom = 719, inTileYTop = 0
03-02 00:57:49.485  1444  1808 D AAL     : [PQEngineInterface] DpEngineAALCongTile(0) outTileXRight = 1279, outTileXLeft = 534
03-02 00:57:49.485  1444  1808 D AAL     : [PQEngineInterface] DpEngineAALCongTile(0) m_outTileYBottom = 1279, m_outTileYTop = 0
03-02 00:57:49.485  1444  1808 D MDP     : [PQSessionManager] PQSessionManager::getPQSession id[7]
03-02 00:57:49.485  1444  1808 D MDP     : [PQSessionManager] getPQSessionListHandle id[7]
03-02 00:57:49.485  1444  1808 D MDP     : [PQSessionManager] getPQSessionListHandle, find id[7]
03-02 00:57:49.485  1444  1808 D AAL     : [PQEngineInterface] DpEngineAALCongTile(0)cropOffset[X, Y]=[1, 0], crop[Wid, Hei]=[0, 720]
03-02 00:57:49.485  1444  1808 D MDP     : [PQSessionManager] PQSessionManager::getPQSession id[7]
03-02 00:57:49.485  1444  1808 D MDP     : [PQSessionManager] getPQSessionListHandle id[7]
03-02 00:57:49.485  1444  1808 D MDP     : [PQSessionManager] getPQSessionListHandle, find id[7]
03-02 00:57:49.485  1444  1808 D AAL     : [PQEngineInterface] DpEngineHDRConfigTile(0) outTileXLeft = 526, outTileXRight = 719
03-02 00:57:49.485  1444  1808 D AAL     : [PQEngineInterface] DpEngineHDRConfigTile(0) inTileXLeft = 526, inTileXRight = 719
03-02 00:57:49.485  1444  1808 D AAL     : [PQEngineInterface] DpEngineHDRConfigTile(0) HDR_out_start_x = 0, HDR_out_end_x = 193, src h: 194,v: 1280
03-02 00:57:49.485  1444  1808 D AAL     : [PQEngineInterface] DpEngineHDRConfigTile(0) HDR_hist_end_x = 0, HDR_hist_begin_x = 0
03-02 00:57:49.485  1444  1808 D AAL     : [PQEngineInterface] DpEngineHDRConfigTile(0) HDR_first_tile = 0, HDR_last_tile = 0
