03-02 00:57:14.617 17121 17305 I TestRunner: started: miniPlayer_episode_title_is_displayed(com.podcast.app.ui.MiniPlayerBarTest)
03-02 00:57:14.618  1507  1568 E mali_winsys: Unrecognised Android chroma siting range: [2, 2]. Applying default
03-02 00:57:14.618  1507  1507 I SurfaceFlinger: onHandleDestroyed: layerId=155855, name=Task=44862#155855
03-02 00:57:14.618  1507  1507 I SurfaceFlinger: id=155855 Removed Task=44862#155855 (336)
03-02 00:57:14.618  1507  1507 I SurfaceFlinger: onHandleDestroyed: layerId=155808, name=ActivityRecord{201754155 u0 com.podcast.app.debug/androidx.activity.ComponentActivity t44862}#155808
03-02 00:57:14.618  1507  1507 I SurfaceFlinger: id=155808 Removed ActivityRecord{201754155 u0 com.podcast.app.debug/androidx.activity.ComponentActivity t44862}#155808 (336)
03-02 00:57:14.618  1507  1507 I SurfaceFlinger: onHandleDestroyed: layerId=155811, name=27daa3d com.podcast.app.debug/androidx.activity.ComponentActivity#155811
03-02 00:57:14.618  1507  1507 I SurfaceFlinger: id=155811 Removed 27daa3d com.podcast.app.debug/androidx.activity.ComponentActivity#155811 (336)
03-02 00:57:14.618  1507  1507 I SurfaceFlinger: onHandleDestroyed: layerId=155813, name=com.podcast.app.debug/androidx.activity.ComponentActivity$_17121#155813
03-02 00:57:14.618  1507  1507 I SurfaceFlinger: id=155813 Removed com.podcast.app.debug/androidx.activity.ComponentActivity$_17121#155813 (336)
03-02 00:57:14.619  1696  1756 I VPUD    : == vdec_codec_msg_handler() == msg_id = 0xA001, codec_id = 1
03-02 00:57:14.620  1696  1756 E VPUD    : [info] H265_fillGeneralBuf: bIsHDR10plus 0 bIsCUVAHDR 0 u4MetaDataRawSize 0
03-02 00:57:14.620  1444  1808 D MDP     : [PQSessionManager] findVideoID[f6840820] found on index a
03-02 00:57:14.620  1444  1808 D MDP     : [PQSessionManager] createPQSession(a) user(0xb4000074f4d46d80)
03-02 00:57:14.620  1444  1808 D MDP     : [PQSessionManager] Duplicated ID[a] found, please check if double createPQSession!
03-02 00:57:14.620  1444  1808 D MDP     : [PQSessionManager] getPQSessionListHandle id[a]
03-02 00:57:14.620  1444  1808 D MDP     : [PQSessionManager] getPQSessionListHandle, find id[a]
03-02 00:57:14.621  1444  1808 D MDP     : [PQSession] incRefCount id[a] user[0xb4000074f4d46d80] existed
03-02 00:57:14.621  1444  1808 D MDP     : [PQSession] incRefCount id[a] user[0xb4000074f4d46d80] numOfUser[1]
03-02 00:57:14.621  1444  1808 D MDP     : [PQSession] numElements[0] key[0] metaData[0]
03-02 00:57:14.621  1444  1808 D MDP     : [PQSession] setPQParam() id[a] enable[0], scenario[1]
03-02 00:57:14.621  1444  1808 D PQ      : PQDSConfig::getEnableStatus check1  time 0 ms
03-02 00:57:14.621  1444  1808 D PQ      : [PQDSConfig] PQDSConfig::getEnableStatus = 1
03-02 00:57:14.621  1444  1808 D PQ      : [PQDSConfig] m_TDSHPTableInit 1
03-02 00:57:14.621  1444  1808 D PQ      : [PQDSConfig] getAshmemContext(SHP_ENABLE) = 1
03-02 00:57:14.621  1444  1808 D PQ      : PQDSConfig::getEnableStatus check2  time 0 ms
03-02 00:57:14.621  1444  1808 D PQ      : [PQDSConfig] PQDSConfig::getUREnableStatus = 1
03-02 00:57:14.621  1444  1808 D MDP     : [PQSession] setDpPqConfig m_svp = 0, enDRE = 0
03-02 00:57:14.621  1444  1808 D MDP     : setPQParam globalPQSupport = [0] globalPQSwitch = [0] globalPQStrength = [0] globalPQType = [0]
03-02 00:57:14.621  1444  1808 D MDP     : [PQSession] setPQparam userId[0x0], scenario[1], enDRE[0]
03-02 00:57:14.621  1444  1808 D MDP     : [PQSession] getDpPqConfig() id[a] enable[0], scenario[1]
03-02 00:57:14.621  1444  1808 D MDP     : [PQSession] getDpPqConfig() enSharp[0] enDC[0] enColor[0] enHDR[0] enHDRVivid[0] enUR[0] enReFocus[0] enCcorr[0] enDRE[0] enHFG[0] enAIPQ[0] enAISDR2HDR[0] enAIRegionPQ[0] mAdaptiveEnable[0]
03-02 00:57:14.621  1444  1808 D MDP     : [PQSession] setPQDREParam userId[0x0] scenario[1] enDRE[0]
03-02 00:57:14.621  1444  1808 D MDP     : [PQSessionManager] findVideoID[f6840820] found on index a
03-02 00:57:14.621  1444  1808 D PQ_HDR  : DpAsyncBlit: job:(2070905 183) in:(720, 1280)[720 368] C8s P1.1.1.0.1, alpha 0, sec0 flush:0 Buffer 1035452: plane=3 bufVA={0xb7,0xb7,0xb7} bufMVA={0x0,0x0,0x0} bufSize={0xe1000,0x39800,0x39800} proxy={0xb40000747320b7a0,0x0,0x0}fence=-1
03-02 00:57:14.621  1444  1808 D PQ_HDR  : DpAsyncBlit: out 0:(1080, 1920)[2176 0] C5 P1.1.1.0.1 R:0 F:0 S:0 A:0 HDR:0 COLOR:0 CCORR:0 sec0 flush:0 Buffer 1035452: plane=1 bufVA={0x73,0x0,0x0} bufMVA={0x0,0x0,0x0} bufSize={0x4db200,0x0,0x0} proxy={0xb40000747320b6e0,0x0,0x0}fence=196
03-02 00:57:14.621  1444  1808 D PQ_HDR  : DpAsyncBlit: crop 0:(0.0, 0.0, 720.0, 1280.0) compose:(0, 0, 1080, 1920)
03-02 00:57:14.621  1444  1808 D MDP     : [PQSessionManager] PQSessionManager::getPQSession id[a]
03-02 00:57:14.621  1444  1808 D MDP     : [PQSessionManager] getPQSessionListHandle id[a]
03-02 00:57:14.621  1444  1808 D MDP     : [PQSessionManager] getPQSessionListHandle, find id[a]
03-02 00:57:14.621  1444  1808 D MDP     : [PQSessionManager] PQSessionManager::getPQSession id[a]
03-02 00:57:14.621  1444  1808 D MDP     : [PQSessionManager] getPQSessionListHandle id[a]
03-02 00:57:14.621  1444  1808 D MDP     : [PQSessionManager] getPQSessionListHandle, find id[a]
03-02 00:57:14.621  1444  1808 D MDP     : PQSession:setPipeNum m_PipeNum[1] value[1] ID[a] DCPath[0] DCDone[0] addr[732261df]
03-02 00:57:14.621  1444  1808 D MDP     : [PQSession] getDpPqConfig() id[a] enable[0], scenario[1]
03-02 00:57:14.621  1444  1808 D MDP     : [PQSession] getDpPqConfig() enSharp[0] enDC[0] enColor[0] enHDR[0] enHDRVivid[0] enUR[0] enReFocus[0] enCcorr[0] enDRE[0] enHFG[0] enAIPQ[0] enAISDR2HDR[0] enAIRegionPQ[0] mAdaptiveEnable[0]
03-02 00:57:14.621  1444  1808 D PQ      : [PQRSZConfig] PQRSZConfig::getUREnableStatus = 1
03-02 00:57:14.621  1444  1808 D MDP     : [PQSessionManager] PQSessionManager::getPQSession id[a]
03-02 00:57:14.621  1444  1808 D MDP     : [PQSessionManager] getPQSessionListHandle id[a]
03-02 00:57:14.622  1444  1808 D MDP     : [PQSessionManager] getPQSessionListHandle, find id[a]
03-02 00:57:14.622  1444  1808 D AAL     : [PQEngineInterface] DpEngineTDSHPConfigFrame(0) pqSessionId = a
03-02 00:57:14.622  1444  1808 D MDP     : [PQSession] getDpPqConfig() id[a] enable[0], scenario[1]
03-02 00:57:14.622  1444  1808 D MDP     : [PQSession] getDpPqConfig() enSharp[0] enDC[0] enColor[0] enHDR[0] enHDRVivid[0] enUR[0] enReFocus[0] enCcorr[0] enDRE[0] enHFG[0] enAIPQ[0] enAISDR2HDR[0] enAIRegionPQ[0] mAdaptiveEnable[0]
03-02 00:57:14.622  1444  1808 D AAL     : [PQEngineInterface] DpEngineTDSHPConfigFrame(0) tdshpEnable(0) enSharp(0) enDC(0) enHFG(0)
03-02 00:57:14.622  1444  1808 D MDP     : [PQSessionManager] PQSessionManager::getPQSession id[a]
03-02 00:57:14.622  1444  1808 D MDP     : [PQSessionManager] getPQSessionListHandle id[a]
03-02 00:57:14.622  1444  1808 D MDP     : [PQSessionManager] getPQSessionListHandle, find id[a]
03-02 00:57:14.622  1444  1808 D MDP     : [PQSession] getDpPqConfig() id[a] enable[0], scenario[1]
03-02 00:57:14.622  1444  1808 D MDP     : [PQSession] getDpPqConfig() enSharp[0] enDC[0] enColor[0] enHDR[0] enHDRVivid[0] enUR[0] enReFocus[0] enCcorr[0] enDRE[0] enHFG[0] enAIPQ[0] enAISDR2HDR[0] enAIRegionPQ[0] mAdaptiveEnable[0]
03-02 00:57:14.622  1444  1808 W AAL     : DpEngine_AAL: relay 1
03-02 00:57:14.622  1444  1808 D AAL     : [PQEngineInterface] DpEngineTDSHPConfigTile(0) InpSize: 807, 1920, OutSize: 807, 1920
03-02 00:57:14.622  1444  1808 D MDP     : [PQSessionManager] PQSessionManager::getPQSession id[a]
03-02 00:57:14.622  1444  1808 D MDP     : [PQSessionManager] getPQSessionListHandle id[a]
03-02 00:57:14.622  1444  1808 D MDP     : [PQSessionManager] getPQSessionListHandle, find id[a]
03-02 00:57:14.622  1444  1808 D PQ      : [PQHFGConfig] PQHFGConfig::isEnabled = 2
03-02 00:57:14.622  1444  1808 D MDP     : [PQSession] getDpPqConfig() id[a] enable[0], scenario[1]
03-02 00:57:14.622  1444  1808 D MDP     : [PQSession] getDpPqConfig() enSharp[0] enDC[0] enColor[0] enHDR[0] enHDRVivid[0] enUR[0] enReFocus[0] enCcorr[0] enDRE[0] enHFG[0] enAIPQ[0] enAISDR2HDR[0] enAIRegionPQ[0] mAdaptiveEnable[0]
03-02 00:57:14.622  1444  1808 D AAL     : [PQEngineInterface] DpEngineAALCongTile(0) MDP_aal_size = 36177152
03-02 00:57:14.622  1444  1808 D AAL     : [PQEngineInterface(1791345034)::MDP_AAL_output_offset = 0
03-02 00:57:14.622  1444  1808 D AAL     : [PQEngineInterface] DpEngineAALCongTile(0) MDP_AAL_output_size = 35652864
03-02 00:57:14.622  1444  1808 D AAL     : [PQEngineInterface] DpEngineAALCongTile(0) inTileXRight = 551, inTileXLeft = 0
03-02 00:57:14.622  1444  1808 D AAL     : [PQEngineInterface] DpEngineAALCongTile(0) inTileYBottom = 543, inTileYTop = 0
03-02 00:57:14.622  1444  1808 D AAL     : [PQEngineInterface] DpEngineAALCongTile(0) outTileXRight = 1279, outTileXLeft = 0
03-02 00:57:14.622  1444  1808 D AAL     : [PQEngineInterface] DpEngineAALCongTile(0) m_outTileYBottom = 1279, m_outTileYTop = 0
03-02 00:57:14.622  1444  1808 D MDP     : [PQSessionManager] PQSessionManager::getPQSession id[a]
03-02 00:57:14.622  1444  1808 D MDP     : [PQSessionManager] getPQSessionListHandle id[a]
03-02 00:57:14.622  1444  1808 D MDP     : [PQSessionManager] getPQSessionListHandle, find id[a]
03-02 00:57:14.622  1444  1808 D AAL     : [PQEngineInterface] DpEngineAALCongTile(0)cropOffset[X, Y]=[1, 0], crop[Wid, Hei]=[0, 720]
03-02 00:57:14.622  1444  1808 D MDP     : [PQSessionManager] PQSessionManager::getPQSession id[a]
03-02 00:57:14.622  1444  1808 D MDP     : [PQSessionManager] getPQSessionListHandle id[a]
03-02 00:57:14.622  1444  1808 D MDP     : [PQSessionManager] getPQSessionListHandle, find id[a]
03-02 00:57:14.622  1444  1808 D AAL     : [PQEngineInterface] DpEngineHDRConfigTile(0) outTileXLeft = 0, outTileXRight = 551
03-02 00:57:14.622  1444  1808 D AAL     : [PQEngineInterface] DpEngineHDRConfigTile(0) inTileXLeft = 0, inTileXRight = 551
03-02 00:57:14.622  1444  1808 D AAL     : [PQEngineInterface] DpEngineHDRConfigTile(0) HDR_out_start_x = 0, HDR_out_end_x = 551, src h: 552,v: 1280
03-02 00:57:14.622  1444  1808 D AAL     : [PQEngineInterface] DpEngineHDRConfigTile(0) HDR_hist_end_x = 0, HDR_hist_begin_x = 0
03-02 00:57:14.622  1444  1808 D AAL     : [PQEngineInterface] DpEngineHDRConfigTile(0) HDR_first_tile = 0, HDR_last_tile = 0
03-02 00:57:14.622  1444  1808 D AAL     : [PQEngineInterface] DpEngineHDRConfigTile(0) inFrameWidth = 720 , middlePosX = 0
03-02 00:57:14.622  1444  1808 D AAL     : [PQEngineInterface] DpEngineTDSHPConfigTile(0) InpSize: 274, 1920, OutSize: 274, 1920
03-02 00:57:14.622  1444  1808 D MDP     : [PQSessionManager] PQSessionManager::getPQSession id[a]
03-02 00:57:14.622  1444  1808 D MDP     : [PQSessionManager] getPQSessionListHandle id[a]
03-02 00:57:14.622  1444  1808 D MDP     : [PQSessionManager] getPQSessionListHandle, find id[a]
03-02 00:57:14.622  1444  1808 D PQ      : [PQHFGConfig] PQHFGConfig::isEnabled = 2
03-02 00:57:14.622  1444  1808 D MDP     : [PQSession] getDpPqConfig() id[a] enable[0], scenario[1]
03-02 00:57:14.622  1444  1808 D MDP     : [PQSession] getDpPqConfig() enSharp[0] enDC[0] enColor[0] enHDR[0] enHDRVivid[0] enUR[0] enReFocus[0] enCcorr[0] enDRE[0] enHFG[0] enAIPQ[0] enAISDR2HDR[0] enAIRegionPQ[0] mAdaptiveEnable[0]
03-02 00:57:14.622  1444  1808 D AAL     : [PQEngineInterface] DpEngineAALCongTile(0) MDP_aal_size = 12715264
03-02 00:57:14.622  1444  1808 D AAL     : [PQEngineInterface(1791345034)::MDP_AAL_output_offset = 0
03-02 00:57:14.622  1444  1808 D AAL     : [PQEngineInterface] DpEngineAALCongTile(0) MDP_AAL_output_size = 12190976
03-02 00:57:14.623  1444  1808 D AAL     : [PQEngineInterface] DpEngineAALCongTile(0) inTileXRight = 719, inTileXLeft = 526
03-02 00:57:14.623  1444  1808 D AAL     : [PQEngineInterface] DpEngineAALCongTile(0) inTileYBottom = 719, inTileYTop = 0
03-02 00:57:14.623  1444  1808 D AAL     : [PQEngineInterface] DpEngineAALCongTile(0) outTileXRight = 1279, outTileXLeft = 534
03-02 00:57:14.623  1444  1808 D AAL     : [PQEngineInterface] DpEngineAALCongTile(0) m_outTileYBottom = 1279, m_outTileYTop = 0
03-02 00:57:14.623  1444  1808 D MDP     : [PQSessionManager] PQSessionManager::getPQSession id[a]
03-02 00:57:14.623  1444  1808 D MDP     : [PQSessionManager] getPQSessionListHandle id[a]
03-02 00:57:14.623  1444  1808 D MDP     : [PQSessionManager] getPQSessionListHandle, find id[a]
03-02 00:57:14.623  1444  1808 D AAL     : [PQEngineInterface] DpEngineAALCongTile(0)cropOffset[X, Y]=[1, 0], crop[Wid, Hei]=[0, 720]
03-02 00:57:14.623  1444  1808 D MDP     : [PQSessionManager] PQSessionManager::getPQSession id[a]
03-02 00:57:14.623  1444  1808 D MDP     : [PQSessionManager] getPQSessionListHandle id[a]
03-02 00:57:14.623  1444  1808 D MDP     : [PQSessionManager] getPQSessionListHandle, find id[a]
03-02 00:57:14.623  1444  1808 D AAL     : [PQEngineInterface] DpEngineHDRConfigTile(0) outTileXLeft = 526, outTileXRight = 719
03-02 00:57:14.623  1696  1756 I VPUD    : == vdec_codec_msg_handler() == msg_id = 0xA001, codec_id = 1
03-02 00:57:14.623  1444  1808 D AAL     : [PQEngineInterface] DpEngineHDRConfigTile(0) inTileXLeft = 526, inTileXRight = 719
03-02 00:57:14.623  1444  1808 D AAL     : [PQEngineInterface] DpEngineHDRConfigTile(0) HDR_out_start_x = 0, HDR_out_end_x = 193, src h: 194,v: 1280
03-02 00:57:14.623  1444  1808 D AAL     : [PQEngineInterface] DpEngineHDRConfigTile(0) HDR_hist_end_x = 0, HDR_hist_begin_x = 0
03-02 00:57:14.623  1444  1808 D AAL     : [PQEngineInterface] DpEngineHDRConfigTile(0) HDR_first_tile = 0, HDR_last_tile = 0
03-02 00:57:14.623  1444  1808 D AAL     : [PQEngineInterface] DpEngineHDRConfigTile(0) inFrameWidth = 720 , middlePosX = 0
03-02 00:57:14.623  1444  1808 D MDP     : [PQSessionManager] PQSessionManager::getPQSession id[a]
03-02 00:57:14.623  1444  1808 D MDP     : [PQSessionManager] getPQSessionListHandle id[a]
03-02 00:57:14.623  1444  1808 D MDP     : [PQSessionManager] getPQSessionListHandle, find id[a]
03-02 00:57:14.623  1444  1808 D MDP     : [PQSessionManager] PQSessionManager::getPQSession id[a]
03-02 00:57:14.623  1444  1808 D MDP     : [PQSessionManager] getPQSessionListHandle id[a]
03-02 00:57:14.623  1444  1808 D MDP     : [PQSessionManager] getPQSessionListHandle, find id[a]
03-02 00:57:14.623  1696  1756 E VPUD    : [info] H265_fillGeneralBuf: bIsHDR10plus 0 bIsCUVAHDR 0 u4MetaDataRawSize 0
03-02 00:57:14.624  1507  1507 I SurfaceFlinger: destroyed 27daa3d com.podcast.app.debug/androidx.activity.ComponentActivity#155811
03-02 00:57:14.624  1507  1507 I SurfaceFlinger: destroyed com.podcast.app.debug/androidx.activity.ComponentActivity$_17121#155813
03-02 00:57:14.624  1507  1507 I SurfaceFlinger: destroyed 7f45aa5 ActivityRecordInputSink com.podcast.app.debug/androidx.activity.ComponentActivity#155818
03-02 00:57:14.624  1507  1507 I SurfaceFlinger: destroyed ActivityRecord{201754155 u0 com.podcast.app.debug/androidx.activity.ComponentActivity t44862}#155808
03-02 00:57:14.624  1507  1507 I SurfaceFlinger: destroyed Task=44862#155855
03-02 00:57:14.625  1445 16855 D C2MtkVdec: [0xB4000070F6934400] updateRuntimeInfo: isTextureView 1, mConsumerUsage 259, hasPostproc 1, width 768, height 1280, opRate 0.000000
03-02 00:57:14.625  1445 16855 D C2MtkComponentStore: onRuntimeInfoUpdated[0xB4000070F5042820]: runtime info updated.
03-02 00:57:14.625  1445 16855 D C2MtkComponentStore: onRuntimeInfoUpdated[0xB4000070F5042820]: valid, cUid 10350, cPid 14885, psDisabled 0, isCpuDemanding 1, cluster , minFreq
03-02 00:57:14.625  1445 16855 D C2MtkComponentStore: onRuntimeInfoUpdated[0xB4000070F6922020]: invalid, cUid 0, cPid 0, psDisabled 0, isCpuDemanding 0, cluster , minFreq
03-02 00:57:14.625  1445 16855 D C2MtkComponentStore: onRuntimeInfoUpdated[0xB4000070F692D820]: valid, cUid 1013, cPid 1661, psDisabled 0, isCpuDemanding 1, cluster , minFreq
03-02 00:57:14.625  1445 16855 D C2MtkComponentStore: onRuntimeInfoUpdated[0xB4000070F5042820]: normal mode. isHeavyLoading 1, numOfValInst 2, psDisable 0
03-02 00:57:14.625  1696  1756 I VPUD    : == vdec_codec_msg_handler() == msg_id = 0xA001, codec_id = 1
03-02 00:57:14.626  1696  1756 E VPUD    : [info] H265_fillGeneralBuf: bIsHDR10plus 0 bIsCUVAHDR 0 u4MetaDataRawSize 0
03-02 00:57:14.628  1507  1507 I Layer   : id=155818 Destroyed 7f45aa5 ActivityRecordInputSink com.podcast.app.debug/androidx.activity.ComponentActivity#155818
03-02 00:57:14.628  1696  1756 I VPUD    : == vdec_codec_msg_handler() == msg_id = 0xA001, codec_id = 1
03-02 00:57:14.628  1507  1507 I Layer   : id=155813 Destroyed com.podcast.app.debug/androidx.activity.ComponentActivity$_17121#155813
03-02 00:57:14.629  1507  1507 I Layer   : id=155811 Destroyed 27daa3d com.podcast.app.debug/androidx.activity.ComponentActivity#155811
03-02 00:57:14.629  1507  1507 I Layer   : id=155808 Destroyed ActivityRecord{201754155 u0 com.podcast.app.debug/androidx.activity.ComponentActivity t44862}#155808
03-02 00:57:14.629  1507  1507 I Layer   : id=155855 Destroyed Task=44862#155855
03-02 00:57:14.629  1696  1756 E VPUD    : [info] H265_fillGeneralBuf: bIsHDR10plus 0 bIsCUVAHDR 0 u4MetaDataRawSize 0
03-02 00:57:14.630  2013  4843 W ParceledListSlice: Element #30 is 21544 bytes.
03-02 00:57:14.630 17121 17305 D IdlingRegistry: Registering idling resources: [androidx.compose.ui.test.EspressoLink@a77b64a]
03-02 00:57:14.631  1444  1809 D MDP     : [PQSessionManager] PQSessionManager::getPQSession id[a]
03-02 00:57:14.631  1444  1809 D MDP     : [PQSessionManager] getPQSessionListHandle id[a]
03-02 00:57:14.631  1444  1809 D MDP     : [PQSessionManager] getPQSessionListHandle, find id[a]
03-02 00:57:14.631  1444  1809 D MDP     : [PQSessionManager] findVideoID[f6840820] found on index a
03-02 00:57:14.632  1507  1825 I SurfaceFlinger: Capture layer list: 	 com.zhiliaoapp.musically/com.ss.android.ugc.aweme.splash.SplashActivity$_14885#155833(seamlessTransition:0)
03-02 00:57:14.632  1445 16855 D C2MtkVdec: [0xB4000070F6934400] updateRuntimeInfo: isTextureView 0, mConsumerUsage 2307, hasPostproc 1, width 768, height 1280, opRate 0.000000
03-02 00:57:14.632  1445 16855 D C2MtkComponentStore: onRuntimeInfoUpdated[0xB4000070F5042820]: runtime info updated.
03-02 00:57:14.632  1445 16855 D C2MtkComponentStore: onRuntimeInfoUpdated[0xB4000070F5042820]: valid, cUid 10350, cPid 14885, psDisabled 0, isCpuDemanding 1, cluster , minFreq
03-02 00:57:14.632  1445 16855 D C2MtkComponentStore: onRuntimeInfoUpdated[0xB4000070F6922020]: invalid, cUid 0, cPid 0, psDisabled 0, isCpuDemanding 0, cluster , minFreq
03-02 00:57:14.632  1445 16855 D C2MtkComponentStore: onRuntimeInfoUpdated[0xB4000070F692D820]: valid, cUid 1013, cPid 1661, psDisabled 0, isCpuDemanding 1, cluster , minFreq
03-02 00:57:14.632  1445 16855 D C2MtkComponentStore: onRuntimeInfoUpdated[0xB4000070F5042820]: normal mode. isHeavyLoading 1, numOfValInst 2, psDisable 0
03-02 00:57:14.632  1696  1756 I VPUD    : == vdec_codec_msg_handler() == msg_id = 0xA001, codec_id = 1
03-02 00:57:14.632  1696  1756 E VPUD    : [info] H265_fillGeneralBuf: bIsHDR10plus 0 bIsCUVAHDR 0 u4MetaDataRawSize 0
03-02 00:57:14.634 17121 17305 W Settings: Setting always_finish_activities has moved from android.provider.Settings.System to android.provider.Settings.Global, returning read-only value.
03-02 00:57:14.635  1696  1756 I VPUD    : == vdec_codec_msg_handler() == msg_id = 0xA001, codec_id = 1
03-02 00:57:14.636  1696  1756 E VPUD    : [info] H265_fillGeneralBuf: bIsHDR10plus 0 bIsCUVAHDR 0 u4MetaDataRawSize 0
03-02 00:57:14.639  1696  1756 I VPUD    : == vdec_codec_msg_handler() == msg_id = 0xA001, codec_id = 1
03-02 00:57:14.640  2013  2067 I ChimeraSystemEventListener: appLaunchIntent package name is: com.podcast.app.debug
03-02 00:57:14.640  1696  1756 E VPUD    : [info] H265_fillGeneralBuf: bIsHDR10plus 0 bIsCUVAHDR 0 u4MetaDataRawSize 0
03-02 00:57:14.642  1696  1756 I VPUD    : == vdec_codec_msg_handler() == msg_id = 0xA001, codec_id = 1
03-02 00:57:14.642  1696  1756 E VPUD    : [info] H265_fillGeneralBuf: bIsHDR10plus 0 bIsCUVAHDR 0 u4MetaDataRawSize 0
03-02 00:57:14.643  2013  3441 I SemDvfsHyPerManager: acquire hyper - AMS_APP_SWITCH/2013@20, type = -999
03-02 00:57:14.643  1464  1492 I mtkpower@impl: [setMode] type:5, enabled:1
03-02 00:57:14.643  1450  1487 I HYPER-HAL: [RequestManager.cpp]acquire(): Acquired ID : 2067581  [2013 / 20]    HINT : AMS_ACT_SWITCH    list :
03-02 00:57:14.643  1450  1487 I mtkpower_client: perf_lock_rel, hdl:76438, pid: 1450, tid:1487
03-02 00:57:14.644  1507  1563 I SurfaceFlinger: id=155856 createSurf, flag=24004, Task=44864#155856
03-02 00:57:14.644  1450  1487 I mtkpower_client: perf_lock_acq, hdl:0, dur:0, num:2, pid:1450, tid:1487
03-02 00:57:14.644  1450  1487 I mtkpower_client: ret_hdl:76439
03-02 00:57:14.644  1450  1487 I mtkpower_client: perf_lock_rel, hdl:76436, pid: 1450, tid:1487
03-02 00:57:14.645  1507  1568 E mali_winsys: Unrecognised Android chroma siting range: [2, 2]. Applying default
03-02 00:57:14.645  1450  1487 I mtkpower_client: perf_lock_acq, hdl:0, dur:0, num:2, pid:1450, tid:1487
03-02 00:57:14.645  1507  1507 I SurfaceFlinger: [Task=44864#155856] attach to parent LayerHierarchy{RequestedLayerState{DefaultTaskDisplayArea_d0#10 parentId=9} 45 children}
03-02 00:57:14.645  1464  1529 I libPowerHal: [perfLockRel] hdl:76438, idx:2
03-02 00:57:14.645  4784  4784 I SemDvfsHyPerManager: acquire hyper - APP_START_SHORT/4784@15, type = -999
03-02 00:57:14.646  1507  1907 I SurfaceFlinger: id=155857 createSurf, flag=84004, ActivityRecord{103010003 u0 com.podcast.app.debug/androidx.activity.ComponentActivity t44864}#155857
03-02 00:57:14.646  1464  1529 I libPowerHal: [PD] vendor.samsung. update cmd:1000000 param:-1 pr:6
03-02 00:57:14.646  1464  1529 I libPowerHal: [perfLockRel] Done for hdl : 76438
03-02 00:57:14.647  1464  1529 I libPowerHal: [perfLockAcq] idx:7 hdl:76439 hint:-1 pid:1450 tid:1487 duration:0 lock_user:vendor.samsung. => ret_hdl:76439
03-02 00:57:14.648  1464  1529 I libPowerHal: [setDvfsrcDevFreqOpp] opp:0, freq:4266000000
03-02 00:57:14.648  1464  1529 I libPowerHal: [PE] vendor.samsung. update cmd:1000000 param:0 pr:3
03-02 00:57:14.648  1464  1529 I libPowerHal: [perfLockAcq] Done for hdl : 76439
03-02 00:57:14.648  1464  1529 I libPowerHal: [perfLockRel] hdl:76436, idx:5
03-02 00:57:14.648  1464  1529 I libPowerHal: [PD] vendor.samsung. update cmd:400000 param:-1 pr:6
03-02 00:57:14.649  1507  1568 E mali_winsys: Unrecognised Android chroma siting range: [2, 2]. Applying default
03-02 00:57:14.649  1464  1529 I libPowerHal: [recordCPUFreqInfo] set cluster[0] min(-1): -1 max(-1): -1 cluster[1] min(-1): -1 max(-1): -1
03-02 00:57:14.649  1464  1529 I libPowerHal: [perfLockRel] Done for hdl : 76436
03-02 00:57:14.649  1450  1487 I mtkpower_client: ret_hdl:76440
03-02 00:57:14.650  1450  1487 I HYPER-HAL: [RequestManager.cpp]acquire(): Acquired ID : 11517615  [4784 / 15]    HINT : APP_START    list : [TIMEOUT / 1500]
03-02 00:57:14.650  2013  2844 I SemDvfsHyPerManager: acquire hyper - AMS_APP_LAUNCH/2013@17, type = -999
03-02 00:57:14.650  1464  1529 I libPowerHal: [perfLockAcq] idx:9 hdl:76440 hint:-1 pid:1450 tid:1487 duration:0 lock_user:vendor.samsung. => ret_hdl:76440
03-02 00:57:14.650  1450  1487 I HYPER-HAL: [RequestManager.cpp]acquire(): Acquired ID : 2061482  [2013 / 17]    HINT : AMS_APP_LAUNCH    list :
03-02 00:57:14.650  1464  1529 I libPowerHal: [PE] vendor.samsung. update cmd:400000 param:2000000 pr:3
03-02 00:57:14.650  1464  1529 I libPowerHal: [recordCPUFreqInfo] set cluster[0] min(vendor.samsung.): 2000000 max(-1): -1 cluster[1] min(-1): -1 max(-1): -1
03-02 00:57:14.650  1464  1529 I libPowerHal: [perfLockAcq] Done for hdl : 76440
03-02 00:57:14.651  2746  2808 I ViewRootImpl: dVRR is disabled
03-02 00:57:14.651  1444  1808 D MDP     : [PQSessionManager] findVideoID[f6840820] found on index a
03-02 00:57:14.651  1444  1808 D MDP     : [PQSessionManager] createPQSession(a) user(0xb4000074f4d46d80)
03-02 00:57:14.651  1444  1808 D MDP     : [PQSessionManager] Duplicated ID[a] found, please check if double createPQSession!
03-02 00:57:14.651  1444  1808 D MDP     : [PQSessionManager] getPQSessionListHandle id[a]
03-02 00:57:14.651  1444  1808 D MDP     : [PQSessionManager] getPQSessionListHandle, find id[a]
03-02 00:57:14.651  1444  1808 D MDP     : [PQSession] incRefCount id[a] user[0xb4000074f4d46d80] existed
03-02 00:57:14.651  1444  1808 D MDP     : [PQSession] incRefCount id[a] user[0xb4000074f4d46d80] numOfUser[1]
03-02 00:57:14.651  1444  1808 D MDP     : [PQSession] numElements[0] key[0] metaData[0]
03-02 00:57:14.651  1444  1808 D MDP     : [PQSession] setPQParam() id[a] enable[0], scenario[1]
03-02 00:57:14.651  1444  1808 D PQ      : PQDSConfig::getEnableStatus check1  time 0 ms
03-02 00:57:14.651  1444  1808 D PQ      : [PQDSConfig] PQDSConfig::getEnableStatus = 1
03-02 00:57:14.651  1444  1808 D PQ      : [PQDSConfig] m_TDSHPTableInit 1
03-02 00:57:14.651  2746  2870 D NativeCustomFrequencyManager: [NativeCFMS] BpCustomFrequencyManager::BpCustomFrequencyManager()
03-02 00:57:14.651  1444  1808 D PQ      : [PQDSConfig] getAshmemContext(SHP_ENABLE) = 1
03-02 00:57:14.651  1444  1808 D PQ      : PQDSConfig::getEnableStatus check2  time 0 ms
03-02 00:57:14.651  1444  1808 D PQ      : [PQDSConfig] PQDSConfig::getUREnableStatus = 1
03-02 00:57:14.651  4784  4784 I SemDvfsHyPerManager: acquire hyper - APP_START/4784@17, type = -999
03-02 00:57:14.651  1444  1808 D MDP     : [PQSession] setDpPqConfig m_svp = 0, enDRE = 0
03-02 00:57:14.651  1444  1808 D MDP     : setPQParam globalPQSupport = [0] globalPQSwitch = [0] globalPQStrength = [0] globalPQType = [0]
03-02 00:57:14.651  1444  1808 D MDP     : [PQSession] setPQparam userId[0x0], scenario[1], enDRE[0]
03-02 00:57:14.651  1444  1808 D MDP     : [PQSession] getDpPqConfig() id[a] enable[0], scenario[1]
03-02 00:57:14.651  1444  1808 D MDP     : [PQSession] getDpPqConfig() enSharp[0] enDC[0] enColor[0] enHDR[0] enHDRVivid[0] enUR[0] enReFocus[0] enCcorr[0] enDRE[0] enHFG[0] enAIPQ[0] enAISDR2HDR[0] enAIRegionPQ[0] mAdaptiveEnable[0]
03-02 00:57:14.651  1444  1808 D MDP     : [PQSession] setPQDREParam userId[0x0] scenario[1] enDRE[0]
03-02 00:57:14.651  1444  1808 D MDP     : [PQSessionManager] findVideoID[f6840820] found on index a
03-02 00:57:14.652  1444  1808 D MDP     : [PQSessionManager] PQSessionManager::getPQSession id[a]
03-02 00:57:14.652  1444  1808 D MDP     : [PQSessionManager] getPQSessionListHandle id[a]
03-02 00:57:14.652  1444  1808 D MDP     : [PQSessionManager] getPQSessionListHandle, find id[a]
03-02 00:57:14.652  1444  1808 D MDP     : [PQSession] getDpPqConfig() id[a] enable[0], scenario[1]
03-02 00:57:14.652  1444  1808 D MDP     : [PQSession] getDpPqConfig() enSharp[0] enDC[0] enColor[0] enHDR[0] enHDRVivid[0] enUR[0] enReFocus[0] enCcorr[0] enDRE[0] enHFG[0] enAIPQ[0] enAISDR2HDR[0] enAIRegionPQ[0] mAdaptiveEnable[0]
03-02 00:57:14.652  1444  1808 D MDP     : [PQSessionManager] PQSessionManager::getPQSession id[a]
03-02 00:57:14.652  1444  1808 D MDP     : [PQSessionManager] getPQSessionListHandle id[a]
03-02 00:57:14.652  1444  1808 D MDP     : [PQSessionManager] getPQSessionListHandle, find id[a]
03-02 00:57:14.652  1444  1808 D AAL     : [PQEngineInterface] DpEngineTDSHPReConfigFrame(0)
03-02 00:57:14.652  1444  1808 D MDP     : [PQSession] getDpPqConfig() id[a] enable[0], scenario[1]
03-02 00:57:14.652  1444  1808 D MDP     : [PQSession] getDpPqConfig() enSharp[0] enDC[0] enColor[0] enHDR[0] enHDRVivid[0] enUR[0] enReFocus[0] enCcorr[0] enDRE[0] enHFG[0] enAIPQ[0] enAISDR2HDR[0] enAIRegionPQ[0] mAdaptiveEnable[0]
03-02 00:57:14.652  1444  1808 D AAL     : [PQEngineInterface] DpEngineTDSHPReConfigFrame(0) tdshpEnable(0) enSharp(0) enDC(0) enHFG(0)
03-02 00:57:14.652  1444  1808 D MDP     : [PQSessionManager] PQSessionManager::getPQSession id[a]
03-02 00:57:14.652  1444  1808 D MDP     : [PQSessionManager] getPQSessionListHandle id[a]
03-02 00:57:14.652  1444  1808 D MDP     : [PQSessionManager] getPQSessionListHandle, find id[a]
03-02 00:57:14.652  1444  1808 W AAL     : DpEngine_HDR::onReconfigTiles : PABufferIndex no change do nothing
03-02 00:57:14.652  1445  2902 W C2MtkBufferManager: [0xB4000070F507E520] fetchNewCcBlock: wait fence 0x0xb4000070f5058270 timed out. ret 110
03-02 00:57:14.653 14885 14885 I System.out: SAFActivity: com.ss.android.ugc.aweme.main.MainActivity@c20428f,  onPause Start
03-02 00:57:14.653  2013  3566 D InputTransport: Input channel constructed: '957eb27', fd=964
03-02 00:57:14.653  2013  3566 D InputTransport: Input channel constructed: '957eb27', fd=1036
03-02 00:57:14.653  2013  3566 D InputTransport: Input channel constructed: '957eb27', fd=1074
03-02 00:57:14.653  2013  3566 D InputTransport: Input channel destroyed: '957eb27', fd=1036
03-02 00:57:14.654  1507  1563 I SurfaceFlinger: id=155858 createSurf, flag=84004, 957eb27 Splash Screen com.podcast.app.debug#155858
03-02 00:57:14.655 14885 14885 I System.out: SceneSafeLifecycleDispatcher: onPaused Start
03-02 00:57:14.655 14885 14885 I System.out: SAFActivity V Scene Framework: NavigationMessageQueue postSync start
03-02 00:57:14.655 14885 14885 I System.out: SAFActivity V Scene Framework: NavigationMessageQueue postSync run current task start 14_Y.ARunnableS108S0200000_32@4bd62ff
03-02 00:57:14.655 14885 14885 I System.out: SAFActivity V Scene Framework: NavigationSceneManager Sync Scene SAFFragmentRootScene{79e191c} Lifecycle [RESUMED -> STARTED] without saved State
03-02 00:57:14.655 14885 14885 I System.out: SAFFragmentRootScene: onPause Start (SAFFragmentRootScene{79e191c})
03-02 00:57:14.656  2746  2798 D ShellDesktopMode: handleRequest: TransitionRequestInfo {type=1, tid=44864, debugId=11253}
03-02 00:57:14.657  1507  1507 I SurfaceFlinger: [ActivityRecord{103010003 u0 com.podcast.app.debug/androidx.activity.ComponentActivity t44864}#155857] attach to parent LayerHierarchy{RequestedLayerState{Task=44864#155856 parentId=10} 1 children}
03-02 00:57:14.657  1507  1507 I SurfaceFlinger: [957eb27 Splash Screen com.podcast.app.debug#155858] attach to parent LayerHierarchy{RequestedLayerState{ActivityRecord{103010003 u0 com.podcast.app.debug/androidx.activity.ComponentActivity t44864}#155857 parentId=155856} 1 children}
03-02 00:57:14.658  2013  3566 D InputTransport: Input channel destroyed: '957eb27', fd=1074
03-02 00:57:14.658  1646  1646 I CameraService: onUidStateChanged: uid=10062, procState is changed. (0 -> 1)
03-02 00:57:14.659  1450  1487 I HYPER-HAL: [RequestManager.cpp]acquire(): Acquired ID : 11527218  [4784 / 17]    HINT : APP_START    list :
03-02 00:57:14.660  1444  1809 D MDP     : [PQSessionManager] PQSessionManager::getPQSession id[a]
03-02 00:57:14.660  1444  1809 D MDP     : [PQSessionManager] getPQSessionListHandle id[a]
03-02 00:57:14.660  1444  1809 D MDP     : [PQSessionManager] getPQSessionListHandle, find id[a]
03-02 00:57:14.660  1444  1809 D MDP     : [PQSessionManager] findVideoID[f6840820] found on index a
03-02 00:57:14.661  3506  3506 E pageboostd: Received HALT command code 2
03-02 00:57:14.661  3202  3386 I HoneySpace.TopTaskSource: onTaskMovedToFront : taskId = 44864, displayId = 0
03-02 00:57:14.662  2746  2808 D InputTransport: Input channel constructed: '957eb27', fd=526
03-02 00:57:14.663  2746  2808 I InsetsController: onStateChanged: host=Splash Screen com.podcast.app.debug, from=android.view.ViewRootImpl.onInsetsStateChanged:3026, state=InsetsState: {mDisplayFrame=Rect(0, 0 - 1080, 2340), mDisplayCutout=DisplayCutout{insets=Rect(0, 80 - 0, 0) waterfall=Insets{left=0, top=0, right=0, bottom=0} boundingRect={Bounds=[Rect(0, 0 - 0, 0), Rect(472, 0 - 608, 80), Rect(0, 0 - 0, 0), Rect(0, 0 - 0, 0)]} cutoutPathParserInfo={CutoutPathParserInfo{displayWidth=1080 displayHeight=2340 physicalDisplayWidth=1080 physicalDisplayHeight=2340 density={2.8125} cutoutSpec={M 0,0 H -24.177777778 V 28.4444444444 H 24.177777778 V 0 H 0 Z @dp} rotation={0} scale={1.0} physicalPixelDisplaySizeRatio={1.0}}} sideOverrides={}}, mRoundedCorners=RoundedCorners{[RoundedCorner{position=TopLeft, radius=113, center=Point(113, 113)}, RoundedCorner{position=TopRight, radius=113, center=Point(967, 113)}, RoundedCorner{position=BottomRight, radius=113, center=Point(967, 2227)}, RoundedCorner{position=BottomLeft, radius=113, center=Point(113, 2227)}]}  mRoundedCornerFrame=Rect(0, 0 - 1080, 2340), mPrivacyIndicatorBounds=PrivacyIndicatorBounds {static bounds=Rect(956, 0 - 1080, 80) rotation=0}, mDisplayShape=DisplayShape{ spec=-311912193 displayWidth=1080 displayHeight=2340 physicalPixelDisplaySizeRatio=1.0 rotation=0 offsetX=0 offsetY=0 scale=1.0}, mSources= { InsetsSource: {e9af0000 mType=statusBars mFrame=[0,0][1080,80] mVisible=true mFlags= mSideHint=TOP mBoundingRects=null}, InsetsSource: {e9af0005 mType=mandatorySystemGestures mFrame=[0,0][1080,114] mVisible=true mFlags= mSideHint=TOP mBoundingRects=null}, InsetsSource: {e9af0006 mType=tappableElement mFrame=[0,0][1080,80] mVisible=true mFlags= mSideHint=TOP mBoundingRects=null}, InsetsSource: {27 mType=displayCutout mFrame=[0,0][1080,80] mVisible=true mFlags= mSideHint=TOP mBoundingRects=null}, InsetsSource: {26ed0001 mType=navigationBars mFrame=[0,2298][1080,2340] mVisible=true mFlags=SUPPRESS_SCRIM mSideHint=BOTTOM mBoundingRects=null}, InsetsSource: {26ed0004 mType=systemGestures mFrame=[0,0][84,2340] mVisible=true mFlags= mSideHint=LEFT mBoundingRects=null}, InsetsSource: {26ed0005 mType=mandatorySystemGestures mFrame=[0,2250][1080,2340] mVisible=true mFlags= mSideHint=BOTTOM mBoundingRects=null}, InsetsSource: {26ed0006 mType=tappableElement mFrame=[0,0][0,0] mVisible=true mFlags= mSideHint=NONE mBoundingRects=null}, InsetsSource: {26ed0024 mType=systemGestures mFrame=[996,0][1080,2340] mVisible=true mFlags= mSideHint=RIGHT mBoundingRects=null} }
03-02 00:57:14.664  2746  2808 I VRI[debug]@d566a8c: onActiveControlsChanged, removed=false, mAdded=true, caller=android.view.ViewRootImpl.handleInsetsControlChanged:3002 android.view.ViewRootImpl.setView:2014 android.view.WindowManagerGlobal.addView:604 com.android.wm.shell.startingsurface.SplashscreenWindowCreator.addWindow:38 com.android.wm.shell.startingsurface.StartingWindowController$$ExternalSyntheticLambda4.run:1365
03-02 00:57:14.664  2746  2808 I VRI[debug]@d566a8c: synced displayState. AttachInfo displayState=2
03-02 00:57:14.664  2746  2808 I VRI[debug]@d566a8c: setView = android.widget.FrameLayout@db252b6 IsHRR=false mFlingFrameRateChange=0 TM=true
03-02 00:57:14.665  2746  2870 D HWUI    : HWUI - treat SMPTE_170M as sRGB
03-02 00:57:14.665  3202 15778 I HoneySpace.RecentTasks: onRecentTasksChanged
03-02 00:57:14.665  3202  3390 I HoneySpace.TopTaskUseCase: topTasks 44864 ComponentInfo{com.podcast.app.debug/androidx.activity.ComponentActivity}[displayId=0]
03-02 00:57:14.665  3202  3977 I HoneySpace.RecentTasks: onRecentTasksChanged
03-02 00:57:14.666 14636 14636 D WM-SystemJobService: onStopJob for WorkGenerationalId(workSpecId=f23029b8-b7a3-4a93-aaf6-b7c7a26dfe9e, generation=0)
03-02 00:57:14.667 14636 15217 D WM-Processor: WorkerWrapper interrupted for f23029b8-b7a3-4a93-aaf6-b7c7a26dfe9e
03-02 00:57:14.667 14636 15217 D WM-StopWorkRunnable: StopWorkRunnable for f23029b8-b7a3-4a93-aaf6-b7c7a26dfe9e; Processor.stopWork = true
03-02 00:57:14.668  1507  1507 I SurfaceFlinger: [Display 0 name="Built-in Screen"#49] setFrameRateCategory: High
03-02 00:57:14.669  2013  4823 I WindowManager: Relayout Window{957eb27 u0 Splash Screen com.podcast.app.debug}: viewVisibility=0 req=1080x2340 ty=3 d0
03-02 00:57:14.670  1507  1907 I SurfaceFlinger: id=155859 createSurf, flag=44004, Splash Screen com.podcast.app.debug$_2746#155859
03-02 00:57:14.672  2013  4823 I WindowManager: Relayout hash=957eb27, pid=2746, syncId=-1: mAttrs={(0,0)(fillxfill) sim={adjust=pan} layoutInDisplayCutoutMode=always ty=APPLICATION_STARTING fmt=TRANSLUCENT wanim=0x1030317
03-02 00:57:14.672  2013  4823 I WindowManager:   fl=81030118
03-02 00:57:14.672  2013  4823 I WindowManager:   pfl=10000810
03-02 00:57:14.672  2013  4823 I WindowManager:   bhv=1
03-02 00:57:14.672  2013  4823 I WindowManager:   fitSides=0
03-02 00:57:14.672  2013  4823 I WindowManager:   frameRateBoostOnTouch=true
03-02 00:57:14.672  2013  4823 I WindowManager:   dvrrWindowFrameRateHint=true naviIconColor=0}
03-02 00:57:14.673  2746  2808 I VRI[debug]@d566a8c: onActiveControlsChanged, removed=false, mAdded=true, caller=android.view.ViewRootImpl.handleInsetsControlChanged:3002 android.view.ViewRootImpl.relayoutWindow:11629 android.view.ViewRootImpl.performTraversals:4804 android.view.ViewRootImpl.doTraversal:3924 android.view.ViewRootImpl$TraversalRunnable.run:12903
03-02 00:57:14.674 14885 14885 I System.out: SAFFragmentRootScene: onWindowFocusChanged: com.ss.android.ugc.aweme.main.MainRootFragment, MainRootFragment{e89d275} (8a90a2f7-f51b-4f8d-88b5-38e0125851ad tag=root_fragment), true (SAFFragmentRootScene{79e191c})
03-02 00:57:14.674 14885 14885 I System.out: SAFActivity V Scene Framework: NavigationMessageQueue postSync run current task finish 14_Y.ARunnableS108S0200000_32@4bd62ff
03-02 00:57:14.674 14885 14885 I System.out: SAFActivity V Scene Framework: NavigationMessageQueue postSync finish
03-02 00:57:14.674 14885 14885 I System.out: SceneSafeLifecycleDispatcher: onPaused End PAUSE
03-02 00:57:14.674 14885 14885 I System.out: SAFActivity: com.ss.android.ugc.aweme.main.MainActivity@c20428f,  onPause End
03-02 00:57:14.674  2746  2808 D BufferQueueConsumer: [](id:aba00001e11,api:0,p:-1,c:2746) connect: controlledByApp=false
03-02 00:57:14.675  2746  2808 I BLASTBufferQueue: [VRI[debug]@d566a8c#7697](f:0,a:0,s:0) constructor()
03-02 00:57:14.676  2746  2808 I BLASTBufferQueue_Java: new BLASTBufferQueue, mName= VRI[debug]@d566a8c mNativeObject= 0xb4000076d3a50400 caller= android.view.ViewRootImpl.updateBlastSurfaceIfNeeded:3585 android.view.ViewRootImpl.relayoutWindow:11685 android.view.ViewRootImpl.performTraversals:4804 android.view.ViewRootImpl.doTraversal:3924 android.view.ViewRootImpl$TraversalRunnable.run:12903 android.view.Choreographer$CallbackRecord.run:1901 android.view.Choreographer$CallbackRecord.run:1910 android.view.Choreographer.doCallbacks:1367 android.view.Choreographer.doFrame:1292 android.view.Choreographer$FrameDisplayEventReceiver.run:1870
03-02 00:57:14.676  2746  2808 I BLASTBufferQueue_Java: update, w= 1080 h= 2340 mName = VRI[debug]@d566a8c mNativeObject= 0xb4000076d3a50400 sc.mNativeObject= 0xb40000783d286e80 format= -3 caller= android.view.ViewRootImpl.updateBlastSurfaceIfNeeded:3590 android.view.ViewRootImpl.relayoutWindow:11685 android.view.ViewRootImpl.performTraversals:4804 android.view.ViewRootImpl.doTraversal:3924 android.view.ViewRootImpl$TraversalRunnable.run:12903 android.view.Choreographer$CallbackRecord.run:1901
03-02 00:57:14.676  2746  2808 I BLASTBufferQueue: [VRI[debug]@d566a8c#7697](f:0,a:0,s:0) update width=1080 height=2340 format=-3 mTransformHint=0
03-02 00:57:14.676  2746  2808 I VRI[debug]@d566a8c: Relayout returned: old=(0,0,1080,2340) new=(0,0,1080,2340) relayoutAsync=false req=(1080,2340)0 dur=5 res=0x3 s={true 0xb40000772ad67e00} ch=true seqId=0
03-02 00:57:14.679  2746  2808 D VRI[debug]@d566a8c: mThreadedRenderer.initialize() mSurface={isValid=true 0xb40000772ad67e00} hwInitialized=true
03-02 00:57:14.679  2746  2808 D VRI[debug]@d566a8c: reportNextDraw android.view.ViewRootImpl.performTraversals:5443 android.view.ViewRootImpl.doTraversal:3924 android.view.ViewRootImpl$TraversalRunnable.run:12903 android.view.Choreographer$CallbackRecord.run:1901 android.view.Choreographer$CallbackRecord.run:1910
03-02 00:57:14.679  2746  2808 D VRI[debug]@d566a8c: Setup new sync=wmsSync-VRI[debug]@d566a8c#11
03-02 00:57:14.679  2746  2808 I VRI[debug]@d566a8c: Creating new active sync group VRI[debug]@d566a8c#12
03-02 00:57:14.679  1507  1507 I SurfaceFlinger: [Splash Screen com.podcast.app.debug$_2746#155859] attach to parent LayerHierarchy{RequestedLayerState{957eb27 Splash Screen com.podcast.app.debug#155858 parentId=155857} 1 children}
03-02 00:57:14.680  2746  2808 D VRI[debug]@d566a8c: registerCallbacksForSync syncBuffer=false
03-02 00:57:14.681  2746  2865 D VRI[debug]@d566a8c: Received frameDrawingCallback syncResult=0 frameNum=1.
03-02 00:57:14.681  2746  2865 I VRI[debug]@d566a8c: mWNT: t=0xb40000771f6f0000 mBlastBufferQueue=0xb4000076d3a50400 fn= 1 HdrRenderState mRenderHdrSdrRatio=1.0 caller= android.view.ViewRootImpl$12.onFrameDraw:15441 android.view.ThreadedRenderer$1.onFrameDraw:718 <bottom of call stack>
03-02 00:57:14.681  2746  2865 I VRI[debug]@d566a8c: Setting up sync and frameCommitCallback
03-02 00:57:14.683  2013  4843 D InputDispatcher: Focused application(0): ActivityRecord{103010003 u0 com.podcast.app.debug/androidx.activity.ComponentActivity t44864}
03-02 00:57:14.684  2013  2844 D GraphicsStatsService: requestRenderEngineFor(com.podcast.app.debug)
03-02 00:57:14.686  1444  1808 D MDP     : [PQSessionManager] findVideoID[f6840820] found on index a
03-02 00:57:14.686  1444  1808 D MDP     : [PQSessionManager] createPQSession(a) user(0xb4000074f4d46d80)
03-02 00:57:14.686  1444  1808 D MDP     : [PQSessionManager] Duplicated ID[a] found, please check if double createPQSession!
03-02 00:57:14.686  1444  1808 D MDP     : [PQSessionManager] getPQSessionListHandle id[a]
03-02 00:57:14.686  1444  1808 D MDP     : [PQSessionManager] getPQSessionListHandle, find id[a]
03-02 00:57:14.686  1444  1808 D MDP     : [PQSession] incRefCount id[a] user[0xb4000074f4d46d80] existed
03-02 00:57:14.686  1444  1808 D MDP     : [PQSession] incRefCount id[a] user[0xb4000074f4d46d80] numOfUser[1]
03-02 00:57:14.686  1444  1808 D MDP     : [PQSession] numElements[0] key[0] metaData[0]
03-02 00:57:14.686  1444  1808 D MDP     : [PQSession] setPQParam() id[a] enable[1], scenario[1]
03-02 00:57:14.686  1444  1808 D MDP     : [PQSession] video TS [12200]
03-02 00:57:14.686  1444  1808 D PQ      : PQDSConfig::getEnableStatus check1  time 0 ms
03-02 00:57:14.686  1444  1808 D PQ      : [PQDSConfig] PQDSConfig::getEnableStatus = 1
03-02 00:57:14.686  1444  1808 D PQ      : [PQDSConfig] m_TDSHPTableInit 1
03-02 00:57:14.686  1444  1808 D PQ      : [PQDSConfig] getAshmemContext(SHP_ENABLE) = 1
03-02 00:57:14.686  1444  1808 D PQ      : PQDSConfig::getEnableStatus check2  time 0 ms
03-02 00:57:14.686  1444  1808 D PQ      : [PQDSConfig] PQDSConfig::getUREnableStatus = 1
03-02 00:57:14.686  1444  1808 D MDP     : [PQSession] setDpPqConfig m_svp = 0, enDRE = 0
03-02 00:57:14.686  1444  1808 D MDP     : setPQParam globalPQSupport = [0] globalPQSwitch = [0] globalPQStrength = [0] globalPQType = [0]
03-02 00:57:14.686  1444  1808 D MDP     : [PQSession] setPQparam userId[0x0], scenario[1], enDRE[0]
03-02 00:57:14.686  1444  1808 D MDP     : [PQSession] getDpPqConfig() id[a] enable[1], scenario[1]
03-02 00:57:14.686  1444  1808 D MDP     : [PQSession] getDpPqConfig() enSharp[1] enDC[0] enColor[0] enHDR[0] enHDRVivid[0] enUR[0] enReFocus[0] enCcorr[1] enDRE[0] enHFG[0] enAIPQ[0] enAISDR2HDR[0] enAIRegionPQ[0] mAdaptiveEnable[0]
03-02 00:57:14.686  1444  1808 D MDP     : [PQSession] setPQDREParam userId[0x0] scenario[1] enDRE[0]
03-02 00:57:14.686  1444  1808 D MDP     : [PQSessionManager] findVideoID[f6840820] found on index a
03-02 00:57:14.686  1444  1808 D PQ_HDR  : DpAsyncBlit: job:(2070909 190) in:(720, 1280)[720 368] C8s P1.1.1.0.1, alpha 0, sec0 flush:0 Buffer 1035454: plane=3 bufVA={0xbe,0xbe,0xbe} bufMVA={0x0,0x0,0x0} bufSize={0xe1000,0x39800,0x39800} proxy={0xb40000747320b7c0,0x0,0x0}fence=-1
03-02 00:57:14.686  1444  1808 D PQ_HDR  : DpAsyncBlit: out 0:(1080, 1920)[2176 0] C5 P1.1.1.0.1 R:0 F:0 S:1 A:0 HDR:0 COLOR:0 CCORR:1 sec0 flush:0 Buffer 1035454: plane=1 bufVA={0x87,0x0,0x0} bufMVA={0x0,0x0,0x0} bufSize={0x4db200,0x0,0x0} proxy={0xb40000747320b6e0,0x0,0x0}fence=202
03-02 00:57:14.686  1444  1808 D PQ_HDR  : DpAsyncBlit: crop 0:(0.0, 0.0, 720.0, 1280.0) compose:(0, 0, 1080, 1920)
03-02 00:57:14.687  1507  1565 E SfCpu   :  sched_setaffinity return fail 1461
03-02 00:57:14.687  1507  1565 E SfCpu   :  sched_setaffinity return fail 1444
03-02 00:57:14.687  2746  2870 I BLASTBufferQueue: [VRI[debug]@d566a8c#7697](f:0,a:0,s:0) onFrameAvailable the first frame is available
03-02 00:57:14.687  1444  1808 D MDP     : [PQSessionManager] PQSessionManager::getPQSession id[a]
03-02 00:57:14.687  1444  1808 D MDP     : [PQSessionManager] getPQSessionListHandle id[a]
03-02 00:57:14.687  1444  1808 D MDP     : [PQSessionManager] getPQSessionListHandle, find id[a]
03-02 00:57:14.687  1444  1808 D MDP     : [PQSessionManager] PQSessionManager::getPQSession id[a]
03-02 00:57:14.687  1444  1808 D MDP     : [PQSessionManager] getPQSessionListHandle id[a]
03-02 00:57:14.687  1444  1808 D MDP     : [PQSessionManager] getPQSessionListHandle, find id[a]
03-02 00:57:14.687  1444  1808 D MDP     : PQSession:setPipeNum m_PipeNum[1] value[1] ID[a] DCPath[0] DCDone[0] addr[732261df]
03-02 00:57:14.687  1444  1808 D MDP     : [PQSession] getDpPqConfig() id[a] enable[1], scenario[1]
03-02 00:57:14.687  1444  1808 D MDP     : [PQSession] getDpPqConfig() enSharp[1] enDC[0] enColor[0] enHDR[0] enHDRVivid[0] enUR[0] enReFocus[0] enCcorr[1] enDRE[0] enHFG[0] enAIPQ[0] enAISDR2HDR[0] enAIRegionPQ[0] mAdaptiveEnable[0]
03-02 00:57:14.687  1444  1808 D PQ      : [PQRSZConfig] PQRSZConfig::getUREnableStatus = 1
03-02 00:57:14.687  1444  1808 D MDP     : [PQSessionManager] PQSessionManager::getPQSession id[a]
03-02 00:57:14.687  1444  1808 D MDP     : [PQSessionManager] getPQSessionListHandle id[a]
03-02 00:57:14.687  1444  1808 D MDP     : [PQSessionManager] getPQSessionListHandle, find id[a]
03-02 00:57:14.687  1444  1808 D AAL     : [PQEngineInterface] DpEngineTDSHPConfigFrame(0) pqSessionId = a
03-02 00:57:14.687  1444  1808 D MDP     : [PQSession] getDpPqConfig() id[a] enable[1], scenario[1]
03-02 00:57:14.687  1444  1808 D MDP     : [PQSession] getDpPqConfig() enSharp[1] enDC[0] enColor[0] enHDR[0] enHDRVivid[0] enUR[0] enReFocus[0] enCcorr[1] enDRE[0] enHFG[0] enAIPQ[0] enAISDR2HDR[0] enAIRegionPQ[0] mAdaptiveEnable[0]
03-02 00:57:14.687  1444  1808 D AAL     : [PQEngineInterface] DpEngineTDSHPConfigFrame(0) tdshpEnable(1) enSharp(1) enDC(0) enHFG(0)
03-02 00:57:14.687  1444  1808 D MDP     : PQSession:setPipeNum m_PipeNum[1] value[1] ID[a] DCPath[0] DCDone[0] addr[732261df]
03-02 00:57:14.687  1444  1808 D AAL     : [PQEngineInterface] DpEngineTDSHPConfigFrame(0) adl_enable = 0
03-02 00:57:14.687  1444  1808 D PQ      : [PQHFGConfig] PQHFGConfig::isEnabled = 2
03-02 00:57:14.687  1444  1808 D MDP     : [PQSession] getDpPqConfig() id[a] enable[1], scenario[1]
03-02 00:57:14.687  1444  1808 D MDP     : [PQSession] getDpPqConfig() enSharp[1] enDC[0] enColor[0] enHDR[0] enHDRVivid[0] enUR[0] enReFocus[0] enCcorr[1] enDRE[0] enHFG[0] enAIPQ[0] enAISDR2HDR[0] enAIRegionPQ[0] mAdaptiveEnable[0]
03-02 00:57:14.687  1444  1808 D AAL     : [PQEngineInterface] DpEngineTDSHPConfigFrame(0) hfg_enable = 0
03-02 00:57:14.687  1444  1808 D AAL     : PQEngineInterface] DpEngineTDSHPConfigFrame(0) shp_enable = 0
03-02 00:57:14.687  2746  2870 I BLASTBufferQueue: [VRI[debug]@d566a8c#7697](f:0,a:1,s:0) acquireNextBufferLocked size=1080x2340 mFrameNumber=1 applyTransaction=true mTimestamp=491113688063656(auto) mPendingTransactions.size=0 graphicBufferId=11793980283398 transform=0
03-02 00:57:14.688  1444  1808 D MDP     : [PQSessionManager] PQSessionManager::getPQSession id[a]
03-02 00:57:14.688  1444  1808 D MDP     : [PQSessionManager] getPQSessionListHandle id[a]
03-02 00:57:14.688  1444  1808 D MDP     : [PQSessionManager] getPQSessionListHandle, find id[a]
03-02 00:57:14.688  1444  1808 D MDP     : [PQSession] getDpPqConfig() id[a] enable[1], scenario[1]
03-02 00:57:14.688  1444  1808 D MDP     : [PQSession] getDpPqConfig() enSharp[1] enDC[0] enColor[0] enHDR[0] enHDRVivid[0] enUR[0] enReFocus[0] enCcorr[1] enDRE[0] enHFG[0] enAIPQ[0] enAISDR2HDR[0] enAIRegionPQ[0] mAdaptiveEnable[0]
03-02 00:57:14.688  1444  1808 W AAL     : DpEngine_AAL: relay 1
03-02 00:57:14.688  1444  1808 D AAL     : [PQEngineInterface] DpEngineTDSHPConfigTile(0) InpSize: 807, 1920, OutSize: 807, 1920
03-02 00:57:14.688  1444  1808 D MDP     : [PQSessionManager] PQSessionManager::getPQSession id[a]
03-02 00:57:14.688  1444  1808 D MDP     : [PQSessionManager] getPQSessionListHandle id[a]
03-02 00:57:14.688  1444  1808 D MDP     : [PQSessionManager] getPQSessionListHandle, find id[a]
03-02 00:57:14.688  2746  2870 I VRI[debug]@d566a8c: Received frameCommittedCallback lastAttemptedDrawFrameNum=1 didProduceBuffer=true
03-02 00:57:14.688  1444  1808 D PQ      : [PQHFGConfig] PQHFGConfig::isEnabled = 2
03-02 00:57:14.688  1444  1808 D MDP     : [PQSession] getDpPqConfig() id[a] enable[1], scenario[1]
03-02 00:57:14.688  1444  1808 D MDP     : [PQSession] getDpPqConfig() enSharp[1] enDC[0] enColor[0] enHDR[0] enHDRVivid[0] enUR[0] enReFocus[0] enCcorr[1] enDRE[0] enHFG[0] enAIPQ[0] enAISDR2HDR[0] enAIRegionPQ[0] mAdaptiveEnable[0]
03-02 00:57:14.688  1444  1808 D AAL     : [PQEngineInterface] DpEngineAALCongTile(0) MDP_aal_size = 36177152
03-02 00:57:14.688  1444  1808 D AAL     : [PQEngineInterface(1791345034)::MDP_AAL_output_offset = 0
03-02 00:57:14.688  1444  1808 D AAL     : [PQEngineInterface] DpEngineAALCongTile(0) MDP_AAL_output_size = 35652864
03-02 00:57:14.688  1444  1808 D AAL     : [PQEngineInterface] DpEngineAALCongTile(0) inTileXRight = 551, inTileXLeft = 0
03-02 00:57:14.688  1444  1808 D AAL     : [PQEngineInterface] DpEngineAALCongTile(0) inTileYBottom = 543, inTileYTop = 0
03-02 00:57:14.688  1444  1808 D AAL     : [PQEngineInterface] DpEngineAALCongTile(0) outTileXRight = 1279, outTileXLeft = 0
03-02 00:57:14.688  1444  1808 D AAL     : [PQEngineInterface] DpEngineAALCongTile(0) m_outTileYBottom = 1279, m_outTileYTop = 0
