03-02 00:56:57.330  1464  1529 I libPowerHal: [PD] vendor.samsung. update cmd:1000000 param:-1 pr:6
03-02 00:56:57.330  1464  1529 I libPowerHal: [perfLockRel] Done for hdl : 76242
03-02 00:56:57.343  2013  2065 D PkgPredictorService-SecIpmManagerServiceImpl: bg information pid:14885 uid:10350 pkgName:com.zhiliaoapp.musically
03-02 00:56:57.346 14885 14885 D BBA2    : setIsFg isFg = false; delayValue 3999ms
03-02 00:56:57.347  1445 16865 W C2MtkBufferManager: [0xB4000070F68A9420] fetchNewCcBlock: wait fence 0x0xb4000070f692fea0 timed out. ret 110
03-02 00:56:57.365  1507  1825 I SurfaceFlinger: Capture layer list: 	 com.podcast.app.debug/androidx.activity.ComponentActivity$_17121#155343(seamlessTransition:0)
03-02 00:56:57.378  1445  2902 W C2MtkBufferManager: [0xB4000070F507E520] fetchNewCcBlock: wait fence 0x0xb4000070f5058270 timed out. ret 110
03-02 00:56:57.382  6655 17728 I NetworkScheduler.Stats: (REDACTED) Task %s/%s started execution. cause:%s exec_start_elapsed_seconds: %s
03-02 00:56:57.387  1444  1813 I hwcomposer: [HWC] (0)fire a callback of refresh to SF[4]
03-02 00:56:57.387  1445 16865 W C2MtkBufferManager: [0xB4000070F68A9420] fetchNewCcBlock: wait fence 0x0xb4000070f692fea0 timed out. ret 110
03-02 00:56:57.408  1484  1921 D StreamHalAidl: [out|ioHandle:21] standby
03-02 00:56:57.409  1484  1921 D StreamHalAidl: [out|ioHandle:21] pause
03-02 00:56:57.409  1439  1902 D AHAL_Stream: cycle: received command Command{pause: Void{}} in writer
03-02 00:56:57.409  1439  1902 D AHAL_Stream: [out|ioHandle:21] pause
03-02 00:56:57.409  1439  1902 I AHAL_Stream: pause()
03-02 00:56:57.409  1439  1902 D MTKAdapterStreamLayer: pause(),
03-02 00:56:57.409  1439  1902 D AudioALSAStreamOut: pause() 0xb400006fe2305e00
03-02 00:56:57.409  1439  1902 D AHAL_Stream: cycle: writing reply Reply{status: 0, fmqByteCount: 0, observable: Position{frames: 3077347396, timeNs: 491096410115655}, hardware: Position{frames: -1, timeNs: -1}, latencyMs: 21, xrunFrames: 0, state: PAUSED}
03-02 00:56:57.409  1484  1921 D StreamHalAidl: [out|ioHandle:21] flush
03-02 00:56:57.409  1439  1902 D AHAL_Stream: cycle: received command Command{flush: Void{}} in writer
03-02 00:56:57.409  1439  1902 D AHAL_Stream: [out|ioHandle:21] flush
03-02 00:56:57.409  1439  1902 I AHAL_Stream: flush()
03-02 00:56:57.409  1439  1902 D MTKAdapterStreamLayer: flush(),
03-02 00:56:57.409  1439  1902 D AudioALSAStreamOut: flush() 0xb400006fe2305e00
03-02 00:56:57.409  1439  1902 D AHAL_Stream: cycle: writing reply Reply{status: 0, fmqByteCount: 0, observable: Position{frames: 3077347420, timeNs: 491096410585886}, hardware: Position{frames: -1, timeNs: -1}, latencyMs: 21, xrunFrames: 0, state: IDLE}
03-02 00:56:57.410  1439  1902 D AHAL_Stream: cycle: received command Command{standby: Void{}} in writer
03-02 00:56:57.410  1439  1902 D AHAL_Stream: [out|ioHandle:21] standby
03-02 00:56:57.410  1439  1902 D AudioALSAStreamOut: standby(), flag 8
03-02 00:56:57.410  1439  1902 D AudioALSAStreamOut: standbyStreamOut(), halRequest 0, mDestroy 0, flag 8
03-02 00:56:57.410  1439  1902 D AudioALSAStreamOut: close_l(), flags 8
03-02 00:56:57.410  1439  1902 D AudioALSAStreamManager: setPlaybackStreamActive(), is_active = 0, stream_type = 3, mIsMusicStreamActive = 0
03-02 00:56:57.410  1439  1902 D AudioALSAPlaybackHandlerMixer: close(+), source flag 8, mDevice = 0x2, buffer_size 8192
03-02 00:56:57.410  1439  1902 D audio_sw_mixer: sw_mixer_source_detach(), MIXER_PLAYBACK  , name T_DEEP
03-02 00:56:57.410  1439  1902 D audio_sw_mixer: sw_mixer_manager_destroy_path(), MIXER_PLAYBACK  , path T_DEEP=>T_PRIMARY
03-02 00:56:57.410  1439  1902 D audio_sw_mixer: dump_path_list(), MIXER_PLAYBACK  , no path
03-02 00:56:57.410  1439  1902 D audio_sw_mixer: sw_mixer_target_detach(), MIXER_PLAYBACK  , name T_PRIMARY
03-02 00:56:57.410  1439  1620 D audio_sw_mixer: sw_mixer_wait_to_mix(), MIXER_PLAYBACK  , target T_PRIMARY    thread exit direct mode
03-02 00:56:57.410  1439  1620 D audio_sw_mixer: sw_mixer_mix_thread(), thread mix1:0 idle
03-02 00:56:57.410  1439  1902 D AudioALSAPlaybackHandlerNormal: +close(), flag = 8, mDevice = 0x2
03-02 00:56:57.410  1439  1902 D AudioALSAHardwareResourceManager: +stopOutputDevice(), mOutputDevices = 0x2, mStartOutputDevicesCount = 1
03-02 00:56:57.411  1439  1902 D AudioSmartPaController: +dspOnBoardSpeakerOff()
03-02 00:56:57.411  1439  1902 D AudioALSAHardwareResourceManager: notifyOutputDeviceStatusChange(), device = 2, status = 1, sampleRate = 0, mOpenSpeakerPathCount = 0
03-02 00:56:57.411  1439  1902 D AudioALSAStreamManager: speakerStatusChangeCb(), status = 1, sampleRate = 0
03-02 00:56:57.425 14636 14636 D WM-SystemJobService: onStartJob for WorkGenerationalId(workSpecId=f23029b8-b7a3-4a93-aaf6-b7c7a26dfe9e, generation=0)
03-02 00:56:57.428 14636 15264 D WM-Processor: MutableConfig: processing WorkGenerationalId(workSpecId=f23029b8-b7a3-4a93-aaf6-b7c7a26dfe9e, generation=0)
03-02 00:56:57.429  1445 16865 W C2MtkBufferManager: [0xB4000070F68A9420] fetchNewCcBlock: wait fence 0x0xb4000070f692fea0 timed out. ret 110
03-02 00:56:57.429  1439  1902 D AudioALSAPlaybackHandlerBase: -closePcmDriver(), mPcm = 0x0
03-02 00:56:57.429  1439  1902 D AudioALSADeviceConfigManager: ApplyDeviceTurnoffSequenceByName(), DeviceName = PLAYBACK3_TO_I2S3 descriptor->DeviceStatusCounter = 1, Ctlsize=4
03-02 00:56:57.429  1439  1902 D AudioALSAPlaybackHandlerBase: DestroyAurisysLibManager()
03-02 00:56:57.429  1439  1902 D aurisys_lib_handler: [LIB] Awinic Info: aw_skt_arsi_destroy_handler(), p_handler = 0xb400006fe1dc7900
03-02 00:56:57.430  1439  1902 D [Awinic]: get dtc_status: interval_time: 0 s, tma_pre: 4599170, tcm_pre: 275698
03-02 00:56:57.430  1439  1902 D [Awinic]: Close attrs done!
03-02 00:56:57.430  1439  1902 D [Awinic]: spin reset done!
03-02 00:56:57.430  1439  1902 D [Awinic]:  Reset Done !
03-02 00:56:57.430  1439  1902 D aurisys_lib_handler: [LIB] Awinic Info: aw_skt_arsi_destroy_handler done!
03-02 00:56:57.430  1439  1902 D aurisys_lib_handler: aurisys_arsi_destroy_handler(), lib_name smartpa_aw88xxx, 0xb400006feb041000, arsi_destroy_handler, arsi_handler = 0xb400006fe1dc7900, retval = 0
03-02 00:56:57.430  1439  1902 D aurisys_lib_manager: delete_aurisys_lib_manager(), manager 0xb400006feb05c460
03-02 00:56:57.430  1439  1902 D AudioALSAPlaybackHandlerNormal: -close()
03-02 00:56:57.430  1439  1902 D AudioALSAPlaybackHandlerBase: DestroyAurisysLibManager()
03-02 00:56:57.430  1439  1902 D aurisys_lib_handler: aurisys_arsi_destroy_handler(), lib_name aurisys_demo, 0xb400006fecaa7000, arsi_destroy_handler, arsi_handler = 0xb400006feca82600, retval = 0
03-02 00:56:57.430  1439  1902 D aurisys_lib_manager: delete_aurisys_lib_manager(), manager 0xb400006fecb0c760
03-02 00:56:57.430  1439  1902 D AudioALSAPlaybackHandlerMixer: close(-)
03-02 00:56:57.430  1439  1902 D AudioALSAStreamManager: routingOutputDeviceForIEMs()
03-02 00:56:57.430  1439  1902 D AudioIEMsController: routing(+), cur out 0x0 in 0x0, hs 0, bt 0, usb 0, device 0x2, mask 0x1, on 0
03-02 00:56:57.430  1439  1902 D AudioIEMsController: routing(-), cur out 0x0 in 0x0
03-02 00:56:57.430  1439  1902 D AHAL_Stream: cycle: writing reply Reply{status: 0, fmqByteCount: 0, observable: Position{frames: 3077347432, timeNs: 491096410854193}, hardware: Position{frames: -1, timeNs: -1}, latencyMs: 21, xrunFrames: 0, state: STANDBY}
03-02 00:56:57.437 14636 14636 D WM-WorkerWrapper: Starting work for com.urbanairship.job.AirshipWorker
03-02 00:56:57.438 14636 14636 V Ana Vodafone - UALib: AirshipWorker - Running job: JobInfo{action='ACTION_UPDATE_CHANNEL', airshipComponentName='com.urbanairship.channel.AirshipChannel', isNetworkAccessRequired=true, minDelayMs=0, conflictStrategy=2, initialBackOffMs=30000, extras={}, rateLimitIds=[]}, work Id: f23029b8-b7a3-4a93-aaf6-b7c7a26dfe9e run attempt: 266
03-02 00:56:57.438 14636 14636 V Ana Vodafone - UALib: JobDispatcher - Running job: JobInfo{action='ACTION_UPDATE_CHANNEL', airshipComponentName='com.urbanairship.channel.AirshipChannel', isNetworkAccessRequired=true, minDelayMs=0, conflictStrategy=2, initialBackOffMs=30000, extras={}, rateLimitIds=[]}, run attempt: 266
03-02 00:56:57.439  5235  5235 I InputMethodService: removeImeSurface
03-02 00:56:57.439  5235  5235 I InputMethodService: cancelImeSurfaceRemoval: removeCallbacks
03-02 00:56:57.446 14885 16183 D ThreadBooster: [Scene Stop] After reset priority, aoapp.musically priority is -10
03-02 00:56:57.446 14885 16183 D ThreadBooster: [Scene Start] After adjust priority,  aoapp.musically priority is -20, tid: 14885
03-02 00:56:57.450  6655 14246 I NetworkScheduler.Stats: (REDACTED) Task %s/%s finished executing. cause:%s result: %s elapsed_millis: %s uptime_millis: %s exec_start_elapsed_seconds: %s
03-02 00:56:57.451  1445  2902 W C2MtkBufferManager: [0xB4000070F507E520] fetchNewCcBlock: wait fence 0x0xb4000070f5058270 timed out. ret 110
03-02 00:56:57.463 17532 17540 I .app.debug.test: Compiler allocated 5066KB to compile void android.view.ViewRootImpl.performTraversals()
03-02 00:56:57.465  1507  1825 I SurfaceFlinger: Capture layer list: 	 com.podcast.app.debug/androidx.activity.ComponentActivity$_17121#155343(seamlessTransition:0)
03-02 00:56:57.468  1445 16865 W C2MtkBufferManager: [0xB4000070F68A9420] fetchNewCcBlock: wait fence 0x0xb4000070f692fea0 timed out. ret 110
03-02 00:56:57.508  1445 16865 W C2MtkBufferManager: [0xB4000070F68A9420] fetchNewCcBlock: wait fence 0x0xb4000070f692fea0 timed out. ret 110
03-02 00:56:57.524  1445  2902 W C2MtkBufferManager: [0xB4000070F507E520] fetchNewCcBlock: wait fence 0x0xb4000070f5058270 timed out. ret 110
03-02 00:56:57.548  1445 16865 W C2MtkBufferManager: [0xB4000070F68A9420] fetchNewCcBlock: wait fence 0x0xb4000070f692fea0 timed out. ret 110
03-02 00:56:57.565  1507  1825 I SurfaceFlinger: Capture layer list: 	 com.podcast.app.debug/androidx.activity.ComponentActivity$_17121#155343(seamlessTransition:0)
03-02 00:56:57.576  1628  1637 E thermal_core: find_tz_idx_by_name:"Failed to find thermal zone index of ap_ntc\n"
03-02 00:56:57.576  1628  1637 E thermal_core: find_tz_idx_by_name:"Failed to find thermal zone index of mtk-master-charger\n"
03-02 00:56:57.580 14885 16239 W System.err: FlagsHookHelper: skip hook flags method getInstanceHook
03-02 00:56:57.588  1445 16865 W C2MtkBufferManager: [0xB4000070F68A9420] fetchNewCcBlock: wait fence 0x0xb4000070f692fea0 timed out. ret 110
03-02 00:56:57.591 14885 15878 W NaviWarn: StackPtr is not 8-byte aligned.
03-02 00:56:57.592  2013  2067 I ChimeraSystemEventListener: appLaunchIntent package name is: com.podcast.app.debug.test
03-02 00:56:57.597  1445  2902 W C2MtkBufferManager: [0xB4000070F507E520] fetchNewCcBlock: wait fence 0x0xb4000070f5058270 timed out. ret 110
03-02 00:56:57.600  1464  1492 I mtkpower@impl: [setMode] type:5, enabled:1
03-02 00:56:57.600  2013  3441 I SemDvfsHyPerManager: acquire hyper - AMS_APP_SWITCH/2013@20, type = -999
03-02 00:56:57.600  1507  1507 I BufferQueueProducer: [NavigationBar0$_2746#113](this:0xb400007a17b59e38,id:-1,api:0,p:-1,c:1507) queueBuffer: fps=7.07 dur=1131.48 max=1050.67 min=8.35
03-02 00:56:57.601  1507  1507 I BufferQueueProducer: [com.podcast.app.debug/androidx.activity.ComponentActivity$_17121#155343](this:0xb400007a180dd638,id:-1,api:0,p:-1,c:1507) queueBuffer: fps=1.94 dur=1029.70 max=951.98 min=77.72
03-02 00:56:57.601  1450  1487 I HYPER-HAL: [RequestManager.cpp]acquire(): Acquired ID : 2067581  [2013 / 20]    HINT : AMS_ACT_SWITCH    list :
03-02 00:56:57.601  1450  1487 I mtkpower_client: perf_lock_acq, hdl:0, dur:0, num:2, pid:1450, tid:1487
03-02 00:56:57.602  1450  1487 I mtkpower_client: ret_hdl:76243
03-02 00:56:57.602  1450  1487 I mtkpower_client: perf_lock_acq, hdl:0, dur:0, num:2, pid:1450, tid:1487
03-02 00:56:57.602  1464  1529 I libPowerHal: [perfLockAcq] idx:2 hdl:76243 hint:-1 pid:1450 tid:1487 duration:0 lock_user:vendor.samsung. => ret_hdl:76243
03-02 00:56:57.602  1507  1563 I SurfaceFlinger: id=155352 createSurf, flag=24004, Task=44843#155352
03-02 00:56:57.602  1464  1529 I libPowerHal: [setDvfsrcDevFreqOpp] opp:0, freq:4266000000
03-02 00:56:57.602  1464  1529 I libPowerHal: [PE] vendor.samsung. update cmd:1000000 param:0 pr:3
03-02 00:56:57.603  1464  1529 I libPowerHal: [perfLockAcq] Done for hdl : 76243
03-02 00:56:57.603  4784  4784 I SemDvfsHyPerManager: acquire hyper - APP_START_SHORT/4784@15, type = -999
03-02 00:56:57.606  1450  1487 I mtkpower_client: ret_hdl:76244
03-02 00:56:57.606  1450  1487 I HYPER-HAL: [RequestManager.cpp]acquire(): Acquired ID : 11517615  [4784 / 15]    HINT : APP_START    list : [TIMEOUT / 1500]
03-02 00:56:57.606  1464  1529 I libPowerHal: [perfLockAcq] idx:5 hdl:76244 hint:-1 pid:1450 tid:1487 duration:0 lock_user:vendor.samsung. => ret_hdl:76244
03-02 00:56:57.606  1464  1529 I libPowerHal: [PE] vendor.samsung. update cmd:400000 param:2000000 pr:3
03-02 00:56:57.606  1464  1529 I libPowerHal: [recordCPUFreqInfo] set cluster[0] min(vendor.samsung.): 2000000 max(-1): -1 cluster[1] min(-1): -1 max(-1): -1
03-02 00:56:57.606  1464  1529 I libPowerHal: [perfLockAcq] Done for hdl : 76244
03-02 00:56:57.607  1507  1563 I SurfaceFlinger: id=155353 createSurf, flag=84004, ActivityRecord{41425518 u0 com.podcast.app.debug.test/androidx.test.core.app.InstrumentationActivityInvoker$EmptyActivity t44843}#155353
03-02 00:56:57.607 14636 14636 D WM-SystemJobService: onStopJob for WorkGenerationalId(workSpecId=f23029b8-b7a3-4a93-aaf6-b7c7a26dfe9e, generation=0)
03-02 00:56:57.608 14636 15263 D WM-Processor: WorkerWrapper interrupted for f23029b8-b7a3-4a93-aaf6-b7c7a26dfe9e
03-02 00:56:57.609 14636 15263 D WM-StopWorkRunnable: StopWorkRunnable for f23029b8-b7a3-4a93-aaf6-b7c7a26dfe9e; Processor.stopWork = true
03-02 00:56:57.612  1507  1507 I SurfaceFlinger: [Task=44843#155352] attach to parent LayerHierarchy{RequestedLayerState{DefaultTaskDisplayArea_d0#10 parentId=9} 46 children}
03-02 00:56:57.612  1507  1507 I SurfaceFlinger: [ActivityRecord{41425518 u0 com.podcast.app.debug.test/androidx.test.core.app.InstrumentationActivityInvoker$EmptyActivity t44843}#155353] attach to parent LayerHierarchy{RequestedLayerState{Task=44843#155352 parentId=10} 1 children}
03-02 00:56:57.618  2013  4843 I SemDvfsHyPerManager: acquire hyper - AMS_APP_LAUNCH/2013@17, type = -999
03-02 00:56:57.618  1450  1487 I HYPER-HAL: [RequestManager.cpp]acquire(): Acquired ID : 2061482  [2013 / 17]    HINT : AMS_APP_LAUNCH    list :
03-02 00:56:57.619  1450  1487 I mtkpower_client: perf_lock_acq, hdl:0, dur:0, num:2, pid:1450, tid:1487
03-02 00:56:57.619 17121 17121 D LifecycleMonitor: Lifecycle status change: androidx.activity.ComponentActivity@97567cd in: PAUSED
03-02 00:56:57.620 17121 17121 V ActivityScenario: Update currentActivityStage to PAUSED, currentActivity=androidx.activity.ComponentActivity@97567cd
03-02 00:56:57.620  1450  1487 I mtkpower_client: ret_hdl:76245
03-02 00:56:57.620  1450  1487 I mtkpower_client: perf_lock_acq, hdl:0, dur:0, num:2, pid:1450, tid:1487
03-02 00:56:57.620  1464  1529 I libPowerHal: [perfLockAcq] idx:6 hdl:76245 hint:-1 pid:1450 tid:1487 duration:0 lock_user:vendor.samsung. => ret_hdl:76245
03-02 00:56:57.621  1464  1529 I libPowerHal: [PE] vendor.samsung. update cmd:300c000, param:15, pr:3
03-02 00:56:57.621  1464  1529 I libPowerHal: [perfLockAcq] Done for hdl : 76245
03-02 00:56:57.621  2746  2798 D ShellDesktopMode: handleRequest: TransitionRequestInfo {type=1, tid=44843, debugId=11226}
03-02 00:56:57.621  1450  1487 I mtkpower_client: ret_hdl:76246
03-02 00:56:57.621  1450  1487 I mtkpower_client: perf_lock_rel, hdl:76244, pid: 1450, tid:1487
03-02 00:56:57.622  1464  1529 I libPowerHal: [perfLockAcq] idx:7 hdl:76246 hint:-1 pid:1450 tid:1487 duration:0 lock_user:vendor.samsung. => ret_hdl:76246
03-02 00:56:57.622  1464  1529 I libPowerHal: [set_cpuidle] enable:0, fd:17, scn:0xb40000737b6173c8
03-02 00:56:57.622  1464  1529 I libPowerHal: [get_cpu_dma_latency_value] 0
03-02 00:56:57.622  1464  1529 I libPowerHal: [PE] vendor.samsung. update cmd:1c3c100 param:0 pr:3
03-02 00:56:57.622  1464  1529 I libPowerHal: [perfLockAcq] Done for hdl : 76246
03-02 00:56:57.623 14636 15217 I WM-WorkerWrapper: Work [ id=f23029b8-b7a3-4a93-aaf6-b7c7a26dfe9e, tags={ com.urbanairship.job.AirshipWorker,airship } ] was cancelled
03-02 00:56:57.623 14636 15217 I WM-WorkerWrapper: androidx.work.impl.WorkerStoppedException
03-02 00:56:57.623 14636 15217 I WM-WorkerWrapper: 	at o.setEnabledWhenDeviceHasQuirk.AnimatedBarChartKtAnimatedBarChart1112(:348)
03-02 00:56:57.623 14636 15217 I WM-WorkerWrapper: 	at o.MutableConfig.AnimatedBarChartKtAnimatedBarChart1(:439)
03-02 00:56:57.623 14636 15217 I WM-WorkerWrapper: 	at o.MutableConfig.AnimatedBarChartKtAnimatedBarChart1112(:259)
03-02 00:56:57.623 14636 15217 I WM-WorkerWrapper: 	at o.getUseCaseInfo.run(:49)
03-02 00:56:57.623 14636 15217 I WM-WorkerWrapper: 	at o.TagBundle$Architecture.run(:96)
03-02 00:56:57.623 14636 15217 I WM-WorkerWrapper: 	at java.util.concurrent.ThreadPoolExecutor.runWorker(ThreadPoolExecutor.java:1154)
03-02 00:56:57.623 14636 15217 I WM-WorkerWrapper: 	at java.util.concurrent.ThreadPoolExecutor$Worker.run(ThreadPoolExecutor.java:652)
03-02 00:56:57.623 14636 15217 I WM-WorkerWrapper: 	at java.lang.Thread.run(Thread.java:1563)
03-02 00:56:57.623  1450  1487 I mtkpower_client: perf_lock_acq, hdl:0, dur:0, num:2, pid:1450, tid:1487
03-02 00:56:57.623  1464  1529 I libPowerHal: [perfLockRel] hdl:76244, idx:5
03-02 00:56:57.624  1464  1529 I libPowerHal: [PD] vendor.samsung. update cmd:400000 param:-1 pr:6
03-02 00:56:57.624 14636 15217 D WM-WorkerWrapper: Status for f23029b8-b7a3-4a93-aaf6-b7c7a26dfe9e is RUNNING; not doing any work and rescheduling for later execution
03-02 00:56:57.625  1464  1529 I libPowerHal: [recordCPUFreqInfo] set cluster[0] min(-1): -1 max(-1): -1 cluster[1] min(-1): -1 max(-1): -1
03-02 00:56:57.625  1464  1529 I libPowerHal: [perfLockRel] Done for hdl : 76244
03-02 00:56:57.625  1450  1487 I mtkpower_client: ret_hdl:76247
03-02 00:56:57.625  1450  1487 I mtkpower_client: perf_lock_rel, hdl:76243, pid: 1450, tid:1487
03-02 00:56:57.625  1450  1487 I mtkpower_client: perf_lock_acq, hdl:0, dur:0, num:2, pid:1450, tid:1487
03-02 00:56:57.625  4784  4784 I SemDvfsHyPerManager: acquire hyper - APP_START/4784@17, type = -999
03-02 00:56:57.626  1464  1529 I libPowerHal: [perfLockAcq] idx:8 hdl:76247 hint:-1 pid:1450 tid:1487 duration:0 lock_user:vendor.samsung. => ret_hdl:76247
03-02 00:56:57.627  1464  1529 I libPowerHal: [PE] vendor.samsung. update cmd:400000 param:2000000 pr:3
03-02 00:56:57.627  1464  1529 I libPowerHal: [recordCPUFreqInfo] set cluster[0] min(vendor.samsung.): 2000000 max(-1): -1 cluster[1] min(-1): -1 max(-1): -1
03-02 00:56:57.627  1464  1529 I libPowerHal: [perfLockAcq] Done for hdl : 76247
03-02 00:56:57.628  2746  2808 I ViewRootImpl: dVRR is disabled
03-02 00:56:57.628  2013  2306 D InputReader: Input event(9): value=1 when=491096.629087
03-02 00:56:57.628  1445 16865 W C2MtkBufferManager: [0xB4000070F68A9420] fetchNewCcBlock: wait fence 0x0xb4000070f692fea0 timed out. ret 110
03-02 00:56:57.628  1464  1529 I libPowerHal: [perfLockRel] hdl:76243, idx:2
03-02 00:56:57.629  3506  3506 E pageboostd: Received HALT command code 2
03-02 00:56:57.629  1464  1529 I libPowerHal: [PD] vendor.samsung. update cmd:1000000 param:-1 pr:6
03-02 00:56:57.629  1646  5384 I CameraService: onUidStateChanged: uid=10492, procState is changed. (8 -> 10)
03-02 00:56:57.629  1464  1529 I libPowerHal: [perfLockRel] Done for hdl : 76243
03-02 00:56:57.630  2746  2870 D NativeCustomFrequencyManager: [NativeCFMS] BpCustomFrequencyManager::BpCustomFrequencyManager()
03-02 00:56:57.630  1450  1487 I mtkpower_client: ret_hdl:76248
03-02 00:56:57.631  1464  1529 I libPowerHal: [perfLockAcq] idx:5 hdl:76248 hint:-1 pid:1450 tid:1487 duration:0 lock_user:vendor.samsung. => ret_hdl:76248
03-02 00:56:57.631  1464  1529 I libPowerHal: [setDvfsrcDevFreqOpp] opp:0, freq:4266000000
03-02 00:56:57.631  1464  1529 I libPowerHal: [PE] vendor.samsung. update cmd:1000000 param:0 pr:3
03-02 00:56:57.631  1464  1529 I libPowerHal: [perfLockAcq] Done for hdl : 76248
03-02 00:56:57.631  1450  1487 I HYPER-HAL: [RequestManager.cpp]acquire(): Acquired ID : 11527218  [4784 / 17]    HINT : APP_START    list :
03-02 00:56:57.631  1445  2902 D C2MtkBufferManager: over 5000ms not request from VCodec but callback hooked, slow BM Cc fetch thread. Last get time was 90581042ms ago.
03-02 00:56:57.633  1646  5384 I CameraService: onUidStateChanged: uid=10492, procState is changed. (10 -> 19)
03-02 00:56:57.633 14636 14636 D WM-Processor: MutableConfig f23029b8-b7a3-4a93-aaf6-b7c7a26dfe9e executed; reschedule = true
03-02 00:56:57.633  2013  2306 D PhoneWindowManager: interceptKeyTq keycode=24 interactive=true keyguardActive=false policyFlags=22000000
03-02 00:56:57.634  2013  2306 D SingleKeyGesture: interceptKeyDown, info : KeyCode=KEYCODE_UNKNOWN, size=0
03-02 00:56:57.634  2013  2306 D PhoneWindowManagerExt: interceptKeyTq code=24 down=true repeatCount=0 displayId=-1 interactive=true powerCombination=false
03-02 00:56:57.634  1507  1507 I SurfaceFlinger: [Display 0 name="Built-in Screen"#49] setFrameRateCategory: High
03-02 00:56:57.634  2013  2306 D PhoneWindowManager: interceptKeyTq interceptKeyResult=1
03-02 00:56:57.636  2013  2305 D InputDispatcher: We will try again in 142 msec by PWM
03-02 00:56:57.638  1507  1507 I BpBinder: onLastStrongRef automatically unlinking death recipients:
03-02 00:56:57.643  2746  3431 D RingtonePlayer: stopAsync()
03-02 00:56:57.643  2746  3431 D RingtonePlayer: stop
03-02 00:56:57.653  3202  3386 I HoneySpace.TopTaskSource: onTaskMovedToFront : taskId = 44843, displayId = 0
03-02 00:56:57.654  3202  3390 I HoneySpace.TopTaskUseCase: topTasks 44843 ComponentInfo{com.podcast.app.debug.test/androidx.test.core.app.InstrumentationActivityInvoker$EmptyActivity}[displayId=0]
03-02 00:56:57.655  3202  4698 I HoneySpace.RecentTasks: onRecentTasksChanged
03-02 00:56:57.656 14636 15266 D WM-GreedyScheduler: Cancelling work ID f23029b8-b7a3-4a93-aaf6-b7c7a26dfe9e
03-02 00:56:57.656  1446  1498 I SensorsHub: DeviceOrientation(0): event = 0, time = 767634046347861
03-02 00:56:57.659  2746  2746 D AppController: AppControlSensorListener.onSensorChanged, Rotation: 0
03-02 00:56:57.660  2013  2834 D GraphicsStatsService: requestRenderEngineFor(com.podcast.app.debug.test)
03-02 00:56:57.660  1507  1565 E SfCpu   :  sched_setaffinity return fail 1461
03-02 00:56:57.660  1507  1565 E SfCpu   :  sched_setaffinity return fail 1444
03-02 00:56:57.662 14636 15266 W JobInfo : Requested important-while-foreground flag for job3649 is ignored and takes no effect
03-02 00:56:57.662 14636 15266 D WM-SystemJobScheduler: Scheduling work ID f23029b8-b7a3-4a93-aaf6-b7c7a26dfe9eJob ID 3649
03-02 00:56:57.664  1646  1646 I CameraService: onUidStateChanged: uid=10062, procState is changed. (0 -> 1)
03-02 00:56:57.666  2746  2746 D NavigationBar: onRotationProposal proposedRotation=ROTATION_0, isValid=true, mNavBarWindowState=WINDOW_STATE_SHOWING, rotateSuggestionsDisabled=false, isRotateButtonVisible=false
03-02 00:56:57.666  2746  2746 D RotationButtonController: onRotationProposal rotation not changed
03-02 00:56:57.668 10943 10943 I DVFSHelper: acquireBoostingCPU() : stop boosting cpu
03-02 00:56:57.670  1445 16865 W C2MtkBufferManager: [0xB4000070F68A9420] fetchNewCcBlock: wait fence 0x0xb4000070f692fea0 timed out. ret 110
03-02 00:56:57.671  1445  2902 W C2MtkBufferManager: [0xB4000070F507E520] fetchNewCcBlock: wait fence 0x0xb4000070f5058270 timed out. ret 110
03-02 00:56:57.671  1507  1825 I SurfaceFlinger: Capture layer list: 	 com.podcast.app.debug/androidx.activity.ComponentActivity$_17121#155343(seamlessTransition:0)
03-02 00:56:57.675  1446  1498 I SensorsHub: DeviceOrientation(0): event = 255, time = 767634066337914
03-02 00:56:57.676  2746  2746 D AppController: AppControlSensorListener.onSensorChanged, Rotation: -1
03-02 00:56:57.676  2746  2746 D NavigationBar: onRotationProposal proposedRotation=-1, isValid=false, mNavBarWindowState=WINDOW_STATE_SHOWING, rotateSuggestionsDisabled=false, isRotateButtonVisible=false
03-02 00:56:57.676  2746  2746 D RotationButtonController: onRotationProposal unknown rotation
03-02 00:56:57.680  2013  4829 D InputDispatcher: Focused application(0): ActivityRecord{41425518 u0 com.podcast.app.debug.test/androidx.test.core.app.InstrumentationActivityInvoker$EmptyActivity t44843}
03-02 00:56:57.709  1445 16865 W C2MtkBufferManager: [0xB4000070F68A9420] fetchNewCcBlock: wait fence 0x0xb4000070f692fea0 timed out. ret 110
03-02 00:56:57.727  2013  2253 D InputTransport: Input channel constructed: '56195fc', fd=507
03-02 00:56:57.727  2013  2253 D InputTransport: Input channel constructed: '56195fc', fd=1036
03-02 00:56:57.729  2013  2253 D InputTransport: Input channel constructed: '56195fc', fd=1044
03-02 00:56:57.729  2013  2253 D InputTransport: Input channel destroyed: '56195fc', fd=1036
03-02 00:56:57.730  1507  2393 I SurfaceFlinger: id=155354 createSurf, flag=84004, 56195fc Splash Screen com.podcast.app.debug.test#155354
03-02 00:56:57.734  1507  1507 I SurfaceFlinger: [56195fc Splash Screen com.podcast.app.debug.test#155354] attach to parent LayerHierarchy{RequestedLayerState{ActivityRecord{41425518 u0 com.podcast.app.debug.test/androidx.test.core.app.InstrumentationActivityInvoker$EmptyActivity t44843}#155353 parentId=155352} 1 children}
03-02 00:56:57.735  2013  2253 D InputTransport: Input channel destroyed: '56195fc', fd=1044
03-02 00:56:57.735  2746  2808 D InputTransport: Input channel constructed: '56195fc', fd=635
03-02 00:56:57.736  2746  2808 I InsetsController: onStateChanged: host=Splash Screen com.podcast.app.debug.test, from=android.view.ViewRootImpl.onInsetsStateChanged:3026, state=InsetsState: {mDisplayFrame=Rect(0, 0 - 1080, 2340), mDisplayCutout=DisplayCutout{insets=Rect(0, 80 - 0, 0) waterfall=Insets{left=0, top=0, right=0, bottom=0} boundingRect={Bounds=[Rect(0, 0 - 0, 0), Rect(472, 0 - 608, 80), Rect(0, 0 - 0, 0), Rect(0, 0 - 0, 0)]} cutoutPathParserInfo={CutoutPathParserInfo{displayWidth=1080 displayHeight=2340 physicalDisplayWidth=1080 physicalDisplayHeight=2340 density={2.8125} cutoutSpec={M 0,0 H -24.177777778 V 28.4444444444 H 24.177777778 V 0 H 0 Z @dp} rotation={0} scale={1.0} physicalPixelDisplaySizeRatio={1.0}}} sideOverrides={}}, mRoundedCorners=RoundedCorners{[RoundedCorner{position=TopLeft, radius=113, center=Point(113, 113)}, RoundedCorner{position=TopRight, radius=113, center=Point(967, 113)}, RoundedCorner{position=BottomRight, radius=113, center=Point(967, 2227)}, RoundedCorner{position=BottomLeft, radius=113, center=Point(113, 2227)}]}  mRoundedCornerFrame=Rect(0, 0 - 1080, 2340), mPrivacyIndicatorBounds=PrivacyIndicatorBounds {static bounds=Rect(956, 0 - 1080, 80) rotation=0}, mDisplayShape=DisplayShape{ spec=-311912193 displayWidth=1080 displayHeight=2340 physicalPixelDisplaySizeRatio=1.0 rotation=0 offsetX=0 offsetY=0 scale=1.0}, mSources= { InsetsSource: {e9af0000 mType=statusBars mFrame=[0,0][1080,80] mVisible=true mFlags= mSideHint=TOP mBoundingRects=null}, InsetsSource: {e9af0005 mType=mandatorySystemGestures mFrame=[0,0][1080,114] mVisible=true mFlags= mSideHint=TOP mBoundingRects=null}, InsetsSource: {e9af0006 mType=tappableElement mFrame=[0,0][1080,80] mVisible=true mFlags= mSideHint=TOP mBoundingRects=null}, InsetsSource: {3 mType=ime mFrame=[0,0][0,0] mVisible=false mFlags= mSideHint=NONE mBoundingRects=null}, InsetsSource: {27 mType=displayCutout mFrame=[0,0][1080,80] mVisible=true mFlags= mSideHint=TOP mBoundingRects=null}, InsetsSource: {26ed0001 mType=navigationBars mFrame=[0,2298][1080,2340] mVisible=true mFlags=SUPPRESS_SCRIM mSideHint=BOTTOM mBoundingRects=null}, InsetsSource: {26ed0004 mType=systemGestures mFrame=[0,0][84,2340] mVisible=true mFlags= mSideHint=LEFT mBoundingRects=null}, InsetsSource: {26ed0005 mType=mandatorySystemGestures mFrame=[0,2250][1080,2340] mVisible=true mFlags= mSideHint=BOTTOM mBoundingRects=null}, InsetsSource: {26ed0006 mType=tappableElement mFrame=[0,0][0,0] mVisible=true mFlags= mSideHint=NONE mBoundingRects=null}, InsetsSource: {26ed0024 mType=systemGestures mFrame=[996,0][1080,2340] mVisible=true mFlags= mSideHint=RIGHT mBoundingRects=null} }
03-02 00:56:57.737  2746  2808 I VRI[test]@89a7f8: onActiveControlsChanged, removed=false, mAdded=true, caller=android.view.ViewRootImpl.handleInsetsControlChanged:3002 android.view.ViewRootImpl.setView:2014 android.view.WindowManagerGlobal.addView:604 com.android.wm.shell.startingsurface.SplashscreenWindowCreator.addWindow:38 com.android.wm.shell.startingsurface.StartingWindowController$$ExternalSyntheticLambda4.run:1365
03-02 00:56:57.737  2746  2808 I VRI[test]@89a7f8: synced displayState. AttachInfo displayState=2
03-02 00:56:57.737  2746  2808 I VRI[test]@89a7f8: setView = android.widget.FrameLayout@9ad4ba4 IsHRR=false mFlingFrameRateChange=0 TM=true
03-02 00:56:57.741  2746  2870 D HWUI    : HWUI - treat SMPTE_170M as sRGB
03-02 00:56:57.745  1445  2902 W C2MtkBufferManager: [0xB4000070F507E520] fetchNewCcBlock: wait fence 0x0xb4000070f5058270 timed out. ret 110
03-02 00:56:57.746  2013  2600 D AS.MultiSoundManager: mForegroundUid = 10687
03-02 00:56:57.749  1445 16865 W C2MtkBufferManager: [0xB4000070F68A9420] fetchNewCcBlock: wait fence 0x0xb4000070f692fea0 timed out. ret 110
03-02 00:56:57.751  2013  4834 I WindowManager: Relayout Window{56195fc u0 Splash Screen com.podcast.app.debug.test}: viewVisibility=0 req=1080x2340 ty=3 d0
03-02 00:56:57.751  1507  1907 I SurfaceFlinger: id=155355 createSurf, flag=44004, Splash Screen com.podcast.app.debug.test$_2746#155355
03-02 00:56:57.756  1507  1507 I SurfaceFlinger: [Splash Screen com.podcast.app.debug.test$_2746#155355] attach to parent LayerHierarchy{RequestedLayerState{56195fc Splash Screen com.podcast.app.debug.test#155354 parentId=155353} 1 children}
03-02 00:56:57.757 17532 17532 I DecorView: setWindowBackground: isPopOver=false color=ffffffff d=android.graphics.drawable.ColorDrawable@f8d814d
03-02 00:56:57.760  2013  4834 I WindowManager: Relayout hash=56195fc, pid=2746, syncId=-1: mAttrs={(0,0)(fillxfill) sim={adjust=pan} layoutInDisplayCutoutMode=always ty=APPLICATION_STARTING fmt=TRANSLUCENT
03-02 00:56:57.760  2013  4834 I WindowManager:   fl=81030118
03-02 00:56:57.760  2013  4834 I WindowManager:   pfl=10000810
03-02 00:56:57.760  2013  4834 I WindowManager:   apr=18
03-02 00:56:57.760  2013  4834 I WindowManager:   bhv=1
03-02 00:56:57.760  2013  4834 I WindowManager:   fitSides=0
03-02 00:56:57.760  2013  4834 I WindowManager:   frameRateBoostOnTouch=true
03-02 00:56:57.760  2013  4834 I WindowManager:   dvrrWindowFrameRateHint=true naviIconColor=0}
03-02 00:56:57.763  2746  2808 I VRI[test]@89a7f8: onActiveControlsChanged, removed=false, mAdded=true, caller=android.view.ViewRootImpl.handleInsetsControlChanged:3002 android.view.ViewRootImpl.relayoutWindow:11629 android.view.ViewRootImpl.performTraversals:4804 android.view.ViewRootImpl.doTraversal:3924 android.view.ViewRootImpl$TraversalRunnable.run:12903
03-02 00:56:57.765  2746  2808 D BufferQueueConsumer: [](id:aba00001dfa,api:0,p:-1,c:2746) connect: controlledByApp=false
03-02 00:56:57.767  2746  2808 I BLASTBufferQueue: [VRI[test]@89a7f8#7674](f:0,a:0,s:0) constructor()
03-02 00:56:57.767  2746  2808 I BLASTBufferQueue_Java: new BLASTBufferQueue, mName= VRI[test]@89a7f8 mNativeObject= 0xb4000076d3b79800 caller= android.view.ViewRootImpl.updateBlastSurfaceIfNeeded:3585 android.view.ViewRootImpl.relayoutWindow:11685 android.view.ViewRootImpl.performTraversals:4804 android.view.ViewRootImpl.doTraversal:3924 android.view.ViewRootImpl$TraversalRunnable.run:12903 android.view.Choreographer$CallbackRecord.run:1901 android.view.Choreographer$CallbackRecord.run:1910 android.view.Choreographer.doCallbacks:1367 android.view.Choreographer.doFrame:1292 android.view.Choreographer$FrameDisplayEventReceiver.run:1870
03-02 00:56:57.768  2746  2808 I BLASTBufferQueue_Java: update, w= 1080 h= 2340 mName = VRI[test]@89a7f8 mNativeObject= 0xb4000076d3b79800 sc.mNativeObject= 0xb4000076e58483c0 format= -3 caller= android.view.ViewRootImpl.updateBlastSurfaceIfNeeded:3590 android.view.ViewRootImpl.relayoutWindow:11685 android.view.ViewRootImpl.performTraversals:4804 android.view.ViewRootImpl.doTraversal:3924 android.view.ViewRootImpl$TraversalRunnable.run:12903 android.view.Choreographer$CallbackRecord.run:1901
03-02 00:56:57.768  2746  2808 I BLASTBufferQueue: [VRI[test]@89a7f8#7674](f:0,a:0,s:0) update width=1080 height=2340 format=-3 mTransformHint=0
03-02 00:56:57.768 17532 17532 I ViewRootImpl: dVRR is disabled
03-02 00:56:57.769  2746  2808 I VRI[test]@89a7f8: Relayout returned: old=(0,0,1080,2340) new=(0,0,1080,2340) relayoutAsync=false req=(1080,2340)0 dur=21 res=0x3 s={true 0xb40000772ad67e00} ch=true seqId=0
03-02 00:56:57.769 17532 17563 D NativeCustomFrequencyManager: [NativeCFMS] BpCustomFrequencyManager::BpCustomFrequencyManager()
03-02 00:56:57.769  2013  2306 D InputReader: Input event(9): value=0 when=491096.769961
03-02 00:56:57.769  2013  2306 D PhoneWindowManager: interceptKeyTq keycode=24 interactive=true keyguardActive=false policyFlags=22000000
03-02 00:56:57.769  2746  2808 I VRI[test]@89a7f8: performConfigurationChange setNightDimText nightDimLevel=0
03-02 00:56:57.771  2746  2808 D VRI[test]@89a7f8: mThreadedRenderer.initialize() mSurface={isValid=true 0xb40000772ad67e00} hwInitialized=true
03-02 00:56:57.772  2013  2306 D PhoneWindowManagerExt: interceptKeyTq code=24 down=false repeatCount=0 displayId=-1 interactive=true powerCombination=false
03-02 00:56:57.772  2746  2808 D VRI[test]@89a7f8: reportNextDraw android.view.ViewRootImpl.performTraversals:5443 android.view.ViewRootImpl.doTraversal:3924 android.view.ViewRootImpl$TraversalRunnable.run:12903 android.view.Choreographer$CallbackRecord.run:1901 android.view.Choreographer$CallbackRecord.run:1910
03-02 00:56:57.772  2013  2306 D PhoneWindowManager: interceptKeyTq interceptKeyResult=1
03-02 00:56:57.772  2746  2808 D VRI[test]@89a7f8: Setup new sync=wmsSync-VRI[test]@89a7f8#63
03-02 00:56:57.772  2746  2808 I VRI[test]@89a7f8: Creating new active sync group VRI[test]@89a7f8#64
03-02 00:56:57.772  2013  2305 D PhoneWindowManager: interceptKeyTi keyCode=24 action=0 repeatCount=0 keyguardOn=false canceled=false
03-02 00:56:57.772  2013  2305 D PhoneWindowManagerExt: interceptKeyTi code=24 down=true repeatCount=0 displayId=-1 interactive=true
03-02 00:56:57.772  2013  2305 I InputDispatcher: Waiting because 3696895 com.podcast.app.debug/androidx.activity.ComponentActivity is paused
03-02 00:56:57.772  1507  1825 I SurfaceFlinger: Capture layer list: 	 com.podcast.app.debug/androidx.activity.ComponentActivity$_17121#155343(seamlessTransition:0)
03-02 00:56:57.773  2013  2253 D InputTransport: Input channel constructed: '2b64332', fd=1036
03-02 00:56:57.773  2013  2253 D InputTransport: Input channel constructed: '2b64332', fd=1044
03-02 00:56:57.773  2013  2305 I InputDispatcher: Waiting because 3696895 com.podcast.app.debug/androidx.activity.ComponentActivity is paused
03-02 00:56:57.773  2013  2253 D InputTransport: Input channel constructed: '2b64332', fd=1074
03-02 00:56:57.773  2013  2253 D InputTransport: Input channel destroyed: '2b64332', fd=1044
03-02 00:56:57.775  1507  1562 I SurfaceFlinger: id=155356 createSurf, flag=84004, 2b64332 com.podcast.app.debug.test/androidx.test.core.app.InstrumentationActivityInvoker$EmptyActivity#155356
03-02 00:56:57.776  2746  2808 D VRI[test]@89a7f8: registerCallbacksForSync syncBuffer=false
03-02 00:56:57.777  2013  2253 D InputTransport: Input channel destroyed: '2b64332', fd=1074
03-02 00:56:57.777 17532 17532 D InputTransport: Input channel constructed: '2b64332', fd=119
03-02 00:56:57.777  2746  2865 D VRI[test]@89a7f8: Received frameDrawingCallback syncResult=0 frameNum=1.
03-02 00:56:57.777  2746  2865 I VRI[test]@89a7f8: mWNT: t=0xb40000783d33de00 mBlastBufferQueue=0xb4000076d3b79800 fn= 1 HdrRenderState mRenderHdrSdrRatio=1.0 caller= android.view.ViewRootImpl$12.onFrameDraw:15441 android.view.ThreadedRenderer$1.onFrameDraw:718 <bottom of call stack>
03-02 00:56:57.778  2746  2865 I VRI[test]@89a7f8: Setting up sync and frameCommitCallback
03-02 00:56:57.778  1507  1507 I SurfaceFlinger: [LayerHierarchy{RequestedLayerState{ImeContainer#15 parentId=155339 relativeParentId=155339 z=1} 1 children}] RelativeParent to null
03-02 00:56:57.778  1507  1507 I SurfaceFlinger: [2b64332 com.podcast.app.debug.test/androidx.test.core.app.InstrumentationActivityInvoker$EmptyActivity#155356] attach to parent LayerHierarchy{RequestedLayerState{ActivityRecord{41425518 u0 com.podcast.app.debug.test/androidx.test.core.app.InstrumentationActivityInvoker$EmptyActivity t44843}#155353 parentId=155352} 2 children}
03-02 00:56:57.781  2013  2065 D PkgPredictorService-SecIpmManagerServiceImpl: onForegroundActivitiesChanged pid:17532 uid:10687
03-02 00:56:57.782  2746  2870 I BLASTBufferQueue: [VRI[test]@89a7f8#7674](f:0,a:0,s:0) onFrameAvailable the first frame is available
03-02 00:56:57.782 17532 17532 I InsetsController: onStateChanged: host=com.podcast.app.debug.test/androidx.test.core.app.InstrumentationActivityInvoker$EmptyActivity, from=android.view.ViewRootImpl.onInsetsStateChanged:3026, state=InsetsState: {mDisplayFrame=Rect(0, 0 - 1080, 2340), mDisplayCutout=DisplayCutout{insets=Rect(0, 80 - 0, 0) waterfall=Insets{left=0, top=0, right=0, bottom=0} boundingRect={Bounds=[Rect(0, 0 - 0, 0), Rect(472, 0 - 608, 80), Rect(0, 0 - 0, 0), Rect(0, 0 - 0, 0)]} cutoutPathParserInfo={CutoutPathParserInfo{displayWidth=1080 displayHeight=2340 physicalDisplayWidth=1080 physicalDisplayHeight=2340 density={2.8125} cutoutSpec={M 0,0 H -24.177777778 V 28.4444444444 H 24.177777778 V 0 H 0 Z @dp} rotation={0} scale={1.0} physicalPixelDisplaySizeRatio={1.0}}} sideOverrides={}}, mRoundedCorners=RoundedCorners{[RoundedCorner{position=TopLeft, radius=113, center=Point(113, 113)}, RoundedCorner{position=TopRight, radius=113, center=Point(967, 113)}, RoundedCorner{position=BottomRight, radius=113, center=Point(967, 2227)}, RoundedCorner{position=BottomLeft, radius=113, center=Point(113, 2227)}]}  mRoundedCornerFrame=Rect(0, 0 - 1080, 2340), mPrivacyIndicatorBounds=PrivacyIndicatorBounds {static bounds=Rect(956, 0 - 1080, 80) rotation=0}, mDisplayShape=DisplayShape{ spec=-311912193 displayWidth=1080 displayHeight=2340 physicalPixelDisplaySizeRatio=1.0 rotation=0 offsetX=0 offsetY=0 scale=1.0}, mSources= { InsetsSource: {e9af0000 mType=statusBars mFrame=[0,0][1080,80] mVisible=true mFlags= mSideHint=TOP mBoundingRects=null}, InsetsSource: {e9af0005 mType=mandatorySystemGestures mFrame=[0,0][1080,114] mVisible=true mFlags= mSideHint=TOP mBoundingRects=null}, InsetsSource: {e9af0006 mType=tappableElement mFrame=[0,0][1080,80] mVisible=true mFlags= mSideHint=TOP mBoundingRects=null}, InsetsSource: {3 mType=ime mFrame=[0,0][0,0] mVisible=false mFlags= mSideHint=NONE mBoundingRects=null}, InsetsSource: {27 mType=displayCutout mFrame=[0,0][1080,80] mVisible=true mFlags= mSideHint=TOP mBoundingRects=null}, InsetsSource: {26ed0001 mType=navigationBars mFrame=[0,2298][1080,2340] mVisible=true mFlags=SUPPRESS_SCRIM mSideHint=BOTTOM mBoundingRects=null}, InsetsSource: {26ed0004 mType=systemGestures mFrame=[0,0][84,2340] mVisible=true mFlags= mSideHint=LEFT mBoundingRects=null}, InsetsSource: {26ed0005 mType=mandatorySystemGestures mFrame=[0,2250][1080,2340] mVisible=true mFlags= mSideHint=BOTTOM mBoundingRects=null}, InsetsSource: {26ed0006 mType=tappableElement mFrame=[0,0][0,0] mVisible=true mFlags= mSideHint=NONE mBoundingRects=null}, InsetsSource: {26ed0024 mType=systemGestures mFrame=[996,0][1080,2340] mVisible=true mFlags= mSideHint=RIGHT mBoundingRects=null} }
03-02 00:56:57.783  2013  3282 V PkgPredictorService-SecIpmManagerServiceImpl: discard foreground app:com.podcast.app.debug.test 1|true
03-02 00:56:57.784  2746  2870 I BLASTBufferQueue: [VRI[test]@89a7f8#7674](f:0,a:1,s:0) acquireNextBufferLocked size=1080x2340 mFrameNumber=1 applyTransaction=true mTimestamp=491096783306424(auto) mPendingTransactions.size=0 graphicBufferId=11793980283171 transform=0
03-02 00:56:57.784 17532 17532 I VRI[InstrumentationActivityInvoker$EmptyActivity]@39e1f50: synced displayState. AttachInfo displayState=2
03-02 00:56:57.784 17532 17532 I VRI[InstrumentationActivityInvoker$EmptyActivity]@39e1f50: setView = com.android.internal.policy.DecorView@edf0b6f IsHRR=false mFlingFrameRateChange=0 TM=true
03-02 00:56:57.785 17532 17563 D HWUI    : HWUI - treat SMPTE_170M as sRGB
03-02 00:56:57.787  2746  2870 I VRI[test]@89a7f8: Received frameCommittedCallback lastAttemptedDrawFrameNum=1 didProduceBuffer=true
03-02 00:56:57.788  1507  1845 D SurfaceFlinger: [input] setFocusedWindow: <null>
03-02 00:56:57.788  1507  1845 D SurfaceFlinger: updateWinowInfo=1, setFocusedWindow timestamp=491096750107424, windowName=<null>
03-02 00:56:57.789  1445 16865 W C2MtkBufferManager: [0xB4000070F68A9420] fetchNewCcBlock: wait fence 0x0xb4000070f692fea0 timed out. ret 110
03-02 00:56:57.790  3202  3386 I HoneySpace.TopTaskSource: onTaskFocusChanged(): taskId = 44843
03-02 00:56:57.790  2013  4843 D InputDispatcher: Once focus requested (0): <null>
03-02 00:56:57.790  2013  4843 D InputDispatcher: Focus request (0): <null> but waiting because NO_WINDOW
03-02 00:56:57.790  2013  4843 D InputDispatcher: Focus left window (0): 3696895 com.podcast.app.debug/androidx.activity.ComponentActivity
03-02 00:56:57.791  2013  2305 W InputDispatcher: Waiting because no window has focus but ActivityRecord{41425518 u0 com.podcast.app.debug.test/androidx.test.core.app.InstrumentationActivityInvoker$EmptyActivity t44843} may eventually add a window when it finishes starting up. Will wait for 10000ms
03-02 00:56:57.791  2013  2305 W InputDispatcher: Still no focused window. Will drop the event in 9999ms
03-02 00:56:57.792  2746  2870 D HWUI    : CFMS:: SetUp Pid : 2746    Tid : 2870
03-02 00:56:57.794  2746  2808 D VRI[test]@89a7f8: reportDrawFinished seqId=0
03-02 00:56:57.794  2013  4823 I WindowManager: Relayout Window{2b64332 u0 com.podcast.app.debug.test/androidx.test.core.app.InstrumentationActivityInvoker$EmptyActivity}: viewVisibility=0 req=1080x2340 ty=1 d0
03-02 00:56:57.795  1507  1907 I SurfaceFlinger: id=155357 createSurf, flag=44004, com.podcast.app.debug.test/androidx.test.core.app.InstrumentationActivityInvoker$EmptyActivity$_17532#155357
03-02 00:56:57.795  3202  3202 I HoneySpace.EdgePanel.CocktailHostRepositoryImpl: onNoteResume
03-02 00:56:57.796  3202  3202 I HoneySpace.EdgePanel.EdgePanelContainerViewModel: cocktailHostRepository.edgePanelOperation NoteResumeComponent(componentName=ComponentInfo{com.podcast.app.debug.test/androidx.test.core.app.InstrumentationActivityInvoker$EmptyActivity})
03-02 00:56:57.796  3202  3202 I HoneySpace.EdgePanel.ActivityUtils: HomePackage : com.sec.android.app.launcher, resumePackageName : com.podcast.app.debug.test, className : androidx.test.core.app.InstrumentationActivityInvoker$EmptyActivity
03-02 00:56:57.796  2013  3345 W ParceledListSlice: Element #30 is 21544 bytes.
03-02 00:56:57.797 17121 17121 I ImeFocusController: onPreWindowFocus: skipped hasWindowFocus=false mHasImeFocus=true
03-02 00:56:57.798 17121 17121 I ImeFocusController: onPostWindowFocus: skipped hasWindowFocus=false mHasImeFocus=true
03-02 00:56:57.800  1507  1507 I SurfaceFlinger: [com.podcast.app.debug.test/androidx.test.core.app.InstrumentationActivityInvoker$EmptyActivity$_17532#155357] attach to parent LayerHierarchy{RequestedLayerState{2b64332 com.podcast.app.debug.test/androidx.test.core.app.InstrumentationActivityInvoker$EmptyActivity#155356 parentId=155353} 1 children}
03-02 00:56:57.800  1507  1562 I SurfaceFlinger: id=155358 createSurf, flag=24000, Surface(name=c536234 NavigationBar0)/@0xfac847b - animation-leash of insets_animation#155358
03-02 00:56:57.802  1507  2393 I SurfaceFlinger: id=155359 createSurf, flag=24000, Surface(name=a5d3a68 StatusBar)/@0xd5726d6 - animation-leash of insets_animation#155359
03-02 00:56:57.803  2013  4823 I SystemKeyManager: requested systemKeyInfo size=1 focusedWindow=com.podcast.app.debug.test/androidx.test.core.app.InstrumentationActivityInvoker$EmptyActivity
03-02 00:56:57.803  2013  4823 I SystemKeyManager: requested systemKeyInfo size=2 focusedWindow=com.podcast.app.debug.test/androidx.test.core.app.InstrumentationActivityInvoker$EmptyActivity
03-02 00:56:57.803  2013  4823 I WindowManager: Relayout hash=2b64332, pid=17532, syncId=-1: mAttrs={(0,0)(fillxfill) sim={adjust=pan forwardNavigation} layoutInDisplayCutoutMode=always ty=BASE_APPLICATION
03-02 00:56:57.803  2013  4823 I WindowManager:   fl=81810100
03-02 00:56:57.803  2013  4823 I WindowManager:   pfl=100088c0
03-02 00:56:57.803  2013  4823 I WindowManager:   bhv=1
03-02 00:56:57.803  2013  4823 I WindowManager:   fitSides=0
03-02 00:56:57.803  2013  4823 I WindowManager:   frameRateBoostOnTouch=true
03-02 00:56:57.803  2013  4823 I WindowManager:   dvrrWindowFrameRateHint=true naviIconColor=0}
03-02 00:56:57.805 25915 26075 I Rubin   : [4019] M.c0.k(Unknown Source) : Notify com.samsung.android.rubin.inferenceengine.contextanalytics.engine.loggers.AppUsageLogger's database is updated.
03-02 00:56:57.807  2746  2746 I {OngoingActivityController}: onTaskFocusChanged but OA data is empty
03-02 00:56:57.808 17532 17532 D BufferQueueConsumer: [](id:447c00000002,api:0,p:-1,c:17532) connect: controlledByApp=false
03-02 00:56:57.808 17532 17532 I BLASTBufferQueue: [VRI[InstrumentationActivityInvoker$EmptyActivity]@39e1f50#2](f:0,a:0,s:0) constructor()
03-02 00:56:57.808 17532 17532 I BLASTBufferQueue_Java: new BLASTBufferQueue, mName= VRI[InstrumentationActivityInvoker$EmptyActivity]@39e1f50 mNativeObject= 0xb400007876b9a000 caller= android.view.ViewRootImpl.updateBlastSurfaceIfNeeded:3585 android.view.ViewRootImpl.relayoutWindow:11685 android.view.ViewRootImpl.performTraversals:4804 android.view.ViewRootImpl.doTraversal:3924 android.view.ViewRootImpl$TraversalRunnable.run:12903 android.view.Choreographer$CallbackRecord.run:1901 android.view.Choreographer$CallbackRecord.run:1910 android.view.Choreographer.doCallbacks:1367 android.view.Choreographer.doFrame:1292 android.view.Choreographer$FrameDisplayEventReceiver.run:1870
03-02 00:56:57.809 17532 17532 I BLASTBufferQueue_Java: update, w= 1080 h= 2340 mName = VRI[InstrumentationActivityInvoker$EmptyActivity]@39e1f50 mNativeObject= 0xb400007876b9a000 sc.mNativeObject= 0xb400007876b2dc80 format= -1 caller= android.view.ViewRootImpl.updateBlastSurfaceIfNeeded:3590 android.view.ViewRootImpl.relayoutWindow:11685 android.view.ViewRootImpl.performTraversals:4804 android.view.ViewRootImpl.doTraversal:3924 android.view.ViewRootImpl$TraversalRunnable.run:12903 android.view.Choreographer$CallbackRecord.run:1901
03-02 00:56:57.809 17532 17532 I BLASTBufferQueue: [VRI[InstrumentationActivityInvoker$EmptyActivity]@39e1f50#2](f:0,a:0,s:0) update width=1080 height=2340 format=-1 mTransformHint=0
03-02 00:56:57.809 17532 17532 I VRI[InstrumentationActivityInvoker$EmptyActivity]@39e1f50: Relayout returned: old=(0,0,1080,2340) new=(0,0,1080,2340) relayoutAsync=false req=(1080,2340)0 dur=21 res=0x3 s={true 0xb40000783ab88000} ch=true seqId=0
03-02 00:56:57.811  3202  3921 I HoneySpace.RecentTasks: onRecentTasksChanged
03-02 00:56:57.812  1507  1507 I SurfaceFlinger: [LayerHierarchy{RequestedLayerState{c536234 NavigationBar0#102 parentId=155358} 1 children}] reparent to LayerHierarchy{RequestedLayerState{Surface(name=c536234 NavigationBar0)/@0xfac847b - animation-leash of insets_animation#155358 parentId=101} 1 children}
03-02 00:56:57.812  1507  1507 I SurfaceFlinger: [LayerHierarchy{RequestedLayerState{a5d3a68 StatusBar#109 parentId=155359} 1 children}] reparent to LayerHierarchy{RequestedLayerState{Surface(name=a5d3a68 StatusBar)/@0xd5726d6 - animation-leash of insets_animation#155359 parentId=108} 1 children}
03-02 00:56:57.812 17532 17532 I VRI[InstrumentationActivityInvoker$EmptyActivity]@39e1f50: performConfigurationChange setNightDimText nightDimLevel=0
03-02 00:56:57.812  1507  1507 I SurfaceFlinger: [LayerHierarchy{RequestedLayerState{Surface(name=a5d3a68 StatusBar)/@0xd5726d6 - animation-leash of insets_animation#155345} no children}] reparent to OffscreenRoot
03-02 00:56:57.812  1507  1507 I SurfaceFlinger: [LayerHierarchy{RequestedLayerState{Surface(name=a5d3a68 StatusBar)/@0xd5726d6 - animation-leash of insets_animation#155345} no children}] RelativeParent to null
03-02 00:56:57.812  1507  1507 I SurfaceFlinger: [LayerHierarchy{RequestedLayerState{Surface(name=c536234 NavigationBar0)/@0xfac847b - animation-leash of insets_animation#155344} no children}] reparent to OffscreenRoot
03-02 00:56:57.812  1507  1507 I SurfaceFlinger: [LayerHierarchy{RequestedLayerState{Surface(name=c536234 NavigationBar0)/@0xfac847b - animation-leash of insets_animation#155344} no children}] RelativeParent to null
03-02 00:56:57.812  1507  1507 I SurfaceFlinger: [Surface(name=c536234 NavigationBar0)/@0xfac847b - animation-leash of insets_animation#155358] attach to parent LayerHierarchy{RequestedLayerState{WindowToken{5cf38d1 type=2019 android.os.BinderProxy@916675b}#101 parentId=34} 1 children}
03-02 00:56:57.812  1507  1507 I SurfaceFlinger: [Surface(name=a5d3a68 StatusBar)/@0xd5726d6 - animation-leash of insets_animation#155359] attach to parent LayerHierarchy{RequestedLayerState{WindowToken{d05298b type=2000 android.os.BinderProxy@163b705}#108 parentId=17} 1 children}
03-02 00:56:57.812 17532 17532 D VRI[InstrumentationActivityInvoker$EmptyActivity]@39e1f50: mThreadedRenderer.initialize() mSurface={isValid=true 0xb40000783ab88000} hwInitialized=true
