03-02 00:57:00.873  2991  3004 I LocationAccessPolicy: checkLocationPermission - callingUid: 10492, callingPid: 14636, result: DENIED_SOFT
03-02 00:57:00.873  1450 17766 I mtkpower_client: perf_lock_rel, hdl:76245, pid: 1450, tid:17766
03-02 00:57:00.873  2991  3004 I LocationAccessPolicy: checkLocationPermission - callingUid: 10492, callingPid: 14636, result: DENIED_SOFT
03-02 00:57:00.874  1464  1529 I libPowerHal: [perfLockRel] hdl:76245, idx:6
03-02 00:57:00.874  1464  1529 I libPowerHal: [PD] vendor.samsung. update cmd:300c000 param:0, pr:6
03-02 00:57:00.874  1450 17766 I mtkpower_client: perf_lock_rel, hdl:76277, pid: 1450, tid:17766
03-02 00:57:00.874  1464  1529 I libPowerHal: [perfLockRel] Done for hdl : 76245
03-02 00:57:00.874  1464  1529 I libPowerHal: [perfLockRel] hdl:76277, idx:7
03-02 00:57:00.874  1464  1529 I libPowerHal: [set_cpuidle] enable:1, fd:17, scn:0xb40000737b6173c8
03-02 00:57:00.874  1464  1529 I libPowerHal: [PD] vendor.samsung. update cmd:1c3c100 param:1 pr:6
03-02 00:57:00.874  1450 17766 I mtkpower_client: perf_lock_rel, hdl:76276, pid: 1450, tid:17766
03-02 00:57:00.874  1464  1529 I libPowerHal: [perfLockRel] Done for hdl : 76277
03-02 00:57:00.875  1464  1529 I libPowerHal: [perfLockRel] hdl:76276, idx:2
03-02 00:57:00.875  1450 17766 I mtkpower_client: perf_lock_rel, hdl:76278, pid: 1450, tid:17766
03-02 00:57:00.875  1464  1529 I libPowerHal: [PD] vendor.samsung. update cmd:400000 param:-1 pr:6
03-02 00:57:00.875  1464  1529 I libPowerHal: [recordCPUFreqInfo] set cluster[0] min(-1): -1 max(-1): -1 cluster[1] min(-1): -1 max(-1): -1
03-02 00:57:00.875  1464  1529 I libPowerHal: [perfLockRel] Done for hdl : 76276
03-02 00:57:00.876  1464  1529 I libPowerHal: [perfLockRel] hdl:76278, idx:5
03-02 00:57:00.876  1450 17766 I HYPER-HAL: [RequestManager.cpp]releaseLocked(): Released ID : 2061482
03-02 00:57:00.876  1464  1529 I libPowerHal: [PD] vendor.samsung. update cmd:1000000 param:-1 pr:6
03-02 00:57:00.877  1464  1529 I libPowerHal: [perfLockRel] Done for hdl : 76278
03-02 00:57:00.882  2991  3004 I LocationAccessPolicy: checkLocationPermission - callingUid: 10492, callingPid: 14636, result: DENIED_SOFT
03-02 00:57:00.885  1507  1825 I SurfaceFlinger: Capture layer list: 	 com.podcast.app.debug/androidx.activity.ComponentActivity$_17121#155435(seamlessTransition:0)
03-02 00:57:00.901 22395 22395 D BoundBrokerSvc: onUnbind: Intent { act=com.google.android.gms.feedback.internal.IFeedbackService dat=chimera-action:/... xflg=0x4 cmp=com.google.android.gms/.chimera.GmsBoundBrokerService }
03-02 00:57:00.903  2013  2067 I ChimeraSystemEventListener: appLaunchIntent package name is: com.podcast.app.debug.test
03-02 00:57:00.906  1445  2902 W C2MtkBufferManager: [0xB4000070F507E520] fetchNewCcBlock: wait fence 0x0xb4000070f5058270 timed out. ret 110
03-02 00:57:00.909  2013  3441 I SemDvfsHyPerManager: acquire hyper - AMS_APP_SWITCH/2013@20, type = -999
03-02 00:57:00.909  1450  1487 I HYPER-HAL: [RequestManager.cpp]acquire(): Acquired ID : 2067581  [2013 / 20]    HINT : AMS_ACT_SWITCH    list :
03-02 00:57:00.909  4784  4784 I SemDvfsHyPerManager: acquire hyper - APP_START_SHORT/4784@15, type = -999
03-02 00:57:00.909  1464  1492 I mtkpower@impl: [setMode] type:5, enabled:1
03-02 00:57:00.909  1450  1487 I mtkpower_client: perf_lock_acq, hdl:0, dur:0, num:2, pid:1450, tid:1487
03-02 00:57:00.910  1450  1487 I mtkpower_client: ret_hdl:76279
03-02 00:57:00.910  1450  1487 I mtkpower_client: perf_lock_acq, hdl:0, dur:0, num:2, pid:1450, tid:1487
03-02 00:57:00.910  1464  1529 I libPowerHal: [perfLockAcq] idx:2 hdl:76279 hint:-1 pid:1450 tid:1487 duration:0 lock_user:vendor.samsung. => ret_hdl:76279
03-02 00:57:00.910  1464  1529 I libPowerHal: [setDvfsrcDevFreqOpp] opp:0, freq:4266000000
03-02 00:57:00.910  1464  1529 I libPowerHal: [PE] vendor.samsung. update cmd:1000000 param:0 pr:3
03-02 00:57:00.910  1464  1529 I libPowerHal: [perfLockAcq] Done for hdl : 76279
03-02 00:57:00.911  1450  1487 I mtkpower_client: ret_hdl:76280
03-02 00:57:00.911  1450  1487 I HYPER-HAL: [RequestManager.cpp]acquire(): Acquired ID : 11517615  [4784 / 15]    HINT : APP_START    list : [TIMEOUT / 1500]
03-02 00:57:00.911  1464  1529 I libPowerHal: [perfLockAcq] idx:5 hdl:76280 hint:-1 pid:1450 tid:1487 duration:0 lock_user:vendor.samsung. => ret_hdl:76280
03-02 00:57:00.912  1464  1529 I libPowerHal: [PE] vendor.samsung. update cmd:400000 param:2000000 pr:3
03-02 00:57:00.912  1464  1529 I libPowerHal: [recordCPUFreqInfo] set cluster[0] min(vendor.samsung.): 2000000 max(-1): -1 cluster[1] min(-1): -1 max(-1): -1
03-02 00:57:00.912  1464  1529 I libPowerHal: [perfLockAcq] Done for hdl : 76280
03-02 00:57:00.912  1507  1562 I SurfaceFlinger: id=155444 createSurf, flag=24004, Task=44847#155444
03-02 00:57:00.916 14636 14636 D WM-SystemJobService: onStopJob for WorkGenerationalId(workSpecId=f23029b8-b7a3-4a93-aaf6-b7c7a26dfe9e, generation=0)
03-02 00:57:00.916  1507  1562 I SurfaceFlinger: id=155445 createSurf, flag=84004, ActivityRecord{186709701 u0 com.podcast.app.debug.test/androidx.test.core.app.InstrumentationActivityInvoker$EmptyActivity t44847}#155445
03-02 00:57:00.916 14636 15263 D WM-Processor: WorkerWrapper interrupted for f23029b8-b7a3-4a93-aaf6-b7c7a26dfe9e
03-02 00:57:00.916 14636 15263 D WM-StopWorkRunnable: StopWorkRunnable for f23029b8-b7a3-4a93-aaf6-b7c7a26dfe9e; Processor.stopWork = true
03-02 00:57:00.918  1507  1507 I SurfaceFlinger: [Task=44847#155444] attach to parent LayerHierarchy{RequestedLayerState{DefaultTaskDisplayArea_d0#10 parentId=9} 46 children}
03-02 00:57:00.918  1507  1507 I SurfaceFlinger: [ActivityRecord{186709701 u0 com.podcast.app.debug.test/androidx.test.core.app.InstrumentationActivityInvoker$EmptyActivity t44847}#155445] attach to parent LayerHierarchy{RequestedLayerState{Task=44847#155444 parentId=10} 1 children}
03-02 00:57:00.924  2013  4823 I SemDvfsHyPerManager: acquire hyper - AMS_APP_LAUNCH/2013@17, type = -999
03-02 00:57:00.924  1450  1487 I HYPER-HAL: [RequestManager.cpp]acquire(): Acquired ID : 2061482  [2013 / 17]    HINT : AMS_APP_LAUNCH    list :
03-02 00:57:00.925  1450  1487 I mtkpower_client: perf_lock_acq, hdl:0, dur:0, num:2, pid:1450, tid:1487
03-02 00:57:00.925  2746  2808 I ViewRootImpl: dVRR is disabled
03-02 00:57:00.926  1450  1487 I mtkpower_client: ret_hdl:76281
03-02 00:57:00.926  1464  1529 I libPowerHal: [perfLockAcq] idx:6 hdl:76281 hint:-1 pid:1450 tid:1487 duration:0 lock_user:vendor.samsung. => ret_hdl:76281
03-02 00:57:00.926  1464  1529 I libPowerHal: [PE] vendor.samsung. update cmd:300c000, param:15, pr:3
03-02 00:57:00.926  1450  1487 I mtkpower_client: perf_lock_acq, hdl:0, dur:0, num:2, pid:1450, tid:1487
03-02 00:57:00.926  1464  1529 I libPowerHal: [perfLockAcq] Done for hdl : 76281
03-02 00:57:00.927  2746  2870 D NativeCustomFrequencyManager: [NativeCFMS] BpCustomFrequencyManager::BpCustomFrequencyManager()
03-02 00:57:00.927  1450  1487 I mtkpower_client: ret_hdl:76282
03-02 00:57:00.927  1450  1487 I mtkpower_client: perf_lock_rel, hdl:76280, pid: 1450, tid:1487
03-02 00:57:00.927  1464  1529 I libPowerHal: [perfLockAcq] idx:7 hdl:76282 hint:-1 pid:1450 tid:1487 duration:0 lock_user:vendor.samsung. => ret_hdl:76282
03-02 00:57:00.928  1464  1529 I libPowerHal: [set_cpuidle] enable:0, fd:17, scn:0xb40000737b6173c8
03-02 00:57:00.928  1464  1529 I libPowerHal: [get_cpu_dma_latency_value] 0
03-02 00:57:00.928  1464  1529 I libPowerHal: [PE] vendor.samsung. update cmd:1c3c100 param:0 pr:3
03-02 00:57:00.928  1464  1529 I libPowerHal: [perfLockAcq] Done for hdl : 76282
03-02 00:57:00.929  2746  2798 D ShellDesktopMode: handleRequest: TransitionRequestInfo {type=1, tid=44847, debugId=11232}
03-02 00:57:00.929 17121 17121 D LifecycleMonitor: Lifecycle status change: androidx.activity.ComponentActivity@56d9f1b in: PAUSED
03-02 00:57:00.930 17121 17121 V ActivityScenario: Update currentActivityStage to PAUSED, currentActivity=androidx.activity.ComponentActivity@56d9f1b
03-02 00:57:00.930  1450  1487 I mtkpower_client: perf_lock_acq, hdl:0, dur:0, num:2, pid:1450, tid:1487
03-02 00:57:00.932  1507  1907 I SurfaceFlinger: onHandleDestroyed: layerId=155409, name=Surface(name=c536234 NavigationBar0)/@0xfac847b - animation-leash of insets_animation#155409
03-02 00:57:00.933  1507  1562 I SurfaceFlinger: onHandleDestroyed: layerId=155410, name=Surface(name=a5d3a68 StatusBar)/@0xd5726d6 - animation-leash of insets_animation#155410
03-02 00:57:00.934  4784  4784 I SemDvfsHyPerManager: acquire hyper - APP_START/4784@17, type = -999
03-02 00:57:00.934  1464  1529 I libPowerHal: [perfLockRel] hdl:76280, idx:5
03-02 00:57:00.935  1484  1921 D StreamHalAidl: [out|ioHandle:21] standby
03-02 00:57:00.935  1484  1921 D StreamHalAidl: [out|ioHandle:21] pause
03-02 00:57:00.935  1439  1902 D AHAL_Stream: cycle: received command Command{pause: Void{}} in writer
03-02 00:57:00.935  1439  1902 D AHAL_Stream: [out|ioHandle:21] pause
03-02 00:57:00.935  1439  1902 I AHAL_Stream: pause()
03-02 00:57:00.935  1439  1902 D MTKAdapterStreamLayer: pause(),
03-02 00:57:00.935  1439  1902 D AudioALSAStreamOut: pause() 0xb400006fe2305e00
03-02 00:57:00.935  1439  1902 D AHAL_Stream: cycle: writing reply Reply{status: 0, fmqByteCount: 0, observable: Position{frames: 3077485658, timeNs: 491099936323117}, hardware: Position{frames: -1, timeNs: -1}, latencyMs: 21, xrunFrames: 0, state: PAUSED}
03-02 00:57:00.935  1484  1921 D StreamHalAidl: [out|ioHandle:21] flush
03-02 00:57:00.935  1439  1902 D AHAL_Stream: cycle: received command Command{flush: Void{}} in writer
03-02 00:57:00.935  1439  1902 D AHAL_Stream: [out|ioHandle:21] flush
03-02 00:57:00.935  1439  1902 I AHAL_Stream: flush()
03-02 00:57:00.935  1439  1902 D MTKAdapterStreamLayer: flush(),
03-02 00:57:00.935  1439  1902 D AudioALSAStreamOut: flush() 0xb400006fe2305e00
03-02 00:57:00.936  1439  1902 D AHAL_Stream: cycle: writing reply Reply{status: 0, fmqByteCount: 0, observable: Position{frames: 3077485680, timeNs: 491099936773270}, hardware: Position{frames: -1, timeNs: -1}, latencyMs: 21, xrunFrames: 0, state: IDLE}
03-02 00:57:00.936  1507  1562 I SurfaceFlinger: id=155410 Removed Surface(name=a5d3a68 StatusBar)/@0xd5726d6 - animation-leash of insets_animation#155410 (326)
03-02 00:57:00.936  1439  1902 D AHAL_Stream: cycle: received command Command{standby: Void{}} in writer
03-02 00:57:00.936  1439  1902 D AHAL_Stream: [out|ioHandle:21] standby
03-02 00:57:00.936  1439  1902 D AudioALSAStreamOut: standby(), flag 8
03-02 00:57:00.936  1439  1902 D AudioALSAStreamOut: standbyStreamOut(), halRequest 0, mDestroy 0, flag 8
03-02 00:57:00.936  1439  1902 D AudioALSAStreamOut: close_l(), flags 8
03-02 00:57:00.936  1439  1902 D AudioALSAStreamManager: setPlaybackStreamActive(), is_active = 0, stream_type = 3, mIsMusicStreamActive = 0
03-02 00:57:00.936  1439  1902 D AudioALSAPlaybackHandlerMixer: close(+), source flag 8, mDevice = 0x2, buffer_size 8192
03-02 00:57:00.936  1439  1902 D audio_sw_mixer: sw_mixer_source_detach(), MIXER_PLAYBACK  , name T_DEEP
03-02 00:57:00.936  1439  1902 D audio_sw_mixer: sw_mixer_manager_destroy_path(), MIXER_PLAYBACK  , path T_DEEP=>T_PRIMARY
03-02 00:57:00.936  1439  1902 D audio_sw_mixer: dump_path_list(), MIXER_PLAYBACK  , no path
03-02 00:57:00.936  1439  1902 D audio_sw_mixer: sw_mixer_target_detach(), MIXER_PLAYBACK  , name T_PRIMARY
03-02 00:57:00.936  1439  1620 D audio_sw_mixer: sw_mixer_wait_to_mix(), MIXER_PLAYBACK  , target T_PRIMARY    thread exit direct mode
03-02 00:57:00.936  1439  1620 D audio_sw_mixer: sw_mixer_mix_thread(), thread mix1:0 idle
03-02 00:57:00.936  1464  1529 I libPowerHal: [PD] vendor.samsung. update cmd:400000 param:-1 pr:6
03-02 00:57:00.936  1439  1902 D AudioALSAPlaybackHandlerNormal: +close(), flag = 8, mDevice = 0x2
03-02 00:57:00.936  1439  1902 D AudioALSAHardwareResourceManager: +stopOutputDevice(), mOutputDevices = 0x2, mStartOutputDevicesCount = 1
03-02 00:57:00.936  1439  1902 D AudioSmartPaController: +dspOnBoardSpeakerOff()
03-02 00:57:00.937  1439  1902 D AudioALSAHardwareResourceManager: notifyOutputDeviceStatusChange(), device = 2, status = 1, sampleRate = 0, mOpenSpeakerPathCount = 0
03-02 00:57:00.937  3506  3506 E pageboostd: Received HALT command code 2
03-02 00:57:00.937  1439  1902 D AudioALSAStreamManager: speakerStatusChangeCb(), status = 1, sampleRate = 0
03-02 00:57:00.937  1464  1529 I libPowerHal: [recordCPUFreqInfo] set cluster[0] min(-1): -1 max(-1): -1 cluster[1] min(-1): -1 max(-1): -1
03-02 00:57:00.937  1464  1529 I libPowerHal: [perfLockRel] Done for hdl : 76280
03-02 00:57:00.937  1450  1487 I mtkpower_client: ret_hdl:76283
03-02 00:57:00.937  1450  1487 I mtkpower_client: perf_lock_rel, hdl:76279, pid: 1450, tid:1487
03-02 00:57:00.938  1464  1529 I libPowerHal: [perfLockAcq] idx:8 hdl:76283 hint:-1 pid:1450 tid:1487 duration:0 lock_user:vendor.samsung. => ret_hdl:76283
03-02 00:57:00.938  1464  1529 I libPowerHal: [PE] vendor.samsung. update cmd:400000 param:2000000 pr:3
03-02 00:57:00.938  1464  1529 I libPowerHal: [recordCPUFreqInfo] set cluster[0] min(vendor.samsung.): 2000000 max(-1): -1 cluster[1] min(-1): -1 max(-1): -1
03-02 00:57:00.938  1464  1529 I libPowerHal: [perfLockAcq] Done for hdl : 76283
03-02 00:57:00.939  1450  1487 I mtkpower_client: perf_lock_acq, hdl:0, dur:0, num:2, pid:1450, tid:1487
03-02 00:57:00.939  1464  1529 I libPowerHal: [perfLockRel] hdl:76279, idx:2
03-02 00:57:00.940  1464  1529 I libPowerHal: [PD] vendor.samsung. update cmd:1000000 param:-1 pr:6
03-02 00:57:00.940  1464  1529 I libPowerHal: [perfLockRel] Done for hdl : 76279
03-02 00:57:00.940  3202  3386 I HoneySpace.TopTaskSource: onTaskMovedToFront : taskId = 44847, displayId = 0
03-02 00:57:00.940  1450  1487 I mtkpower_client: ret_hdl:76284
03-02 00:57:00.941  1507  1507 I SurfaceFlinger: destroyed Surface(name=a5d3a68 StatusBar)/@0xd5726d6 - animation-leash of insets_animation#155410
03-02 00:57:00.941  1450  1487 I HYPER-HAL: [RequestManager.cpp]acquire(): Acquired ID : 11527218  [4784 / 17]    HINT : APP_START    list :
03-02 00:57:00.941  1464  1529 I libPowerHal: [perfLockAcq] idx:5 hdl:76284 hint:-1 pid:1450 tid:1487 duration:0 lock_user:vendor.samsung. => ret_hdl:76284
03-02 00:57:00.941  1464  1529 I libPowerHal: [setDvfsrcDevFreqOpp] opp:0, freq:4266000000
03-02 00:57:00.941  1464  1529 I libPowerHal: [PE] vendor.samsung. update cmd:1000000 param:0 pr:3
03-02 00:57:00.941  1464  1529 I libPowerHal: [perfLockAcq] Done for hdl : 76284
03-02 00:57:00.943  2013  3645 D InputDispatcher: Focused application(0): ActivityRecord{186709701 u0 com.podcast.app.debug.test/androidx.test.core.app.InstrumentationActivityInvoker$EmptyActivity t44847}
03-02 00:57:00.944  1646  1892 I CameraService: onUidStateChanged: uid=10492, procState is changed. (8 -> 10)
03-02 00:57:00.944  1507  1507 I Layer   : id=155410 Destroyed Surface(name=a5d3a68 StatusBar)/@0xd5726d6 - animation-leash of insets_animation#155410
03-02 00:57:00.945  2013  4829 D GraphicsStatsService: requestRenderEngineFor(com.podcast.app.debug.test)
03-02 00:57:00.947  1507  1907 I SurfaceFlinger: id=155409 Removed Surface(name=c536234 NavigationBar0)/@0xfac847b - animation-leash of insets_animation#155409 (325)
03-02 00:57:00.951 14636 15217 I WM-WorkerWrapper: Work [ id=f23029b8-b7a3-4a93-aaf6-b7c7a26dfe9e, tags={ com.urbanairship.job.AirshipWorker,airship } ] was cancelled
03-02 00:57:00.951 14636 15217 I WM-WorkerWrapper: androidx.work.impl.WorkerStoppedException
03-02 00:57:00.951 14636 15217 I WM-WorkerWrapper: 	at o.setEnabledWhenDeviceHasQuirk.AnimatedBarChartKtAnimatedBarChart1112(:348)
03-02 00:57:00.951 14636 15217 I WM-WorkerWrapper: 	at o.MutableConfig.AnimatedBarChartKtAnimatedBarChart1(:439)
03-02 00:57:00.951 14636 15217 I WM-WorkerWrapper: 	at o.MutableConfig.AnimatedBarChartKtAnimatedBarChart1112(:259)
03-02 00:57:00.951 14636 15217 I WM-WorkerWrapper: 	at o.getUseCaseInfo.run(:49)
03-02 00:57:00.951 14636 15217 I WM-WorkerWrapper: 	at o.TagBundle$Architecture.run(:96)
03-02 00:57:00.951 14636 15217 I WM-WorkerWrapper: 	at java.util.concurrent.ThreadPoolExecutor.runWorker(ThreadPoolExecutor.java:1154)
03-02 00:57:00.951 14636 15217 I WM-WorkerWrapper: 	at java.util.concurrent.ThreadPoolExecutor$Worker.run(ThreadPoolExecutor.java:652)
03-02 00:57:00.951 14636 15217 I WM-WorkerWrapper: 	at java.lang.Thread.run(Thread.java:1563)
03-02 00:57:00.951  3202  3390 I HoneySpace.TopTaskUseCase: topTasks 44847 ComponentInfo{com.podcast.app.debug.test/androidx.test.core.app.InstrumentationActivityInvoker$EmptyActivity}[displayId=0]
03-02 00:57:00.952  1507  1507 I SurfaceFlinger: destroyed Surface(name=c536234 NavigationBar0)/@0xfac847b - animation-leash of insets_animation#155409
03-02 00:57:00.954  2013  2027 D InputTransport: Input channel constructed: '41afa96', fd=964
03-02 00:57:00.954  2013  2027 D InputTransport: Input channel constructed: '41afa96', fd=1036
03-02 00:57:00.954  1646  5384 I CameraService: onUidStateChanged: uid=10062, procState is changed. (0 -> 1)
03-02 00:57:00.954  2013  2027 D InputTransport: Input channel constructed: '41afa96', fd=1044
03-02 00:57:00.954  2013  2027 D InputTransport: Input channel destroyed: '41afa96', fd=1036
03-02 00:57:00.955  1507  1507 I Layer   : id=155409 Destroyed Surface(name=c536234 NavigationBar0)/@0xfac847b - animation-leash of insets_animation#155409
03-02 00:57:00.955  1439  1902 D AudioALSAPlaybackHandlerBase: -closePcmDriver(), mPcm = 0x0
03-02 00:57:00.955  1439  1902 D AudioALSADeviceConfigManager: ApplyDeviceTurnoffSequenceByName(), DeviceName = PLAYBACK3_TO_I2S3 descriptor->DeviceStatusCounter = 1, Ctlsize=4
03-02 00:57:00.955  1507  1907 I SurfaceFlinger: id=155446 createSurf, flag=84004, 41afa96 Splash Screen com.podcast.app.debug.test#155446
03-02 00:57:00.955 14636 15217 D WM-WorkerWrapper: Status for f23029b8-b7a3-4a93-aaf6-b7c7a26dfe9e is RUNNING; not doing any work and rescheduling for later execution
03-02 00:57:00.955  1439  1902 D AudioALSAPlaybackHandlerBase: DestroyAurisysLibManager()
03-02 00:57:00.956  1439  1902 D aurisys_lib_handler: [LIB] Awinic Info: aw_skt_arsi_destroy_handler(), p_handler = 0xb400006fe1dc72c0
03-02 00:57:00.956  1439  1902 D [Awinic]: get dtc_status: interval_time: 10 s, tma_pre: 17260981, tcm_pre: 1166703
03-02 00:57:00.956  1439  1902 D [Awinic]: Close attrs done!
03-02 00:57:00.956  1439  1902 D [Awinic]: spin reset done!
03-02 00:57:00.956  1439  1902 D [Awinic]:  Reset Done !
03-02 00:57:00.956  1439  1902 D aurisys_lib_handler: [LIB] Awinic Info: aw_skt_arsi_destroy_handler done!
03-02 00:57:00.956  1439  1902 D aurisys_lib_handler: aurisys_arsi_destroy_handler(), lib_name smartpa_aw88xxx, 0xb400006feb041000, arsi_destroy_handler, arsi_handler = 0xb400006fe1dc72c0, retval = 0
03-02 00:57:00.957  1439  1902 D aurisys_lib_manager: delete_aurisys_lib_manager(), manager 0xb400006feb05c460
03-02 00:57:00.957  1439  1902 D AudioALSAPlaybackHandlerNormal: -close()
03-02 00:57:00.957  1439  1902 D AudioALSAPlaybackHandlerBase: DestroyAurisysLibManager()
03-02 00:57:00.957  1439  1902 D aurisys_lib_handler: aurisys_arsi_destroy_handler(), lib_name aurisys_demo, 0xb400006fecaa7000, arsi_destroy_handler, arsi_handler = 0xb400006feca82600, retval = 0
03-02 00:57:00.957  1439  1902 D aurisys_lib_manager: delete_aurisys_lib_manager(), manager 0xb400006fecb0c760
03-02 00:57:00.957  1439  1902 D AudioALSAPlaybackHandlerMixer: close(-)
03-02 00:57:00.957  1439  1902 D AudioALSAStreamManager: routingOutputDeviceForIEMs()
03-02 00:57:00.957  1439  1902 D AudioIEMsController: routing(+), cur out 0x0 in 0x0, hs 0, bt 0, usb 0, device 0x2, mask 0x1, on 0
03-02 00:57:00.958  1439  1902 D AudioIEMsController: routing(-), cur out 0x0 in 0x0
03-02 00:57:00.958  1439  1902 D AHAL_Stream: cycle: writing reply Reply{status: 0, fmqByteCount: 0, observable: Position{frames: 3077485688, timeNs: 491099936940040}, hardware: Position{frames: -1, timeNs: -1}, latencyMs: 21, xrunFrames: 0, state: STANDBY}
03-02 00:57:00.958  2013  2027 D InputTransport: Input channel destroyed: '41afa96', fd=1044
03-02 00:57:00.960  2746  2808 D InputTransport: Input channel constructed: '41afa96', fd=598
03-02 00:57:00.961  2746  2808 I InsetsController: onStateChanged: host=Splash Screen com.podcast.app.debug.test, from=android.view.ViewRootImpl.onInsetsStateChanged:3026, state=InsetsState: {mDisplayFrame=Rect(0, 0 - 1080, 2340), mDisplayCutout=DisplayCutout{insets=Rect(0, 80 - 0, 0) waterfall=Insets{left=0, top=0, right=0, bottom=0} boundingRect={Bounds=[Rect(0, 0 - 0, 0), Rect(472, 0 - 608, 80), Rect(0, 0 - 0, 0), Rect(0, 0 - 0, 0)]} cutoutPathParserInfo={CutoutPathParserInfo{displayWidth=1080 displayHeight=2340 physicalDisplayWidth=1080 physicalDisplayHeight=2340 density={2.8125} cutoutSpec={M 0,0 H -24.177777778 V 28.4444444444 H 24.177777778 V 0 H 0 Z @dp} rotation={0} scale={1.0} physicalPixelDisplaySizeRatio={1.0}}} sideOverrides={}}, mRoundedCorners=RoundedCorners{[RoundedCorner{position=TopLeft, radius=113, center=Point(113, 113)}, RoundedCorner{position=TopRight, radius=113, center=Point(967, 113)}, RoundedCorner{position=BottomRight, radius=113, center=Point(967, 2227)}, RoundedCorner{position=BottomLeft, radius=113, center=Point(113, 2227)}]}  mRoundedCornerFrame=Rect(0, 0 - 1080, 2340), mPrivacyIndicatorBounds=PrivacyIndicatorBounds {static bounds=Rect(956, 0 - 1080, 80) rotation=0}, mDisplayShape=DisplayShape{ spec=-311912193 displayWidth=1080 displayHeight=2340 physicalPixelDisplaySizeRatio=1.0 rotation=0 offsetX=0 offsetY=0 scale=1.0}, mSources= { InsetsSource: {e9af0000 mType=statusBars mFrame=[0,0][1080,80] mVisible=true mFlags= mSideHint=TOP mBoundingRects=null}, InsetsSource: {e9af0005 mType=mandatorySystemGestures mFrame=[0,0][1080,114] mVisible=true mFlags= mSideHint=TOP mBoundingRects=null}, InsetsSource: {e9af0006 mType=tappableElement mFrame=[0,0][1080,80] mVisible=true mFlags= mSideHint=TOP mBoundingRects=null}, InsetsSource: {3 mType=ime mFrame=[0,0][0,0] mVisible=false mFlags= mSideHint=NONE mBoundingRects=null}, InsetsSource: {27 mType=displayCutout mFrame=[0,0][1080,80] mVisible=true mFlags= mSideHint=TOP mBoundingRects=null}, InsetsSource: {26ed0001 mType=navigationBars mFrame=[0,2298][1080,2340] mVisible=true mFlags=SUPPRESS_SCRIM mSideHint=BOTTOM mBoundingRects=null}, InsetsSource: {26ed0004 mType=systemGestures mFrame=[0,0][84,2340] mVisible=true mFlags= mSideHint=LEFT mBoundingRects=null}, InsetsSource: {26ed0005 mType=mandatorySystemGestures mFrame=[0,2250][1080,2340] mVisible=true mFlags= mSideHint=BOTTOM mBoundingRects=null}, InsetsSource: {26ed0006 mType=tappableElement mFrame=[0,0][0,0] mVisible=true mFlags= mSideHint=NONE mBoundingRects=null}, InsetsSource: {26ed0024 mType=systemGestures mFrame=[996,0][1080,2340] mVisible=true mFlags= mSideHint=RIGHT mBoundingRects=null} }
03-02 00:57:00.961  2746  2808 I VRI[test]@bb7e6c: onActiveControlsChanged, removed=false, mAdded=true, caller=android.view.ViewRootImpl.handleInsetsControlChanged:3002 android.view.ViewRootImpl.setView:2014 android.view.WindowManagerGlobal.addView:604 com.android.wm.shell.startingsurface.SplashscreenWindowCreator.addWindow:38 com.android.wm.shell.startingsurface.StartingWindowController$$ExternalSyntheticLambda4.run:1365
03-02 00:57:00.961  2746  2808 I VRI[test]@bb7e6c: synced displayState. AttachInfo displayState=2
03-02 00:57:00.961  2746  2808 I VRI[test]@bb7e6c: setView = android.widget.FrameLayout@943c796 IsHRR=false mFlingFrameRateChange=0 TM=true
03-02 00:57:00.962 14636 14636 D WM-Processor: MutableConfig f23029b8-b7a3-4a93-aaf6-b7c7a26dfe9e executed; reschedule = true
03-02 00:57:00.963  2746  2870 D HWUI    : HWUI - treat SMPTE_170M as sRGB
03-02 00:57:00.963  3202 31843 I HoneySpace.RecentTasks: onRecentTasksChanged
03-02 00:57:00.963  1507  1507 I SurfaceFlinger: [Display 0 name="Built-in Screen"#49] setFrameRateCategory: High
03-02 00:57:00.963  1507  1507 I SurfaceFlinger: [41afa96 Splash Screen com.podcast.app.debug.test#155446] attach to parent LayerHierarchy{RequestedLayerState{ActivityRecord{186709701 u0 com.podcast.app.debug.test/androidx.test.core.app.InstrumentationActivityInvoker$EmptyActivity t44847}#155445 parentId=155444} 1 children}
03-02 00:57:00.966  2013  2600 D AS.MultiSoundManager: mForegroundUid = 10687
03-02 00:57:00.966  3202  3918 I HoneySpace.RecentTasks: onRecentTasksChanged
03-02 00:57:00.967  1507  1507 I BpBinder: onLastStrongRef automatically unlinking death recipients:
03-02 00:57:00.971 14636 15217 D WM-GreedyScheduler: Cancelling work ID f23029b8-b7a3-4a93-aaf6-b7c7a26dfe9e
03-02 00:57:00.974  1507  1507 I SurfaceFlinger: [LayerHierarchy{RequestedLayerState{ImeContainer#15 parentId=155431 relativeParentId=155431 z=1} 1 children}] RelativeParent to null
03-02 00:57:00.980  2013  3645 I WindowManager: Relayout Window{41afa96 u0 Splash Screen com.podcast.app.debug.test}: viewVisibility=0 req=1080x2340 ty=3 d0
03-02 00:57:00.980  1507  1562 I SurfaceFlinger: id=155447 createSurf, flag=44004, Splash Screen com.podcast.app.debug.test$_2746#155447
03-02 00:57:00.981  1445  2902 W C2MtkBufferManager: [0xB4000070F507E520] fetchNewCcBlock: wait fence 0x0xb4000070f5058270 timed out. ret 110
03-02 00:57:00.982  1507  1845 D SurfaceFlinger: [input] setFocusedWindow: <null>
03-02 00:57:00.982  1507  1845 D SurfaceFlinger: updateWinowInfo=1, setFocusedWindow timestamp=491099967569270, windowName=<null>
03-02 00:57:00.983  2013  2027 D InputDispatcher: Focus left window (0): 223422 com.podcast.app.debug/androidx.activity.ComponentActivity
03-02 00:57:00.984 17121 17121 I ImeFocusController: onPreWindowFocus: skipped hasWindowFocus=false mHasImeFocus=true
03-02 00:57:00.984  2013  4845 D InputDispatcher: Once focus requested (0): <null>
03-02 00:57:00.984 17121 17121 I ImeFocusController: onPostWindowFocus: skipped hasWindowFocus=false mHasImeFocus=true
03-02 00:57:00.985  1507  1507 I SurfaceFlinger: [Splash Screen com.podcast.app.debug.test$_2746#155447] attach to parent LayerHierarchy{RequestedLayerState{41afa96 Splash Screen com.podcast.app.debug.test#155446 parentId=155445} 1 children}
03-02 00:57:00.985 17532 17532 I DecorView: setWindowBackground: isPopOver=false color=ffffffff d=android.graphics.drawable.ColorDrawable@ab6789d
03-02 00:57:00.985  2013  3645 I WindowManager: Relayout hash=41afa96, pid=2746, syncId=-1: mAttrs={(0,0)(fillxfill) sim={adjust=pan} layoutInDisplayCutoutMode=always ty=APPLICATION_STARTING fmt=TRANSLUCENT
03-02 00:57:00.985  2013  3645 I WindowManager:   fl=81030118
03-02 00:57:00.985  2013  3645 I WindowManager:   pfl=10000810
03-02 00:57:00.985  2013  3645 I WindowManager:   apr=18
03-02 00:57:00.985  2013  3645 I WindowManager:   bhv=1
03-02 00:57:00.985  2013  3645 I WindowManager:   fitSides=0
03-02 00:57:00.985  2013  3645 I WindowManager:   frameRateBoostOnTouch=true
03-02 00:57:00.985  2013  3645 I WindowManager:   dvrrWindowFrameRateHint=true naviIconColor=0}
03-02 00:57:00.986  2746  2808 I VRI[test]@bb7e6c: onActiveControlsChanged, removed=false, mAdded=true, caller=android.view.ViewRootImpl.handleInsetsControlChanged:3002 android.view.ViewRootImpl.relayoutWindow:11629 android.view.ViewRootImpl.performTraversals:4804 android.view.ViewRootImpl.doTraversal:3924 android.view.ViewRootImpl$TraversalRunnable.run:12903
03-02 00:57:00.986 14636 15217 W JobInfo : Requested important-while-foreground flag for job3653 is ignored and takes no effect
03-02 00:57:00.987 14636 15217 D WM-SystemJobScheduler: Scheduling work ID f23029b8-b7a3-4a93-aaf6-b7c7a26dfe9eJob ID 3653
03-02 00:57:00.990  2746  2746 I {OngoingActivityController}: onTaskFocusChanged but OA data is empty
03-02 00:57:00.992  3202  3386 I HoneySpace.TopTaskSource: onTaskFocusChanged(): taskId = 44847
03-02 00:57:00.992  1507  1565 E SfCpu   :  sched_setaffinity return fail 1461
03-02 00:57:00.992  1507  1565 E SfCpu   :  sched_setaffinity return fail 1444
03-02 00:57:00.992 17532 17532 I ViewRootImpl: dVRR is disabled
03-02 00:57:00.993  1507  1825 I SurfaceFlinger: Capture layer list: 	 com.podcast.app.debug/androidx.activity.ComponentActivity$_17121#155435(seamlessTransition:0)
03-02 00:57:00.993 17532 17563 D NativeCustomFrequencyManager: [NativeCFMS] BpCustomFrequencyManager::BpCustomFrequencyManager()
03-02 00:57:00.996  3202  3202 I HoneySpace.EdgePanel.CocktailHostRepositoryImpl: onNoteResume
03-02 00:57:00.996  3202  3202 I HoneySpace.EdgePanel.EdgePanelContainerViewModel: cocktailHostRepository.edgePanelOperation NoteResumeComponent(componentName=ComponentInfo{com.podcast.app.debug.test/androidx.test.core.app.InstrumentationActivityInvoker$EmptyActivity})
03-02 00:57:00.996  3202  3202 I HoneySpace.EdgePanel.ActivityUtils: HomePackage : com.sec.android.app.launcher, resumePackageName : com.podcast.app.debug.test, className : androidx.test.core.app.InstrumentationActivityInvoker$EmptyActivity
03-02 00:57:00.997  2013  4845 D InputTransport: Input channel constructed: '5373307', fd=1044
03-02 00:57:00.997  2013  4845 D InputTransport: Input channel constructed: '5373307', fd=1083
03-02 00:57:00.997  2013  4845 D InputTransport: Input channel constructed: '5373307', fd=1090
03-02 00:57:00.997  2013  4845 D InputTransport: Input channel destroyed: '5373307', fd=1083
03-02 00:57:00.997  1507  1563 I SurfaceFlinger: id=155448 createSurf, flag=84004, 5373307 com.podcast.app.debug.test/androidx.test.core.app.InstrumentationActivityInvoker$EmptyActivity#155448
03-02 00:57:00.998  2013  2027 W ParceledListSlice: Element #30 is 21544 bytes.
03-02 00:57:00.999  2013  4845 D InputTransport: Input channel destroyed: '5373307', fd=1090
03-02 00:57:01.000 17532 17532 D InputTransport: Input channel constructed: '5373307', fd=119
03-02 00:57:01.000  2746  2808 D BufferQueueConsumer: [](id:aba00001dfe,api:0,p:-1,c:2746) connect: controlledByApp=false
03-02 00:57:01.000 17532 17532 I InsetsController: onStateChanged: host=com.podcast.app.debug.test/androidx.test.core.app.InstrumentationActivityInvoker$EmptyActivity, from=android.view.ViewRootImpl.onInsetsStateChanged:3026, state=InsetsState: {mDisplayFrame=Rect(0, 0 - 1080, 2340), mDisplayCutout=DisplayCutout{insets=Rect(0, 80 - 0, 0) waterfall=Insets{left=0, top=0, right=0, bottom=0} boundingRect={Bounds=[Rect(0, 0 - 0, 0), Rect(472, 0 - 608, 80), Rect(0, 0 - 0, 0), Rect(0, 0 - 0, 0)]} cutoutPathParserInfo={CutoutPathParserInfo{displayWidth=1080 displayHeight=2340 physicalDisplayWidth=1080 physicalDisplayHeight=2340 density={2.8125} cutoutSpec={M 0,0 H -24.177777778 V 28.4444444444 H 24.177777778 V 0 H 0 Z @dp} rotation={0} scale={1.0} physicalPixelDisplaySizeRatio={1.0}}} sideOverrides={}}, mRoundedCorners=RoundedCorners{[RoundedCorner{position=TopLeft, radius=113, center=Point(113, 113)}, RoundedCorner{position=TopRight, radius=113, center=Point(967, 113)}, RoundedCorner{position=BottomRight, radius=113, center=Point(967, 2227)}, RoundedCorner{position=BottomLeft, radius=113, center=Point(113, 2227)}]}  mRoundedCornerFrame=Rect(0, 0 - 1080, 2340), mPrivacyIndicatorBounds=PrivacyIndicatorBounds {static bounds=Rect(956, 0 - 1080, 80) rotation=0}, mDisplayShape=DisplayShape{ spec=-311912193 displayWidth=1080 displayHeight=2340 physicalPixelDisplaySizeRatio=1.0 rotation=0 offsetX=0 offsetY=0 scale=1.0}, mSources= { InsetsSource: {e9af0000 mType=statusBars mFrame=[0,0][1080,80] mVisible=true mFlags= mSideHint=TOP mBoundingRects=null}, InsetsSource: {e9af0005 mType=mandatorySystemGestures mFrame=[0,0][1080,114] mVisible=true mFlags= mSideHint=TOP mBoundingRects=null}, InsetsSource: {e9af0006 mType=tappableElement mFrame=[0,0][1080,80] mVisible=true mFlags= mSideHint=TOP mBoundingRects=null}, InsetsSource: {3 mType=ime mFrame=[0,0][0,0] mVisible=false mFlags= mSideHint=NONE mBoundingRects=null}, InsetsSource: {27 mType=displayCutout mFrame=[0,0][1080,80] mVisible=true mFlags= mSideHint=TOP mBoundingRects=null}, InsetsSource: {26ed0001 mType=navigationBars mFrame=[0,2298][1080,2340] mVisible=true mFlags=SUPPRESS_SCRIM mSideHint=BOTTOM mBoundingRects=null}, InsetsSource: {26ed0004 mType=systemGestures mFrame=[0,0][84,2340] mVisible=true mFlags= mSideHint=LEFT mBoundingRects=null}, InsetsSource: {26ed0005 mType=mandatorySystemGestures mFrame=[0,2250][1080,2340] mVisible=true mFlags= mSideHint=BOTTOM mBoundingRects=null}, InsetsSource: {26ed0006 mType=tappableElement mFrame=[0,0][0,0] mVisible=true mFlags= mSideHint=NONE mBoundingRects=null}, InsetsSource: {26ed0024 mType=systemGestures mFrame=[996,0][1080,2340] mVisible=true mFlags= mSideHint=RIGHT mBoundingRects=null} }
03-02 00:57:01.000  2746  2808 I BLASTBufferQueue: [VRI[test]@bb7e6c#7678](f:0,a:0,s:0) constructor()
03-02 00:57:01.001  2746  2808 I BLASTBufferQueue_Java: new BLASTBufferQueue, mName= VRI[test]@bb7e6c mNativeObject= 0xb4000076ae319800 caller= android.view.ViewRootImpl.updateBlastSurfaceIfNeeded:3585 android.view.ViewRootImpl.relayoutWindow:11685 android.view.ViewRootImpl.performTraversals:4804 android.view.ViewRootImpl.doTraversal:3924 android.view.ViewRootImpl$TraversalRunnable.run:12903 android.view.Choreographer$CallbackRecord.run:1901 android.view.Choreographer$CallbackRecord.run:1910 android.view.Choreographer.doCallbacks:1367 android.view.Choreographer.doFrame:1292 android.view.Choreographer$FrameDisplayEventReceiver.run:1870
03-02 00:57:01.001  2746  2808 I BLASTBufferQueue_Java: update, w= 1080 h= 2340 mName = VRI[test]@bb7e6c mNativeObject= 0xb4000076ae319800 sc.mNativeObject= 0xb40000770f314ac0 format= -3 caller= android.view.ViewRootImpl.updateBlastSurfaceIfNeeded:3590 android.view.ViewRootImpl.relayoutWindow:11685 android.view.ViewRootImpl.performTraversals:4804 android.view.ViewRootImpl.doTraversal:3924 android.view.ViewRootImpl$TraversalRunnable.run:12903 android.view.Choreographer$CallbackRecord.run:1901
03-02 00:57:01.001  2746  2808 I BLASTBufferQueue: [VRI[test]@bb7e6c#7678](f:0,a:0,s:0) update width=1080 height=2340 format=-3 mTransformHint=0
03-02 00:57:01.001 17532 17532 I VRI[InstrumentationActivityInvoker$EmptyActivity]@f43bae0: synced displayState. AttachInfo displayState=2
03-02 00:57:01.001 17532 17532 I VRI[InstrumentationActivityInvoker$EmptyActivity]@f43bae0: setView = com.android.internal.policy.DecorView@e83c83f IsHRR=false mFlingFrameRateChange=0 TM=true
03-02 00:57:01.002  2746  2808 I VRI[test]@bb7e6c: Relayout returned: old=(0,0,1080,2340) new=(0,0,1080,2340) relayoutAsync=false req=(1080,2340)0 dur=35 res=0x3 s={true 0xb40000772ad67e00} ch=true seqId=0
03-02 00:57:01.002 17532 17563 D HWUI    : HWUI - treat SMPTE_170M as sRGB
03-02 00:57:01.003  2746  2808 I VRI[test]@bb7e6c: performConfigurationChange setNightDimText nightDimLevel=0
03-02 00:57:01.003  2013  4845 I WindowManager: Relayout Window{5373307 u0 com.podcast.app.debug.test/androidx.test.core.app.InstrumentationActivityInvoker$EmptyActivity}: viewVisibility=0 req=1080x2340 ty=1 d0
03-02 00:57:01.003  2746  2808 D VRI[test]@bb7e6c: mThreadedRenderer.initialize() mSurface={isValid=true 0xb40000772ad67e00} hwInitialized=true
03-02 00:57:01.004  2746  2808 D VRI[test]@bb7e6c: reportNextDraw android.view.ViewRootImpl.performTraversals:5443 android.view.ViewRootImpl.doTraversal:3924 android.view.ViewRootImpl$TraversalRunnable.run:12903 android.view.Choreographer$CallbackRecord.run:1901 android.view.Choreographer$CallbackRecord.run:1910
03-02 00:57:01.004  1507  1907 I SurfaceFlinger: id=155449 createSurf, flag=44004, com.podcast.app.debug.test/androidx.test.core.app.InstrumentationActivityInvoker$EmptyActivity$_17532#155449
03-02 00:57:01.005  2746  2808 D VRI[test]@bb7e6c: Setup new sync=wmsSync-VRI[test]@bb7e6c#71
03-02 00:57:01.005  2746  2808 I VRI[test]@bb7e6c: Creating new active sync group VRI[test]@bb7e6c#72
03-02 00:57:01.006  2746  2808 D VRI[test]@bb7e6c: registerCallbacksForSync syncBuffer=false
03-02 00:57:01.007  2746  2866 D VRI[test]@bb7e6c: Received frameDrawingCallback syncResult=0 frameNum=1.
03-02 00:57:01.007  2746  2866 I VRI[test]@bb7e6c: mWNT: t=0xb40000771f55f700 mBlastBufferQueue=0xb4000076ae319800 fn= 1 HdrRenderState mRenderHdrSdrRatio=1.0 caller= android.view.ViewRootImpl$12.onFrameDraw:15441 android.view.ThreadedRenderer$1.onFrameDraw:718 <bottom of call stack>
03-02 00:57:01.007  2746  2866 I VRI[test]@bb7e6c: Setting up sync and frameCommitCallback
03-02 00:57:01.007  1507  1507 I SurfaceFlinger: [5373307 com.podcast.app.debug.test/androidx.test.core.app.InstrumentationActivityInvoker$EmptyActivity#155448] attach to parent LayerHierarchy{RequestedLayerState{ActivityRecord{186709701 u0 com.podcast.app.debug.test/androidx.test.core.app.InstrumentationActivityInvoker$EmptyActivity t44847}#155445 parentId=155444} 2 children}
03-02 00:57:01.007  1507  1563 I SurfaceFlinger: id=155450 createSurf, flag=24000, Surface(name=c536234 NavigationBar0)/@0xfac847b - animation-leash of insets_animation#155450
03-02 00:57:01.007  1507  1507 I SurfaceFlinger: [com.podcast.app.debug.test/androidx.test.core.app.InstrumentationActivityInvoker$EmptyActivity$_17532#155449] attach to parent LayerHierarchy{RequestedLayerState{5373307 com.podcast.app.debug.test/androidx.test.core.app.InstrumentationActivityInvoker$EmptyActivity#155448 parentId=155445} 1 children}
03-02 00:57:01.009  1507  2393 I SurfaceFlinger: id=155451 createSurf, flag=24000, Surface(name=a5d3a68 StatusBar)/@0xd5726d6 - animation-leash of insets_animation#155451
03-02 00:57:01.010  2013  4845 I SystemKeyManager: requested systemKeyInfo size=1 focusedWindow=com.podcast.app.debug.test/androidx.test.core.app.InstrumentationActivityInvoker$EmptyActivity
03-02 00:57:01.010  2013  4845 I SystemKeyManager: requested systemKeyInfo size=2 focusedWindow=com.podcast.app.debug.test/androidx.test.core.app.InstrumentationActivityInvoker$EmptyActivity
03-02 00:57:01.011  2013  4845 I WindowManager: Relayout hash=5373307, pid=17532, syncId=-1: mAttrs={(0,0)(fillxfill) sim={adjust=pan forwardNavigation} layoutInDisplayCutoutMode=always ty=BASE_APPLICATION
03-02 00:57:01.011  2013  4845 I WindowManager:   fl=81810100
03-02 00:57:01.011  2013  4845 I WindowManager:   pfl=100088c0
03-02 00:57:01.011  2013  4845 I WindowManager:   bhv=1
03-02 00:57:01.011  2013  4845 I WindowManager:   fitSides=0
03-02 00:57:01.011  2013  4845 I WindowManager:   frameRateBoostOnTouch=true
03-02 00:57:01.011  2013  4845 I WindowManager:   dvrrWindowFrameRateHint=true naviIconColor=0}
03-02 00:57:01.012 17532 17532 D BufferQueueConsumer: [](id:447c00000004,api:0,p:-1,c:17532) connect: controlledByApp=false
03-02 00:57:01.012 17532 17532 I BLASTBufferQueue: [VRI[InstrumentationActivityInvoker$EmptyActivity]@f43bae0#4](f:0,a:0,s:0) constructor()
03-02 00:57:01.013 17532 17532 I BLASTBufferQueue_Java: new BLASTBufferQueue, mName= VRI[InstrumentationActivityInvoker$EmptyActivity]@f43bae0 mNativeObject= 0xb400007876b9a000 caller= android.view.ViewRootImpl.updateBlastSurfaceIfNeeded:3585 android.view.ViewRootImpl.relayoutWindow:11685 android.view.ViewRootImpl.performTraversals:4804 android.view.ViewRootImpl.doTraversal:3924 android.view.ViewRootImpl$TraversalRunnable.run:12903 android.view.Choreographer$CallbackRecord.run:1901 android.view.Choreographer$CallbackRecord.run:1910 android.view.Choreographer.doCallbacks:1367 android.view.Choreographer.doFrame:1292 android.view.Choreographer$FrameDisplayEventReceiver.run:1870
03-02 00:57:01.013 17532 17532 I BLASTBufferQueue_Java: update, w= 1080 h= 2340 mName = VRI[InstrumentationActivityInvoker$EmptyActivity]@f43bae0 mNativeObject= 0xb400007876b9a000 sc.mNativeObject= 0xb400007876b2dc80 format= -1 caller= android.view.ViewRootImpl.updateBlastSurfaceIfNeeded:3590 android.view.ViewRootImpl.relayoutWindow:11685 android.view.ViewRootImpl.performTraversals:4804 android.view.ViewRootImpl.doTraversal:3924 android.view.ViewRootImpl$TraversalRunnable.run:12903 android.view.Choreographer$CallbackRecord.run:1901
03-02 00:57:01.013 17532 17532 I BLASTBufferQueue: [VRI[InstrumentationActivityInvoker$EmptyActivity]@f43bae0#4](f:0,a:0,s:0) update width=1080 height=2340 format=-1 mTransformHint=0
03-02 00:57:01.013 17532 17532 I VRI[InstrumentationActivityInvoker$EmptyActivity]@f43bae0: Relayout returned: old=(0,0,1080,2340) new=(0,0,1080,2340) relayoutAsync=false req=(1080,2340)0 dur=9 res=0x3 s={true 0xb4000078340b4e00} ch=true seqId=0
03-02 00:57:01.015 17532 17532 I VRI[InstrumentationActivityInvoker$EmptyActivity]@f43bae0: performConfigurationChange setNightDimText nightDimLevel=0
03-02 00:57:01.016 17532 17532 D VRI[InstrumentationActivityInvoker$EmptyActivity]@f43bae0: mThreadedRenderer.initialize() mSurface={isValid=true 0xb4000078340b4e00} hwInitialized=true
03-02 00:57:01.016  2746  2870 I BLASTBufferQueue: [VRI[test]@bb7e6c#7678](f:0,a:0,s:0) onFrameAvailable the first frame is available
03-02 00:57:01.017 17532 17532 D VRI[InstrumentationActivityInvoker$EmptyActivity]@f43bae0: reportNextDraw android.view.ViewRootImpl.performTraversals:5443 android.view.ViewRootImpl.doTraversal:3924 android.view.ViewRootImpl$TraversalRunnable.run:12903 android.view.Choreographer$CallbackRecord.run:1901 android.view.Choreographer$CallbackRecord.run:1910
03-02 00:57:01.017  2746  2870 I BLASTBufferQueue: [VRI[test]@bb7e6c#7678](f:0,a:1,s:0) acquireNextBufferLocked size=1080x2340 mFrameNumber=1 applyTransaction=true mTimestamp=491100017339655(auto) mPendingTransactions.size=0 graphicBufferId=11793980283217 transform=0
03-02 00:57:01.017 17532 17532 D VRI[InstrumentationActivityInvoker$EmptyActivity]@f43bae0: Setup new sync=wmsSync-VRI[InstrumentationActivityInvoker$EmptyActivity]@f43bae0#8
03-02 00:57:01.017 17532 17532 I VRI[InstrumentationActivityInvoker$EmptyActivity]@f43bae0: Creating new active sync group VRI[InstrumentationActivityInvoker$EmptyActivity]@f43bae0#9
03-02 00:57:01.017 17532 17532 D VRI[InstrumentationActivityInvoker$EmptyActivity]@f43bae0: registerCallbacksForSync syncBuffer=false
03-02 00:57:01.018  1507  1507 I SurfaceFlinger: [Surface(name=c536234 NavigationBar0)/@0xfac847b - animation-leash of insets_animation#155450] attach to parent LayerHierarchy{RequestedLayerState{WindowToken{5cf38d1 type=2019 android.os.BinderProxy@916675b}#101 parentId=34} 2 children}
03-02 00:57:01.018  1507  1507 I SurfaceFlinger: [Surface(name=a5d3a68 StatusBar)/@0xd5726d6 - animation-leash of insets_animation#155451] attach to parent LayerHierarchy{RequestedLayerState{WindowToken{d05298b type=2000 android.os.BinderProxy@163b705}#108 parentId=17} 2 children}
03-02 00:57:01.019 17532 17581 D VRI[InstrumentationActivityInvoker$EmptyActivity]@f43bae0: Received frameDrawingCallback syncResult=0 frameNum=1.
03-02 00:57:01.019 17532 17581 I VRI[InstrumentationActivityInvoker$EmptyActivity]@f43bae0: mWNT: t=0xb40000783aba4e00 mBlastBufferQueue=0xb400007876b9a000 fn= 1 HdrRenderState mRenderHdrSdrRatio=1.0 caller= android.view.ViewRootImpl$12.onFrameDraw:15441 android.view.ThreadedRenderer$1.onFrameDraw:718 <bottom of call stack>
03-02 00:57:01.019 17532 17581 I VRI[InstrumentationActivityInvoker$EmptyActivity]@f43bae0: Setting up sync and frameCommitCallback
03-02 00:57:01.020  2013  2065 D PkgPredictorService-SecIpmManagerServiceImpl: onForegroundActivitiesChanged pid:17532 uid:10687
03-02 00:57:01.020 17532 17563 I BLASTBufferQueue: [VRI[InstrumentationActivityInvoker$EmptyActivity]@f43bae0#4](f:0,a:0,s:0) onFrameAvailable the first frame is available
03-02 00:57:01.021 17532 17563 I BLASTBufferQueue: [VRI[InstrumentationActivityInvoker$EmptyActivity]@f43bae0#4](f:0,a:1,s:0) acquireNextBufferLocked size=1080x2340 mFrameNumber=1 applyTransaction=true mTimestamp=491100021442501(auto) mPendingTransactions.size=0 graphicBufferId=75299366633488 transform=0
03-02 00:57:01.021 17532 17563 I VRI[InstrumentationActivityInvoker$EmptyActivity]@f43bae0: Received frameCommittedCallback lastAttemptedDrawFrameNum=1 didProduceBuffer=true
03-02 00:57:01.021 17532 17563 D HWUI    : CFMS:: SetUp Pid : 17532    Tid : 17563
03-02 00:57:01.022 25915 26075 I Rubin   : [4019] M.c0.k(Unknown Source) : Notify com.samsung.android.rubin.inferenceengine.contextanalytics.engine.loggers.AppUsageLogger's database is updated.
03-02 00:57:01.022 17532 17532 D VRI[InstrumentationActivityInvoker$EmptyActivity]@f43bae0: reportDrawFinished seqId=0
03-02 00:57:01.024  2746  2870 I VRI[test]@bb7e6c: Received frameCommittedCallback lastAttemptedDrawFrameNum=1 didProduceBuffer=true
03-02 00:57:01.025  2013  2027 I SemDvfsHyPerManager: acquire hyper - AMS_RESUME_TAIL/2013@18, type = -999
03-02 00:57:01.025  2013  2027 I SemDvfsHyPerManager: acquire hyper - AMS_ACT_LAZY/2013@19, type = -999
03-02 00:57:01.025  1464  1492 I mtkpower@impl: [setMode] type:5, enabled:0
03-02 00:57:01.025  1450  1487 I HYPER-HAL: [RequestManager.cpp]acquire(): Acquired ID : 2063514  [2013 / 18]    HINT : AMS_RESUME_TAIL    list :
03-02 00:57:01.026  1450  1487 I mtkpower_client: perf_lock_rel, hdl:76282, pid: 1450, tid:1487
03-02 00:57:01.026  1450  1487 I mtkpower_client: perf_lock_acq, hdl:0, dur:0, num:2, pid:1450, tid:1487
03-02 00:57:01.026  1464  1529 I libPowerHal: [perfLockRel] hdl:76282, idx:7
03-02 00:57:01.027  1464  1529 I libPowerHal: [set_cpuidle] enable:1, fd:17, scn:0xb40000737b6173c8
03-02 00:57:01.027  1464  1529 I libPowerHal: [PD] vendor.samsung. update cmd:1c3c100 param:1 pr:6
03-02 00:57:01.027  1464  1529 I libPowerHal: [perfLockRel] Done for hdl : 76282
03-02 00:57:01.027  1450  1487 I mtkpower_client: ret_hdl:76285
03-02 00:57:01.028  1450  1487 I mtkpower_client: perf_lock_rel, hdl:76284, pid: 1450, tid:1487
03-02 00:57:01.028  1464  1529 I libPowerHal: [perfLockAcq] idx:2 hdl:76285 hint:-1 pid:1450 tid:1487 duration:0 lock_user:vendor.samsung. => ret_hdl:76285
03-02 00:57:01.028  1464  1529 I libPowerHal: [set_cpuidle] enable:0, fd:17, scn:0xb40000737b607270
03-02 00:57:01.028  1464  1529 I libPowerHal: [get_cpu_dma_latency_value] 0
03-02 00:57:01.028  1464  1529 I libPowerHal: [PE] vendor.samsung. update cmd:1c3c100 param:0 pr:3
03-02 00:57:01.028  1464  1529 I libPowerHal: [perfLockAcq] Done for hdl : 76285
03-02 00:57:01.028  2013  3282 V PkgPredictorService-SecIpmManagerServiceImpl: discard foreground app:com.podcast.app.debug.test 1|true
03-02 00:57:01.029  1450  1487 I mtkpower_client: perf_lock_acq, hdl:0, dur:0, num:2, pid:1450, tid:1487
03-02 00:57:01.029  1464  1529 I libPowerHal: [perfLockRel] hdl:76284, idx:5
03-02 00:57:01.030  1464  1529 I libPowerHal: [PD] vendor.samsung. update cmd:1000000 param:-1 pr:6
03-02 00:57:01.030  1507  1507 I SurfaceFlinger: [LayerHierarchy{RequestedLayerState{c536234 NavigationBar0#102 parentId=155450} 1 children}] reparent to LayerHierarchy{RequestedLayerState{Surface(name=c536234 NavigationBar0)/@0xfac847b - animation-leash of insets_animation#155450 parentId=101} 1 children}
03-02 00:57:01.030  1507  1507 I SurfaceFlinger: [LayerHierarchy{RequestedLayerState{a5d3a68 StatusBar#109 parentId=155451} 1 children}] reparent to LayerHierarchy{RequestedLayerState{Surface(name=a5d3a68 StatusBar)/@0xd5726d6 - animation-leash of insets_animation#155451 parentId=108} 1 children}
03-02 00:57:01.030  1507  1507 I SurfaceFlinger: [LayerHierarchy{RequestedLayerState{Surface(name=c536234 NavigationBar0)/@0xfac847b - animation-leash of insets_animation#155436} no children}] reparent to OffscreenRoot
03-02 00:57:01.030  1507  1507 I SurfaceFlinger: [LayerHierarchy{RequestedLayerState{Surface(name=c536234 NavigationBar0)/@0xfac847b - animation-leash of insets_animation#155436} no children}] RelativeParent to null
03-02 00:57:01.030  1507  1507 I SurfaceFlinger: [LayerHierarchy{RequestedLayerState{Surface(name=a5d3a68 StatusBar)/@0xd5726d6 - animation-leash of insets_animation#155437} no children}] reparent to OffscreenRoot
03-02 00:57:01.030  1507  1507 I SurfaceFlinger: [LayerHierarchy{RequestedLayerState{Surface(name=a5d3a68 StatusBar)/@0xd5726d6 - animation-leash of insets_animation#155437} no children}] RelativeParent to null
03-02 00:57:01.030  1646  5384 I CameraService: onUidStateChanged: uid=10492, procState is changed. (10 -> 19)
03-02 00:57:01.030  1464  1529 I libPowerHal: [perfLockRel] Done for hdl : 76284
03-02 00:57:01.030  1450  1487 I mtkpower_client: ret_hdl:76286
03-02 00:57:01.031  1464  1529 I libPowerHal: [perfLockAcq] idx:5 hdl:76286 hint:-1 pid:1450 tid:1487 duration:0 lock_user:vendor.samsung. => ret_hdl:76286
03-02 00:57:01.031  1450  1487 I mtkpower_client: perf_lock_rel, hdl:76286, pid: 1450, tid:1487
03-02 00:57:01.031  1464  1529 I libPowerHal: [setDvfsrcDevFreqOpp] opp:0, freq:4266000000
03-02 00:57:01.031  1464  1529 I libPowerHal: [PE] vendor.samsung. update cmd:1000000 param:0 pr:3
03-02 00:57:01.031  1464  1529 I libPowerHal: [perfLockAcq] Done for hdl : 76286
03-02 00:57:01.031  1450  1487 I mtkpower_client: perf_lock_acq, hdl:0, dur:0, num:2, pid:1450, tid:1487
03-02 00:57:01.031  1464  1529 I libPowerHal: [perfLockRel] hdl:76286, idx:5
03-02 00:57:01.032  1464  1529 I libPowerHal: [PD] vendor.samsung. update cmd:1000000 param:-1 pr:6
03-02 00:57:01.032  1464  1529 I libPowerHal: [perfLockRel] Done for hdl : 76286
03-02 00:57:01.033  1450  1487 I mtkpower_client: ret_hdl:76287
03-02 00:57:01.033  1450  1487 I mtkpower_client: perf_lock_rel, hdl:76283, pid: 1450, tid:1487
03-02 00:57:01.033  1464  1529 I libPowerHal: [perfLockAcq] idx:5 hdl:76287 hint:-1 pid:1450 tid:1487 duration:0 lock_user:vendor.samsung. => ret_hdl:76287
03-02 00:57:01.033  1464  1529 I libPowerHal: [setDvfsrcDevFreqOpp] opp:0, freq:4266000000
03-02 00:57:01.033  1464  1529 I libPowerHal: [PE] vendor.samsung. update cmd:1000000 param:0 pr:3
03-02 00:57:01.033  1464  1529 I libPowerHal: [perfLockAcq] Done for hdl : 76287
03-02 00:57:01.034  1450  1487 I mtkpower_client: perf_lock_acq, hdl:0, dur:0, num:2, pid:1450, tid:1487
03-02 00:57:01.034  1464  1529 I libPowerHal: [perfLockRel] hdl:76283, idx:8
03-02 00:57:01.035  1464  1529 I libPowerHal: [PD] vendor.samsung. update cmd:400000 param:-1 pr:6
