03-02 00:57:43.770  1507  1562 I SurfaceFlinger: onHandleDestroyed: layerId=156822, name=Surface(name=c536234 NavigationBar0)/@0xfac847b - animation-leash of insets_animation#156822
03-02 00:57:43.770  1507  1562 I SurfaceFlinger: id=156822 Removed Surface(name=c536234 NavigationBar0)/@0xfac847b - animation-leash of insets_animation#156822 (333)
03-02 00:57:43.770  1507  2393 I SurfaceFlinger: onHandleDestroyed: layerId=156823, name=Surface(name=a5d3a68 StatusBar)/@0xd5726d6 - animation-leash of insets_animation#156823
03-02 00:57:43.770  1507  2393 I SurfaceFlinger: id=156823 Removed Surface(name=a5d3a68 StatusBar)/@0xd5726d6 - animation-leash of insets_animation#156823 (333)
03-02 00:57:43.771 14252 14273 I BadgeProvider: update, [calling package]: com.sec.android.provider.badge, [uri]: content://com.sec.badge/apps, [uri.query]: null, [BadgeCount]: badgecount=0, [UpdateCount]: 1
03-02 00:57:43.771 14252 14273 I BadgeCountReceiver: UpdateTask END: PendingResult hashCode: 212722937
03-02 00:57:43.771  1696  1756 E VPUD    : [info] H265_fillGeneralBuf: bIsHDR10plus 0 bIsCUVAHDR 0 u4MetaDataRawSize 0
03-02 00:57:43.774  1507  1507 I SurfaceFlinger: destroyed Surface(name=a5d3a68 StatusBar)/@0xd5726d6 - animation-leash of insets_animation#156823
03-02 00:57:43.774  1507  1507 I SurfaceFlinger: destroyed Surface(name=c536234 NavigationBar0)/@0xfac847b - animation-leash of insets_animation#156822
03-02 00:57:43.775  3202  3386 I HoneySpace.TopTaskSource: onTaskMovedToFront : taskId = 44543, displayId = 0
03-02 00:57:43.775  1507  1507 I Layer   : id=156823 Destroyed Surface(name=a5d3a68 StatusBar)/@0xd5726d6 - animation-leash of insets_animation#156823
03-02 00:57:43.775  1507  1507 I Layer   : id=156822 Destroyed Surface(name=c536234 NavigationBar0)/@0xfac847b - animation-leash of insets_animation#156822
03-02 00:57:43.776  1696  1756 I VPUD    : == vdec_codec_msg_handler() == msg_id = 0xA001, codec_id = 1
03-02 00:57:43.776 14885 15423 I BLASTBufferQueue: [VRI[SplashActivity]@35f4eb8#141](f:0,a:0,s:0) onFrameAvailable the first frame is available
03-02 00:57:43.777 14885 15423 I BLASTBufferQueue: [VRI[SplashActivity]@35f4eb8#141](f:0,a:1,s:0) acquireNextBufferLocked size=1080x2340 mFrameNumber=1 applyTransaction=true mTimestamp=491142777275119(auto) mPendingTransactions.size=0 graphicBufferId=63930588202264 transform=0
03-02 00:57:43.777  1696  1756 E VPUD    : [info] H265_fillGeneralBuf: bIsHDR10plus 0 bIsCUVAHDR 0 u4MetaDataRawSize 0
03-02 00:57:43.777 14885 15423 I VRI[SplashActivity]@35f4eb8: Received frameCommittedCallback lastAttemptedDrawFrameNum=1 didProduceBuffer=true
03-02 00:57:43.777  3202  3977 I HoneySpace.RecentTasks: onRecentTasksChanged
03-02 00:57:43.777  3202  3390 I HoneySpace.TopTaskUseCase: topTasks 44543 ComponentInfo{com.zhiliaoapp.musically/com.ss.android.ugc.aweme.main.MainActivity}[displayId=0]
03-02 00:57:43.778  1445  2902 W C2MtkBufferManager: [0xB4000070F507E520] fetchNewCcBlock: wait fence 0x0xb4000070f5058270 timed out. ret 110
03-02 00:57:43.778 14885 14885 D VRI[SplashActivity]@35f4eb8: reportDrawFinished seqId=0
03-02 00:57:43.778 14885 14885 D BBA2    : setIsFg isFg = false; delayValue 3999ms
03-02 00:57:43.779  1446  1498 I SensorsHub: LightSensor: lux = 16, time = 767680166395325
03-02 00:57:43.782 14252 14261 I BadgeProvider: query, [calling package]: com.sec.android.app.launcher, [selection]: null
03-02 00:57:43.782 14636 14636 D WM-WorkerWrapper: Starting work for com.urbanairship.job.AirshipWorker
03-02 00:57:43.783  1696  1756 I VPUD    : == vdec_codec_msg_handler() == msg_id = 0xA001, codec_id = 1
03-02 00:57:43.783 14636 14636 V Ana Vodafone - UALib: AirshipWorker - Running job: JobInfo{action='ACTION_UPDATE_CHANNEL', airshipComponentName='com.urbanairship.channel.AirshipChannel', isNetworkAccessRequired=true, minDelayMs=0, conflictStrategy=2, initialBackOffMs=30000, extras={}, rateLimitIds=[]}, work Id: f23029b8-b7a3-4a93-aaf6-b7c7a26dfe9e run attempt: 326
03-02 00:57:43.783 14636 14636 V Ana Vodafone - UALib: JobDispatcher - Running job: JobInfo{action='ACTION_UPDATE_CHANNEL', airshipComponentName='com.urbanairship.channel.AirshipChannel', isNetworkAccessRequired=true, minDelayMs=0, conflictStrategy=2, initialBackOffMs=30000, extras={}, rateLimitIds=[]}, run attempt: 326
03-02 00:57:43.784  1696  1756 E VPUD    : [info] H265_fillGeneralBuf: bIsHDR10plus 0 bIsCUVAHDR 0 u4MetaDataRawSize 0
03-02 00:57:43.785  1507  1507 I SurfaceFlinger: RequestedLayer [68eb87 SurfaceView[com.zhiliaoapp.mu[...]weme.splash.SplashActivity]@0#156828] hidden!! flag  from(1) --> to(0)
03-02 00:57:43.785  1507  1507 I SurfaceFlinger: RequestedLayer [7086fb SurfaceView[com.zhiliaoapp.mu[...]weme.splash.SplashActivity]@0#156831] hidden!! flag  from(1) --> to(0)
03-02 00:57:43.785  1507  1507 I SurfaceFlinger: RequestedLayer [836459b SurfaceView[com.zhiliaoapp.m[...]weme.splash.SplashActivity]@0#156834] hidden!! flag  from(1) --> to(0)
03-02 00:57:43.785  1507  1507 I SurfaceFlinger: RequestedLayer [Bounds for - com.zhiliaoapp.musicall[...]weme.splash.SplashActivity@33#156827] hidden!! flag  from(1) --> to(0)
03-02 00:57:43.785  1507  1507 I SurfaceFlinger: RequestedLayer [Background for 68eb87 SurfaceView[co[...]weme.splash.SplashActivity]@0#156830] hidden!! flag  from(1) --> to(0)
03-02 00:57:43.785  1507  1507 I SurfaceFlinger: RequestedLayer [Background for 7086fb SurfaceView[co[...]weme.splash.SplashActivity]@0#156833] hidden!! flag  from(1) --> to(0)
03-02 00:57:43.785  1507  1507 I SurfaceFlinger: RequestedLayer [Background for 836459b SurfaceView[c[...]weme.splash.SplashActivity]@0#156836] hidden!! flag  from(1) --> to(0)
03-02 00:57:43.785  1507  1507 I SurfaceFlinger: [LayerHierarchy{RequestedLayerState{Background for 836459b SurfaceView[com.zhiliaoapp.musically/com.ss.android.ugc.aweme.splash.SplashActivity]@0#156836 parentId=156834 relativeParentId=156824 z=-2147483648} no children}] RelativeParent to LayerHierarchy{RequestedLayerState{com.zhiliaoapp.musically/com.ss.android.ugc.aweme.splash.SplashActivity$_14885#156824 parentId=155210} 2 children}
03-02 00:57:43.785  1507  1507 I SurfaceFlinger: [LayerHierarchy{RequestedLayerState{68eb87 SurfaceView[com.zhiliaoapp.musically/com.ss.android.ugc.aweme.splash.SplashActivity]@0#156828 parentId=156827 relativeParentId=156824 z=-2} 2 children}] RelativeParent to LayerHierarchy{RequestedLayerState{com.zhiliaoapp.musically/com.ss.android.ugc.aweme.splash.SplashActivity$_14885#156824 parentId=155210} 3 children}
03-02 00:57:43.785  1507  1507 I SurfaceFlinger: [LayerHierarchy{RequestedLayerState{Background for 68eb87 SurfaceView[com.zhiliaoapp.musically/com.ss.android.ugc.aweme.splash.SplashActivity]@0#156830 parentId=156828 relativeParentId=156824 z=-2147483648} no children}] RelativeParent to LayerHierarchy{RequestedLayerState{com.zhiliaoapp.musically/com.ss.android.ugc.aweme.splash.SplashActivity$_14885#156824 parentId=155210} 4 children}
03-02 00:57:43.785  1507  1507 I SurfaceFlinger: [LayerHierarchy{RequestedLayerState{7086fb SurfaceView[com.zhiliaoapp.musically/com.ss.android.ugc.aweme.splash.SplashActivity]@0#156831 parentId=156827 relativeParentId=156824 z=-2} 2 children}] RelativeParent to LayerHierarchy{RequestedLayerState{com.zhiliaoapp.musically/com.ss.android.ugc.aweme.splash.SplashActivity$_14885#156824 parentId=155210} 5 children}
03-02 00:57:43.785  1507  1507 I SurfaceFlinger: [LayerHierarchy{RequestedLayerState{Background for 7086fb SurfaceView[com.zhiliaoapp.musically/com.ss.android.ugc.aweme.splash.SplashActivity]@0#156833 parentId=156831 relativeParentId=156824 z=-2147483648} no children}] RelativeParent to LayerHierarchy{RequestedLayerState{com.zhiliaoapp.musically/com.ss.android.ugc.aweme.splash.SplashActivity$_14885#156824 parentId=155210} 6 children}
03-02 00:57:43.785  1507  1507 I SurfaceFlinger: [LayerHierarchy{RequestedLayerState{836459b SurfaceView[com.zhiliaoapp.musically/com.ss.android.ugc.aweme.splash.SplashActivity]@0#156834 parentId=156827 relativeParentId=156824 z=-2} 2 children}] RelativeParent to LayerHierarchy{RequestedLayerState{com.zhiliaoapp.musically/com.ss.android.ugc.aweme.splash.SplashActivity$_14885#156824 parentId=155210} 7 children}
03-02 00:57:43.786  1696  1756 I VPUD    : == vdec_codec_msg_handler() == msg_id = 0xA001, codec_id = 1
03-02 00:57:43.787  1445 18650 I FmtStream: [0xb4000070f69f8d98] invalidate() IN: job (653864 211) (768, 1280, 24576, 12288, C12b, P1), sec0
03-02 00:57:43.787  1445 18650 I FmtStream: [0xb4000070f69f8d98] invalidate() OUT: (720, 1280, 720, 368, C8s, P1), roi: (X:0, Y:0, RW:720, RH:1280), sec0
03-02 00:57:43.787  1696  1756 E VPUD    : [info] H265_fillGeneralBuf: bIsHDR10plus 0 bIsCUVAHDR 0 u4MetaDataRawSize 0
03-02 00:57:43.788  1507  2128 I SurfaceFlinger: id=156837 createSurf, flag=84004, Transition Root: Task=44543#156837
03-02 00:57:43.789  1696  1756 I VPUD    : == vdec_codec_msg_handler() == msg_id = 0xA001, codec_id = 1
03-02 00:57:43.790  1696  1756 E VPUD    : [info] H265_fillGeneralBuf: bIsHDR10plus 0 bIsCUVAHDR 0 u4MetaDataRawSize 0
03-02 00:57:43.793  2013  2068 I SurfaceControlRegistry: show, t=StartTransaction_SyncId<11309> sc=ActivityRecord{2751228 u0 com.zhiliaoapp.musically/com.ss.android.ugc.aweme.splash.SplashActivity t44543}, caller=android.view.SurfaceControl$Transaction.show:3557 com.android.server.wm.Transition.onTransactionReady:2048 com.android.server.wm.BLASTSyncEngine$SyncGroup.finishNow:240 com.android.server.wm.BLASTSyncEngine.onSurfacePlacement:263 com.android.server.wm.RootWindowContainer.performSurfacePlacementNoTrace:1083 com.android.server.wm.WindowSurfacePlacer.performSurfacePlacement:166
03-02 00:57:43.796  1507  1507 I SurfaceFlinger: [Transition Root: Task=44543#156837] attach to parent LayerHierarchy{RequestedLayerState{DefaultTaskDisplayArea_d0#10 parentId=9} 46 children}
03-02 00:57:43.796  2013  2068 D ScreenCapture: [Capture_TEST] : setIsScreenShotBySystem false
03-02 00:57:43.797  2013  2068 I SurfaceComposerClient: captureLayers:childrenOnly:1, sync:1
03-02 00:57:43.800 14885 14885 I InsetsSourceConsumer: applyRequestedVisibilityToControl: visible=true, type=navigationBars, host=com.zhiliaoapp.musically/com.ss.android.ugc.aweme.splash.SplashActivity
03-02 00:57:43.801 14885 14885 I InsetsSourceConsumer: applyRequestedVisibilityToControl: visible=true, type=statusBars, host=com.zhiliaoapp.musically/com.ss.android.ugc.aweme.splash.SplashActivity
03-02 00:57:43.803  1484  1921 D DlbDlbEffect: handle_EFFECT_CMD_SET_DEVICE(device=0x00000002)
03-02 00:57:43.803  1484  1921 D DlbEffectContext: setDevice(00000002)
03-02 00:57:43.803  1484  1921 D DlbEndpointParamCache: setDevice(device=0x00000002)
03-02 00:57:43.803  1484  1921 D DlbDlbEffect: handle_EFFECT_CMD_SET_DEVICE(device=0x00000002)
03-02 00:57:43.803  1484  1921 D DlbSpatializerEffectContext: setDevice(00000002)
03-02 00:57:43.803  1484  1921 D DlbEndpointParamCache: setDevice(device=0x00000002)
03-02 00:57:43.803  1484  1921 D DlbDlbEffect: handle_EFFECT_CMD_SET_DEVICE(device=0x00000002)
03-02 00:57:43.803  1484  1921 D DlbEffectContext: setDevice(00000002)
03-02 00:57:43.803  1484  1921 D DlbEndpointParamCache: setDevice(device=0x00000002)
03-02 00:57:43.803  1484  1921 I AudioEffectExtendAction: setDevice_l empty address, empty name
03-02 00:57:43.804  1484  1921 V VolumeMonitor_Energy_Effect: VM_setDevice() sessionId:-2101, device:0x0x2, isBtTypeHeadset:0
03-02 00:57:43.804  1439 32089 D MTKAdapterStreamLayer: updateMetadataCommon(),
03-02 00:57:43.804  1484  1921 D DeviceHalAidl: [default] createAudioPatch: sources: 1 sinks 1
03-02 00:57:43.804  1484  1921 D Hal2AidlMapper: [default] createOrUpdatePatch: patch ID: 579, [disregard IDs] sources: [AudioPortConfig{id: 5, portId: 0, sampleRate: Int{value: 48000}, channelMask: AudioChannelLayout{layoutMask: 3}, format: AudioFormatDescription{type: PCM, pcm: INT_16_BIT, encoding: }, gain: (null), flags: AudioIoFlags{output: 8}, ext: AudioPortExt{mix: AudioPortMixExt{handle: 21, usecase: AudioPortMixExtUseCase{stream: SYS_RESERVED_DEFAULT}, maxOpenStreamCount: 0, maxActiveStreamCount: 0, recommendedMuteDurationMs: 0}}}], sinks: [AudioPortConfig{id: 3, portId: 0, sampleRate: (null), channelMask: (null), format: (null), gain: (null), flags: (null), ext: AudioPortExt{device: AudioPortDeviceExt{device: AudioDevice{type: AudioDeviceDescription{type: OUT_SPEAKER, connection: }, address: AudioDeviceAddress{id: }}, flags: 0, encodedFormats: [], encapsulationModes: 0, encapsulationMetadataTypes: 0, speakerLayout: (null)}}}]
03-02 00:57:43.804  1484  1921 I Hal2AidlMapper: findOrCreatePortConfig
03-02 00:57:43.804  1484  1921 D Hal2AidlMapper: [default] findOrCreatePortConfig: device port config does not have audio or gain config specified
03-02 00:57:43.804  1484  1921 I Hal2AidlMapper: findOrCreatePortConfig
03-02 00:57:43.804  1484  1921 I Hal2AidlMapper: findOrCreateMixPortConfig, ioHandle:21
03-02 00:57:43.804  1439 16888 D AHAL_Module: setAudioPatch: default: requested patch AudioPatch{id: 579, sourcePortConfigIds: [30], sinkPortConfigIds: [1025], minimumStreamBufferSizeFrames: 2048, latenciesMs: [85]}
03-02 00:57:43.804  1439 16888 D AudioALSAStreamManager: reduce hal buffer size 28672 -> 8192
03-02 00:57:43.804  1439 16888 D AudioALSAStreamManager: calculateOutLatencyAndFrames(), flags 0x8, latency 85, frame count 2048
03-02 00:57:43.804  1439 16888 D MTKAdapterLayer: setAudioPatch(), patch.mLatency: 85 patch.mFrameCount: 2048
03-02 00:57:43.804  1439 16888 D AudioALSAHardware: +createAudioPatch() num_sources [1] , num_sinks [1], handle [0x0], current mAudioHalPatchVector size 4
03-02 00:57:43.804  1439 16888 D AudioALSAStreamManager: +setParameters(), IOport = 21, keyValuePairs = routing=2
03-02 00:57:43.804  1439 16888 D AudioALSAStreamManager: setParameters(), Send to mStreamOutVector[1], flag 8
03-02 00:57:43.805  1439 16888 D AudioALSAStreamOut: value_str = 2 devices count = 1
03-02 00:57:43.805  1439 16888 D AudioALSAStreamOut: updatePolicyDevice(), flag: 0x8, device: 0x2
03-02 00:57:43.805  1439 16888 D AudioALSAStreamManager: getMode(), mAudioMode = 0
03-02 00:57:43.805  1439 16888 W AudioALSAStreamManager: routingOutputDevice(), flag: 0x8, output_devices == current_output_devices(0x2), return
03-02 00:57:43.805  1439 16888 D AudioIEMsController: routing(+), cur out 0x0 in 0x0, hs 0, bt 0, usb 0, device 0x2, mask 0x1, on 0
03-02 00:57:43.805  1439 16888 D AudioIEMsController: routing(-), cur out 0x0 in 0x0
03-02 00:57:43.805  1439 16888 D AudioALSAHardware: -createAudioPatch() num_sources [1] , num_sinks [1], handle [0x36d2]
03-02 00:57:43.805  1439 16888 D AHAL_Module: setAudioPatch: default: updated patch AudioPatch{id: 579, sourcePortConfigIds: [30], sinkPortConfigIds: [1025], minimumStreamBufferSizeFrames: 2048, latenciesMs: [85]}
03-02 00:57:43.805  1484  1921 D AudioFlinger: setCurDevice() 0x2
03-02 00:57:43.806  1439 32089 D AHAL_Stream: getRecommendedLatencyModes
03-02 00:57:43.806  1439 32089 D MTKAdapterStreamLayer: updateMetadataCommon(),
03-02 00:57:43.806  1484  3507 V APM_AudioPolicyManager: setOutputDevices() AF::createAudioPatch returned 0 patchHandle 111732 num_sources 1 num_sinks 1
03-02 00:57:43.809  1484  3507 V APM_AudioPolicyManager: checkAndSetVolume: output 21, stream 10, index 4, devices 0x2, volume 0.017783, delayMs 0, muted false
03-02 00:57:43.809  1484  3507 V APM_AudioPolicyManager: checkAndSetVolume: output 21, stream 9, index 3, devices 0x2, volume 0.105925, delayMs 0, muted false
03-02 00:57:43.809  1484  3507 V APM_AudioPolicyManager: checkAndSetVolume: output 21, stream 8, index 8, devices 0x2, volume 0.089125, delayMs 0, muted false
03-02 00:57:43.812  1484  3507 V APM_AudioPolicyManager: checkAndSetVolume: output 21, stream 5, index 9, devices 0x2, volume 0.141254, delayMs 0, muted false
03-02 00:57:43.813  1484  3507 V APM_AudioPolicyManager: checkAndSetVolume: output 21, stream 4, index 11, devices 0x2, volume 0.223872, delayMs 0, muted false
03-02 00:57:43.814  1484  3507 V APM_AudioPolicyManager: checkAndSetVolume: output 21, stream 3, index 3, devices 0x2, volume 0.010300, delayMs 0, muted false
03-02 00:57:43.815  1484  3507 V APM_AudioPolicyManager: checkAndSetVolume: output 21, stream 2, index 8, devices 0x2, volume 0.112202, delayMs 0, muted false
03-02 00:57:43.816  1484  3507 V APM_AudioPolicyManager: checkAndSetVolume: output 21, stream 1, index 7, devices 0x2, volume 0.125893, delayMs 0, muted false
03-02 00:57:43.818  1484  3507 V APM_AudioPolicyManager: checkAndSetVolume: output 21, stream 0, index 8, devices 0x2, volume 1.000000, delayMs 0, muted false
03-02 00:57:43.818  1507  1507 I BufferQueueProducer: [com.podcast.app.debug/androidx.activity.ComponentActivity$_17121#156803](this:0xb400007a17c16638,id:-1,api:0,p:-1,c:1507) queueBuffer: fps=24.54 dur=1018.64 max=710.76 min=5.69
03-02 00:57:43.819  1507  1563 I SurfaceFlinger: Capture layer list: 	 com.podcast.app.debug.test/androidx.test.core.app.InstrumentationActivityInvoker$EmptyActivity$_17532#156817(seamlessTransition:0)
03-02 00:57:43.819  1507  1563 I SurfaceFlinger: Capture layer list: 	 Splash Screen com.podcast.app.debug.test$_2746#156815(seamlessTransition:0)
03-02 00:57:43.820  1484  3507 V APM_AudioPolicyManager: checkAndSetVolume: output 21, stream 11, index 15, devices 0x2, volume 1.000000, delayMs 0, muted false
03-02 00:57:43.820  1484  3507 V APM_AudioPolicyManager: checkAndSetVolume: output 21, stream 3, index 3, devices 0x2, volume 0.010300, delayMs 0, muted false
03-02 00:57:43.822  1484  3507 I AudioFlinger: updateStageIndex new -2102
03-02 00:57:43.822  1446  1498 I SensorsHub: LightSensor: lux = 15, time = 767680206373471
03-02 00:57:43.823  1484 24378 D NativePermissionController: checkPermission: missing 13 for 10248
03-02 00:57:43.823  1484  5506 D NativePermissionController: checkPermission: missing 13 for 10130
03-02 00:57:43.823  1484 28718 D NativePermissionController: checkPermission: missing 13 for 10351
03-02 00:57:43.824  1484  1566 D NativePermissionController: checkPermission: missing 13 for 10492
03-02 00:57:43.824  1484  1921 D DlbEffectContext: setParam() received parameter EFFECT_PARAM_SEEK
03-02 00:57:43.824  1484  2000 D NativePermissionController: checkPermission: missing 13 for 10476
03-02 00:57:43.824  1484  1921 D DlbEffectContext: handleSeek(seek operation ends, restore profile to 2)
03-02 00:57:43.824  1484  1921 D DlbEffectContext: applySpecificParams() Reset some user specific parameters
03-02 00:57:43.824  1484  1921 D DlbProfileParamCache: resetParam(param=dvla)
03-02 00:57:43.824  1484  1921 D DlbProfileParamArray: getProfileParams(profile = 2)
03-02 00:57:43.824  1484  1921 D DlbProfileParamCache: resetParam() resend the parameter value got from xml.
03-02 00:57:43.824  1484  1921 D DlbProfileParamCache: resetParam() resend the parameter value got from xml.
03-02 00:57:43.824  1484  1921 D DlbProfileParamCache: resetParam() resend the parameter value got from xml.
03-02 00:57:43.824  1484  1921 D DlbProfileParamCache: resetParam() resend the parameter value got from xml.
03-02 00:57:43.824  1484  1921 D DlbProfileParamCache: resetParam() resend the parameter value got from xml.
03-02 00:57:43.824  1484  1921 D DlbProfileParamCache: resetParam() resend the parameter value got from xml.
03-02 00:57:43.824  1484  1921 D DlbProfileParamCache: resetParam() resend the parameter value got from xml.
03-02 00:57:43.824  1484  1921 D DlbEndpointParamCache: commitChangedParams()
03-02 00:57:43.824  1484  1921 D DlbEndpointParamCache: commit() Applying parameters for device 0x40000000
03-02 00:57:43.824  1484  1921 D DlbEndpointParamCache: doCommit() Committed 0 parameters out of 15.
03-02 00:57:43.824  1484  1921 D DlbEndpointParamCache: commit() Overriding parameters for current device 0x00000002
03-02 00:57:43.824  1484  1921 D DlbDap2Process: setParam(dvla = #1[0])
03-02 00:57:43.824  1484  1921 D DlbEndpointParamCache: doCommit() Committed 1 parameters out of 60.
03-02 00:57:43.824  1484  1921 D DlbProfileParamCache: resetParam(param=dvli)
03-02 00:57:43.824  1484  1921 D DlbProfileParamArray: getProfileParams(profile = 2)
03-02 00:57:43.824  1484  1921 D DlbProfileParamCache: resetParam() resend the parameter value got from xml.
03-02 00:57:43.824  1484  1921 D DlbProfileParamCache: resetParam() resend the parameter value got from xml.
03-02 00:57:43.824  1484  1921 D DlbProfileParamCache: resetParam() resend the parameter value got from xml.
03-02 00:57:43.824  1484  1921 D DlbProfileParamCache: resetParam() resend the parameter value got from xml.
03-02 00:57:43.824  1484  1921 D DlbProfileParamCache: resetParam() resend the parameter value got from xml.
03-02 00:57:43.824  1484  1921 D DlbProfileParamCache: resetParam() resend the parameter value got from xml.
03-02 00:57:43.824  1484  1921 D DlbProfileParamCache: resetParam() resend the parameter value got from xml.
03-02 00:57:43.824  1484  1921 D DlbEndpointParamCache: commitChangedParams()
03-02 00:57:43.824  1484  1921 D DlbEndpointParamCache: commit() Applying parameters for device 0x40000000
03-02 00:57:43.824  1484  1921 D DlbEndpointParamCache: doCommit() Committed 0 parameters out of 15.
03-02 00:57:43.824  1484  1921 D DlbEndpointParamCache: commit() Overriding parameters for current device 0x00000002
03-02 00:57:43.824  1484  1921 D DlbDap2Process: setParam(dvli = #1[-256])
03-02 00:57:43.824  1484  1921 D DlbEndpointParamCache: doCommit() Committed 1 parameters out of 60.
03-02 00:57:43.824  1484  1921 D DlbProfileParamCache: resetParam(param=dvlo)
03-02 00:57:43.824  1484  1921 D DlbProfileParamArray: getProfileParams(profile = 2)
03-02 00:57:43.824  1484  1921 D DlbProfileParamCache: resetParam() resend the parameter value got from xml.
03-02 00:57:43.824  1484  1921 D DlbProfileParamCache: resetParam() resend the parameter value got from xml.
03-02 00:57:43.824  1484  1921 D DlbProfileParamCache: resetParam() resend the parameter value got from xml.
03-02 00:57:43.824  1484  1921 D DlbProfileParamCache: resetParam() resend the parameter value got from xml.
03-02 00:57:43.824  1484  1921 D DlbProfileParamCache: resetParam() resend the parameter value got from xml.
03-02 00:57:43.824  1484  1921 D DlbProfileParamCache: resetParam() resend the parameter value got from xml.
03-02 00:57:43.824  1484  1921 D DlbProfileParamCache: resetParam() resend the parameter value got from xml.
03-02 00:57:43.824  1484  1921 D DlbEndpointParamCache: commitChangedParams()
03-02 00:57:43.824  1484  1921 D DlbEndpointParamCache: commit() Applying parameters for device 0x40000000
03-02 00:57:43.824  1484  1921 D DlbEndpointParamCache: doCommit() Committed 0 parameters out of 15.
03-02 00:57:43.824  1484  1921 D DlbEndpointParamCache: commit() Overriding parameters for current device 0x00000002
03-02 00:57:43.824  1484  1921 D DlbDap2Process: setParam(dvlo = #1[-224])
03-02 00:57:43.824  1484  1921 D DlbEndpointParamCache: doCommit() Committed 1 parameters out of 60.
03-02 00:57:43.824  1484  1921 D DlbProfileParamCache: resetParam(param=vmb)
03-02 00:57:43.824  1484  1921 D DlbProfileParamArray: getProfileParams(profile = 2)
03-02 00:57:43.824  1484  1921 D DlbProfileParamCache: resetParam() resend the parameter value got from xml.
03-02 00:57:43.824  1484  1921 D DlbProfileParamCache: resetParam() resend the parameter value got from xml.
03-02 00:57:43.824  1484  1921 D DlbProfileParamCache: resetParam() resend the parameter value got from xml.
03-02 00:57:43.824  1484  1921 D DlbProfileParamCache: resetParam() resend the parameter value got from xml.
03-02 00:57:43.824  1484  1921 D DlbProfileParamCache: resetParam() resend the parameter value got from xml.
03-02 00:57:43.824  1484  1921 D DlbProfileParamCache: resetParam() resend the parameter value got from xml.
03-02 00:57:43.824  1484  1921 D DlbProfileParamCache: resetParam() resend the parameter value got from xml.
03-02 00:57:43.824  1484  1921 D DlbEndpointParamCache: commitChangedParams()
03-02 00:57:43.824  1484  1921 D DlbEndpointParamCache: commit() Applying parameters for device 0x40000000
03-02 00:57:43.824  1484  1921 D DlbEndpointParamCache: doCommit() Committed 0 parameters out of 15.
03-02 00:57:43.824  1484  1921 D DlbEndpointParamCache: commit() Overriding parameters for current device 0x00000002
03-02 00:57:43.824  1484  1921 D DlbDap2Process: setParam(vmb = #1[0])
03-02 00:57:43.824  1484  1921 D DlbEndpointParamCache: doCommit() Committed 1 parameters out of 60.
03-02 00:57:43.824  1484  1921 D DlbProfileParamCache: resetParam(param=dea)
03-02 00:57:43.824  1484  1921 D DlbProfileParamArray: getProfileParams(profile = 2)
03-02 00:57:43.824  1484  1921 D DlbProfileParamCache: resetParam() resend the parameter value got from xml.
03-02 00:57:43.824  1484  1921 D DlbProfileParamCache: resetParam() resend the parameter value got from xml.
03-02 00:57:43.824  1484  1921 D DlbProfileParamCache: resetParam() resend the parameter value got from xml.
03-02 00:57:43.824  1484  1921 D DlbProfileParamCache: resetParam() resend the parameter value got from xml.
03-02 00:57:43.824  1484  1921 D DlbProfileParamCache: resetParam() resend the parameter value got from xml.
03-02 00:57:43.824  1484  1921 D DlbProfileParamCache: resetParam() resend the parameter value got from xml.
03-02 00:57:43.824  1484  1921 D DlbProfileParamCache: resetParam() resend the parameter value got from xml.
03-02 00:57:43.824  1484  1921 D DlbEndpointParamCache: commitChangedParams()
03-02 00:57:43.824  1484  1921 D DlbEndpointParamCache: commit() Applying parameters for device 0x40000000
03-02 00:57:43.824  1484  1921 D DlbEndpointParamCache: doCommit() Committed 0 parameters out of 15.
03-02 00:57:43.824  1484  1921 D DlbEndpointParamCache: commit() Overriding parameters for current device 0x00000002
03-02 00:57:43.824  1484  1921 D DlbDap2Process: setParam(dea = #1[0])
03-02 00:57:43.824  1484  1921 D DlbEndpointParamCache: doCommit() Committed 1 parameters out of 60.
03-02 00:57:43.824  1484  1921 D DlbProfileParamCache: resetParam(param=deon)
03-02 00:57:43.824  1484  1921 D DlbProfileParamArray: getProfileParams(profile = 2)
03-02 00:57:43.824  1484  1921 D DlbProfileParamCache: resetParam() resend the parameter value got from xml.
03-02 00:57:43.824  1484  1921 D DlbProfileParamCache: resetParam() resend the parameter value got from xml.
03-02 00:57:43.824  1484  1921 D DlbProfileParamCache: resetParam() resend the parameter value got from xml.
03-02 00:57:43.824  1484  1921 D DlbProfileParamCache: resetParam() resend the parameter value got from xml.
03-02 00:57:43.824  1484  1921 D DlbProfileParamCache: resetParam() resend the parameter value got from xml.
03-02 00:57:43.824  1484  1921 D DlbProfileParamCache: resetParam() resend the parameter value got from xml.
03-02 00:57:43.824  1484  1921 D DlbProfileParamCache: resetParam() resend the parameter value got from xml.
03-02 00:57:43.824  1484  1921 D DlbEndpointParamCache: commitChangedParams()
03-02 00:57:43.824  1484  1921 D DlbEndpointParamCache: commit() Applying parameters for device 0x40000000
03-02 00:57:43.824  1484  1921 D DlbEndpointParamCache: doCommit() Committed 0 parameters out of 15.
03-02 00:57:43.824  1484  1921 D DlbEndpointParamCache: commit() Overriding parameters for current device 0x00000002
03-02 00:57:43.824  1484  1921 D DlbDap2Process: setParam(deon = #1[0])
03-02 00:57:43.824  1484  1921 D DlbEndpointParamCache: doCommit() Committed 1 parameters out of 60.
03-02 00:57:43.824  1484  1921 D DlbProfileParamCache: resetParam(param=mdee)
03-02 00:57:43.824  1484  1921 D DlbProfileParamArray: getProfileParams(profile = 2)
03-02 00:57:43.824  1484  1921 D DlbProfileParamCache: resetParam() resend the parameter value got from xml.
03-02 00:57:43.824  1484  1921 D DlbEndpointParamCache: commitChangedParams()
03-02 00:57:43.824  1484  1921 D DlbEndpointParamCache: commit() Applying parameters for device 0x40000000
03-02 00:57:43.824  1484  1921 D DlbDap2Process: setParam(mdee = #1[0])
03-02 00:57:43.824  1484  1921 D DlbEndpointParamCache: doCommit() Committed 1 parameters out of 15.
03-02 00:57:43.825  1484  1921 D DlbEndpointParamCache: commit() Overriding parameters for current device 0x00000002
03-02 00:57:43.825  1484  1921 D DlbEndpointParamCache: doCommit() Committed 0 parameters out of 60.
03-02 00:57:43.825  1484  1921 D DlbEffectContext: transformExternalGain() volume:0x2A301 fVol:0.010300 extVal:-635
03-02 00:57:43.825  1484  1921 D DlbEndpointParamCache: commitChangedParams()
03-02 00:57:43.825  1484  1921 D DlbEndpointParamCache: commit() Applying parameters for device 0x40000000
03-02 00:57:43.825  1484  1921 D DlbDap2Process: setParam(preg = #1[0])
03-02 00:57:43.825  1484  1921 D DlbDap2Process: setSystemGain(vol = 0)
03-02 00:57:43.825  1484  1921 D DlbDap2Process: setParam(svol = #1[-635])
03-02 00:57:43.825  1484  1921 D DlbEndpointParamCache: doCommit() Committed 2 parameters out of 15.
03-02 00:57:43.825  1484  1921 D DlbEndpointParamCache: commit() Overriding parameters for current device 0x00000002
03-02 00:57:43.825  1484  1921 D DlbEndpointParamCache: doCommit() Committed 0 parameters out of 60.
03-02 00:57:43.825  1484  1921 I SoundBoosterEffectPlus: SB_setVolume(0xb400007075106040)
03-02 00:57:43.825  1484  1921 I SoundBoosterEffectPlus: command EFFECT_CMD_SET_VOLUME left = 0.010300, right =0.010300
03-02 00:57:43.826  1484 16929 D NativePermissionController: checkPermission: missing 13 for 10350
03-02 00:57:43.826  1484  6346 D NativePermissionController: checkPermission: missing 13 for 10492
03-02 00:57:43.827  1484  1921 I SAG_EQ a64: SetVolumeFloat() inst_num [424238335] VolumeFloat [-39.735046] mModeFW [1] mMode [1]
03-02 00:57:43.827  1484  1921 I SAG_EQ a64: mIsVolumeTableValid yes
03-02 00:57:43.827  1484  1921 I SAG_EQ a64: SetVolume() VolumeIndexInt [3]
03-02 00:57:43.827  1439 16888 D MTKAdapterStreamLayer: updateMetadataCommon(),
03-02 00:57:43.827  1484  1921 I SoundBooster_Interface2000_a64: [AE_LOG] Exe() mMode : 1,  n : 2048    VolumeIndexFloat : -39.735046 mSamplingRate : 48000
03-02 00:57:43.828  1484  1921 I SoundAlive_Interface_a64: [ 0 ][ 48000 ]FlushBuffers()
03-02 00:57:43.828  1484  1921 I SoundAlive_Interface_a64: [dB = -39.735046 ]
03-02 00:57:43.828  1439  1902 D AHAL_Stream: cycle: received command Command{start: Void{}} in writer
03-02 00:57:43.828  1484  9269 D NativePermissionController: checkPermission: missing 13 for 10248
03-02 00:57:43.828  1439  1902 D AHAL_Stream: [out|ioHandle:21] start
03-02 00:57:43.828  1439  1902 I AHAL_Stream: start()
03-02 00:57:43.828  1439  1902 W MTKAdapterStreamLayer: getStreamState(), stub == NULL
03-02 00:57:43.828  1439  1902 D AHAL_Stream: cycle: writing reply Reply{status: 0, fmqByteCount: 0, observable: Position{frames: -1, timeNs: 0}, hardware: Position{frames: -1, timeNs: -1}, latencyMs: 85, xrunFrames: 0, state: IDLE}
03-02 00:57:43.829 14885 18629 D SurfaceUtils: connecting to surface 0x6f9d395610, reason connectToSurface
03-02 00:57:43.829 14885 18629 I MediaCodec: [c2.mtk.hevc.decoder] setting surface generation to 15242321
03-02 00:57:43.829 14885 18629 D SurfaceUtils: disconnecting from surface 0x6f9d395610, reason connectToSurface(reconnect)
03-02 00:57:43.829 14885 18629 D SurfaceUtils: connecting to surface 0x6f9d395600, reason connectToSurface(reconnect-with-listener)
03-02 00:57:43.829  1439  1902 D AudioALSAStreamOut: write(), flag 0x8, usePolicyDevice/standbyByHifi: 1/0, output_devices: 0x2 -> latest policyDevice 0x2 (ori policyDevice 0x2)
03-02 00:57:43.829  1439  1902 D AudioALSAStreamManager: +syncSharedOutDevice(), originDevice/routingSharedOutDevice: 0x2/0x2, mAudioMode: 0
03-02 00:57:43.829  1439  1902 D AudioALSAStreamManager: getMode(), mAudioMode = 0
03-02 00:57:43.829  1439  1902 D AudioIEMsController: routing(+), cur out 0x0 in 0x0, hs 0, bt 0, usb 0, device 0x2, mask 0x1, on 0
03-02 00:57:43.829  1439  1902 D AudioIEMsController: routing(-), cur out 0x0 in 0x0
03-02 00:57:43.829  1439  1902 D AudioALSAUltrasoundOutOfCallController: afterOutputDeviceRouting(), output_device=0x2, mTargetOutputDevice=0x1
03-02 00:57:43.830  1439  1902 D AudioMTKGainController: setNormalVolume(), mSceneIndex = 0, stream 3, devices 0x2, index 3, mode 0x0, gainDevice 0x2
03-02 00:57:43.830  1439  1902 D AudioALSAStreamOut: open(), flags 8
03-02 00:57:43.830  1439  1902 D AudioALSAStreamManager: +createPlaybackHandler(), mAudioMode = 0, output_devices = 0x2, isMixerOut = 0, isBypassAurisys = 0, flag = 8, isIEMsSource = 0, isIEMsOn = 0
03-02 00:57:43.830  1439  1902 D AudioALSAStreamManager: needEnableVoip(), output_devices = 0x2, flags: 0x8, mAvailableOutputFlags: 0x1000e, enable: 0
03-02 00:57:43.830  1439  1902 D AudioSpeechEnhanceInfo: IsAPDMNRTuningEnable(), 0
03-02 00:57:43.830  1484  9961 D NativePermissionController: checkPermission: missing 13 for 10351
03-02 00:57:43.830 14885 18629 D GraphicsTracker: new surface in configuration: maxDequeueRequested(0), maxDequeueCommitted(24)
03-02 00:57:43.830 14885 18629 D GraphicsTracker: new surface configured with id:63930588201108 gen:15242321 maxDequeue:24
03-02 00:57:43.831  1507  1507 I BufferQueueProducer: [NavigationBar0$_2746#113](this:0xb400007a17b59e38,id:-1,api:0,p:-1,c:1507) queueBuffer: fps=27.23 dur=1432.40 max=753.39 min=9.37
03-02 00:57:43.831 14885 18629 D GraphicsTracker: maxDequeueCount is already 24
03-02 00:57:43.831 14885 18629 D Codec2Client: setOutputSurface -- generation=15242321 consumer usage=0x900
03-02 00:57:43.832 14885 18629 D SurfaceUtils: disconnecting from surface 0x6f9d394c10, reason disconnectFromSurface
03-02 00:57:43.833  1484  9573 D NativePermissionController: checkPermission: missing 13 for 10130
03-02 00:57:43.833  1439  1902 D AudioALSAPlaybackHandlerMixer: open(+), source flag 8, mDevice = 0x2, buffer_size 8192, sample_rate 48000
03-02 00:57:43.833  1439  1902 D AudioALSAPlaybackHandlerBase: CreateAurisysLibManager, ph type: 11, voip: 0, mAurisysScenario: 0
03-02 00:57:43.833  1439  1902 D aurisys_utility: input dev: 0x80000080 0x0, fmt = 0x1, fs: 48000, max fs: 48000, ch: 2, max ch: 2, ch maks: 0x3, hw_info_mask: 0x0; output dev: 0x2 0x0, fmt = 0x1, fs: 48000, max fs: 48000, ch: 2, max ch: 4, ch maks: 0x3, hw_info_mask: 0x8; task_scene: 2, audio_mode: 0, stream_type: 3, output_flags: 0x8, input_source: 0, input_flags: 0x0; network_info: 0, enhancement_feature_mask: 0x0
03-02 00:57:43.833  1484 15560 D NativePermissionController: checkPermission: missing 13 for 10476
03-02 00:57:43.833  1439  1902 D AudioUtility: setupCustomInfoStr(), custom_info = "SetAudioCustomScene=Default;", (scene = Default, vol_level = -1, bt_codec = -1, gameChatMode = -1)
03-02 00:57:43.833  1439  1902 D aurisys_utility: lib, working fs: 48000, fmt: 0x3, frame = 0, b_interleave = 1, num_ul_ref_buf_array = 0, num_dl_ref_buf_array = 0
03-02 00:57:43.833  1439  1902 D aurisys_utility: dl in[type:2], ch: 2, ch_mask: 0x3, buf fs: 48000, buf content fs: 48000, fmt: 0x3; dl out[type:3], ch: 2, ch_mask: 0x3, buf fs: 48000, buf content fs: 48000, fmt: 0x3
03-02 00:57:43.833  1439  1902 D aurisys_lib_handler: aurisys_arsi_parsing_param_file(), gProductInfo "platform=MT6789,device=a15,model=SM-A155F", file_path "/vendor/etc/audio_param", enhancement_mode 0, param_buf_size 128, data_size 128, custom_info SetAudioCustomScene=Default;
03-02 00:57:43.833  1439  1902 D aurisys_lib_handler: aurisys_arsi_create_handler(), lib_name aurisys_demo, [queried_size] dram:896 [avail_size] dram:4294967295
03-02 00:57:43.833  1439  1902 D aurisys_lib_handler: aurisys_arsi_create_handler(), lib_name aurisys_demo, 0xb400006fecaa7000, process_type 1, arsi_handler 0xb400006feca82600, retval 0x0
03-02 00:57:43.833  1439  1902 D aurisys_lib_handler: aurisys_arsi_create_handler(), arsi_query_process_unit_bytes, ul 4096, dl 4096, retval 0
03-02 00:57:43.833  1439  1902 D aurisys_lib_manager: DL Lib, lib_name aurisys_demo, 0xb400006fecaa7000, sample_rate: 48000 => 48000, num_channels: 2 => 2, audio_format: 0x1 => 0x3, interleave: 1 => 1, frame: 0 => 0
03-02 00:57:43.833  1439  1902 D aurisys_lib_manager: DL out, sample_rate: 48000 => 48000, num_channels: 2 => 2, audio_format: 0x3 => 0x3, interleave: 1 => 1, frame: 0 => 0
03-02 00:57:43.833  1439  1902 D audio_sw_mixer: sw_mixer_source_attach(), MIXER_PLAYBACK  , name T_DEEP       order 2 sz 8192 fmt 3 ch 2 rate 48000 latency_us 21333
03-02 00:57:43.833  1439  1902 D AudioUtility: chooseTargetSampleRate() hiFiState 0 isDeviceSupportHiFi 0 sampleRate 48000 targetSampleRate 48000, isUltra96k 0
03-02 00:57:43.833  1439  1902 D AudioALSAStreamManager: +createPlaybackHandler(), mAudioMode = 0, output_devices = 0x2, isMixerOut = 1, isBypassAurisys = 1, flag = 8, isIEMsSource = 0, isIEMsOn = 0
03-02 00:57:43.833  1439  1902 D AudioALSAStreamManager: needEnableVoip(), output_devices = 0x2, flags: 0x8, mAvailableOutputFlags: 0x1000e, enable: 0
03-02 00:57:43.833  1439  1902 D AudioSpeechEnhanceInfo: IsAPDMNRTuningEnable(), 0
03-02 00:57:43.833  1439  1902 D AudioALSAPlaybackHandlerNormal: +open(), flag = 8, source output_devices = 0x2, audio_format = 3, buffer_size = 16384, sample_rate = 48000
03-02 00:57:43.833  1439  1902 D AudioALSAPlaybackHandlerNormal: open(), isolated deep buffer keypcmDeepBuffer = Playback_3
03-02 00:57:43.833  1484  3507 D NativePermissionController: checkPermission: missing 13 for 10248
03-02 00:57:43.834  1439  1902 D AudioALSADeviceConfigManager: ApplyDeviceTurnonSequenceByName() DeviceName = PLAYBACK3_TO_I2S3 descriptor->DeviceStatusCounte = 0, Ctlsize=4
03-02 00:57:43.834  1484 16929 D NativePermissionController: checkPermission: missing 13 for 10350
03-02 00:57:43.834 14885 16246 D AudioTrack: setVolume(1.000000, 1.000000) pid : 14885
03-02 00:57:43.834  1484 28718 D NativePermissionController: checkPermission: missing 13 for 10248
03-02 00:57:43.834  1484  9269 D NativePermissionController: checkPermission: missing 13 for 10492
03-02 00:57:43.835  1484 24378 D NativePermissionController: checkPermission: missing 13 for 10492
03-02 00:57:43.836 14885 14885 I SurfaceView: 7374587 Changes: creating=false format=false size=false visible=true alpha=false hint=false left=false top=false z=false attached=true lifecycleStrategy=false
03-02 00:57:43.836 14885 14885 I SurfaceView: 7374587 Cur surface: Surface(name=null mNativeObject=499558294272)/@0x5798c7e
03-02 00:57:43.836 14885 14885 I SurfaceView: 7374587 surfaceDestroyed
03-02 00:57:43.836 14885 14885 I SV[7374587 SplashActivity]: surfaceDestroyed callback.size 2 #3 X.0fk7{7086fb G.E...... ......I. 0,80-1080,2000}
03-02 00:57:43.837  1484  6346 D NativePermissionController: checkPermission: missing 13 for 10130
03-02 00:57:43.838  1484  6346 D NativePermissionController: checkPermission: missing 13 for 10476
03-02 00:57:43.838  1439  1902 D AudioUtility: chooseTargetSampleRate() hiFiState 0 isDeviceSupportHiFi 0 sampleRate 48000 targetSampleRate 48000, isUltra96k 0
03-02 00:57:43.838  1439  1902 D AudioALSAPlaybackHandlerBase: transferAudioFormatToPcmFormat(), audio_format(0x4) => pcm_format(0x3)
03-02 00:57:43.838  1439  1902 D AudioALSAPlaybackHandlerNormal: open(), flag = 8, mConfig: channels = 2, sample_rate(target) = 48000, period_size = 1024, period_count = 4, format = 3, avail_min = 2048, start_threshold = 0
03-02 00:57:43.840  1484 24378 D NativePermissionController: checkPermission: missing 13 for 10476
03-02 00:57:43.842  1484  9269 D NativePermissionController: checkPermission: missing 13 for 10130
03-02 00:57:43.843  1484  9961 D NativePermissionController: checkPermission: missing 13 for 10351
03-02 00:57:43.843  1484 24378 D NativePermissionController: checkPermission: missing 13 for 10351
03-02 00:57:43.845  1439  1902 D AudioALSAPlaybackHandlerBase: openPcmDriverWithFlag(), pcm device = 3 flag = 0xc mPcm = 0xb400006feb038540
03-02 00:57:43.845  1439  1902 D AudioALSAPlaybackHandlerBase: CreateAurisysLibManager, ph type: 10, voip: 0, mAurisysScenario: 9
03-02 00:57:43.845  1439  1902 D aurisys_utility: input dev: 0x80000080 0x0, fmt = 0x3, fs: 48000, max fs: 48000, ch: 2, max ch: 2, ch maks: 0x3, hw_info_mask: 0x0; output dev: 0x2 0x0, fmt = 0x3, fs: 48000, max fs: 48000, ch: 2, max ch: 4, ch maks: 0x3, hw_info_mask: 0x8; task_scene: 32, audio_mode: 0, stream_type: 3, output_flags: 0x8, input_source: 0, input_flags: 0x0; network_info: 0, enhancement_feature_mask: 0x0
03-02 00:57:43.845  1439  1902 D AudioUtility: setupCustomInfoStr(), custom_info = "SetAudioCustomScene=Default;", (scene = Default, vol_level = -1, bt_codec = -1, gameChatMode = -1)
03-02 00:57:43.845  1439  1902 D aurisys_utility: lib, working fs: 48000, fmt: 0x3, frame = 0, b_interleave = 1, num_ul_ref_buf_array = 0, num_dl_ref_buf_array = 0
03-02 00:57:43.845  1439  1902 D aurisys_utility: dl in[type:2], ch: 2, ch_mask: 0x3, buf fs: 48000, buf content fs: 48000, fmt: 0x3; dl out[type:3], ch: 2, ch_mask: 0x3, buf fs: 48000, buf content fs: 48000, fmt: 0x3
03-02 00:57:43.845  1439  1902 I [Awinic]: aw_skt_arsi_query_param_buf_size_by_custom_info:reserve2 [0] cust_scene[0] ---> aw_scene[0]
03-02 00:57:43.845  1439  1902 I [Awinic]: find [] scene_block with id 0
03-02 00:57:43.845  1439  1902 I [Awinic]: aw_skt_arsi_query_param_buf_size_by_custom_info:aw_scene[] params len is 11884
03-02 00:57:43.845  1439  1902 D aurisys_lib_handler: [LIB] Awinic Info: aw_skt_arsi_query_param_buf_size_by_custom_info done!
03-02 00:57:43.845  1439  1902 I [Awinic]: aw_skt_arsi_parsing_param_file_by_custom_info:reserve2 [0] cust_scene[0] ---> aw_scene[0]
03-02 00:57:43.845  1439  1902 I [Awinic]: find [] scene_block with id 0
03-02 00:57:43.845  1439  1902 E [Awinic]: open awinic params file [vendor/etc/demo//AW_SPIN_MODE.bin] failed
03-02 00:57:43.845  1439  1902 D [Awinic]: aw_skt_arsi_get_spin_mode_table: read awinic spin mode file failed
03-02 00:57:43.845  1439  1902 I [Awinic]: aw_skt_arsi_parsing_param_file_by_custom_info:load aw_scene[] params done
03-02 00:57:43.845  1439  1902 D aurisys_lib_handler: aurisys_arsi_parsing_param_file(), gProductInfo "platform=MT6789,device=a15,model=SM-A155F", file_path "/vendor/etc/audio_param", enhancement_mode 0, param_buf_size 11884, data_size 11860, custom_info SetAudioCustomScene=Default;
03-02 00:57:43.845  1439  1902 D aurisys_lib_handler: [LIB] Awinic Info: aw_skt_arsi_query_working_buf_size(), scene = 32
03-02 00:57:43.845  1439  1902 D aurisys_lib_handler: [LIB] Awinic Info: input dev: 0x80000080 0x0, fmt = 0x3, fs: 48000, max fs: 48000, ch: 2, max ch: 2
03-02 00:57:43.845  1439  1902 D aurisys_lib_handler: [LIB] Awinic Info: output dev: 0x2 0x0, fmt = 0x3, fs: 48000, max fs: 48000, ch: 2, max ch: 4
03-02 00:57:43.845  1439  1902 D aurisys_lib_handler: [LIB] Awinic Info: lib, working fs: 48000, fmt: 0x3, frame = 0, b_interleave = 1
03-02 00:57:43.845  1439  1902 D aurisys_lib_handler: [LIB] Awinic Info: dl in, ch: 2, buf fs: 48000, read data fs: 48000, fmt: 0x3
03-02 00:57:43.845  1439  1902 D aurisys_lib_handler: [LIB] Awinic Info: dl out, ch: 2, buf fs: 48000, read data fs: 48000, fmt: 0x3
03-02 00:57:43.845  1439  1902 D [Awinic]: [I]Awinic <aw_get_algo_propert>get prop_id: 0x00010001 start!
03-02 00:57:43.845  1439  1902 D [Awinic]: [I]Awinic <aw_get_algo_propert>get prop_id: 0x00010001 success!
03-02 00:57:43.845  1439  1902 D [Awinic]: [I]Awinic <aw_get_algo_propert>get prop_id: 0x00010002 start!
03-02 00:57:43.845  1439  1902 D [Awinic]: [I]Awinic <aw_get_algo_propert>get prop_id: 0x00010002 success!
03-02 00:57:43.845  1439  1902 D [Awinic]: [I]Awinic <aw_get_algo_propert>get prop_id: 0x00010005 start!
03-02 00:57:43.845  1439  1902 D [Awinic]: [I]Awinic <aw_get_algo_propert>get prop_id: 0x00010005 success!
03-02 00:57:43.845  1439  1902 D [Awinic]: [I]Awinic <aw_set_algo_propert>set prop_id: 0x00020005 start!
03-02 00:57:43.845  1439  1902 D [Awinic]: [I]Awinic <aw_set_algo_propert>set prop_id: 0x00020005 success!
03-02 00:57:43.845  1439  1902 D [Awinic]: [I]Awinic <aw_set_algo_propert>set prop_id: 0x00020003 start!
03-02 00:57:43.845  1439  1902 D [Awinic]: [I]Awinic <elog_start>Awinic Logger Init Done!
03-02 00:57:43.845  1439  1902 D [Awinic]: [I]Awinic <aw_set_algo_propert>set prop_id: 0x00020003 success!
03-02 00:57:43.845  1439  1902 D aurisys_lib_handler: [LIB] Awinic Info: (null)(), work_buf size, SLB:0 L2SRAM:621232 DRAM:213180956
03-02 00:57:43.845  1439  1902 D aurisys_lib_handler: [LIB] Awinic Info: aw_skt_arsi_query_working_buf_size done!
03-02 00:57:43.845  1439  1902 D aurisys_lib_handler: aurisys_arsi_create_handler(), lib_name smartpa_aw88xxx, [queried_size] dram:621232 [avail_size] dram:4294967295
03-02 00:57:43.845  1484  2000 D NativePermissionController: checkPermission: missing 13 for 10350
03-02 00:57:43.846  1439  1902 D aurisys_lib_handler: [LIB] SLB address: 0x0 size: 0, L2SRAM address: 0x0 size: 0, DRAM address: 0xe1dc7040 size: 621232
03-02 00:57:43.846  1439  1902 D aurisys_lib_handler: [LIB] Awinic Info: skt_cfg_size : 618744
03-02 00:57:43.846  1439  1902 D [Awinic]: [I]Awinic <aw_get_algo_propert>get prop_id: 0x00010006 start!
03-02 00:57:43.846  1439  1902 D [Awinic]: [I]Awinic <aw_get_algo_propert>get prop_id: 0x00010006 success!
03-02 00:57:43.846  1439  1902 I [Awinic]: SKTune version is SKTune_V6.5_v1.1.5[2].1
03-02 00:57:43.846  1439  1902 I [Awinic]: API version is SKTune_api_v0.0.4.10
03-02 00:57:43.846  1439  1902 D [Awinic]: mix_init init done!
03-02 00:57:43.846  1439  1902 D [Awinic]: mix_init init done!
03-02 00:57:43.846  1439  1902 D [Awinic]: spin init done!
03-02 00:57:43.846  1439  1902 D [Awinic]: mix_init init done!
03-02 00:57:43.846  1439  1902 D [Awinic]: init Done !
03-02 00:57:43.846  1439  1902 D [Awinic]: [I]Awinic <aw_gse_lib_set_preset>GSE Preset convert END!
03-02 00:57:43.846  1439  1902 D [Awinic]: [D]Awinic <aw_gse_ch_set_params>classification or deq is not enabled
03-02 00:57:43.846  1439  1902 D [Awinic]: [D]Awinic <aw_gse_ch_set_params>classification or deq is not enabled
03-02 00:57:43.846  1439  1902 D [Awinic]: [I]Awinic <aw_sToneEvalSetParams>Origin cfg->cali_Re: -98000ohm, set param->cali_Re: 6259mohm!
03-02 00:57:43.846  1439  1902 D [Awinic]: [I]Awinic <aw_sToneEvalSetParams>Origin cfg->cali_Re: -98000ohm, set param->cali_Re: 8000mohm!
03-02 00:57:43.846  1439  1902 D [Awinic]: [D]Awinic <aw_mecLibSetParams_v2>set parameter done!
03-02 00:57:43.846  1439  1902 I [Awinic]: AW_UI_PRESET set done!
03-02 00:57:43.846  1439  1902 I [Awinic]: params data random code is 10902!
03-02 00:57:43.846  1439  1902 D [Awinic]: fadein mix start, pre_gain:[1048576], post_gain:[1048576], mix state: 5
03-02 00:57:43.846  1439  1902 D [Awinic]: set params for cfg[0] done
03-02 00:57:43.846  1439  1902 D aurisys_lib_handler: [LIB] Awinic Info: format 0x3 , num_channels 2, sampling_rate 48000
03-02 00:57:43.846  1439  1902 I [Awinic]: aw_vmax_kctl_dev_init: Awinic dev[0]'s monitor switch kcontrol is not accessible!
03-02 00:57:43.846  1439  1902 I [Awinic]: aw_vmax_kctl_dev_init: Awinic dev[1]'s monitor switch kcontrol is not accessible!
03-02 00:57:43.847  1439  1902 I [Awinic]: aw_vamx_node_init: Awinic open monitor_node_path: /sys/class/power_supply/battery/capacity failed, close monitor
03-02 00:57:43.847  1439  1902 D [Awinic]: set dtc_status: interval_time: 0 s, tma_pre: 294933, tcm_pre: 16957
03-02 00:57:43.847  1439  1902 D [Awinic]: [D]Awinic <tpc_ppc_set_centre_state>cfg->dtc_enable: 1, state->interval_time: 0
03-02 00:57:43.847  1439  1902 E [Awinic]: Open env_te attr[/sys/class/power_supply/battery/temp] failed, errno: 13, due to Permission denied!
03-02 00:57:43.847  1439  1902 D aurisys_lib_handler: [LIB] Awinic Info: aw_skt_arsi_create_handler done!
03-02 00:57:43.847  1439  1902 D aurisys_lib_handler: aurisys_arsi_create_handler(), lib_name smartpa_aw88xxx, 0xb400006feb041000, process_type 1, arsi_handler 0xb400006fe1dc7040, retval 0x0
03-02 00:57:43.847  1439  1902 D aurisys_lib_handler: [LIB] Awinic Info: aw_skt_arsi_set_debug_log_fp done!
03-02 00:57:43.847  1439  1902 D aurisys_lib_handler: [LIB] Awinic Info: aw_skt_arsi_query_process_unit_bytes done!
03-02 00:57:43.847  1439  1902 D aurisys_lib_handler: aurisys_arsi_create_handler(), arsi_query_process_unit_bytes, ul 4096, dl 4096, retval 0
03-02 00:57:43.847  1439  1902 D aurisys_lib_manager: DL Lib, lib_name smartpa_aw88xxx, 0xb400006feb041000, sample_rate: 48000 => 48000, num_channels: 2 => 2, audio_format: 0x3 => 0x3, interleave: 1 => 1, frame: 0 => 0
03-02 00:57:43.847  1439  1902 D aurisys_lib_manager: DL out, sample_rate: 48000 => 48000, num_channels: 2 => 2, audio_format: 0x3 => 0x4, interleave: 1 => 1, frame: 0 => 0
03-02 00:57:43.847  1439  1902 D AudioALSAHardwareResourceManager: +startOutputDevice(), new_devices = 0x2, mOutputDevices = 0x0, mStartOutputDevicesCount = 0 SampleRate = 48000
03-02 00:57:43.847  1439  1902 D AudioSmartPaController: +dspOnBoardSpeakerOn(), SampleRate: 48000, MD_type: 0, isI2sInEchoRefEn: 0
03-02 00:57:43.847  1439  1902 D AudioALSAHardwareResourceManager: notifyOutputDeviceStatusChange(), device = 2, status = 0, sampleRate = 48000, mOpenSpeakerPathCount = 1
03-02 00:57:43.847  1439  1902 D AudioALSAStreamManager: speakerStatusChangeCb(), status = 0, sampleRate = 48000
03-02 00:57:43.847  1439  1902 D AudioALSAPlaybackHandlerNormal: -open()
03-02 00:57:43.847  1439  1902 D audio_sw_mixer: sw_mixer_target_attach(), MIXER_PLAYBACK  , name T_PRIMARY    order 4 sz 16384 fmt 3 ch 2 rate 48000 latency_us 42666
03-02 00:57:43.847  1439  1902 D audio_sw_mixer: sw_mixer_manager_create_path(), MIXER_PLAYBACK  , path T_DEEP=>T_PRIMARY   , uuid 1274543300, source: order 2 sz 8192 fmt 3 ch 2 rate 48000 latency_us 21333, target: order 4 sz 16384 fmt 3 ch 2 rate 48000 latency_us 42666
03-02 00:57:43.847  1439  1902 D audio_sw_mixer: dump_path_list(), MIXER_PLAYBACK  , T_DEEP=>T_PRIMARY   [8192, 2, n]
