03-02 00:57:07.070  1507  1507 I Layer   : id=155597 Destroyed Surface(name=c536234 NavigationBar0)/@0xfac847b - animation-leash of insets_animation#155597
03-02 00:57:07.070  1507  1507 I Layer   : id=155626 Destroyed Surface(name=a5d3a68 StatusBar)/@0xd5726d6 - animation-leash of insets_animation#155626
03-02 00:57:07.070  1507  1507 I Layer   : id=155625 Destroyed Surface(name=c536234 NavigationBar0)/@0xfac847b - animation-leash of insets_animation#155625
03-02 00:57:07.075 17121 17121 I InsetsSourceConsumer: applyRequestedVisibilityToControl: visible=true, type=navigationBars, host=com.podcast.app.debug/androidx.activity.ComponentActivity
03-02 00:57:07.076 17121 17121 I InsetsSourceConsumer: applyRequestedVisibilityToControl: visible=true, type=statusBars, host=com.podcast.app.debug/androidx.activity.ComponentActivity
03-02 00:57:07.078  2013  2834 I SemDvfsHyPerManager: acquire hyper - AMS_RESUME_TAIL/2013@18, type = -999
03-02 00:57:07.078  1464  1492 I mtkpower@impl: [setMode] type:5, enabled:0
03-02 00:57:07.078  2013  2834 I SemDvfsHyPerManager: acquire hyper - AMS_ACT_LAZY/2013@19, type = -999
03-02 00:57:07.078  1450  1487 I HYPER-HAL: [RequestManager.cpp]acquire(): Acquired ID : 2063514  [2013 / 18]    HINT : AMS_RESUME_TAIL    list :
03-02 00:57:07.078  2746  2808 I InsetsController: onStateChanged: host=Splash Screen com.podcast.app.debug, from=android.view.ViewRootImpl.onInsetsStateChanged:3026, state=InsetsState: {mDisplayFrame=Rect(0, 0 - 1080, 2340), mDisplayCutout=DisplayCutout{insets=Rect(0, 80 - 0, 0) waterfall=Insets{left=0, top=0, right=0, bottom=0} boundingRect={Bounds=[Rect(0, 0 - 0, 0), Rect(472, 0 - 608, 80), Rect(0, 0 - 0, 0), Rect(0, 0 - 0, 0)]} cutoutPathParserInfo={CutoutPathParserInfo{displayWidth=1080 displayHeight=2340 physicalDisplayWidth=1080 physicalDisplayHeight=2340 density={2.8125} cutoutSpec={M 0,0 H -24.177777778 V 28.4444444444 H 24.177777778 V 0 H 0 Z @dp} rotation={0} scale={1.0} physicalPixelDisplaySizeRatio={1.0}}} sideOverrides={}}, mRoundedCorners=RoundedCorners{[RoundedCorner{position=TopLeft, radius=113, center=Point(113, 113)}, RoundedCorner{position=TopRight, radius=113, center=Point(967, 113)}, RoundedCorner{position=BottomRight, radius=113, center=Point(967, 2227)}, RoundedCorner{position=BottomLeft, radius=113, center=Point(113, 2227)}]}  mRoundedCornerFrame=Rect(0, 0 - 1080, 2340), mPrivacyIndicatorBounds=PrivacyIndicatorBounds {static bounds=Rect(956, 0 - 1080, 80) rotation=0}, mDisplayShape=DisplayShape{ spec=-311912193 displayWidth=1080 displayHeight=2340 physicalPixelDisplaySizeRatio=1.0 rotation=0 offsetX=0 offsetY=0 scale=1.0}, mSources= { InsetsSource: {e9af0000 mType=statusBars mFrame=[0,0][1080,80] mVisible=true mFlags= mSideHint=TOP mBoundingRects=null}, InsetsSource: {e9af0005 mType=mandatorySystemGestures mFrame=[0,0][1080,114] mVisible=true mFlags= mSideHint=TOP mBoundingRects=null}, InsetsSource: {e9af0006 mType=tappableElement mFrame=[0,0][1080,80] mVisible=true mFlags= mSideHint=TOP mBoundingRects=null}, InsetsSource: {3 mType=ime mFrame=[0,0][0,0] mVisible=false mFlags= mSideHint=NONE mBoundingRects=null}, InsetsSource: {27 mType=displayCutout mFrame=[0,0][1080,80] mVisible=true mFlags= mSideHint=TOP mBoundingRects=null}, InsetsSource: {26ed0001 mType=navigationBars mFrame=[0,2298][1080,2340] mVisible=true mFlags=SUPPRESS_SCRIM mSideHint=BOTTOM mBoundingRects=null}, InsetsSource: {26ed0004 mType=systemGestures mFrame=[0,0][84,2340] mVisible=true mFlags= mSideHint=LEFT mBoundingRects=null}, InsetsSource: {26ed0005 mType=mandatorySystemGestures mFrame=[0,2250][1080,2340] mVisible=true mFlags= mSideHint=BOTTOM mBoundingRects=null}, InsetsSource: {26ed0006 mType=tappableElement mFrame=[0,0][0,0] mVisible=true mFlags= mSideHint=NONE mBoundingRects=null}, InsetsSource: {26ed0024 mType=systemGestures mFrame=[996,0][1080,2340] mVisible=true mFlags= mSideHint=RIGHT mBoundingRects=null} }
03-02 00:57:07.078  2746  2808 I VRI[debug]@ecc4e3f: onActiveControlsChanged, removed=false, mAdded=true, caller=android.view.ViewRootImpl.handleInsetsControlChanged:3002 android.view.ViewRootImpl$ViewRootHandler.handleMessageImpl:8352 android.view.ViewRootImpl$ViewRootHandler.handleMessage:8301 android.os.Handler.dispatchMessage:110 android.os.Looper.loopOnce:273
03-02 00:57:07.078  1450  1487 I mtkpower_client: perf_lock_rel, hdl:76353, pid: 1450, tid:1487
03-02 00:57:07.079  1450  1487 I mtkpower_client: perf_lock_acq, hdl:0, dur:0, num:2, pid:1450, tid:1487
03-02 00:57:07.080  1450  1487 I mtkpower_client: ret_hdl:76357
03-02 00:57:07.080  1450  1487 I mtkpower_client: perf_lock_rel, hdl:76355, pid: 1450, tid:1487
03-02 00:57:07.080  1450  1487 I mtkpower_client: perf_lock_acq, hdl:0, dur:0, num:2, pid:1450, tid:1487
03-02 00:57:07.081  1450  1487 I mtkpower_client: ret_hdl:76358
03-02 00:57:07.081  1507  2128 I SurfaceFlinger: onHandleDestroyed: layerId=155577, name=Surface(name=c536234 NavigationBar0)/@0xfac847b - animation-leash of insets_animation#155577
03-02 00:57:07.081  1507  2128 I SurfaceFlinger: id=155577 Removed Surface(name=c536234 NavigationBar0)/@0xfac847b - animation-leash of insets_animation#155577 (336)
03-02 00:57:07.081  1507  2128 I SurfaceFlinger: onHandleDestroyed: layerId=155578, name=Surface(name=a5d3a68 StatusBar)/@0xd5726d6 - animation-leash of insets_animation#155578
03-02 00:57:07.081  1507  2128 I SurfaceFlinger: id=155578 Removed Surface(name=a5d3a68 StatusBar)/@0xd5726d6 - animation-leash of insets_animation#155578 (336)
03-02 00:57:07.081  1450  1487 I mtkpower_client: perf_lock_rel, hdl:76358, pid: 1450, tid:1487
03-02 00:57:07.081  1445  2902 W C2MtkBufferManager: [0xB4000070F507E520] fetchNewCcBlock: wait fence 0x0xb4000070f5058270 timed out. ret 110
03-02 00:57:07.081  1450  1487 I mtkpower_client: perf_lock_acq, hdl:0, dur:0, num:2, pid:1450, tid:1487
03-02 00:57:07.082  1464  1529 I libPowerHal: [perfLockRel] hdl:76353, idx:5
03-02 00:57:07.082  1464  1529 I libPowerHal: [set_cpuidle] enable:1, fd:17, scn:0xb40000737b610cd8
03-02 00:57:07.082  1464  1529 I libPowerHal: [PD] vendor.samsung. update cmd:1c3c100 param:1 pr:6
03-02 00:57:07.082  1464  1529 I libPowerHal: [perfLockRel] Done for hdl : 76353
03-02 00:57:07.083  1464  1529 I libPowerHal: [perfLockAcq] idx:7 hdl:76357 hint:-1 pid:1450 tid:1487 duration:0 lock_user:vendor.samsung. => ret_hdl:76357
03-02 00:57:07.083  1464  1529 I libPowerHal: [set_cpuidle] enable:0, fd:17, scn:0xb40000737b6173c8
03-02 00:57:07.083 25915 26075 I Rubin   : [4019] M.c0.k(Unknown Source) : Notify com.samsung.android.rubin.inferenceengine.contextanalytics.engine.loggers.AppUsageLogger's database is updated.
03-02 00:57:07.084  1464  1529 I libPowerHal: [get_cpu_dma_latency_value] 0
03-02 00:57:07.084  1464  1529 I libPowerHal: [PE] vendor.samsung. update cmd:1c3c100 param:0 pr:3
03-02 00:57:07.084  1464  1529 I libPowerHal: [perfLockAcq] Done for hdl : 76357
03-02 00:57:07.084  2746  2746 D NavigationBar: onSystemBarAttributesChanged() -  displayId:0, appearance:0, packageName: com.podcast.app.debug, navbarColorManagedByIme:false
03-02 00:57:07.084  1464  1529 I libPowerHal: [perfLockRel] hdl:76355, idx:8
03-02 00:57:07.085  1464  1529 I libPowerHal: [PD] vendor.samsung. update cmd:1000000 param:-1 pr:6
03-02 00:57:07.085  1464  1529 I libPowerHal: [perfLockRel] Done for hdl : 76355
03-02 00:57:07.086  1464  1529 I libPowerHal: [perfLockAcq] idx:9 hdl:76358 hint:-1 pid:1450 tid:1487 duration:0 lock_user:vendor.samsung. => ret_hdl:76358
03-02 00:57:07.086  1464  1529 I libPowerHal: [setDvfsrcDevFreqOpp] opp:0, freq:4266000000
03-02 00:57:07.086  1464  1529 I libPowerHal: [PE] vendor.samsung. update cmd:1000000 param:0 pr:3
03-02 00:57:07.086  1464  1529 I libPowerHal: [perfLockAcq] Done for hdl : 76358
03-02 00:57:07.087  1464  1529 I libPowerHal: [perfLockRel] hdl:76358, idx:9
03-02 00:57:07.087  1464  1529 I libPowerHal: [PD] vendor.samsung. update cmd:1000000 param:-1 pr:6
03-02 00:57:07.087  1464  1529 I libPowerHal: [perfLockRel] Done for hdl : 76358
03-02 00:57:07.088  1450  1487 I mtkpower_client: ret_hdl:76359
03-02 00:57:07.088  1450  1487 I mtkpower_client: perf_lock_rel, hdl:76356, pid: 1450, tid:1487
03-02 00:57:07.088  1507  1507 I SurfaceFlinger: destroyed Surface(name=a5d3a68 StatusBar)/@0xd5726d6 - animation-leash of insets_animation#155578
03-02 00:57:07.088  1507  1507 I SurfaceFlinger: destroyed Surface(name=c536234 NavigationBar0)/@0xfac847b - animation-leash of insets_animation#155577
03-02 00:57:07.089  1507  1563 I SurfaceFlinger: id=155629 createSurf, flag=24000, Surface(name=e850ef2 com.podcast.app.debug/androidx.activity.ComponentActivity)/@0x1d7146d - animation-leash of starting_reveal#155629
03-02 00:57:07.092  1507  1507 I Layer   : id=155578 Destroyed Surface(name=a5d3a68 StatusBar)/@0xd5726d6 - animation-leash of insets_animation#155578
03-02 00:57:07.092  1507  1507 I Layer   : id=155577 Destroyed Surface(name=c536234 NavigationBar0)/@0xfac847b - animation-leash of insets_animation#155577
03-02 00:57:07.093  2013  2064 I PkgPredictorService-SecIpmManagerServiceImpl: reportToNAP uid:10685 com.podcast.app.debug/androidx.activity.ComponentActivity thisTime:191
03-02 00:57:07.094  2013  2834 W ParceledListSlice: Element #30 is 21544 bytes.
03-02 00:57:07.094  1464  1529 I libPowerHal: [perfLockAcq] idx:10 hdl:76359 hint:-1 pid:1450 tid:1487 duration:0 lock_user:vendor.samsung. => ret_hdl:76359
03-02 00:57:07.094  1464  1529 I libPowerHal: [setDvfsrcDevFreqOpp] opp:0, freq:4266000000
03-02 00:57:07.094  1464  1529 I libPowerHal: [PE] vendor.samsung. update cmd:1000000 param:0 pr:3
03-02 00:57:07.094  1464  1529 I libPowerHal: [perfLockAcq] Done for hdl : 76359
03-02 00:57:07.094  2013  2064 D PkgPredictorService-SecIpmManagerServiceImpl: reportToNAP: mHeavyLaunchCounter is false
03-02 00:57:07.094  1450  1487 I mtkpower_client: perf_lock_acq, hdl:0, dur:0, num:2, pid:1450, tid:1487
03-02 00:57:07.095  1464  1529 I libPowerHal: [perfLockRel] hdl:76356, idx:2
03-02 00:57:07.095  1464  1529 I libPowerHal: [PD] vendor.samsung. update cmd:400000 param:-1 pr:6
03-02 00:57:07.096  1464  1529 I libPowerHal: [recordCPUFreqInfo] set cluster[0] min(-1): -1 max(-1): -1 cluster[1] min(-1): -1 max(-1): -1
03-02 00:57:07.096  2013  2064 I ActivityTaskManager: Displayed com.podcast.app.debug/androidx.activity.ComponentActivity for user 0: +191ms
03-02 00:57:07.096  1464  1529 I libPowerHal: [perfLockRel] Done for hdl : 76356
03-02 00:57:07.096  3506  3506 E pageboostd: Received HALT command code 2
03-02 00:57:07.096  1450  1487 I mtkpower_client: ret_hdl:76360
03-02 00:57:07.096  1450  1487 I HYPER-HAL: [RequestManager.cpp]releaseLocked(): Released ID : 2067581
03-02 00:57:07.097  1464  1529 I libPowerHal: [perfLockAcq] idx:5 hdl:76360 hint:-1 pid:1450 tid:1487 duration:0 lock_user:vendor.samsung. => ret_hdl:76360
03-02 00:57:07.097  1464  1529 I libPowerHal: [PE] vendor.samsung. update cmd:400000 param:2000000 pr:3
03-02 00:57:07.097  1464  1529 I libPowerHal: [recordCPUFreqInfo] set cluster[0] min(vendor.samsung.): 2000000 max(-1): -1 cluster[1] min(-1): -1 max(-1): -1
03-02 00:57:07.097  1464  1529 I libPowerHal: [perfLockAcq] Done for hdl : 76360
03-02 00:57:07.099  2746  2798 D ShellTaskOrganizer: removeStartingWindow, removalInfo=StartingWindowRemovalInfo{taskId=44854 frame=Rect(0, 0 - 1080, 2340) playRevealAnimation=true roundedCornerRadius=0.0 deferRemoveMode=0 windowlessSurface=false removeImmediately=false}
03-02 00:57:07.099  1507  1507 I SurfaceFlinger: RequestedLayer [com.podcast.app.debug/androidx.activity.ComponentActivity$_17121#155624] hidden!! flag  from(1) --> to(0)
03-02 00:57:07.099  1507  1507 I SurfaceFlinger: [LayerHierarchy{RequestedLayerState{e850ef2 com.podcast.app.debug/androidx.activity.ComponentActivity#155623 parentId=155629} 1 children}] reparent to LayerHierarchy{RequestedLayerState{Surface(name=e850ef2 com.podcast.app.debug/androidx.activity.ComponentActivity)/@0x1d7146d - animation-leash of starting_reveal#155629 parentId=155617} 1 children}
03-02 00:57:07.099  1507  1507 I SurfaceFlinger: [Surface(name=e850ef2 com.podcast.app.debug/androidx.activity.ComponentActivity)/@0x1d7146d - animation-leash of starting_reveal#155629] attach to parent LayerHierarchy{RequestedLayerState{ActivityRecord{178698076 u0 com.podcast.app.debug/androidx.activity.ComponentActivity t44854}#155617 parentId=155616} 3 children}
03-02 00:57:07.103  3202 10541 I HoneySpace.RecentTasks: onRecentTasksChanged
03-02 00:57:07.105 25915 26075 I Rubin   : [4019] com.samsung.android.rubin.inferenceengine.contextanalytics.engine.monitors.moment.exercise.ExercisingWithCalendarMonitor.isSatisfiedByCalendarEvent(Unknown Source) : isSatisfiedByCalendarEvent is false
03-02 00:57:07.106 25915 26075 I Rubin   : [4019] com.samsung.android.rubin.inferenceengine.contextanalytics.engine.monitors.moment.exercise.ExercisingWithCmhMonitor.isSatisfiedByCmh(Unknown Source) : isSatisfiedByCmh is false
03-02 00:57:07.110  1507  1507 D SurfaceFlinger: Display 4627039422300187648 HWC layers:
03-02 00:57:07.110  1507  1507 D SurfaceFlinger:   SOLID_COLOR |                        0 | 00000002 | N/A          |    0.0    0.0    0.0    0.0 |    0    0   -1   -1 | Background for 68eb87 SurfaceView[co[...]weme.splash.SplashActivity]@0#155602 (0)
03-02 00:57:07.110  1507  1507 D SurfaceFlinger:   SOLID_COLOR |                        0 | 00000002 | N/A          |    0.0    0.0    0.0    0.0 |    0    0   -1   -1 | Background for 7086fb SurfaceView[co[...]weme.splash.SplashActivity]@0#155605 (0)
03-02 00:57:07.110  1507  1507 D SurfaceFlinger:   SOLID_COLOR |                        0 | 00000002 | N/A          |    0.0    0.0    0.0    0.0 |    0    0   -1   -1 | Background for 836459b SurfaceView[c[...]weme.splash.SplashActivity]@0#155608 (0)
03-02 00:57:07.110  1507  1507 D SurfaceFlinger:        CLIENT |           63930588201740 | 00000102 | 0x32315659   |  135.0    0.0  720.0 1280.0 |    0   80  877 2000 | 7086fb SurfaceView[com.zhiliaoapp.mu[...]lash.SplashActivity]@0(BLAST)#155604 (20)
03-02 00:57:07.110  1507  1507 D SurfaceFlinger:        CLIENT |           63930588201696 | 00002100 | RGBA_8888    |  203.0    0.0 1080.0 2340.0 |    0    0 1080 2340 | com.zhiliaoapp.musically/com.ss.andr[...].splash.
03-02 00:57:07.110  1507  1507 D SurfaceFlinger: SplashActivity$_14885#155596 (7)
03-02 00:57:07.110  1507  1507 D SurfaceFlinger:   SOLID_COLOR |                        0 | 00000000 | N/A          |    0.0    0.0    0.0    0.0 |    0    0 1080 2340 | DimTransitionLayer for Surface(name=Task=44854)/@0xd879909#155621 (0)
03-02 00:57:07.110  1507  1507 D SurfaceFlinger:        DEVICE |           73534135074848 | 00002102 | RGBA_8888    |    0.0    0.0  650.0 2340.0 |  430    0 1080 2340 | com.podcast.app.debug/androidx.activity.ComponentActivity$_17121#155624 (1)
03-02 00:57:07.110  1507  1507 D SurfaceFlinger:        DEVICE |           11793980283294 | 00002100 | RGBA_8888    |    0.0    0.0  650.0 2340.0 |  430    0 1080 2340 | Splash Screen com.podcast.app.debug$_2746#155619 (1)
03-02 00:57:07.110  1507  1507 D SurfaceFlinger:        DEVICE |           11793980281878 | 00002100 | RGBA_8888    |    0.0    0.0 1080.0   80.0 |    0    0 1080   80 | StatusBar$_2746#117 (210926)
03-02 00:57:07.110  1507  1507 D SurfaceFlinger:        DEVICE |           13752485304097 | 00002100 | RGBA_8888    |    0.0    0.0   67.0  346.0 | 1013  454 1080  800 | com.sec.android.app.launcher/com.sam[...].app.CocktailBarService$_3202#152779 (1)
03-02 00:57:07.110  1507  1507 D SurfaceFlinger:        DEVICE |           11793980281862 | 00002100 | RGBA_8888    |    0.0
03-02 00:57:07.110  1507  1507 D SurfaceFlinger:     0.0 1080.0  135.0 |    0 2205 1080 2340 | NavigationBar0$_2746#113 (187564)
03-02 00:57:07.110  1507  1507 D SurfaceFlinger:
03-02 00:57:07.113  2013  4823 D InputDispatcher: Focus entered window (0): e850ef2 com.podcast.app.debug/androidx.activity.ComponentActivity
03-02 00:57:07.113  2746  2866 I VRI[debug]@ecc4e3f: mWNT: t=0xb40000771f55d480 mBlastBufferQueue=0xb4000076ae46ec00 fn= 2 HdrRenderState mRenderHdrSdrRatio=1.0 caller= android.view.SyncRtSurfaceTransactionApplier.applyTransaction:100 android.view.SyncRtSurfaceTransactionApplier.lambda$scheduleApply$0:73 android.view.SyncRtSurfaceTransactionApplier.$r8$lambda$afI4fXg3U3-nBZQEDQMiNy-B06s:0
03-02 00:57:07.113  2746  2866 I VRI[debug]@ecc4e3f: mWNT: t=0xb40000771f55da80 mBlastBufferQueue=0xb4000076ae46ec00 fn= 2 HdrRenderState mRenderHdrSdrRatio=1.0 caller= android.view.SyncRtSurfaceTransactionApplier.applyTransaction:100 android.view.SyncRtSurfaceTransactionApplier.lambda$scheduleApply$0:73 android.view.SyncRtSurfaceTransactionApplier.$r8$lambda$afI4fXg3U3-nBZQEDQMiNy-B06s:0
03-02 00:57:07.114  2013  3645 W system_server: Large reply transaction of 325152 bytes, interface descriptor android.app.IActivityTaskManager, code 26
03-02 00:57:07.115 17121 17121 D VRI[ComponentActivity]@225fd12: mThreadedRenderer.initializeIfNeeded()#2 mSurface={isValid=true 0xb400007837ca5500}
03-02 00:57:07.115 17121 17121 D InputMethodManagerUtils: startInputInner - Id : 0
03-02 00:57:07.115 17121 17121 I InputMethodManager: startInputInner - IInputMethodManagerGlobalInvoker.startInputOrWindowGainedFocus
03-02 00:57:07.117  2013  2322 I ImeTracker: com.podcast.app.debug:9ef77ee9: onRequestHide at ORIGIN_SERVER reason HIDE_UNSPECIFIED_WINDOW fromUser false
03-02 00:57:07.117  1507  1825 I SurfaceFlinger: Capture layer list: 	 com.zhiliaoapp.musically/com.ss.android.ugc.aweme.splash.SplashActivity$_14885#155596(seamlessTransition:0)
03-02 00:57:07.117  1507  1825 I SurfaceFlinger: Capture layer list: 	 DimTransitionLayer for Surface(name=Task=44854)/@0xd879909#155621(seamlessTransition:0)
03-02 00:57:07.117  1507  1825 I SurfaceFlinger: Capture layer list: 	 com.podcast.app.debug/androidx.activity.ComponentActivity$_17121#155624(seamlessTransition:0)
03-02 00:57:07.117  1507  1825 I SurfaceFlinger: Capture layer list: 	 Splash Screen com.podcast.app.debug$_2746#155619(seamlessTransition:0)
03-02 00:57:07.119  2013  4823 W ParceledListSlice: Element #30 is 21544 bytes.
03-02 00:57:07.119 14885 14885 D InputTransport: Input channel destroyed: 'ClientS', fd=614
03-02 00:57:07.119 17121 17121 I InputMethodManager: handleMessage: setImeVisibility visible=false
03-02 00:57:07.119 17121 17121 D InsetsController: hide(ime(), fromIme=false)
03-02 00:57:07.119 17121 17121 I ImeTracker: com.podcast.app.debug:9ef77ee9: onCancelled at PHASE_CLIENT_ALREADY_HIDDEN
03-02 00:57:07.121  2013  2322 D InputTransport: Input channel constructed: 'ClientS', fd=964
03-02 00:57:07.121  2013  2322 D InputTransport: Input channel destroyed: 'ClientS', fd=964
03-02 00:57:07.121  5235  5235 I HBD     : HoneyBoardService onFinishInput
03-02 00:57:07.122 17121 17134 D InputTransport: Input channel constructed: 'ClientS', fd=150
03-02 00:57:07.122  5235  5235 I HBD     : a IC have been unbinding,  RemoteInputConnection{idHash=#d71c843}
03-02 00:57:07.122  5235  5235 I HBD     : HoneyBoardService [PF_CL][onFinishInput]  1 ms
03-02 00:57:07.122  5235  5235 I HBD     : HoneyBoardService [IMI] onStartInput - caller pid : 17121 , caller uid : 10685
03-02 00:57:07.122  5235  5235 I HBD     : k updateConfigs
03-02 00:57:07.122  5235  5235 I HBD     : k isEnabledNightMode : true
03-02 00:57:07.122  5235  5235 I HBD     : a IC have been binding, RemoteInputConnection{idHash=#9a42c16}
03-02 00:57:07.122  5235  5235 I HBD     : h [EditorInputType]setPrivateImeOptionsToTable privateImeOptions ( null )
03-02 00:57:07.123  5235  5235 I HBD     : b incognitoMode : false
03-02 00:57:07.123  5235  5235 I HBD     : c needOff = true , isForceOff = false, isNullInputClass : true
03-02 00:57:07.123  5235  5235 I HBD     : h getDefaultInputRange : UNKNOWN
03-02 00:57:07.123  5235  5235 I HBD     : h getDefaultInputRange : UNKNOWN
03-02 00:57:07.123  5235  5235 I HBD     : h getDefaultInputRange : UNKNOWN
03-02 00:57:07.123  1507  1563 I SurfaceFlinger: id=155630 createSurf, flag=24004, Surface(name=2141cda InputMethod)/@0x5ea0b56 - animation-leash of insets_animation#155630
03-02 00:57:07.124  2746  2865 I VRI[debug]@ecc4e3f: mWNT: t=0xb40000771f55dd80 mBlastBufferQueue=0xb4000076ae46ec00 fn= 3 HdrRenderState mRenderHdrSdrRatio=1.0 caller= android.view.SyncRtSurfaceTransactionApplier.applyTransaction:100 android.view.SyncRtSurfaceTransactionApplier.lambda$scheduleApply$0:73 android.view.SyncRtSurfaceTransactionApplier.$r8$lambda$afI4fXg3U3-nBZQEDQMiNy-B06s:0
03-02 00:57:07.125  2013  3645 I ImeTracker: system_server:c8967841: onRequestHide at ORIGIN_SERVER reason IME_REQUESTED_CHANGED_LISTENER fromUser false
03-02 00:57:07.125  5235  5235 I HBD     : c needOff = true , isForceOff = false, isNullInputClass : true
03-02 00:57:07.125  5235  5235 I HBD     : c update cached prediction status : false
03-02 00:57:07.125  5235  5235 I HBD     : h getDefaultInputRange : UNKNOWN
03-02 00:57:07.125  5235  5235 I HBD     : a currentState : 0
03-02 00:57:07.126  2013  2067 I ImeTracker: system_server:c8967841: onCancelled at PHASE_SERVER_SHOULD_HIDE
03-02 00:57:07.126  5235  5235 I HBD     : a [UpdatePolicy] [post] a: 0 cl: 65538 kit: [0/0] vt: 0 ir: 1
03-02 00:57:07.127  5235  5235 I HBD     : a [NRIC] resetNoResponseState
03-02 00:57:07.127  5235  5235 I HBD     : c needOff = true , isForceOff = false, isNullInputClass : true
03-02 00:57:07.127  5235  5235 I HBD     : c update cached prediction status : false
03-02 00:57:07.127  5235  5235 I HBD     : b [AiWriter] setContact : com.podcast.app.debug
03-02 00:57:07.127  5235  5235 I HBD     : a [AiWriter] setContact : com.podcast.app.debug
03-02 00:57:07.128  5235  5235 I HBD     : o0 EBD si S 0
03-02 00:57:07.128  5235  5235 I HBD     : r updateContactDBLanguage : 65538
03-02 00:57:07.128  5235  5235 I HBD     : g isCoverDisplay : false, cached selected json info : SelectedLanguageInfo(languageVersion=4.2, currentLanguageOrder=0, selectedLanguageList=[SelectedLanguage(id=65538, isUsed=true, engName=English, inputType=qwerty, activeOptionList=[auto_replace, auto_spacing, writing_assistant, prediction], bilingualId=-1), SelectedLanguage(id=5308416, isUsed=true, engName=Arabic, inputType=qwerty, activeOptionList=[auto_replace, auto_spacing, prediction], bilingualId=-1)])
03-02 00:57:07.129  5235  5235 I HBD     : g updateSelectedLanguageCache is succeeded. English
03-02 00:57:07.130  5235  5235 I HBD     : l writeToFile path : /data/user/0/com.samsung.android.honeyboard/files/selected.json
03-02 00:57:07.130  5235  5235 I HBD     : l writeToFile json : {"version":"4.2","currentLanguageOrder":0,"selected":[{"activeOptionList":["auto_replace","auto_spacing","writing_assistant","prediction"],"bilingualId":-1,"engName":"English","id":65538,"inputType":"qwerty","isUsed":true},{"activeOptionList":["auto_replace","auto_spacing","prediction"],"bilingualId":-1,"engName":"Arabic","id":5308416,"inputType":"qwerty","isUsed":true}]}
03-02 00:57:07.132  1507  1507 I SurfaceFlinger: [Surface(name=2141cda InputMethod)/@0x5ea0b56 - animation-leash of insets_animation#155630] attach to parent LayerHierarchy{RequestedLayerState{WindowToken{4048e94 type=2011 android.os.Binder@219c2e7}#143 parentId=15} 2 children}
03-02 00:57:07.134  2746  2866 I VRI[debug]@ecc4e3f: mWNT: t=0xb40000772ad77300 mBlastBufferQueue=0xb4000076ae46ec00 fn= 4 HdrRenderState mRenderHdrSdrRatio=1.0 caller= android.view.SyncRtSurfaceTransactionApplier.applyTransaction:100 android.view.SyncRtSurfaceTransactionApplier.lambda$scheduleApply$0:73 android.view.SyncRtSurfaceTransactionApplier.$r8$lambda$afI4fXg3U3-nBZQEDQMiNy-B06s:0
03-02 00:57:07.134  5235  5235 I HBD     : l writeToFile complete
03-02 00:57:07.135  5235 18021 I HBD     : l Write selected lang for DE
03-02 00:57:07.135  5235 18021 I HBD     : l writeToFile path : /data/user_de/0/com.samsung.android.honeyboard/files/selected.json
03-02 00:57:07.135  5235 18021 I HBD     : l writeToFile json : {"version":"4.2","currentLanguageOrder":0,"selected":[{"activeOptionList":["auto_replace","auto_spacing","writing_assistant","prediction"],"bilingualId":-1,"engName":"English","id":65538,"inputType":"qwerty","isUsed":true},{"activeOptionList":["auto_replace","auto_spacing","prediction"],"bilingualId":-1,"engName":"Arabic","id":5308416,"inputType":"qwerty","isUsed":true}]}
03-02 00:57:07.135  5235  5235 I HBD     : g isCoverDisplay : false, cached selected json info : SelectedLanguageInfo(languageVersion=4.2, currentLanguageOrder=0, selectedLanguageList=[SelectedLanguage(id=65538, isUsed=true, engName=English, inputType=qwerty, activeOptionList=[auto_replace, auto_spacing, writing_assistant, prediction], bilingualId=-1), SelectedLanguage(id=5308416, isUsed=true, engName=Arabic, inputType=qwerty, activeOptionList=[auto_replace, auto_spacing, prediction], bilingualId=-1)])
03-02 00:57:07.135  5235  5235 I HBD     : n updateActionOptionFromPreference isCover = false
03-02 00:57:07.135  5235  5235 I HBD     : n before lang.activeOptionList =  [auto_replace, auto_spacing, writing_assistant, prediction]
03-02 00:57:07.137  5235  5235 I HBD     : n after lang.activeOptionList = [auto_replace, auto_spacing, writing_assistant, prediction]
03-02 00:57:07.137  1646  2917 I CameraService: onUidStateChanged: uid=10492, procState is changed. (19 -> 8)
03-02 00:57:07.138  5235  5235 I HBD     : l writeToFile path : /data/user/0/com.samsung.android.honeyboard/files/selected.json
03-02 00:57:07.138  5235  5235 I HBD     : l writeToFile json : {"version":"4.2","currentLanguageOrder":0,"selected":[{"activeOptionList":["auto_replace","auto_spacing","writing_assistant","prediction"],"bilingualId":-1,"engName":"English","id":65538,"inputType":"qwerty","isUsed":true},{"activeOptionList":["auto_replace","auto_spacing","prediction"],"bilingualId":-1,"engName":"Arabic","id":5308416,"inputType":"qwerty","isUsed":true}]}
03-02 00:57:07.138  2013  4829 W system_server: Large reply transaction of 325152 bytes, interface descriptor android.app.IActivityTaskManager, code 26
03-02 00:57:07.142  5235  5235 I HBD     : l writeToFile complete
03-02 00:57:07.142  5235  5235 I HBD     : m normal : updateLanguage : English
03-02 00:57:07.142  5235  5235 I HBD     : g isCoverDisplay : false, cached selected json info : SelectedLanguageInfo(languageVersion=4.2, currentLanguageOrder=0, selectedLanguageList=[SelectedLanguage(id=65538, isUsed=true, engName=English, inputType=qwerty, activeOptionList=[auto_replace, auto_spacing, writing_assistant, prediction], bilingualId=-1), SelectedLanguage(id=5308416, isUsed=true, engName=Arabic, inputType=qwerty, activeOptionList=[auto_replace, auto_spacing, prediction], bilingualId=-1)])
03-02 00:57:07.142  5235 18022 I HBD     : l Write selected lang for DE
03-02 00:57:07.143  5235 18022 I HBD     : l writeToFile path : /data/user_de/0/com.samsung.android.honeyboard/files/selected.json
03-02 00:57:07.143  5235 18022 I HBD     : l writeToFile json : {"version":"4.2","currentLanguageOrder":0,"selected":[{"activeOptionList":["auto_replace","auto_spacing","writing_assistant","prediction"],"bilingualId":-1,"engName":"English","id":65538,"inputType":"qwerty","isUsed":true},{"activeOptionList":["auto_replace","auto_spacing","prediction"],"bilingualId":-1,"engName":"Arabic","id":5308416,"inputType":"qwerty","isUsed":true}]}
03-02 00:57:07.143  5235 18021 I HBD     : l writeToFile complete
03-02 00:57:07.143  5235  5235 I HBD     : g isCoverDisplay : false, cached selected json info : SelectedLanguageInfo(languageVersion=4.2, currentLanguageOrder=0, selectedLanguageList=[SelectedLanguage(id=65538, isUsed=true, engName=English, inputType=qwerty, activeOptionList=[auto_replace, auto_spacing, writing_assistant, prediction], bilingualId=-1), SelectedLanguage(id=5308416, isUsed=true, engName=Arabic, inputType=qwerty, activeOptionList=[auto_replace, auto_spacing, prediction], bilingualId=-1)])
03-02 00:57:07.143  5235  5235 I HBD     : n updateActionOptionFromPreference isCover = false
03-02 00:57:07.143  5235  5235 I HBD     : n before lang.activeOptionList =  [auto_replace, auto_spacing, writing_assistant, prediction]
03-02 00:57:07.143  1507  1507 I SurfaceFlinger: RequestedLayer [Surface(name=2141cda InputMethod)/@0[...]ion-leash of insets_animation#155630] hidden!! flag  from(1) --> to(0)
03-02 00:57:07.143  1507  1507 E SurfaceFlinger: alpha changed 1.000 -> 0.000 - Surface(name=2141cda InputMethod)/@0x5ea0b56 - animation-leash of insets_animation#155630
03-02 00:57:07.143  1507  1507 I SurfaceFlinger: [LayerHierarchy{RequestedLayerState{ImeContainer#15 parentId=155617 relativeParentId=155617 z=3} 1 children}] reparent to LayerHierarchy{RequestedLayerState{ActivityRecord{178698076 u0 com.podcast.app.debug/androidx.activity.ComponentActivity t44854}#155617 parentId=155616} 4 children}
03-02 00:57:07.143  1507  1507 I SurfaceFlinger: [LayerHierarchy{RequestedLayerState{ImeContainer#15 parentId=155617 relativeParentId=155617 z=3} 1 children}] RelativeParent to null
03-02 00:57:07.143  1507  1507 I SurfaceFlinger: [LayerHierarchy{RequestedLayerState{2141cda InputMethod#159 parentId=155630} no children}] reparent to LayerHierarchy{RequestedLayerState{Surface(name=2141cda InputMethod)/@0x5ea0b56 - animation-leash of insets_animation#155630 parentId=143} 1 children}
03-02 00:57:07.143  1507  1507 I SurfaceFlinger: [LayerHierarchy{RequestedLayerState{Surface(name=2141cda InputMethod)/@0x5ea0b56 - animation-leash of insets_animation#155613} no children}] reparent to OffscreenRoot
03-02 00:57:07.143  1507  1507 I SurfaceFlinger: [LayerHierarchy{RequestedLayerState{Surface(name=2141cda InputMethod)/@0x5ea0b56 - animation-leash of insets_animation#155613} no children}] RelativeParent to null
03-02 00:57:07.144  2746  2865 I VRI[debug]@ecc4e3f: mWNT: t=0xb40000772adfdc80 mBlastBufferQueue=0xb4000076ae46ec00 fn= 5 HdrRenderState mRenderHdrSdrRatio=1.0 caller= android.view.SyncRtSurfaceTransactionApplier.applyTransaction:100 android.view.SyncRtSurfaceTransactionApplier.lambda$scheduleApply$0:73 android.view.SyncRtSurfaceTransactionApplier.$r8$lambda$afI4fXg3U3-nBZQEDQMiNy-B06s:0
03-02 00:57:07.144  5235 18022 I HBD     : l writeToFile complete
03-02 00:57:07.146  5235  5235 I HBD     : n after lang.activeOptionList = [auto_replace, auto_spacing, writing_assistant, prediction]
03-02 00:57:07.146  1507  2128 I SurfaceFlinger: onHandleDestroyed: layerId=155613, name=Surface(name=2141cda InputMethod)/@0x5ea0b56 - animation-leash of insets_animation#155613
03-02 00:57:07.147  1507  2128 I SurfaceFlinger: id=155613 Removed Surface(name=2141cda InputMethod)/@0x5ea0b56 - animation-leash of insets_animation#155613 (336)
03-02 00:57:07.147  5235  5235 I HBD     : l writeToFile path : /data/user/0/com.samsung.android.honeyboard/files/selected.json
03-02 00:57:07.147  5235  5235 I HBD     : l writeToFile json : {"version":"4.2","currentLanguageOrder":0,"selected":[{"activeOptionList":["auto_replace","auto_spacing","writing_assistant","prediction"],"bilingualId":-1,"engName":"English","id":65538,"inputType":"qwerty","isUsed":true},{"activeOptionList":["auto_replace","auto_spacing","prediction"],"bilingualId":-1,"engName":"Arabic","id":5308416,"inputType":"qwerty","isUsed":true}]}
03-02 00:57:07.148 14636 14636 D WM-SystemJobService: onStartJob for WorkGenerationalId(workSpecId=f23029b8-b7a3-4a93-aaf6-b7c7a26dfe9e, generation=0)
03-02 00:57:07.150  5235  5235 I HBD     : l writeToFile complete
03-02 00:57:07.151  5235  5235 I HBD     : m normal : updateLanguage : English
03-02 00:57:07.151 14636 15217 D WM-Processor: MutableConfig: processing WorkGenerationalId(workSpecId=f23029b8-b7a3-4a93-aaf6-b7c7a26dfe9e, generation=0)
03-02 00:57:07.151  5235  5235 I HBD     : g isCoverDisplay : false, cached selected json info : SelectedLanguageInfo(languageVersion=4.2, currentLanguageOrder=0, selectedLanguageList=[SelectedLanguage(id=65538, isUsed=true, engName=English, inputType=qwerty, activeOptionList=[auto_replace, auto_spacing, writing_assistant, prediction], bilingualId=-1), SelectedLanguage(id=5308416, isUsed=true, engName=Arabic, inputType=qwerty, activeOptionList=[auto_replace, auto_spacing, prediction], bilingualId=-1)])
03-02 00:57:07.151  5235  5235 I HBD     : g isCoverDisplay : false, cached selected json info : SelectedLanguageInfo(languageVersion=4.2, currentLanguageOrder=0, selectedLanguageList=[SelectedLanguage(id=65538, isUsed=true, engName=English, inputType=qwerty, activeOptionList=[auto_replace, auto_spacing, writing_assistant, prediction], bilingualId=-1), SelectedLanguage(id=5308416, isUsed=true, engName=Arabic, inputType=qwerty, activeOptionList=[auto_replace, auto_spacing, prediction], bilingualId=-1)])
03-02 00:57:07.151  5235  5235 I HBD     : g updateSelectedLanguageCache is succeeded. English
03-02 00:57:07.151  5235 18023 I HBD     : l Write selected lang for DE
03-02 00:57:07.151  5235 18023 I HBD     : l writeToFile path : /data/user_de/0/com.samsung.android.honeyboard/files/selected.json
03-02 00:57:07.151  5235 18023 I HBD     : l writeToFile json : {"version":"4.2","currentLanguageOrder":0,"selected":[{"activeOptionList":["auto_replace","auto_spacing","writing_assistant","prediction"],"bilingualId":-1,"engName":"English","id":65538,"inputType":"qwerty","isUsed":true},{"activeOptionList":["auto_replace","auto_spacing","prediction"],"bilingualId":-1,"engName":"Arabic","id":5308416,"inputType":"qwerty","isUsed":true}]}
03-02 00:57:07.152  5235  5235 I HBD     : l writeToFile path : /data/user/0/com.samsung.android.honeyboard/files/selected.json
03-02 00:57:07.152  5235  5235 I HBD     : l writeToFile json : {"version":"4.2","currentLanguageOrder":0,"selected":[{"activeOptionList":["auto_replace","auto_spacing","writing_assistant","prediction"],"bilingualId":-1,"engName":"English","id":65538,"inputType":"qwerty","isUsed":true},{"activeOptionList":["auto_replace","auto_spacing","prediction"],"bilingualId":-1,"engName":"Arabic","id":5308416,"inputType":"qwerty","isUsed":true}]}
03-02 00:57:07.154  1507  1507 I SurfaceFlinger: destroyed Surface(name=2141cda InputMethod)/@0x5ea0b56 - animation-leash of insets_animation#155613
03-02 00:57:07.155  1445  2902 W C2MtkBufferManager: [0xB4000070F507E520] fetchNewCcBlock: wait fence 0x0xb4000070f5058270 timed out. ret 110
03-02 00:57:07.155  2991  3778 D SatelliteController: isInCarrierRoamingNbIotNtn: satellite is disabled
03-02 00:57:07.156  2013  3645 W system_server: Large reply transaction of 325152 bytes, interface descriptor android.app.IActivityTaskManager, code 26
03-02 00:57:07.156  1507  1507 I Layer   : id=155613 Destroyed Surface(name=2141cda InputMethod)/@0x5ea0b56 - animation-leash of insets_animation#155613
03-02 00:57:07.157  5235  5235 I HBD     : l writeToFile complete
03-02 00:57:07.157  2746  2866 I VRI[debug]@ecc4e3f: mWNT: t=0xb40000771f55e980 mBlastBufferQueue=0xb4000076ae46ec00 fn= 6 HdrRenderState mRenderHdrSdrRatio=1.0 caller= android.view.SyncRtSurfaceTransactionApplier.applyTransaction:100 android.view.SyncRtSurfaceTransactionApplier.lambda$scheduleApply$0:73 android.view.SyncRtSurfaceTransactionApplier.$r8$lambda$afI4fXg3U3-nBZQEDQMiNy-B06s:0
03-02 00:57:07.158  5235  5235 I HBD     : g isCoverDisplay : false, cached selected json info : SelectedLanguageInfo(languageVersion=4.2, currentLanguageOrder=0, selectedLanguageList=[SelectedLanguage(id=65538, isUsed=true, engName=English, inputType=qwerty, activeOptionList=[auto_replace, auto_spacing, writing_assistant, prediction], bilingualId=-1), SelectedLanguage(id=5308416, isUsed=true, engName=Arabic, inputType=qwerty, activeOptionList=[auto_replace, auto_spacing, prediction], bilingualId=-1)])
03-02 00:57:07.158  5235  5235 I HBD     : g updateSelectedLanguageCache is succeeded. English
03-02 00:57:07.158  5235 18024 I HBD     : l Write selected lang for DE
03-02 00:57:07.158  5235 18024 I HBD     : l writeToFile path : /data/user_de/0/com.samsung.android.honeyboard/files/selected.json
03-02 00:57:07.158  5235 18024 I HBD     : l writeToFile json : {"version":"4.2","currentLanguageOrder":0,"selected":[{"activeOptionList":["auto_replace","auto_spacing","writing_assistant","prediction"],"bilingualId":-1,"engName":"English","id":65538,"inputType":"qwerty","isUsed":true},{"activeOptionList":["auto_replace","auto_spacing","prediction"],"bilingualId":-1,"engName":"Arabic","id":5308416,"inputType":"qwerty","isUsed":true}]}
03-02 00:57:07.158  5235  5235 I HBD     : l writeToFile path : /data/user/0/com.samsung.android.honeyboard/files/selected.json
03-02 00:57:07.158  5235  5235 I HBD     : l writeToFile json : {"version":"4.2","currentLanguageOrder":0,"selected":[{"activeOptionList":["auto_replace","auto_spacing","writing_assistant","prediction"],"bilingualId":-1,"engName":"English","id":65538,"inputType":"qwerty","isUsed":true},{"activeOptionList":["auto_replace","auto_spacing","prediction"],"bilingualId":-1,"engName":"Arabic","id":5308416,"inputType":"qwerty","isUsed":true}]}
03-02 00:57:07.159 14636 14636 D WM-WorkerWrapper: Starting work for com.urbanairship.job.AirshipWorker
03-02 00:57:07.159  5235 18023 I HBD     : l writeToFile complete
03-02 00:57:07.159 14636 14636 V Ana Vodafone - UALib: AirshipWorker - Running job: JobInfo{action='ACTION_UPDATE_CHANNEL', airshipComponentName='com.urbanairship.channel.AirshipChannel', isNetworkAccessRequired=true, minDelayMs=0, conflictStrategy=2, initialBackOffMs=30000, extras={}, rateLimitIds=[]}, work Id: f23029b8-b7a3-4a93-aaf6-b7c7a26dfe9e run attempt: 278
03-02 00:57:07.159  3438  3438 I EPDG -- SIM1 [SMARTCELLULAR]: onSignalStrengthsChanged: SignalStrength:{mCdma=Invalid,mGsm=Invalid,mWcdma=Invalid,mTdscdma=Invalid,mLte=CellSignalStrengthLte: rssi=-99 rsrp=-98 rsrq=-14 rssnr=3 cqiTableIndex=2147483647 cqi=2147483647 ta=2147483647 level=4 parametersUseForLevel=0,mNr=Invalid,SignalBarInfo{ lteLevel=3 },rat=14,primary=CellSignalStrengthLte}
03-02 00:57:07.160 14636 14636 V Ana Vodafone - UALib: JobDispatcher - Running job: JobInfo{action='ACTION_UPDATE_CHANNEL', airshipComponentName='com.urbanairship.channel.AirshipChannel', isNetworkAccessRequired=true, minDelayMs=0, conflictStrategy=2, initialBackOffMs=30000, extras={}, rateLimitIds=[]}, run attempt: 278
03-02 00:57:07.160  3438  4448 I EPDG -- SIM1 [SMARTCELLULAR]: lastLteRSRP is -98 currentLteRSRP is -98 lastLteRSRQ is -13 currentLteRSRQ is -14 lastLteSNR is 3 currentLteSNR is 3
03-02 00:57:07.160  2013  3645 D SecContentProvider: query(), uri = 17 selection = isSettingsChangesAllowed
03-02 00:57:07.162  2013  4845 D SecContentProvider: query(), uri = 17 selection = isSettingsChangesAllowed
03-02 00:57:07.162  5235 12848 I HBD     : u updated Sub Types. English
03-02 00:57:07.164  5235 18025 I HBD     : b InputMethodSubtype is set as local:en_GB
03-02 00:57:07.164  2991  3002 I LocationAccessPolicy: checkLocationPermission - callingUid: 10492, callingPid: 14636, result: DENIED_SOFT
03-02 00:57:07.165  2991  3002 I LocationAccessPolicy: checkLocationPermission - callingUid: 10492, callingPid: 14636, result: DENIED_SOFT
03-02 00:57:07.166  5235 18024 E AtomicFile: Failed to rename /data/user_de/0/com.samsung.android.honeyboard/files/selected.json.new to /data/user_de/0/com.samsung.android.honeyboard/files/selected.json
03-02 00:57:07.166  5235 18024 I HBD     : l writeToFile complete
03-02 00:57:07.168  5235  5235 I HBD     : l writeToFile complete
03-02 00:57:07.168  5235  5235 I HBD     : a [UpdatePolicy] [post] a: 31 cl: 65538 kit: [0/0] vt: 0 ir: 1
03-02 00:57:07.170  5235 18026 I HBD     : l Write selected lang for DE
03-02 00:57:07.170  5235 18026 I HBD     : l writeToFile path : /data/user_de/0/com.samsung.android.honeyboard/files/selected.json
03-02 00:57:07.170  5235 18026 I HBD     : l writeToFile json : {"version":"4.2","currentLanguageOrder":0,"selected":[{"activeOptionList":["auto_replace","auto_spacing","writing_assistant","prediction"],"bilingualId":-1,"engName":"English","id":65538,"inputType":"qwerty","isUsed":true},{"activeOptionList":["auto_replace","auto_spacing","prediction"],"bilingualId":-1,"engName":"Arabic","id":5308416,"inputType":"qwerty","isUsed":true}]}
03-02 00:57:07.170  2013  3645 D SecContentProvider: query(), uri = 17 selection = isSettingsChangesAllowed
03-02 00:57:07.170  2013  2834 I WindowManager: Relayout Window{42ef219 u0 Splash Screen com.podcast.app.debug}: viewVisibility=8 req=1080x2340 ty=3 d0
03-02 00:57:07.171  5235 18026 I HBD     : l writeToFile complete
03-02 00:57:07.172  2013  4823 D SecContentProvider: query(), uri = 17 selection = isSettingsChangesAllowed
03-02 00:57:07.172  1646  2917 I CameraService: onUidStateChanged: uid=10062, procState is changed. (1 -> 0)
03-02 00:57:07.172 14885 16784 D Native  : [TTNativeML] NativeMLTaskRunner 2.3-2.4 code：BuildInputs: CostTime 0.24 ms
03-02 00:57:07.172 14885 16784 D Native  : [TTNativeML] NativeMLTaskRunner 3-4 code：AdapterSetInputs: cost time 0.08 ms
03-02 00:57:07.172 14885 16784 D Native  : [TTNativeML] NativeMLTaskRunner 4-5 code：AdapterInference: cost time 0.19 ms
03-02 00:57:07.173  5235  5235 I HBD     : HoneyBoardService [PF_OP][onStartInput]  51 ms
03-02 00:57:07.173  5235  5235 I InputMethodService: scheduleImeSurfaceRemoval: removeImeSurface is posted.
03-02 00:57:07.174  2013  2834 I WindowManager: Relayout hash=42ef219, pid=2746, syncId=-1: mAttrs={(0,0)(fillxfill) sim={adjust=pan} layoutInDisplayCutoutMode=always ty=APPLICATION_STARTING fmt=TRANSLUCENT wanim=0x1030317
03-02 00:57:07.174  2013  2834 I WindowManager:   fl=81030118
03-02 00:57:07.174  2013  2834 I WindowManager:   pfl=10000810
03-02 00:57:07.174  2013  2834 I WindowManager:   bhv=1
03-02 00:57:07.174  2013  2834 I WindowManager:   fitSides=0
03-02 00:57:07.174  2013  2834 I WindowManager:   frameRateBoostOnTouch=true
03-02 00:57:07.174  2013  2834 I WindowManager:   dvrrWindowFrameRateHint=true naviIconColor=0}
03-02 00:57:07.174  1484  1816 V APM_AudioPolicyManager: stopOutput portId 13560
03-02 00:57:07.174  1484  1816 V APM_AudioPolicyManager: stopOutput() output 21, stream 3, session 126033
03-02 00:57:07.174  1484  1816 V APM_AudioPolicyManager: setBeaconMute(1) mBeaconMuteRefCount=8 mBeaconPlayingRefCount=0
03-02 00:57:07.174  1484  1816 V APM_AudioPolicyManager: getNewOutputDevices selected devices AUDIO_DEVICE_NONE
03-02 00:57:07.174  1484  1816 V APM_AudioPolicyManager: setOutputDevices caller stopSource[[portId:5][io:21, deep-buffer]] device AUDIO_DEVICE_NONE delayMs 170
03-02 00:57:07.174  2746  2808 I VRI[debug]@ecc4e3f: onActiveControlsChanged, removed=false, mAdded=true, caller=android.view.ViewRootImpl.handleInsetsControlChanged:3002 android.view.ViewRootImpl.relayoutWindow:11629 android.view.ViewRootImpl.performTraversals:4804 android.view.ViewRootImpl.doTraversal:3924 android.view.ViewRootImpl$TraversalRunnable.run:12903
03-02 00:57:07.174  5235 12848 I HBD     : u updated Sub Types. English
03-02 00:57:07.175  2746  2808 I VRI[debug]@ecc4e3f: Relayout returned: old=(0,0,1080,2340) new=(0,0,1080,2340) relayoutAsync=false req=(1080,2340)8 dur=4 res=0x2 s={false 0x0} ch=true seqId=0
03-02 00:57:07.175  2746  2808 D VRI[debug]@ecc4e3f: Not drawing due to not visible. Reason=View.GONE
03-02 00:57:07.175  2746  2808 W WindowOnBackDispatcher: sendCancelIfRunning: isInProgress=false callback=android.view.ViewRootImpl$$ExternalSyntheticLambda16@e145736
03-02 00:57:07.175  2013  4845 W system_server: Large reply transaction of 325152 bytes, interface descriptor android.app.IActivityTaskManager, code 26
03-02 00:57:07.175  2746  2808 I VRI[debug]@ecc4e3f: dispatchDetachedFromWindow
03-02 00:57:07.176  2991  3004 I LocationAccessPolicy: checkLocationPermission - callingUid: 10492, callingPid: 14636, result: DENIED_SOFT
03-02 00:57:07.176  2991  3004 I LocationAccessPolicy: checkLocationPermission - callingUid: 10492, callingPid: 14636, result: DENIED_SOFT
03-02 00:57:07.176  2013  3345 D InputTransport: Input channel destroyed: '42ef219', fd=1036
03-02 00:57:07.177  2746  2746 D SystemUIService: SYSUI_RAM_OPTIMIZATION onTrimMemory=20
03-02 00:57:07.177  2746  2746 D CentralSurfaces: SYSUI_RAM_OPTIMIZATION onTrimMemory=20
03-02 00:57:07.177  1484  1816 V APM_AudioPolicyManager: setOutputDevices caller stopSource[[portId:5][io:21, deep-buffer]] setting same device AUDIO_DEVICE_NONE or null device, force=0, patch handle=11429
03-02 00:57:07.177  1439 16888 D MTKAdapterStreamLayer: updateMetadataCommon(),
03-02 00:57:07.177  2746  2870 D HWUI    : CacheManager::trimMemory(20)
03-02 00:57:07.178  2746  2765 I BLASTBufferQueue: [VRI[debug]@ecc4e3f#7686](f:0,a:1,s:0) destructor()
03-02 00:57:07.178  5235 18028 I HBD     : b InputMethodSubtype is set as local:en_GB
03-02 00:57:07.178  2746  2765 D BufferQueueConsumer: [VRI[debug]@ecc4e3f#7686(BLAST Consumer)7686](id:aba00001e06,api:0,p:-1,c:2746) disconnect
03-02 00:57:07.180  1484  1816 W AudioFlinger: moveEffectChain_ll: effect chain for session 0 not on source thread 0xb400007066671a50
03-02 00:57:07.180  1484  1816 V APM_AudioPolicyManager: selectOutputForMusicEffects selected output 13
03-02 00:57:07.184  2746  2808 D InputTransport: Input channel destroyed: '42ef219', fd=493
03-02 00:57:07.188  1507  1507 I SurfaceFlinger: RequestedLayer [Splash Screen com.podcast.app.debug$_2746#155619] hidden!! flag  from(0) --> to(1)
03-02 00:57:07.188  1507  1507 I SurfaceFlinger: [LayerHierarchy{RequestedLayerState{e850ef2 com.podcast.app.debug/androidx.activity.ComponentActivity#155623 parentId=155617} 1 children}] reparent to LayerHierarchy{RequestedLayerState{ActivityRecord{178698076 u0 com.podcast.app.debug/androidx.activity.ComponentActivity t44854}#155617 parentId=155616} 5 children}
03-02 00:57:07.188  1507  1507 I SurfaceFlinger: [LayerHierarchy{RequestedLayerState{Surface(name=e850ef2 com.podcast.app.debug/androidx.activity.ComponentActivity)/@0x1d7146d - animation-leash of starting_reveal#155629} no children}] reparent to OffscreenRoot
03-02 00:57:07.188  1507  1507 I SurfaceFlinger: [LayerHierarchy{RequestedLayerState{Surface(name=e850ef2 com.podcast.app.debug/androidx.activity.ComponentActivity)/@0x1d7146d - animation-leash of starting_reveal#155629} no children}] RelativeParent to null
03-02 00:57:07.190  2991  3002 I LocationAccessPolicy: checkLocationPermission - callingUid: 10492, callingPid: 14636, result: DENIED_SOFT
03-02 00:57:07.201  1507  1507 D SurfaceFlinger: Display 4627039422300187648 HWC layers:
03-02 00:57:07.201  1507  1507 D SurfaceFlinger:   SOLID_COLOR |                        0 | 00000002 | N/A          |    0.0    0.0    0.0    0.0 |    0    0   -1   -1 | Background for 68eb87 SurfaceView[co[...]weme.splash.SplashActivity]@0#155602 (0)
03-02 00:57:07.201  1507  1507 D SurfaceFlinger:   SOLID_COLOR |                        0 | 00000002 | N/A          |    0.0    0.0    0.0    0.0 |    0    0   -1   -1 | Background for 7086fb SurfaceView[co[...]weme.splash.SplashActivity]@0#155605 (0)
03-02 00:57:07.201  1507  1507 D SurfaceFlinger:   SOLID_COLOR |                        0 | 00000002 | N/A          |    0.0    0.0    0.0    0.0 |    0    0   -1   -1 | Background for 836459b SurfaceView[c[...]weme.splash.SplashActivity]@0#155608 (0)
03-02 00:57:07.201  1507  1507 D SurfaceFlinger:        CLIENT |           63930588201740 | 00000102 | 0x32315659   |  195.0    0.0  720.0 1280.0 |    0   80  787 2000 | 7086fb SurfaceView[com.zhiliaoapp.mu[...]lash.SplashActivity]@0(BLAST)#155604 (20)
03-02 00:57:07.201  1507  1507 D SurfaceFlinger:        CLIENT |           63930588201696 | 00002100 | RGBA_8888    |  293.0    0.0 1080.0 2340.0 |    0    0 1080 2340 | com.zhiliaoapp.musically/com.ss.andr[...].splash.
03-02 00:57:07.202  1507  1507 D SurfaceFlinger: SplashActivity$_14885#155596 (7)
03-02 00:57:07.202  1507  1507 D SurfaceFlinger:   SOLID_COLOR |                        0 | 00000000 | N/A          |    0.0    0.0    0.0    0.0 |    0    0 1080 2340 | DimTransitionLayer for Surface(name=Task=44854)/@0xd879909#155621 (0)
03-02 00:57:07.202  1507  1507 D SurfaceFlinger:        DEVICE |           73534135074848 | 00002102 | RGBA_8888    |    0.0    0.0  938.0 2340.0 |  142    0 1080 2340 | com.podcast.app.debug/androidx.activity.ComponentActivity$_17121#155624 (1)
03-02 00:57:07.202  1507  1507 D SurfaceFlinger:        DEVICE |           11793980281878 | 00002100 | RGBA_8888    |    0.0    0.0 1080.0   80.0 |    0    0 1080   80 | StatusBar$_2746#117 (210926)
03-02 00:57:07.202  1507  1507 D SurfaceFlinger:        DEVICE |           13752485304097 | 00002100 | RGBA_8888    |    0.0    0.0   67.0  346.0 | 1013  454 1080  800 | com.sec.android.app.launcher/com.sam[...].app.CocktailBarService$_3202#152779 (1)
03-02 00:57:07.202  1507  1507 D SurfaceFlinger:        DEVICE |           11793980281862 | 00002100 | RGBA_8888    |    0.0    0.0 1080.0  135.0 |    0 2205 1080 2340 | NavigationBar0$_2746#113 (187564)
03-02 00:57:07.202  1507  1507 D SurfaceFlinger:
03-02 00:57:07.218  1507  1825 I SurfaceFlinger: Capture layer list: 	 com.zhiliaoapp.musically/com.ss.android.ugc.aweme.splash.SplashActivity$_14885#155596(seamlessTransition:0)
03-02 00:57:07.218  1507  1825 I SurfaceFlinger: Capture layer list: 	 DimTransitionLayer for Surface(name=Task=44854)/@0xd879909#155621(seamlessTransition:0)
03-02 00:57:07.218  1507  1825 I SurfaceFlinger: Capture layer list: 	 com.podcast.app.debug/androidx.activity.ComponentActivity$_17121#155624(seamlessTransition:0)
03-02 00:57:07.225  5235 12847 I HBD     : a [SKE_SPECIFIC] specific model[com.podcast.app.debug] loaded, 49521000 ns
03-02 00:57:07.228  1445  2902 W C2MtkBufferManager: [0xB4000070F507E520] fetchNewCcBlock: wait fence 0x0xb4000070f5058270 timed out. ret 110
03-02 00:57:07.262  2991  3778 D SatelliteController: isInCarrierRoamingNbIotNtn: satellite is disabled
