03-02 00:57:40.748  3202  3202 I HoneySpace.EdgePanel.ActivityUtils: HomePackage : com.sec.android.app.launcher, resumePackageName : com.zhiliaoapp.musically, className : com.ss.android.ugc.aweme.main.MainActivity
03-02 00:57:40.748  1507  1507 I Layer   : id=156705 Destroyed Surface(name=a5d3a68 StatusBar)/@0xd5726d6 - animation-leash of insets_animation#156705
03-02 00:57:40.748  1507  1507 I Layer   : id=156704 Destroyed Surface(name=c536234 NavigationBar0)/@0xfac847b - animation-leash of insets_animation#156704
03-02 00:57:40.751  1445  2902 W C2MtkBufferManager: [0xB4000070F507E520] fetchNewCcBlock: wait fence 0x0xb4000070f5058270 timed out. ret 110
03-02 00:57:40.752  2013  2065 D PkgPredictorService-SecIpmManagerServiceImpl: onForegroundActivitiesChanged pid:14885 uid:10350
03-02 00:57:40.753 14885 14885 I System.out: SAFActivity V Scene Framework: NavigationMessageQueue postSync run current task finish 14_Y.ARunnableS108S0200000_32@913db96
03-02 00:57:40.753 14885 14885 I System.out: SAFActivity V Scene Framework: NavigationMessageQueue postSync finish
03-02 00:57:40.753 14885 14885 I System.out: SceneSafeLifecycleDispatcher: onStarted End START
03-02 00:57:40.753 14885 14885 I System.out: SAFActivity: com.ss.android.ugc.aweme.main.MainActivity@c20428f,  onStart End
03-02 00:57:40.755 14636 14636 D WM-SystemJobService: onStartJob for WorkGenerationalId(workSpecId=f23029b8-b7a3-4a93-aaf6-b7c7a26dfe9e, generation=0)
03-02 00:57:40.756 14885 14885 I System.out: SAFActivity: com.ss.android.ugc.aweme.main.MainActivity@c20428f,  onResume Start
03-02 00:57:40.757 14636 15263 D WM-Processor: MutableConfig: processing WorkGenerationalId(workSpecId=f23029b8-b7a3-4a93-aaf6-b7c7a26dfe9e, generation=0)
03-02 00:57:40.759 14885 14885 I System.out: SceneSafeLifecycleDispatcher: onResumed Start
03-02 00:57:40.759 14885 14885 I System.out: SAFActivity V Scene Framework: NavigationMessageQueue postSync start
03-02 00:57:40.759 14885 14885 I System.out: SAFActivity V Scene Framework: NavigationMessageQueue postSync run current task start 14_Y.ARunnableS108S0200000_32@ea43878
03-02 00:57:40.759 14885 14885 I System.out: SAFActivity V Scene Framework: NavigationSceneManager Sync Scene SAFFragmentRootScene{79e191c} Lifecycle [STARTED -> RESUMED] without saved State
03-02 00:57:40.759 14885 14885 I System.out: SAFFragmentRootScene: onResume Start (SAFFragmentRootScene{79e191c})
03-02 00:57:40.760 14885 16208 W AudioManager: Use of stream types is deprecated for operations other than volume control
03-02 00:57:40.760 14885 16208 W AudioManager: See the documentation of requestAudioFocus() for what to use instead with android.media.AudioAttributes to qualify your playback use case
03-02 00:57:40.763  1646 10643 I CameraService: onUidStateChanged: uid=10492, procState is changed. (19 -> 8)
03-02 00:57:40.764  2013  4844 I MediaFocusControl: requestAudioFocus() from uid/pid 10350/14885 AA=USAGE_MEDIA/CONTENT_TYPE_UNKNOWN clientId=android.media.AudioManager@b7fcc9dX.143s@4302512 callingPack=com.zhiliaoapp.musically req=2 flags=0x0 sdk=35
03-02 00:57:40.764 25915 26075 I Rubin   : [4019] com.samsung.android.rubin.inferenceengine.contextanalytics.engine.monitors.moment.exercise.ExercisingWithCalendarMonitor.isSatisfiedByCalendarEvent(Unknown Source) : isSatisfiedByCalendarEvent is false
03-02 00:57:40.768 25915 26075 I Rubin   : [4019] com.samsung.android.rubin.inferenceengine.contextanalytics.engine.monitors.moment.exercise.ExercisingWithCmhMonitor.isSatisfiedByCmh(Unknown Source) : isSatisfiedByCmh is false
03-02 00:57:40.768 14885 14885 I DecorView: setWindowBackground: isPopOver=false color=ff000000 d=android.graphics.drawable.ColorDrawable@ff418a2
03-02 00:57:40.771 14885 17075 W System.err: FlagsHookHelper: skip hook flags method getInstanceHook
03-02 00:57:40.772  2013  4844 D AS.AudioService: [Android Auto] isConnectedAndroidAuto = false
03-02 00:57:40.772  2013  4844 D MediaFocusControl: selectFocusStack, uid = 10350, appDevice = 0, device = 2
03-02 00:57:40.772  2013  4844 I MediaFocusControl: removeFocusStackEntry client:android.media.AudioManager@b7fcc9dX.143s@4302512
03-02 00:57:40.772  2013  4844 I MediaFocusControl: propagateFocusLossFromGain_syncAf gain:2
03-02 00:57:40.772  2013  4844 I MediaFocusControl: propagateFocusLossFromGain_syncAf empty stack
03-02 00:57:40.774 14885 16246 D AudioTrack: setVolume(1.000000, 1.000000) pid : 14885
03-02 00:57:40.776 14636 14636 D WM-WorkerWrapper: Starting work for com.urbanairship.job.AirshipWorker
03-02 00:57:40.776 14636 14636 V Ana Vodafone - UALib: AirshipWorker - Running job: JobInfo{action='ACTION_UPDATE_CHANNEL', airshipComponentName='com.urbanairship.channel.AirshipChannel', isNetworkAccessRequired=true, minDelayMs=0, conflictStrategy=2, initialBackOffMs=30000, extras={}, rateLimitIds=[]}, work Id: f23029b8-b7a3-4a93-aaf6-b7c7a26dfe9e run attempt: 322
03-02 00:57:40.777 14636 14636 V Ana Vodafone - UALib: JobDispatcher - Running job: JobInfo{action='ACTION_UPDATE_CHANNEL', airshipComponentName='com.urbanairship.channel.AirshipChannel', isNetworkAccessRequired=true, minDelayMs=0, conflictStrategy=2, initialBackOffMs=30000, extras={}, rateLimitIds=[]}, run attempt: 322
03-02 00:57:40.779  1445 18689 W C2MtkBufferManager: [0xB4000070F68A8D20] fetchNewCcBlock: wait fence 0x0xb4000070f692fcb0 timed out. ret 110
03-02 00:57:40.782  1646 10643 I CameraService: onUidStateChanged: uid=10235, procState is changed. (4 -> 3)
03-02 00:57:40.783 14252 14252 I BadgeCountReceiver: onReceive: Intent { act=android.intent.action.BADGE_COUNT_UPDATE flg=0x1000010 xflg=0x4 cmp=com.sec.android.provider.badge/.BadgeCountReceiver (has extras) }
03-02 00:57:40.783 14885 14885 I System.out: SAFActivity V Scene Framework: NavigationMessageQueue postSync run current task finish 14_Y.ARunnableS108S0200000_32@ea43878
03-02 00:57:40.783 14885 14885 I System.out: SAFActivity V Scene Framework: NavigationMessageQueue postSync finish
03-02 00:57:40.783 14885 14885 I System.out: SceneSafeLifecycleDispatcher: onResumed End RESUME
03-02 00:57:40.784 14885 14885 I System.out: SAFActivity: com.ss.android.ugc.aweme.main.MainActivity@c20428f,  onResume End
03-02 00:57:40.786 14885 14885 I SV[6876039 SplashActivity]: onWindowVisibilityChanged(0) false X.0fk7{68eb87 V.E...... ........ 0,80-1080,2000} of VRI[SplashActivity]@35f4eb8
03-02 00:57:40.786 14885 14885 D SV[6876039 SplashActivity]: updateSurface: surface is not valid
03-02 00:57:40.786 14885 14885 I SV[6876039 SplashActivity]: releaseSurfaces: viewRoot = VRI[SplashActivity]@35f4eb8
03-02 00:57:40.786 14885 14885 D VRI[SplashActivity]@35f4eb8: applyTransactionOnDraw applyImmediately
03-02 00:57:40.786 14885 14885 I SV[7374587 SplashActivity]: onWindowVisibilityChanged(0) false X.0fk7{7086fb V.E...... ........ 0,80-1080,2000} of VRI[SplashActivity]@35f4eb8
03-02 00:57:40.786 14885 14885 D SV[7374587 SplashActivity]: updateSurface: surface is not valid
03-02 00:57:40.786 14885 14885 I SV[7374587 SplashActivity]: releaseSurfaces: viewRoot = VRI[SplashActivity]@35f4eb8
03-02 00:57:40.786 14885 14885 D VRI[SplashActivity]@35f4eb8: applyTransactionOnDraw applyImmediately
03-02 00:57:40.787 14885 14885 I SV[137774491 SplashActivity]: onWindowVisibilityChanged(0) false X.0fk7{836459b V.E...... ........ 0,81-1080,1998} of VRI[SplashActivity]@35f4eb8
03-02 00:57:40.787 14885 14885 D SV[137774491 SplashActivity]: updateSurface: surface is not valid
03-02 00:57:40.787 14885 14885 I SV[137774491 SplashActivity]: releaseSurfaces: viewRoot = VRI[SplashActivity]@35f4eb8
03-02 00:57:40.787 14885 14885 D VRI[SplashActivity]@35f4eb8: applyTransactionOnDraw applyImmediately
03-02 00:57:40.788  2013  2253 I WindowManager: Relayout Window{cd2d6b5 u0 com.zhiliaoapp.musically/com.ss.android.ugc.aweme.splash.SplashActivity}: viewVisibility=0 req=1080x2340 ty=1 d0
03-02 00:57:40.789  1507  1562 I SurfaceFlinger: id=156725 createSurf, flag=44004, com.zhiliaoapp.musically/com.ss.android.ugc.aweme.splash.SplashActivity$_14885#156725
03-02 00:57:40.793  1507  2393 I SurfaceFlinger: id=156726 createSurf, flag=24000, Surface(name=c536234 NavigationBar0)/@0xfac847b - animation-leash of insets_animation#156726
03-02 00:57:40.793 14252 14273 I BadgeCountReceiver: UpdateTask START: PendingResult hashCode: 115973443
03-02 00:57:40.793 14252 14273 I BadgeCountReceiver: packageName: com.zhiliaoapp.musically, className: com.ss.android.ugc.aweme.splash.SplashActivity, count: 0
03-02 00:57:40.794  1507  1562 I SurfaceFlinger: id=156727 createSurf, flag=24000, Surface(name=a5d3a68 StatusBar)/@0xd5726d6 - animation-leash of insets_animation#156727
03-02 00:57:40.795 14885 15878 W NaviWarn: StackPtr is not 8-byte aligned.
03-02 00:57:40.795  2013  2253 I SystemKeyManager: requested systemKeyInfo size=1 focusedWindow=com.zhiliaoapp.musically/com.ss.android.ugc.aweme.splash.SplashActivity
03-02 00:57:40.795  2013  2253 I SystemKeyManager: requested systemKeyInfo size=2 focusedWindow=com.zhiliaoapp.musically/com.ss.android.ugc.aweme.splash.SplashActivity
03-02 00:57:40.796  2013  2253 I WindowManager: Relayout hash=cd2d6b5, pid=14885, syncId=-1: mAttrs={(0,0)(fillxfill) sim={adjust=pan} layoutInDisplayCutoutMode=always ty=BASE_APPLICATION fmt=TRANSLUCENT wanim=0x1030317
03-02 00:57:40.796  2013  2253 I WindowManager:   fl=81810180
03-02 00:57:40.796  2013  2253 I WindowManager:   pfl=10008840
03-02 00:57:40.796  2013  2253 I WindowManager:   vsysui=400
03-02 00:57:40.796  2013  2253 I WindowManager:   apr=10
03-02 00:57:40.796  2013  2253 I WindowManager:   bhv=1
03-02 00:57:40.796  2013  2253 I WindowManager:   fitSides=0
03-02 00:57:40.796  2013  2253 I WindowManager:   frameRateBoostOnTouch=true
03-02 00:57:40.796  2013  2253 I WindowManager:   dvrrWindowFrameRateHint=true naviIconColor=0
03-02 00:57:40.796  2013  2253 I WindowManager:   sfl=100000}
03-02 00:57:40.797 14885 14885 D BufferQueueConsumer: [](id:3a250000008a,api:0,p:-1,c:14885) connect: controlledByApp=false
03-02 00:57:40.797 14885 14885 I BLASTBufferQueue: [VRI[SplashActivity]@35f4eb8#133](f:0,a:0,s:0) constructor()
03-02 00:57:40.797 14885 14885 I BLASTBufferQueue_Java: new BLASTBufferQueue, mName= VRI[SplashActivity]@35f4eb8 mNativeObject= 0x769b545000 caller= android.view.ViewRootImpl.updateBlastSurfaceIfNeeded:3585 android.view.ViewRootImpl.relayoutWindow:11685 android.view.ViewRootImpl.performTraversals:4804 android.view.ViewRootImpl.doTraversal:3924 android.view.ViewRootImpl$TraversalRunnable.run:12903 android.view.Choreographer$CallbackRecord.run:1901 android.view.Choreographer$CallbackRecord.run:1910 android.view.Choreographer.doCallbacks:1367 android.view.Choreographer.doFrame:1292 android.view.Choreographer$FrameDisplayEventReceiver.run:1870
03-02 00:57:40.797 14885 14885 I BLASTBufferQueue_Java: update, w= 1080 h= 2340 mName = VRI[SplashActivity]@35f4eb8 mNativeObject= 0x769b545000 sc.mNativeObject= 0x744f8c4000 format= -3 caller= android.view.ViewRootImpl.updateBlastSurfaceIfNeeded:3590 android.view.ViewRootImpl.relayoutWindow:11685 android.view.ViewRootImpl.performTraversals:4804 android.view.ViewRootImpl.doTraversal:3924 android.view.ViewRootImpl$TraversalRunnable.run:12903 android.view.Choreographer$CallbackRecord.run:1901
03-02 00:57:40.797 14885 14885 I BLASTBufferQueue: [VRI[SplashActivity]@35f4eb8#133](f:0,a:0,s:0) update width=1080 height=2340 format=-3 mTransformHint=0
03-02 00:57:40.797  2746  2746 D NavigationBar: onSystemBarAttributesChanged() -  displayId:0, appearance:16, packageName: com.zhiliaoapp.musically (APPEARANCE_LIGHT_NAVIGATION_BARS ), navbarColorManagedByIme:false
03-02 00:57:40.798 14885 14885 I VRI[SplashActivity]@35f4eb8: Relayout returned: old=(0,0,1080,2340) new=(0,0,1080,2340) relayoutAsync=false req=(1080,2340)0 dur=9 res=0x3 s={true 0x6fe0e8b000} ch=true seqId=0
03-02 00:57:40.799 14885 14885 D VRI[SplashActivity]@35f4eb8: mThreadedRenderer.initialize() mSurface={isValid=true 0x6fe0e8b000} hwInitialized=true
03-02 00:57:40.799 14885 14885 I SV[6876039 SplashActivity]: windowStopped(false) true X.0fk7{68eb87 V.E...... ........ 0,80-1080,2000} of VRI[SplashActivity]@35f4eb8
03-02 00:57:40.799 14885 14885 I SurfaceView: 6876039 Changes: creating=true format=false size=false visible=true alpha=false hint=false left=false top=false z=false attached=true lifecycleStrategy=false
03-02 00:57:40.800  1507  2393 I SurfaceFlinger: id=156728 createSurf, flag=20004, Bounds for - com.zhiliaoapp.musically/com.ss.android.ugc.aweme.splash.SplashActivity@31#156728
03-02 00:57:40.800  1507  1507 I SurfaceFlinger: [com.zhiliaoapp.musically/com.ss.android.ugc.aweme.splash.SplashActivity$_14885#156725] attach to parent LayerHierarchy{RequestedLayerState{cd2d6b5 com.zhiliaoapp.musically/com.ss.android.ugc.aweme.splash.SplashActivity#155210 parentId=147902} 1 children}
03-02 00:57:40.800  1507  1507 I SurfaceFlinger: [Surface(name=c536234 NavigationBar0)/@0xfac847b - animation-leash of insets_animation#156726] attach to parent LayerHierarchy{RequestedLayerState{WindowToken{5cf38d1 type=2019 android.os.BinderProxy@916675b}#101 parentId=34} 2 children}
03-02 00:57:40.800  1507  1507 I SurfaceFlinger: [Surface(name=a5d3a68 StatusBar)/@0xd5726d6 - animation-leash of insets_animation#156727] attach to parent LayerHierarchy{RequestedLayerState{WindowToken{d05298b type=2000 android.os.BinderProxy@163b705}#108 parentId=17} 2 children}
03-02 00:57:40.800  1507  1507 I SurfaceFlinger: [Bounds for - com.zhiliaoapp.musically/com.ss.android.ugc.aweme.splash.SplashActivity@31#156728] attach to parent LayerHierarchy{RequestedLayerState{com.zhiliaoapp.musically/com.ss.android.ugc.aweme.splash.SplashActivity$_14885#156725 parentId=155210} 1 children}
03-02 00:57:40.800  1507  2393 I SurfaceFlinger: id=156729 createSurf, flag=84004, 68eb87 SurfaceView[com.zhiliaoapp.musically/com.ss.android.ugc.aweme.splash.SplashActivity]@0#156729
03-02 00:57:40.801  2013  4844 W ParceledListSlice: Element #30 is 21544 bytes.
03-02 00:57:40.801  1507  1562 I SurfaceFlinger: id=156730 createSurf, flag=44400, 68eb87 SurfaceView[com.zhiliaoapp.musically/com.ss.android.ugc.aweme.splash.SplashActivity]@0(BLAST)#156730
03-02 00:57:40.802  1507  2128 I SurfaceFlinger: id=156731 createSurf, flag=20404, Background for 68eb87 SurfaceView[com.zhiliaoapp.musically/com.ss.android.ugc.aweme.splash.SplashActivity]@0#156731
03-02 00:57:40.802 14885 14885 D BufferQueueConsumer: [](id:3a250000008b,api:0,p:-1,c:14885) connect: controlledByApp=false
03-02 00:57:40.804 14252 14273 I BadgeProvider: sendNotify [uri]: content://com.sec.badge/apps, [notify]: null
03-02 00:57:40.804 14252 14273 I BadgeProvider: update, [calling package]: com.sec.android.provider.badge, [uri]: content://com.sec.badge/apps, [uri.query]: null, [BadgeCount]: badgecount=0, [UpdateCount]: 1
03-02 00:57:40.804 14885 14885 I BLASTBufferQueue: [68eb87 SurfaceView[com.zhiliaoapp.musically/com.ss.android.ugc.aweme.splash.SplashActivity]@0#134](f:0,a:0,s:0) constructor()
03-02 00:57:40.804 14252 14273 I BadgeCountReceiver: UpdateTask END: PendingResult hashCode: 115973443
03-02 00:57:40.804 14885 14885 I BLASTBufferQueue_Java: new BLASTBufferQueue, mName= 68eb87 SurfaceView[com.zhiliaoapp.musically/com.ss.android.ugc.aweme.splash.SplashActivity]@0 mNativeObject= 0x7450361c00 caller= android.view.SurfaceView.createBlastSurfaceControls:1781 android.view.SurfaceView.updateSurface:1450 android.view.SurfaceView.setWindowStopped:539 android.view.SurfaceView.surfaceCreated:2327 android.view.ViewRootImpl.notifySurfaceCreated:3502 android.view.ViewRootImpl.performTraversals:5286 android.view.ViewRootImpl.doTraversal:3924 android.view.ViewRootImpl$TraversalRunnable.run:12903 android.view.Choreographer$CallbackRecord.run:1901 android.view.Choreographer$CallbackRecord.run:1910
03-02 00:57:40.804 14885 14885 I BLASTBufferQueue_Java: update, w= 1080 h= 1920 mName = 68eb87 SurfaceView[com.zhiliaoapp.musically/com.ss.android.ugc.aweme.splash.SplashActivity]@0 mNativeObject= 0x7450361c00 sc.mNativeObject= 0x6fdfd2d200 format= 4 caller= android.view.SurfaceView.createBlastSurfaceControls:1782 android.view.SurfaceView.updateSurface:1450 android.view.SurfaceView.setWindowStopped:539 android.view.SurfaceView.surfaceCreated:2327 android.view.ViewRootImpl.notifySurfaceCreated:3502 android.view.ViewRootImpl.performTraversals:5286
03-02 00:57:40.804 14885 14885 I BLASTBufferQueue: [68eb87 SurfaceView[com.zhiliaoapp.musically/com.ss.android.ugc.aweme.splash.SplashActivity]@0#134](f:0,a:0,s:0) update width=1080 height=1920 format=4 mTransformHint=0
03-02 00:57:40.804 14885 14885 I SurfaceView: 6876039 Cur surface: Surface(name=null mNativeObject=0)/@0x56b4ffd
03-02 00:57:40.805 14885 14885 I SV[6876039 SplashActivity]: pST: sr = Rect(4320, -2080 - 5400, -160) sw = 1080 sh = 1920
03-02 00:57:40.805 14885 14885 D SurfaceView: 6876039 performSurfaceTransaction RenderWorker position = [4320, -2080, 5400, -160] surfaceSize = 1080x1920
03-02 00:57:40.805 14885 14885 I SV[6876039 SplashActivity]: updateSurface: mVisible = true mSurface.isValid() = true
03-02 00:57:40.805 14885 14885 I SV[6876039 SplashActivity]: updateSurface: mSurfaceCreated = false surfaceChanged = true visibleChanged = true
03-02 00:57:40.805 14885 14885 I SurfaceView: 6876039 visibleChanged -- surfaceCreated
03-02 00:57:40.805 14885 14885 I SV[6876039 SplashActivity]: surfaceCreated 1 #1 X.0fk7{68eb87 V.E...... ........ 0,80-1080,2000}
03-02 00:57:40.805 14885 14885 I SurfaceView: 6876039 surfaceChanged -- format=4 w=1080 h=1920
03-02 00:57:40.805 14885 14885 I SV[6876039 SplashActivity]: surfaceChanged (1080,1920) 1 #1 X.0fk7{68eb87 V.E...... ........ 0,80-1080,2000}
03-02 00:57:40.805 14885 14885 I SurfaceView: 6876039 surfaceRedrawNeeded
03-02 00:57:40.806 14885 14885 I SurfaceView: 6876039 finishedDrawing
03-02 00:57:40.806 14885 14885 V SurfaceView: Layout: x=4320 y=-2080 w=1080 h=1920, frame=Rect(0, 0 - 1080, 1920)
03-02 00:57:40.806 14885 14885 I SV[7374587 SplashActivity]: windowStopped(false) true X.0fk7{7086fb V.E...... ........ 0,80-1080,2000} of VRI[SplashActivity]@35f4eb8
03-02 00:57:40.806 14885 14885 I SurfaceView: 7374587 Changes: creating=true format=false size=false visible=true alpha=false hint=false left=false top=false z=false attached=true lifecycleStrategy=false
03-02 00:57:40.807  1507  1563 I SurfaceFlinger: id=156732 createSurf, flag=84004, 7086fb SurfaceView[com.zhiliaoapp.musically/com.ss.android.ugc.aweme.splash.SplashActivity]@0#156732
03-02 00:57:40.807 14885 16240 W System.err: FlagsHookHelper: skip hook flags method getInstanceHook
03-02 00:57:40.808  2013  2253 W system_server: Large reply transaction of 322012 bytes, interface descriptor android.app.IActivityTaskManager, code 26
03-02 00:57:40.808  1507  1563 I SurfaceFlinger: id=156733 createSurf, flag=44400, 7086fb SurfaceView[com.zhiliaoapp.musically/com.ss.android.ugc.aweme.splash.SplashActivity]@0(BLAST)#156733
03-02 00:57:40.809 14252 18139 I BadgeProvider: query, [calling package]: com.sec.android.app.launcher, [selection]: null
03-02 00:57:40.809  1507  1563 I SurfaceFlinger: id=156734 createSurf, flag=20404, Background for 7086fb SurfaceView[com.zhiliaoapp.musically/com.ss.android.ugc.aweme.splash.SplashActivity]@0#156734
03-02 00:57:40.809  3202 15778 I HoneySpace.RecentTasks: onRecentTasksChanged
03-02 00:57:40.810 14885 14885 D BufferQueueConsumer: [](id:3a250000008c,api:0,p:-1,c:14885) connect: controlledByApp=false
03-02 00:57:40.810 14885 14885 I BLASTBufferQueue: [7086fb SurfaceView[com.zhiliaoapp.musically/com.ss.android.ugc.aweme.splash.SplashActivity]@0#135](f:0,a:0,s:0) constructor()
03-02 00:57:40.810 14885 14885 I BLASTBufferQueue_Java: new BLASTBufferQueue, mName= 7086fb SurfaceView[com.zhiliaoapp.musically/com.ss.android.ugc.aweme.splash.SplashActivity]@0 mNativeObject= 0x6f01ff7400 caller= android.view.SurfaceView.createBlastSurfaceControls:1781 android.view.SurfaceView.updateSurface:1450 android.view.SurfaceView.setWindowStopped:539 android.view.SurfaceView.surfaceCreated:2327 android.view.ViewRootImpl.notifySurfaceCreated:3502 android.view.ViewRootImpl.performTraversals:5286 android.view.ViewRootImpl.doTraversal:3924 android.view.ViewRootImpl$TraversalRunnable.run:12903 android.view.Choreographer$CallbackRecord.run:1901 android.view.Choreographer$CallbackRecord.run:1910
03-02 00:57:40.810 14885 14885 I BLASTBufferQueue_Java: update, w= 1080 h= 1920 mName = 7086fb SurfaceView[com.zhiliaoapp.musically/com.ss.android.ugc.aweme.splash.SplashActivity]@0 mNativeObject= 0x6f01ff7400 sc.mNativeObject= 0x744f1dcf40 format= 4 caller= android.view.SurfaceView.createBlastSurfaceControls:1782 android.view.SurfaceView.updateSurface:1450 android.view.SurfaceView.setWindowStopped:539 android.view.SurfaceView.surfaceCreated:2327 android.view.ViewRootImpl.notifySurfaceCreated:3502 android.view.ViewRootImpl.performTraversals:5286
03-02 00:57:40.810 14885 14885 I BLASTBufferQueue: [7086fb SurfaceView[com.zhiliaoapp.musically/com.ss.android.ugc.aweme.splash.SplashActivity]@0#135](f:0,a:0,s:0) update width=1080 height=1920 format=4 mTransformHint=0
03-02 00:57:40.810 14885 14885 I SurfaceView: 7374587 Cur surface: Surface(name=null mNativeObject=0)/@0x5798c7e
03-02 00:57:40.811 14885 14885 I SV[7374587 SplashActivity]: pST: sr = Rect(0, 80 - 1080, 2000) sw = 1080 sh = 1920
03-02 00:57:40.811 14885 14885 D SurfaceView: 7374587 performSurfaceTransaction RenderWorker position = [0, 80, 1080, 2000] surfaceSize = 1080x1920
03-02 00:57:40.811 14885 14885 I SV[7374587 SplashActivity]: updateSurface: mVisible = true mSurface.isValid() = true
03-02 00:57:40.811 14885 14885 I SV[7374587 SplashActivity]: updateSurface: mSurfaceCreated = false surfaceChanged = true visibleChanged = true
03-02 00:57:40.811 14885 14885 I SurfaceView: 7374587 visibleChanged -- surfaceCreated
03-02 00:57:40.811 14885 14885 I SV[7374587 SplashActivity]: surfaceCreated 2 #1 X.0fk7{7086fb V.E...... ........ 0,80-1080,2000}
03-02 00:57:40.812  1507  1507 I SurfaceFlinger: [LayerHierarchy{RequestedLayerState{c536234 NavigationBar0#102 parentId=156726} 1 children}] reparent to LayerHierarchy{RequestedLayerState{Surface(name=c536234 NavigationBar0)/@0xfac847b - animation-leash of insets_animation#156726 parentId=101} 1 children}
03-02 00:57:40.812  1507  1507 I SurfaceFlinger: [LayerHierarchy{RequestedLayerState{a5d3a68 StatusBar#109 parentId=156727} 1 children}] reparent to LayerHierarchy{RequestedLayerState{Surface(name=a5d3a68 StatusBar)/@0xd5726d6 - animation-leash of insets_animation#156727 parentId=108} 1 children}
03-02 00:57:40.812  1507  1507 I SurfaceFlinger: [LayerHierarchy{RequestedLayerState{Surface(name=a5d3a68 StatusBar)/@0xd5726d6 - animation-leash of insets_animation#156724} no children}] reparent to OffscreenRoot
03-02 00:57:40.812  1507  1507 I SurfaceFlinger: [LayerHierarchy{RequestedLayerState{Surface(name=a5d3a68 StatusBar)/@0xd5726d6 - animation-leash of insets_animation#156724} no children}] RelativeParent to null
03-02 00:57:40.812  1507  1507 I SurfaceFlinger: [LayerHierarchy{RequestedLayerState{Surface(name=c536234 NavigationBar0)/@0xfac847b - animation-leash of insets_animation#156723} no children}] reparent to OffscreenRoot
03-02 00:57:40.812  1507  1507 I SurfaceFlinger: [LayerHierarchy{RequestedLayerState{Surface(name=c536234 NavigationBar0)/@0xfac847b - animation-leash of insets_animation#156723} no children}] RelativeParent to null
03-02 00:57:40.812  1507  1507 I SurfaceFlinger: [68eb87 SurfaceView[com.zhiliaoapp.musically/com.ss.android.ugc.aweme.splash.SplashActivity]@0#156729] attach to parent LayerHierarchy{RequestedLayerState{Bounds for - com.zhiliaoapp.musically/com.ss.android.ugc.aweme.splash.SplashActivity@31#156728 parentId=156725} 1 children}
03-02 00:57:40.812  1507  1507 I SurfaceFlinger: [68eb87 SurfaceView[com.zhiliaoapp.musically/com.ss.android.ugc.aweme.splash.SplashActivity]@0(BLAST)#156730] attach to parent LayerHierarchy{RequestedLayerState{68eb87 SurfaceView[com.zhiliaoapp.musically/com.ss.android.ugc.aweme.splash.SplashActivity]@0#156729 parentId=156728} 1 children}
03-02 00:57:40.812  1507  1507 I SurfaceFlinger: [Background for 68eb87 SurfaceView[com.zhiliaoapp.musically/com.ss.android.ugc.aweme.splash.SplashActivity]@0#156731] attach to parent LayerHierarchy{RequestedLayerState{68eb87 SurfaceView[com.zhiliaoapp.musically/com.ss.android.ugc.aweme.splash.SplashActivity]@0#156729 parentId=156728} 2 children}
03-02 00:57:40.812  1507  1507 I SurfaceFlinger: [7086fb SurfaceView[com.zhiliaoapp.musically/com.ss.android.ugc.aweme.splash.SplashActivity]@0#156732] attach to parent LayerHierarchy{RequestedLayerState{Bounds for - com.zhiliaoapp.musically/com.ss.android.ugc.aweme.splash.SplashActivity@31#156728 parentId=156725} 2 children}
03-02 00:57:40.812  1507  1507 I SurfaceFlinger: [7086fb SurfaceView[com.zhiliaoapp.musically/com.ss.android.ugc.aweme.splash.SplashActivity]@0(BLAST)#156733] attach to parent LayerHierarchy{RequestedLayerState{7086fb SurfaceView[com.zhiliaoapp.musically/com.ss.android.ugc.aweme.splash.SplashActivity]@0#156732 parentId=156728} 1 children}
03-02 00:57:40.812  1507  1507 I SurfaceFlinger: [Background for 7086fb SurfaceView[com.zhiliaoapp.musically/com.ss.android.ugc.aweme.splash.SplashActivity]@0#156734] attach to parent LayerHierarchy{RequestedLayerState{7086fb SurfaceView[com.zhiliaoapp.musically/com.ss.android.ugc.aweme.splash.SplashActivity]@0#156732 parentId=156728} 2 children}
03-02 00:57:40.816  2746  2808 I VRI[test]@9aff730: onActiveControlsChanged, removed=false, mAdded=true, caller=android.view.ViewRootImpl.handleInsetsControlChanged:3002 android.view.ViewRootImpl$ViewRootHandler.handleMessageImpl:8352 android.view.ViewRootImpl$ViewRootHandler.handleMessage:8301 android.os.Handler.dispatchMessage:110 android.os.Looper.loopOnce:273
03-02 00:57:40.816  1507  1907 I SurfaceFlinger: onHandleDestroyed: layerId=156723, name=Surface(name=c536234 NavigationBar0)/@0xfac847b - animation-leash of insets_animation#156723
03-02 00:57:40.816  1507  1907 I SurfaceFlinger: id=156723 Removed Surface(name=c536234 NavigationBar0)/@0xfac847b - animation-leash of insets_animation#156723 (343)
03-02 00:57:40.818  1484 16929 I AF::Track: setMixerOutConfig return default condition, mixer key 2002, thread key 202
03-02 00:57:40.818  1484 16929 I AudioPolicyEffectException: MySpaceHandler::checkDetachCondition media 1, ring 0, mp 0
03-02 00:57:40.818  1484 16929 I AudioPolicyEffectException: MySpace detach value 1
03-02 00:57:40.818  1484 16929 V APM_AudioPolicyManager: startOutput portId 13560
03-02 00:57:40.818  1484 16929 V APM_AudioPolicyManager: startOutput() output 21, stream 3, session 126033
03-02 00:57:40.818  1484 16929 V APM_AudioPolicyManager: setBeaconMute(1) mBeaconMuteRefCount=9 mBeaconPlayingRefCount=0
03-02 00:57:40.818  1484 16929 V APM_AudioPolicyManager: selectOutputForMusicEffects activeOnly 1 output 21 flags 0x00000008
03-02 00:57:40.818  1484 16929 W AudioFlinger: moveEffectChain_ll: effect chain for session 0 not on source thread 0xb40000707515f310
03-02 00:57:40.818  1484 16929 V APM_AudioPolicyManager: selectOutputForMusicEffects selected output 21
03-02 00:57:40.818  1484 16929 V APM_AudioPolicyManager: getNewOutputDevices selected devices {AUDIO_DEVICE_OUT_SPEAKER, @:}
03-02 00:57:40.818  1484 16929 V APM_AudioPolicyManager: setOutputDevices caller startSource[[portId:5][io:21, deep-buffer]] device {AUDIO_DEVICE_OUT_SPEAKER, @:} delayMs 0
03-02 00:57:40.818  1484 16929 V APM_AudioPolicyManager: setOutputDevices: caller startSource[[portId:5][io:21, deep-buffer]] suppressing checkDeviceMuteStrategies
03-02 00:57:40.818  1484 16929 V APM_AudioPolicyManager: setOutputDevices caller startSource[[portId:5][io:21, deep-buffer]] changing device to {AUDIO_DEVICE_OUT_SPEAKER, @:} (prevDevice {AUDIO_DEVICE_OUT_SPEAKER, @:})
03-02 00:57:40.818  2013  2013 D AudioPlayerStateMonitor: Found a new active media playback. AudioPlaybackConfiguration piid:92743 deviceIds:[] type:android.media.AudioTrack u/pid:10350/14885 state:started attr:AudioAttributes: usage=USAGE_MEDIA content=CONTENT_TYPE_UNKNOWN flags=0xA00 tags= bundle=null sessionId:126033 mutedState:none  FormatInfo{isSpatialized=false, channelMask=0x3, sampleRate=44100}
03-02 00:57:40.818  2013  2013 D MediaSessionService: Audio playback is changed, config=AudioPlaybackConfiguration piid:92743 deviceIds:[] type:android.media.AudioTrack u/pid:10350/14885 state:started attr:AudioAttributes: usage=USAGE_MEDIA content=CONTENT_TYPE_UNKNOWN flags=0xA00 tags= bundle=null sessionId:126033 mutedState:none  FormatInfo{isSpatialized=false, channelMask=0x3, sampleRate=44100}, removed=false
03-02 00:57:40.819  2013  2013 D MediaSessionStack: updateMediaButtonSessionIfNeeded, callers=com.android.server.media.AudioPlayerStateMonitor$MessageHandler.handleMessage:19 android.os.Handler.dispatchMessage:110
03-02 00:57:40.819  2013  2013 D MediaSessionStack: updateMediaButtonSessionIfNeeded, skipping uid=10350
03-02 00:57:40.819  2013  2013 D MediaSessionStack: updateMediaButtonSessionIfNeeded, skipping uid=10342
03-02 00:57:40.819  2013  2013 D MediaSessionStack: updateMediaButtonSessionIfNeeded, skipping uid=10317
03-02 00:57:40.819 14885 15878 W NaviWarn: StackPtr is not 8-byte aligned.
03-02 00:57:40.819  1445 18689 W C2MtkBufferManager: [0xB4000070F68A8D20] fetchNewCcBlock: wait fence 0x0xb4000070f692fcb0 timed out. ret 110
03-02 00:57:40.820  1507  1907 I SurfaceFlinger: onHandleDestroyed: layerId=156724, name=Surface(name=a5d3a68 StatusBar)/@0xd5726d6 - animation-leash of insets_animation#156724
03-02 00:57:40.820  1507  1907 I SurfaceFlinger: id=156724 Removed Surface(name=a5d3a68 StatusBar)/@0xd5726d6 - animation-leash of insets_animation#156724 (343)
03-02 00:57:40.820 14885 14885 I SurfaceView: 7374587 surfaceChanged -- format=4 w=1080 h=1920
03-02 00:57:40.820 14252 18139 I BadgeProvider: query, [calling package]: com.sec.android.app.launcher, [selection]: null
03-02 00:57:40.820 14885 14885 I SV[7374587 SplashActivity]: surfaceChanged (1080,1920) 2 #1 X.0fk7{7086fb V.E...... ........ 0,80-1080,2000}
03-02 00:57:40.820 14885 14885 I SurfaceView: 7374587 surfaceRedrawNeeded
03-02 00:57:40.821 14885 14885 I SurfaceView: 7374587 finishedDrawing
03-02 00:57:40.821 14885 14885 V SurfaceView: Layout: x=0 y=80 w=1080 h=1920, frame=Rect(0, 0 - 1080, 1920)
03-02 00:57:40.821 14885 14885 I SV[137774491 SplashActivity]: windowStopped(false) true X.0fk7{836459b V.E...... ........ 0,81-1080,1998} of VRI[SplashActivity]@35f4eb8
03-02 00:57:40.821 14885 14885 I SurfaceView: 137774491 Changes: creating=true format=false size=false visible=true alpha=false hint=false left=false top=false z=false attached=true lifecycleStrategy=false
03-02 00:57:40.821  1507  1845 D SurfaceFlinger: [input] setFocusedWindow: cd2d6b5 com.zhiliaoapp.musically/com.ss.android.ugc.aweme.splash.SplashActivity
03-02 00:57:40.821  1507  1845 D SurfaceFlinger: updateWinowInfo=1, setFocusedWindow timestamp=491139797696657, windowName=cd2d6b5 com.zhiliaoapp.musically/com.ss.android.ugc.aweme.splash.SplashActivity
03-02 00:57:40.822  1507  1907 I SurfaceFlinger: id=156735 createSurf, flag=84004, 836459b SurfaceView[com.zhiliaoapp.musically/com.ss.android.ugc.aweme.splash.SplashActivity]@0#156735
03-02 00:57:40.822  1507  1507 I SurfaceFlinger: destroyed Surface(name=a5d3a68 StatusBar)/@0xd5726d6 - animation-leash of insets_animation#156724
03-02 00:57:40.822  1507  1507 I SurfaceFlinger: destroyed Surface(name=c536234 NavigationBar0)/@0xfac847b - animation-leash of insets_animation#156723
03-02 00:57:40.822  1507  1507 I SurfaceFlinger: [836459b SurfaceView[com.zhiliaoapp.musically/com.ss.android.ugc.aweme.splash.SplashActivity]@0#156735] attach to parent LayerHierarchy{RequestedLayerState{Bounds for - com.zhiliaoapp.musically/com.ss.android.ugc.aweme.splash.SplashActivity@31#156728 parentId=156725} 3 children}
03-02 00:57:40.819  2013  2013 D MediaSessionStack: updateMediaButtonSessionIfNeeded, skipping uid=10672
03-02 00:57:40.823  1507  1563 I SurfaceFlinger: id=156736 createSurf, flag=44400, 836459b SurfaceView[com.zhiliaoapp.musically/com.ss.android.ugc.aweme.splash.SplashActivity]@0(BLAST)#156736
03-02 00:57:40.823  1507  1507 I Layer   : id=156724 Destroyed Surface(name=a5d3a68 StatusBar)/@0xd5726d6 - animation-leash of insets_animation#156724
03-02 00:57:40.823  1507  1907 I SurfaceFlinger: id=156737 createSurf, flag=20404, Background for 836459b SurfaceView[com.zhiliaoapp.musically/com.ss.android.ugc.aweme.splash.SplashActivity]@0#156737
03-02 00:57:40.823  1507  1507 I Layer   : id=156723 Destroyed Surface(name=c536234 NavigationBar0)/@0xfac847b - animation-leash of insets_animation#156723
03-02 00:57:40.824  1445  2902 W C2MtkBufferManager: [0xB4000070F507E520] fetchNewCcBlock: wait fence 0x0xb4000070f5058270 timed out. ret 110
03-02 00:57:40.824 14885 14885 D BufferQueueConsumer: [](id:3a250000008d,api:0,p:-1,c:14885) connect: controlledByApp=false
03-02 00:57:40.824  2013  2253 D InputDispatcher: Once focus requested (0): cd2d6b5 com.zhiliaoapp.musically/com.ss.android.ugc.aweme.splash.SplashActivity
03-02 00:57:40.824  2013  2253 D InputDispatcher: Focus request (0): cd2d6b5 com.zhiliaoapp.musically/com.ss.android.ugc.aweme.splash.SplashActivity but waiting because NO_WINDOW
03-02 00:57:40.824 14885 14885 I BLASTBufferQueue: [836459b SurfaceView[com.zhiliaoapp.musically/com.ss.android.ugc.aweme.splash.SplashActivity]@0#136](f:0,a:0,s:0) constructor()
03-02 00:57:40.825 14885 14885 I BLASTBufferQueue_Java: new BLASTBufferQueue, mName= 836459b SurfaceView[com.zhiliaoapp.musically/com.ss.android.ugc.aweme.splash.SplashActivity]@0 mNativeObject= 0x6f5977d800 caller= android.view.SurfaceView.createBlastSurfaceControls:1781 android.view.SurfaceView.updateSurface:1450 android.view.SurfaceView.setWindowStopped:539 android.view.SurfaceView.surfaceCreated:2327 android.view.ViewRootImpl.notifySurfaceCreated:3502 android.view.ViewRootImpl.performTraversals:5286 android.view.ViewRootImpl.doTraversal:3924 android.view.ViewRootImpl$TraversalRunnable.run:12903 android.view.Choreographer$CallbackRecord.run:1901 android.view.Choreographer$CallbackRecord.run:1910
03-02 00:57:40.825 14885 14885 I BLASTBufferQueue_Java: update, w= 1080 h= 1917 mName = 836459b SurfaceView[com.zhiliaoapp.musically/com.ss.android.ugc.aweme.splash.SplashActivity]@0 mNativeObject= 0x6f5977d800 sc.mNativeObject= 0x6fe0217e80 format= 4 caller= android.view.SurfaceView.createBlastSurfaceControls:1782 android.view.SurfaceView.updateSurface:1450 android.view.SurfaceView.setWindowStopped:539 android.view.SurfaceView.surfaceCreated:2327 android.view.ViewRootImpl.notifySurfaceCreated:3502 android.view.ViewRootImpl.performTraversals:5286
03-02 00:57:40.825 14885 14885 I BLASTBufferQueue: [836459b SurfaceView[com.zhiliaoapp.musically/com.ss.android.ugc.aweme.splash.SplashActivity]@0#136](f:0,a:0,s:0) update width=1080 height=1917 format=4 mTransformHint=0
03-02 00:57:40.825 14885 14885 I SurfaceView: 137774491 Cur surface: Surface(name=null mNativeObject=0)/@0xe7e74a9
03-02 00:57:40.825 14885 14885 I SV[137774491 SplashActivity]: pST: sr = Rect(4320, 2240 - 5400, 4157) sw = 1080 sh = 1917
03-02 00:57:40.825 14885 14885 D SurfaceView: 137774491 performSurfaceTransaction RenderWorker position = [4320, 2240, 5400, 4157] surfaceSize = 1080x1917
03-02 00:57:40.825 14885 14885 I SV[137774491 SplashActivity]: updateSurface: mVisible = true mSurface.isValid() = true
03-02 00:57:40.825 14885 14885 I SV[137774491 SplashActivity]: updateSurface: mSurfaceCreated = false surfaceChanged = true visibleChanged = true
03-02 00:57:40.825 14885 14885 I SurfaceView: 137774491 visibleChanged -- surfaceCreated
03-02 00:57:40.825 14885 14885 I SV[137774491 SplashActivity]: surfaceCreated 1 #1 X.0fk7{836459b V.E...... ........ 0,81-1080,1998}
03-02 00:57:40.826 14885 14885 I SurfaceView: 137774491 surfaceChanged -- format=4 w=1080 h=1917
03-02 00:57:40.826 14885 14885 I SV[137774491 SplashActivity]: surfaceChanged (1080,1917) 1 #1 X.0fk7{836459b V.E...... ........ 0,81-1080,1998}
03-02 00:57:40.826 14885 14885 I SurfaceView: 137774491 surfaceRedrawNeeded
03-02 00:57:40.827 14885 14885 I SurfaceView: 137774491 finishedDrawing
03-02 00:57:40.827 14885 14885 V SurfaceView: Layout: x=4320 y=2240 w=1080 h=1917, frame=Rect(0, 0 - 1080, 1917)
03-02 00:57:40.827 14885 14885 D VRI[SplashActivity]@35f4eb8: reportNextDraw android.view.ViewRootImpl.performTraversals:5443 android.view.ViewRootImpl.doTraversal:3924 android.view.ViewRootImpl$TraversalRunnable.run:12903 android.view.Choreographer$CallbackRecord.run:1901 android.view.Choreographer$CallbackRecord.run:1910
03-02 00:57:40.827 14885 18629 D SurfaceUtils: connecting to surface 0x6f9d395610, reason connectToSurface
03-02 00:57:40.827 14885 18629 I MediaCodec: [c2.mtk.hevc.decoder] setting surface generation to 15242317
03-02 00:57:40.827 14885 18629 D SurfaceUtils: disconnecting from surface 0x6f9d395610, reason connectToSurface(reconnect)
03-02 00:57:40.827 14885 14885 D VRI[SplashActivity]@35f4eb8: Setup new sync=wmsSync-VRI[SplashActivity]@35f4eb8#71
03-02 00:57:40.827 14885 18629 D SurfaceUtils: connecting to surface 0x6f9d395600, reason connectToSurface(reconnect-with-listener)
03-02 00:57:40.827 14885 14885 I VRI[SplashActivity]@35f4eb8: Creating new active sync group VRI[SplashActivity]@35f4eb8#72
03-02 00:57:40.828 14885 14885 D VRI[SplashActivity]@35f4eb8: Start draw after previous draw not visible
03-02 00:57:40.828 14885 14885 D VRI[SplashActivity]@35f4eb8: registerCallbacksForSync syncBuffer=false
03-02 00:57:40.828  2746  3671 D SoundCraft.PlayingAudioConditionHandler: onPlaybackConfigChanged : lastStartedPackageName=com.zhiliaoapp.musically, lastStartedUid=10350, newStartedUid=10350, newStartPackageName=com.zhiliaoapp.musically, thread=Thread[RoutineHandlerThread,5,main]
03-02 00:57:40.829 14885 18629 D GraphicsTracker: new surface in configuration: maxDequeueRequested(0), maxDequeueCommitted(24)
03-02 00:57:40.829 14885 18629 D GraphicsTracker: new surface configured with id:63930588201100 gen:15242317 maxDequeue:24
03-02 00:57:40.829 14885 18629 D GraphicsTracker: maxDequeueCount is already 24
03-02 00:57:40.829 14885 18629 D Codec2Client: setOutputSurface -- generation=15242317 consumer usage=0x900
03-02 00:57:40.830 14885 18629 D SurfaceUtils: disconnecting from surface 0x6f9d394c10, reason disconnectFromSurface
03-02 00:57:40.831 14885 16246 D AudioTrack: setVolume(1.000000, 1.000000) pid : 14885
03-02 00:57:40.833  1507  1507 I SurfaceFlinger: [836459b SurfaceView[com.zhiliaoapp.musically/com.ss.android.ugc.aweme.splash.SplashActivity]@0(BLAST)#156736] attach to parent LayerHierarchy{RequestedLayerState{836459b SurfaceView[com.zhiliaoapp.musically/com.ss.android.ugc.aweme.splash.SplashActivity]@0#156735 parentId=156728} 1 children}
03-02 00:57:40.833  1507  1507 I SurfaceFlinger: [Background for 836459b SurfaceView[com.zhiliaoapp.musically/com.ss.android.ugc.aweme.splash.SplashActivity]@0#156737] attach to parent LayerHierarchy{RequestedLayerState{836459b SurfaceView[com.zhiliaoapp.musically/com.ss.android.ugc.aweme.splash.SplashActivity]@0#156735 parentId=156728} 2 children}
03-02 00:57:40.834 14885 15423 D SurfaceView: 6876039 updateSurfacePosition RenderWorker, frameNr = 1, position = [4320, -2080, 5400, -160] surfaceSize = 1080x1920
03-02 00:57:40.834 14885 15423 I SV[6876039 SplashActivity]: uSP: rtp = Rect(4320, -2080 - 5400, -160) rtsw = 1080 rtsh = 1920
03-02 00:57:40.834 14885 15423 I SV[6876039 SplashActivity]: onSSPAndSRT: pl = 4320 pt = -2080 sx = 1.0 sy = 1.0
03-02 00:57:40.834 14885 15423 I SV[6876039 SplashActivity]: aOrMT: VRI[SplashActivity]@35f4eb8 t = android.view.SurfaceControl$Transaction@1b5fb7 fN = 1 android.view.SurfaceView.-$$Nest$mapplyOrMergeTransaction:0 android.view.SurfaceView$SurfaceViewPositionUpdateListener.positionChanged:1932 android.graphics.RenderNode$CompositePositionUpdateListener.positionChanged:401
03-02 00:57:40.834 14885 15423 I VRI[SplashActivity]@35f4eb8: mWNT: t=0x6fe03f2480 mBlastBufferQueue=0x769b545000 fn= 1 HdrRenderState mRenderHdrSdrRatio=1.0 caller= android.view.SurfaceView.applyOrMergeTransaction:1863 android.view.SurfaceView.-$$Nest$mapplyOrMergeTransaction:0 android.view.SurfaceView$SurfaceViewPositionUpdateListener.positionChanged:1932
03-02 00:57:40.835 14885 15423 D SurfaceView: 7374587 updateSurfacePosition RenderWorker, frameNr = 1, position = [0, 80, 1080, 2000] surfaceSize = 1080x1920
03-02 00:57:40.835 14885 15423 I SV[7374587 SplashActivity]: uSP: rtp = Rect(0, 80 - 1080, 2000) rtsw = 1080 rtsh = 1920
03-02 00:57:40.836 14885 15423 I SV[7374587 SplashActivity]: onSSPAndSRT: pl = 0 pt = 80 sx = 1.0 sy = 1.0
03-02 00:57:40.836 14885 15423 I SV[7374587 SplashActivity]: aOrMT: VRI[SplashActivity]@35f4eb8 t = android.view.SurfaceControl$Transaction@15bb324 fN = 1 android.view.SurfaceView.-$$Nest$mapplyOrMergeTransaction:0 android.view.SurfaceView$SurfaceViewPositionUpdateListener.positionChanged:1932 android.graphics.RenderNode$CompositePositionUpdateListener.positionChanged:401
03-02 00:57:40.836 14885 15423 I VRI[SplashActivity]@35f4eb8: mWNT: t=0x6fe03f3200 mBlastBufferQueue=0x769b545000 fn= 1 HdrRenderState mRenderHdrSdrRatio=1.0 caller= android.view.SurfaceView.applyOrMergeTransaction:1863 android.view.SurfaceView.-$$Nest$mapplyOrMergeTransaction:0 android.view.SurfaceView$SurfaceViewPositionUpdateListener.positionChanged:1932
03-02 00:57:40.836  2013  4829 W ParceledListSlice: Element #30 is 21544 bytes.
03-02 00:57:40.836 14885 15423 D SurfaceView: 137774491 updateSurfacePosition RenderWorker, frameNr = 1, position = [4320, 2239, 5400, 4157] surfaceSize = 1080x1917
03-02 00:57:40.837 14885 15423 I SV[137774491 SplashActivity]: uSP: rtp = Rect(4320, 2239 - 5400, 4157) rtsw = 1080 rtsh = 1917
03-02 00:57:40.837 14885 15423 I SV[137774491 SplashActivity]: onSSPAndSRT: pl = 4320 pt = 2239 sx = 1.0 sy = 1.0005217
03-02 00:57:40.837 14885 15423 I SV[137774491 SplashActivity]: aOrMT: VRI[SplashActivity]@35f4eb8 t = android.view.SurfaceControl$Transaction@6786e8d fN = 1 android.view.SurfaceView.-$$Nest$mapplyOrMergeTransaction:0 android.view.SurfaceView$SurfaceViewPositionUpdateListener.positionChanged:1932 android.graphics.RenderNode$CompositePositionUpdateListener.positionChanged:401
03-02 00:57:40.837 14885 15423 I VRI[SplashActivity]@35f4eb8: mWNT: t=0x6fe03f4d00 mBlastBufferQueue=0x769b545000 fn= 1 HdrRenderState mRenderHdrSdrRatio=1.0 caller= android.view.SurfaceView.applyOrMergeTransaction:1863 android.view.SurfaceView.-$$Nest$mapplyOrMergeTransaction:0 android.view.SurfaceView$SurfaceViewPositionUpdateListener.positionChanged:1932
03-02 00:57:40.838 14885 15781 D VRI[SplashActivity]@35f4eb8: Received frameDrawingCallback syncResult=0 frameNum=1.
03-02 00:57:40.838 14885 15781 I VRI[SplashActivity]@35f4eb8: mWNT: t=0x6fe04cc480 mBlastBufferQueue=0x769b545000 fn= 1 HdrRenderState mRenderHdrSdrRatio=1.0 caller= android.view.ViewRootImpl$12.onFrameDraw:15441 android.view.ThreadedRenderer$1.onFrameDraw:718 <bottom of call stack>
03-02 00:57:40.838 14885 15781 I VRI[SplashActivity]@35f4eb8: Setting up sync and frameCommitCallback
03-02 00:57:40.839  2013  2834 W system_server: Large reply transaction of 322012 bytes, interface descriptor android.app.IActivityTaskManager, code 26
03-02 00:57:40.839  1446  1498 I SensorsHub: LightSensor: lux = 15, time = 767677226430149
03-02 00:57:40.850  2013  4829 W system_server: Large reply transaction of 322012 bytes, interface descriptor android.app.IActivityTaskManager, code 26
03-02 00:57:40.852 14885 15423 I BLASTBufferQueue: [VRI[SplashActivity]@35f4eb8#133](f:0,a:0,s:0) onFrameAvailable the first frame is available
03-02 00:57:40.852  1507  1825 I SurfaceFlinger: Capture layer list: 	 com.podcast.app.debug/androidx.activity.ComponentActivity$_17121#156703(seamlessTransition:0)
03-02 00:57:40.852  1507  1825 I SurfaceFlinger: Capture layer list: 	 DimTransitionLayer for Surface(name=Task=44899)/@0x7e3e6c7#156722(seamlessTransition:0)
03-02 00:57:40.852  1507  1825 I SurfaceFlinger: Capture layer list: 	 com.podcast.app.debug.test/androidx.test.core.app.InstrumentationActivityInvoker$EmptyActivity$_17532#156718(seamlessTransition:0)
03-02 00:57:40.852  1507  1825 I SurfaceFlinger: Capture layer list: 	 Splash Screen com.podcast.app.debug.test$_2746#156716(seamlessTransition:0)
03-02 00:57:40.853 14885 15423 I BLASTBufferQueue: [VRI[SplashActivity]@35f4eb8#133](f:0,a:1,s:0) acquireNextBufferLocked size=1080x2340 mFrameNumber=1 applyTransaction=true mTimestamp=491139852767350(auto) mPendingTransactions.size=0 graphicBufferId=63930588202256 transform=0
03-02 00:57:40.853 14885 15423 I VRI[SplashActivity]@35f4eb8: Received frameCommittedCallback lastAttemptedDrawFrameNum=1 didProduceBuffer=true
03-02 00:57:40.854 14885 14885 D VRI[SplashActivity]@35f4eb8: reportDrawFinished seqId=0
03-02 00:57:40.855  1507  1507 I SurfaceFlinger: RequestedLayer [68eb87 SurfaceView[com.zhiliaoapp.mu[...]weme.splash.SplashActivity]@0#156729] hidden!! flag  from(1) --> to(0)
03-02 00:57:40.855  1507  1507 I SurfaceFlinger: RequestedLayer [7086fb SurfaceView[com.zhiliaoapp.mu[...]weme.splash.SplashActivity]@0#156732] hidden!! flag  from(1) --> to(0)
03-02 00:57:40.855  1507  1507 I SurfaceFlinger: RequestedLayer [836459b SurfaceView[com.zhiliaoapp.m[...]weme.splash.SplashActivity]@0#156735] hidden!! flag  from(1) --> to(0)
03-02 00:57:40.855  1507  1507 I SurfaceFlinger: RequestedLayer [Bounds for - com.zhiliaoapp.musicall[...]weme.splash.SplashActivity@31#156728] hidden!! flag  from(1) --> to(0)
03-02 00:57:40.855  1507  1507 I SurfaceFlinger: RequestedLayer [Background for 68eb87 SurfaceView[co[...]weme.splash.SplashActivity]@0#156731] hidden!! flag  from(1) --> to(0)
03-02 00:57:40.855  1507  1507 I SurfaceFlinger: RequestedLayer [Background for 7086fb SurfaceView[co[...]weme.splash.SplashActivity]@0#156734] hidden!! flag  from(1) --> to(0)
03-02 00:57:40.855  1507  1507 I SurfaceFlinger: RequestedLayer [Background for 836459b SurfaceView[c[...]weme.splash.SplashActivity]@0#156737] hidden!! flag  from(1) --> to(0)
03-02 00:57:40.855  1507  1507 I SurfaceFlinger: [LayerHierarchy{RequestedLayerState{836459b SurfaceView[com.zhiliaoapp.musically/com.ss.android.ugc.aweme.splash.SplashActivity]@0#156735 parentId=156728 relativeParentId=156725 z=-2} 2 children}] RelativeParent to LayerHierarchy{RequestedLayerState{com.zhiliaoapp.musically/com.ss.android.ugc.aweme.splash.SplashActivity$_14885#156725 parentId=155210} 2 children}
03-02 00:57:40.855  1507  1507 I SurfaceFlinger: [LayerHierarchy{RequestedLayerState{Background for 7086fb SurfaceView[com.zhiliaoapp.musically/com.ss.android.ugc.aweme.splash.SplashActivity]@0#156734 parentId=156732 relativeParentId=156725 z=-2147483648} no children}] RelativeParent to LayerHierarchy{RequestedLayerState{com.zhiliaoapp.musically/com.ss.android.ugc.aweme.splash.SplashActivity$_14885#156725 parentId=155210} 3 children}
03-02 00:57:40.855  1507  1507 I SurfaceFlinger: [LayerHierarchy{RequestedLayerState{68eb87 SurfaceView[com.zhiliaoapp.musically/com.ss.android.ugc.aweme.splash.SplashActivity]@0#156729 parentId=156728 relativeParentId=156725 z=-2} 2 children}] RelativeParent to LayerHierarchy{RequestedLayerState{com.zhiliaoapp.musically/com.ss.android.ugc.aweme.splash.SplashActivity$_14885#156725 parentId=155210} 4 children}
03-02 00:57:40.855  1507  1507 I SurfaceFlinger: [LayerHierarchy{RequestedLayerState{Background for 68eb87 SurfaceView[com.zhiliaoapp.musically/com.ss.android.ugc.aweme.splash.SplashActivity]@0#156731 parentId=156729 relativeParentId=156725 z=-2147483648} no children}] RelativeParent to LayerHierarchy{RequestedLayerState{com.zhiliaoapp.musically/com.ss.android.ugc.aweme.splash.SplashActivity$_14885#156725 parentId=155210} 5 children}
03-02 00:57:40.855  1507  1507 I SurfaceFlinger: [LayerHierarchy{RequestedLayerState{7086fb SurfaceView[com.zhiliaoapp.musically/com.ss.android.ugc.aweme.splash.SplashActivity]@0#156732 parentId=156728 relativeParentId=156725 z=-2} 2 children}] RelativeParent to LayerHierarchy{RequestedLayerState{com.zhiliaoapp.musically/com.ss.android.ugc.aweme.splash.SplashActivity$_14885#156725 parentId=155210} 6 children}
03-02 00:57:40.855  1507  1507 I SurfaceFlinger: [LayerHierarchy{RequestedLayerState{Background for 836459b SurfaceView[com.zhiliaoapp.musically/com.ss.android.ugc.aweme.splash.SplashActivity]@0#156737 parentId=156735 relativeParentId=156725 z=-2147483648} no children}] RelativeParent to LayerHierarchy{RequestedLayerState{com.zhiliaoapp.musically/com.ss.android.ugc.aweme.splash.SplashActivity$_14885#156725 parentId=155210} 7 children}
03-02 00:57:40.858  1507  2393 I SurfaceFlinger: id=156738 createSurf, flag=84004, Transition Root: Task=44543#156738
03-02 00:57:40.860  2013  2068 I SurfaceControlRegistry: show, t=StartTransaction_SyncId<11303> sc=ActivityRecord{2751228 u0 com.zhiliaoapp.musically/com.ss.android.ugc.aweme.splash.SplashActivity t44543}, caller=android.view.SurfaceControl$Transaction.show:3557 com.android.server.wm.Transition.onTransactionReady:2048 com.android.server.wm.BLASTSyncEngine$SyncGroup.finishNow:240 com.android.server.wm.BLASTSyncEngine.onSurfacePlacement:263 com.android.server.wm.RootWindowContainer.performSurfacePlacementNoTrace:1083 com.android.server.wm.WindowSurfacePlacer.performSurfacePlacement:166
03-02 00:57:40.861  1484  1921 D DlbDlbEffect: handle_EFFECT_CMD_SET_DEVICE(device=0x00000002)
03-02 00:57:40.861  1484  1921 D DlbEffectContext: setDevice(00000002)
03-02 00:57:40.861  1484  1921 D DlbEndpointParamCache: setDevice(device=0x00000002)
03-02 00:57:40.861  1484  1921 D DlbDlbEffect: handle_EFFECT_CMD_SET_DEVICE(device=0x00000002)
03-02 00:57:40.861  1484  1921 D DlbSpatializerEffectContext: setDevice(00000002)
03-02 00:57:40.861  1484  1921 D DlbEndpointParamCache: setDevice(device=0x00000002)
