03-02 00:57:48.634  1507  1507 I SurfaceFlinger: destroyed Surface(name=956668c com.podcast.app.debug/androidx.activity.ComponentActivity)/@0x9e01aec - animation-leash of starting_reveal#156952
03-02 00:57:48.634  1507  1507 I SurfaceFlinger: destroyed Surface(name=f4d506a com.podcast.app.debug.test/androidx.test.core.app.InstrumentationActivityInvoker$EmptyActivity)/@0x11a3815 - animation-leash of starting_reveal#156937
03-02 00:57:48.634  1507  1507 I SurfaceFlinger: destroyed Surface(name=e2ccd5f com.podcast.app.debug.test/androidx.test.core.app.InstrumentationActivityInvoker$EmptyActivity)/@0x1832235 - animation-leash of starting_reveal#156983
03-02 00:57:48.636  1507  1907 I SurfaceFlinger: onHandleDestroyed: layerId=156906, name=Surface(name=cc2a3a6 com.podcast.app.debug/androidx.activity.ComponentActivity)/@0x42b4542 - animation-leash of starting_reveal#156906
03-02 00:57:48.636  1507  1907 I SurfaceFlinger: id=156906 Removed Surface(name=cc2a3a6 com.podcast.app.debug/androidx.activity.ComponentActivity)/@0x42b4542 - animation-leash of starting_reveal#156906 (343)
03-02 00:57:48.637  1507  2128 I SurfaceFlinger: onHandleDestroyed: layerId=156891, name=Surface(name=c7eceaa com.podcast.app.debug.test/androidx.test.core.app.InstrumentationActivityInvoker$EmptyActivity)/@0x28d9dc3 - animation-leash of starting_reveal#156891
03-02 00:57:48.637  1507  2128 I SurfaceFlinger: id=156891 Removed Surface(name=c7eceaa com.podcast.app.debug.test/androidx.test.core.app.InstrumentationActivityInvoker$EmptyActivity)/@0x28d9dc3 - animation-leash of starting_reveal#156891 (343)
03-02 00:57:48.637  1507  1507 I Layer   : id=156937 Destroyed Surface(name=f4d506a com.podcast.app.debug.test/androidx.test.core.app.InstrumentationActivityInvoker$EmptyActivity)/@0x11a3815 - animation-leash of starting_reveal#156937
03-02 00:57:48.637  1507  1507 I Layer   : id=156952 Destroyed Surface(name=956668c com.podcast.app.debug/androidx.activity.ComponentActivity)/@0x9e01aec - animation-leash of starting_reveal#156952
03-02 00:57:48.638  1507  1507 I Layer   : id=156983 Destroyed Surface(name=e2ccd5f com.podcast.app.debug.test/androidx.test.core.app.InstrumentationActivityInvoker$EmptyActivity)/@0x1832235 - animation-leash of starting_reveal#156983
03-02 00:57:48.639  1507  2128 I SurfaceFlinger: onHandleDestroyed: layerId=156860, name=Surface(name=aee7b9b com.podcast.app.debug/androidx.activity.ComponentActivity)/@0x491a05f - animation-leash of starting_reveal#156860
03-02 00:57:48.639  1507  2128 I SurfaceFlinger: id=156860 Removed Surface(name=aee7b9b com.podcast.app.debug/androidx.activity.ComponentActivity)/@0x491a05f - animation-leash of starting_reveal#156860 (340)
03-02 00:57:48.642  1507  2128 I SurfaceFlinger: onHandleDestroyed: layerId=156764, name=Task=44901#156764
03-02 00:57:48.644  1507  2128 I SurfaceFlinger: id=156764 Removed Task=44901#156764 (340)
03-02 00:57:48.644  1507  2128 I SurfaceFlinger: onHandleDestroyed: layerId=156744, name=Task=44900#156744
03-02 00:57:48.644  1507  2128 I SurfaceFlinger: id=156744 Removed Task=44900#156744 (340)
03-02 00:57:48.644  1507  2128 I SurfaceFlinger: onHandleDestroyed: layerId=156713, name=Task=44899#156713
03-02 00:57:48.644  1507  2128 I SurfaceFlinger: id=156713 Removed Task=44899#156713 (340)
03-02 00:57:48.644  1507  2128 I SurfaceFlinger: onHandleDestroyed: layerId=156699, name=Task=44898#156699
03-02 00:57:48.644  1507  2128 I SurfaceFlinger: id=156699 Removed Task=44898#156699 (340)
03-02 00:57:48.644  1507  2128 I SurfaceFlinger: onHandleDestroyed: layerId=156665, name=Task=44897#156665
03-02 00:57:48.644  1507  2128 I SurfaceFlinger: id=156665 Removed Task=44897#156665 (340)
03-02 00:57:48.644  1507  2128 I SurfaceFlinger: onHandleDestroyed: layerId=156640, name=Task=44896#156640
03-02 00:57:48.644  1507  2128 I SurfaceFlinger: id=156640 Removed Task=44896#156640 (340)
03-02 00:57:48.644  1507  2128 I SurfaceFlinger: onHandleDestroyed: layerId=156608, name=Task=44895#156608
03-02 00:57:48.644  1507  2128 I SurfaceFlinger: id=156608 Removed Task=44895#156608 (340)
03-02 00:57:48.644  1507  2128 I SurfaceFlinger: onHandleDestroyed: layerId=156594, name=Task=44894#156594
03-02 00:57:48.644  1507  2128 I SurfaceFlinger: id=156594 Removed Task=44894#156594 (340)
03-02 00:57:48.644  1507  2128 I SurfaceFlinger: onHandleDestroyed: layerId=156558, name=Task=44893#156558
03-02 00:57:48.644  1507  2128 I SurfaceFlinger: id=156558 Removed Task=44893#156558 (340)
03-02 00:57:48.644  1507  2128 I SurfaceFlinger: onHandleDestroyed: layerId=156997, name=Surface(name=7fccfe7 com.podcast.app.debug/androidx.activity.ComponentActivity)/@0x4d41760 - animation-leash of starting_reveal#156997
03-02 00:57:48.644  1507  2128 I SurfaceFlinger: id=156997 Removed Surface(name=7fccfe7 com.podcast.app.debug/androidx.activity.ComponentActivity)/@0x4d41760 - animation-leash of starting_reveal#156997 (340)
03-02 00:57:48.644  1445  2902 W C2MtkBufferManager: [0xB4000070F507E520] fetchNewCcBlock: wait fence 0x0xb4000070f5058270 timed out. ret 110
03-02 00:57:48.645  1507  1507 I SurfaceFlinger: destroyed Task=44898#156699
03-02 00:57:48.645  1507  1507 I SurfaceFlinger: destroyed Task=44894#156594
03-02 00:57:48.645  1507  1507 I SurfaceFlinger: destroyed Surface(name=c7eceaa com.podcast.app.debug.test/androidx.test.core.app.InstrumentationActivityInvoker$EmptyActivity)/@0x28d9dc3 - animation-leash of starting_reveal#156891
03-02 00:57:48.645  1507  1507 I SurfaceFlinger: destroyed Task=44897#156665
03-02 00:57:48.645  1507  1507 I SurfaceFlinger: destroyed Task=44893#156558
03-02 00:57:48.645  1507  1507 I SurfaceFlinger: destroyed Task=44899#156713
03-02 00:57:48.645  1507  1507 I SurfaceFlinger: destroyed Task=44895#156608
03-02 00:57:48.645  1507  1507 I SurfaceFlinger: destroyed Task=44900#156744
03-02 00:57:48.645  1507  1507 I SurfaceFlinger: destroyed Surface(name=cc2a3a6 com.podcast.app.debug/androidx.activity.ComponentActivity)/@0x42b4542 - animation-leash of starting_reveal#156906
03-02 00:57:48.645  1507  1507 I SurfaceFlinger: destroyed Task=44901#156764
03-02 00:57:48.645  1507  1507 I SurfaceFlinger: destroyed Task=44896#156640
03-02 00:57:48.645  1507  1507 I SurfaceFlinger: destroyed Surface(name=7fccfe7 com.podcast.app.debug/androidx.activity.ComponentActivity)/@0x4d41760 - animation-leash of starting_reveal#156997
03-02 00:57:48.645  1507  1507 I SurfaceFlinger: destroyed Surface(name=aee7b9b com.podcast.app.debug/androidx.activity.ComponentActivity)/@0x491a05f - animation-leash of starting_reveal#156860
03-02 00:57:48.645  2746  2758 W System  : A resource failed to call release.
03-02 00:57:48.645  2746  2758 W System  : A resource failed to call release.
03-02 00:57:48.645  2746  2758 W System  : A resource failed to call release.
03-02 00:57:48.645  2746  2758 W System  : A resource failed to call release.
03-02 00:57:48.645  2746  2758 W System  : A resource failed to call release.
03-02 00:57:48.646  2746  2758 W System  : A resource failed to call release.
03-02 00:57:48.646  2746  2758 W System  : A resource failed to call release.
03-02 00:57:48.646  2746  2758 W System  : A resource failed to call release.
03-02 00:57:48.647  1507  1507 I Layer   : id=156997 Destroyed Surface(name=7fccfe7 com.podcast.app.debug/androidx.activity.ComponentActivity)/@0x4d41760 - animation-leash of starting_reveal#156997
03-02 00:57:48.647  2746  2758 W System  : A resource failed to call release.
03-02 00:57:48.647  2746  2758 W System  : A resource failed to call release.
03-02 00:57:48.647  1507  1507 I Layer   : id=156558 Destroyed Task=44893#156558
03-02 00:57:48.647  2746  2758 W System  : A resource failed to call release.
03-02 00:57:48.647  1507  1507 I Layer   : id=156594 Destroyed Task=44894#156594
03-02 00:57:48.647  1507  1507 I Layer   : id=156608 Destroyed Task=44895#156608
03-02 00:57:48.647  1507  1507 I Layer   : id=156640 Destroyed Task=44896#156640
03-02 00:57:48.647  1507  1507 I Layer   : id=156665 Destroyed Task=44897#156665
03-02 00:57:48.647  1507  1507 I Layer   : id=156699 Destroyed Task=44898#156699
03-02 00:57:48.647  1507  1507 I Layer   : id=156713 Destroyed Task=44899#156713
03-02 00:57:48.647  1507  1507 I Layer   : id=156744 Destroyed Task=44900#156744
03-02 00:57:48.647  2746  2758 W System  : A resource failed to call release.
03-02 00:57:48.647  2746  2758 W System  : A resource failed to call release.
03-02 00:57:48.647  1507  1507 I Layer   : id=156764 Destroyed Task=44901#156764
03-02 00:57:48.647  1507  1507 I Layer   : id=156860 Destroyed Surface(name=aee7b9b com.podcast.app.debug/androidx.activity.ComponentActivity)/@0x491a05f - animation-leash of starting_reveal#156860
03-02 00:57:48.647  2746  2758 W System  : A resource failed to call release.
03-02 00:57:48.647  1507  1507 I Layer   : id=156891 Destroyed Surface(name=c7eceaa com.podcast.app.debug.test/androidx.test.core.app.InstrumentationActivityInvoker$EmptyActivity)/@0x28d9dc3 - animation-leash of starting_reveal#156891
03-02 00:57:48.647  1507  1507 I Layer   : id=156906 Destroyed Surface(name=cc2a3a6 com.podcast.app.debug/androidx.activity.ComponentActivity)/@0x42b4542 - animation-leash of starting_reveal#156906
03-02 00:57:48.647  2746  2758 W System  : A resource failed to call release.
03-02 00:57:48.647  2746  2758 W System  : A resource failed to call release.
03-02 00:57:48.647  2746  2758 W System  : A resource failed to call release.
03-02 00:57:48.647  2746  2758 W System  : A resource failed to call release.
03-02 00:57:48.647  2746  2758 W System  : A resource failed to call release.
03-02 00:57:48.648  2746  2758 W System  : A resource failed to call release.
03-02 00:57:48.648  2746  2758 W System  : A resource failed to call release.
03-02 00:57:48.648  2746  2758 W System  : A resource failed to call release.
03-02 00:57:48.648  2746  2758 W System  : A resource failed to call release.
03-02 00:57:48.648  2746  2758 W System  : A resource failed to call release.
03-02 00:57:48.648  2746  2758 W System  : A resource failed to call release.
03-02 00:57:48.648  2746  2758 W System  : A resource failed to call release.
03-02 00:57:48.648  2746  2758 W System  : A resource failed to call release.
03-02 00:57:48.648  2746  2758 W System  : A resource failed to call release.
03-02 00:57:48.648  2746  2758 W System  : A resource failed to call release.
03-02 00:57:48.648  2746  2758 W System  : A resource failed to call release.
03-02 00:57:48.648  2746  2758 W System  : A resource failed to call release.
03-02 00:57:48.648  2746  2758 W System  : A resource failed to call release.
03-02 00:57:48.650  1507  1507 I BufferQueueProducer: [FramebufferSurface](this:0xb400007a458f0370,id:-1,api:1,p:1507,c:1507) queueBuffer: fps=55.52 dur=1008.62 max=393.37 min=6.13
03-02 00:57:48.672  1445 18689 W C2MtkBufferManager: [0xB4000070F68A8D20] fetchNewCcBlock: wait fence 0x0xb4000070f692fcb0 timed out. ret 110
03-02 00:57:48.673  1444  1461 I hwcomposer: [HWCDisplay] (0 updateFps():4131), (type:1, mode:2) fps:89.395111,dur:1006.77,max:18.95,min:6.13
03-02 00:57:48.674  2991  3003 I LocationAccessPolicy: checkLocationPermission - callingUid: 10492, callingPid: 14636, result: DENIED_SOFT
03-02 00:57:48.674  2991  3003 I LocationAccessPolicy: checkLocationPermission - callingUid: 10492, callingPid: 14636, result: DENIED_SOFT
03-02 00:57:48.678  1628  1637 E thermal_core: find_tz_idx_by_name:"Failed to find thermal zone index of ap_ntc\n"
03-02 00:57:48.678  1628  1637 E thermal_core: find_tz_idx_by_name:"Failed to find thermal zone index of mtk-master-charger\n"
03-02 00:57:48.678  1628  1637 E thermal_core: find_tz_idx_by_name:"Failed to find thermal zone index of camera0\n"
03-02 00:57:48.678  1628  1637 E thermal_core: find_tz_idx_by_name:"Failed to find thermal zone index of mtk-master-charger\n"
03-02 00:57:48.678  1628  1637 E thermal_core: find_tz_idx_by_name:"Failed to find thermal zone index of nrpa_ntc\n"
03-02 00:57:48.682  1628  1637 E thermal_core: dump_thermal_log:"Error: sccanf error, ret=9\n"
03-02 00:57:48.682  1628  1637 E thermal_core: node_read:"Failed to read /sys/class/thermal/thermal_zone2/temp: No data available\n"
03-02 00:57:48.682  1628  1637 I thermal_core: "soc/nr/lte/ap_ntc/tpcb/conn/chg/cam/c_ttj/g_ttj/a_ttj=0/-274000/40647/-274000/46000/37000/-274000/-274000/85000/85000/85000\n"
03-02 00:57:48.682  1628  1637 I thermal_core: "[C(l)(c)(i)][G(l)(c)][A(l)(c)][TH][D]=[(666666/666666/666666)(2000/2200/0)(0x0)][(666666)(666666)][(666666666)(666666666)][0][4266]\n"
03-02 00:57:48.682  1628  1637 E thermal_core: node_read:"Failed to open /sys/kernel/helio-dvfsrc/dvfsrc_therm_info: No such file or directory\n"
03-02 00:57:48.682  1628  1637 I thermal_core: "4266"
03-02 00:57:48.708  1507  1825 I SurfaceFlinger: Capture layer list: 	 com.zhiliaoapp.musically/com.ss.android.ugc.aweme.splash.SplashActivity$_14885#156967(seamlessTransition:0)
03-02 00:57:48.708  1507  1825 I SurfaceFlinger: Capture layer list: 	 DimTransitionLayer for Surface(name=Task=44910)/@0xb9e1d0e#156996(seamlessTransition:0)
03-02 00:57:48.708  1507  1825 I SurfaceFlinger: Capture layer list: 	 com.podcast.app.debug/androidx.activity.ComponentActivity$_17121#156991(seamlessTransition:0)
03-02 00:57:48.711  1445 18689 W C2MtkBufferManager: [0xB4000070F68A8D20] fetchNewCcBlock: wait fence 0x0xb4000070f692fcb0 timed out. ret 110
03-02 00:57:48.717  1445  2902 W C2MtkBufferManager: [0xB4000070F507E520] fetchNewCcBlock: wait fence 0x0xb4000070f5058270 timed out. ret 110
03-02 00:57:48.736  2746  2798 I SurfaceControlRegistry: apply, t=FinishTransaction_SyncId<11319>, caller=android.view.SurfaceControl$Transaction.apply:3459 android.view.SurfaceControl$Transaction.apply:3447 android.view.SurfaceControl$Transaction.apply:3397 com.android.wm.shell.transition.Transitions.onFinish:315 com.android.wm.shell.transition.Transitions$$ExternalSyntheticLambda7.onTransitionFinished:12 com.android.wm.shell.transition.DefaultTransitionHandler$$ExternalSyntheticLambda6.run:36
03-02 00:57:48.736  1444  1461 D libcomposer_ext: DeviceImplAidl::DeviceClientContextAidl::NotifyHwcComposition()
03-02 00:57:48.736  1444  1461 D libcomposer_ext: DeviceImplAidl::DeviceClientContextAidl::NotifyHwcComposition()
03-02 00:57:48.736  1698  1698 D libcomposer_ext: ClientCallbackAidl::asyncPerform(12)
03-02 00:57:48.736  1698  1698 D libcomposer_ext: ClientImplAidl::ParseNotifyHwcComposition()
03-02 00:57:48.736  1507  1562 D libcomposer_ext: ClientCallbackAidl::asyncPerform(12)
03-02 00:57:48.736  1507  1562 D libcomposer_ext: ClientImplAidl::ParseNotifyHwcComposition()
03-02 00:57:48.736  1507  1562 D SurfaceFlinger: NotifyHwcComposition(), id 0, mode 0
03-02 00:57:48.736  1464  1492 I mtkpower@impl: [setMode] type:6, enabled:0
03-02 00:57:48.737  1464  1492 E mtkpower@impl: [setMode] unknown type
03-02 00:57:48.738  1507  1507 D SurfaceFlinger: Display 4627039422300187648 HWC layers:
03-02 00:57:48.738  1507  1507 D SurfaceFlinger:   SOLID_COLOR |                        0 | 00000002 | N/A          |    0.0    0.0    0.0    0.0 |    0    0   -1   -1 | Background for 68eb87 SurfaceView[co[...]weme.splash.SplashActivity]@0#156973 (0)
03-02 00:57:48.738  1507  1507 D SurfaceFlinger:   SOLID_COLOR |                        0 | 00000002 | N/A          |    0.0    0.0    0.0    0.0 |    0    0   -1   -1 | Background for 7086fb SurfaceView[co[...]weme.splash.SplashActivity]@0#156976 (0)
03-02 00:57:48.738  1507  1507 D SurfaceFlinger:   SOLID_COLOR |                        0 | 00000002 | N/A          |    0.0    0.0    0.0    0.0 |    0    0   -1   -1 | Background for 836459b SurfaceView[c[...]weme.splash.SplashActivity]@0#156979 (0)
03-02 00:57:48.738  1507  1507 D SurfaceFlinger:        DEVICE |           63930588202319 | 00000102 | 0x32315659   |    0.0    0.0    0.0    0.0 |    0    0   -1   -1 | 7086fb SurfaceView[com.zhiliaoapp.mu[...]lash.SplashActivity]@0(BLAST)#156975 (1)
03-02 00:57:48.738  1507  1507 D SurfaceFlinger:        DEVICE |           63930588202305 | 00002100 | RGBA_8888    |    0.0    0.0    0.0    0.0 |    0    0   -1   -1 | com.zhiliaoapp.musically/com.ss.andr[...].splash.S
03-02 00:57:48.738  1507  1507 D SurfaceFlinger: plashActivity$_14885#156967 (5)
03-02 00:57:48.738  1507  1507 D SurfaceFlinger:   SOLID_COLOR |                        0 | 00000000 | N/A          |    0.0    0.0    0.0    0.0 |    0    0   -1   -1 | DimTransitionLayer for Surface(name=Task=44910)/@0xb9e1d0e#156996 (0)
03-02 00:57:48.738  1507  1507 D SurfaceFlinger:        DEVICE |           73534135074977 | 00002102 | RGBA_8888    |    0.0    0.0 1080.0 2340.0 |    0    0 1080 2340 | com.podcast.app.debug/androidx.activity.ComponentActivity$_17121#156991 (1)
03-02 00:57:48.738  1507  1507 D SurfaceFlinger:        DEVICE |           11793980281878 | 00002100 | RGBA_8888    |    0.0    0.0 1080.0   80.0 |    0    0 1080   80 | StatusBar$_2746#117 (211298)
03-02 00:57:48.738  1507  1507 D SurfaceFlinger:        DEVICE |           13752485304097 | 00002100 | RGBA_8888    |    0.0    0.0   67.0  346.0 | 1013  454 1080  800 | com.sec.android.app.launcher/com.sam[...].app.CocktailBarService$_3202#152779 (1)
03-02 00:57:48.738  1507  1507 D SurfaceFlinger:        DEVICE |           11793980281862 | 00002100 | RGBA_8888    |    0.0    0.0 1080.0  135.0 |    0 2205 1080 2340 | NavigationBar0$_2746#113 (188396)
03-02 00:57:48.738  1507  1507 D SurfaceFlinger:
03-02 00:57:48.739 14885 14885 I VRI[SplashActivity]@35f4eb8: handleAppVisibility mAppVisible = true visible = false
03-02 00:57:48.739 14885 14885 D VRI[SplashActivity]@35f4eb8: visibilityChanged oldVisibility=true newVisibility=false
03-02 00:57:48.745 14885 14885 I SV[6876039 SplashActivity]: onWindowVisibilityChanged(8) false X.0fk7{68eb87 V.E...... ........ 0,80-1080,2000} of VRI[SplashActivity]@35f4eb8
03-02 00:57:48.746 14885 14885 I SurfaceView: 6876039 Changes: creating=false format=false size=false visible=true alpha=false hint=false left=false top=false z=false attached=true lifecycleStrategy=false
03-02 00:57:48.746 14885 14885 I SurfaceView: 6876039 Cur surface: Surface(name=null mNativeObject=480505724672)/@0x56b4ffd
03-02 00:57:48.746 14885 14885 I SurfaceView: 6876039 surfaceDestroyed
03-02 00:57:48.746 14885 14885 I SV[6876039 SplashActivity]: surfaceDestroyed callback.size 1 #2 X.0fk7{68eb87 V.E...... ........ 0,80-1080,2000}
03-02 00:57:48.746 14885 14885 I SV[6876039 SplashActivity]: updateSurface: mVisible = false mSurface.isValid() = true
03-02 00:57:48.746 14885 14885 I BLASTBufferQueue: [68eb87 SurfaceView[com.zhiliaoapp.musically/com.ss.android.ugc.aweme.splash.SplashActivity]@0#155](f:0,a:0,s:0) destructor()
03-02 00:57:48.746 14885 14885 D BufferQueueConsumer: [68eb87 SurfaceView[com.zhiliaoapp.musically/com.ss.android.ugc.aweme.splash.SplashActivity]@0#155(BLAST Consumer)155](id:3a25000000a0,api:0,p:-1,c:14885) disconnect
03-02 00:57:48.746 14885 14885 I SV[6876039 SplashActivity]: releaseSurfaces: viewRoot = VRI[SplashActivity]@35f4eb8
03-02 00:57:48.746 14885 14885 V SurfaceView: Layout: x=4320 y=-2080 w=1080 h=1920, frame=Rect(0, 0 - 1080, 1920)
03-02 00:57:48.746 14885 14885 I SV[7374587 SplashActivity]: onWindowVisibilityChanged(8) false X.0fk7{7086fb V.E...... ........ 0,80-1080,2000} of VRI[SplashActivity]@35f4eb8
03-02 00:57:48.746  1507  1507 I SurfaceFlinger: RequestedLayer [Task=44543#147901] hidden!! flag  from(0) --> to(1)
03-02 00:57:48.746  1507  1507 I SurfaceFlinger: [Display 0 name="Built-in Screen"#49] setFrameRateCategory: Default
03-02 00:57:48.746  2746  2746 D SystemUIService: SYSUI_RAM_OPTIMIZATION onTrimMemory=20
03-02 00:57:48.746  1507  1507 I SurfaceFlinger: [LayerHierarchy{RequestedLayerState{Task=44543#147901 parentId=10 z=41} 1 children}] reparent to LayerHierarchy{RequestedLayerState{DefaultTaskDisplayArea_d0#10 parentId=9} 45 children}
03-02 00:57:48.746  2746  2746 D CentralSurfaces: SYSUI_RAM_OPTIMIZATION onTrimMemory=20
03-02 00:57:48.746  1507  1507 I SurfaceFlinger: [LayerHierarchy{RequestedLayerState{Transition Root: Task=44910#156994 z=42} 2 children}] reparent to OffscreenRoot
03-02 00:57:48.746  1507  1507 I SurfaceFlinger: [LayerHierarchy{RequestedLayerState{Transition Root: Task=44910#156994 z=42} 2 children}] RelativeParent to null
03-02 00:57:48.746  1507  1507 I SurfaceFlinger: [LayerHierarchy{RequestedLayerState{Task=44910#156986 parentId=10 z=42} 2 children}] reparent to LayerHierarchy{RequestedLayerState{DefaultTaskDisplayArea_d0#10 parentId=9} 45 children}
03-02 00:57:48.746  1507  1507 I SurfaceFlinger: [LayerHierarchy{RequestedLayerState{DimTransitionLayer for Surface(name=Task=44910)/@0xb9e1d0e#156996 z=-1} no children}] reparent to OffscreenRoot
03-02 00:57:48.746  1507  1507 I SurfaceFlinger: [LayerHierarchy{RequestedLayerState{DimTransitionLayer for Surface(name=Task=44910)/@0xb9e1d0e#156996 z=-1} no children}] RelativeParent to null
03-02 00:57:48.746  2746  2870 D HWUI    : CacheManager::trimMemory(20)
03-02 00:57:48.747 14885 14885 I SurfaceView: 7374587 Changes: creating=false format=false size=false visible=true alpha=false hint=false left=false top=false z=false attached=true lifecycleStrategy=false
03-02 00:57:48.747 14885 14885 I SurfaceView: 7374587 Cur surface: Surface(name=null mNativeObject=480514718208)/@0x5798c7e
03-02 00:57:48.747 14885 14885 I SurfaceView: 7374587 surfaceDestroyed
03-02 00:57:48.747 14885 14885 I SV[7374587 SplashActivity]: surfaceDestroyed callback.size 2 #2 X.0fk7{7086fb V.E...... ........ 0,80-1080,2000}
03-02 00:57:48.749 14885 18629 D SurfaceUtils: connecting to surface 0x6f9d394c10, reason connectToSurface
03-02 00:57:48.750 14885 18629 I MediaCodec: [c2.mtk.hevc.decoder] setting surface generation to 15242330
03-02 00:57:48.750 14885 18629 D SurfaceUtils: disconnecting from surface 0x6f9d394c10, reason connectToSurface(reconnect)
03-02 00:57:48.750 14885 18629 D SurfaceUtils: connecting to surface 0x6f9d394c00, reason connectToSurface(reconnect-with-listener)
03-02 00:57:48.751  1507  1507 I SurfaceFlinger: onHandleDestroyed: layerId=156996, name=DimTransitionLayer for Surface(name=Task=44910)/@0xb9e1d0e#156996
03-02 00:57:48.751  1507  1507 I SurfaceFlinger: id=156996 Removed DimTransitionLayer for Surface(name=Task=44910)/@0xb9e1d0e#156996 (327)
03-02 00:57:48.751  1507  1507 I SurfaceFlinger: onHandleDestroyed: layerId=156994, name=Transition Root: Task=44910#156994
03-02 00:57:48.751  1507  1507 I SurfaceFlinger: id=156994 Removed Transition Root: Task=44910#156994 (327)
03-02 00:57:48.751  1507  1507 E RefreshRateSelector: Can't find HRR max refresh rate by policy with the same group 0
03-02 00:57:48.752 14885 18629 D GraphicsTracker: new surface in configuration: maxDequeueRequested(0), maxDequeueCommitted(24)
03-02 00:57:48.752 14885 18629 D GraphicsTracker: new surface configured with id:63930588201057 gen:15242330 maxDequeue:24
03-02 00:57:48.752 14885 18629 D GraphicsTracker: maxDequeueCount is already 24
03-02 00:57:48.752 14885 18629 D Codec2Client: setOutputSurface -- generation=15242330 consumer usage=0x900
03-02 00:57:48.752 14885 18629 D SurfaceUtils: disconnecting from surface 0x6f9d395610, reason disconnectFromSurface
03-02 00:57:48.752  1646 17197 I CameraService: onUidStateChanged: uid=10235, procState is changed. (3 -> 4)
03-02 00:57:48.753 14885 14885 I SV[7374587 SplashActivity]: updateSurface: mVisible = false mSurface.isValid() = true
03-02 00:57:48.753 14885 14885 I BLASTBufferQueue: [7086fb SurfaceView[com.zhiliaoapp.musically/com.ss.android.ugc.aweme.splash.SplashActivity]@0#156](f:0,a:1,s:0) destructor()
03-02 00:57:48.753 14885 14885 D BufferQueueConsumer: [7086fb SurfaceView[com.zhiliaoapp.musically/com.ss.android.ugc.aweme.splash.SplashActivity]@0#156(BLAST Consumer)156](id:3a25000000a1,api:0,p:-1,c:14885) disconnect
03-02 00:57:48.754 14885 14885 I SV[7374587 SplashActivity]: releaseSurfaces: viewRoot = VRI[SplashActivity]@35f4eb8
03-02 00:57:48.754 14885 14885 V SurfaceView: Layout: x=0 y=80 w=1080 h=1920, frame=Rect(0, 0 - 1080, 1920)
03-02 00:57:48.754 14885 14885 I SV[137774491 SplashActivity]: onWindowVisibilityChanged(8) false X.0fk7{836459b V.E...... ........ 0,81-1080,1998} of VRI[SplashActivity]@35f4eb8
03-02 00:57:48.755 14885 14885 I SurfaceView: 137774491 Changes: creating=false format=false size=false visible=true alpha=false hint=false left=false top=false z=false attached=true lifecycleStrategy=false
03-02 00:57:48.755 14885 14885 I SurfaceView: 137774491 Cur surface: Surface(name=null mNativeObject=480515427840)/@0xe7e74a9
03-02 00:57:48.756 14885 14885 I SurfaceView: 137774491 surfaceDestroyed
03-02 00:57:48.756 14885 14885 I SV[137774491 SplashActivity]: surfaceDestroyed callback.size 1 #2 X.0fk7{836459b V.E...... ........ 0,81-1080,1998}
03-02 00:57:48.756 14885 14885 I SV[137774491 SplashActivity]: updateSurface: mVisible = false mSurface.isValid() = true
03-02 00:57:48.756 14885 14885 I BLASTBufferQueue: [836459b SurfaceView[com.zhiliaoapp.musically/com.ss.android.ugc.aweme.splash.SplashActivity]@0#157](f:0,a:0,s:0) destructor()
03-02 00:57:48.756 14885 14885 D BufferQueueConsumer: [836459b SurfaceView[com.zhiliaoapp.musically/com.ss.android.ugc.aweme.splash.SplashActivity]@0#157(BLAST Consumer)157](id:3a25000000a2,api:0,p:-1,c:14885) disconnect
03-02 00:57:48.756 14885 14885 I SV[137774491 SplashActivity]: releaseSurfaces: viewRoot = VRI[SplashActivity]@35f4eb8
03-02 00:57:48.757 14885 14885 V SurfaceView: Layout: x=4320 y=2240 w=1080 h=1917, frame=Rect(0, 0 - 1080, 1917)
03-02 00:57:48.757  1507  1507 I SurfaceFlinger: RequestedLayer [com.zhiliaoapp.musically/com.ss.andr[...].splash.SplashActivity$_14885#156967] hidden!! flag  from(0) --> to(1)
03-02 00:57:48.757  1507  1507 I SurfaceFlinger: RequestedLayer [ActivityRecord{2751228 u0 com.zhilia[...]splash.SplashActivity t44543}#147902] hidden!! flag  from(0) --> to(1)
03-02 00:57:48.757  1507  1507 I SurfaceFlinger: destroyed Transition Root: Task=44910#156994
03-02 00:57:48.757  1507  1507 I SurfaceFlinger: destroyed DimTransitionLayer for Surface(name=Task=44910)/@0xb9e1d0e#156996
03-02 00:57:48.757  1507  1507 I SurfaceFlinger: [LayerHierarchy{RequestedLayerState{ImeContainer#15 parentId=156987 relativeParentId=156990 z=1} 1 children}] RelativeParent to LayerHierarchy{RequestedLayerState{7fccfe7 com.podcast.app.debug/androidx.activity.ComponentActivity#156990 parentId=156987} 2 children}
03-02 00:57:48.757  1507  1507 I SurfaceFlinger: [LayerHierarchy{RequestedLayerState{Splash Screen com.podcast.app.debug$_2746#156989} no children}] reparent to OffscreenRoot
03-02 00:57:48.757  1507  1507 I SurfaceFlinger: [LayerHierarchy{RequestedLayerState{Splash Screen com.podcast.app.debug$_2746#156989} no children}] RelativeParent to null
03-02 00:57:48.757  1507  1507 I SurfaceFlinger: [LayerHierarchy{RequestedLayerState{7ae1bd0 Splash Screen com.podcast.app.debug#156988 z=2147483647} no children}] reparent to OffscreenRoot
03-02 00:57:48.757  1507  1507 I SurfaceFlinger: [LayerHierarchy{RequestedLayerState{7ae1bd0 Splash Screen com.podcast.app.debug#156988 z=2147483647} no children}] RelativeParent to null
03-02 00:57:48.758  1507  1507 I Layer   : id=156994 Destroyed Transition Root: Task=44910#156994
03-02 00:57:48.758  1507  1507 I Layer   : id=156996 Destroyed DimTransitionLayer for Surface(name=Task=44910)/@0xb9e1d0e#156996
03-02 00:57:48.758  1507  1507 I SurfaceFlinger: onHandleDestroyed: layerId=156988, name=7ae1bd0 Splash Screen com.podcast.app.debug#156988
03-02 00:57:48.759  1507  1507 I SurfaceFlinger: id=156988 Removed 7ae1bd0 Splash Screen com.podcast.app.debug#156988 (325)
03-02 00:57:48.759  1507  1507 I SurfaceFlinger: onHandleDestroyed: layerId=156989, name=Splash Screen com.podcast.app.debug$_2746#156989
03-02 00:57:48.759  1507  1507 I SurfaceFlinger: id=156989 Removed Splash Screen com.podcast.app.debug$_2746#156989 (325)
03-02 00:57:48.759 14885 15423 D SurfaceView: 160273946 windowPositionLost, frameNr = 0
03-02 00:57:48.760 14885 15423 D SurfaceView: 119604555 windowPositionLost, frameNr = 0
03-02 00:57:48.761 14885 15423 D SurfaceView: 195971880 windowPositionLost, frameNr = 0
03-02 00:57:48.763 14885 15423 D HWUI    : CacheManager::trimMemory(20)
03-02 00:57:48.764  2013  4829 I WindowManager: Relayout Window{cd2d6b5 u0 com.zhiliaoapp.musically/com.ss.android.ugc.aweme.splash.SplashActivity}: viewVisibility=8 req=1080x2340 ty=1 d0
03-02 00:57:48.767  2013  4829 I WindowManager: Relayout hash=cd2d6b5, pid=14885, syncId=-1: mAttrs={(0,0)(fillxfill) sim={adjust=pan} layoutInDisplayCutoutMode=always ty=BASE_APPLICATION fmt=TRANSLUCENT wanim=0x1030317
03-02 00:57:48.767  2013  4829 I WindowManager:   fl=81810180
03-02 00:57:48.767  2013  4829 I WindowManager:   pfl=10008840
03-02 00:57:48.767  2013  4829 I WindowManager:   vsysui=400
03-02 00:57:48.767  2013  4829 I WindowManager:   apr=10
03-02 00:57:48.767  2013  4829 I WindowManager:   bhv=1
03-02 00:57:48.767  2013  4829 I WindowManager:   fitSides=0
03-02 00:57:48.767  2013  4829 I WindowManager:   frameRateBoostOnTouch=true
03-02 00:57:48.767  2013  4829 I WindowManager:   dvrrWindowFrameRateHint=true naviIconColor=0
03-02 00:57:48.767  2013  4829 I WindowManager:   sfl=100000}
03-02 00:57:48.768  1507  1507 I SurfaceFlinger: destroyed Splash Screen com.podcast.app.debug$_2746#156989
03-02 00:57:48.768  1507  1507 I SurfaceFlinger: destroyed 7ae1bd0 Splash Screen com.podcast.app.debug#156988
03-02 00:57:48.769 14885 14885 I BLASTBufferQueue: [VRI[SplashActivity]@35f4eb8#154](f:0,a:1,s:0) destructor()
03-02 00:57:48.769 14885 14885 D BufferQueueConsumer: [VRI[SplashActivity]@35f4eb8#154(BLAST Consumer)154](id:3a250000009f,api:0,p:-1,c:14885) disconnect
03-02 00:57:48.770 14885 14885 I VRI[SplashActivity]@35f4eb8: Relayout returned: old=(0,0,1080,2340) new=(0,0,1080,2340) relayoutAsync=false req=(1080,2340)8 dur=5 res=0x2 s={false 0x0} ch=true seqId=0
03-02 00:57:48.771 14885 14885 I SV[6876039 SplashActivity]: windowStopped(true) false X.0fk7{68eb87 V.E...... ........ 0,80-1080,2000} of VRI[SplashActivity]@35f4eb8
03-02 00:57:48.771 14885 14885 D SV[6876039 SplashActivity]: updateSurface: surface is not valid
03-02 00:57:48.771 14885 14885 I SV[6876039 SplashActivity]: releaseSurfaces: viewRoot = VRI[SplashActivity]@35f4eb8
03-02 00:57:48.771 14885 14885 D VRI[SplashActivity]@35f4eb8: applyTransactionOnDraw applyImmediately
03-02 00:57:48.771 14885 14885 I SV[7374587 SplashActivity]: windowStopped(true) false X.0fk7{7086fb V.E...... ........ 0,80-1080,2000} of VRI[SplashActivity]@35f4eb8
03-02 00:57:48.771 14885 14885 D SV[7374587 SplashActivity]: updateSurface: surface is not valid
03-02 00:57:48.771 14885 14885 I SV[7374587 SplashActivity]: releaseSurfaces: viewRoot = VRI[SplashActivity]@35f4eb8
03-02 00:57:48.771 14885 14885 D VRI[SplashActivity]@35f4eb8: applyTransactionOnDraw applyImmediately
03-02 00:57:48.772  1507  1507 I Layer   : id=156989 Destroyed Splash Screen com.podcast.app.debug$_2746#156989
03-02 00:57:48.772 14885 14885 I SV[137774491 SplashActivity]: windowStopped(true) false X.0fk7{836459b V.E...... ........ 0,81-1080,1998} of VRI[SplashActivity]@35f4eb8
03-02 00:57:48.772  1507  1507 I Layer   : id=156988 Destroyed 7ae1bd0 Splash Screen com.podcast.app.debug#156988
03-02 00:57:48.772 14885 14885 D SV[137774491 SplashActivity]: updateSurface: surface is not valid
03-02 00:57:48.772 14885 14885 I SV[137774491 SplashActivity]: releaseSurfaces: viewRoot = VRI[SplashActivity]@35f4eb8
03-02 00:57:48.772 14885 14885 D VRI[SplashActivity]@35f4eb8: applyTransactionOnDraw applyImmediately
03-02 00:57:48.772 14885 14885 D SV[6876039 SplashActivity]: updateSurface: surface is not valid
03-02 00:57:48.772 14885 14885 I SV[6876039 SplashActivity]: releaseSurfaces: viewRoot = VRI[SplashActivity]@35f4eb8
03-02 00:57:48.772 14885 14885 D VRI[SplashActivity]@35f4eb8: applyTransactionOnDraw applyImmediately
03-02 00:57:48.773 14885 14885 D SV[7374587 SplashActivity]: updateSurface: surface is not valid
03-02 00:57:48.773 14885 14885 I SV[7374587 SplashActivity]: releaseSurfaces: viewRoot = VRI[SplashActivity]@35f4eb8
03-02 00:57:48.773 14885 14885 D VRI[SplashActivity]@35f4eb8: applyTransactionOnDraw applyImmediately
03-02 00:57:48.773 14885 14885 D SV[137774491 SplashActivity]: updateSurface: surface is not valid
03-02 00:57:48.773 14885 14885 I SV[137774491 SplashActivity]: releaseSurfaces: viewRoot = VRI[SplashActivity]@35f4eb8
03-02 00:57:48.773 14885 14885 D VRI[SplashActivity]@35f4eb8: applyTransactionOnDraw applyImmediately
03-02 00:57:48.774 14885 14885 D VRI[SplashActivity]@35f4eb8: Not drawing due to not visible. Reason=!mAppVisible && !mForceDecorViewVisibility
03-02 00:57:48.774 14885 14885 D VRI[SplashActivity]@35f4eb8: Pending transaction will not be applied in sync with a draw due to view not visible
03-02 00:57:48.774 14885 14885 I VRI[SplashActivity]@35f4eb8: mWNT: t=0x769ac0ba00 mBlastBufferQueue=0xnull fn= 0 HdrRenderState mRenderHdrSdrRatio=1.0 caller= android.view.ViewRootImpl.handleSyncRequestWhenNoAsyncDraw:6733 android.view.ViewRootImpl.performTraversals:5504 android.view.ViewRootImpl.doTraversal:3924
03-02 00:57:48.776 14885 15423 D HWUI    : CacheManager::trimMemory(20)
03-02 00:57:48.777 14885 14885 I VRI[SplashActivity]@35f4eb8: stopped(true) old = false
03-02 00:57:48.777 14885 14885 D VRI[SplashActivity]@35f4eb8: WindowStopped on com.zhiliaoapp.musically/com.ss.android.ugc.aweme.splash.SplashActivity set to true
03-02 00:57:48.777 14885 15423 D HWUI    : CacheManager::trimMemory(20)
03-02 00:57:48.779 14885 14885 I System.out: SAFActivity: com.ss.android.ugc.aweme.main.MainActivity@c20428f,  onStop Start
03-02 00:57:48.779  1507  1507 I SurfaceFlinger: [LayerHierarchy{RequestedLayerState{7086fb SurfaceView[com.zhiliaoapp.musically/com.ss.android.ugc.aweme.splash.SplashActivity]@0#156974 z=-2} 2 children}] reparent to OffscreenRoot
03-02 00:57:48.779  1507  1507 I SurfaceFlinger: [LayerHierarchy{RequestedLayerState{7086fb SurfaceView[com.zhiliaoapp.musically/com.ss.android.ugc.aweme.splash.SplashActivity]@0#156974 z=-2} 2 children}] RelativeParent to null
03-02 00:57:48.779  1507  1507 I SurfaceFlinger: [LayerHierarchy{RequestedLayerState{Background for 68eb87 SurfaceView[com.zhiliaoapp.musically/com.ss.android.ugc.aweme.splash.SplashActivity]@0#156973 z=-2147483648} no children}] reparent to OffscreenRoot
03-02 00:57:48.779  1507  1507 I SurfaceFlinger: [LayerHierarchy{RequestedLayerState{Background for 68eb87 SurfaceView[com.zhiliaoapp.musically/com.ss.android.ugc.aweme.splash.SplashActivity]@0#156973 z=-2147483648} no children}] RelativeParent to null
03-02 00:57:48.779  1507  1507 I SurfaceFlinger: [LayerHierarchy{RequestedLayerState{68eb87 SurfaceView[com.zhiliaoapp.musically/com.ss.android.ugc.aweme.splash.SplashActivity]@0(BLAST)#156972} no children}] reparent to OffscreenRoot
03-02 00:57:48.779  1507  1507 I SurfaceFlinger: [LayerHierarchy{RequestedLayerState{68eb87 SurfaceView[com.zhiliaoapp.musically/com.ss.android.ugc.aweme.splash.SplashActivity]@0(BLAST)#156972} no children}] RelativeParent to null
03-02 00:57:48.779  1507  1507 I SurfaceFlinger: [LayerHierarchy{RequestedLayerState{68eb87 SurfaceView[com.zhiliaoapp.musically/com.ss.android.ugc.aweme.splash.SplashActivity]@0#156971 z=-2} no children}] reparent to OffscreenRoot
03-02 00:57:48.779  1507  1507 I SurfaceFlinger: [LayerHierarchy{RequestedLayerState{68eb87 SurfaceView[com.zhiliaoapp.musically/com.ss.android.ugc.aweme.splash.SplashActivity]@0#156971 z=-2} no children}] RelativeParent to null
03-02 00:57:48.779  1507  1507 I SurfaceFlinger: [LayerHierarchy{RequestedLayerState{Bounds for - com.zhiliaoapp.musically/com.ss.android.ugc.aweme.splash.SplashActivity@36#156970} 1 children}] reparent to OffscreenRoot
03-02 00:57:48.780  1507  1507 I SurfaceFlinger: [LayerHierarchy{RequestedLayerState{Bounds for - com.zhiliaoapp.musically/com.ss.android.ugc.aweme.splash.SplashActivity@36#156970} 1 children}] RelativeParent to null
03-02 00:57:48.780  1507  1507 I SurfaceFlinger: [LayerHierarchy{RequestedLayerState{836459b SurfaceView[com.zhiliaoapp.musically/com.ss.android.ugc.aweme.splash.SplashActivity]@0(BLAST)#156978} no children}] reparent to OffscreenRoot
03-02 00:57:48.780  1507  1507 I SurfaceFlinger: [LayerHierarchy{RequestedLayerState{836459b SurfaceView[com.zhiliaoapp.musically/com.ss.android.ugc.aweme.splash.SplashActivity]@0(BLAST)#156978} no children}] RelativeParent to null
03-02 00:57:48.780  1507  1507 I SurfaceFlinger: [LayerHierarchy{RequestedLayerState{Background for 836459b SurfaceView[com.zhiliaoapp.musically/com.ss.android.ugc.aweme.splash.SplashActivity]@0#156979 z=-2147483648} no children}] reparent to OffscreenRoot
03-02 00:57:48.780  1507  1507 I SurfaceFlinger: [LayerHierarchy{RequestedLayerState{Background for 836459b SurfaceView[com.zhiliaoapp.musically/com.ss.android.ugc.aweme.splash.SplashActivity]@0#156979 z=-2147483648} no children}] RelativeParent to null
03-02 00:57:48.780  1507  1507 I SurfaceFlinger: [LayerHierarchy{RequestedLayerState{7086fb SurfaceView[com.zhiliaoapp.musically/com.ss.android.ugc.aweme.splash.SplashActivity]@0(BLAST)#156975} no children}] reparent to OffscreenRoot
03-02 00:57:48.780  1507  1507 I SurfaceFlinger: [LayerHierarchy{RequestedLayerState{7086fb SurfaceView[com.zhiliaoapp.musically/com.ss.android.ugc.aweme.splash.SplashActivity]@0(BLAST)#156975} no children}] RelativeParent to null
03-02 00:57:48.780  1507  1507 I SurfaceFlinger: [LayerHierarchy{RequestedLayerState{836459b SurfaceView[com.zhiliaoapp.musically/com.ss.android.ugc.aweme.splash.SplashActivity]@0#156977 z=-2} no children}] reparent to OffscreenRoot
03-02 00:57:48.780  1507  1507 I SurfaceFlinger: [LayerHierarchy{RequestedLayerState{836459b SurfaceView[com.zhiliaoapp.musically/com.ss.android.ugc.aweme.splash.SplashActivity]@0#156977 z=-2} no children}] RelativeParent to null
03-02 00:57:48.780  1507  1507 I SurfaceFlinger: [LayerHierarchy{RequestedLayerState{Background for 7086fb SurfaceView[com.zhiliaoapp.musically/com.ss.android.ugc.aweme.splash.SplashActivity]@0#156976 z=-2147483648} no children}] reparent to OffscreenRoot
03-02 00:57:48.780  1507  1507 I SurfaceFlinger: [LayerHierarchy{RequestedLayerState{Background for 7086fb SurfaceView[com.zhiliaoapp.musically/com.ss.android.ugc.aweme.splash.SplashActivity]@0#156976 z=-2147483648} no children}] RelativeParent to null
03-02 00:57:48.783  1507  1507 I SurfaceFlinger: onHandleDestroyed: layerId=156978, name=836459b SurfaceView[com.zhiliaoapp.musically/com.ss.android.ugc.aweme.splash.SplashActivity]@0(BLAST)#156978
03-02 00:57:48.783  1507  1507 I SurfaceFlinger: id=156978 Removed 836459b SurfaceView[com.zhiliaoapp.musically/com.ss.android.ugc.aweme.splash.SplashActivity]@0(BLAST)#156978 (323)
03-02 00:57:48.783  1507  1507 I SurfaceFlinger: onHandleDestroyed: layerId=156977, name=836459b SurfaceView[com.zhiliaoapp.musically/com.ss.android.ugc.aweme.splash.SplashActivity]@0#156977
03-02 00:57:48.783  1507  1507 I SurfaceFlinger: id=156977 Removed 836459b SurfaceView[com.zhiliaoapp.musically/com.ss.android.ugc.aweme.splash.SplashActivity]@0#156977 (323)
03-02 00:57:48.783  1507  1507 I SurfaceFlinger: onHandleDestroyed: layerId=156979, name=Background for 836459b SurfaceView[com.zhiliaoapp.musically/com.ss.android.ugc.aweme.splash.SplashActivity]@0#156979
03-02 00:57:48.783  1507  1507 I SurfaceFlinger: id=156979 Removed Background for 836459b SurfaceView[com.zhiliaoapp.musically/com.ss.android.ugc.aweme.splash.SplashActivity]@0#156979 (323)
03-02 00:57:48.783  1507  1507 I SurfaceFlinger: onHandleDestroyed: layerId=156975, name=7086fb SurfaceView[com.zhiliaoapp.musically/com.ss.android.ugc.aweme.splash.SplashActivity]@0(BLAST)#156975
03-02 00:57:48.783  1507  1507 I SurfaceFlinger: id=156975 Removed 7086fb SurfaceView[com.zhiliaoapp.musically/com.ss.android.ugc.aweme.splash.SplashActivity]@0(BLAST)#156975 (323)
03-02 00:57:48.783  1507  1507 I SurfaceFlinger: onHandleDestroyed: layerId=156974, name=7086fb SurfaceView[com.zhiliaoapp.musically/com.ss.android.ugc.aweme.splash.SplashActivity]@0#156974
03-02 00:57:48.783  1507  1507 I SurfaceFlinger: id=156974 Removed 7086fb SurfaceView[com.zhiliaoapp.musically/com.ss.android.ugc.aweme.splash.SplashActivity]@0#156974 (323)
03-02 00:57:48.783  1507  1507 I SurfaceFlinger: onHandleDestroyed: layerId=156976, name=Background for 7086fb SurfaceView[com.zhiliaoapp.musically/com.ss.android.ugc.aweme.splash.SplashActivity]@0#156976
03-02 00:57:48.783  1507  1507 I SurfaceFlinger: id=156976 Removed Background for 7086fb SurfaceView[com.zhiliaoapp.musically/com.ss.android.ugc.aweme.splash.SplashActivity]@0#156976 (323)
03-02 00:57:48.783  1507  1507 I SurfaceFlinger: onHandleDestroyed: layerId=156972, name=68eb87 SurfaceView[com.zhiliaoapp.musically/com.ss.android.ugc.aweme.splash.SplashActivity]@0(BLAST)#156972
03-02 00:57:48.783  1507  1507 I SurfaceFlinger: id=156972 Removed 68eb87 SurfaceView[com.zhiliaoapp.musically/com.ss.android.ugc.aweme.splash.SplashActivity]@0(BLAST)#156972 (323)
03-02 00:57:48.783  1507  1507 I SurfaceFlinger: onHandleDestroyed: layerId=156971, name=68eb87 SurfaceView[com.zhiliaoapp.musically/com.ss.android.ugc.aweme.splash.SplashActivity]@0#156971
03-02 00:57:48.783  1507  1507 I SurfaceFlinger: id=156971 Removed 68eb87 SurfaceView[com.zhiliaoapp.musically/com.ss.android.ugc.aweme.splash.SplashActivity]@0#156971 (323)
03-02 00:57:48.783  1446  1446 I SensorsHub: queueActivate: handle 5 enable 0
03-02 00:57:48.783  1507  1507 I SurfaceFlinger: onHandleDestroyed: layerId=156973, name=Background for 68eb87 SurfaceView[com.zhiliaoapp.musically/com.ss.android.ugc.aweme.splash.SplashActivity]@0#156973
03-02 00:57:48.783  1507  1507 I SurfaceFlinger: id=156973 Removed Background for 68eb87 SurfaceView[com.zhiliaoapp.musically/com.ss.android.ugc.aweme.splash.SplashActivity]@0#156973 (323)
03-02 00:57:48.783  1507  1507 I SurfaceFlinger: onHandleDestroyed: layerId=156970, name=Bounds for - com.zhiliaoapp.musically/com.ss.android.ugc.aweme.splash.SplashActivity@36#156970
03-02 00:57:48.783  1507  1507 I SurfaceFlinger: id=156970 Removed Bounds for - com.zhiliaoapp.musically/com.ss.android.ugc.aweme.splash.SplashActivity@36#156970 (323)
03-02 00:57:48.783  1446  1446 I SensorsHub: type : 5, enable : 0
03-02 00:57:48.784  2013  2027 I MediaFocusControl: abandonAudioFocus() from uid/pid 10350/14885 clientId=android.media.AudioManager@b7fcc9dX.143s@4302512 callingPack=com.zhiliaoapp.musically
03-02 00:57:48.784  2013  2027 D AS.AudioService: [Android Auto] isConnectedAndroidAuto = false
03-02 00:57:48.784  2013  2027 D MediaFocusControl: selectFocusStack, uid = 10350, appDevice = 0, device = 2
03-02 00:57:48.784  2013  2027 I MediaFocusControl: removeFocusStackEntry client:android.media.AudioManager@b7fcc9dX.143s@4302512
03-02 00:57:48.786 14885 18451 D SensorManager: unregisterListener
03-02 00:57:48.790  1445  2902 W C2MtkBufferManager: [0xB4000070F507E520] fetchNewCcBlock: wait fence 0x0xb4000070f5058270 timed out. ret 110
03-02 00:57:48.790  1507  1507 I SurfaceFlinger: destroyed 7086fb SurfaceView[com.zhiliaoapp.musically/com.ss.android.ugc.aweme.splash.SplashActivity]@0#156974
03-02 00:57:48.790  1507  1507 I SurfaceFlinger: destroyed Background for 7086fb SurfaceView[com.zhiliaoapp.musically/com.ss.android.ugc.aweme.splash.SplashActivity]@0#156976
03-02 00:57:48.790  1507  1507 I SurfaceFlinger: destroyed 836459b SurfaceView[com.zhiliaoapp.musically/com.ss.android.ugc.aweme.splash.SplashActivity]@0#156977
03-02 00:57:48.790  1507  1507 I SurfaceFlinger: destroyed Background for 68eb87 SurfaceView[com.zhiliaoapp.musically/com.ss.android.ugc.aweme.splash.SplashActivity]@0#156973
03-02 00:57:48.790  1507  1507 I SurfaceFlinger: destroyed 68eb87 SurfaceView[com.zhiliaoapp.musically/com.ss.android.ugc.aweme.splash.SplashActivity]@0(BLAST)#156972
03-02 00:57:48.790  1507  1507 I SurfaceFlinger: destroyed 68eb87 SurfaceView[com.zhiliaoapp.musically/com.ss.android.ugc.aweme.splash.SplashActivity]@0#156971
03-02 00:57:48.790  1507  1507 I SurfaceFlinger: destroyed Bounds for - com.zhiliaoapp.musically/com.ss.android.ugc.aweme.splash.SplashActivity@36#156970
03-02 00:57:48.790  1507  1507 I SurfaceFlinger: destroyed 836459b SurfaceView[com.zhiliaoapp.musically/com.ss.android.ugc.aweme.splash.SplashActivity]@0(BLAST)#156978
03-02 00:57:48.790  1507  1507 I SurfaceFlinger: destroyed 7086fb SurfaceView[com.zhiliaoapp.musically/com.ss.android.ugc.aweme.splash.SplashActivity]@0(BLAST)#156975
03-02 00:57:48.790  1507  1507 I SurfaceFlinger: destroyed Background for 836459b SurfaceView[com.zhiliaoapp.musically/com.ss.android.ugc.aweme.splash.SplashActivity]@0#156979
03-02 00:57:48.794  1507  1507 I Layer   : id=156970 Destroyed Bounds for - com.zhiliaoapp.musically/com.ss.android.ugc.aweme.splash.SplashActivity@36#156970
03-02 00:57:48.794  1507  1507 I Layer   : id=156973 Destroyed Background for 68eb87 SurfaceView[com.zhiliaoapp.musically/com.ss.android.ugc.aweme.splash.SplashActivity]@0#156973
03-02 00:57:48.794  1507  1507 I Layer   : id=156971 Destroyed 68eb87 SurfaceView[com.zhiliaoapp.musically/com.ss.android.ugc.aweme.splash.SplashActivity]@0#156971
03-02 00:57:48.794  1507  1507 I Layer   : id=156972 Destroyed 68eb87 SurfaceView[com.zhiliaoapp.musically/com.ss.android.ugc.aweme.splash.SplashActivity]@0(BLAST)#156972
03-02 00:57:48.794  1507  1507 I Layer   : id=156976 Destroyed Background for 7086fb SurfaceView[com.zhiliaoapp.musically/com.ss.android.ugc.aweme.splash.SplashActivity]@0#156976
03-02 00:57:48.794  1507  1507 I Layer   : id=156974 Destroyed 7086fb SurfaceView[com.zhiliaoapp.musically/com.ss.android.ugc.aweme.splash.SplashActivity]@0#156974
03-02 00:57:48.794  1507  1507 I Layer   : id=156975 Destroyed 7086fb SurfaceView[com.zhiliaoapp.musically/com.ss.android.ugc.aweme.splash.SplashActivity]@0(BLAST)#156975
03-02 00:57:48.794  1507  1507 I Layer   : id=156979 Destroyed Background for 836459b SurfaceView[com.zhiliaoapp.musically/com.ss.android.ugc.aweme.splash.SplashActivity]@0#156979
03-02 00:57:48.794  1507  1507 I Layer   : id=156977 Destroyed 836459b SurfaceView[com.zhiliaoapp.musically/com.ss.android.ugc.aweme.splash.SplashActivity]@0#156977
03-02 00:57:48.794  1507  1507 I Layer   : id=156978 Destroyed 836459b SurfaceView[com.zhiliaoapp.musically/com.ss.android.ugc.aweme.splash.SplashActivity]@0(BLAST)#156978
03-02 00:57:48.802 14885 14885 I System.out: SceneSafeLifecycleDispatcher: onStopped Start
03-02 00:57:48.802 14885 14885 I System.out: SAFActivity V Scene Framework: NavigationMessageQueue postSync start
03-02 00:57:48.802 14885 14885 I System.out: SAFActivity V Scene Framework: NavigationMessageQueue postSync run current task start 14_Y.ARunnableS108S0200000_32@b1f834c
03-02 00:57:48.802 14885 14885 I System.out: SAFActivity V Scene Framework: NavigationSceneManager Sync Scene SAFFragmentRootScene{79e191c} Lifecycle [STARTED -> ACTIVITY_CREATED] without saved State
03-02 00:57:48.802 14885 14885 I System.out: SAFFragmentRootScene: onStop Start (SAFFragmentRootScene{79e191c})
03-02 00:57:48.806 14885 14885 I System.out: SAFActivity V Scene Framework: NavigationMessageQueue postSync run current task finish 14_Y.ARunnableS108S0200000_32@b1f834c
03-02 00:57:48.806 14885 14885 I System.out: SAFActivity V Scene Framework: NavigationMessageQueue postSync finish
03-02 00:57:48.806 14885 14885 I System.out: SceneSafeLifecycleDispatcher: onStopped End STOP
03-02 00:57:48.806 14885 14885 I System.out: SAFActivity: com.ss.android.ugc.aweme.main.MainActivity@c20428f,  onStop End
03-02 00:57:48.806 14885 14885 D SV[6876039 SplashActivity]: updateSurface: surface is not valid
03-02 00:57:48.806 14885 14885 I SV[6876039 SplashActivity]: releaseSurfaces: viewRoot = VRI[SplashActivity]@35f4eb8
03-02 00:57:48.806 14885 14885 D VRI[SplashActivity]@35f4eb8: applyTransactionOnDraw applyImmediately
03-02 00:57:48.807 14885 14885 D SV[7374587 SplashActivity]: updateSurface: surface is not valid
03-02 00:57:48.808 14885 14885 I SV[7374587 SplashActivity]: releaseSurfaces: viewRoot = VRI[SplashActivity]@35f4eb8
03-02 00:57:48.808 14885 14885 D VRI[SplashActivity]@35f4eb8: applyTransactionOnDraw applyImmediately
03-02 00:57:48.808 14885 14885 D SV[137774491 SplashActivity]: updateSurface: surface is not valid
03-02 00:57:48.808 14885 14885 I SV[137774491 SplashActivity]: releaseSurfaces: viewRoot = VRI[SplashActivity]@35f4eb8
03-02 00:57:48.808 14885 14885 D VRI[SplashActivity]@35f4eb8: applyTransactionOnDraw applyImmediately
03-02 00:57:48.810 14885 14885 I System.out: SAFActivity V Scene Framework: NavigationSceneManager forceExecutePendingNavigationOperation start
03-02 00:57:48.810 14885 14885 I System.out: SAFActivity V Scene Framework: NavigationMessageQueue postSync start
03-02 00:57:48.810 14885 16800 D Native  : [TTNativeML] NativeMLTaskRunner 2.3-2.4 code：BuildInputs: CostTime 0.11 ms
03-02 00:57:48.810 14885 14885 I System.out: SAFActivity V Scene Framework: NavigationMessageQueue postSync run current task start 0_Y.ARunnableS90S0000000_15@92391b8
03-02 00:57:48.810 14885 16800 D Native  : [TTNativeML] NativeMLTaskRunner 3-4 code：AdapterSetInputs: cost time 0.07 ms
03-02 00:57:48.811 14885 14885 I System.out: SAFActivity V Scene Framework: NavigationMessageQueue postSync run current task finish 0_Y.ARunnableS90S0000000_15@92391b8
03-02 00:57:48.811 14885 14885 I System.out: SAFActivity V Scene Framework: NavigationMessageQueue postSync finish
03-02 00:57:48.811 14885 14885 I System.out: SAFActivity V Scene Framework: NavigationSceneManager forceExecutePendingNavigationOperation finish
03-02 00:57:48.811 14885 14885 I System.out: SAFActivity: com.ss.android.ugc.aweme.main.MainActivity@c20428f,  onSaveInstanceState Start
03-02 00:57:48.811  1507  1825 I SurfaceFlinger: Capture layer list: 	 com.podcast.app.debug/androidx.activity.ComponentActivity$_17121#156991(seamlessTransition:0)
