03-02 00:57:53.351  1507  1507 I SurfaceFlinger: [LayerHierarchy{RequestedLayerState{Background for 836459b SurfaceView[com.zhiliaoapp.musically/com.ss.android.ugc.aweme.splash.SplashActivity]@0#157129 z=-2147483648} no children}] RelativeParent to null
03-02 00:57:53.351  1507  1507 I SurfaceFlinger: [LayerHierarchy{RequestedLayerState{836459b SurfaceView[com.zhiliaoapp.musically/com.ss.android.ugc.aweme.splash.SplashActivity]@0(BLAST)#157128} no children}] reparent to OffscreenRoot
03-02 00:57:53.351  1507  1507 I SurfaceFlinger: [LayerHierarchy{RequestedLayerState{836459b SurfaceView[com.zhiliaoapp.musically/com.ss.android.ugc.aweme.splash.SplashActivity]@0(BLAST)#157128} no children}] RelativeParent to null
03-02 00:57:53.351  1507  1507 I SurfaceFlinger: [LayerHierarchy{RequestedLayerState{Bounds for - com.zhiliaoapp.musically/com.ss.android.ugc.aweme.splash.SplashActivity@39#157120} 1 children}] reparent to OffscreenRoot
03-02 00:57:53.351  1507  1507 I SurfaceFlinger: [LayerHierarchy{RequestedLayerState{Bounds for - com.zhiliaoapp.musically/com.ss.android.ugc.aweme.splash.SplashActivity@39#157120} 1 children}] RelativeParent to null
03-02 00:57:53.351  1507  1507 I SurfaceFlinger: [LayerHierarchy{RequestedLayerState{Background for 7086fb SurfaceView[com.zhiliaoapp.musically/com.ss.android.ugc.aweme.splash.SplashActivity]@0#157133 z=-2147483648} no children}] reparent to OffscreenRoot
03-02 00:57:53.351  1507  1507 I SurfaceFlinger: [LayerHierarchy{RequestedLayerState{Background for 7086fb SurfaceView[com.zhiliaoapp.musically/com.ss.android.ugc.aweme.splash.SplashActivity]@0#157133 z=-2147483648} no children}] RelativeParent to null
03-02 00:57:53.352  1507  1507 I SurfaceFlinger: [LayerHierarchy{RequestedLayerState{836459b SurfaceView[com.zhiliaoapp.musically/com.ss.android.ugc.aweme.splash.SplashActivity]@0#157127 z=-2} no children}] reparent to OffscreenRoot
03-02 00:57:53.352  1507  1507 I SurfaceFlinger: [LayerHierarchy{RequestedLayerState{836459b SurfaceView[com.zhiliaoapp.musically/com.ss.android.ugc.aweme.splash.SplashActivity]@0#157127 z=-2} no children}] RelativeParent to null
03-02 00:57:53.352 14885 14885 I System.out: SAFActivity: com.ss.android.ugc.aweme.main.MainActivity@c20428f,  onStop Start
03-02 00:57:53.352  1445  2902 W C2MtkBufferManager: [0xB4000070F507E520] fetchNewCcBlock: wait fence 0x0xb4000070f5058270 timed out. ret 110
03-02 00:57:53.353 17121 17121 I DecorView: setWindowBackground: isPopOver=false color=0 d=android.graphics.drawable.ColorDrawable@e3d3121
03-02 00:57:53.355  1507  1507 I SurfaceFlinger: onHandleDestroyed: layerId=157128, name=836459b SurfaceView[com.zhiliaoapp.musically/com.ss.android.ugc.aweme.splash.SplashActivity]@0(BLAST)#157128
03-02 00:57:53.355  1507  1507 I SurfaceFlinger: id=157128 Removed 836459b SurfaceView[com.zhiliaoapp.musically/com.ss.android.ugc.aweme.splash.SplashActivity]@0(BLAST)#157128 (338)
03-02 00:57:53.355  1507  1507 I SurfaceFlinger: onHandleDestroyed: layerId=157127, name=836459b SurfaceView[com.zhiliaoapp.musically/com.ss.android.ugc.aweme.splash.SplashActivity]@0#157127
03-02 00:57:53.355  1507  1507 I SurfaceFlinger: id=157127 Removed 836459b SurfaceView[com.zhiliaoapp.musically/com.ss.android.ugc.aweme.splash.SplashActivity]@0#157127 (338)
03-02 00:57:53.355  1507  1507 I SurfaceFlinger: onHandleDestroyed: layerId=157129, name=Background for 836459b SurfaceView[com.zhiliaoapp.musically/com.ss.android.ugc.aweme.splash.SplashActivity]@0#157129
03-02 00:57:53.355  1507  1507 I SurfaceFlinger: id=157129 Removed Background for 836459b SurfaceView[com.zhiliaoapp.musically/com.ss.android.ugc.aweme.splash.SplashActivity]@0#157129 (338)
03-02 00:57:53.355  1507  1507 I SurfaceFlinger: onHandleDestroyed: layerId=157132, name=7086fb SurfaceView[com.zhiliaoapp.musically/com.ss.android.ugc.aweme.splash.SplashActivity]@0(BLAST)#157132
03-02 00:57:53.355  1507  1507 I SurfaceFlinger: id=157132 Removed 7086fb SurfaceView[com.zhiliaoapp.musically/com.ss.android.ugc.aweme.splash.SplashActivity]@0(BLAST)#157132 (338)
03-02 00:57:53.355  1507  1507 I SurfaceFlinger: onHandleDestroyed: layerId=157131, name=7086fb SurfaceView[com.zhiliaoapp.musically/com.ss.android.ugc.aweme.splash.SplashActivity]@0#157131
03-02 00:57:53.355  1507  1507 I SurfaceFlinger: id=157131 Removed 7086fb SurfaceView[com.zhiliaoapp.musically/com.ss.android.ugc.aweme.splash.SplashActivity]@0#157131 (338)
03-02 00:57:53.355  1507  1507 I SurfaceFlinger: onHandleDestroyed: layerId=157133, name=Background for 7086fb SurfaceView[com.zhiliaoapp.musically/com.ss.android.ugc.aweme.splash.SplashActivity]@0#157133
03-02 00:57:53.355  1507  1507 I SurfaceFlinger: id=157133 Removed Background for 7086fb SurfaceView[com.zhiliaoapp.musically/com.ss.android.ugc.aweme.splash.SplashActivity]@0#157133 (338)
03-02 00:57:53.355  1507  1507 I SurfaceFlinger: onHandleDestroyed: layerId=157122, name=68eb87 SurfaceView[com.zhiliaoapp.musically/com.ss.android.ugc.aweme.splash.SplashActivity]@0(BLAST)#157122
03-02 00:57:53.355  1507  1507 I SurfaceFlinger: id=157122 Removed 68eb87 SurfaceView[com.zhiliaoapp.musically/com.ss.android.ugc.aweme.splash.SplashActivity]@0(BLAST)#157122 (338)
03-02 00:57:53.355  1507  1507 I SurfaceFlinger: onHandleDestroyed: layerId=157121, name=68eb87 SurfaceView[com.zhiliaoapp.musically/com.ss.android.ugc.aweme.splash.SplashActivity]@0#157121
03-02 00:57:53.355  1507  1507 I SurfaceFlinger: id=157121 Removed 68eb87 SurfaceView[com.zhiliaoapp.musically/com.ss.android.ugc.aweme.splash.SplashActivity]@0#157121 (338)
03-02 00:57:53.355  1507  1507 I SurfaceFlinger: onHandleDestroyed: layerId=157123, name=Background for 68eb87 SurfaceView[com.zhiliaoapp.musically/com.ss.android.ugc.aweme.splash.SplashActivity]@0#157123
03-02 00:57:53.355  1507  1507 I SurfaceFlinger: id=157123 Removed Background for 68eb87 SurfaceView[com.zhiliaoapp.musically/com.ss.android.ugc.aweme.splash.SplashActivity]@0#157123 (338)
03-02 00:57:53.355  1507  1507 I SurfaceFlinger: onHandleDestroyed: layerId=157120, name=Bounds for - com.zhiliaoapp.musically/com.ss.android.ugc.aweme.splash.SplashActivity@39#157120
03-02 00:57:53.355  1507  1507 I SurfaceFlinger: id=157120 Removed Bounds for - com.zhiliaoapp.musically/com.ss.android.ugc.aweme.splash.SplashActivity@39#157120 (338)
03-02 00:57:53.356  1446  1446 I SensorsHub: queueActivate: handle 5 enable 0
03-02 00:57:53.357  1446  1446 I SensorsHub: type : 5, enable : 0
03-02 00:57:53.358 17121 17121 W WindowOnBackDispatcher: OnBackInvokedCallback is not enabled for the application.
03-02 00:57:53.358 17121 17121 W WindowOnBackDispatcher: Set 'android:enableOnBackInvokedCallback="true"' in the application manifest.
03-02 00:57:53.359 17121 17121 I WindowManager: WindowManagerGlobal#addView, ty=2, view=com.android.internal.policy.DecorView{ebefe64 V.E...... R.....I. 0,0-0,0}[ComponentActivity], caller=android.view.WindowManagerImpl.addView:158 android.app.Dialog.show:540 androidx.compose.ui.window.AndroidDialog_androidKt$Dialog$1$1.invoke:196
03-02 00:57:53.360 17121 17121 I ViewRootImpl: dVRR is disabled
03-02 00:57:53.360 14885 16239 D SensorManager: unregisterListener
03-02 00:57:53.360 17121 17389 D NativeCustomFrequencyManager: [NativeCFMS] BpCustomFrequencyManager::BpCustomFrequencyManager()
03-02 00:57:53.360  2013  3821 I MediaFocusControl: abandonAudioFocus() from uid/pid 10350/14885 clientId=android.media.AudioManager@b7fcc9dX.143s@4302512 callingPack=com.zhiliaoapp.musically
03-02 00:57:53.360  2013  3821 D AS.AudioService: [Android Auto] isConnectedAndroidAuto = false
03-02 00:57:53.361  2013  3821 D MediaFocusControl: selectFocusStack, uid = 10350, appDevice = 0, device = 2
03-02 00:57:53.361  2013  3821 I MediaFocusControl: removeFocusStackEntry client:android.media.AudioManager@b7fcc9dX.143s@4302512
03-02 00:57:53.361  2013  3648 D InputTransport: Input channel constructed: 'c3a7190', fd=984
03-02 00:57:53.361  2013  3648 D InputTransport: Input channel constructed: 'c3a7190', fd=1074
03-02 00:57:53.361  2013  3648 D InputTransport: Input channel constructed: 'c3a7190', fd=1116
03-02 00:57:53.361  2013  3648 D InputTransport: Input channel destroyed: 'c3a7190', fd=1074
03-02 00:57:53.362  1507  1507 I SurfaceFlinger: destroyed 7086fb SurfaceView[com.zhiliaoapp.musically/com.ss.android.ugc.aweme.splash.SplashActivity]@0#157131
03-02 00:57:53.362  1507  1507 I SurfaceFlinger: destroyed Background for 68eb87 SurfaceView[com.zhiliaoapp.musically/com.ss.android.ugc.aweme.splash.SplashActivity]@0#157123
03-02 00:57:53.362  1507  1507 I SurfaceFlinger: destroyed 68eb87 SurfaceView[com.zhiliaoapp.musically/com.ss.android.ugc.aweme.splash.SplashActivity]@0(BLAST)#157122
03-02 00:57:53.362  1507  1507 I SurfaceFlinger: destroyed 7086fb SurfaceView[com.zhiliaoapp.musically/com.ss.android.ugc.aweme.splash.SplashActivity]@0(BLAST)#157132
03-02 00:57:53.362  1507  1507 I SurfaceFlinger: destroyed 68eb87 SurfaceView[com.zhiliaoapp.musically/com.ss.android.ugc.aweme.splash.SplashActivity]@0#157121
03-02 00:57:53.362  1507  1507 I SurfaceFlinger: destroyed Background for 836459b SurfaceView[com.zhiliaoapp.musically/com.ss.android.ugc.aweme.splash.SplashActivity]@0#157129
03-02 00:57:53.362  1507  1507 I SurfaceFlinger: destroyed 836459b SurfaceView[com.zhiliaoapp.musically/com.ss.android.ugc.aweme.splash.SplashActivity]@0(BLAST)#157128
03-02 00:57:53.362  1507  1507 I SurfaceFlinger: destroyed Bounds for - com.zhiliaoapp.musically/com.ss.android.ugc.aweme.splash.SplashActivity@39#157120
03-02 00:57:53.362  1507  1507 I SurfaceFlinger: destroyed Background for 7086fb SurfaceView[com.zhiliaoapp.musically/com.ss.android.ugc.aweme.splash.SplashActivity]@0#157133
03-02 00:57:53.362  1507  1507 I SurfaceFlinger: destroyed 836459b SurfaceView[com.zhiliaoapp.musically/com.ss.android.ugc.aweme.splash.SplashActivity]@0#157127
03-02 00:57:53.362  1507  1907 I SurfaceFlinger: id=157153 createSurf, flag=84004, c3a7190 com.podcast.app.debug/androidx.activity.ComponentActivity#157153
03-02 00:57:53.363  1507  1507 I Layer   : id=157120 Destroyed Bounds for - com.zhiliaoapp.musically/com.ss.android.ugc.aweme.splash.SplashActivity@39#157120
03-02 00:57:53.363  1507  1507 I Layer   : id=157123 Destroyed Background for 68eb87 SurfaceView[com.zhiliaoapp.musically/com.ss.android.ugc.aweme.splash.SplashActivity]@0#157123
03-02 00:57:53.363  1507  1507 I Layer   : id=157121 Destroyed 68eb87 SurfaceView[com.zhiliaoapp.musically/com.ss.android.ugc.aweme.splash.SplashActivity]@0#157121
03-02 00:57:53.363  1507  1507 I Layer   : id=157122 Destroyed 68eb87 SurfaceView[com.zhiliaoapp.musically/com.ss.android.ugc.aweme.splash.SplashActivity]@0(BLAST)#157122
03-02 00:57:53.363  1507  1507 I Layer   : id=157133 Destroyed Background for 7086fb SurfaceView[com.zhiliaoapp.musically/com.ss.android.ugc.aweme.splash.SplashActivity]@0#157133
03-02 00:57:53.363  1507  1507 I Layer   : id=157131 Destroyed 7086fb SurfaceView[com.zhiliaoapp.musically/com.ss.android.ugc.aweme.splash.SplashActivity]@0#157131
03-02 00:57:53.364  2991  3003 I LocationAccessPolicy: checkLocationPermission - callingUid: 10492, callingPid: 14636, result: DENIED_SOFT
03-02 00:57:53.364  1507  1507 I Layer   : id=157132 Destroyed 7086fb SurfaceView[com.zhiliaoapp.musically/com.ss.android.ugc.aweme.splash.SplashActivity]@0(BLAST)#157132
03-02 00:57:53.364  2991  3003 I LocationAccessPolicy: checkLocationPermission - callingUid: 10492, callingPid: 14636, result: DENIED_SOFT
03-02 00:57:53.364  1507  1507 I Layer   : id=157129 Destroyed Background for 836459b SurfaceView[com.zhiliaoapp.musically/com.ss.android.ugc.aweme.splash.SplashActivity]@0#157129
03-02 00:57:53.364  1507  1507 I Layer   : id=157127 Destroyed 836459b SurfaceView[com.zhiliaoapp.musically/com.ss.android.ugc.aweme.splash.SplashActivity]@0#157127
03-02 00:57:53.364  1507  1507 I Layer   : id=157128 Destroyed 836459b SurfaceView[com.zhiliaoapp.musically/com.ss.android.ugc.aweme.splash.SplashActivity]@0(BLAST)#157128
03-02 00:57:53.364  1507  1907 I SurfaceFlinger: id=157154 createSurf, flag=24000, Surface(name=c536234 NavigationBar0)/@0xfac847b - animation-leash of insets_animation#157154
03-02 00:57:53.366  1507  1907 I SurfaceFlinger: id=157155 createSurf, flag=24000, Surface(name=a5d3a68 StatusBar)/@0xd5726d6 - animation-leash of insets_animation#157155
03-02 00:57:53.366  2013  3648 I SystemKeyManager: requested systemKeyInfo size=1 focusedWindow=com.podcast.app.debug/androidx.activity.ComponentActivity
03-02 00:57:53.366  2013  3648 I SystemKeyManager: requested systemKeyInfo size=2 focusedWindow=com.podcast.app.debug/androidx.activity.ComponentActivity
03-02 00:57:53.367  2013  3648 D InputTransport: Input channel destroyed: 'c3a7190', fd=1116
03-02 00:57:53.367 17121 17121 D InputTransport: Input channel constructed: 'c3a7190', fd=158
03-02 00:57:53.368 17121 17121 I InsetsController: onStateChanged: host=com.podcast.app.debug/androidx.activity.ComponentActivity, from=android.view.ViewRootImpl.onInsetsStateChanged:3026, state=InsetsState: {mDisplayFrame=Rect(0, 0 - 1080, 2340), mDisplayCutout=DisplayCutout{insets=Rect(0, 80 - 0, 0) waterfall=Insets{left=0, top=0, right=0, bottom=0} boundingRect={Bounds=[Rect(0, 0 - 0, 0), Rect(472, 0 - 608, 80), Rect(0, 0 - 0, 0), Rect(0, 0 - 0, 0)]} cutoutPathParserInfo={CutoutPathParserInfo{displayWidth=1080 displayHeight=2340 physicalDisplayWidth=1080 physicalDisplayHeight=2340 density={2.8125} cutoutSpec={M 0,0 H -24.177777778 V 28.4444444444 H 24.177777778 V 0 H 0 Z @dp} rotation={0} scale={1.0} physicalPixelDisplaySizeRatio={1.0}}} sideOverrides={}}, mRoundedCorners=RoundedCorners{[RoundedCorner{position=TopLeft, radius=113, center=Point(113, 113)}, RoundedCorner{position=TopRight, radius=113, center=Point(967, 113)}, RoundedCorner{position=BottomRight, radius=113, center=Point(967, 2227)}, RoundedCorner{position=BottomLeft, radius=113, center=Point(113, 2227)}]}  mRoundedCornerFrame=Rect(0, 0 - 1080, 2340), mPrivacyIndicatorBounds=PrivacyIndicatorBounds {static bounds=Rect(956, 0 - 1080, 80) rotation=0}, mDisplayShape=DisplayShape{ spec=-311912193 displayWidth=1080 displayHeight=2340 physicalPixelDisplaySizeRatio=1.0 rotation=0 offsetX=0 offsetY=0 scale=1.0}, mSources= { InsetsSource: {e9af0000 mType=statusBars mFrame=[0,0][1080,80] mVisible=true mFlags= mSideHint=TOP mBoundingRects=null}, InsetsSource: {e9af0005 mType=mandatorySystemGestures mFrame=[0,0][1080,114] mVisible=true mFlags= mSideHint=TOP mBoundingRects=null}, InsetsSource: {e9af0006 mType=tappableElement mFrame=[0,0][1080,80] mVisible=true mFlags= mSideHint=TOP mBoundingRects=null}, InsetsSource: {3 mType=ime mFrame=[0,0][0,0] mVisible=false mFlags= mSideHint=NONE mBoundingRects=null}, InsetsSource: {27 mType=displayCutout mFrame=[0,0][1080,80] mVisible=true mFlags= mSideHint=TOP mBoundingRects=null}, InsetsSource: {26ed0001 mType=navigationBars mFrame=[0,2298][1080,2340] mVisible=true mFlags=SUPPRESS_SCRIM mSideHint=BOTTOM mBoundingRects=null}, InsetsSource: {26ed0004 mType=systemGestures mFrame=[0,0][84,2340] mVisible=true mFlags= mSideHint=LEFT mBoundingRects=null}, InsetsSource: {26ed0005 mType=mandatorySystemGestures mFrame=[0,2250][1080,2340] mVisible=true mFlags= mSideHint=BOTTOM mBoundingRects=null}, InsetsSource: {26ed0006 mType=tappableElement mFrame=[0,0][0,0] mVisible=true mFlags= mSideHint=NONE mBoundingRects=null}, InsetsSource: {26ed0024 mType=systemGestures mFrame=[996,0][1080,2340] mVisible=true mFlags= mSideHint=RIGHT mBoundingRects=null} }
03-02 00:57:53.368 17121 17121 I VRI[ComponentActivity]@e2cf8cd: synced displayState. AttachInfo displayState=2
03-02 00:57:53.368 17121 17121 I VRI[ComponentActivity]@e2cf8cd: setView = com.android.internal.policy.DecorView@ebefe64 IsHRR=false mFlingFrameRateChange=0 TM=true
03-02 00:57:53.373  2991  3003 I LocationAccessPolicy: checkLocationPermission - callingUid: 10492, callingPid: 14636, result: DENIED_SOFT
03-02 00:57:53.377 14885 14885 I System.out: SceneSafeLifecycleDispatcher: onStopped Start
03-02 00:57:53.377 14885 14885 I System.out: SAFActivity V Scene Framework: NavigationMessageQueue postSync start
03-02 00:57:53.377 14885 14885 I System.out: SAFActivity V Scene Framework: NavigationMessageQueue postSync run current task start 14_Y.ARunnableS108S0200000_32@1b9c550
03-02 00:57:53.377 14885 14885 I System.out: SAFActivity V Scene Framework: NavigationSceneManager Sync Scene SAFFragmentRootScene{79e191c} Lifecycle [STARTED -> ACTIVITY_CREATED] without saved State
03-02 00:57:53.377 14885 14885 I System.out: SAFFragmentRootScene: onStop Start (SAFFragmentRootScene{79e191c})
03-02 00:57:53.381 14885 14885 I System.out: SAFActivity V Scene Framework: NavigationMessageQueue postSync run current task finish 14_Y.ARunnableS108S0200000_32@1b9c550
03-02 00:57:53.381 14885 14885 I System.out: SAFActivity V Scene Framework: NavigationMessageQueue postSync finish
03-02 00:57:53.381 14885 14885 I System.out: SceneSafeLifecycleDispatcher: onStopped End STOP
03-02 00:57:53.381 14885 14885 I System.out: SAFActivity: com.ss.android.ugc.aweme.main.MainActivity@c20428f,  onStop End
03-02 00:57:53.381 14885 14885 D SV[6876039 SplashActivity]: updateSurface: surface is not valid
03-02 00:57:53.381 14885 14885 I SV[6876039 SplashActivity]: releaseSurfaces: viewRoot = VRI[SplashActivity]@35f4eb8
03-02 00:57:53.381 14885 14885 D VRI[SplashActivity]@35f4eb8: applyTransactionOnDraw applyImmediately
03-02 00:57:53.381 14885 14885 D SV[7374587 SplashActivity]: updateSurface: surface is not valid
03-02 00:57:53.381 14885 14885 I SV[7374587 SplashActivity]: releaseSurfaces: viewRoot = VRI[SplashActivity]@35f4eb8
03-02 00:57:53.381 14885 14885 D VRI[SplashActivity]@35f4eb8: applyTransactionOnDraw applyImmediately
03-02 00:57:53.382 14885 14885 D SV[137774491 SplashActivity]: updateSurface: surface is not valid
03-02 00:57:53.382 14885 14885 I SV[137774491 SplashActivity]: releaseSurfaces: viewRoot = VRI[SplashActivity]@35f4eb8
03-02 00:57:53.382 14885 14885 D VRI[SplashActivity]@35f4eb8: applyTransactionOnDraw applyImmediately
03-02 00:57:53.384 14885 14885 I System.out: SAFActivity V Scene Framework: NavigationSceneManager forceExecutePendingNavigationOperation start
03-02 00:57:53.384 14885 14885 I System.out: SAFActivity V Scene Framework: NavigationMessageQueue postSync start
03-02 00:57:53.384 14885 14885 I System.out: SAFActivity V Scene Framework: NavigationMessageQueue postSync run current task start 0_Y.ARunnableS90S0000000_15@c11b7fc
03-02 00:57:53.384 14885 14885 I System.out: SAFActivity V Scene Framework: NavigationMessageQueue postSync run current task finish 0_Y.ARunnableS90S0000000_15@c11b7fc
03-02 00:57:53.384 14885 14885 I System.out: SAFActivity V Scene Framework: NavigationMessageQueue postSync finish
03-02 00:57:53.384 14885 14885 I System.out: SAFActivity V Scene Framework: NavigationSceneManager forceExecutePendingNavigationOperation finish
03-02 00:57:53.384 14885 14885 I System.out: SAFActivity: com.ss.android.ugc.aweme.main.MainActivity@c20428f,  onSaveInstanceState Start
03-02 00:57:53.384  1507  1507 I SurfaceFlinger: RequestedLayer [c3a7190 com.podcast.app.debug/androidx.activity.ComponentActivity#157153] hidden!! flag  from(1) --> to(0)
03-02 00:57:53.385  1507  1507 I SurfaceFlinger: [LayerHierarchy{RequestedLayerState{ImeContainer#15 parentId=157141 relativeParentId=157153 z=1} 1 children}] RelativeParent to LayerHierarchy{RequestedLayerState{c3a7190 com.podcast.app.debug/androidx.activity.ComponentActivity#157153 parentId=157141 z=1} 1 children}
03-02 00:57:53.385  1507  1507 I SurfaceFlinger: [LayerHierarchy{RequestedLayerState{c536234 NavigationBar0#102 parentId=157154} 1 children}] reparent to LayerHierarchy{RequestedLayerState{Surface(name=c536234 NavigationBar0)/@0xfac847b - animation-leash of insets_animation#157154 parentId=101} 1 children}
03-02 00:57:53.385  1507  1507 I SurfaceFlinger: [LayerHierarchy{RequestedLayerState{a5d3a68 StatusBar#109 parentId=157155} 1 children}] reparent to LayerHierarchy{RequestedLayerState{Surface(name=a5d3a68 StatusBar)/@0xd5726d6 - animation-leash of insets_animation#157155 parentId=108} 1 children}
03-02 00:57:53.385  1507  1507 I SurfaceFlinger: [LayerHierarchy{RequestedLayerState{Surface(name=c536234 NavigationBar0)/@0xfac847b - animation-leash of insets_animation#157146} no children}] reparent to OffscreenRoot
03-02 00:57:53.385  1507  1507 I SurfaceFlinger: [LayerHierarchy{RequestedLayerState{Surface(name=c536234 NavigationBar0)/@0xfac847b - animation-leash of insets_animation#157146} no children}] RelativeParent to null
03-02 00:57:53.385  1507  1507 I SurfaceFlinger: [LayerHierarchy{RequestedLayerState{Surface(name=a5d3a68 StatusBar)/@0xd5726d6 - animation-leash of insets_animation#157147} no children}] reparent to OffscreenRoot
03-02 00:57:53.385  1507  1507 I SurfaceFlinger: [LayerHierarchy{RequestedLayerState{Surface(name=a5d3a68 StatusBar)/@0xd5726d6 - animation-leash of insets_animation#157147} no children}] RelativeParent to null
03-02 00:57:53.385  1507  1507 I SurfaceFlinger: [c3a7190 com.podcast.app.debug/androidx.activity.ComponentActivity#157153] attach to parent LayerHierarchy{RequestedLayerState{ActivityRecord{165263269 u0 com.podcast.app.debug/androidx.activity.ComponentActivity t44916}#157141 parentId=157140} 4 children}
03-02 00:57:53.385  1507  1507 I SurfaceFlinger: [Surface(name=c536234 NavigationBar0)/@0xfac847b - animation-leash of insets_animation#157154] attach to parent LayerHierarchy{RequestedLayerState{WindowToken{5cf38d1 type=2019 android.os.BinderProxy@916675b}#101 parentId=34} 1 children}
03-02 00:57:53.385  1507  1507 I SurfaceFlinger: [Surface(name=a5d3a68 StatusBar)/@0xd5726d6 - animation-leash of insets_animation#157155] attach to parent LayerHierarchy{RequestedLayerState{WindowToken{d05298b type=2000 android.os.BinderProxy@163b705}#108 parentId=17} 1 children}
03-02 00:57:53.385 14885 14885 I System.out: SceneSafeLifecycleDispatcher: onSaveInstanceState Start
03-02 00:57:53.386 14885 14885 I System.out: SAFFragmentRootScene: onSaveInstanceState Start (SAFFragmentRootScene{79e191c})
03-02 00:57:53.386 14885 14885 I System.out: SceneSafeLifecycleDispatcher: onSaveInstanceState End STOP
03-02 00:57:53.386 14885 14885 I System.out: SAFActivity: com.ss.android.ugc.aweme.main.MainActivity@c20428f,  onSaveInstanceState End
03-02 00:57:53.386 14885 14885 W System.err: onActivityPostSaveInstanceState store finished---->com.ss.android.ugc.aweme.main.MainActivity@c20428f
03-02 00:57:53.392  1507  1825 I SurfaceFlinger: Capture layer list: 	 com.podcast.app.debug/androidx.activity.ComponentActivity$_17121#157145(seamlessTransition:0)
03-02 00:57:53.395 14885 14885 D SV[6876039 SplashActivity]: updateSurface: surface is not valid
03-02 00:57:53.395 14885 14885 I SV[6876039 SplashActivity]: releaseSurfaces: viewRoot = VRI[SplashActivity]@35f4eb8
03-02 00:57:53.395 14885 14885 D VRI[SplashActivity]@35f4eb8: applyTransactionOnDraw applyImmediately
03-02 00:57:53.396 14885 14885 D SV[7374587 SplashActivity]: updateSurface: surface is not valid
03-02 00:57:53.396 14885 14885 I SV[7374587 SplashActivity]: releaseSurfaces: viewRoot = VRI[SplashActivity]@35f4eb8
03-02 00:57:53.396 14885 14885 D VRI[SplashActivity]@35f4eb8: applyTransactionOnDraw applyImmediately
03-02 00:57:53.396 14885 14885 D SV[137774491 SplashActivity]: updateSurface: surface is not valid
03-02 00:57:53.396 14885 14885 I SV[137774491 SplashActivity]: releaseSurfaces: viewRoot = VRI[SplashActivity]@35f4eb8
03-02 00:57:53.396 14885 14885 D VRI[SplashActivity]@35f4eb8: applyTransactionOnDraw applyImmediately
03-02 00:57:53.402  2013  3648 I WindowManager: Relayout Window{c3a7190 u0 com.podcast.app.debug/androidx.activity.ComponentActivity}: viewVisibility=0 req=900x796 ty=2 d0
03-02 00:57:53.403  1507  1907 I SurfaceFlinger: id=157156 createSurf, flag=44004, com.podcast.app.debug/androidx.activity.ComponentActivity$_17121#157156
03-02 00:57:53.405  2013  3648 I WindowManager: Relayout hash=c3a7190, pid=17121, syncId=-1: mAttrs={(0,0)(wrapxwrap) gr=CENTER sim={adjust=pan} ty=APPLICATION fmt=TRANSPARENT wanim=0x1030318 surfaceInsets=Rect(90, 90 - 90, 90)
03-02 00:57:53.405  2013  3648 I WindowManager:   fl=1800002
03-02 00:57:53.405  2013  3648 I WindowManager:   pfl=40000800
03-02 00:57:53.405  2013  3648 I WindowManager:   bhv=1
03-02 00:57:53.405  2013  3648 I WindowManager:   fitTypes=207
03-02 00:57:53.405  2013  3648 I WindowManager:   frameRateBoostOnTouch=true
03-02 00:57:53.405  2013  3648 I WindowManager:   dvrrWindowFrameRateHint=true
03-02 00:57:53.405  2013  3648 I WindowManager:  dimAmount=0.6 naviIconColor=0}
03-02 00:57:53.406  1507  1507 I SurfaceFlinger: [LayerHierarchy{RequestedLayerState{com.zhiliaoapp.musically/com.ss.android.ugc.aweme.splash.SplashActivity$_14885#157117} no children}] reparent to OffscreenRoot
03-02 00:57:53.406  1507  1507 I SurfaceFlinger: [LayerHierarchy{RequestedLayerState{com.zhiliaoapp.musically/com.ss.android.ugc.aweme.splash.SplashActivity$_14885#157117} no children}] RelativeParent to null
03-02 00:57:53.406  1507  1507 I SurfaceFlinger: [com.podcast.app.debug/androidx.activity.ComponentActivity$_17121#157156] attach to parent LayerHierarchy{RequestedLayerState{c3a7190 com.podcast.app.debug/androidx.activity.ComponentActivity#157153 parentId=157141 z=1} 2 children}
03-02 00:57:53.407 17121 17121 I InsetsSourceConsumer: applyRequestedVisibilityToControl: visible=true, type=navigationBars, host=com.podcast.app.debug/androidx.activity.ComponentActivity
03-02 00:57:53.407  1507  1507 I SurfaceFlinger: onHandleDestroyed: layerId=157117, name=com.zhiliaoapp.musically/com.ss.android.ugc.aweme.splash.SplashActivity$_14885#157117
03-02 00:57:53.407  1507  1507 I SurfaceFlinger: id=157117 Removed com.zhiliaoapp.musically/com.ss.android.ugc.aweme.splash.SplashActivity$_14885#157117 (332)
03-02 00:57:53.407 17121 17121 I InsetsSourceConsumer: applyRequestedVisibilityToControl: visible=true, type=statusBars, host=com.podcast.app.debug/androidx.activity.ComponentActivity
03-02 00:57:53.408 17121 17121 D BufferQueueConsumer: [](id:42e10000002d,api:0,p:-1,c:17121) connect: controlledByApp=false
03-02 00:57:53.408 17121 17121 I BLASTBufferQueue: [VRI[ComponentActivity]@e2cf8cd#45](f:0,a:0,s:0) constructor()
03-02 00:57:53.408 17121 17121 I BLASTBufferQueue_Java: new BLASTBufferQueue, mName= VRI[ComponentActivity]@e2cf8cd mNativeObject= 0xb400007837e5e400 caller= android.view.ViewRootImpl.updateBlastSurfaceIfNeeded:3585 android.view.ViewRootImpl.relayoutWindow:11685 android.view.ViewRootImpl.performTraversals:4804 android.view.ViewRootImpl.doTraversal:3924 android.view.ViewRootImpl$TraversalRunnable.run:12903 android.view.Choreographer$CallbackRecord.run:1901 android.view.Choreographer$CallbackRecord.run:1910 android.view.Choreographer.doCallbacks:1367 android.view.Choreographer.doFrame:1292 android.view.Choreographer$FrameDisplayEventReceiver.run:1870
03-02 00:57:53.408 17121 17121 I BLASTBufferQueue_Java: update, w= 1080 h= 976 mName = VRI[ComponentActivity]@e2cf8cd mNativeObject= 0xb400007837e5e400 sc.mNativeObject= 0xb40000783d2bad40 format= -2 caller= android.view.ViewRootImpl.updateBlastSurfaceIfNeeded:3590 android.view.ViewRootImpl.relayoutWindow:11685 android.view.ViewRootImpl.performTraversals:4804 android.view.ViewRootImpl.doTraversal:3924 android.view.ViewRootImpl$TraversalRunnable.run:12903 android.view.Choreographer$CallbackRecord.run:1901
03-02 00:57:53.408 17121 17121 I BLASTBufferQueue: [VRI[ComponentActivity]@e2cf8cd#45](f:0,a:0,s:0) update width=1080 height=976 format=-2 mTransformHint=0
03-02 00:57:53.409 17121 17121 I VRI[ComponentActivity]@e2cf8cd: Relayout returned: old=(0,80,1080,2298) new=(90,791,990,1587) relayoutAsync=false req=(900,796)0 dur=6 res=0x3 s={true 0xb40000772b9fdf00} ch=true seqId=0
03-02 00:57:53.409 17121 17121 I VRI[ComponentActivity]@e2cf8cd: performConfigurationChange setNightDimText nightDimLevel=0
03-02 00:57:53.410 17121 17121 D VRI[ComponentActivity]@e2cf8cd: mThreadedRenderer.initialize() mSurface={isValid=true 0xb40000772b9fdf00} hwInitialized=true
03-02 00:57:53.417  1507  1507 I SurfaceFlinger: destroyed com.zhiliaoapp.musically/com.ss.android.ugc.aweme.splash.SplashActivity$_14885#157117
03-02 00:57:53.418 17121 17121 D VRI[ComponentActivity]@e2cf8cd: reportNextDraw android.view.ViewRootImpl.performTraversals:5443 android.view.ViewRootImpl.doTraversal:3924 android.view.ViewRootImpl$TraversalRunnable.run:12903 android.view.Choreographer$CallbackRecord.run:1901 android.view.Choreographer$CallbackRecord.run:1910
03-02 00:57:53.418 17121 17121 D VRI[ComponentActivity]@e2cf8cd: Setup new sync=wmsSync-VRI[ComponentActivity]@e2cf8cd#90
03-02 00:57:53.418 17121 17121 I VRI[ComponentActivity]@e2cf8cd: Creating new active sync group VRI[ComponentActivity]@e2cf8cd#91
03-02 00:57:53.418 17121 17121 D VRI[ComponentActivity]@e2cf8cd: registerCallbacksForSync syncBuffer=false
03-02 00:57:53.420  1507  1507 I Layer   : id=157117 Destroyed com.zhiliaoapp.musically/com.ss.android.ugc.aweme.splash.SplashActivity$_14885#157117
03-02 00:57:53.422 17121 17414 D VRI[ComponentActivity]@e2cf8cd: Received frameDrawingCallback syncResult=0 frameNum=1.
03-02 00:57:53.422 17121 17414 I VRI[ComponentActivity]@e2cf8cd: mWNT: t=0xb400007867d49f00 mBlastBufferQueue=0xb400007837e5e400 fn= 1 HdrRenderState mRenderHdrSdrRatio=1.0 caller= android.view.ViewRootImpl$12.onFrameDraw:15441 android.view.ThreadedRenderer$1.onFrameDraw:718 <bottom of call stack>
03-02 00:57:53.422 17121 17414 I VRI[ComponentActivity]@e2cf8cd: Setting up sync and frameCommitCallback
03-02 00:57:53.424  1507  1845 D SurfaceFlinger: [input] setFocusedWindow: c3a7190 com.podcast.app.debug/androidx.activity.ComponentActivity
03-02 00:57:53.425  1507  1845 D SurfaceFlinger: updateWinowInfo=1, setFocusedWindow timestamp=491152406500043, windowName=c3a7190 com.podcast.app.debug/androidx.activity.ComponentActivity
03-02 00:57:53.425 17121 17389 I BLASTBufferQueue: [VRI[ComponentActivity]@e2cf8cd#45](f:0,a:0,s:0) onFrameAvailable the first frame is available
03-02 00:57:53.425  2013  4835 D InputDispatcher: Once focus requested (0): c3a7190 com.podcast.app.debug/androidx.activity.ComponentActivity
03-02 00:57:53.425 17121 17389 I BLASTBufferQueue: [VRI[ComponentActivity]@e2cf8cd#45](f:0,a:1,s:0) acquireNextBufferLocked size=1080x976 mFrameNumber=1 applyTransaction=true mTimestamp=491152425807658(auto) mPendingTransactions.size=0 graphicBufferId=73534135075000 transform=0
03-02 00:57:53.425  2013  4835 D InputDispatcher: Focus request (0): c3a7190 com.podcast.app.debug/androidx.activity.ComponentActivity but waiting because NO_WINDOW
03-02 00:57:53.425  2013  4835 D InputDispatcher: Focus left window (0): b305aa6 com.podcast.app.debug/androidx.activity.ComponentActivity
03-02 00:57:53.425 17121 17389 I VRI[ComponentActivity]@e2cf8cd: Received frameCommittedCallback lastAttemptedDrawFrameNum=1 didProduceBuffer=true
03-02 00:57:53.425  1445  2902 W C2MtkBufferManager: [0xB4000070F507E520] fetchNewCcBlock: wait fence 0x0xb4000070f5058270 timed out. ret 110
03-02 00:57:53.426 17121 17389 D HWUI    : CFMS:: SetUp Pid : 17121    Tid : 17389
03-02 00:57:53.426 17121 17121 D VRI[ComponentActivity]@e2cf8cd: reportDrawFinished seqId=0
03-02 00:57:53.427 17121 17389 D HWUI    : HWUI - treat SMPTE_170M as sRGB
03-02 00:57:53.429  1507  1907 I SurfaceFlinger: id=157157 createSurf, flag=24004, Surface(name=c3a7190 com.podcast.app.debug/androidx.activity.ComponentActivity)/@0x2e2e2a8 - animation-leash of window_animation#157157
03-02 00:57:53.431 17121 17121 I BLASTBufferQueue_Java: update, w= 1080 h= 976 mName = VRI[ComponentActivity]@e2cf8cd mNativeObject= 0xb400007837e5e400 sc.mNativeObject= 0xb40000783d2bad40 format= -2 caller= android.view.ViewRootImpl.updateBlastSurfaceIfNeeded:3574 android.view.ViewRootImpl.relayoutWindow:11685 android.view.ViewRootImpl.performTraversals:4804 android.view.ViewRootImpl.doTraversal:3924 android.view.ViewRootImpl$TraversalRunnable.run:12903 android.view.Choreographer$CallbackRecord.run:1901
03-02 00:57:53.431 17121 17121 I VRI[ComponentActivity]@e2cf8cd: Relayout returned: old=(90,791,990,1587) new=(90,791,990,1587) relayoutAsync=true req=(900,796)0 dur=1 res=0x0 s={true 0xb40000772b9fdf00} ch=false seqId=0
03-02 00:57:53.433  2013  4835 I WindowManager: Relayout Window{c3a7190 u0 com.podcast.app.debug/androidx.activity.ComponentActivity}: viewVisibility=0 req=900x796 ty=2 d0
03-02 00:57:53.435  2013  4835 I WindowManager: Relayout hash=c3a7190, pid=0, syncId=-1: mAttrs={(0,0)(wrapxwrap) gr=CENTER sim={adjust=pan} ty=APPLICATION fmt=TRANSPARENT wanim=0x1030318 surfaceInsets=Rect(90, 90 - 90, 90)
03-02 00:57:53.435  2013  4835 I WindowManager:   fl=1800002
03-02 00:57:53.435  2013  4835 I WindowManager:   pfl=40000800
03-02 00:57:53.435  2013  4835 I WindowManager:   bhv=1
03-02 00:57:53.435  2013  4835 I WindowManager:   fitTypes=207
03-02 00:57:53.435  2013  4835 I WindowManager:   frameRateBoostOnTouch=true
03-02 00:57:53.435  2013  4835 I WindowManager:   dvrrWindowFrameRateHint=true
03-02 00:57:53.435  2013  4835 I WindowManager:  dimAmount=0.6 naviIconColor=0}
03-02 00:57:53.436 17121 17121 I VRI[ComponentActivity]@e2cf8cd: registerCallbackForPendingTransactions
03-02 00:57:53.436 17121 17415 I VRI[ComponentActivity]@e2cf8cd: mWNT: t=0xb400007867d4a380 mBlastBufferQueue=0xb400007837e5e400 fn= 2 HdrRenderState mRenderHdrSdrRatio=1.0 caller= android.view.ViewRootImpl$10.onFrameDraw:6536 android.view.ViewRootImpl$4.onFrameDraw:2489 android.view.ThreadedRenderer$1.onFrameDraw:718
03-02 00:57:53.436  1507  1907 I SurfaceFlinger: onHandleDestroyed: layerId=157146, name=Surface(name=c536234 NavigationBar0)/@0xfac847b - animation-leash of insets_animation#157146
03-02 00:57:53.436  1507  1563 I SurfaceFlinger: onHandleDestroyed: layerId=157147, name=Surface(name=a5d3a68 StatusBar)/@0xd5726d6 - animation-leash of insets_animation#157147
03-02 00:57:53.436  1507  1563 I SurfaceFlinger: id=157147 Removed Surface(name=a5d3a68 StatusBar)/@0xd5726d6 - animation-leash of insets_animation#157147 (332)
03-02 00:57:53.436  1507  1907 I SurfaceFlinger: id=157146 Removed Surface(name=c536234 NavigationBar0)/@0xfac847b - animation-leash of insets_animation#157146 (332)
03-02 00:57:53.436 17121 17121 I ImeFocusController: onPreWindowFocus: skipped hasWindowFocus=false mHasImeFocus=true
03-02 00:57:53.437 17121 17121 I ImeFocusController: onPostWindowFocus: skipped hasWindowFocus=false mHasImeFocus=true
03-02 00:57:53.439  1507  1507 I SurfaceFlinger: destroyed Surface(name=c536234 NavigationBar0)/@0xfac847b - animation-leash of insets_animation#157146
03-02 00:57:53.439  1507  1507 I SurfaceFlinger: destroyed Surface(name=a5d3a68 StatusBar)/@0xd5726d6 - animation-leash of insets_animation#157147
03-02 00:57:53.439  1507  1507 I SurfaceFlinger: [Surface(name=c3a7190 com.podcast.app.debug/androidx.activity.ComponentActivity)/@0x2e2e2a8 - animation-leash of window_animation#157157] attach to parent LayerHierarchy{RequestedLayerState{ActivityRecord{165263269 u0 com.podcast.app.debug/androidx.activity.ComponentActivity t44916}#157141 parentId=157140} 5 children}
03-02 00:57:53.440  1507  1563 I SurfaceFlinger: id=157158 createSurf, flag=20004, Dim Layer for - Task=44916#157158
03-02 00:57:53.442  1507  1507 I Layer   : id=157146 Destroyed Surface(name=c536234 NavigationBar0)/@0xfac847b - animation-leash of insets_animation#157146
03-02 00:57:53.442  1507  1507 I Layer   : id=157147 Destroyed Surface(name=a5d3a68 StatusBar)/@0xd5726d6 - animation-leash of insets_animation#157147
03-02 00:57:53.445  2013  2065 D PkgPredictorService-SecIpmManagerServiceImpl: bg information pid:14885 uid:10350 pkgName:com.zhiliaoapp.musically
03-02 00:57:53.446 14885 14885 D BBA2    : setIsFg isFg = false; delayValue 3999ms
03-02 00:57:53.447  5235  5235 I InputMethodService: removeImeSurface
03-02 00:57:53.447  5235  5235 I InputMethodService: cancelImeSurfaceRemoval: removeCallbacks
03-02 00:57:53.450  1507  1507 E SurfaceFlinger: alpha changed 1.000 -> 0.000 - Surface(name=c3a7190 com.podcast.app.debug/androidx.activity.ComponentActivity)/@0x2e2e2a8 - animation-leash of window_animation#157157
03-02 00:57:53.450  1507  1507 I SurfaceFlinger: [Display 0 name="Built-in Screen"#49] setFrameRateCategory: High
03-02 00:57:53.450  1507  1507 I SurfaceFlinger: RequestedLayer [Surface(name=c3a7190 com.podcast.app[...]ion-leash of window_animation#157157] hidden!! flag  from(1) --> to(0)
03-02 00:57:53.450  1507  1507 E SurfaceFlinger: alpha changed 0.000 -> 0.000 - Surface(name=c3a7190 com.podcast.app.debug/androidx.activity.ComponentActivity)/@0x2e2e2a8 - animation-leash of window_animation#157157
03-02 00:57:53.450  1507  1507 I SurfaceFlinger: RequestedLayer [com.podcast.app.debug/androidx.activity.ComponentActivity$_17121#157156] hidden!! flag  from(1) --> to(0)
03-02 00:57:53.450  1507  1507 I SurfaceFlinger: RequestedLayer [Dim Layer for - Task=44916#157158] hidden!! flag  from(1) --> to(0)
03-02 00:57:53.450  1507  1507 E SurfaceFlinger: alpha changed 1.000 -> 0.000 - Dim Layer for - Task=44916#157158
03-02 00:57:53.450  1507  1507 I SurfaceFlinger: [LayerHierarchy{RequestedLayerState{c3a7190 com.podcast.app.debug/androidx.activity.ComponentActivity#157153 parentId=157157 z=1} 2 children}] reparent to LayerHierarchy{RequestedLayerState{Surface(name=c3a7190 com.podcast.app.debug/androidx.activity.ComponentActivity)/@0x2e2e2a8 - animation-leash of window_animation#157157 parentId=157141 z=1} 1 children}
03-02 00:57:53.450  1507  1507 I SurfaceFlinger: [Dim Layer for - Task=44916#157158] attach to parent LayerHierarchy{RequestedLayerState{Task=44916#157140 parentId=10 z=41} 2 children}
03-02 00:57:53.457 14885 17072 W System.err: FlagsHookHelper: skip hook flags method getInstanceHook
03-02 00:57:53.458 14885 18457 W System.err: FlagsHookHelper: skip hook flags method getInstanceHook
03-02 00:57:53.461  1507  1507 E SurfaceFlinger: alpha changed 0.000 -> 0.029 - Surface(name=c3a7190 com.podcast.app.debug/androidx.activity.ComponentActivity)/@0x2e2e2a8 - animation-leash of window_animation#157157
03-02 00:57:53.466  1507  1507 D SurfaceFlinger: Display 4627039422300187648 HWC layers:
03-02 00:57:53.466  1507  1507 D SurfaceFlinger:        DEVICE |           73534135074996 | 00002102 | RGBA_8888    |    0.0    0.0 1080.0 2340.0 |    0    0 1080 2340 | com.podcast.app.debug/androidx.activity.ComponentActivity$_17121#157145 (2)
03-02 00:57:53.466  1507  1507 D SurfaceFlinger:        DEVICE |           73534135074999 | 00002100 | RGBA_8888    |    0.0    0.0 1080.0  976.0 |    0  756 1080 1732 | com.podcast.app.debug/androidx.activity.ComponentActivity$_17121#157156 (2)
03-02 00:57:53.466  1507  1507 D SurfaceFlinger:        DEVICE |           11793980281854 | 00002100 | RGBA_8888    |    0.0    0.0 1080.0   80.0 |    0    0 1080   80 | StatusBar$_2746#117 (211332)
03-02 00:57:53.466  1507  1507 D SurfaceFlinger:        DEVICE |           13752485304097 | 00002100 | RGBA_8888    |    0.0    0.0   67.0  346.0 | 1013  454 1080  800 | com.sec.android.app.launcher/com.sam[...].app.CocktailBarService$_3202#152779 (1)
03-02 00:57:53.466  1507  1507 D SurfaceFlinger:        DEVICE |           11793980283985 | 00002100 | RGBA_8888    |    0.0    0.0  229.0  724.0 |  851  551 1080 1275 | VolumePanelWindow$_2746#157106 (51)
03-02 00:57:53.466  1507  1507 D SurfaceFlinger:        DEVICE |           11793980281853 | 00002100 | RGBA_8888    |    0.0
03-02 00:57:53.466  1507  1507 D SurfaceFlinger: 0.0 1080.0  135.0 |    0 2205 1080 2340 | NavigationBar0$_2746#113 (188465)
03-02 00:57:53.466  1507  1507 D SurfaceFlinger:
03-02 00:57:53.467  2013  4835 D InputDispatcher: Focus entered window (0): c3a7190 com.podcast.app.debug/androidx.activity.ComponentActivity
03-02 00:57:53.468 17121 17121 D VRI[ComponentActivity]@e2cf8cd: mThreadedRenderer.initializeIfNeeded()#2 mSurface={isValid=true 0xb40000772b9fdf00}
03-02 00:57:53.468 14885 15878 W NaviWarn: StackPtr is not 8-byte aligned.
03-02 00:57:53.469 17121 17121 D InputMethodManagerUtils: startInputInner - Id : 0
03-02 00:57:53.469 17121 17121 I InputMethodManager: startInputInner - IInputMethodManagerGlobalInvoker.startInputOrWindowGainedFocus
03-02 00:57:53.471  2013  2322 I ImeTracker: com.podcast.app.debug:257b0d64: onRequestHide at ORIGIN_SERVER reason HIDE_UNSPECIFIED_WINDOW fromUser false
03-02 00:57:53.471  2013  2067 I ChimeraSystemEventListener: appLaunchIntent package name is: com.podcast.app.debug.test
03-02 00:57:53.472 17121 17121 I InputMethodManager: handleMessage: setImeVisibility visible=false
03-02 00:57:53.472 17121 17121 D InsetsController: hide(ime(), fromIme=false)
03-02 00:57:53.472 17121 17121 I ImeTracker: com.podcast.app.debug:257b0d64: onCancelled at PHASE_CLIENT_ALREADY_HIDDEN
03-02 00:57:53.472  1507  1507 E SurfaceFlinger: alpha changed 0.000 -> 0.030 - Dim Layer for - Task=44916#157158
03-02 00:57:53.476 14885 15878 W NaviWarn: StackPtr is not 8-byte aligned.
03-02 00:57:53.477  2013  3441 I SemDvfsHyPerManager: acquire hyper - AMS_APP_SWITCH/2013@20, type = -999
03-02 00:57:53.477  1464  1492 I mtkpower@impl: [setMode] type:5, enabled:1
03-02 00:57:53.477  1450  1487 I HYPER-HAL: [RequestManager.cpp]acquire(): Acquired ID : 2067581  [2013 / 20]    HINT : AMS_ACT_SWITCH    list :
03-02 00:57:53.477  1450  1487 I mtkpower_client: perf_lock_rel, hdl:76918, pid: 1450, tid:1487
03-02 00:57:53.477  1450  1487 I mtkpower_client: perf_lock_acq, hdl:0, dur:0, num:2, pid:1450, tid:1487
03-02 00:57:53.478  1507  1507 D SurfaceFlinger: Display 4627039422300187648 HWC layers:
03-02 00:57:53.478  1507  1507 D SurfaceFlinger:        DEVICE |           73534135074996 | 00002102 | RGBA_8888    |    0.0    0.0 1080.0 2340.0 |    0    0 1080 2340 | com.podcast.app.debug/androidx.activity.ComponentActivity$_17121#157145 (2)
03-02 00:57:53.478  1507  1507 D SurfaceFlinger:   SOLID_COLOR |                        0 | 00000000 | N/A          |    0.0    0.0    0.0    0.0 |    0    0 1080 2340 | Dim Layer for - Task=44916#157158 (0)
03-02 00:57:53.478  1507  1507 D SurfaceFlinger:        DEVICE |           73534135074999 | 00002100 | RGBA_8888    |    0.0    0.0 1080.0  976.0 |    0  748 1080 1724 | com.podcast.app.debug/androidx.activity.ComponentActivity$_17121#157156 (2)
03-02 00:57:53.478  1507  1507 D SurfaceFlinger:        DEVICE |           11793980281854 | 00002100 | RGBA_8888    |    0.0    0.0 1080.0   80.0 |    0    0 1080   80 | StatusBar$_2746#117 (211332)
03-02 00:57:53.478  1507  1507 D SurfaceFlinger:        DEVICE |           13752485304097 | 00002100 | RGBA_8888    |    0.0    0.0   67.0  346.0 | 1013  454 1080  800 | com.sec.android.app.launcher/com.sam[...].app.CocktailBarService$_3202#152779 (1)
03-02 00:57:53.478  1507  1507 D SurfaceFlinger:        DEVICE |           11793980283985 | 00002100 | RGBA_8888    |    0.0
03-02 00:57:53.478  1507  1507 D SurfaceFlinger:   0.0  229.0  724.0 |  851  551 1080 1275 | VolumePanelWindow$_2746#157106 (51)
03-02 00:57:53.478  1507  1507 D SurfaceFlinger:        DEVICE |           11793980281853 | 00002100 | RGBA_8888    |    0.0    0.0 1080.0  135.0 |    0 2205 1080 2340 | NavigationBar0$_2746#113 (188465)
03-02 00:57:53.478  1507  1507 D SurfaceFlinger:
03-02 00:57:53.478  1507  1907 I SurfaceFlinger: id=157159 createSurf, flag=24004, Task=44917#157159
03-02 00:57:53.479  1464  1529 I libPowerHal: [perfLockRel] hdl:76918, idx:2
03-02 00:57:53.479  1464  1529 I libPowerHal: [PD] vendor.samsung. update cmd:1000000 param:-1 pr:6
03-02 00:57:53.479  1464  1529 I libPowerHal: [perfLockRel] Done for hdl : 76918
03-02 00:57:53.480  1450  1487 I mtkpower_client: ret_hdl:76919
03-02 00:57:53.481  1450  1487 I mtkpower_client: perf_lock_rel, hdl:76916, pid: 1450, tid:1487
03-02 00:57:53.481  1464  1529 I libPowerHal: [perfLockAcq] idx:8 hdl:76919 hint:-1 pid:1450 tid:1487 duration:0 lock_user:vendor.samsung. => ret_hdl:76919
03-02 00:57:53.481  1464  1529 I libPowerHal: [setDvfsrcDevFreqOpp] opp:0, freq:4266000000
03-02 00:57:53.481  1464  1529 I libPowerHal: [PE] vendor.samsung. update cmd:1000000 param:0 pr:3
03-02 00:57:53.481  1464  1529 I libPowerHal: [perfLockAcq] Done for hdl : 76919
03-02 00:57:53.481 14636 14636 D WM-SystemJobService: onStopJob for WorkGenerationalId(workSpecId=f23029b8-b7a3-4a93-aaf6-b7c7a26dfe9e, generation=0)
03-02 00:57:53.481  1450  1487 I mtkpower_client: perf_lock_acq, hdl:0, dur:0, num:2, pid:1450, tid:1487
03-02 00:57:53.482  1464  1529 I libPowerHal: [perfLockRel] hdl:76916, idx:3
03-02 00:57:53.482  1464  1529 I libPowerHal: [PD] vendor.samsung. update cmd:400000 param:-1 pr:6
03-02 00:57:53.482  1464  1529 I libPowerHal: [recordCPUFreqInfo] set cluster[0] min(-1): -1 max(-1): -1 cluster[1] min(-1): -1 max(-1): -1
03-02 00:57:53.482  1464  1529 I libPowerHal: [perfLockRel] Done for hdl : 76916
03-02 00:57:53.482 14636 15217 D WM-Processor: WorkerWrapper interrupted for f23029b8-b7a3-4a93-aaf6-b7c7a26dfe9e
03-02 00:57:53.482 14636 15217 D WM-StopWorkRunnable: StopWorkRunnable for f23029b8-b7a3-4a93-aaf6-b7c7a26dfe9e; Processor.stopWork = true
03-02 00:57:53.482  1450  1487 I mtkpower_client: ret_hdl:76920
03-02 00:57:53.482  1464  1529 I libPowerHal: [perfLockAcq] idx:2 hdl:76920 hint:-1 pid:1450 tid:1487 duration:0 lock_user:vendor.samsung. => ret_hdl:76920
03-02 00:57:53.482  1464  1529 I libPowerHal: [PE] vendor.samsung. update cmd:400000 param:2000000 pr:3
03-02 00:57:53.482  1464  1529 I libPowerHal: [recordCPUFreqInfo] set cluster[0] min(vendor.samsung.): 2000000 max(-1): -1 cluster[1] min(-1): -1 max(-1): -1
03-02 00:57:53.482  1464  1529 I libPowerHal: [perfLockAcq] Done for hdl : 76920
03-02 00:57:53.477  4784  4784 I SemDvfsHyPerManager: acquire hyper - APP_START_SHORT/4784@15, type = -999
03-02 00:57:53.483  1507  1507 I SurfaceFlinger: [Task=44917#157159] attach to parent LayerHierarchy{RequestedLayerState{DefaultTaskDisplayArea_d0#10 parentId=9} 46 children}
03-02 00:57:53.484  1450  1487 I HYPER-HAL: [RequestManager.cpp]acquire(): Acquired ID : 11517615  [4784 / 15]    HINT : APP_START    list : [TIMEOUT / 1500]
03-02 00:57:53.484  1507  1563 I SurfaceFlinger: id=157160 createSurf, flag=84004, ActivityRecord{139492539 u0 com.podcast.app.debug.test/androidx.test.core.app.InstrumentationActivityInvoker$EmptyActivity t44917}#157160
03-02 00:57:53.487  1646  1892 I CameraService: onUidStateChanged: uid=10492, procState is changed. (8 -> 10)
03-02 00:57:53.489  2013  3821 I SemDvfsHyPerManager: acquire hyper - AMS_APP_LAUNCH/2013@17, type = -999
03-02 00:57:53.489  1450  1487 I HYPER-HAL: [RequestManager.cpp]acquire(): Acquired ID : 2061482  [2013 / 17]    HINT : AMS_APP_LAUNCH    list :
03-02 00:57:53.490  4784  4784 I SemDvfsHyPerManager: acquire hyper - APP_START/4784@17, type = -999
03-02 00:57:53.491 17121 17121 D LifecycleMonitor: Lifecycle status change: androidx.activity.ComponentActivity@4a69d36 in: PAUSED
03-02 00:57:53.491 14636 15264 I WM-WorkerWrapper: Work [ id=f23029b8-b7a3-4a93-aaf6-b7c7a26dfe9e, tags={ com.urbanairship.job.AirshipWorker,airship } ] was cancelled
03-02 00:57:53.491 14636 15264 I WM-WorkerWrapper: androidx.work.impl.WorkerStoppedException
03-02 00:57:53.491 14636 15264 I WM-WorkerWrapper: 	at o.setEnabledWhenDeviceHasQuirk.AnimatedBarChartKtAnimatedBarChart1112(:348)
03-02 00:57:53.491 14636 15264 I WM-WorkerWrapper: 	at o.MutableConfig.AnimatedBarChartKtAnimatedBarChart1(:439)
03-02 00:57:53.491 14636 15264 I WM-WorkerWrapper: 	at o.MutableConfig.AnimatedBarChartKtAnimatedBarChart1112(:259)
03-02 00:57:53.491 14636 15264 I WM-WorkerWrapper: 	at o.getUseCaseInfo.run(:49)
03-02 00:57:53.491 14636 15264 I WM-WorkerWrapper: 	at o.TagBundle$Architecture.run(:96)
03-02 00:57:53.491 14636 15264 I WM-WorkerWrapper: 	at java.util.concurrent.ThreadPoolExecutor.runWorker(ThreadPoolExecutor.java:1154)
03-02 00:57:53.491 14636 15264 I WM-WorkerWrapper: 	at java.util.concurrent.ThreadPoolExecutor$Worker.run(ThreadPoolExecutor.java:652)
03-02 00:57:53.491 14636 15264 I WM-WorkerWrapper: 	at java.lang.Thread.run(Thread.java:1563)
03-02 00:57:53.491 17121 17121 V ActivityScenario: Update currentActivityStage to PAUSED, currentActivity=androidx.activity.ComponentActivity@4a69d36
03-02 00:57:53.492  1450  1487 I HYPER-HAL: [RequestManager.cpp]acquire(): Acquired ID : 11527218  [4784 / 17]    HINT : APP_START    list :
03-02 00:57:53.492 14636 15264 D WM-WorkerWrapper: Status for f23029b8-b7a3-4a93-aaf6-b7c7a26dfe9e is RUNNING; not doing any work and rescheduling for later execution
03-02 00:57:53.493  2746  2798 D ShellDesktopMode: handleRequest: TransitionRequestInfo {type=1, tid=44917, debugId=11328}
03-02 00:57:53.494  1646  5384 I CameraService: onUidStateChanged: uid=10492, procState is changed. (10 -> 19)
03-02 00:57:53.495  1507  1507 I SurfaceFlinger: [ActivityRecord{139492539 u0 com.podcast.app.debug.test/androidx.test.core.app.InstrumentationActivityInvoker$EmptyActivity t44917}#157160] attach to parent LayerHierarchy{RequestedLayerState{Task=44917#157159 parentId=10} 1 children}
03-02 00:57:53.496 14636 14636 D WM-Processor: MutableConfig f23029b8-b7a3-4a93-aaf6-b7c7a26dfe9e executed; reschedule = true
03-02 00:57:53.498  2013  2027 D InputDispatcher: Focused application(0): ActivityRecord{139492539 u0 com.podcast.app.debug.test/androidx.test.core.app.InstrumentationActivityInvoker$EmptyActivity t44917}
03-02 00:57:53.498  1445  2902 W C2MtkBufferManager: [0xB4000070F507E520] fetchNewCcBlock: wait fence 0x0xb4000070f5058270 timed out. ret 110
03-02 00:57:53.499  2013  3648 D GraphicsStatsService: requestRenderEngineFor(com.podcast.app.debug.test)
03-02 00:57:53.501  1507  1563 I SurfaceFlinger: id=157161 createSurf, flag=24000, Surface(name=c536234 NavigationBar0)/@0xfac847b - animation-leash of insets_animation#157161
03-02 00:57:53.501  3506  3506 E pageboostd: Received HALT command code 2
