03-02 00:57:40.054  1507  1507 D SurfaceFlinger:        DEVICE |           11793980283768 | 00002100 | RGBA_8888    |    0.0    0.0  229.0  724.0 |  851  551 1080 1275 | VolumePanelWindow$_2746#156664 (40)
03-02 00:57:40.054  1507  1507 D SurfaceFlinger:        DEVICE |           11793980281853 | 00002100 | RGBA_8888    |    0.0    0.0 1080.0  135.0 |    0 2205 1080 2340 | N
03-02 00:57:40.054  1507  1507 D SurfaceFlinger: avigationBar0$_2746#113 (188177)
03-02 00:57:40.054  1507  1507 D SurfaceFlinger:
03-02 00:57:40.055  2013  2322 D InputTransport: Input channel constructed: 'ClientS', fd=964
03-02 00:57:40.056  2013  2322 D InputTransport: Input channel destroyed: 'ClientS', fd=964
03-02 00:57:40.056 17532 17532 W WindowOnBackDispatcher: sendCancelIfRunning: isInProgress=false callback=android.view.ViewRootImpl$$ExternalSyntheticLambda16@fc0bafd
03-02 00:57:40.056  1507  1507 I SurfaceFlinger: [LayerHierarchy{RequestedLayerState{33b451c com.podcast.app.debug/androidx.activity.ComponentActivity#156702 parentId=156710} 1 children}] reparent to LayerHierarchy{RequestedLayerState{Surface(name=33b451c com.podcast.app.debug/androidx.activity.ComponentActivity)/@0xe1a84bd - animation-leash of starting_reveal#156710 parentId=156700} 1 children}
03-02 00:57:40.058  5235  5235 I HBD     : HoneyBoardService onFinishInput
03-02 00:57:40.058 17532 17532 D ViewRootImpl: Skipping stats log for color mode
03-02 00:57:40.058 17532 17532 I VRI[InstrumentationActivityInvoker$EmptyActivity]@6aea3c1: dispatchDetachedFromWindow
03-02 00:57:40.059  5235  5235 I HBD     : a IC have been unbinding,  RemoteInputConnection{idHash=#924fb08}
03-02 00:57:40.059  5235  5235 I HBD     : HoneyBoardService [PF_CL][onFinishInput]  1 ms
03-02 00:57:40.059  5235  5235 I HBD     : HoneyBoardService [IMI] onStartInput - caller pid : 17121 , caller uid : 10685
03-02 00:57:40.059  5235  5235 I HBD     : k updateConfigs
03-02 00:57:40.059  5235  5235 I HBD     : k isEnabledNightMode : true
03-02 00:57:40.059  5235  5235 I HBD     : a IC have been binding, RemoteInputConnection{idHash=#df67d7f}
03-02 00:57:40.059 17121 17137 D InputTransport: Input channel constructed: 'ClientS', fd=156
03-02 00:57:40.059  5235  5235 I HBD     : h [EditorInputType]setPrivateImeOptionsToTable privateImeOptions ( null )
03-02 00:57:40.059  5235  5235 I HBD     : b incognitoMode : false
03-02 00:57:40.059  1507  1907 I SurfaceFlinger: id=156711 createSurf, flag=24004, Surface(name=2141cda InputMethod)/@0x5ea0b56 - animation-leash of insets_animation#156711
03-02 00:57:40.059  5235  5235 I HBD     : c needOff = true , isForceOff = false, isNullInputClass : true
03-02 00:57:40.060  5235  5235 I HBD     : h getDefaultInputRange : UNKNOWN
03-02 00:57:40.060  5235  5235 I HBD     : h getDefaultInputRange : UNKNOWN
03-02 00:57:40.060  5235  5235 I HBD     : h getDefaultInputRange : UNKNOWN
03-02 00:57:40.060  2013  3345 I ImeTracker: system_server:4d5dfeaa: onRequestHide at ORIGIN_SERVER reason IME_REQUESTED_CHANGED_LISTENER fromUser false
03-02 00:57:40.061  5235  5235 I HBD     : c needOff = true , isForceOff = false, isNullInputClass : true
03-02 00:57:40.061  5235  5235 I HBD     : c update cached prediction status : false
03-02 00:57:40.061  5235  5235 I HBD     : h getDefaultInputRange : UNKNOWN
03-02 00:57:40.061  5235  5235 I HBD     : a currentState : 0
03-02 00:57:40.061  5235  5235 I HBD     : a [UpdatePolicy] [post] a: 0 cl: 65538 kit: [0/0] vt: 0 ir: 1
03-02 00:57:40.061  2013  2067 I ImeTracker: system_server:4d5dfeaa: onCancelled at PHASE_SERVER_SHOULD_HIDE
03-02 00:57:40.064  5235  5235 I HBD     : a [NRIC] resetNoResponseState
03-02 00:57:40.065  2746  2865 I VRI[debug]@a02b5cc: mWNT: t=0xb40000772af34b00 mBlastBufferQueue=0xb40000771f71d400 fn= 3 HdrRenderState mRenderHdrSdrRatio=1.0 caller= android.view.SyncRtSurfaceTransactionApplier.applyTransaction:100 android.view.SyncRtSurfaceTransactionApplier.lambda$scheduleApply$0:73 android.view.SyncRtSurfaceTransactionApplier.$r8$lambda$afI4fXg3U3-nBZQEDQMiNy-B06s:0
03-02 00:57:40.065  5235  5235 I HBD     : c needOff = true , isForceOff = false, isNullInputClass : true
03-02 00:57:40.065  5235  5235 I HBD     : c update cached prediction status : false
03-02 00:57:40.065  5235  5235 I HBD     : b [AiWriter] setContact : com.podcast.app.debug
03-02 00:57:40.065  5235  5235 I HBD     : a [AiWriter] setContact : com.podcast.app.debug
03-02 00:57:40.066  5235  5235 I HBD     : o0 EBD si S 0
03-02 00:57:40.066  5235  5235 I HBD     : r updateContactDBLanguage : 65538
03-02 00:57:40.066  5235  5235 I HBD     : g isCoverDisplay : false, cached selected json info : SelectedLanguageInfo(languageVersion=4.2, currentLanguageOrder=0, selectedLanguageList=[SelectedLanguage(id=65538, isUsed=true, engName=English, inputType=qwerty, activeOptionList=[auto_replace, auto_spacing, writing_assistant, prediction], bilingualId=-1), SelectedLanguage(id=5308416, isUsed=true, engName=Arabic, inputType=qwerty, activeOptionList=[auto_replace, auto_spacing, prediction], bilingualId=-1)])
03-02 00:57:40.066  5235  5235 I HBD     : g updateSelectedLanguageCache is succeeded. English
03-02 00:57:40.066  5235  5235 I HBD     : l writeToFile path : /data/user/0/com.samsung.android.honeyboard/files/selected.json
03-02 00:57:40.066  5235  5235 I HBD     : l writeToFile json : {"version":"4.2","currentLanguageOrder":0,"selected":[{"activeOptionList":["auto_replace","auto_spacing","writing_assistant","prediction"],"bilingualId":-1,"engName":"English","id":65538,"inputType":"qwerty","isUsed":true},{"activeOptionList":["auto_replace","auto_spacing","prediction"],"bilingualId":-1,"engName":"Arabic","id":5308416,"inputType":"qwerty","isUsed":true}]}
03-02 00:57:40.068  1507  1507 I SurfaceFlinger: [Surface(name=2141cda InputMethod)/@0x5ea0b56 - animation-leash of insets_animation#156711] attach to parent LayerHierarchy{RequestedLayerState{WindowToken{4048e94 type=2011 android.os.Binder@219c2e7}#143 parentId=15} 2 children}
03-02 00:57:40.069  2013  3648 D InputTransport: Input channel destroyed: 'bfeb1a5', fd=1116
03-02 00:57:40.070  5235  5235 I HBD     : l writeToFile complete
03-02 00:57:40.071  5235  5235 I HBD     : g isCoverDisplay : false, cached selected json info : SelectedLanguageInfo(languageVersion=4.2, currentLanguageOrder=0, selectedLanguageList=[SelectedLanguage(id=65538, isUsed=true, engName=English, inputType=qwerty, activeOptionList=[auto_replace, auto_spacing, writing_assistant, prediction], bilingualId=-1), SelectedLanguage(id=5308416, isUsed=true, engName=Arabic, inputType=qwerty, activeOptionList=[auto_replace, auto_spacing, prediction], bilingualId=-1)])
03-02 00:57:40.071  5235  5235 I HBD     : n updateActionOptionFromPreference isCover = false
03-02 00:57:40.072  5235  5235 I HBD     : n before lang.activeOptionList =  [auto_replace, auto_spacing, writing_assistant, prediction]
03-02 00:57:40.072  5235 19057 I HBD     : l Write selected lang for DE
03-02 00:57:40.072  5235  5235 I HBD     : n after lang.activeOptionList = [auto_replace, auto_spacing, writing_assistant, prediction]
03-02 00:57:40.073  1445 18689 W C2MtkBufferManager: [0xB4000070F68A8D20] fetchNewCcBlock: wait fence 0x0xb4000070f692fcb0 timed out. ret 110
03-02 00:57:40.073  5235 19057 I HBD     : l writeToFile path : /data/user_de/0/com.samsung.android.honeyboard/files/selected.json
03-02 00:57:40.073  5235 19057 I HBD     : l writeToFile json : {"version":"4.2","currentLanguageOrder":0,"selected":[{"activeOptionList":["auto_replace","auto_spacing","writing_assistant","prediction"],"bilingualId":-1,"engName":"English","id":65538,"inputType":"qwerty","isUsed":true},{"activeOptionList":["auto_replace","auto_spacing","prediction"],"bilingualId":-1,"engName":"Arabic","id":5308416,"inputType":"qwerty","isUsed":true}]}
03-02 00:57:40.073  5235  5235 I HBD     : l writeToFile path : /data/user/0/com.samsung.android.honeyboard/files/selected.json
03-02 00:57:40.074  5235  5235 I HBD     : l writeToFile json : {"version":"4.2","currentLanguageOrder":0,"selected":[{"activeOptionList":["auto_replace","auto_spacing","writing_assistant","prediction"],"bilingualId":-1,"engName":"English","id":65538,"inputType":"qwerty","isUsed":true},{"activeOptionList":["auto_replace","auto_spacing","prediction"],"bilingualId":-1,"engName":"Arabic","id":5308416,"inputType":"qwerty","isUsed":true}]}
03-02 00:57:40.074  2013  4823 W ParceledListSlice: Element #30 is 21544 bytes.
03-02 00:57:40.075  2746  2866 I VRI[debug]@a02b5cc: mWNT: t=0xb40000772af34c80 mBlastBufferQueue=0xb40000771f71d400 fn= 4 HdrRenderState mRenderHdrSdrRatio=1.0 caller= android.view.SyncRtSurfaceTransactionApplier.applyTransaction:100 android.view.SyncRtSurfaceTransactionApplier.lambda$scheduleApply$0:73 android.view.SyncRtSurfaceTransactionApplier.$r8$lambda$afI4fXg3U3-nBZQEDQMiNy-B06s:0
03-02 00:57:40.076 17532 17532 D InputTransport: Input channel destroyed: 'bfeb1a5', fd=119
03-02 00:57:40.077  5235  5235 I HBD     : l writeToFile complete
03-02 00:57:40.077  5235 19057 I HBD     : l writeToFile complete
03-02 00:57:40.078  5235  5235 I HBD     : m normal : updateLanguage : English
03-02 00:57:40.078  2013  4835 W system_server: Large reply transaction of 325152 bytes, interface descriptor android.app.IActivityTaskManager, code 26
03-02 00:57:40.078  5235  5235 I HBD     : g isCoverDisplay : false, cached selected json info : SelectedLanguageInfo(languageVersion=4.2, currentLanguageOrder=0, selectedLanguageList=[SelectedLanguage(id=65538, isUsed=true, engName=English, inputType=qwerty, activeOptionList=[auto_replace, auto_spacing, writing_assistant, prediction], bilingualId=-1), SelectedLanguage(id=5308416, isUsed=true, engName=Arabic, inputType=qwerty, activeOptionList=[auto_replace, auto_spacing, prediction], bilingualId=-1)])
03-02 00:57:40.079  1507  1507 I SurfaceFlinger: RequestedLayer [Surface(name=2141cda InputMethod)/@0[...]ion-leash of insets_animation#156711] hidden!! flag  from(1) --> to(0)
03-02 00:57:40.079  1507  1507 E SurfaceFlinger: alpha changed 1.000 -> 0.000 - Surface(name=2141cda InputMethod)/@0x5ea0b56 - animation-leash of insets_animation#156711
03-02 00:57:40.079  5235 19058 I HBD     : l Write selected lang for DE
03-02 00:57:40.079  1507  1507 I SurfaceFlinger: [LayerHierarchy{RequestedLayerState{ImeContainer#15 parentId=156700 relativeParentId=156700 z=3} 1 children}] reparent to LayerHierarchy{RequestedLayerState{ActivityRecord{176873977 u0 com.podcast.app.debug/androidx.activity.ComponentActivity t44898}#156700 parentId=156699} 4 children}
03-02 00:57:40.079  1507  1507 I SurfaceFlinger: [LayerHierarchy{RequestedLayerState{ImeContainer#15 parentId=156700 relativeParentId=156700 z=3} 1 children}] RelativeParent to null
03-02 00:57:40.079  1507  1507 I SurfaceFlinger: [LayerHierarchy{RequestedLayerState{2141cda InputMethod#159 parentId=156711} no children}] reparent to LayerHierarchy{RequestedLayerState{Surface(name=2141cda InputMethod)/@0x5ea0b56 - animation-leash of insets_animation#156711 parentId=143} 1 children}
03-02 00:57:40.079  1507  1507 I SurfaceFlinger: [LayerHierarchy{RequestedLayerState{Surface(name=2141cda InputMethod)/@0x5ea0b56 - animation-leash of insets_animation#156697} no children}] reparent to OffscreenRoot
03-02 00:57:40.079  1507  1507 I SurfaceFlinger: [LayerHierarchy{RequestedLayerState{Surface(name=2141cda InputMethod)/@0x5ea0b56 - animation-leash of insets_animation#156697} no children}] RelativeParent to null
03-02 00:57:40.079  1507  1507 I SurfaceFlinger: [LayerHierarchy{RequestedLayerState{com.podcast.app.debug.test/androidx.test.core.app.InstrumentationActivityInvoker$EmptyActivity$_17532#156673} no children}] reparent to OffscreenRoot
03-02 00:57:40.079  1507  1507 I SurfaceFlinger: [LayerHierarchy{RequestedLayerState{com.podcast.app.debug.test/androidx.test.core.app.InstrumentationActivityInvoker$EmptyActivity$_17532#156673} no children}] RelativeParent to null
03-02 00:57:40.079  1507  1507 I SurfaceFlinger: [LayerHierarchy{RequestedLayerState{bfeb1a5 com.podcast.app.debug.test/androidx.test.core.app.InstrumentationActivityInvoker$EmptyActivity#156671} no children}] reparent to OffscreenRoot
03-02 00:57:40.079  1507  1507 I SurfaceFlinger: [LayerHierarchy{RequestedLayerState{bfeb1a5 com.podcast.app.debug.test/androidx.test.core.app.InstrumentationActivityInvoker$EmptyActivity#156671} no children}] RelativeParent to null
03-02 00:57:40.080  2746  2865 I VRI[debug]@a02b5cc: mWNT: t=0xb40000772af34e00 mBlastBufferQueue=0xb40000771f71d400 fn= 5 HdrRenderState mRenderHdrSdrRatio=1.0 caller= android.view.SyncRtSurfaceTransactionApplier.applyTransaction:100 android.view.SyncRtSurfaceTransactionApplier.lambda$scheduleApply$0:73 android.view.SyncRtSurfaceTransactionApplier.$r8$lambda$afI4fXg3U3-nBZQEDQMiNy-B06s:0
03-02 00:57:40.081  1507  1563 I SurfaceFlinger: onHandleDestroyed: layerId=156694, name=3a6a0c2 ActivityRecordInputSink com.podcast.app.debug.test/androidx.test.core.app.InstrumentationActivityInvoker$EmptyActivity#156694
03-02 00:57:40.081  1507  1563 I SurfaceFlinger: id=156694 Removed 3a6a0c2 ActivityRecordInputSink com.podcast.app.debug.test/androidx.test.core.app.InstrumentationActivityInvoker$EmptyActivity#156694 (345)
03-02 00:57:40.082  5235  5235 I HBD     : g isCoverDisplay : false, cached selected json info : SelectedLanguageInfo(languageVersion=4.2, currentLanguageOrder=0, selectedLanguageList=[SelectedLanguage(id=65538, isUsed=true, engName=English, inputType=qwerty, activeOptionList=[auto_replace, auto_spacing, writing_assistant, prediction], bilingualId=-1), SelectedLanguage(id=5308416, isUsed=true, engName=Arabic, inputType=qwerty, activeOptionList=[auto_replace, auto_spacing, prediction], bilingualId=-1)])
03-02 00:57:40.082  5235  5235 I HBD     : n updateActionOptionFromPreference isCover = false
03-02 00:57:40.082  5235  5235 I HBD     : n before lang.activeOptionList =  [auto_replace, auto_spacing, writing_assistant, prediction]
03-02 00:57:40.082  5235 19058 I HBD     : l writeToFile path : /data/user_de/0/com.samsung.android.honeyboard/files/selected.json
03-02 00:57:40.082  5235 19058 I HBD     : l writeToFile json : {"version":"4.2","currentLanguageOrder":0,"selected":[{"activeOptionList":["auto_replace","auto_spacing","writing_assistant","prediction"],"bilingualId":-1,"engName":"English","id":65538,"inputType":"qwerty","isUsed":true},{"activeOptionList":["auto_replace","auto_spacing","prediction"],"bilingualId":-1,"engName":"Arabic","id":5308416,"inputType":"qwerty","isUsed":true}]}
03-02 00:57:40.082  1507  2393 I SurfaceFlinger: id=156712 createSurf, flag=24004, Task=44897#156712
03-02 00:57:40.082  5235  5235 I HBD     : n after lang.activeOptionList = [auto_replace, auto_spacing, writing_assistant, prediction]
03-02 00:57:40.083  5235  5235 I HBD     : l writeToFile path : /data/user/0/com.samsung.android.honeyboard/files/selected.json
03-02 00:57:40.083  5235  5235 I HBD     : l writeToFile json : {"version":"4.2","currentLanguageOrder":0,"selected":[{"activeOptionList":["auto_replace","auto_spacing","writing_assistant","prediction"],"bilingualId":-1,"engName":"English","id":65538,"inputType":"qwerty","isUsed":true},{"activeOptionList":["auto_replace","auto_spacing","prediction"],"bilingualId":-1,"engName":"Arabic","id":5308416,"inputType":"qwerty","isUsed":true}]}
03-02 00:57:40.084  1507  2393 I SurfaceFlinger: onHandleDestroyed: layerId=156697, name=Surface(name=2141cda InputMethod)/@0x5ea0b56 - animation-leash of insets_animation#156697
03-02 00:57:40.084  1507  1563 I SurfaceFlinger: onHandleDestroyed: layerId=156671, name=bfeb1a5 com.podcast.app.debug.test/androidx.test.core.app.InstrumentationActivityInvoker$EmptyActivity#156671
03-02 00:57:40.084  1507  2393 I SurfaceFlinger: id=156697 Removed Surface(name=2141cda InputMethod)/@0x5ea0b56 - animation-leash of insets_animation#156697 (346)
03-02 00:57:40.084  1507  2393 I SurfaceFlinger: onHandleDestroyed: layerId=156673, name=com.podcast.app.debug.test/androidx.test.core.app.InstrumentationActivityInvoker$EmptyActivity$_17532#156673
03-02 00:57:40.084  1507  1563 I SurfaceFlinger: id=156671 Removed bfeb1a5 com.podcast.app.debug.test/androidx.test.core.app.InstrumentationActivityInvoker$EmptyActivity#156671 (346)
03-02 00:57:40.084  1507  2393 I SurfaceFlinger: id=156673 Removed com.podcast.app.debug.test/androidx.test.core.app.InstrumentationActivityInvoker$EmptyActivity$_17532#156673 (346)
03-02 00:57:40.085  5235  5235 I HBD     : l writeToFile complete
03-02 00:57:40.085  5235 19058 I HBD     : l writeToFile complete
03-02 00:57:40.085  5235  5235 I HBD     : m normal : updateLanguage : English
03-02 00:57:40.085  5235  5235 I HBD     : g isCoverDisplay : false, cached selected json info : SelectedLanguageInfo(languageVersion=4.2, currentLanguageOrder=0, selectedLanguageList=[SelectedLanguage(id=65538, isUsed=true, engName=English, inputType=qwerty, activeOptionList=[auto_replace, auto_spacing, writing_assistant, prediction], bilingualId=-1), SelectedLanguage(id=5308416, isUsed=true, engName=Arabic, inputType=qwerty, activeOptionList=[auto_replace, auto_spacing, prediction], bilingualId=-1)])
03-02 00:57:40.086  5235  5235 I HBD     : g isCoverDisplay : false, cached selected json info : SelectedLanguageInfo(languageVersion=4.2, currentLanguageOrder=0, selectedLanguageList=[SelectedLanguage(id=65538, isUsed=true, engName=English, inputType=qwerty, activeOptionList=[auto_replace, auto_spacing, writing_assistant, prediction], bilingualId=-1), SelectedLanguage(id=5308416, isUsed=true, engName=Arabic, inputType=qwerty, activeOptionList=[auto_replace, auto_spacing, prediction], bilingualId=-1)])
03-02 00:57:40.086  5235  5235 I HBD     : g updateSelectedLanguageCache is succeeded. English
03-02 00:57:40.086  5235  5235 I HBD     : l writeToFile path : /data/user/0/com.samsung.android.honeyboard/files/selected.json
03-02 00:57:40.086  5235  5235 I HBD     : l writeToFile json : {"version":"4.2","currentLanguageOrder":0,"selected":[{"activeOptionList":["auto_replace","auto_spacing","writing_assistant","prediction"],"bilingualId":-1,"engName":"English","id":65538,"inputType":"qwerty","isUsed":true},{"activeOptionList":["auto_replace","auto_spacing","prediction"],"bilingualId":-1,"engName":"Arabic","id":5308416,"inputType":"qwerty","isUsed":true}]}
03-02 00:57:40.087  5235 19059 I HBD     : l Write selected lang for DE
03-02 00:57:40.087  5235 19059 I HBD     : l writeToFile path : /data/user_de/0/com.samsung.android.honeyboard/files/selected.json
03-02 00:57:40.087  5235 19059 I HBD     : l writeToFile json : {"version":"4.2","currentLanguageOrder":0,"selected":[{"activeOptionList":["auto_replace","auto_spacing","writing_assistant","prediction"],"bilingualId":-1,"engName":"English","id":65538,"inputType":"qwerty","isUsed":true},{"activeOptionList":["auto_replace","auto_spacing","prediction"],"bilingualId":-1,"engName":"Arabic","id":5308416,"inputType":"qwerty","isUsed":true}]}
03-02 00:57:40.087  3202  3202 I HoneySpace.TaskStackChangeRepositoryImpl: onTaskRemoved : 44897
03-02 00:57:40.088  3202  3202 I HoneySpace.TaskListViewModel[160530624]: taskRemoveId, 44897
03-02 00:57:40.088  3202  3202 W HoneySpace.TaskListViewModel[160530624]: task is already removed: 44897
03-02 00:57:40.088  3202  3386 I HoneySpace.TopTaskSource: onTaskRemoved: 44897
03-02 00:57:40.089  3202  3202 I HoneySpace.TaskStackChangeRepositoryImpl: onTaskRemoved : 44897
03-02 00:57:40.089  5235  5235 I HBD     : l writeToFile complete
03-02 00:57:40.090  5235  5235 I HBD     : g isCoverDisplay : false, cached selected json info : SelectedLanguageInfo(languageVersion=4.2, currentLanguageOrder=0, selectedLanguageList=[SelectedLanguage(id=65538, isUsed=true, engName=English, inputType=qwerty, activeOptionList=[auto_replace, auto_spacing, writing_assistant, prediction], bilingualId=-1), SelectedLanguage(id=5308416, isUsed=true, engName=Arabic, inputType=qwerty, activeOptionList=[auto_replace, auto_spacing, prediction], bilingualId=-1)])
03-02 00:57:40.090  5235  5235 I HBD     : g updateSelectedLanguageCache is succeeded. English
03-02 00:57:40.090  1507  1507 I SurfaceFlinger: destroyed Surface(name=2141cda InputMethod)/@0x5ea0b56 - animation-leash of insets_animation#156697
03-02 00:57:40.090  1507  1507 I SurfaceFlinger: destroyed com.podcast.app.debug.test/androidx.test.core.app.InstrumentationActivityInvoker$EmptyActivity$_17532#156673
03-02 00:57:40.090  1507  1507 I SurfaceFlinger: destroyed bfeb1a5 com.podcast.app.debug.test/androidx.test.core.app.InstrumentationActivityInvoker$EmptyActivity#156671
03-02 00:57:40.090  1507  1507 I SurfaceFlinger: [Task=44897#156712] attach to parent Root
03-02 00:57:40.091  5235 19059 I HBD     : l writeToFile complete
03-02 00:57:40.091  2013  4823 D SecContentProvider: query(), uri = 17 selection = isSettingsChangesAllowed
03-02 00:57:40.092  5235  5235 I HBD     : l writeToFile path : /data/user/0/com.samsung.android.honeyboard/files/selected.json
03-02 00:57:40.092  5235  5235 I HBD     : l writeToFile json : {"version":"4.2","currentLanguageOrder":0,"selected":[{"activeOptionList":["auto_replace","auto_spacing","writing_assistant","prediction"],"bilingualId":-1,"engName":"English","id":65538,"inputType":"qwerty","isUsed":true},{"activeOptionList":["auto_replace","auto_spacing","prediction"],"bilingualId":-1,"engName":"Arabic","id":5308416,"inputType":"qwerty","isUsed":true}]}
03-02 00:57:40.092  5235 19060 I HBD     : l Write selected lang for DE
03-02 00:57:40.092  3202  3202 I HoneySpace.TaskListViewModel[160530624]: taskRemoveId, 44897
03-02 00:57:40.092  5235 19060 I HBD     : l writeToFile path : /data/user_de/0/com.samsung.android.honeyboard/files/selected.json
03-02 00:57:40.092  5235 19060 I HBD     : l writeToFile json : {"version":"4.2","currentLanguageOrder":0,"selected":[{"activeOptionList":["auto_replace","auto_spacing","writing_assistant","prediction"],"bilingualId":-1,"engName":"English","id":65538,"inputType":"qwerty","isUsed":true},{"activeOptionList":["auto_replace","auto_spacing","prediction"],"bilingualId":-1,"engName":"Arabic","id":5308416,"inputType":"qwerty","isUsed":true}]}
03-02 00:57:40.092  3202  3202 W HoneySpace.TaskListViewModel[160530624]: task is already removed: 44897
03-02 00:57:40.092  1507  1507 I Layer   : id=156673 Destroyed com.podcast.app.debug.test/androidx.test.core.app.InstrumentationActivityInvoker$EmptyActivity$_17532#156673
03-02 00:57:40.092  1507  1507 I Layer   : id=156671 Destroyed bfeb1a5 com.podcast.app.debug.test/androidx.test.core.app.InstrumentationActivityInvoker$EmptyActivity#156671
03-02 00:57:40.092  1507  1507 I Layer   : id=156697 Destroyed Surface(name=2141cda InputMethod)/@0x5ea0b56 - animation-leash of insets_animation#156697
03-02 00:57:40.093  2013  4823 D SecContentProvider: query(), uri = 17 selection = isSettingsChangesAllowed
03-02 00:57:40.093  5235 12848 I HBD     : u updated Sub Types. English
03-02 00:57:40.094  1445  2902 W C2MtkBufferManager: [0xB4000070F507E520] fetchNewCcBlock: wait fence 0x0xb4000070f5058270 timed out. ret 110
03-02 00:57:40.095  5235  5235 I HBD     : l writeToFile complete
03-02 00:57:40.095  5235  5235 I HBD     : a [UpdatePolicy] [post] a: 31 cl: 65538 kit: [0/0] vt: 0 ir: 1
03-02 00:57:40.096  5235 19062 I HBD     : l Write selected lang for DE
03-02 00:57:40.096  5235 19062 I HBD     : l writeToFile path : /data/user_de/0/com.samsung.android.honeyboard/files/selected.json
03-02 00:57:40.096  5235 19062 I HBD     : l writeToFile json : {"version":"4.2","currentLanguageOrder":0,"selected":[{"activeOptionList":["auto_replace","auto_spacing","writing_assistant","prediction"],"bilingualId":-1,"engName":"English","id":65538,"inputType":"qwerty","isUsed":true},{"activeOptionList":["auto_replace","auto_spacing","prediction"],"bilingualId":-1,"engName":"Arabic","id":5308416,"inputType":"qwerty","isUsed":true}]}
03-02 00:57:40.096  2013  4823 D SecContentProvider: query(), uri = 17 selection = isSettingsChangesAllowed
03-02 00:57:40.097  5235  5235 I HBD     : HoneyBoardService [PF_OP][onStartInput]  37 ms
03-02 00:57:40.097  5235  5235 I InputMethodService: scheduleImeSurfaceRemoval: removeImeSurface is posted.
03-02 00:57:40.099  2013  3648 D SecContentProvider: query(), uri = 17 selection = isSettingsChangesAllowed
03-02 00:57:40.100  5235 12848 I HBD     : u updated Sub Types. English
03-02 00:57:40.101  1507  1507 I SurfaceFlinger: [LayerHierarchy{RequestedLayerState{Task=44897#156712 z=40} no children}] reparent to OffscreenRoot
03-02 00:57:40.101  1507  1507 I SurfaceFlinger: [LayerHierarchy{RequestedLayerState{Task=44897#156712 z=40} no children}] RelativeParent to null
03-02 00:57:40.101  1507  1507 I SurfaceFlinger: [LayerHierarchy{RequestedLayerState{Task=44897#156665 z=40} 1 children}] reparent to OffscreenRoot
03-02 00:57:40.101  1507  1507 I SurfaceFlinger: [LayerHierarchy{RequestedLayerState{Task=44897#156665 z=40} 1 children}] RelativeParent to null
03-02 00:57:40.101  1507  1507 I SurfaceFlinger: [LayerHierarchy{RequestedLayerState{ActivityRecord{246200848 u0 com.podcast.app.debug.test/androidx.test.core.app.InstrumentationActivityInvoker$EmptyActivity t44897}#156666} 1 children}] reparent to OffscreenRoot
03-02 00:57:40.101  1507  1507 I SurfaceFlinger: [LayerHierarchy{RequestedLayerState{ActivityRecord{246200848 u0 com.podcast.app.debug.test/androidx.test.core.app.InstrumentationActivityInvoker$EmptyActivity t44897}#156666} 1 children}] RelativeParent to null
03-02 00:57:40.102  5235 19061 I HBD     : b InputMethodSubtype is set as local:en_GB
03-02 00:57:40.104  5235 19060 I HBD     : l writeToFile complete
03-02 00:57:40.105  1507  2393 I SurfaceFlinger: onHandleDestroyed: layerId=156666, name=ActivityRecord{246200848 u0 com.podcast.app.debug.test/androidx.test.core.app.InstrumentationActivityInvoker$EmptyActivity t44897}#156666
03-02 00:57:40.105  5235 19064 I HBD     : b InputMethodSubtype is set as local:en_GB
03-02 00:57:40.105  1507  2393 I SurfaceFlinger: id=156666 Removed ActivityRecord{246200848 u0 com.podcast.app.debug.test/androidx.test.core.app.InstrumentationActivityInvoker$EmptyActivity t44897}#156666 (343)
03-02 00:57:40.106  1507  1563 I SurfaceFlinger: onHandleDestroyed: layerId=156712, name=Task=44897#156712
03-02 00:57:40.106  1507  1563 I SurfaceFlinger: id=156712 Removed Task=44897#156712 (343)
03-02 00:57:40.109  1507  1825 I SurfaceFlinger: Capture layer list: 	 com.zhiliaoapp.musically/com.ss.android.ugc.aweme.splash.SplashActivity$_14885#156680(seamlessTransition:0)
03-02 00:57:40.109  1507  1825 I SurfaceFlinger: Capture layer list: 	 DimTransitionLayer for Surface(name=Task=44898)/@0x8d1dbce#156709(seamlessTransition:0)
03-02 00:57:40.109  1507  1825 I SurfaceFlinger: Capture layer list: 	 com.podcast.app.debug/androidx.activity.ComponentActivity$_17121#156703(seamlessTransition:0)
03-02 00:57:40.109  1507  1825 I SurfaceFlinger: Capture layer list: 	 Splash Screen com.podcast.app.debug$_2746#156706(seamlessTransition:0)
03-02 00:57:40.110  3202  3386 I HoneySpace.TopTaskSource: onTaskRemoved: 44897
03-02 00:57:40.110  2013  4835 W system_server: Large reply transaction of 325152 bytes, interface descriptor android.app.IActivityTaskManager, code 26
03-02 00:57:40.112  1507  1507 I SurfaceFlinger: destroyed Task=44897#156712
03-02 00:57:40.112  1507  1507 I SurfaceFlinger: destroyed 3a6a0c2 ActivityRecordInputSink com.podcast.app.debug.test/androidx.test.core.app.InstrumentationActivityInvoker$EmptyActivity#156694
03-02 00:57:40.112  1507  1507 I SurfaceFlinger: destroyed ActivityRecord{246200848 u0 com.podcast.app.debug.test/androidx.test.core.app.InstrumentationActivityInvoker$EmptyActivity t44897}#156666
03-02 00:57:40.112  1445 18689 W C2MtkBufferManager: [0xB4000070F68A8D20] fetchNewCcBlock: wait fence 0x0xb4000070f692fcb0 timed out. ret 110
03-02 00:57:40.113  1507  1507 I Layer   : id=156694 Destroyed 3a6a0c2 ActivityRecordInputSink com.podcast.app.debug.test/androidx.test.core.app.InstrumentationActivityInvoker$EmptyActivity#156694
03-02 00:57:40.113  1507  1507 I Layer   : id=156712 Destroyed Task=44897#156712
03-02 00:57:40.113  1507  1507 I Layer   : id=156666 Destroyed ActivityRecord{246200848 u0 com.podcast.app.debug.test/androidx.test.core.app.InstrumentationActivityInvoker$EmptyActivity t44897}#156666
03-02 00:57:40.116  3202  4698 I HoneySpace.RecentTasks: onRunningTaskVanished
03-02 00:57:40.117  2746  2866 I VRI[debug]@a02b5cc: mWNT: t=0xb40000783d376d00 mBlastBufferQueue=0xb40000771f71d400 fn= 6 HdrRenderState mRenderHdrSdrRatio=1.0 caller= android.view.SyncRtSurfaceTransactionApplier.applyTransaction:100 android.view.SyncRtSurfaceTransactionApplier.lambda$scheduleApply$0:73 android.view.SyncRtSurfaceTransactionApplier.$r8$lambda$afI4fXg3U3-nBZQEDQMiNy-B06s:0
03-02 00:57:40.117  3202  4698 I HoneySpace.RecentTasks: onRecentTasksChanged
03-02 00:57:40.126  5235 19062 E AtomicFile: Failed to rename /data/user_de/0/com.samsung.android.honeyboard/files/selected.json.new to /data/user_de/0/com.samsung.android.honeyboard/files/selected.json
03-02 00:57:40.126  5235 19062 I HBD     : l writeToFile complete
03-02 00:57:40.128  1646  1646 I CameraService: onUidStateChanged: uid=10062, procState is changed. (1 -> 0)
03-02 00:57:40.133  2013  2834 W ParceledListSlice: Element #30 is 21544 bytes.
03-02 00:57:40.133  2746  2746 D SystemUIService: SYSUI_RAM_OPTIMIZATION onTrimMemory=20
03-02 00:57:40.134  2746  2746 D CentralSurfaces: SYSUI_RAM_OPTIMIZATION onTrimMemory=20
03-02 00:57:40.134  2013  4829 I WindowManager: Relayout Window{4eb3b69 u0 Splash Screen com.podcast.app.debug}: viewVisibility=8 req=1080x2340 ty=3 d0
03-02 00:57:40.135  2746  2870 D HWUI    : CacheManager::trimMemory(20)
03-02 00:57:40.138  2013  4829 I WindowManager: Relayout hash=4eb3b69, pid=2746, syncId=-1: mAttrs={(0,0)(fillxfill) sim={adjust=pan} layoutInDisplayCutoutMode=always ty=APPLICATION_STARTING fmt=TRANSLUCENT wanim=0x1030317
03-02 00:57:40.138  2013  4829 I WindowManager:   fl=81030118
03-02 00:57:40.138  2013  4829 I WindowManager:   pfl=10000810
03-02 00:57:40.138  2013  4829 I WindowManager:   bhv=1
03-02 00:57:40.138  2013  4829 I WindowManager:   fitSides=0
03-02 00:57:40.138  2013  4829 I WindowManager:   frameRateBoostOnTouch=true
03-02 00:57:40.138  2013  4829 I WindowManager:   dvrrWindowFrameRateHint=true naviIconColor=0}
03-02 00:57:40.140  2746  2808 I VRI[debug]@a02b5cc: onActiveControlsChanged, removed=false, mAdded=true, caller=android.view.ViewRootImpl.handleInsetsControlChanged:3002 android.view.ViewRootImpl.relayoutWindow:11629 android.view.ViewRootImpl.performTraversals:4804 android.view.ViewRootImpl.doTraversal:3924 android.view.ViewRootImpl$TraversalRunnable.run:12903
03-02 00:57:40.140  2746  2808 I BLASTBufferQueue: [VRI[debug]@a02b5cc#7734](f:0,a:1,s:0) destructor()
03-02 00:57:40.140  2746  2808 D BufferQueueConsumer: [VRI[debug]@a02b5cc#7734(BLAST Consumer)7734](id:aba00001e36,api:0,p:-1,c:2746) disconnect
03-02 00:57:40.141  2746  2808 I VRI[debug]@a02b5cc: Relayout returned: old=(0,0,1080,2340) new=(0,0,1080,2340) relayoutAsync=false req=(1080,2340)8 dur=6 res=0x2 s={false 0x0} ch=true seqId=0
03-02 00:57:40.141 14636 14636 D WM-SystemJobService: onStopJob for WorkGenerationalId(workSpecId=f23029b8-b7a3-4a93-aaf6-b7c7a26dfe9e, generation=0)
03-02 00:57:40.141  2746  2808 D VRI[debug]@a02b5cc: Not drawing due to not visible. Reason=View.GONE
03-02 00:57:40.141  2746  2808 W WindowOnBackDispatcher: sendCancelIfRunning: isInProgress=false callback=android.view.ViewRootImpl$$ExternalSyntheticLambda16@8e813f7
03-02 00:57:40.141  2746  2808 I VRI[debug]@a02b5cc: dispatchDetachedFromWindow
03-02 00:57:40.141 14636 15264 D WM-Processor: WorkerWrapper interrupted for f23029b8-b7a3-4a93-aaf6-b7c7a26dfe9e
03-02 00:57:40.141 14636 15264 D WM-StopWorkRunnable: StopWorkRunnable for f23029b8-b7a3-4a93-aaf6-b7c7a26dfe9e; Processor.stopWork = true
03-02 00:57:40.141  2013  4835 D InputTransport: Input channel destroyed: '4eb3b69', fd=1036
03-02 00:57:40.148  2746  2808 D InputTransport: Input channel destroyed: '4eb3b69', fd=778
03-02 00:57:40.149  1646  1646 I CameraService: onUidStateChanged: uid=10492, procState is changed. (8 -> 10)
03-02 00:57:40.152 14636 15263 I WM-WorkerWrapper: Work [ id=f23029b8-b7a3-4a93-aaf6-b7c7a26dfe9e, tags={ com.urbanairship.job.AirshipWorker,airship } ] was cancelled
03-02 00:57:40.152 14636 15263 I WM-WorkerWrapper: androidx.work.impl.WorkerStoppedException
03-02 00:57:40.152 14636 15263 I WM-WorkerWrapper: 	at o.setEnabledWhenDeviceHasQuirk.AnimatedBarChartKtAnimatedBarChart1112(:348)
03-02 00:57:40.152 14636 15263 I WM-WorkerWrapper: 	at o.MutableConfig.AnimatedBarChartKtAnimatedBarChart1(:439)
03-02 00:57:40.152 14636 15263 I WM-WorkerWrapper: 	at o.MutableConfig.AnimatedBarChartKtAnimatedBarChart1112(:259)
03-02 00:57:40.152 14636 15263 I WM-WorkerWrapper: 	at o.getUseCaseInfo.run(:49)
03-02 00:57:40.152 14636 15263 I WM-WorkerWrapper: 	at o.TagBundle$Architecture.run(:96)
03-02 00:57:40.152 14636 15263 I WM-WorkerWrapper: 	at java.util.concurrent.ThreadPoolExecutor.runWorker(ThreadPoolExecutor.java:1154)
03-02 00:57:40.152 14636 15263 I WM-WorkerWrapper: 	at java.util.concurrent.ThreadPoolExecutor$Worker.run(ThreadPoolExecutor.java:652)
03-02 00:57:40.152 14636 15263 I WM-WorkerWrapper: 	at java.lang.Thread.run(Thread.java:1563)
03-02 00:57:40.153  1445 18689 W C2MtkBufferManager: [0xB4000070F68A8D20] fetchNewCcBlock: wait fence 0x0xb4000070f692fcb0 timed out. ret 110
03-02 00:57:40.153 14636 15263 D WM-WorkerWrapper: Status for f23029b8-b7a3-4a93-aaf6-b7c7a26dfe9e is RUNNING; not doing any work and rescheduling for later execution
03-02 00:57:40.156  1646  1646 I CameraService: onUidStateChanged: uid=10492, procState is changed. (10 -> 19)
03-02 00:57:40.156  1507  1507 I SurfaceFlinger: RequestedLayer [Splash Screen com.podcast.app.debug$_2746#156706] hidden!! flag  from(0) --> to(1)
03-02 00:57:40.156  1507  1507 I SurfaceFlinger: [LayerHierarchy{RequestedLayerState{33b451c com.podcast.app.debug/androidx.activity.ComponentActivity#156702 parentId=156700} 1 children}] reparent to LayerHierarchy{RequestedLayerState{ActivityRecord{176873977 u0 com.podcast.app.debug/androidx.activity.ComponentActivity t44898}#156700 parentId=156699} 5 children}
03-02 00:57:40.156  1507  1507 I SurfaceFlinger: [LayerHierarchy{RequestedLayerState{Surface(name=33b451c com.podcast.app.debug/androidx.activity.ComponentActivity)/@0xe1a84bd - animation-leash of starting_reveal#156710} no children}] reparent to OffscreenRoot
03-02 00:57:40.156  1507  1507 I SurfaceFlinger: [LayerHierarchy{RequestedLayerState{Surface(name=33b451c com.podcast.app.debug/androidx.activity.ComponentActivity)/@0xe1a84bd - animation-leash of starting_reveal#156710} no children}] RelativeParent to null
03-02 00:57:40.157  5235 28894 I HBD     : a [SKE_SPECIFIC] specific model[com.podcast.app.debug] loaded, 60494154 ns
03-02 00:57:40.158 14636 14636 D WM-Processor: MutableConfig f23029b8-b7a3-4a93-aaf6-b7c7a26dfe9e executed; reschedule = true
03-02 00:57:40.163  1507  1507 D SurfaceFlinger: Display 4627039422300187648 HWC layers:
03-02 00:57:40.163  1507  1507 D SurfaceFlinger:   SOLID_COLOR |                        0 | 00000002 | N/A          |    0.0    0.0    0.0    0.0 |    0    0   -1   -1 | Background for 68eb87 SurfaceView[co[...]weme.splash.SplashActivity]@0#156686 (0)
03-02 00:57:40.163  1507  1507 D SurfaceFlinger:        CLIENT |                        0 | 00000002 | N/A          |    0.0    0.0    0.0    0.0 |    0   80  817 2000 | Background for 7086fb SurfaceView[co[...]weme.splash.SplashActivity]@0#156689 (0)
03-02 00:57:40.163  1507  1507 D SurfaceFlinger:   SOLID_COLOR |                        0 | 00000002 | N/A          |    0.0    0.0    0.0    0.0 |    0    0   -1   -1 | Background for 836459b SurfaceView[c[...]weme.splash.SplashActivity]@0#156692 (0)
03-02 00:57:40.163  1507  1507 D SurfaceFlinger:        CLIENT |           63930588202251 | 00002100 | RGBA_8888    |  263.0    0.0 1080.0 2340.0 |    0    0 1080 2340 | com.zhiliaoapp.musically/com.ss.andr[...].splash.SplashActivity$_14885#156680 (6)
03-02 00:57:40.163  1507  1507 D SurfaceFlinger:   SOLID_COLOR |                        0 | 00000000 | N/A          |    0.0    0.0    0.0    0.0 |    0    0 1080 2340 | DimTransitionLayer for Surface(name=Task=44898)/@0
03-02 00:57:40.163  1507  1507 D SurfaceFlinger: x8d1dbce#156709 (0)
03-02 00:57:40.163  1507  1507 D SurfaceFlinger:        DEVICE |           73534135074949 | 00002102 | RGBA_8888    |    0.0    0.0  842.0 2340.0 |  238    0 1080 2340 | com.podcast.app.debug/androidx.activity.ComponentActivity$_17121#156703 (1)
03-02 00:57:40.163  1507  1507 D SurfaceFlinger:        DEVICE |           11793980281856 | 00002100 | RGBA_8888    |    0.0    0.0 1080.0   80.0 |    0    0 1080   80 | StatusBar$_2746#117 (211195)
03-02 00:57:40.163  1507  1507 D SurfaceFlinger:        DEVICE |           13752485304097 | 00002100 | RGBA_8888    |    0.0    0.0   67.0  346.0 | 1013  454 1080  800 | com.sec.android.app.launcher/com.sam[...].app.CocktailBarService$_3202#152779 (1)
03-02 00:57:40.163  1507  1507 D SurfaceFlinger:        DEVICE |           11793980283768 | 00002100 | RGBA_8888    |    0.0    0.0  229.0  724.0 |  851  551 1080 1275 | VolumePanelWindow$_2746#156664 (40)
03-02 00:57:40.163  1507  1507 D SurfaceFlinger:        DEVICE |           11793980281867 | 00002100 | RGBA_8888    |    0.0    0.0 1080.0  135.0 |    0 2205 1080 2340 | NavigationBar0$_2746#113 (188186)
03-02 00:57:40.163  1507  1507 D SurfaceFlinger:
03-02 00:57:40.164 14636 15217 D WM-GreedyScheduler: Cancelling work ID f23029b8-b7a3-4a93-aaf6-b7c7a26dfe9e
03-02 00:57:40.167 14636 15217 W JobInfo : Requested important-while-foreground flag for job3704 is ignored and takes no effect
03-02 00:57:40.167  1445  2902 W C2MtkBufferManager: [0xB4000070F507E520] fetchNewCcBlock: wait fence 0x0xb4000070f5058270 timed out. ret 110
03-02 00:57:40.167 14636 15217 D WM-SystemJobScheduler: Scheduling work ID f23029b8-b7a3-4a93-aaf6-b7c7a26dfe9eJob ID 3704
03-02 00:57:40.176  1646  1892 I CameraService: onUidStateChanged: uid=10492, procState is changed. (19 -> 8)
03-02 00:57:40.178 14636 14636 D WM-SystemJobService: onStartJob for WorkGenerationalId(workSpecId=f23029b8-b7a3-4a93-aaf6-b7c7a26dfe9e, generation=0)
03-02 00:57:40.182 14636 15217 D WM-Processor: MutableConfig: processing WorkGenerationalId(workSpecId=f23029b8-b7a3-4a93-aaf6-b7c7a26dfe9e, generation=0)
03-02 00:57:40.187 14636 14636 D WM-WorkerWrapper: Starting work for com.urbanairship.job.AirshipWorker
03-02 00:57:40.187 14636 14636 V Ana Vodafone - UALib: AirshipWorker - Running job: JobInfo{action='ACTION_UPDATE_CHANNEL', airshipComponentName='com.urbanairship.channel.AirshipChannel', isNetworkAccessRequired=true, minDelayMs=0, conflictStrategy=2, initialBackOffMs=30000, extras={}, rateLimitIds=[]}, work Id: f23029b8-b7a3-4a93-aaf6-b7c7a26dfe9e run attempt: 321
03-02 00:57:40.188 14636 14636 V Ana Vodafone - UALib: JobDispatcher - Running job: JobInfo{action='ACTION_UPDATE_CHANNEL', airshipComponentName='com.urbanairship.channel.AirshipChannel', isNetworkAccessRequired=true, minDelayMs=0, conflictStrategy=2, initialBackOffMs=30000, extras={}, rateLimitIds=[]}, run attempt: 321
03-02 00:57:40.193  1445 18689 W C2MtkBufferManager: [0xB4000070F68A8D20] fetchNewCcBlock: wait fence 0x0xb4000070f692fcb0 timed out. ret 110
03-02 00:57:40.212 12859 12960 I SGPController: onForegroundAppChanged() update=false, cn=ComponentInfo{com.podcast.app.debug/androidx.activity.ComponentActivity}, r=SkRegion((0,0,198,2340)(882,0,1080,2340))
03-02 00:57:40.217  1507  1825 I SurfaceFlinger: Capture layer list: 	 com.zhiliaoapp.musically/com.ss.android.ugc.aweme.splash.SplashActivity$_14885#156680(seamlessTransition:0)
03-02 00:57:40.217  1507  1825 I SurfaceFlinger: Capture layer list: 	 DimTransitionLayer for Surface(name=Task=44898)/@0x8d1dbce#156709(seamlessTransition:0)
03-02 00:57:40.217  1507  1825 I SurfaceFlinger: Capture layer list: 	 com.podcast.app.debug/androidx.activity.ComponentActivity$_17121#156703(seamlessTransition:0)
03-02 00:57:40.218  3202  3202 I HoneySpace.EdgePanel.EdgeVisibilityRepository: getComputedTrayVisible : keyguardState = 1
03-02 00:57:40.218  3202  3202 I HoneySpace.EdgePanel.EdgeVisibilityRepository: updateTrayVisible: State = 0x1, visible = true, current containerState = 0, specificMode = 0
03-02 00:57:40.218  3202  3202 I HoneySpace.EdgePanel.EdgeVisibilityRepository: Same container state 0
03-02 00:57:40.233  1445 18689 W C2MtkBufferManager: [0xB4000070F68A8D20] fetchNewCcBlock: wait fence 0x0xb4000070f692fcb0 timed out. ret 110
03-02 00:57:40.237  1450 19053 I mtkpower_client: perf_lock_rel, hdl:76753, pid: 1450, tid:19053
03-02 00:57:40.237  1450 19053 I mtkpower_client: perf_lock_acq, hdl:0, dur:0, num:2, pid:1450, tid:19053
03-02 00:57:40.237  1464  1529 I libPowerHal: [perfLockRel] hdl:76753, idx:6
03-02 00:57:40.237  1464  1529 I libPowerHal: [set_cpuidle] enable:1, fd:17, scn:0xb40000737b614050
03-02 00:57:40.237  1464  1529 I libPowerHal: [PD] vendor.samsung. update cmd:1c3c100 param:1 pr:6
03-02 00:57:40.238  1464  1529 I libPowerHal: [perfLockRel] Done for hdl : 76753
03-02 00:57:40.238  1450 19053 I mtkpower_client: ret_hdl:76757
03-02 00:57:40.238  1450 19053 I mtkpower_client: perf_lock_rel, hdl:76755, pid: 1450, tid:19053
03-02 00:57:40.238  1464  1529 I libPowerHal: [perfLockAcq] idx:3 hdl:76757 hint:-1 pid:1450 tid:19053 duration:0 lock_user:vendor.samsung. => ret_hdl:76757
03-02 00:57:40.238  1464  1529 I libPowerHal: [set_cpuidle] enable:0, fd:17, scn:0xb40000737b60a5e8
03-02 00:57:40.238  1464  1529 I libPowerHal: [get_cpu_dma_latency_value] 0
03-02 00:57:40.238  1464  1529 I libPowerHal: [PE] vendor.samsung. update cmd:1c3c100 param:0 pr:3
03-02 00:57:40.238  1464  1529 I libPowerHal: [perfLockAcq] Done for hdl : 76757
03-02 00:57:40.239  1450 19053 I mtkpower_client: perf_lock_acq, hdl:0, dur:0, num:2, pid:1450, tid:19053
03-02 00:57:40.239  1464  1529 I libPowerHal: [perfLockRel] hdl:76755, idx:8
03-02 00:57:40.240  1445  2902 W C2MtkBufferManager: [0xB4000070F507E520] fetchNewCcBlock: wait fence 0x0xb4000070f5058270 timed out. ret 110
03-02 00:57:40.240  1464  1529 I libPowerHal: [PD] vendor.samsung. update cmd:1000000 param:-1 pr:6
03-02 00:57:40.240  1464  1529 I libPowerHal: [perfLockRel] Done for hdl : 76755
03-02 00:57:40.240  1450 19053 I mtkpower_client: ret_hdl:76758
03-02 00:57:40.241  1464  1529 I libPowerHal: [perfLockAcq] idx:6 hdl:76758 hint:-1 pid:1450 tid:19053 duration:0 lock_user:vendor.samsung. => ret_hdl:76758
03-02 00:57:40.241  1450 19053 I HYPER-HAL: [RequestManager.cpp]releaseLocked(): Released ID : 2063514
03-02 00:57:40.241  1464  1529 I libPowerHal: [setDvfsrcDevFreqOpp] opp:0, freq:4266000000
03-02 00:57:40.241  1464  1529 I libPowerHal: [PE] vendor.samsung. update cmd:1000000 param:0 pr:3
03-02 00:57:40.241  1464  1529 I libPowerHal: [perfLockAcq] Done for hdl : 76758
03-02 00:57:40.273  1445 18689 W C2MtkBufferManager: [0xB4000070F68A8D20] fetchNewCcBlock: wait fence 0x0xb4000070f692fcb0 timed out. ret 110
03-02 00:57:40.312  1445 18689 W C2MtkBufferManager: [0xB4000070F68A8D20] fetchNewCcBlock: wait fence 0x0xb4000070f692fcb0 timed out. ret 110
03-02 00:57:40.313  1445  2902 W C2MtkBufferManager: [0xB4000070F507E520] fetchNewCcBlock: wait fence 0x0xb4000070f5058270 timed out. ret 110
03-02 00:57:40.317  1507  1825 I SurfaceFlinger: Capture layer list: 	 com.zhiliaoapp.musically/com.ss.android.ugc.aweme.splash.SplashActivity$_14885#156680(seamlessTransition:0)
03-02 00:57:40.317  1507  1825 I SurfaceFlinger: Capture layer list: 	 DimTransitionLayer for Surface(name=Task=44898)/@0x8d1dbce#156709(seamlessTransition:0)
03-02 00:57:40.317  1507  1825 I SurfaceFlinger: Capture layer list: 	 com.podcast.app.debug/androidx.activity.ComponentActivity$_17121#156703(seamlessTransition:0)
03-02 00:57:40.352  1445 18689 W C2MtkBufferManager: [0xB4000070F68A8D20] fetchNewCcBlock: wait fence 0x0xb4000070f692fcb0 timed out. ret 110
03-02 00:57:40.378  1446  1498 I SensorsHub: LightSensor: lux = 18, time = 767676766437263
03-02 00:57:40.385  1445  2902 W C2MtkBufferManager: [0xB4000070F507E520] fetchNewCcBlock: wait fence 0x0xb4000070f5058270 timed out. ret 110
03-02 00:57:40.392  1445 18689 W C2MtkBufferManager: [0xB4000070F68A8D20] fetchNewCcBlock: wait fence 0x0xb4000070f692fcb0 timed out. ret 110
03-02 00:57:40.417  1507  1825 I SurfaceFlinger: Capture layer list: 	 com.zhiliaoapp.musically/com.ss.android.ugc.aweme.splash.SplashActivity$_14885#156680(seamlessTransition:0)
03-02 00:57:40.417  1507  1825 I SurfaceFlinger: Capture layer list: 	 DimTransitionLayer for Surface(name=Task=44898)/@0x8d1dbce#156709(seamlessTransition:0)
03-02 00:57:40.417  1507  1825 I SurfaceFlinger: Capture layer list: 	 com.podcast.app.debug/androidx.activity.ComponentActivity$_17121#156703(seamlessTransition:0)
03-02 00:57:40.432  1445 18689 W C2MtkBufferManager: [0xB4000070F68A8D20] fetchNewCcBlock: wait fence 0x0xb4000070f692fcb0 timed out. ret 110
03-02 00:57:40.433  2991  3778 D SatelliteController: isInCarrierRoamingNbIotNtn: satellite is disabled
03-02 00:57:40.435  3438  3438 I EPDG -- SIM1 [SMARTCELLULAR]: onSignalStrengthsChanged: SignalStrength:{mCdma=Invalid,mGsm=Invalid,mWcdma=Invalid,mTdscdma=Invalid,mLte=CellSignalStrengthLte: rssi=-99 rsrp=-99 rsrq=-12 rssnr=1 cqiTableIndex=2147483647 cqi=2147483647 ta=2147483647 level=3 parametersUseForLevel=0,mNr=Invalid,SignalBarInfo{ lteLevel=2 },rat=14,primary=CellSignalStrengthLte}
03-02 00:57:40.435  3438  4448 I EPDG -- SIM1 [SMARTCELLULAR]: lastLteRSRP is -102 currentLteRSRP is -99 lastLteRSRQ is -12 currentLteRSRQ is -12 lastLteSNR is 1 currentLteSNR is 1
03-02 00:57:40.437  2991  3002 I LocationAccessPolicy: checkLocationPermission - callingUid: 10492, callingPid: 14636, result: DENIED_SOFT
03-02 00:57:40.437  2991  3002 I LocationAccessPolicy: checkLocationPermission - callingUid: 10492, callingPid: 14636, result: DENIED_SOFT
03-02 00:57:40.443  2991  3757 I LocationAccessPolicy: checkLocationPermission - callingUid: 10492, callingPid: 14636, result: DENIED_SOFT
03-02 00:57:40.443  2991  3757 I LocationAccessPolicy: checkLocationPermission - callingUid: 10492, callingPid: 14636, result: DENIED_SOFT
03-02 00:57:40.450  2991  3002 I LocationAccessPolicy: checkLocationPermission - callingUid: 10492, callingPid: 14636, result: DENIED_SOFT
03-02 00:57:40.458  1445  2902 W C2MtkBufferManager: [0xB4000070F507E520] fetchNewCcBlock: wait fence 0x0xb4000070f5058270 timed out. ret 110
03-02 00:57:40.463  2013  2685 D WifiConnectivityMonitor.NetworkStatsAnalyzer: Backhaul result - RSSI:-69, CE:34, PE:44, TI:36, PTI:46, TW:11, PTW:13, Tx:267, Rx:390, TxS:52, RxS:40, RESULT:true, IC:0, ICT:5, WC:0, WCT:5, R:14, RC:0, IE:0, EC:0
03-02 00:57:40.472  1445 18689 W C2MtkBufferManager: [0xB4000070F68A8D20] fetchNewCcBlock: wait fence 0x0xb4000070f692fcb0 timed out. ret 110
03-02 00:57:40.479 14885 16800 D Native  : [TTNativeML] NativeMLTaskRunner 2.3-2.4 code：BuildInputs: CostTime 0.06 ms
03-02 00:57:40.479 14885 16800 D Native  : [TTNativeML] NativeMLTaskRunner 3-4 code：AdapterSetInputs: cost time 0.03 ms
03-02 00:57:40.480 14885 16800 D Native  : [TTNativeML] NativeMLTaskRunner 4-5 code：AdapterInference: cost time 0.17 ms
03-02 00:57:40.480  1464  1492 I mtkpower@impl: [setMode] type:6, enabled:0
03-02 00:57:40.480  1464  1492 E mtkpower@impl: [setMode] unknown type
03-02 00:57:40.481  2746  2798 I SurfaceControlRegistry: apply, t=FinishTransaction_SyncId<11301>, caller=android.view.SurfaceControl$Transaction.apply:3459 android.view.SurfaceControl$Transaction.apply:3447 android.view.SurfaceControl$Transaction.apply:3397 com.android.wm.shell.transition.Transitions.onFinish:315 com.android.wm.shell.transition.Transitions$$ExternalSyntheticLambda7.onTransitionFinished:12 com.android.wm.shell.transition.DefaultTransitionHandler$$ExternalSyntheticLambda6.run:36
03-02 00:57:40.482  1507  1507 D SurfaceFlinger: Display 4627039422300187648 HWC layers:
03-02 00:57:40.482  1507  1507 D SurfaceFlinger:   SOLID_COLOR |                        0 | 00000002 | N/A          |    0.0    0.0    0.0    0.0 |    0    0   -1   -1 | Background for 68eb87 SurfaceView[co[...]weme.splash.SplashActivity]@0#156686 (0)
03-02 00:57:40.482  1507  1507 D SurfaceFlinger:   SOLID_COLOR |                        0 | 00000002 | N/A          |    0.0    0.0    0.0    0.0 |    0    0   -1   -1 | Background for 7086fb SurfaceView[co[...]weme.splash.SplashActivity]@0#156689 (0)
03-02 00:57:40.482  1507  1507 D SurfaceFlinger:   SOLID_COLOR |                        0 | 00000002 | N/A          |    0.0    0.0    0.0    0.0 |    0    0   -1   -1 | Background for 836459b SurfaceView[c[...]weme.splash.SplashActivity]@0#156692 (0)
03-02 00:57:40.482  1507  1507 D SurfaceFlinger:        DEVICE |           63930588202251 | 00002100 | RGBA_8888    |    0.0    0.0    0.0    0.0 |    0    0   -1   -1 | com.zhiliaoapp.musically/com.ss.andr[...].splash.SplashActivity$_14885#156680 (6)
03-02 00:57:40.482  1507  1507 D SurfaceFlinger:   SOLID_COLOR |                        0 | 00000000 | N/A          |    0.0    0.0    0.0    0.0 |    0    0   -1   -1 | DimTransitionLayer for Surface(name=Task=44898)/@0
03-02 00:57:40.482  1507  1507 D SurfaceFlinger: x8d1dbce#156709 (0)
03-02 00:57:40.482  1507  1507 D SurfaceFlinger:        DEVICE |           73534135074949 | 00002102 | RGBA_8888    |    0.0    0.0 1080.0 2340.0 |    0    0 1080 2340 | com.podcast.app.debug/androidx.activity.ComponentActivity$_17121#156703 (1)
03-02 00:57:40.482  1507  1507 D SurfaceFlinger:        DEVICE |           11793980281856 | 00002100 | RGBA_8888    |    0.0    0.0 1080.0   80.0 |    0    0 1080   80 | StatusBar$_2746#117 (211195)
