03-02 00:57:47.594  1507  1565 E SfCpu   :  sched_setaffinity return fail 1444
03-02 00:57:47.594  1646  1892 I CameraService: onUidStateChanged: uid=10492, procState is changed. (8 -> 19)
03-02 00:57:47.595  2013  2027 I WindowManager: Relayout Window{e2ccd5f u0 com.podcast.app.debug.test/androidx.test.core.app.InstrumentationActivityInvoker$EmptyActivity}: viewVisibility=0 req=1080x2340 ty=1 d0
03-02 00:57:47.596  1507  1907 I SurfaceFlinger: id=156960 createSurf, flag=44004, com.podcast.app.debug.test/androidx.test.core.app.InstrumentationActivityInvoker$EmptyActivity$_17532#156960
03-02 00:57:47.596  2746  2870 I BLASTBufferQueue: [VRI[test]@55f5e9f#7746](f:0,a:0,s:0) onFrameAvailable the first frame is available
03-02 00:57:47.597  2746  2870 I BLASTBufferQueue: [VRI[test]@55f5e9f#7746](f:0,a:1,s:0) acquireNextBufferLocked size=1080x2340 mFrameNumber=1 applyTransaction=true mTimestamp=491146597349889(auto) mPendingTransactions.size=0 graphicBufferId=11793980283914 transform=0
03-02 00:57:47.597  2746  2870 I VRI[test]@55f5e9f: Received frameCommittedCallback lastAttemptedDrawFrameNum=1 didProduceBuffer=true
03-02 00:57:47.598 14885 14885 D BBA2    : setIsFg isFg = false; delayValue 3999ms
03-02 00:57:47.598  2991  3757 I LocationAccessPolicy: checkLocationPermission - callingUid: 10492, callingPid: 14636, result: DENIED_SOFT
03-02 00:57:47.598  2991  3757 I LocationAccessPolicy: checkLocationPermission - callingUid: 10492, callingPid: 14636, result: DENIED_SOFT
03-02 00:57:47.598  2746  2870 D HWUI    : CFMS:: SetUp Pid : 2746    Tid : 2870
03-02 00:57:47.599  2746  2808 D VRI[test]@55f5e9f: reportDrawFinished seqId=0
03-02 00:57:47.599  1507  1907 I SurfaceFlinger: id=156961 createSurf, flag=24000, Surface(name=c536234 NavigationBar0)/@0xfac847b - animation-leash of insets_animation#156961
03-02 00:57:47.601  1507  1907 I SurfaceFlinger: id=156962 createSurf, flag=24000, Surface(name=a5d3a68 StatusBar)/@0xd5726d6 - animation-leash of insets_animation#156962
03-02 00:57:47.602  1507  1507 I SurfaceFlinger: [e2ccd5f com.podcast.app.debug.test/androidx.test.core.app.InstrumentationActivityInvoker$EmptyActivity#156959] attach to parent LayerHierarchy{RequestedLayerState{ActivityRecord{254262430 u0 com.podcast.app.debug.test/androidx.test.core.app.InstrumentationActivityInvoker$EmptyActivity t44909}#156956 parentId=156955} 2 children}
03-02 00:57:47.602  1507  1507 I SurfaceFlinger: [com.podcast.app.debug.test/androidx.test.core.app.InstrumentationActivityInvoker$EmptyActivity$_17532#156960] attach to parent LayerHierarchy{RequestedLayerState{e2ccd5f com.podcast.app.debug.test/androidx.test.core.app.InstrumentationActivityInvoker$EmptyActivity#156959 parentId=156956} 1 children}
03-02 00:57:47.602  1507  1507 I SurfaceFlinger: [Surface(name=c536234 NavigationBar0)/@0xfac847b - animation-leash of insets_animation#156961] attach to parent LayerHierarchy{RequestedLayerState{WindowToken{5cf38d1 type=2019 android.os.BinderProxy@916675b}#101 parentId=34} 2 children}
03-02 00:57:47.602  1507  1507 I SurfaceFlinger: [Surface(name=a5d3a68 StatusBar)/@0xd5726d6 - animation-leash of insets_animation#156962] attach to parent LayerHierarchy{RequestedLayerState{WindowToken{d05298b type=2000 android.os.BinderProxy@163b705}#108 parentId=17} 2 children}
03-02 00:57:47.603  2013  2027 I SystemKeyManager: requested systemKeyInfo size=1 focusedWindow=com.podcast.app.debug.test/androidx.test.core.app.InstrumentationActivityInvoker$EmptyActivity
03-02 00:57:47.603  2013  2027 I SystemKeyManager: requested systemKeyInfo size=2 focusedWindow=com.podcast.app.debug.test/androidx.test.core.app.InstrumentationActivityInvoker$EmptyActivity
03-02 00:57:47.604  2013  2027 I WindowManager: Relayout hash=e2ccd5f, pid=17532, syncId=-1: mAttrs={(0,0)(fillxfill) sim={adjust=pan forwardNavigation} layoutInDisplayCutoutMode=always ty=BASE_APPLICATION
03-02 00:57:47.604  2013  2027 I WindowManager:   fl=81810100
03-02 00:57:47.604  2013  2027 I WindowManager:   pfl=100088c0
03-02 00:57:47.604  2013  2027 I WindowManager:   bhv=1
03-02 00:57:47.604  2013  2027 I WindowManager:   fitSides=0
03-02 00:57:47.604  2013  2027 I WindowManager:   frameRateBoostOnTouch=true
03-02 00:57:47.604  2013  2027 I WindowManager:   dvrrWindowFrameRateHint=true naviIconColor=0}
03-02 00:57:47.605 17532 17532 D BufferQueueConsumer: [](id:447c00000023,api:0,p:-1,c:17532) connect: controlledByApp=false
03-02 00:57:47.607 17532 17532 I BLASTBufferQueue: [VRI[InstrumentationActivityInvoker$EmptyActivity]@5e44ab1#35](f:0,a:0,s:0) constructor()
03-02 00:57:47.607  2991  3757 I LocationAccessPolicy: checkLocationPermission - callingUid: 10492, callingPid: 14636, result: DENIED_SOFT
03-02 00:57:47.607  2991  3757 I LocationAccessPolicy: checkLocationPermission - callingUid: 10492, callingPid: 14636, result: DENIED_SOFT
03-02 00:57:47.607  1445  2902 W C2MtkBufferManager: [0xB4000070F507E520] fetchNewCcBlock: wait fence 0x0xb4000070f5058270 timed out. ret 110
03-02 00:57:47.607 17532 17532 I BLASTBufferQueue_Java: new BLASTBufferQueue, mName= VRI[InstrumentationActivityInvoker$EmptyActivity]@5e44ab1 mNativeObject= 0xb400007869824000 caller= android.view.ViewRootImpl.updateBlastSurfaceIfNeeded:3585 android.view.ViewRootImpl.relayoutWindow:11685 android.view.ViewRootImpl.performTraversals:4804 android.view.ViewRootImpl.doTraversal:3924 android.view.ViewRootImpl$TraversalRunnable.run:12903 android.view.Choreographer$CallbackRecord.run:1901 android.view.Choreographer$CallbackRecord.run:1910 android.view.Choreographer.doCallbacks:1367 android.view.Choreographer.doFrame:1292 android.view.Choreographer$FrameDisplayEventReceiver.run:1870
03-02 00:57:47.608 17532 17532 I BLASTBufferQueue_Java: update, w= 1080 h= 2340 mName = VRI[InstrumentationActivityInvoker$EmptyActivity]@5e44ab1 mNativeObject= 0xb400007869824000 sc.mNativeObject= 0xb400007837f10a40 format= -1 caller= android.view.ViewRootImpl.updateBlastSurfaceIfNeeded:3590 android.view.ViewRootImpl.relayoutWindow:11685 android.view.ViewRootImpl.performTraversals:4804 android.view.ViewRootImpl.doTraversal:3924 android.view.ViewRootImpl$TraversalRunnable.run:12903 android.view.Choreographer$CallbackRecord.run:1901
03-02 00:57:47.608 17532 17532 I BLASTBufferQueue: [VRI[InstrumentationActivityInvoker$EmptyActivity]@5e44ab1#35](f:0,a:0,s:0) update width=1080 height=2340 format=-1 mTransformHint=0
03-02 00:57:47.608  1507  2128 I SurfaceFlinger: id=156963 createSurf, flag=84004, Transition Root: Task=44909#156963
03-02 00:57:47.608 17532 17532 I VRI[InstrumentationActivityInvoker$EmptyActivity]@5e44ab1: Relayout returned: old=(0,0,1080,2340) new=(0,0,1080,2340) relayoutAsync=false req=(1080,2340)0 dur=11 res=0x3 s={true 0xb40000783d2f7200} ch=true seqId=0
03-02 00:57:47.609 17532 17532 I VRI[InstrumentationActivityInvoker$EmptyActivity]@5e44ab1: performConfigurationChange setNightDimText nightDimLevel=0
03-02 00:57:47.610 17532 17532 D VRI[InstrumentationActivityInvoker$EmptyActivity]@5e44ab1: mThreadedRenderer.initialize() mSurface={isValid=true 0xb40000783d2f7200} hwInitialized=true
03-02 00:57:47.610  2013  2068 I SurfaceControlRegistry: show, t=StartTransaction_SyncId<11317> sc=ActivityRecord{254262430 u0 com.podcast.app.debug.test/androidx.test.core.app.InstrumentationActivityInvoker$EmptyActivity t44909}, caller=android.view.SurfaceControl$Transaction.show:3557 com.android.server.wm.Transition.onTransactionReady:2048 com.android.server.wm.BLASTSyncEngine$SyncGroup.finishNow:240 com.android.server.wm.BLASTSyncEngine.onSurfacePlacement:263 com.android.server.wm.RootWindowContainer.performSurfacePlacementNoTrace:1083 com.android.server.wm.WindowSurfacePlacer.performSurfacePlacement:166
03-02 00:57:47.611 17532 17532 D VRI[InstrumentationActivityInvoker$EmptyActivity]@5e44ab1: reportNextDraw android.view.ViewRootImpl.performTraversals:5443 android.view.ViewRootImpl.doTraversal:3924 android.view.ViewRootImpl$TraversalRunnable.run:12903 android.view.Choreographer$CallbackRecord.run:1901 android.view.Choreographer$CallbackRecord.run:1910
03-02 00:57:47.611 17532 17532 D VRI[InstrumentationActivityInvoker$EmptyActivity]@5e44ab1: Setup new sync=wmsSync-VRI[InstrumentationActivityInvoker$EmptyActivity]@5e44ab1#70
03-02 00:57:47.611 17532 17532 I VRI[InstrumentationActivityInvoker$EmptyActivity]@5e44ab1: Creating new active sync group VRI[InstrumentationActivityInvoker$EmptyActivity]@5e44ab1#71
03-02 00:57:47.611 17532 17532 D VRI[InstrumentationActivityInvoker$EmptyActivity]@5e44ab1: registerCallbacksForSync syncBuffer=false
03-02 00:57:47.612  2013  2068 D ScreenCapture: [Capture_TEST] : setIsScreenShotBySystem false
03-02 00:57:47.612  2013  2068 I SurfaceComposerClient: captureLayers:childrenOnly:1, sync:1
03-02 00:57:47.612 17532 17582 D VRI[InstrumentationActivityInvoker$EmptyActivity]@5e44ab1: Received frameDrawingCallback syncResult=0 frameNum=1.
03-02 00:57:47.613 17532 17582 I VRI[InstrumentationActivityInvoker$EmptyActivity]@5e44ab1: mWNT: t=0xb40000783ad04f80 mBlastBufferQueue=0xb400007869824000 fn= 1 HdrRenderState mRenderHdrSdrRatio=1.0 caller= android.view.ViewRootImpl$12.onFrameDraw:15441 android.view.ThreadedRenderer$1.onFrameDraw:718 <bottom of call stack>
03-02 00:57:47.613 17532 17582 I VRI[InstrumentationActivityInvoker$EmptyActivity]@5e44ab1: Setting up sync and frameCommitCallback
03-02 00:57:47.616  1507  1507 I SurfaceFlinger: [LayerHierarchy{RequestedLayerState{c536234 NavigationBar0#102 parentId=156961} 1 children}] reparent to LayerHierarchy{RequestedLayerState{Surface(name=c536234 NavigationBar0)/@0xfac847b - animation-leash of insets_animation#156961 parentId=101} 1 children}
03-02 00:57:47.616  1507  1507 I SurfaceFlinger: [LayerHierarchy{RequestedLayerState{a5d3a68 StatusBar#109 parentId=156962} 1 children}] reparent to LayerHierarchy{RequestedLayerState{Surface(name=a5d3a68 StatusBar)/@0xd5726d6 - animation-leash of insets_animation#156962 parentId=108} 1 children}
03-02 00:57:47.616  1507  1507 I SurfaceFlinger: [LayerHierarchy{RequestedLayerState{Surface(name=a5d3a68 StatusBar)/@0xd5726d6 - animation-leash of insets_animation#156948} no children}] reparent to OffscreenRoot
03-02 00:57:47.616  1507  1507 I SurfaceFlinger: [LayerHierarchy{RequestedLayerState{Surface(name=a5d3a68 StatusBar)/@0xd5726d6 - animation-leash of insets_animation#156948} no children}] RelativeParent to null
03-02 00:57:47.616  1507  1507 I SurfaceFlinger: [LayerHierarchy{RequestedLayerState{Surface(name=c536234 NavigationBar0)/@0xfac847b - animation-leash of insets_animation#156947} no children}] reparent to OffscreenRoot
03-02 00:57:47.616  1507  1507 I SurfaceFlinger: [LayerHierarchy{RequestedLayerState{Surface(name=c536234 NavigationBar0)/@0xfac847b - animation-leash of insets_animation#156947} no children}] RelativeParent to null
03-02 00:57:47.616  1507  1507 I SurfaceFlinger: [Transition Root: Task=44909#156963] attach to parent LayerHierarchy{RequestedLayerState{DefaultTaskDisplayArea_d0#10 parentId=9} 47 children}
03-02 00:57:47.616  2746  2798 I SurfaceControlRegistry: hide, t=FinishTransaction_SyncId<11317> sc=Task=44908, caller=android.view.SurfaceControl$Transaction.hide:3583 com.android.wm.shell.transition.Transitions.dispatchReady:1263 com.android.wm.shell.transition.Transitions.onTransitionReady:251 com.android.wm.shell.transition.Transitions$TransitionPlayerImpl$$ExternalSyntheticLambda0.run:13 android.os.Handler.handleCallback:995 android.os.Handler.dispatchMessage:103
03-02 00:57:47.617  1507  1907 I SurfaceFlinger: Capture layer list: 	 com.podcast.app.debug/androidx.activity.ComponentActivity$_17121#156946(seamlessTransition:0)
03-02 00:57:47.617  2746  2798 I SurfaceControlRegistry: show, t=StartTransaction_SyncId<11317> sc=Task=44909, caller=android.view.SurfaceControl$Transaction.show:3557 com.android.wm.shell.transition.Transitions.dispatchReady:1279 com.android.wm.shell.transition.Transitions.onTransitionReady:251 com.android.wm.shell.transition.Transitions$TransitionPlayerImpl$$ExternalSyntheticLambda0.run:13 android.os.Handler.handleCallback:995 android.os.Handler.dispatchMessage:103
03-02 00:57:47.617  2746  2798 I SurfaceControlRegistry: show, t=FinishTransaction_SyncId<11317> sc=Task=44909, caller=android.view.SurfaceControl$Transaction.show:3557 com.android.wm.shell.transition.Transitions.dispatchReady:1330 com.android.wm.shell.transition.Transitions.onTransitionReady:251 com.android.wm.shell.transition.Transitions$TransitionPlayerImpl$$ExternalSyntheticLambda0.run:13 android.os.Handler.handleCallback:995 android.os.Handler.dispatchMessage:103
03-02 00:57:47.618  2746  2798 I SurfaceControlRegistry: show, t=StartTransaction_SyncId<11317> sc=Transition Root: Task=44909, caller=android.view.SurfaceControl$Transaction.show:3557 com.android.wm.shell.transition.Transitions.playTransition:79 com.android.wm.shell.transition.Transitions.processReadyQueue:239 com.android.wm.shell.transition.Transitions.dispatchReady:1352 com.android.wm.shell.transition.Transitions.onTransitionReady:251 com.android.wm.shell.transition.Transitions$TransitionPlayerImpl$$ExternalSyntheticLambda0.run:13
03-02 00:57:47.618 17532 17563 I BLASTBufferQueue: [VRI[InstrumentationActivityInvoker$EmptyActivity]@5e44ab1#35](f:0,a:0,s:0) onFrameAvailable the first frame is available
03-02 00:57:47.618 17532 17563 I BLASTBufferQueue: [VRI[InstrumentationActivityInvoker$EmptyActivity]@5e44ab1#35](f:0,a:1,s:0) acquireNextBufferLocked size=1080x2340 mFrameNumber=1 applyTransaction=true mTimestamp=491146619268273(auto) mPendingTransactions.size=0 graphicBufferId=75299366633612 transform=0
03-02 00:57:47.619 17532 17563 I VRI[InstrumentationActivityInvoker$EmptyActivity]@5e44ab1: Received frameCommittedCallback lastAttemptedDrawFrameNum=1 didProduceBuffer=true
03-02 00:57:47.621 17532 17563 D HWUI    : CFMS:: SetUp Pid : 17532    Tid : 17563
03-02 00:57:47.621 17532 17532 D VRI[InstrumentationActivityInvoker$EmptyActivity]@5e44ab1: reportDrawFinished seqId=0
03-02 00:57:47.621  2991  3810 I LocationAccessPolicy: checkLocationPermission - callingUid: 10492, callingPid: 14636, result: DENIED_SOFT
03-02 00:57:47.622  2991  3810 I LocationAccessPolicy: checkLocationPermission - callingUid: 10492, callingPid: 14636, result: DENIED_SOFT
03-02 00:57:47.626  1507  1907 I SurfaceFlinger: id=156964 createSurf, flag=20004, DimTransitionLayer for Surface(name=Task=44909)/@0x1c1e4ee#156964
03-02 00:57:47.626  1507  1507 I BufferQueueProducer: [NavigationBar0$_2746#113](this:0xb400007a17b59e38,id:-1,api:0,p:-1,c:1507) queueBuffer: fps=33.63 dur=1397.37 max=555.97 min=8.10
03-02 00:57:47.627  2013  2067 I SemDvfsHyPerManager: acquire hyper - AMS_RESUME_TAIL/2013@18, type = -999
03-02 00:57:47.627  2013  2067 I SemDvfsHyPerManager: acquire hyper - AMS_ACT_LAZY/2013@19, type = -999
03-02 00:57:47.627  2746  2798 I SurfaceControlRegistry: show, t=StartTransaction_SyncId<11317> sc=DimTransitionLayer for Surface(name=Task=44909)/@0x1c1e4ee, caller=android.view.SurfaceControl$Transaction.show:3557 com.android.wm.shell.transition.DefaultTransitionHandler.startAnimation:2837 com.android.wm.shell.transition.Transitions.dispatchTransition:90 com.android.wm.shell.transition.Transitions.playTransition:774 com.android.wm.shell.transition.Transitions.processReadyQueue:239 com.android.wm.shell.transition.Transitions.dispatchReady:1352
03-02 00:57:47.627  1464  1492 I mtkpower@impl: [setMode] type:5, enabled:0
03-02 00:57:47.627  1450  1487 I HYPER-HAL: [RequestManager.cpp]acquire(): Acquired ID : 2063514  [2013 / 18]    HINT : AMS_RESUME_TAIL    list :
03-02 00:57:47.627  1450  1487 I mtkpower_client: perf_lock_rel, hdl:76849, pid: 1450, tid:1487
03-02 00:57:47.628  2746  2798 I SurfaceControlRegistry: apply, t=StartTransaction_SyncId<11317>, caller=android.view.SurfaceControl$Transaction.apply:3459 android.view.SurfaceControl$Transaction.apply:3447 android.view.SurfaceControl$Transaction.apply:3397 com.android.wm.shell.transition.DefaultTransitionHandler.startAnimation:3292 com.android.wm.shell.transition.Transitions.dispatchTransition:90 com.android.wm.shell.transition.Transitions.playTransition:774
03-02 00:57:47.628  1450  1487 I mtkpower_client: perf_lock_acq, hdl:0, dur:0, num:2, pid:1450, tid:1487
03-02 00:57:47.629  1464  1529 I libPowerHal: [perfLockRel] hdl:76849, idx:2
03-02 00:57:47.629  1464  1529 I libPowerHal: [set_cpuidle] enable:1, fd:17, scn:0xb40000737b607270
03-02 00:57:47.629  1464  1529 I libPowerHal: [PD] vendor.samsung. update cmd:1c3c100 param:1 pr:6
03-02 00:57:47.629  1464  1529 I libPowerHal: [perfLockRel] Done for hdl : 76849
03-02 00:57:47.631  2991  3810 I LocationAccessPolicy: checkLocationPermission - callingUid: 10492, callingPid: 14636, result: DENIED_SOFT
03-02 00:57:47.631  2991  3810 I LocationAccessPolicy: checkLocationPermission - callingUid: 10492, callingPid: 14636, result: DENIED_SOFT
03-02 00:57:47.631  1450  1487 I mtkpower_client: ret_hdl:76853
03-02 00:57:47.631  1450  1487 I mtkpower_client: perf_lock_rel, hdl:76851, pid: 1450, tid:1487
03-02 00:57:47.632  1450  1487 I mtkpower_client: perf_lock_acq, hdl:0, dur:0, num:2, pid:1450, tid:1487
03-02 00:57:47.632  1464  1529 I libPowerHal: [perfLockAcq] idx:8 hdl:76853 hint:-1 pid:1450 tid:1487 duration:0 lock_user:vendor.samsung. => ret_hdl:76853
03-02 00:57:47.632  1464  1529 I libPowerHal: [set_cpuidle] enable:0, fd:17, scn:0xb40000737b61a740
03-02 00:57:47.632  1464  1529 I libPowerHal: [get_cpu_dma_latency_value] 0
03-02 00:57:47.632  1464  1529 I libPowerHal: [PE] vendor.samsung. update cmd:1c3c100 param:0 pr:3
03-02 00:57:47.632  1464  1529 I libPowerHal: [perfLockAcq] Done for hdl : 76853
03-02 00:57:47.633  2013  3821 I SemDvfsHyPerManager: acquire hyper - AMS_ACT_RESUME/2013@15, type = -999
03-02 00:57:47.633  1464  1529 I libPowerHal: [perfLockRel] hdl:76851, idx:3
03-02 00:57:47.634  1464  1529 I libPowerHal: [PD] vendor.samsung. update cmd:1000000 param:-1 pr:6
03-02 00:57:47.634 14885 14885 I VRI[SplashActivity]@35f4eb8: handleAppVisibility mAppVisible = false visible = true
03-02 00:57:47.634  1464  1529 I libPowerHal: [perfLockRel] Done for hdl : 76851
03-02 00:57:47.634  1464  1529 I libPowerHal: [perfLockAcq] idx:2 hdl:76854 hint:-1 pid:1450 tid:1487 duration:0 lock_user:vendor.samsung. => ret_hdl:76854
03-02 00:57:47.634  1450  1487 I mtkpower_client: ret_hdl:76854
03-02 00:57:47.634  1464  1529 I libPowerHal: [setDvfsrcDevFreqOpp] opp:0, freq:4266000000
03-02 00:57:47.634  1464  1529 I libPowerHal: [PE] vendor.samsung. update cmd:1000000 param:0 pr:3
03-02 00:57:47.635  1464  1529 I libPowerHal: [perfLockAcq] Done for hdl : 76854
03-02 00:57:47.635  1450  1487 I mtkpower_client: perf_lock_rel, hdl:76854, pid: 1450, tid:1487
03-02 00:57:47.635  1450  1487 I mtkpower_client: perf_lock_acq, hdl:0, dur:0, num:2, pid:1450, tid:1487
03-02 00:57:47.635  1507  1507 I SurfaceFlinger: RequestedLayer [ea7e013 Splash Screen com.podcast.app.debug.test#156957] hidden!! flag  from(1) --> to(0)
03-02 00:57:47.635  1507  1507 I SurfaceFlinger: RequestedLayer [e2ccd5f com.podcast.app.debug.test/a[...]ActivityInvoker$EmptyActivity#156959] hidden!! flag  from(1) --> to(0)
03-02 00:57:47.635  1507  1507 I SurfaceFlinger: RequestedLayer [Splash Screen com.podcast.app.debug.test$_2746#156958] hidden!! flag  from(1) --> to(0)
03-02 00:57:47.635  1507  1507 I SurfaceFlinger: RequestedLayer [Task=44909#156955] hidden!! flag  from(1) --> to(0)
03-02 00:57:47.635  1507  1507 E SurfaceFlinger: alpha changed 1.000 -> 0.000 - Task=44909#156955
03-02 00:57:47.635  1507  1507 I SurfaceFlinger: RequestedLayer [Transition Root: Task=44909#156963] hidden!! flag  from(1) --> to(0)
03-02 00:57:47.635  1507  1507 I SurfaceFlinger: RequestedLayer [ActivityRecord{254262430 u0 com.podc[...]Invoker$EmptyActivity t44909}#156956] hidden!! flag  from(1) --> to(0)
03-02 00:57:47.635  1507  1507 I SurfaceFlinger: RequestedLayer [DimTransitionLayer for Surface(name=Task=44909)/@0x1c1e4ee#156964] hidden!! flag  from(1) --> to(0)
03-02 00:57:47.635  1507  1507 E SurfaceFlinger: alpha changed 1.000 -> 0.000 - DimTransitionLayer for Surface(name=Task=44909)/@0x1c1e4ee#156964
03-02 00:57:47.635  1507  1507 E SurfaceFlinger: alpha changed 0.000 -> 1.000 - Task=44909#156955
03-02 00:57:47.635  1507  1507 I SurfaceFlinger: [LayerHierarchy{RequestedLayerState{Task=44908#156941 parentId=156963 z=2} 1 children}] reparent to LayerHierarchy{RequestedLayerState{Transition Root: Task=44909#156963 parentId=10 z=42} 1 children}
03-02 00:57:47.635  1507  1507 I SurfaceFlinger: [LayerHierarchy{RequestedLayerState{Task=44909#156955 parentId=156963 z=5} 1 children}] reparent to LayerHierarchy{RequestedLayerState{Transition Root: Task=44909#156963 parentId=10 z=42} 2 children}
03-02 00:57:47.635  1507  1507 I SurfaceFlinger: [DimTransitionLayer for Surface(name=Task=44909)/@0x1c1e4ee#156964] attach to parent LayerHierarchy{RequestedLayerState{Transition Root: Task=44909#156963 parentId=10 z=42} 3 children}
03-02 00:57:47.636  1464  1529 I libPowerHal: [perfLockRel] hdl:76854, idx:2
03-02 00:57:47.636  1464  1529 I libPowerHal: [PD] vendor.samsung. update cmd:1000000 param:-1 pr:6
03-02 00:57:47.637  1464  1529 I libPowerHal: [perfLockRel] Done for hdl : 76854
03-02 00:57:47.638  1450  1487 I mtkpower_client: ret_hdl:76855
03-02 00:57:47.638  1450  1487 I mtkpower_client: perf_lock_rel, hdl:76852, pid: 1450, tid:1487
03-02 00:57:47.638  2013  3821 D InputDispatcher: Focused application(0): ActivityRecord{2751228 u0 com.zhiliaoapp.musically/com.ss.android.ugc.aweme.splash.SplashActivity t44543}
03-02 00:57:47.638  1464  1529 I libPowerHal: [perfLockAcq] idx:3 hdl:76855 hint:-1 pid:1450 tid:1487 duration:0 lock_user:vendor.samsung. => ret_hdl:76855
03-02 00:57:47.638  1464  1529 I libPowerHal: [setDvfsrcDevFreqOpp] opp:0, freq:4266000000
03-02 00:57:47.638  1464  1529 I libPowerHal: [PE] vendor.samsung. update cmd:1000000 param:0 pr:3
03-02 00:57:47.638  1464  1529 I libPowerHal: [perfLockAcq] Done for hdl : 76855
03-02 00:57:47.638  2013  2600 D AS.MultiSoundManager: mForegroundUid = 10350
03-02 00:57:47.638  1450  1487 I mtkpower_client: perf_lock_acq, hdl:0, dur:0, num:2, pid:1450, tid:1487
03-02 00:57:47.639  1464  1529 I libPowerHal: [perfLockRel] hdl:76852, idx:6
03-02 00:57:47.639  1464  1529 I libPowerHal: [PD] vendor.samsung. update cmd:400000 param:-1 pr:6
03-02 00:57:47.640  1464  1529 I libPowerHal: [recordCPUFreqInfo] set cluster[0] min(-1): -1 max(-1): -1 cluster[1] min(-1): -1 max(-1): -1
03-02 00:57:47.640  1464  1529 I libPowerHal: [perfLockRel] Done for hdl : 76852
03-02 00:57:47.640  1507  1563 I SurfaceFlinger: id=156965 createSurf, flag=24000, Surface(name=c536234 NavigationBar0)/@0xfac847b - animation-leash of insets_animation#156965
03-02 00:57:47.641  1445  2902 D C2MtkBufferManager: over 5000ms not request from VCodec but callback hooked, slow BM Cc fetch thread. Last get time was 90631051ms ago.
03-02 00:57:47.641  1450  1487 I mtkpower_client: ret_hdl:76856
03-02 00:57:47.641  1450  1487 I HYPER-HAL: [RequestManager.cpp]releaseLocked(): Released ID : 2067581
03-02 00:57:47.641  1450  1487 I HYPER-HAL: [RequestManager.cpp]acquire(): Acquired ID : 2057421  [2013 / 15]    HINT : AMS_ACT_RESUME    list :
03-02 00:57:47.641  1464  1529 I libPowerHal: [perfLockAcq] idx:2 hdl:76856 hint:-1 pid:1450 tid:1487 duration:0 lock_user:vendor.samsung. => ret_hdl:76856
03-02 00:57:47.641  1464  1529 I libPowerHal: [PE] vendor.samsung. update cmd:400000 param:2000000 pr:3
03-02 00:57:47.641  2991  3810 I LocationAccessPolicy: checkLocationPermission - callingUid: 10492, callingPid: 14636, result: DENIED_SOFT
03-02 00:57:47.641  1464  1529 I libPowerHal: [recordCPUFreqInfo] set cluster[0] min(vendor.samsung.): 2000000 max(-1): -1 cluster[1] min(-1): -1 max(-1): -1
03-02 00:57:47.641  1464  1529 I libPowerHal: [perfLockAcq] Done for hdl : 76856
03-02 00:57:47.641  2991  3810 I LocationAccessPolicy: checkLocationPermission - callingUid: 10492, callingPid: 14636, result: DENIED_SOFT
03-02 00:57:47.641  1507  1507 I BufferQueueProducer: [FramebufferSurface](this:0xb400007a458f0370,id:-1,api:1,p:1507,c:1507) queueBuffer: fps=42.17 dur=1043.31 max=358.68 min=7.54
03-02 00:57:47.641  1450  1487 I mtkpower_client: perf_lock_rel, hdl:76853, pid: 1450, tid:1487
03-02 00:57:47.642  1450  1487 I mtkpower_client: perf_lock_acq, hdl:0, dur:0, num:2, pid:1450, tid:1487
03-02 00:57:47.642  1464  1529 I libPowerHal: [perfLockRel] hdl:76853, idx:8
03-02 00:57:47.642  1507  1563 I SurfaceFlinger: id=156966 createSurf, flag=24000, Surface(name=a5d3a68 StatusBar)/@0xd5726d6 - animation-leash of insets_animation#156966
03-02 00:57:47.642  1464  1529 I libPowerHal: [set_cpuidle] enable:1, fd:17, scn:0xb40000737b61a740
03-02 00:57:47.642  1464  1529 I libPowerHal: [PD] vendor.samsung. update cmd:1c3c100 param:1 pr:6
03-02 00:57:47.643  1464  1529 I libPowerHal: [perfLockRel] Done for hdl : 76853
03-02 00:57:47.644  1450  1487 I mtkpower_client: ret_hdl:76857
03-02 00:57:47.645  1450  1487 I mtkpower_client: perf_lock_rel, hdl:76855, pid: 1450, tid:1487
03-02 00:57:47.645  1464  1529 I libPowerHal: [perfLockAcq] idx:6 hdl:76857 hint:-1 pid:1450 tid:1487 duration:0 lock_user:vendor.samsung. => ret_hdl:76857
03-02 00:57:47.645  1464  1529 I libPowerHal: [set_cpuidle] enable:0, fd:17, scn:0xb40000737b614050
03-02 00:57:47.645  1464  1529 I libPowerHal: [get_cpu_dma_latency_value] 0
03-02 00:57:47.645  1464  1529 I libPowerHal: [PE] vendor.samsung. update cmd:1c3c100 param:0 pr:3
03-02 00:57:47.645  1464  1529 I libPowerHal: [perfLockAcq] Done for hdl : 76857
03-02 00:57:47.646  1450  1487 I mtkpower_client: perf_lock_acq, hdl:0, dur:0, num:2, pid:1450, tid:1487
03-02 00:57:47.646  1464  1529 I libPowerHal: [perfLockRel] hdl:76855, idx:3
03-02 00:57:47.646  1507  1507 I SurfaceFlinger: [Surface(name=c536234 NavigationBar0)/@0xfac847b - animation-leash of insets_animation#156965] attach to parent LayerHierarchy{RequestedLayerState{WindowToken{5cf38d1 type=2019 android.os.BinderProxy@916675b}#101 parentId=34} 2 children}
03-02 00:57:47.646  1507  1507 I SurfaceFlinger: [Surface(name=a5d3a68 StatusBar)/@0xd5726d6 - animation-leash of insets_animation#156966] attach to parent LayerHierarchy{RequestedLayerState{WindowToken{d05298b type=2000 android.os.BinderProxy@163b705}#108 parentId=17} 2 children}
03-02 00:57:47.647  1464  1529 I libPowerHal: [PD] vendor.samsung. update cmd:1000000 param:-1 pr:6
03-02 00:57:47.647  1464  1529 I libPowerHal: [perfLockRel] Done for hdl : 76855
03-02 00:57:47.647  1450  1487 I mtkpower_client: ret_hdl:76858
03-02 00:57:47.648  1464  1529 I libPowerHal: [perfLockAcq] idx:8 hdl:76858 hint:-1 pid:1450 tid:1487 duration:0 lock_user:vendor.samsung. => ret_hdl:76858
03-02 00:57:47.648  1464  1529 I libPowerHal: [setDvfsrcDevFreqOpp] opp:0, freq:4266000000
03-02 00:57:47.648  1464  1529 I libPowerHal: [PE] vendor.samsung. update cmd:1000000 param:0 pr:3
03-02 00:57:47.648  1464  1529 I libPowerHal: [perfLockAcq] Done for hdl : 76858
03-02 00:57:47.651  1450  1487 I mtkpower_client: perf_lock_rel, hdl:76857, pid: 1450, tid:1487
03-02 00:57:47.652  1450  1487 I mtkpower_client: perf_lock_acq, hdl:0, dur:0, num:2, pid:1450, tid:1487
03-02 00:57:47.652 14885 14885 I VRI[SplashActivity]@35f4eb8: stopped(false) old = true
03-02 00:57:47.652 14885 14885 D VRI[SplashActivity]@35f4eb8: WindowStopped on com.zhiliaoapp.musically/com.ss.android.ugc.aweme.splash.SplashActivity set to false
03-02 00:57:47.653 14885 14885 D ViewRootImpl: Skipping stats log for color mode
03-02 00:57:47.652  1464  1529 I libPowerHal: [perfLockRel] hdl:76857, idx:6
03-02 00:57:47.653  1464  1529 I libPowerHal: [set_cpuidle] enable:1, fd:17, scn:0xb40000737b614050
03-02 00:57:47.653  1464  1529 I libPowerHal: [PD] vendor.samsung. update cmd:1c3c100 param:1 pr:6
03-02 00:57:47.654  1464  1529 I libPowerHal: [perfLockRel] Done for hdl : 76857
03-02 00:57:47.654 14885 14885 I System.out: SAFActivity: com.ss.android.ugc.aweme.main.MainActivity@c20428f,  onStart Start
03-02 00:57:47.654  1450  1487 I mtkpower_client: ret_hdl:76859
03-02 00:57:47.655  1450  1487 I mtkpower_client: perf_lock_rel, hdl:76858, pid: 1450, tid:1487
03-02 00:57:47.655  2013  2064 I PkgPredictorService-SecIpmManagerServiceImpl: reportToNAP uid:10687 com.podcast.app.debug.test/androidx.test.core.app.InstrumentationActivityInvoker$EmptyActivity thisTime:124
03-02 00:57:47.655  2013  2064 D PkgPredictorService-SecIpmManagerServiceImpl: reportToNAP: mHeavyLaunchCounter is false
03-02 00:57:47.655  1464  1529 I libPowerHal: [perfLockAcq] idx:3 hdl:76859 hint:-1 pid:1450 tid:1487 duration:0 lock_user:vendor.samsung. => ret_hdl:76859
03-02 00:57:47.655  1464  1529 I libPowerHal: [set_cpuidle] enable:0, fd:17, scn:0xb40000737b60a5e8
03-02 00:57:47.655  2013  3282 D PkgPredictorService-SecIpmManagerServiceImpl: ACTION_FOREGROUND_FINISH_EVENT sCurForegroundApp :com.podcast.app.debug
03-02 00:57:47.655  1464  1529 I libPowerHal: [get_cpu_dma_latency_value] 0
03-02 00:57:47.655  1464  1529 I libPowerHal: [PE] vendor.samsung. update cmd:1c3c100 param:0 pr:3
03-02 00:57:47.655  1464  1529 I libPowerHal: [perfLockAcq] Done for hdl : 76859
03-02 00:57:47.656  1450  1487 I mtkpower_client: perf_lock_acq, hdl:0, dur:0, num:2, pid:1450, tid:1487
03-02 00:57:47.656  2013  3505 W LocationManagerService: onFreezeStateChanged, uid[10317]=false
03-02 00:57:47.657  2013  2064 I ActivityTaskManager: Displayed com.podcast.app.debug.test/androidx.test.core.app.InstrumentationActivityInvoker$EmptyActivity for user 0: +124ms
03-02 00:57:47.657  1464  1529 I libPowerHal: [perfLockRel] hdl:76858, idx:8
03-02 00:57:47.657  1507  1507 E SurfaceFlinger: alpha changed 0.000 -> 0.013 - DimTransitionLayer for Surface(name=Task=44909)/@0x1c1e4ee#156964
03-02 00:57:47.658  1507  1507 I SurfaceFlinger: RequestedLayer [com.podcast.app.debug.test/androidx.[...]yInvoker$EmptyActivity$_17532#156960] hidden!! flag  from(1) --> to(0)
03-02 00:57:47.658  1507  1507 I SurfaceFlinger: [LayerHierarchy{RequestedLayerState{c536234 NavigationBar0#102 parentId=156965} 1 children}] reparent to LayerHierarchy{RequestedLayerState{Surface(name=c536234 NavigationBar0)/@0xfac847b - animation-leash of insets_animation#156965 parentId=101} 1 children}
03-02 00:57:47.658  1507  1507 I SurfaceFlinger: [LayerHierarchy{RequestedLayerState{a5d3a68 StatusBar#109 parentId=156966} 1 children}] reparent to LayerHierarchy{RequestedLayerState{Surface(name=a5d3a68 StatusBar)/@0xd5726d6 - animation-leash of insets_animation#156966 parentId=108} 1 children}
03-02 00:57:47.658  1507  1507 I SurfaceFlinger: [LayerHierarchy{RequestedLayerState{Surface(name=c536234 NavigationBar0)/@0xfac847b - animation-leash of insets_animation#156961} no children}] reparent to OffscreenRoot
03-02 00:57:47.658  1507  1507 I SurfaceFlinger: [LayerHierarchy{RequestedLayerState{Surface(name=c536234 NavigationBar0)/@0xfac847b - animation-leash of insets_animation#156961} no children}] RelativeParent to null
03-02 00:57:47.658  1507  1507 I SurfaceFlinger: [LayerHierarchy{RequestedLayerState{Surface(name=a5d3a68 StatusBar)/@0xd5726d6 - animation-leash of insets_animation#156962} no children}] reparent to OffscreenRoot
03-02 00:57:47.658  1507  1507 I SurfaceFlinger: [LayerHierarchy{RequestedLayerState{Surface(name=a5d3a68 StatusBar)/@0xd5726d6 - animation-leash of insets_animation#156962} no children}] RelativeParent to null
03-02 00:57:47.658  1464  1529 I libPowerHal: [PD] vendor.samsung. update cmd:1000000 param:-1 pr:6
03-02 00:57:47.659  1464  1529 I libPowerHal: [perfLockRel] Done for hdl : 76858
03-02 00:57:47.660  1450  1487 I mtkpower_client: ret_hdl:76860
03-02 00:57:47.660  1507  1907 I SurfaceFlinger: onHandleDestroyed: layerId=156961, name=Surface(name=c536234 NavigationBar0)/@0xfac847b - animation-leash of insets_animation#156961
03-02 00:57:47.660  1507  1907 I SurfaceFlinger: id=156961 Removed Surface(name=c536234 NavigationBar0)/@0xfac847b - animation-leash of insets_animation#156961 (336)
03-02 00:57:47.660  1464  1529 I libPowerHal: [perfLockAcq] idx:6 hdl:76860 hint:-1 pid:1450 tid:1487 duration:0 lock_user:vendor.samsung. => ret_hdl:76860
03-02 00:57:47.660  1450  1487 I HYPER-HAL: [RequestManager.cpp]releaseLocked(): Released ID : 2057421
03-02 00:57:47.660  1464  1529 I libPowerHal: [setDvfsrcDevFreqOpp] opp:0, freq:4266000000
03-02 00:57:47.660  1464  1529 I libPowerHal: [PE] vendor.samsung. update cmd:1000000 param:0 pr:3
03-02 00:57:47.660  1464  1529 I libPowerHal: [perfLockAcq] Done for hdl : 76860
03-02 00:57:47.660  1507  1563 I SurfaceFlinger: onHandleDestroyed: layerId=156962, name=Surface(name=a5d3a68 StatusBar)/@0xd5726d6 - animation-leash of insets_animation#156962
03-02 00:57:47.661  1507  1563 I SurfaceFlinger: id=156962 Removed Surface(name=a5d3a68 StatusBar)/@0xd5726d6 - animation-leash of insets_animation#156962 (336)
03-02 00:57:47.665 14885 14885 I System.out: SceneSafeLifecycleDispatcher: onStarted Start
03-02 00:57:47.665  2013  4835 W ParceledListSlice: Element #30 is 21544 bytes.
03-02 00:57:47.665 14885 14885 I System.out: SAFActivity V Scene Framework: NavigationMessageQueue postSync start
03-02 00:57:47.666 14885 14885 I System.out: SAFActivity V Scene Framework: NavigationMessageQueue postSync run current task start 14_Y.ARunnableS108S0200000_32@4e9407d
03-02 00:57:47.666  1444  1461 I hwcomposer: [HWCDisplay] (0 updateFps():4131), (type:1, mode:2) fps:85.685806,dur:1003.67,max:35.41,min:7.49
03-02 00:57:47.666 14885 14885 I System.out: SAFActivity V Scene Framework: NavigationSceneManager Sync Scene SAFFragmentRootScene{79e191c} Lifecycle [ACTIVITY_CREATED -> STARTED] without saved State
03-02 00:57:47.666 14885 14885 I System.out: SAFFragmentRootScene: onStart Start (SAFFragmentRootScene{79e191c})
03-02 00:57:47.668  1507  1507 D SurfaceFlinger: Display 4627039422300187648 HWC layers:
03-02 00:57:47.668  1507  1507 D SurfaceFlinger:        CLIENT |           73534135074976 | 00002102 | RGBA_8888    |   21.0    0.0 1080.0 2340.0 |    0    0 1080 2340 | com.podcast.app.debug/androidx.activity.ComponentActivity$_17121#156946 (2)
03-02 00:57:47.668  1507  1507 D SurfaceFlinger:   SOLID_COLOR |                        0 | 00000000 | N/A          |    0.0    0.0    0.0    0.0 |    0    0 1080 2340 | DimTransitionLayer for Surface(name=Task=44909)/@0x1c1e4ee#156964 (0)
03-02 00:57:47.668  1507  1507 D SurfaceFlinger:        DEVICE |           75299366633612 | 00002102 | RGBA_8888    |    0.0    0.0   68.0 2340.0 | 1012    0 1080 2340 | com.podcast.app.debug.test/androidx.[...]yInvoker$EmptyActivity$_17532#156960 (1)
03-02 00:57:47.668  1507  1507 D SurfaceFlinger:        DEVICE |           11793980283914 | 00002100 | RGBA_8888    |    0.0    0.0   68.0 2340.0 | 1012    0 1080 2340 | Splash Screen com.podcast.app.debug.test$_2746#156958 (1)
03-02 00:57:47.668  1507  1507 D SurfaceFlinger:        DEVICE |           11793980281854 | 00002100 | RGBA_8888    |    0.0    0.0 1080.0   80.0 |    0    0 1080   80 | StatusBar$_2746#117 (211284)
03-02 00:57:47.668  1507  1507 D SurfaceFlinger:        DEVICE |           13752485304097 | 00002100 | RGBA_8888
03-02 00:57:47.668  1507  1507 D SurfaceFlinger:     |    0.0    0.0   67.0  346.0 | 1013  454 1080  800 | com.sec.android.app.launcher/com.sam[...].app.CocktailBarService$_3202#152779 (1)
03-02 00:57:47.668  1507  1507 D SurfaceFlinger:        DEVICE |           11793980281853 | 00002100 | RGBA_8888    |    0.0    0.0 1080.0  135.0 |    0 2205 1080 2340 | NavigationBar0$_2746#113 (188357)
03-02 00:57:47.668  1507  1507 D SurfaceFlinger:
03-02 00:57:47.669  1507  1562 I SurfaceFlinger: onHandleDestroyed: layerId=156947, name=Surface(name=c536234 NavigationBar0)/@0xfac847b - animation-leash of insets_animation#156947
03-02 00:57:47.669  1507  1507 I SurfaceFlinger: destroyed Surface(name=c536234 NavigationBar0)/@0xfac847b - animation-leash of insets_animation#156961
03-02 00:57:47.669  1507  1507 I SurfaceFlinger: destroyed Surface(name=a5d3a68 StatusBar)/@0xd5726d6 - animation-leash of insets_animation#156962
03-02 00:57:47.669  1507  1562 I SurfaceFlinger: id=156947 Removed Surface(name=c536234 NavigationBar0)/@0xfac847b - animation-leash of insets_animation#156947 (336)
03-02 00:57:47.669  1507  1562 I SurfaceFlinger: onHandleDestroyed: layerId=156948, name=Surface(name=a5d3a68 StatusBar)/@0xd5726d6 - animation-leash of insets_animation#156948
03-02 00:57:47.669  1507  1562 I SurfaceFlinger: id=156948 Removed Surface(name=a5d3a68 StatusBar)/@0xd5726d6 - animation-leash of insets_animation#156948 (336)
03-02 00:57:47.669  3506  3506 E pageboostd: Received HALT command code 2
03-02 00:57:47.669  1507  1845 D SurfaceFlinger: [input] setFocusedWindow: e2ccd5f com.podcast.app.debug.test/androidx.test.core.app.InstrumentationActivityInvoker$EmptyActivity
03-02 00:57:47.669  1507  1845 D SurfaceFlinger: updateWinowInfo=1, setFocusedWindow timestamp=491146607428350, windowName=e2ccd5f com.podcast.app.debug.test/androidx.test.core.app.InstrumentationActivityInvoker$EmptyActivity
03-02 00:57:47.670  2013  2029 D InputDispatcher: Once focus requested (0): e2ccd5f com.podcast.app.debug.test/androidx.test.core.app.InstrumentationActivityInvoker$EmptyActivity
03-02 00:57:47.670  2013  2029 D InputDispatcher: Focus request (0): e2ccd5f com.podcast.app.debug.test/androidx.test.core.app.InstrumentationActivityInvoker$EmptyActivity but waiting because NO_WINDOW
03-02 00:57:47.670  2746  2808 I VRI[test]@55f5e9f: onActiveControlsChanged, removed=false, mAdded=true, caller=android.view.ViewRootImpl.handleInsetsControlChanged:3002 android.view.ViewRootImpl$ViewRootHandler.handleMessageImpl:8352 android.view.ViewRootImpl$ViewRootHandler.handleMessage:8301 android.os.Handler.dispatchMessage:110 android.os.Looper.loopOnce:273
03-02 00:57:47.670  2746  2808 I InsetsSourceConsumer: applyRequestedVisibilityToControl: visible=true, type=navigationBars, host=Splash Screen com.podcast.app.debug.test
03-02 00:57:47.671  2746  2808 I InsetsSourceConsumer: applyRequestedVisibilityToControl: visible=true, type=statusBars, host=Splash Screen com.podcast.app.debug.test
03-02 00:57:47.672  2013  2065 D PkgPredictorService-SecIpmManagerServiceImpl: onForegroundActivitiesChanged pid:17532 uid:10687
03-02 00:57:47.672  2746  2798 D ShellDesktopMode: handleRequest: TransitionRequestInfo {type=2, tid=44909, debugId=11318}
03-02 00:57:47.673  1507  1507 I Layer   : id=156962 Destroyed Surface(name=a5d3a68 StatusBar)/@0xd5726d6 - animation-leash of insets_animation#156962
03-02 00:57:47.673  1507  1507 I Layer   : id=156961 Destroyed Surface(name=c536234 NavigationBar0)/@0xfac847b - animation-leash of insets_animation#156961
03-02 00:57:47.675  2013  3282 V PkgPredictorService-SecIpmManagerServiceImpl: discard foreground app:com.podcast.app.debug.test 1|true
03-02 00:57:47.676  3202 31843 I HoneySpace.RecentTasks: onRunningTaskAppeared
03-02 00:57:47.676  3202 31843 I HoneySpace.RecentTasks: onRecentTasksChanged
03-02 00:57:47.677  1628  1637 E thermal_core: find_tz_idx_by_name:"Failed to find thermal zone index of ap_ntc\n"
03-02 00:57:47.678  1628  1637 E thermal_core: find_tz_idx_by_name:"Failed to find thermal zone index of mtk-master-charger\n"
03-02 00:57:47.679  1646  1646 I CameraService: onUidStateChanged: uid=10235, procState is changed. (4 -> 3)
03-02 00:57:47.680  1507  1507 I SurfaceFlinger: destroyed Surface(name=a5d3a68 StatusBar)/@0xd5726d6 - animation-leash of insets_animation#156948
03-02 00:57:47.680  1507  1507 I SurfaceFlinger: destroyed Surface(name=c536234 NavigationBar0)/@0xfac847b - animation-leash of insets_animation#156947
03-02 00:57:47.680  3202  3386 I HoneySpace.TopTaskSource: onTaskMovedToFront : taskId = 44543, displayId = 0
03-02 00:57:47.680  1445  2902 W C2MtkBufferManager: [0xB4000070F507E520] fetchNewCcBlock: wait fence 0x0xb4000070f5058270 timed out. ret 110
03-02 00:57:47.681  3202  3390 I HoneySpace.TopTaskUseCase: topTasks 44543 ComponentInfo{com.zhiliaoapp.musically/com.ss.android.ugc.aweme.main.MainActivity}[displayId=0]
03-02 00:57:47.681  1507  1507 I Layer   : id=156948 Destroyed Surface(name=a5d3a68 StatusBar)/@0xd5726d6 - animation-leash of insets_animation#156948
03-02 00:57:47.681  1507  1507 I Layer   : id=156947 Destroyed Surface(name=c536234 NavigationBar0)/@0xfac847b - animation-leash of insets_animation#156947
03-02 00:57:47.683  3202  4701 I HoneySpace.RecentTasks: onRecentTasksChanged
03-02 00:57:47.685 25915 26075 I Rubin   : [4019] M.c0.k(Unknown Source) : Notify com.samsung.android.rubin.inferenceengine.contextanalytics.engine.loggers.AppUsageLogger's database is updated.
03-02 00:57:47.687  1507  1825 I SurfaceFlinger: Capture layer list: 	 com.podcast.app.debug/androidx.activity.ComponentActivity$_17121#156946(seamlessTransition:0)
03-02 00:57:47.687  1507  1825 I SurfaceFlinger: Capture layer list: 	 DimTransitionLayer for Surface(name=Task=44909)/@0x1c1e4ee#156964(seamlessTransition:0)
03-02 00:57:47.691  1446  1446 I SensorsHub: queueBatch: handle=5 period=200000000 timeout=0
03-02 00:57:47.691  1446  1446 I SensorsHub: queueActivate: handle 5 enable 1
03-02 00:57:47.691 14885 14885 I System.out: SAFActivity V Scene Framework: NavigationMessageQueue postSync run current task finish 14_Y.ARunnableS108S0200000_32@4e9407d
03-02 00:57:47.691 14885 14885 I System.out: SAFActivity V Scene Framework: NavigationMessageQueue postSync finish
03-02 00:57:47.691 14885 14885 I System.out: SceneSafeLifecycleDispatcher: onStarted End START
03-02 00:57:47.691 14885 14885 I System.out: SAFActivity: com.ss.android.ugc.aweme.main.MainActivity@c20428f,  onStart End
03-02 00:57:47.693  1446  1446 I SensorsHub: type : 5, enable : 1
03-02 00:57:47.694 14885 18457 D SensorManager: registerListener :: 5, TCS3701 Light, 200000, 0,
03-02 00:57:47.696  2746  2746 D SamsungLightBarControlHelper: updateStatusBar (BLACK icon) numStacks:1, StatusBarMode:MODE_TRANSPARENT, lightBarBounds:[Rect(0, 0 - 1080, 2340)], StatusBarState:SHADE, packageName:, isWhiteKeyguardStatusBar:true
03-02 00:57:47.697  2746  2746 D SamsungLightBarControlHelper: onStatusBarAppearanceChanged() -  sbModeChanged:false, statusBarMode:0, barState:MODE_TRANSPARENT, isKeyguardShowing:false, navbarColorManagedByIme:false, (AppearanceRegion{LIGHT_STATUS_BARS bounds=[0,0][1080,2340]}, )
03-02 00:57:47.697  2746  2746 D NavigationBar: onSystemBarAttributesChanged() -  displayId:0, appearance:16, packageName: com.podcast.app.debug.test (APPEARANCE_LIGHT_NAVIGATION_BARS ), navbarColorManagedByIme:false
03-02 00:57:47.697  2746  2746 D NavigationBar: onSystemBarAttributesChanged() -  displayId:0, appearance:24, packageName: com.podcast.app.debug.test (APPEARANCE_LIGHT_STATUS_BARS APPEARANCE_LIGHT_NAVIGATION_BARS ), navbarColorManagedByIme:false
03-02 00:57:47.704 25915 26075 I Rubin   : [4019] com.samsung.android.rubin.inferenceengine.contextanalytics.engine.monitors.moment.exercise.ExercisingWithCalendarMonitor.isSatisfiedByCalendarEvent(Unknown Source) : isSatisfiedByCalendarEvent is false
03-02 00:57:47.705 25915 26075 I Rubin   : [4019] com.samsung.android.rubin.inferenceengine.contextanalytics.engine.monitors.moment.exercise.ExercisingWithCmhMonitor.isSatisfiedByCmh(Unknown Source) : isSatisfiedByCmh is false
03-02 00:57:47.705 14885 14885 I System.out: SAFActivity: com.ss.android.ugc.aweme.main.MainActivity@c20428f,  onResume Start
03-02 00:57:47.710 14252 14252 I BadgeCountReceiver: onReceive: Intent { act=android.intent.action.BADGE_COUNT_UPDATE flg=0x1000010 xflg=0x4 cmp=com.sec.android.provider.badge/.BadgeCountReceiver (has extras) }
03-02 00:57:47.711  2013  2065 D PkgPredictorService-SecIpmManagerServiceImpl: onForegroundActivitiesChanged pid:14885 uid:10350
03-02 00:57:47.711 14252 14273 I BadgeCountReceiver: UpdateTask START: PendingResult hashCode: 263383020
03-02 00:57:47.711 14252 14273 I BadgeCountReceiver: packageName: com.zhiliaoapp.musically, className: com.ss.android.ugc.aweme.splash.SplashActivity, count: 0
03-02 00:57:47.712 14885 14885 I System.out: SceneSafeLifecycleDispatcher: onResumed Start
03-02 00:57:47.712 14885 14885 I System.out: SAFActivity V Scene Framework: NavigationMessageQueue postSync start
03-02 00:57:47.712 14885 14885 I System.out: SAFActivity V Scene Framework: NavigationMessageQueue postSync run current task start 14_Y.ARunnableS108S0200000_32@f27298e
03-02 00:57:47.712 14885 14885 I System.out: SAFActivity V Scene Framework: NavigationSceneManager Sync Scene SAFFragmentRootScene{79e191c} Lifecycle [STARTED -> RESUMED] without saved State
03-02 00:57:47.712 14885 14885 I System.out: SAFFragmentRootScene: onResume Start (SAFFragmentRootScene{79e191c})
03-02 00:57:47.714  2013  4835 W ParceledListSlice: Element #30 is 21544 bytes.
03-02 00:57:47.714  1646  1646 I CameraService: onUidStateChanged: uid=10492, procState is changed. (19 -> 8)
03-02 00:57:47.720 14885 18452 W System.err: FlagsHookHelper: skip hook flags method getInstanceHook
03-02 00:57:47.725 14636 14636 D WM-SystemJobService: onStartJob for WorkGenerationalId(workSpecId=f23029b8-b7a3-4a93-aaf6-b7c7a26dfe9e, generation=0)
03-02 00:57:47.727 14636 15263 D WM-Processor: MutableConfig: processing WorkGenerationalId(workSpecId=f23029b8-b7a3-4a93-aaf6-b7c7a26dfe9e, generation=0)
03-02 00:57:47.732  3202  3386 I HoneySpace.TopTaskSource: onTaskFocusChanged(): taskId = 44543
03-02 00:57:47.735  3202  3202 I HoneySpace.EdgePanel.CocktailHostRepositoryImpl: onNoteResume
03-02 00:57:47.735  3202  3202 I HoneySpace.EdgePanel.EdgePanelContainerViewModel: cocktailHostRepository.edgePanelOperation NoteResumeComponent(componentName=ComponentInfo{com.zhiliaoapp.musically/com.ss.android.ugc.aweme.main.MainActivity})
03-02 00:57:47.735  3202  3202 I HoneySpace.EdgePanel.ActivityUtils: HomePackage : com.sec.android.app.launcher, resumePackageName : com.zhiliaoapp.musically, className : com.ss.android.ugc.aweme.main.MainActivity
03-02 00:57:47.739 14636 14636 D WM-WorkerWrapper: Starting work for com.urbanairship.job.AirshipWorker
03-02 00:57:47.740 14252 18139 I BadgeProvider: query, [calling package]: com.sec.android.app.launcher, [selection]: null
03-02 00:57:47.740 14636 14636 V Ana Vodafone - UALib: AirshipWorker - Running job: JobInfo{action='ACTION_UPDATE_CHANNEL', airshipComponentName='com.urbanairship.channel.AirshipChannel', isNetworkAccessRequired=true, minDelayMs=0, conflictStrategy=2, initialBackOffMs=30000, extras={}, rateLimitIds=[]}, work Id: f23029b8-b7a3-4a93-aaf6-b7c7a26dfe9e run attempt: 332
03-02 00:57:47.741 14636 14636 V Ana Vodafone - UALib: JobDispatcher - Running job: JobInfo{action='ACTION_UPDATE_CHANNEL', airshipComponentName='com.urbanairship.channel.AirshipChannel', isNetworkAccessRequired=true, minDelayMs=0, conflictStrategy=2, initialBackOffMs=30000, extras={}, rateLimitIds=[]}, run attempt: 332
03-02 00:57:47.743 14885 16246 D AudioTrack: setVolume(1.000000, 1.000000) pid : 14885
03-02 00:57:47.744 14885 15878 W NaviWarn: StackPtr is not 8-byte aligned.
03-02 00:57:47.743 15705 16039 E msys    : E[N mns]_OnDiskCacheGetData(632)=>Start post callback cache refresh DNS resolution
03-02 00:57:47.745 15705 16039 E msys    : E[ADNSUCTIMH WAJMNSDNSResolver]_MNSDNSResolutionSuccess(35)=>[LogLevel:I] DNS Resolution Successful with 1 IPs, Persistent Cache Hit: 1, secondary resolver used: 0
03-02 00:57:47.745 15705 16039 E msys    : E[ADNSUCTIMH WAJMNSDNSResolver]_MNSDNSResolutionSuccess(55)=>[LogLevel:I] Resolved IP Address: 102.132.103.61
03-02 00:57:47.746 14885 14885 I DecorView: setWindowBackground: isPopOver=false color=ff000000 d=android.graphics.drawable.ColorDrawable@b4624dd
03-02 00:57:47.751 14252 14273 I BadgeProvider: sendNotify [uri]: content://com.sec.badge/apps, [notify]: null
03-02 00:57:47.751 14252 14273 I BadgeProvider: update, [calling package]: com.sec.android.provider.badge, [uri]: content://com.sec.badge/apps, [uri.query]: null, [BadgeCount]: badgecount=0, [UpdateCount]: 1
03-02 00:57:47.752 14252 14273 I BadgeCountReceiver: UpdateTask END: PendingResult hashCode: 263383020
03-02 00:57:47.755  1445  2902 W C2MtkBufferManager: [0xB4000070F507E520] fetchNewCcBlock: wait fence 0x0xb4000070f5058270 timed out. ret 110
03-02 00:57:47.757  2746  2746 I {OngoingActivityController}: onTaskFocusChanged but OA data is empty
03-02 00:57:47.758  2013  3345 W ParceledListSlice: Element #30 is 21544 bytes.
03-02 00:57:47.761  2013  4763 W system_server: Large reply transaction of 322012 bytes, interface descriptor android.app.IActivityTaskManager, code 26
03-02 00:57:47.765 14885 16208 W AudioManager: Use of stream types is deprecated for operations other than volume control
03-02 00:57:47.766 14885 16208 W AudioManager: See the documentation of requestAudioFocus() for what to use instead with android.media.AudioAttributes to qualify your playback use case
03-02 00:57:47.766  3202 31843 I HoneySpace.RecentTasks: onRecentTasksChanged
03-02 00:57:47.768 14252 18139 I BadgeProvider: query, [calling package]: com.sec.android.app.launcher, [selection]: null
03-02 00:57:47.768  2013  4763 I MediaFocusControl: requestAudioFocus() from uid/pid 10350/14885 AA=USAGE_MEDIA/CONTENT_TYPE_UNKNOWN clientId=android.media.AudioManager@b7fcc9dX.143s@4302512 callingPack=com.zhiliaoapp.musically req=2 flags=0x0 sdk=35
03-02 00:57:47.770 14885 14885 I System.out: SAFActivity V Scene Framework: NavigationMessageQueue postSync run current task finish 14_Y.ARunnableS108S0200000_32@f27298e
03-02 00:57:47.771 14885 14885 I System.out: SAFActivity V Scene Framework: NavigationMessageQueue postSync finish
03-02 00:57:47.771 14885 14885 I System.out: SceneSafeLifecycleDispatcher: onResumed End RESUME
03-02 00:57:47.771 14885 14885 I System.out: SAFActivity: com.ss.android.ugc.aweme.main.MainActivity@c20428f,  onResume End
03-02 00:57:47.772  2013  4763 D AS.AudioService: [Android Auto] isConnectedAndroidAuto = false
