03-02 00:56:58.030 14885 14885 I BLASTBufferQueue_Java: new BLASTBufferQueue, mName= 7086fb SurfaceView[com.zhiliaoapp.musically/com.ss.android.ugc.aweme.splash.SplashActivity]@0 mNativeObject= 0x769b591400 caller= android.view.SurfaceView.createBlastSurfaceControls:1781 android.view.SurfaceView.updateSurface:1450 android.view.SurfaceView.setWindowStopped:539 android.view.SurfaceView.surfaceCreated:2327 android.view.ViewRootImpl.notifySurfaceCreated:3502 android.view.ViewRootImpl.performTraversals:5286 android.view.ViewRootImpl.doTraversal:3924 android.view.ViewRootImpl$TraversalRunnable.run:12903 android.view.Choreographer$CallbackRecord.run:1901 android.view.Choreographer$CallbackRecord.run:1910
03-02 00:56:58.030  1507  1825 I SurfaceFlinger: Capture layer list: 	 com.podcast.app.debug.test/androidx.test.core.app.InstrumentationActivityInvoker$EmptyActivity$_17532#155357(seamlessTransition:0)
03-02 00:56:58.030  1507  1825 I SurfaceFlinger: Capture layer list: 	 Splash Screen com.podcast.app.debug.test$_2746#155355(seamlessTransition:0)
03-02 00:56:58.030 14885 14885 I BLASTBufferQueue_Java: update, w= 1080 h= 1920 mName = 7086fb SurfaceView[com.zhiliaoapp.musically/com.ss.android.ugc.aweme.splash.SplashActivity]@0 mNativeObject= 0x769b591400 sc.mNativeObject= 0x769bd9f980 format= 4 caller= android.view.SurfaceView.createBlastSurfaceControls:1782 android.view.SurfaceView.updateSurface:1450 android.view.SurfaceView.setWindowStopped:539 android.view.SurfaceView.surfaceCreated:2327 android.view.ViewRootImpl.notifySurfaceCreated:3502 android.view.ViewRootImpl.performTraversals:5286
03-02 00:56:58.030 14885 14885 I BLASTBufferQueue: [7086fb SurfaceView[com.zhiliaoapp.musically/com.ss.android.ugc.aweme.splash.SplashActivity]@0#17](f:0,a:0,s:0) update width=1080 height=1920 format=4 mTransformHint=0
03-02 00:56:58.030 14885 14885 I SurfaceView: 7374587 Cur surface: Surface(name=null mNativeObject=0)/@0x5798c7e
03-02 00:56:58.030 14885 14885 I SV[7374587 SplashActivity]: pST: sr = Rect(0, 80 - 1080, 2000) sw = 1080 sh = 1920
03-02 00:56:58.030 14885 14885 D SurfaceView: 7374587 performSurfaceTransaction RenderWorker position = [0, 80, 1080, 2000] surfaceSize = 1080x1920
03-02 00:56:58.030 14885 14885 I SV[7374587 SplashActivity]: updateSurface: mVisible = true mSurface.isValid() = true
03-02 00:56:58.030 14885 14885 I SV[7374587 SplashActivity]: updateSurface: mSurfaceCreated = false surfaceChanged = true visibleChanged = true
03-02 00:56:58.030 14885 14885 I SurfaceView: 7374587 visibleChanged -- surfaceCreated
03-02 00:56:58.030 14885 14885 I SV[7374587 SplashActivity]: surfaceCreated 2 #1 X.0fk7{7086fb V.E...... ........ 0,80-1080,2000}
03-02 00:56:58.031  3202  3386 I HoneySpace.TopTaskSource: onTaskFocusChanged(): taskId = 44543
03-02 00:56:58.033  1507  1507 I SurfaceFlinger: [LayerHierarchy{RequestedLayerState{c536234 NavigationBar0#102 parentId=155365} 1 children}] reparent to LayerHierarchy{RequestedLayerState{Surface(name=c536234 NavigationBar0)/@0xfac847b - animation-leash of insets_animation#155365 parentId=101} 1 children}
03-02 00:56:58.034  1507  1507 I SurfaceFlinger: [LayerHierarchy{RequestedLayerState{a5d3a68 StatusBar#109 parentId=155366} 1 children}] reparent to LayerHierarchy{RequestedLayerState{Surface(name=a5d3a68 StatusBar)/@0xd5726d6 - animation-leash of insets_animation#155366 parentId=108} 1 children}
03-02 00:56:58.034  1507  1507 I SurfaceFlinger: [LayerHierarchy{RequestedLayerState{Surface(name=a5d3a68 StatusBar)/@0xd5726d6 - animation-leash of insets_animation#155362} no children}] reparent to OffscreenRoot
03-02 00:56:58.034  1507  1507 I SurfaceFlinger: [LayerHierarchy{RequestedLayerState{Surface(name=a5d3a68 StatusBar)/@0xd5726d6 - animation-leash of insets_animation#155362} no children}] RelativeParent to null
03-02 00:56:58.034  1507  1507 I SurfaceFlinger: [LayerHierarchy{RequestedLayerState{Surface(name=c536234 NavigationBar0)/@0xfac847b - animation-leash of insets_animation#155361} no children}] reparent to OffscreenRoot
03-02 00:56:58.034  1507  1507 I SurfaceFlinger: [LayerHierarchy{RequestedLayerState{Surface(name=c536234 NavigationBar0)/@0xfac847b - animation-leash of insets_animation#155361} no children}] RelativeParent to null
03-02 00:56:58.034  1507  1507 I SurfaceFlinger: [Background for 68eb87 SurfaceView[com.zhiliaoapp.musically/com.ss.android.ugc.aweme.splash.SplashActivity]@0#155370] attach to parent LayerHierarchy{RequestedLayerState{68eb87 SurfaceView[com.zhiliaoapp.musically/com.ss.android.ugc.aweme.splash.SplashActivity]@0#155368 parentId=155367} 2 children}
03-02 00:56:58.034  1507  1507 I SurfaceFlinger: [7086fb SurfaceView[com.zhiliaoapp.musically/com.ss.android.ugc.aweme.splash.SplashActivity]@0#155371] attach to parent LayerHierarchy{RequestedLayerState{Bounds for - com.zhiliaoapp.musically/com.ss.android.ugc.aweme.splash.SplashActivity@3#155367 parentId=155364} 2 children}
03-02 00:56:58.034  1507  1507 I SurfaceFlinger: [7086fb SurfaceView[com.zhiliaoapp.musically/com.ss.android.ugc.aweme.splash.SplashActivity]@0(BLAST)#155372] attach to parent LayerHierarchy{RequestedLayerState{7086fb SurfaceView[com.zhiliaoapp.musically/com.ss.android.ugc.aweme.splash.SplashActivity]@0#155371 parentId=155367} 1 children}
03-02 00:56:58.034  1507  1507 I SurfaceFlinger: [Background for 7086fb SurfaceView[com.zhiliaoapp.musically/com.ss.android.ugc.aweme.splash.SplashActivity]@0#155373] attach to parent LayerHierarchy{RequestedLayerState{7086fb SurfaceView[com.zhiliaoapp.musically/com.ss.android.ugc.aweme.splash.SplashActivity]@0#155371 parentId=155367} 2 children}
03-02 00:56:58.034  1484  5506 I AF::Track: setMixerOutConfig return default condition, mixer key 2002, thread key 202
03-02 00:56:58.034  1484  5506 I AudioPolicyEffectException: MySpaceHandler::checkDetachCondition media 1, ring 0, mp 0
03-02 00:56:58.034  1484  5506 I AudioPolicyEffectException: MySpace detach value 1
03-02 00:56:58.034  1484  5506 V APM_AudioPolicyManager: startOutput portId 13560
03-02 00:56:58.034  1484  5506 V APM_AudioPolicyManager: startOutput() output 21, stream 3, session 126033
03-02 00:56:58.034  1484  5506 V APM_AudioPolicyManager: setBeaconMute(1) mBeaconMuteRefCount=9 mBeaconPlayingRefCount=0
03-02 00:56:58.034  1484  5506 V APM_AudioPolicyManager: selectOutputForMusicEffects activeOnly 1 output 21 flags 0x00000008
03-02 00:56:58.034  1484  5506 W AudioFlinger: moveEffectChain_ll: effect chain for session 0 not on source thread 0xb40000707515f310
03-02 00:56:58.034  1484  5506 V APM_AudioPolicyManager: selectOutputForMusicEffects selected output 21
03-02 00:56:58.034  1484  5506 V APM_AudioPolicyManager: getNewOutputDevices selected devices {AUDIO_DEVICE_OUT_SPEAKER, @:}
03-02 00:56:58.034  1484  5506 V APM_AudioPolicyManager: setOutputDevices caller startSource[[portId:5][io:21, deep-buffer]] device {AUDIO_DEVICE_OUT_SPEAKER, @:} delayMs 0
03-02 00:56:58.034  1484  5506 V APM_AudioPolicyManager: setOutputDevices: caller startSource[[portId:5][io:21, deep-buffer]] suppressing checkDeviceMuteStrategies
03-02 00:56:58.034  1484  5506 V APM_AudioPolicyManager: setOutputDevices caller startSource[[portId:5][io:21, deep-buffer]] changing device to {AUDIO_DEVICE_OUT_SPEAKER, @:} (prevDevice {AUDIO_DEVICE_OUT_SPEAKER, @:})
03-02 00:56:58.035 14885 14885 I SurfaceView: 7374587 surfaceChanged -- format=4 w=1080 h=1920
03-02 00:56:58.035 14885 14885 I SV[7374587 SplashActivity]: surfaceChanged (1080,1920) 2 #1 X.0fk7{7086fb V.E...... ........ 0,80-1080,2000}
03-02 00:56:58.035 14885 14885 I SurfaceView: 7374587 surfaceRedrawNeeded
03-02 00:56:58.036 14885 14885 I SurfaceView: 7374587 finishedDrawing
03-02 00:56:58.036 14885 14885 V SurfaceView: Layout: x=0 y=80 w=1080 h=1920, frame=Rect(0, 0 - 1080, 1920)
03-02 00:56:58.036 14885 14885 I SV[137774491 SplashActivity]: windowStopped(false) true X.0fk7{836459b V.E...... ........ 0,81-1080,1998} of VRI[SplashActivity]@35f4eb8
03-02 00:56:58.036 14885 14885 I SurfaceView: 137774491 Changes: creating=true format=false size=false visible=true alpha=false hint=false left=false top=false z=false attached=true lifecycleStrategy=false
03-02 00:56:58.037  1507  1563 I SurfaceFlinger: id=155374 createSurf, flag=84004, 836459b SurfaceView[com.zhiliaoapp.musically/com.ss.android.ugc.aweme.splash.SplashActivity]@0#155374
03-02 00:56:58.037 14885 15878 W NaviWarn: StackPtr is not 8-byte aligned.
03-02 00:56:58.037  2013  2013 D AudioPlayerStateMonitor: Found a new active media playback. AudioPlaybackConfiguration piid:92743 deviceIds:[] type:android.media.AudioTrack u/pid:10350/14885 state:started attr:AudioAttributes: usage=USAGE_MEDIA content=CONTENT_TYPE_UNKNOWN flags=0xA00 tags= bundle=null sessionId:126033 mutedState:none  FormatInfo{isSpatialized=false, channelMask=0x3, sampleRate=44100}
03-02 00:56:58.037  1507  1907 I SurfaceFlinger: id=155375 createSurf, flag=44400, 836459b SurfaceView[com.zhiliaoapp.musically/com.ss.android.ugc.aweme.splash.SplashActivity]@0(BLAST)#155375
03-02 00:56:58.037  2013  2013 D MediaSessionService: Audio playback is changed, config=AudioPlaybackConfiguration piid:92743 deviceIds:[] type:android.media.AudioTrack u/pid:10350/14885 state:started attr:AudioAttributes: usage=USAGE_MEDIA content=CONTENT_TYPE_UNKNOWN flags=0xA00 tags= bundle=null sessionId:126033 mutedState:none  FormatInfo{isSpatialized=false, channelMask=0x3, sampleRate=44100}, removed=false
03-02 00:56:58.038  2013  2013 D MediaSessionStack: updateMediaButtonSessionIfNeeded, callers=com.android.server.media.AudioPlayerStateMonitor$MessageHandler.handleMessage:19 android.os.Handler.dispatchMessage:110
03-02 00:56:58.038  2013  2013 D MediaSessionStack: updateMediaButtonSessionIfNeeded, skipping uid=10350
03-02 00:56:58.038  2013  2013 D MediaSessionStack: updateMediaButtonSessionIfNeeded, skipping uid=10342
03-02 00:56:58.038  2013  2013 D MediaSessionStack: updateMediaButtonSessionIfNeeded, skipping uid=10317
03-02 00:56:58.038  1445  2902 W C2MtkBufferManager: [0xB4000070F507E520] fetchNewCcBlock: wait fence 0x0xb4000070f5058270 timed out. ret 110
03-02 00:56:58.038  1507  1563 I SurfaceFlinger: id=155376 createSurf, flag=20404, Background for 836459b SurfaceView[com.zhiliaoapp.musically/com.ss.android.ugc.aweme.splash.SplashActivity]@0#155376
03-02 00:56:58.038 14885 14885 D BufferQueueConsumer: [](id:3a2500000015,api:0,p:-1,c:14885) connect: controlledByApp=false
03-02 00:56:58.039 14885 14885 I BLASTBufferQueue: [836459b SurfaceView[com.zhiliaoapp.musically/com.ss.android.ugc.aweme.splash.SplashActivity]@0#18](f:0,a:0,s:0) constructor()
03-02 00:56:58.039 14885 14885 I BLASTBufferQueue_Java: new BLASTBufferQueue, mName= 836459b SurfaceView[com.zhiliaoapp.musically/com.ss.android.ugc.aweme.splash.SplashActivity]@0 mNativeObject= 0x6f5977d800 caller= android.view.SurfaceView.createBlastSurfaceControls:1781 android.view.SurfaceView.updateSurface:1450 android.view.SurfaceView.setWindowStopped:539 android.view.SurfaceView.surfaceCreated:2327 android.view.ViewRootImpl.notifySurfaceCreated:3502 android.view.ViewRootImpl.performTraversals:5286 android.view.ViewRootImpl.doTraversal:3924 android.view.ViewRootImpl$TraversalRunnable.run:12903 android.view.Choreographer$CallbackRecord.run:1901 android.view.Choreographer$CallbackRecord.run:1910
03-02 00:56:58.039 14885 14885 I BLASTBufferQueue_Java: update, w= 1080 h= 1917 mName = 836459b SurfaceView[com.zhiliaoapp.musically/com.ss.android.ugc.aweme.splash.SplashActivity]@0 mNativeObject= 0x6f5977d800 sc.mNativeObject= 0x6fdfbc1fc0 format= 4 caller= android.view.SurfaceView.createBlastSurfaceControls:1782 android.view.SurfaceView.updateSurface:1450 android.view.SurfaceView.setWindowStopped:539 android.view.SurfaceView.surfaceCreated:2327 android.view.ViewRootImpl.notifySurfaceCreated:3502 android.view.ViewRootImpl.performTraversals:5286
03-02 00:56:58.039 14885 14885 I BLASTBufferQueue: [836459b SurfaceView[com.zhiliaoapp.musically/com.ss.android.ugc.aweme.splash.SplashActivity]@0#18](f:0,a:0,s:0) update width=1080 height=1917 format=4 mTransformHint=0
03-02 00:56:58.040 14885 14885 I SurfaceView: 137774491 Cur surface: Surface(name=null mNativeObject=0)/@0xe7e74a9
03-02 00:56:58.040 14885 14885 I SV[137774491 SplashActivity]: pST: sr = Rect(4320, 2240 - 5400, 4157) sw = 1080 sh = 1917
03-02 00:56:58.040 14885 14885 D SurfaceView: 137774491 performSurfaceTransaction RenderWorker position = [4320, 2240, 5400, 4157] surfaceSize = 1080x1917
03-02 00:56:58.040 14885 14885 I SV[137774491 SplashActivity]: updateSurface: mVisible = true mSurface.isValid() = true
03-02 00:56:58.040 14885 14885 I SV[137774491 SplashActivity]: updateSurface: mSurfaceCreated = false surfaceChanged = true visibleChanged = true
03-02 00:56:58.040 14885 14885 I SurfaceView: 137774491 visibleChanged -- surfaceCreated
03-02 00:56:58.040 14885 14885 I SV[137774491 SplashActivity]: surfaceCreated 1 #1 X.0fk7{836459b V.E...... ........ 0,81-1080,1998}
03-02 00:56:58.041 14885 14885 I SurfaceView: 137774491 surfaceChanged -- format=4 w=1080 h=1917
03-02 00:56:58.041 14885 14885 I SV[137774491 SplashActivity]: surfaceChanged (1080,1917) 1 #1 X.0fk7{836459b V.E...... ........ 0,81-1080,1998}
03-02 00:56:58.041 14885 14885 I SurfaceView: 137774491 surfaceRedrawNeeded
03-02 00:56:58.038  2013  2013 D MediaSessionStack: updateMediaButtonSessionIfNeeded, skipping uid=10672
03-02 00:56:58.041 14885 14885 I SurfaceView: 137774491 finishedDrawing
03-02 00:56:58.041 14885 14885 V SurfaceView: Layout: x=4320 y=2240 w=1080 h=1917, frame=Rect(0, 0 - 1080, 1917)
03-02 00:56:58.041 14885 16837 D SurfaceUtils: connecting to surface 0x6f9da2e010, reason connectToSurface
03-02 00:56:58.041 14885 16837 I MediaCodec: [c2.mtk.hevc.decoder] setting surface generation to 15242253
03-02 00:56:58.041 14885 16837 D SurfaceUtils: disconnecting from surface 0x6f9da2e010, reason connectToSurface(reconnect)
03-02 00:56:58.041 14885 14885 D VRI[SplashActivity]@35f4eb8: reportNextDraw android.view.ViewRootImpl.performTraversals:5443 android.view.ViewRootImpl.doTraversal:3924 android.view.ViewRootImpl$TraversalRunnable.run:12903 android.view.Choreographer$CallbackRecord.run:1901 android.view.Choreographer$CallbackRecord.run:1910
03-02 00:56:58.041 14885 16837 D SurfaceUtils: connecting to surface 0x6f9da2e000, reason connectToSurface(reconnect-with-listener)
03-02 00:56:58.041 14885 14885 D VRI[SplashActivity]@35f4eb8: Setup new sync=wmsSync-VRI[SplashActivity]@35f4eb8#23
03-02 00:56:58.041 14885 14885 I VRI[SplashActivity]@35f4eb8: Creating new active sync group VRI[SplashActivity]@35f4eb8#24
03-02 00:56:58.042 14885 14885 D VRI[SplashActivity]@35f4eb8: Start draw after previous draw not visible
03-02 00:56:58.042 14885 14885 D VRI[SplashActivity]@35f4eb8: registerCallbacksForSync syncBuffer=false
03-02 00:56:58.042 14885 16837 D GraphicsTracker: new surface in configuration: maxDequeueRequested(0), maxDequeueCommitted(24)
03-02 00:56:58.042 14885 16837 D GraphicsTracker: new surface configured with id:63930588200980 gen:15242253 maxDequeue:24
03-02 00:56:58.042 14885 16837 D GraphicsTracker: maxDequeueCount is already 24
03-02 00:56:58.042 14885 16837 D Codec2Client: setOutputSurface -- generation=15242253 consumer usage=0x900
03-02 00:56:58.044  1507  1507 I SurfaceFlinger: [836459b SurfaceView[com.zhiliaoapp.musically/com.ss.android.ugc.aweme.splash.SplashActivity]@0#155374] attach to parent LayerHierarchy{RequestedLayerState{Bounds for - com.zhiliaoapp.musically/com.ss.android.ugc.aweme.splash.SplashActivity@3#155367 parentId=155364} 3 children}
03-02 00:56:58.044  1507  1507 I SurfaceFlinger: [836459b SurfaceView[com.zhiliaoapp.musically/com.ss.android.ugc.aweme.splash.SplashActivity]@0(BLAST)#155375] attach to parent LayerHierarchy{RequestedLayerState{836459b SurfaceView[com.zhiliaoapp.musically/com.ss.android.ugc.aweme.splash.SplashActivity]@0#155374 parentId=155367} 1 children}
03-02 00:56:58.044  1507  1507 I SurfaceFlinger: [Background for 836459b SurfaceView[com.zhiliaoapp.musically/com.ss.android.ugc.aweme.splash.SplashActivity]@0#155376] attach to parent LayerHierarchy{RequestedLayerState{836459b SurfaceView[com.zhiliaoapp.musically/com.ss.android.ugc.aweme.splash.SplashActivity]@0#155374 parentId=155367} 2 children}
03-02 00:56:58.045  3202  3202 I HoneySpace.EdgePanel.CocktailHostRepositoryImpl: onNoteResume
03-02 00:56:58.045  1507  1845 D SurfaceFlinger: [input] setFocusedWindow: cd2d6b5 com.zhiliaoapp.musically/com.ss.android.ugc.aweme.splash.SplashActivity
03-02 00:56:58.045  1507  1845 D SurfaceFlinger: updateWinowInfo=1, setFocusedWindow timestamp=491097015515116, windowName=cd2d6b5 com.zhiliaoapp.musically/com.ss.android.ugc.aweme.splash.SplashActivity
03-02 00:56:58.045  3202  3202 I HoneySpace.EdgePanel.EdgePanelContainerViewModel: cocktailHostRepository.edgePanelOperation NoteResumeComponent(componentName=ComponentInfo{com.zhiliaoapp.musically/com.ss.android.ugc.aweme.main.MainActivity})
03-02 00:56:58.045  3202  3202 I HoneySpace.EdgePanel.ActivityUtils: HomePackage : com.sec.android.app.launcher, resumePackageName : com.zhiliaoapp.musically, className : com.ss.android.ugc.aweme.main.MainActivity
03-02 00:56:58.046  2013  4843 D InputDispatcher: Once focus requested (0): cd2d6b5 com.zhiliaoapp.musically/com.ss.android.ugc.aweme.splash.SplashActivity
03-02 00:56:58.046  2013  4843 D InputDispatcher: Focus request (0): cd2d6b5 com.zhiliaoapp.musically/com.ss.android.ugc.aweme.splash.SplashActivity but waiting because NO_WINDOW
03-02 00:56:58.044 14885 16837 D SurfaceUtils: disconnecting from surface 0x6f9d803610, reason disconnectFromSurface
03-02 00:56:58.048 14885 15423 D SurfaceView: 6876039 updateSurfacePosition RenderWorker, frameNr = 1, position = [4320, -2080, 5400, -160] surfaceSize = 1080x1920
03-02 00:56:58.048 14885 15423 I SV[6876039 SplashActivity]: uSP: rtp = Rect(4320, -2080 - 5400, -160) rtsw = 1080 rtsh = 1920
03-02 00:56:58.048 14885 15423 I SV[6876039 SplashActivity]: onSSPAndSRT: pl = 4320 pt = -2080 sx = 1.0 sy = 1.0
03-02 00:56:58.048 14885 15423 I SV[6876039 SplashActivity]: aOrMT: VRI[SplashActivity]@35f4eb8 t = android.view.SurfaceControl$Transaction@fc690fd fN = 1 android.view.SurfaceView.-$$Nest$mapplyOrMergeTransaction:0 android.view.SurfaceView$SurfaceViewPositionUpdateListener.positionChanged:1932 android.graphics.RenderNode$CompositePositionUpdateListener.positionChanged:401
03-02 00:56:58.048 14885 15423 I VRI[SplashActivity]@35f4eb8: mWNT: t=0x6fe021e780 mBlastBufferQueue=0x769b545000 fn= 1 HdrRenderState mRenderHdrSdrRatio=1.0 caller= android.view.SurfaceView.applyOrMergeTransaction:1863 android.view.SurfaceView.-$$Nest$mapplyOrMergeTransaction:0 android.view.SurfaceView$SurfaceViewPositionUpdateListener.positionChanged:1932
03-02 00:56:58.049 14885 15423 D SurfaceView: 7374587 updateSurfacePosition RenderWorker, frameNr = 1, position = [0, 80, 1080, 2000] surfaceSize = 1080x1920
03-02 00:56:58.049 14885 15423 I SV[7374587 SplashActivity]: uSP: rtp = Rect(0, 80 - 1080, 2000) rtsw = 1080 rtsh = 1920
03-02 00:56:58.049 14885 15423 I SV[7374587 SplashActivity]: onSSPAndSRT: pl = 0 pt = 80 sx = 1.0 sy = 1.0
03-02 00:56:58.049 14885 15423 I SV[7374587 SplashActivity]: aOrMT: VRI[SplashActivity]@35f4eb8 t = android.view.SurfaceControl$Transaction@86701f2 fN = 1 android.view.SurfaceView.-$$Nest$mapplyOrMergeTransaction:0 android.view.SurfaceView$SurfaceViewPositionUpdateListener.positionChanged:1932 android.graphics.RenderNode$CompositePositionUpdateListener.positionChanged:401
03-02 00:56:58.049 14885 15423 I VRI[SplashActivity]@35f4eb8: mWNT: t=0x6fe021ed80 mBlastBufferQueue=0x769b545000 fn= 1 HdrRenderState mRenderHdrSdrRatio=1.0 caller= android.view.SurfaceView.applyOrMergeTransaction:1863 android.view.SurfaceView.-$$Nest$mapplyOrMergeTransaction:0 android.view.SurfaceView$SurfaceViewPositionUpdateListener.positionChanged:1932
03-02 00:56:58.050 14885 15423 D SurfaceView: 137774491 updateSurfacePosition RenderWorker, frameNr = 1, position = [4320, 2239, 5400, 4157] surfaceSize = 1080x1917
03-02 00:56:58.050 14885 15423 I SV[137774491 SplashActivity]: uSP: rtp = Rect(4320, 2239 - 5400, 4157) rtsw = 1080 rtsh = 1917
03-02 00:56:58.050 14885 15423 I SV[137774491 SplashActivity]: onSSPAndSRT: pl = 4320 pt = 2239 sx = 1.0 sy = 1.0005217
03-02 00:56:58.050 14885 15423 I SV[137774491 SplashActivity]: aOrMT: VRI[SplashActivity]@35f4eb8 t = android.view.SurfaceControl$Transaction@99fc043 fN = 1 android.view.SurfaceView.-$$Nest$mapplyOrMergeTransaction:0 android.view.SurfaceView$SurfaceViewPositionUpdateListener.positionChanged:1932 android.graphics.RenderNode$CompositePositionUpdateListener.positionChanged:401
03-02 00:56:58.050 14885 15423 I VRI[SplashActivity]@35f4eb8: mWNT: t=0x6fe021fb00 mBlastBufferQueue=0x769b545000 fn= 1 HdrRenderState mRenderHdrSdrRatio=1.0 caller= android.view.SurfaceView.applyOrMergeTransaction:1863 android.view.SurfaceView.-$$Nest$mapplyOrMergeTransaction:0 android.view.SurfaceView$SurfaceViewPositionUpdateListener.positionChanged:1932
03-02 00:56:58.050 14885 16246 D AudioTrack: setVolume(1.000000, 1.000000) pid : 14885
03-02 00:56:58.051 14885 15878 W NaviWarn: StackPtr is not 8-byte aligned.
03-02 00:56:58.052 14885 15781 D VRI[SplashActivity]@35f4eb8: Received frameDrawingCallback syncResult=0 frameNum=1.
03-02 00:56:58.052 14885 15781 I VRI[SplashActivity]@35f4eb8: mWNT: t=0x6fe0220280 mBlastBufferQueue=0x769b545000 fn= 1 HdrRenderState mRenderHdrSdrRatio=1.0 caller= android.view.ViewRootImpl$12.onFrameDraw:15441 android.view.ThreadedRenderer$1.onFrameDraw:718 <bottom of call stack>
03-02 00:56:58.052 14885 15781 I VRI[SplashActivity]@35f4eb8: Setting up sync and frameCommitCallback
03-02 00:56:58.054  2746  2808 I VRI[test]@89a7f8: onActiveControlsChanged, removed=false, mAdded=true, caller=android.view.ViewRootImpl.handleInsetsControlChanged:3002 android.view.ViewRootImpl$ViewRootHandler.handleMessageImpl:8352 android.view.ViewRootImpl$ViewRootHandler.handleMessage:8301 android.os.Handler.dispatchMessage:110 android.os.Looper.loopOnce:273
03-02 00:56:58.055  1507  1562 I SurfaceFlinger: onHandleDestroyed: layerId=155361, name=Surface(name=c536234 NavigationBar0)/@0xfac847b - animation-leash of insets_animation#155361
03-02 00:56:58.055  1507  1562 I SurfaceFlinger: id=155361 Removed Surface(name=c536234 NavigationBar0)/@0xfac847b - animation-leash of insets_animation#155361 (338)
03-02 00:56:58.056  1507  2128 I SurfaceFlinger: onHandleDestroyed: layerId=155362, name=Surface(name=a5d3a68 StatusBar)/@0xd5726d6 - animation-leash of insets_animation#155362
03-02 00:56:58.056  1507  2128 I SurfaceFlinger: id=155362 Removed Surface(name=a5d3a68 StatusBar)/@0xd5726d6 - animation-leash of insets_animation#155362 (338)
03-02 00:56:58.058  2746  3671 D SoundCraft.PlayingAudioConditionHandler: onPlaybackConfigChanged : lastStartedPackageName=com.zhiliaoapp.musically, lastStartedUid=10350, newStartedUid=10350, newStartPackageName=com.zhiliaoapp.musically, thread=Thread[RoutineHandlerThread,5,main]
03-02 00:56:58.059 14885 16837 I BLASTBufferQueue: [7086fb SurfaceView[com.zhiliaoapp.musically/com.ss.android.ugc.aweme.splash.SplashActivity]@0#17](f:0,a:0,s:0) onFrameAvailable the first frame is available
03-02 00:56:58.059  1446  1498 I SensorsHub: LightSensor: lux = 7, time = 767634446341454
03-02 00:56:58.059 14885 16837 I BLASTBufferQueue: [7086fb SurfaceView[com.zhiliaoapp.musically/com.ss.android.ugc.aweme.splash.SplashActivity]@0#17](f:0,a:1,s:0) acquireNextBufferLocked size=1080x1920 mFrameNumber=1 applyTransaction=true mTimestamp=491097059097809 mPendingTransactions.size=0 graphicBufferId=63930588201540 transform=0
03-02 00:56:58.062 14885 15878 W NaviWarn: StackPtr is not 8-byte aligned.
03-02 00:56:58.064  2746  2746 D NavigationBar: onSystemBarAttributesChanged() -  displayId:0, appearance:16, packageName: com.zhiliaoapp.musically (APPEARANCE_LIGHT_NAVIGATION_BARS ), navbarColorManagedByIme:false
03-02 00:56:58.066  1507  1507 I SurfaceFlinger: destroyed Surface(name=a5d3a68 StatusBar)/@0xd5726d6 - animation-leash of insets_animation#155362
03-02 00:56:58.066  1507  1507 I SurfaceFlinger: destroyed Surface(name=c536234 NavigationBar0)/@0xfac847b - animation-leash of insets_animation#155361
03-02 00:56:58.068  1507  1507 I Layer   : id=155362 Destroyed Surface(name=a5d3a68 StatusBar)/@0xd5726d6 - animation-leash of insets_animation#155362
03-02 00:56:58.068  1507  1507 I Layer   : id=155361 Destroyed Surface(name=c536234 NavigationBar0)/@0xfac847b - animation-leash of insets_animation#155361
03-02 00:56:58.069 14885 15423 I BLASTBufferQueue: [VRI[SplashActivity]@35f4eb8#15](f:0,a:0,s:0) onFrameAvailable the first frame is available
03-02 00:56:58.071  2013  2023 I system_server: Background concurrent mark compact GC freed 28MB AllocSpace bytes, 143(4876KB) LOS objects, 22% free, 168MB/216MB, paused 6.739ms,13.256ms total 922.330ms
03-02 00:56:58.071 14885 15423 I BLASTBufferQueue: [VRI[SplashActivity]@35f4eb8#15](f:0,a:1,s:0) acquireNextBufferLocked size=1080x2340 mFrameNumber=1 applyTransaction=true mTimestamp=491097070187116(auto) mPendingTransactions.size=0 graphicBufferId=63930588201539 transform=0
03-02 00:56:58.072 14885 15423 I VRI[SplashActivity]@35f4eb8: Received frameCommittedCallback lastAttemptedDrawFrameNum=1 didProduceBuffer=true
03-02 00:56:58.072  3202 17034 I HoneySpace.RecentTasks: onRecentTasksChanged
03-02 00:56:58.073 14885 14885 D VRI[SplashActivity]@35f4eb8: reportDrawFinished seqId=0
03-02 00:56:58.077  1484  1921 D DlbDlbEffect: handle_EFFECT_CMD_SET_DEVICE(device=0x00000002)
03-02 00:56:58.077  1484  1921 D DlbEffectContext: setDevice(00000002)
03-02 00:56:58.077  1484  1921 D DlbEndpointParamCache: setDevice(device=0x00000002)
03-02 00:56:58.077  1484  1921 D DlbDlbEffect: handle_EFFECT_CMD_SET_DEVICE(device=0x00000002)
03-02 00:56:58.077  1484  1921 D DlbSpatializerEffectContext: setDevice(00000002)
03-02 00:56:58.077  1484  1921 D DlbEndpointParamCache: setDevice(device=0x00000002)
03-02 00:56:58.077  1484  1921 D DlbDlbEffect: handle_EFFECT_CMD_SET_DEVICE(device=0x00000002)
03-02 00:56:58.077  1484  1921 D DlbEffectContext: setDevice(00000002)
03-02 00:56:58.077  1484  1921 D DlbEndpointParamCache: setDevice(device=0x00000002)
03-02 00:56:58.077  1484  1921 I AudioEffectExtendAction: setDevice_l empty address, empty name
03-02 00:56:58.077  1484  1921 V VolumeMonitor_Energy_Effect: VM_setDevice() sessionId:-2101, device:0x0x2, isBtTypeHeadset:0
03-02 00:56:58.077  1507  1507 I SurfaceFlinger: RequestedLayer [68eb87 SurfaceView[com.zhiliaoapp.mu[...]weme.splash.SplashActivity]@0#155368] hidden!! flag  from(1) --> to(0)
03-02 00:56:58.077  1507  1507 I SurfaceFlinger: RequestedLayer [7086fb SurfaceView[com.zhiliaoapp.mu[...]weme.splash.SplashActivity]@0#155371] hidden!! flag  from(1) --> to(0)
03-02 00:56:58.077  1507  1507 I SurfaceFlinger: RequestedLayer [836459b SurfaceView[com.zhiliaoapp.m[...]weme.splash.SplashActivity]@0#155374] hidden!! flag  from(1) --> to(0)
03-02 00:56:58.077  1507  1507 I SurfaceFlinger: RequestedLayer [Bounds for - com.zhiliaoapp.musicall[...]aweme.splash.SplashActivity@3#155367] hidden!! flag  from(1) --> to(0)
03-02 00:56:58.077  1507  1507 I SurfaceFlinger: RequestedLayer [Background for 68eb87 SurfaceView[co[...]weme.splash.SplashActivity]@0#155370] hidden!! flag  from(1) --> to(0)
03-02 00:56:58.077  1507  1507 I SurfaceFlinger: RequestedLayer [Background for 7086fb SurfaceView[co[...]weme.splash.SplashActivity]@0#155373] hidden!! flag  from(1) --> to(0)
03-02 00:56:58.077  1507  1507 I SurfaceFlinger: RequestedLayer [Background for 836459b SurfaceView[c[...]weme.splash.SplashActivity]@0#155376] hidden!! flag  from(1) --> to(0)
03-02 00:56:58.077  1507  1507 I SurfaceFlinger: [LayerHierarchy{RequestedLayerState{Background for 836459b SurfaceView[com.zhiliaoapp.musically/com.ss.android.ugc.aweme.splash.SplashActivity]@0#155376 parentId=155374 relativeParentId=155364 z=-2147483648} no children}] RelativeParent to LayerHierarchy{RequestedLayerState{com.zhiliaoapp.musically/com.ss.android.ugc.aweme.splash.SplashActivity$_14885#155364 parentId=155210} 2 children}
03-02 00:56:58.077  1507  1507 I SurfaceFlinger: [LayerHierarchy{RequestedLayerState{68eb87 SurfaceView[com.zhiliaoapp.musically/com.ss.android.ugc.aweme.splash.SplashActivity]@0#155368 parentId=155367 relativeParentId=155364 z=-2} 2 children}] RelativeParent to LayerHierarchy{RequestedLayerState{com.zhiliaoapp.musically/com.ss.android.ugc.aweme.splash.SplashActivity$_14885#155364 parentId=155210} 3 children}
03-02 00:56:58.077  1507  1507 I SurfaceFlinger: [LayerHierarchy{RequestedLayerState{Background for 68eb87 SurfaceView[com.zhiliaoapp.musically/com.ss.android.ugc.aweme.splash.SplashActivity]@0#155370 parentId=155368 relativeParentId=155364 z=-2147483648} no children}] RelativeParent to LayerHierarchy{RequestedLayerState{com.zhiliaoapp.musically/com.ss.android.ugc.aweme.splash.SplashActivity$_14885#155364 parentId=155210} 4 children}
03-02 00:56:58.078  1507  1507 I SurfaceFlinger: [LayerHierarchy{RequestedLayerState{7086fb SurfaceView[com.zhiliaoapp.musically/com.ss.android.ugc.aweme.splash.SplashActivity]@0#155371 parentId=155367 relativeParentId=155364 z=-2} 2 children}] RelativeParent to LayerHierarchy{RequestedLayerState{com.zhiliaoapp.musically/com.ss.android.ugc.aweme.splash.SplashActivity$_14885#155364 parentId=155210} 5 children}
03-02 00:56:58.078  1507  1507 I SurfaceFlinger: [LayerHierarchy{RequestedLayerState{Background for 7086fb SurfaceView[com.zhiliaoapp.musically/com.ss.android.ugc.aweme.splash.SplashActivity]@0#155373 parentId=155371 relativeParentId=155364 z=-2147483648} no children}] RelativeParent to LayerHierarchy{RequestedLayerState{com.zhiliaoapp.musically/com.ss.android.ugc.aweme.splash.SplashActivity$_14885#155364 parentId=155210} 6 children}
03-02 00:56:58.078  1507  1507 I SurfaceFlinger: [LayerHierarchy{RequestedLayerState{836459b SurfaceView[com.zhiliaoapp.musically/com.ss.android.ugc.aweme.splash.SplashActivity]@0#155374 parentId=155367 relativeParentId=155364 z=-2} 2 children}] RelativeParent to LayerHierarchy{RequestedLayerState{com.zhiliaoapp.musically/com.ss.android.ugc.aweme.splash.SplashActivity$_14885#155364 parentId=155210} 7 children}
03-02 00:56:58.080  1445 16865 W C2MtkBufferManager: [0xB4000070F68A9420] fetchNewCcBlock: wait fence 0x0xb4000070f692fea0 timed out. ret 110
03-02 00:56:58.080  1439 16888 D MTKAdapterStreamLayer: updateMetadataCommon(),
03-02 00:56:58.080  1484  1921 D DeviceHalAidl: [default] createAudioPatch: sources: 1 sinks 1
03-02 00:56:58.080  1484  1921 D Hal2AidlMapper: [default] createOrUpdatePatch: patch ID: 579, [disregard IDs] sources: [AudioPortConfig{id: 5, portId: 0, sampleRate: Int{value: 48000}, channelMask: AudioChannelLayout{layoutMask: 3}, format: AudioFormatDescription{type: PCM, pcm: INT_16_BIT, encoding: }, gain: (null), flags: AudioIoFlags{output: 8}, ext: AudioPortExt{mix: AudioPortMixExt{handle: 21, usecase: AudioPortMixExtUseCase{stream: SYS_RESERVED_DEFAULT}, maxOpenStreamCount: 0, maxActiveStreamCount: 0, recommendedMuteDurationMs: 0}}}], sinks: [AudioPortConfig{id: 3, portId: 0, sampleRate: (null), channelMask: (null), format: (null), gain: (null), flags: (null), ext: AudioPortExt{device: AudioPortDeviceExt{device: AudioDevice{type: AudioDeviceDescription{type: OUT_SPEAKER, connection: }, address: AudioDeviceAddress{id: }}, flags: 0, encodedFormats: [], encapsulationModes: 0, encapsulationMetadataTypes: 0, speakerLayout: (null)}}}]
03-02 00:56:58.080  1484  1921 I Hal2AidlMapper: findOrCreatePortConfig
03-02 00:56:58.080  1484  1921 D Hal2AidlMapper: [default] findOrCreatePortConfig: device port config does not have audio or gain config specified
03-02 00:56:58.080  1484  1921 I Hal2AidlMapper: findOrCreatePortConfig
03-02 00:56:58.080  1484  1921 I Hal2AidlMapper: findOrCreateMixPortConfig, ioHandle:21
03-02 00:56:58.081  1439 32089 D AHAL_Module: setAudioPatch: default: requested patch AudioPatch{id: 579, sourcePortConfigIds: [30], sinkPortConfigIds: [1025], minimumStreamBufferSizeFrames: 2048, latenciesMs: [85]}
03-02 00:56:58.081  1439 32089 D AudioALSAStreamManager: reduce hal buffer size 28672 -> 8192
03-02 00:56:58.081  1439 32089 D AudioALSAStreamManager: calculateOutLatencyAndFrames(), flags 0x8, latency 85, frame count 2048
03-02 00:56:58.081  1439 32089 D MTKAdapterLayer: setAudioPatch(), patch.mLatency: 85 patch.mFrameCount: 2048
03-02 00:56:58.081  1439 32089 D AudioALSAHardware: +createAudioPatch() num_sources [1] , num_sinks [1], handle [0x0], current mAudioHalPatchVector size 4
03-02 00:56:58.081  1439 32089 D AudioALSAStreamManager: +setParameters(), IOport = 21, keyValuePairs = routing=2
03-02 00:56:58.081  1439 32089 D AudioALSAStreamManager: setParameters(), Send to mStreamOutVector[1], flag 8
03-02 00:56:58.081  1439 32089 D AudioALSAStreamOut: value_str = 2 devices count = 1
03-02 00:56:58.081  1439 32089 D AudioALSAStreamOut: updatePolicyDevice(), flag: 0x8, device: 0x2
03-02 00:56:58.081  1439 32089 D AudioALSAStreamManager: getMode(), mAudioMode = 0
03-02 00:56:58.081  1439 32089 W AudioALSAStreamManager: routingOutputDevice(), flag: 0x8, output_devices == current_output_devices(0x2), return
03-02 00:56:58.081  1439 32089 D AudioIEMsController: routing(+), cur out 0x0 in 0x0, hs 0, bt 0, usb 0, device 0x2, mask 0x1, on 0
03-02 00:56:58.081  1439 32089 D AudioIEMsController: routing(-), cur out 0x0 in 0x0
03-02 00:56:58.081  1439 32089 D AudioALSAHardware: -createAudioPatch() num_sources [1] , num_sinks [1], handle [0x36b4]
03-02 00:56:58.081  1439 32089 D AHAL_Module: setAudioPatch: default: updated patch AudioPatch{id: 579, sourcePortConfigIds: [30], sinkPortConfigIds: [1025], minimumStreamBufferSizeFrames: 2048, latenciesMs: [85]}
03-02 00:56:58.081  1484  1921 D AudioFlinger: setCurDevice() 0x2
03-02 00:56:58.081  1439 16890 D AHAL_Stream: getRecommendedLatencyModes
03-02 00:56:58.082  1439 16890 D MTKAdapterStreamLayer: updateMetadataCommon(),
03-02 00:56:58.082  1484  5506 V APM_AudioPolicyManager: setOutputDevices() AF::createAudioPatch returned 0 patchHandle 111492 num_sources 1 num_sinks 1
03-02 00:56:58.084  1484  5506 V APM_AudioPolicyManager: checkAndSetVolume: output 21, stream 10, index 5, devices 0x2, volume 0.028184, delayMs 0, muted false
03-02 00:56:58.084  1484  5506 V APM_AudioPolicyManager: checkAndSetVolume: output 21, stream 9, index 5, devices 0x2, volume 0.149624, delayMs 0, muted false
03-02 00:56:58.084  1484  5506 V APM_AudioPolicyManager: checkAndSetVolume: output 21, stream 8, index 8, devices 0x2, volume 0.089125, delayMs 0, muted false
03-02 00:56:58.087  1484  5506 V APM_AudioPolicyManager: checkAndSetVolume: output 21, stream 5, index 9, devices 0x2, volume 0.141254, delayMs 0, muted false
03-02 00:56:58.087  2013  4843 W system_server: Large reply transaction of 322012 bytes, interface descriptor android.app.IActivityTaskManager, code 26
03-02 00:56:58.087  1484  5506 V APM_AudioPolicyManager: checkAndSetVolume: output 21, stream 4, index 11, devices 0x2, volume 0.223872, delayMs 0, muted false
03-02 00:56:58.088  1484  5506 V APM_AudioPolicyManager: checkAndSetVolume: output 21, stream 3, index 5, devices 0x2, volume 0.032571, delayMs 0, muted false
03-02 00:56:58.088  1484  5506 V APM_AudioPolicyManager: checkAndSetVolume: output 21, stream 2, index 8, devices 0x2, volume 0.112202, delayMs 0, muted false
03-02 00:56:58.088  1484  5506 V APM_AudioPolicyManager: checkAndSetVolume: output 21, stream 1, index 7, devices 0x2, volume 0.125893, delayMs 0, muted false
03-02 00:56:58.092  1484  5506 V APM_AudioPolicyManager: checkAndSetVolume: output 21, stream 0, index 8, devices 0x2, volume 1.000000, delayMs 0, muted false
03-02 00:56:58.093  1484  5506 V APM_AudioPolicyManager: checkAndSetVolume: output 21, stream 11, index 15, devices 0x2, volume 1.000000, delayMs 0, muted false
03-02 00:56:58.094  1484  5506 V APM_AudioPolicyManager: checkAndSetVolume: output 21, stream 3, index 5, devices 0x2, volume 0.032571, delayMs 0, muted false
03-02 00:56:58.094 14885 14885 I InsetsSourceConsumer: applyRequestedVisibilityToControl: visible=true, type=navigationBars, host=com.zhiliaoapp.musically/com.ss.android.ugc.aweme.splash.SplashActivity
03-02 00:56:58.095  1484  5506 I AudioFlinger: updateStageIndex new -2102
03-02 00:56:58.095 14885 14885 I InsetsSourceConsumer: applyRequestedVisibilityToControl: visible=true, type=statusBars, host=com.zhiliaoapp.musically/com.ss.android.ugc.aweme.splash.SplashActivity
03-02 00:56:58.095  1484  9961 D NativePermissionController: checkPermission: missing 13 for 10248
03-02 00:56:58.095  1484  6346 D NativePermissionController: checkPermission: missing 13 for 10130
03-02 00:56:58.096  1484  1567 D NativePermissionController: checkPermission: missing 13 for 10351
03-02 00:56:58.096 14885 16246 D AudioTrack: setVolume(1.000000, 1.000000) pid : 14885
03-02 00:56:58.096  1484  1921 D DlbEffectContext: setParam() received parameter EFFECT_PARAM_SEEK
03-02 00:56:58.096  1484  1921 D DlbEffectContext: handleSeek(seek operation ends, restore profile to 2)
03-02 00:56:58.096  1484  1921 D DlbEffectContext: applySpecificParams() Reset some user specific parameters
03-02 00:56:58.096  1484  1921 D DlbProfileParamCache: resetParam(param=dvla)
03-02 00:56:58.096  1484  1921 D DlbProfileParamArray: getProfileParams(profile = 2)
03-02 00:56:58.096  1484  1921 D DlbProfileParamCache: resetParam() resend the parameter value got from xml.
03-02 00:56:58.096  1484  1921 D DlbProfileParamCache: resetParam() resend the parameter value got from xml.
03-02 00:56:58.096  1484  1921 D DlbProfileParamCache: resetParam() resend the parameter value got from xml.
03-02 00:56:58.096  1484  1921 D DlbProfileParamCache: resetParam() resend the parameter value got from xml.
03-02 00:56:58.096  1484  1921 D DlbProfileParamCache: resetParam() resend the parameter value got from xml.
03-02 00:56:58.096  1484  1921 D DlbProfileParamCache: resetParam() resend the parameter value got from xml.
03-02 00:56:58.096  1484  1921 D DlbProfileParamCache: resetParam() resend the parameter value got from xml.
03-02 00:56:58.096  1484  1921 D DlbEndpointParamCache: commitChangedParams()
03-02 00:56:58.096  1484  1921 D DlbEndpointParamCache: commit() Applying parameters for device 0x40000000
03-02 00:56:58.096  1484  1921 D DlbEndpointParamCache: doCommit() Committed 0 parameters out of 15.
03-02 00:56:58.096  1484  1921 D DlbEndpointParamCache: commit() Overriding parameters for current device 0x00000002
03-02 00:56:58.096  1484  1921 D DlbDap2Process: setParam(dvla = #1[0])
03-02 00:56:58.096  1484  1921 D DlbEndpointParamCache: doCommit() Committed 1 parameters out of 60.
03-02 00:56:58.096  1484  1921 D DlbProfileParamCache: resetParam(param=dvli)
03-02 00:56:58.096  1484  1921 D DlbProfileParamArray: getProfileParams(profile = 2)
03-02 00:56:58.096  1484  1921 D DlbProfileParamCache: resetParam() resend the parameter value got from xml.
03-02 00:56:58.096  1484  1921 D DlbProfileParamCache: resetParam() resend the parameter value got from xml.
03-02 00:56:58.096  1484  1921 D DlbProfileParamCache: resetParam() resend the parameter value got from xml.
03-02 00:56:58.096  1484  1921 D DlbProfileParamCache: resetParam() resend the parameter value got from xml.
03-02 00:56:58.096  1484  1921 D DlbProfileParamCache: resetParam() resend the parameter value got from xml.
03-02 00:56:58.096  1484  1921 D DlbProfileParamCache: resetParam() resend the parameter value got from xml.
03-02 00:56:58.096  1484  1921 D DlbProfileParamCache: resetParam() resend the parameter value got from xml.
03-02 00:56:58.096  1484  1921 D DlbEndpointParamCache: commitChangedParams()
03-02 00:56:58.096  1484  1921 D DlbEndpointParamCache: commit() Applying parameters for device 0x40000000
03-02 00:56:58.096  1484  1921 D DlbEndpointParamCache: doCommit() Committed 0 parameters out of 15.
03-02 00:56:58.096  1484  1921 D DlbEndpointParamCache: commit() Overriding parameters for current device 0x00000002
03-02 00:56:58.096  1484  1921 D DlbDap2Process: setParam(dvli = #1[-256])
03-02 00:56:58.096  1484  1921 D DlbEndpointParamCache: doCommit() Committed 1 parameters out of 60.
03-02 00:56:58.096  1484  1921 D DlbProfileParamCache: resetParam(param=dvlo)
03-02 00:56:58.096  1484  1921 D DlbProfileParamArray: getProfileParams(profile = 2)
03-02 00:56:58.096  1484  1921 D DlbProfileParamCache: resetParam() resend the parameter value got from xml.
03-02 00:56:58.096  1484  1921 D DlbProfileParamCache: resetParam() resend the parameter value got from xml.
03-02 00:56:58.096  1484  1921 D DlbProfileParamCache: resetParam() resend the parameter value got from xml.
03-02 00:56:58.096  1484  1921 D DlbProfileParamCache: resetParam() resend the parameter value got from xml.
03-02 00:56:58.096  1484  1921 D DlbProfileParamCache: resetParam() resend the parameter value got from xml.
03-02 00:56:58.096  1484  1921 D DlbProfileParamCache: resetParam() resend the parameter value got from xml.
03-02 00:56:58.096  1484  1921 D DlbProfileParamCache: resetParam() resend the parameter value got from xml.
03-02 00:56:58.096  1484  1921 D DlbEndpointParamCache: commitChangedParams()
03-02 00:56:58.096  1484  1921 D DlbEndpointParamCache: commit() Applying parameters for device 0x40000000
03-02 00:56:58.096  1484  1921 D DlbEndpointParamCache: doCommit() Committed 0 parameters out of 15.
03-02 00:56:58.096  1484  1921 D DlbEndpointParamCache: commit() Overriding parameters for current device 0x00000002
03-02 00:56:58.096  1484  1921 D DlbDap2Process: setParam(dvlo = #1[-224])
03-02 00:56:58.096  1484  1921 D DlbEndpointParamCache: doCommit() Committed 1 parameters out of 60.
03-02 00:56:58.096  1484  1921 D DlbProfileParamCache: resetParam(param=vmb)
03-02 00:56:58.096  1484  1921 D DlbProfileParamArray: getProfileParams(profile = 2)
03-02 00:56:58.096  1484  1921 D DlbProfileParamCache: resetParam() resend the parameter value got from xml.
03-02 00:56:58.096  1484  1921 D DlbProfileParamCache: resetParam() resend the parameter value got from xml.
03-02 00:56:58.096  1484  1921 D DlbProfileParamCache: resetParam() resend the parameter value got from xml.
03-02 00:56:58.096  1484  1921 D DlbProfileParamCache: resetParam() resend the parameter value got from xml.
03-02 00:56:58.096  1484  1921 D DlbProfileParamCache: resetParam() resend the parameter value got from xml.
03-02 00:56:58.096  1484  1921 D DlbProfileParamCache: resetParam() resend the parameter value got from xml.
03-02 00:56:58.096  1484  1921 D DlbProfileParamCache: resetParam() resend the parameter value got from xml.
03-02 00:56:58.096  1484  1921 D DlbEndpointParamCache: commitChangedParams()
03-02 00:56:58.097  1484  1921 D DlbEndpointParamCache: commit() Applying parameters for device 0x40000000
03-02 00:56:58.097  1484  1921 D DlbEndpointParamCache: doCommit() Committed 0 parameters out of 15.
03-02 00:56:58.097  1484  1921 D DlbEndpointParamCache: commit() Overriding parameters for current device 0x00000002
03-02 00:56:58.097  1484  1921 D DlbDap2Process: setParam(vmb = #1[0])
03-02 00:56:58.097  1484  1921 D DlbEndpointParamCache: doCommit() Committed 1 parameters out of 60.
03-02 00:56:58.097  1484  1921 D DlbProfileParamCache: resetParam(param=dea)
03-02 00:56:58.097  1484  1921 D DlbProfileParamArray: getProfileParams(profile = 2)
03-02 00:56:58.097  1484  1921 D DlbProfileParamCache: resetParam() resend the parameter value got from xml.
03-02 00:56:58.097  1484  1921 D DlbProfileParamCache: resetParam() resend the parameter value got from xml.
03-02 00:56:58.097  1484  1921 D DlbProfileParamCache: resetParam() resend the parameter value got from xml.
03-02 00:56:58.097  1484  1921 D DlbProfileParamCache: resetParam() resend the parameter value got from xml.
03-02 00:56:58.097  1484  1921 D DlbProfileParamCache: resetParam() resend the parameter value got from xml.
03-02 00:56:58.097  1484  1921 D DlbProfileParamCache: resetParam() resend the parameter value got from xml.
03-02 00:56:58.097  1484  1921 D DlbProfileParamCache: resetParam() resend the parameter value got from xml.
03-02 00:56:58.097  1484  1921 D DlbEndpointParamCache: commitChangedParams()
03-02 00:56:58.097  1484  1921 D DlbEndpointParamCache: commit() Applying parameters for device 0x40000000
03-02 00:56:58.097  1484  1921 D DlbEndpointParamCache: doCommit() Committed 0 parameters out of 15.
03-02 00:56:58.097  1484  1921 D DlbEndpointParamCache: commit() Overriding parameters for current device 0x00000002
03-02 00:56:58.097  1484  1921 D DlbDap2Process: setParam(dea = #1[0])
03-02 00:56:58.097  1484  1921 D DlbEndpointParamCache: doCommit() Committed 1 parameters out of 60.
03-02 00:56:58.097  1484  1921 D DlbProfileParamCache: resetParam(param=deon)
03-02 00:56:58.097  1484  1921 D DlbProfileParamArray: getProfileParams(profile = 2)
03-02 00:56:58.097  1484  1921 D DlbProfileParamCache: resetParam() resend the parameter value got from xml.
03-02 00:56:58.097  1484  1921 D DlbProfileParamCache: resetParam() resend the parameter value got from xml.
03-02 00:56:58.097  1484  1921 D DlbProfileParamCache: resetParam() resend the parameter value got from xml.
03-02 00:56:58.097  1484  1921 D DlbProfileParamCache: resetParam() resend the parameter value got from xml.
03-02 00:56:58.097  1484  1921 D DlbProfileParamCache: resetParam() resend the parameter value got from xml.
03-02 00:56:58.097  1484  1921 D DlbProfileParamCache: resetParam() resend the parameter value got from xml.
03-02 00:56:58.097  1484  1921 D DlbProfileParamCache: resetParam() resend the parameter value got from xml.
03-02 00:56:58.097  1484  1921 D DlbEndpointParamCache: commitChangedParams()
03-02 00:56:58.097  1484  1921 D DlbEndpointParamCache: commit() Applying parameters for device 0x40000000
03-02 00:56:58.097  1484  1921 D DlbEndpointParamCache: doCommit() Committed 0 parameters out of 15.
03-02 00:56:58.097  1484  1921 D DlbEndpointParamCache: commit() Overriding parameters for current device 0x00000002
03-02 00:56:58.097  1484  2000 D NativePermissionController: checkPermission: missing 13 for 10248
03-02 00:56:58.097  1484  1921 D DlbDap2Process: setParam(deon = #1[0])
03-02 00:56:58.097  1484  1921 D DlbEndpointParamCache: doCommit() Committed 1 parameters out of 60.
03-02 00:56:58.097  1484  1921 D DlbProfileParamCache: resetParam(param=mdee)
03-02 00:56:58.097  1484  1921 D DlbProfileParamArray: getProfileParams(profile = 2)
03-02 00:56:58.097  1484  1921 D DlbProfileParamCache: resetParam() resend the parameter value got from xml.
03-02 00:56:58.097  1484  1921 D DlbEndpointParamCache: commitChangedParams()
03-02 00:56:58.097  1484  1921 D DlbEndpointParamCache: commit() Applying parameters for device 0x40000000
03-02 00:56:58.097  1484  1921 D DlbDap2Process: setParam(mdee = #1[0])
03-02 00:56:58.097  1484  1921 D DlbEndpointParamCache: doCommit() Committed 1 parameters out of 15.
03-02 00:56:58.097  1484  1921 D DlbEndpointParamCache: commit() Overriding parameters for current device 0x00000002
03-02 00:56:58.097  1484  1921 D DlbEndpointParamCache: doCommit() Committed 0 parameters out of 60.
03-02 00:56:58.097  1484  1921 D DlbEffectContext: transformExternalGain() volume:0x8568F fVol:0.032571 extVal:-475
03-02 00:56:58.097  1484  1921 D DlbEndpointParamCache: commitChangedParams()
03-02 00:56:58.097  1484  1921 D DlbEndpointParamCache: commit() Applying parameters for device 0x40000000
03-02 00:56:58.097  1484  1921 D DlbDap2Process: setParam(preg = #1[0])
03-02 00:56:58.097  1484  1921 D DlbDap2Process: setSystemGain(vol = 0)
03-02 00:56:58.097  1484  1921 D DlbDap2Process: setParam(svol = #1[-475])
03-02 00:56:58.097  1484  1921 D DlbEndpointParamCache: doCommit() Committed 2 parameters out of 15.
03-02 00:56:58.097  1484  1921 D DlbEndpointParamCache: commit() Overriding parameters for current device 0x00000002
03-02 00:56:58.097  1484  1921 D DlbEndpointParamCache: doCommit() Committed 0 parameters out of 60.
03-02 00:56:58.097  1484  1921 I SoundBoosterEffectPlus: SB_setVolume(0xb400007075106040)
03-02 00:56:58.097  1484  1921 I SoundBoosterEffectPlus: command EFFECT_CMD_SET_VOLUME left = 0.032571, right =0.032571
03-02 00:56:58.097  1484  1921 I SAG_EQ a64: SetVolumeFloat() inst_num [424238335] VolumeFloat [-29.740770] mModeFW [1] mMode [1]
03-02 00:56:58.097  1484  1921 I SAG_EQ a64: mIsVolumeTableValid yes
03-02 00:56:58.097  1484  1921 I SAG_EQ a64: SetVolume() VolumeIndexInt [5]
03-02 00:56:58.097  1484 28718 D NativePermissionController: checkPermission: missing 13 for 10351
03-02 00:56:58.098  1439 32089 D MTKAdapterStreamLayer: updateMetadataCommon(),
03-02 00:56:58.098  1484  1921 I SoundBooster_Interface2000_a64: [AE_LOG] Exe() mMode : 1,  n : 2048    VolumeIndexFloat : -29.740770 mSamplingRate : 48000
03-02 00:56:58.098  1484  2000 D NativePermissionController: checkPermission: missing 13 for 10248
03-02 00:56:58.098  1484  1921 I SoundAlive_Interface_a64: [ 0 ][ 48000 ]FlushBuffers()
03-02 00:56:58.099  1484  1921 I SoundAlive_Interface_a64: [dB = -29.740770 ]
03-02 00:56:58.099  1484  1566 D NativePermissionController: checkPermission: missing 13 for 10476
03-02 00:56:58.100  1439  1902 D AHAL_Stream: cycle: received command Command{start: Void{}} in writer
03-02 00:56:58.100  1439  1902 D AHAL_Stream: [out|ioHandle:21] start
03-02 00:56:58.100  1439  1902 I AHAL_Stream: start()
03-02 00:56:58.100  1439  1902 W MTKAdapterStreamLayer: getStreamState(), stub == NULL
03-02 00:56:58.100  1439  1902 D AHAL_Stream: cycle: writing reply Reply{status: 0, fmqByteCount: 0, observable: Position{frames: -1, timeNs: 0}, hardware: Position{frames: -1, timeNs: -1}, latencyMs: 85, xrunFrames: 0, state: IDLE}
03-02 00:56:58.100  1484  6346 D AudioFlinger: setParameters: filtered dev setParameters keyvalue audioHDR=0
