03-02 00:57:47.016  1507  1507 I SurfaceFlinger: destroyed com.podcast.app.debug.test/androidx.test.core.app.InstrumentationActivityInvoker$EmptyActivity$_17532#156914
03-02 00:57:47.016  1507  1507 I SurfaceFlinger: [LayerHierarchy{RequestedLayerState{ImeContainer#15 parentId=156942 relativeParentId=156942 z=3} 1 children}] reparent to LayerHierarchy{RequestedLayerState{ActivityRecord{50372839 u0 com.podcast.app.debug/androidx.activity.ComponentActivity t44908}#156942 parentId=156941} 4 children}
03-02 00:57:47.016  1507  1507 I SurfaceFlinger: [LayerHierarchy{RequestedLayerState{ImeContainer#15 parentId=156942 relativeParentId=156942 z=3} 1 children}] RelativeParent to null
03-02 00:57:47.016  1507  1507 I SurfaceFlinger: [LayerHierarchy{RequestedLayerState{2141cda InputMethod#159 parentId=156954} no children}] reparent to LayerHierarchy{RequestedLayerState{Surface(name=2141cda InputMethod)/@0x5ea0b56 - animation-leash of insets_animation#156954 parentId=143} 1 children}
03-02 00:57:47.016  1507  1507 I SurfaceFlinger: [LayerHierarchy{RequestedLayerState{Surface(name=2141cda InputMethod)/@0x5ea0b56 - animation-leash of insets_animation#156940} no children}] reparent to OffscreenRoot
03-02 00:57:47.016  1507  1507 I SurfaceFlinger: [LayerHierarchy{RequestedLayerState{Surface(name=2141cda InputMethod)/@0x5ea0b56 - animation-leash of insets_animation#156940} no children}] RelativeParent to null
03-02 00:57:47.016  1507  1507 I SurfaceFlinger: [LayerHierarchy{RequestedLayerState{Task=44907#156909 z=40} 1 children}] reparent to OffscreenRoot
03-02 00:57:47.016  1507  1507 I SurfaceFlinger: [LayerHierarchy{RequestedLayerState{Task=44907#156909 z=40} 1 children}] RelativeParent to null
03-02 00:57:47.016  1507  1507 I SurfaceFlinger: [LayerHierarchy{RequestedLayerState{ActivityRecord{170723687 u0 com.podcast.app.debug.test/androidx.test.core.app.InstrumentationActivityInvoker$EmptyActivity t44907}#156910} 1 children}] reparent to OffscreenRoot
03-02 00:57:47.016  1507  1507 I SurfaceFlinger: [LayerHierarchy{RequestedLayerState{ActivityRecord{170723687 u0 com.podcast.app.debug.test/androidx.test.core.app.InstrumentationActivityInvoker$EmptyActivity t44907}#156910} 1 children}] RelativeParent to null
03-02 00:57:47.016  1507  1507 I SurfaceFlinger: [LayerHierarchy{RequestedLayerState{Task=44907#156953 z=40} no children}] reparent to OffscreenRoot
03-02 00:57:47.016  1507  1507 I SurfaceFlinger: [LayerHierarchy{RequestedLayerState{Task=44907#156953 z=40} no children}] RelativeParent to null
03-02 00:57:47.018  1507  1507 I Layer   : id=156914 Destroyed com.podcast.app.debug.test/androidx.test.core.app.InstrumentationActivityInvoker$EmptyActivity$_17532#156914
03-02 00:57:47.018  1507  1507 I Layer   : id=156913 Destroyed f4d506a com.podcast.app.debug.test/androidx.test.core.app.InstrumentationActivityInvoker$EmptyActivity#156913
03-02 00:57:47.018  1445  2902 W C2MtkBufferManager: [0xB4000070F507E520] fetchNewCcBlock: wait fence 0x0xb4000070f5058270 timed out. ret 110
03-02 00:57:47.018  1507  2393 I SurfaceFlinger: onHandleDestroyed: layerId=156910, name=ActivityRecord{170723687 u0 com.podcast.app.debug.test/androidx.test.core.app.InstrumentationActivityInvoker$EmptyActivity t44907}#156910
03-02 00:57:47.018  1507  2128 I SurfaceFlinger: onHandleDestroyed: layerId=156953, name=Task=44907#156953
03-02 00:57:47.018  1507  2128 I SurfaceFlinger: id=156953 Removed Task=44907#156953 (346)
03-02 00:57:47.018  1507  2393 I SurfaceFlinger: id=156910 Removed ActivityRecord{170723687 u0 com.podcast.app.debug.test/androidx.test.core.app.InstrumentationActivityInvoker$EmptyActivity t44907}#156910 (346)
03-02 00:57:47.019  1507  1563 I SurfaceFlinger: onHandleDestroyed: layerId=156940, name=Surface(name=2141cda InputMethod)/@0x5ea0b56 - animation-leash of insets_animation#156940
03-02 00:57:47.019  1507  1563 I SurfaceFlinger: id=156940 Removed Surface(name=2141cda InputMethod)/@0x5ea0b56 - animation-leash of insets_animation#156940 (346)
03-02 00:57:47.020  2746  2865 I VRI[debug]@1799cf: mWNT: t=0xb4000076d38eb200 mBlastBufferQueue=0xb40000772ae65c00 fn= 2 HdrRenderState mRenderHdrSdrRatio=1.0 caller= android.view.SyncRtSurfaceTransactionApplier.applyTransaction:100 android.view.SyncRtSurfaceTransactionApplier.lambda$scheduleApply$0:73 android.view.SyncRtSurfaceTransactionApplier.$r8$lambda$afI4fXg3U3-nBZQEDQMiNy-B06s:0
03-02 00:57:47.021  2746  2865 I VRI[debug]@1799cf: mWNT: t=0xb4000076d38eb380 mBlastBufferQueue=0xb40000772ae65c00 fn= 2 HdrRenderState mRenderHdrSdrRatio=1.0 caller= android.view.SyncRtSurfaceTransactionApplier.applyTransaction:100 android.view.SyncRtSurfaceTransactionApplier.lambda$scheduleApply$0:73 android.view.SyncRtSurfaceTransactionApplier.$r8$lambda$afI4fXg3U3-nBZQEDQMiNy-B06s:0
03-02 00:57:47.023  2746  2746 D SecVolume.VolumePanelStore: dispatch [ACTION_ANIMATION_START with [STATE_DISMISS_VOLUME_PANEL], currentAction={}, currentState={activeStream=3(vol=420), stream=3(vol=420) } isPendingState : true, isShowing : true, isHasVibrator : true, isVoiceCapable : true, isSetupWizardComplete : true, isCaptionComponentEnabled : true, isWithAnimation : true, isMediaDefaultEnabled : true, ringerModeInternal : 2, timeOutControlsText : 0, cutoutHeight : 0, iconTargetState : 2, pinDevice : 0, activeStream : 3, iconCurrentState : 2, timeOutControls : 0, timeOut : 3000, stream : 3, earProtectLevel : 909, systemTimeNow : 491143004}
03-02 00:57:47.023  2746  2746 D SecVolume.VolumePanelStore:   > New State : [STATE_NO_DISPATCH]
03-02 00:57:47.024  5235  5235 I InputMethodService: scheduleImeSurfaceRemoval: canceled, mShowInputRequested=false, mWindowVisible=false, IsmWindowNull=false, IsmImeSurfaceRemoverRunnableNotNull=true
03-02 00:57:47.025  1507  1507 I SurfaceFlinger: destroyed Surface(name=2141cda InputMethod)/@0x5ea0b56 - animation-leash of insets_animation#156940
03-02 00:57:47.025  1507  1507 I SurfaceFlinger: destroyed e4b8481 ActivityRecordInputSink com.podcast.app.debug.test/androidx.test.core.app.InstrumentationActivityInvoker$EmptyActivity#156935
03-02 00:57:47.025  1507  1507 I SurfaceFlinger: destroyed ActivityRecord{170723687 u0 com.podcast.app.debug.test/androidx.test.core.app.InstrumentationActivityInvoker$EmptyActivity t44907}#156910
03-02 00:57:47.025  1507  1507 I SurfaceFlinger: destroyed Task=44907#156953
03-02 00:57:47.026  1507  1507 I BufferQueueProducer: [VolumePanelWindow$_2746#156850](this:0xb400007a18058e38,id:-1,api:0,p:-1,c:1507) queueBuffer: fps=16.00 dur=2937.39 max=2249.62 min=8.31
03-02 00:57:47.027  1507  1507 I Layer   : id=156935 Destroyed e4b8481 ActivityRecordInputSink com.podcast.app.debug.test/androidx.test.core.app.InstrumentationActivityInvoker$EmptyActivity#156935
03-02 00:57:47.027  1507  1507 I Layer   : id=156940 Destroyed Surface(name=2141cda InputMethod)/@0x5ea0b56 - animation-leash of insets_animation#156940
03-02 00:57:47.027  1507  1507 I Layer   : id=156910 Destroyed ActivityRecord{170723687 u0 com.podcast.app.debug.test/androidx.test.core.app.InstrumentationActivityInvoker$EmptyActivity t44907}#156910
03-02 00:57:47.027  1507  1507 I Layer   : id=156953 Destroyed Task=44907#156953
03-02 00:57:47.027  2746  2866 I VRI[debug]@1799cf: mWNT: t=0xb4000076d38eb680 mBlastBufferQueue=0xb40000772ae65c00 fn= 3 HdrRenderState mRenderHdrSdrRatio=1.0 caller= android.view.SyncRtSurfaceTransactionApplier.applyTransaction:100 android.view.SyncRtSurfaceTransactionApplier.lambda$scheduleApply$0:73 android.view.SyncRtSurfaceTransactionApplier.$r8$lambda$afI4fXg3U3-nBZQEDQMiNy-B06s:0
03-02 00:57:47.033  2013  3345 W system_server: Large reply transaction of 325152 bytes, interface descriptor android.app.IActivityTaskManager, code 26
03-02 00:57:47.036  2013  4835 W ParceledListSlice: Element #30 is 21544 bytes.
03-02 00:57:47.041  2746  2865 I VRI[debug]@1799cf: mWNT: t=0xb40000772adfd380 mBlastBufferQueue=0xb40000772ae65c00 fn= 4 HdrRenderState mRenderHdrSdrRatio=1.0 caller= android.view.SyncRtSurfaceTransactionApplier.applyTransaction:100 android.view.SyncRtSurfaceTransactionApplier.lambda$scheduleApply$0:73 android.view.SyncRtSurfaceTransactionApplier.$r8$lambda$afI4fXg3U3-nBZQEDQMiNy-B06s:0
03-02 00:57:47.051  2746  2866 I VRI[debug]@1799cf: mWNT: t=0xb40000772af33c00 mBlastBufferQueue=0xb40000772ae65c00 fn= 5 HdrRenderState mRenderHdrSdrRatio=1.0 caller= android.view.SyncRtSurfaceTransactionApplier.applyTransaction:100 android.view.SyncRtSurfaceTransactionApplier.lambda$scheduleApply$0:73 android.view.SyncRtSurfaceTransactionApplier.$r8$lambda$afI4fXg3U3-nBZQEDQMiNy-B06s:0
03-02 00:57:47.060  2746  2865 I VRI[debug]@1799cf: mWNT: t=0xb40000771f6f1680 mBlastBufferQueue=0xb40000772ae65c00 fn= 6 HdrRenderState mRenderHdrSdrRatio=1.0 caller= android.view.SyncRtSurfaceTransactionApplier.applyTransaction:100 android.view.SyncRtSurfaceTransactionApplier.lambda$scheduleApply$0:73 android.view.SyncRtSurfaceTransactionApplier.$r8$lambda$afI4fXg3U3-nBZQEDQMiNy-B06s:0
03-02 00:57:47.063  2013  2029 W ParceledListSlice: Element #30 is 21544 bytes.
03-02 00:57:47.076  2013  2029 I WindowManager: Relayout Window{3e7565 u0 Splash Screen com.podcast.app.debug}: viewVisibility=8 req=1080x2340 ty=3 d0
03-02 00:57:47.077  1507  1825 I SurfaceFlinger: Capture layer list: 	 com.zhiliaoapp.musically/com.ss.android.ugc.aweme.splash.SplashActivity$_14885#156921(seamlessTransition:0)
03-02 00:57:47.077  1507  1825 I SurfaceFlinger: Capture layer list: 	 DimTransitionLayer for Surface(name=Task=44908)/@0x329fed5#156951(seamlessTransition:0)
03-02 00:57:47.077  1507  1825 I SurfaceFlinger: Capture layer list: 	 com.podcast.app.debug/androidx.activity.ComponentActivity$_17121#156946(seamlessTransition:0)
03-02 00:57:47.077  1507  1825 I SurfaceFlinger: Capture layer list: 	 Splash Screen com.podcast.app.debug$_2746#156945(seamlessTransition:0)
03-02 00:57:47.078  2013  2029 I WindowManager: Relayout hash=3e7565, pid=2746, syncId=-1: mAttrs={(0,0)(fillxfill) sim={adjust=pan} layoutInDisplayCutoutMode=always ty=APPLICATION_STARTING fmt=TRANSLUCENT wanim=0x1030317
03-02 00:57:47.078  2013  2029 I WindowManager:   fl=81030118
03-02 00:57:47.078  2013  2029 I WindowManager:   pfl=10000810
03-02 00:57:47.078  2013  2029 I WindowManager:   bhv=1
03-02 00:57:47.078  2013  2029 I WindowManager:   fitSides=0
03-02 00:57:47.078  2013  2029 I WindowManager:   frameRateBoostOnTouch=true
03-02 00:57:47.078  2013  2029 I WindowManager:   dvrrWindowFrameRateHint=true naviIconColor=0}
03-02 00:57:47.079  2746  2808 I VRI[debug]@1799cf: onActiveControlsChanged, removed=false, mAdded=true, caller=android.view.ViewRootImpl.handleInsetsControlChanged:3002 android.view.ViewRootImpl.relayoutWindow:11629 android.view.ViewRootImpl.performTraversals:4804 android.view.ViewRootImpl.doTraversal:3924 android.view.ViewRootImpl$TraversalRunnable.run:12903
03-02 00:57:47.079  2746  2808 I BLASTBufferQueue: [VRI[debug]@1799cf#7745](f:0,a:1,s:0) destructor()
03-02 00:57:47.079  2746  2808 D BufferQueueConsumer: [VRI[debug]@1799cf#7745(BLAST Consumer)7745](id:aba00001e41,api:0,p:-1,c:2746) disconnect
03-02 00:57:47.080  2746  2808 I VRI[debug]@1799cf: Relayout returned: old=(0,0,1080,2340) new=(0,0,1080,2340) relayoutAsync=false req=(1080,2340)8 dur=3 res=0x2 s={false 0x0} ch=true seqId=0
03-02 00:57:47.080  2746  2808 D VRI[debug]@1799cf: Not drawing due to not visible. Reason=View.GONE
03-02 00:57:47.081  2746  2808 W WindowOnBackDispatcher: sendCancelIfRunning: isInProgress=false callback=android.view.ViewRootImpl$$ExternalSyntheticLambda16@b99c91d
03-02 00:57:47.081  2746  2808 I VRI[debug]@1799cf: dispatchDetachedFromWindow
03-02 00:57:47.082  2013  2029 D InputTransport: Input channel destroyed: '3e7565 ', fd=1116
03-02 00:57:47.086  2746  2808 D InputTransport: Input channel destroyed: '3e7565 ', fd=808
03-02 00:57:47.091  1445  2902 W C2MtkBufferManager: [0xB4000070F507E520] fetchNewCcBlock: wait fence 0x0xb4000070f5058270 timed out. ret 110
03-02 00:57:47.092  1507  1507 I SurfaceFlinger: RequestedLayer [Splash Screen com.podcast.app.debug$_2746#156945] hidden!! flag  from(0) --> to(1)
03-02 00:57:47.099  1507  1507 D SurfaceFlinger: Display 4627039422300187648 HWC layers:
03-02 00:57:47.099  1507  1507 D SurfaceFlinger:   SOLID_COLOR |                        0 | 00000002 | N/A          |    0.0    0.0    0.0    0.0 |    0    0   -1   -1 | Background for 68eb87 SurfaceView[co[...]weme.splash.SplashActivity]@0#156927 (0)
03-02 00:57:47.099  1507  1507 D SurfaceFlinger:   SOLID_COLOR |                        0 | 00000002 | N/A          |    0.0    0.0    0.0    0.0 |    0    0   -1   -1 | Background for 7086fb SurfaceView[co[...]weme.splash.SplashActivity]@0#156930 (0)
03-02 00:57:47.099  1507  1507 D SurfaceFlinger:   SOLID_COLOR |                        0 | 00000002 | N/A          |    0.0    0.0    0.0    0.0 |    0    0   -1   -1 | Background for 836459b SurfaceView[c[...]weme.splash.SplashActivity]@0#156933 (0)
03-02 00:57:47.099  1507  1507 D SurfaceFlinger:        CLIENT |           63930588202303 | 00000102 | 0x32315659   |  169.0    0.0  720.0 1280.0 |    0   80  827 2000 | 7086fb SurfaceView[com.zhiliaoapp.mu[...]lash.SplashActivity]@0(BLAST)#156929 (1)
03-02 00:57:47.099  1507  1507 D SurfaceFlinger:        CLIENT |           63930588202302 | 00002100 | RGBA_8888    |  253.0    0.0 1080.0 2340.0 |    0    0 1080 2340 | com.zhiliaoapp.musically/com.ss.andr[...].splash.S
03-02 00:57:47.099  1507  1507 D SurfaceFlinger: plashActivity$_14885#156921 (5)
03-02 00:57:47.099  1507  1507 D SurfaceFlinger:   SOLID_COLOR |                        0 | 00000000 | N/A          |    0.0    0.0    0.0    0.0 |    0    0 1080 2340 | DimTransitionLayer for Surface(name=Task=44908)/@0x329fed5#156951 (0)
03-02 00:57:47.099  1507  1507 D SurfaceFlinger:        DEVICE |           73534135074973 | 00002102 | RGBA_8888    |    0.0    0.0  811.0 2340.0 |  269    0 1080 2340 | com.podcast.app.debug/androidx.activity.ComponentActivity$_17121#156946 (1)
03-02 00:57:47.099  1507  1507 D SurfaceFlinger:        DEVICE |           11793980281854 | 00002100 | RGBA_8888    |    0.0    0.0 1080.0   80.0 |    0    0 1080   80 | StatusBar$_2746#117 (211284)
03-02 00:57:47.099  1507  1507 D SurfaceFlinger:        DEVICE |           13752485304097 | 00002100 | RGBA_8888    |    0.0    0.0   67.0  346.0 | 1013  454 1080  800 | com.sec.android.app.launcher/com.sam[...].app.CocktailBarService$_3202#152779 (1)
03-02 00:57:47.099  1507  1507 D SurfaceFlinger:        DEVICE |           11793980283857 | 00002100 | RGBA_8888    |    0.0    0.0  229.0  724.0 |  851  551 1080 1275 | VolumePanelWindow$_2746#156850 (53)
03-02 00:57:47.099  1507  1507 D SurfaceFlinger:        DEVICE |           11793980281853 | 00002100 | RGBA_8888    |    0.0    0.0 1080.0  13
03-02 00:57:47.099  1507  1507 D SurfaceFlinger: 5.0 |    0 2205 1080 2340 | NavigationBar0$_2746#113 (188353)
03-02 00:57:47.099  1507  1507 D SurfaceFlinger:
03-02 00:57:47.103  1507  1507 I SurfaceFlinger: [LayerHierarchy{RequestedLayerState{ImeContainer#15 parentId=156942 relativeParentId=156944 z=1} 1 children}] RelativeParent to LayerHierarchy{RequestedLayerState{956668c com.podcast.app.debug/androidx.activity.ComponentActivity#156944 parentId=156942} 2 children}
03-02 00:57:47.103  1507  1507 I SurfaceFlinger: [LayerHierarchy{RequestedLayerState{Surface(name=956668c com.podcast.app.debug/androidx.activity.ComponentActivity)/@0x9e01aec - animation-leash of starting_reveal#156952} 1 children}] reparent to OffscreenRoot
03-02 00:57:47.103  1507  1507 I SurfaceFlinger: [LayerHierarchy{RequestedLayerState{Surface(name=956668c com.podcast.app.debug/androidx.activity.ComponentActivity)/@0x9e01aec - animation-leash of starting_reveal#156952} 1 children}] RelativeParent to null
03-02 00:57:47.103  1507  1507 I SurfaceFlinger: [LayerHierarchy{RequestedLayerState{Splash Screen com.podcast.app.debug$_2746#156945} no children}] reparent to OffscreenRoot
03-02 00:57:47.103  1507  1507 I SurfaceFlinger: [LayerHierarchy{RequestedLayerState{Splash Screen com.podcast.app.debug$_2746#156945} no children}] RelativeParent to null
03-02 00:57:47.103  1507  1507 I SurfaceFlinger: [LayerHierarchy{RequestedLayerState{956668c com.podcast.app.debug/androidx.activity.ComponentActivity#156944 parentId=156942} 2 children}] reparent to LayerHierarchy{RequestedLayerState{ActivityRecord{50372839 u0 com.podcast.app.debug/androidx.activity.ComponentActivity t44908}#156942 parentId=156941} 4 children}
03-02 00:57:47.103  1507  1507 I SurfaceFlinger: [LayerHierarchy{RequestedLayerState{3e7565 Splash Screen com.podcast.app.debug#156943 z=2147483647} no children}] reparent to OffscreenRoot
03-02 00:57:47.103  1507  1507 I SurfaceFlinger: [LayerHierarchy{RequestedLayerState{3e7565 Splash Screen com.podcast.app.debug#156943 z=2147483647} no children}] RelativeParent to null
03-02 00:57:47.149  3202  3202 I HoneySpace.EdgePanel.EdgeVisibilityRepository: getComputedTrayVisible : keyguardState = 1
03-02 00:57:47.150  3202  3202 I HoneySpace.EdgePanel.EdgeVisibilityRepository: updateTrayVisible: State = 0x1, visible = true, current containerState = 0, specificMode = 0
03-02 00:57:47.150  3202  3202 I HoneySpace.EdgePanel.EdgeVisibilityRepository: Same container state 0
03-02 00:57:47.165  1445  2902 W C2MtkBufferManager: [0xB4000070F507E520] fetchNewCcBlock: wait fence 0x0xb4000070f5058270 timed out. ret 110
03-02 00:57:47.177  1507  1825 I SurfaceFlinger: Capture layer list: 	 com.zhiliaoapp.musically/com.ss.android.ugc.aweme.splash.SplashActivity$_14885#156921(seamlessTransition:0)
03-02 00:57:47.177  1507  1825 I SurfaceFlinger: Capture layer list: 	 DimTransitionLayer for Surface(name=Task=44908)/@0x329fed5#156951(seamlessTransition:0)
03-02 00:57:47.177  1507  1825 I SurfaceFlinger: Capture layer list: 	 com.podcast.app.debug/androidx.activity.ComponentActivity$_17121#156946(seamlessTransition:0)
03-02 00:57:47.190  1450 19254 I mtkpower_client: perf_lock_rel, hdl:76845, pid: 1450, tid:19254
03-02 00:57:47.191  1464  1529 I libPowerHal: [perfLockRel] hdl:76845, idx:2
03-02 00:57:47.191  1464  1529 I libPowerHal: [set_cpuidle] enable:1, fd:17, scn:0xb40000737b607270
03-02 00:57:47.191  1464  1529 I libPowerHal: [PD] vendor.samsung. update cmd:1c3c100 param:1 pr:6
03-02 00:57:47.191  1464  1529 I libPowerHal: [perfLockRel] Done for hdl : 76845
03-02 00:57:47.193  1450 19254 I mtkpower_client: perf_lock_acq, hdl:0, dur:0, num:2, pid:1450, tid:19254
03-02 00:57:47.193  1450 19254 I mtkpower_client: ret_hdl:76849
03-02 00:57:47.193  1450 19254 I mtkpower_client: perf_lock_rel, hdl:76847, pid: 1450, tid:19254
03-02 00:57:47.194  1464  1529 I libPowerHal: [perfLockAcq] idx:2 hdl:76849 hint:-1 pid:1450 tid:19254 duration:0 lock_user:vendor.samsung. => ret_hdl:76849
03-02 00:57:47.194  1464  1529 I libPowerHal: [set_cpuidle] enable:0, fd:17, scn:0xb40000737b607270
03-02 00:57:47.194  1464  1529 I libPowerHal: [get_cpu_dma_latency_value] 0
03-02 00:57:47.194  1464  1529 I libPowerHal: [PE] vendor.samsung. update cmd:1c3c100 param:0 pr:3
03-02 00:57:47.194  1464  1529 I libPowerHal: [perfLockAcq] Done for hdl : 76849
03-02 00:57:47.194  1464  1529 I libPowerHal: [perfLockRel] hdl:76847, idx:3
03-02 00:57:47.195  1464  1529 I libPowerHal: [PD] vendor.samsung. update cmd:1000000 param:-1 pr:6
03-02 00:57:47.195  1464  1529 I libPowerHal: [perfLockRel] Done for hdl : 76847
03-02 00:57:47.195  1450 19254 I mtkpower_client: perf_lock_acq, hdl:0, dur:0, num:2, pid:1450, tid:19254
03-02 00:57:47.196  1450 19254 I mtkpower_client: ret_hdl:76850
03-02 00:57:47.196  1464  1529 I libPowerHal: [perfLockAcq] idx:3 hdl:76850 hint:-1 pid:1450 tid:19254 duration:0 lock_user:vendor.samsung. => ret_hdl:76850
03-02 00:57:47.196  1464  1529 I libPowerHal: [setDvfsrcDevFreqOpp] opp:0, freq:4266000000
03-02 00:57:47.196  1464  1529 I libPowerHal: [PE] vendor.samsung. update cmd:1000000 param:0 pr:3
03-02 00:57:47.196  1450 19254 I HYPER-HAL: [RequestManager.cpp]releaseLocked(): Released ID : 2063514
03-02 00:57:47.196  1464  1529 I libPowerHal: [perfLockAcq] Done for hdl : 76850
03-02 00:57:47.204  1446  1446 I SensorsHub: queueBatch: handle=1 period=50000000 timeout=0
03-02 00:57:47.205  1446  1446 I SensorsHub: queueActivate: handle 2 enable 0
03-02 00:57:47.206  1446  1446 I SensorsHub: type : 2, enable : 0
03-02 00:57:47.207  1446  1498 I SensorsHub: SensorHubSensor::fileManager: WRITE
03-02 00:57:47.207 14885 15919 D SensorManager: unregisterListener
03-02 00:57:47.238  1445  2902 W C2MtkBufferManager: [0xB4000070F507E520] fetchNewCcBlock: wait fence 0x0xb4000070f5058270 timed out. ret 110
03-02 00:57:47.277  1507  1825 I SurfaceFlinger: Capture layer list: 	 com.zhiliaoapp.musically/com.ss.android.ugc.aweme.splash.SplashActivity$_14885#156921(seamlessTransition:0)
03-02 00:57:47.277  1507  1825 I SurfaceFlinger: Capture layer list: 	 DimTransitionLayer for Surface(name=Task=44908)/@0x329fed5#156951(seamlessTransition:0)
03-02 00:57:47.277  1507  1825 I SurfaceFlinger: Capture layer list: 	 com.podcast.app.debug/androidx.activity.ComponentActivity$_17121#156946(seamlessTransition:0)
03-02 00:57:47.311  1445  2902 W C2MtkBufferManager: [0xB4000070F507E520] fetchNewCcBlock: wait fence 0x0xb4000070f5058270 timed out. ret 110
03-02 00:57:47.312  5235  5235 I InputMethodService: removeImeSurface
03-02 00:57:47.312  5235  5235 I InputMethodService: cancelImeSurfaceRemoval: removeCallbacks
03-02 00:57:47.370  2746  2746 I WindowManager: WindowManagerGlobal#removeView, ty=2020, view=com.android.internal.policy.DecorView{d2707c7 V.E...... R....... 0,0-223,712}[VolumePanelWindow], caller=android.view.WindowManagerGlobal.removeView:654 android.view.WindowManagerImpl.removeViewImmediate:216 android.app.Dialog.dismissDialog:850
03-02 00:57:47.370  2746  2746 W WindowOnBackDispatcher: sendCancelIfRunning: isInProgress=false callback=android.app.Dialog$$ExternalSyntheticLambda4@c82f1ed
03-02 00:57:47.370  2746  2746 D VolumeUnsubscriber: dispose() : main thread, remove observer=com.android.systemui.volume.view.VolumeSeekBar{a27a9e6 V.ED..... ......ID -236,0-355,591 #7f0a0f59 app:id/volume_seekbar}
03-02 00:57:47.370  2746  2746 D VolumeUnsubscriber: dispose() : main thread, remove observer=com.android.systemui.volume.view.icon.VPVolumeIcon{68b9b27 V.E...... .......D 0,0-118,118 #7f0a0f0e app:id/volume_button}
03-02 00:57:47.371  2746  2746 D VolumeUnsubscriber: dispose() : main thread, remove observer=com.android.systemui.volume.view.VolumeRowView{249d041 V.E...... ......ID 0,0-223,712 #7f0a0f58 app:id/volume_row_view}
03-02 00:57:47.372  2746  2746 I VRI[VolumePanelWindow]@3c56822: dispatchDetachedFromWindow
03-02 00:57:47.372  2013  2029 D InputTransport: Input channel destroyed: '16d19b5', fd=1074
03-02 00:57:47.376  2746  2746 D InputTransport: Input channel destroyed: '16d19b5', fd=485
03-02 00:57:47.376  2746  2746 D SecVolume.VolumePanelWindow: onStop : panelState.isExpanded=false
03-02 00:57:47.377  2013  2029 I RefreshRateTokenController: Removing refreshRateToken={ RefreshRateToken[->RefreshRateMinLimitToken:VolumePanelView, mRefreshRate:60 acquire at 491143091 (3286 ms ago)}, caller=com.android.server.display.mode.RefreshRateToken.release:5 com.samsung.android.hardware.display.IRefreshRateToken$Stub.onTransact:86 android.os.Binder.execTransactInternal:1462 android.os.Binder.execTransact:1401 <bottom of call stack>
03-02 00:57:47.377  2746  2746 D VolumePanelView: disableRefreshRateMinLimit
03-02 00:57:47.377  2746  2746 D SecVolume.VolumePanelStore: dispatch [ACTION_DISMISS_VOLUME_PANEL with [STATE_NO_DISPATCH], currentAction={}, currentState={activeStream=3(vol=420), stream=3(vol=420) } isPendingState : true, isShowing : true, isHasVibrator : true, isVoiceCapable : true, isSetupWizardComplete : true, isCaptionComponentEnabled : true, isWithAnimation : true, isMediaDefaultEnabled : true, isAnimating : true, ringerModeInternal : 2, timeOutControlsText : 0, cutoutHeight : 0, iconTargetState : 2, pinDevice : 0, activeStream : 3, iconCurrentState : 2, timeOutControls : 0, timeOut : 3000, stream : 3, earProtectLevel : 909, systemTimeNow : 491143004}
03-02 00:57:47.377  2746  2746 D SecVolume.VolumePanelStore:   > New State : [STATE_DISMISS_VOLUME_PANEL_COMPLETED]
03-02 00:57:47.377  2746  2746 D SecVolume.VolumePanelStore: dispatch [ACTION_ANIMATION_FINISHED with [STATE_DISMISS_VOLUME_PANEL_COMPLETED], currentAction={}, currentState={activeStream=3(vol=420), stream=3(vol=420) } isPendingState : true, isHasVibrator : true, isVoiceCapable : true, isSetupWizardComplete : true, isCaptionComponentEnabled : true, isMediaDefaultEnabled : true, ringerModeInternal : 2, timeOutControlsText : 0, cutoutHeight : 0, iconTargetState : 2, pinDevice : 0, activeStream : 3, iconCurrentState : 2, timeOutControls : 0, timeOut : 3000, stream : 3, earProtectLevel : 909, systemTimeNow : 491143004}
03-02 00:57:47.377  2746  2746 D SecVolume.VolumePanelStore:   > New State : [STATE_NO_DISPATCH]
03-02 00:57:47.377  2013  2029 D AS.AudioService: Volume controller visible: false
03-02 00:57:47.378  2746  3672 I vol.Events: writeEvent active_stream_changed UNKNOWN_STREAM_-1
03-02 00:57:47.379  2746  2746 D SecVolume.VolumePanelStore: dispatch [ACTION_STATE_CHANGED with [STATE_NO_DISPATCH], currentAction={isFromOutside : true, isVoiceCapble : true, activeStream : -1}, currentState={activeStream=3(vol=420), stream=3(vol=420) } isPendingState : true, isHasVibrator : true, isVoiceCapable : true, isSetupWizardComplete : true, isCaptionComponentEnabled : true, isMediaDefaultEnabled : true, ringerModeInternal : 2, timeOutControlsText : 0, cutoutHeight : 0, iconTargetState : 2, pinDevice : 0, activeStream : 3, iconCurrentState : 2, timeOutControls : 0, timeOut : 3000, stream : 3, earProtectLevel : 909, systemTimeNow : 491143004}
03-02 00:57:47.379  2013  4835 D AS.AudioService: forceVolumeControlStream(-1)
03-02 00:57:47.382  2746  2746 D SecVolume.SmartViewInteractor: isSmartView=false
03-02 00:57:47.383  2746  2746 D SecVolume.VolumePanelStore:   > New State : [STATE_UPDATE]
03-02 00:57:47.384  1445  2902 W C2MtkBufferManager: [0xB4000070F507E520] fetchNewCcBlock: wait fence 0x0xb4000070f5058270 timed out. ret 110
03-02 00:57:47.384  2746  2746 D SecVolume.JSonLogger: applyVolumeRow 3: {"boolMap":{"ICON_ENABLED":false,"DYNAMIC":false,"VISIBILITY":true,"ICON_CLICKABLE":true,"MUTED":false,"SLIDER_ENABLED":true,"TRACKING":false,"ROUTED_TO_BLUETOOTH":false,"IMPORTANT":true,"ACTIVE_NOW":false},"intMap":{"ORIGINAL_PRIORITY":5,"PRIORITY":0,"LEVEL_MAX":15,"ICON_TYPE":3,"EAR_PROTECT_LEVEL":-1,"LEVEL":420,"REAL_LEVEL":420,"AUDIBLE_LEVEL":420,"LEVEL_MIN":0},"longMap":{"USER_ATTEMPT_TIME":490387300},"streamType":3,"stringMap":{"NAME_RES":"com.android.systemui:string/volumepanel_media","REMOTE_LABEL":"","DUAL_BT_DEVICE_ADDRESS":"","DUAL_BT_DEVICE_NAME":"","SMART_VIEW_LABEL":""}}
03-02 00:57:47.386  1507  1825 I SurfaceFlinger: Capture layer list: 	 com.zhiliaoapp.musically/com.ss.android.ugc.aweme.splash.SplashActivity$_14885#156921(seamlessTransition:0)
03-02 00:57:47.386  1507  1825 I SurfaceFlinger: Capture layer list: 	 DimTransitionLayer for Surface(name=Task=44908)/@0x329fed5#156951(seamlessTransition:0)
03-02 00:57:47.386  1507  1825 I SurfaceFlinger: Capture layer list: 	 com.podcast.app.debug/androidx.activity.ComponentActivity$_17121#156946(seamlessTransition:0)
03-02 00:57:47.386  2746  4246 I BLASTBufferQueue: [VRI[VolumePanelWindow]@3c56822#7740](f:0,a:1,s:0) destructor()
03-02 00:57:47.386  2746  4246 D BufferQueueConsumer: [VRI[VolumePanelWindow]@3c56822#7740(BLAST Consumer)7740](id:aba00001e3c,api:0,p:-1,c:2746) disconnect
03-02 00:57:47.391  1507  1507 I SurfaceFlinger: [LayerHierarchy{RequestedLayerState{16d19b5 VolumePanelWindow#156849} 1 children}] reparent to OffscreenRoot
03-02 00:57:47.391  1507  1507 I SurfaceFlinger: [LayerHierarchy{RequestedLayerState{16d19b5 VolumePanelWindow#156849} 1 children}] RelativeParent to null
03-02 00:57:47.391  1507  1507 I SurfaceFlinger: [LayerHierarchy{RequestedLayerState{WindowToken{ce8f1ec type=2020 android.os.BinderProxy@5febc9f}#156848} no children}] reparent to OffscreenRoot
03-02 00:57:47.391  1507  1507 I SurfaceFlinger: [LayerHierarchy{RequestedLayerState{WindowToken{ce8f1ec type=2020 android.os.BinderProxy@5febc9f}#156848} no children}] RelativeParent to null
03-02 00:57:47.391  1507  1507 I SurfaceFlinger: [LayerHierarchy{RequestedLayerState{VolumePanelWindow$_2746#156850} no children}] reparent to OffscreenRoot
03-02 00:57:47.391  1507  1507 I SurfaceFlinger: [LayerHierarchy{RequestedLayerState{VolumePanelWindow$_2746#156850} no children}] RelativeParent to null
03-02 00:57:47.393  1507  1507 I SurfaceFlinger: onHandleDestroyed: layerId=156848, name=WindowToken{ce8f1ec type=2020 android.os.BinderProxy@5febc9f}#156848
03-02 00:57:47.393  1507  1507 I SurfaceFlinger: id=156848 Removed WindowToken{ce8f1ec type=2020 android.os.BinderProxy@5febc9f}#156848 (342)
03-02 00:57:47.393  1507  1507 I SurfaceFlinger: onHandleDestroyed: layerId=156849, name=16d19b5 VolumePanelWindow#156849
03-02 00:57:47.393  1507  1507 I SurfaceFlinger: id=156849 Removed 16d19b5 VolumePanelWindow#156849 (342)
03-02 00:57:47.393  1507  1507 I SurfaceFlinger: onHandleDestroyed: layerId=156850, name=VolumePanelWindow$_2746#156850
03-02 00:57:47.393  1507  1507 I SurfaceFlinger: id=156850 Removed VolumePanelWindow$_2746#156850 (342)
03-02 00:57:47.397  1507  1507 D SurfaceFlinger: Display 4627039422300187648 HWC layers:
03-02 00:57:47.397  1507  1507 D SurfaceFlinger:   SOLID_COLOR |                        0 | 00000002 | N/A          |    0.0    0.0    0.0    0.0 |    0    0   -1   -1 | Background for 68eb87 SurfaceView[co[...]weme.splash.SplashActivity]@0#156927 (0)
03-02 00:57:47.397  1507  1507 D SurfaceFlinger:   SOLID_COLOR |                        0 | 00000002 | N/A          |    0.0    0.0    0.0    0.0 |    0    0   -1   -1 | Background for 7086fb SurfaceView[co[...]weme.splash.SplashActivity]@0#156930 (0)
03-02 00:57:47.397  1507  1507 D SurfaceFlinger:   SOLID_COLOR |                        0 | 00000002 | N/A          |    0.0    0.0    0.0    0.0 |    0    0   -1   -1 | Background for 836459b SurfaceView[c[...]weme.splash.SplashActivity]@0#156933 (0)
03-02 00:57:47.397  1507  1507 D SurfaceFlinger:        CLIENT |           63930588202303 | 00000102 | 0x32315659   |  225.0    0.0  720.0 1280.0 |    0   80  743 2000 | 7086fb SurfaceView[com.zhiliaoapp.mu[...]lash.SplashActivity]@0(BLAST)#156929 (1)
03-02 00:57:47.397  1507  1507 D SurfaceFlinger:        CLIENT |           63930588202300 | 00002100 | RGBA_8888    |  337.0    0.0 1080.0 2340.0 |    0    0 1080 2340 | com.zhiliaoapp.musically/com.ss.andr[...].splash.S
03-02 00:57:47.397  1507  1507 D SurfaceFlinger: plashActivity$_14885#156921 (6)
03-02 00:57:47.397  1507  1507 D SurfaceFlinger:   SOLID_COLOR |                        0 | 00000000 | N/A          |    0.0    0.0    0.0    0.0 |    0    0 1080 2340 | DimTransitionLayer for Surface(name=Task=44908)/@0x329fed5#156951 (0)
03-02 00:57:47.397  1507  1507 D SurfaceFlinger:        DEVICE |           73534135074973 | 00002102 | RGBA_8888    |    0.0    0.0 1078.0 2340.0 |    2    0 1080 2340 | com.podcast.app.debug/androidx.activity.ComponentActivity$_17121#156946 (1)
03-02 00:57:47.397  1507  1507 D SurfaceFlinger:        DEVICE |           11793980281854 | 00002100 | RGBA_8888    |    0.0    0.0 1080.0   80.0 |    0    0 1080   80 | StatusBar$_2746#117 (211284)
03-02 00:57:47.397  1507  1507 D SurfaceFlinger:        DEVICE |           13752485304097 | 00002100 | RGBA_8888    |    0.0    0.0   67.0  346.0 | 1013  454 1080  800 | com.sec.android.app.launcher/com.sam[...].app.CocktailBarService$_3202#152779 (1)
03-02 00:57:47.397  1507  1507 D SurfaceFlinger:        DEVICE |           11793980281853 | 00002100 | RGBA_8888    |    0.0    0.0 1080.0  135.0 |    0 2205 1080 2340 | NavigationBar0$_2746#113 (188353)
03-02 00:57:47.397  1507  1507 D SurfaceFlinger:
03-02 00:57:47.402  1507  1507 I SurfaceFlinger: destroyed 16d19b5 VolumePanelWindow#156849
03-02 00:57:47.402  1507  1507 I SurfaceFlinger: destroyed WindowToken{ce8f1ec type=2020 android.os.BinderProxy@5febc9f}#156848
03-02 00:57:47.402  1507  1507 I SurfaceFlinger: destroyed VolumePanelWindow$_2746#156850
03-02 00:57:47.404  1507  1507 I Layer   : id=156850 Destroyed VolumePanelWindow$_2746#156850
03-02 00:57:47.404  1507  1507 I Layer   : id=156849 Destroyed 16d19b5 VolumePanelWindow#156849
03-02 00:57:47.404  1507  1507 I Layer   : id=156848 Destroyed WindowToken{ce8f1ec type=2020 android.os.BinderProxy@5febc9f}#156848
03-02 00:57:47.426  2746  2798 I SurfaceControlRegistry: apply, t=FinishTransaction_SyncId<11316>, caller=android.view.SurfaceControl$Transaction.apply:3459 android.view.SurfaceControl$Transaction.apply:3447 android.view.SurfaceControl$Transaction.apply:3397 com.android.wm.shell.transition.Transitions.onFinish:315 com.android.wm.shell.transition.Transitions$$ExternalSyntheticLambda7.onTransitionFinished:12 com.android.wm.shell.transition.DefaultTransitionHandler$$ExternalSyntheticLambda6.run:36
03-02 00:57:47.426  1444  1461 D libcomposer_ext: DeviceImplAidl::DeviceClientContextAidl::NotifyHwcComposition()
03-02 00:57:47.427  1444  1461 D libcomposer_ext: DeviceImplAidl::DeviceClientContextAidl::NotifyHwcComposition()
03-02 00:57:47.427  1698  1698 D libcomposer_ext: ClientCallbackAidl::asyncPerform(12)
03-02 00:57:47.427  1698  1698 D libcomposer_ext: ClientImplAidl::ParseNotifyHwcComposition()
03-02 00:57:47.427  1507  2128 D libcomposer_ext: ClientCallbackAidl::asyncPerform(12)
03-02 00:57:47.427  1464  1492 I mtkpower@impl: [setMode] type:6, enabled:0
03-02 00:57:47.427  1507  2128 D libcomposer_ext: ClientImplAidl::ParseNotifyHwcComposition()
03-02 00:57:47.427  1464  1492 E mtkpower@impl: [setMode] unknown type
03-02 00:57:47.427  1507  2128 D SurfaceFlinger: NotifyHwcComposition(), id 0, mode 0
03-02 00:57:47.428  1507  1907 I SurfaceFlinger: onHandleDestroyed: layerId=156945, name=Splash Screen com.podcast.app.debug$_2746#156945
03-02 00:57:47.428  1507  1907 I SurfaceFlinger: id=156945 Removed Splash Screen com.podcast.app.debug$_2746#156945 (339)
03-02 00:57:47.428  1507  1507 D SurfaceFlinger: Display 4627039422300187648 HWC layers:
03-02 00:57:47.428  1507  1507 D SurfaceFlinger:   SOLID_COLOR |                        0 | 00000002 | N/A          |    0.0    0.0    0.0    0.0 |    0    0   -1   -1 | Background for 68eb87 SurfaceView[co[...]weme.splash.SplashActivity]@0#156927 (0)
03-02 00:57:47.428  1507  1507 D SurfaceFlinger:   SOLID_COLOR |                        0 | 00000002 | N/A          |    0.0    0.0    0.0    0.0 |    0    0   -1   -1 | Background for 7086fb SurfaceView[co[...]weme.splash.SplashActivity]@0#156930 (0)
03-02 00:57:47.428  1507  1507 D SurfaceFlinger:   SOLID_COLOR |                        0 | 00000002 | N/A          |    0.0    0.0    0.0    0.0 |    0    0   -1   -1 | Background for 836459b SurfaceView[c[...]weme.splash.SplashActivity]@0#156933 (0)
03-02 00:57:47.428  1507  1507 D SurfaceFlinger:        DEVICE |           63930588202303 | 00000102 | 0x32315659   |    0.0    0.0    0.0    0.0 |    0    0   -1   -1 | 7086fb SurfaceView[com.zhiliaoapp.mu[...]lash.SplashActivity]@0(BLAST)#156929 (1)
03-02 00:57:47.428  1507  1507 D SurfaceFlinger:        DEVICE |           63930588202300 | 00002100 | RGBA_8888    |    0.0    0.0    0.0    0.0 |    0    0   -1   -1 | com.zhiliaoapp.musically/com.ss.andr[...].splash.S
03-02 00:57:47.428  1507  1507 D SurfaceFlinger: plashActivity$_14885#156921 (6)
03-02 00:57:47.428  1507  1507 D SurfaceFlinger:   SOLID_COLOR |                        0 | 00000000 | N/A          |    0.0    0.0    0.0    0.0 |    0    0   -1   -1 | DimTransitionLayer for Surface(name=Task=44908)/@0x329fed5#156951 (0)
03-02 00:57:47.428  1507  1507 D SurfaceFlinger:        DEVICE |           73534135074973 | 00002102 | RGBA_8888    |    0.0    0.0 1080.0 2340.0 |    0    0 1080 2340 | com.podcast.app.debug/androidx.activity.ComponentActivity$_17121#156946 (1)
03-02 00:57:47.428  1507  1507 D SurfaceFlinger:        DEVICE |           11793980281854 | 00002100 | RGBA_8888    |    0.0    0.0 1080.0   80.0 |    0    0 1080   80 | StatusBar$_2746#117 (211284)
03-02 00:57:47.428  1507  1507 D SurfaceFlinger:        DEVICE |           13752485304097 | 00002100 | RGBA_8888    |    0.0    0.0   67.0  346.0 | 1013  454 1080  800 | com.sec.android.app.launcher/com.sam[...].app.CocktailBarService$_3202#152779 (1)
03-02 00:57:47.428  1507  1507 D SurfaceFlinger:        DEVICE |           11793980281853 | 00002100 | RGBA_8888    |    0.0    0.0 1080.0  135.0 |    0 2205 1080 2340 | NavigationBar0$_2746#113 (188353)
03-02 00:57:47.428  1507  1507 D SurfaceFlinger:
03-02 00:57:47.429 14885 14885 I VRI[SplashActivity]@35f4eb8: handleAppVisibility mAppVisible = true visible = false
03-02 00:57:47.429 14885 14885 D VRI[SplashActivity]@35f4eb8: visibilityChanged oldVisibility=true newVisibility=false
03-02 00:57:47.433  1646  1892 I CameraService: onUidStateChanged: uid=10235, procState is changed. (3 -> 4)
03-02 00:57:47.436  1507  1507 I SurfaceFlinger: RequestedLayer [Task=44543#147901] hidden!! flag  from(0) --> to(1)
03-02 00:57:47.437  1507  1507 I SurfaceFlinger: [Display 0 name="Built-in Screen"#49] setFrameRateCategory: Default
03-02 00:57:47.437  1507  1507 I SurfaceFlinger: destroyed Splash Screen com.podcast.app.debug$_2746#156945
03-02 00:57:47.437  1507  1507 I SurfaceFlinger: [LayerHierarchy{RequestedLayerState{Task=44543#147901 parentId=10 z=41} 1 children}] reparent to LayerHierarchy{RequestedLayerState{DefaultTaskDisplayArea_d0#10 parentId=9} 45 children}
03-02 00:57:47.437  1507  1507 I SurfaceFlinger: [LayerHierarchy{RequestedLayerState{Task=44908#156941 parentId=10 z=42} 2 children}] reparent to LayerHierarchy{RequestedLayerState{DefaultTaskDisplayArea_d0#10 parentId=9} 46 children}
03-02 00:57:47.437  1507  1507 I SurfaceFlinger: [LayerHierarchy{RequestedLayerState{DimTransitionLayer for Surface(name=Task=44908)/@0x329fed5#156951 z=-1} no children}] reparent to OffscreenRoot
03-02 00:57:47.437  1507  1507 I SurfaceFlinger: [LayerHierarchy{RequestedLayerState{DimTransitionLayer for Surface(name=Task=44908)/@0x329fed5#156951 z=-1} no children}] RelativeParent to null
03-02 00:57:47.437  1507  1507 I SurfaceFlinger: [LayerHierarchy{RequestedLayerState{Transition Root: Task=44908#156949 z=42} no children}] reparent to OffscreenRoot
03-02 00:57:47.437  1507  1507 I SurfaceFlinger: [LayerHierarchy{RequestedLayerState{Transition Root: Task=44908#156949 z=42} no children}] RelativeParent to null
03-02 00:57:47.436  2746  2746 D SystemUIService: SYSUI_RAM_OPTIMIZATION onTrimMemory=20
03-02 00:57:47.437  2746  2746 D CentralSurfaces: SYSUI_RAM_OPTIMIZATION onTrimMemory=20
03-02 00:57:47.438  2746  2870 D HWUI    : CacheManager::trimMemory(20)
03-02 00:57:47.438 14885 14885 I SV[6876039 SplashActivity]: onWindowVisibilityChanged(8) false X.0fk7{68eb87 V.E...... ........ 0,80-1080,2000} of VRI[SplashActivity]@35f4eb8
03-02 00:57:47.438 14885 14885 I SurfaceView: 6876039 Changes: creating=false format=false size=false visible=true alpha=false hint=false left=false top=false z=false attached=true lifecycleStrategy=false
03-02 00:57:47.438 14885 14885 I SurfaceView: 6876039 Cur surface: Surface(name=null mNativeObject=499558303232)/@0x56b4ffd
03-02 00:57:47.438  1507  1507 I Layer   : id=156945 Destroyed Splash Screen com.podcast.app.debug$_2746#156945
03-02 00:57:47.438  1507  1507 I SurfaceFlinger: onHandleDestroyed: layerId=156951, name=DimTransitionLayer for Surface(name=Task=44908)/@0x329fed5#156951
03-02 00:57:47.438 14885 14885 I SurfaceView: 6876039 surfaceDestroyed
03-02 00:57:47.438  1507  1507 I SurfaceFlinger: id=156951 Removed DimTransitionLayer for Surface(name=Task=44908)/@0x329fed5#156951 (338)
03-02 00:57:47.438  1507  1507 I SurfaceFlinger: onHandleDestroyed: layerId=156949, name=Transition Root: Task=44908#156949
03-02 00:57:47.438  1507  1507 I SurfaceFlinger: id=156949 Removed Transition Root: Task=44908#156949 (338)
03-02 00:57:47.438 14885 14885 I SV[6876039 SplashActivity]: surfaceDestroyed callback.size 1 #2 X.0fk7{68eb87 V.E...... ........ 0,80-1080,2000}
03-02 00:57:47.438  1507  1507 I SurfaceFlinger: onHandleDestroyed: layerId=156943, name=3e7565 Splash Screen com.podcast.app.debug#156943
03-02 00:57:47.438  1507  1507 I SurfaceFlinger: id=156943 Removed 3e7565 Splash Screen com.podcast.app.debug#156943 (338)
03-02 00:57:47.438 14885 14885 I SV[6876039 SplashActivity]: updateSurface: mVisible = false mSurface.isValid() = true
03-02 00:57:47.439 14885 14885 I BLASTBufferQueue: [68eb87 SurfaceView[com.zhiliaoapp.musically/com.ss.android.ugc.aweme.splash.SplashActivity]@0#151](f:0,a:0,s:0) destructor()
03-02 00:57:47.439 14885 14885 D BufferQueueConsumer: [68eb87 SurfaceView[com.zhiliaoapp.musically/com.ss.android.ugc.aweme.splash.SplashActivity]@0#151(BLAST Consumer)151](id:3a250000009c,api:0,p:-1,c:14885) disconnect
03-02 00:57:47.439  1507  1507 E RefreshRateSelector: Can't find HRR max refresh rate by policy with the same group 0
03-02 00:57:47.439 14885 14885 I SV[6876039 SplashActivity]: releaseSurfaces: viewRoot = VRI[SplashActivity]@35f4eb8
03-02 00:57:47.439 14885 14885 V SurfaceView: Layout: x=4320 y=-2080 w=1080 h=1920, frame=Rect(0, 0 - 1080, 1920)
03-02 00:57:47.439 14885 14885 I SV[7374587 SplashActivity]: onWindowVisibilityChanged(8) false X.0fk7{7086fb V.E...... ........ 0,80-1080,2000} of VRI[SplashActivity]@35f4eb8
03-02 00:57:47.439 14885 14885 I SurfaceView: 7374587 Changes: creating=false format=false size=false visible=true alpha=false hint=false left=false top=false z=false attached=true lifecycleStrategy=false
03-02 00:57:47.439 14885 14885 I SurfaceView: 7374587 Cur surface: Surface(name=null mNativeObject=499561856768)/@0x5798c7e
03-02 00:57:47.440 14885 14885 I SurfaceView: 7374587 surfaceDestroyed
03-02 00:57:47.440 14885 14885 I SV[7374587 SplashActivity]: surfaceDestroyed callback.size 2 #2 X.0fk7{7086fb V.E...... ........ 0,80-1080,2000}
03-02 00:57:47.441 14885 18629 D SurfaceUtils: connecting to surface 0x6f9d394c10, reason connectToSurface
03-02 00:57:47.442 14885 18629 I MediaCodec: [c2.mtk.hevc.decoder] setting surface generation to 15242328
03-02 00:57:47.442 14885 18629 D SurfaceUtils: disconnecting from surface 0x6f9d394c10, reason connectToSurface(reconnect)
03-02 00:57:47.442 14885 18629 D SurfaceUtils: connecting to surface 0x6f9d394c00, reason connectToSurface(reconnect-with-listener)
03-02 00:57:47.443 14885 18629 D GraphicsTracker: new surface in configuration: maxDequeueRequested(0), maxDequeueCommitted(24)
03-02 00:57:47.443 14885 18629 D GraphicsTracker: new surface configured with id:63930588201057 gen:15242328 maxDequeue:24
03-02 00:57:47.443 14885 18629 D GraphicsTracker: maxDequeueCount is already 24
03-02 00:57:47.443 14885 18629 D Codec2Client: setOutputSurface -- generation=15242328 consumer usage=0x900
03-02 00:57:47.443 14885 18629 D SurfaceUtils: disconnecting from surface 0x6f9d395610, reason disconnectFromSurface
03-02 00:57:47.444 14885 14885 I SV[7374587 SplashActivity]: updateSurface: mVisible = false mSurface.isValid() = true
03-02 00:57:47.444 14885 14885 I BLASTBufferQueue: [7086fb SurfaceView[com.zhiliaoapp.musically/com.ss.android.ugc.aweme.splash.SplashActivity]@0#152](f:0,a:1,s:0) destructor()
03-02 00:57:47.444 14885 14885 D BufferQueueConsumer: [7086fb SurfaceView[com.zhiliaoapp.musically/com.ss.android.ugc.aweme.splash.SplashActivity]@0#152(BLAST Consumer)152](id:3a250000009d,api:0,p:-1,c:14885) disconnect
03-02 00:57:47.444 14885 14885 I SV[7374587 SplashActivity]: releaseSurfaces: viewRoot = VRI[SplashActivity]@35f4eb8
03-02 00:57:47.444 14885 14885 V SurfaceView: Layout: x=0 y=80 w=1080 h=1920, frame=Rect(0, 0 - 1080, 1920)
03-02 00:57:47.445 14885 14885 I SV[137774491 SplashActivity]: onWindowVisibilityChanged(8) false X.0fk7{836459b V.E...... ........ 0,81-1080,1998} of VRI[SplashActivity]@35f4eb8
03-02 00:57:47.445 14885 14885 I SurfaceView: 137774491 Changes: creating=false format=false size=false visible=true alpha=false hint=false left=false top=false z=false attached=true lifecycleStrategy=false
03-02 00:57:47.445 14885 14885 I SurfaceView: 137774491 Cur surface: Surface(name=null mNativeObject=480505736192)/@0xe7e74a9
03-02 00:57:47.445 14885 14885 I SurfaceView: 137774491 surfaceDestroyed
03-02 00:57:47.445 14885 14885 I SV[137774491 SplashActivity]: surfaceDestroyed callback.size 1 #2 X.0fk7{836459b V.E...... ........ 0,81-1080,1998}
03-02 00:57:47.445 14885 14885 I SV[137774491 SplashActivity]: updateSurface: mVisible = false mSurface.isValid() = true
03-02 00:57:47.445 14885 14885 I BLASTBufferQueue: [836459b SurfaceView[com.zhiliaoapp.musically/com.ss.android.ugc.aweme.splash.SplashActivity]@0#153](f:0,a:0,s:0) destructor()
03-02 00:57:47.445 14885 14885 D BufferQueueConsumer: [836459b SurfaceView[com.zhiliaoapp.musically/com.ss.android.ugc.aweme.splash.SplashActivity]@0#153(BLAST Consumer)153](id:3a250000009e,api:0,p:-1,c:14885) disconnect
03-02 00:57:47.445 14885 14885 I SV[137774491 SplashActivity]: releaseSurfaces: viewRoot = VRI[SplashActivity]@35f4eb8
03-02 00:57:47.446 14885 14885 V SurfaceView: Layout: x=4320 y=2240 w=1080 h=1917, frame=Rect(0, 0 - 1080, 1917)
03-02 00:57:47.448  1507  1507 I SurfaceFlinger: RequestedLayer [com.zhiliaoapp.musically/com.ss.andr[...].splash.SplashActivity$_14885#156921] hidden!! flag  from(0) --> to(1)
03-02 00:57:47.448  1507  1507 I SurfaceFlinger: RequestedLayer [ActivityRecord{2751228 u0 com.zhilia[...]splash.SplashActivity t44543}#147902] hidden!! flag  from(0) --> to(1)
03-02 00:57:47.448  1507  1507 I SurfaceFlinger: destroyed DimTransitionLayer for Surface(name=Task=44908)/@0x329fed5#156951
03-02 00:57:47.448  1507  1507 I SurfaceFlinger: destroyed 3e7565 Splash Screen com.podcast.app.debug#156943
03-02 00:57:47.448  1507  1507 I SurfaceFlinger: destroyed Transition Root: Task=44908#156949
03-02 00:57:47.449 14885 15423 D SurfaceView: 207780913 windowPositionLost, frameNr = 0
03-02 00:57:47.449  1507  1507 I Layer   : id=156943 Destroyed 3e7565 Splash Screen com.podcast.app.debug#156943
03-02 00:57:47.449  1507  1507 I Layer   : id=156949 Destroyed Transition Root: Task=44908#156949
03-02 00:57:47.449  1507  1507 I Layer   : id=156951 Destroyed DimTransitionLayer for Surface(name=Task=44908)/@0x329fed5#156951
03-02 00:57:47.449 14885 15423 D SurfaceView: 111935254 windowPositionLost, frameNr = 0
03-02 00:57:47.450 14885 15423 D SurfaceView: 267944087 windowPositionLost, frameNr = 0
03-02 00:57:47.452 14885 15423 D HWUI    : CacheManager::trimMemory(20)
03-02 00:57:47.453 14885 16183 D ThreadBooster: [Scene Stop] After reset priority, aoapp.musically priority is -10
03-02 00:57:47.455 14885 16183 D ThreadBooster: [Scene Start] After adjust priority,  aoapp.musically priority is -20, tid: 14885
03-02 00:57:47.455  2013  4835 I WindowManager: Relayout Window{cd2d6b5 u0 com.zhiliaoapp.musically/com.ss.android.ugc.aweme.splash.SplashActivity}: viewVisibility=8 req=1080x2340 ty=1 d0
03-02 00:57:47.457  1445  2902 W C2MtkBufferManager: [0xB4000070F507E520] fetchNewCcBlock: wait fence 0x0xb4000070f5058270 timed out. ret 110
03-02 00:57:47.458  2013  4835 I WindowManager: Relayout hash=cd2d6b5, pid=14885, syncId=-1: mAttrs={(0,0)(fillxfill) sim={adjust=pan} layoutInDisplayCutoutMode=always ty=BASE_APPLICATION fmt=TRANSLUCENT wanim=0x1030317
03-02 00:57:47.458  2013  4835 I WindowManager:   fl=81810180
03-02 00:57:47.458  2013  4835 I WindowManager:   pfl=10008840
03-02 00:57:47.458  2013  4835 I WindowManager:   vsysui=400
03-02 00:57:47.458  2013  4835 I WindowManager:   apr=10
03-02 00:57:47.458  2013  4835 I WindowManager:   bhv=1
03-02 00:57:47.458  2013  4835 I WindowManager:   fitSides=0
03-02 00:57:47.458  2013  4835 I WindowManager:   frameRateBoostOnTouch=true
03-02 00:57:47.458  2013  4835 I WindowManager:   dvrrWindowFrameRateHint=true naviIconColor=0
03-02 00:57:47.458  2013  4835 I WindowManager:   sfl=100000}
03-02 00:57:47.459 14885 14885 I BLASTBufferQueue: [VRI[SplashActivity]@35f4eb8#150](f:0,a:1,s:0) destructor()
03-02 00:57:47.460 14885 14885 D BufferQueueConsumer: [VRI[SplashActivity]@35f4eb8#150(BLAST Consumer)150](id:3a250000009b,api:0,p:-1,c:14885) disconnect
03-02 00:57:47.460 14885 14885 I VRI[SplashActivity]@35f4eb8: Relayout returned: old=(0,0,1080,2340) new=(0,0,1080,2340) relayoutAsync=false req=(1080,2340)8 dur=5 res=0x2 s={false 0x0} ch=true seqId=0
03-02 00:57:47.461 14885 14885 I SV[6876039 SplashActivity]: windowStopped(true) false X.0fk7{68eb87 V.E...... ........ 0,80-1080,2000} of VRI[SplashActivity]@35f4eb8
03-02 00:57:47.461 14885 14885 D SV[6876039 SplashActivity]: updateSurface: surface is not valid
03-02 00:57:47.461 14885 14885 I SV[6876039 SplashActivity]: releaseSurfaces: viewRoot = VRI[SplashActivity]@35f4eb8
03-02 00:57:47.461 14885 14885 D VRI[SplashActivity]@35f4eb8: applyTransactionOnDraw applyImmediately
03-02 00:57:47.461 14885 14885 I SV[7374587 SplashActivity]: windowStopped(true) false X.0fk7{7086fb V.E...... ........ 0,80-1080,2000} of VRI[SplashActivity]@35f4eb8
03-02 00:57:47.461 14885 14885 D SV[7374587 SplashActivity]: updateSurface: surface is not valid
03-02 00:57:47.461 14885 14885 I SV[7374587 SplashActivity]: releaseSurfaces: viewRoot = VRI[SplashActivity]@35f4eb8
03-02 00:57:47.461 14885 14885 D VRI[SplashActivity]@35f4eb8: applyTransactionOnDraw applyImmediately
03-02 00:57:47.461 14885 14885 I SV[137774491 SplashActivity]: windowStopped(true) false X.0fk7{836459b V.E...... ........ 0,81-1080,1998} of VRI[SplashActivity]@35f4eb8
03-02 00:57:47.461 14885 14885 D SV[137774491 SplashActivity]: updateSurface: surface is not valid
03-02 00:57:47.461 14885 14885 I SV[137774491 SplashActivity]: releaseSurfaces: viewRoot = VRI[SplashActivity]@35f4eb8
