03-02 00:57:21.947  1507  1507 I SurfaceFlinger: [LayerHierarchy{RequestedLayerState{Surface(name=2e94a5b com.podcast.app.debug/androidx.activity.ComponentActivity)/@0x4d804b - animation-leash of starting_reveal#156113} 1 children}] RelativeParent to null
03-02 00:57:21.947  1507  1507 I SurfaceFlinger: [LayerHierarchy{RequestedLayerState{2693a0a Splash Screen com.podcast.app.debug#156102 z=2147483647} 1 children}] reparent to OffscreenRoot
03-02 00:57:21.947  1507  1507 I SurfaceFlinger: [LayerHierarchy{RequestedLayerState{2693a0a Splash Screen com.podcast.app.debug#156102 z=2147483647} 1 children}] RelativeParent to null
03-02 00:57:21.947  1507  1507 I SurfaceFlinger: [LayerHierarchy{RequestedLayerState{Splash Screen com.podcast.app.debug$_2746#156103} no children}] reparent to OffscreenRoot
03-02 00:57:21.947  1507  1507 I SurfaceFlinger: [LayerHierarchy{RequestedLayerState{Splash Screen com.podcast.app.debug$_2746#156103} no children}] RelativeParent to null
03-02 00:57:21.947  1507  1507 I SurfaceFlinger: [LayerHierarchy{RequestedLayerState{2e94a5b com.podcast.app.debug/androidx.activity.ComponentActivity#156105 parentId=156101} 2 children}] reparent to LayerHierarchy{RequestedLayerState{ActivityRecord{249118081 u0 com.podcast.app.debug/androidx.activity.ComponentActivity t44874}#156101 parentId=156100} 3 children}
03-02 00:57:21.949 14636 14636 D WM-SystemJobService: onStopJob for WorkGenerationalId(workSpecId=f23029b8-b7a3-4a93-aaf6-b7c7a26dfe9e, generation=0)
03-02 00:57:21.949 14636 15266 D WM-Processor: MutableConfig: processing WorkGenerationalId(workSpecId=f23029b8-b7a3-4a93-aaf6-b7c7a26dfe9e, generation=0)
03-02 00:57:21.952 14636 15217 D WM-Processor: WorkerWrapper interrupted for f23029b8-b7a3-4a93-aaf6-b7c7a26dfe9e
03-02 00:57:21.953 14636 15217 D WM-StopWorkRunnable: StopWorkRunnable for f23029b8-b7a3-4a93-aaf6-b7c7a26dfe9e; Processor.stopWork = true
03-02 00:57:21.954 14636 15217 D WM-WorkerWrapper: Status for f23029b8-b7a3-4a93-aaf6-b7c7a26dfe9e is ENQUEUED; not doing any work and rescheduling for later execution
03-02 00:57:21.956  1646  2917 I CameraService: onUidStateChanged: uid=10492, procState is changed. (8 -> 10)
03-02 00:57:21.957 14636 14636 D WM-Processor: MutableConfig f23029b8-b7a3-4a93-aaf6-b7c7a26dfe9e executed; reschedule = true
03-02 00:57:21.960  2013  3645 W system_server: Large reply transaction of 325152 bytes, interface descriptor android.app.IActivityTaskManager, code 26
03-02 00:57:21.960  1646 10643 I CameraService: onUidStateChanged: uid=10492, procState is changed. (10 -> 19)
03-02 00:57:21.963  2013  4834 W ParceledListSlice: Element #30 is 21544 bytes.
03-02 00:57:21.966 14636 15266 D WM-GreedyScheduler: Cancelling work ID f23029b8-b7a3-4a93-aaf6-b7c7a26dfe9e
03-02 00:57:21.970 14636 15266 W JobInfo : Requested important-while-foreground flag for job3680 is ignored and takes no effect
03-02 00:57:21.971 14636 15266 D WM-SystemJobScheduler: Scheduling work ID f23029b8-b7a3-4a93-aaf6-b7c7a26dfe9eJob ID 3680
03-02 00:57:21.976  1507  1825 I SurfaceFlinger: Capture layer list: 	 com.zhiliaoapp.musically/com.ss.android.ugc.aweme.splash.SplashActivity$_14885#156080(seamlessTransition:0)
03-02 00:57:21.976  1507  1825 I SurfaceFlinger: Capture layer list: 	 DimTransitionLayer for Surface(name=Task=44874)/@0x8b0b0fb#156112(seamlessTransition:0)
03-02 00:57:21.976  1507  1825 I SurfaceFlinger: Capture layer list: 	 com.podcast.app.debug/androidx.activity.ComponentActivity$_17121#156106(seamlessTransition:0)
03-02 00:57:21.977  1646  2917 I CameraService: onUidStateChanged: uid=10492, procState is changed. (19 -> 8)
03-02 00:57:21.981 14636 14636 D WM-SystemJobService: onStartJob for WorkGenerationalId(workSpecId=f23029b8-b7a3-4a93-aaf6-b7c7a26dfe9e, generation=0)
03-02 00:57:21.984 14636 15264 D WM-Processor: MutableConfig: processing WorkGenerationalId(workSpecId=f23029b8-b7a3-4a93-aaf6-b7c7a26dfe9e, generation=0)
03-02 00:57:21.985 14636 14636 D WM-WorkerWrapper: Starting work for com.urbanairship.job.AirshipWorker
03-02 00:57:21.986 14636 14636 V Ana Vodafone - UALib: AirshipWorker - Running job: JobInfo{action='ACTION_UPDATE_CHANNEL', airshipComponentName='com.urbanairship.channel.AirshipChannel', isNetworkAccessRequired=true, minDelayMs=0, conflictStrategy=2, initialBackOffMs=30000, extras={}, rateLimitIds=[]}, work Id: f23029b8-b7a3-4a93-aaf6-b7c7a26dfe9e run attempt: 297
03-02 00:57:21.986 14636 14636 V Ana Vodafone - UALib: JobDispatcher - Running job: JobInfo{action='ACTION_UPDATE_CHANNEL', airshipComponentName='com.urbanairship.channel.AirshipChannel', isNetworkAccessRequired=true, minDelayMs=0, conflictStrategy=2, initialBackOffMs=30000, extras={}, rateLimitIds=[]}, run attempt: 297
03-02 00:57:21.988 14885 16784 D Native  : [TTNativeML] NativeMLTaskRunner 2.3-2.4 code：BuildInputs: CostTime 0.15 ms
03-02 00:57:21.988 14885 16784 D Native  : [TTNativeML] NativeMLTaskRunner 3-4 code：AdapterSetInputs: cost time 0.05 ms
03-02 00:57:21.989 14885 16784 D Native  : [TTNativeML] NativeMLTaskRunner 4-5 code：AdapterInference: cost time 0.18 ms
03-02 00:57:21.992  5235 12847 I HBD     : a [SKE_SPECIFIC] specific model[com.podcast.app.debug] loaded, 79762692 ns
03-02 00:57:22.002  1445  2902 W C2MtkBufferManager: [0xB4000070F507E520] fetchNewCcBlock: wait fence 0x0xb4000070f5058270 timed out. ret 110
03-02 00:57:22.026  2991  3002 I LocationAccessPolicy: checkLocationPermission - callingUid: 10492, callingPid: 14636, result: DENIED_SOFT
03-02 00:57:22.026  2991  3002 I LocationAccessPolicy: checkLocationPermission - callingUid: 10492, callingPid: 14636, result: DENIED_SOFT
03-02 00:57:22.075  1445  2902 W C2MtkBufferManager: [0xB4000070F507E520] fetchNewCcBlock: wait fence 0x0xb4000070f5058270 timed out. ret 110
03-02 00:57:22.085  1507  1825 I SurfaceFlinger: Capture layer list: 	 com.zhiliaoapp.musically/com.ss.android.ugc.aweme.splash.SplashActivity$_14885#156080(seamlessTransition:0)
03-02 00:57:22.085  1507  1825 I SurfaceFlinger: Capture layer list: 	 DimTransitionLayer for Surface(name=Task=44874)/@0x8b0b0fb#156112(seamlessTransition:0)
03-02 00:57:22.085  1507  1825 I SurfaceFlinger: Capture layer list: 	 com.podcast.app.debug/androidx.activity.ComponentActivity$_17121#156106(seamlessTransition:0)
03-02 00:57:22.085 12859 12960 I SGPController: onForegroundAppChanged() update=false, cn=ComponentInfo{com.podcast.app.debug/androidx.activity.ComponentActivity}, r=SkRegion((0,0,198,2340)(882,0,1080,2340))
03-02 00:57:22.089  3202  3202 I HoneySpace.EdgePanel.EdgeVisibilityRepository: getComputedTrayVisible : keyguardState = 1
03-02 00:57:22.090  3202  3202 I HoneySpace.EdgePanel.EdgeVisibilityRepository: updateTrayVisible: State = 0x1, visible = true, current containerState = 0, specificMode = 0
03-02 00:57:22.090  3202  3202 I HoneySpace.EdgePanel.EdgeVisibilityRepository: Same container state 0
03-02 00:57:22.124  1450 18526 I mtkpower_client: perf_lock_rel, hdl:76529, pid: 1450, tid:18526
03-02 00:57:22.124  1450 18526 I mtkpower_client: perf_lock_acq, hdl:0, dur:0, num:2, pid:1450, tid:18526
03-02 00:57:22.124  1464  1529 I libPowerHal: [perfLockRel] hdl:76529, idx:8
03-02 00:57:22.125  1464  1529 I libPowerHal: [set_cpuidle] enable:1, fd:17, scn:0xb40000737b61a740
03-02 00:57:22.125  1464  1529 I libPowerHal: [PD] vendor.samsung. update cmd:1c3c100 param:1 pr:6
03-02 00:57:22.125  1464  1529 I libPowerHal: [perfLockRel] Done for hdl : 76529
03-02 00:57:22.126  1450 18526 I mtkpower_client: ret_hdl:76533
03-02 00:57:22.126  1450 18526 I mtkpower_client: perf_lock_rel, hdl:76531, pid: 1450, tid:18526
03-02 00:57:22.126  1464  1529 I libPowerHal: [perfLockAcq] idx:7 hdl:76533 hint:-1 pid:1450 tid:18526 duration:0 lock_user:vendor.samsung. => ret_hdl:76533
03-02 00:57:22.126  1464  1529 I libPowerHal: [set_cpuidle] enable:0, fd:17, scn:0xb40000737b6173c8
03-02 00:57:22.126  1464  1529 I libPowerHal: [get_cpu_dma_latency_value] 0
03-02 00:57:22.126  1464  1529 I libPowerHal: [PE] vendor.samsung. update cmd:1c3c100 param:0 pr:3
03-02 00:57:22.126  1464  1529 I libPowerHal: [perfLockAcq] Done for hdl : 76533
03-02 00:57:22.127  1450 18526 I mtkpower_client: perf_lock_acq, hdl:0, dur:0, num:2, pid:1450, tid:18526
03-02 00:57:22.127  1464  1529 I libPowerHal: [perfLockRel] hdl:76531, idx:2
03-02 00:57:22.128  1464  1529 I libPowerHal: [PD] vendor.samsung. update cmd:1000000 param:-1 pr:6
03-02 00:57:22.128  1464  1529 I libPowerHal: [perfLockRel] Done for hdl : 76531
03-02 00:57:22.128  1450 18526 I mtkpower_client: ret_hdl:76534
03-02 00:57:22.129  1450 18526 I HYPER-HAL: [RequestManager.cpp]releaseLocked(): Released ID : 2063514
03-02 00:57:22.129  1464  1529 I libPowerHal: [perfLockAcq] idx:2 hdl:76534 hint:-1 pid:1450 tid:18526 duration:0 lock_user:vendor.samsung. => ret_hdl:76534
03-02 00:57:22.129  1464  1529 I libPowerHal: [setDvfsrcDevFreqOpp] opp:0, freq:4266000000
03-02 00:57:22.129  1464  1529 I libPowerHal: [PE] vendor.samsung. update cmd:1000000 param:0 pr:3
03-02 00:57:22.129  1464  1529 I libPowerHal: [perfLockAcq] Done for hdl : 76534
03-02 00:57:22.147  1445  2902 W C2MtkBufferManager: [0xB4000070F507E520] fetchNewCcBlock: wait fence 0x0xb4000070f5058270 timed out. ret 110
03-02 00:57:22.153 10943 10943 I DVFSHelper: acquireBoostingCPU() : stop boosting cpu
03-02 00:57:22.185  1507  1825 I SurfaceFlinger: Capture layer list: 	 com.zhiliaoapp.musically/com.ss.android.ugc.aweme.splash.SplashActivity$_14885#156080(seamlessTransition:0)
03-02 00:57:22.185  1507  1825 I SurfaceFlinger: Capture layer list: 	 DimTransitionLayer for Surface(name=Task=44874)/@0x8b0b0fb#156112(seamlessTransition:0)
03-02 00:57:22.185  1507  1825 I SurfaceFlinger: Capture layer list: 	 com.podcast.app.debug/androidx.activity.ComponentActivity$_17121#156106(seamlessTransition:0)
03-02 00:57:22.205  1446  1446 I SensorsHub: queueBatch: handle=1 period=50000000 timeout=0
03-02 00:57:22.206  1446  1446 I SensorsHub: queueActivate: handle 2 enable 0
03-02 00:57:22.207  1446  1446 I SensorsHub: type : 2, enable : 0
03-02 00:57:22.208 14885 15920 D SensorManager: unregisterListener
03-02 00:57:22.208  1446  1498 I SensorsHub: SensorHubSensor::fileManager: WRITE
03-02 00:57:22.220  2013  2706 D NetdEventListenerService: DNS Requested by 318, 10248(com.android.chrome), 4(FAIL), isBlocked=true, 0ms
03-02 00:57:22.220  1445  2902 W C2MtkBufferManager: [0xB4000070F507E520] fetchNewCcBlock: wait fence 0x0xb4000070f5058270 timed out. ret 110
03-02 00:57:22.281  2746  2798 I SurfaceControlRegistry: apply, t=FinishTransaction_SyncId<11267>, caller=android.view.SurfaceControl$Transaction.apply:3459 android.view.SurfaceControl$Transaction.apply:3447 android.view.SurfaceControl$Transaction.apply:3397 com.android.wm.shell.transition.Transitions.onFinish:315 com.android.wm.shell.transition.Transitions$$ExternalSyntheticLambda7.onTransitionFinished:12 com.android.wm.shell.transition.DefaultTransitionHandler$$ExternalSyntheticLambda6.run:36
03-02 00:57:22.282  1444  1444 D libcomposer_ext: DeviceImplAidl::DeviceClientContextAidl::NotifyHwcComposition()
03-02 00:57:22.282  1444  1444 D libcomposer_ext: DeviceImplAidl::DeviceClientContextAidl::NotifyHwcComposition()
03-02 00:57:22.282  1698  1698 D libcomposer_ext: ClientCallbackAidl::asyncPerform(12)
03-02 00:57:22.282  1698  1698 D libcomposer_ext: ClientImplAidl::ParseNotifyHwcComposition()
03-02 00:57:22.282  1507  1563 D libcomposer_ext: ClientCallbackAidl::asyncPerform(12)
03-02 00:57:22.282  1507  1563 D libcomposer_ext: ClientImplAidl::ParseNotifyHwcComposition()
03-02 00:57:22.282  1507  1563 D SurfaceFlinger: NotifyHwcComposition(), id 0, mode 0
03-02 00:57:22.283  1464  1492 I mtkpower@impl: [setMode] type:6, enabled:0
03-02 00:57:22.283  1464  1492 E mtkpower@impl: [setMode] unknown type
03-02 00:57:22.284  1507  1507 D SurfaceFlinger: Display 4627039422300187648 HWC layers:
03-02 00:57:22.284  1507  1507 D SurfaceFlinger:   SOLID_COLOR |                        0 | 00000002 | N/A          |    0.0    0.0    0.0    0.0 |    0    0   -1   -1 | Background for 68eb87 SurfaceView[co[...]weme.splash.SplashActivity]@0#156086 (0)
03-02 00:57:22.284  1507  1507 D SurfaceFlinger:   SOLID_COLOR |                        0 | 00000002 | N/A          |    0.0    0.0    0.0    0.0 |    0    0   -1   -1 | Background for 7086fb SurfaceView[co[...]weme.splash.SplashActivity]@0#156089 (0)
03-02 00:57:22.284  1507  1507 D SurfaceFlinger:   SOLID_COLOR |                        0 | 00000002 | N/A          |    0.0    0.0    0.0    0.0 |    0    0   -1   -1 | Background for 836459b SurfaceView[c[...]weme.splash.SplashActivity]@0#156092 (0)
03-02 00:57:22.284  1507  1507 D SurfaceFlinger:        DEVICE |           63930588202090 | 00000102 | 0x32315659   |    0.0    0.0    0.0    0.0 |    0    0   -1   -1 | 7086fb SurfaceView[com.zhiliaoapp.mu[...]lash.SplashActivity]@0(BLAST)#156088 (21)
03-02 00:57:22.284  1507  1507 D SurfaceFlinger:        DEVICE |           63930588202041 | 00002100 | RGBA_8888    |    0.0    0.0    0.0    0.0 |    0    0   -1   -1 | com.zhiliaoapp.musically/com.ss.andr[...].splash.
03-02 00:57:22.284  1507  1507 D SurfaceFlinger: SplashActivity$_14885#156080 (7)
03-02 00:57:22.284  1507  1507 D SurfaceFlinger:   SOLID_COLOR |                        0 | 00000000 | N/A          |    0.0    0.0    0.0    0.0 |    0    0   -1   -1 | DimTransitionLayer for Surface(name=Task=44874)/@0x8b0b0fb#156112 (0)
03-02 00:57:22.284  1507  1507 D SurfaceFlinger:        DEVICE |           73534135074889 | 00002102 | RGBA_8888    |    0.0    0.0 1080.0 2340.0 |    0    0 1080 2340 | com.podcast.app.debug/androidx.activity.ComponentActivity$_17121#156106 (1)
03-02 00:57:22.284  1507  1507 D SurfaceFlinger:        DEVICE |           11793980281879 | 00002100 | RGBA_8888    |    0.0    0.0 1080.0   80.0 |    0    0 1080   80 | StatusBar$_2746#117 (211037)
03-02 00:57:22.284  1507  1507 D SurfaceFlinger:        DEVICE |           13752485304097 | 00002100 | RGBA_8888    |    0.0    0.0   67.0  346.0 | 1013  454 1080  800 | com.sec.android.app.launcher/com.sam[...].app.CocktailBarService$_3202#152779 (1)
03-02 00:57:22.284  1507  1507 D SurfaceFlinger:        DEVICE |           11793980281867 | 00002100 | RGBA_8888    |    0.0    0.0 1080.0  135.0 |    0 2205 1080 2340 | NavigationBar0$_2746#113 (187726)
03-02 00:57:22.284  1507  1507 D SurfaceFlinger:
03-02 00:57:22.285  1507  1563 I SurfaceFlinger: onHandleDestroyed: layerId=156103, name=Splash Screen com.podcast.app.debug$_2746#156103
03-02 00:57:22.285  1507  1563 I SurfaceFlinger: id=156103 Removed Splash Screen com.podcast.app.debug$_2746#156103 (343)
03-02 00:57:22.286  1507  1825 I SurfaceFlinger: Capture layer list: 	 com.zhiliaoapp.musically/com.ss.android.ugc.aweme.splash.SplashActivity$_14885#156080(seamlessTransition:0)
03-02 00:57:22.286  1507  1825 I SurfaceFlinger: Capture layer list: 	 DimTransitionLayer for Surface(name=Task=44874)/@0x8b0b0fb#156112(seamlessTransition:0)
03-02 00:57:22.286  1507  1825 I SurfaceFlinger: Capture layer list: 	 com.podcast.app.debug/androidx.activity.ComponentActivity$_17121#156106(seamlessTransition:0)
03-02 00:57:22.287 14885 14885 I VRI[SplashActivity]@35f4eb8: handleAppVisibility mAppVisible = true visible = false
03-02 00:57:22.287 14885 14885 D VRI[SplashActivity]@35f4eb8: visibilityChanged oldVisibility=true newVisibility=false
03-02 00:57:22.291  2746  2746 D SystemUIService: SYSUI_RAM_OPTIMIZATION onTrimMemory=20
03-02 00:57:22.291  2746  2746 D CentralSurfaces: SYSUI_RAM_OPTIMIZATION onTrimMemory=20
03-02 00:57:22.291  2746  2870 D HWUI    : CacheManager::trimMemory(20)
03-02 00:57:22.291 14885 14885 I SV[6876039 SplashActivity]: onWindowVisibilityChanged(8) false X.0fk7{68eb87 V.E...... ........ 0,80-1080,2000} of VRI[SplashActivity]@35f4eb8
03-02 00:57:22.291 14885 14885 I SurfaceView: 6876039 Changes: creating=false format=false size=false visible=true alpha=false hint=false left=false top=false z=false attached=true lifecycleStrategy=false
03-02 00:57:22.291 14885 14885 I SurfaceView: 6876039 Cur surface: Surface(name=null mNativeObject=509412508160)/@0x56b4ffd
03-02 00:57:22.291 14885 14885 I SurfaceView: 6876039 surfaceDestroyed
03-02 00:57:22.291  1507  1507 I SurfaceFlinger: RequestedLayer [Task=44543#147901] hidden!! flag  from(0) --> to(1)
03-02 00:57:22.292 14885 14885 I SV[6876039 SplashActivity]: surfaceDestroyed callback.size 1 #2 X.0fk7{68eb87 V.E...... ........ 0,80-1080,2000}
03-02 00:57:22.292  1507  1507 I SurfaceFlinger: [Display 0 name="Built-in Screen"#49] setFrameRateCategory: Default
03-02 00:57:22.292 14885 14885 I SV[6876039 SplashActivity]: updateSurface: mVisible = false mSurface.isValid() = true
03-02 00:57:22.292  1507  1507 I SurfaceFlinger: destroyed Splash Screen com.podcast.app.debug$_2746#156103
03-02 00:57:22.292 14885 14885 I BLASTBufferQueue: [68eb87 SurfaceView[com.zhiliaoapp.musically/com.ss.android.ugc.aweme.splash.SplashActivity]@0#81](f:0,a:0,s:0) destructor()
03-02 00:57:22.292 14885 14885 D BufferQueueConsumer: [68eb87 SurfaceView[com.zhiliaoapp.musically/com.ss.android.ugc.aweme.splash.SplashActivity]@0#81(BLAST Consumer)81](id:3a2500000054,api:0,p:-1,c:14885) disconnect
03-02 00:57:22.292  1507  1507 I SurfaceFlinger: [LayerHierarchy{RequestedLayerState{Task=44543#147901 parentId=10 z=40} 1 children}] reparent to LayerHierarchy{RequestedLayerState{DefaultTaskDisplayArea_d0#10 parentId=9} 45 children}
03-02 00:57:22.292  1507  1507 I SurfaceFlinger: [LayerHierarchy{RequestedLayerState{Task=44874#156100 parentId=10 z=41} 2 children}] reparent to LayerHierarchy{RequestedLayerState{DefaultTaskDisplayArea_d0#10 parentId=9} 46 children}
03-02 00:57:22.292  1507  1507 I SurfaceFlinger: [LayerHierarchy{RequestedLayerState{Transition Root: Task=44874#156104 z=41} 1 children}] reparent to OffscreenRoot
03-02 00:57:22.292  1507  1507 I SurfaceFlinger: [LayerHierarchy{RequestedLayerState{Transition Root: Task=44874#156104 z=41} 1 children}] RelativeParent to null
03-02 00:57:22.292  1507  1507 I SurfaceFlinger: [LayerHierarchy{RequestedLayerState{DimTransitionLayer for Surface(name=Task=44874)/@0x8b0b0fb#156112 z=-1} no children}] reparent to OffscreenRoot
03-02 00:57:22.292  1507  1507 I SurfaceFlinger: [LayerHierarchy{RequestedLayerState{DimTransitionLayer for Surface(name=Task=44874)/@0x8b0b0fb#156112 z=-1} no children}] RelativeParent to null
03-02 00:57:22.293 14885 14885 I SV[6876039 SplashActivity]: releaseSurfaces: viewRoot = VRI[SplashActivity]@35f4eb8
03-02 00:57:22.293 14885 14885 V SurfaceView: Layout: x=4320 y=-2080 w=1080 h=1920, frame=Rect(0, 0 - 1080, 1920)
03-02 00:57:22.293 14885 14885 I SV[7374587 SplashActivity]: onWindowVisibilityChanged(8) false X.0fk7{7086fb V.E...... ........ 0,80-1080,2000} of VRI[SplashActivity]@35f4eb8
03-02 00:57:22.293 14885 14885 I SurfaceView: 7374587 Changes: creating=false format=false size=false visible=true alpha=false hint=false left=false top=false z=false attached=true lifecycleStrategy=false
03-02 00:57:22.293 14885 14885 I SurfaceView: 7374587 Cur surface: Surface(name=null mNativeObject=499546322432)/@0x5798c7e
03-02 00:57:22.293 14885 14885 I SurfaceView: 7374587 surfaceDestroyed
03-02 00:57:22.293 14885 14885 I SV[7374587 SplashActivity]: surfaceDestroyed callback.size 2 #2 X.0fk7{7086fb V.E...... ........ 0,80-1080,2000}
03-02 00:57:22.293  1445  2902 W C2MtkBufferManager: [0xB4000070F507E520] fetchNewCcBlock: wait fence 0x0xb4000070f5058270 timed out. ret 110
03-02 00:57:22.294 14885 16837 D SurfaceUtils: connecting to surface 0x6f9d803610, reason connectToSurface
03-02 00:57:22.294 14885 16837 I MediaCodec: [c2.mtk.hevc.decoder] setting surface generation to 15242292
03-02 00:57:22.294 14885 16837 D SurfaceUtils: disconnecting from surface 0x6f9d803610, reason connectToSurface(reconnect)
03-02 00:57:22.294 14885 16837 D SurfaceUtils: connecting to surface 0x6f9d803600, reason connectToSurface(reconnect-with-listener)
03-02 00:57:22.295 14885 16837 D GraphicsTracker: new surface in configuration: maxDequeueRequested(0), maxDequeueCommitted(24)
03-02 00:57:22.295 14885 16837 D GraphicsTracker: new surface configured with id:63930588200968 gen:15242292 maxDequeue:24
03-02 00:57:22.295 14885 16837 D GraphicsTracker: maxDequeueCount is already 24
03-02 00:57:22.295 14885 16837 D Codec2Client: setOutputSurface -- generation=15242292 consumer usage=0x900
03-02 00:57:22.295 14885 16837 D SurfaceUtils: disconnecting from surface 0x6f9da2e010, reason disconnectFromSurface
03-02 00:57:22.295  1646 10643 I CameraService: onUidStateChanged: uid=10235, procState is changed. (3 -> 4)
03-02 00:57:22.296  1507  1507 I Layer   : id=156103 Destroyed Splash Screen com.podcast.app.debug$_2746#156103
03-02 00:57:22.297  1507  1507 I SurfaceFlinger: onHandleDestroyed: layerId=156112, name=DimTransitionLayer for Surface(name=Task=44874)/@0x8b0b0fb#156112
03-02 00:57:22.297  1507  1507 I SurfaceFlinger: id=156112 Removed DimTransitionLayer for Surface(name=Task=44874)/@0x8b0b0fb#156112 (342)
03-02 00:57:22.297  1507  1507 I SurfaceFlinger: onHandleDestroyed: layerId=156104, name=Transition Root: Task=44874#156104
03-02 00:57:22.297  1507  1507 I SurfaceFlinger: id=156104 Removed Transition Root: Task=44874#156104 (342)
03-02 00:57:22.297  1507  1507 I SurfaceFlinger: onHandleDestroyed: layerId=156102, name=2693a0a Splash Screen com.podcast.app.debug#156102
03-02 00:57:22.297  1507  1507 I SurfaceFlinger: id=156102 Removed 2693a0a Splash Screen com.podcast.app.debug#156102 (342)
03-02 00:57:22.297  1507  1507 E RefreshRateSelector: Can't find HRR max refresh rate by policy with the same group 0
03-02 00:57:22.299 14885 14885 I SV[7374587 SplashActivity]: updateSurface: mVisible = false mSurface.isValid() = true
03-02 00:57:22.299 14885 14885 I BLASTBufferQueue: [7086fb SurfaceView[com.zhiliaoapp.musically/com.ss.android.ugc.aweme.splash.SplashActivity]@0#82](f:0,a:1,s:0) destructor()
03-02 00:57:22.299 14885 14885 D BufferQueueConsumer: [7086fb SurfaceView[com.zhiliaoapp.musically/com.ss.android.ugc.aweme.splash.SplashActivity]@0#82(BLAST Consumer)82](id:3a2500000055,api:0,p:-1,c:14885) disconnect
03-02 00:57:22.300 14885 14885 I SV[7374587 SplashActivity]: releaseSurfaces: viewRoot = VRI[SplashActivity]@35f4eb8
03-02 00:57:22.300 14885 14885 V SurfaceView: Layout: x=0 y=80 w=1080 h=1920, frame=Rect(0, 0 - 1080, 1920)
03-02 00:57:22.300 14885 14885 I SV[137774491 SplashActivity]: onWindowVisibilityChanged(8) false X.0fk7{836459b V.E...... ........ 0,81-1080,1998} of VRI[SplashActivity]@35f4eb8
03-02 00:57:22.301 14885 14885 I SurfaceView: 137774491 Changes: creating=false format=false size=false visible=true alpha=false hint=false left=false top=false z=false attached=true lifecycleStrategy=false
03-02 00:57:22.301 14885 14885 I SurfaceView: 137774491 Cur surface: Surface(name=null mNativeObject=499556368896)/@0xe7e74a9
03-02 00:57:22.301 14885 14885 I SurfaceView: 137774491 surfaceDestroyed
03-02 00:57:22.301 14885 14885 I SV[137774491 SplashActivity]: surfaceDestroyed callback.size 1 #2 X.0fk7{836459b V.E...... ........ 0,81-1080,1998}
03-02 00:57:22.301 14885 14885 I SV[137774491 SplashActivity]: updateSurface: mVisible = false mSurface.isValid() = true
03-02 00:57:22.301 14885 14885 I BLASTBufferQueue: [836459b SurfaceView[com.zhiliaoapp.musically/com.ss.android.ugc.aweme.splash.SplashActivity]@0#83](f:0,a:0,s:0) destructor()
03-02 00:57:22.301 14885 14885 D BufferQueueConsumer: [836459b SurfaceView[com.zhiliaoapp.musically/com.ss.android.ugc.aweme.splash.SplashActivity]@0#83(BLAST Consumer)83](id:3a2500000056,api:0,p:-1,c:14885) disconnect
03-02 00:57:22.303  1507  1507 I SurfaceFlinger: RequestedLayer [com.zhiliaoapp.musically/com.ss.andr[...].splash.SplashActivity$_14885#156080] hidden!! flag  from(0) --> to(1)
03-02 00:57:22.303 14885 14885 I SV[137774491 SplashActivity]: releaseSurfaces: viewRoot = VRI[SplashActivity]@35f4eb8
03-02 00:57:22.303  1507  1507 I SurfaceFlinger: RequestedLayer [ActivityRecord{2751228 u0 com.zhilia[...]splash.SplashActivity t44543}#147902] hidden!! flag  from(0) --> to(1)
03-02 00:57:22.303  1507  1507 I SurfaceFlinger: destroyed 2693a0a Splash Screen com.podcast.app.debug#156102
03-02 00:57:22.303  1507  1507 I SurfaceFlinger: destroyed Transition Root: Task=44874#156104
03-02 00:57:22.303  1507  1507 I SurfaceFlinger: destroyed DimTransitionLayer for Surface(name=Task=44874)/@0x8b0b0fb#156112
03-02 00:57:22.303 14885 14885 V SurfaceView: Layout: x=4320 y=2240 w=1080 h=1917, frame=Rect(0, 0 - 1080, 1917)
03-02 00:57:22.307  1507  1507 I Layer   : id=156102 Destroyed 2693a0a Splash Screen com.podcast.app.debug#156102
03-02 00:57:22.307  1507  1507 I Layer   : id=156104 Destroyed Transition Root: Task=44874#156104
03-02 00:57:22.307  1507  1507 I Layer   : id=156112 Destroyed DimTransitionLayer for Surface(name=Task=44874)/@0x8b0b0fb#156112
03-02 00:57:22.308 14885 15423 D SurfaceView: 260531056 windowPositionLost, frameNr = 0
03-02 00:57:22.308 14885 15423 D SurfaceView: 93431529 windowPositionLost, frameNr = 0
03-02 00:57:22.308 14885 15423 D SurfaceView: 18169710 windowPositionLost, frameNr = 0
03-02 00:57:22.311 14885 15423 D HWUI    : CacheManager::trimMemory(20)
03-02 00:57:22.312  2013  3648 I WindowManager: Relayout Window{cd2d6b5 u0 com.zhiliaoapp.musically/com.ss.android.ugc.aweme.splash.SplashActivity}: viewVisibility=8 req=1080x2340 ty=1 d0
03-02 00:57:22.315  2013  3648 I WindowManager: Relayout hash=cd2d6b5, pid=14885, syncId=-1: mAttrs={(0,0)(fillxfill) sim={adjust=pan forwardNavigation} layoutInDisplayCutoutMode=always ty=BASE_APPLICATION fmt=TRANSLUCENT wanim=0x1030317
03-02 00:57:22.315  2013  3648 I WindowManager:   fl=81810180
03-02 00:57:22.315  2013  3648 I WindowManager:   pfl=10008840
03-02 00:57:22.315  2013  3648 I WindowManager:   vsysui=400
03-02 00:57:22.315  2013  3648 I WindowManager:   apr=10
03-02 00:57:22.315  2013  3648 I WindowManager:   bhv=1
03-02 00:57:22.315  2013  3648 I WindowManager:   fitSides=0
03-02 00:57:22.315  2013  3648 I WindowManager:   frameRateBoostOnTouch=true
03-02 00:57:22.315  2013  3648 I WindowManager:   dvrrWindowFrameRateHint=true naviIconColor=0
03-02 00:57:22.315  2013  3648 I WindowManager:   sfl=100000}
03-02 00:57:22.317 14885 14885 I BLASTBufferQueue: [VRI[SplashActivity]@35f4eb8#80](f:0,a:1,s:0) destructor()
03-02 00:57:22.317 14885 14885 D BufferQueueConsumer: [VRI[SplashActivity]@35f4eb8#80(BLAST Consumer)80](id:3a2500000053,api:0,p:-1,c:14885) disconnect
03-02 00:57:22.318 14885 14885 I VRI[SplashActivity]@35f4eb8: Relayout returned: old=(0,0,1080,2340) new=(0,0,1080,2340) relayoutAsync=false req=(1080,2340)8 dur=5 res=0x2 s={false 0x0} ch=true seqId=0
03-02 00:57:22.319 14885 14885 I SV[6876039 SplashActivity]: windowStopped(true) false X.0fk7{68eb87 V.E...... ........ 0,80-1080,2000} of VRI[SplashActivity]@35f4eb8
03-02 00:57:22.319 14885 14885 D SV[6876039 SplashActivity]: updateSurface: surface is not valid
03-02 00:57:22.319 14885 14885 I SV[6876039 SplashActivity]: releaseSurfaces: viewRoot = VRI[SplashActivity]@35f4eb8
03-02 00:57:22.319 14885 14885 D VRI[SplashActivity]@35f4eb8: applyTransactionOnDraw applyImmediately
03-02 00:57:22.319 14885 14885 I SV[7374587 SplashActivity]: windowStopped(true) false X.0fk7{7086fb V.E...... ........ 0,80-1080,2000} of VRI[SplashActivity]@35f4eb8
03-02 00:57:22.319 14885 14885 D SV[7374587 SplashActivity]: updateSurface: surface is not valid
03-02 00:57:22.319 14885 14885 I SV[7374587 SplashActivity]: releaseSurfaces: viewRoot = VRI[SplashActivity]@35f4eb8
03-02 00:57:22.319 14885 14885 D VRI[SplashActivity]@35f4eb8: applyTransactionOnDraw applyImmediately
03-02 00:57:22.320 14885 14885 I SV[137774491 SplashActivity]: windowStopped(true) false X.0fk7{836459b V.E...... ........ 0,81-1080,1998} of VRI[SplashActivity]@35f4eb8
03-02 00:57:22.320 14885 14885 D SV[137774491 SplashActivity]: updateSurface: surface is not valid
03-02 00:57:22.320 14885 14885 I SV[137774491 SplashActivity]: releaseSurfaces: viewRoot = VRI[SplashActivity]@35f4eb8
03-02 00:57:22.320 14885 14885 D VRI[SplashActivity]@35f4eb8: applyTransactionOnDraw applyImmediately
03-02 00:57:22.320 14885 14885 D SV[6876039 SplashActivity]: updateSurface: surface is not valid
03-02 00:57:22.320 14885 14885 I SV[6876039 SplashActivity]: releaseSurfaces: viewRoot = VRI[SplashActivity]@35f4eb8
03-02 00:57:22.320 14885 14885 D VRI[SplashActivity]@35f4eb8: applyTransactionOnDraw applyImmediately
03-02 00:57:22.320 14885 14885 D SV[7374587 SplashActivity]: updateSurface: surface is not valid
03-02 00:57:22.320 14885 14885 I SV[7374587 SplashActivity]: releaseSurfaces: viewRoot = VRI[SplashActivity]@35f4eb8
03-02 00:57:22.320 14885 14885 D VRI[SplashActivity]@35f4eb8: applyTransactionOnDraw applyImmediately
03-02 00:57:22.321 14885 14885 D SV[137774491 SplashActivity]: updateSurface: surface is not valid
03-02 00:57:22.321 14885 14885 I SV[137774491 SplashActivity]: releaseSurfaces: viewRoot = VRI[SplashActivity]@35f4eb8
03-02 00:57:22.321 14885 14885 D VRI[SplashActivity]@35f4eb8: applyTransactionOnDraw applyImmediately
03-02 00:57:22.321 14885 14885 D VRI[SplashActivity]@35f4eb8: Not drawing due to not visible. Reason=!mAppVisible && !mForceDecorViewVisibility
03-02 00:57:22.321 14885 14885 D VRI[SplashActivity]@35f4eb8: Pending transaction will not be applied in sync with a draw due to view not visible
03-02 00:57:22.321 14885 14885 I VRI[SplashActivity]@35f4eb8: mWNT: t=0x769ac0ba00 mBlastBufferQueue=0xnull fn= 0 HdrRenderState mRenderHdrSdrRatio=1.0 caller= android.view.ViewRootImpl.handleSyncRequestWhenNoAsyncDraw:6733 android.view.ViewRootImpl.performTraversals:5504 android.view.ViewRootImpl.doTraversal:3924
03-02 00:57:22.323 14885 15423 D HWUI    : CacheManager::trimMemory(20)
03-02 00:57:22.324  1507  1507 I SurfaceFlinger: [LayerHierarchy{RequestedLayerState{Background for 7086fb SurfaceView[com.zhiliaoapp.musically/com.ss.android.ugc.aweme.splash.SplashActivity]@0#156089 z=-2147483648} no children}] reparent to OffscreenRoot
03-02 00:57:22.324  1507  1507 I SurfaceFlinger: [LayerHierarchy{RequestedLayerState{Background for 7086fb SurfaceView[com.zhiliaoapp.musically/com.ss.android.ugc.aweme.splash.SplashActivity]@0#156089 z=-2147483648} no children}] RelativeParent to null
03-02 00:57:22.324  1507  1507 I SurfaceFlinger: [LayerHierarchy{RequestedLayerState{7086fb SurfaceView[com.zhiliaoapp.musically/com.ss.android.ugc.aweme.splash.SplashActivity]@0(BLAST)#156088} no children}] reparent to OffscreenRoot
03-02 00:57:22.324  1507  1507 I SurfaceFlinger: [LayerHierarchy{RequestedLayerState{7086fb SurfaceView[com.zhiliaoapp.musically/com.ss.android.ugc.aweme.splash.SplashActivity]@0(BLAST)#156088} no children}] RelativeParent to null
03-02 00:57:22.324  1507  1507 I SurfaceFlinger: [LayerHierarchy{RequestedLayerState{7086fb SurfaceView[com.zhiliaoapp.musically/com.ss.android.ugc.aweme.splash.SplashActivity]@0#156087 z=-2} no children}] reparent to OffscreenRoot
03-02 00:57:22.324  1507  1507 I SurfaceFlinger: [LayerHierarchy{RequestedLayerState{7086fb SurfaceView[com.zhiliaoapp.musically/com.ss.android.ugc.aweme.splash.SplashActivity]@0#156087 z=-2} no children}] RelativeParent to null
03-02 00:57:22.324  1507  1507 I SurfaceFlinger: [LayerHierarchy{RequestedLayerState{Background for 836459b SurfaceView[com.zhiliaoapp.musically/com.ss.android.ugc.aweme.splash.SplashActivity]@0#156092 z=-2147483648} no children}] reparent to OffscreenRoot
03-02 00:57:22.324  1507  1507 I SurfaceFlinger: [LayerHierarchy{RequestedLayerState{Background for 836459b SurfaceView[com.zhiliaoapp.musically/com.ss.android.ugc.aweme.splash.SplashActivity]@0#156092 z=-2147483648} no children}] RelativeParent to null
03-02 00:57:22.324  1507  1507 I SurfaceFlinger: [LayerHierarchy{RequestedLayerState{836459b SurfaceView[com.zhiliaoapp.musically/com.ss.android.ugc.aweme.splash.SplashActivity]@0#156090 z=-2} 1 children}] reparent to OffscreenRoot
03-02 00:57:22.324  1507  1507 I SurfaceFlinger: [LayerHierarchy{RequestedLayerState{836459b SurfaceView[com.zhiliaoapp.musically/com.ss.android.ugc.aweme.splash.SplashActivity]@0#156090 z=-2} 1 children}] RelativeParent to null
03-02 00:57:22.324  1507  1507 I SurfaceFlinger: [LayerHierarchy{RequestedLayerState{Background for 68eb87 SurfaceView[com.zhiliaoapp.musically/com.ss.android.ugc.aweme.splash.SplashActivity]@0#156086 z=-2147483648} no children}] reparent to OffscreenRoot
03-02 00:57:22.324  1507  1507 I SurfaceFlinger: [LayerHierarchy{RequestedLayerState{Background for 68eb87 SurfaceView[com.zhiliaoapp.musically/com.ss.android.ugc.aweme.splash.SplashActivity]@0#156086 z=-2147483648} no children}] RelativeParent to null
03-02 00:57:22.324  1507  1507 I SurfaceFlinger: [LayerHierarchy{RequestedLayerState{68eb87 SurfaceView[com.zhiliaoapp.musically/com.ss.android.ugc.aweme.splash.SplashActivity]@0#156084 z=-2} 1 children}] reparent to OffscreenRoot
03-02 00:57:22.324  1507  1507 I SurfaceFlinger: [LayerHierarchy{RequestedLayerState{68eb87 SurfaceView[com.zhiliaoapp.musically/com.ss.android.ugc.aweme.splash.SplashActivity]@0#156084 z=-2} 1 children}] RelativeParent to null
03-02 00:57:22.324  1507  1507 I SurfaceFlinger: [LayerHierarchy{RequestedLayerState{68eb87 SurfaceView[com.zhiliaoapp.musically/com.ss.android.ugc.aweme.splash.SplashActivity]@0(BLAST)#156085} no children}] reparent to OffscreenRoot
03-02 00:57:22.324  1507  1507 I SurfaceFlinger: [LayerHierarchy{RequestedLayerState{68eb87 SurfaceView[com.zhiliaoapp.musically/com.ss.android.ugc.aweme.splash.SplashActivity]@0(BLAST)#156085} no children}] RelativeParent to null
03-02 00:57:22.324  1507  1507 I SurfaceFlinger: [LayerHierarchy{RequestedLayerState{Bounds for - com.zhiliaoapp.musically/com.ss.android.ugc.aweme.splash.SplashActivity@18#156083} no children}] reparent to OffscreenRoot
03-02 00:57:22.324  1507  1507 I SurfaceFlinger: [LayerHierarchy{RequestedLayerState{Bounds for - com.zhiliaoapp.musically/com.ss.android.ugc.aweme.splash.SplashActivity@18#156083} no children}] RelativeParent to null
03-02 00:57:22.324  1507  1507 I SurfaceFlinger: [LayerHierarchy{RequestedLayerState{836459b SurfaceView[com.zhiliaoapp.musically/com.ss.android.ugc.aweme.splash.SplashActivity]@0(BLAST)#156091} no children}] reparent to OffscreenRoot
03-02 00:57:22.324  1507  1507 I SurfaceFlinger: [LayerHierarchy{RequestedLayerState{836459b SurfaceView[com.zhiliaoapp.musically/com.ss.android.ugc.aweme.splash.SplashActivity]@0(BLAST)#156091} no children}] RelativeParent to null
03-02 00:57:22.325 14885 14885 I VRI[SplashActivity]@35f4eb8: stopped(true) old = false
03-02 00:57:22.325 14885 14885 D VRI[SplashActivity]@35f4eb8: WindowStopped on com.zhiliaoapp.musically/com.ss.android.ugc.aweme.splash.SplashActivity set to true
03-02 00:57:22.325 14885 15423 D HWUI    : CacheManager::trimMemory(20)
03-02 00:57:22.326 14885 14885 I System.out: SAFActivity: com.ss.android.ugc.aweme.main.MainActivity@c20428f,  onStop Start
03-02 00:57:22.327  1507  1507 I SurfaceFlinger: onHandleDestroyed: layerId=156091, name=836459b SurfaceView[com.zhiliaoapp.musically/com.ss.android.ugc.aweme.splash.SplashActivity]@0(BLAST)#156091
03-02 00:57:22.327  1507  1507 I SurfaceFlinger: id=156091 Removed 836459b SurfaceView[com.zhiliaoapp.musically/com.ss.android.ugc.aweme.splash.SplashActivity]@0(BLAST)#156091 (339)
03-02 00:57:22.327  1507  1507 I SurfaceFlinger: onHandleDestroyed: layerId=156090, name=836459b SurfaceView[com.zhiliaoapp.musically/com.ss.android.ugc.aweme.splash.SplashActivity]@0#156090
03-02 00:57:22.327  1507  1507 I SurfaceFlinger: id=156090 Removed 836459b SurfaceView[com.zhiliaoapp.musically/com.ss.android.ugc.aweme.splash.SplashActivity]@0#156090 (339)
03-02 00:57:22.327  1507  1507 I SurfaceFlinger: onHandleDestroyed: layerId=156092, name=Background for 836459b SurfaceView[com.zhiliaoapp.musically/com.ss.android.ugc.aweme.splash.SplashActivity]@0#156092
03-02 00:57:22.327  1507  1507 I SurfaceFlinger: id=156092 Removed Background for 836459b SurfaceView[com.zhiliaoapp.musically/com.ss.android.ugc.aweme.splash.SplashActivity]@0#156092 (339)
03-02 00:57:22.327  1507  1507 I SurfaceFlinger: onHandleDestroyed: layerId=156088, name=7086fb SurfaceView[com.zhiliaoapp.musically/com.ss.android.ugc.aweme.splash.SplashActivity]@0(BLAST)#156088
03-02 00:57:22.327  1507  1507 I SurfaceFlinger: id=156088 Removed 7086fb SurfaceView[com.zhiliaoapp.musically/com.ss.android.ugc.aweme.splash.SplashActivity]@0(BLAST)#156088 (339)
03-02 00:57:22.328  1507  1507 I SurfaceFlinger: onHandleDestroyed: layerId=156087, name=7086fb SurfaceView[com.zhiliaoapp.musically/com.ss.android.ugc.aweme.splash.SplashActivity]@0#156087
03-02 00:57:22.328  1507  1507 I SurfaceFlinger: id=156087 Removed 7086fb SurfaceView[com.zhiliaoapp.musically/com.ss.android.ugc.aweme.splash.SplashActivity]@0#156087 (339)
03-02 00:57:22.328  1507  1507 I SurfaceFlinger: onHandleDestroyed: layerId=156089, name=Background for 7086fb SurfaceView[com.zhiliaoapp.musically/com.ss.android.ugc.aweme.splash.SplashActivity]@0#156089
03-02 00:57:22.328  1507  1507 I SurfaceFlinger: id=156089 Removed Background for 7086fb SurfaceView[com.zhiliaoapp.musically/com.ss.android.ugc.aweme.splash.SplashActivity]@0#156089 (339)
03-02 00:57:22.328  1507  1507 I SurfaceFlinger: onHandleDestroyed: layerId=156085, name=68eb87 SurfaceView[com.zhiliaoapp.musically/com.ss.android.ugc.aweme.splash.SplashActivity]@0(BLAST)#156085
03-02 00:57:22.328  1507  1507 I SurfaceFlinger: id=156085 Removed 68eb87 SurfaceView[com.zhiliaoapp.musically/com.ss.android.ugc.aweme.splash.SplashActivity]@0(BLAST)#156085 (339)
03-02 00:57:22.328  1507  1507 I SurfaceFlinger: onHandleDestroyed: layerId=156084, name=68eb87 SurfaceView[com.zhiliaoapp.musically/com.ss.android.ugc.aweme.splash.SplashActivity]@0#156084
03-02 00:57:22.328  1507  1507 I SurfaceFlinger: id=156084 Removed 68eb87 SurfaceView[com.zhiliaoapp.musically/com.ss.android.ugc.aweme.splash.SplashActivity]@0#156084 (339)
03-02 00:57:22.328  1507  1507 I SurfaceFlinger: onHandleDestroyed: layerId=156086, name=Background for 68eb87 SurfaceView[com.zhiliaoapp.musically/com.ss.android.ugc.aweme.splash.SplashActivity]@0#156086
03-02 00:57:22.328  1507  1507 I SurfaceFlinger: id=156086 Removed Background for 68eb87 SurfaceView[com.zhiliaoapp.musically/com.ss.android.ugc.aweme.splash.SplashActivity]@0#156086 (339)
03-02 00:57:22.328  1507  1507 I SurfaceFlinger: onHandleDestroyed: layerId=156083, name=Bounds for - com.zhiliaoapp.musically/com.ss.android.ugc.aweme.splash.SplashActivity@18#156083
03-02 00:57:22.328  1507  1507 I SurfaceFlinger: id=156083 Removed Bounds for - com.zhiliaoapp.musically/com.ss.android.ugc.aweme.splash.SplashActivity@18#156083 (339)
03-02 00:57:22.332  1446  1446 I SensorsHub: queueActivate: handle 5 enable 0
03-02 00:57:22.332  1446  1446 I SensorsHub: type : 5, enable : 0
03-02 00:57:22.334 14885 17072 D SensorManager: unregisterListener
03-02 00:57:22.334  2013  4903 I MediaFocusControl: abandonAudioFocus() from uid/pid 10350/14885 clientId=android.media.AudioManager@b7fcc9dX.143s@4302512 callingPack=com.zhiliaoapp.musically
03-02 00:57:22.334  2013  4903 D AS.AudioService: [Android Auto] isConnectedAndroidAuto = false
03-02 00:57:22.335  1507  1507 I SurfaceFlinger: destroyed Background for 7086fb SurfaceView[com.zhiliaoapp.musically/com.ss.android.ugc.aweme.splash.SplashActivity]@0#156089
03-02 00:57:22.335  1507  1507 I SurfaceFlinger: destroyed 7086fb SurfaceView[com.zhiliaoapp.musically/com.ss.android.ugc.aweme.splash.SplashActivity]@0(BLAST)#156088
03-02 00:57:22.335  1507  1507 I SurfaceFlinger: destroyed 7086fb SurfaceView[com.zhiliaoapp.musically/com.ss.android.ugc.aweme.splash.SplashActivity]@0#156087
03-02 00:57:22.335  1507  1507 I SurfaceFlinger: destroyed Background for 836459b SurfaceView[com.zhiliaoapp.musically/com.ss.android.ugc.aweme.splash.SplashActivity]@0#156092
03-02 00:57:22.335  1507  1507 I SurfaceFlinger: destroyed 836459b SurfaceView[com.zhiliaoapp.musically/com.ss.android.ugc.aweme.splash.SplashActivity]@0#156090
03-02 00:57:22.335  1507  1507 I SurfaceFlinger: destroyed Background for 68eb87 SurfaceView[com.zhiliaoapp.musically/com.ss.android.ugc.aweme.splash.SplashActivity]@0#156086
03-02 00:57:22.335  1507  1507 I SurfaceFlinger: destroyed 68eb87 SurfaceView[com.zhiliaoapp.musically/com.ss.android.ugc.aweme.splash.SplashActivity]@0#156084
03-02 00:57:22.335  1507  1507 I SurfaceFlinger: destroyed 68eb87 SurfaceView[com.zhiliaoapp.musically/com.ss.android.ugc.aweme.splash.SplashActivity]@0(BLAST)#156085
03-02 00:57:22.335  1507  1507 I SurfaceFlinger: destroyed Bounds for - com.zhiliaoapp.musically/com.ss.android.ugc.aweme.splash.SplashActivity@18#156083
03-02 00:57:22.335  1507  1507 I SurfaceFlinger: destroyed 836459b SurfaceView[com.zhiliaoapp.musically/com.ss.android.ugc.aweme.splash.SplashActivity]@0(BLAST)#156091
03-02 00:57:22.338  1507  1507 I Layer   : id=156083 Destroyed Bounds for - com.zhiliaoapp.musically/com.ss.android.ugc.aweme.splash.SplashActivity@18#156083
03-02 00:57:22.339  1507  1507 I Layer   : id=156086 Destroyed Background for 68eb87 SurfaceView[com.zhiliaoapp.musically/com.ss.android.ugc.aweme.splash.SplashActivity]@0#156086
03-02 00:57:22.339  1507  1507 I Layer   : id=156084 Destroyed 68eb87 SurfaceView[com.zhiliaoapp.musically/com.ss.android.ugc.aweme.splash.SplashActivity]@0#156084
03-02 00:57:22.339  1507  1507 I Layer   : id=156085 Destroyed 68eb87 SurfaceView[com.zhiliaoapp.musically/com.ss.android.ugc.aweme.splash.SplashActivity]@0(BLAST)#156085
03-02 00:57:22.339  1507  1507 I Layer   : id=156089 Destroyed Background for 7086fb SurfaceView[com.zhiliaoapp.musically/com.ss.android.ugc.aweme.splash.SplashActivity]@0#156089
03-02 00:57:22.339  1507  1507 I Layer   : id=156087 Destroyed 7086fb SurfaceView[com.zhiliaoapp.musically/com.ss.android.ugc.aweme.splash.SplashActivity]@0#156087
03-02 00:57:22.339  1507  1507 I Layer   : id=156088 Destroyed 7086fb SurfaceView[com.zhiliaoapp.musically/com.ss.android.ugc.aweme.splash.SplashActivity]@0(BLAST)#156088
03-02 00:57:22.339  1507  1507 I Layer   : id=156092 Destroyed Background for 836459b SurfaceView[com.zhiliaoapp.musically/com.ss.android.ugc.aweme.splash.SplashActivity]@0#156092
03-02 00:57:22.339  1507  1507 I Layer   : id=156090 Destroyed 836459b SurfaceView[com.zhiliaoapp.musically/com.ss.android.ugc.aweme.splash.SplashActivity]@0#156090
03-02 00:57:22.339  1507  1507 I Layer   : id=156091 Destroyed 836459b SurfaceView[com.zhiliaoapp.musically/com.ss.android.ugc.aweme.splash.SplashActivity]@0(BLAST)#156091
03-02 00:57:22.341  2013  4903 D MediaFocusControl: selectFocusStack, uid = 10350, appDevice = 0, device = 2
03-02 00:57:22.341  2013  4903 I MediaFocusControl: removeFocusStackEntry client:android.media.AudioManager@b7fcc9dX.143s@4302512
03-02 00:57:22.353 14885 14885 I System.out: SceneSafeLifecycleDispatcher: onStopped Start
03-02 00:57:22.353 14885 14885 I System.out: SAFActivity V Scene Framework: NavigationMessageQueue postSync start
03-02 00:57:22.353 14885 14885 I System.out: SAFActivity V Scene Framework: NavigationMessageQueue postSync run current task start 14_Y.ARunnableS108S0200000_32@e964703
03-02 00:57:22.353 14885 14885 I System.out: SAFActivity V Scene Framework: NavigationSceneManager Sync Scene SAFFragmentRootScene{79e191c} Lifecycle [STARTED -> ACTIVITY_CREATED] without saved State
03-02 00:57:22.353 14885 14885 I System.out: SAFFragmentRootScene: onStop Start (SAFFragmentRootScene{79e191c})
03-02 00:57:22.357 14885 14885 I System.out: SAFActivity V Scene Framework: NavigationMessageQueue postSync run current task finish 14_Y.ARunnableS108S0200000_32@e964703
03-02 00:57:22.357 14885 14885 I System.out: SAFActivity V Scene Framework: NavigationMessageQueue postSync finish
03-02 00:57:22.357 14885 14885 I System.out: SceneSafeLifecycleDispatcher: onStopped End STOP
03-02 00:57:22.357 14885 14885 I System.out: SAFActivity: com.ss.android.ugc.aweme.main.MainActivity@c20428f,  onStop End
03-02 00:57:22.357 14885 14885 D SV[6876039 SplashActivity]: updateSurface: surface is not valid
03-02 00:57:22.357 14885 14885 I SV[6876039 SplashActivity]: releaseSurfaces: viewRoot = VRI[SplashActivity]@35f4eb8
03-02 00:57:22.357 14885 14885 D VRI[SplashActivity]@35f4eb8: applyTransactionOnDraw applyImmediately
03-02 00:57:22.358 14885 14885 D SV[7374587 SplashActivity]: updateSurface: surface is not valid
03-02 00:57:22.358 14885 14885 I SV[7374587 SplashActivity]: releaseSurfaces: viewRoot = VRI[SplashActivity]@35f4eb8
03-02 00:57:22.358 14885 14885 D VRI[SplashActivity]@35f4eb8: applyTransactionOnDraw applyImmediately
03-02 00:57:22.358 14885 14885 D SV[137774491 SplashActivity]: updateSurface: surface is not valid
03-02 00:57:22.358 14885 14885 I SV[137774491 SplashActivity]: releaseSurfaces: viewRoot = VRI[SplashActivity]@35f4eb8
03-02 00:57:22.358 14885 14885 D VRI[SplashActivity]@35f4eb8: applyTransactionOnDraw applyImmediately
03-02 00:57:22.361 14885 14885 I System.out: SAFActivity V Scene Framework: NavigationSceneManager forceExecutePendingNavigationOperation start
03-02 00:57:22.361 14885 14885 I System.out: SAFActivity V Scene Framework: NavigationMessageQueue postSync start
03-02 00:57:22.361 14885 14885 I System.out: SAFActivity V Scene Framework: NavigationMessageQueue postSync run current task start 0_Y.ARunnableS90S0000000_15@f2f57df
03-02 00:57:22.361 14885 14885 I System.out: SAFActivity V Scene Framework: NavigationMessageQueue postSync run current task finish 0_Y.ARunnableS90S0000000_15@f2f57df
03-02 00:57:22.361 14885 14885 I System.out: SAFActivity V Scene Framework: NavigationMessageQueue postSync finish
03-02 00:57:22.361 14885 14885 I System.out: SAFActivity V Scene Framework: NavigationSceneManager forceExecutePendingNavigationOperation finish
03-02 00:57:22.361 14885 14885 I System.out: SAFActivity: com.ss.android.ugc.aweme.main.MainActivity@c20428f,  onSaveInstanceState Start
03-02 00:57:22.362 14885 14885 I System.out: SceneSafeLifecycleDispatcher: onSaveInstanceState Start
03-02 00:57:22.362 14885 14885 I System.out: SAFFragmentRootScene: onSaveInstanceState Start (SAFFragmentRootScene{79e191c})
03-02 00:57:22.362 14885 14885 I System.out: SceneSafeLifecycleDispatcher: onSaveInstanceState End STOP
03-02 00:57:22.363 14885 14885 I System.out: SAFActivity: com.ss.android.ugc.aweme.main.MainActivity@c20428f,  onSaveInstanceState End
03-02 00:57:22.363 14885 14885 W System.err: onActivityPostSaveInstanceState store finished---->com.ss.android.ugc.aweme.main.MainActivity@c20428f
03-02 00:57:22.365 14885 14885 D SV[6876039 SplashActivity]: updateSurface: surface is not valid
03-02 00:57:22.365 14885 14885 I SV[6876039 SplashActivity]: releaseSurfaces: viewRoot = VRI[SplashActivity]@35f4eb8
03-02 00:57:22.365 14885 14885 D VRI[SplashActivity]@35f4eb8: applyTransactionOnDraw applyImmediately
03-02 00:57:22.366 14885 14885 D SV[7374587 SplashActivity]: updateSurface: surface is not valid
03-02 00:57:22.366 14885 14885 I SV[7374587 SplashActivity]: releaseSurfaces: viewRoot = VRI[SplashActivity]@35f4eb8
03-02 00:57:22.366 14885 14885 D VRI[SplashActivity]@35f4eb8: applyTransactionOnDraw applyImmediately
03-02 00:57:22.366 14885 14885 D SV[137774491 SplashActivity]: updateSurface: surface is not valid
03-02 00:57:22.366  1445  2902 W C2MtkBufferManager: [0xB4000070F507E520] fetchNewCcBlock: wait fence 0x0xb4000070f5058270 timed out. ret 110
03-02 00:57:22.366 14885 14885 I SV[137774491 SplashActivity]: releaseSurfaces: viewRoot = VRI[SplashActivity]@35f4eb8
03-02 00:57:22.366 14885 14885 D VRI[SplashActivity]@35f4eb8: applyTransactionOnDraw applyImmediately
03-02 00:57:22.379  1507  1507 I SurfaceFlinger: [LayerHierarchy{RequestedLayerState{com.zhiliaoapp.musically/com.ss.android.ugc.aweme.splash.SplashActivity$_14885#156080} no children}] reparent to OffscreenRoot
03-02 00:57:22.379  1507  1507 I SurfaceFlinger: [LayerHierarchy{RequestedLayerState{com.zhiliaoapp.musically/com.ss.android.ugc.aweme.splash.SplashActivity$_14885#156080} no children}] RelativeParent to null
03-02 00:57:22.382  1507  1507 I SurfaceFlinger: onHandleDestroyed: layerId=156080, name=com.zhiliaoapp.musically/com.ss.android.ugc.aweme.splash.SplashActivity$_14885#156080
03-02 00:57:22.382  1507  1507 I SurfaceFlinger: id=156080 Removed com.zhiliaoapp.musically/com.ss.android.ugc.aweme.splash.SplashActivity$_14885#156080 (329)
03-02 00:57:22.386  1507  1825 I SurfaceFlinger: Capture layer list: 	 com.podcast.app.debug/androidx.activity.ComponentActivity$_17121#156106(seamlessTransition:0)
03-02 00:57:22.390  1507  1507 I SurfaceFlinger: destroyed com.zhiliaoapp.musically/com.ss.android.ugc.aweme.splash.SplashActivity$_14885#156080
03-02 00:57:22.393  1507  1507 I Layer   : id=156080 Destroyed com.zhiliaoapp.musically/com.ss.android.ugc.aweme.splash.SplashActivity$_14885#156080
03-02 00:57:22.401 14885 17075 W System.err: FlagsHookHelper: skip hook flags method getInstanceHook
03-02 00:57:22.410 14885 15878 W NaviWarn: StackPtr is not 8-byte aligned.
03-02 00:57:22.426  5235  5235 I InputMethodService: removeImeSurface
03-02 00:57:22.426  5235  5235 I InputMethodService: cancelImeSurfaceRemoval: removeCallbacks
03-02 00:57:22.428  2013  2065 D PkgPredictorService-SecIpmManagerServiceImpl: bg information pid:14885 uid:10350 pkgName:com.zhiliaoapp.musically
03-02 00:57:22.429 14885 14885 D BBA2    : setIsFg isFg = false; delayValue 3999ms
03-02 00:57:22.439  1445  2902 W C2MtkBufferManager: [0xB4000070F507E520] fetchNewCcBlock: wait fence 0x0xb4000070f5058270 timed out. ret 110
03-02 00:57:22.481  1444  1444 I hwcomposer: [HWCDisplay] (0 updateFps():4131), (type:1, mode:2) fps:76.321632,dur:1048.20,max:86.23,min:6.62
03-02 00:57:22.486  1507  1825 I SurfaceFlinger: Capture layer list: 	 com.podcast.app.debug/androidx.activity.ComponentActivity$_17121#156106(seamlessTransition:0)
