03-02 00:57:24.978 17121 17305 I TestRunner: started: searchScreen_idle_message_is_visible(com.podcast.app.ui.SearchScreenTest)
03-02 00:57:24.981  1696  1756 E VPUD    : [ERROR] non-I slice before first I slice
03-02 00:57:24.981  1696  1756 E VPUD    : [Err] Fail to parse Slice header data structure!! -7
03-02 00:57:24.981  1696  1756 E VPUD    : [Err] Decode Slice Error -10
03-02 00:57:24.981  1696  1756 I VPUD    : [ERROR] eVDecDrvInit fail (6)!!
03-02 00:57:24.983 17121 17305 D IdlingRegistry: Registering idling resources: [androidx.compose.ui.test.EspressoLink@e47a302]
03-02 00:57:24.984  1445 18641 D C2MtkVdec: [0xB4000070F5129C00] NO_OUTPUT work returned: workId 16600000, mFrameIndex 43
03-02 00:57:24.984  1445 18641 D VCodec  : [VCodecV4L2] state: IDLE, state = 2
03-02 00:57:24.984  3202  3386 I HoneySpace.TopTaskSource: onTaskRemoved: 44876
03-02 00:57:24.985  1696  1756 I VPUD    : == vdec_codec_msg_handler() == msg_id = 0xA001, codec_id = 1
03-02 00:57:24.986  1696  1756 E VPUD    : [ERROR] non-I slice before first I slice
03-02 00:57:24.986  1696  1756 E VPUD    : [Err] Fail to parse Slice header data structure!! -7
03-02 00:57:24.986  1696  1756 E VPUD    : [Err] Decode Slice Error -10
03-02 00:57:24.986  1696  1756 I VPUD    : [ERROR] eVDecDrvInit fail (6)!!
03-02 00:57:24.987  2013  4834 I WindowManager: Relayout Window{2141cda u0 InputMethod}: viewVisibility=0 req=1080x2260 ty=2011 d0
03-02 00:57:24.987  1445 18641 D C2MtkVdec: [0xB4000070F5129C00] NO_OUTPUT work returned: workId 16567000, mFrameIndex 44
03-02 00:57:24.987  1445 18641 D VCodec  : [VCodecV4L2] state: IDLE, state = 2
03-02 00:57:24.988  1696  1756 I VPUD    : == vdec_codec_msg_handler() == msg_id = 0xA001, codec_id = 1
03-02 00:57:24.989  1696  1756 E VPUD    : [ERROR] non-I slice before first I slice
03-02 00:57:24.989  1696  1756 E VPUD    : [Err] Fail to parse Slice header data structure!! -7
03-02 00:57:24.989  1696  1756 E VPUD    : [Err] Decode Slice Error -10
03-02 00:57:24.989  2013  4834 I WindowManager: Relayout hash=2141cda, pid=5235, syncId=-1: mAttrs={(0,0)(fillxfill) gr=BOTTOM CENTER_VERTICAL sim={adjust=pan} ty=INPUT_METHOD fmt=TRANSPARENT wanim=0x7f1401fe preferredMinDisplayRefreshRate=60.0 receive insets ignoring z-order
03-02 00:57:24.989  2013  4834 I WindowManager:   fl=81800108
03-02 00:57:24.989  2013  4834 I WindowManager:   pfl=14000000
03-02 00:57:24.989  2013  4834 I WindowManager:   bhv=1
03-02 00:57:24.989  2013  4834 I WindowManager:   fitTypes=3
03-02 00:57:24.989  2013  4834 I WindowManager:   fitSides=7
03-02 00:57:24.989  2013  4834 I WindowManager:   fitIgnoreVis
03-02 00:57:24.989  2013  4834 I WindowManager:   frameRateBoostOnTouch=true
03-02 00:57:24.989  2013  4834 I WindowManager:   dvrrWindowFrameRateHint=true
03-02 00:57:24.989  2013  4834 I WindowManager:  dimAmount=0.18 dimDuration=150 naviIconColor=0}
03-02 00:57:24.989  1696  1756 I VPUD    : [ERROR] eVDecDrvInit fail (6)!!
03-02 00:57:24.989  1445 18641 D C2MtkVdec: [0xB4000070F5129C00] NO_OUTPUT work returned: workId 16633000, mFrameIndex 45
03-02 00:57:24.990  1445 18641 D VCodec  : [VCodecV4L2] state: IDLE, state = 2
03-02 00:57:24.990  1696  1756 I VPUD    : == vdec_codec_msg_handler() == msg_id = 0xA001, codec_id = 1
03-02 00:57:24.991  1696  1756 E VPUD    : [ERROR] non-I slice before first I slice
03-02 00:57:24.991  1696  1756 E VPUD    : [Err] Fail to parse Slice header data structure!! -7
03-02 00:57:24.991  1696  1756 E VPUD    : [Err] Decode Slice Error -10
03-02 00:57:24.991  1696  1756 I VPUD    : [ERROR] eVDecDrvInit fail (6)!!
03-02 00:57:24.993  5235  5235 I BLASTBufferQueue_Java: update, w= 1080 h= 2260 mName = VRI[InputMethod]@9fe5609 mNativeObject= 0xb40000772db39400 sc.mNativeObject= 0xb40000772df04300 format= -2 caller= android.view.ViewRootImpl.updateBlastSurfaceIfNeeded:3574 android.view.ViewRootImpl.relayoutWindow:11685 android.view.ViewRootImpl.performTraversals:4804 android.view.ViewRootImpl.doTraversal:3924 android.view.ViewRootImpl$TraversalRunnable.run:12903 android.view.Choreographer$CallbackRecord.run:1901
03-02 00:57:24.993  5235  5235 I VRI[InputMethod]@9fe5609: Relayout returned: old=(0,80,1080,2340) new=(0,80,1080,2340) relayoutAsync=false req=(1080,2260)0 dur=7 res=0x1 s={true 0xb40000772de81a00} ch=false seqId=0
03-02 00:57:24.993  5235  5235 I SemTspStateManager: setDeadZone() v2=0.69%,2.22%,82.18%,0.69%,1.67%, v3=null
03-02 00:57:24.994  1445 18641 D C2MtkVdec: [0xB4000070F5129C00] NO_OUTPUT work returned: workId 17200000, mFrameIndex 46
03-02 00:57:24.994  1445 18641 D VCodec  : [VCodecV4L2] state: IDLE, state = 2
03-02 00:57:24.994 17121 17305 W Settings: Setting always_finish_activities has moved from android.provider.Settings.System to android.provider.Settings.Global, returning read-only value.
03-02 00:57:24.995  1696  1756 I VPUD    : == vdec_codec_msg_handler() == msg_id = 0xA001, codec_id = 1
03-02 00:57:24.995  1696  1756 E VPUD    : [ERROR] non-I slice before first I slice
03-02 00:57:24.995  1696  1756 E VPUD    : [Err] Fail to parse Slice header data structure!! -7
03-02 00:57:24.995  1696  1756 E VPUD    : [Err] Decode Slice Error -10
03-02 00:57:24.995  1696  1756 I VPUD    : [ERROR] eVDecDrvInit fail (6)!!
03-02 00:57:24.995  5235  5235 I HBD     : a Set dead zone & edge zone for SamsungIME deadzone_v2 :  0.69%,2.22%,82.18%,0.69%,1.67%
03-02 00:57:24.998  1445 18641 D C2MtkVdec: [0xB4000070F5129C00] NO_OUTPUT work returned: workId 16933000, mFrameIndex 47
03-02 00:57:24.998  5235  5235 I VRI[InputMethod]@9fe5609: Creating new active sync group VRI[InputMethod]@9fe5609#23
03-02 00:57:24.999  1445 18641 D VCodec  : [VCodecV4L2] state: IDLE, state = 2
03-02 00:57:24.999  1696  1756 I VPUD    : == vdec_codec_msg_handler() == msg_id = 0xA001, codec_id = 1
03-02 00:57:24.999  1696  1756 E VPUD    : [ERROR] non-I slice before first I slice
03-02 00:57:24.999  1696  1756 E VPUD    : [Err] Fail to parse Slice header data structure!! -7
03-02 00:57:24.999  1696  1756 E VPUD    : [Err] Decode Slice Error -10
03-02 00:57:24.999  1696  1756 I VPUD    : [ERROR] eVDecDrvInit fail (6)!!
03-02 00:57:25.000  1445 18641 D C2MtkVdec: [0xB4000070F5129C00] NO_OUTPUT work returned: workId 16800000, mFrameIndex 48
03-02 00:57:25.000  1445 18641 D VCodec  : [VCodecV4L2] state: IDLE, state = 2
03-02 00:57:25.000  1696  1756 I VPUD    : == vdec_codec_msg_handler() == msg_id = 0xA001, codec_id = 1
03-02 00:57:25.001  1696  1756 E VPUD    : [ERROR] non-I slice before first I slice
03-02 00:57:25.001  1696  1756 E VPUD    : [Err] Fail to parse Slice header data structure!! -7
03-02 00:57:25.001  1696  1756 E VPUD    : [Err] Decode Slice Error -10
03-02 00:57:25.001  1696  1756 I VPUD    : [ERROR] eVDecDrvInit fail (6)!!
03-02 00:57:25.001  1445 18641 D C2MtkVdec: [0xB4000070F5129C00] NO_OUTPUT work returned: workId 16733000, mFrameIndex 49
03-02 00:57:25.001  1445 18641 D VCodec  : [VCodecV4L2] state: IDLE, state = 2
03-02 00:57:25.002  1696  1756 I VPUD    : == vdec_codec_msg_handler() == msg_id = 0xA001, codec_id = 1
03-02 00:57:25.002  1696  1756 E VPUD    : [ERROR] non-I slice before first I slice
03-02 00:57:25.002  1696  1756 E VPUD    : [Err] Fail to parse Slice header data structure!! -7
03-02 00:57:25.002  1696  1756 E VPUD    : [Err] Decode Slice Error -10
03-02 00:57:25.003  1696  1756 I VPUD    : [ERROR] eVDecDrvInit fail (6)!!
03-02 00:57:25.003  1445 18641 D C2MtkVdec: [0xB4000070F5129C00] NO_OUTPUT work returned: workId 16700000, mFrameIndex 50
03-02 00:57:25.004  1445 18641 D VCodec  : [VCodecV4L2] state: IDLE, state = 2
03-02 00:57:25.005  1696  1756 I VPUD    : == vdec_codec_msg_handler() == msg_id = 0xA001, codec_id = 1
03-02 00:57:25.005  1696  1756 E VPUD    : [ERROR] non-I slice before first I slice
03-02 00:57:25.005  1696  1756 E VPUD    : [Err] Fail to parse Slice header data structure!! -7
03-02 00:57:25.005  1696  1756 E VPUD    : [Err] Decode Slice Error -10
03-02 00:57:25.005  1696  1756 I VPUD    : [ERROR] eVDecDrvInit fail (6)!!
03-02 00:57:25.006  1445 18641 D C2MtkVdec: [0xB4000070F5129C00] NO_OUTPUT work returned: workId 16767000, mFrameIndex 51
03-02 00:57:25.006  1445 18641 D VCodec  : [VCodecV4L2] state: IDLE, state = 2
03-02 00:57:25.006  1696  1756 I VPUD    : == vdec_codec_msg_handler() == msg_id = 0xA001, codec_id = 1
03-02 00:57:25.007  1696  1756 E VPUD    : [ERROR] non-I slice before first I slice
03-02 00:57:25.007  1696  1756 E VPUD    : [Err] Fail to parse Slice header data structure!! -7
03-02 00:57:25.007  1696  1756 E VPUD    : [Err] Decode Slice Error -10
03-02 00:57:25.007  1696  1756 I VPUD    : [ERROR] eVDecDrvInit fail (6)!!
03-02 00:57:25.007  1445 18641 D C2MtkVdec: [0xB4000070F5129C00] NO_OUTPUT work returned: workId 16867000, mFrameIndex 52
03-02 00:57:25.007  1445 18641 D VCodec  : [VCodecV4L2] state: IDLE, state = 2
03-02 00:57:25.010  2013  2067 I ChimeraSystemEventListener: appLaunchIntent package name is: com.podcast.app.debug
03-02 00:57:25.011  5235  7686 I VRI[InputMethod]@9fe5609: mWNT: t=0xb40000771cab8a00 mBlastBufferQueue=0xb40000772db39400 fn= 3 HdrRenderState mRenderHdrSdrRatio=1.0 caller= android.view.ViewRootImpl$12.onFrameDraw:15441 android.view.ThreadedRenderer$1.onFrameDraw:718 <bottom of call stack>
03-02 00:57:25.012  5235  7686 I VRI[InputMethod]@9fe5609: Setting up sync and frameCommitCallback
03-02 00:57:25.014  2013  3441 I SemDvfsHyPerManager: acquire hyper - AMS_APP_SWITCH/2013@20, type = -999
03-02 00:57:25.014  1450  1487 I HYPER-HAL: [RequestManager.cpp]acquire(): Acquired ID : 2067581  [2013 / 20]    HINT : AMS_ACT_SWITCH    list :
03-02 00:57:25.015  1450  1487 I mtkpower_client: perf_lock_rel, hdl:76570, pid: 1450, tid:1487
03-02 00:57:25.015  1464  1492 I mtkpower@impl: [setMode] type:5, enabled:1
03-02 00:57:25.015  1464  1529 I libPowerHal: [perfLockRel] hdl:76570, idx:3
03-02 00:57:25.016  1464  1529 I libPowerHal: [PD] vendor.samsung. update cmd:1000000 param:-1 pr:6
03-02 00:57:25.016  1464  1529 I libPowerHal: [perfLockRel] Done for hdl : 76570
03-02 00:57:25.016  1450  1487 I mtkpower_client: perf_lock_acq, hdl:0, dur:0, num:2, pid:1450, tid:1487
03-02 00:57:25.016  1464  1529 I libPowerHal: [perfLockAcq] idx:3 hdl:76573 hint:-1 pid:1450 tid:1487 duration:0 lock_user:vendor.samsung. => ret_hdl:76573
03-02 00:57:25.016  1464  1529 I libPowerHal: [setDvfsrcDevFreqOpp] opp:0, freq:4266000000
03-02 00:57:25.017  1464  1529 I libPowerHal: [PE] vendor.samsung. update cmd:1000000 param:0 pr:3
03-02 00:57:25.017  1464  1529 I libPowerHal: [perfLockAcq] Done for hdl : 76573
03-02 00:57:25.017  1450  1487 I mtkpower_client: ret_hdl:76573
03-02 00:57:25.017  1450  1487 I mtkpower_client: perf_lock_rel, hdl:76564, pid: 1450, tid:1487
03-02 00:57:25.017  1464  1529 I libPowerHal: [perfLockRel] hdl:76564, idx:5
03-02 00:57:25.017  1464  1529 I libPowerHal: [PD] vendor.samsung. update cmd:400000 param:-1 pr:6
03-02 00:57:25.017  1464  1529 I libPowerHal: [recordCPUFreqInfo] set cluster[0] min(-1): -1 max(-1): -1 cluster[1] min(-1): -1 max(-1): -1
03-02 00:57:25.017  1464  1529 I libPowerHal: [perfLockRel] Done for hdl : 76564
03-02 00:57:25.018  1450  1487 I mtkpower_client: perf_lock_acq, hdl:0, dur:0, num:2, pid:1450, tid:1487
03-02 00:57:25.018  1464  1529 I libPowerHal: [perfLockAcq] idx:5 hdl:76574 hint:-1 pid:1450 tid:1487 duration:0 lock_user:vendor.samsung. => ret_hdl:76574
03-02 00:57:25.018  1464  1529 I libPowerHal: [PE] vendor.samsung. update cmd:400000 param:2000000 pr:3
03-02 00:57:25.018  1464  1529 I libPowerHal: [recordCPUFreqInfo] set cluster[0] min(vendor.samsung.): 2000000 max(-1): -1 cluster[1] min(-1): -1 max(-1): -1
03-02 00:57:25.018  1464  1529 I libPowerHal: [perfLockAcq] Done for hdl : 76574
03-02 00:57:25.018  1696  1756 I VPUD    : == vdec_codec_msg_handler() == msg_id = 0xA001, codec_id = 1
03-02 00:57:25.018  1450  1487 I mtkpower_client: ret_hdl:76574
03-02 00:57:25.019  1696  1756 E VPUD    : [ERROR] non-I slice before first I slice
03-02 00:57:25.019  1696  1756 E VPUD    : [Err] Fail to parse Slice header data structure!! -7
03-02 00:57:25.019  1696  1756 E VPUD    : [Err] Decode Slice Error -10
03-02 00:57:25.019  1696  1756 I VPUD    : [ERROR] eVDecDrvInit fail (6)!!
03-02 00:57:25.020  4784  4784 I SemDvfsHyPerManager: acquire hyper - APP_START_SHORT/4784@15, type = -999
03-02 00:57:25.020  1507  1563 I SurfaceFlinger: id=156197 createSurf, flag=24004, Task=44878#156197
03-02 00:57:25.020  1445 18641 D C2MtkVdec: [0xB4000070F5129C00] NO_OUTPUT work returned: workId 16833000, mFrameIndex 53
03-02 00:57:25.020  1445 18641 D VCodec  : [VCodecV4L2] state: IDLE, state = 2
03-02 00:57:25.021  1507  1507 I SurfaceFlinger: [Task=44878#156197] attach to parent LayerHierarchy{RequestedLayerState{DefaultTaskDisplayArea_d0#10 parentId=9} 45 children}
03-02 00:57:25.022  1450  1487 I HYPER-HAL: [RequestManager.cpp]acquire(): Acquired ID : 11517615  [4784 / 15]    HINT : APP_START    list : [TIMEOUT / 1500]
03-02 00:57:25.022  1507  1563 I SurfaceFlinger: id=156198 createSurf, flag=84004, ActivityRecord{131098132 u0 com.podcast.app.debug/androidx.activity.ComponentActivity t44878}#156198
03-02 00:57:25.022  5235  7687 I VRI[InputMethod]@9fe5609: Received frameCommittedCallback lastAttemptedDrawFrameNum=3 didProduceBuffer=true
03-02 00:57:25.024  1696  1756 I VPUD    : == vdec_codec_msg_handler() == msg_id = 0xA001, codec_id = 1
03-02 00:57:25.026  1696  1756 E VPUD    : [ERROR] non-I slice before first I slice
03-02 00:57:25.026  1696  1756 E VPUD    : [Err] Fail to parse Slice header data structure!! -7
03-02 00:57:25.026  1696  1756 E VPUD    : [Err] Decode Slice Error -10
03-02 00:57:25.026  1507  1825 I SurfaceFlinger: Capture layer list: 	 com.zhiliaoapp.musically/com.ss.android.ugc.aweme.splash.SplashActivity$_14885#156176(seamlessTransition:0)
03-02 00:57:25.026  1696  1756 I VPUD    : [ERROR] eVDecDrvInit fail (6)!!
03-02 00:57:25.028  1445 18641 D C2MtkVdec: [0xB4000070F5129C00] NO_OUTPUT work returned: workId 16900000, mFrameIndex 54
03-02 00:57:25.028  5235  5235 I HBD     : HoneyBoardService onTrimMemory 20
03-02 00:57:25.028  1445 18641 D VCodec  : [VCodecV4L2] state: IDLE, state = 2
03-02 00:57:25.029  5235  5235 I HBD     : a color = [r : 1], [g : 1], [b : 2], [alpha : 255], rgb = -16711422, isDark = true
03-02 00:57:25.029  1696  1756 I VPUD    : == vdec_codec_msg_handler() == msg_id = 0xA001, codec_id = 1
03-02 00:57:25.029  1445  2902 W C2MtkBufferManager: [0xB4000070F507E520] fetchNewCcBlock: wait fence 0x0xb4000070f5058270 timed out. ret 110
03-02 00:57:25.030  1696  1756 E VPUD    : [ERROR] non-I slice before first I slice
03-02 00:57:25.030  1696  1756 E VPUD    : [Err] Fail to parse Slice header data structure!! -7
03-02 00:57:25.030  1696  1756 E VPUD    : [Err] Decode Slice Error -10
03-02 00:57:25.030  1696  1756 I VPUD    : [ERROR] eVDecDrvInit fail (6)!!
03-02 00:57:25.033  1507  1507 I SurfaceFlinger: [ActivityRecord{131098132 u0 com.podcast.app.debug/androidx.activity.ComponentActivity t44878}#156198] attach to parent LayerHierarchy{RequestedLayerState{Task=44878#156197 parentId=10} 1 children}
03-02 00:57:25.033  5235  5235 I HBD     : a color = [r : 1], [g : 1], [b : 2], [alpha : 255], rgb = -16711422, isDark = true
03-02 00:57:25.033  1445 18641 D C2MtkVdec: [0xB4000070F5129C00] NO_OUTPUT work returned: workId 17067000, mFrameIndex 55
03-02 00:57:25.033  5235  5235 I HBD     : a color = [r : 1], [g : 1], [b : 2], [alpha : 255], rgb = -16711422, isDark = true
03-02 00:57:25.033  1445 18641 D VCodec  : [VCodecV4L2] state: IDLE, state = 2
03-02 00:57:25.034  1696  1756 I VPUD    : == vdec_codec_msg_handler() == msg_id = 0xA001, codec_id = 1
03-02 00:57:25.036  2746  2808 I ViewRootImpl: dVRR is disabled
03-02 00:57:25.037  1696  1756 E VPUD    : [ERROR] non-I slice before first I slice
03-02 00:57:25.037  1696  1756 E VPUD    : [Err] Fail to parse Slice header data structure!! -7
03-02 00:57:25.037  1696  1756 E VPUD    : [Err] Decode Slice Error -10
03-02 00:57:25.038  1696  1756 I VPUD    : [ERROR] eVDecDrvInit fail (6)!!
03-02 00:57:25.040  1445 18641 D C2MtkVdec: [0xB4000070F5129C00] NO_OUTPUT work returned: workId 17000000, mFrameIndex 56
03-02 00:57:25.040  1445 18641 D VCodec  : [VCodecV4L2] state: IDLE, state = 2
03-02 00:57:25.040  1696  1756 I VPUD    : == vdec_codec_msg_handler() == msg_id = 0xA001, codec_id = 1
03-02 00:57:25.041  2013  2731 I SemDvfsHyPerManager: acquire hyper - AMS_APP_LAUNCH/2013@17, type = -999
03-02 00:57:25.041  1450  1487 I HYPER-HAL: [RequestManager.cpp]acquire(): Acquired ID : 2061482  [2013 / 17]    HINT : AMS_APP_LAUNCH    list :
03-02 00:57:25.041  1696  1756 E VPUD    : [ERROR] non-I slice before first I slice
03-02 00:57:25.041  1696  1756 E VPUD    : [Err] Fail to parse Slice header data structure!! -7
03-02 00:57:25.041  1696  1756 E VPUD    : [Err] Decode Slice Error -10
03-02 00:57:25.042  1696  1756 I VPUD    : [ERROR] eVDecDrvInit fail (6)!!
03-02 00:57:25.042  5235  5235 I HBD     : m HoneyVoice setNavigationBarShortcut android.widget.RemoteViews@38d4452
03-02 00:57:25.042 14885 14885 I System.out: SAFActivity: com.ss.android.ugc.aweme.main.MainActivity@c20428f,  onPause Start
03-02 00:57:25.043  1445 18641 D C2MtkVdec: [0xB4000070F5129C00] NO_OUTPUT work returned: workId 16967000, mFrameIndex 57
03-02 00:57:25.044  1445 18641 D VCodec  : [VCodecV4L2] state: IDLE, state = 2
03-02 00:57:25.044  4784  4784 I SemDvfsHyPerManager: acquire hyper - APP_START/4784@17, type = -999
03-02 00:57:25.044  1696  1756 I VPUD    : == vdec_codec_msg_handler() == msg_id = 0xA001, codec_id = 1
03-02 00:57:25.044  1450  1487 I HYPER-HAL: [RequestManager.cpp]acquire(): Acquired ID : 11527218  [4784 / 17]    HINT : APP_START    list :
03-02 00:57:25.046 14885 14885 I System.out: SceneSafeLifecycleDispatcher: onPaused Start
03-02 00:57:25.046 14885 14885 I System.out: SAFActivity V Scene Framework: NavigationMessageQueue postSync start
03-02 00:57:25.046 14885 14885 I System.out: SAFActivity V Scene Framework: NavigationMessageQueue postSync run current task start 14_Y.ARunnableS108S0200000_32@d70517
03-02 00:57:25.046 14885 14885 I System.out: SAFActivity V Scene Framework: NavigationSceneManager Sync Scene SAFFragmentRootScene{79e191c} Lifecycle [RESUMED -> STARTED] without saved State
03-02 00:57:25.046 14885 14885 I System.out: SAFFragmentRootScene: onPause Start (SAFFragmentRootScene{79e191c})
03-02 00:57:25.046  1696  1756 E VPUD    : [ERROR] non-I slice before first I slice
03-02 00:57:25.046  1696  1756 E VPUD    : [Err] Fail to parse Slice header data structure!! -7
03-02 00:57:25.046  1696  1756 E VPUD    : [Err] Decode Slice Error -10
03-02 00:57:25.047  1696  1756 I VPUD    : [ERROR] eVDecDrvInit fail (6)!!
03-02 00:57:25.048  5235  5235 I HBD     : CandidateExpandButtonViewModel Init expand button state by global layout listener
03-02 00:57:25.048  1445 18641 D C2MtkVdec: [0xB4000070F5129C00] NO_OUTPUT work returned: workId 17033000, mFrameIndex 58
03-02 00:57:25.049  1445 18641 D VCodec  : [VCodecV4L2] state: IDLE, state = 2
03-02 00:57:25.049  1445 18641 D VCodec  : [VCodecV4L2] state: IDLE, state != 3
03-02 00:57:25.049  1696  1756 I VPUD    : == vdec_codec_msg_handler() == msg_id = 0xA001, codec_id = 1
03-02 00:57:25.050  3506  3506 E pageboostd: Received HALT command code 2
03-02 00:57:25.050  1696  1756 E VPUD    : [ERROR] non-I slice before first I slice
03-02 00:57:25.050  1696  1756 E VPUD    : [Err] Fail to parse Slice header data structure!! -7
03-02 00:57:25.051  1696  1756 E VPUD    : [Err] Decode Slice Error -10
03-02 00:57:25.051  1696  1756 I VPUD    : [ERROR] eVDecDrvInit fail (6)!!
03-02 00:57:25.051  2746  2870 D NativeCustomFrequencyManager: [NativeCFMS] BpCustomFrequencyManager::BpCustomFrequencyManager()
03-02 00:57:25.052  2746  2798 D ShellDesktopMode: handleRequest: TransitionRequestInfo {type=1, tid=44878, debugId=11273}
03-02 00:57:25.054  1445 18641 D C2MtkVdec: [0xB4000070F5129C00] NO_OUTPUT work returned: workId 17133000, mFrameIndex 59
03-02 00:57:25.054  1445 18641 D VCodec  : [VCodecV4L2] state: IDLE, state = 2
03-02 00:57:25.055  1696  1756 I VPUD    : == vdec_codec_msg_handler() == msg_id = 0xA001, codec_id = 1
03-02 00:57:25.056  1696  1756 E VPUD    : [ERROR] non-I slice before first I slice
03-02 00:57:25.056  1696  1756 E VPUD    : [Err] Fail to parse Slice header data structure!! -7
03-02 00:57:25.056  1696  1756 E VPUD    : [Err] Decode Slice Error -10
03-02 00:57:25.057  1696  1756 I VPUD    : [ERROR] eVDecDrvInit fail (6)!!
03-02 00:57:25.058  1445 18641 D C2MtkVdec: [0xB4000070F5129C00] NO_OUTPUT work returned: workId 17100000, mFrameIndex 60
03-02 00:57:25.058  1445 18641 D VCodec  : [VCodecV4L2] state: IDLE, state = 2
03-02 00:57:25.059  1696  1756 I VPUD    : == vdec_codec_msg_handler() == msg_id = 0xA001, codec_id = 1
03-02 00:57:25.060  1696  1756 E VPUD    : [ERROR] non-I slice before first I slice
03-02 00:57:25.060  1696  1756 E VPUD    : [Err] Fail to parse Slice header data structure!! -7
03-02 00:57:25.060  1696  1756 E VPUD    : [Err] Decode Slice Error -10
03-02 00:57:25.060  1696  1756 I VPUD    : [ERROR] eVDecDrvInit fail (6)!!
03-02 00:57:25.061  1445 18641 D C2MtkVdec: [0xB4000070F5129C00] NO_OUTPUT work returned: workId 17167000, mFrameIndex 61
03-02 00:57:25.061  1445 18641 D VCodec  : [VCodecV4L2] state: IDLE, state = 2
03-02 00:57:25.062  1696  1756 I VPUD    : == vdec_codec_msg_handler() == msg_id = 0xA001, codec_id = 1
03-02 00:57:25.063  1524  1533 D ccci_mdinit: (1):monitor_time_update_thread round:57533 ########
03-02 00:57:25.063  1696  1756 E VPUD    : [ERROR] non-I slice before first I slice
03-02 00:57:25.063  1696  1756 E VPUD    : [Err] Fail to parse Slice header data structure!! -7
03-02 00:57:25.063  1696  1756 E VPUD    : [Err] Decode Slice Error -10
03-02 00:57:25.064  1696  1756 I VPUD    : [ERROR] eVDecDrvInit fail (6)!!
03-02 00:57:25.066  1445 18641 D C2MtkVdec: [0xB4000070F5129C00] NO_OUTPUT work returned: workId 17733000, mFrameIndex 62
03-02 00:57:25.067  1445 18641 D VCodec  : [VCodecV4L2] state: IDLE, state = 2
03-02 00:57:25.067  1696  1756 I VPUD    : == vdec_codec_msg_handler() == msg_id = 0xA001, codec_id = 1
03-02 00:57:25.068  2746  2746 D NavigationBarControllerImpl: setNavigationBarShortcut requestClass : com.samsung.android.honeyboard, remoteViews : android.widget.RemoteViews@da4ce24, position : 0, priority : 12
03-02 00:57:25.069  2746  2746 D RemoteViewPack: OnSetRemoteView RemoteViewShortcut(requestClass=com.samsung.android.honeyboard, remoteViews=android.widget.RemoteViews@da4ce24, position=0, priority=12)
03-02 00:57:25.069  1696  1756 E VPUD    : [ERROR] non-I slice before first I slice
03-02 00:57:25.069  1696  1756 E VPUD    : [Err] Fail to parse Slice header data structure!! -7
03-02 00:57:25.069  1696  1756 E VPUD    : [Err] Decode Slice Error -10
03-02 00:57:25.070  1696  1756 I VPUD    : [ERROR] eVDecDrvInit fail (6)!!
03-02 00:57:25.070  1445 18641 D C2MtkVdec: [0xB4000070F5129C00] NO_OUTPUT work returned: workId 17467000, mFrameIndex 63
03-02 00:57:25.070  1445 18641 D VCodec  : [VCodecV4L2] state: IDLE, state = 2
03-02 00:57:25.072  1646  2917 I CameraService: onUidStateChanged: uid=10062, procState is changed. (0 -> 1)
03-02 00:57:25.072  2746  2746 D NavBarStateManager: NavBarStates(0) isGameMode: false
03-02 00:57:25.072  1696  1756 I VPUD    : == vdec_codec_msg_handler() == msg_id = 0xA001, codec_id = 1
03-02 00:57:25.073  1696  1756 E VPUD    : [ERROR] non-I slice before first I slice
03-02 00:57:25.073  1696  1756 E VPUD    : [Err] Fail to parse Slice header data structure!! -7
03-02 00:57:25.073  1696  1756 E VPUD    : [Err] Decode Slice Error -10
03-02 00:57:25.074  2746  2746 D NavBarStateManager: NavBarStates(0) canUseNavBarBackgroundFrame: true
03-02 00:57:25.074  1696  1756 I VPUD    : [ERROR] eVDecDrvInit fail (6)!!
03-02 00:57:25.076  1445 18641 D C2MtkVdec: [0xB4000070F5129C00] NO_OUTPUT work returned: workId 17333000, mFrameIndex 64
03-02 00:57:25.076  2991  3778 D SatelliteController: isInCarrierRoamingNbIotNtn: satellite is disabled
03-02 00:57:25.077  1445 18641 D VCodec  : [VCodecV4L2] state: IDLE, state = 2
03-02 00:57:25.079  2013  4834 D InputTransport: Input channel constructed: '36e1957', fd=964
03-02 00:57:25.079  2013  4834 D InputTransport: Input channel constructed: '36e1957', fd=1074
03-02 00:57:25.079  1696  1756 I VPUD    : == vdec_codec_msg_handler() == msg_id = 0xA001, codec_id = 1
03-02 00:57:25.079  2013  4834 D InputTransport: Input channel constructed: '36e1957', fd=1083
03-02 00:57:25.079  2013  4834 D InputTransport: Input channel destroyed: '36e1957', fd=1074
03-02 00:57:25.080  1507  2393 I SurfaceFlinger: id=156199 createSurf, flag=84004, 36e1957 Splash Screen com.podcast.app.debug#156199
03-02 00:57:25.082  1696  1756 E VPUD    : [ERROR] non-I slice before first I slice
03-02 00:57:25.082  1696  1756 E VPUD    : [Err] Fail to parse Slice header data structure!! -7
03-02 00:57:25.082  1696  1756 E VPUD    : [Err] Decode Slice Error -10
03-02 00:57:25.082  1696  1756 I VPUD    : [ERROR] eVDecDrvInit fail (6)!!
03-02 00:57:25.083  1445 18641 D C2MtkVdec: [0xB4000070F5129C00] NO_OUTPUT work returned: workId 17267000, mFrameIndex 65
03-02 00:57:25.083  2746  3671 D SoundCraft.PlayingAudioConditionHandler: onPlaybackConfigChanged : lastStartedPackageName=com.zhiliaoapp.musically, lastStartedUid=10350, newStartedUid=-1, newStartPackageName=null, thread=Thread[RoutineHandlerThread,5,main]
03-02 00:57:25.085  1445 18641 D VCodec  : [VCodecV4L2] state: IDLE, state = 2
03-02 00:57:25.085  1696  1756 I VPUD    : == vdec_codec_msg_handler() == msg_id = 0xA001, codec_id = 1
03-02 00:57:25.086  2013  4834 D InputTransport: Input channel destroyed: '36e1957', fd=1083
03-02 00:57:25.086 14885 14885 I System.out: SAFFragmentRootScene: onWindowFocusChanged: com.ss.android.ugc.aweme.main.MainRootFragment, MainRootFragment{e89d275} (8a90a2f7-f51b-4f8d-88b5-38e0125851ad tag=root_fragment), true (SAFFragmentRootScene{79e191c})
03-02 00:57:25.087  2013  2013 D MediaSessionService: Audio playback is changed, config=AudioPlaybackConfiguration piid:92743 deviceIds:[3] type:android.media.AudioTrack u/pid:10350/14885 state:paused attr:AudioAttributes: usage=USAGE_MEDIA content=CONTENT_TYPE_UNKNOWN flags=0xA00 tags= bundle=null sessionId:126033 mutedState:none  FormatInfo{isSpatialized=false, channelMask=0x3, sampleRate=44100}, removed=false
03-02 00:57:25.087  1696  1756 E VPUD    : [ERROR] non-I slice before first I slice
03-02 00:57:25.087  1696  1756 E VPUD    : [Err] Fail to parse Slice header data structure!! -7
03-02 00:57:25.087  1696  1756 E VPUD    : [Err] Decode Slice Error -10
03-02 00:57:25.088  1507  1507 I SurfaceFlinger: [36e1957 Splash Screen com.podcast.app.debug#156199] attach to parent LayerHierarchy{RequestedLayerState{ActivityRecord{131098132 u0 com.podcast.app.debug/androidx.activity.ComponentActivity t44878}#156198 parentId=156197} 1 children}
03-02 00:57:25.088  1696  1756 I VPUD    : [ERROR] eVDecDrvInit fail (6)!!
03-02 00:57:25.088  2746  2808 D InputTransport: Input channel constructed: '36e1957', fd=608
03-02 00:57:25.088  1445 18641 D C2MtkVdec: [0xB4000070F5129C00] NO_OUTPUT work returned: workId 17233000, mFrameIndex 66
03-02 00:57:25.089  1445 18641 D VCodec  : [VCodecV4L2] state: IDLE, state = 2
03-02 00:57:25.089  2991  3757 I LocationAccessPolicy: checkLocationPermission - callingUid: 10492, callingPid: 14636, result: DENIED_SOFT
03-02 00:57:25.089  2991  3757 I LocationAccessPolicy: checkLocationPermission - callingUid: 10492, callingPid: 14636, result: DENIED_SOFT
03-02 00:57:25.089  2746  2808 I InsetsController: onStateChanged: host=Splash Screen com.podcast.app.debug, from=android.view.ViewRootImpl.onInsetsStateChanged:3026, state=InsetsState: {mDisplayFrame=Rect(0, 0 - 1080, 2340), mDisplayCutout=DisplayCutout{insets=Rect(0, 80 - 0, 0) waterfall=Insets{left=0, top=0, right=0, bottom=0} boundingRect={Bounds=[Rect(0, 0 - 0, 0), Rect(472, 0 - 608, 80), Rect(0, 0 - 0, 0), Rect(0, 0 - 0, 0)]} cutoutPathParserInfo={CutoutPathParserInfo{displayWidth=1080 displayHeight=2340 physicalDisplayWidth=1080 physicalDisplayHeight=2340 density={2.8125} cutoutSpec={M 0,0 H -24.177777778 V 28.4444444444 H 24.177777778 V 0 H 0 Z @dp} rotation={0} scale={1.0} physicalPixelDisplaySizeRatio={1.0}}} sideOverrides={}}, mRoundedCorners=RoundedCorners{[RoundedCorner{position=TopLeft, radius=113, center=Point(113, 113)}, RoundedCorner{position=TopRight, radius=113, center=Point(967, 113)}, RoundedCorner{position=BottomRight, radius=113, center=Point(967, 2227)}, RoundedCorner{position=BottomLeft, radius=113, center=Point(113, 2227)}]}  mRoundedCornerFrame=Rect(0, 0 - 1080, 2340), mPrivacyIndicatorBounds=PrivacyIndicatorBounds {static bounds=Rect(956, 0 - 1080, 80) rotation=0}, mDisplayShape=DisplayShape{ spec=-311912193 displayWidth=1080 displayHeight=2340 physicalPixelDisplaySizeRatio=1.0 rotation=0 offsetX=0 offsetY=0 scale=1.0}, mSources= { InsetsSource: {e9af0000 mType=statusBars mFrame=[0,0][1080,80] mVisible=true mFlags= mSideHint=TOP mBoundingRects=null}, InsetsSource: {e9af0005 mType=mandatorySystemGestures mFrame=[0,0][1080,114] mVisible=true mFlags= mSideHint=TOP mBoundingRects=null}, InsetsSource: {e9af0006 mType=tappableElement mFrame=[0,0][1080,80] mVisible=true mFlags= mSideHint=TOP mBoundingRects=null}, InsetsSource: {27 mType=displayCutout mFrame=[0,0][1080,80] mVisible=true mFlags= mSideHint=TOP mBoundingRects=null}, InsetsSource: {26ed0001 mType=navigationBars mFrame=[0,2298][1080,2340] mVisible=true mFlags=SUPPRESS_SCRIM mSideHint=BOTTOM mBoundingRects=null}, InsetsSource: {26ed0004 mType=systemGestures mFrame=[0,0][84,2340] mVisible=true mFlags= mSideHint=LEFT mBoundingRects=null}, InsetsSource: {26ed0005 mType=mandatorySystemGestures mFrame=[0,2250][1080,2340] mVisible=true mFlags= mSideHint=BOTTOM mBoundingRects=null}, InsetsSource: {26ed0006 mType=tappableElement mFrame=[0,0][0,0] mVisible=true mFlags= mSideHint=NONE mBoundingRects=null}, InsetsSource: {26ed0024 mType=systemGestures mFrame=[996,0][1080,2340] mVisible=true mFlags= mSideHint=RIGHT mBoundingRects=null} }
03-02 00:57:25.089  2746  2808 I VRI[debug]@8e2c7db: onActiveControlsChanged, removed=false, mAdded=true, caller=android.view.ViewRootImpl.handleInsetsControlChanged:3002 android.view.ViewRootImpl.setView:2014 android.view.WindowManagerGlobal.addView:604 com.android.wm.shell.startingsurface.SplashscreenWindowCreator.addWindow:38 com.android.wm.shell.startingsurface.StartingWindowController$$ExternalSyntheticLambda4.run:1365
03-02 00:57:25.089  2746  2808 I VRI[debug]@8e2c7db: synced displayState. AttachInfo displayState=2
03-02 00:57:25.089  1696  1756 I VPUD    : == vdec_codec_msg_handler() == msg_id = 0xA001, codec_id = 1
03-02 00:57:25.089  2746  2808 I VRI[debug]@8e2c7db: setView = android.widget.FrameLayout@c69d98e IsHRR=false mFlingFrameRateChange=0 TM=true
03-02 00:57:25.090  1696  1756 E VPUD    : [ERROR] non-I slice before first I slice
03-02 00:57:25.090  1696  1756 E VPUD    : [Err] Fail to parse Slice header data structure!! -7
03-02 00:57:25.090  1696  1756 E VPUD    : [Err] Decode Slice Error -10
03-02 00:57:25.090 14885 14885 I System.out: SAFActivity V Scene Framework: NavigationMessageQueue postSync run current task finish 14_Y.ARunnableS108S0200000_32@d70517
03-02 00:57:25.090  1696  1756 I VPUD    : [ERROR] eVDecDrvInit fail (6)!!
03-02 00:57:25.090 14885 14885 I System.out: SAFActivity V Scene Framework: NavigationMessageQueue postSync finish
03-02 00:57:25.090 14885 14885 I System.out: SceneSafeLifecycleDispatcher: onPaused End PAUSE
03-02 00:57:25.090 14885 14885 I System.out: SAFActivity: com.ss.android.ugc.aweme.main.MainActivity@c20428f,  onPause End
03-02 00:57:25.091  2746  2870 D HWUI    : HWUI - treat SMPTE_170M as sRGB
03-02 00:57:25.091  1445 18641 D C2MtkVdec: [0xB4000070F5129C00] NO_OUTPUT work returned: workId 17300000, mFrameIndex 67
03-02 00:57:25.091  2013  2013 D MediaSessionStack: updateMediaButtonSessionIfNeeded, callers=com.android.server.media.AudioPlayerStateMonitor$MessageHandler.handleMessage:19 android.os.Handler.dispatchMessage:110
03-02 00:57:25.091  2013  2013 D MediaSessionStack: updateMediaButtonSessionIfNeeded, skipping uid=10350
03-02 00:57:25.091  2013  2013 D MediaSessionStack: updateMediaButtonSessionIfNeeded, skipping uid=10342
03-02 00:57:25.091  2013  2013 D MediaSessionStack: updateMediaButtonSessionIfNeeded, skipping uid=10317
03-02 00:57:25.091  2013  2013 D MediaSessionStack: updateMediaButtonSessionIfNeeded, skipping uid=10672
03-02 00:57:25.092  1445 18641 D VCodec  : [VCodecV4L2] state: IDLE, state = 2
03-02 00:57:25.092  1696  1756 I VPUD    : == vdec_codec_msg_handler() == msg_id = 0xA001, codec_id = 1
03-02 00:57:25.093  5235  5235 I InputMethod: hideSoftInput(): flags=0
03-02 00:57:25.094  1696  1756 E VPUD    : [ERROR] non-I slice before first I slice
03-02 00:57:25.094  1696  1756 E VPUD    : [Err] Fail to parse Slice header data structure!! -7
03-02 00:57:25.094  1696  1756 E VPUD    : [Err] Decode Slice Error -10
03-02 00:57:25.094  3438  3438 I EPDG -- SIM1 [SMARTCELLULAR]: onSignalStrengthsChanged: SignalStrength:{mCdma=Invalid,mGsm=Invalid,mWcdma=Invalid,mTdscdma=Invalid,mLte=CellSignalStrengthLte: rssi=-103 rsrp=-102 rsrq=-12 rssnr=2 cqiTableIndex=2147483647 cqi=2147483647 ta=2147483647 level=3 parametersUseForLevel=0,mNr=Invalid,SignalBarInfo{ lteLevel=3 },rat=14,primary=CellSignalStrengthLte}
03-02 00:57:25.094  1696  1756 I VPUD    : [ERROR] eVDecDrvInit fail (6)!!
03-02 00:57:25.094  3438  4448 I EPDG -- SIM1 [SMARTCELLULAR]: lastLteRSRP is -102 currentLteRSRP is -102 lastLteRSRQ is -11 currentLteRSRQ is -12 lastLteSNR is 2 currentLteSNR is 2
03-02 00:57:25.095  1445 18641 D C2MtkVdec: [0xB4000070F5129C00] NO_OUTPUT work returned: workId 17400000, mFrameIndex 68
03-02 00:57:25.096  1445 18641 D VCodec  : [VCodecV4L2] state: IDLE, state = 2
03-02 00:57:25.096  1696  1756 I VPUD    : == vdec_codec_msg_handler() == msg_id = 0xA001, codec_id = 1
03-02 00:57:25.097  1696  1756 E VPUD    : [ERROR] non-I slice before first I slice
03-02 00:57:25.097  1696  1756 E VPUD    : [Err] Fail to parse Slice header data structure!! -7
03-02 00:57:25.097  1696  1756 E VPUD    : [Err] Decode Slice Error -10
03-02 00:57:25.097  1696  1756 I VPUD    : [ERROR] eVDecDrvInit fail (6)!!
03-02 00:57:25.098  1445 18641 D C2MtkVdec: [0xB4000070F5129C00] NO_OUTPUT work returned: workId 17367000, mFrameIndex 69
03-02 00:57:25.099  1445 18641 D VCodec  : [VCodecV4L2] state: IDLE, state = 2
03-02 00:57:25.100  1696  1756 I VPUD    : == vdec_codec_msg_handler() == msg_id = 0xA001, codec_id = 1
03-02 00:57:25.100  5235  5235 I HBD     : HoneyBoardService onFinishInputView finishingInput= false
03-02 00:57:25.100  5235  5235 I HBD     : a [UpdatePolicy] [post] a: 3 cl: 65538 kit: [0/0] vt: 0 ir: 1
03-02 00:57:25.100  5235  5235 I HBD     : f processFinishInputView
03-02 00:57:25.100  5235  5235 I HBD     : a stopRunningTimers
03-02 00:57:25.100  1696  1756 E VPUD    : [ERROR] non-I slice before first I slice
03-02 00:57:25.101  1696  1756 E VPUD    : [Err] Fail to parse Slice header data structure!! -7
03-02 00:57:25.101  1696  1756 E VPUD    : [Err] Decode Slice Error -10
03-02 00:57:25.101  1696  1756 I VPUD    : [ERROR] eVDecDrvInit fail (6)!!
03-02 00:57:25.102  1445  2902 W C2MtkBufferManager: [0xB4000070F507E520] fetchNewCcBlock: wait fence 0x0xb4000070f5058270 timed out. ret 110
03-02 00:57:25.102  1445 18641 D C2MtkVdec: [0xB4000070F5129C00] NO_OUTPUT work returned: workId 17433000, mFrameIndex 70
03-02 00:57:25.102  2991  3810 I LocationAccessPolicy: checkLocationPermission - callingUid: 10492, callingPid: 14636, result: DENIED_SOFT
03-02 00:57:25.103  2991  3810 I LocationAccessPolicy: checkLocationPermission - callingUid: 10492, callingPid: 14636, result: DENIED_SOFT
03-02 00:57:25.103  1445 18641 D VCodec  : [VCodecV4L2] state: IDLE, state = 2
03-02 00:57:25.103  1696  1756 I VPUD    : == vdec_codec_msg_handler() == msg_id = 0xA001, codec_id = 1
03-02 00:57:25.104  1696  1756 E VPUD    : [ERROR] non-I slice before first I slice
03-02 00:57:25.104  1696  1756 E VPUD    : [Err] Fail to parse Slice header data structure!! -7
03-02 00:57:25.104  1696  1756 E VPUD    : [Err] Decode Slice Error -10
03-02 00:57:25.104  1696  1756 I VPUD    : [ERROR] eVDecDrvInit fail (6)!!
03-02 00:57:25.105  2013  3648 D InputDispatcher: Focused application(0): ActivityRecord{131098132 u0 com.podcast.app.debug/androidx.activity.ComponentActivity t44878}
03-02 00:57:25.105  1445 18641 D C2MtkVdec: [0xB4000070F5129C00] NO_OUTPUT work returned: workId 17600000, mFrameIndex 71
03-02 00:57:25.105  1445 18641 D VCodec  : [VCodecV4L2] state: IDLE, state = 2
03-02 00:57:25.106  1696  1756 I VPUD    : == vdec_codec_msg_handler() == msg_id = 0xA001, codec_id = 1
03-02 00:57:25.106  1696  1756 E VPUD    : [ERROR] non-I slice before first I slice
03-02 00:57:25.106  1696  1756 E VPUD    : [Err] Fail to parse Slice header data structure!! -7
03-02 00:57:25.106  1696  1756 E VPUD    : [Err] Decode Slice Error -10
03-02 00:57:25.106  5235  5235 I HBD     : c [PF_EN] saveUserData() 6
03-02 00:57:25.107  1696  1756 I VPUD    : [ERROR] eVDecDrvInit fail (6)!!
03-02 00:57:25.108  1445 18641 D C2MtkVdec: [0xB4000070F5129C00] NO_OUTPUT work returned: workId 17533000, mFrameIndex 72
03-02 00:57:25.108  5235  5235 I HBD     : o0 EBD reset pbc:0 pdc:0
03-02 00:57:25.108  5235  5235 I HBD     : v historic wpmWordCount:30 wpmSessionTime:299932 wpmPauseTime:26505 wpm:6
03-02 00:57:25.108  5235  5235 I HBD     : v historic(rounded) wpmWordCount:30 wpmSessionTime:299932 wpmPauseTime:26505 wpm:6
03-02 00:57:25.108  2013  3645 D GraphicsStatsService: requestRenderEngineFor(com.podcast.app.debug)
03-02 00:57:25.108  1445 18641 D VCodec  : [VCodecV4L2] state: IDLE, state = 2
03-02 00:57:25.108  5235  5235 I HBD     : e unbindCurrentHoneyBoard : text_board
03-02 00:57:25.108  5235  5235 I HBD     : a onUnbind
03-02 00:57:25.108  1445 18641 D VCodec  : [VCodecV4L2] state: IDLE, state != 3
03-02 00:57:25.108  5235  5235 I HBD     : e expression state[false], searchState[0]
03-02 00:57:25.109  1696  1756 I VPUD    : == vdec_codec_msg_handler() == msg_id = 0xA001, codec_id = 1
03-02 00:57:25.109  1696  1756 E VPUD    : [ERROR] non-I slice before first I slice
03-02 00:57:25.109  1696  1756 E VPUD    : [Err] Fail to parse Slice header data structure!! -7
03-02 00:57:25.109  1696  1756 E VPUD    : [Err] Decode Slice Error -10
03-02 00:57:25.110  1696  1756 I VPUD    : [ERROR] eVDecDrvInit fail (6)!!
03-02 00:57:25.111  1445 18641 D C2MtkVdec: [0xB4000070F5129C00] NO_OUTPUT work returned: workId 17500000, mFrameIndex 73
03-02 00:57:25.111  1445 18641 D VCodec  : [VCodecV4L2] state: IDLE, state = 2
03-02 00:57:25.112  1696  1756 I VPUD    : == vdec_codec_msg_handler() == msg_id = 0xA001, codec_id = 1
03-02 00:57:25.112  1696  1756 E VPUD    : [ERROR] non-I slice before first I slice
03-02 00:57:25.112  1696  1756 E VPUD    : [Err] Fail to parse Slice header data structure!! -7
03-02 00:57:25.112  1696  1756 E VPUD    : [Err] Decode Slice Error -10
03-02 00:57:25.113  1696  1756 I VPUD    : [ERROR] eVDecDrvInit fail (6)!!
03-02 00:57:25.114  5235 18670 I HBD     : a [HBIC] requestCursorUpdates 0
03-02 00:57:25.115  1445 18641 D C2MtkVdec: [0xB4000070F5129C00] NO_OUTPUT work returned: workId 17567000, mFrameIndex 74
03-02 00:57:25.115  1445 18641 D VCodec  : [VCodecV4L2] state: IDLE, state = 2
03-02 00:57:25.116  1696  1756 I VPUD    : == vdec_codec_msg_handler() == msg_id = 0xA001, codec_id = 1
03-02 00:57:25.116  1696  1756 E VPUD    : [ERROR] non-I slice before first I slice
03-02 00:57:25.116  1696  1756 E VPUD    : [Err] Fail to parse Slice header data structure!! -7
03-02 00:57:25.116  1696  1756 E VPUD    : [Err] Decode Slice Error -10
03-02 00:57:25.116  1696  1756 I VPUD    : [ERROR] eVDecDrvInit fail (6)!!
03-02 00:57:25.117  1445 18641 D C2MtkVdec: [0xB4000070F5129C00] NO_OUTPUT work returned: workId 17667000, mFrameIndex 75
03-02 00:57:25.117  5235  5235 I HBD     : a clear BaseLanguageRepo
03-02 00:57:25.118  5235  5235 I HBD     : MultiModalSwitcher onFinishInputView
03-02 00:57:25.118  1445 18641 D VCodec  : [VCodecV4L2] state: IDLE, state = 2
03-02 00:57:25.118  2991  3757 I LocationAccessPolicy: checkLocationPermission - callingUid: 10492, callingPid: 14636, result: DENIED_SOFT
03-02 00:57:25.118  5235  5235 I HBD     : m HoneyVoice setNavigationBarShortcut null
03-02 00:57:25.118  2991  3757 I LocationAccessPolicy: checkLocationPermission - callingUid: 10492, callingPid: 14636, result: DENIED_SOFT
03-02 00:57:25.118  1696  1756 I VPUD    : == vdec_codec_msg_handler() == msg_id = 0xA001, codec_id = 1
03-02 00:57:25.119  1696  1756 E VPUD    : [ERROR] non-I slice before first I slice
03-02 00:57:25.119  1696  1756 E VPUD    : [Err] Fail to parse Slice header data structure!! -7
03-02 00:57:25.119  1696  1756 E VPUD    : [Err] Decode Slice Error -10
03-02 00:57:25.119  1696  1756 I VPUD    : [ERROR] eVDecDrvInit fail (6)!!
03-02 00:57:25.120  5235 18671 I HBD     : g [SKE_LM] saveDynamicModel,  false ,  false
03-02 00:57:25.120  1484  1921 D DlbEffectContext: setParam() received parameter EFFECT_PARAM_SEEK
03-02 00:57:25.120  1484  1921 D DlbEffectContext: handleSeek(seek operation starts, current profile is 2)
03-02 00:57:25.120  1484  1921 D DlbEffectContext: transformExternalGain() volume:0x0 fVol:0.000000 extVal:-2080
03-02 00:57:25.120  1484  1921 D DlbEndpointParamCache: commitChangedParams()
03-02 00:57:25.120  1484  1921 D DlbEndpointParamCache: commit() Applying parameters for device 0x40000000
03-02 00:57:25.120  1484  1921 D DlbDap2Process: setParam(preg = #1[-2080])
03-02 00:57:25.120  1484  1921 D DlbDap2Process: setSystemGain(vol = 0)
03-02 00:57:25.120  1484  1921 D DlbDap2Process: setParam(svol = #1[-2080])
03-02 00:57:25.120  1484  1921 D DlbEndpointParamCache: doCommit() Committed 2 parameters out of 15.
03-02 00:57:25.120  1484  1921 D DlbEndpointParamCache: commit() Overriding parameters for current device 0x00000002
03-02 00:57:25.120  1484  1921 D DlbEndpointParamCache: doCommit() Committed 0 parameters out of 60.
03-02 00:57:25.120  1484  1921 I SoundBoosterEffectPlus: SB_setVolume(0xb400007075106040)
03-02 00:57:25.120  1484  1921 I SoundBoosterEffectPlus: command EFFECT_CMD_SET_VOLUME left = 0.000000, right =0.000000
03-02 00:57:25.120  1484  1921 I SoundBooster_Interface2000_a64: BuffClear() mMode: 1
03-02 00:57:25.120  1484  1921 I SoundBoosterEffectPlus: SB_reset SoundBooster sessionId(-2102)
03-02 00:57:25.120  1484  1921 I SAG_EQ a64: SetVolumeFloat() inst_num [424238335] VolumeFloat [-100.000000] mModeFW [1] mMode [1]
03-02 00:57:25.120  1484  1921 I SAG_EQ a64: mIsVolumeTableValid yes
03-02 00:57:25.120  1484  1921 I SAG_EQ a64: SetVolume() VolumeIndexInt [1]
03-02 00:57:25.120  1445 18641 D C2MtkVdec: [0xB4000070F5129C00] NO_OUTPUT work returned: workId 17633000, mFrameIndex 76
03-02 00:57:25.121  1439 32089 D MTKAdapterStreamLayer: updateMetadataCommon(),
03-02 00:57:25.121  1445 18641 D VCodec  : [VCodecV4L2] state: IDLE, state = 2
03-02 00:57:25.122  1484  1921 I SoundBooster_Interface2000_a64: [AE_LOG] Exe() mMode : 1,  n : 2048    VolumeIndexFloat : -100.000000 mSamplingRate : 48000
03-02 00:57:25.123  1484  1921 I SoundBooster_Interface2000_a64: BuffClear_apply() mMode: 1
03-02 00:57:25.123  1484  1921 I SoundAlive_Interface_a64: [dB = -100.000000 ]
03-02 00:57:25.123  1696  1756 I VPUD    : == vdec_codec_msg_handler() == msg_id = 0xA001, codec_id = 1
03-02 00:57:25.125  5235  5235 I HBD     : HoneyBoardService [PF_CL][onFinishInputView]  25 ms
03-02 00:57:25.125  5235  5235 I HBD     : b showInputView requested current = true, applyNow = false
03-02 00:57:25.125  3202  3386 I HoneySpace.TopTaskSource: onTaskMovedToFront : taskId = 44878, displayId = 0
03-02 00:57:25.125  1696  1756 E VPUD    : [ERROR] non-I slice before first I slice
03-02 00:57:25.125  1696  1756 E VPUD    : [Err] Fail to parse Slice header data structure!! -7
03-02 00:57:25.125  1696  1756 E VPUD    : [Err] Decode Slice Error -10
03-02 00:57:25.125  5235  5235 I HBD     : HoneyBoardService onWindowHidden
03-02 00:57:25.125  1696  1756 I VPUD    : [ERROR] eVDecDrvInit fail (6)!!
03-02 00:57:25.125  5235  5235 I HBD     : HoneyBoardService [PF_CL][onWindowHidden]  0 ms
03-02 00:57:25.126  1445 18641 D C2MtkVdec: [0xB4000070F5129C00] NO_OUTPUT work returned: workId 17700000, mFrameIndex 77
03-02 00:57:25.126  2746  2746 D NavigationBarControllerImpl: setNavigationBarShortcut requestClass : com.samsung.android.honeyboard, remoteViews : null, position : 0, priority : 12
03-02 00:57:25.126  2746  2746 D RemoteViewPack: OnSetRemoteView RemoteViewShortcut(requestClass=com.samsung.android.honeyboard, remoteViews=null, position=0, priority=12)
03-02 00:57:25.126  2746  2746 D NavBarStateManager: NavBarStates(0) isGameMode: false
03-02 00:57:25.127  1445 18641 D VCodec  : [VCodecV4L2] state: IDLE, state = 2
03-02 00:57:25.127  3202 10541 I HoneySpace.RecentTasks: onRecentTasksChanged
03-02 00:57:25.128  1696  1756 I VPUD    : == vdec_codec_msg_handler() == msg_id = 0xA001, codec_id = 1
03-02 00:57:25.128  1696  1756 E VPUD    : [ERROR] non-I slice before first I slice
03-02 00:57:25.128  1696  1756 E VPUD    : [Err] Fail to parse Slice header data structure!! -7
03-02 00:57:25.128  1696  1756 E VPUD    : [Err] Decode Slice Error -10
03-02 00:57:25.129  1696  1756 I VPUD    : [ERROR] eVDecDrvInit fail (6)!!
03-02 00:57:25.130  3202  3918 I HoneySpace.RecentTasks: onRecentTasksChanged
03-02 00:57:25.131  1445 18641 D C2MtkVdec: [0xB4000070F5129C00] NO_OUTPUT work returned: workId 18267000, mFrameIndex 78
03-02 00:57:25.131  1445 18641 D VCodec  : [VCodecV4L2] state: IDLE, state = 2
03-02 00:57:25.132  1696  1756 I VPUD    : == vdec_codec_msg_handler() == msg_id = 0xA001, codec_id = 1
03-02 00:57:25.132  1696  1756 E VPUD    : [ERROR] non-I slice before first I slice
03-02 00:57:25.132  1696  1756 E VPUD    : [Err] Fail to parse Slice header data structure!! -7
03-02 00:57:25.132  1696  1756 E VPUD    : [Err] Decode Slice Error -10
03-02 00:57:25.133  2746  2746 D NavBarStateManager: NavBarStates(0) canUseNavBarBackgroundFrame: true
03-02 00:57:25.134  1696  1756 I VPUD    : [ERROR] eVDecDrvInit fail (6)!!
03-02 00:57:25.136  1445 18641 D C2MtkVdec: [0xB4000070F5129C00] NO_OUTPUT work returned: workId 18000000, mFrameIndex 79
03-02 00:57:25.136  1507  1507 D SurfaceFlinger: Display 4627039422300187648 HWC layers:
03-02 00:57:25.136  1507  1507 D SurfaceFlinger:   SOLID_COLOR |                        0 | 00000002 | N/A          |    0.0    0.0    0.0    0.0 |    0    0   -1   -1 | Background for 68eb87 SurfaceView[co[...]weme.splash.SplashActivity]@0#156181 (0)
03-02 00:57:25.136  1507  1507 D SurfaceFlinger:   SOLID_COLOR |                        0 | 00000002 | N/A          |    0.0    0.0    0.0    0.0 |    0    0   -1   -1 | Background for 836459b SurfaceView[c[...]weme.splash.SplashActivity]@0#156187 (0)
03-02 00:57:25.136  1507  1507 D SurfaceFlinger:   SOLID_COLOR |                        0 | 00000002 | N/A          |    0.0    0.0    0.0    0.0 |    0   80 1080 2000 | Background for 7086fb SurfaceView[co[...]weme.splash.SplashActivity]@0#156191 (0)
03-02 00:57:25.136  1507  1507 D SurfaceFlinger:        DEVICE |           63930588202118 | 00002100 | RGBA_8888    |    0.0    0.0 1080.0 2340.0 |    0    0 1080 2340 | com.zhiliaoapp.musically/com.ss.andr[...].splash.SplashActivity$_14885#156176 (6)
03-02 00:57:25.136  1507  1507 D SurfaceFlinger:        DEVICE |           75299366633548 | 00002102 | RGBA_8888    |    0.0    0.0    0.0    0.0 |    0    0   -1   -1 | com.podcast.app.debug.test/androidx.[...]yInvoker$
03-02 00:57:25.136  1445 18641 D VCodec  : [VCodecV4L2] state: IDLE, state = 2
03-02 00:57:25.136  1507  1507 D SurfaceFlinger: EmptyActivity$_17532#156166 (1)
03-02 00:57:25.136  1507  1507 D SurfaceFlinger:        DEVICE |           11793980281856 | 00002100 | RGBA_8888    |    0.0    0.0 1080.0   80.0 |    0    0 1080   80 | StatusBar$_2746#117 (211063)
03-02 00:57:25.136  1507  1507 D SurfaceFlinger:        DEVICE |           13752485304097 | 00002100 | RGBA_8888    |    0.0    0.0   67.0  346.0 | 1013  454 1080  800 | com.sec.android.app.launcher/com.sam[...].app.CocktailBarService$_3202#152779 (1)
03-02 00:57:25.136  1507  1507 D SurfaceFlinger:        DEVICE |           11793980281853 | 00002100 | RGBA_8888    |    0.0    0.0 1080.0  135.0 |    0 2205 1080 2340 | NavigationBar0$_2746#113 (187825)
03-02 00:57:25.136  1507  1507 D SurfaceFlinger:
03-02 00:57:25.136  2746  2798 I SurfaceControlRegistry: apply, t=FinishTransaction_SyncId<11272>, caller=android.view.SurfaceControl$Transaction.apply:3459 android.view.SurfaceControl$Transaction.apply:3447 android.view.SurfaceControl$Transaction.apply:3397 com.android.wm.shell.transition.Transitions.onFinish:315 com.android.wm.shell.transition.Transitions$$ExternalSyntheticLambda7.onTransitionFinished:12 com.android.wm.shell.transition.DefaultTransitionHandler$$ExternalSyntheticLambda6.run:36
03-02 00:57:25.137  1696  1756 I VPUD    : == vdec_codec_msg_handler() == msg_id = 0xA001, codec_id = 1
03-02 00:57:25.138  1696  1756 E VPUD    : [ERROR] non-I slice before first I slice
03-02 00:57:25.138  1696  1756 E VPUD    : [Err] Fail to parse Slice header data structure!! -7
03-02 00:57:25.138  1696  1756 E VPUD    : [Err] Decode Slice Error -10
03-02 00:57:25.138  1696  1756 I VPUD    : [ERROR] eVDecDrvInit fail (6)!!
03-02 00:57:25.139  1445 18641 D C2MtkVdec: [0xB4000070F5129C00] NO_OUTPUT work returned: workId 17867000, mFrameIndex 80
03-02 00:57:25.139  1507  1825 I SurfaceFlinger: Capture layer list: 	 com.zhiliaoapp.musically/com.ss.android.ugc.aweme.splash.SplashActivity$_14885#156176(seamlessTransition:0)
