03-02 00:57:28.925  1445  2902 W C2MtkBufferManager: [0xB4000070F507E520] fetchNewCcBlock: wait fence 0x0xb4000070f5058270 timed out. ret 110
03-02 00:57:28.926 14885 14885 I System.out: SAFActivity V Scene Framework: NavigationMessageQueue postSync run current task finish 14_Y.ARunnableS108S0200000_32@b6149e9
03-02 00:57:28.926 14885 14885 I System.out: SAFActivity V Scene Framework: NavigationMessageQueue postSync finish
03-02 00:57:28.926 14885 14885 I System.out: SceneSafeLifecycleDispatcher: onStarted End START
03-02 00:57:28.926 14885 14885 I System.out: SAFActivity: com.ss.android.ugc.aweme.main.MainActivity@c20428f,  onStart End
03-02 00:57:28.927  2013  2834 W ParceledListSlice: Element #30 is 21544 bytes.
03-02 00:57:28.930 14885 14885 I System.out: SAFActivity: com.ss.android.ugc.aweme.main.MainActivity@c20428f,  onResume Start
03-02 00:57:28.930  1445 18689 W C2MtkBufferManager: [0xB4000070F68A8D20] fetchNewCcBlock: wait fence 0x0xb4000070f692fcb0 timed out. ret 110
03-02 00:57:28.930  1446  1446 I SensorsHub: queueBatch: handle=5 period=200000000 timeout=0
03-02 00:57:28.931  1446  1446 I SensorsHub: queueActivate: handle 5 enable 1
03-02 00:57:28.931  1446  1446 I SensorsHub: type : 5, enable : 1
03-02 00:57:28.933 14885 18452 D SensorManager: registerListener :: 5, TCS3701 Light, 200000, 0,
03-02 00:57:28.939  2991  3757 I LocationAccessPolicy: checkLocationPermission - callingUid: 10492, callingPid: 14636, result: DENIED_SOFT
03-02 00:57:28.940 14885 14885 I System.out: SceneSafeLifecycleDispatcher: onResumed Start
03-02 00:57:28.940  2991  3757 I LocationAccessPolicy: checkLocationPermission - callingUid: 10492, callingPid: 14636, result: DENIED_SOFT
03-02 00:57:28.940 14885 14885 I System.out: SAFActivity V Scene Framework: NavigationMessageQueue postSync start
03-02 00:57:28.940 14885 14885 I System.out: SAFActivity V Scene Framework: NavigationMessageQueue postSync run current task start 14_Y.ARunnableS108S0200000_32@31c2590
03-02 00:57:28.940 14885 14885 I System.out: SAFActivity V Scene Framework: NavigationSceneManager Sync Scene SAFFragmentRootScene{79e191c} Lifecycle [STARTED -> RESUMED] without saved State
03-02 00:57:28.940 14885 14885 I System.out: SAFFragmentRootScene: onResume Start (SAFFragmentRootScene{79e191c})
03-02 00:57:28.944  1507  1825 I SurfaceFlinger: Capture layer list: 	 com.podcast.app.debug/androidx.activity.ComponentActivity$_17121#156302(seamlessTransition:0)
03-02 00:57:28.944  1507  1825 I SurfaceFlinger: Capture layer list: 	 DimTransitionLayer for Surface(name=Task=44883)/@0x9c01675#156318(seamlessTransition:0)
03-02 00:57:28.944  1507  1825 I SurfaceFlinger: Capture layer list: 	 com.podcast.app.debug.test/androidx.test.core.app.InstrumentationActivityInvoker$EmptyActivity$_17532#156314(seamlessTransition:0)
03-02 00:57:28.944  1507  1825 I SurfaceFlinger: Capture layer list: 	 Splash Screen com.podcast.app.debug.test$_2746#156312(seamlessTransition:0)
03-02 00:57:28.945 14885 16239 W System.err: FlagsHookHelper: skip hook flags method getInstanceHook
03-02 00:57:28.946 14885 17072 W AudioManager: Use of stream types is deprecated for operations other than volume control
03-02 00:57:28.947 14885 17072 W AudioManager: See the documentation of requestAudioFocus() for what to use instead with android.media.AudioAttributes to qualify your playback use case
03-02 00:57:28.947 14885 16246 D AudioTrack: setVolume(1.000000, 1.000000) pid : 14885
03-02 00:57:28.948 14885 14885 I DecorView: setWindowBackground: isPopOver=false color=ff000000 d=android.graphics.drawable.ColorDrawable@2ec8eab
03-02 00:57:28.950  2013  4835 I MediaFocusControl: requestAudioFocus() from uid/pid 10350/14885 AA=USAGE_MEDIA/CONTENT_TYPE_UNKNOWN clientId=android.media.AudioManager@b7fcc9dX.143s@4302512 callingPack=com.zhiliaoapp.musically req=2 flags=0x0 sdk=35
03-02 00:57:28.952  2013  4835 D AS.AudioService: [Android Auto] isConnectedAndroidAuto = false
03-02 00:57:28.952  2013  4835 D MediaFocusControl: selectFocusStack, uid = 10350, appDevice = 0, device = 2
03-02 00:57:28.952  2013  4835 I MediaFocusControl: removeFocusStackEntry client:android.media.AudioManager@b7fcc9dX.143s@4302512
03-02 00:57:28.952  2013  4835 I MediaFocusControl: propagateFocusLossFromGain_syncAf gain:2
03-02 00:57:28.952  2013  4835 I MediaFocusControl: propagateFocusLossFromGain_syncAf empty stack
03-02 00:57:28.954  2013  2065 D PkgPredictorService-SecIpmManagerServiceImpl: onForegroundActivitiesChanged pid:14885 uid:10350
03-02 00:57:28.956  2991  3003 I LocationAccessPolicy: checkLocationPermission - callingUid: 10492, callingPid: 14636, result: DENIED_SOFT
03-02 00:57:28.958 14885 14885 I System.out: SAFActivity V Scene Framework: NavigationMessageQueue postSync run current task finish 14_Y.ARunnableS108S0200000_32@31c2590
03-02 00:57:28.958 14885 14885 I System.out: SAFActivity V Scene Framework: NavigationMessageQueue postSync finish
03-02 00:57:28.959  1646  1892 I CameraService: onUidStateChanged: uid=10235, procState is changed. (4 -> 3)
03-02 00:57:28.958 14885 14885 I System.out: SceneSafeLifecycleDispatcher: onResumed End RESUME
03-02 00:57:28.959 14885 14885 I System.out: SAFActivity: com.ss.android.ugc.aweme.main.MainActivity@c20428f,  onResume End
03-02 00:57:28.960 25915 26075 I Rubin   : [4019] M.c0.k(Unknown Source) : Notify com.samsung.android.rubin.inferenceengine.contextanalytics.engine.loggers.AppUsageLogger's database is updated.
03-02 00:57:28.960 14885 14885 I SV[6876039 SplashActivity]: onWindowVisibilityChanged(0) false X.0fk7{68eb87 V.E...... ........ 0,80-1080,2000} of VRI[SplashActivity]@35f4eb8
03-02 00:57:28.960 14885 14885 D SV[6876039 SplashActivity]: updateSurface: surface is not valid
03-02 00:57:28.960 14885 14885 I SV[6876039 SplashActivity]: releaseSurfaces: viewRoot = VRI[SplashActivity]@35f4eb8
03-02 00:57:28.960 14885 14885 D VRI[SplashActivity]@35f4eb8: applyTransactionOnDraw applyImmediately
03-02 00:57:28.963 14885 14885 I SV[7374587 SplashActivity]: onWindowVisibilityChanged(0) false X.0fk7{7086fb V.E...... ........ 0,80-1080,2000} of VRI[SplashActivity]@35f4eb8
03-02 00:57:28.963 14885 14885 D SV[7374587 SplashActivity]: updateSurface: surface is not valid
03-02 00:57:28.963 14885 14885 I SV[7374587 SplashActivity]: releaseSurfaces: viewRoot = VRI[SplashActivity]@35f4eb8
03-02 00:57:28.963 14885 14885 D VRI[SplashActivity]@35f4eb8: applyTransactionOnDraw applyImmediately
03-02 00:57:28.963 14885 14885 I SV[137774491 SplashActivity]: onWindowVisibilityChanged(0) false X.0fk7{836459b V.E...... ........ 0,81-1080,1998} of VRI[SplashActivity]@35f4eb8
03-02 00:57:28.963 14885 14885 D SV[137774491 SplashActivity]: updateSurface: surface is not valid
03-02 00:57:28.963 14885 14885 I SV[137774491 SplashActivity]: releaseSurfaces: viewRoot = VRI[SplashActivity]@35f4eb8
03-02 00:57:28.963 14885 14885 D VRI[SplashActivity]@35f4eb8: applyTransactionOnDraw applyImmediately
03-02 00:57:28.965  2013  4835 I WindowManager: Relayout Window{cd2d6b5 u0 com.zhiliaoapp.musically/com.ss.android.ugc.aweme.splash.SplashActivity}: viewVisibility=0 req=1080x2340 ty=1 d0
03-02 00:57:28.966  1507  2128 I SurfaceFlinger: id=156322 createSurf, flag=44004, com.zhiliaoapp.musically/com.ss.android.ugc.aweme.splash.SplashActivity$_14885#156322
03-02 00:57:28.968 14885 15878 W NaviWarn: StackPtr is not 8-byte aligned.
03-02 00:57:28.970  1445 18689 W C2MtkBufferManager: [0xB4000070F68A8D20] fetchNewCcBlock: wait fence 0x0xb4000070f692fcb0 timed out. ret 110
03-02 00:57:28.971  1507  1507 I SurfaceFlinger: [com.zhiliaoapp.musically/com.ss.android.ugc.aweme.splash.SplashActivity$_14885#156322] attach to parent LayerHierarchy{RequestedLayerState{cd2d6b5 com.zhiliaoapp.musically/com.ss.android.ugc.aweme.splash.SplashActivity#155210 parentId=147902} 1 children}
03-02 00:57:28.977  1507  1562 I SurfaceFlinger: id=156323 createSurf, flag=24000, Surface(name=c536234 NavigationBar0)/@0xfac847b - animation-leash of insets_animation#156323
03-02 00:57:28.977  3202  3918 I HoneySpace.RecentTasks: onRecentTasksChanged
03-02 00:57:28.978  3202  3386 I HoneySpace.TopTaskSource: onTaskMovedToFront : taskId = 44543, displayId = 0
03-02 00:57:28.979  1507  1562 I SurfaceFlinger: id=156324 createSurf, flag=24000, Surface(name=a5d3a68 StatusBar)/@0xd5726d6 - animation-leash of insets_animation#156324
03-02 00:57:28.979  3202  3390 I HoneySpace.TopTaskUseCase: topTasks 44543 ComponentInfo{com.zhiliaoapp.musically/com.ss.android.ugc.aweme.main.MainActivity}[displayId=0]
03-02 00:57:28.981  2013  4835 I SystemKeyManager: requested systemKeyInfo size=1 focusedWindow=com.zhiliaoapp.musically/com.ss.android.ugc.aweme.splash.SplashActivity
03-02 00:57:28.981  2013  4835 I SystemKeyManager: requested systemKeyInfo size=2 focusedWindow=com.zhiliaoapp.musically/com.ss.android.ugc.aweme.splash.SplashActivity
03-02 00:57:28.981 14885 18817 W System.err: FlagsHookHelper: skip hook flags method getInstanceHook
03-02 00:57:28.982  1507  1507 I SurfaceFlinger: [Surface(name=c536234 NavigationBar0)/@0xfac847b - animation-leash of insets_animation#156323] attach to parent LayerHierarchy{RequestedLayerState{WindowToken{5cf38d1 type=2019 android.os.BinderProxy@916675b}#101 parentId=34} 2 children}
03-02 00:57:28.982  1507  1507 I SurfaceFlinger: [Surface(name=a5d3a68 StatusBar)/@0xd5726d6 - animation-leash of insets_animation#156324] attach to parent LayerHierarchy{RequestedLayerState{WindowToken{d05298b type=2000 android.os.BinderProxy@163b705}#108 parentId=17} 2 children}
03-02 00:57:28.982  2013  4835 I WindowManager: Relayout hash=cd2d6b5, pid=14885, syncId=-1: mAttrs={(0,0)(fillxfill) sim={adjust=pan} layoutInDisplayCutoutMode=always ty=BASE_APPLICATION fmt=TRANSLUCENT wanim=0x1030317
03-02 00:57:28.982  2013  4835 I WindowManager:   fl=81810180
03-02 00:57:28.982  2013  4835 I WindowManager:   pfl=10008840
03-02 00:57:28.982  2013  4835 I WindowManager:   vsysui=400
03-02 00:57:28.982  2013  4835 I WindowManager:   apr=10
03-02 00:57:28.982  2013  4835 I WindowManager:   bhv=1
03-02 00:57:28.982  2013  4835 I WindowManager:   fitSides=0
03-02 00:57:28.982  2013  4835 I WindowManager:   frameRateBoostOnTouch=true
03-02 00:57:28.982  2013  4835 I WindowManager:   dvrrWindowFrameRateHint=true naviIconColor=0
03-02 00:57:28.982  2013  4835 I WindowManager:   sfl=100000}
03-02 00:57:28.981 14252 14252 I BadgeCountReceiver: onReceive: Intent { act=android.intent.action.BADGE_COUNT_UPDATE flg=0x1000010 xflg=0x4 cmp=com.sec.android.provider.badge/.BadgeCountReceiver (has extras) }
03-02 00:57:28.984  2746  2746 D NavigationBar: onSystemBarAttributesChanged() -  displayId:0, appearance:16, packageName: com.zhiliaoapp.musically (APPEARANCE_LIGHT_NAVIGATION_BARS ), navbarColorManagedByIme:false
03-02 00:57:28.985 14885 14885 D BufferQueueConsumer: [](id:3a250000006a,api:0,p:-1,c:14885) connect: controlledByApp=false
03-02 00:57:28.986 14252 14273 I BadgeCountReceiver: UpdateTask START: PendingResult hashCode: 39518155
03-02 00:57:28.986 14885 14885 I BLASTBufferQueue: [VRI[SplashActivity]@35f4eb8#101](f:0,a:0,s:0) constructor()
03-02 00:57:28.986 14885 14885 I BLASTBufferQueue_Java: new BLASTBufferQueue, mName= VRI[SplashActivity]@35f4eb8 mNativeObject= 0x769b545000 caller= android.view.ViewRootImpl.updateBlastSurfaceIfNeeded:3585 android.view.ViewRootImpl.relayoutWindow:11685 android.view.ViewRootImpl.performTraversals:4804 android.view.ViewRootImpl.doTraversal:3924 android.view.ViewRootImpl$TraversalRunnable.run:12903 android.view.Choreographer$CallbackRecord.run:1901 android.view.Choreographer$CallbackRecord.run:1910 android.view.Choreographer.doCallbacks:1367 android.view.Choreographer.doFrame:1292 android.view.Choreographer$FrameDisplayEventReceiver.run:1870
03-02 00:57:28.987 14885 14885 I BLASTBufferQueue_Java: update, w= 1080 h= 2340 mName = VRI[SplashActivity]@35f4eb8 mNativeObject= 0x769b545000 sc.mNativeObject= 0x6fe1290d80 format= -3 caller= android.view.ViewRootImpl.updateBlastSurfaceIfNeeded:3590 android.view.ViewRootImpl.relayoutWindow:11685 android.view.ViewRootImpl.performTraversals:4804 android.view.ViewRootImpl.doTraversal:3924 android.view.ViewRootImpl$TraversalRunnable.run:12903 android.view.Choreographer$CallbackRecord.run:1901
03-02 00:57:28.987 14885 14885 I BLASTBufferQueue: [VRI[SplashActivity]@35f4eb8#101](f:0,a:0,s:0) update width=1080 height=2340 format=-3 mTransformHint=0
03-02 00:57:28.986 14252 14273 I BadgeCountReceiver: packageName: com.zhiliaoapp.musically, className: com.ss.android.ugc.aweme.splash.SplashActivity, count: 0
03-02 00:57:28.989 14885 14885 I VRI[SplashActivity]@35f4eb8: Relayout returned: old=(0,0,1080,2340) new=(0,0,1080,2340) relayoutAsync=false req=(1080,2340)0 dur=20 res=0x3 s={true 0x744ffebc00} ch=true seqId=0
03-02 00:57:28.990 14885 14885 D VRI[SplashActivity]@35f4eb8: mThreadedRenderer.initialize() mSurface={isValid=true 0x744ffebc00} hwInitialized=true
03-02 00:57:28.990 14885 14885 I SV[6876039 SplashActivity]: windowStopped(false) true X.0fk7{68eb87 V.E...... ........ 0,80-1080,2000} of VRI[SplashActivity]@35f4eb8
03-02 00:57:28.990 14885 14885 I SurfaceView: 6876039 Changes: creating=true format=false size=false visible=true alpha=false hint=false left=false top=false z=false attached=true lifecycleStrategy=false
03-02 00:57:28.991  1507  1562 I SurfaceFlinger: id=156325 createSurf, flag=20004, Bounds for - com.zhiliaoapp.musically/com.ss.android.ugc.aweme.splash.SplashActivity@23#156325
03-02 00:57:28.992  1507  1562 I SurfaceFlinger: id=156326 createSurf, flag=84004, 68eb87 SurfaceView[com.zhiliaoapp.musically/com.ss.android.ugc.aweme.splash.SplashActivity]@0#156326
03-02 00:57:28.993  3202  3386 I HoneySpace.TopTaskSource: onTaskFocusChanged(): taskId = 44543
03-02 00:57:28.993  1507  1562 I SurfaceFlinger: id=156327 createSurf, flag=44400, 68eb87 SurfaceView[com.zhiliaoapp.musically/com.ss.android.ugc.aweme.splash.SplashActivity]@0(BLAST)#156327
03-02 00:57:28.993  1507  1507 I SurfaceFlinger: [LayerHierarchy{RequestedLayerState{c536234 NavigationBar0#102 parentId=156323} 1 children}] reparent to LayerHierarchy{RequestedLayerState{Surface(name=c536234 NavigationBar0)/@0xfac847b - animation-leash of insets_animation#156323 parentId=101} 1 children}
03-02 00:57:28.993  1507  1507 I SurfaceFlinger: [LayerHierarchy{RequestedLayerState{a5d3a68 StatusBar#109 parentId=156324} 1 children}] reparent to LayerHierarchy{RequestedLayerState{Surface(name=a5d3a68 StatusBar)/@0xd5726d6 - animation-leash of insets_animation#156324 parentId=108} 1 children}
03-02 00:57:28.993  1507  1507 I SurfaceFlinger: [LayerHierarchy{RequestedLayerState{Surface(name=a5d3a68 StatusBar)/@0xd5726d6 - animation-leash of insets_animation#156321} no children}] reparent to OffscreenRoot
03-02 00:57:28.993  1507  1507 I SurfaceFlinger: [LayerHierarchy{RequestedLayerState{Surface(name=a5d3a68 StatusBar)/@0xd5726d6 - animation-leash of insets_animation#156321} no children}] RelativeParent to null
03-02 00:57:28.993  1507  1507 I SurfaceFlinger: [LayerHierarchy{RequestedLayerState{Surface(name=c536234 NavigationBar0)/@0xfac847b - animation-leash of insets_animation#156320} no children}] reparent to OffscreenRoot
03-02 00:57:28.993  1507  1507 I SurfaceFlinger: [LayerHierarchy{RequestedLayerState{Surface(name=c536234 NavigationBar0)/@0xfac847b - animation-leash of insets_animation#156320} no children}] RelativeParent to null
03-02 00:57:28.993  1507  1507 I SurfaceFlinger: [Bounds for - com.zhiliaoapp.musically/com.ss.android.ugc.aweme.splash.SplashActivity@23#156325] attach to parent LayerHierarchy{RequestedLayerState{com.zhiliaoapp.musically/com.ss.android.ugc.aweme.splash.SplashActivity$_14885#156322 parentId=155210} 1 children}
03-02 00:57:28.993  1507  1507 I SurfaceFlinger: [68eb87 SurfaceView[com.zhiliaoapp.musically/com.ss.android.ugc.aweme.splash.SplashActivity]@0#156326] attach to parent LayerHierarchy{RequestedLayerState{Bounds for - com.zhiliaoapp.musically/com.ss.android.ugc.aweme.splash.SplashActivity@23#156325 parentId=156322} 1 children}
03-02 00:57:28.993 25915 26075 I Rubin   : [4019] com.samsung.android.rubin.inferenceengine.contextanalytics.engine.monitors.moment.exercise.ExercisingWithCalendarMonitor.isSatisfiedByCalendarEvent(Unknown Source) : isSatisfiedByCalendarEvent is false
03-02 00:57:28.994 25915 26075 I Rubin   : [4019] com.samsung.android.rubin.inferenceengine.contextanalytics.engine.monitors.moment.exercise.ExercisingWithCmhMonitor.isSatisfiedByCmh(Unknown Source) : isSatisfiedByCmh is false
03-02 00:57:28.995  2746  2746 I {OngoingActivityController}: onTaskFocusChanged but OA data is empty
03-02 00:57:28.995 14252 14273 I BadgeProvider: sendNotify [uri]: content://com.sec.badge/apps, [notify]: null
03-02 00:57:28.995 14885 15878 W NaviWarn: StackPtr is not 8-byte aligned.
03-02 00:57:28.996 14252 14273 I BadgeProvider: update, [calling package]: com.sec.android.provider.badge, [uri]: content://com.sec.badge/apps, [uri.query]: null, [BadgeCount]: badgecount=0, [UpdateCount]: 1
03-02 00:57:28.996 14252 14273 I BadgeCountReceiver: UpdateTask END: PendingResult hashCode: 39518155
03-02 00:57:28.996  1507  1562 I SurfaceFlinger: id=156328 createSurf, flag=20404, Background for 68eb87 SurfaceView[com.zhiliaoapp.musically/com.ss.android.ugc.aweme.splash.SplashActivity]@0#156328
03-02 00:57:28.996 14885 14885 D BufferQueueConsumer: [](id:3a250000006b,api:0,p:-1,c:14885) connect: controlledByApp=false
03-02 00:57:28.997 14885 14885 I BLASTBufferQueue: [68eb87 SurfaceView[com.zhiliaoapp.musically/com.ss.android.ugc.aweme.splash.SplashActivity]@0#102](f:0,a:0,s:0) constructor()
03-02 00:57:28.997 14252 18510 I BadgeProvider: query, [calling package]: com.sec.android.app.launcher, [selection]: null
03-02 00:57:28.998 14885 14885 I BLASTBufferQueue_Java: new BLASTBufferQueue, mName= 68eb87 SurfaceView[com.zhiliaoapp.musically/com.ss.android.ugc.aweme.splash.SplashActivity]@0 mNativeObject= 0x7450361c00 caller= android.view.SurfaceView.createBlastSurfaceControls:1781 android.view.SurfaceView.updateSurface:1450 android.view.SurfaceView.setWindowStopped:539 android.view.SurfaceView.surfaceCreated:2327 android.view.ViewRootImpl.notifySurfaceCreated:3502 android.view.ViewRootImpl.performTraversals:5286 android.view.ViewRootImpl.doTraversal:3924 android.view.ViewRootImpl$TraversalRunnable.run:12903 android.view.Choreographer$CallbackRecord.run:1901 android.view.Choreographer$CallbackRecord.run:1910
03-02 00:57:28.998 14885 14885 I BLASTBufferQueue_Java: update, w= 1080 h= 1920 mName = 68eb87 SurfaceView[com.zhiliaoapp.musically/com.ss.android.ugc.aweme.splash.SplashActivity]@0 mNativeObject= 0x7450361c00 sc.mNativeObject= 0x769bd9ef00 format= 4 caller= android.view.SurfaceView.createBlastSurfaceControls:1782 android.view.SurfaceView.updateSurface:1450 android.view.SurfaceView.setWindowStopped:539 android.view.SurfaceView.surfaceCreated:2327 android.view.ViewRootImpl.notifySurfaceCreated:3502 android.view.ViewRootImpl.performTraversals:5286
03-02 00:57:28.998 14885 14885 I BLASTBufferQueue: [68eb87 SurfaceView[com.zhiliaoapp.musically/com.ss.android.ugc.aweme.splash.SplashActivity]@0#102](f:0,a:0,s:0) update width=1080 height=1920 format=4 mTransformHint=0
03-02 00:57:28.998 14885 14885 I SurfaceView: 6876039 Cur surface: Surface(name=null mNativeObject=0)/@0x56b4ffd
03-02 00:57:28.998 14885 14885 I SV[6876039 SplashActivity]: pST: sr = Rect(4320, -2080 - 5400, -160) sw = 1080 sh = 1920
03-02 00:57:28.998 14885 14885 D SurfaceView: 6876039 performSurfaceTransaction RenderWorker position = [4320, -2080, 5400, -160] surfaceSize = 1080x1920
03-02 00:57:28.998 14885 14885 I SV[6876039 SplashActivity]: updateSurface: mVisible = true mSurface.isValid() = true
03-02 00:57:28.998 14885 14885 I SV[6876039 SplashActivity]: updateSurface: mSurfaceCreated = false surfaceChanged = true visibleChanged = true
03-02 00:57:28.998  1445  2902 W C2MtkBufferManager: [0xB4000070F507E520] fetchNewCcBlock: wait fence 0x0xb4000070f5058270 timed out. ret 110
03-02 00:57:28.998 14885 14885 I SurfaceView: 6876039 visibleChanged -- surfaceCreated
03-02 00:57:28.998 14885 14885 I SV[6876039 SplashActivity]: surfaceCreated 1 #1 X.0fk7{68eb87 V.E...... ........ 0,80-1080,2000}
03-02 00:57:29.000 14885 14885 I SurfaceView: 6876039 surfaceChanged -- format=4 w=1080 h=1920
03-02 00:57:29.000 14885 14885 I SV[6876039 SplashActivity]: surfaceChanged (1080,1920) 1 #1 X.0fk7{68eb87 V.E...... ........ 0,80-1080,2000}
03-02 00:57:29.000 14885 14885 I SurfaceView: 6876039 surfaceRedrawNeeded
03-02 00:57:29.000  1507  1845 D SurfaceFlinger: [input] setFocusedWindow: cd2d6b5 com.zhiliaoapp.musically/com.ss.android.ugc.aweme.splash.SplashActivity
03-02 00:57:29.000  1507  1845 D SurfaceFlinger: updateWinowInfo=1, setFocusedWindow timestamp=491127983212349, windowName=cd2d6b5 com.zhiliaoapp.musically/com.ss.android.ugc.aweme.splash.SplashActivity
03-02 00:57:29.001 14885 14885 I SurfaceView: 6876039 finishedDrawing
03-02 00:57:29.001 14885 14885 V SurfaceView: Layout: x=4320 y=-2080 w=1080 h=1920, frame=Rect(0, 0 - 1080, 1920)
03-02 00:57:29.001 14885 14885 I SV[7374587 SplashActivity]: windowStopped(false) true X.0fk7{7086fb V.E...... ........ 0,80-1080,2000} of VRI[SplashActivity]@35f4eb8
03-02 00:57:29.001 14885 14885 I SurfaceView: 7374587 Changes: creating=true format=false size=false visible=true alpha=false hint=false left=false top=false z=false attached=true lifecycleStrategy=false
03-02 00:57:29.002  2746  2808 I VRI[test]@8a08c8b: onActiveControlsChanged, removed=false, mAdded=true, caller=android.view.ViewRootImpl.handleInsetsControlChanged:3002 android.view.ViewRootImpl$ViewRootHandler.handleMessageImpl:8352 android.view.ViewRootImpl$ViewRootHandler.handleMessage:8301 android.os.Handler.dispatchMessage:110 android.os.Looper.loopOnce:273
03-02 00:57:29.002  1507  1907 I SurfaceFlinger: onHandleDestroyed: layerId=156320, name=Surface(name=c536234 NavigationBar0)/@0xfac847b - animation-leash of insets_animation#156320
03-02 00:57:29.002  2013  3645 D InputDispatcher: Once focus requested (0): cd2d6b5 com.zhiliaoapp.musically/com.ss.android.ugc.aweme.splash.SplashActivity
03-02 00:57:29.002  1507  1562 I SurfaceFlinger: id=156329 createSurf, flag=84004, 7086fb SurfaceView[com.zhiliaoapp.musically/com.ss.android.ugc.aweme.splash.SplashActivity]@0#156329
03-02 00:57:29.002  2013  3645 D InputDispatcher: Focus request (0): cd2d6b5 com.zhiliaoapp.musically/com.ss.android.ugc.aweme.splash.SplashActivity but waiting because NOT_VISIBLE
03-02 00:57:29.003  1507  1907 I SurfaceFlinger: id=156320 Removed Surface(name=c536234 NavigationBar0)/@0xfac847b - animation-leash of insets_animation#156320 (341)
03-02 00:57:29.003  2013  3645 W ParceledListSlice: Element #30 is 21544 bytes.
03-02 00:57:29.003  1507  2128 I SurfaceFlinger: id=156330 createSurf, flag=44400, 7086fb SurfaceView[com.zhiliaoapp.musically/com.ss.android.ugc.aweme.splash.SplashActivity]@0(BLAST)#156330
03-02 00:57:29.003  1507  2128 I SurfaceFlinger: onHandleDestroyed: layerId=156321, name=Surface(name=a5d3a68 StatusBar)/@0xd5726d6 - animation-leash of insets_animation#156321
03-02 00:57:29.003  1507  2128 I SurfaceFlinger: id=156321 Removed Surface(name=a5d3a68 StatusBar)/@0xd5726d6 - animation-leash of insets_animation#156321 (342)
03-02 00:57:29.004  1507  1507 I SurfaceFlinger: destroyed Surface(name=a5d3a68 StatusBar)/@0xd5726d6 - animation-leash of insets_animation#156321
03-02 00:57:29.004  1507  1507 I SurfaceFlinger: destroyed Surface(name=c536234 NavigationBar0)/@0xfac847b - animation-leash of insets_animation#156320
03-02 00:57:29.004  1507  1507 I SurfaceFlinger: [7086fb SurfaceView[com.zhiliaoapp.musically/com.ss.android.ugc.aweme.splash.SplashActivity]@0(BLAST)#156330] attach to parent LayerHierarchy{RequestedLayerState{7086fb SurfaceView[com.zhiliaoapp.musically/com.ss.android.ugc.aweme.splash.SplashActivity]@0#156329 parentId=156325} 1 children}
03-02 00:57:29.004  1507  1507 I SurfaceFlinger: [7086fb SurfaceView[com.zhiliaoapp.musically/com.ss.android.ugc.aweme.splash.SplashActivity]@0#156329] attach to parent LayerHierarchy{RequestedLayerState{Bounds for - com.zhiliaoapp.musically/com.ss.android.ugc.aweme.splash.SplashActivity@23#156325 parentId=156322} 2 children}
03-02 00:57:29.004  1507  1507 I SurfaceFlinger: [68eb87 SurfaceView[com.zhiliaoapp.musically/com.ss.android.ugc.aweme.splash.SplashActivity]@0(BLAST)#156327] attach to parent LayerHierarchy{RequestedLayerState{68eb87 SurfaceView[com.zhiliaoapp.musically/com.ss.android.ugc.aweme.splash.SplashActivity]@0#156326 parentId=156325} 1 children}
03-02 00:57:29.004  1507  1507 I SurfaceFlinger: [Background for 68eb87 SurfaceView[com.zhiliaoapp.musically/com.ss.android.ugc.aweme.splash.SplashActivity]@0#156328] attach to parent LayerHierarchy{RequestedLayerState{68eb87 SurfaceView[com.zhiliaoapp.musically/com.ss.android.ugc.aweme.splash.SplashActivity]@0#156326 parentId=156325} 2 children}
03-02 00:57:29.004  1507  1562 I SurfaceFlinger: id=156331 createSurf, flag=20404, Background for 7086fb SurfaceView[com.zhiliaoapp.musically/com.ss.android.ugc.aweme.splash.SplashActivity]@0#156331
03-02 00:57:29.005  1507  1507 I Layer   : id=156321 Destroyed Surface(name=a5d3a68 StatusBar)/@0xd5726d6 - animation-leash of insets_animation#156321
03-02 00:57:29.005  1507  1507 I Layer   : id=156320 Destroyed Surface(name=c536234 NavigationBar0)/@0xfac847b - animation-leash of insets_animation#156320
03-02 00:57:29.006 14885 14885 D BufferQueueConsumer: [](id:3a250000006c,api:0,p:-1,c:14885) connect: controlledByApp=false
03-02 00:57:29.007  3202  3202 I HoneySpace.EdgePanel.CocktailHostRepositoryImpl: onNoteResume
03-02 00:57:29.007  3202  3202 I HoneySpace.EdgePanel.EdgePanelContainerViewModel: cocktailHostRepository.edgePanelOperation NoteResumeComponent(componentName=ComponentInfo{com.zhiliaoapp.musically/com.ss.android.ugc.aweme.main.MainActivity})
03-02 00:57:29.007 14885 14885 I BLASTBufferQueue: [7086fb SurfaceView[com.zhiliaoapp.musically/com.ss.android.ugc.aweme.splash.SplashActivity]@0#103](f:0,a:0,s:0) constructor()
03-02 00:57:29.007 14885 14885 I BLASTBufferQueue_Java: new BLASTBufferQueue, mName= 7086fb SurfaceView[com.zhiliaoapp.musically/com.ss.android.ugc.aweme.splash.SplashActivity]@0 mNativeObject= 0x6f01ff7400 caller= android.view.SurfaceView.createBlastSurfaceControls:1781 android.view.SurfaceView.updateSurface:1450 android.view.SurfaceView.setWindowStopped:539 android.view.SurfaceView.surfaceCreated:2327 android.view.ViewRootImpl.notifySurfaceCreated:3502 android.view.ViewRootImpl.performTraversals:5286 android.view.ViewRootImpl.doTraversal:3924 android.view.ViewRootImpl$TraversalRunnable.run:12903 android.view.Choreographer$CallbackRecord.run:1901 android.view.Choreographer$CallbackRecord.run:1910
03-02 00:57:29.007 14885 14885 I BLASTBufferQueue_Java: update, w= 1080 h= 1920 mName = 7086fb SurfaceView[com.zhiliaoapp.musically/com.ss.android.ugc.aweme.splash.SplashActivity]@0 mNativeObject= 0x6f01ff7400 sc.mNativeObject= 0x6fdfe8f300 format= 4 caller= android.view.SurfaceView.createBlastSurfaceControls:1782 android.view.SurfaceView.updateSurface:1450 android.view.SurfaceView.setWindowStopped:539 android.view.SurfaceView.surfaceCreated:2327 android.view.ViewRootImpl.notifySurfaceCreated:3502 android.view.ViewRootImpl.performTraversals:5286
03-02 00:57:29.007 14885 14885 I BLASTBufferQueue: [7086fb SurfaceView[com.zhiliaoapp.musically/com.ss.android.ugc.aweme.splash.SplashActivity]@0#103](f:0,a:0,s:0) update width=1080 height=1920 format=4 mTransformHint=0
03-02 00:57:29.007 14885 14885 I SurfaceView: 7374587 Cur surface: Surface(name=null mNativeObject=0)/@0x5798c7e
03-02 00:57:29.008 14885 14885 I SV[7374587 SplashActivity]: pST: sr = Rect(0, 80 - 1080, 2000) sw = 1080 sh = 1920
03-02 00:57:29.008 14885 14885 D SurfaceView: 7374587 performSurfaceTransaction RenderWorker position = [0, 80, 1080, 2000] surfaceSize = 1080x1920
03-02 00:57:29.008 14885 14885 I SV[7374587 SplashActivity]: updateSurface: mVisible = true mSurface.isValid() = true
03-02 00:57:29.008 14885 14885 I SV[7374587 SplashActivity]: updateSurface: mSurfaceCreated = false surfaceChanged = true visibleChanged = true
03-02 00:57:29.008 14885 14885 I SurfaceView: 7374587 visibleChanged -- surfaceCreated
03-02 00:57:29.008 14885 14885 I SV[7374587 SplashActivity]: surfaceCreated 2 #1 X.0fk7{7086fb V.E...... ........ 0,80-1080,2000}
03-02 00:57:29.007  3202  3202 I HoneySpace.EdgePanel.ActivityUtils: HomePackage : com.sec.android.app.launcher, resumePackageName : com.zhiliaoapp.musically, className : com.ss.android.ugc.aweme.main.MainActivity
03-02 00:57:29.010  1445 18689 W C2MtkBufferManager: [0xB4000070F68A8D20] fetchNewCcBlock: wait fence 0x0xb4000070f692fcb0 timed out. ret 110
03-02 00:57:29.012 14252 18510 I BadgeProvider: query, [calling package]: com.sec.android.app.launcher, [selection]: null
03-02 00:57:29.015  1507  1507 I SurfaceFlinger: [Background for 7086fb SurfaceView[com.zhiliaoapp.musically/com.ss.android.ugc.aweme.splash.SplashActivity]@0#156331] attach to parent LayerHierarchy{RequestedLayerState{7086fb SurfaceView[com.zhiliaoapp.musically/com.ss.android.ugc.aweme.splash.SplashActivity]@0#156329 parentId=156325} 2 children}
03-02 00:57:29.016  1484 24378 I AF::Track: setMixerOutConfig return default condition, mixer key 2002, thread key 202
03-02 00:57:29.016  1484 24378 I AudioPolicyEffectException: MySpaceHandler::checkDetachCondition media 1, ring 0, mp 0
03-02 00:57:29.016  1484 24378 I AudioPolicyEffectException: MySpace detach value 1
03-02 00:57:29.016  1484 24378 V APM_AudioPolicyManager: startOutput portId 13560
03-02 00:57:29.017  1484 24378 V APM_AudioPolicyManager: startOutput() output 21, stream 3, session 126033
03-02 00:57:29.017  1484 24378 V APM_AudioPolicyManager: setBeaconMute(1) mBeaconMuteRefCount=9 mBeaconPlayingRefCount=0
03-02 00:57:29.017  1484 24378 V APM_AudioPolicyManager: selectOutputForMusicEffects activeOnly 1 output 21 flags 0x00000008
03-02 00:57:29.017  1484 24378 W AudioFlinger: moveEffectChain_ll: effect chain for session 0 not on source thread 0xb40000707515f310
03-02 00:57:29.017  1484 24378 V APM_AudioPolicyManager: selectOutputForMusicEffects selected output 21
03-02 00:57:29.017  1484 24378 V APM_AudioPolicyManager: getNewOutputDevices selected devices {AUDIO_DEVICE_OUT_SPEAKER, @:}
03-02 00:57:29.017  1484 24378 V APM_AudioPolicyManager: setOutputDevices caller startSource[[portId:5][io:21, deep-buffer]] device {AUDIO_DEVICE_OUT_SPEAKER, @:} delayMs 0
03-02 00:57:29.017  1484 24378 V APM_AudioPolicyManager: setOutputDevices: caller startSource[[portId:5][io:21, deep-buffer]] suppressing checkDeviceMuteStrategies
03-02 00:57:29.017  1484 24378 V APM_AudioPolicyManager: setOutputDevices caller startSource[[portId:5][io:21, deep-buffer]] changing device to {AUDIO_DEVICE_OUT_SPEAKER, @:} (prevDevice {AUDIO_DEVICE_OUT_SPEAKER, @:})
03-02 00:57:29.019 14885 14885 I SurfaceView: 7374587 surfaceChanged -- format=4 w=1080 h=1920
03-02 00:57:29.019 14885 14885 I SV[7374587 SplashActivity]: surfaceChanged (1080,1920) 2 #1 X.0fk7{7086fb V.E...... ........ 0,80-1080,2000}
03-02 00:57:29.019 14885 14885 I SurfaceView: 7374587 surfaceRedrawNeeded
03-02 00:57:29.019  2013  2013 D AudioPlayerStateMonitor: Found a new active media playback. AudioPlaybackConfiguration piid:92743 deviceIds:[] type:android.media.AudioTrack u/pid:10350/14885 state:started attr:AudioAttributes: usage=USAGE_MEDIA content=CONTENT_TYPE_UNKNOWN flags=0xA00 tags= bundle=null sessionId:126033 mutedState:none  FormatInfo{isSpatialized=false, channelMask=0x3, sampleRate=44100}
03-02 00:57:29.019  2013  2013 D MediaSessionService: Audio playback is changed, config=AudioPlaybackConfiguration piid:92743 deviceIds:[] type:android.media.AudioTrack u/pid:10350/14885 state:started attr:AudioAttributes: usage=USAGE_MEDIA content=CONTENT_TYPE_UNKNOWN flags=0xA00 tags= bundle=null sessionId:126033 mutedState:none  FormatInfo{isSpatialized=false, channelMask=0x3, sampleRate=44100}, removed=false
03-02 00:57:29.019 14885 14885 I SurfaceView: 7374587 finishedDrawing
03-02 00:57:29.019 14885 14885 V SurfaceView: Layout: x=0 y=80 w=1080 h=1920, frame=Rect(0, 0 - 1080, 1920)
03-02 00:57:29.019 14885 14885 I SV[137774491 SplashActivity]: windowStopped(false) true X.0fk7{836459b V.E...... ........ 0,81-1080,1998} of VRI[SplashActivity]@35f4eb8
03-02 00:57:29.019 14885 14885 I SurfaceView: 137774491 Changes: creating=true format=false size=false visible=true alpha=false hint=false left=false top=false z=false attached=true lifecycleStrategy=false
03-02 00:57:29.020  1507  1907 I SurfaceFlinger: id=156332 createSurf, flag=84004, 836459b SurfaceView[com.zhiliaoapp.musically/com.ss.android.ugc.aweme.splash.SplashActivity]@0#156332
03-02 00:57:29.020 14885 18629 D SurfaceUtils: connecting to surface 0x6f9d395610, reason connectToSurface
03-02 00:57:29.020 14885 18629 I MediaCodec: [c2.mtk.hevc.decoder] setting surface generation to 15242301
03-02 00:57:29.020 14885 18629 D SurfaceUtils: disconnecting from surface 0x6f9d395610, reason connectToSurface(reconnect)
03-02 00:57:29.021 14885 18629 D SurfaceUtils: connecting to surface 0x6f9d395600, reason connectToSurface(reconnect-with-listener)
03-02 00:57:29.021  1507  1907 I SurfaceFlinger: id=156333 createSurf, flag=44400, 836459b SurfaceView[com.zhiliaoapp.musically/com.ss.android.ugc.aweme.splash.SplashActivity]@0(BLAST)#156333
03-02 00:57:29.021  1507  1563 I SurfaceFlinger: id=156334 createSurf, flag=20404, Background for 836459b SurfaceView[com.zhiliaoapp.musically/com.ss.android.ugc.aweme.splash.SplashActivity]@0#156334
03-02 00:57:29.021 14885 14885 D BufferQueueConsumer: [](id:3a250000006d,api:0,p:-1,c:14885) connect: controlledByApp=false
03-02 00:57:29.021  1445 18641 I DMABUFHEAPS: Using DMA-BUF heap named: mtk_mm
03-02 00:57:29.022 14885 18629 D GraphicsTracker: new surface in configuration: maxDequeueRequested(0), maxDequeueCommitted(24)
03-02 00:57:29.022 14885 18629 D GraphicsTracker: new surface configured with id:63930588201068 gen:15242301 maxDequeue:24
03-02 00:57:29.022 14885 18629 D GraphicsTracker: maxDequeueCount is already 24
03-02 00:57:29.022 14885 18629 D Codec2Client: setOutputSurface -- generation=15242301 consumer usage=0x900
03-02 00:57:29.022 14885 14885 I BLASTBufferQueue: [836459b SurfaceView[com.zhiliaoapp.musically/com.ss.android.ugc.aweme.splash.SplashActivity]@0#104](f:0,a:0,s:0) constructor()
03-02 00:57:29.022 14885 14885 I BLASTBufferQueue_Java: new BLASTBufferQueue, mName= 836459b SurfaceView[com.zhiliaoapp.musically/com.ss.android.ugc.aweme.splash.SplashActivity]@0 mNativeObject= 0x6f5977d800 caller= android.view.SurfaceView.createBlastSurfaceControls:1781 android.view.SurfaceView.updateSurface:1450 android.view.SurfaceView.setWindowStopped:539 android.view.SurfaceView.surfaceCreated:2327 android.view.ViewRootImpl.notifySurfaceCreated:3502 android.view.ViewRootImpl.performTraversals:5286 android.view.ViewRootImpl.doTraversal:3924 android.view.ViewRootImpl$TraversalRunnable.run:12903 android.view.Choreographer$CallbackRecord.run:1901 android.view.Choreographer$CallbackRecord.run:1910
03-02 00:57:29.022 14885 14885 I BLASTBufferQueue_Java: update, w= 1080 h= 1917 mName = 836459b SurfaceView[com.zhiliaoapp.musically/com.ss.android.ugc.aweme.splash.SplashActivity]@0 mNativeObject= 0x6f5977d800 sc.mNativeObject= 0x6fe0bb3040 format= 4 caller= android.view.SurfaceView.createBlastSurfaceControls:1782 android.view.SurfaceView.updateSurface:1450 android.view.SurfaceView.setWindowStopped:539 android.view.SurfaceView.surfaceCreated:2327 android.view.ViewRootImpl.notifySurfaceCreated:3502 android.view.ViewRootImpl.performTraversals:5286
03-02 00:57:29.022 14885 14885 I BLASTBufferQueue: [836459b SurfaceView[com.zhiliaoapp.musically/com.ss.android.ugc.aweme.splash.SplashActivity]@0#104](f:0,a:0,s:0) update width=1080 height=1917 format=4 mTransformHint=0
03-02 00:57:29.022 14885 14885 I SurfaceView: 137774491 Cur surface: Surface(name=null mNativeObject=0)/@0xe7e74a9
03-02 00:57:29.022 14885 14885 I SV[137774491 SplashActivity]: pST: sr = Rect(4320, 2240 - 5400, 4157) sw = 1080 sh = 1917
03-02 00:57:29.022 14885 14885 D SurfaceView: 137774491 performSurfaceTransaction RenderWorker position = [4320, 2240, 5400, 4157] surfaceSize = 1080x1917
03-02 00:57:29.022 14885 14885 I SV[137774491 SplashActivity]: updateSurface: mVisible = true mSurface.isValid() = true
03-02 00:57:29.022 14885 14885 I SV[137774491 SplashActivity]: updateSurface: mSurfaceCreated = false surfaceChanged = true visibleChanged = true
03-02 00:57:29.022 14885 14885 I SurfaceView: 137774491 visibleChanged -- surfaceCreated
03-02 00:57:29.022 14885 14885 I SV[137774491 SplashActivity]: surfaceCreated 1 #1 X.0fk7{836459b V.E...... ........ 0,81-1080,1998}
03-02 00:57:29.023 14885 18629 D SurfaceUtils: disconnecting from surface 0x6f9d394c10, reason disconnectFromSurface
03-02 00:57:29.023  2013  2013 D MediaSessionStack: updateMediaButtonSessionIfNeeded, callers=com.android.server.media.AudioPlayerStateMonitor$MessageHandler.handleMessage:19 android.os.Handler.dispatchMessage:110
03-02 00:57:29.023  2013  2013 D MediaSessionStack: updateMediaButtonSessionIfNeeded, skipping uid=10350
03-02 00:57:29.023  2013  2013 D MediaSessionStack: updateMediaButtonSessionIfNeeded, skipping uid=10342
03-02 00:57:29.023  2013  2013 D MediaSessionStack: updateMediaButtonSessionIfNeeded, skipping uid=10317
03-02 00:57:29.023  2013  2013 D MediaSessionStack: updateMediaButtonSessionIfNeeded, skipping uid=10672
03-02 00:57:29.023 14885 14885 I SurfaceView: 137774491 surfaceChanged -- format=4 w=1080 h=1917
03-02 00:57:29.023 14885 14885 I SV[137774491 SplashActivity]: surfaceChanged (1080,1917) 1 #1 X.0fk7{836459b V.E...... ........ 0,81-1080,1998}
03-02 00:57:29.023 14885 14885 I SurfaceView: 137774491 surfaceRedrawNeeded
03-02 00:57:29.024 14885 14885 I SurfaceView: 137774491 finishedDrawing
03-02 00:57:29.024  2746  3671 D SoundCraft.PlayingAudioConditionHandler: onPlaybackConfigChanged : lastStartedPackageName=com.zhiliaoapp.musically, lastStartedUid=10350, newStartedUid=10350, newStartPackageName=com.zhiliaoapp.musically, thread=Thread[RoutineHandlerThread,5,main]
03-02 00:57:29.024 14885 14885 V SurfaceView: Layout: x=4320 y=2240 w=1080 h=1917, frame=Rect(0, 0 - 1080, 1917)
03-02 00:57:29.024 14885 14885 D VRI[SplashActivity]@35f4eb8: reportNextDraw android.view.ViewRootImpl.performTraversals:5443 android.view.ViewRootImpl.doTraversal:3924 android.view.ViewRootImpl$TraversalRunnable.run:12903 android.view.Choreographer$CallbackRecord.run:1901 android.view.Choreographer$CallbackRecord.run:1910
03-02 00:57:29.024 14885 14885 D VRI[SplashActivity]@35f4eb8: Setup new sync=wmsSync-VRI[SplashActivity]@35f4eb8#31
03-02 00:57:29.024 14885 14885 I VRI[SplashActivity]@35f4eb8: Creating new active sync group VRI[SplashActivity]@35f4eb8#32
03-02 00:57:29.025  2991  3778 D SatelliteController: isInCarrierRoamingNbIotNtn: satellite is disabled
03-02 00:57:29.025 14885 14885 D VRI[SplashActivity]@35f4eb8: Start draw after previous draw not visible
03-02 00:57:29.026  3202  4701 I HoneySpace.RecentTasks: onRecentTasksChanged
03-02 00:57:29.026 14885 14885 D VRI[SplashActivity]@35f4eb8: registerCallbacksForSync syncBuffer=false
03-02 00:57:29.026  1507  1507 I SurfaceFlinger: [836459b SurfaceView[com.zhiliaoapp.musically/com.ss.android.ugc.aweme.splash.SplashActivity]@0#156332] attach to parent LayerHierarchy{RequestedLayerState{Bounds for - com.zhiliaoapp.musically/com.ss.android.ugc.aweme.splash.SplashActivity@23#156325 parentId=156322} 3 children}
03-02 00:57:29.026  1507  1507 I SurfaceFlinger: [836459b SurfaceView[com.zhiliaoapp.musically/com.ss.android.ugc.aweme.splash.SplashActivity]@0(BLAST)#156333] attach to parent LayerHierarchy{RequestedLayerState{836459b SurfaceView[com.zhiliaoapp.musically/com.ss.android.ugc.aweme.splash.SplashActivity]@0#156332 parentId=156325} 1 children}
03-02 00:57:29.026  1507  1507 I SurfaceFlinger: [Background for 836459b SurfaceView[com.zhiliaoapp.musically/com.ss.android.ugc.aweme.splash.SplashActivity]@0#156334] attach to parent LayerHierarchy{RequestedLayerState{836459b SurfaceView[com.zhiliaoapp.musically/com.ss.android.ugc.aweme.splash.SplashActivity]@0#156332 parentId=156325} 2 children}
03-02 00:57:29.027 14885 16246 D AudioTrack: setVolume(1.000000, 1.000000) pid : 14885
03-02 00:57:29.030  2991  3003 I LocationAccessPolicy: checkLocationPermission - callingUid: 10492, callingPid: 14636, result: DENIED_SOFT
03-02 00:57:29.030  2991  3003 I LocationAccessPolicy: checkLocationPermission - callingUid: 10492, callingPid: 14636, result: DENIED_SOFT
03-02 00:57:29.031  3438  3438 I EPDG -- SIM0 [SMARTCELLULAR]: onSignalStrengthsChanged: SignalStrength:{mCdma=Invalid,mGsm=Invalid,mWcdma=Invalid,mTdscdma=Invalid,mLte=CellSignalStrengthLte: rssi=-109 rsrp=-108 rsrq=-9 rssnr=6 cqiTableIndex=2147483647 cqi=2147483647 ta=2147483647 level=3 parametersUseForLevel=0,mNr=Invalid,SignalBarInfo{ lteLevel=2 },rat=14,primary=CellSignalStrengthLte}
03-02 00:57:29.031  3438  4395 I EPDG -- SIM0 [SMARTCELLULAR]: lastLteRSRP is -108 currentLteRSRP is -108 lastLteRSRQ is -10 currentLteRSRQ is -9 lastLteSNR is 6 currentLteSNR is 6
03-02 00:57:29.032 14885 15423 D SurfaceView: 6876039 updateSurfacePosition RenderWorker, frameNr = 1, position = [4320, -2080, 5400, -160] surfaceSize = 1080x1920
03-02 00:57:29.032 14885 15423 I SV[6876039 SplashActivity]: uSP: rtp = Rect(4320, -2080 - 5400, -160) rtsw = 1080 rtsh = 1920
03-02 00:57:29.032 14885 15423 I SV[6876039 SplashActivity]: onSSPAndSRT: pl = 4320 pt = -2080 sx = 1.0 sy = 1.0
03-02 00:57:29.032 14885 15423 I SV[6876039 SplashActivity]: aOrMT: VRI[SplashActivity]@35f4eb8 t = android.view.SurfaceControl$Transaction@3f201af fN = 1 android.view.SurfaceView.-$$Nest$mapplyOrMergeTransaction:0 android.view.SurfaceView$SurfaceViewPositionUpdateListener.positionChanged:1932 android.graphics.RenderNode$CompositePositionUpdateListener.positionChanged:401
03-02 00:57:29.032 14885 15423 I VRI[SplashActivity]@35f4eb8: mWNT: t=0x6f1ccd0800 mBlastBufferQueue=0x769b545000 fn= 1 HdrRenderState mRenderHdrSdrRatio=1.0 caller= android.view.SurfaceView.applyOrMergeTransaction:1863 android.view.SurfaceView.-$$Nest$mapplyOrMergeTransaction:0 android.view.SurfaceView$SurfaceViewPositionUpdateListener.positionChanged:1932
03-02 00:57:29.033 14885 15423 D SurfaceView: 7374587 updateSurfacePosition RenderWorker, frameNr = 1, position = [0, 80, 1080, 2000] surfaceSize = 1080x1920
03-02 00:57:29.033 14885 15423 I SV[7374587 SplashActivity]: uSP: rtp = Rect(0, 80 - 1080, 2000) rtsw = 1080 rtsh = 1920
03-02 00:57:29.033 14885 15423 I SV[7374587 SplashActivity]: onSSPAndSRT: pl = 0 pt = 80 sx = 1.0 sy = 1.0
03-02 00:57:29.033 14885 15423 I SV[7374587 SplashActivity]: aOrMT: VRI[SplashActivity]@35f4eb8 t = android.view.SurfaceControl$Transaction@6e839bc fN = 1 android.view.SurfaceView.-$$Nest$mapplyOrMergeTransaction:0 android.view.SurfaceView$SurfaceViewPositionUpdateListener.positionChanged:1932 android.graphics.RenderNode$CompositePositionUpdateListener.positionChanged:401
03-02 00:57:29.033 14885 15423 I VRI[SplashActivity]@35f4eb8: mWNT: t=0x6f1ccd1400 mBlastBufferQueue=0x769b545000 fn= 1 HdrRenderState mRenderHdrSdrRatio=1.0 caller= android.view.SurfaceView.applyOrMergeTransaction:1863 android.view.SurfaceView.-$$Nest$mapplyOrMergeTransaction:0 android.view.SurfaceView$SurfaceViewPositionUpdateListener.positionChanged:1932
03-02 00:57:29.034 14885 15423 D SurfaceView: 137774491 updateSurfacePosition RenderWorker, frameNr = 1, position = [4320, 2239, 5400, 4157] surfaceSize = 1080x1917
03-02 00:57:29.034 14885 15423 I SV[137774491 SplashActivity]: uSP: rtp = Rect(4320, 2239 - 5400, 4157) rtsw = 1080 rtsh = 1917
03-02 00:57:29.034 14885 15423 I SV[137774491 SplashActivity]: onSSPAndSRT: pl = 4320 pt = 2239 sx = 1.0 sy = 1.0005217
03-02 00:57:29.034 14885 15423 I SV[137774491 SplashActivity]: aOrMT: VRI[SplashActivity]@35f4eb8 t = android.view.SurfaceControl$Transaction@5e00d45 fN = 1 android.view.SurfaceView.-$$Nest$mapplyOrMergeTransaction:0 android.view.SurfaceView$SurfaceViewPositionUpdateListener.positionChanged:1932 android.graphics.RenderNode$CompositePositionUpdateListener.positionChanged:401
03-02 00:57:29.034 14885 15423 I VRI[SplashActivity]@35f4eb8: mWNT: t=0x6f01dd5000 mBlastBufferQueue=0x769b545000 fn= 1 HdrRenderState mRenderHdrSdrRatio=1.0 caller= android.view.SurfaceView.applyOrMergeTransaction:1863 android.view.SurfaceView.-$$Nest$mapplyOrMergeTransaction:0 android.view.SurfaceView$SurfaceViewPositionUpdateListener.positionChanged:1932
03-02 00:57:29.035  1646  1892 I CameraService: onUidStateChanged: uid=10492, procState is changed. (19 -> 8)
03-02 00:57:29.035 14885 15781 D VRI[SplashActivity]@35f4eb8: Received frameDrawingCallback syncResult=0 frameNum=1.
03-02 00:57:29.036 14885 15781 I VRI[SplashActivity]@35f4eb8: mWNT: t=0x6f01dd5780 mBlastBufferQueue=0x769b545000 fn= 1 HdrRenderState mRenderHdrSdrRatio=1.0 caller= android.view.ViewRootImpl$12.onFrameDraw:15441 android.view.ThreadedRenderer$1.onFrameDraw:718 <bottom of call stack>
03-02 00:57:29.036 14885 15781 I VRI[SplashActivity]@35f4eb8: Setting up sync and frameCommitCallback
03-02 00:57:29.037  2991  3003 I LocationAccessPolicy: checkLocationPermission - callingUid: 10492, callingPid: 14636, result: DENIED_SOFT
03-02 00:57:29.037  2991  3003 I LocationAccessPolicy: checkLocationPermission - callingUid: 10492, callingPid: 14636, result: DENIED_SOFT
03-02 00:57:29.039  1446  1498 I SensorsHub: LightSensor: lux = 28, time = 767665426379832
03-02 00:57:29.045  2991  3003 I LocationAccessPolicy: checkLocationPermission - callingUid: 10492, callingPid: 14636, result: DENIED_SOFT
03-02 00:57:29.048 14636 14636 D WM-SystemJobService: onStartJob for WorkGenerationalId(workSpecId=f23029b8-b7a3-4a93-aaf6-b7c7a26dfe9e, generation=0)
03-02 00:57:29.050 14885 15423 I BLASTBufferQueue: [VRI[SplashActivity]@35f4eb8#101](f:0,a:0,s:0) onFrameAvailable the first frame is available
03-02 00:57:29.051 14885 15423 I BLASTBufferQueue: [VRI[SplashActivity]@35f4eb8#101](f:0,a:1,s:0) acquireNextBufferLocked size=1080x2340 mFrameNumber=1 applyTransaction=true mTimestamp=491128050802503(auto) mPendingTransactions.size=0 graphicBufferId=63930588202191 transform=0
03-02 00:57:29.051 14885 15423 I VRI[SplashActivity]@35f4eb8: Received frameCommittedCallback lastAttemptedDrawFrameNum=1 didProduceBuffer=true
03-02 00:57:29.052 14885 14885 D VRI[SplashActivity]@35f4eb8: reportDrawFinished seqId=0
03-02 00:57:29.052 14636 15217 D WM-Processor: MutableConfig: processing WorkGenerationalId(workSpecId=f23029b8-b7a3-4a93-aaf6-b7c7a26dfe9e, generation=0)
03-02 00:57:29.054  1507  1825 I SurfaceFlinger: Capture layer list: 	 com.podcast.app.debug/androidx.activity.ComponentActivity$_17121#156302(seamlessTransition:0)
03-02 00:57:29.054  1507  1825 I SurfaceFlinger: Capture layer list: 	 DimTransitionLayer for Surface(name=Task=44883)/@0x9c01675#156318(seamlessTransition:0)
03-02 00:57:29.054  1507  1825 I SurfaceFlinger: Capture layer list: 	 com.podcast.app.debug.test/androidx.test.core.app.InstrumentationActivityInvoker$EmptyActivity$_17532#156314(seamlessTransition:0)
03-02 00:57:29.054  1507  1825 I SurfaceFlinger: Capture layer list: 	 Splash Screen com.podcast.app.debug.test$_2746#156312(seamlessTransition:0)
03-02 00:57:29.056 14636 14636 D WM-WorkerWrapper: Starting work for com.urbanairship.job.AirshipWorker
03-02 00:57:29.057 14636 14636 V Ana Vodafone - UALib: AirshipWorker - Running job: JobInfo{action='ACTION_UPDATE_CHANNEL', airshipComponentName='com.urbanairship.channel.AirshipChannel', isNetworkAccessRequired=true, minDelayMs=0, conflictStrategy=2, initialBackOffMs=30000, extras={}, rateLimitIds=[]}, work Id: f23029b8-b7a3-4a93-aaf6-b7c7a26dfe9e run attempt: 306
03-02 00:57:29.057 14636 14636 V Ana Vodafone - UALib: JobDispatcher - Running job: JobInfo{action='ACTION_UPDATE_CHANNEL', airshipComponentName='com.urbanairship.channel.AirshipChannel', isNetworkAccessRequired=true, minDelayMs=0, conflictStrategy=2, initialBackOffMs=30000, extras={}, rateLimitIds=[]}, run attempt: 306
03-02 00:57:29.058  2013  3645 W system_server: Large reply transaction of 322012 bytes, interface descriptor android.app.IActivityTaskManager, code 26
03-02 00:57:29.059 14885 14885 I InsetsSourceConsumer: applyRequestedVisibilityToControl: visible=true, type=navigationBars, host=com.zhiliaoapp.musically/com.ss.android.ugc.aweme.splash.SplashActivity
03-02 00:57:29.060  1507  1507 I SurfaceFlinger: RequestedLayer [68eb87 SurfaceView[com.zhiliaoapp.mu[...]weme.splash.SplashActivity]@0#156326] hidden!! flag  from(1) --> to(0)
03-02 00:57:29.060 14885 14885 I InsetsSourceConsumer: applyRequestedVisibilityToControl: visible=true, type=statusBars, host=com.zhiliaoapp.musically/com.ss.android.ugc.aweme.splash.SplashActivity
03-02 00:57:29.060  1507  1507 I SurfaceFlinger: RequestedLayer [7086fb SurfaceView[com.zhiliaoapp.mu[...]weme.splash.SplashActivity]@0#156329] hidden!! flag  from(1) --> to(0)
03-02 00:57:29.060  1507  1507 I SurfaceFlinger: RequestedLayer [836459b SurfaceView[com.zhiliaoapp.m[...]weme.splash.SplashActivity]@0#156332] hidden!! flag  from(1) --> to(0)
03-02 00:57:29.060  1507  1507 I SurfaceFlinger: RequestedLayer [Bounds for - com.zhiliaoapp.musicall[...]weme.splash.SplashActivity@23#156325] hidden!! flag  from(1) --> to(0)
03-02 00:57:29.060  1507  1507 I SurfaceFlinger: RequestedLayer [Background for 68eb87 SurfaceView[co[...]weme.splash.SplashActivity]@0#156328] hidden!! flag  from(1) --> to(0)
03-02 00:57:29.060  1507  1507 I SurfaceFlinger: RequestedLayer [Background for 7086fb SurfaceView[co[...]weme.splash.SplashActivity]@0#156331] hidden!! flag  from(1) --> to(0)
