03-02 00:57:36.503  2746  2865 I VRI[test]@1a23f06: mWNT: t=0xb4000076ae53ac80 mBlastBufferQueue=0xb40000771f64b400 fn= 2 HdrRenderState mRenderHdrSdrRatio=1.0 caller= android.view.SyncRtSurfaceTransactionApplier.applyTransaction:100 android.view.SyncRtSurfaceTransactionApplier.lambda$scheduleApply$0:73 android.view.SyncRtSurfaceTransactionApplier.$r8$lambda$afI4fXg3U3-nBZQEDQMiNy-B06s:0
03-02 00:57:36.509  1446  1446 I SensorsHub: queueBatch: handle=5 period=200000000 timeout=0
03-02 00:57:36.510  1446  1446 I SensorsHub: queueActivate: handle 5 enable 1
03-02 00:57:36.510  1446  1446 I SensorsHub: type : 5, enable : 1
03-02 00:57:36.512  1507  1825 I SurfaceFlinger: Capture layer list: 	 com.podcast.app.debug/androidx.activity.ComponentActivity$_17121#156551(seamlessTransition:0)
03-02 00:57:36.512  1507  1825 I SurfaceFlinger: Capture layer list: 	 DimTransitionLayer for Surface(name=Task=44893)/@0x22e4e78#156564(seamlessTransition:0)
03-02 00:57:36.512  1507  1825 I SurfaceFlinger: Capture layer list: 	 com.podcast.app.debug.test/androidx.test.core.app.InstrumentationActivityInvoker$EmptyActivity$_17532#156566(seamlessTransition:0)
03-02 00:57:36.512  1507  1825 I SurfaceFlinger: Capture layer list: 	 Splash Screen com.podcast.app.debug.test$_2746#156561(seamlessTransition:0)
03-02 00:57:36.512 14885 17072 D SensorManager: registerListener :: 5, TCS3701 Light, 200000, 0,
03-02 00:57:36.519  2746  2866 I VRI[test]@1a23f06: mWNT: t=0xb4000076ae53ae00 mBlastBufferQueue=0xb40000771f64b400 fn= 3 HdrRenderState mRenderHdrSdrRatio=1.0 caller= android.view.SyncRtSurfaceTransactionApplier.applyTransaction:100 android.view.SyncRtSurfaceTransactionApplier.lambda$scheduleApply$0:73 android.view.SyncRtSurfaceTransactionApplier.$r8$lambda$afI4fXg3U3-nBZQEDQMiNy-B06s:0
03-02 00:57:36.526 14885 14885 I System.out: SceneSafeLifecycleDispatcher: onStarted Start
03-02 00:57:36.526 14885 14885 I System.out: SAFActivity V Scene Framework: NavigationMessageQueue postSync start
03-02 00:57:36.526 14885 14885 I System.out: SAFActivity V Scene Framework: NavigationMessageQueue postSync run current task start 14_Y.ARunnableS108S0200000_32@10d4728
03-02 00:57:36.526 14885 14885 I System.out: SAFActivity V Scene Framework: NavigationSceneManager Sync Scene SAFFragmentRootScene{79e191c} Lifecycle [ACTIVITY_CREATED -> STARTED] without saved State
03-02 00:57:36.526 14885 14885 I System.out: SAFFragmentRootScene: onStart Start (SAFFragmentRootScene{79e191c})
03-02 00:57:36.526 14885 16239 W System.err: FlagsHookHelper: skip hook flags method getInstanceHook
03-02 00:57:36.529 22395 22395 D BoundBrokerSvc: onUnbind: Intent { act=com.google.android.gms.measurement.START xflg=0x4 pkg=com.google.android.gms }
03-02 00:57:36.533  2746  2865 I VRI[test]@1a23f06: mWNT: t=0xb4000076ae53af80 mBlastBufferQueue=0xb40000771f64b400 fn= 4 HdrRenderState mRenderHdrSdrRatio=1.0 caller= android.view.SyncRtSurfaceTransactionApplier.applyTransaction:100 android.view.SyncRtSurfaceTransactionApplier.lambda$scheduleApply$0:73 android.view.SyncRtSurfaceTransactionApplier.$r8$lambda$afI4fXg3U3-nBZQEDQMiNy-B06s:0
03-02 00:57:36.535 14885 18607 W System.err: FlagsHookHelper: skip hook flags method getInstanceHook
03-02 00:57:36.537 14885 14885 I System.out: SAFActivity V Scene Framework: NavigationMessageQueue postSync run current task finish 14_Y.ARunnableS108S0200000_32@10d4728
03-02 00:57:36.538 14885 14885 I System.out: SAFActivity V Scene Framework: NavigationMessageQueue postSync finish
03-02 00:57:36.538 14885 15878 W NaviWarn: StackPtr is not 8-byte aligned.
03-02 00:57:36.539  1507  2393 I SurfaceFlinger: onHandleDestroyed: layerId=156569, name=Surface(name=c536234 NavigationBar0)/@0xfac847b - animation-leash of insets_animation#156569
03-02 00:57:36.539  1507  2393 I SurfaceFlinger: id=156569 Removed Surface(name=c536234 NavigationBar0)/@0xfac847b - animation-leash of insets_animation#156569 (339)
03-02 00:57:36.538 14885 14885 I System.out: SceneSafeLifecycleDispatcher: onStarted End START
03-02 00:57:36.541 14885 14885 I System.out: SAFActivity: com.ss.android.ugc.aweme.main.MainActivity@c20428f,  onStart End
03-02 00:57:36.541  1507  2393 I SurfaceFlinger: onHandleDestroyed: layerId=156570, name=Surface(name=a5d3a68 StatusBar)/@0xd5726d6 - animation-leash of insets_animation#156570
03-02 00:57:36.541  1507  2393 I SurfaceFlinger: id=156570 Removed Surface(name=a5d3a68 StatusBar)/@0xd5726d6 - animation-leash of insets_animation#156570 (339)
03-02 00:57:36.543 14885 14885 I System.out: SAFActivity: com.ss.android.ugc.aweme.main.MainActivity@c20428f,  onResume Start
03-02 00:57:36.546 14885 17072 W AudioManager: Use of stream types is deprecated for operations other than volume control
03-02 00:57:36.546 14885 17072 W AudioManager: See the documentation of requestAudioFocus() for what to use instead with android.media.AudioAttributes to qualify your playback use case
03-02 00:57:36.548 14885 14885 I System.out: SceneSafeLifecycleDispatcher: onResumed Start
03-02 00:57:36.548 14885 14885 I System.out: SAFActivity V Scene Framework: NavigationMessageQueue postSync start
03-02 00:57:36.548 14885 14885 I System.out: SAFActivity V Scene Framework: NavigationMessageQueue postSync run current task start 14_Y.ARunnableS108S0200000_32@897e765
03-02 00:57:36.548 14885 14885 I System.out: SAFActivity V Scene Framework: NavigationSceneManager Sync Scene SAFFragmentRootScene{79e191c} Lifecycle [STARTED -> RESUMED] without saved State
03-02 00:57:36.548 14885 14885 I System.out: SAFFragmentRootScene: onResume Start (SAFFragmentRootScene{79e191c})
03-02 00:57:36.548  2013  2252 I MediaFocusControl: requestAudioFocus() from uid/pid 10350/14885 AA=USAGE_MEDIA/CONTENT_TYPE_UNKNOWN clientId=android.media.AudioManager@b7fcc9dX.143s@4302512 callingPack=com.zhiliaoapp.musically req=2 flags=0x0 sdk=35
03-02 00:57:36.548  2746  2866 I VRI[test]@1a23f06: mWNT: t=0xb40000771f6f0000 mBlastBufferQueue=0xb40000771f64b400 fn= 5 HdrRenderState mRenderHdrSdrRatio=1.0 caller= android.view.SyncRtSurfaceTransactionApplier.applyTransaction:100 android.view.SyncRtSurfaceTransactionApplier.lambda$scheduleApply$0:73 android.view.SyncRtSurfaceTransactionApplier.$r8$lambda$afI4fXg3U3-nBZQEDQMiNy-B06s:0
03-02 00:57:36.549  2013  2252 D AS.AudioService: [Android Auto] isConnectedAndroidAuto = false
03-02 00:57:36.549  2013  2252 D MediaFocusControl: selectFocusStack, uid = 10350, appDevice = 0, device = 2
03-02 00:57:36.549  2013  2252 I MediaFocusControl: removeFocusStackEntry client:android.media.AudioManager@b7fcc9dX.143s@4302512
03-02 00:57:36.549  2013  2252 I MediaFocusControl: propagateFocusLossFromGain_syncAf gain:2
03-02 00:57:36.549  2013  2252 I MediaFocusControl: propagateFocusLossFromGain_syncAf empty stack
03-02 00:57:36.550  1507  1507 I SurfaceFlinger: destroyed Surface(name=a5d3a68 StatusBar)/@0xd5726d6 - animation-leash of insets_animation#156570
03-02 00:57:36.550  1507  1507 I SurfaceFlinger: destroyed Surface(name=c536234 NavigationBar0)/@0xfac847b - animation-leash of insets_animation#156569
03-02 00:57:36.551  1507  1507 I Layer   : id=156570 Destroyed Surface(name=a5d3a68 StatusBar)/@0xd5726d6 - animation-leash of insets_animation#156570
03-02 00:57:36.551  1507  1507 I Layer   : id=156569 Destroyed Surface(name=c536234 NavigationBar0)/@0xfac847b - animation-leash of insets_animation#156569
03-02 00:57:36.551 25915 26075 I Rubin   : [4019] M.c0.k(Unknown Source) : Notify com.samsung.android.rubin.inferenceengine.contextanalytics.engine.loggers.AppUsageLogger's database is updated.
03-02 00:57:36.553  2013  2065 D PkgPredictorService-SecIpmManagerServiceImpl: onForegroundActivitiesChanged pid:14885 uid:10350
03-02 00:57:36.553  2746  2746 D QSClock : onDarkChanged tint=DARK
03-02 00:57:36.556  1445  2902 W C2MtkBufferManager: [0xB4000070F507E520] fetchNewCcBlock: wait fence 0x0xb4000070f5058270 timed out. ret 110
03-02 00:57:36.560  3202  3386 I HoneySpace.TopTaskSource: onTaskMovedToFront : taskId = 44543, displayId = 0
03-02 00:57:36.561  2746  2865 I VRI[test]@1a23f06: mWNT: t=0xb40000771f6f0c00 mBlastBufferQueue=0xb40000771f64b400 fn= 6 HdrRenderState mRenderHdrSdrRatio=1.0 caller= android.view.SyncRtSurfaceTransactionApplier.applyTransaction:100 android.view.SyncRtSurfaceTransactionApplier.lambda$scheduleApply$0:73 android.view.SyncRtSurfaceTransactionApplier.$r8$lambda$afI4fXg3U3-nBZQEDQMiNy-B06s:0
03-02 00:57:36.562 25915 26075 I Rubin   : [4019] com.samsung.android.rubin.inferenceengine.contextanalytics.engine.monitors.moment.exercise.ExercisingWithCalendarMonitor.isSatisfiedByCalendarEvent(Unknown Source) : isSatisfiedByCalendarEvent is false
03-02 00:57:36.564  3202  3390 I HoneySpace.TopTaskUseCase: topTasks 44543 ComponentInfo{com.zhiliaoapp.musically/com.ss.android.ugc.aweme.main.MainActivity}[displayId=0]
03-02 00:57:36.564 25915 26075 I Rubin   : [4019] com.samsung.android.rubin.inferenceengine.contextanalytics.engine.monitors.moment.exercise.ExercisingWithCmhMonitor.isSatisfiedByCmh(Unknown Source) : isSatisfiedByCmh is false
03-02 00:57:36.565 14885 15878 W NaviWarn: StackPtr is not 8-byte aligned.
03-02 00:57:36.565  1646  5384 I CameraService: onUidStateChanged: uid=10235, procState is changed. (4 -> 3)
03-02 00:57:36.567 14885 16246 D AudioTrack: setVolume(1.000000, 1.000000) pid : 14885
03-02 00:57:36.569 14885 14885 I DecorView: setWindowBackground: isPopOver=false color=ff000000 d=android.graphics.drawable.ColorDrawable@96f1b66
03-02 00:57:36.573  3202 31843 I HoneySpace.RecentTasks: onRecentTasksChanged
03-02 00:57:36.577  1444  1444 I hwcomposer: [HWCDisplay] (0 updateFps():4131), (type:1, mode:2) fps:87.069191,dur:1010.69,max:28.95,min:7.15
03-02 00:57:36.578  2013  2706 D NetdEventListenerService: DNS Requested by 318, 10476(com.lemon.lvoverseas), SUCCESS, 74ms
03-02 00:57:36.581  3202  3386 I HoneySpace.TopTaskSource: onTaskFocusChanged(): taskId = 44543
03-02 00:57:36.582  2013  4843 I WindowManager: Relayout Window{6fd64b3 u0 Splash Screen com.podcast.app.debug.test}: viewVisibility=8 req=1080x2340 ty=3 d0
03-02 00:57:36.584  3202  3202 I HoneySpace.EdgePanel.CocktailHostRepositoryImpl: onNoteResume
03-02 00:57:36.584  2013  4843 I WindowManager: Relayout hash=6fd64b3, pid=2746, syncId=-1: mAttrs={(0,0)(fillxfill) sim={adjust=pan} layoutInDisplayCutoutMode=always ty=APPLICATION_STARTING fmt=TRANSLUCENT
03-02 00:57:36.584  2013  4843 I WindowManager:   fl=81030118
03-02 00:57:36.584  2013  4843 I WindowManager:   pfl=10000810
03-02 00:57:36.584  2013  4843 I WindowManager:   apr=18
03-02 00:57:36.584  2013  4843 I WindowManager:   bhv=1
03-02 00:57:36.584  2013  4843 I WindowManager:   fitSides=0
03-02 00:57:36.584  2013  4843 I WindowManager:   frameRateBoostOnTouch=true
03-02 00:57:36.584  2013  4843 I WindowManager:   dvrrWindowFrameRateHint=true naviIconColor=0}
03-02 00:57:36.584  3202  3202 I HoneySpace.EdgePanel.EdgePanelContainerViewModel: cocktailHostRepository.edgePanelOperation NoteResumeComponent(componentName=ComponentInfo{com.zhiliaoapp.musically/com.ss.android.ugc.aweme.main.MainActivity})
03-02 00:57:36.584  3202  3202 I HoneySpace.EdgePanel.ActivityUtils: HomePackage : com.sec.android.app.launcher, resumePackageName : com.zhiliaoapp.musically, className : com.ss.android.ugc.aweme.main.MainActivity
03-02 00:57:36.585  2746  2808 I VRI[test]@1a23f06: onActiveControlsChanged, removed=false, mAdded=true, caller=android.view.ViewRootImpl.handleInsetsControlChanged:3002 android.view.ViewRootImpl.relayoutWindow:11629 android.view.ViewRootImpl.performTraversals:4804 android.view.ViewRootImpl.doTraversal:3924 android.view.ViewRootImpl$TraversalRunnable.run:12903
03-02 00:57:36.585  2746  2746 I {OngoingActivityController}: onTaskFocusChanged but OA data is empty
03-02 00:57:36.585  2746  2808 I InsetsSourceConsumer: applyRequestedVisibilityToControl: visible=true, type=navigationBars, host=Splash Screen com.podcast.app.debug.test
03-02 00:57:36.586  2746  2808 I InsetsSourceConsumer: applyRequestedVisibilityToControl: visible=true, type=statusBars, host=Splash Screen com.podcast.app.debug.test
03-02 00:57:36.587  2746  2808 I BLASTBufferQueue: [VRI[test]@1a23f06#7728](f:0,a:1,s:0) destructor()
03-02 00:57:36.587  2746  2808 D BufferQueueConsumer: [VRI[test]@1a23f06#7728(BLAST Consumer)7728](id:aba00001e30,api:0,p:-1,c:2746) disconnect
03-02 00:57:36.588  2746  2808 I VRI[test]@1a23f06: Relayout returned: old=(0,0,1080,2340) new=(0,0,1080,2340) relayoutAsync=false req=(1080,2340)8 dur=6 res=0x2 s={false 0x0} ch=true seqId=0
03-02 00:57:36.588  2746  2808 D VRI[test]@1a23f06: Not drawing due to not visible. Reason=View.GONE
03-02 00:57:36.588  2746  2808 I VRI[test]@1a23f06: onActiveControlsChanged, removed=false, mAdded=true, caller=android.view.ViewRootImpl.handleInsetsControlChanged:3002 android.view.ViewRootImpl$ViewRootHandler.handleMessageImpl:8352 android.view.ViewRootImpl$ViewRootHandler.handleMessage:8301 android.os.Handler.dispatchMessage:110 android.os.Looper.loopOnce:273
03-02 00:57:36.588  2746  2808 W WindowOnBackDispatcher: sendCancelIfRunning: isInProgress=false callback=android.view.ViewRootImpl$$ExternalSyntheticLambda16@f859019
03-02 00:57:36.589  2746  2808 I VRI[test]@1a23f06: dispatchDetachedFromWindow
03-02 00:57:36.590  1445  2902 D C2MtkBufferManager: over 5000ms not request from VCodec but callback hooked, slow BM Cc fetch thread. Last get time was 90620000ms ago.
03-02 00:57:36.590  2013  2252 I SemDvfsHyPerManager: acquire hyper - AMS_RESUME_TAIL/2013@18, type = -999
03-02 00:57:36.590  2013  2252 I SemDvfsHyPerManager: acquire hyper - AMS_ACT_LAZY/2013@19, type = -999
03-02 00:57:36.590  1450  1487 I HYPER-HAL: [RequestManager.cpp]acquire(): Acquired ID : 2063514  [2013 / 18]    HINT : AMS_RESUME_TAIL    list :
03-02 00:57:36.590  2013  2252 D InputTransport: Input channel destroyed: '6fd64b3', fd=1074
03-02 00:57:36.591  1450  1487 I mtkpower_client: perf_lock_rel, hdl:76709, pid: 1450, tid:1487
03-02 00:57:36.591  1450  1487 I mtkpower_client: perf_lock_acq, hdl:0, dur:0, num:2, pid:1450, tid:1487
03-02 00:57:36.591  1464  1529 I libPowerHal: [perfLockRel] hdl:76709, idx:2
03-02 00:57:36.591  1464  1529 I libPowerHal: [set_cpuidle] enable:1, fd:17, scn:0xb40000737b607270
03-02 00:57:36.591  1464  1529 I libPowerHal: [PD] vendor.samsung. update cmd:1c3c100 param:1 pr:6
03-02 00:57:36.591  1464  1529 I libPowerHal: [perfLockRel] Done for hdl : 76709
03-02 00:57:36.592  2013  3566 W ParceledListSlice: Element #30 is 21544 bytes.
03-02 00:57:36.592  1450  1487 I mtkpower_client: ret_hdl:76713
03-02 00:57:36.592  1450  1487 I mtkpower_client: perf_lock_rel, hdl:76711, pid: 1450, tid:1487
03-02 00:57:36.593  1450  1487 I mtkpower_client: perf_lock_acq, hdl:0, dur:0, num:2, pid:1450, tid:1487
03-02 00:57:36.594  1464  1529 I libPowerHal: [perfLockAcq] idx:2 hdl:76713 hint:-1 pid:1450 tid:1487 duration:0 lock_user:vendor.samsung. => ret_hdl:76713
03-02 00:57:36.594  1464  1529 I libPowerHal: [set_cpuidle] enable:0, fd:17, scn:0xb40000737b607270
03-02 00:57:36.594  1464  1529 I libPowerHal: [get_cpu_dma_latency_value] 0
03-02 00:57:36.594  1464  1529 I libPowerHal: [PE] vendor.samsung. update cmd:1c3c100 param:0 pr:3
03-02 00:57:36.594  1464  1529 I libPowerHal: [perfLockAcq] Done for hdl : 76713
03-02 00:57:36.595  1507  1563 I SurfaceFlinger: id=156574 createSurf, flag=24000, Surface(name=c536234 NavigationBar0)/@0xfac847b - animation-leash of insets_animation#156574
03-02 00:57:36.597  1507  1563 I SurfaceFlinger: id=156575 createSurf, flag=24000, Surface(name=a5d3a68 StatusBar)/@0xd5726d6 - animation-leash of insets_animation#156575
03-02 00:57:36.597 14252 14252 I BadgeCountReceiver: onReceive: Intent { act=android.intent.action.BADGE_COUNT_UPDATE flg=0x1000010 xflg=0x4 cmp=com.sec.android.provider.badge/.BadgeCountReceiver (has extras) }
03-02 00:57:36.597 14252 14273 I BadgeCountReceiver: UpdateTask START: PendingResult hashCode: 217424468
03-02 00:57:36.597 14252 14273 I BadgeCountReceiver: packageName: com.zhiliaoapp.musically, className: com.ss.android.ugc.aweme.splash.SplashActivity, count: 0
03-02 00:57:36.598  1464  1529 I libPowerHal: [perfLockRel] hdl:76711, idx:8
03-02 00:57:36.598  2991  3778 D SatelliteController: isInCarrierRoamingNbIotNtn: satellite is disabled
03-02 00:57:36.598  1464  1529 I libPowerHal: [PD] vendor.samsung. update cmd:1000000 param:-1 pr:6
03-02 00:57:36.598  1464  1529 I libPowerHal: [perfLockRel] Done for hdl : 76711
03-02 00:57:36.599  1450  1487 I mtkpower_client: ret_hdl:76714
03-02 00:57:36.599  1464  1529 I libPowerHal: [perfLockAcq] idx:6 hdl:76714 hint:-1 pid:1450 tid:1487 duration:0 lock_user:vendor.samsung. => ret_hdl:76714
03-02 00:57:36.599  1464  1529 I libPowerHal: [setDvfsrcDevFreqOpp] opp:0, freq:4266000000
03-02 00:57:36.599  1464  1529 I libPowerHal: [PE] vendor.samsung. update cmd:1000000 param:0 pr:3
03-02 00:57:36.599  1464  1529 I libPowerHal: [perfLockAcq] Done for hdl : 76714
03-02 00:57:36.599  1450  1487 I mtkpower_client: perf_lock_rel, hdl:76714, pid: 1450, tid:1487
03-02 00:57:36.600  1450  1487 I mtkpower_client: perf_lock_acq, hdl:0, dur:0, num:2, pid:1450, tid:1487
03-02 00:57:36.600  1464  1529 I libPowerHal: [perfLockRel] hdl:76714, idx:6
03-02 00:57:36.600  1464  1529 I libPowerHal: [PD] vendor.samsung. update cmd:1000000 param:-1 pr:6
03-02 00:57:36.600  1464  1529 I libPowerHal: [perfLockRel] Done for hdl : 76714
03-02 00:57:36.601  1450  1487 I mtkpower_client: ret_hdl:76715
03-02 00:57:36.601  1450  1487 I mtkpower_client: perf_lock_rel, hdl:76712, pid: 1450, tid:1487
03-02 00:57:36.603  1464  1529 I libPowerHal: [perfLockAcq] idx:8 hdl:76715 hint:-1 pid:1450 tid:1487 duration:0 lock_user:vendor.samsung. => ret_hdl:76715
03-02 00:57:36.603  3202  3977 I HoneySpace.RecentTasks: onRecentTasksChanged
03-02 00:57:36.603  1464  1529 I libPowerHal: [setDvfsrcDevFreqOpp] opp:0, freq:4266000000
03-02 00:57:36.603  1464  1529 I libPowerHal: [PE] vendor.samsung. update cmd:1000000 param:0 pr:3
03-02 00:57:36.603  1464  1529 I libPowerHal: [perfLockAcq] Done for hdl : 76715
03-02 00:57:36.603  1450  1487 I mtkpower_client: perf_lock_acq, hdl:0, dur:0, num:2, pid:1450, tid:1487
03-02 00:57:36.604  1464  1529 I libPowerHal: [perfLockRel] hdl:76712, idx:3
03-02 00:57:36.604  1464  1529 I libPowerHal: [PD] vendor.samsung. update cmd:400000 param:-1 pr:6
03-02 00:57:36.605  1507  1507 I SurfaceFlinger: [Surface(name=c536234 NavigationBar0)/@0xfac847b - animation-leash of insets_animation#156574] attach to parent LayerHierarchy{RequestedLayerState{WindowToken{5cf38d1 type=2019 android.os.BinderProxy@916675b}#101 parentId=34} 2 children}
03-02 00:57:36.605  1507  1507 I SurfaceFlinger: [Surface(name=a5d3a68 StatusBar)/@0xd5726d6 - animation-leash of insets_animation#156575] attach to parent LayerHierarchy{RequestedLayerState{WindowToken{d05298b type=2000 android.os.BinderProxy@163b705}#108 parentId=17} 2 children}
03-02 00:57:36.606  1464  1529 I libPowerHal: [recordCPUFreqInfo] set cluster[0] min(-1): -1 max(-1): -1 cluster[1] min(-1): -1 max(-1): -1
03-02 00:57:36.606  1464  1529 I libPowerHal: [perfLockRel] Done for hdl : 76712
03-02 00:57:36.606  1450  1487 I mtkpower_client: ret_hdl:76716
03-02 00:57:36.607  1450  1487 I HYPER-HAL: [RequestManager.cpp]releaseLocked(): Released ID : 2067581
03-02 00:57:36.607  1464  1529 I libPowerHal: [perfLockAcq] idx:6 hdl:76716 hint:-1 pid:1450 tid:1487 duration:0 lock_user:vendor.samsung. => ret_hdl:76716
03-02 00:57:36.607  1464  1529 I libPowerHal: [PE] vendor.samsung. update cmd:400000 param:2000000 pr:3
03-02 00:57:36.607  1464  1529 I libPowerHal: [recordCPUFreqInfo] set cluster[0] min(vendor.samsung.): 2000000 max(-1): -1 cluster[1] min(-1): -1 max(-1): -1
03-02 00:57:36.607  1464  1529 I libPowerHal: [perfLockAcq] Done for hdl : 76716
03-02 00:57:36.609  2746  2808 D InputTransport: Input channel destroyed: '6fd64b3', fd=594
03-02 00:57:36.611  3438  3438 I EPDG -- SIM1 [SMARTCELLULAR]: onSignalStrengthsChanged: SignalStrength:{mCdma=Invalid,mGsm=Invalid,mWcdma=Invalid,mTdscdma=Invalid,mLte=CellSignalStrengthLte: rssi=-103 rsrp=-102 rsrq=-13 rssnr=1 cqiTableIndex=2147483647 cqi=2147483647 ta=2147483647 level=3 parametersUseForLevel=0,mNr=Invalid,SignalBarInfo{ lteLevel=2 },rat=14,primary=CellSignalStrengthLte}
03-02 00:57:36.611  2746  2746 D NavigationBar: onSystemBarAttributesChanged() -  displayId:0, appearance:8, packageName: com.podcast.app.debug.test (APPEARANCE_LIGHT_STATUS_BARS ), navbarColorManagedByIme:false
03-02 00:57:36.611 14885 14885 I System.out: SAFActivity V Scene Framework: NavigationMessageQueue postSync run current task finish 14_Y.ARunnableS108S0200000_32@897e765
03-02 00:57:36.611 14885 14885 I System.out: SAFActivity V Scene Framework: NavigationMessageQueue postSync finish
03-02 00:57:36.611 14885 14885 I System.out: SceneSafeLifecycleDispatcher: onResumed End RESUME
03-02 00:57:36.612  2746  2746 D NavigationBar: onSystemBarAttributesChanged() -  displayId:0, appearance:0, packageName: com.podcast.app.debug.test, navbarColorManagedByIme:false
03-02 00:57:36.612  1507  1825 I SurfaceFlinger: Capture layer list: 	 com.podcast.app.debug/androidx.activity.ComponentActivity$_17121#156551(seamlessTransition:0)
03-02 00:57:36.613  1507  1825 I SurfaceFlinger: Capture layer list: 	 DimTransitionLayer for Surface(name=Task=44893)/@0x22e4e78#156564(seamlessTransition:0)
03-02 00:57:36.613  1507  1825 I SurfaceFlinger: Capture layer list: 	 com.podcast.app.debug.test/androidx.test.core.app.InstrumentationActivityInvoker$EmptyActivity$_17532#156566(seamlessTransition:0)
03-02 00:57:36.613  1507  1825 I SurfaceFlinger: Capture layer list: 	 Splash Screen com.podcast.app.debug.test$_2746#156561(seamlessTransition:0)
03-02 00:57:36.615 14885 14885 I System.out: SAFActivity: com.ss.android.ugc.aweme.main.MainActivity@c20428f,  onResume End
03-02 00:57:36.616  3438  4448 I EPDG -- SIM1 [SMARTCELLULAR]: lastLteRSRP is -102 currentLteRSRP is -102 lastLteRSRQ is -14 currentLteRSRQ is -13 lastLteSNR is 1 currentLteSNR is 1
03-02 00:57:36.616  1507  1507 I SurfaceFlinger: RequestedLayer [Splash Screen com.podcast.app.debug.test$_2746#156561] hidden!! flag  from(0) --> to(1)
03-02 00:57:36.616  1507  1507 I SurfaceFlinger: [LayerHierarchy{RequestedLayerState{c536234 NavigationBar0#102 parentId=156574} 1 children}] reparent to LayerHierarchy{RequestedLayerState{Surface(name=c536234 NavigationBar0)/@0xfac847b - animation-leash of insets_animation#156574 parentId=101} 1 children}
03-02 00:57:36.616  1507  1507 I SurfaceFlinger: [LayerHierarchy{RequestedLayerState{a5d3a68 StatusBar#109 parentId=156575} 1 children}] reparent to LayerHierarchy{RequestedLayerState{Surface(name=a5d3a68 StatusBar)/@0xd5726d6 - animation-leash of insets_animation#156575 parentId=108} 1 children}
03-02 00:57:36.616  1507  1507 I SurfaceFlinger: [LayerHierarchy{RequestedLayerState{Surface(name=a5d3a68 StatusBar)/@0xd5726d6 - animation-leash of insets_animation#156573} no children}] reparent to OffscreenRoot
03-02 00:57:36.616  1507  1507 I SurfaceFlinger: [LayerHierarchy{RequestedLayerState{Surface(name=a5d3a68 StatusBar)/@0xd5726d6 - animation-leash of insets_animation#156573} no children}] RelativeParent to null
03-02 00:57:36.616  1507  1507 I SurfaceFlinger: [LayerHierarchy{RequestedLayerState{Surface(name=c536234 NavigationBar0)/@0xfac847b - animation-leash of insets_animation#156572} no children}] reparent to OffscreenRoot
03-02 00:57:36.616  1507  1507 I SurfaceFlinger: [LayerHierarchy{RequestedLayerState{Surface(name=c536234 NavigationBar0)/@0xfac847b - animation-leash of insets_animation#156572} no children}] RelativeParent to null
03-02 00:57:36.619  1446  1498 I SensorsHub: LightSensor: lux = 37, time = 767673006424019
03-02 00:57:36.620 14252 18983 I BadgeProvider: query, [calling package]: com.sec.android.app.launcher, [selection]: null
03-02 00:57:36.620  1507  2128 I SurfaceFlinger: onHandleDestroyed: layerId=156572, name=Surface(name=c536234 NavigationBar0)/@0xfac847b - animation-leash of insets_animation#156572
03-02 00:57:36.620  1507  2128 I SurfaceFlinger: id=156572 Removed Surface(name=c536234 NavigationBar0)/@0xfac847b - animation-leash of insets_animation#156572 (339)
03-02 00:57:36.620  1507  1563 I SurfaceFlinger: onHandleDestroyed: layerId=156573, name=Surface(name=a5d3a68 StatusBar)/@0xd5726d6 - animation-leash of insets_animation#156573
03-02 00:57:36.620  1507  1563 I SurfaceFlinger: id=156573 Removed Surface(name=a5d3a68 StatusBar)/@0xd5726d6 - animation-leash of insets_animation#156573 (339)
03-02 00:57:36.620  1646  5384 I CameraService: onUidStateChanged: uid=10062, procState is changed. (1 -> 0)
03-02 00:57:36.621 14885 14885 I SV[6876039 SplashActivity]: onWindowVisibilityChanged(0) false X.0fk7{68eb87 V.E...... ........ 0,80-1080,2000} of VRI[SplashActivity]@35f4eb8
03-02 00:57:36.621 14885 14885 D SV[6876039 SplashActivity]: updateSurface: surface is not valid
03-02 00:57:36.621 14885 14885 I SV[6876039 SplashActivity]: releaseSurfaces: viewRoot = VRI[SplashActivity]@35f4eb8
03-02 00:57:36.621 14885 14885 D VRI[SplashActivity]@35f4eb8: applyTransactionOnDraw applyImmediately
03-02 00:57:36.622 14885 14885 I SV[7374587 SplashActivity]: onWindowVisibilityChanged(0) false X.0fk7{7086fb V.E...... ........ 0,80-1080,2000} of VRI[SplashActivity]@35f4eb8
03-02 00:57:36.623  1507  1507 D SurfaceFlinger: Display 4627039422300187648 HWC layers:
03-02 00:57:36.623  1507  1507 D SurfaceFlinger:        CLIENT |           73534135074936 | 00002102 | RGBA_8888    |  307.0    0.0 1080.0 2340.0 |    0    0 1080 2340 | com.podcast.app.debug/androidx.activity.ComponentActivity$_17121#156551 (2)
03-02 00:57:36.623  1507  1507 D SurfaceFlinger:   SOLID_COLOR |                        0 | 00000000 | N/A          |    0.0    0.0    0.0    0.0 |    0    0 1080 2340 | DimTransitionLayer for Surface(name=Task=44893)/@0x22e4e78#156564 (0)
03-02 00:57:36.623  1507  1507 D SurfaceFlinger:        DEVICE |           75299366633580 | 00002102 | RGBA_8888    |    0.0    0.0  983.0 2340.0 |   97    0 1080 2340 | com.podcast.app.debug.test/androidx.[...]yInvoker$EmptyActivity$_17532#156566 (1)
03-02 00:57:36.623  1507  1507 D SurfaceFlinger:        DEVICE |           11793980281878 | 00002100 | RGBA_8888    |    0.0    0.0 1080.0   80.0 |    0    0 1080   80 | StatusBar$_2746#117 (211150)
03-02 00:57:36.623  1507  1507 D SurfaceFlinger:        DEVICE |           13752485304097 | 00002100 | RGBA_8888    |    0.0    0.0   67.0  346.0 | 1013  454 1080  800 | com.sec.android.app.launcher/com.sam[...].app.CocktailBarService$_3202#152779 (1)
03-02 00:57:36.623  1507  1507 D SurfaceFlinger:        DEVICE |           1179398028186
03-02 00:57:36.623  1507  1507 D SurfaceFlinger: 7 | 00002100 | RGBA_8888    |    0.0    0.0 1080.0  135.0 |    0 2205 1080 2340 | NavigationBar0$_2746#113 (188110)
03-02 00:57:36.623  1507  1507 D SurfaceFlinger:
03-02 00:57:36.624 14885 14885 D SV[7374587 SplashActivity]: updateSurface: surface is not valid
03-02 00:57:36.624 14885 14885 I SV[7374587 SplashActivity]: releaseSurfaces: viewRoot = VRI[SplashActivity]@35f4eb8
03-02 00:57:36.624 14885 14885 D VRI[SplashActivity]@35f4eb8: applyTransactionOnDraw applyImmediately
03-02 00:57:36.624 14885 14885 I SV[137774491 SplashActivity]: onWindowVisibilityChanged(0) false X.0fk7{836459b V.E...... ........ 0,81-1080,1998} of VRI[SplashActivity]@35f4eb8
03-02 00:57:36.624 14885 14885 D SV[137774491 SplashActivity]: updateSurface: surface is not valid
03-02 00:57:36.624 14885 14885 I SV[137774491 SplashActivity]: releaseSurfaces: viewRoot = VRI[SplashActivity]@35f4eb8
03-02 00:57:36.624 14885 14885 D VRI[SplashActivity]@35f4eb8: applyTransactionOnDraw applyImmediately
03-02 00:57:36.625  2991  3810 I LocationAccessPolicy: checkLocationPermission - callingUid: 10492, callingPid: 14636, result: DENIED_SOFT
03-02 00:57:36.625  2991  3810 I LocationAccessPolicy: checkLocationPermission - callingUid: 10492, callingPid: 14636, result: DENIED_SOFT
03-02 00:57:36.626  2013  3645 I WindowManager: Relayout Window{cd2d6b5 u0 com.zhiliaoapp.musically/com.ss.android.ugc.aweme.splash.SplashActivity}: viewVisibility=0 req=1080x2340 ty=1 d0
03-02 00:57:36.627  1507  1907 I SurfaceFlinger: id=156576 createSurf, flag=44004, com.zhiliaoapp.musically/com.ss.android.ugc.aweme.splash.SplashActivity$_14885#156576
03-02 00:57:36.627  1507  1507 I SurfaceFlinger: destroyed Surface(name=a5d3a68 StatusBar)/@0xd5726d6 - animation-leash of insets_animation#156573
03-02 00:57:36.627  1507  1507 I SurfaceFlinger: destroyed Surface(name=c536234 NavigationBar0)/@0xfac847b - animation-leash of insets_animation#156572
03-02 00:57:36.628  1507  1507 I SurfaceFlinger: [com.zhiliaoapp.musically/com.ss.android.ugc.aweme.splash.SplashActivity$_14885#156576] attach to parent LayerHierarchy{RequestedLayerState{cd2d6b5 com.zhiliaoapp.musically/com.ss.android.ugc.aweme.splash.SplashActivity#155210 parentId=147902} 1 children}
03-02 00:57:36.629  1507  1507 I Layer   : id=156573 Destroyed Surface(name=a5d3a68 StatusBar)/@0xd5726d6 - animation-leash of insets_animation#156573
03-02 00:57:36.629  1507  1507 I Layer   : id=156572 Destroyed Surface(name=c536234 NavigationBar0)/@0xfac847b - animation-leash of insets_animation#156572
03-02 00:57:36.630  1445  2902 W C2MtkBufferManager: [0xB4000070F507E520] fetchNewCcBlock: wait fence 0x0xb4000070f5058270 timed out. ret 110
03-02 00:57:36.631  2746  2746 D SystemUIService: SYSUI_RAM_OPTIMIZATION onTrimMemory=20
03-02 00:57:36.631  2746  2746 D CentralSurfaces: SYSUI_RAM_OPTIMIZATION onTrimMemory=20
03-02 00:57:36.632 14252 14273 I BadgeProvider: sendNotify [uri]: content://com.sec.badge/apps, [notify]: null
03-02 00:57:36.633  2013  4835 W system_server: Large reply transaction of 322012 bytes, interface descriptor android.app.IActivityTaskManager, code 26
03-02 00:57:36.634  2746  2870 D HWUI    : CacheManager::trimMemory(20)
03-02 00:57:36.634 14252 18983 I BadgeProvider: query, [calling package]: com.sec.android.app.launcher, [selection]: null
03-02 00:57:36.634 14252 14273 I BadgeProvider: update, [calling package]: com.sec.android.provider.badge, [uri]: content://com.sec.badge/apps, [uri.query]: null, [BadgeCount]: badgecount=0, [UpdateCount]: 1
03-02 00:57:36.635 14252 14273 I BadgeCountReceiver: UpdateTask END: PendingResult hashCode: 217424468
03-02 00:57:36.635  2991  3810 I LocationAccessPolicy: checkLocationPermission - callingUid: 10492, callingPid: 14636, result: DENIED_SOFT
03-02 00:57:36.636  2991  3810 I LocationAccessPolicy: checkLocationPermission - callingUid: 10492, callingPid: 14636, result: DENIED_SOFT
03-02 00:57:36.638  1507  1907 I SurfaceFlinger: id=156577 createSurf, flag=24000, Surface(name=c536234 NavigationBar0)/@0xfac847b - animation-leash of insets_animation#156577
03-02 00:57:36.639  1507  1507 I SurfaceFlinger: [Surface(name=c536234 NavigationBar0)/@0xfac847b - animation-leash of insets_animation#156577] attach to parent LayerHierarchy{RequestedLayerState{WindowToken{5cf38d1 type=2019 android.os.BinderProxy@916675b}#101 parentId=34} 2 children}
03-02 00:57:36.640  1507  1563 I SurfaceFlinger: id=156578 createSurf, flag=24000, Surface(name=a5d3a68 StatusBar)/@0xd5726d6 - animation-leash of insets_animation#156578
03-02 00:57:36.642  2013  3645 I SystemKeyManager: requested systemKeyInfo size=1 focusedWindow=com.zhiliaoapp.musically/com.ss.android.ugc.aweme.splash.SplashActivity
03-02 00:57:36.642  2013  3645 I SystemKeyManager: requested systemKeyInfo size=2 focusedWindow=com.zhiliaoapp.musically/com.ss.android.ugc.aweme.splash.SplashActivity
03-02 00:57:36.643  2013  3645 I WindowManager: Relayout hash=cd2d6b5, pid=14885, syncId=-1: mAttrs={(0,0)(fillxfill) sim={adjust=pan} layoutInDisplayCutoutMode=always ty=BASE_APPLICATION fmt=TRANSLUCENT wanim=0x1030317
03-02 00:57:36.643  2013  3645 I WindowManager:   fl=81810180
03-02 00:57:36.643  2013  3645 I WindowManager:   pfl=10008840
03-02 00:57:36.643  2013  3645 I WindowManager:   vsysui=400
03-02 00:57:36.643  2013  3645 I WindowManager:   apr=10
03-02 00:57:36.643  2013  3645 I WindowManager:   bhv=1
03-02 00:57:36.643  2013  3645 I WindowManager:   fitSides=0
03-02 00:57:36.643  2013  3645 I WindowManager:   frameRateBoostOnTouch=true
03-02 00:57:36.643  2013  3645 I WindowManager:   dvrrWindowFrameRateHint=true naviIconColor=0
03-02 00:57:36.643  2013  3645 I WindowManager:   sfl=100000}
03-02 00:57:36.643  2013  3505 I NSLocationMonitor: getGPSUsingApps() called
03-02 00:57:36.643  3477 22276 I NSLocationManager_FLP: getGPSUsingApps, No change
03-02 00:57:36.644  2746  2808 I VRI[test]@1a23f06: onActiveControlsChanged, removed=true, mAdded=false, caller=android.view.ViewRootImpl.handleInsetsControlChanged:3002 android.view.ViewRootImpl$ViewRootHandler.handleMessageImpl:8352 android.view.ViewRootImpl$ViewRootHandler.handleMessage:8301 android.os.Handler.dispatchMessage:110 android.os.Looper.loopOnce:273
03-02 00:57:36.644 14885 14885 D BufferQueueConsumer: [](id:3a250000007e,api:0,p:-1,c:14885) connect: controlledByApp=false
03-02 00:57:36.645 14885 14885 I BLASTBufferQueue: [VRI[SplashActivity]@35f4eb8#121](f:0,a:0,s:0) constructor()
03-02 00:57:36.645 14885 14885 I BLASTBufferQueue_Java: new BLASTBufferQueue, mName= VRI[SplashActivity]@35f4eb8 mNativeObject= 0x769b545000 caller= android.view.ViewRootImpl.updateBlastSurfaceIfNeeded:3585 android.view.ViewRootImpl.relayoutWindow:11685 android.view.ViewRootImpl.performTraversals:4804 android.view.ViewRootImpl.doTraversal:3924 android.view.ViewRootImpl$TraversalRunnable.run:12903 android.view.Choreographer$CallbackRecord.run:1901 android.view.Choreographer$CallbackRecord.run:1910 android.view.Choreographer.doCallbacks:1367 android.view.Choreographer.doFrame:1292 android.view.Choreographer$FrameDisplayEventReceiver.run:1870
03-02 00:57:36.645 14885 14885 I BLASTBufferQueue_Java: update, w= 1080 h= 2340 mName = VRI[SplashActivity]@35f4eb8 mNativeObject= 0x769b545000 sc.mNativeObject= 0x769bd9f140 format= -3 caller= android.view.ViewRootImpl.updateBlastSurfaceIfNeeded:3590 android.view.ViewRootImpl.relayoutWindow:11685 android.view.ViewRootImpl.performTraversals:4804 android.view.ViewRootImpl.doTraversal:3924 android.view.ViewRootImpl$TraversalRunnable.run:12903 android.view.Choreographer$CallbackRecord.run:1901
03-02 00:57:36.645 14885 14885 I BLASTBufferQueue: [VRI[SplashActivity]@35f4eb8#121](f:0,a:0,s:0) update width=1080 height=2340 format=-3 mTransformHint=0
03-02 00:57:36.645  1628  1637 E thermal_core: find_tz_idx_by_name:"Failed to find thermal zone index of ap_ntc\n"
03-02 00:57:36.645  1628  1637 E thermal_core: find_tz_idx_by_name:"Failed to find thermal zone index of mtk-master-charger\n"
03-02 00:57:36.646 14885 14885 I VRI[SplashActivity]@35f4eb8: Relayout returned: old=(0,0,1080,2340) new=(0,0,1080,2340) relayoutAsync=false req=(1080,2340)0 dur=18 res=0x3 s={true 0x6fe0801f00} ch=true seqId=0
03-02 00:57:36.646 14885 14885 D VRI[SplashActivity]@35f4eb8: mThreadedRenderer.initialize() mSurface={isValid=true 0x6fe0801f00} hwInitialized=true
03-02 00:57:36.646 14885 14885 I SV[6876039 SplashActivity]: windowStopped(false) true X.0fk7{68eb87 V.E...... ........ 0,80-1080,2000} of VRI[SplashActivity]@35f4eb8
03-02 00:57:36.646 14885 14885 I SurfaceView: 6876039 Changes: creating=true format=false size=false visible=true alpha=false hint=false left=false top=false z=false attached=true lifecycleStrategy=false
03-02 00:57:36.648  1507  1907 I SurfaceFlinger: id=156579 createSurf, flag=20004, Bounds for - com.zhiliaoapp.musically/com.ss.android.ugc.aweme.splash.SplashActivity@28#156579
03-02 00:57:36.648  1507  2393 I SurfaceFlinger: id=156580 createSurf, flag=84004, 68eb87 SurfaceView[com.zhiliaoapp.musically/com.ss.android.ugc.aweme.splash.SplashActivity]@0#156580
03-02 00:57:36.649  1507  2393 I SurfaceFlinger: id=156581 createSurf, flag=44400, 68eb87 SurfaceView[com.zhiliaoapp.musically/com.ss.android.ugc.aweme.splash.SplashActivity]@0(BLAST)#156581
03-02 00:57:36.649  2991  3003 I LocationAccessPolicy: checkLocationPermission - callingUid: 10492, callingPid: 14636, result: DENIED_SOFT
03-02 00:57:36.650  1507  1507 I SurfaceFlinger: [LayerHierarchy{RequestedLayerState{c536234 NavigationBar0#102 parentId=156577} 1 children}] reparent to LayerHierarchy{RequestedLayerState{Surface(name=c536234 NavigationBar0)/@0xfac847b - animation-leash of insets_animation#156577 parentId=101} 1 children}
03-02 00:57:36.650  1507  1507 I SurfaceFlinger: [LayerHierarchy{RequestedLayerState{a5d3a68 StatusBar#109 parentId=156578} 1 children}] reparent to LayerHierarchy{RequestedLayerState{Surface(name=a5d3a68 StatusBar)/@0xd5726d6 - animation-leash of insets_animation#156578 parentId=108} 1 children}
03-02 00:57:36.650  1507  1507 I SurfaceFlinger: [LayerHierarchy{RequestedLayerState{Surface(name=a5d3a68 StatusBar)/@0xd5726d6 - animation-leash of insets_animation#156575} no children}] reparent to OffscreenRoot
03-02 00:57:36.650  1507  1507 I SurfaceFlinger: [LayerHierarchy{RequestedLayerState{Surface(name=a5d3a68 StatusBar)/@0xd5726d6 - animation-leash of insets_animation#156575} no children}] RelativeParent to null
03-02 00:57:36.650  1507  1507 I SurfaceFlinger: [LayerHierarchy{RequestedLayerState{Surface(name=c536234 NavigationBar0)/@0xfac847b - animation-leash of insets_animation#156574} no children}] reparent to OffscreenRoot
03-02 00:57:36.650  1507  1507 I SurfaceFlinger: [LayerHierarchy{RequestedLayerState{Surface(name=c536234 NavigationBar0)/@0xfac847b - animation-leash of insets_animation#156574} no children}] RelativeParent to null
03-02 00:57:36.650  1507  1507 I SurfaceFlinger: [Surface(name=a5d3a68 StatusBar)/@0xd5726d6 - animation-leash of insets_animation#156578] attach to parent LayerHierarchy{RequestedLayerState{WindowToken{d05298b type=2000 android.os.BinderProxy@163b705}#108 parentId=17} 1 children}
03-02 00:57:36.650  1507  1507 I SurfaceFlinger: [Bounds for - com.zhiliaoapp.musically/com.ss.android.ugc.aweme.splash.SplashActivity@28#156579] attach to parent LayerHierarchy{RequestedLayerState{com.zhiliaoapp.musically/com.ss.android.ugc.aweme.splash.SplashActivity$_14885#156576 parentId=155210} 1 children}
03-02 00:57:36.650  1507  2393 I SurfaceFlinger: id=156582 createSurf, flag=20404, Background for 68eb87 SurfaceView[com.zhiliaoapp.musically/com.ss.android.ugc.aweme.splash.SplashActivity]@0#156582
03-02 00:57:36.650  1507  1507 I SurfaceFlinger: [68eb87 SurfaceView[com.zhiliaoapp.musically/com.ss.android.ugc.aweme.splash.SplashActivity]@0#156580] attach to parent LayerHierarchy{RequestedLayerState{Bounds for - com.zhiliaoapp.musically/com.ss.android.ugc.aweme.splash.SplashActivity@28#156579 parentId=156576} 1 children}
03-02 00:57:36.650  1507  1507 I SurfaceFlinger: [68eb87 SurfaceView[com.zhiliaoapp.musically/com.ss.android.ugc.aweme.splash.SplashActivity]@0(BLAST)#156581] attach to parent LayerHierarchy{RequestedLayerState{68eb87 SurfaceView[com.zhiliaoapp.musically/com.ss.android.ugc.aweme.splash.SplashActivity]@0#156580 parentId=156579} 1 children}
03-02 00:57:36.652 14885 14885 D BufferQueueConsumer: [](id:3a250000007f,api:0,p:-1,c:14885) connect: controlledByApp=false
03-02 00:57:36.652 14885 14885 I BLASTBufferQueue: [68eb87 SurfaceView[com.zhiliaoapp.musically/com.ss.android.ugc.aweme.splash.SplashActivity]@0#122](f:0,a:0,s:0) constructor()
03-02 00:57:36.653 14885 14885 I BLASTBufferQueue_Java: new BLASTBufferQueue, mName= 68eb87 SurfaceView[com.zhiliaoapp.musically/com.ss.android.ugc.aweme.splash.SplashActivity]@0 mNativeObject= 0x6f5977d800 caller= android.view.SurfaceView.createBlastSurfaceControls:1781 android.view.SurfaceView.updateSurface:1450 android.view.SurfaceView.setWindowStopped:539 android.view.SurfaceView.surfaceCreated:2327 android.view.ViewRootImpl.notifySurfaceCreated:3502 android.view.ViewRootImpl.performTraversals:5286 android.view.ViewRootImpl.doTraversal:3924 android.view.ViewRootImpl$TraversalRunnable.run:12903 android.view.Choreographer$CallbackRecord.run:1901 android.view.Choreographer$CallbackRecord.run:1910
03-02 00:57:36.653 14885 14885 I BLASTBufferQueue_Java: update, w= 1080 h= 1920 mName = 68eb87 SurfaceView[com.zhiliaoapp.musically/com.ss.android.ugc.aweme.splash.SplashActivity]@0 mNativeObject= 0x6f5977d800 sc.mNativeObject= 0x769bd9fbc0 format= 4 caller= android.view.SurfaceView.createBlastSurfaceControls:1782 android.view.SurfaceView.updateSurface:1450 android.view.SurfaceView.setWindowStopped:539 android.view.SurfaceView.surfaceCreated:2327 android.view.ViewRootImpl.notifySurfaceCreated:3502 android.view.ViewRootImpl.performTraversals:5286
03-02 00:57:36.653 14885 14885 I BLASTBufferQueue: [68eb87 SurfaceView[com.zhiliaoapp.musically/com.ss.android.ugc.aweme.splash.SplashActivity]@0#122](f:0,a:0,s:0) update width=1080 height=1920 format=4 mTransformHint=0
03-02 00:57:36.653  1507  2393 I SurfaceFlinger: onHandleDestroyed: layerId=156574, name=Surface(name=c536234 NavigationBar0)/@0xfac847b - animation-leash of insets_animation#156574
03-02 00:57:36.654 14885 14885 I SurfaceView: 6876039 Cur surface: Surface(name=null mNativeObject=0)/@0x56b4ffd
03-02 00:57:36.654  1507  1907 I SurfaceFlinger: onHandleDestroyed: layerId=156575, name=Surface(name=a5d3a68 StatusBar)/@0xd5726d6 - animation-leash of insets_animation#156575
03-02 00:57:36.654 14885 14885 I SV[6876039 SplashActivity]: pST: sr = Rect(4320, -2080 - 5400, -160) sw = 1080 sh = 1920
03-02 00:57:36.654  1507  1907 I SurfaceFlinger: id=156575 Removed Surface(name=a5d3a68 StatusBar)/@0xd5726d6 - animation-leash of insets_animation#156575 (344)
03-02 00:57:36.654 14885 14885 D SurfaceView: 6876039 performSurfaceTransaction RenderWorker position = [4320, -2080, 5400, -160] surfaceSize = 1080x1920
03-02 00:57:36.654 14885 14885 I SV[6876039 SplashActivity]: updateSurface: mVisible = true mSurface.isValid() = true
03-02 00:57:36.654 14885 14885 I SV[6876039 SplashActivity]: updateSurface: mSurfaceCreated = false surfaceChanged = true visibleChanged = true
03-02 00:57:36.654  1507  2393 I SurfaceFlinger: id=156574 Removed Surface(name=c536234 NavigationBar0)/@0xfac847b - animation-leash of insets_animation#156574 (344)
03-02 00:57:36.654 14885 14885 I SurfaceView: 6876039 visibleChanged -- surfaceCreated
03-02 00:57:36.654 14885 14885 I SV[6876039 SplashActivity]: surfaceCreated 1 #1 X.0fk7{68eb87 V.E...... ........ 0,80-1080,2000}
03-02 00:57:36.655 14885 14885 I SurfaceView: 6876039 surfaceChanged -- format=4 w=1080 h=1920
03-02 00:57:36.655 14885 14885 I SV[6876039 SplashActivity]: surfaceChanged (1080,1920) 1 #1 X.0fk7{68eb87 V.E...... ........ 0,80-1080,2000}
03-02 00:57:36.655 14885 14885 I SurfaceView: 6876039 surfaceRedrawNeeded
03-02 00:57:36.657 14885 14885 I SurfaceView: 6876039 finishedDrawing
03-02 00:57:36.657 14885 14885 V SurfaceView: Layout: x=4320 y=-2080 w=1080 h=1920, frame=Rect(0, 0 - 1080, 1920)
03-02 00:57:36.657 14885 14885 I SV[7374587 SplashActivity]: windowStopped(false) true X.0fk7{7086fb V.E...... ........ 0,80-1080,2000} of VRI[SplashActivity]@35f4eb8
03-02 00:57:36.657 14885 14885 I SurfaceView: 7374587 Changes: creating=true format=false size=false visible=true alpha=false hint=false left=false top=false z=false attached=true lifecycleStrategy=false
03-02 00:57:36.658  1507  2128 I SurfaceFlinger: id=156583 createSurf, flag=84004, 7086fb SurfaceView[com.zhiliaoapp.musically/com.ss.android.ugc.aweme.splash.SplashActivity]@0#156583
03-02 00:57:36.658  2013  3645 W ParceledListSlice: Element #30 is 21544 bytes.
03-02 00:57:36.659  1507  2393 I SurfaceFlinger: id=156584 createSurf, flag=44400, 7086fb SurfaceView[com.zhiliaoapp.musically/com.ss.android.ugc.aweme.splash.SplashActivity]@0(BLAST)#156584
03-02 00:57:36.659  2013  4903 W system_server: Large reply transaction of 322012 bytes, interface descriptor android.app.IActivityTaskManager, code 26
03-02 00:57:36.659  1507  2128 I SurfaceFlinger: id=156585 createSurf, flag=20404, Background for 7086fb SurfaceView[com.zhiliaoapp.musically/com.ss.android.ugc.aweme.splash.SplashActivity]@0#156585
03-02 00:57:36.660 14885 14885 D BufferQueueConsumer: [](id:3a2500000080,api:0,p:-1,c:14885) connect: controlledByApp=false
03-02 00:57:36.660 14885 14885 I BLASTBufferQueue: [7086fb SurfaceView[com.zhiliaoapp.musically/com.ss.android.ugc.aweme.splash.SplashActivity]@0#123](f:0,a:0,s:0) constructor()
03-02 00:57:36.661  1507  1507 I SurfaceFlinger: destroyed Surface(name=a5d3a68 StatusBar)/@0xd5726d6 - animation-leash of insets_animation#156575
03-02 00:57:36.661  1507  1507 I SurfaceFlinger: destroyed Surface(name=c536234 NavigationBar0)/@0xfac847b - animation-leash of insets_animation#156574
03-02 00:57:36.661  1507  1507 I SurfaceFlinger: [Background for 7086fb SurfaceView[com.zhiliaoapp.musically/com.ss.android.ugc.aweme.splash.SplashActivity]@0#156585] attach to parent LayerHierarchy{RequestedLayerState{7086fb SurfaceView[com.zhiliaoapp.musically/com.ss.android.ugc.aweme.splash.SplashActivity]@0#156583 parentId=156579} 1 children}
03-02 00:57:36.661  1507  1507 I SurfaceFlinger: [7086fb SurfaceView[com.zhiliaoapp.musically/com.ss.android.ugc.aweme.splash.SplashActivity]@0(BLAST)#156584] attach to parent LayerHierarchy{RequestedLayerState{7086fb SurfaceView[com.zhiliaoapp.musically/com.ss.android.ugc.aweme.splash.SplashActivity]@0#156583 parentId=156579} 2 children}
03-02 00:57:36.661  1507  1507 I SurfaceFlinger: [Background for 68eb87 SurfaceView[com.zhiliaoapp.musically/com.ss.android.ugc.aweme.splash.SplashActivity]@0#156582] attach to parent LayerHierarchy{RequestedLayerState{68eb87 SurfaceView[com.zhiliaoapp.musically/com.ss.android.ugc.aweme.splash.SplashActivity]@0#156580 parentId=156579} 2 children}
03-02 00:57:36.661  1507  1507 I SurfaceFlinger: [7086fb SurfaceView[com.zhiliaoapp.musically/com.ss.android.ugc.aweme.splash.SplashActivity]@0#156583] attach to parent LayerHierarchy{RequestedLayerState{Bounds for - com.zhiliaoapp.musically/com.ss.android.ugc.aweme.splash.SplashActivity@28#156579 parentId=156576} 2 children}
03-02 00:57:36.662  1446  1498 I SensorsHub: LightSensor: lux = 36, time = 767673046432910
03-02 00:57:36.662  1507  1507 I Layer   : id=156574 Destroyed Surface(name=c536234 NavigationBar0)/@0xfac847b - animation-leash of insets_animation#156574
03-02 00:57:36.662  1507  1507 I Layer   : id=156575 Destroyed Surface(name=a5d3a68 StatusBar)/@0xd5726d6 - animation-leash of insets_animation#156575
03-02 00:57:36.664 14885 14885 I BLASTBufferQueue_Java: new BLASTBufferQueue, mName= 7086fb SurfaceView[com.zhiliaoapp.musically/com.ss.android.ugc.aweme.splash.SplashActivity]@0 mNativeObject= 0x6f01ff7400 caller= android.view.SurfaceView.createBlastSurfaceControls:1781 android.view.SurfaceView.updateSurface:1450 android.view.SurfaceView.setWindowStopped:539 android.view.SurfaceView.surfaceCreated:2327 android.view.ViewRootImpl.notifySurfaceCreated:3502 android.view.ViewRootImpl.performTraversals:5286 android.view.ViewRootImpl.doTraversal:3924 android.view.ViewRootImpl$TraversalRunnable.run:12903 android.view.Choreographer$CallbackRecord.run:1901 android.view.Choreographer$CallbackRecord.run:1910
03-02 00:57:36.664 14885 14885 I BLASTBufferQueue_Java: update, w= 1080 h= 1920 mName = 7086fb SurfaceView[com.zhiliaoapp.musically/com.ss.android.ugc.aweme.splash.SplashActivity]@0 mNativeObject= 0x6f01ff7400 sc.mNativeObject= 0x744fec5e80 format= 4 caller= android.view.SurfaceView.createBlastSurfaceControls:1782 android.view.SurfaceView.updateSurface:1450 android.view.SurfaceView.setWindowStopped:539 android.view.SurfaceView.surfaceCreated:2327 android.view.ViewRootImpl.notifySurfaceCreated:3502 android.view.ViewRootImpl.performTraversals:5286
03-02 00:57:36.664 14885 14885 I BLASTBufferQueue: [7086fb SurfaceView[com.zhiliaoapp.musically/com.ss.android.ugc.aweme.splash.SplashActivity]@0#123](f:0,a:0,s:0) update width=1080 height=1920 format=4 mTransformHint=0
03-02 00:57:36.664 14885 14885 I SurfaceView: 7374587 Cur surface: Surface(name=null mNativeObject=0)/@0x5798c7e
03-02 00:57:36.665 14885 14885 I SV[7374587 SplashActivity]: pST: sr = Rect(0, 80 - 1080, 2000) sw = 1080 sh = 1920
03-02 00:57:36.665 14885 14885 D SurfaceView: 7374587 performSurfaceTransaction RenderWorker position = [0, 80, 1080, 2000] surfaceSize = 1080x1920
03-02 00:57:36.665 14885 14885 I SV[7374587 SplashActivity]: updateSurface: mVisible = true mSurface.isValid() = true
03-02 00:57:36.665 14885 14885 I SV[7374587 SplashActivity]: updateSurface: mSurfaceCreated = false surfaceChanged = true visibleChanged = true
03-02 00:57:36.665 14885 14885 I SurfaceView: 7374587 visibleChanged -- surfaceCreated
03-02 00:57:36.665 14885 14885 I SV[7374587 SplashActivity]: surfaceCreated 2 #1 X.0fk7{7086fb V.E...... ........ 0,80-1080,2000}
03-02 00:57:36.666  2013  3505 I NSLocationMonitor: getGPSUsingApps() called
03-02 00:57:36.666  3477 22276 I NSLocationManager_FLP: getGPSUsingApps, No change
03-02 00:57:36.668  1484 15560 I AF::Track: setMixerOutConfig return default condition, mixer key 2002, thread key 202
03-02 00:57:36.668  1484 15560 I AudioPolicyEffectException: MySpaceHandler::checkDetachCondition media 1, ring 0, mp 0
03-02 00:57:36.668  1484 15560 I AudioPolicyEffectException: MySpace detach value 1
03-02 00:57:36.668  1484 15560 V APM_AudioPolicyManager: startOutput portId 13560
03-02 00:57:36.668  1484 15560 V APM_AudioPolicyManager: startOutput() output 21, stream 3, session 126033
03-02 00:57:36.668  1484 15560 V APM_AudioPolicyManager: setBeaconMute(1) mBeaconMuteRefCount=9 mBeaconPlayingRefCount=0
03-02 00:57:36.668  1484 15560 V APM_AudioPolicyManager: selectOutputForMusicEffects activeOnly 1 output 21 flags 0x00000008
03-02 00:57:36.669  1484 15560 W AudioFlinger: moveEffectChain_ll: effect chain for session 0 not on source thread 0xb40000707515f310
03-02 00:57:36.669  1484 15560 V APM_AudioPolicyManager: selectOutputForMusicEffects selected output 21
