03-02 00:57:45.292 17121 17305 I TestRunner: started: settingsScreen_language_row_shows_current_language_english(com.podcast.app.ui.SettingsScreenTest)
03-02 00:57:45.292  5235 19213 I HBD     : l writeToFile path : /data/user_de/0/com.samsung.android.honeyboard/files/selected.json
03-02 00:57:45.292  5235 19213 I HBD     : l writeToFile json : {"version":"4.2","currentLanguageOrder":0,"selected":[{"activeOptionList":["auto_replace","auto_spacing","writing_assistant","prediction"],"bilingualId":-1,"engName":"English","id":65538,"inputType":"qwerty","isUsed":true},{"activeOptionList":["auto_replace","auto_spacing","prediction"],"bilingualId":-1,"engName":"Arabic","id":5308416,"inputType":"qwerty","isUsed":true}]}
03-02 00:57:45.292  5235  5235 I HBD     : g isCoverDisplay : false, cached selected json info : SelectedLanguageInfo(languageVersion=4.2, currentLanguageOrder=0, selectedLanguageList=[SelectedLanguage(id=65538, isUsed=true, engName=English, inputType=qwerty, activeOptionList=[auto_replace, auto_spacing, writing_assistant, prediction], bilingualId=-1), SelectedLanguage(id=5308416, isUsed=true, engName=Arabic, inputType=qwerty, activeOptionList=[auto_replace, auto_spacing, prediction], bilingualId=-1)])
03-02 00:57:45.293  5235  5235 I HBD     : g isCoverDisplay : false, cached selected json info : SelectedLanguageInfo(languageVersion=4.2, currentLanguageOrder=0, selectedLanguageList=[SelectedLanguage(id=65538, isUsed=true, engName=English, inputType=qwerty, activeOptionList=[auto_replace, auto_spacing, writing_assistant, prediction], bilingualId=-1), SelectedLanguage(id=5308416, isUsed=true, engName=Arabic, inputType=qwerty, activeOptionList=[auto_replace, auto_spacing, prediction], bilingualId=-1)])
03-02 00:57:45.293  5235  5235 I HBD     : n updateActionOptionFromPreference isCover = false
03-02 00:57:45.293  5235  5235 I HBD     : n before lang.activeOptionList =  [auto_replace, auto_spacing, writing_assistant, prediction]
03-02 00:57:45.293  5235 19212 I HBD     : l writeToFile complete
03-02 00:57:45.294  5235  5235 I HBD     : n after lang.activeOptionList = [auto_replace, auto_spacing, writing_assistant, prediction]
03-02 00:57:45.294  1445 18689 W C2MtkBufferManager: [0xB4000070F68A8D20] fetchNewCcBlock: wait fence 0x0xb4000070f692fcb0 timed out. ret 110
03-02 00:57:45.295  5235  5235 I HBD     : l writeToFile path : /data/user/0/com.samsung.android.honeyboard/files/selected.json
03-02 00:57:45.295  1507  1507 I SurfaceFlinger: [Task=44904#156894] attach to parent Root
03-02 00:57:45.295  5235  5235 I HBD     : l writeToFile json : {"version":"4.2","currentLanguageOrder":0,"selected":[{"activeOptionList":["auto_replace","auto_spacing","writing_assistant","prediction"],"bilingualId":-1,"engName":"English","id":65538,"inputType":"qwerty","isUsed":true},{"activeOptionList":["auto_replace","auto_spacing","prediction"],"bilingualId":-1,"engName":"Arabic","id":5308416,"inputType":"qwerty","isUsed":true}]}
03-02 00:57:45.296  2746  2865 I VRI[test]@e7344eb: mWNT: t=0xb40000772af34e00 mBlastBufferQueue=0xb40000772ae65c00 fn= 4 HdrRenderState mRenderHdrSdrRatio=1.0 caller= android.view.SyncRtSurfaceTransactionApplier.applyTransaction:100 android.view.SyncRtSurfaceTransactionApplier.lambda$scheduleApply$0:73 android.view.SyncRtSurfaceTransactionApplier.$r8$lambda$afI4fXg3U3-nBZQEDQMiNy-B06s:0
03-02 00:57:45.297  5235  5235 I HBD     : l writeToFile complete
03-02 00:57:45.298  5235  5235 I HBD     : m normal : updateLanguage : English
03-02 00:57:45.298  5235  5235 I HBD     : g isCoverDisplay : false, cached selected json info : SelectedLanguageInfo(languageVersion=4.2, currentLanguageOrder=0, selectedLanguageList=[SelectedLanguage(id=65538, isUsed=true, engName=English, inputType=qwerty, activeOptionList=[auto_replace, auto_spacing, writing_assistant, prediction], bilingualId=-1), SelectedLanguage(id=5308416, isUsed=true, engName=Arabic, inputType=qwerty, activeOptionList=[auto_replace, auto_spacing, prediction], bilingualId=-1)])
03-02 00:57:45.299  5235  5235 I HBD     : g isCoverDisplay : false, cached selected json info : SelectedLanguageInfo(languageVersion=4.2, currentLanguageOrder=0, selectedLanguageList=[SelectedLanguage(id=65538, isUsed=true, engName=English, inputType=qwerty, activeOptionList=[auto_replace, auto_spacing, writing_assistant, prediction], bilingualId=-1), SelectedLanguage(id=5308416, isUsed=true, engName=Arabic, inputType=qwerty, activeOptionList=[auto_replace, auto_spacing, prediction], bilingualId=-1)])
03-02 00:57:45.299  5235  5235 I HBD     : g updateSelectedLanguageCache is succeeded. English
03-02 00:57:45.300  5235 19213 I HBD     : l writeToFile complete
03-02 00:57:45.301  5235 19214 I HBD     : l Write selected lang for DE
03-02 00:57:45.301  5235 19214 I HBD     : l writeToFile path : /data/user_de/0/com.samsung.android.honeyboard/files/selected.json
03-02 00:57:45.301  5235 19214 I HBD     : l writeToFile json : {"version":"4.2","currentLanguageOrder":0,"selected":[{"activeOptionList":["auto_replace","auto_spacing","writing_assistant","prediction"],"bilingualId":-1,"engName":"English","id":65538,"inputType":"qwerty","isUsed":true},{"activeOptionList":["auto_replace","auto_spacing","prediction"],"bilingualId":-1,"engName":"Arabic","id":5308416,"inputType":"qwerty","isUsed":true}]}
03-02 00:57:45.301  2746  2866 I VRI[test]@e7344eb: mWNT: t=0xb40000772af35400 mBlastBufferQueue=0xb40000772ae65c00 fn= 5 HdrRenderState mRenderHdrSdrRatio=1.0 caller= android.view.SyncRtSurfaceTransactionApplier.applyTransaction:100 android.view.SyncRtSurfaceTransactionApplier.lambda$scheduleApply$0:73 android.view.SyncRtSurfaceTransactionApplier.$r8$lambda$afI4fXg3U3-nBZQEDQMiNy-B06s:0
03-02 00:57:45.302 17121 17305 D IdlingRegistry: Registering idling resources: [androidx.compose.ui.test.EspressoLink@6fd772b]
03-02 00:57:45.303  5235  5235 I HBD     : l writeToFile path : /data/user/0/com.samsung.android.honeyboard/files/selected.json
03-02 00:57:45.303  5235  5235 I HBD     : l writeToFile json : {"version":"4.2","currentLanguageOrder":0,"selected":[{"activeOptionList":["auto_replace","auto_spacing","writing_assistant","prediction"],"bilingualId":-1,"engName":"English","id":65538,"inputType":"qwerty","isUsed":true},{"activeOptionList":["auto_replace","auto_spacing","prediction"],"bilingualId":-1,"engName":"Arabic","id":5308416,"inputType":"qwerty","isUsed":true}]}
03-02 00:57:45.304  3202  3202 I HoneySpace.TaskStackChangeRepositoryImpl: onTaskRemoved : 44904
03-02 00:57:45.304  3202 15778 I HoneySpace.RecentTasks: onRunningTaskVanished
03-02 00:57:45.304  3202 10541 I HoneySpace.RecentTasks: onRecentTasksChanged
03-02 00:57:45.304 17121 17305 W Settings: Setting always_finish_activities has moved from android.provider.Settings.System to android.provider.Settings.Global, returning read-only value.
03-02 00:57:45.305  3202  3386 I HoneySpace.TopTaskSource: onTaskRemoved: 44904
03-02 00:57:45.306  1507  1507 I SurfaceFlinger: RequestedLayer [Surface(name=2141cda InputMethod)/@0[...]ion-leash of insets_animation#156892] hidden!! flag  from(1) --> to(0)
03-02 00:57:45.306  1507  1507 E SurfaceFlinger: alpha changed 1.000 -> 0.000 - Surface(name=2141cda InputMethod)/@0x5ea0b56 - animation-leash of insets_animation#156892
03-02 00:57:45.306  1507  1507 I SurfaceFlinger: RequestedLayer [Surface(name=2141cda InputMethod)/@0[...]ion-leash of insets_animation#156893] hidden!! flag  from(1) --> to(0)
03-02 00:57:45.306  1507  1507 E SurfaceFlinger: alpha changed 1.000 -> 0.000 - Surface(name=2141cda InputMethod)/@0x5ea0b56 - animation-leash of insets_animation#156893
03-02 00:57:45.306  3202  3202 I HoneySpace.TaskListViewModel[160530624]: taskRemoveId, 44904
03-02 00:57:45.307  1507  1507 I SurfaceFlinger: [LayerHierarchy{RequestedLayerState{ImeContainer#15 parentId=147902 relativeParentId=155210 z=1} 1 children}] reparent to LayerHierarchy{RequestedLayerState{ActivityRecord{2751228 u0 com.zhiliaoapp.musically/com.ss.android.ugc.aweme.splash.SplashActivity t44543}#147902 parentId=147901} 3 children}
03-02 00:57:45.307  3202  3202 W HoneySpace.TaskListViewModel[160530624]: task is already removed: 44904
03-02 00:57:45.307  1507  1507 I SurfaceFlinger: [LayerHierarchy{RequestedLayerState{ImeContainer#15 parentId=147902 relativeParentId=155210 z=1} 1 children}] RelativeParent to LayerHierarchy{RequestedLayerState{cd2d6b5 com.zhiliaoapp.musically/com.ss.android.ugc.aweme.splash.SplashActivity#155210 parentId=147902} 2 children}
03-02 00:57:45.307  1507  1507 I SurfaceFlinger: [LayerHierarchy{RequestedLayerState{2141cda InputMethod#159 parentId=156893} no children}] reparent to LayerHierarchy{RequestedLayerState{Surface(name=2141cda InputMethod)/@0x5ea0b56 - animation-leash of insets_animation#156893 parentId=143} 1 children}
03-02 00:57:45.307  1507  1507 I SurfaceFlinger: [LayerHierarchy{RequestedLayerState{com.podcast.app.debug/androidx.activity.ComponentActivity$_17121#156854} no children}] reparent to OffscreenRoot
03-02 00:57:45.307  1507  1507 I SurfaceFlinger: [LayerHierarchy{RequestedLayerState{com.podcast.app.debug/androidx.activity.ComponentActivity$_17121#156854} no children}] RelativeParent to null
03-02 00:57:45.307  1507  1507 I SurfaceFlinger: [LayerHierarchy{RequestedLayerState{Surface(name=2141cda InputMethod)/@0x5ea0b56 - animation-leash of insets_animation#156861} no children}] reparent to OffscreenRoot
03-02 00:57:45.307  1507  1507 I SurfaceFlinger: [LayerHierarchy{RequestedLayerState{Surface(name=2141cda InputMethod)/@0x5ea0b56 - animation-leash of insets_animation#156861} no children}] RelativeParent to null
03-02 00:57:45.307  3202  3202 I HoneySpace.TaskStackChangeRepositoryImpl: onTaskRemoved : 44904
03-02 00:57:45.307  1507  1507 I SurfaceFlinger: [LayerHierarchy{RequestedLayerState{Task=44904#156846 z=40} 1 children}] reparent to OffscreenRoot
03-02 00:57:45.307  1507  1507 I SurfaceFlinger: [LayerHierarchy{RequestedLayerState{Task=44904#156846 z=40} 1 children}] RelativeParent to null
03-02 00:57:45.307  1507  1507 I SurfaceFlinger: [LayerHierarchy{RequestedLayerState{aee7b9b com.podcast.app.debug/androidx.activity.ComponentActivity#156853} no children}] reparent to OffscreenRoot
03-02 00:57:45.307  1507  1507 I SurfaceFlinger: [LayerHierarchy{RequestedLayerState{aee7b9b com.podcast.app.debug/androidx.activity.ComponentActivity#156853} no children}] RelativeParent to null
03-02 00:57:45.307  1507  1507 I SurfaceFlinger: [LayerHierarchy{RequestedLayerState{ActivityRecord{120719791 u0 com.podcast.app.debug/androidx.activity.ComponentActivity t44904}#156847} 1 children}] reparent to OffscreenRoot
03-02 00:57:45.307  1507  1507 I SurfaceFlinger: [LayerHierarchy{RequestedLayerState{ActivityRecord{120719791 u0 com.podcast.app.debug/androidx.activity.ComponentActivity t44904}#156847} 1 children}] RelativeParent to null
03-02 00:57:45.307  1507  1507 I SurfaceFlinger: [LayerHierarchy{RequestedLayerState{Surface(name=2141cda InputMethod)/@0x5ea0b56 - animation-leash of insets_animation#156892} no children}] reparent to OffscreenRoot
03-02 00:57:45.307  1507  1507 I SurfaceFlinger: [LayerHierarchy{RequestedLayerState{Surface(name=2141cda InputMethod)/@0x5ea0b56 - animation-leash of insets_animation#156892} no children}] RelativeParent to null
03-02 00:57:45.307  1507  1507 I SurfaceFlinger: [LayerHierarchy{RequestedLayerState{Task=44904#156894 z=40} no children}] reparent to OffscreenRoot
03-02 00:57:45.307  1507  1507 I SurfaceFlinger: [LayerHierarchy{RequestedLayerState{Task=44904#156894 z=40} no children}] RelativeParent to null
03-02 00:57:45.307  3202  3202 I HoneySpace.TaskListViewModel[160530624]: taskRemoveId, 44904
03-02 00:57:45.308  5235  5235 I HBD     : l writeToFile complete
03-02 00:57:45.308  3202  3202 W HoneySpace.TaskListViewModel[160530624]: task is already removed: 44904
03-02 00:57:45.308  5235 19215 I HBD     : l Write selected lang for DE
03-02 00:57:45.308  5235 19215 I HBD     : l writeToFile path : /data/user_de/0/com.samsung.android.honeyboard/files/selected.json
03-02 00:57:45.308  5235 19215 I HBD     : l writeToFile json : {"version":"4.2","currentLanguageOrder":0,"selected":[{"activeOptionList":["auto_replace","auto_spacing","writing_assistant","prediction"],"bilingualId":-1,"engName":"English","id":65538,"inputType":"qwerty","isUsed":true},{"activeOptionList":["auto_replace","auto_spacing","prediction"],"bilingualId":-1,"engName":"Arabic","id":5308416,"inputType":"qwerty","isUsed":true}]}
03-02 00:57:45.309  5235  5235 I HBD     : g isCoverDisplay : false, cached selected json info : SelectedLanguageInfo(languageVersion=4.2, currentLanguageOrder=0, selectedLanguageList=[SelectedLanguage(id=65538, isUsed=true, engName=English, inputType=qwerty, activeOptionList=[auto_replace, auto_spacing, writing_assistant, prediction], bilingualId=-1), SelectedLanguage(id=5308416, isUsed=true, engName=Arabic, inputType=qwerty, activeOptionList=[auto_replace, auto_spacing, prediction], bilingualId=-1)])
03-02 00:57:45.309  5235  5235 I HBD     : g updateSelectedLanguageCache is succeeded. English
03-02 00:57:45.310  5235  5235 I HBD     : l writeToFile path : /data/user/0/com.samsung.android.honeyboard/files/selected.json
03-02 00:57:45.310  5235  5235 I HBD     : l writeToFile json : {"version":"4.2","currentLanguageOrder":0,"selected":[{"activeOptionList":["auto_replace","auto_spacing","writing_assistant","prediction"],"bilingualId":-1,"engName":"English","id":65538,"inputType":"qwerty","isUsed":true},{"activeOptionList":["auto_replace","auto_spacing","prediction"],"bilingualId":-1,"engName":"Arabic","id":5308416,"inputType":"qwerty","isUsed":true}]}
03-02 00:57:45.310  5235 19215 I HBD     : l writeToFile complete
03-02 00:57:45.311  5235  5235 I HBD     : l writeToFile complete
03-02 00:57:45.312  5235  5235 I HBD     : a [UpdatePolicy] [post] a: 31 cl: 65538 kit: [0/0] vt: 0 ir: 1
03-02 00:57:45.312  2013  4835 D SecContentProvider: query(), uri = 17 selection = isSettingsChangesAllowed
03-02 00:57:45.312  5235  5235 I HBD     : HoneyBoardService [PF_OP][onStartInput]  37 ms
03-02 00:57:45.313  1507  2393 I SurfaceFlinger: onHandleDestroyed: layerId=156847, name=ActivityRecord{120719791 u0 com.podcast.app.debug/androidx.activity.ComponentActivity t44904}#156847
03-02 00:57:45.313  1507  2393 I SurfaceFlinger: id=156847 Removed ActivityRecord{120719791 u0 com.podcast.app.debug/androidx.activity.ComponentActivity t44904}#156847 (343)
03-02 00:57:45.313  1507  1562 I SurfaceFlinger: onHandleDestroyed: layerId=156853, name=aee7b9b com.podcast.app.debug/androidx.activity.ComponentActivity#156853
03-02 00:57:45.313  1507  1907 I SurfaceFlinger: onHandleDestroyed: layerId=156894, name=Task=44904#156894
03-02 00:57:45.313  1507  1907 I SurfaceFlinger: id=156894 Removed Task=44904#156894 (343)
03-02 00:57:45.313  1507  1907 I SurfaceFlinger: onHandleDestroyed: layerId=156854, name=com.podcast.app.debug/androidx.activity.ComponentActivity$_17121#156854
03-02 00:57:45.314  1507  1907 I SurfaceFlinger: id=156854 Removed com.podcast.app.debug/androidx.activity.ComponentActivity$_17121#156854 (343)
03-02 00:57:45.314  2013  2027 D SecContentProvider: query(), uri = 17 selection = isSettingsChangesAllowed
03-02 00:57:45.315  5235 19216 I HBD     : l Write selected lang for DE
03-02 00:57:45.315  5235 19216 I HBD     : l writeToFile path : /data/user_de/0/com.samsung.android.honeyboard/files/selected.json
03-02 00:57:45.315  5235 19216 I HBD     : l writeToFile json : {"version":"4.2","currentLanguageOrder":0,"selected":[{"activeOptionList":["auto_replace","auto_spacing","writing_assistant","prediction"],"bilingualId":-1,"engName":"English","id":65538,"inputType":"qwerty","isUsed":true},{"activeOptionList":["auto_replace","auto_spacing","prediction"],"bilingualId":-1,"engName":"Arabic","id":5308416,"inputType":"qwerty","isUsed":true}]}
03-02 00:57:45.315  2013  2731 D SecContentProvider: query(), uri = 17 selection = isSettingsChangesAllowed
03-02 00:57:45.315  1507  1562 I SurfaceFlinger: id=156853 Removed aee7b9b com.podcast.app.debug/androidx.activity.ComponentActivity#156853 (343)
03-02 00:57:45.316  1507  1562 I SurfaceFlinger: onHandleDestroyed: layerId=156861, name=Surface(name=2141cda InputMethod)/@0x5ea0b56 - animation-leash of insets_animation#156861
03-02 00:57:45.316  1507  1562 I SurfaceFlinger: id=156861 Removed Surface(name=2141cda InputMethod)/@0x5ea0b56 - animation-leash of insets_animation#156861 (343)
03-02 00:57:45.316  1507  1562 I SurfaceFlinger: onHandleDestroyed: layerId=156892, name=Surface(name=2141cda InputMethod)/@0x5ea0b56 - animation-leash of insets_animation#156892
03-02 00:57:45.316  1507  1562 I SurfaceFlinger: id=156892 Removed Surface(name=2141cda InputMethod)/@0x5ea0b56 - animation-leash of insets_animation#156892 (343)
03-02 00:57:45.316  5235 12846 I HBD     : u updated Sub Types. English
03-02 00:57:45.316  2013  4844 D SecContentProvider: query(), uri = 17 selection = isSettingsChangesAllowed
03-02 00:57:45.317  2746  2865 I VRI[test]@e7344eb: mWNT: t=0xb40000772af35580 mBlastBufferQueue=0xb40000772ae65c00 fn= 6 HdrRenderState mRenderHdrSdrRatio=1.0 caller= android.view.SyncRtSurfaceTransactionApplier.applyTransaction:100 android.view.SyncRtSurfaceTransactionApplier.lambda$scheduleApply$0:73 android.view.SyncRtSurfaceTransactionApplier.$r8$lambda$afI4fXg3U3-nBZQEDQMiNy-B06s:0
03-02 00:57:45.317  1507  1507 I SurfaceFlinger: destroyed com.podcast.app.debug/androidx.activity.ComponentActivity$_17121#156854
03-02 00:57:45.317  1507  1507 I SurfaceFlinger: destroyed Task=44904#156894
03-02 00:57:45.317  1507  1507 I SurfaceFlinger: destroyed Surface(name=2141cda InputMethod)/@0x5ea0b56 - animation-leash of insets_animation#156861
03-02 00:57:45.317  1507  1507 I SurfaceFlinger: destroyed Surface(name=2141cda InputMethod)/@0x5ea0b56 - animation-leash of insets_animation#156892
03-02 00:57:45.317  1507  1507 I SurfaceFlinger: destroyed aee7b9b com.podcast.app.debug/androidx.activity.ComponentActivity#156853
03-02 00:57:45.317  1507  1507 I SurfaceFlinger: destroyed f12a989 ActivityRecordInputSink com.podcast.app.debug/androidx.activity.ComponentActivity#156858
03-02 00:57:45.317  1507  1507 I SurfaceFlinger: destroyed ActivityRecord{120719791 u0 com.podcast.app.debug/androidx.activity.ComponentActivity t44904}#156847
03-02 00:57:45.318  5235 12848 I HBD     : u updated Sub Types. English
03-02 00:57:45.319  1507  1507 I Layer   : id=156858 Destroyed f12a989 ActivityRecordInputSink com.podcast.app.debug/androidx.activity.ComponentActivity#156858
03-02 00:57:45.319  1507  1507 I Layer   : id=156892 Destroyed Surface(name=2141cda InputMethod)/@0x5ea0b56 - animation-leash of insets_animation#156892
03-02 00:57:45.319  1507  1507 I Layer   : id=156861 Destroyed Surface(name=2141cda InputMethod)/@0x5ea0b56 - animation-leash of insets_animation#156861
03-02 00:57:45.319  1507  1507 I Layer   : id=156853 Destroyed aee7b9b com.podcast.app.debug/androidx.activity.ComponentActivity#156853
03-02 00:57:45.319  1507  1507 I Layer   : id=156854 Destroyed com.podcast.app.debug/androidx.activity.ComponentActivity$_17121#156854
03-02 00:57:45.319  1507  1507 I Layer   : id=156894 Destroyed Task=44904#156894
03-02 00:57:45.319  1507  1507 I Layer   : id=156847 Destroyed ActivityRecord{120719791 u0 com.podcast.app.debug/androidx.activity.ComponentActivity t44904}#156847
03-02 00:57:45.322  3202  3386 I HoneySpace.TopTaskSource: onTaskRemoved: 44904
03-02 00:57:45.326  5235 19218 I HBD     : b InputMethodSubtype is set as local:en_GB
03-02 00:57:45.327  5235 19216 E AtomicFile: Failed to rename /data/user_de/0/com.samsung.android.honeyboard/files/selected.json.new to /data/user_de/0/com.samsung.android.honeyboard/files/selected.json
03-02 00:57:45.327  5235 19216 I HBD     : l writeToFile complete
03-02 00:57:45.328  2746  2746 D QSClock : onDarkChanged tint=WHITE
03-02 00:57:45.328  5235 19214 I HBD     : l writeToFile complete
03-02 00:57:45.328  5235 19219 I HBD     : b InputMethodSubtype is set as local:en_GB
03-02 00:57:45.332  2013  2067 I ChimeraSystemEventListener: appLaunchIntent package name is: com.podcast.app.debug
03-02 00:57:45.332  1445  2902 W C2MtkBufferManager: [0xB4000070F507E520] fetchNewCcBlock: wait fence 0x0xb4000070f5058270 timed out. ret 110
03-02 00:57:45.333  1464  1492 I mtkpower@impl: [setMode] type:5, enabled:1
03-02 00:57:45.333  2013  3441 I SemDvfsHyPerManager: acquire hyper - AMS_APP_SWITCH/2013@20, type = -999
03-02 00:57:45.334  1450  1487 I HYPER-HAL: [RequestManager.cpp]acquire(): Acquired ID : 2067581  [2013 / 20]    HINT : AMS_ACT_SWITCH    list :
03-02 00:57:45.334  1450  1487 I mtkpower_client: perf_lock_rel, hdl:76826, pid: 1450, tid:1487
03-02 00:57:45.335  1507  1563 I SurfaceFlinger: id=156895 createSurf, flag=24004, Task=44906#156895
03-02 00:57:45.335  1464  1529 I libPowerHal: [perfLockRel] hdl:76826, idx:2
03-02 00:57:45.335  4784  4784 I SemDvfsHyPerManager: acquire hyper - APP_START_SHORT/4784@15, type = -999
03-02 00:57:45.336  1445 18689 W C2MtkBufferManager: [0xB4000070F68A8D20] fetchNewCcBlock: wait fence 0x0xb4000070f692fcb0 timed out. ret 110
03-02 00:57:45.336  1450  1487 I mtkpower_client: perf_lock_acq, hdl:0, dur:0, num:2, pid:1450, tid:1487
03-02 00:57:45.336  1464  1529 I libPowerHal: [PD] vendor.samsung. update cmd:1000000 param:-1 pr:6
03-02 00:57:45.336  1464  1529 I libPowerHal: [perfLockRel] Done for hdl : 76826
03-02 00:57:45.337  1450  1487 I mtkpower_client: ret_hdl:76827
03-02 00:57:45.337  1450  1487 I mtkpower_client: perf_lock_rel, hdl:76820, pid: 1450, tid:1487
03-02 00:57:45.337  2013  4844 W ParceledListSlice: Element #30 is 21544 bytes.
03-02 00:57:45.338  1464  1529 I libPowerHal: [perfLockAcq] idx:2 hdl:76827 hint:-1 pid:1450 tid:1487 duration:0 lock_user:vendor.samsung. => ret_hdl:76827
03-02 00:57:45.338  1464  1529 I libPowerHal: [setDvfsrcDevFreqOpp] opp:0, freq:4266000000
03-02 00:57:45.338  1464  1529 I libPowerHal: [PE] vendor.samsung. update cmd:1000000 param:0 pr:3
03-02 00:57:45.338  1464  1529 I libPowerHal: [perfLockAcq] Done for hdl : 76827
03-02 00:57:45.338  1450  1487 I mtkpower_client: perf_lock_acq, hdl:0, dur:0, num:2, pid:1450, tid:1487
03-02 00:57:45.339  1464  1529 I libPowerHal: [perfLockRel] hdl:76820, idx:3
03-02 00:57:45.339  1464  1529 I libPowerHal: [PD] vendor.samsung. update cmd:400000 param:-1 pr:6
03-02 00:57:45.339  1507  1563 I SurfaceFlinger: id=156896 createSurf, flag=84004, ActivityRecord{110822610 u0 com.podcast.app.debug/androidx.activity.ComponentActivity t44906}#156896
03-02 00:57:45.339  1507  1507 I SurfaceFlinger: [Task=44906#156895] attach to parent LayerHierarchy{RequestedLayerState{DefaultTaskDisplayArea_d0#10 parentId=9} 45 children}
03-02 00:57:45.339  1507  1507 I SurfaceFlinger: [ActivityRecord{110822610 u0 com.podcast.app.debug/androidx.activity.ComponentActivity t44906}#156896] attach to parent LayerHierarchy{RequestedLayerState{Task=44906#156895 parentId=10} 1 children}
03-02 00:57:45.340  1464  1529 I libPowerHal: [recordCPUFreqInfo] set cluster[0] min(-1): -1 max(-1): -1 cluster[1] min(-1): -1 max(-1): -1
03-02 00:57:45.340  1464  1529 I libPowerHal: [perfLockRel] Done for hdl : 76820
03-02 00:57:45.340  1450  1487 I mtkpower_client: ret_hdl:76828
03-02 00:57:45.340  1450  1487 I HYPER-HAL: [RequestManager.cpp]acquire(): Acquired ID : 11517615  [4784 / 15]    HINT : APP_START    list : [TIMEOUT / 1500]
03-02 00:57:45.341  1464  1529 I libPowerHal: [perfLockAcq] idx:8 hdl:76828 hint:-1 pid:1450 tid:1487 duration:0 lock_user:vendor.samsung. => ret_hdl:76828
03-02 00:57:45.341  1464  1529 I libPowerHal: [PE] vendor.samsung. update cmd:400000 param:2000000 pr:3
03-02 00:57:45.341  1464  1529 I libPowerHal: [recordCPUFreqInfo] set cluster[0] min(vendor.samsung.): 2000000 max(-1): -1 cluster[1] min(-1): -1 max(-1): -1
03-02 00:57:45.341  1464  1529 I libPowerHal: [perfLockAcq] Done for hdl : 76828
03-02 00:57:45.347 14636 14636 D WM-SystemJobService: onStopJob for WorkGenerationalId(workSpecId=f23029b8-b7a3-4a93-aaf6-b7c7a26dfe9e, generation=0)
03-02 00:57:45.348 14636 15264 D WM-Processor: WorkerWrapper interrupted for f23029b8-b7a3-4a93-aaf6-b7c7a26dfe9e
03-02 00:57:45.348 14636 15264 D WM-StopWorkRunnable: StopWorkRunnable for f23029b8-b7a3-4a93-aaf6-b7c7a26dfe9e; Processor.stopWork = true
03-02 00:57:45.348  1646  1892 I CameraService: onUidStateChanged: uid=10062, procState is changed. (1 -> 0)
03-02 00:57:45.348  2013  4763 I SemDvfsHyPerManager: acquire hyper - AMS_APP_LAUNCH/2013@17, type = -999
03-02 00:57:45.349  1450  1487 I HYPER-HAL: [RequestManager.cpp]acquire(): Acquired ID : 2061482  [2013 / 17]    HINT : AMS_APP_LAUNCH    list :
03-02 00:57:45.350 14885 14885 I System.out: SAFActivity: com.ss.android.ugc.aweme.main.MainActivity@c20428f,  onPause Start
03-02 00:57:45.350  2746  2798 D ShellDesktopMode: handleRequest: TransitionRequestInfo {type=1, tid=44906, debugId=11313}
03-02 00:57:45.351 14885 14885 I System.out: SceneSafeLifecycleDispatcher: onPaused Start
03-02 00:57:45.351 14885 14885 I System.out: SAFActivity V Scene Framework: NavigationMessageQueue postSync start
03-02 00:57:45.351 14885 14885 I System.out: SAFActivity V Scene Framework: NavigationMessageQueue postSync run current task start 14_Y.ARunnableS108S0200000_32@592b000
03-02 00:57:45.351 14885 14885 I System.out: SAFActivity V Scene Framework: NavigationSceneManager Sync Scene SAFFragmentRootScene{79e191c} Lifecycle [RESUMED -> STARTED] without saved State
03-02 00:57:45.351 14885 14885 I System.out: SAFFragmentRootScene: onPause Start (SAFFragmentRootScene{79e191c})
03-02 00:57:45.352  4784  4784 I SemDvfsHyPerManager: acquire hyper - APP_START/4784@17, type = -999
03-02 00:57:45.352  1450  1487 I HYPER-HAL: [RequestManager.cpp]acquire(): Acquired ID : 11527218  [4784 / 17]    HINT : APP_START    list :
03-02 00:57:45.353  2746  2746 D SystemUIService: SYSUI_RAM_OPTIMIZATION onTrimMemory=20
03-02 00:57:45.353  2746  2746 D CentralSurfaces: SYSUI_RAM_OPTIMIZATION onTrimMemory=20
03-02 00:57:45.357  2746  2870 D HWUI    : CacheManager::trimMemory(20)
03-02 00:57:45.358  2013  2731 I WindowManager: Relayout Window{5c7d11c u0 Splash Screen com.podcast.app.debug.test}: viewVisibility=8 req=1080x2340 ty=3 d0
03-02 00:57:45.359  3506  3506 E pageboostd: Received HALT command code 2
03-02 00:57:45.368  1646  1892 I CameraService: onUidStateChanged: uid=10492, procState is changed. (8 -> 10)
03-02 00:57:45.369 14636 15217 I WM-WorkerWrapper: Work [ id=f23029b8-b7a3-4a93-aaf6-b7c7a26dfe9e, tags={ com.urbanairship.job.AirshipWorker,airship } ] was cancelled
03-02 00:57:45.369 14636 15217 I WM-WorkerWrapper: androidx.work.impl.WorkerStoppedException
03-02 00:57:45.369 14636 15217 I WM-WorkerWrapper: 	at o.setEnabledWhenDeviceHasQuirk.AnimatedBarChartKtAnimatedBarChart1112(:348)
03-02 00:57:45.369 14636 15217 I WM-WorkerWrapper: 	at o.MutableConfig.AnimatedBarChartKtAnimatedBarChart1(:439)
03-02 00:57:45.369 14636 15217 I WM-WorkerWrapper: 	at o.MutableConfig.AnimatedBarChartKtAnimatedBarChart1112(:259)
03-02 00:57:45.369 14636 15217 I WM-WorkerWrapper: 	at o.getUseCaseInfo.run(:49)
03-02 00:57:45.369 14636 15217 I WM-WorkerWrapper: 	at o.TagBundle$Architecture.run(:96)
03-02 00:57:45.369 14636 15217 I WM-WorkerWrapper: 	at java.util.concurrent.ThreadPoolExecutor.runWorker(ThreadPoolExecutor.java:1154)
03-02 00:57:45.369 14636 15217 I WM-WorkerWrapper: 	at java.util.concurrent.ThreadPoolExecutor$Worker.run(ThreadPoolExecutor.java:652)
03-02 00:57:45.369 14636 15217 I WM-WorkerWrapper: 	at java.lang.Thread.run(Thread.java:1563)
03-02 00:57:45.370 14636 15217 D WM-WorkerWrapper: Status for f23029b8-b7a3-4a93-aaf6-b7c7a26dfe9e is RUNNING; not doing any work and rescheduling for later execution
03-02 00:57:45.371 14636 14636 D WM-Processor: MutableConfig f23029b8-b7a3-4a93-aaf6-b7c7a26dfe9e executed; reschedule = true
03-02 00:57:45.372  1484  5506 D AudioFlinger: setParameters: filtered dev setParameters keyvalue audioHDR=0
03-02 00:57:45.373  1509  1509 D Audio_ParameterParser: parseVendorParameters: scope: MODULE, keys/values: audioHDR=0
03-02 00:57:45.373  1439 32089 D AudioALSAHardware: +setParameters(): audioHDR=0
03-02 00:57:45.373  1439 32089 D AudioALSAHardware: -setParameters(): audioHDR=0
03-02 00:57:45.373  1439 32089 E AHAL_Module: setVendorParameters: default: unrecognized parameter "audioHDR=0"
03-02 00:57:45.373  1484  5506 E ConversionHelperAidl: Function: parseAndSetVendorParameters Line: 94 Failed
03-02 00:57:45.374  1509  1509 D Audio_ParameterParser: parseVendorParameters: scope: MODULE, keys/values: audioHDR=0
03-02 00:57:45.374  1646  1646 I CameraService: onUidStateChanged: uid=10492, procState is changed. (10 -> 19)
03-02 00:57:45.374  1509  1509 D Audio_ParameterParser: parseVendorParameters: scope: MODULE, keys/values: audioHDR=0
03-02 00:57:45.374  1439 32089 D AHAL_ModuleBluetooth: setVendorParameters unrecognized parameter: audioHDR=0
03-02 00:57:45.376  1445 18689 W C2MtkBufferManager: [0xB4000070F68A8D20] fetchNewCcBlock: wait fence 0x0xb4000070f692fcb0 timed out. ret 110
03-02 00:57:45.378  2013  2731 I WindowManager: Relayout hash=5c7d11c, pid=2746, syncId=-1: mAttrs={(0,0)(fillxfill) sim={adjust=pan} layoutInDisplayCutoutMode=always ty=APPLICATION_STARTING fmt=TRANSLUCENT
03-02 00:57:45.378  2013  2731 I WindowManager:   fl=81030118
03-02 00:57:45.378  2013  2731 I WindowManager:   pfl=10000810
03-02 00:57:45.378  2013  2731 I WindowManager:   apr=18
03-02 00:57:45.378  2013  2731 I WindowManager:   bhv=1
03-02 00:57:45.378  2013  2731 I WindowManager:   fitSides=0
03-02 00:57:45.378  2013  2731 I WindowManager:   frameRateBoostOnTouch=true
03-02 00:57:45.378  2013  2731 I WindowManager:   dvrrWindowFrameRateHint=true naviIconColor=0}
03-02 00:57:45.378  2746  2808 I VRI[test]@e7344eb: onActiveControlsChanged, removed=false, mAdded=true, caller=android.view.ViewRootImpl.handleInsetsControlChanged:3002 android.view.ViewRootImpl.relayoutWindow:11629 android.view.ViewRootImpl.performTraversals:4804 android.view.ViewRootImpl.doTraversal:3924 android.view.ViewRootImpl$TraversalRunnable.run:12903
03-02 00:57:45.379 14885 14885 I System.out: SAFFragmentRootScene: onWindowFocusChanged: com.ss.android.ugc.aweme.main.MainRootFragment, MainRootFragment{e89d275} (8a90a2f7-f51b-4f8d-88b5-38e0125851ad tag=root_fragment), true (SAFFragmentRootScene{79e191c})
03-02 00:57:45.379  2746  2808 I BLASTBufferQueue: [VRI[test]@e7344eb#7742](f:0,a:1,s:0) destructor()
03-02 00:57:45.379  2746  2808 D BufferQueueConsumer: [VRI[test]@e7344eb#7742(BLAST Consumer)7742](id:aba00001e3e,api:0,p:-1,c:2746) disconnect
03-02 00:57:45.380 14885 14885 I System.out: SAFActivity V Scene Framework: NavigationMessageQueue postSync run current task finish 14_Y.ARunnableS108S0200000_32@592b000
03-02 00:57:45.380  2746  2808 I VRI[test]@e7344eb: Relayout returned: old=(0,0,1080,2340) new=(0,0,1080,2340) relayoutAsync=false req=(1080,2340)8 dur=46 res=0x2 s={false 0x0} ch=true seqId=0
03-02 00:57:45.380 14885 14885 I System.out: SAFActivity V Scene Framework: NavigationMessageQueue postSync finish
03-02 00:57:45.380 14885 14885 I System.out: SceneSafeLifecycleDispatcher: onPaused End PAUSE
03-02 00:57:45.380 14885 14885 I System.out: SAFActivity: com.ss.android.ugc.aweme.main.MainActivity@c20428f,  onPause End
03-02 00:57:45.380  2746  2808 D VRI[test]@e7344eb: Not drawing due to not visible. Reason=View.GONE
03-02 00:57:45.380  2746  2808 W WindowOnBackDispatcher: sendCancelIfRunning: isInProgress=false callback=android.view.ViewRootImpl$$ExternalSyntheticLambda16@3ecec92
03-02 00:57:45.381  2746  2808 I VRI[test]@e7344eb: dispatchDetachedFromWindow
03-02 00:57:45.382 14636 15263 D WM-GreedyScheduler: Cancelling work ID f23029b8-b7a3-4a93-aaf6-b7c7a26dfe9e
03-02 00:57:45.385  2013  2027 D InputDispatcher: Focused application(0): ActivityRecord{110822610 u0 com.podcast.app.debug/androidx.activity.ComponentActivity t44906}
03-02 00:57:45.386 14636 15263 W JobInfo : Requested important-while-foreground flag for job3712 is ignored and takes no effect
03-02 00:57:45.386 14636 15263 D WM-SystemJobScheduler: Scheduling work ID f23029b8-b7a3-4a93-aaf6-b7c7a26dfe9eJob ID 3712
03-02 00:57:45.391  2013  4844 D GraphicsStatsService: requestRenderEngineFor(com.podcast.app.debug)
03-02 00:57:45.395  2013  2731 D InputTransport: Input channel destroyed: '5c7d11c', fd=1116
03-02 00:57:45.396  3202  3386 I HoneySpace.TopTaskSource: onTaskMovedToFront : taskId = 44906, displayId = 0
03-02 00:57:45.397  2746  2808 D InputTransport: Input channel destroyed: '5c7d11c', fd=704
03-02 00:57:45.400  2746  2808 I ViewRootImpl: dVRR is disabled
03-02 00:57:45.402 17121 17121 D LifecycleMonitor: Lifecycle status change: androidx.activity.ComponentActivity@d1cb5cc in: PRE_ON_CREATE
03-02 00:57:45.402 17121 17121 V ActivityScenario: Activity lifecycle changed event received but ignored because the reported transition was not ON_CREATE while the last known transition was PRE_ON_CREATE
03-02 00:57:45.406  1445  2902 W C2MtkBufferManager: [0xB4000070F507E520] fetchNewCcBlock: wait fence 0x0xb4000070f5058270 timed out. ret 110
03-02 00:57:45.406  1507  1507 E SurfaceFlinger: alpha changed 0.007 -> 0.000 - DimTransitionLayer for Surface(name=Task=44905)/@0x7d98c6#156890
03-02 00:57:45.407  1507  1507 I SurfaceFlinger: RequestedLayer [Splash Screen com.podcast.app.debug.test$_2746#156867] hidden!! flag  from(0) --> to(1)
03-02 00:57:45.407  1507  1507 I SurfaceFlinger: [LayerHierarchy{RequestedLayerState{ImeContainer#15 parentId=147902 relativeParentId=147902 z=1} 1 children}] RelativeParent to null
03-02 00:57:45.407  1507  1507 I SurfaceFlinger: [LayerHierarchy{RequestedLayerState{Surface(name=c7eceaa com.podcast.app.debug.test/androidx.test.core.app.InstrumentationActivityInvoker$EmptyActivity)/@0x28d9dc3 - animation-leash of starting_reveal#156891} 1 children}] reparent to OffscreenRoot
03-02 00:57:45.407  1507  1507 I SurfaceFlinger: [LayerHierarchy{RequestedLayerState{Surface(name=c7eceaa com.podcast.app.debug.test/androidx.test.core.app.InstrumentationActivityInvoker$EmptyActivity)/@0x28d9dc3 - animation-leash of starting_reveal#156891} 1 children}] RelativeParent to null
03-02 00:57:45.407  1507  1507 I SurfaceFlinger: [LayerHierarchy{RequestedLayerState{c7eceaa com.podcast.app.debug.test/androidx.test.core.app.InstrumentationActivityInvoker$EmptyActivity#156866 parentId=156864} 1 children}] reparent to LayerHierarchy{RequestedLayerState{ActivityRecord{141831360 u0 com.podcast.app.debug.test/androidx.test.core.app.InstrumentationActivityInvoker$EmptyActivity t44905}#156864 parentId=156863} 3 children}
03-02 00:57:45.407  5235  5235 I InputMethodService: scheduleImeSurfaceRemoval: removeImeSurface is posted.
03-02 00:57:45.408 17121 17121 I DecorView: setWindowBackground: isPopOver=false color=ff0f0f0f d=android.graphics.drawable.ColorDrawable@9ef4891
03-02 00:57:45.408  2746  2870 D NativeCustomFrequencyManager: [NativeCFMS] BpCustomFrequencyManager::BpCustomFrequencyManager()
03-02 00:57:45.409  3202 10541 I HoneySpace.RecentTasks: onRecentTasksChanged
03-02 00:57:45.409  3202  3390 I HoneySpace.TopTaskUseCase: topTasks 44906 ComponentInfo{com.podcast.app.debug/androidx.activity.ComponentActivity}[displayId=0]
03-02 00:57:45.409  3202  4698 I HoneySpace.RecentTasks: onRecentTasksChanged
03-02 00:57:45.413  2013  2600 D AS.MultiSoundManager: mForegroundUid = 10685
03-02 00:57:45.413 17121 17121 D LifecycleMonitor: Lifecycle status change: androidx.activity.ComponentActivity@d1cb5cc in: CREATED
03-02 00:57:45.413 17121 17121 V ActivityScenario: Update currentActivityStage to CREATED, currentActivity=androidx.activity.ComponentActivity@d1cb5cc
03-02 00:57:45.414 17121 17121 D LifecycleMonitor: Lifecycle status change: androidx.activity.ComponentActivity@d1cb5cc in: STARTED
03-02 00:57:45.414 17121 17121 V ActivityScenario: Update currentActivityStage to STARTED, currentActivity=androidx.activity.ComponentActivity@d1cb5cc
03-02 00:57:45.416  1445 18689 W C2MtkBufferManager: [0xB4000070F68A8D20] fetchNewCcBlock: wait fence 0x0xb4000070f692fcb0 timed out. ret 110
03-02 00:57:45.417  1507  1507 D SurfaceFlinger: Display 4627039422300187648 HWC layers:
03-02 00:57:45.417  1507  1507 D SurfaceFlinger:   SOLID_COLOR |                        0 | 00000002 | N/A          |    0.0    0.0    0.0    0.0 |    0    0   -1   -1 | Background for 68eb87 SurfaceView[co[...]weme.splash.SplashActivity]@0#156881 (0)
03-02 00:57:45.417  1507  1507 D SurfaceFlinger:   SOLID_COLOR |                        0 | 00000002 | N/A          |    0.0    0.0    0.0    0.0 |    0   80 1024 2000 | Background for 7086fb SurfaceView[co[...]weme.splash.SplashActivity]@0#156884 (0)
03-02 00:57:45.417  1507  1507 D SurfaceFlinger:   SOLID_COLOR |                        0 | 00000002 | N/A          |    0.0    0.0    0.0    0.0 |    0    0   -1   -1 | Background for 836459b SurfaceView[c[...]weme.splash.SplashActivity]@0#156887 (0)
03-02 00:57:45.417  1507  1507 D SurfaceFlinger:        DEVICE |           63930588202288 | 00002100 | RGBA_8888    |   56.0    0.0 1080.0 2340.0 |    0    0 1024 2340 | com.zhiliaoapp.musically/com.ss.andr[...].splash.SplashActivity$_14885#156875 (3)
03-02 00:57:45.417  1507  1507 D SurfaceFlinger:        DEVICE |           75299366633604 | 00002102 | RGBA_8888    |    0.0    0.0  180.0 2340.0 |  900    0 1080 2340 | com.podcast.app.debug.test/androidx.[...]yInvoker$
03-02 00:57:45.417  1507  1507 D SurfaceFlinger: EmptyActivity$_17532#156868 (1)
03-02 00:57:45.417  1507  1507 D SurfaceFlinger:        DEVICE |           11793980281879 | 00002100 | RGBA_8888    |    0.0    0.0 1080.0   80.0 |    0    0 1080   80 | StatusBar$_2746#117 (211269)
03-02 00:57:45.417  1507  1507 D SurfaceFlinger:        DEVICE |           13752485304097 | 00002100 | RGBA_8888    |    0.0    0.0   67.0  346.0 | 1013  454 1080  800 | com.sec.android.app.launcher/com.sam[...].app.CocktailBarService$_3202#152779 (1)
03-02 00:57:45.417  1507  1507 D SurfaceFlinger:        DEVICE |           11793980283856 | 00002100 | RGBA_8888    |    0.0    0.0  229.0  724.0 |  851  551 1080 1275 | VolumePanelWindow$_2746#156850 (47)
03-02 00:57:45.417  1507  1507 D SurfaceFlinger:        DEVICE |           11793980281868 | 00002100 | RGBA_8888    |    0.0    0.0 1080.0  135.0 |    0 2205 1080 2340 | NavigationBar0$_2746#113 (188283)
03-02 00:57:45.417  1507  1507 D SurfaceFlinger:
03-02 00:57:45.417 17121 17121 D LifecycleMonitor: Lifecycle status change: androidx.activity.ComponentActivity@d1cb5cc in: RESUMED
03-02 00:57:45.417 17121 17121 V ActivityScenario: Update currentActivityStage to RESUMED, currentActivity=androidx.activity.ComponentActivity@d1cb5cc
03-02 00:57:45.418 17121 17121 I ViewRootImpl: dVRR is disabled
03-02 00:57:45.419 17121 17389 D NativeCustomFrequencyManager: [NativeCFMS] BpCustomFrequencyManager::BpCustomFrequencyManager()
03-02 00:57:45.420  2013  2013 D MediaSessionService: Audio playback is changed, config=AudioPlaybackConfiguration piid:92743 deviceIds:[3] type:android.media.AudioTrack u/pid:10350/14885 state:paused attr:AudioAttributes: usage=USAGE_MEDIA content=CONTENT_TYPE_UNKNOWN flags=0xA00 tags= bundle=null sessionId:126033 mutedState:none  FormatInfo{isSpatialized=false, channelMask=0x3, sampleRate=44100}, removed=false
03-02 00:57:45.420  2746  2746 I {OngoingActivityController}: onTaskFocusChanged but OA data is empty
03-02 00:57:45.420  2013  2013 D MediaSessionStack: updateMediaButtonSessionIfNeeded, callers=com.android.server.media.AudioPlayerStateMonitor$MessageHandler.handleMessage:19 android.os.Handler.dispatchMessage:110
03-02 00:57:45.420  2013  2013 D MediaSessionStack: updateMediaButtonSessionIfNeeded, skipping uid=10350
03-02 00:57:45.420  2013  2013 D MediaSessionStack: updateMediaButtonSessionIfNeeded, skipping uid=10342
03-02 00:57:45.420  2013  2013 D MediaSessionStack: updateMediaButtonSessionIfNeeded, skipping uid=10317
03-02 00:57:45.420  2013  2013 D MediaSessionStack: updateMediaButtonSessionIfNeeded, skipping uid=10672
03-02 00:57:45.421  2013  4763 D InputTransport: Input channel constructed: 'cc2a3a6', fd=1036
03-02 00:57:45.421  2013  4763 D InputTransport: Input channel constructed: 'cc2a3a6', fd=1116
03-02 00:57:45.421  2746  3671 D SoundCraft.PlayingAudioConditionHandler: onPlaybackConfigChanged : lastStartedPackageName=com.zhiliaoapp.musically, lastStartedUid=10350, newStartedUid=-1, newStartPackageName=null, thread=Thread[RoutineHandlerThread,5,main]
03-02 00:57:45.421  2013  4763 D InputTransport: Input channel constructed: 'cc2a3a6', fd=1131
03-02 00:57:45.421  2013  4763 D InputTransport: Input channel destroyed: 'cc2a3a6', fd=1116
03-02 00:57:45.422  1507  1907 I SurfaceFlinger: id=156897 createSurf, flag=84004, cc2a3a6 com.podcast.app.debug/androidx.activity.ComponentActivity#156897
03-02 00:57:45.422  2013  4763 D InputTransport: Input channel destroyed: 'cc2a3a6', fd=1131
03-02 00:57:45.422  3202  3202 I HoneySpace.EdgePanel.EdgeVisibilityRepository: getComputedTrayVisible : keyguardState = 1
03-02 00:57:45.423  3202  3202 I HoneySpace.EdgePanel.EdgeVisibilityRepository: updateTrayVisible: State = 0x1, visible = true, current containerState = 0, specificMode = 0
03-02 00:57:45.423  3202  3202 I HoneySpace.EdgePanel.EdgeVisibilityRepository: Same container state 0
03-02 00:57:45.423 17121 17121 D InputTransport: Input channel constructed: 'cc2a3a6', fd=128
03-02 00:57:45.424 17121 17121 I InsetsController: onStateChanged: host=com.podcast.app.debug/androidx.activity.ComponentActivity, from=android.view.ViewRootImpl.onInsetsStateChanged:3026, state=InsetsState: {mDisplayFrame=Rect(0, 0 - 1080, 2340), mDisplayCutout=DisplayCutout{insets=Rect(0, 80 - 0, 0) waterfall=Insets{left=0, top=0, right=0, bottom=0} boundingRect={Bounds=[Rect(0, 0 - 0, 0), Rect(472, 0 - 608, 80), Rect(0, 0 - 0, 0), Rect(0, 0 - 0, 0)]} cutoutPathParserInfo={CutoutPathParserInfo{displayWidth=1080 displayHeight=2340 physicalDisplayWidth=1080 physicalDisplayHeight=2340 density={2.8125} cutoutSpec={M 0,0 H -24.177777778 V 28.4444444444 H 24.177777778 V 0 H 0 Z @dp} rotation={0} scale={1.0} physicalPixelDisplaySizeRatio={1.0}}} sideOverrides={}}, mRoundedCorners=RoundedCorners{[RoundedCorner{position=TopLeft, radius=113, center=Point(113, 113)}, RoundedCorner{position=TopRight, radius=113, center=Point(967, 113)}, RoundedCorner{position=BottomRight, radius=113, center=Point(967, 2227)}, RoundedCorner{position=BottomLeft, radius=113, center=Point(113, 2227)}]}  mRoundedCornerFrame=Rect(0, 0 - 1080, 2340), mPrivacyIndicatorBounds=PrivacyIndicatorBounds {static bounds=Rect(956, 0 - 1080, 80) rotation=0}, mDisplayShape=DisplayShape{ spec=-311912193 displayWidth=1080 displayHeight=2340 physicalPixelDisplaySizeRatio=1.0 rotation=0 offsetX=0 offsetY=0 scale=1.0}, mSources= { InsetsSource: {e9af0000 mType=statusBars mFrame=[0,0][1080,80] mVisible=true mFlags= mSideHint=TOP mBoundingRects=null}, InsetsSource: {e9af0005 mType=mandatorySystemGestures mFrame=[0,0][1080,114] mVisible=true mFlags= mSideHint=TOP mBoundingRects=null}, InsetsSource: {e9af0006 mType=tappableElement mFrame=[0,0][1080,80] mVisible=true mFlags= mSideHint=TOP mBoundingRects=null}, InsetsSource: {3 mType=ime mFrame=[0,0][0,0] mVisible=false mFlags= mSideHint=NONE mBoundingRects=null}, InsetsSource: {27 mType=displayCutout mFrame=[0,0][1080,80] mVisible=true mFlags= mSideHint=TOP mBoundingRects=null}, InsetsSource: {26ed0001 mType=navigationBars mFrame=[0,2298][1080,2340] mVisible=true mFlags=SUPPRESS_SCRIM mSideHint=BOTTOM mBoundingRects=null}, InsetsSource: {26ed0004 mType=systemGestures mFrame=[0,0][84,2340] mVisible=true mFlags= mSideHint=LEFT mBoundingRects=null}, InsetsSource: {26ed0005 mType=mandatorySystemGestures mFrame=[0,2250][1080,2340] mVisible=true mFlags= mSideHint=BOTTOM mBoundingRects=null}, InsetsSource: {26ed0006 mType=tappableElement mFrame=[0,0][0,0] mVisible=true mFlags= mSideHint=NONE mBoundingRects=null}, InsetsSource: {26ed0024 mType=systemGestures mFrame=[996,0][1080,2340] mVisible=true mFlags= mSideHint=RIGHT mBoundingRects=null} }
03-02 00:57:45.424 17121 17121 I VRI[ComponentActivity]@d21f893: synced displayState. AttachInfo displayState=2
03-02 00:57:45.425 17121 17121 I VRI[ComponentActivity]@d21f893: setView = com.android.internal.policy.DecorView@25bdbce IsHRR=false mFlingFrameRateChange=0 TM=true
03-02 00:57:45.425 17121 17389 D HWUI    : HWUI - treat SMPTE_170M as sRGB
03-02 00:57:45.425  1507  1825 I SurfaceFlinger: Capture layer list: 	 com.zhiliaoapp.musically/com.ss.android.ugc.aweme.splash.SplashActivity$_14885#156875(seamlessTransition:0)
03-02 00:57:45.428  2013  2029 I WindowManager: Relayout Window{cc2a3a6 u0 com.podcast.app.debug/androidx.activity.ComponentActivity}: viewVisibility=0 req=1080x2340 ty=1 d0
03-02 00:57:45.428  3202  3386 I HoneySpace.TopTaskSource: onTaskFocusChanged(): taskId = 44906
03-02 00:57:45.428  1507  1507 I SurfaceFlinger: [cc2a3a6 com.podcast.app.debug/androidx.activity.ComponentActivity#156897] attach to parent LayerHierarchy{RequestedLayerState{ActivityRecord{110822610 u0 com.podcast.app.debug/androidx.activity.ComponentActivity t44906}#156896 parentId=156895} 1 children}
03-02 00:57:45.429  1507  1907 I SurfaceFlinger: id=156898 createSurf, flag=44004, com.podcast.app.debug/androidx.activity.ComponentActivity$_17121#156898
03-02 00:57:45.432  2013  4763 W ParceledListSlice: Element #30 is 21544 bytes.
03-02 00:57:45.432  3202  3202 I HoneySpace.EdgePanel.CocktailHostRepositoryImpl: onNoteResume
03-02 00:57:45.432  3202  3202 I HoneySpace.EdgePanel.EdgePanelContainerViewModel: cocktailHostRepository.edgePanelOperation NoteResumeComponent(componentName=ComponentInfo{com.podcast.app.debug/androidx.activity.ComponentActivity})
03-02 00:57:45.432  3202  3202 I HoneySpace.EdgePanel.ActivityUtils: HomePackage : com.sec.android.app.launcher, resumePackageName : com.podcast.app.debug, className : androidx.activity.ComponentActivity
03-02 00:57:45.433  1507  2128 I SurfaceFlinger: id=156899 createSurf, flag=24000, Surface(name=c536234 NavigationBar0)/@0xfac847b - animation-leash of insets_animation#156899
03-02 00:57:45.434  1507  2128 I SurfaceFlinger: id=156900 createSurf, flag=24000, Surface(name=a5d3a68 StatusBar)/@0xd5726d6 - animation-leash of insets_animation#156900
03-02 00:57:45.435  2013  2029 I SystemKeyManager: requested systemKeyInfo size=1 focusedWindow=com.podcast.app.debug/androidx.activity.ComponentActivity
03-02 00:57:45.435  2013  2029 I SystemKeyManager: requested systemKeyInfo size=2 focusedWindow=com.podcast.app.debug/androidx.activity.ComponentActivity
03-02 00:57:45.436  2013  2027 D InputTransport: Input channel constructed: '74e3df5', fd=1131
03-02 00:57:45.436  2013  2027 D InputTransport: Input channel constructed: '74e3df5', fd=1133
03-02 00:57:45.436  2013  2027 D InputTransport: Input channel constructed: '74e3df5', fd=1154
03-02 00:57:45.436  2013  2027 D InputTransport: Input channel destroyed: '74e3df5', fd=1133
03-02 00:57:45.436  2013  2029 I WindowManager: Relayout hash=cc2a3a6, pid=17121, syncId=-1: mAttrs={(0,0)(fillxfill) sim={adjust=pan forwardNavigation} layoutInDisplayCutoutMode=always ty=BASE_APPLICATION wanim=0x1030317
03-02 00:57:45.436  2013  2029 I WindowManager:   fl=81810100
03-02 00:57:45.436  2013  2029 I WindowManager:   pfl=100088c0
03-02 00:57:45.436  2013  2029 I WindowManager:   bhv=1
03-02 00:57:45.436  2013  2029 I WindowManager:   fitSides=0
03-02 00:57:45.436  2013  2029 I WindowManager:   frameRateBoostOnTouch=true
03-02 00:57:45.436  2013  2029 I WindowManager:   dvrrWindowFrameRateHint=true naviIconColor=0}
03-02 00:57:45.436  1507  2128 I SurfaceFlinger: id=156901 createSurf, flag=84004, 74e3df5 Splash Screen com.podcast.app.debug#156901
03-02 00:57:45.438 17121 17121 D BufferQueueConsumer: [](id:42e100000026,api:0,p:-1,c:17121) connect: controlledByApp=false
03-02 00:57:45.440  1507  1507 I SurfaceFlinger: [com.podcast.app.debug/androidx.activity.ComponentActivity$_17121#156898] attach to parent LayerHierarchy{RequestedLayerState{cc2a3a6 com.podcast.app.debug/androidx.activity.ComponentActivity#156897 parentId=156896} 1 children}
03-02 00:57:45.440  2013  2027 D InputTransport: Input channel destroyed: '74e3df5', fd=1154
03-02 00:57:45.440  1507  1507 I SurfaceFlinger: [Surface(name=c536234 NavigationBar0)/@0xfac847b - animation-leash of insets_animation#156899] attach to parent LayerHierarchy{RequestedLayerState{WindowToken{5cf38d1 type=2019 android.os.BinderProxy@916675b}#101 parentId=34} 2 children}
03-02 00:57:45.440  1507  1507 I SurfaceFlinger: [Surface(name=a5d3a68 StatusBar)/@0xd5726d6 - animation-leash of insets_animation#156900] attach to parent LayerHierarchy{RequestedLayerState{WindowToken{d05298b type=2000 android.os.BinderProxy@163b705}#108 parentId=17} 2 children}
03-02 00:57:45.440  1507  1507 I SurfaceFlinger: [74e3df5 Splash Screen com.podcast.app.debug#156901] attach to parent LayerHierarchy{RequestedLayerState{ActivityRecord{110822610 u0 com.podcast.app.debug/androidx.activity.ComponentActivity t44906}#156896 parentId=156895} 2 children}
03-02 00:57:45.440 17121 17121 I BLASTBufferQueue: [VRI[ComponentActivity]@d21f893#38](f:0,a:0,s:0) constructor()
03-02 00:57:45.440  2746  2808 D InputTransport: Input channel constructed: '74e3df5', fd=704
