03-02 00:57:01.876 17121 17305 I TestRunner: started: homeScreen_error_does_not_show_tabs(com.podcast.app.ui.HomeScreenTest)
03-02 00:57:01.878  1507  1507 I SurfaceFlinger: onHandleDestroyed: layerId=155473, name=Task=44846#155473
03-02 00:57:01.878  1507  1507 I SurfaceFlinger: id=155473 Removed Task=44846#155473 (336)
03-02 00:57:01.878  1507  1507 I SurfaceFlinger: onHandleDestroyed: layerId=155431, name=ActivityRecord{121980169 u0 com.podcast.app.debug/androidx.activity.ComponentActivity t44846}#155431
03-02 00:57:01.878  1507  1507 I SurfaceFlinger: id=155431 Removed ActivityRecord{121980169 u0 com.podcast.app.debug/androidx.activity.ComponentActivity t44846}#155431 (336)
03-02 00:57:01.878  1507  1507 I SurfaceFlinger: onHandleDestroyed: layerId=155434, name=223422 com.podcast.app.debug/androidx.activity.ComponentActivity#155434
03-02 00:57:01.878  1507  1507 I SurfaceFlinger: id=155434 Removed 223422 com.podcast.app.debug/androidx.activity.ComponentActivity#155434 (336)
03-02 00:57:01.878  1507  1507 I SurfaceFlinger: onHandleDestroyed: layerId=155435, name=com.podcast.app.debug/androidx.activity.ComponentActivity$_17121#155435
03-02 00:57:01.878  1507  1507 I SurfaceFlinger: id=155435 Removed com.podcast.app.debug/androidx.activity.ComponentActivity$_17121#155435 (336)
03-02 00:57:01.880 17121 17305 D IdlingRegistry: Registering idling resources: [androidx.compose.ui.test.EspressoLink@51bdb91]
03-02 00:57:01.880  1444  1809 D MDP     : [PQSessionManager] PQSessionManager::getPQSession id[a]
03-02 00:57:01.880  1444  1809 D MDP     : [PQSessionManager] getPQSessionListHandle id[a]
03-02 00:57:01.880  1444  1809 D MDP     : [PQSessionManager] getPQSessionListHandle, find id[a]
03-02 00:57:01.880  1444  1809 D MDP     : [PQSessionManager] findVideoID[f6840820] found on index a
03-02 00:57:01.881 17121 17305 W Settings: Setting always_finish_activities has moved from android.provider.Settings.System to android.provider.Settings.Global, returning read-only value.
03-02 00:57:01.884  2013  4829 W ParceledListSlice: Element #30 is 21544 bytes.
03-02 00:57:01.885  2013  2067 I ChimeraSystemEventListener: appLaunchIntent package name is: com.podcast.app.debug
03-02 00:57:01.885  1507  1507 I SurfaceFlinger: destroyed com.podcast.app.debug/androidx.activity.ComponentActivity$_17121#155435
03-02 00:57:01.885  1507  1507 I SurfaceFlinger: destroyed Task=44846#155473
03-02 00:57:01.885  1507  1507 I SurfaceFlinger: destroyed 2e35ad3 ActivityRecordInputSink com.podcast.app.debug/androidx.activity.ComponentActivity#155439
03-02 00:57:01.885  1507  1507 I SurfaceFlinger: destroyed 223422 com.podcast.app.debug/androidx.activity.ComponentActivity#155434
03-02 00:57:01.885  1507  1507 I SurfaceFlinger: destroyed ActivityRecord{121980169 u0 com.podcast.app.debug/androidx.activity.ComponentActivity t44846}#155431
03-02 00:57:01.888  1507  1507 I Layer   : id=155439 Destroyed 2e35ad3 ActivityRecordInputSink com.podcast.app.debug/androidx.activity.ComponentActivity#155439
03-02 00:57:01.888  1507  1507 I Layer   : id=155435 Destroyed com.podcast.app.debug/androidx.activity.ComponentActivity$_17121#155435
03-02 00:57:01.888  1507  1507 I Layer   : id=155434 Destroyed 223422 com.podcast.app.debug/androidx.activity.ComponentActivity#155434
03-02 00:57:01.888  1507  1507 I Layer   : id=155431 Destroyed ActivityRecord{121980169 u0 com.podcast.app.debug/androidx.activity.ComponentActivity t44846}#155431
03-02 00:57:01.888  1507  1507 I Layer   : id=155473 Destroyed Task=44846#155473
03-02 00:57:01.891  2013  3441 I SemDvfsHyPerManager: acquire hyper - AMS_APP_SWITCH/2013@20, type = -999
03-02 00:57:01.891  1450  1487 I HYPER-HAL: [RequestManager.cpp]acquire(): Acquired ID : 2067581  [2013 / 20]    HINT : AMS_ACT_SWITCH    list :
03-02 00:57:01.891  1464  1492 I mtkpower@impl: [setMode] type:5, enabled:1
03-02 00:57:01.892  1450  1487 I mtkpower_client: perf_lock_rel, hdl:76294, pid: 1450, tid:1487
03-02 00:57:01.892  1450  1487 I mtkpower_client: perf_lock_acq, hdl:0, dur:0, num:2, pid:1450, tid:1487
03-02 00:57:01.892  1464  1529 I libPowerHal: [perfLockRel] hdl:76294, idx:5
03-02 00:57:01.892  1464  1529 I libPowerHal: [PD] vendor.samsung. update cmd:1000000 param:-1 pr:6
03-02 00:57:01.893  1464  1529 I libPowerHal: [perfLockRel] Done for hdl : 76294
03-02 00:57:01.893  1450  1487 I mtkpower_client: ret_hdl:76295
03-02 00:57:01.893  1464  1529 I libPowerHal: [perfLockAcq] idx:5 hdl:76295 hint:-1 pid:1450 tid:1487 duration:0 lock_user:vendor.samsung. => ret_hdl:76295
03-02 00:57:01.893  1450  1487 I mtkpower_client: perf_lock_rel, hdl:76288, pid: 1450, tid:1487
03-02 00:57:01.893  1507  2393 I SurfaceFlinger: id=155474 createSurf, flag=24004, Task=44848#155474
03-02 00:57:01.893  1464  1529 I libPowerHal: [setDvfsrcDevFreqOpp] opp:0, freq:4266000000
03-02 00:57:01.893  1464  1529 I libPowerHal: [PE] vendor.samsung. update cmd:1000000 param:0 pr:3
03-02 00:57:01.893  1464  1529 I libPowerHal: [perfLockAcq] Done for hdl : 76295
03-02 00:57:01.894  1450  1487 I mtkpower_client: perf_lock_acq, hdl:0, dur:0, num:2, pid:1450, tid:1487
03-02 00:57:01.894  1464  1529 I libPowerHal: [perfLockRel] hdl:76288, idx:7
03-02 00:57:01.894  1464  1529 I libPowerHal: [PD] vendor.samsung. update cmd:400000 param:-1 pr:6
03-02 00:57:01.894  1464  1529 I libPowerHal: [recordCPUFreqInfo] set cluster[0] min(-1): -1 max(-1): -1 cluster[1] min(-1): -1 max(-1): -1
03-02 00:57:01.894  1464  1529 I libPowerHal: [perfLockRel] Done for hdl : 76288
03-02 00:57:01.895  1450  1487 I mtkpower_client: ret_hdl:76296
03-02 00:57:01.895  1464  1529 I libPowerHal: [perfLockAcq] idx:7 hdl:76296 hint:-1 pid:1450 tid:1487 duration:0 lock_user:vendor.samsung. => ret_hdl:76296
03-02 00:57:01.896  1464  1529 I libPowerHal: [PE] vendor.samsung. update cmd:400000 param:2000000 pr:3
03-02 00:57:01.896  1464  1529 I libPowerHal: [recordCPUFreqInfo] set cluster[0] min(vendor.samsung.): 2000000 max(-1): -1 cluster[1] min(-1): -1 max(-1): -1
03-02 00:57:01.896  1464  1529 I libPowerHal: [perfLockAcq] Done for hdl : 76296
03-02 00:57:01.895  4784  4784 I SemDvfsHyPerManager: acquire hyper - APP_START_SHORT/4784@15, type = -999
03-02 00:57:01.896  1450  1487 I HYPER-HAL: [RequestManager.cpp]acquire(): Acquired ID : 11517615  [4784 / 15]    HINT : APP_START    list : [TIMEOUT / 1500]
03-02 00:57:01.898  1507  1563 I SurfaceFlinger: id=155475 createSurf, flag=84004, ActivityRecord{64970818 u0 com.podcast.app.debug/androidx.activity.ComponentActivity t44848}#155475
03-02 00:57:01.902  2013  4845 I SemDvfsHyPerManager: acquire hyper - AMS_APP_LAUNCH/2013@17, type = -999
03-02 00:57:01.902  1450  1487 I HYPER-HAL: [RequestManager.cpp]acquire(): Acquired ID : 2061482  [2013 / 17]    HINT : AMS_APP_LAUNCH    list :
03-02 00:57:01.902  4784  4784 I SemDvfsHyPerManager: acquire hyper - APP_START/4784@17, type = -999
03-02 00:57:01.903  1450  1487 I HYPER-HAL: [RequestManager.cpp]acquire(): Acquired ID : 11527218  [4784 / 17]    HINT : APP_START    list :
03-02 00:57:01.903  2746  2798 D ShellDesktopMode: handleRequest: TransitionRequestInfo {type=1, tid=44848, debugId=11233}
03-02 00:57:01.903 14885 14885 I System.out: SAFActivity: com.ss.android.ugc.aweme.main.MainActivity@c20428f,  onPause Start
03-02 00:57:01.903 14636 14636 D WM-SystemJobService: onStopJob for WorkGenerationalId(workSpecId=f23029b8-b7a3-4a93-aaf6-b7c7a26dfe9e, generation=0)
03-02 00:57:01.904 14636 15263 D WM-Processor: WorkerWrapper interrupted for f23029b8-b7a3-4a93-aaf6-b7c7a26dfe9e
03-02 00:57:01.904 14636 15263 D WM-StopWorkRunnable: StopWorkRunnable for f23029b8-b7a3-4a93-aaf6-b7c7a26dfe9e; Processor.stopWork = true
03-02 00:57:01.904 14885 14885 I System.out: SceneSafeLifecycleDispatcher: onPaused Start
03-02 00:57:01.904 14885 14885 I System.out: SAFActivity V Scene Framework: NavigationMessageQueue postSync start
03-02 00:57:01.904 14885 14885 I System.out: SAFActivity V Scene Framework: NavigationMessageQueue postSync run current task start 14_Y.ARunnableS108S0200000_32@917de80
03-02 00:57:01.904 14885 14885 I System.out: SAFActivity V Scene Framework: NavigationSceneManager Sync Scene SAFFragmentRootScene{79e191c} Lifecycle [RESUMED -> STARTED] without saved State
03-02 00:57:01.905 14885 14885 I System.out: SAFFragmentRootScene: onPause Start (SAFFragmentRootScene{79e191c})
03-02 00:57:01.905  2746  2808 I ViewRootImpl: dVRR is disabled
03-02 00:57:01.907  2746  2870 D NativeCustomFrequencyManager: [NativeCFMS] BpCustomFrequencyManager::BpCustomFrequencyManager()
03-02 00:57:01.907  1507  1507 I SurfaceFlinger: [Task=44848#155474] attach to parent LayerHierarchy{RequestedLayerState{DefaultTaskDisplayArea_d0#10 parentId=9} 45 children}
03-02 00:57:01.907  1507  1507 I SurfaceFlinger: [ActivityRecord{64970818 u0 com.podcast.app.debug/androidx.activity.ComponentActivity t44848}#155475] attach to parent LayerHierarchy{RequestedLayerState{Task=44848#155474 parentId=10} 1 children}
03-02 00:57:01.910  1646 10643 I CameraService: onUidStateChanged: uid=10062, procState is changed. (0 -> 1)
03-02 00:57:01.911  2013  4834 D InputTransport: Input channel constructed: 'b945df2', fd=1036
03-02 00:57:01.911  2013  4834 D InputTransport: Input channel constructed: 'b945df2', fd=1044
03-02 00:57:01.911  2013  4834 D InputTransport: Input channel constructed: 'b945df2', fd=1074
03-02 00:57:01.911  2013  4834 D InputTransport: Input channel destroyed: 'b945df2', fd=1044
03-02 00:57:01.912  3202  3386 I HoneySpace.TopTaskSource: onTaskMovedToFront : taskId = 44848, displayId = 0
03-02 00:57:01.913  1445 16865 W C2MtkBufferManager: [0xB4000070F68A9420] fetchNewCcBlock: wait fence 0x0xb4000070f692fea0 timed out. ret 110
03-02 00:57:01.913  1444  1808 D MDP     : [PQSessionManager] findVideoID[f6840820] found on index a
03-02 00:57:01.913  1444  1808 D MDP     : [PQSessionManager] createPQSession(a) user(0xb4000074f4d46d80)
03-02 00:57:01.913  1444  1808 D MDP     : [PQSessionManager] Duplicated ID[a] found, please check if double createPQSession!
03-02 00:57:01.913  1444  1808 D MDP     : [PQSessionManager] getPQSessionListHandle id[a]
03-02 00:57:01.913  1444  1808 D MDP     : [PQSessionManager] getPQSessionListHandle, find id[a]
03-02 00:57:01.913  1444  1808 D MDP     : [PQSession] incRefCount id[a] user[0xb4000074f4d46d80] existed
03-02 00:57:01.913  1444  1808 D MDP     : [PQSession] incRefCount id[a] user[0xb4000074f4d46d80] numOfUser[1]
03-02 00:57:01.913  1444  1808 D MDP     : [PQSession] numElements[0] key[0] metaData[0]
03-02 00:57:01.913  3506  3506 E pageboostd: Received HALT command code 2
03-02 00:57:01.913  1444  1808 D MDP     : [PQSession] setPQParam() id[a] enable[1], scenario[1]
03-02 00:57:01.913  1444  1808 D MDP     : [PQSession] video TS [7733]
03-02 00:57:01.913  1444  1808 D PQ      : PQDSConfig::getEnableStatus check1  time 0 ms
03-02 00:57:01.913  1444  1808 D PQ      : [PQDSConfig] PQDSConfig::getEnableStatus = 1
03-02 00:57:01.913  1444  1808 D PQ      : [PQDSConfig] m_TDSHPTableInit 1
03-02 00:57:01.913  1444  1808 D PQ      : [PQDSConfig] getAshmemContext(SHP_ENABLE) = 1
03-02 00:57:01.913  1444  1808 D PQ      : PQDSConfig::getEnableStatus check2  time 0 ms
03-02 00:57:01.913  1444  1808 D PQ      : [PQDSConfig] PQDSConfig::getUREnableStatus = 1
03-02 00:57:01.913  1444  1808 D MDP     : [PQSession] setDpPqConfig m_svp = 0, enDRE = 0
03-02 00:57:01.913  1444  1808 D MDP     : setPQParam globalPQSupport = [0] globalPQSwitch = [0] globalPQStrength = [0] globalPQType = [0]
03-02 00:57:01.913  1444  1808 D MDP     : [PQSession] setPQparam userId[0x0], scenario[1], enDRE[0]
03-02 00:57:01.913  1444  1808 D MDP     : [PQSession] getDpPqConfig() id[a] enable[1], scenario[1]
03-02 00:57:01.913  1444  1808 D MDP     : [PQSession] getDpPqConfig() enSharp[1] enDC[0] enColor[0] enHDR[0] enHDRVivid[0] enUR[0] enReFocus[0] enCcorr[1] enDRE[0] enHFG[0] enAIPQ[0] enAISDR2HDR[0] enAIRegionPQ[0] mAdaptiveEnable[0]
03-02 00:57:01.913  1444  1808 D MDP     : [PQSession] setPQDREParam userId[0x0] scenario[1] enDRE[0]
03-02 00:57:01.913  1444  1808 D MDP     : [PQSessionManager] findVideoID[f6840820] found on index a
03-02 00:57:01.913  1507  1563 I SurfaceFlinger: id=155476 createSurf, flag=84004, b945df2 Splash Screen com.podcast.app.debug#155476
03-02 00:57:01.913  1444  1808 D MDP     : [PQSessionManager] PQSessionManager::getPQSession id[a]
03-02 00:57:01.913  1444  1808 D MDP     : [PQSessionManager] getPQSessionListHandle id[a]
03-02 00:57:01.913  1444  1808 D MDP     : [PQSessionManager] getPQSessionListHandle, find id[a]
03-02 00:57:01.913  1444  1808 D MDP     : [PQSession] getDpPqConfig() id[a] enable[1], scenario[1]
03-02 00:57:01.913  1444  1808 D MDP     : [PQSession] getDpPqConfig() enSharp[1] enDC[0] enColor[0] enHDR[0] enHDRVivid[0] enUR[0] enReFocus[0] enCcorr[1] enDRE[0] enHFG[0] enAIPQ[0] enAISDR2HDR[0] enAIRegionPQ[0] mAdaptiveEnable[0]
03-02 00:57:01.913  1444  1808 D MDP     : [PQSessionManager] PQSessionManager::getPQSession id[a]
03-02 00:57:01.913  1444  1808 D MDP     : [PQSessionManager] getPQSessionListHandle id[a]
03-02 00:57:01.913  1444  1808 D MDP     : [PQSessionManager] getPQSessionListHandle, find id[a]
03-02 00:57:01.913  1444  1808 D AAL     : [PQEngineInterface] DpEngineTDSHPReConfigFrame(0)
03-02 00:57:01.913  1444  1808 D MDP     : [PQSession] getDpPqConfig() id[a] enable[1], scenario[1]
03-02 00:57:01.913  1444  1808 D MDP     : [PQSession] getDpPqConfig() enSharp[1] enDC[0] enColor[0] enHDR[0] enHDRVivid[0] enUR[0] enReFocus[0] enCcorr[1] enDRE[0] enHFG[0] enAIPQ[0] enAISDR2HDR[0] enAIRegionPQ[0] mAdaptiveEnable[0]
03-02 00:57:01.913  1444  1808 D AAL     : [PQEngineInterface] DpEngineTDSHPReConfigFrame(0) tdshpEnable(1) enSharp(1) enDC(0) enHFG(0)
03-02 00:57:01.913  1444  1808 D MDP     : PQSession:setPipeNum m_PipeNum[1] value[1] ID[a] DCPath[0] DCDone[0] addr[732261df]
03-02 00:57:01.913  1444  1808 D AAL     : [PQEngineInterface] DpEngineTDSHPReConfigFrame(0)  adl_enable = 0
03-02 00:57:01.913  1444  1808 D AAL     : [PQEngineInterface] DpEngineTDSHPReConfigFrame(0) Scenario = 0
03-02 00:57:01.913  1444  1808 D MDP     : [PQSessionManager] PQSessionManager::getPQSession id[a]
03-02 00:57:01.913  1444  1808 D MDP     : [PQSessionManager] getPQSessionListHandle id[a]
03-02 00:57:01.913  1444  1808 D MDP     : [PQSessionManager] getPQSessionListHandle, find id[a]
03-02 00:57:01.913  1444  1808 W AAL     : DpEngine_HDR::onReconfigTiles : PABufferIndex no change do nothing
03-02 00:57:01.915  2013  4834 D InputTransport: Input channel destroyed: 'b945df2', fd=1074
03-02 00:57:01.916  3202  3390 I HoneySpace.TopTaskUseCase: topTasks 44848 ComponentInfo{com.podcast.app.debug/androidx.activity.ComponentActivity}[displayId=0]
03-02 00:57:01.916  2746  2808 D InputTransport: Input channel constructed: 'b945df2', fd=520
03-02 00:57:01.916  3202  4698 I HoneySpace.RecentTasks: onRecentTasksChanged
03-02 00:57:01.916  3202  3977 I HoneySpace.RecentTasks: onRecentTasksChanged
03-02 00:57:01.916  2746  2808 I InsetsController: onStateChanged: host=Splash Screen com.podcast.app.debug, from=android.view.ViewRootImpl.onInsetsStateChanged:3026, state=InsetsState: {mDisplayFrame=Rect(0, 0 - 1080, 2340), mDisplayCutout=DisplayCutout{insets=Rect(0, 80 - 0, 0) waterfall=Insets{left=0, top=0, right=0, bottom=0} boundingRect={Bounds=[Rect(0, 0 - 0, 0), Rect(472, 0 - 608, 80), Rect(0, 0 - 0, 0), Rect(0, 0 - 0, 0)]} cutoutPathParserInfo={CutoutPathParserInfo{displayWidth=1080 displayHeight=2340 physicalDisplayWidth=1080 physicalDisplayHeight=2340 density={2.8125} cutoutSpec={M 0,0 H -24.177777778 V 28.4444444444 H 24.177777778 V 0 H 0 Z @dp} rotation={0} scale={1.0} physicalPixelDisplaySizeRatio={1.0}}} sideOverrides={}}, mRoundedCorners=RoundedCorners{[RoundedCorner{position=TopLeft, radius=113, center=Point(113, 113)}, RoundedCorner{position=TopRight, radius=113, center=Point(967, 113)}, RoundedCorner{position=BottomRight, radius=113, center=Point(967, 2227)}, RoundedCorner{position=BottomLeft, radius=113, center=Point(113, 2227)}]}  mRoundedCornerFrame=Rect(0, 0 - 1080, 2340), mPrivacyIndicatorBounds=PrivacyIndicatorBounds {static bounds=Rect(956, 0 - 1080, 80) rotation=0}, mDisplayShape=DisplayShape{ spec=-311912193 displayWidth=1080 displayHeight=2340 physicalPixelDisplaySizeRatio=1.0 rotation=0 offsetX=0 offsetY=0 scale=1.0}, mSources= { InsetsSource: {e9af0000 mType=statusBars mFrame=[0,0][1080,80] mVisible=true mFlags= mSideHint=TOP mBoundingRects=null}, InsetsSource: {e9af0005 mType=mandatorySystemGestures mFrame=[0,0][1080,114] mVisible=true mFlags= mSideHint=TOP mBoundingRects=null}, InsetsSource: {e9af0006 mType=tappableElement mFrame=[0,0][1080,80] mVisible=true mFlags= mSideHint=TOP mBoundingRects=null}, InsetsSource: {27 mType=displayCutout mFrame=[0,0][1080,80] mVisible=true mFlags= mSideHint=TOP mBoundingRects=null}, InsetsSource: {26ed0001 mType=navigationBars mFrame=[0,2298][1080,2340] mVisible=true mFlags=SUPPRESS_SCRIM mSideHint=BOTTOM mBoundingRects=null}, InsetsSource: {26ed0004 mType=systemGestures mFrame=[0,0][84,2340] mVisible=true mFlags= mSideHint=LEFT mBoundingRects=null}, InsetsSource: {26ed0005 mType=mandatorySystemGestures mFrame=[0,2250][1080,2340] mVisible=true mFlags= mSideHint=BOTTOM mBoundingRects=null}, InsetsSource: {26ed0006 mType=tappableElement mFrame=[0,0][0,0] mVisible=true mFlags= mSideHint=NONE mBoundingRects=null}, InsetsSource: {26ed0024 mType=systemGestures mFrame=[996,0][1080,2340] mVisible=true mFlags= mSideHint=RIGHT mBoundingRects=null} }
03-02 00:57:01.917  2746  2808 I VRI[debug]@a4200ce: onActiveControlsChanged, removed=false, mAdded=true, caller=android.view.ViewRootImpl.handleInsetsControlChanged:3002 android.view.ViewRootImpl.setView:2014 android.view.WindowManagerGlobal.addView:604 com.android.wm.shell.startingsurface.SplashscreenWindowCreator.addWindow:38 com.android.wm.shell.startingsurface.StartingWindowController$$ExternalSyntheticLambda4.run:1365
03-02 00:57:01.917  2746  2808 I VRI[debug]@a4200ce: synced displayState. AttachInfo displayState=2
03-02 00:57:01.918  2746  2808 I VRI[debug]@a4200ce: setView = android.widget.FrameLayout@4dc0185 IsHRR=false mFlingFrameRateChange=0 TM=true
03-02 00:57:01.918  2746  2870 D HWUI    : HWUI - treat SMPTE_170M as sRGB
03-02 00:57:01.918  1507  1507 I SurfaceFlinger: [Display 0 name="Built-in Screen"#49] setFrameRateCategory: High
03-02 00:57:01.918  1507  1507 I SurfaceFlinger: [b945df2 Splash Screen com.podcast.app.debug#155476] attach to parent LayerHierarchy{RequestedLayerState{ActivityRecord{64970818 u0 com.podcast.app.debug/androidx.activity.ComponentActivity t44848}#155475 parentId=155474} 1 children}
03-02 00:57:01.921  1444  1809 D MDP     : [PQSessionManager] PQSessionManager::getPQSession id[a]
03-02 00:57:01.921  1444  1809 D MDP     : [PQSessionManager] getPQSessionListHandle id[a]
03-02 00:57:01.921  1444  1809 D MDP     : [PQSessionManager] getPQSessionListHandle, find id[a]
03-02 00:57:01.922  1444  1809 D MDP     : [PQSessionManager] findVideoID[f6840820] found on index a
03-02 00:57:01.922  5235  5235 I InputMethodService: removeImeSurface
03-02 00:57:01.922  5235  5235 I InputMethodService: cancelImeSurfaceRemoval: removeCallbacks
03-02 00:57:01.923  1507  1507 I BpBinder: onLastStrongRef automatically unlinking death recipients:
03-02 00:57:01.926 14885 14885 I System.out: SAFFragmentRootScene: onWindowFocusChanged: com.ss.android.ugc.aweme.main.MainRootFragment, MainRootFragment{e89d275} (8a90a2f7-f51b-4f8d-88b5-38e0125851ad tag=root_fragment), true (SAFFragmentRootScene{79e191c})
03-02 00:57:01.926  1507  1825 I SurfaceFlinger: Capture layer list: 	 com.zhiliaoapp.musically/com.ss.android.ugc.aweme.splash.SplashActivity$_14885#155454(seamlessTransition:0)
03-02 00:57:01.927 14636 15217 I WM-WorkerWrapper: Work [ id=f23029b8-b7a3-4a93-aaf6-b7c7a26dfe9e, tags={ com.urbanairship.job.AirshipWorker,airship } ] was cancelled
03-02 00:57:01.927 14636 15217 I WM-WorkerWrapper: androidx.work.impl.WorkerStoppedException
03-02 00:57:01.927 14636 15217 I WM-WorkerWrapper: 	at o.setEnabledWhenDeviceHasQuirk.AnimatedBarChartKtAnimatedBarChart1112(:348)
03-02 00:57:01.927 14636 15217 I WM-WorkerWrapper: 	at o.MutableConfig.AnimatedBarChartKtAnimatedBarChart1(:439)
03-02 00:57:01.927 14636 15217 I WM-WorkerWrapper: 	at o.MutableConfig.AnimatedBarChartKtAnimatedBarChart1112(:259)
03-02 00:57:01.927 14636 15217 I WM-WorkerWrapper: 	at o.getUseCaseInfo.run(:49)
03-02 00:57:01.927 14636 15217 I WM-WorkerWrapper: 	at o.TagBundle$Architecture.run(:96)
03-02 00:57:01.927 14636 15217 I WM-WorkerWrapper: 	at java.util.concurrent.ThreadPoolExecutor.runWorker(ThreadPoolExecutor.java:1154)
03-02 00:57:01.927 14636 15217 I WM-WorkerWrapper: 	at java.util.concurrent.ThreadPoolExecutor$Worker.run(ThreadPoolExecutor.java:652)
03-02 00:57:01.927 14636 15217 I WM-WorkerWrapper: 	at java.lang.Thread.run(Thread.java:1563)
03-02 00:57:01.927 14885 14885 I System.out: SAFActivity V Scene Framework: NavigationMessageQueue postSync run current task finish 14_Y.ARunnableS108S0200000_32@917de80
03-02 00:57:01.928 14885 14885 I System.out: SAFActivity V Scene Framework: NavigationMessageQueue postSync finish
03-02 00:57:01.928 14885 14885 I System.out: SceneSafeLifecycleDispatcher: onPaused End PAUSE
03-02 00:57:01.928 14885 14885 I System.out: SAFActivity: com.ss.android.ugc.aweme.main.MainActivity@c20428f,  onPause End
03-02 00:57:01.929 14636 15217 D WM-WorkerWrapper: Status for f23029b8-b7a3-4a93-aaf6-b7c7a26dfe9e is RUNNING; not doing any work and rescheduling for later execution
03-02 00:57:01.934 14636 14636 D WM-Processor: MutableConfig f23029b8-b7a3-4a93-aaf6-b7c7a26dfe9e executed; reschedule = true
03-02 00:57:01.934  2013  2027 D InputDispatcher: Focused application(0): ActivityRecord{64970818 u0 com.podcast.app.debug/androidx.activity.ComponentActivity t44848}
03-02 00:57:01.934  2013  3345 D GraphicsStatsService: requestRenderEngineFor(com.podcast.app.debug)
03-02 00:57:01.935  1646 10643 I CameraService: onUidStateChanged: uid=10492, procState is changed. (8 -> 19)
03-02 00:57:01.935  2013  3645 W ParceledListSlice: Element #30 is 21544 bytes.
03-02 00:57:01.935  1445  2902 W C2MtkBufferManager: [0xB4000070F507E520] fetchNewCcBlock: wait fence 0x0xb4000070f5058270 timed out. ret 110
03-02 00:57:01.939 14636 15217 D WM-GreedyScheduler: Cancelling work ID f23029b8-b7a3-4a93-aaf6-b7c7a26dfe9e
03-02 00:57:01.941 17121 17121 D LifecycleMonitor: Lifecycle status change: androidx.activity.ComponentActivity@a4ecdda in: PRE_ON_CREATE
03-02 00:57:01.941 17121 17121 V ActivityScenario: Activity lifecycle changed event received but ignored because the reported transition was not ON_CREATE while the last known transition was PRE_ON_CREATE
03-02 00:57:01.946  1444  1808 D MDP     : [PQSessionManager] findVideoID[f6840820] found on index a
03-02 00:57:01.946  1444  1808 D MDP     : [PQSessionManager] createPQSession(a) user(0xb4000074f4d46d80)
03-02 00:57:01.946  1444  1808 D MDP     : [PQSessionManager] Duplicated ID[a] found, please check if double createPQSession!
03-02 00:57:01.946  1444  1808 D MDP     : [PQSessionManager] getPQSessionListHandle id[a]
03-02 00:57:01.946  1444  1808 D MDP     : [PQSessionManager] getPQSessionListHandle, find id[a]
03-02 00:57:01.946  1444  1808 D MDP     : [PQSession] incRefCount id[a] user[0xb4000074f4d46d80] existed
03-02 00:57:01.946  1444  1808 D MDP     : [PQSession] incRefCount id[a] user[0xb4000074f4d46d80] numOfUser[1]
03-02 00:57:01.946  1444  1808 D MDP     : [PQSession] numElements[0] key[0] metaData[0]
03-02 00:57:01.946  1444  1808 D MDP     : [PQSession] setPQParam() id[a] enable[1], scenario[1]
03-02 00:57:01.946  1444  1808 D MDP     : [PQSession] video TS [7767]
03-02 00:57:01.946  1444  1808 D PQ      : PQDSConfig::getEnableStatus check1  time 0 ms
03-02 00:57:01.946  1444  1808 D PQ      : [PQDSConfig] PQDSConfig::getEnableStatus = 1
03-02 00:57:01.946  1444  1808 D PQ      : [PQDSConfig] m_TDSHPTableInit 1
03-02 00:57:01.946  1444  1808 D PQ      : [PQDSConfig] getAshmemContext(SHP_ENABLE) = 1
03-02 00:57:01.946  1444  1808 D PQ      : PQDSConfig::getEnableStatus check2  time 0 ms
03-02 00:57:01.946  1444  1808 D PQ      : [PQDSConfig] PQDSConfig::getUREnableStatus = 1
03-02 00:57:01.946  1444  1808 D MDP     : [PQSession] setDpPqConfig m_svp = 0, enDRE = 0
03-02 00:57:01.946  1444  1808 D MDP     : setPQParam globalPQSupport = [0] globalPQSwitch = [0] globalPQStrength = [0] globalPQType = [0]
03-02 00:57:01.946  1444  1808 D MDP     : [PQSession] setPQparam userId[0x0], scenario[1], enDRE[0]
03-02 00:57:01.946  1444  1808 D MDP     : [PQSession] getDpPqConfig() id[a] enable[1], scenario[1]
03-02 00:57:01.946  1444  1808 D MDP     : [PQSession] getDpPqConfig() enSharp[1] enDC[0] enColor[0] enHDR[0] enHDRVivid[0] enUR[0] enReFocus[0] enCcorr[1] enDRE[0] enHFG[0] enAIPQ[0] enAISDR2HDR[0] enAIRegionPQ[0] mAdaptiveEnable[0]
03-02 00:57:01.946  1444  1808 D MDP     : [PQSession] setPQDREParam userId[0x0] scenario[1] enDRE[0]
03-02 00:57:01.946  1444  1808 D MDP     : [PQSessionManager] findVideoID[f6840820] found on index a
03-02 00:57:01.946  1444  1808 D MDP     : [PQSessionManager] PQSessionManager::getPQSession id[a]
03-02 00:57:01.946  1444  1808 D MDP     : [PQSessionManager] getPQSessionListHandle id[a]
03-02 00:57:01.946  1444  1808 D MDP     : [PQSessionManager] getPQSessionListHandle, find id[a]
03-02 00:57:01.946  1444  1808 D MDP     : [PQSession] getDpPqConfig() id[a] enable[1], scenario[1]
03-02 00:57:01.946  1444  1808 D MDP     : [PQSession] getDpPqConfig() enSharp[1] enDC[0] enColor[0] enHDR[0] enHDRVivid[0] enUR[0] enReFocus[0] enCcorr[1] enDRE[0] enHFG[0] enAIPQ[0] enAISDR2HDR[0] enAIRegionPQ[0] mAdaptiveEnable[0]
03-02 00:57:01.946  1444  1808 D MDP     : [PQSessionManager] PQSessionManager::getPQSession id[a]
03-02 00:57:01.946 17121 17121 I DecorView: setWindowBackground: isPopOver=false color=ff0f0f0f d=android.graphics.drawable.ColorDrawable@70f3e7
03-02 00:57:01.946  1444  1808 D MDP     : [PQSessionManager] getPQSessionListHandle id[a]
03-02 00:57:01.946  1444  1808 D MDP     : [PQSessionManager] getPQSessionListHandle, find id[a]
03-02 00:57:01.946  1444  1808 D AAL     : [PQEngineInterface] DpEngineTDSHPReConfigFrame(0)
03-02 00:57:01.946  1444  1808 D MDP     : [PQSession] getDpPqConfig() id[a] enable[1], scenario[1]
03-02 00:57:01.946  1444  1808 D MDP     : [PQSession] getDpPqConfig() enSharp[1] enDC[0] enColor[0] enHDR[0] enHDRVivid[0] enUR[0] enReFocus[0] enCcorr[1] enDRE[0] enHFG[0] enAIPQ[0] enAISDR2HDR[0] enAIRegionPQ[0] mAdaptiveEnable[0]
03-02 00:57:01.946  1444  1808 D AAL     : [PQEngineInterface] DpEngineTDSHPReConfigFrame(0) tdshpEnable(1) enSharp(1) enDC(0) enHFG(0)
03-02 00:57:01.946  1444  1808 D MDP     : PQSession:setPipeNum m_PipeNum[1] value[1] ID[a] DCPath[0] DCDone[0] addr[732261df]
03-02 00:57:01.946  1444  1808 D AAL     : [PQEngineInterface] DpEngineTDSHPReConfigFrame(0)  adl_enable = 0
03-02 00:57:01.946  1444  1808 D AAL     : [PQEngineInterface] DpEngineTDSHPReConfigFrame(0) Scenario = 0
03-02 00:57:01.946  1444  1808 D MDP     : [PQSessionManager] PQSessionManager::getPQSession id[a]
03-02 00:57:01.946  1444  1808 D MDP     : [PQSessionManager] getPQSessionListHandle id[a]
03-02 00:57:01.946  1444  1808 D MDP     : [PQSessionManager] getPQSessionListHandle, find id[a]
03-02 00:57:01.946  1444  1808 W AAL     : DpEngine_HDR::onReconfigTiles : PABufferIndex no change do nothing
03-02 00:57:01.946 14636 15217 W JobInfo : Requested important-while-foreground flag for job3654 is ignored and takes no effect
03-02 00:57:01.946 14636 15217 D WM-SystemJobScheduler: Scheduling work ID f23029b8-b7a3-4a93-aaf6-b7c7a26dfe9eJob ID 3654
03-02 00:57:01.947  1507  1565 E SfCpu   :  sched_setaffinity return fail 1461
03-02 00:57:01.947  1507  1565 E SfCpu   :  sched_setaffinity return fail 1444
03-02 00:57:01.947 17121 17121 D LifecycleMonitor: Lifecycle status change: androidx.activity.ComponentActivity@a4ecdda in: CREATED
03-02 00:57:01.948 17121 17121 V ActivityScenario: Update currentActivityStage to CREATED, currentActivity=androidx.activity.ComponentActivity@a4ecdda
03-02 00:57:01.949 17121 17121 D LifecycleMonitor: Lifecycle status change: androidx.activity.ComponentActivity@a4ecdda in: STARTED
03-02 00:57:01.949 17121 17121 V ActivityScenario: Update currentActivityStage to STARTED, currentActivity=androidx.activity.ComponentActivity@a4ecdda
03-02 00:57:01.950  2013  2600 D AS.MultiSoundManager: mForegroundUid = 10685
03-02 00:57:01.950 17121 17121 D LifecycleMonitor: Lifecycle status change: androidx.activity.ComponentActivity@a4ecdda in: RESUMED
03-02 00:57:01.950  2013  2013 D MediaSessionService: Audio playback is changed, config=AudioPlaybackConfiguration piid:92743 deviceIds:[3] type:android.media.AudioTrack u/pid:10350/14885 state:paused attr:AudioAttributes: usage=USAGE_MEDIA content=CONTENT_TYPE_UNKNOWN flags=0xA00 tags= bundle=null sessionId:126033 mutedState:none  FormatInfo{isSpatialized=false, channelMask=0x3, sampleRate=44100}, removed=false
03-02 00:57:01.951 17121 17121 V ActivityScenario: Update currentActivityStage to RESUMED, currentActivity=androidx.activity.ComponentActivity@a4ecdda
03-02 00:57:01.951  2013  2013 D MediaSessionStack: updateMediaButtonSessionIfNeeded, callers=com.android.server.media.AudioPlayerStateMonitor$MessageHandler.handleMessage:19 android.os.Handler.dispatchMessage:110
03-02 00:57:01.951  2013  2013 D MediaSessionStack: updateMediaButtonSessionIfNeeded, skipping uid=10350
03-02 00:57:01.951  2013  2013 D MediaSessionStack: updateMediaButtonSessionIfNeeded, skipping uid=10342
03-02 00:57:01.951  2013  2013 D MediaSessionStack: updateMediaButtonSessionIfNeeded, skipping uid=10317
03-02 00:57:01.951  2013  2013 D MediaSessionStack: updateMediaButtonSessionIfNeeded, skipping uid=10672
03-02 00:57:01.952  2013  4845 I WindowManager: Relayout Window{b945df2 u0 Splash Screen com.podcast.app.debug}: viewVisibility=0 req=1080x2340 ty=3 d0
03-02 00:57:01.952  2746  3671 D SoundCraft.PlayingAudioConditionHandler: onPlaybackConfigChanged : lastStartedPackageName=com.zhiliaoapp.musically, lastStartedUid=10350, newStartedUid=-1, newStartPackageName=null, thread=Thread[RoutineHandlerThread,5,main]
03-02 00:57:01.952 17121 17121 I ViewRootImpl: dVRR is disabled
03-02 00:57:01.953  1507  2393 I SurfaceFlinger: id=155477 createSurf, flag=44004, Splash Screen com.podcast.app.debug$_2746#155477
03-02 00:57:01.953 17121 17389 D NativeCustomFrequencyManager: [NativeCFMS] BpCustomFrequencyManager::BpCustomFrequencyManager()
03-02 00:57:01.955  1444  1809 D MDP     : [PQSessionManager] PQSessionManager::getPQSession id[a]
03-02 00:57:01.955  1444  1809 D MDP     : [PQSessionManager] getPQSessionListHandle id[a]
03-02 00:57:01.955  1444  1809 D MDP     : [PQSessionManager] getPQSessionListHandle, find id[a]
03-02 00:57:01.956  1444  1809 D MDP     : [PQSessionManager] findVideoID[f6840820] found on index a
03-02 00:57:01.956  2013  2027 D InputTransport: Input channel constructed: '23799d8', fd=1044
03-02 00:57:01.956  2013  2027 D InputTransport: Input channel constructed: '23799d8', fd=1074
03-02 00:57:01.956  2013  4845 I WindowManager: Relayout hash=b945df2, pid=2746, syncId=-1: mAttrs={(0,0)(fillxfill) sim={adjust=pan} layoutInDisplayCutoutMode=always ty=APPLICATION_STARTING fmt=TRANSLUCENT wanim=0x1030317
03-02 00:57:01.956  2013  4845 I WindowManager:   fl=81030118
03-02 00:57:01.956  2013  4845 I WindowManager:   pfl=10000810
03-02 00:57:01.956  2013  4845 I WindowManager:   bhv=1
03-02 00:57:01.956  2013  4845 I WindowManager:   fitSides=0
03-02 00:57:01.956  2013  4845 I WindowManager:   frameRateBoostOnTouch=true
03-02 00:57:01.956  2013  4845 I WindowManager:   dvrrWindowFrameRateHint=true naviIconColor=0}
03-02 00:57:01.956  2013  2027 D InputTransport: Input channel constructed: '23799d8', fd=1083
03-02 00:57:01.956  2013  2027 D InputTransport: Input channel destroyed: '23799d8', fd=1074
03-02 00:57:01.957  2746  2808 I InsetsController: onStateChanged: host=Splash Screen com.podcast.app.debug, from=android.view.ViewRootImpl.onInsetsStateChanged:3026, state=InsetsState: {mDisplayFrame=Rect(0, 0 - 1080, 2340), mDisplayCutout=DisplayCutout{insets=Rect(0, 80 - 0, 0) waterfall=Insets{left=0, top=0, right=0, bottom=0} boundingRect={Bounds=[Rect(0, 0 - 0, 0), Rect(472, 0 - 608, 80), Rect(0, 0 - 0, 0), Rect(0, 0 - 0, 0)]} cutoutPathParserInfo={CutoutPathParserInfo{displayWidth=1080 displayHeight=2340 physicalDisplayWidth=1080 physicalDisplayHeight=2340 density={2.8125} cutoutSpec={M 0,0 H -24.177777778 V 28.4444444444 H 24.177777778 V 0 H 0 Z @dp} rotation={0} scale={1.0} physicalPixelDisplaySizeRatio={1.0}}} sideOverrides={}}, mRoundedCorners=RoundedCorners{[RoundedCorner{position=TopLeft, radius=113, center=Point(113, 113)}, RoundedCorner{position=TopRight, radius=113, center=Point(967, 113)}, RoundedCorner{position=BottomRight, radius=113, center=Point(967, 2227)}, RoundedCorner{position=BottomLeft, radius=113, center=Point(113, 2227)}]}  mRoundedCornerFrame=Rect(0, 0 - 1080, 2340), mPrivacyIndicatorBounds=PrivacyIndicatorBounds {static bounds=Rect(956, 0 - 1080, 80) rotation=0}, mDisplayShape=DisplayShape{ spec=-311912193 displayWidth=1080 displayHeight=2340 physicalPixelDisplaySizeRatio=1.0 rotation=0 offsetX=0 offsetY=0 scale=1.0}, mSources= { InsetsSource: {e9af0000 mType=statusBars mFrame=[0,0][1080,80] mVisible=true mFlags= mSideHint=TOP mBoundingRects=null}, InsetsSource: {e9af0005 mType=mandatorySystemGestures mFrame=[0,0][1080,114] mVisible=true mFlags= mSideHint=TOP mBoundingRects=null}, InsetsSource: {e9af0006 mType=tappableElement mFrame=[0,0][1080,80] mVisible=true mFlags= mSideHint=TOP mBoundingRects=null}, InsetsSource: {3 mType=ime mFrame=[0,0][0,0] mVisible=false mFlags= mSideHint=NONE mBoundingRects=null}, InsetsSource: {27 mType=displayCutout mFrame=[0,0][1080,80] mVisible=true mFlags= mSideHint=TOP mBoundingRects=null}, InsetsSource: {26ed0001 mType=navigationBars mFrame=[0,2298][1080,2340] mVisible=true mFlags=SUPPRESS_SCRIM mSideHint=BOTTOM mBoundingRects=null}, InsetsSource: {26ed0004 mType=systemGestures mFrame=[0,0][84,2340] mVisible=true mFlags= mSideHint=LEFT mBoundingRects=null}, InsetsSource: {26ed0005 mType=mandatorySystemGestures mFrame=[0,2250][1080,2340] mVisible=true mFlags= mSideHint=BOTTOM mBoundingRects=null}, InsetsSource: {26ed0006 mType=tappableElement mFrame=[0,0][0,0] mVisible=true mFlags= mSideHint=NONE mBoundingRects=null}, InsetsSource: {26ed0024 mType=systemGestures mFrame=[996,0][1080,2340] mVisible=true mFlags= mSideHint=RIGHT mBoundingRects=null} }
03-02 00:57:01.957  1507  2128 I SurfaceFlinger: id=155478 createSurf, flag=84004, 23799d8 com.podcast.app.debug/androidx.activity.ComponentActivity#155478
03-02 00:57:01.957  2746  2808 I VRI[debug]@a4200ce: onActiveControlsChanged, removed=false, mAdded=true, caller=android.view.ViewRootImpl.handleInsetsControlChanged:3002 android.view.ViewRootImpl.relayoutWindow:11629 android.view.ViewRootImpl.performTraversals:4804 android.view.ViewRootImpl.doTraversal:3924 android.view.ViewRootImpl$TraversalRunnable.run:12903
03-02 00:57:01.957  2013  2027 D InputTransport: Input channel destroyed: '23799d8', fd=1083
03-02 00:57:01.957  2746  2808 D BufferQueueConsumer: [](id:aba00001dff,api:0,p:-1,c:2746) connect: controlledByApp=false
03-02 00:57:01.958 17121 17121 D InputTransport: Input channel constructed: '23799d8', fd=128
03-02 00:57:01.958 17121 17121 I InsetsController: onStateChanged: host=com.podcast.app.debug/androidx.activity.ComponentActivity, from=android.view.ViewRootImpl.onInsetsStateChanged:3026, state=InsetsState: {mDisplayFrame=Rect(0, 0 - 1080, 2340), mDisplayCutout=DisplayCutout{insets=Rect(0, 80 - 0, 0) waterfall=Insets{left=0, top=0, right=0, bottom=0} boundingRect={Bounds=[Rect(0, 0 - 0, 0), Rect(472, 0 - 608, 80), Rect(0, 0 - 0, 0), Rect(0, 0 - 0, 0)]} cutoutPathParserInfo={CutoutPathParserInfo{displayWidth=1080 displayHeight=2340 physicalDisplayWidth=1080 physicalDisplayHeight=2340 density={2.8125} cutoutSpec={M 0,0 H -24.177777778 V 28.4444444444 H 24.177777778 V 0 H 0 Z @dp} rotation={0} scale={1.0} physicalPixelDisplaySizeRatio={1.0}}} sideOverrides={}}, mRoundedCorners=RoundedCorners{[RoundedCorner{position=TopLeft, radius=113, center=Point(113, 113)}, RoundedCorner{position=TopRight, radius=113, center=Point(967, 113)}, RoundedCorner{position=BottomRight, radius=113, center=Point(967, 2227)}, RoundedCorner{position=BottomLeft, radius=113, center=Point(113, 2227)}]}  mRoundedCornerFrame=Rect(0, 0 - 1080, 2340), mPrivacyIndicatorBounds=PrivacyIndicatorBounds {static bounds=Rect(956, 0 - 1080, 80) rotation=0}, mDisplayShape=DisplayShape{ spec=-311912193 displayWidth=1080 displayHeight=2340 physicalPixelDisplaySizeRatio=1.0 rotation=0 offsetX=0 offsetY=0 scale=1.0}, mSources= { InsetsSource: {e9af0000 mType=statusBars mFrame=[0,0][1080,80] mVisible=true mFlags= mSideHint=TOP mBoundingRects=null}, InsetsSource: {e9af0005 mType=mandatorySystemGestures mFrame=[0,0][1080,114] mVisible=true mFlags= mSideHint=TOP mBoundingRects=null}, InsetsSource: {e9af0006 mType=tappableElement mFrame=[0,0][1080,80] mVisible=true mFlags= mSideHint=TOP mBoundingRects=null}, InsetsSource: {3 mType=ime mFrame=[0,0][0,0] mVisible=false mFlags= mSideHint=NONE mBoundingRects=null}, InsetsSource: {27 mType=displayCutout mFrame=[0,0][1080,80] mVisible=true mFlags= mSideHint=TOP mBoundingRects=null}, InsetsSource: {26ed0001 mType=navigationBars mFrame=[0,2298][1080,2340] mVisible=true mFlags=SUPPRESS_SCRIM mSideHint=BOTTOM mBoundingRects=null}, InsetsSource: {26ed0004 mType=systemGestures mFrame=[0,0][84,2340] mVisible=true mFlags= mSideHint=LEFT mBoundingRects=null}, InsetsSource: {26ed0005 mType=mandatorySystemGestures mFrame=[0,2250][1080,2340] mVisible=true mFlags= mSideHint=BOTTOM mBoundingRects=null}, InsetsSource: {26ed0006 mType=tappableElement mFrame=[0,0][0,0] mVisible=true mFlags= mSideHint=NONE mBoundingRects=null}, InsetsSource: {26ed0024 mType=systemGestures mFrame=[996,0][1080,2340] mVisible=true mFlags= mSideHint=RIGHT mBoundingRects=null} }
03-02 00:57:01.959 17121 17121 I VRI[ComponentActivity]@263d939: synced displayState. AttachInfo displayState=2
03-02 00:57:01.959  2746  2808 I BLASTBufferQueue: [VRI[debug]@a4200ce#7679](f:0,a:0,s:0) constructor()
03-02 00:57:01.959 17121 17121 I VRI[ComponentActivity]@263d939: setView = com.android.internal.policy.DecorView@bf7992c IsHRR=false mFlingFrameRateChange=0 TM=true
03-02 00:57:01.959  2746  2808 I BLASTBufferQueue_Java: new BLASTBufferQueue, mName= VRI[debug]@a4200ce mNativeObject= 0xb4000076ae347c00 caller= android.view.ViewRootImpl.updateBlastSurfaceIfNeeded:3585 android.view.ViewRootImpl.relayoutWindow:11685 android.view.ViewRootImpl.performTraversals:4804 android.view.ViewRootImpl.doTraversal:3924 android.view.ViewRootImpl$TraversalRunnable.run:12903 android.view.Choreographer$CallbackRecord.run:1901 android.view.Choreographer$CallbackRecord.run:1910 android.view.Choreographer.doCallbacks:1367 android.view.Choreographer.doFrame:1292 android.view.Choreographer$FrameDisplayEventReceiver.run:1870
03-02 00:57:01.959  2746  2808 I BLASTBufferQueue_Java: update, w= 1080 h= 2340 mName = VRI[debug]@a4200ce mNativeObject= 0xb4000076ae347c00 sc.mNativeObject= 0xb40000783d284e40 format= -3 caller= android.view.ViewRootImpl.updateBlastSurfaceIfNeeded:3590 android.view.ViewRootImpl.relayoutWindow:11685 android.view.ViewRootImpl.performTraversals:4804 android.view.ViewRootImpl.doTraversal:3924 android.view.ViewRootImpl$TraversalRunnable.run:12903 android.view.Choreographer$CallbackRecord.run:1901
03-02 00:57:01.959  2746  2808 I BLASTBufferQueue: [VRI[debug]@a4200ce#7679](f:0,a:0,s:0) update width=1080 height=2340 format=-3 mTransformHint=0
03-02 00:57:01.959 17121 17389 D HWUI    : HWUI - treat SMPTE_170M as sRGB
03-02 00:57:01.961  2746  2808 I VRI[debug]@a4200ce: Relayout returned: old=(0,0,1080,2340) new=(0,0,1080,2340) relayoutAsync=false req=(1080,2340)0 dur=38 res=0x3 s={true 0xb40000771f82b700} ch=true seqId=0
03-02 00:57:01.962  1507  1507 I SurfaceFlinger: [Splash Screen com.podcast.app.debug$_2746#155477] attach to parent LayerHierarchy{RequestedLayerState{b945df2 Splash Screen com.podcast.app.debug#155476 parentId=155475} 1 children}
03-02 00:57:01.962  1507  1507 I SurfaceFlinger: [23799d8 com.podcast.app.debug/androidx.activity.ComponentActivity#155478] attach to parent LayerHierarchy{RequestedLayerState{ActivityRecord{64970818 u0 com.podcast.app.debug/androidx.activity.ComponentActivity t44848}#155475 parentId=155474} 2 children}
03-02 00:57:01.964  2013  4845 I WindowManager: Relayout Window{23799d8 u0 com.podcast.app.debug/androidx.activity.ComponentActivity}: viewVisibility=0 req=1080x2340 ty=1 d0
03-02 00:57:01.965  1507  1563 I SurfaceFlinger: id=155479 createSurf, flag=44004, com.podcast.app.debug/androidx.activity.ComponentActivity$_17121#155479
03-02 00:57:01.965  2746  2808 I VRI[debug]@a4200ce: performConfigurationChange setNightDimText nightDimLevel=0
03-02 00:57:01.966  2746  2808 D VRI[debug]@a4200ce: mThreadedRenderer.initialize() mSurface={isValid=true 0xb40000771f82b700} hwInitialized=true
03-02 00:57:01.967  2746  2808 D VRI[debug]@a4200ce: reportNextDraw android.view.ViewRootImpl.performTraversals:5443 android.view.ViewRootImpl.doTraversal:3924 android.view.ViewRootImpl$TraversalRunnable.run:12903 android.view.Choreographer$CallbackRecord.run:1901 android.view.Choreographer$CallbackRecord.run:1910
03-02 00:57:01.967  2746  2808 D VRI[debug]@a4200ce: Setup new sync=wmsSync-VRI[debug]@a4200ce#73
03-02 00:57:01.967  2746  2808 I VRI[debug]@a4200ce: Creating new active sync group VRI[debug]@a4200ce#74
03-02 00:57:01.968  2746  2808 D VRI[debug]@a4200ce: registerCallbacksForSync syncBuffer=false
03-02 00:57:01.969  2746  2866 D VRI[debug]@a4200ce: Received frameDrawingCallback syncResult=0 frameNum=1.
03-02 00:57:01.970  1507  2128 I SurfaceFlinger: id=155480 createSurf, flag=24000, Surface(name=c536234 NavigationBar0)/@0xfac847b - animation-leash of insets_animation#155480
03-02 00:57:01.970  2746  2866 I VRI[debug]@a4200ce: mWNT: t=0xb40000771f6f1380 mBlastBufferQueue=0xb4000076ae347c00 fn= 1 HdrRenderState mRenderHdrSdrRatio=1.0 caller= android.view.ViewRootImpl$12.onFrameDraw:15441 android.view.ThreadedRenderer$1.onFrameDraw:718 <bottom of call stack>
03-02 00:57:01.970  2746  2866 I VRI[debug]@a4200ce: Setting up sync and frameCommitCallback
03-02 00:57:01.971  1507  1563 I SurfaceFlinger: id=155481 createSurf, flag=24000, Surface(name=a5d3a68 StatusBar)/@0xd5726d6 - animation-leash of insets_animation#155481
03-02 00:57:01.972  2013  4845 I SystemKeyManager: requested systemKeyInfo size=1 focusedWindow=com.podcast.app.debug/androidx.activity.ComponentActivity
03-02 00:57:01.972  2013  4845 I SystemKeyManager: requested systemKeyInfo size=2 focusedWindow=com.podcast.app.debug/androidx.activity.ComponentActivity
03-02 00:57:01.972  1507  1507 I SurfaceFlinger: [LayerHierarchy{RequestedLayerState{ImeContainer#15 parentId=147902 relativeParentId=147902 z=1} 1 children}] RelativeParent to null
03-02 00:57:01.972  1507  1507 I SurfaceFlinger: [com.podcast.app.debug/androidx.activity.ComponentActivity$_17121#155479] attach to parent LayerHierarchy{RequestedLayerState{23799d8 com.podcast.app.debug/androidx.activity.ComponentActivity#155478 parentId=155475} 1 children}
03-02 00:57:01.972  1507  1507 I SurfaceFlinger: [Surface(name=c536234 NavigationBar0)/@0xfac847b - animation-leash of insets_animation#155480] attach to parent LayerHierarchy{RequestedLayerState{WindowToken{5cf38d1 type=2019 android.os.BinderProxy@916675b}#101 parentId=34} 2 children}
03-02 00:57:01.972  1507  1507 I SurfaceFlinger: [Surface(name=a5d3a68 StatusBar)/@0xd5726d6 - animation-leash of insets_animation#155481] attach to parent LayerHierarchy{RequestedLayerState{WindowToken{d05298b type=2000 android.os.BinderProxy@163b705}#108 parentId=17} 2 children}
03-02 00:57:01.973  2013  4845 I WindowManager: Relayout hash=23799d8, pid=17121, syncId=-1: mAttrs={(0,0)(fillxfill) sim={adjust=pan forwardNavigation} layoutInDisplayCutoutMode=always ty=BASE_APPLICATION wanim=0x1030317
03-02 00:57:01.973  2013  4845 I WindowManager:   fl=81810100
03-02 00:57:01.973  2013  4845 I WindowManager:   pfl=100088c0
03-02 00:57:01.973  2013  4845 I WindowManager:   bhv=1
03-02 00:57:01.973  2013  4845 I WindowManager:   fitSides=0
03-02 00:57:01.973  2013  4845 I WindowManager:   frameRateBoostOnTouch=true
03-02 00:57:01.973  2013  4845 I WindowManager:   dvrrWindowFrameRateHint=true naviIconColor=0}
03-02 00:57:01.974  2746  2746 I {OngoingActivityController}: onTaskFocusChanged but OA data is empty
03-02 00:57:01.974  2746  2870 I BLASTBufferQueue: [VRI[debug]@a4200ce#7679](f:0,a:0,s:0) onFrameAvailable the first frame is available
03-02 00:57:01.975 17121 17121 D BufferQueueConsumer: [](id:42e100000005,api:0,p:-1,c:17121) connect: controlledByApp=false
03-02 00:57:01.975  2746  2870 I BLASTBufferQueue: [VRI[debug]@a4200ce#7679](f:0,a:1,s:0) acquireNextBufferLocked size=1080x2340 mFrameNumber=1 applyTransaction=true mTimestamp=491100975421501(auto) mPendingTransactions.size=0 graphicBufferId=11793980283226 transform=0
03-02 00:57:01.975 17121 17121 I BLASTBufferQueue: [VRI[ComponentActivity]@263d939#5](f:0,a:0,s:0) constructor()
03-02 00:57:01.975 17121 17121 I BLASTBufferQueue_Java: new BLASTBufferQueue, mName= VRI[ComponentActivity]@263d939 mNativeObject= 0xb400007837e5d000 caller= android.view.ViewRootImpl.updateBlastSurfaceIfNeeded:3585 android.view.ViewRootImpl.relayoutWindow:11685 android.view.ViewRootImpl.performTraversals:4804 android.view.ViewRootImpl.doTraversal:3924 android.view.ViewRootImpl$TraversalRunnable.run:12903 android.view.Choreographer$CallbackRecord.run:1901 android.view.Choreographer$CallbackRecord.run:1910 android.view.Choreographer.doCallbacks:1367 android.view.Choreographer.doFrame:1292 android.view.Choreographer$FrameDisplayEventReceiver.run:1870
03-02 00:57:01.975  2746  2870 I VRI[debug]@a4200ce: Received frameCommittedCallback lastAttemptedDrawFrameNum=1 didProduceBuffer=true
03-02 00:57:01.975 17121 17121 I BLASTBufferQueue_Java: update, w= 1080 h= 2340 mName = VRI[ComponentActivity]@263d939 mNativeObject= 0xb400007837e5d000 sc.mNativeObject= 0xb40000772b11b940 format= -1 caller= android.view.ViewRootImpl.updateBlastSurfaceIfNeeded:3590 android.view.ViewRootImpl.relayoutWindow:11685 android.view.ViewRootImpl.performTraversals:4804 android.view.ViewRootImpl.doTraversal:3924 android.view.ViewRootImpl$TraversalRunnable.run:12903 android.view.Choreographer$CallbackRecord.run:1901
03-02 00:57:01.975 17121 17121 I BLASTBufferQueue: [VRI[ComponentActivity]@263d939#5](f:0,a:0,s:0) update width=1080 height=2340 format=-1 mTransformHint=0
03-02 00:57:01.976 17121 17121 I VRI[ComponentActivity]@263d939: Relayout returned: old=(0,0,1080,2340) new=(0,0,1080,2340) relayoutAsync=false req=(1080,2340)0 dur=13 res=0x3 s={true 0xb40000772b406700} ch=true seqId=0
03-02 00:57:01.977  3202  3386 I HoneySpace.TopTaskSource: onTaskFocusChanged(): taskId = 44848
03-02 00:57:01.977  2746  2870 D HWUI    : CFMS:: SetUp Pid : 2746    Tid : 2870
03-02 00:57:01.977 17121 17121 I VRI[ComponentActivity]@263d939: performConfigurationChange setNightDimText nightDimLevel=0
03-02 00:57:01.977  1507  1845 D SurfaceFlinger: [input] setFocusedWindow: <null>
03-02 00:57:01.977  1507  1845 D SurfaceFlinger: updateWinowInfo=1, setFocusedWindow timestamp=491100952649270, windowName=<null>
03-02 00:57:01.977  2013  4834 D InputDispatcher: Once focus requested (0): <null>
03-02 00:57:01.977  2013  4834 D InputDispatcher: Focus request (0): <null> but waiting because NO_WINDOW
03-02 00:57:01.977  2013  4834 D InputDispatcher: Focus left window (0): cd2d6b5 com.zhiliaoapp.musically/com.ss.android.ugc.aweme.splash.SplashActivity
03-02 00:57:01.977  2746  2808 D VRI[debug]@a4200ce: reportDrawFinished seqId=0
03-02 00:57:01.977 17121 17121 D VRI[ComponentActivity]@263d939: mThreadedRenderer.initialize() mSurface={isValid=true 0xb40000772b406700} hwInitialized=true
03-02 00:57:01.978 17121 17121 D VRI[ComponentActivity]@263d939: reportNextDraw android.view.ViewRootImpl.performTraversals:5443 android.view.ViewRootImpl.doTraversal:3924 android.view.ViewRootImpl$TraversalRunnable.run:12903 android.view.Choreographer$CallbackRecord.run:1901 android.view.Choreographer$CallbackRecord.run:1910
03-02 00:57:01.978 17121 17121 D VRI[ComponentActivity]@263d939: Setup new sync=wmsSync-VRI[ComponentActivity]@263d939#10
03-02 00:57:01.978 17121 17121 I VRI[ComponentActivity]@263d939: Creating new active sync group VRI[ComponentActivity]@263d939#11
03-02 00:57:01.978  3202  3202 I HoneySpace.EdgePanel.CocktailHostRepositoryImpl: onNoteResume
03-02 00:57:01.978  3202  3202 I HoneySpace.EdgePanel.EdgePanelContainerViewModel: cocktailHostRepository.edgePanelOperation NoteResumeComponent(componentName=ComponentInfo{com.podcast.app.debug/androidx.activity.ComponentActivity})
03-02 00:57:01.978  3202  3202 I HoneySpace.EdgePanel.ActivityUtils: HomePackage : com.sec.android.app.launcher, resumePackageName : com.podcast.app.debug, className : androidx.activity.ComponentActivity
03-02 00:57:01.978 14885 14885 I ImeFocusController: onPreWindowFocus: skipped hasWindowFocus=false mHasImeFocus=true
03-02 00:57:01.979 14885 14885 I System.out: SAFActivity V Scene Framework: NavigationSceneManager onWindowFocusChanged false
03-02 00:57:01.979 14885 14885 I ImeFocusController: onPostWindowFocus: skipped hasWindowFocus=false mHasImeFocus=true
03-02 00:57:01.979 17121 17121 D VRI[ComponentActivity]@263d939: registerCallbacksForSync syncBuffer=false
03-02 00:57:01.980 17121 17415 D VRI[ComponentActivity]@263d939: Received frameDrawingCallback syncResult=0 frameNum=1.
