03-02 00:57:31.409  2013  2067 I ImeTracker: system_server:8fedfda: onCancelled at PHASE_SERVER_SHOULD_HIDE
03-02 00:57:31.410  5235  5235 I HBD     : n before lang.activeOptionList =  [auto_replace, auto_spacing, writing_assistant, prediction]
03-02 00:57:31.411  2013  2253 W ParceledListSlice: Element #30 is 21544 bytes.
03-02 00:57:31.411  5235  5235 I HBD     : n after lang.activeOptionList = [auto_replace, auto_spacing, writing_assistant, prediction]
03-02 00:57:31.413  2746  2866 I VRI[debug]@a376db2: mWNT: t=0xb40000772adfc600 mBlastBufferQueue=0xb400007672274400 fn= 3 HdrRenderState mRenderHdrSdrRatio=1.0 caller= android.view.SyncRtSurfaceTransactionApplier.applyTransaction:100 android.view.SyncRtSurfaceTransactionApplier.lambda$scheduleApply$0:73 android.view.SyncRtSurfaceTransactionApplier.$r8$lambda$afI4fXg3U3-nBZQEDQMiNy-B06s:0
03-02 00:57:31.414  1507  1507 I SurfaceFlinger: [Surface(name=2141cda InputMethod)/@0x5ea0b56 - animation-leash of insets_animation#156401] attach to parent LayerHierarchy{RequestedLayerState{WindowToken{4048e94 type=2011 android.os.Binder@219c2e7}#143 parentId=15} 2 children}
03-02 00:57:31.415  2746  2746 D SecVolume.VolumePanelStore: dispatch [ACTION_VOLUME_ICON_ANIMATION_FINISHED with [STATE_CAPTION_COMPONENT_CHANGED], currentAction={iconTargetState : 1, stream : 3, iconCurrentState : 1}, currentState={activeStream=3(vol=220), stream=3(vol=220) } isPendingState : true, isShowing : true, isHasVibrator : true, isVoiceCapable : true, isSetupWizardComplete : true, isCaptionComponentEnabled : true, isMediaDefaultEnabled : true, ringerModeInternal : 2, timeOutControlsText : 0, cutoutHeight : 0, iconTargetState : 1, pinDevice : 0, activeStream : 3, iconCurrentState : 1, timeOutControls : 0, timeOut : 3000, stream : 3, earProtectLevel : 909, systemTimeNow : 491130134}
03-02 00:57:31.415  2746  2746 D SecVolume.VolumePanelStore:   > New State : [STATE_SET_VOLUME_STATE]
03-02 00:57:31.416  2746  2746 D NavigationBar: onSystemBarAttributesChanged() -  displayId:0, appearance:0, packageName: com.podcast.app.debug, navbarColorManagedByIme:false
03-02 00:57:31.417  5235  5235 I HBD     : l writeToFile path : /data/user/0/com.samsung.android.honeyboard/files/selected.json
03-02 00:57:31.417  5235  5235 I HBD     : l writeToFile json : {"version":"4.2","currentLanguageOrder":0,"selected":[{"activeOptionList":["auto_replace","auto_spacing","writing_assistant","prediction"],"bilingualId":-1,"engName":"English","id":65538,"inputType":"qwerty","isUsed":true},{"activeOptionList":["auto_replace","auto_spacing","prediction"],"bilingualId":-1,"engName":"Arabic","id":5308416,"inputType":"qwerty","isUsed":true}]}
03-02 00:57:31.421  1445  2902 W C2MtkBufferManager: [0xB4000070F507E520] fetchNewCcBlock: wait fence 0x0xb4000070f5058270 timed out. ret 110
03-02 00:57:31.421  5235 18869 I HBD     : l writeToFile complete
03-02 00:57:31.422  5235  5235 I HBD     : l writeToFile complete
03-02 00:57:31.423  2746  2865 I VRI[debug]@a376db2: mWNT: t=0xb40000772adfca80 mBlastBufferQueue=0xb400007672274400 fn= 4 HdrRenderState mRenderHdrSdrRatio=1.0 caller= android.view.SyncRtSurfaceTransactionApplier.applyTransaction:100 android.view.SyncRtSurfaceTransactionApplier.lambda$scheduleApply$0:73 android.view.SyncRtSurfaceTransactionApplier.$r8$lambda$afI4fXg3U3-nBZQEDQMiNy-B06s:0
03-02 00:57:31.423  5235 18870 I HBD     : l Write selected lang for DE
03-02 00:57:31.423  5235 18870 I HBD     : l writeToFile path : /data/user_de/0/com.samsung.android.honeyboard/files/selected.json
03-02 00:57:31.423  5235 18870 I HBD     : l writeToFile json : {"version":"4.2","currentLanguageOrder":0,"selected":[{"activeOptionList":["auto_replace","auto_spacing","writing_assistant","prediction"],"bilingualId":-1,"engName":"English","id":65538,"inputType":"qwerty","isUsed":true},{"activeOptionList":["auto_replace","auto_spacing","prediction"],"bilingualId":-1,"engName":"Arabic","id":5308416,"inputType":"qwerty","isUsed":true}]}
03-02 00:57:31.424  5235  5235 I HBD     : m normal : updateLanguage : English
03-02 00:57:31.426  1507  1507 I SurfaceFlinger: RequestedLayer [Surface(name=2141cda InputMethod)/@0[...]ion-leash of insets_animation#156401] hidden!! flag  from(1) --> to(0)
03-02 00:57:31.426  1507  1507 E SurfaceFlinger: alpha changed 1.000 -> 0.000 - Surface(name=2141cda InputMethod)/@0x5ea0b56 - animation-leash of insets_animation#156401
03-02 00:57:31.426  1507  1507 I SurfaceFlinger: [LayerHierarchy{RequestedLayerState{ImeContainer#15 parentId=156387 relativeParentId=156387 z=3} 1 children}] reparent to LayerHierarchy{RequestedLayerState{ActivityRecord{100054639 u0 com.podcast.app.debug/androidx.activity.ComponentActivity t44886}#156387 parentId=156386} 5 children}
03-02 00:57:31.426  1507  1507 I SurfaceFlinger: [LayerHierarchy{RequestedLayerState{ImeContainer#15 parentId=156387 relativeParentId=156387 z=3} 1 children}] RelativeParent to null
03-02 00:57:31.426  1507  1507 I SurfaceFlinger: [LayerHierarchy{RequestedLayerState{2141cda InputMethod#159 parentId=156401} no children}] reparent to LayerHierarchy{RequestedLayerState{Surface(name=2141cda InputMethod)/@0x5ea0b56 - animation-leash of insets_animation#156401 parentId=143} 1 children}
03-02 00:57:31.426  1507  1507 I SurfaceFlinger: [LayerHierarchy{RequestedLayerState{Surface(name=2141cda InputMethod)/@0x5ea0b56 - animation-leash of insets_animation#156383} no children}] reparent to OffscreenRoot
03-02 00:57:31.426  1507  1507 I SurfaceFlinger: [LayerHierarchy{RequestedLayerState{Surface(name=2141cda InputMethod)/@0x5ea0b56 - animation-leash of insets_animation#156383} no children}] RelativeParent to null
03-02 00:57:31.426  1507  1507 I SurfaceFlinger: [LayerHierarchy{RequestedLayerState{67c9bdc com.podcast.app.debug/androidx.activity.ComponentActivity#156391 parentId=156400} 1 children}] reparent to LayerHierarchy{RequestedLayerState{Surface(name=67c9bdc com.podcast.app.debug/androidx.activity.ComponentActivity)/@0x6119c28 - animation-leash of starting_reveal#156400 parentId=156387} 1 children}
03-02 00:57:31.426  5235  5235 I HBD     : g isCoverDisplay : false, cached selected json info : SelectedLanguageInfo(languageVersion=4.2, currentLanguageOrder=0, selectedLanguageList=[SelectedLanguage(id=65538, isUsed=true, engName=English, inputType=qwerty, activeOptionList=[auto_replace, auto_spacing, writing_assistant, prediction], bilingualId=-1), SelectedLanguage(id=5308416, isUsed=true, engName=Arabic, inputType=qwerty, activeOptionList=[auto_replace, auto_spacing, prediction], bilingualId=-1)])
03-02 00:57:31.427  5235  5235 I HBD     : g isCoverDisplay : false, cached selected json info : SelectedLanguageInfo(languageVersion=4.2, currentLanguageOrder=0, selectedLanguageList=[SelectedLanguage(id=65538, isUsed=true, engName=English, inputType=qwerty, activeOptionList=[auto_replace, auto_spacing, writing_assistant, prediction], bilingualId=-1), SelectedLanguage(id=5308416, isUsed=true, engName=Arabic, inputType=qwerty, activeOptionList=[auto_replace, auto_spacing, prediction], bilingualId=-1)])
03-02 00:57:31.427  5235  5235 I HBD     : n updateActionOptionFromPreference isCover = false
03-02 00:57:31.427  5235  5235 I HBD     : n before lang.activeOptionList =  [auto_replace, auto_spacing, writing_assistant, prediction]
03-02 00:57:31.428  5235  5235 I HBD     : n after lang.activeOptionList = [auto_replace, auto_spacing, writing_assistant, prediction]
03-02 00:57:31.428  2013  2253 W system_server: Large reply transaction of 325152 bytes, interface descriptor android.app.IActivityTaskManager, code 26
03-02 00:57:31.430  5235  5235 I HBD     : l writeToFile path : /data/user/0/com.samsung.android.honeyboard/files/selected.json
03-02 00:57:31.430  5235  5235 I HBD     : l writeToFile json : {"version":"4.2","currentLanguageOrder":0,"selected":[{"activeOptionList":["auto_replace","auto_spacing","writing_assistant","prediction"],"bilingualId":-1,"engName":"English","id":65538,"inputType":"qwerty","isUsed":true},{"activeOptionList":["auto_replace","auto_spacing","prediction"],"bilingualId":-1,"engName":"Arabic","id":5308416,"inputType":"qwerty","isUsed":true}]}
03-02 00:57:31.431  5235 18870 I HBD     : l writeToFile complete
03-02 00:57:31.432  1507  1562 I SurfaceFlinger: onHandleDestroyed: layerId=156383, name=Surface(name=2141cda InputMethod)/@0x5ea0b56 - animation-leash of insets_animation#156383
03-02 00:57:31.432  1507  1562 I SurfaceFlinger: id=156383 Removed Surface(name=2141cda InputMethod)/@0x5ea0b56 - animation-leash of insets_animation#156383 (334)
03-02 00:57:31.435  5235  5235 I HBD     : l writeToFile complete
03-02 00:57:31.436  5235 18871 I HBD     : l Write selected lang for DE
03-02 00:57:31.436  5235 18871 I HBD     : l writeToFile path : /data/user_de/0/com.samsung.android.honeyboard/files/selected.json
03-02 00:57:31.436  5235 18871 I HBD     : l writeToFile json : {"version":"4.2","currentLanguageOrder":0,"selected":[{"activeOptionList":["auto_replace","auto_spacing","writing_assistant","prediction"],"bilingualId":-1,"engName":"English","id":65538,"inputType":"qwerty","isUsed":true},{"activeOptionList":["auto_replace","auto_spacing","prediction"],"bilingualId":-1,"engName":"Arabic","id":5308416,"inputType":"qwerty","isUsed":true}]}
03-02 00:57:31.436  5235  5235 I HBD     : m normal : updateLanguage : English
03-02 00:57:31.437  5235  5235 I HBD     : g isCoverDisplay : false, cached selected json info : SelectedLanguageInfo(languageVersion=4.2, currentLanguageOrder=0, selectedLanguageList=[SelectedLanguage(id=65538, isUsed=true, engName=English, inputType=qwerty, activeOptionList=[auto_replace, auto_spacing, writing_assistant, prediction], bilingualId=-1), SelectedLanguage(id=5308416, isUsed=true, engName=Arabic, inputType=qwerty, activeOptionList=[auto_replace, auto_spacing, prediction], bilingualId=-1)])
03-02 00:57:31.437  5235  5235 I HBD     : g isCoverDisplay : false, cached selected json info : SelectedLanguageInfo(languageVersion=4.2, currentLanguageOrder=0, selectedLanguageList=[SelectedLanguage(id=65538, isUsed=true, engName=English, inputType=qwerty, activeOptionList=[auto_replace, auto_spacing, writing_assistant, prediction], bilingualId=-1), SelectedLanguage(id=5308416, isUsed=true, engName=Arabic, inputType=qwerty, activeOptionList=[auto_replace, auto_spacing, prediction], bilingualId=-1)])
03-02 00:57:31.437  5235  5235 I HBD     : g updateSelectedLanguageCache is succeeded. English
03-02 00:57:31.437  5235  5235 I HBD     : l writeToFile path : /data/user/0/com.samsung.android.honeyboard/files/selected.json
03-02 00:57:31.437  5235  5235 I HBD     : l writeToFile json : {"version":"4.2","currentLanguageOrder":0,"selected":[{"activeOptionList":["auto_replace","auto_spacing","writing_assistant","prediction"],"bilingualId":-1,"engName":"English","id":65538,"inputType":"qwerty","isUsed":true},{"activeOptionList":["auto_replace","auto_spacing","prediction"],"bilingualId":-1,"engName":"Arabic","id":5308416,"inputType":"qwerty","isUsed":true}]}
03-02 00:57:31.439  1507  1507 I SurfaceFlinger: destroyed Surface(name=2141cda InputMethod)/@0x5ea0b56 - animation-leash of insets_animation#156383
03-02 00:57:31.441 14885 16784 D Native  : [TTNativeML] NativeMLTaskRunner 2.3-2.4 code：BuildInputs: CostTime 0.22 ms
03-02 00:57:31.441 14885 16784 D Native  : [TTNativeML] NativeMLTaskRunner 3-4 code：AdapterSetInputs: cost time 0.10 ms
03-02 00:57:31.442 14885 16784 D Native  : [TTNativeML] NativeMLTaskRunner 4-5 code：AdapterInference: cost time 0.62 ms
03-02 00:57:31.443  1507  1507 I Layer   : id=156383 Destroyed Surface(name=2141cda InputMethod)/@0x5ea0b56 - animation-leash of insets_animation#156383
03-02 00:57:31.444  2746  2866 I VRI[debug]@a376db2: mWNT: t=0xb40000772adfd380 mBlastBufferQueue=0xb400007672274400 fn= 5 HdrRenderState mRenderHdrSdrRatio=1.0 caller= android.view.SyncRtSurfaceTransactionApplier.applyTransaction:100 android.view.SyncRtSurfaceTransactionApplier.lambda$scheduleApply$0:73 android.view.SyncRtSurfaceTransactionApplier.$r8$lambda$afI4fXg3U3-nBZQEDQMiNy-B06s:0
03-02 00:57:31.445  5235 18871 I HBD     : l writeToFile complete
03-02 00:57:31.445  5235  5235 I HBD     : l writeToFile complete
03-02 00:57:31.447  5235 18872 I HBD     : l Write selected lang for DE
03-02 00:57:31.447  5235 18872 I HBD     : l writeToFile path : /data/user_de/0/com.samsung.android.honeyboard/files/selected.json
03-02 00:57:31.448  5235 18872 I HBD     : l writeToFile json : {"version":"4.2","currentLanguageOrder":0,"selected":[{"activeOptionList":["auto_replace","auto_spacing","writing_assistant","prediction"],"bilingualId":-1,"engName":"English","id":65538,"inputType":"qwerty","isUsed":true},{"activeOptionList":["auto_replace","auto_spacing","prediction"],"bilingualId":-1,"engName":"Arabic","id":5308416,"inputType":"qwerty","isUsed":true}]}
03-02 00:57:31.448  5235  5235 I HBD     : g isCoverDisplay : false, cached selected json info : SelectedLanguageInfo(languageVersion=4.2, currentLanguageOrder=0, selectedLanguageList=[SelectedLanguage(id=65538, isUsed=true, engName=English, inputType=qwerty, activeOptionList=[auto_replace, auto_spacing, writing_assistant, prediction], bilingualId=-1), SelectedLanguage(id=5308416, isUsed=true, engName=Arabic, inputType=qwerty, activeOptionList=[auto_replace, auto_spacing, prediction], bilingualId=-1)])
03-02 00:57:31.448  5235  5235 I HBD     : g updateSelectedLanguageCache is succeeded. English
03-02 00:57:31.450  5235  5235 I HBD     : l writeToFile path : /data/user/0/com.samsung.android.honeyboard/files/selected.json
03-02 00:57:31.450  5235  5235 I HBD     : l writeToFile json : {"version":"4.2","currentLanguageOrder":0,"selected":[{"activeOptionList":["auto_replace","auto_spacing","writing_assistant","prediction"],"bilingualId":-1,"engName":"English","id":65538,"inputType":"qwerty","isUsed":true},{"activeOptionList":["auto_replace","auto_spacing","prediction"],"bilingualId":-1,"engName":"Arabic","id":5308416,"inputType":"qwerty","isUsed":true}]}
03-02 00:57:31.452  5235  5235 I HBD     : l writeToFile complete
03-02 00:57:31.452  2013  3345 D SecContentProvider: query(), uri = 17 selection = isSettingsChangesAllowed
03-02 00:57:31.452  5235 18872 I HBD     : l writeToFile complete
03-02 00:57:31.452  5235  5235 I HBD     : a [UpdatePolicy] [post] a: 31 cl: 65538 kit: [0/0] vt: 0 ir: 1
03-02 00:57:31.453  2013  3345 D SecContentProvider: query(), uri = 17 selection = isSettingsChangesAllowed
03-02 00:57:31.454  5235  5235 I HBD     : HoneyBoardService [PF_OP][onStartInput]  58 ms
03-02 00:57:31.454  5235  5235 I InputMethodService: scheduleImeSurfaceRemoval: removeImeSurface is posted.
03-02 00:57:31.454  2013  3345 D SecContentProvider: query(), uri = 17 selection = isSettingsChangesAllowed
03-02 00:57:31.454  5235 18674 I HBD     : u updated Sub Types. English
03-02 00:57:31.457  2013  3345 D SecContentProvider: query(), uri = 17 selection = isSettingsChangesAllowed
03-02 00:57:31.459  5235 18875 I HBD     : b InputMethodSubtype is set as local:en_GB
03-02 00:57:31.459  5235 12846 I HBD     : u updated Sub Types. English
03-02 00:57:31.460  5235 18873 I HBD     : l Write selected lang for DE
03-02 00:57:31.460  5235 18873 I HBD     : l writeToFile path : /data/user_de/0/com.samsung.android.honeyboard/files/selected.json
03-02 00:57:31.460  5235 18873 I HBD     : l writeToFile json : {"version":"4.2","currentLanguageOrder":0,"selected":[{"activeOptionList":["auto_replace","auto_spacing","writing_assistant","prediction"],"bilingualId":-1,"engName":"English","id":65538,"inputType":"qwerty","isUsed":true},{"activeOptionList":["auto_replace","auto_spacing","prediction"],"bilingualId":-1,"engName":"Arabic","id":5308416,"inputType":"qwerty","isUsed":true}]}
03-02 00:57:31.461  1646 17197 I CameraService: onUidStateChanged: uid=10062, procState is changed. (1 -> 0)
03-02 00:57:31.467  5235 18876 I HBD     : b InputMethodSubtype is set as local:en_GB
03-02 00:57:31.470  2746  2746 D SystemUIService: SYSUI_RAM_OPTIMIZATION onTrimMemory=20
03-02 00:57:31.470  2746  2746 D CentralSurfaces: SYSUI_RAM_OPTIMIZATION onTrimMemory=20
03-02 00:57:31.471  5235 18873 I HBD     : l writeToFile complete
03-02 00:57:31.473  2013  2834 I WindowManager: Relayout Window{9ffea6b u0 Splash Screen com.podcast.app.debug}: viewVisibility=8 req=1080x2340 ty=3 d0
03-02 00:57:31.474  2991  3778 D SatelliteController: isInCarrierRoamingNbIotNtn: satellite is disabled
03-02 00:57:31.475  2013  2834 I WindowManager: Relayout hash=9ffea6b, pid=2746, syncId=-1: mAttrs={(0,0)(fillxfill) sim={adjust=pan} layoutInDisplayCutoutMode=always ty=APPLICATION_STARTING fmt=TRANSLUCENT wanim=0x1030317
03-02 00:57:31.475  2013  2834 I WindowManager:   fl=81030118
03-02 00:57:31.475  2013  2834 I WindowManager:   pfl=10000810
03-02 00:57:31.475  2013  2834 I WindowManager:   bhv=1
03-02 00:57:31.475  2013  2834 I WindowManager:   fitSides=0
03-02 00:57:31.475  2013  2834 I WindowManager:   frameRateBoostOnTouch=true
03-02 00:57:31.475  2013  2834 I WindowManager:   dvrrWindowFrameRateHint=true naviIconColor=0}
03-02 00:57:31.476  2746  2870 D HWUI    : CacheManager::trimMemory(20)
03-02 00:57:31.476  2746  2808 I VRI[debug]@a376db2: onActiveControlsChanged, removed=false, mAdded=true, caller=android.view.ViewRootImpl.handleInsetsControlChanged:3002 android.view.ViewRootImpl.relayoutWindow:11629 android.view.ViewRootImpl.performTraversals:4804 android.view.ViewRootImpl.doTraversal:3924 android.view.ViewRootImpl$TraversalRunnable.run:12903
03-02 00:57:31.477  2746  2808 I BLASTBufferQueue: [VRI[debug]@a376db2#7721](f:0,a:1,s:0) destructor()
03-02 00:57:31.477  2746  2808 D BufferQueueConsumer: [VRI[debug]@a376db2#7721(BLAST Consumer)7721](id:aba00001e29,api:0,p:-1,c:2746) disconnect
03-02 00:57:31.477  2746  2808 I VRI[debug]@a376db2: Relayout returned: old=(0,0,1080,2340) new=(0,0,1080,2340) relayoutAsync=false req=(1080,2340)8 dur=4 res=0x2 s={false 0x0} ch=true seqId=0
03-02 00:57:31.477  2746  2808 D VRI[debug]@a376db2: Not drawing due to not visible. Reason=View.GONE
03-02 00:57:31.478  2746  2808 W WindowOnBackDispatcher: sendCancelIfRunning: isInProgress=false callback=android.view.ViewRootImpl$$ExternalSyntheticLambda16@3484cac
03-02 00:57:31.478  2746  2808 I VRI[debug]@a376db2: dispatchDetachedFromWindow
03-02 00:57:31.480  2013  3345 D InputTransport: Input channel destroyed: '9ffea6b', fd=1083
03-02 00:57:31.481  2991  3778 D SatelliteController: isInCarrierRoamingNbIotNtn: satellite is disabled
03-02 00:57:31.483  2991  3757 I LocationAccessPolicy: checkLocationPermission - callingUid: 10492, callingPid: 14636, result: DENIED_SOFT
03-02 00:57:31.483  2991  3757 I LocationAccessPolicy: checkLocationPermission - callingUid: 10492, callingPid: 14636, result: DENIED_SOFT
03-02 00:57:31.484  3438  3438 I EPDG -- SIM1 [SMARTCELLULAR]: onSignalStrengthsChanged: SignalStrength:{mCdma=Invalid,mGsm=Invalid,mWcdma=Invalid,mTdscdma=Invalid,mLte=CellSignalStrengthLte: rssi=-103 rsrp=-102 rsrq=-14 rssnr=1 cqiTableIndex=2147483647 cqi=2147483647 ta=2147483647 level=3 parametersUseForLevel=0,mNr=Invalid,SignalBarInfo{ lteLevel=2 },rat=14,primary=CellSignalStrengthLte}
03-02 00:57:31.487  3438  4448 I EPDG -- SIM1 [SMARTCELLULAR]: lastLteRSRP is -102 currentLteRSRP is -102 lastLteRSRQ is -14 currentLteRSRQ is -14 lastLteSNR is 1 currentLteSNR is 1
03-02 00:57:31.488  2746  2808 D InputTransport: Input channel destroyed: '9ffea6b', fd=713
03-02 00:57:31.493  3438  3438 I EPDG -- SIM1 [SMARTCELLULAR]: onSignalStrengthsChanged: SignalStrength:{mCdma=Invalid,mGsm=Invalid,mWcdma=Invalid,mTdscdma=Invalid,mLte=CellSignalStrengthLte: rssi=-103 rsrp=-102 rsrq=-13 rssnr=1 cqiTableIndex=2147483647 cqi=2147483647 ta=2147483647 level=3 parametersUseForLevel=0,mNr=Invalid,SignalBarInfo{ lteLevel=2 },rat=14,primary=CellSignalStrengthLte}
03-02 00:57:31.495  1445  2902 W C2MtkBufferManager: [0xB4000070F507E520] fetchNewCcBlock: wait fence 0x0xb4000070f5058270 timed out. ret 110
03-02 00:57:31.493  3438  4448 I EPDG -- SIM1 [SMARTCELLULAR]: lastLteRSRP is -102 currentLteRSRP is -102 lastLteRSRQ is -14 currentLteRSRQ is -13 lastLteSNR is 1 currentLteSNR is 1
03-02 00:57:31.498  1507  1507 I SurfaceFlinger: RequestedLayer [Splash Screen com.podcast.app.debug$_2746#156396] hidden!! flag  from(0) --> to(1)
03-02 00:57:31.498  2991  3810 I LocationAccessPolicy: checkLocationPermission - callingUid: 10492, callingPid: 14636, result: DENIED_SOFT
03-02 00:57:31.499  1507  1507 I SurfaceFlinger: [LayerHierarchy{RequestedLayerState{67c9bdc com.podcast.app.debug/androidx.activity.ComponentActivity#156391 parentId=156387} 1 children}] reparent to LayerHierarchy{RequestedLayerState{ActivityRecord{100054639 u0 com.podcast.app.debug/androidx.activity.ComponentActivity t44886}#156387 parentId=156386} 5 children}
03-02 00:57:31.499  2991  3810 I LocationAccessPolicy: checkLocationPermission - callingUid: 10492, callingPid: 14636, result: DENIED_SOFT
03-02 00:57:31.499  1507  1507 I SurfaceFlinger: [LayerHierarchy{RequestedLayerState{Surface(name=67c9bdc com.podcast.app.debug/androidx.activity.ComponentActivity)/@0x6119c28 - animation-leash of starting_reveal#156400} no children}] reparent to OffscreenRoot
03-02 00:57:31.499  1507  1507 I SurfaceFlinger: [LayerHierarchy{RequestedLayerState{Surface(name=67c9bdc com.podcast.app.debug/androidx.activity.ComponentActivity)/@0x6119c28 - animation-leash of starting_reveal#156400} no children}] RelativeParent to null
03-02 00:57:31.505  2746  2845 D MobileSignalTransitionManager: updateSignalTransition
03-02 00:57:31.508  2991  3810 I LocationAccessPolicy: checkLocationPermission - callingUid: 10492, callingPid: 14636, result: DENIED_SOFT
03-02 00:57:31.511  1507  1507 D SurfaceFlinger: Display 4627039422300187648 HWC layers:
03-02 00:57:31.511  1507  1507 D SurfaceFlinger:   SOLID_COLOR |                        0 | 00000002 | N/A          |    0.0    0.0    0.0    0.0 |    0    0   -1   -1 | Background for 68eb87 SurfaceView[co[...]weme.splash.SplashActivity]@0#156372 (0)
03-02 00:57:31.511  1507  1507 D SurfaceFlinger:        CLIENT |                        0 | 00000002 | N/A          |    0.0    0.0    0.0    0.0 |    0   80  827 2000 | Background for 7086fb SurfaceView[co[...]weme.splash.SplashActivity]@0#156375 (0)
03-02 00:57:31.511  1507  1507 D SurfaceFlinger:   SOLID_COLOR |                        0 | 00000002 | N/A          |    0.0    0.0    0.0    0.0 |    0    0   -1   -1 | Background for 836459b SurfaceView[c[...]weme.splash.SplashActivity]@0#156378 (0)
03-02 00:57:31.511  1507  1507 D SurfaceFlinger:        CLIENT |           63930588202197 | 00002100 | RGBA_8888    |  253.0    0.0 1080.0 2340.0 |    0    0 1080 2340 | com.zhiliaoapp.musically/com.ss.andr[...].splash.SplashActivity$_14885#156366 (7)
03-02 00:57:31.511  1507  1507 D SurfaceFlinger:   SOLID_COLOR |                        0 | 00000000 | N/A          |    0.0    0.0    0.0    0.0 |    0    0 1080 2340 | DimTransitionLayer for Surface(name=Task=44886)/@0
03-02 00:57:31.511  1507  1507 D SurfaceFlinger: xf6d50f3#156399 (0)
03-02 00:57:31.511  1507  1507 D SurfaceFlinger:        DEVICE |           73534135074913 | 00002102 | RGBA_8888    |    0.0    0.0  811.0 2340.0 |  269    0 1080 2340 | com.podcast.app.debug/androidx.activity.ComponentActivity$_17121#156393 (1)
03-02 00:57:31.511  1507  1507 D SurfaceFlinger:        DEVICE |           11793980281879 | 00002100 | RGBA_8888    |    0.0    0.0 1080.0   80.0 |    0    0 1080   80 | StatusBar$_2746#117 (211113)
03-02 00:57:31.511  1507  1507 D SurfaceFlinger:        DEVICE |           13752485304097 | 00002100 | RGBA_8888    |    0.0    0.0   67.0  346.0 | 1013  454 1080  800 | com.sec.android.app.launcher/com.sam[...].app.CocktailBarService$_3202#152779 (1)
03-02 00:57:31.511  1507  1507 D SurfaceFlinger:        DEVICE |           11793980283646 | 00002100 | RGBA_8888    |    0.0    0.0  229.0  724.0 |  851  551 1080 1275 | VolumePanelWindow$_2746#156390 (16)
03-02 00:57:31.511  1507  1507 D SurfaceFlinger:        DEVICE |           11793980281853 | 00002100 | RGBA_8888    |    0.0    0.0 1080.0  135.0 |    0 2205 1080 2340 | NavigationBar0$_2746#113 (188021)
03-02 00:57:31.511  1507  1507 D SurfaceFlinger:
03-02 00:57:31.514  5235 28894 I HBD     : a [SKE_SPECIFIC] specific model[com.podcast.app.debug] loaded, 59838154 ns
03-02 00:57:31.517  2991  3810 I LocationAccessPolicy: checkLocationPermission - callingUid: 10492, callingPid: 14636, result: DENIED_SOFT
03-02 00:57:31.518  2991  3810 I LocationAccessPolicy: checkLocationPermission - callingUid: 10492, callingPid: 14636, result: DENIED_SOFT
03-02 00:57:31.525  2991  3810 I LocationAccessPolicy: checkLocationPermission - callingUid: 10492, callingPid: 14636, result: DENIED_SOFT
03-02 00:57:31.525  2991  3810 I LocationAccessPolicy: checkLocationPermission - callingUid: 10492, callingPid: 14636, result: DENIED_SOFT
03-02 00:57:31.525  1484 24378 D AudioFlinger: setParameters: filtered dev setParameters keyvalue audioHDR=0
03-02 00:57:31.525  1509  1509 D Audio_ParameterParser: parseVendorParameters: scope: MODULE, keys/values: audioHDR=0
03-02 00:57:31.526  1507  1507 I BufferQueueProducer: [StatusBar$_2746#117](this:0xb400007a1be07638,id:-1,api:0,p:-1,c:1507) queueBuffer: fps=5.81 dur=2408.63 max=2253.29 min=10.57
03-02 00:57:31.526  1439 16890 D AudioALSAHardware: +setParameters(): audioHDR=0
03-02 00:57:31.526  1439 16890 D AudioALSAHardware: -setParameters(): audioHDR=0
03-02 00:57:31.526  1439 16890 E AHAL_Module: setVendorParameters: default: unrecognized parameter "audioHDR=0"
03-02 00:57:31.526  1484 24378 E ConversionHelperAidl: Function: parseAndSetVendorParameters Line: 94 Failed
03-02 00:57:31.526  1509  1509 D Audio_ParameterParser: parseVendorParameters: scope: MODULE, keys/values: audioHDR=0
03-02 00:57:31.527  1509  1509 D Audio_ParameterParser: parseVendorParameters: scope: MODULE, keys/values: audioHDR=0
03-02 00:57:31.527  1439 16890 D AHAL_ModuleBluetooth: setVendorParameters unrecognized parameter: audioHDR=0
03-02 00:57:31.531  1444  1444 I hwcomposer: [HWCDisplay] (0 updateFps():4131), (type:1, mode:2) fps:85.623604,dur:1004.40,max:25.36,min:6.65
03-02 00:57:31.532  2991  3810 I LocationAccessPolicy: checkLocationPermission - callingUid: 10492, callingPid: 14636, result: DENIED_SOFT
03-02 00:57:31.551 12859 12960 I SGPController: onForegroundAppChanged() update=false, cn=ComponentInfo{com.podcast.app.debug/androidx.activity.ComponentActivity}, r=SkRegion((0,0,198,2340)(882,0,1080,2340))
03-02 00:57:31.552  3202  3202 I HoneySpace.EdgePanel.EdgeVisibilityRepository: getComputedTrayVisible : keyguardState = 1
03-02 00:57:31.552  3202  3202 I HoneySpace.EdgePanel.EdgeVisibilityRepository: updateTrayVisible: State = 0x1, visible = true, current containerState = 0, specificMode = 0
03-02 00:57:31.552  3202  3202 I HoneySpace.EdgePanel.EdgeVisibilityRepository: Same container state 0
03-02 00:57:31.568  1445  2902 W C2MtkBufferManager: [0xB4000070F507E520] fetchNewCcBlock: wait fence 0x0xb4000070f5058270 timed out. ret 110
03-02 00:57:31.576  1507  1825 I SurfaceFlinger: Capture layer list: 	 com.zhiliaoapp.musically/com.ss.android.ugc.aweme.splash.SplashActivity$_14885#156366(seamlessTransition:0)
03-02 00:57:31.576  1507  1825 I SurfaceFlinger: Capture layer list: 	 DimTransitionLayer for Surface(name=Task=44886)/@0xf6d50f3#156399(seamlessTransition:0)
03-02 00:57:31.576  1507  1825 I SurfaceFlinger: Capture layer list: 	 com.podcast.app.debug/androidx.activity.ComponentActivity$_17121#156393(seamlessTransition:0)
03-02 00:57:31.583  2991  3778 D SatelliteController: isInCarrierRoamingNbIotNtn: satellite is disabled
03-02 00:57:31.586  3438  3438 I EPDG -- SIM0 [SMARTCELLULAR]: onSignalStrengthsChanged: SignalStrength:{mCdma=Invalid,mGsm=Invalid,mWcdma=Invalid,mTdscdma=Invalid,mLte=CellSignalStrengthLte: rssi=-109 rsrp=-108 rsrq=-10 rssnr=5 cqiTableIndex=2147483647 cqi=2147483647 ta=2147483647 level=3 parametersUseForLevel=0,mNr=Invalid,SignalBarInfo{ lteLevel=2 },rat=14,primary=CellSignalStrengthLte}
03-02 00:57:31.587  3438  4395 I EPDG -- SIM0 [SMARTCELLULAR]: lastLteRSRP is -107 currentLteRSRP is -108 lastLteRSRQ is -10 currentLteRSRQ is -10 lastLteSNR is 5 currentLteSNR is 5
03-02 00:57:31.589  2991  3003 I LocationAccessPolicy: checkLocationPermission - callingUid: 10492, callingPid: 14636, result: DENIED_SOFT
03-02 00:57:31.589  2991  3003 I LocationAccessPolicy: checkLocationPermission - callingUid: 10492, callingPid: 14636, result: DENIED_SOFT
03-02 00:57:31.591  1450 18867 I mtkpower_client: perf_lock_rel, hdl:76657, pid: 1450, tid:18867
03-02 00:57:31.592  1450 18867 I mtkpower_client: perf_lock_acq, hdl:0, dur:0, num:2, pid:1450, tid:18867
03-02 00:57:31.592  1464  1529 I libPowerHal: [perfLockRel] hdl:76657, idx:3
03-02 00:57:31.593  1464  1529 I libPowerHal: [set_cpuidle] enable:1, fd:17, scn:0xb40000737b60a5e8
03-02 00:57:31.593  1464  1529 I libPowerHal: [PD] vendor.samsung. update cmd:1c3c100 param:1 pr:6
03-02 00:57:31.593  1464  1529 I libPowerHal: [perfLockRel] Done for hdl : 76657
03-02 00:57:31.594  1450 18867 I mtkpower_client: ret_hdl:76661
03-02 00:57:31.594  1450 18867 I mtkpower_client: perf_lock_rel, hdl:76659, pid: 1450, tid:18867
03-02 00:57:31.594  1464  1529 I libPowerHal: [perfLockAcq] idx:8 hdl:76661 hint:-1 pid:1450 tid:18867 duration:0 lock_user:vendor.samsung. => ret_hdl:76661
03-02 00:57:31.594  1464  1529 I libPowerHal: [set_cpuidle] enable:0, fd:17, scn:0xb40000737b61a740
03-02 00:57:31.594  1464  1529 I libPowerHal: [get_cpu_dma_latency_value] 0
03-02 00:57:31.595  1464  1529 I libPowerHal: [PE] vendor.samsung. update cmd:1c3c100 param:0 pr:3
03-02 00:57:31.595  1464  1529 I libPowerHal: [perfLockAcq] Done for hdl : 76661
03-02 00:57:31.596  1450 18867 I mtkpower_client: perf_lock_acq, hdl:0, dur:0, num:2, pid:1450, tid:18867
03-02 00:57:31.596  1464  1529 I libPowerHal: [perfLockRel] hdl:76659, idx:2
03-02 00:57:31.596  1464  1529 I libPowerHal: [PD] vendor.samsung. update cmd:1000000 param:-1 pr:6
03-02 00:57:31.597  1464  1529 I libPowerHal: [perfLockRel] Done for hdl : 76659
03-02 00:57:31.597  2991  3003 I LocationAccessPolicy: checkLocationPermission - callingUid: 10492, callingPid: 14636, result: DENIED_SOFT
03-02 00:57:31.597  2991  3003 I LocationAccessPolicy: checkLocationPermission - callingUid: 10492, callingPid: 14636, result: DENIED_SOFT
03-02 00:57:31.597  1450 18867 I mtkpower_client: ret_hdl:76662
03-02 00:57:31.597  1464  1529 I libPowerHal: [perfLockAcq] idx:3 hdl:76662 hint:-1 pid:1450 tid:18867 duration:0 lock_user:vendor.samsung. => ret_hdl:76662
03-02 00:57:31.597  1464  1529 I libPowerHal: [setDvfsrcDevFreqOpp] opp:0, freq:4266000000
03-02 00:57:31.597  1464  1529 I libPowerHal: [PE] vendor.samsung. update cmd:1000000 param:0 pr:3
03-02 00:57:31.597  1464  1529 I libPowerHal: [perfLockAcq] Done for hdl : 76662
03-02 00:57:31.597  1450 18867 I HYPER-HAL: [RequestManager.cpp]releaseLocked(): Released ID : 2063514
03-02 00:57:31.601  1445  2902 D C2MtkBufferManager: over 5000ms not request from VCodec but callback hooked, slow BM Cc fetch thread. Last get time was 90615012ms ago.
03-02 00:57:31.604  2991  3757 I LocationAccessPolicy: checkLocationPermission - callingUid: 10492, callingPid: 14636, result: DENIED_SOFT
03-02 00:57:31.641  1445  2902 W C2MtkBufferManager: [0xB4000070F507E520] fetchNewCcBlock: wait fence 0x0xb4000070f5058270 timed out. ret 110
03-02 00:57:31.642  1628  1637 E thermal_core: find_tz_idx_by_name:"Failed to find thermal zone index of ap_ntc\n"
03-02 00:57:31.642  1628  1637 E thermal_core: find_tz_idx_by_name:"Failed to find thermal zone index of mtk-master-charger\n"
03-02 00:57:31.651  1507  1507 I BufferQueueProducer: [FramebufferSurface](this:0xb400007a458f0370,id:-1,api:1,p:1507,c:1507) queueBuffer: fps=64.68 dur=1004.96 max=294.62 min=7.59
03-02 00:57:31.708  1507  1825 I SurfaceFlinger: Capture layer list: 	 com.zhiliaoapp.musically/com.ss.android.ugc.aweme.splash.SplashActivity$_14885#156366(seamlessTransition:0)
03-02 00:57:31.708  1507  1825 I SurfaceFlinger: Capture layer list: 	 DimTransitionLayer for Surface(name=Task=44886)/@0xf6d50f3#156399(seamlessTransition:0)
03-02 00:57:31.708  1507  1825 I SurfaceFlinger: Capture layer list: 	 com.podcast.app.debug/androidx.activity.ComponentActivity$_17121#156393(seamlessTransition:0)
03-02 00:57:31.714  1445  2902 W C2MtkBufferManager: [0xB4000070F507E520] fetchNewCcBlock: wait fence 0x0xb4000070f5058270 timed out. ret 110
03-02 00:57:31.787  1445  2902 W C2MtkBufferManager: [0xB4000070F507E520] fetchNewCcBlock: wait fence 0x0xb4000070f5058270 timed out. ret 110
03-02 00:57:31.819  1507  1825 I SurfaceFlinger: Capture layer list: 	 com.zhiliaoapp.musically/com.ss.android.ugc.aweme.splash.SplashActivity$_14885#156366(seamlessTransition:0)
03-02 00:57:31.819  1507  1825 I SurfaceFlinger: Capture layer list: 	 DimTransitionLayer for Surface(name=Task=44886)/@0xf6d50f3#156399(seamlessTransition:0)
03-02 00:57:31.819  1507  1825 I SurfaceFlinger: Capture layer list: 	 com.podcast.app.debug/androidx.activity.ComponentActivity$_17121#156393(seamlessTransition:0)
03-02 00:57:31.824  2746  2798 I SurfaceControlRegistry: apply, t=FinishTransaction_SyncId<11284>, caller=android.view.SurfaceControl$Transaction.apply:3459 android.view.SurfaceControl$Transaction.apply:3447 android.view.SurfaceControl$Transaction.apply:3397 com.android.wm.shell.transition.Transitions.onFinish:315 com.android.wm.shell.transition.Transitions$$ExternalSyntheticLambda7.onTransitionFinished:12 com.android.wm.shell.transition.DefaultTransitionHandler$$ExternalSyntheticLambda6.run:36
03-02 00:57:31.827 14885 14885 I VRI[SplashActivity]@35f4eb8: handleAppVisibility mAppVisible = true visible = false
03-02 00:57:31.827 14885 14885 D VRI[SplashActivity]@35f4eb8: visibilityChanged oldVisibility=true newVisibility=false
03-02 00:57:31.827  1464  1492 I mtkpower@impl: [setMode] type:6, enabled:0
03-02 00:57:31.827  1464  1492 E mtkpower@impl: [setMode] unknown type
03-02 00:57:31.829  1507  1507 D SurfaceFlinger: Display 4627039422300187648 HWC layers:
03-02 00:57:31.829  1507  1507 D SurfaceFlinger:   SOLID_COLOR |                        0 | 00000002 | N/A          |    0.0    0.0    0.0    0.0 |    0    0   -1   -1 | Background for 68eb87 SurfaceView[co[...]weme.splash.SplashActivity]@0#156372 (0)
03-02 00:57:31.829  1507  1507 D SurfaceFlinger:   SOLID_COLOR |                        0 | 00000002 | N/A          |    0.0    0.0    0.0    0.0 |    0    0   -1   -1 | Background for 7086fb SurfaceView[co[...]weme.splash.SplashActivity]@0#156375 (0)
03-02 00:57:31.829  1507  1507 D SurfaceFlinger:   SOLID_COLOR |                        0 | 00000002 | N/A          |    0.0    0.0    0.0    0.0 |    0    0   -1   -1 | Background for 836459b SurfaceView[c[...]weme.splash.SplashActivity]@0#156378 (0)
03-02 00:57:31.829  1507  1507 D SurfaceFlinger:        DEVICE |           63930588202197 | 00002100 | RGBA_8888    |    0.0    0.0    0.0    0.0 |    0    0   -1   -1 | com.zhiliaoapp.musically/com.ss.andr[...].splash.SplashActivity$_14885#156366 (7)
03-02 00:57:31.829  1507  1507 D SurfaceFlinger:   SOLID_COLOR |                        0 | 00000000 | N/A          |    0.0    0.0    0.0    0.0 |    0    0   -1   -1 | DimTransitionLayer for Surface(name=Task=44886)/@0
03-02 00:57:31.829  1507  1507 D SurfaceFlinger: xf6d50f3#156399 (0)
03-02 00:57:31.829  1507  1507 D SurfaceFlinger:        DEVICE |           73534135074913 | 00002102 | RGBA_8888    |    0.0    0.0 1080.0 2340.0 |    0    0 1080 2340 | com.podcast.app.debug/androidx.activity.ComponentActivity$_17121#156393 (1)
03-02 00:57:31.829  1507  1507 D SurfaceFlinger:        DEVICE |           11793980281878 | 00002100 | RGBA_8888    |    0.0    0.0 1080.0   80.0 |    0    0 1080   80 | StatusBar$_2746#117 (211114)
03-02 00:57:31.829  1507  1507 D SurfaceFlinger:        DEVICE |           13752485304097 | 00002100 | RGBA_8888    |    0.0    0.0   67.0  346.0 | 1013  454 1080  800 | com.sec.android.app.launcher/com.sam[...].app.CocktailBarService$_3202#152779 (1)
03-02 00:57:31.829  1507  1507 D SurfaceFlinger:        DEVICE |           11793980283645 | 00002100 | RGBA_8888    |    0.0    0.0  229.0  724.0 |  851  551 1080 1275 | VolumePanelWindow$_2746#156390 (45)
03-02 00:57:31.829  1507  1507 D SurfaceFlinger:        DEVICE |           11793980281853 | 00002100 | RGBA_8888    |    0.0    0.0 1080.0  135.0 |    0 2205 1080 2340 | NavigationBar0$_2746#113 (188021)
03-02 00:57:31.829  1507  1507 D SurfaceFlinger:
03-02 00:57:31.834 14885 14885 I SV[6876039 SplashActivity]: onWindowVisibilityChanged(8) false X.0fk7{68eb87 V.E...... ........ 0,80-1080,2000} of VRI[SplashActivity]@35f4eb8
03-02 00:57:31.835 14885 14885 I SurfaceView: 6876039 Changes: creating=false format=false size=false visible=true alpha=false hint=false left=false top=false z=false attached=true lifecycleStrategy=false
03-02 00:57:31.835  1507  1507 I SurfaceFlinger: RequestedLayer [Task=44543#147901] hidden!! flag  from(0) --> to(1)
03-02 00:57:31.835  1507  1507 I SurfaceFlinger: [Display 0 name="Built-in Screen"#49] setFrameRateCategory: Default
03-02 00:57:31.835 14885 14885 I SurfaceView: 6876039 Cur surface: Surface(name=null mNativeObject=499561854208)/@0x56b4ffd
03-02 00:57:31.835 14885 14885 I SurfaceView: 6876039 surfaceDestroyed
03-02 00:57:31.835  1507  1507 I SurfaceFlinger: [LayerHierarchy{RequestedLayerState{Task=44543#147901 parentId=10 z=40} 1 children}] reparent to LayerHierarchy{RequestedLayerState{DefaultTaskDisplayArea_d0#10 parentId=9} 45 children}
03-02 00:57:31.835  1507  1507 I SurfaceFlinger: [LayerHierarchy{RequestedLayerState{Task=44886#156386 parentId=10 z=41} 2 children}] reparent to LayerHierarchy{RequestedLayerState{DefaultTaskDisplayArea_d0#10 parentId=9} 46 children}
03-02 00:57:31.835  1507  1507 I SurfaceFlinger: [LayerHierarchy{RequestedLayerState{Transition Root: Task=44886#156397 z=41} 1 children}] reparent to OffscreenRoot
03-02 00:57:31.835 14885 14885 I SV[6876039 SplashActivity]: surfaceDestroyed callback.size 1 #2 X.0fk7{68eb87 V.E...... ........ 0,80-1080,2000}
03-02 00:57:31.835  1507  1507 I SurfaceFlinger: [LayerHierarchy{RequestedLayerState{Transition Root: Task=44886#156397 z=41} 1 children}] RelativeParent to null
03-02 00:57:31.835  1507  1507 I SurfaceFlinger: [LayerHierarchy{RequestedLayerState{DimTransitionLayer for Surface(name=Task=44886)/@0xf6d50f3#156399 z=-1} no children}] reparent to OffscreenRoot
03-02 00:57:31.835  1507  1507 I SurfaceFlinger: [LayerHierarchy{RequestedLayerState{DimTransitionLayer for Surface(name=Task=44886)/@0xf6d50f3#156399 z=-1} no children}] RelativeParent to null
03-02 00:57:31.835 14885 14885 I SV[6876039 SplashActivity]: updateSurface: mVisible = false mSurface.isValid() = true
03-02 00:57:31.835 14885 14885 I BLASTBufferQueue: [68eb87 SurfaceView[com.zhiliaoapp.musically/com.ss.android.ugc.aweme.splash.SplashActivity]@0#106](f:0,a:0,s:0) destructor()
03-02 00:57:31.835 14885 14885 D BufferQueueConsumer: [68eb87 SurfaceView[com.zhiliaoapp.musically/com.ss.android.ugc.aweme.splash.SplashActivity]@0#106(BLAST Consumer)106](id:3a250000006f,api:0,p:-1,c:14885) disconnect
03-02 00:57:31.835 14885 14885 I SV[6876039 SplashActivity]: releaseSurfaces: viewRoot = VRI[SplashActivity]@35f4eb8
03-02 00:57:31.836 14885 14885 V SurfaceView: Layout: x=4320 y=-2080 w=1080 h=1920, frame=Rect(0, 0 - 1080, 1920)
03-02 00:57:31.836 14885 14885 I SV[7374587 SplashActivity]: onWindowVisibilityChanged(8) false X.0fk7{7086fb V.E...... ........ 0,80-1080,2000} of VRI[SplashActivity]@35f4eb8
03-02 00:57:31.836 14885 14885 I SurfaceView: 7374587 Changes: creating=false format=false size=false visible=true alpha=false hint=false left=false top=false z=false attached=true lifecycleStrategy=false
03-02 00:57:31.836 14885 14885 I SurfaceView: 7374587 Cur surface: Surface(name=null mNativeObject=480494725632)/@0x5798c7e
03-02 00:57:31.836  2746  2746 D SystemUIService: SYSUI_RAM_OPTIMIZATION onTrimMemory=20
03-02 00:57:31.836  2746  2746 D CentralSurfaces: SYSUI_RAM_OPTIMIZATION onTrimMemory=20
03-02 00:57:31.836 14885 14885 I SurfaceView: 7374587 surfaceDestroyed
03-02 00:57:31.836 14885 14885 I SV[7374587 SplashActivity]: surfaceDestroyed callback.size 2 #2 X.0fk7{7086fb V.E...... ........ 0,80-1080,2000}
03-02 00:57:31.838  1646 17197 I CameraService: onUidStateChanged: uid=10235, procState is changed. (3 -> 4)
03-02 00:57:31.839 14885 18629 D SurfaceUtils: connecting to surface 0x6f9d394c10, reason connectToSurface
03-02 00:57:31.839 14885 18629 I MediaCodec: [c2.mtk.hevc.decoder] setting surface generation to 15242304
03-02 00:57:31.839 14885 18629 D SurfaceUtils: disconnecting from surface 0x6f9d394c10, reason connectToSurface(reconnect)
03-02 00:57:31.839 14885 18629 D SurfaceUtils: connecting to surface 0x6f9d394c00, reason connectToSurface(reconnect-with-listener)
03-02 00:57:31.840  1507  1507 I SurfaceFlinger: onHandleDestroyed: layerId=156399, name=DimTransitionLayer for Surface(name=Task=44886)/@0xf6d50f3#156399
03-02 00:57:31.840  1507  1507 I SurfaceFlinger: id=156399 Removed DimTransitionLayer for Surface(name=Task=44886)/@0xf6d50f3#156399 (333)
03-02 00:57:31.840  1507  1507 I SurfaceFlinger: onHandleDestroyed: layerId=156397, name=Transition Root: Task=44886#156397
03-02 00:57:31.840  1507  1507 I SurfaceFlinger: id=156397 Removed Transition Root: Task=44886#156397 (333)
03-02 00:57:31.840  1507  1507 E RefreshRateSelector: Can't find HRR max refresh rate by policy with the same group 0
03-02 00:57:31.840 14885 18629 D GraphicsTracker: new surface in configuration: maxDequeueRequested(0), maxDequeueCommitted(24)
03-02 00:57:31.840 14885 18629 D GraphicsTracker: new surface configured with id:63930588201057 gen:15242304 maxDequeue:24
03-02 00:57:31.840 14885 18629 D GraphicsTracker: maxDequeueCount is already 24
03-02 00:57:31.840 14885 18629 D Codec2Client: setOutputSurface -- generation=15242304 consumer usage=0x900
03-02 00:57:31.840 14885 18629 D SurfaceUtils: disconnecting from surface 0x6f9d395610, reason disconnectFromSurface
03-02 00:57:31.841 14885 14885 I SV[7374587 SplashActivity]: updateSurface: mVisible = false mSurface.isValid() = true
03-02 00:57:31.841 14885 14885 I BLASTBufferQueue: [7086fb SurfaceView[com.zhiliaoapp.musically/com.ss.android.ugc.aweme.splash.SplashActivity]@0#107](f:0,a:0,s:0) destructor()
03-02 00:57:31.841 14885 14885 D BufferQueueConsumer: [7086fb SurfaceView[com.zhiliaoapp.musically/com.ss.android.ugc.aweme.splash.SplashActivity]@0#107(BLAST Consumer)107](id:3a2500000070,api:0,p:-1,c:14885) disconnect
03-02 00:57:31.842 14885 14885 I SV[7374587 SplashActivity]: releaseSurfaces: viewRoot = VRI[SplashActivity]@35f4eb8
03-02 00:57:31.842 14885 14885 V SurfaceView: Layout: x=0 y=80 w=1080 h=1920, frame=Rect(0, 0 - 1080, 1920)
03-02 00:57:31.842 14885 14885 I SV[137774491 SplashActivity]: onWindowVisibilityChanged(8) false X.0fk7{836459b V.E...... ........ 0,81-1080,1998} of VRI[SplashActivity]@35f4eb8
03-02 00:57:31.843 14885 14885 I SurfaceView: 137774491 Changes: creating=false format=false size=false visible=true alpha=false hint=false left=false top=false z=false attached=true lifecycleStrategy=false
03-02 00:57:31.843 14885 14885 I SurfaceView: 137774491 Cur surface: Surface(name=null mNativeObject=499558285312)/@0xe7e74a9
03-02 00:57:31.843 14885 14885 I SurfaceView: 137774491 surfaceDestroyed
03-02 00:57:31.843 14885 14885 I SV[137774491 SplashActivity]: surfaceDestroyed callback.size 1 #2 X.0fk7{836459b V.E...... ........ 0,81-1080,1998}
03-02 00:57:31.844 14885 14885 I SV[137774491 SplashActivity]: updateSurface: mVisible = false mSurface.isValid() = true
03-02 00:57:31.844 14885 14885 I BLASTBufferQueue: [836459b SurfaceView[com.zhiliaoapp.musically/com.ss.android.ugc.aweme.splash.SplashActivity]@0#108](f:0,a:0,s:0) destructor()
03-02 00:57:31.844 14885 14885 D BufferQueueConsumer: [836459b SurfaceView[com.zhiliaoapp.musically/com.ss.android.ugc.aweme.splash.SplashActivity]@0#108(BLAST Consumer)108](id:3a2500000071,api:0,p:-1,c:14885) disconnect
03-02 00:57:31.845 14885 14885 I SV[137774491 SplashActivity]: releaseSurfaces: viewRoot = VRI[SplashActivity]@35f4eb8
03-02 00:57:31.846 14885 14885 V SurfaceView: Layout: x=4320 y=2240 w=1080 h=1917, frame=Rect(0, 0 - 1080, 1917)
03-02 00:57:31.846  1507  1507 I SurfaceFlinger: RequestedLayer [com.zhiliaoapp.musically/com.ss.andr[...].splash.SplashActivity$_14885#156366] hidden!! flag  from(0) --> to(1)
03-02 00:57:31.846  1507  1507 I SurfaceFlinger: RequestedLayer [ActivityRecord{2751228 u0 com.zhilia[...]splash.SplashActivity t44543}#147902] hidden!! flag  from(0) --> to(1)
03-02 00:57:31.846  1507  1507 I SurfaceFlinger: destroyed Transition Root: Task=44886#156397
03-02 00:57:31.846  1507  1507 I SurfaceFlinger: destroyed DimTransitionLayer for Surface(name=Task=44886)/@0xf6d50f3#156399
03-02 00:57:31.846  1507  1507 I SurfaceFlinger: [LayerHierarchy{RequestedLayerState{ImeContainer#15 parentId=156387 relativeParentId=156391 z=1} 1 children}] RelativeParent to LayerHierarchy{RequestedLayerState{67c9bdc com.podcast.app.debug/androidx.activity.ComponentActivity#156391 parentId=156387} 2 children}
03-02 00:57:31.846  1507  1507 I SurfaceFlinger: [LayerHierarchy{RequestedLayerState{Splash Screen com.podcast.app.debug$_2746#156396} no children}] reparent to OffscreenRoot
03-02 00:57:31.846  1507  1507 I SurfaceFlinger: [LayerHierarchy{RequestedLayerState{Splash Screen com.podcast.app.debug$_2746#156396} no children}] RelativeParent to null
03-02 00:57:31.846  1507  1507 I SurfaceFlinger: [LayerHierarchy{RequestedLayerState{9ffea6b Splash Screen com.podcast.app.debug#156392 z=2147483647} no children}] reparent to OffscreenRoot
03-02 00:57:31.846  1507  1507 I SurfaceFlinger: [LayerHierarchy{RequestedLayerState{9ffea6b Splash Screen com.podcast.app.debug#156392 z=2147483647} no children}] RelativeParent to null
03-02 00:57:31.848  2746  2870 D HWUI    : CacheManager::trimMemory(20)
03-02 00:57:31.849 14885 15423 D SurfaceView: 107172233 windowPositionLost, frameNr = 0
03-02 00:57:31.849 14885 15423 D SurfaceView: 68658574 windowPositionLost, frameNr = 0
03-02 00:57:31.850  1507  1507 I Layer   : id=156397 Destroyed Transition Root: Task=44886#156397
03-02 00:57:31.850 14885 15423 D SurfaceView: 207024559 windowPositionLost, frameNr = 0
03-02 00:57:31.850  1507  1507 I Layer   : id=156399 Destroyed DimTransitionLayer for Surface(name=Task=44886)/@0xf6d50f3#156399
03-02 00:57:31.850  1507  1507 I SurfaceFlinger: onHandleDestroyed: layerId=156392, name=9ffea6b Splash Screen com.podcast.app.debug#156392
03-02 00:57:31.850  1507  1507 I SurfaceFlinger: id=156392 Removed 9ffea6b Splash Screen com.podcast.app.debug#156392 (331)
03-02 00:57:31.850  1507  1507 I SurfaceFlinger: onHandleDestroyed: layerId=156396, name=Splash Screen com.podcast.app.debug$_2746#156396
03-02 00:57:31.850  1507  1507 I SurfaceFlinger: id=156396 Removed Splash Screen com.podcast.app.debug$_2746#156396 (331)
03-02 00:57:31.853 14885 15423 D HWUI    : CacheManager::trimMemory(20)
03-02 00:57:31.855  2013  2834 I WindowManager: Relayout Window{cd2d6b5 u0 com.zhiliaoapp.musically/com.ss.android.ugc.aweme.splash.SplashActivity}: viewVisibility=8 req=1080x2340 ty=1 d0
03-02 00:57:31.857  1507  1507 I SurfaceFlinger: destroyed Splash Screen com.podcast.app.debug$_2746#156396
03-02 00:57:31.857  1507  1507 I SurfaceFlinger: destroyed 9ffea6b Splash Screen com.podcast.app.debug#156392
03-02 00:57:31.858  2013  2834 I WindowManager: Relayout hash=cd2d6b5, pid=14885, syncId=-1: mAttrs={(0,0)(fillxfill) sim={adjust=pan forwardNavigation} layoutInDisplayCutoutMode=always ty=BASE_APPLICATION fmt=TRANSLUCENT wanim=0x1030317
03-02 00:57:31.858  2013  2834 I WindowManager:   fl=81810180
03-02 00:57:31.858  2013  2834 I WindowManager:   pfl=10008840
03-02 00:57:31.858  2013  2834 I WindowManager:   vsysui=400
03-02 00:57:31.858  2013  2834 I WindowManager:   apr=10
03-02 00:57:31.858  2013  2834 I WindowManager:   bhv=1
03-02 00:57:31.858  2013  2834 I WindowManager:   fitSides=0
03-02 00:57:31.858  2013  2834 I WindowManager:   frameRateBoostOnTouch=true
03-02 00:57:31.858  2013  2834 I WindowManager:   dvrrWindowFrameRateHint=true naviIconColor=0
03-02 00:57:31.858  2013  2834 I WindowManager:   sfl=100000}
03-02 00:57:31.860  1445  2902 W C2MtkBufferManager: [0xB4000070F507E520] fetchNewCcBlock: wait fence 0x0xb4000070f5058270 timed out. ret 110
03-02 00:57:31.860 14885 14885 I BLASTBufferQueue: [VRI[SplashActivity]@35f4eb8#105](f:0,a:1,s:0) destructor()
03-02 00:57:31.860 14885 14885 D BufferQueueConsumer: [VRI[SplashActivity]@35f4eb8#105(BLAST Consumer)105](id:3a250000006e,api:0,p:-1,c:14885) disconnect
03-02 00:57:31.861  1507  1507 I Layer   : id=156396 Destroyed Splash Screen com.podcast.app.debug$_2746#156396
03-02 00:57:31.861  1507  1507 I Layer   : id=156392 Destroyed 9ffea6b Splash Screen com.podcast.app.debug#156392
03-02 00:57:31.861 14885 14885 I VRI[SplashActivity]@35f4eb8: Relayout returned: old=(0,0,1080,2340) new=(0,0,1080,2340) relayoutAsync=false req=(1080,2340)8 dur=5 res=0x2 s={false 0x0} ch=true seqId=0
03-02 00:57:31.862 14885 14885 I SV[6876039 SplashActivity]: windowStopped(true) false X.0fk7{68eb87 V.E...... ........ 0,80-1080,2000} of VRI[SplashActivity]@35f4eb8
03-02 00:57:31.862 14885 14885 D SV[6876039 SplashActivity]: updateSurface: surface is not valid
03-02 00:57:31.862 14885 14885 I SV[6876039 SplashActivity]: releaseSurfaces: viewRoot = VRI[SplashActivity]@35f4eb8
03-02 00:57:31.862 14885 14885 D VRI[SplashActivity]@35f4eb8: applyTransactionOnDraw applyImmediately
03-02 00:57:31.862 14885 14885 I SV[7374587 SplashActivity]: windowStopped(true) false X.0fk7{7086fb V.E...... ........ 0,80-1080,2000} of VRI[SplashActivity]@35f4eb8
