03-02 00:57:28.218  2746  2808 I VRI[debug]@60a3d6d: onActiveControlsChanged, removed=false, mAdded=true, caller=android.view.ViewRootImpl.handleInsetsControlChanged:3002 android.view.ViewRootImpl$ViewRootHandler.handleMessageImpl:8352 android.view.ViewRootImpl$ViewRootHandler.handleMessage:8301 android.os.Handler.dispatchMessage:110 android.os.Looper.loopOnce:273
03-02 00:57:28.219  2746  2866 I VRI[debug]@60a3d6d: mWNT: t=0xb4000076d38ead80 mBlastBufferQueue=0xb40000767226cc00 fn= 2 HdrRenderState mRenderHdrSdrRatio=1.0 caller= android.view.SyncRtSurfaceTransactionApplier.applyTransaction:100 android.view.SyncRtSurfaceTransactionApplier.lambda$scheduleApply$0:73 android.view.SyncRtSurfaceTransactionApplier.$r8$lambda$afI4fXg3U3-nBZQEDQMiNy-B06s:0
03-02 00:57:28.219  2746  2866 I VRI[debug]@60a3d6d: mWNT: t=0xb4000076d38eb080 mBlastBufferQueue=0xb40000767226cc00 fn= 2 HdrRenderState mRenderHdrSdrRatio=1.0 caller= android.view.SyncRtSurfaceTransactionApplier.applyTransaction:100 android.view.SyncRtSurfaceTransactionApplier.lambda$scheduleApply$0:73 android.view.SyncRtSurfaceTransactionApplier.$r8$lambda$afI4fXg3U3-nBZQEDQMiNy-B06s:0
03-02 00:57:28.222  3202  4698 I HoneySpace.RecentTasks: onRunningTaskVanished
03-02 00:57:28.222  3202  4698 I HoneySpace.RecentTasks: onRecentTasksChanged
03-02 00:57:28.223  2013  2322 I ImeTracker: com.podcast.app.debug:9b0f2fab: onRequestHide at ORIGIN_SERVER reason HIDE_UNSPECIFIED_WINDOW fromUser false
03-02 00:57:28.223  3202  3202 I HoneySpace.TaskStackChangeRepositoryImpl: onTaskRemoved : 44881
03-02 00:57:28.225  3202  3202 I HoneySpace.TaskListViewModel[160530624]: taskRemoveId, 44881
03-02 00:57:28.225  3202  3386 I HoneySpace.TopTaskSource: onTaskRemoved: 44881
03-02 00:57:28.226  3202  3202 W HoneySpace.TaskListViewModel[160530624]: task is already removed: 44881
03-02 00:57:28.227  1507  1507 I SurfaceFlinger: [LayerHierarchy{RequestedLayerState{Task=44881#156262 z=40} 1 children}] reparent to OffscreenRoot
03-02 00:57:28.227  1507  1507 I SurfaceFlinger: [LayerHierarchy{RequestedLayerState{Task=44881#156262 z=40} 1 children}] RelativeParent to null
03-02 00:57:28.227  1507  1507 I SurfaceFlinger: [LayerHierarchy{RequestedLayerState{ActivityRecord{58361563 u0 com.podcast.app.debug.test/androidx.test.core.app.InstrumentationActivityInvoker$EmptyActivity t44881}#156263} 2 children}] reparent to OffscreenRoot
03-02 00:57:28.227  1507  1507 I SurfaceFlinger: [LayerHierarchy{RequestedLayerState{ActivityRecord{58361563 u0 com.podcast.app.debug.test/androidx.test.core.app.InstrumentationActivityInvoker$EmptyActivity t44881}#156263} 2 children}] RelativeParent to null
03-02 00:57:28.227  1507  1507 I SurfaceFlinger: [LayerHierarchy{RequestedLayerState{2b4179f com.podcast.app.debug.test/androidx.test.core.app.InstrumentationActivityInvoker$EmptyActivity#156266} 1 children}] reparent to OffscreenRoot
03-02 00:57:28.227  1507  1507 I SurfaceFlinger: [LayerHierarchy{RequestedLayerState{2b4179f com.podcast.app.debug.test/androidx.test.core.app.InstrumentationActivityInvoker$EmptyActivity#156266} 1 children}] RelativeParent to null
03-02 00:57:28.227  1507  1507 I SurfaceFlinger: [LayerHierarchy{RequestedLayerState{com.podcast.app.debug.test/androidx.test.core.app.InstrumentationActivityInvoker$EmptyActivity$_17532#156267} no children}] reparent to OffscreenRoot
03-02 00:57:28.227  1507  1507 I SurfaceFlinger: [LayerHierarchy{RequestedLayerState{com.podcast.app.debug.test/androidx.test.core.app.InstrumentationActivityInvoker$EmptyActivity$_17532#156267} no children}] RelativeParent to null
03-02 00:57:28.227  1507  1507 I SurfaceFlinger: [LayerHierarchy{RequestedLayerState{Task=44881#156307 z=40} no children}] reparent to OffscreenRoot
03-02 00:57:28.227  1507  1507 I SurfaceFlinger: [LayerHierarchy{RequestedLayerState{Task=44881#156307 z=40} no children}] RelativeParent to null
03-02 00:57:28.229  3202  3202 I HoneySpace.TaskStackChangeRepositoryImpl: onTaskRemoved : 44881
03-02 00:57:28.230 17121 17121 I InputMethodManager: handleMessage: setImeVisibility visible=false
03-02 00:57:28.230 17121 17121 D InsetsController: hide(ime(), fromIme=false)
03-02 00:57:28.230  2746  2865 I VRI[debug]@60a3d6d: mWNT: t=0xb4000076d38eb200 mBlastBufferQueue=0xb40000767226cc00 fn= 3 HdrRenderState mRenderHdrSdrRatio=1.0 caller= android.view.SyncRtSurfaceTransactionApplier.applyTransaction:100 android.view.SyncRtSurfaceTransactionApplier.lambda$scheduleApply$0:73 android.view.SyncRtSurfaceTransactionApplier.$r8$lambda$afI4fXg3U3-nBZQEDQMiNy-B06s:0
03-02 00:57:28.230 17121 17121 I ImeTracker: com.podcast.app.debug:9b0f2fab: onCancelled at PHASE_CLIENT_ALREADY_HIDDEN
03-02 00:57:28.230  2013  2322 D InputTransport: Input channel constructed: 'ClientS', fd=1074
03-02 00:57:28.231 17121 17133 D InputTransport: Input channel constructed: 'ClientS', fd=156
03-02 00:57:28.231  2013  2322 D InputTransport: Input channel destroyed: 'ClientS', fd=1074
03-02 00:57:28.232  1507  2393 I SurfaceFlinger: onHandleDestroyed: layerId=156266, name=2b4179f com.podcast.app.debug.test/androidx.test.core.app.InstrumentationActivityInvoker$EmptyActivity#156266
03-02 00:57:28.232  3202  3386 I HoneySpace.TopTaskSource: onTaskRemoved: 44881
03-02 00:57:28.232  1507  2393 I SurfaceFlinger: id=156266 Removed 2b4179f com.podcast.app.debug.test/androidx.test.core.app.InstrumentationActivityInvoker$EmptyActivity#156266 (345)
03-02 00:57:28.232 14885 14885 D InputTransport: Input channel destroyed: 'ClientS', fd=571
03-02 00:57:28.232  1507  2393 I SurfaceFlinger: onHandleDestroyed: layerId=156263, name=ActivityRecord{58361563 u0 com.podcast.app.debug.test/androidx.test.core.app.InstrumentationActivityInvoker$EmptyActivity t44881}#156263
03-02 00:57:28.232  1507  2393 I SurfaceFlinger: id=156263 Removed ActivityRecord{58361563 u0 com.podcast.app.debug.test/androidx.test.core.app.InstrumentationActivityInvoker$EmptyActivity t44881}#156263 (345)
03-02 00:57:28.232  1507  2393 I SurfaceFlinger: onHandleDestroyed: layerId=156307, name=Task=44881#156307
03-02 00:57:28.232  1507  2393 I SurfaceFlinger: id=156307 Removed Task=44881#156307 (345)
03-02 00:57:28.232  1507  2393 I SurfaceFlinger: onHandleDestroyed: layerId=156267, name=com.podcast.app.debug.test/androidx.test.core.app.InstrumentationActivityInvoker$EmptyActivity$_17532#156267
03-02 00:57:28.232  1507  2393 I SurfaceFlinger: id=156267 Removed com.podcast.app.debug.test/androidx.test.core.app.InstrumentationActivityInvoker$EmptyActivity$_17532#156267 (345)
03-02 00:57:28.232  3202  3202 I HoneySpace.TaskListViewModel[160530624]: taskRemoveId, 44881
03-02 00:57:28.233  5235  5235 I HBD     : HoneyBoardService onFinishInput
03-02 00:57:28.233  3202  3202 W HoneySpace.TaskListViewModel[160530624]: task is already removed: 44881
03-02 00:57:28.234  5235  5235 I HBD     : a IC have been unbinding,  RemoteInputConnection{idHash=#729c7f8}
03-02 00:57:28.234  5235  5235 I HBD     : HoneyBoardService [PF_CL][onFinishInput]  1 ms
03-02 00:57:28.234  5235  5235 I HBD     : HoneyBoardService [IMI] onStartInput - caller pid : 17121 , caller uid : 10685
03-02 00:57:28.235  5235  5235 I HBD     : k updateConfigs
03-02 00:57:28.235  5235  5235 I HBD     : k isEnabledNightMode : true
03-02 00:57:28.235  5235  5235 I HBD     : a IC have been binding, RemoteInputConnection{idHash=#674a92f}
03-02 00:57:28.235  5235  5235 I HBD     : h [EditorInputType]setPrivateImeOptionsToTable privateImeOptions ( null )
03-02 00:57:28.235  5235  5235 I HBD     : b incognitoMode : false
03-02 00:57:28.235  5235  5235 I HBD     : c needOff = true , isForceOff = false, isNullInputClass : true
03-02 00:57:28.235  5235  5235 I HBD     : h getDefaultInputRange : UNKNOWN
03-02 00:57:28.235  5235  5235 I HBD     : h getDefaultInputRange : UNKNOWN
03-02 00:57:28.235  5235  5235 I HBD     : h getDefaultInputRange : UNKNOWN
03-02 00:57:28.235  1507  2393 I SurfaceFlinger: id=156308 createSurf, flag=24004, Surface(name=2141cda InputMethod)/@0x5ea0b56 - animation-leash of insets_animation#156308
03-02 00:57:28.237  2013  3645 I ImeTracker: system_server:8146b467: onRequestHide at ORIGIN_SERVER reason IME_REQUESTED_CHANGED_LISTENER fromUser false
03-02 00:57:28.237  5235  5235 I HBD     : c needOff = true , isForceOff = false, isNullInputClass : true
03-02 00:57:28.237  5235  5235 I HBD     : c update cached prediction status : false
03-02 00:57:28.237  5235  5235 I HBD     : h getDefaultInputRange : UNKNOWN
03-02 00:57:28.237  5235  5235 I HBD     : a currentState : 0
03-02 00:57:28.237  5235  5235 I HBD     : a [UpdatePolicy] [post] a: 0 cl: 65538 kit: [0/0] vt: 0 ir: 1
03-02 00:57:28.238  2013  2067 I ImeTracker: system_server:8146b467: onCancelled at PHASE_SERVER_SHOULD_HIDE
03-02 00:57:28.238  1507  1507 I SurfaceFlinger: destroyed ActivityRecord{58361563 u0 com.podcast.app.debug.test/androidx.test.core.app.InstrumentationActivityInvoker$EmptyActivity t44881}#156263
03-02 00:57:28.238  1507  1507 I SurfaceFlinger: destroyed 2b4179f com.podcast.app.debug.test/androidx.test.core.app.InstrumentationActivityInvoker$EmptyActivity#156266
03-02 00:57:28.238  1507  1507 I SurfaceFlinger: destroyed com.podcast.app.debug.test/androidx.test.core.app.InstrumentationActivityInvoker$EmptyActivity$_17532#156267
03-02 00:57:28.238  1507  1507 I SurfaceFlinger: destroyed 7ef5fd5 ActivityRecordInputSink com.podcast.app.debug.test/androidx.test.core.app.InstrumentationActivityInvoker$EmptyActivity#156288
03-02 00:57:28.238  1507  1507 I SurfaceFlinger: destroyed Task=44881#156307
03-02 00:57:28.238  1507  1507 I SurfaceFlinger: [Surface(name=2141cda InputMethod)/@0x5ea0b56 - animation-leash of insets_animation#156308] attach to parent LayerHierarchy{RequestedLayerState{WindowToken{4048e94 type=2011 android.os.Binder@219c2e7}#143 parentId=15} 2 children}
03-02 00:57:28.239  1445 18689 W C2MtkBufferManager: [0xB4000070F68A8D20] fetchNewCcBlock: wait fence 0x0xb4000070f692fcb0 timed out. ret 110
03-02 00:57:28.239  1484  1816 V APM_AudioPolicyManager: stopOutput portId 13560
03-02 00:57:28.239  1484  1816 V APM_AudioPolicyManager: stopOutput() output 21, stream 3, session 126033
03-02 00:57:28.239  1484  1816 V APM_AudioPolicyManager: setBeaconMute(1) mBeaconMuteRefCount=8 mBeaconPlayingRefCount=0
03-02 00:57:28.240  1484  1816 V APM_AudioPolicyManager: getNewOutputDevices selected devices AUDIO_DEVICE_NONE
03-02 00:57:28.240  1484  1816 V APM_AudioPolicyManager: setOutputDevices caller stopSource[[portId:5][io:21, deep-buffer]] device AUDIO_DEVICE_NONE delayMs 170
03-02 00:57:28.240  1507  1507 I Layer   : id=156288 Destroyed 7ef5fd5 ActivityRecordInputSink com.podcast.app.debug.test/androidx.test.core.app.InstrumentationActivityInvoker$EmptyActivity#156288
03-02 00:57:28.240  1439 32089 D MTKAdapterStreamLayer: updateMetadataCommon(),
03-02 00:57:28.240  1507  1507 I Layer   : id=156267 Destroyed com.podcast.app.debug.test/androidx.test.core.app.InstrumentationActivityInvoker$EmptyActivity$_17532#156267
03-02 00:57:28.240  1507  1507 I Layer   : id=156307 Destroyed Task=44881#156307
03-02 00:57:28.240  1507  1507 I Layer   : id=156263 Destroyed ActivityRecord{58361563 u0 com.podcast.app.debug.test/androidx.test.core.app.InstrumentationActivityInvoker$EmptyActivity t44881}#156263
03-02 00:57:28.240  1507  1507 I Layer   : id=156266 Destroyed 2b4179f com.podcast.app.debug.test/androidx.test.core.app.InstrumentationActivityInvoker$EmptyActivity#156266
03-02 00:57:28.242  5235  5235 I HBD     : a [NRIC] resetNoResponseState
03-02 00:57:28.242  5235  5235 I HBD     : c needOff = true , isForceOff = false, isNullInputClass : true
03-02 00:57:28.242  5235  5235 I HBD     : c update cached prediction status : false
03-02 00:57:28.242  5235  5235 I HBD     : b [AiWriter] setContact : com.podcast.app.debug
03-02 00:57:28.242  5235  5235 I HBD     : a [AiWriter] setContact : com.podcast.app.debug
03-02 00:57:28.242  5235  5235 I HBD     : o0 EBD si S 0
03-02 00:57:28.242  1484  1816 V APM_AudioPolicyManager: setOutputDevices caller stopSource[[portId:5][io:21, deep-buffer]] setting same device AUDIO_DEVICE_NONE or null device, force=0, patch handle=11429
03-02 00:57:28.243  5235  5235 I HBD     : r updateContactDBLanguage : 65538
03-02 00:57:28.243  5235  5235 I HBD     : g isCoverDisplay : false, cached selected json info : SelectedLanguageInfo(languageVersion=4.2, currentLanguageOrder=0, selectedLanguageList=[SelectedLanguage(id=65538, isUsed=true, engName=English, inputType=qwerty, activeOptionList=[auto_replace, auto_spacing, writing_assistant, prediction], bilingualId=-1), SelectedLanguage(id=5308416, isUsed=true, engName=Arabic, inputType=qwerty, activeOptionList=[auto_replace, auto_spacing, prediction], bilingualId=-1)])
03-02 00:57:28.244  5235  5235 I HBD     : g updateSelectedLanguageCache is succeeded. English
03-02 00:57:28.244  1484  1816 W AudioFlinger: moveEffectChain_ll: effect chain for session 0 not on source thread 0xb400007066671a50
03-02 00:57:28.244  1484  1816 V APM_AudioPolicyManager: selectOutputForMusicEffects selected output 13
03-02 00:57:28.244  2746  2866 I VRI[debug]@60a3d6d: mWNT: t=0xb40000772adfdf80 mBlastBufferQueue=0xb40000767226cc00 fn= 4 HdrRenderState mRenderHdrSdrRatio=1.0 caller= android.view.SyncRtSurfaceTransactionApplier.applyTransaction:100 android.view.SyncRtSurfaceTransactionApplier.lambda$scheduleApply$0:73 android.view.SyncRtSurfaceTransactionApplier.$r8$lambda$afI4fXg3U3-nBZQEDQMiNy-B06s:0
03-02 00:57:28.247  5235  5235 I HBD     : l writeToFile path : /data/user/0/com.samsung.android.honeyboard/files/selected.json
03-02 00:57:28.247  5235  5235 I HBD     : l writeToFile json : {"version":"4.2","currentLanguageOrder":0,"selected":[{"activeOptionList":["auto_replace","auto_spacing","writing_assistant","prediction"],"bilingualId":-1,"engName":"English","id":65538,"inputType":"qwerty","isUsed":true},{"activeOptionList":["auto_replace","auto_spacing","prediction"],"bilingualId":-1,"engName":"Arabic","id":5308416,"inputType":"qwerty","isUsed":true}]}
03-02 00:57:28.248  2013  3645 W system_server: Large reply transaction of 325152 bytes, interface descriptor android.app.IActivityTaskManager, code 26
03-02 00:57:28.250  5235  5235 I HBD     : l writeToFile complete
03-02 00:57:28.251  2013  3645 W ParceledListSlice: Element #30 is 21544 bytes.
03-02 00:57:28.252  2746  2865 I VRI[debug]@60a3d6d: mWNT: t=0xb40000771f55d480 mBlastBufferQueue=0xb40000767226cc00 fn= 5 HdrRenderState mRenderHdrSdrRatio=1.0 caller= android.view.SyncRtSurfaceTransactionApplier.applyTransaction:100 android.view.SyncRtSurfaceTransactionApplier.lambda$scheduleApply$0:73 android.view.SyncRtSurfaceTransactionApplier.$r8$lambda$afI4fXg3U3-nBZQEDQMiNy-B06s:0
03-02 00:57:28.252  5235 18801 I HBD     : l Write selected lang for DE
03-02 00:57:28.252  5235 18801 I HBD     : l writeToFile path : /data/user_de/0/com.samsung.android.honeyboard/files/selected.json
03-02 00:57:28.252  5235 18801 I HBD     : l writeToFile json : {"version":"4.2","currentLanguageOrder":0,"selected":[{"activeOptionList":["auto_replace","auto_spacing","writing_assistant","prediction"],"bilingualId":-1,"engName":"English","id":65538,"inputType":"qwerty","isUsed":true},{"activeOptionList":["auto_replace","auto_spacing","prediction"],"bilingualId":-1,"engName":"Arabic","id":5308416,"inputType":"qwerty","isUsed":true}]}
03-02 00:57:28.252  5235  5235 I HBD     : g isCoverDisplay : false, cached selected json info : SelectedLanguageInfo(languageVersion=4.2, currentLanguageOrder=0, selectedLanguageList=[SelectedLanguage(id=65538, isUsed=true, engName=English, inputType=qwerty, activeOptionList=[auto_replace, auto_spacing, writing_assistant, prediction], bilingualId=-1), SelectedLanguage(id=5308416, isUsed=true, engName=Arabic, inputType=qwerty, activeOptionList=[auto_replace, auto_spacing, prediction], bilingualId=-1)])
03-02 00:57:28.253  5235  5235 I HBD     : n updateActionOptionFromPreference isCover = false
03-02 00:57:28.253  5235  5235 I HBD     : n before lang.activeOptionList =  [auto_replace, auto_spacing, writing_assistant, prediction]
03-02 00:57:28.253  5235  5235 I HBD     : n after lang.activeOptionList = [auto_replace, auto_spacing, writing_assistant, prediction]
03-02 00:57:28.254  5235  5235 I HBD     : l writeToFile path : /data/user/0/com.samsung.android.honeyboard/files/selected.json
03-02 00:57:28.254  5235  5235 I HBD     : l writeToFile json : {"version":"4.2","currentLanguageOrder":0,"selected":[{"activeOptionList":["auto_replace","auto_spacing","writing_assistant","prediction"],"bilingualId":-1,"engName":"English","id":65538,"inputType":"qwerty","isUsed":true},{"activeOptionList":["auto_replace","auto_spacing","prediction"],"bilingualId":-1,"engName":"Arabic","id":5308416,"inputType":"qwerty","isUsed":true}]}
03-02 00:57:28.255  5235 18801 I HBD     : l writeToFile complete
03-02 00:57:28.256  5235  5235 I HBD     : l writeToFile complete
03-02 00:57:28.257  5235  5235 I HBD     : m normal : updateLanguage : English
03-02 00:57:28.257  5235  5235 I HBD     : g isCoverDisplay : false, cached selected json info : SelectedLanguageInfo(languageVersion=4.2, currentLanguageOrder=0, selectedLanguageList=[SelectedLanguage(id=65538, isUsed=true, engName=English, inputType=qwerty, activeOptionList=[auto_replace, auto_spacing, writing_assistant, prediction], bilingualId=-1), SelectedLanguage(id=5308416, isUsed=true, engName=Arabic, inputType=qwerty, activeOptionList=[auto_replace, auto_spacing, prediction], bilingualId=-1)])
03-02 00:57:28.258  5235  5235 I HBD     : g isCoverDisplay : false, cached selected json info : SelectedLanguageInfo(languageVersion=4.2, currentLanguageOrder=0, selectedLanguageList=[SelectedLanguage(id=65538, isUsed=true, engName=English, inputType=qwerty, activeOptionList=[auto_replace, auto_spacing, writing_assistant, prediction], bilingualId=-1), SelectedLanguage(id=5308416, isUsed=true, engName=Arabic, inputType=qwerty, activeOptionList=[auto_replace, auto_spacing, prediction], bilingualId=-1)])
03-02 00:57:28.258  5235  5235 I HBD     : n updateActionOptionFromPreference isCover = false
03-02 00:57:28.258  5235  5235 I HBD     : n before lang.activeOptionList =  [auto_replace, auto_spacing, writing_assistant, prediction]
03-02 00:57:28.258  5235 18802 I HBD     : l Write selected lang for DE
03-02 00:57:28.259  5235 18802 I HBD     : l writeToFile path : /data/user_de/0/com.samsung.android.honeyboard/files/selected.json
03-02 00:57:28.259  5235 18802 I HBD     : l writeToFile json : {"version":"4.2","currentLanguageOrder":0,"selected":[{"activeOptionList":["auto_replace","auto_spacing","writing_assistant","prediction"],"bilingualId":-1,"engName":"English","id":65538,"inputType":"qwerty","isUsed":true},{"activeOptionList":["auto_replace","auto_spacing","prediction"],"bilingualId":-1,"engName":"Arabic","id":5308416,"inputType":"qwerty","isUsed":true}]}
03-02 00:57:28.259  5235  5235 I HBD     : n after lang.activeOptionList = [auto_replace, auto_spacing, writing_assistant, prediction]
03-02 00:57:28.260  1507  1507 I SurfaceFlinger: RequestedLayer [Surface(name=2141cda InputMethod)/@0[...]ion-leash of insets_animation#156308] hidden!! flag  from(1) --> to(0)
03-02 00:57:28.261  1507  1507 E SurfaceFlinger: alpha changed 1.000 -> 0.000 - Surface(name=2141cda InputMethod)/@0x5ea0b56 - animation-leash of insets_animation#156308
03-02 00:57:28.261  1507  1507 I SurfaceFlinger: [LayerHierarchy{RequestedLayerState{ImeContainer#15 parentId=156294 relativeParentId=156294 z=3} 1 children}] reparent to LayerHierarchy{RequestedLayerState{ActivityRecord{7780918 u0 com.podcast.app.debug/androidx.activity.ComponentActivity t44882}#156294 parentId=156293} 4 children}
03-02 00:57:28.261  1507  1507 I SurfaceFlinger: [LayerHierarchy{RequestedLayerState{ImeContainer#15 parentId=156294 relativeParentId=156294 z=3} 1 children}] RelativeParent to null
03-02 00:57:28.261  1507  1507 I SurfaceFlinger: [LayerHierarchy{RequestedLayerState{2141cda InputMethod#159 parentId=156308} no children}] reparent to LayerHierarchy{RequestedLayerState{Surface(name=2141cda InputMethod)/@0x5ea0b56 - animation-leash of insets_animation#156308 parentId=143} 1 children}
03-02 00:57:28.261  1507  1507 I SurfaceFlinger: [LayerHierarchy{RequestedLayerState{Surface(name=2141cda InputMethod)/@0x5ea0b56 - animation-leash of insets_animation#156291} no children}] reparent to OffscreenRoot
03-02 00:57:28.261  1507  1507 I SurfaceFlinger: [LayerHierarchy{RequestedLayerState{Surface(name=2141cda InputMethod)/@0x5ea0b56 - animation-leash of insets_animation#156291} no children}] RelativeParent to null
03-02 00:57:28.263  2746  2866 I VRI[debug]@60a3d6d: mWNT: t=0xb40000771f6f1080 mBlastBufferQueue=0xb40000767226cc00 fn= 6 HdrRenderState mRenderHdrSdrRatio=1.0 caller= android.view.SyncRtSurfaceTransactionApplier.applyTransaction:100 android.view.SyncRtSurfaceTransactionApplier.lambda$scheduleApply$0:73 android.view.SyncRtSurfaceTransactionApplier.$r8$lambda$afI4fXg3U3-nBZQEDQMiNy-B06s:0
03-02 00:57:28.263  5235  5235 I HBD     : l writeToFile path : /data/user/0/com.samsung.android.honeyboard/files/selected.json
03-02 00:57:28.263  5235  5235 I HBD     : l writeToFile json : {"version":"4.2","currentLanguageOrder":0,"selected":[{"activeOptionList":["auto_replace","auto_spacing","writing_assistant","prediction"],"bilingualId":-1,"engName":"English","id":65538,"inputType":"qwerty","isUsed":true},{"activeOptionList":["auto_replace","auto_spacing","prediction"],"bilingualId":-1,"engName":"Arabic","id":5308416,"inputType":"qwerty","isUsed":true}]}
03-02 00:57:28.265  2013  3645 W system_server: Large reply transaction of 325152 bytes, interface descriptor android.app.IActivityTaskManager, code 26
03-02 00:57:28.265  5235 18802 I HBD     : l writeToFile complete
03-02 00:57:28.265  5235  5235 I HBD     : l writeToFile complete
03-02 00:57:28.266  5235  5235 I HBD     : m normal : updateLanguage : English
03-02 00:57:28.267  5235  5235 I HBD     : g isCoverDisplay : false, cached selected json info : SelectedLanguageInfo(languageVersion=4.2, currentLanguageOrder=0, selectedLanguageList=[SelectedLanguage(id=65538, isUsed=true, engName=English, inputType=qwerty, activeOptionList=[auto_replace, auto_spacing, writing_assistant, prediction], bilingualId=-1), SelectedLanguage(id=5308416, isUsed=true, engName=Arabic, inputType=qwerty, activeOptionList=[auto_replace, auto_spacing, prediction], bilingualId=-1)])
03-02 00:57:28.267  1445  2902 W C2MtkBufferManager: [0xB4000070F507E520] fetchNewCcBlock: wait fence 0x0xb4000070f5058270 timed out. ret 110
03-02 00:57:28.267  1507  2128 I SurfaceFlinger: onHandleDestroyed: layerId=156291, name=Surface(name=2141cda InputMethod)/@0x5ea0b56 - animation-leash of insets_animation#156291
03-02 00:57:28.267  1507  2128 I SurfaceFlinger: id=156291 Removed Surface(name=2141cda InputMethod)/@0x5ea0b56 - animation-leash of insets_animation#156291 (341)
03-02 00:57:28.268  5235  5235 I HBD     : g isCoverDisplay : false, cached selected json info : SelectedLanguageInfo(languageVersion=4.2, currentLanguageOrder=0, selectedLanguageList=[SelectedLanguage(id=65538, isUsed=true, engName=English, inputType=qwerty, activeOptionList=[auto_replace, auto_spacing, writing_assistant, prediction], bilingualId=-1), SelectedLanguage(id=5308416, isUsed=true, engName=Arabic, inputType=qwerty, activeOptionList=[auto_replace, auto_spacing, prediction], bilingualId=-1)])
03-02 00:57:28.268  5235  5235 I HBD     : g updateSelectedLanguageCache is succeeded. English
03-02 00:57:28.269  5235 18803 I HBD     : l Write selected lang for DE
03-02 00:57:28.270  5235  5235 I HBD     : l writeToFile path : /data/user/0/com.samsung.android.honeyboard/files/selected.json
03-02 00:57:28.270  5235  5235 I HBD     : l writeToFile json : {"version":"4.2","currentLanguageOrder":0,"selected":[{"activeOptionList":["auto_replace","auto_spacing","writing_assistant","prediction"],"bilingualId":-1,"engName":"English","id":65538,"inputType":"qwerty","isUsed":true},{"activeOptionList":["auto_replace","auto_spacing","prediction"],"bilingualId":-1,"engName":"Arabic","id":5308416,"inputType":"qwerty","isUsed":true}]}
03-02 00:57:28.270  5235 18803 I HBD     : l writeToFile path : /data/user_de/0/com.samsung.android.honeyboard/files/selected.json
03-02 00:57:28.271  5235 18803 I HBD     : l writeToFile json : {"version":"4.2","currentLanguageOrder":0,"selected":[{"activeOptionList":["auto_replace","auto_spacing","writing_assistant","prediction"],"bilingualId":-1,"engName":"English","id":65538,"inputType":"qwerty","isUsed":true},{"activeOptionList":["auto_replace","auto_spacing","prediction"],"bilingualId":-1,"engName":"Arabic","id":5308416,"inputType":"qwerty","isUsed":true}]}
03-02 00:57:28.272  1507  1507 I SurfaceFlinger: destroyed Surface(name=2141cda InputMethod)/@0x5ea0b56 - animation-leash of insets_animation#156291
03-02 00:57:28.274  5235 18803 I HBD     : l writeToFile complete
03-02 00:57:28.274  5235  5235 I HBD     : l writeToFile complete
03-02 00:57:28.275  5235 18804 I HBD     : l Write selected lang for DE
03-02 00:57:28.275  5235 18804 I HBD     : l writeToFile path : /data/user_de/0/com.samsung.android.honeyboard/files/selected.json
03-02 00:57:28.275  5235 18804 I HBD     : l writeToFile json : {"version":"4.2","currentLanguageOrder":0,"selected":[{"activeOptionList":["auto_replace","auto_spacing","writing_assistant","prediction"],"bilingualId":-1,"engName":"English","id":65538,"inputType":"qwerty","isUsed":true},{"activeOptionList":["auto_replace","auto_spacing","prediction"],"bilingualId":-1,"engName":"Arabic","id":5308416,"inputType":"qwerty","isUsed":true}]}
03-02 00:57:28.276  1507  1507 I Layer   : id=156291 Destroyed Surface(name=2141cda InputMethod)/@0x5ea0b56 - animation-leash of insets_animation#156291
03-02 00:57:28.276  1646 10643 I CameraService: onUidStateChanged: uid=10062, procState is changed. (1 -> 0)
03-02 00:57:28.277  2013  2253 D SecContentProvider: query(), uri = 17 selection = isSettingsChangesAllowed
03-02 00:57:28.278  5235  5235 I HBD     : g isCoverDisplay : false, cached selected json info : SelectedLanguageInfo(languageVersion=4.2, currentLanguageOrder=0, selectedLanguageList=[SelectedLanguage(id=65538, isUsed=true, engName=English, inputType=qwerty, activeOptionList=[auto_replace, auto_spacing, writing_assistant, prediction], bilingualId=-1), SelectedLanguage(id=5308416, isUsed=true, engName=Arabic, inputType=qwerty, activeOptionList=[auto_replace, auto_spacing, prediction], bilingualId=-1)])
03-02 00:57:28.278  5235  5235 I HBD     : g updateSelectedLanguageCache is succeeded. English
03-02 00:57:28.279  1445 18689 W C2MtkBufferManager: [0xB4000070F68A8D20] fetchNewCcBlock: wait fence 0x0xb4000070f692fcb0 timed out. ret 110
03-02 00:57:28.280  5235  5235 I HBD     : l writeToFile path : /data/user/0/com.samsung.android.honeyboard/files/selected.json
03-02 00:57:28.281  5235  5235 I HBD     : l writeToFile json : {"version":"4.2","currentLanguageOrder":0,"selected":[{"activeOptionList":["auto_replace","auto_spacing","writing_assistant","prediction"],"bilingualId":-1,"engName":"English","id":65538,"inputType":"qwerty","isUsed":true},{"activeOptionList":["auto_replace","auto_spacing","prediction"],"bilingualId":-1,"engName":"Arabic","id":5308416,"inputType":"qwerty","isUsed":true}]}
03-02 00:57:28.281  2013  2252 I WindowManager: Relayout Window{e802f41 u0 Splash Screen com.podcast.app.debug}: viewVisibility=8 req=1080x2340 ty=3 d0
03-02 00:57:28.281  2013  2253 D SecContentProvider: query(), uri = 17 selection = isSettingsChangesAllowed
03-02 00:57:28.281  5235 18804 I HBD     : l writeToFile complete
03-02 00:57:28.283  2746  2746 D SystemUIService: SYSUI_RAM_OPTIMIZATION onTrimMemory=20
03-02 00:57:28.284  5235 28894 I HBD     : u updated Sub Types. English
03-02 00:57:28.284  2746  2746 D CentralSurfaces: SYSUI_RAM_OPTIMIZATION onTrimMemory=20
03-02 00:57:28.284  2746  2870 D HWUI    : CacheManager::trimMemory(20)
03-02 00:57:28.285  2013  2252 I WindowManager: Relayout hash=e802f41, pid=2746, syncId=-1: mAttrs={(0,0)(fillxfill) sim={adjust=pan} layoutInDisplayCutoutMode=always ty=APPLICATION_STARTING fmt=TRANSLUCENT wanim=0x1030317
03-02 00:57:28.285  2013  2252 I WindowManager:   fl=81030118
03-02 00:57:28.285  2013  2252 I WindowManager:   pfl=10000810
03-02 00:57:28.285  2013  2252 I WindowManager:   bhv=1
03-02 00:57:28.285  2013  2252 I WindowManager:   fitSides=0
03-02 00:57:28.285  2013  2252 I WindowManager:   frameRateBoostOnTouch=true
03-02 00:57:28.285  2013  2252 I WindowManager:   dvrrWindowFrameRateHint=true naviIconColor=0}
03-02 00:57:28.286  2746  2808 I VRI[debug]@60a3d6d: onActiveControlsChanged, removed=false, mAdded=true, caller=android.view.ViewRootImpl.handleInsetsControlChanged:3002 android.view.ViewRootImpl.relayoutWindow:11629 android.view.ViewRootImpl.performTraversals:4804 android.view.ViewRootImpl.doTraversal:3924 android.view.ViewRootImpl$TraversalRunnable.run:12903
03-02 00:57:28.286  2746  2808 I BLASTBufferQueue: [VRI[debug]@60a3d6d#7716](f:0,a:1,s:0) destructor()
03-02 00:57:28.286  2746  2808 D BufferQueueConsumer: [VRI[debug]@60a3d6d#7716(BLAST Consumer)7716](id:aba00001e24,api:0,p:-1,c:2746) disconnect
03-02 00:57:28.287  5235  5235 I HBD     : l writeToFile complete
03-02 00:57:28.287  5235  5235 I HBD     : a [UpdatePolicy] [post] a: 31 cl: 65538 kit: [0/0] vt: 0 ir: 1
03-02 00:57:28.287  5235 18806 I HBD     : l Write selected lang for DE
03-02 00:57:28.287  5235 18806 I HBD     : l writeToFile path : /data/user_de/0/com.samsung.android.honeyboard/files/selected.json
03-02 00:57:28.287  2746  2808 I VRI[debug]@60a3d6d: Relayout returned: old=(0,0,1080,2340) new=(0,0,1080,2340) relayoutAsync=false req=(1080,2340)8 dur=12 res=0x2 s={false 0x0} ch=true seqId=0
03-02 00:57:28.287  5235 18806 I HBD     : l writeToFile json : {"version":"4.2","currentLanguageOrder":0,"selected":[{"activeOptionList":["auto_replace","auto_spacing","writing_assistant","prediction"],"bilingualId":-1,"engName":"English","id":65538,"inputType":"qwerty","isUsed":true},{"activeOptionList":["auto_replace","auto_spacing","prediction"],"bilingualId":-1,"engName":"Arabic","id":5308416,"inputType":"qwerty","isUsed":true}]}
03-02 00:57:28.287  2746  2808 D VRI[debug]@60a3d6d: Not drawing due to not visible. Reason=View.GONE
03-02 00:57:28.288  2746  2808 W WindowOnBackDispatcher: sendCancelIfRunning: isInProgress=false callback=android.view.ViewRootImpl$$ExternalSyntheticLambda16@55bed1c
03-02 00:57:28.288  2746  2808 I VRI[debug]@60a3d6d: dispatchDetachedFromWindow
03-02 00:57:28.288  5235 18805 I HBD     : b InputMethodSubtype is set as local:en_GB
03-02 00:57:28.289  2013  2252 D InputTransport: Input channel destroyed: 'e802f41', fd=1036
03-02 00:57:28.289  2013  2253 D SecContentProvider: query(), uri = 17 selection = isSettingsChangesAllowed
03-02 00:57:28.290  1507  1825 I SurfaceFlinger: Capture layer list: 	 com.zhiliaoapp.musically/com.ss.android.ugc.aweme.splash.SplashActivity$_14885#156274(seamlessTransition:0)
03-02 00:57:28.290  1507  1825 I SurfaceFlinger: Capture layer list: 	 DimTransitionLayer for Surface(name=Task=44882)/@0x2251887#156305(seamlessTransition:0)
03-02 00:57:28.290  1507  1825 I SurfaceFlinger: Capture layer list: 	 com.podcast.app.debug/androidx.activity.ComponentActivity$_17121#156302(seamlessTransition:0)
03-02 00:57:28.290  1507  1825 I SurfaceFlinger: Capture layer list: 	 Splash Screen com.podcast.app.debug$_2746#156296(seamlessTransition:0)
03-02 00:57:28.290  2013  3645 D SecContentProvider: query(), uri = 17 selection = isSettingsChangesAllowed
03-02 00:57:28.291  5235 28894 I HBD     : u updated Sub Types. English
03-02 00:57:28.291  5235  5235 I HBD     : HoneyBoardService [PF_OP][onStartInput]  57 ms
03-02 00:57:28.291  5235  5235 I InputMethodService: scheduleImeSurfaceRemoval: canceled, mShowInputRequested=false, mWindowVisible=false, IsmWindowNull=false, IsmImeSurfaceRemoverRunnableNotNull=true
03-02 00:57:28.293  2746  2808 D InputTransport: Input channel destroyed: 'e802f41', fd=520
03-02 00:57:28.297  5235 18806 I HBD     : l writeToFile complete
03-02 00:57:28.300  2013  2252 W ParceledListSlice: Element #30 is 21544 bytes.
03-02 00:57:28.301  5235 18807 I HBD     : b InputMethodSubtype is set as local:en_GB
03-02 00:57:28.305  1507  1507 I SurfaceFlinger: RequestedLayer [Splash Screen com.podcast.app.debug$_2746#156296] hidden!! flag  from(0) --> to(1)
03-02 00:57:28.305  1507  1507 I SurfaceFlinger: [LayerHierarchy{RequestedLayerState{Surface(name=f226221 com.podcast.app.debug/androidx.activity.ComponentActivity)/@0x4a843b8 - animation-leash of starting_reveal#156306} 1 children}] reparent to OffscreenRoot
03-02 00:57:28.305  1507  1507 I SurfaceFlinger: [LayerHierarchy{RequestedLayerState{Surface(name=f226221 com.podcast.app.debug/androidx.activity.ComponentActivity)/@0x4a843b8 - animation-leash of starting_reveal#156306} 1 children}] RelativeParent to null
03-02 00:57:28.305  1507  1507 I SurfaceFlinger: [LayerHierarchy{RequestedLayerState{f226221 com.podcast.app.debug/androidx.activity.ComponentActivity#156299 parentId=156294} 1 children}] reparent to LayerHierarchy{RequestedLayerState{ActivityRecord{7780918 u0 com.podcast.app.debug/androidx.activity.ComponentActivity t44882}#156294 parentId=156293} 4 children}
03-02 00:57:28.308 10943 10943 I AudioManagerWrapper: getCurrentMediaVolume() : current media volume is 4
03-02 00:57:28.312  1507  1507 D SurfaceFlinger: Display 4627039422300187648 HWC layers:
03-02 00:57:28.312  1507  1507 D SurfaceFlinger:   SOLID_COLOR |                        0 | 00000002 | N/A          |    0.0    0.0    0.0    0.0 |    0    0   -1   -1 | Background for 68eb87 SurfaceView[co[...]weme.splash.SplashActivity]@0#156280 (0)
03-02 00:57:28.312  1507  1507 D SurfaceFlinger:        CLIENT |                        0 | 00000002 | N/A          |    0.0    0.0    0.0    0.0 |    0   80  793 2000 | Background for 7086fb SurfaceView[co[...]weme.splash.SplashActivity]@0#156283 (0)
03-02 00:57:28.312  1507  1507 D SurfaceFlinger:   SOLID_COLOR |                        0 | 00000002 | N/A          |    0.0    0.0    0.0    0.0 |    0    0   -1   -1 | Background for 836459b SurfaceView[c[...]weme.splash.SplashActivity]@0#156286 (0)
03-02 00:57:28.312  1507  1507 D SurfaceFlinger:        CLIENT |           63930588202186 | 00002100 | RGBA_8888    |  287.0    0.0 1080.0 2340.0 |    0    0 1080 2340 | com.zhiliaoapp.musically/com.ss.andr[...].splash.SplashActivity$_14885#156274 (5)
03-02 00:57:28.312  1507  1507 D SurfaceFlinger:   SOLID_COLOR |                        0 | 00000000 | N/A          |    0.0    0.0    0.0    0.0 |    0    0 1080 2340 | DimTransitionLayer for Surface(name=Task=44882)/@0
03-02 00:57:28.312  1507  1507 D SurfaceFlinger: x2251887#156305 (0)
03-02 00:57:28.312  1507  1507 D SurfaceFlinger:        DEVICE |           73534135074905 | 00002102 | RGBA_8888    |    0.0    0.0  919.0 2340.0 |  161    0 1080 2340 | com.podcast.app.debug/androidx.activity.ComponentActivity$_17121#156302 (1)
03-02 00:57:28.312  1507  1507 D SurfaceFlinger:        DEVICE |           11793980281856 | 00002100 | RGBA_8888    |    0.0    0.0 1080.0   80.0 |    0    0 1080   80 | StatusBar$_2746#117 (211099)
03-02 00:57:28.312  1507  1507 D SurfaceFlinger:        DEVICE |           13752485304097 | 00002100 | RGBA_8888    |    0.0    0.0   67.0  346.0 | 1013  454 1080  800 | com.sec.android.app.launcher/com.sam[...].app.CocktailBarService$_3202#152779 (1)
03-02 00:57:28.312  1507  1507 D SurfaceFlinger:        DEVICE |           11793980281867 | 00002100 | RGBA_8888    |    0.0    0.0 1080.0  135.0 |    0 2205 1080 2340 | NavigationBar0$_2746#113 (187902)
03-02 00:57:28.312  1507  1507 D SurfaceFlinger:
03-02 00:57:28.319  1445 18689 W C2MtkBufferManager: [0xB4000070F68A8D20] fetchNewCcBlock: wait fence 0x0xb4000070f692fcb0 timed out. ret 110
03-02 00:57:28.340  1445  2902 W C2MtkBufferManager: [0xB4000070F507E520] fetchNewCcBlock: wait fence 0x0xb4000070f5058270 timed out. ret 110
03-02 00:57:28.345  5235 28894 I HBD     : a [SKE_SPECIFIC] specific model[com.podcast.app.debug] loaded, 54000000 ns
03-02 00:57:28.359  1445 18689 W C2MtkBufferManager: [0xB4000070F68A8D20] fetchNewCcBlock: wait fence 0x0xb4000070f692fcb0 timed out. ret 110
03-02 00:57:28.385 12859 12960 I SGPController: onForegroundAppChanged() update=false, cn=ComponentInfo{com.podcast.app.debug/androidx.activity.ComponentActivity}, r=SkRegion((0,0,198,2340)(882,0,1080,2340))
03-02 00:57:28.390  1507  1825 I SurfaceFlinger: Capture layer list: 	 com.zhiliaoapp.musically/com.ss.android.ugc.aweme.splash.SplashActivity$_14885#156274(seamlessTransition:0)
03-02 00:57:28.390  1507  1825 I SurfaceFlinger: Capture layer list: 	 DimTransitionLayer for Surface(name=Task=44882)/@0x2251887#156305(seamlessTransition:0)
03-02 00:57:28.390  1507  1825 I SurfaceFlinger: Capture layer list: 	 com.podcast.app.debug/androidx.activity.ComponentActivity$_17121#156302(seamlessTransition:0)
03-02 00:57:28.392  3202  3202 I HoneySpace.EdgePanel.EdgeVisibilityRepository: getComputedTrayVisible : keyguardState = 1
03-02 00:57:28.392  3202  3202 I HoneySpace.EdgePanel.EdgeVisibilityRepository: updateTrayVisible: State = 0x1, visible = true, current containerState = 0, specificMode = 0
03-02 00:57:28.392  3202  3202 I HoneySpace.EdgePanel.EdgeVisibilityRepository: Same container state 0
03-02 00:57:28.399  1445 18689 W C2MtkBufferManager: [0xB4000070F68A8D20] fetchNewCcBlock: wait fence 0x0xb4000070f692fcb0 timed out. ret 110
03-02 00:57:28.413  1445  2902 W C2MtkBufferManager: [0xB4000070F507E520] fetchNewCcBlock: wait fence 0x0xb4000070f5058270 timed out. ret 110
03-02 00:57:28.419  5235  5235 I InputMethodService: removeImeSurface
03-02 00:57:28.419  5235  5235 I InputMethodService: cancelImeSurfaceRemoval: removeCallbacks
03-02 00:57:28.438  1445 18689 W C2MtkBufferManager: [0xB4000070F68A8D20] fetchNewCcBlock: wait fence 0x0xb4000070f692fcb0 timed out. ret 110
03-02 00:57:28.450  1484  9269 D AudioFlinger: setParameters: filtered dev setParameters keyvalue audioHDR=0
03-02 00:57:28.450  1509  1509 D Audio_ParameterParser: parseVendorParameters: scope: MODULE, keys/values: audioHDR=0
03-02 00:57:28.450  1439 32089 D AudioALSAHardware: +setParameters(): audioHDR=0
03-02 00:57:28.450  1439 32089 D AudioALSAHardware: -setParameters(): audioHDR=0
03-02 00:57:28.450  1439 32089 E AHAL_Module: setVendorParameters: default: unrecognized parameter "audioHDR=0"
03-02 00:57:28.451  1484  9269 E ConversionHelperAidl: Function: parseAndSetVendorParameters Line: 94 Failed
03-02 00:57:28.451  1509  1509 D Audio_ParameterParser: parseVendorParameters: scope: MODULE, keys/values: audioHDR=0
03-02 00:57:28.451  1509  1509 D Audio_ParameterParser: parseVendorParameters: scope: MODULE, keys/values: audioHDR=0
03-02 00:57:28.451  1439 32089 D AHAL_ModuleBluetooth: setVendorParameters unrecognized parameter: audioHDR=0
03-02 00:57:28.455  1450 18800 I mtkpower_client: perf_lock_rel, hdl:76617, pid: 1450, tid:18800
03-02 00:57:28.456  1450 18800 I mtkpower_client: perf_lock_acq, hdl:0, dur:0, num:2, pid:1450, tid:18800
03-02 00:57:28.456  1464  1529 I libPowerHal: [perfLockRel] hdl:76617, idx:6
03-02 00:57:28.456  1464  1529 I libPowerHal: [set_cpuidle] enable:1, fd:17, scn:0xb40000737b614050
03-02 00:57:28.456  1464  1529 I libPowerHal: [PD] vendor.samsung. update cmd:1c3c100 param:1 pr:6
03-02 00:57:28.456  1464  1529 I libPowerHal: [perfLockRel] Done for hdl : 76617
03-02 00:57:28.457  1464  1529 I libPowerHal: [perfLockAcq] idx:6 hdl:76621 hint:-1 pid:1450 tid:18800 duration:0 lock_user:vendor.samsung. => ret_hdl:76621
03-02 00:57:28.457  1464  1529 I libPowerHal: [set_cpuidle] enable:0, fd:17, scn:0xb40000737b614050
03-02 00:57:28.457  1464  1529 I libPowerHal: [get_cpu_dma_latency_value] 0
03-02 00:57:28.457  1464  1529 I libPowerHal: [PE] vendor.samsung. update cmd:1c3c100 param:0 pr:3
03-02 00:57:28.457  1464  1529 I libPowerHal: [perfLockAcq] Done for hdl : 76621
03-02 00:57:28.457  1450 18800 I mtkpower_client: ret_hdl:76621
03-02 00:57:28.457  1450 18800 I mtkpower_client: perf_lock_rel, hdl:76619, pid: 1450, tid:18800
03-02 00:57:28.457  1450 18800 I mtkpower_client: perf_lock_acq, hdl:0, dur:0, num:2, pid:1450, tid:18800
03-02 00:57:28.457  1464  1529 I libPowerHal: [perfLockRel] hdl:76619, idx:2
03-02 00:57:28.458  1464  1529 I libPowerHal: [PD] vendor.samsung. update cmd:1000000 param:-1 pr:6
03-02 00:57:28.458  1464  1529 I libPowerHal: [perfLockRel] Done for hdl : 76619
03-02 00:57:28.458  1450 18800 I mtkpower_client: ret_hdl:76622
03-02 00:57:28.458  1464  1529 I libPowerHal: [perfLockAcq] idx:2 hdl:76622 hint:-1 pid:1450 tid:18800 duration:0 lock_user:vendor.samsung. => ret_hdl:76622
03-02 00:57:28.458  1464  1529 I libPowerHal: [setDvfsrcDevFreqOpp] opp:0, freq:4266000000
03-02 00:57:28.458  1464  1529 I libPowerHal: [PE] vendor.samsung. update cmd:1000000 param:0 pr:3
03-02 00:57:28.458  1464  1529 I libPowerHal: [perfLockAcq] Done for hdl : 76622
03-02 00:57:28.459  1450 18800 I HYPER-HAL: [RequestManager.cpp]releaseLocked(): Released ID : 2063514
03-02 00:57:28.478  1445 18689 W C2MtkBufferManager: [0xB4000070F68A8D20] fetchNewCcBlock: wait fence 0x0xb4000070f692fcb0 timed out. ret 110
03-02 00:57:28.486  1445  2902 W C2MtkBufferManager: [0xB4000070F507E520] fetchNewCcBlock: wait fence 0x0xb4000070f5058270 timed out. ret 110
03-02 00:57:28.490  1507  1825 I SurfaceFlinger: Capture layer list: 	 com.zhiliaoapp.musically/com.ss.android.ugc.aweme.splash.SplashActivity$_14885#156274(seamlessTransition:0)
03-02 00:57:28.490  1507  1825 I SurfaceFlinger: Capture layer list: 	 DimTransitionLayer for Surface(name=Task=44882)/@0x2251887#156305(seamlessTransition:0)
03-02 00:57:28.490  1507  1825 I SurfaceFlinger: Capture layer list: 	 com.podcast.app.debug/androidx.activity.ComponentActivity$_17121#156302(seamlessTransition:0)
03-02 00:57:28.518  1445 18689 W C2MtkBufferManager: [0xB4000070F68A8D20] fetchNewCcBlock: wait fence 0x0xb4000070f692fcb0 timed out. ret 110
03-02 00:57:28.519  1444  1444 I hwcomposer: [HWCDisplay] (0 updateFps():4131), (type:1, mode:2) fps:89.297142,dur:1007.87,max:21.01,min:5.68
03-02 00:57:28.558  1445 18689 W C2MtkBufferManager: [0xB4000070F68A8D20] fetchNewCcBlock: wait fence 0x0xb4000070f692fcb0 timed out. ret 110
03-02 00:57:28.559  1445  2902 W C2MtkBufferManager: [0xB4000070F507E520] fetchNewCcBlock: wait fence 0x0xb4000070f5058270 timed out. ret 110
03-02 00:57:28.590  1507  1825 I SurfaceFlinger: Capture layer list: 	 com.zhiliaoapp.musically/com.ss.android.ugc.aweme.splash.SplashActivity$_14885#156274(seamlessTransition:0)
03-02 00:57:28.590  1507  1825 I SurfaceFlinger: Capture layer list: 	 DimTransitionLayer for Surface(name=Task=44882)/@0x2251887#156305(seamlessTransition:0)
03-02 00:57:28.590  1507  1825 I SurfaceFlinger: Capture layer list: 	 com.podcast.app.debug/androidx.activity.ComponentActivity$_17121#156302(seamlessTransition:0)
03-02 00:57:28.593  1445  2902 D C2MtkBufferManager: over 5000ms not request from VCodec but callback hooked, slow BM Cc fetch thread. Last get time was 90612003ms ago.
03-02 00:57:28.595  2746  2798 I SurfaceControlRegistry: apply, t=FinishTransaction_SyncId<11279>, caller=android.view.SurfaceControl$Transaction.apply:3459 android.view.SurfaceControl$Transaction.apply:3447 android.view.SurfaceControl$Transaction.apply:3397 com.android.wm.shell.transition.Transitions.onFinish:315 com.android.wm.shell.transition.Transitions$$ExternalSyntheticLambda7.onTransitionFinished:12 com.android.wm.shell.transition.DefaultTransitionHandler$$ExternalSyntheticLambda6.run:36
03-02 00:57:28.596  1464  1492 I mtkpower@impl: [setMode] type:6, enabled:0
03-02 00:57:28.596  1464  1492 E mtkpower@impl: [setMode] unknown type
03-02 00:57:28.598  1445 18689 W C2MtkBufferManager: [0xB4000070F68A8D20] fetchNewCcBlock: wait fence 0x0xb4000070f692fcb0 timed out. ret 110
03-02 00:57:28.598 14885 14885 I VRI[SplashActivity]@35f4eb8: handleAppVisibility mAppVisible = true visible = false
03-02 00:57:28.598 14885 14885 D VRI[SplashActivity]@35f4eb8: visibilityChanged oldVisibility=true newVisibility=false
03-02 00:57:28.598  1507  1507 D SurfaceFlinger: Display 4627039422300187648 HWC layers:
03-02 00:57:28.598  1507  1507 D SurfaceFlinger:   SOLID_COLOR |                        0 | 00000002 | N/A          |    0.0    0.0    0.0    0.0 |    0    0   -1   -1 | Background for 68eb87 SurfaceView[co[...]weme.splash.SplashActivity]@0#156280 (0)
03-02 00:57:28.598  1507  1507 D SurfaceFlinger:   SOLID_COLOR |                        0 | 00000002 | N/A          |    0.0    0.0    0.0    0.0 |    0    0   -1   -1 | Background for 7086fb SurfaceView[co[...]weme.splash.SplashActivity]@0#156283 (0)
03-02 00:57:28.598  1507  1507 D SurfaceFlinger:   SOLID_COLOR |                        0 | 00000002 | N/A          |    0.0    0.0    0.0    0.0 |    0    0   -1   -1 | Background for 836459b SurfaceView[c[...]weme.splash.SplashActivity]@0#156286 (0)
03-02 00:57:28.598  1507  1507 D SurfaceFlinger:        DEVICE |           63930588202186 | 00002100 | RGBA_8888    |    0.0    0.0    0.0    0.0 |    0    0   -1   -1 | com.zhiliaoapp.musically/com.ss.andr[...].splash.SplashActivity$_14885#156274 (5)
03-02 00:57:28.598  1507  1507 D SurfaceFlinger:   SOLID_COLOR |                        0 | 00000000 | N/A          |    0.0    0.0    0.0    0.0 |    0    0   -1   -1 | DimTransitionLayer for Surface(name=Task=44882)/@0
03-02 00:57:28.598  1507  1507 D SurfaceFlinger: x2251887#156305 (0)
03-02 00:57:28.598  1507  1507 D SurfaceFlinger:        DEVICE |           73534135074905 | 00002102 | RGBA_8888    |    0.0    0.0 1080.0 2340.0 |    0    0 1080 2340 | com.podcast.app.debug/androidx.activity.ComponentActivity$_17121#156302 (1)
03-02 00:57:28.598  1507  1507 D SurfaceFlinger:        DEVICE |           11793980281856 | 00002100 | RGBA_8888    |    0.0    0.0 1080.0   80.0 |    0    0 1080   80 | StatusBar$_2746#117 (211099)
03-02 00:57:28.598  1507  1507 D SurfaceFlinger:        DEVICE |           13752485304097 | 00002100 | RGBA_8888    |    0.0    0.0   67.0  346.0 | 1013  454 1080  800 | com.sec.android.app.launcher/com.sam[...].app.CocktailBarService$_3202#152779 (1)
03-02 00:57:28.598  1507  1507 D SurfaceFlinger:        DEVICE |           11793980281867 | 00002100 | RGBA_8888    |    0.0    0.0 1080.0  135.0 |    0 2205 1080 2340 | NavigationBar0$_2746#113 (187902)
03-02 00:57:28.598  1507  1507 D SurfaceFlinger:
03-02 00:57:28.605  2746  2746 D SystemUIService: SYSUI_RAM_OPTIMIZATION onTrimMemory=20
03-02 00:57:28.605  2746  2746 D CentralSurfaces: SYSUI_RAM_OPTIMIZATION onTrimMemory=20
03-02 00:57:28.605 14885 14885 I SV[6876039 SplashActivity]: onWindowVisibilityChanged(8) false X.0fk7{68eb87 V.E...... ........ 0,80-1080,2000} of VRI[SplashActivity]@35f4eb8
03-02 00:57:28.605 14885 14885 I SurfaceView: 6876039 Changes: creating=false format=false size=false visible=true alpha=false hint=false left=false top=false z=false attached=true lifecycleStrategy=false
03-02 00:57:28.605 14885 14885 I SurfaceView: 6876039 Cur surface: Surface(name=null mNativeObject=499550858496)/@0x56b4ffd
03-02 00:57:28.605 14885 14885 I SurfaceView: 6876039 surfaceDestroyed
03-02 00:57:28.605 14885 14885 I SV[6876039 SplashActivity]: surfaceDestroyed callback.size 1 #2 X.0fk7{68eb87 V.E...... ........ 0,80-1080,2000}
03-02 00:57:28.605 14885 14885 I SV[6876039 SplashActivity]: updateSurface: mVisible = false mSurface.isValid() = true
03-02 00:57:28.605 14885 14885 I BLASTBufferQueue: [68eb87 SurfaceView[com.zhiliaoapp.musically/com.ss.android.ugc.aweme.splash.SplashActivity]@0#98](f:0,a:0,s:0) destructor()
03-02 00:57:28.606 14885 14885 D BufferQueueConsumer: [68eb87 SurfaceView[com.zhiliaoapp.musically/com.ss.android.ugc.aweme.splash.SplashActivity]@0#98(BLAST Consumer)98](id:3a2500000067,api:0,p:-1,c:14885) disconnect
03-02 00:57:28.606  1507  1507 I SurfaceFlinger: RequestedLayer [Task=44543#147901] hidden!! flag  from(0) --> to(1)
03-02 00:57:28.606  1507  1507 I SurfaceFlinger: [Display 0 name="Built-in Screen"#49] setFrameRateCategory: Default
03-02 00:57:28.606 14885 14885 I SV[6876039 SplashActivity]: releaseSurfaces: viewRoot = VRI[SplashActivity]@35f4eb8
03-02 00:57:28.606  1507  1507 I SurfaceFlinger: [LayerHierarchy{RequestedLayerState{Task=44543#147901 parentId=10 z=41} 1 children}] reparent to LayerHierarchy{RequestedLayerState{DefaultTaskDisplayArea_d0#10 parentId=9} 45 children}
03-02 00:57:28.606  1507  1507 I SurfaceFlinger: [LayerHierarchy{RequestedLayerState{Transition Root: Task=44882#156297 z=42} 2 children}] reparent to OffscreenRoot
03-02 00:57:28.606  1507  1507 I SurfaceFlinger: [LayerHierarchy{RequestedLayerState{Transition Root: Task=44882#156297 z=42} 2 children}] RelativeParent to null
03-02 00:57:28.606  1507  1507 I SurfaceFlinger: [LayerHierarchy{RequestedLayerState{DimTransitionLayer for Surface(name=Task=44882)/@0x2251887#156305 z=-1} no children}] reparent to OffscreenRoot
03-02 00:57:28.606  1507  1507 I SurfaceFlinger: [LayerHierarchy{RequestedLayerState{DimTransitionLayer for Surface(name=Task=44882)/@0x2251887#156305 z=-1} no children}] RelativeParent to null
03-02 00:57:28.606  1507  1507 I SurfaceFlinger: [LayerHierarchy{RequestedLayerState{Task=44882#156293 parentId=10 z=42} 1 children}] reparent to LayerHierarchy{RequestedLayerState{DefaultTaskDisplayArea_d0#10 parentId=9} 45 children}
03-02 00:57:28.606 14885 14885 V SurfaceView: Layout: x=4320 y=-2080 w=1080 h=1920, frame=Rect(0, 0 - 1080, 1920)
03-02 00:57:28.606 14885 14885 I SV[7374587 SplashActivity]: onWindowVisibilityChanged(8) false X.0fk7{7086fb V.E...... ........ 0,80-1080,2000} of VRI[SplashActivity]@35f4eb8
