03-02 00:57:44.120  2013  2013 D MediaSessionStack: updateMediaButtonSessionIfNeeded, skipping uid=10672
03-02 00:57:44.121 17121 17121 D LifecycleMonitor: Lifecycle status change: androidx.activity.ComponentActivity@c33636f in: PRE_ON_CREATE
03-02 00:57:44.121 17121 17121 V ActivityScenario: Activity lifecycle changed event received but ignored because the reported transition was not ON_CREATE while the last known transition was PRE_ON_CREATE
03-02 00:57:44.122  2013  2253 I WindowManager: Relayout Window{50928dd u0 Splash Screen com.podcast.app.debug}: viewVisibility=0 req=1080x2340 ty=3 d0
03-02 00:57:44.123  1507  1907 I SurfaceFlinger: id=156852 createSurf, flag=44004, Splash Screen com.podcast.app.debug$_2746#156852
03-02 00:57:44.123  1507  1507 D SurfaceFlinger: Display 4627039422300187648 HWC layers:
03-02 00:57:44.123  1507  1507 D SurfaceFlinger:   SOLID_COLOR |                        0 | 00000002 | N/A          |    0.0    0.0    0.0    0.0 |    0    0   -1   -1 | Background for 68eb87 SurfaceView[co[...]weme.splash.SplashActivity]@0#156830 (0)
03-02 00:57:44.123  1507  1507 D SurfaceFlinger:   SOLID_COLOR |                        0 | 00000002 | N/A          |    0.0    0.0    0.0    0.0 |    0    0   -1   -1 | Background for 836459b SurfaceView[c[...]weme.splash.SplashActivity]@0#156836 (0)
03-02 00:57:44.123  1507  1507 D SurfaceFlinger:   SOLID_COLOR |                        0 | 00000002 | N/A          |    0.0    0.0    0.0    0.0 |    0   80 1048 2000 | Background for 7086fb SurfaceView[co[...]weme.splash.SplashActivity]@0#156840 (0)
03-02 00:57:44.123  1507  1507 D SurfaceFlinger:        DEVICE |           63930588202276 | 00002100 | RGBA_8888    |   32.0    0.0 1080.0 2340.0 |    0    0 1048 2340 | com.zhiliaoapp.musically/com.ss.andr[...].splash.SplashActivity$_14885#156824 (5)
03-02 00:57:44.123  1507  1507 D SurfaceFlinger:        DEVICE |           75299366633600 | 00002102 | RGBA_8888    |    0.0    0.0  103.0 2340.0 |  977    0 1080 2340 | com.podcast.app.debug.test/androidx.[...]yInvoker$
03-02 00:57:44.124  1507  1507 D SurfaceFlinger: EmptyActivity$_17532#156817 (1)
03-02 00:57:44.124  1507  1507 D SurfaceFlinger:        DEVICE |           11793980281854 | 00002100 | RGBA_8888    |    0.0    0.0 1080.0   80.0 |    0    0 1080   80 | StatusBar$_2746#117 (211244)
03-02 00:57:44.124  1507  1507 D SurfaceFlinger:        DEVICE |           13752485304097 | 00002100 | RGBA_8888    |    0.0    0.0   67.0  346.0 | 1013  454 1080  800 | com.sec.android.app.launcher/com.sam[...].app.CocktailBarService$_3202#152779 (1)
03-02 00:57:44.124  1507  1507 D SurfaceFlinger:        DEVICE |           11793980283857 | 00002100 | RGBA_8888    |    0.0    0.0  229.0  724.0 |  851  551 1080 1275 | VolumePanelWindow$_2746#156850 (1)
03-02 00:57:44.124  1507  1507 D SurfaceFlinger:        DEVICE |           11793980281867 | 00002100 | RGBA_8888    |    0.0    0.0 1080.0  135.0 |    0 2205 1080 2340 | NavigationBar0$_2746#113 (188262)
03-02 00:57:44.124  1507  1507 D SurfaceFlinger:
03-02 00:57:44.125  2746  3671 D SoundCraft.PlayingAudioConditionHandler: onPlaybackConfigChanged : lastStartedPackageName=com.zhiliaoapp.musically, lastStartedUid=10350, newStartedUid=-1, newStartPackageName=null, thread=Thread[RoutineHandlerThread,5,main]
03-02 00:57:44.128  2013  2253 I WindowManager: Relayout hash=50928dd, pid=2746, syncId=-1: mAttrs={(0,0)(fillxfill) sim={adjust=pan} layoutInDisplayCutoutMode=always ty=APPLICATION_STARTING fmt=TRANSLUCENT wanim=0x1030317
03-02 00:57:44.128  2013  2253 I WindowManager:   fl=81030118
03-02 00:57:44.128  2013  2253 I WindowManager:   pfl=10000810
03-02 00:57:44.128  2013  2253 I WindowManager:   bhv=1
03-02 00:57:44.128  2013  2253 I WindowManager:   fitSides=0
03-02 00:57:44.128  2013  2253 I WindowManager:   frameRateBoostOnTouch=true
03-02 00:57:44.128  2013  2253 I WindowManager:   dvrrWindowFrameRateHint=true naviIconColor=0}
03-02 00:57:44.130  2746  2808 I InsetsController: onStateChanged: host=Splash Screen com.podcast.app.debug, from=android.view.ViewRootImpl.onInsetsStateChanged:3026, state=InsetsState: {mDisplayFrame=Rect(0, 0 - 1080, 2340), mDisplayCutout=DisplayCutout{insets=Rect(0, 80 - 0, 0) waterfall=Insets{left=0, top=0, right=0, bottom=0} boundingRect={Bounds=[Rect(0, 0 - 0, 0), Rect(472, 0 - 608, 80), Rect(0, 0 - 0, 0), Rect(0, 0 - 0, 0)]} cutoutPathParserInfo={CutoutPathParserInfo{displayWidth=1080 displayHeight=2340 physicalDisplayWidth=1080 physicalDisplayHeight=2340 density={2.8125} cutoutSpec={M 0,0 H -24.177777778 V 28.4444444444 H 24.177777778 V 0 H 0 Z @dp} rotation={0} scale={1.0} physicalPixelDisplaySizeRatio={1.0}}} sideOverrides={}}, mRoundedCorners=RoundedCorners{[RoundedCorner{position=TopLeft, radius=113, center=Point(113, 113)}, RoundedCorner{position=TopRight, radius=113, center=Point(967, 113)}, RoundedCorner{position=BottomRight, radius=113, center=Point(967, 2227)}, RoundedCorner{position=BottomLeft, radius=113, center=Point(113, 2227)}]}  mRoundedCornerFrame=Rect(0, 0 - 1080, 2340), mPrivacyIndicatorBounds=PrivacyIndicatorBounds {static bounds=Rect(956, 0 - 1080, 80) rotation=0}, mDisplayShape=DisplayShape{ spec=-311912193 displayWidth=1080 displayHeight=2340 physicalPixelDisplaySizeRatio=1.0 rotation=0 offsetX=0 offsetY=0 scale=1.0}, mSources= { InsetsSource: {e9af0000 mType=statusBars mFrame=[0,0][1080,80] mVisible=true mFlags= mSideHint=TOP mBoundingRects=null}, InsetsSource: {e9af0005 mType=mandatorySystemGestures mFrame=[0,0][1080,114] mVisible=true mFlags= mSideHint=TOP mBoundingRects=null}, InsetsSource: {e9af0006 mType=tappableElement mFrame=[0,0][1080,80] mVisible=true mFlags= mSideHint=TOP mBoundingRects=null}, InsetsSource: {3 mType=ime mFrame=[0,0][0,0] mVisible=false mFlags= mSideHint=NONE mBoundingRects=null}, InsetsSource: {27 mType=displayCutout mFrame=[0,0][1080,80] mVisible=true mFlags= mSideHint=TOP mBoundingRects=null}, InsetsSource: {26ed0001 mType=navigationBars mFrame=[0,2298][1080,2340] mVisible=true mFlags=SUPPRESS_SCRIM mSideHint=BOTTOM mBoundingRects=null}, InsetsSource: {26ed0004 mType=systemGestures mFrame=[0,0][84,2340] mVisible=true mFlags= mSideHint=LEFT mBoundingRects=null}, InsetsSource: {26ed0005 mType=mandatorySystemGestures mFrame=[0,2250][1080,2340] mVisible=true mFlags= mSideHint=BOTTOM mBoundingRects=null}, InsetsSource: {26ed0006 mType=tappableElement mFrame=[0,0][0,0] mVisible=true mFlags= mSideHint=NONE mBoundingRects=null}, InsetsSource: {26ed0024 mType=systemGestures mFrame=[996,0][1080,2340] mVisible=true mFlags= mSideHint=RIGHT mBoundingRects=null} }
03-02 00:57:44.130  1507  1507 I SurfaceFlinger: [Splash Screen com.podcast.app.debug$_2746#156852] attach to parent LayerHierarchy{RequestedLayerState{50928dd Splash Screen com.podcast.app.debug#156851 parentId=156847} 1 children}
03-02 00:57:44.130  2746  2808 I VRI[debug]@998a5a0: onActiveControlsChanged, removed=false, mAdded=true, caller=android.view.ViewRootImpl.handleInsetsControlChanged:3002 android.view.ViewRootImpl.relayoutWindow:11629 android.view.ViewRootImpl.performTraversals:4804 android.view.ViewRootImpl.doTraversal:3924 android.view.ViewRootImpl$TraversalRunnable.run:12903
03-02 00:57:44.130  2746  2808 D BufferQueueConsumer: [](id:aba00001e3d,api:0,p:-1,c:2746) connect: controlledByApp=false
03-02 00:57:44.131 17121 17121 I DecorView: setWindowBackground: isPopOver=false color=ff0f0f0f d=android.graphics.drawable.ColorDrawable@7af8068
03-02 00:57:44.131  2746  2746 D View    : semSetBlurInfo, blurInfo : android.view.SemBlurInfo@ddbd9f6 {BLUR_MODE_WINDOW_CAPTURED, mBlurRadius = 300, mCapturedBitmap = android.graphics.Bitmap@c0f7691, mColorCurve = android.view.SemBlurInfo$ColorCurve@d48f1f7 {minX = 5.0, minY = 17.8, maxX = 235.0, maxY = 247.3, curveBias = 12.0, saturation = 0.3}}, android.widget.ImageView{dd27864 V.ED..... ......ID 52,52-170,643 #7f0a0f38 app:id/volume_panel_blur}
03-02 00:57:44.131  2746  2746 D RenderEffectImageFilter: Use RenderEffectImageFilter
03-02 00:57:44.132  2746  2808 I BLASTBufferQueue: [VRI[debug]@998a5a0#7741](f:0,a:0,s:0) constructor()
03-02 00:57:44.132  2746  2808 I BLASTBufferQueue_Java: new BLASTBufferQueue, mName= VRI[debug]@998a5a0 mNativeObject= 0xb40000771f71e800 caller= android.view.ViewRootImpl.updateBlastSurfaceIfNeeded:3585 android.view.ViewRootImpl.relayoutWindow:11685 android.view.ViewRootImpl.performTraversals:4804 android.view.ViewRootImpl.doTraversal:3924 android.view.ViewRootImpl$TraversalRunnable.run:12903 android.view.Choreographer$CallbackRecord.run:1901 android.view.Choreographer$CallbackRecord.run:1910 android.view.Choreographer.doCallbacks:1367 android.view.Choreographer.doFrame:1292 android.view.Choreographer$FrameDisplayEventReceiver.run:1870
03-02 00:57:44.132  2746  2808 I BLASTBufferQueue_Java: update, w= 1080 h= 2340 mName = VRI[debug]@998a5a0 mNativeObject= 0xb40000771f71e800 sc.mNativeObject= 0xb40000783d286e80 format= -3 caller= android.view.ViewRootImpl.updateBlastSurfaceIfNeeded:3590 android.view.ViewRootImpl.relayoutWindow:11685 android.view.ViewRootImpl.performTraversals:4804 android.view.ViewRootImpl.doTraversal:3924 android.view.ViewRootImpl$TraversalRunnable.run:12903 android.view.Choreographer$CallbackRecord.run:1901
03-02 00:57:44.132  2746  2808 I BLASTBufferQueue: [VRI[debug]@998a5a0#7741](f:0,a:0,s:0) update width=1080 height=2340 format=-3 mTransformHint=0
03-02 00:57:44.134 17121 17121 D LifecycleMonitor: Lifecycle status change: androidx.activity.ComponentActivity@c33636f in: CREATED
03-02 00:57:44.134  2746  2808 I VRI[debug]@998a5a0: Relayout returned: old=(0,0,1080,2340) new=(0,0,1080,2340) relayoutAsync=false req=(1080,2340)0 dur=20 res=0x3 s={true 0xb40000768d3dc500} ch=true seqId=0
03-02 00:57:44.134 17121 17121 V ActivityScenario: Update currentActivityStage to CREATED, currentActivity=androidx.activity.ComponentActivity@c33636f
03-02 00:57:44.135  1507  1845 D SurfaceFlinger: [input] setFocusedWindow: <null>
03-02 00:57:44.136  1507  1845 D SurfaceFlinger: updateWinowInfo=1, setFocusedWindow timestamp=491143120756965, windowName=<null>
03-02 00:57:44.136  2013  4763 D InputDispatcher: Once focus requested (0): <null>
03-02 00:57:44.136  2013  4763 D InputDispatcher: Focus request (0): <null> but waiting because NO_WINDOW
03-02 00:57:44.136  2013  4763 D InputDispatcher: Focus left window (0): cd2d6b5 com.zhiliaoapp.musically/com.ss.android.ugc.aweme.splash.SplashActivity
03-02 00:57:44.136  2746  2808 I VRI[debug]@998a5a0: performConfigurationChange setNightDimText nightDimLevel=0
03-02 00:57:44.136 14885 14885 I ImeFocusController: onPreWindowFocus: skipped hasWindowFocus=false mHasImeFocus=true
03-02 00:57:44.136 17121 17121 D LifecycleMonitor: Lifecycle status change: androidx.activity.ComponentActivity@c33636f in: STARTED
03-02 00:57:44.136 14885 14885 I System.out: SAFActivity V Scene Framework: NavigationSceneManager onWindowFocusChanged false
03-02 00:57:44.137 14885 14885 I ImeFocusController: onPostWindowFocus: skipped hasWindowFocus=false mHasImeFocus=true
03-02 00:57:44.137 17121 17121 V ActivityScenario: Update currentActivityStage to STARTED, currentActivity=androidx.activity.ComponentActivity@c33636f
03-02 00:57:44.137  2746  2808 D VRI[debug]@998a5a0: mThreadedRenderer.initialize() mSurface={isValid=true 0xb40000768d3dc500} hwInitialized=true
03-02 00:57:44.137  2746  2808 D VRI[debug]@998a5a0: reportNextDraw android.view.ViewRootImpl.performTraversals:5443 android.view.ViewRootImpl.doTraversal:3924 android.view.ViewRootImpl$TraversalRunnable.run:12903 android.view.Choreographer$CallbackRecord.run:1901 android.view.Choreographer$CallbackRecord.run:1910
03-02 00:57:44.137  2746  2808 D VRI[debug]@998a5a0: Setup new sync=wmsSync-VRI[debug]@998a5a0#99
03-02 00:57:44.138  2746  2808 I VRI[debug]@998a5a0: Creating new active sync group VRI[debug]@998a5a0#0
03-02 00:57:44.139  2746  2808 D VRI[debug]@998a5a0: registerCallbacksForSync syncBuffer=false
03-02 00:57:44.139  2013  2600 D AS.MultiSoundManager: mForegroundUid = 10685
03-02 00:57:44.139 17121 17121 D LifecycleMonitor: Lifecycle status change: androidx.activity.ComponentActivity@c33636f in: RESUMED
03-02 00:57:44.139 17121 17121 V ActivityScenario: Update currentActivityStage to RESUMED, currentActivity=androidx.activity.ComponentActivity@c33636f
03-02 00:57:44.141 17121 17121 I ViewRootImpl: dVRR is disabled
03-02 00:57:44.142  3202  3386 I HoneySpace.TopTaskSource: onTaskFocusChanged(): taskId = 44904
03-02 00:57:44.143 17121 17389 D NativeCustomFrequencyManager: [NativeCFMS] BpCustomFrequencyManager::BpCustomFrequencyManager()
03-02 00:57:44.145  2013  4763 D InputTransport: Input channel constructed: 'aee7b9b', fd=1036
03-02 00:57:44.145  2013  4763 D InputTransport: Input channel constructed: 'aee7b9b', fd=1100
03-02 00:57:44.145  2013  4763 D InputTransport: Input channel constructed: 'aee7b9b', fd=1119
03-02 00:57:44.145  2013  4763 D InputTransport: Input channel destroyed: 'aee7b9b', fd=1100
03-02 00:57:44.145  2746  2866 D VRI[debug]@998a5a0: Received frameDrawingCallback syncResult=0 frameNum=1.
03-02 00:57:44.145  2746  2866 I VRI[debug]@998a5a0: mWNT: t=0xb40000772adfc180 mBlastBufferQueue=0xb40000771f71e800 fn= 1 HdrRenderState mRenderHdrSdrRatio=1.0 caller= android.view.ViewRootImpl$12.onFrameDraw:15441 android.view.ThreadedRenderer$1.onFrameDraw:718 <bottom of call stack>
03-02 00:57:44.145  2746  2866 I VRI[debug]@998a5a0: Setting up sync and frameCommitCallback
03-02 00:57:44.145  3202  3202 I HoneySpace.EdgePanel.CocktailHostRepositoryImpl: onNoteResume
03-02 00:57:44.145  3202  3202 I HoneySpace.EdgePanel.EdgePanelContainerViewModel: cocktailHostRepository.edgePanelOperation NoteResumeComponent(componentName=ComponentInfo{com.podcast.app.debug/androidx.activity.ComponentActivity})
03-02 00:57:44.146  3202  3202 I HoneySpace.EdgePanel.ActivityUtils: HomePackage : com.sec.android.app.launcher, resumePackageName : com.podcast.app.debug, className : androidx.activity.ComponentActivity
03-02 00:57:44.146  1507  2128 I SurfaceFlinger: id=156853 createSurf, flag=84004, aee7b9b com.podcast.app.debug/androidx.activity.ComponentActivity#156853
03-02 00:57:44.147  2013  2065 D PkgPredictorService-SecIpmManagerServiceImpl: onForegroundActivitiesChanged pid:17121 uid:10685
03-02 00:57:44.148  2013  4763 D InputTransport: Input channel destroyed: 'aee7b9b', fd=1119
03-02 00:57:44.148  2746  2870 I BLASTBufferQueue: [VRI[debug]@998a5a0#7741](f:0,a:0,s:0) onFrameAvailable the first frame is available
03-02 00:57:44.148  2746  2870 I BLASTBufferQueue: [VRI[debug]@998a5a0#7741](f:0,a:1,s:0) acquireNextBufferLocked size=1080x2340 mFrameNumber=1 applyTransaction=true mTimestamp=491143149311658(auto) mPendingTransactions.size=0 graphicBufferId=11793980283859 transform=0
03-02 00:57:44.148  1445  2902 W C2MtkBufferManager: [0xB4000070F507E520] fetchNewCcBlock: wait fence 0x0xb4000070f5058270 timed out. ret 110
03-02 00:57:44.148 17121 17121 D InputTransport: Input channel constructed: 'aee7b9b', fd=128
03-02 00:57:44.148  2746  2870 I VRI[debug]@998a5a0: Received frameCommittedCallback lastAttemptedDrawFrameNum=1 didProduceBuffer=true
03-02 00:57:44.149 17121 17121 I InsetsController: onStateChanged: host=com.podcast.app.debug/androidx.activity.ComponentActivity, from=android.view.ViewRootImpl.onInsetsStateChanged:3026, state=InsetsState: {mDisplayFrame=Rect(0, 0 - 1080, 2340), mDisplayCutout=DisplayCutout{insets=Rect(0, 80 - 0, 0) waterfall=Insets{left=0, top=0, right=0, bottom=0} boundingRect={Bounds=[Rect(0, 0 - 0, 0), Rect(472, 0 - 608, 80), Rect(0, 0 - 0, 0), Rect(0, 0 - 0, 0)]} cutoutPathParserInfo={CutoutPathParserInfo{displayWidth=1080 displayHeight=2340 physicalDisplayWidth=1080 physicalDisplayHeight=2340 density={2.8125} cutoutSpec={M 0,0 H -24.177777778 V 28.4444444444 H 24.177777778 V 0 H 0 Z @dp} rotation={0} scale={1.0} physicalPixelDisplaySizeRatio={1.0}}} sideOverrides={}}, mRoundedCorners=RoundedCorners{[RoundedCorner{position=TopLeft, radius=113, center=Point(113, 113)}, RoundedCorner{position=TopRight, radius=113, center=Point(967, 113)}, RoundedCorner{position=BottomRight, radius=113, center=Point(967, 2227)}, RoundedCorner{position=BottomLeft, radius=113, center=Point(113, 2227)}]}  mRoundedCornerFrame=Rect(0, 0 - 1080, 2340), mPrivacyIndicatorBounds=PrivacyIndicatorBounds {static bounds=Rect(956, 0 - 1080, 80) rotation=0}, mDisplayShape=DisplayShape{ spec=-311912193 displayWidth=1080 displayHeight=2340 physicalPixelDisplaySizeRatio=1.0 rotation=0 offsetX=0 offsetY=0 scale=1.0}, mSources= { InsetsSource: {e9af0000 mType=statusBars mFrame=[0,0][1080,80] mVisible=true mFlags= mSideHint=TOP mBoundingRects=null}, InsetsSource: {e9af0005 mType=mandatorySystemGestures mFrame=[0,0][1080,114] mVisible=true mFlags= mSideHint=TOP mBoundingRects=null}, InsetsSource: {e9af0006 mType=tappableElement mFrame=[0,0][1080,80] mVisible=true mFlags= mSideHint=TOP mBoundingRects=null}, InsetsSource: {3 mType=ime mFrame=[0,0][0,0] mVisible=false mFlags= mSideHint=NONE mBoundingRects=null}, InsetsSource: {27 mType=displayCutout mFrame=[0,0][1080,80] mVisible=true mFlags= mSideHint=TOP mBoundingRects=null}, InsetsSource: {26ed0001 mType=navigationBars mFrame=[0,2298][1080,2340] mVisible=true mFlags=SUPPRESS_SCRIM mSideHint=BOTTOM mBoundingRects=null}, InsetsSource: {26ed0004 mType=systemGestures mFrame=[0,0][84,2340] mVisible=true mFlags= mSideHint=LEFT mBoundingRects=null}, InsetsSource: {26ed0005 mType=mandatorySystemGestures mFrame=[0,2250][1080,2340] mVisible=true mFlags= mSideHint=BOTTOM mBoundingRects=null}, InsetsSource: {26ed0006 mType=tappableElement mFrame=[0,0][0,0] mVisible=true mFlags= mSideHint=NONE mBoundingRects=null}, InsetsSource: {26ed0024 mType=systemGestures mFrame=[996,0][1080,2340] mVisible=true mFlags= mSideHint=RIGHT mBoundingRects=null} }
03-02 00:57:44.149  2746  2870 D HWUI    : CFMS:: SetUp Pid : 2746    Tid : 2870
03-02 00:57:44.150 17121 17121 I VRI[ComponentActivity]@1d659b2: synced displayState. AttachInfo displayState=2
03-02 00:57:44.150 17121 17121 I VRI[ComponentActivity]@1d659b2: setView = com.android.internal.policy.DecorView@95a4ab9 IsHRR=false mFlingFrameRateChange=0 TM=true
03-02 00:57:44.150  2746  2808 D VRI[debug]@998a5a0: reportDrawFinished seqId=0
03-02 00:57:44.150 17121 17389 D HWUI    : HWUI - treat SMPTE_170M as sRGB
03-02 00:57:44.151  1484  1921 D DlbEffectContext: setParam() received parameter EFFECT_PARAM_SEEK
03-02 00:57:44.151  1484  1921 D DlbEffectContext: handleSeek(seek operation starts, current profile is 2)
03-02 00:57:44.152  1484  1921 D DlbEffectContext: transformExternalGain() volume:0x0 fVol:0.000000 extVal:-2080
03-02 00:57:44.152  1484  1921 D DlbEndpointParamCache: commitChangedParams()
03-02 00:57:44.152  1484  1921 D DlbEndpointParamCache: commit() Applying parameters for device 0x40000000
03-02 00:57:44.152  1484  1921 D DlbDap2Process: setParam(preg = #1[-2080])
03-02 00:57:44.152  1484  1921 D DlbDap2Process: setSystemGain(vol = 0)
03-02 00:57:44.152  1484  1921 D DlbDap2Process: setParam(svol = #1[-2080])
03-02 00:57:44.152  1484  1921 D DlbEndpointParamCache: doCommit() Committed 2 parameters out of 15.
03-02 00:57:44.152  1484  1921 D DlbEndpointParamCache: commit() Overriding parameters for current device 0x00000002
03-02 00:57:44.152  1484  1921 D DlbEndpointParamCache: doCommit() Committed 0 parameters out of 60.
03-02 00:57:44.152  1507  1507 I SurfaceFlinger: [aee7b9b com.podcast.app.debug/androidx.activity.ComponentActivity#156853] attach to parent LayerHierarchy{RequestedLayerState{ActivityRecord{120719791 u0 com.podcast.app.debug/androidx.activity.ComponentActivity t44904}#156847 parentId=156846} 2 children}
03-02 00:57:44.152  1484  1921 I SoundBoosterEffectPlus: SB_setVolume(0xb400007075106040)
03-02 00:57:44.152  1484  1921 I SoundBoosterEffectPlus: command EFFECT_CMD_SET_VOLUME left = 0.000000, right =0.000000
03-02 00:57:44.152  1484  1921 I SoundBooster_Interface2000_a64: BuffClear() mMode: 1
03-02 00:57:44.152  1484  1921 I SoundBoosterEffectPlus: SB_reset SoundBooster sessionId(-2102)
03-02 00:57:44.152  1484  1921 I SAG_EQ a64: SetVolumeFloat() inst_num [424238335] VolumeFloat [-100.000000] mModeFW [1] mMode [1]
03-02 00:57:44.152  1484  1921 I SAG_EQ a64: mIsVolumeTableValid yes
03-02 00:57:44.152  1484  1921 I SAG_EQ a64: SetVolume() VolumeIndexInt [1]
03-02 00:57:44.153  1439 16888 D MTKAdapterStreamLayer: updateMetadataCommon(),
03-02 00:57:44.153 25915 26075 I Rubin   : [4019] M.c0.k(Unknown Source) : Notify com.samsung.android.rubin.inferenceengine.contextanalytics.engine.loggers.AppUsageLogger's database is updated.
03-02 00:57:44.154  1484  1921 I SoundBooster_Interface2000_a64: [AE_LOG] Exe() mMode : 1,  n : 2048    VolumeIndexFloat : -100.000000 mSamplingRate : 48000
03-02 00:57:44.155  2013  4844 I WindowManager: Relayout Window{aee7b9b u0 com.podcast.app.debug/androidx.activity.ComponentActivity}: viewVisibility=0 req=1080x2340 ty=1 d0
03-02 00:57:44.155  1484  1921 I SoundBooster_Interface2000_a64: BuffClear_apply() mMode: 1
03-02 00:57:44.155  1507  2128 I SurfaceFlinger: id=156854 createSurf, flag=44004, com.podcast.app.debug/androidx.activity.ComponentActivity$_17121#156854
03-02 00:57:44.156  1484  1921 I SoundAlive_Interface_a64: [dB = -100.000000 ]
03-02 00:57:44.158  2991  3757 I LocationAccessPolicy: checkLocationPermission - callingUid: 10492, callingPid: 14636, result: DENIED_SOFT
03-02 00:57:44.158  2991  3757 I LocationAccessPolicy: checkLocationPermission - callingUid: 10492, callingPid: 14636, result: DENIED_SOFT
03-02 00:57:44.158  1507  2128 I SurfaceFlinger: id=156855 createSurf, flag=24000, Surface(name=c536234 NavigationBar0)/@0xfac847b - animation-leash of insets_animation#156855
03-02 00:57:44.160  2746  2746 D SystemUIService: SYSUI_RAM_OPTIMIZATION onTrimMemory=20
03-02 00:57:44.160  1507  2128 I SurfaceFlinger: id=156856 createSurf, flag=24000, Surface(name=a5d3a68 StatusBar)/@0xd5726d6 - animation-leash of insets_animation#156856
03-02 00:57:44.160  2746  2746 D CentralSurfaces: SYSUI_RAM_OPTIMIZATION onTrimMemory=20
03-02 00:57:44.160  2746  2870 D HWUI    : CacheManager::trimMemory(20)
03-02 00:57:44.160  2746  2746 I VRI[VolumePanelWindow]@3c56822: handleResized, frames=ClientWindowFrames{frame=[857,557][1080,1269] display=[0,80][1080,2298] parentFrame=[0,0][0,0]} displayId=0 dragResizing=false compatScale=1.0 frameChanged=false attachedFrameChanged=false configChanged=false displayChanged=false compatScaleChanged=false dragResizingChanged=false
03-02 00:57:44.161  2013  4844 I SystemKeyManager: requested systemKeyInfo size=1 focusedWindow=com.podcast.app.debug/androidx.activity.ComponentActivity
03-02 00:57:44.161  2013  4844 I SystemKeyManager: requested systemKeyInfo size=2 focusedWindow=com.podcast.app.debug/androidx.activity.ComponentActivity
03-02 00:57:44.160  2746  2746 I VRI[VolumePanelWindow]@3c56822: handleResized mSyncSeqId = 0
03-02 00:57:44.161  2746  2746 D VRI[VolumePanelWindow]@3c56822: reportNextDraw android.view.ViewRootImpl.handleResized:2983 android.view.ViewRootImpl.-$$Nest$mhandleResized:0 android.view.ViewRootImpl$W.resized:14082 android.app.servertransaction.WindowStateResizeItem.execute:93 android.app.servertransaction.WindowStateTransactionItem.execute:62
03-02 00:57:44.161  2013  4844 I WindowManager: Relayout hash=aee7b9b, pid=17121, syncId=-1: mAttrs={(0,0)(fillxfill) sim={adjust=pan forwardNavigation} layoutInDisplayCutoutMode=always ty=BASE_APPLICATION wanim=0x1030317
03-02 00:57:44.161  2013  4844 I WindowManager:   fl=81810100
03-02 00:57:44.161  2013  4844 I WindowManager:   pfl=100088c0
03-02 00:57:44.161  2013  4844 I WindowManager:   bhv=1
03-02 00:57:44.161  2013  4844 I WindowManager:   fitSides=0
03-02 00:57:44.161  2013  4844 I WindowManager:   frameRateBoostOnTouch=true
03-02 00:57:44.161  2013  4844 I WindowManager:   dvrrWindowFrameRateHint=true naviIconColor=0}
03-02 00:57:44.162  2746  2746 I {OngoingActivityController}: onTaskFocusChanged but OA data is empty
03-02 00:57:44.162 17121 17121 D BufferQueueConsumer: [](id:42e100000025,api:0,p:-1,c:17121) connect: controlledByApp=false
03-02 00:57:44.162 17121 17121 I BLASTBufferQueue: [VRI[ComponentActivity]@1d659b2#37](f:0,a:0,s:0) constructor()
03-02 00:57:44.163 17121 17121 I BLASTBufferQueue_Java: new BLASTBufferQueue, mName= VRI[ComponentActivity]@1d659b2 mNativeObject= 0xb400007867aa1400 caller= android.view.ViewRootImpl.updateBlastSurfaceIfNeeded:3585 android.view.ViewRootImpl.relayoutWindow:11685 android.view.ViewRootImpl.performTraversals:4804 android.view.ViewRootImpl.doTraversal:3924 android.view.ViewRootImpl$TraversalRunnable.run:12903 android.view.Choreographer$CallbackRecord.run:1901 android.view.Choreographer$CallbackRecord.run:1910 android.view.Choreographer.doCallbacks:1367 android.view.Choreographer.doFrame:1292 android.view.Choreographer$FrameDisplayEventReceiver.run:1870
03-02 00:57:44.163 17121 17121 I BLASTBufferQueue_Java: update, w= 1080 h= 2340 mName = VRI[ComponentActivity]@1d659b2 mNativeObject= 0xb400007867aa1400 sc.mNativeObject= 0xb40000772b476700 format= -1 caller= android.view.ViewRootImpl.updateBlastSurfaceIfNeeded:3590 android.view.ViewRootImpl.relayoutWindow:11685 android.view.ViewRootImpl.performTraversals:4804 android.view.ViewRootImpl.doTraversal:3924 android.view.ViewRootImpl$TraversalRunnable.run:12903 android.view.Choreographer$CallbackRecord.run:1901
03-02 00:57:44.163 17121 17121 I BLASTBufferQueue: [VRI[ComponentActivity]@1d659b2#37](f:0,a:0,s:0) update width=1080 height=2340 format=-1 mTransformHint=0
03-02 00:57:44.163  1507  1507 I SurfaceFlinger: [com.podcast.app.debug/androidx.activity.ComponentActivity$_17121#156854] attach to parent LayerHierarchy{RequestedLayerState{aee7b9b com.podcast.app.debug/androidx.activity.ComponentActivity#156853 parentId=156847} 1 children}
03-02 00:57:44.163  1507  1507 I SurfaceFlinger: [Surface(name=c536234 NavigationBar0)/@0xfac847b - animation-leash of insets_animation#156855] attach to parent LayerHierarchy{RequestedLayerState{WindowToken{5cf38d1 type=2019 android.os.BinderProxy@916675b}#101 parentId=34} 2 children}
03-02 00:57:44.163  1507  1507 I SurfaceFlinger: [Surface(name=a5d3a68 StatusBar)/@0xd5726d6 - animation-leash of insets_animation#156856] attach to parent LayerHierarchy{RequestedLayerState{WindowToken{d05298b type=2000 android.os.BinderProxy@163b705}#108 parentId=17} 2 children}
03-02 00:57:44.163  2746  2746 D VRI[VolumePanelWindow]@3c56822: Setup new sync=wmsSync-VRI[VolumePanelWindow]@3c56822#1
03-02 00:57:44.164  2746  2746 I VRI[VolumePanelWindow]@3c56822: Creating new active sync group VRI[VolumePanelWindow]@3c56822#2
03-02 00:57:44.164 17121 17121 I VRI[ComponentActivity]@1d659b2: Relayout returned: old=(0,0,1080,2340) new=(0,0,1080,2340) relayoutAsync=false req=(1080,2340)0 dur=10 res=0x3 s={true 0xb400007867ba7e00} ch=true seqId=0
03-02 00:57:44.164  1646 10643 I CameraService: onUidStateChanged: uid=10062, procState is changed. (0 -> 1)
03-02 00:57:44.165  2746  2746 D VRI[VolumePanelWindow]@3c56822: registerCallbacksForSync syncBuffer=false
03-02 00:57:44.165 17121 17121 I VRI[ComponentActivity]@1d659b2: performConfigurationChange setNightDimText nightDimLevel=0
03-02 00:57:44.166 17121 17121 D VRI[ComponentActivity]@1d659b2: mThreadedRenderer.initialize() mSurface={isValid=true 0xb400007867ba7e00} hwInitialized=true
03-02 00:57:44.166 17121 17121 D VRI[ComponentActivity]@1d659b2: reportNextDraw android.view.ViewRootImpl.performTraversals:5443 android.view.ViewRootImpl.doTraversal:3924 android.view.ViewRootImpl$TraversalRunnable.run:12903 android.view.Choreographer$CallbackRecord.run:1901 android.view.Choreographer$CallbackRecord.run:1910
03-02 00:57:44.167 17121 17121 D VRI[ComponentActivity]@1d659b2: Setup new sync=wmsSync-VRI[ComponentActivity]@1d659b2#74
03-02 00:57:44.167 17121 17121 I VRI[ComponentActivity]@1d659b2: Creating new active sync group VRI[ComponentActivity]@1d659b2#75
03-02 00:57:44.168  1507  1825 I SurfaceFlinger: Capture layer list: 	 com.zhiliaoapp.musically/com.ss.android.ugc.aweme.splash.SplashActivity$_14885#156824(seamlessTransition:0)
03-02 00:57:44.168  2746  2865 D VRI[VolumePanelWindow]@3c56822: Received frameDrawingCallback syncResult=0 frameNum=3.
03-02 00:57:44.168  2746  2865 I VRI[VolumePanelWindow]@3c56822: Setting up sync and frameCommitCallback
03-02 00:57:44.169 17121 17121 D VRI[ComponentActivity]@1d659b2: registerCallbacksForSync syncBuffer=false
03-02 00:57:44.172  2013  3819 D LocationManagerService: passive provider getLastLocation from : 10492/com.emeint.android.myservices
03-02 00:57:44.172  2013  3819 D LocationManagerService: network provider getLastLocation from : 10492/com.emeint.android.myservices
03-02 00:57:44.172 17121 17415 D VRI[ComponentActivity]@1d659b2: Received frameDrawingCallback syncResult=0 frameNum=1.
03-02 00:57:44.173 17121 17415 I VRI[ComponentActivity]@1d659b2: mWNT: t=0xb4000078678b3700 mBlastBufferQueue=0xb400007867aa1400 fn= 1 HdrRenderState mRenderHdrSdrRatio=1.0 caller= android.view.ViewRootImpl$12.onFrameDraw:15441 android.view.ThreadedRenderer$1.onFrameDraw:718 <bottom of call stack>
03-02 00:57:44.173 17121 17415 I VRI[ComponentActivity]@1d659b2: Setting up sync and frameCommitCallback
03-02 00:57:44.173  2013  3819 D LocationManagerService: fused provider getLastLocation from : 10492/com.emeint.android.myservices
03-02 00:57:44.174 17121 17389 I BLASTBufferQueue: [VRI[ComponentActivity]@1d659b2#37](f:0,a:0,s:0) onFrameAvailable the first frame is available
03-02 00:57:44.174 17121 17389 I BLASTBufferQueue: [VRI[ComponentActivity]@1d659b2#37](f:0,a:1,s:0) acquireNextBufferLocked size=1080x2340 mFrameNumber=1 applyTransaction=true mTimestamp=491143174843734(auto) mPendingTransactions.size=0 graphicBufferId=73534135074965 transform=0
03-02 00:57:44.174  2013  2029 D LocationManagerService: gps provider getLastLocation from : 10492/com.emeint.android.myservices
03-02 00:57:44.174 17121 17389 I VRI[ComponentActivity]@1d659b2: Received frameCommittedCallback lastAttemptedDrawFrameNum=1 didProduceBuffer=true
03-02 00:57:44.175  1507  1507 I SurfaceFlinger: [LayerHierarchy{RequestedLayerState{c536234 NavigationBar0#102 parentId=156855} 1 children}] reparent to LayerHierarchy{RequestedLayerState{Surface(name=c536234 NavigationBar0)/@0xfac847b - animation-leash of insets_animation#156855 parentId=101} 1 children}
03-02 00:57:44.175  1507  1507 I SurfaceFlinger: [LayerHierarchy{RequestedLayerState{a5d3a68 StatusBar#109 parentId=156856} 1 children}] reparent to LayerHierarchy{RequestedLayerState{Surface(name=a5d3a68 StatusBar)/@0xd5726d6 - animation-leash of insets_animation#156856 parentId=108} 1 children}
03-02 00:57:44.175  1507  1507 I SurfaceFlinger: [LayerHierarchy{RequestedLayerState{Surface(name=c536234 NavigationBar0)/@0xfac847b - animation-leash of insets_animation#156825} no children}] reparent to OffscreenRoot
03-02 00:57:44.175  1507  1507 I SurfaceFlinger: [LayerHierarchy{RequestedLayerState{Surface(name=c536234 NavigationBar0)/@0xfac847b - animation-leash of insets_animation#156825} no children}] RelativeParent to null
03-02 00:57:44.175  1507  1507 I SurfaceFlinger: [LayerHierarchy{RequestedLayerState{Surface(name=a5d3a68 StatusBar)/@0xd5726d6 - animation-leash of insets_animation#156826} no children}] reparent to OffscreenRoot
03-02 00:57:44.175 17121 17389 D HWUI    : CFMS:: SetUp Pid : 17121    Tid : 17389
03-02 00:57:44.175  1507  1507 I SurfaceFlinger: [LayerHierarchy{RequestedLayerState{Surface(name=a5d3a68 StatusBar)/@0xd5726d6 - animation-leash of insets_animation#156826} no children}] RelativeParent to null
03-02 00:57:44.175 17121 17121 D VRI[ComponentActivity]@1d659b2: reportDrawFinished seqId=0
03-02 00:57:44.176  2991  3757 I LocationAccessPolicy: checkLocationPermission - callingUid: 10492, callingPid: 14636, result: DENIED_SOFT
03-02 00:57:44.177  1464  1492 I mtkpower@impl: [setMode] type:5, enabled:0
03-02 00:57:44.178  2013  4835 I SemDvfsHyPerManager: acquire hyper - AMS_RESUME_TAIL/2013@18, type = -999
03-02 00:57:44.178  1450  1487 I HYPER-HAL: [RequestManager.cpp]acquire(): Acquired ID : 2063514  [2013 / 18]    HINT : AMS_RESUME_TAIL    list :
03-02 00:57:44.178  2013  4835 I SemDvfsHyPerManager: acquire hyper - AMS_ACT_LAZY/2013@19, type = -999
03-02 00:57:44.178  1450  1487 I mtkpower_client: perf_lock_rel, hdl:76805, pid: 1450, tid:1487
03-02 00:57:44.179  1450  1487 I mtkpower_client: perf_lock_acq, hdl:0, dur:0, num:2, pid:1450, tid:1487
03-02 00:57:44.179 25915 26075 I Rubin   : [4019] com.samsung.android.rubin.inferenceengine.contextanalytics.engine.monitors.moment.exercise.ExercisingWithCalendarMonitor.isSatisfiedByCalendarEvent(Unknown Source) : isSatisfiedByCalendarEvent is false
03-02 00:57:44.179  1464  1529 I libPowerHal: [perfLockRel] hdl:76805, idx:8
03-02 00:57:44.179  1464  1529 I libPowerHal: [set_cpuidle] enable:1, fd:17, scn:0xb40000737b61a740
03-02 00:57:44.179  1464  1529 I libPowerHal: [PD] vendor.samsung. update cmd:1c3c100 param:1 pr:6
03-02 00:57:44.179  1464  1529 I libPowerHal: [perfLockRel] Done for hdl : 76805
03-02 00:57:44.179 25915 26075 I Rubin   : [4019] com.samsung.android.rubin.inferenceengine.contextanalytics.engine.monitors.moment.exercise.ExercisingWithCmhMonitor.isSatisfiedByCmh(Unknown Source) : isSatisfiedByCmh is false
03-02 00:57:44.179  1450  1487 I mtkpower_client: ret_hdl:76809
03-02 00:57:44.180  1450  1487 I mtkpower_client: perf_lock_rel, hdl:76807, pid: 1450, tid:1487
03-02 00:57:44.180  1464  1529 I libPowerHal: [perfLockAcq] idx:3 hdl:76809 hint:-1 pid:1450 tid:1487 duration:0 lock_user:vendor.samsung. => ret_hdl:76809
03-02 00:57:44.180  1464  1529 I libPowerHal: [set_cpuidle] enable:0, fd:17, scn:0xb40000737b60a5e8
03-02 00:57:44.180  1464  1529 I libPowerHal: [get_cpu_dma_latency_value] 0
03-02 00:57:44.180  1464  1529 I libPowerHal: [PE] vendor.samsung. update cmd:1c3c100 param:0 pr:3
03-02 00:57:44.180  1464  1529 I libPowerHal: [perfLockAcq] Done for hdl : 76809
03-02 00:57:44.182  1464  1529 I libPowerHal: [perfLockRel] hdl:76807, idx:6
03-02 00:57:44.182  1450  1487 I mtkpower_client: perf_lock_acq, hdl:0, dur:0, num:2, pid:1450, tid:1487
03-02 00:57:44.183  1464  1529 I libPowerHal: [PD] vendor.samsung. update cmd:1000000 param:-1 pr:6
03-02 00:57:44.184  1464  1529 I libPowerHal: [perfLockRel] Done for hdl : 76807
03-02 00:57:44.184  1507  1845 D SurfaceFlinger: [input] setFocusedWindow: aee7b9b com.podcast.app.debug/androidx.activity.ComponentActivity
03-02 00:57:44.184  1450  1487 I mtkpower_client: ret_hdl:76810
03-02 00:57:44.184  1507  1845 D SurfaceFlinger: updateWinowInfo=1, setFocusedWindow timestamp=491143169424888, windowName=aee7b9b com.podcast.app.debug/androidx.activity.ComponentActivity
03-02 00:57:44.185  1464  1529 I libPowerHal: [perfLockAcq] idx:6 hdl:76810 hint:-1 pid:1450 tid:1487 duration:0 lock_user:vendor.samsung. => ret_hdl:76810
03-02 00:57:44.185  1450  1487 I mtkpower_client: perf_lock_rel, hdl:76810, pid: 1450, tid:1487
03-02 00:57:44.185  1464  1529 I libPowerHal: [setDvfsrcDevFreqOpp] opp:0, freq:4266000000
03-02 00:57:44.185  1464  1529 I libPowerHal: [PE] vendor.samsung. update cmd:1000000 param:0 pr:3
03-02 00:57:44.185  1464  1529 I libPowerHal: [perfLockAcq] Done for hdl : 76810
03-02 00:57:44.185  1450  1487 I mtkpower_client: perf_lock_acq, hdl:0, dur:0, num:2, pid:1450, tid:1487
03-02 00:57:44.186  1464  1529 I libPowerHal: [perfLockRel] hdl:76810, idx:6
03-02 00:57:44.186  1464  1529 I libPowerHal: [PD] vendor.samsung. update cmd:1000000 param:-1 pr:6
03-02 00:57:44.187  1464  1529 I libPowerHal: [perfLockRel] Done for hdl : 76810
03-02 00:57:44.187  1450  1487 I mtkpower_client: ret_hdl:76811
03-02 00:57:44.187  1450  1487 I mtkpower_client: perf_lock_rel, hdl:76808, pid: 1450, tid:1487
03-02 00:57:44.188  1464  1529 I libPowerHal: [perfLockAcq] idx:6 hdl:76811 hint:-1 pid:1450 tid:1487 duration:0 lock_user:vendor.samsung. => ret_hdl:76811
03-02 00:57:44.188  2013  3819 D InputDispatcher: Once focus requested (0): aee7b9b com.podcast.app.debug/androidx.activity.ComponentActivity
03-02 00:57:44.188  2013  3819 D InputDispatcher: Focus request (0): aee7b9b com.podcast.app.debug/androidx.activity.ComponentActivity but waiting because NOT_VISIBLE
03-02 00:57:44.188  1464  1529 I libPowerHal: [setDvfsrcDevFreqOpp] opp:0, freq:4266000000
03-02 00:57:44.188  1464  1529 I libPowerHal: [PE] vendor.samsung. update cmd:1000000 param:0 pr:3
03-02 00:57:44.188  1464  1529 I libPowerHal: [perfLockAcq] Done for hdl : 76811
03-02 00:57:44.189  1450  1487 I mtkpower_client: perf_lock_acq, hdl:0, dur:0, num:2, pid:1450, tid:1487
03-02 00:57:44.190  2746  2870 I VRI[VolumePanelWindow]@3c56822: Received frameCommittedCallback lastAttemptedDrawFrameNum=3 didProduceBuffer=true
03-02 00:57:44.190  2746  2746 D VRI[VolumePanelWindow]@3c56822: reportDrawFinished seqId=0
03-02 00:57:44.190  1464  1529 I libPowerHal: [perfLockRel] hdl:76808, idx:2
03-02 00:57:44.191  1464  1529 I libPowerHal: [PD] vendor.samsung. update cmd:400000 param:-1 pr:6
03-02 00:57:44.191  2013  4835 W ParceledListSlice: Element #30 is 21544 bytes.
03-02 00:57:44.191  1464  1529 I libPowerHal: [recordCPUFreqInfo] set cluster[0] min(-1): -1 max(-1): -1 cluster[1] min(-1): -1 max(-1): -1
03-02 00:57:44.191  1464  1529 I libPowerHal: [perfLockRel] Done for hdl : 76808
03-02 00:57:44.192  1450  1487 I mtkpower_client: ret_hdl:76812
03-02 00:57:44.192  1450  1487 I HYPER-HAL: [RequestManager.cpp]releaseLocked(): Released ID : 2067581
03-02 00:57:44.193  1464  1529 I libPowerHal: [perfLockAcq] idx:8 hdl:76812 hint:-1 pid:1450 tid:1487 duration:0 lock_user:vendor.samsung. => ret_hdl:76812
03-02 00:57:44.193  1464  1529 I libPowerHal: [PE] vendor.samsung. update cmd:400000 param:2000000 pr:3
03-02 00:57:44.193  1464  1529 I libPowerHal: [recordCPUFreqInfo] set cluster[0] min(vendor.samsung.): 2000000 max(-1): -1 cluster[1] min(-1): -1 max(-1): -1
03-02 00:57:44.193  1464  1529 I libPowerHal: [perfLockAcq] Done for hdl : 76812
03-02 00:57:44.199  5235 12848 I HBD     : a [SKE_SPECIFIC] specific model[com.zhiliaoapp.musically] loaded, 185851923 ns
03-02 00:57:44.201  1507  2128 I SurfaceFlinger: id=156857 createSurf, flag=84004, Transition Root: Task=44904#156857
03-02 00:57:44.202  2991  3757 I LocationAccessPolicy: checkLocationPermission - callingUid: 10492, callingPid: 14636, result: DENIED_SOFT
03-02 00:57:44.203  2013  2068 I SurfaceControlRegistry: show, t=StartTransaction_SyncId<11310> sc=ActivityRecord{120719791 u0 com.podcast.app.debug/androidx.activity.ComponentActivity t44904}, caller=android.view.SurfaceControl$Transaction.show:3557 com.android.server.wm.Transition.onTransactionReady:2048 com.android.server.wm.BLASTSyncEngine$SyncGroup.finishNow:240 com.android.server.wm.BLASTSyncEngine.onSurfacePlacement:263 com.android.server.wm.RootWindowContainer.performSurfacePlacementNoTrace:1083 com.android.server.wm.WindowSurfacePlacer.performSurfacePlacement:166
03-02 00:57:44.206  2991  3757 I LocationAccessPolicy: checkLocationPermission - callingUid: 10492, callingPid: 14636, result: DENIED_SOFT
03-02 00:57:44.208  1507  1507 I SurfaceFlinger: [Transition Root: Task=44904#156857] attach to parent LayerHierarchy{RequestedLayerState{DefaultTaskDisplayArea_d0#10 parentId=9} 46 children}
03-02 00:57:44.208  2991  3757 I LocationAccessPolicy: checkLocationPermission - callingUid: 10492, callingPid: 14636, result: DENIED_SOFT
03-02 00:57:44.214  2013  2068 D ScreenCapture: [Capture_TEST] : setIsScreenShotBySystem false
03-02 00:57:44.214  2013  2068 I SurfaceComposerClient: captureLayers:childrenOnly:1, sync:1
03-02 00:57:44.214  2746  2798 I SurfaceControlRegistry: hide, t=FinishTransaction_SyncId<11310> sc=Task=44543, caller=android.view.SurfaceControl$Transaction.hide:3583 com.android.wm.shell.transition.Transitions.dispatchReady:1263 com.android.wm.shell.transition.Transitions.onTransitionReady:251 com.android.wm.shell.transition.Transitions$TransitionPlayerImpl$$ExternalSyntheticLambda0.run:13 android.os.Handler.handleCallback:995 android.os.Handler.dispatchMessage:103
03-02 00:57:44.214  2746  2798 I SurfaceControlRegistry: show, t=StartTransaction_SyncId<11310> sc=Task=44904, caller=android.view.SurfaceControl$Transaction.show:3557 com.android.wm.shell.transition.Transitions.dispatchReady:1279 com.android.wm.shell.transition.Transitions.onTransitionReady:251 com.android.wm.shell.transition.Transitions$TransitionPlayerImpl$$ExternalSyntheticLambda0.run:13 android.os.Handler.handleCallback:995 android.os.Handler.dispatchMessage:103
03-02 00:57:44.214  2746  2798 I SurfaceControlRegistry: show, t=FinishTransaction_SyncId<11310> sc=Task=44904, caller=android.view.SurfaceControl$Transaction.show:3557 com.android.wm.shell.transition.Transitions.dispatchReady:1330 com.android.wm.shell.transition.Transitions.onTransitionReady:251 com.android.wm.shell.transition.Transitions$TransitionPlayerImpl$$ExternalSyntheticLambda0.run:13 android.os.Handler.handleCallback:995 android.os.Handler.dispatchMessage:103
03-02 00:57:44.217  2013  2064 I PkgPredictorService-SecIpmManagerServiceImpl: reportToNAP uid:10685 com.podcast.app.debug/androidx.activity.ComponentActivity thisTime:177
03-02 00:57:44.217  2013  2064 D PkgPredictorService-SecIpmManagerServiceImpl: reportToNAP: mHeavyLaunchCounter is false
03-02 00:57:44.221  1507  1907 I SurfaceFlinger: Capture layer list: 	 Background for 68eb87 SurfaceView[com.zhiliaoapp.musically/com.ss.android.ugc.aweme.splash.SplashActivity]@0#156830(seamlessTransition:0)
03-02 00:57:44.221  1507  1907 I SurfaceFlinger: Capture layer list: 	 Background for 836459b SurfaceView[com.zhiliaoapp.musically/com.ss.android.ugc.aweme.splash.SplashActivity]@0#156836(seamlessTransition:0)
03-02 00:57:44.221  1507  1907 I SurfaceFlinger: Capture layer list: 	 Background for 7086fb SurfaceView[com.zhiliaoapp.musically/com.ss.android.ugc.aweme.splash.SplashActivity]@0#156840(seamlessTransition:0)
03-02 00:57:44.221  1507  1907 I SurfaceFlinger: Capture layer list: 	 com.zhiliaoapp.musically/com.ss.android.ugc.aweme.splash.SplashActivity$_14885#156824(seamlessTransition:0)
03-02 00:57:44.221  1445  2902 W C2MtkBufferManager: [0xB4000070F507E520] fetchNewCcBlock: wait fence 0x0xb4000070f5058270 timed out. ret 110
03-02 00:57:44.222  2746  2798 I SurfaceControlRegistry: apply, t=FinishTransaction_SyncId<11309>, caller=android.view.SurfaceControl$Transaction.apply:3459 android.view.SurfaceControl$Transaction.apply:3447 android.view.SurfaceControl$Transaction.apply:3397 com.android.wm.shell.transition.Transitions.onFinish:315 com.android.wm.shell.transition.Transitions$$ExternalSyntheticLambda7.onTransitionFinished:12 com.android.wm.shell.transition.DefaultTransitionHandler$$ExternalSyntheticLambda6.run:36
03-02 00:57:44.228  2991  3757 I LocationAccessPolicy: checkLocationPermission - callingUid: 10492, callingPid: 14636, result: DENIED_SOFT
03-02 00:57:44.229  2013  2064 D ActivityManager: ChimeraTriggerManager::onPolicyScoreUpdated() - evaPolicy: 1.5
03-02 00:57:44.230  1507  1507 I SurfaceFlinger: RequestedLayer [Task=44903#156812] hidden!! flag  from(0) --> to(1)
03-02 00:57:44.230  1507  1507 I SurfaceFlinger: [LayerHierarchy{RequestedLayerState{Transition Root: Task=44543#156837 z=42} 3 children}] reparent to OffscreenRoot
03-02 00:57:44.230  1507  1507 I SurfaceFlinger: [LayerHierarchy{RequestedLayerState{Transition Root: Task=44543#156837 z=42} 3 children}] RelativeParent to null
03-02 00:57:44.230  1507  1507 I SurfaceFlinger: [LayerHierarchy{RequestedLayerState{Task=44543#147901 parentId=10 z=42} 1 children}] reparent to LayerHierarchy{RequestedLayerState{DefaultTaskDisplayArea_d0#10 parentId=9} 46 children}
03-02 00:57:44.230  1507  1507 I SurfaceFlinger: [LayerHierarchy{RequestedLayerState{Task=44903#156812 parentId=10 z=41} 2 children}] reparent to LayerHierarchy{RequestedLayerState{DefaultTaskDisplayArea_d0#10 parentId=9} 47 children}
03-02 00:57:44.230  1507  1507 I SurfaceFlinger: [LayerHierarchy{RequestedLayerState{DimTransitionLayer for Surface(name=Task=44903)/@0xbbd3f9b#156842 z=-1} no children}] reparent to OffscreenRoot
03-02 00:57:44.230  1507  1507 I SurfaceFlinger: [LayerHierarchy{RequestedLayerState{DimTransitionLayer for Surface(name=Task=44903)/@0xbbd3f9b#156842 z=-1} no children}] RelativeParent to null
03-02 00:57:44.230  2013  2064 I ActivityTaskManager: Displayed com.podcast.app.debug/androidx.activity.ComponentActivity for user 0: +177ms
03-02 00:57:44.231  3506  3506 E pageboostd: Received HALT command code 2
03-02 00:57:44.233  2991  3003 I LocationAccessPolicy: checkLocationPermission - callingUid: 10492, callingPid: 14636, result: DENIED_SOFT
03-02 00:57:44.233  2991  3003 I LocationAccessPolicy: checkLocationPermission - callingUid: 10492, callingPid: 14636, result: DENIED_SOFT
03-02 00:57:44.234  1507  1507 I SurfaceFlinger: onHandleDestroyed: layerId=156842, name=DimTransitionLayer for Surface(name=Task=44903)/@0xbbd3f9b#156842
03-02 00:57:44.234  1507  1507 I SurfaceFlinger: id=156842 Removed DimTransitionLayer for Surface(name=Task=44903)/@0xbbd3f9b#156842 (340)
03-02 00:57:44.235  1507  1562 I SurfaceFlinger: id=156858 createSurf, flag=84000, f12a989 ActivityRecordInputSink com.podcast.app.debug/androidx.activity.ComponentActivity#156858
03-02 00:57:44.238  1507  1907 I SurfaceFlinger: onHandleDestroyed: layerId=156814, name=816351f Splash Screen com.podcast.app.debug.test#156814
03-02 00:57:44.238  1507  1907 I SurfaceFlinger: id=156814 Removed 816351f Splash Screen com.podcast.app.debug.test#156814 (341)
03-02 00:57:44.238  1507  1507 D SurfaceFlinger: Display 4627039422300187648 HWC layers:
03-02 00:57:44.238  1507  1507 D SurfaceFlinger:   SOLID_COLOR |                        0 | 00000002 | N/A          |    0.0    0.0    0.0    0.0 |    0    0   -1   -1 | Background for 68eb87 SurfaceView[co[...]weme.splash.SplashActivity]@0#156830 (0)
03-02 00:57:44.238  1507  1507 D SurfaceFlinger:   SOLID_COLOR |                        0 | 00000002 | N/A          |    0.0    0.0    0.0    0.0 |    0    0   -1   -1 | Background for 836459b SurfaceView[c[...]weme.splash.SplashActivity]@0#156836 (0)
03-02 00:57:44.238  1507  1507 D SurfaceFlinger:   SOLID_COLOR |                        0 | 00000002 | N/A          |    0.0    0.0    0.0    0.0 |    0   80 1080 2000 | Background for 7086fb SurfaceView[co[...]weme.splash.SplashActivity]@0#156840 (0)
03-02 00:57:44.238  1507  1507 D SurfaceFlinger:        DEVICE |           63930588202264 | 00002100 | RGBA_8888    |    0.0    0.0 1080.0 2340.0 |    0    0 1080 2340 | com.zhiliaoapp.musically/com.ss.andr[...].splash.SplashActivity$_14885#156824 (7)
03-02 00:57:44.238  1507  1507 D SurfaceFlinger:        DEVICE |           11793980281854 | 00002100 | RGBA_8888    |    0.0    0.0 1080.0   80.0 |    0    0 1080   80 | StatusBar$_2746#117 (211244)
03-02 00:57:44.238  1507  1507 D SurfaceFlinger:        DEVICE |
03-02 00:57:44.238  1507  1507 D SurfaceFlinger:      13752485304097 | 00002100 | RGBA_8888    |    0.0    0.0   67.0  346.0 | 1013  454 1080  800 | com.sec.android.app.launcher/com.sam[...].app.CocktailBarService$_3202#152779 (1)
03-02 00:57:44.238  1507  1507 D SurfaceFlinger:        DEVICE |           11793980283858 | 00002100 | RGBA_8888    |    0.0    0.0  229.0  724.0 |  851  551 1080 1275 | VolumePanelWindow$_2746#156850 (6)
03-02 00:57:44.238  1507  1507 D SurfaceFlinger:        DEVICE |           11793980281867 | 00002100 | RGBA_8888    |    0.0    0.0 1080.0  135.0 |    0 2205 1080 2340 | NavigationBar0$_2746#113 (188262)
03-02 00:57:44.238  1507  1507 D SurfaceFlinger:
03-02 00:57:44.239  2991  3003 I LocationAccessPolicy: checkLocationPermission - callingUid: 10492, callingPid: 14636, result: DENIED_SOFT
03-02 00:57:44.240  2746  2798 I SurfaceControlRegistry: show, t=StartTransaction_SyncId<11310> sc=Transition Root: Task=44904, caller=android.view.SurfaceControl$Transaction.show:3557 com.android.wm.shell.transition.Transitions.playTransition:79 com.android.wm.shell.transition.Transitions.processReadyQueue:239 com.android.wm.shell.transition.Transitions.onFinish:528 com.android.wm.shell.transition.Transitions$$ExternalSyntheticLambda7.onTransitionFinished:12 com.android.wm.shell.transition.DefaultTransitionHandler$$ExternalSyntheticLambda6.run:36
03-02 00:57:44.240 17532 17532 I VRI[InstrumentationActivityInvoker$EmptyActivity]@52fd7b9: handleAppVisibility mAppVisible = true visible = false
03-02 00:57:44.241 17532 17532 D VRI[InstrumentationActivityInvoker$EmptyActivity]@52fd7b9: visibilityChanged oldVisibility=true newVisibility=false
03-02 00:57:44.241  1507  1507 I SurfaceFlinger: destroyed 816351f Splash Screen com.podcast.app.debug.test#156814
03-02 00:57:44.241  1507  1507 I SurfaceFlinger: destroyed DimTransitionLayer for Surface(name=Task=44903)/@0xbbd3f9b#156842
03-02 00:57:44.241  1507  1507 I SurfaceFlinger: [LayerHierarchy{RequestedLayerState{Transition Root: Task=44543#156837 z=42} no children}] reparent to OffscreenRoot
03-02 00:57:44.241  1507  1507 I SurfaceFlinger: [LayerHierarchy{RequestedLayerState{Transition Root: Task=44543#156837 z=42} no children}] RelativeParent to null
03-02 00:57:44.241  1507  1507 I SurfaceFlinger: [f12a989 ActivityRecordInputSink com.podcast.app.debug/androidx.activity.ComponentActivity#156858] attach to parent LayerHierarchy{RequestedLayerState{ActivityRecord{120719791 u0 com.podcast.app.debug/androidx.activity.ComponentActivity t44904}#156847 parentId=156846} 3 children}
03-02 00:57:44.242  2746  2746 D NavigationBar: onSystemBarAttributesChanged() -  displayId:0, appearance:0, packageName: com.podcast.app.debug, navbarColorManagedByIme:false
